--------- beginning of events
05-07 23:04:21.575   670   670 I auditd  : SELinux: Loaded service context from:
05-07 23:04:21.575   670   670 I auditd  : 		/system/etc/selinux/plat_service_contexts
05-07 23:04:21.575   670   670 I auditd  : 		/system_ext/etc/selinux/system_ext_service_contexts
05-07 23:04:21.575   670   670 I auditd  : 		/product/etc/selinux/product_service_contexts
05-07 23:04:21.575   670   670 I auditd  : 		/vendor/etc/selinux/vendor_service_contexts
05-07 23:04:21.575   670   670 I auditd  : 		/odm/etc/selinux/odm_service_contexts
01-01 01:00:00.227   668   668 I auditd  : type=2000 audit(0.0:1): state=initialized audit_enabled=0 res=1
05-07 23:04:19.871   668   668 I auditd  : type=1403 audit(0.0:2): auid=4294967295 ses=4294967295 lsm=selinux res=1
05-07 23:04:19.871   668   668 I auditd  : type=1404 audit(0.0:3): enforcing=1 old_enforcing=0 auid=4294967295 ses=4294967295 enabled=1 old-enabled=1 lsm=selinux res=1
05-07 23:04:19.931     1     1 I auditd  : type=1107 audit(0.0:4): uid=0 auid=4294967295 ses=4294967295 subj=u:r:init:s0 msg='avc:  denied  { set } for property=ro.adb.secure pid=1 uid=0 gid=0 scontext=u:r:vendor_init:s0 tcontext=u:object_r:build_prop:s0 tclass=property_service permissive=0'
05-07 23:04:19.931     1     1 I auditd  : type=1107 audit(0.0:5): uid=0 auid=4294967295 ses=4294967295 subj=u:r:init:s0 msg='avc:  denied  { set } for property=service.adb.root pid=1 uid=0 gid=0 scontext=u:r:vendor_init:s0 tcontext=u:object_r:shell_prop:s0 tclass=property_service permissive=0'
05-07 23:04:19.931     1     1 I auditd  : type=1107 audit(0.0:6): uid=0 auid=4294967295 ses=4294967295 subj=u:r:init:s0 msg='avc:  denied  { set } for property=ro.secure pid=1 uid=0 gid=0 scontext=u:r:vendor_init:s0 tcontext=u:object_r:userdebug_or_eng_prop:s0 tclass=property_service permissive=0'
05-07 23:04:19.931     1     1 I auditd  : type=1107 audit(0.0:7): uid=0 auid=4294967295 ses=4294967295 subj=u:r:init:s0 msg='avc:  denied  { set } for property=ro.debuggable pid=1 uid=0 gid=0 scontext=u:r:vendor_init:s0 tcontext=u:object_r:userdebug_or_eng_prop:s0 tclass=property_service permissive=0'
05-07 23:04:19.931     1     1 I auditd  : type=1107 audit(0.0:8): uid=0 auid=4294967295 ses=4294967295 subj=u:r:init:s0 msg='avc:  denied  { set } for property=ro.adb.secure pid=1 uid=0 gid=0 scontext=u:r:vendor_init:s0 tcontext=u:object_r:build_prop:s0 tclass=property_service permissive=0'
05-07 23:04:19.931     1     1 I auditd  : type=1107 audit(0.0:9): uid=0 auid=4294967295 ses=4294967295 subj=u:r:init:s0 msg='avc:  denied  { set } for property=service.adb.root pid=1 uid=0 gid=0 scontext=u:r:vendor_init:s0 tcontext=u:object_r:shell_prop:s0 tclass=property_service permissive=0'
05-07 23:04:19.971     1     1 I auditd  : type=1107 audit(0.0:10): uid=0 auid=4294967295 ses=4294967295 subj=u:r:init:s0 msg='avc:  denied  { read } for property=init.svc.recovery pid=0 uid=0 gid=0 scontext=u:r:vendor_init:s0 tcontext=u:object_r:init_service_status_private_prop:s0 tclass=file permissive=0'
05-07 23:04:21.663   698   698 I auditd  : type=1400 audit(0.0:13): avc:  denied  { kill } for  comm="e2fsck" capability=5  scontext=u:r:fsck:s0 tcontext=u:r:fsck:s0 tclass=capability permissive=0
05-07 23:04:21.711     1     1 I auditd  : type=1400 audit(0.0:14): avc:  denied  { mounton } for  comm="init" path="/vendor/dsp/cdsp/fastrpc_shell_3" dev="sde49" ino=51 scontext=u:r:init:s0 tcontext=u:object_r:adsprpcd_file:s0 tclass=file permissive=0
05-07 23:04:21.759   716   716 I auditd  : type=1400 audit(0.0:15): avc:  denied  { kill } for  comm="vdc" capability=5  scontext=u:r:vdc:s0 tcontext=u:r:vdc:s0 tclass=capability permissive=0
05-07 23:04:21.805   713   713 I auditd  : SELinux: Loaded keystore2 context from:
05-07 23:04:21.805   713   713 I auditd  : 		/system/etc/selinux/plat_keystore2_key_contexts
05-07 23:04:21.805   713   713 I auditd  : 		/system_ext/etc/selinux/system_ext_keystore2_key_contexts
05-07 23:04:21.805   713   713 I auditd  : 		/product/etc/selinux/product_keystore2_key_contexts
05-07 23:04:21.805   713   713 I auditd  : 		/vendor/etc/selinux/vendor_keystore2_key_contexts
05-07 23:04:21.827   732   732 I auditd  : type=1400 audit(0.0:16): avc:  denied  { kill } for  comm="fsck.f2fs" capability=5  scontext=u:r:fsck:s0 tcontext=u:r:fsck:s0 tclass=capability permissive=0
05-07 23:04:21.883   720   720 I auditd  : type=1400 audit(0.0:17): avc:  denied  { kill } for  comm="vdc" capability=5  scontext=u:r:vdc:s0 tcontext=u:r:vdc:s0 tclass=capability permissive=0
05-07 23:04:22.116   773   773 I auditd  : SELinux: Loaded file context from:
05-07 23:04:22.116   773   773 I auditd  : 		/system/etc/selinux/plat_file_contexts
05-07 23:04:22.116   773   773 I auditd  : 		/system_ext/etc/selinux/system_ext_file_contexts
05-07 23:04:22.116   773   773 I auditd  : 		/product/etc/selinux/product_file_contexts
05-07 23:04:22.116   773   773 I auditd  : 		/vendor/etc/selinux/vendor_file_contexts
05-07 23:04:22.116   773   773 I auditd  : 		/odm/etc/selinux/odm_file_contexts
05-07 23:04:22.167   907   907 I auditd  : type=1400 audit(0.0:18): avc:  denied  { kill } for  comm="linkerconfig" capability=5  scontext=u:r:linkerconfig:s0 tcontext=u:r:linkerconfig:s0 tclass=capability permissive=0
11-18 16:03:57.760   935   935 I boot_progress_start: 5241
11-18 16:03:58.018   935   935 I snet_event_log: [200284993,-1,]
11-18 16:03:58.018   936   936 I snet_event_log: [200284993,-1,]
11-18 16:03:58.357     1     1 I auditd  : type=1107 audit(0.0:19): uid=0 auid=4294967295 ses=4294967295 subj=u:r:init:s0 msg='avc:  denied  { set } for property=service.adb.root pid=570 uid=0 gid=0 scontext=u:r:vendor_init:s0 tcontext=u:object_r:shell_prop:s0 tclass=property_service permissive=0'
11-18 16:03:58.429  1105  1105 I liblog  : 784
--------- beginning of crash
11-18 16:03:58.723  1487  1487 F linker  : CANNOT LINK EXECUTABLE "/system_ext/bin/wfdservice64": cannot locate symbol "_ZN7android11AudioSystem24setDeviceConnectionStateE24audio_policy_dev_state_tRKNS_5media5audio6common9AudioPortE14audio_format_t" referenced by "/system_ext/lib64/libwfdservice.so"...
11-18 16:03:58.867  1554  1554 F linker  : CANNOT LINK EXECUTABLE "/vendor/bin/wifidisplayhalservice": library "libqdMetaData.so" not found: needed by /vendor/lib/libwfdsourcesession_proprietary.so in namespace (default)
11-18 16:03:59.006   671   671 I auditd  : avc:  denied  { find } for interface=com.fingerprints.extension::IFingerprintEngineering sid=u:r:hal_fingerprint_default:s0 pid=1605 scontext=u:r:hal_fingerprint_default:s0 tcontext=u:object_r:default_android_hwservice:s0 tclass=hwservice_manager permissive=0
11-18 16:03:59.006   671   671 I auditd  : avc:  denied  { find } for interface=com.fingerprints.extension::IFingerprintOptical sid=u:r:hal_fingerprint_default:s0 pid=1605 scontext=u:r:hal_fingerprint_default:s0 tcontext=u:object_r:default_android_hwservice:s0 tclass=hwservice_manager permissive=0
11-18 16:03:59.021   670   670 I auditd  : type=1400 audit(0.0:20): avc:  denied  { call } for  comm="servicemanager" scontext=u:r:servicemanager:s0 tcontext=u:r:usbd:s0 tclass=binder permissive=0
--------- beginning of radio
11-18 16:03:59.275  1663  1663 D RILD    : **RIL Daemon Started**
11-18 16:03:59.275  1663  1663 D RILD    : **RILd param count=3**
11-18 16:03:59.276  1663  1663 D RILD    : RIL_Init argc = 3 clientId = 2
11-18 16:03:59.279  1663  1663 D RILD    : deviceInfoServiceModule found and loaded
11-18 16:03:59.279  1663  1663 E RILQ    : log to /data/vendor/radio/ril_log for QCRIL logging is not enabled
11-18 16:03:59.280  1627  1627 D RILD    : **RIL Daemon Started**
11-18 16:03:59.280  1627  1627 D RILD    : **RILd param count=1**
11-18 16:03:59.281  1627  1627 D RILD    : RIL_Init argc = 3 clientId = 0
11-18 16:03:59.282  1627  1627 D RILD    : deviceInfoServiceModule found and loaded
11-18 16:03:59.282  1627  1627 E RILQ    : log to /data/vendor/radio/ril_log for QCRIL logging is not enabled
11-18 16:03:59.287  1261  1261 F libc    : Fatal signal 6 (SIGABRT), code -1 (SI_QUEUE) in tid 1261 (surfaceflinger), pid 1261 (surfaceflinger)
11-18 16:03:59.328  1627  1627 W RILC    : RIL_onUnsolicitedResponse called before RIL_register
11-18 16:03:59.340  1627  1627 D RILD    : RIL_Init rilInit completed
11-18 16:03:59.340  1627  1627 I RILC    : SIM_COUNT: 1
11-18 16:03:59.340  1627  1627 E RILC    : RIL_register: RIL version 15
11-18 16:03:59.340  1627  1627 I RILC    : s_registerCalled flag set, 1
11-18 16:03:59.350  1627  1823 D RIL_SAP : sap_register_service status=0
11-18 16:03:59.370  1793  1793 F DEBUG   : *** *** *** *** *** *** *** *** *** *** *** *** *** *** *** ***
11-18 16:03:59.370  1793  1793 F DEBUG   : LineageOS Version: 'RisingOS_Revived-8.1.1-251117-2259-GAPPS-COMMUNITY-umi'
11-18 16:03:59.370  1793  1793 F DEBUG   : Build fingerprint: 'Xiaomi/umi_global/umi:13/RKQ1.211001.001/V816.0.3.0.TJBMIXM:user/release-keys'
11-18 16:03:59.370  1793  1793 F DEBUG   : Revision: '0'
11-18 16:03:59.370  1793  1793 F DEBUG   : ABI: 'arm64'
11-18 16:03:59.370  1793  1793 F DEBUG   : Timestamp: 2025-11-18 16:03:59.319791353+0100
11-18 16:03:59.370  1793  1793 F DEBUG   : Process uptime: 2s
11-18 16:03:59.370  1793  1793 F DEBUG   : Cmdline: /system/bin/surfaceflinger
11-18 16:03:59.370  1793  1793 F DEBUG   : pid: 1261, tid: 1261, name: surfaceflinger  >>> /system/bin/surfaceflinger <<<
11-18 16:03:59.370  1793  1793 F DEBUG   : uid: 1000
11-18 16:03:59.370  1793  1793 F DEBUG   : signal 6 (SIGABRT), code -1 (SI_QUEUE), fault addr --------
11-18 16:03:59.370  1793  1793 F DEBUG   : Abort message: 'gralloc-mapper is missing'
11-18 16:03:59.370  1793  1793 F DEBUG   :     x0  0000000000000000  x1  00000000000004ed  x2  0000000000000006  x3  0000007ff2f3f5a0
11-18 16:03:59.370  1793  1793 F DEBUG   :     x4  0000000000000010  x5  0000000000000010  x6  0000000000000010  x7  7f7f7f7f7f7f7f7f
11-18 16:03:59.370  1793  1793 F DEBUG   :     x8  00000000000000f0  x9  1ee1f23f206ce737  x10 000000ff00000020  x11 0000000000000001
11-18 16:03:59.370  1793  1793 F DEBUG   :     x12 000000000caf7732  x13 0000000034155555  x14 0000000000000018  x15 000000000cae0038
11-18 16:03:59.370  1793  1793 F DEBUG   :     x16 00000073acb880d8  x17 00000073acb70840  x18 00000073b62d0000  x19 00000000000004ed
11-18 16:03:59.370  1793  1793 F DEBUG   :     x20 00000000000004ed  x21 00000000ffffffff  x22 0000000000000001  x23 0000000000000924
11-18 16:03:59.370  1793  1793 F DEBUG   :     x24 0000000000000438  x25 b40000716c3c00c0  x26 00000073b5a15e40  x27 0000000000001b00
11-18 16:03:59.370  1793  1793 F DEBUG   :     x28 0000000000000001  x29 0000007ff2f3f620
11-18 16:03:59.370  1793  1793 F DEBUG   :     lr  00000073acb0a988  sp  0000007ff2f3f5a0  pc  00000073acb0a9a8  pst 0000000000001000
11-18 16:03:59.370  1793  1793 F DEBUG   : 13 total frames
11-18 16:03:59.370  1793  1793 F DEBUG   : backtrace:
11-18 16:03:59.370  1793  1793 F DEBUG   :       #00 pc 000000000006e9a8  /apex/com.android.runtime/lib64/bionic/libc.so (abort+152) (BuildId: 3f132071f832598fb634421187e90c2a)
11-18 16:03:59.370  1793  1793 F DEBUG   :       #01 pc 000000000000986c  /system/lib64/liblog.so (__android_log_default_aborter+12) (BuildId: 0bbdda39a4c2f11e17ad1dd8adbe0596)
11-18 16:03:59.370  1793  1793 F DEBUG   :       #02 pc 00000000000099c0  /system/lib64/liblog.so (__android_log_assert+288) (BuildId: 0bbdda39a4c2f11e17ad1dd8adbe0596)
11-18 16:03:59.370  1793  1793 F DEBUG   :       #03 pc 000000000002f678  /system/lib64/libui.so (android::GraphicBufferMapper::GraphicBufferMapper()+360) (BuildId: 9320c589788e5a33a5a2a97a4ff0e07c)
11-18 16:03:59.370  1793  1793 F DEBUG   :       #04 pc 000000000002f4f8  /system/lib64/libui.so (android::Singleton<android::GraphicBufferMapper>::getInstance()+88) (BuildId: 9320c589788e5a33a5a2a97a4ff0e07c)
11-18 16:03:59.370  1793  1793 F DEBUG   :       #05 pc 0000000000031008  /system/lib64/libui.so (android::GraphicBuffer::GraphicBuffer()+104) (BuildId: 9320c589788e5a33a5a2a97a4ff0e07c)
11-18 16:03:59.370  1793  1793 F DEBUG   :       #06 pc 0000000000031424  /system/lib64/libui.so (android::GraphicBuffer::GraphicBuffer(unsigned int, unsigned int, int, unsigned int, unsigned long, std::__1::basic_string<char, std::__1::char_traits<char>, std::__1::allocator<char>>)+68) (BuildId: 9320c589788e5a33a5a2a97a4ff0e07c)
11-18 16:03:59.370  1793  1793 F DEBUG   :       #07 pc 00000000000d03e4  /system/lib64/libgui.so (android::BufferQueueProducer::allocateBuffers(unsigned int, unsigned int, int, unsigned long)+388) (BuildId: 295a9b26a34dd395eb3324c190219652)
11-18 16:03:59.370  1793  1793 F DEBUG   :       #08 pc 000000000037d060  /system/bin/surfaceflinger (android::SurfaceFlinger::setupNewDisplayDeviceInternal(android::wp<android::IBinder> const&, std::__1::shared_ptr<android::compositionengine::Display>, android::DisplayDeviceState const&, android::sp<android::compositionengine::DisplaySurface> const&, android::sp<android::IGraphicBufferProducer> const&)+576) (BuildId: db8fbaa065759e947c00fc8aa0522d5e)
11-18 16:03:59.370  1793  1793 F DEBUG   :       #09 pc 000000000037c224  /system/bin/surfaceflinger (android::SurfaceFlinger::processDisplayAdded(android::wp<android::IBinder> const&, android::DisplayDeviceState const&)+628) (BuildId: db8fbaa065759e947c00fc8aa0522d5e)
11-18 16:03:59.370  1793  1793 F DEBUG   :       #10 pc 00000000004638b0  /system/bin/surfaceflinger (android::SurfaceFlinger::init()+1504) (BuildId: db8fbaa065759e947c00fc8aa0522d5e)
11-18 16:03:59.370  1793  1793 F DEBUG   :       #11 pc 0000000000492acc  /system/bin/surfaceflinger (main+316) (BuildId: db8fbaa065759e947c00fc8aa0522d5e)
11-18 16:03:59.370  1793  1793 F DEBUG   :       #12 pc 0000000000067cc8  /apex/com.android.runtime/lib64/bionic/libc.so (__libc_init+120) (BuildId: 3f132071f832598fb634421187e90c2a)
11-18 16:03:59.374  1627  1627 I RILC    : RILHIDL called registerService
11-18 16:03:59.374  1627  1627 D RILD    : RIL_Init RIL_register completed
11-18 16:03:59.374  1627  1627 D RILD    : RIL_register_socket completed
11-18 16:04:00.294  1663  1663 W RILC    : RIL_onUnsolicitedResponse called before RIL_register
11-18 16:04:01.481  1285  1285 I auditd  : type=1400 audit(0.0:21): avc:  denied  { fowner } for  comm="mdm_helper" capability=3  scontext=u:r:vendor_mdm_helper:s0 tcontext=u:r:vendor_mdm_helper:s0 tclass=capability permissive=0
11-18 16:04:01.492  1663  1663 D RILD    : RIL_Init rilInit completed
11-18 16:04:01.492  1663  1663 I RILC    : SIM_COUNT: 1
11-18 16:04:01.492  1663  1663 E RILC    : RIL_register: RIL version 15
11-18 16:04:01.492  1663  1663 I RILC    : s_registerCalled flag set, 1
11-18 16:04:01.495  1663  1914 D RIL_SAP : sap_register_service status=0
11-18 16:04:01.502  1663  1663 I RILC    : RILHIDL called registerService
11-18 16:04:01.502  1663  1663 D RILD    : RIL_Init RIL_register completed
11-18 16:04:01.502  1663  1663 D RILD    : RIL_register_socket completed
11-18 16:04:02.551  1968  1968 I boot_progress_start: 10031
11-18 16:04:02.610  1969  1969 I snet_event_log: [200284993,-1,]
11-18 16:04:02.637  1968  1968 I snet_event_log: [200284993,-1,]
11-18 16:04:03.339  2094  2094 F libc    : Fatal signal 6 (SIGABRT), code -1 (SI_QUEUE) in tid 2094 (surfaceflinger), pid 2094 (surfaceflinger)
11-18 16:04:03.388  2134  2134 F DEBUG   : *** *** *** *** *** *** *** *** *** *** *** *** *** *** *** ***
11-18 16:04:03.388  2134  2134 F DEBUG   : LineageOS Version: 'RisingOS_Revived-8.1.1-251117-2259-GAPPS-COMMUNITY-umi'
11-18 16:04:03.388  2134  2134 F DEBUG   : Build fingerprint: 'Xiaomi/umi_global/umi:13/RKQ1.211001.001/V816.0.3.0.TJBMIXM:user/release-keys'
11-18 16:04:03.388  2134  2134 F DEBUG   : Revision: '0'
11-18 16:04:03.388  2134  2134 F DEBUG   : ABI: 'arm64'
11-18 16:04:03.388  2134  2134 F DEBUG   : Timestamp: 2025-11-18 16:04:03.353843695+0100
11-18 16:04:03.388  2134  2134 F DEBUG   : Process uptime: 1s
11-18 16:04:03.388  2134  2134 F DEBUG   : Cmdline: /system/bin/surfaceflinger
11-18 16:04:03.388  2134  2134 F DEBUG   : pid: 2094, tid: 2094, name: surfaceflinger  >>> /system/bin/surfaceflinger <<<
11-18 16:04:03.388  2134  2134 F DEBUG   : uid: 1000
11-18 16:04:03.388  2134  2134 F DEBUG   : signal 6 (SIGABRT), code -1 (SI_QUEUE), fault addr --------
11-18 16:04:03.388  2134  2134 F DEBUG   : Abort message: 'gralloc-mapper is missing'
11-18 16:04:03.388  2134  2134 F DEBUG   :     x0  0000000000000000  x1  000000000000082e  x2  0000000000000006  x3  0000007fef61fab0
11-18 16:04:03.388  2134  2134 F DEBUG   :     x4  0000000000000010  x5  0000000000000010  x6  0000000000000010  x7  7f7f7f7f7f7f7f7f
11-18 16:04:03.388  2134  2134 F DEBUG   :     x8  00000000000000f0  x9  50ddc9e7413dca87  x10 000000ff00000020  x11 0000000000000001
11-18 16:04:03.388  2134  2134 F DEBUG   :     x12 000000001152abc1  x13 0000000034155555  x14 0000000000000018  x15 0000000011524838
11-18 16:04:03.388  2134  2134 F DEBUG   :     x16 00000076ea52e0d8  x17 00000076ea516840  x18 00000076ef734000  x19 000000000000082e
11-18 16:04:03.388  2134  2134 F DEBUG   :     x20 000000000000082e  x21 00000000ffffffff  x22 0000000000000001  x23 0000000000000924
11-18 16:04:03.388  2134  2134 F DEBUG   :     x24 0000000000000438  x25 b4000075639f00a0  x26 00000076eeaa7e40  x27 0000000000001b00
11-18 16:04:03.388  2134  2134 F DEBUG   :     x28 0000000000000001  x29 0000007fef61fb30
11-18 16:04:03.388  2134  2134 F DEBUG   :     lr  00000076ea4b0988  sp  0000007fef61fab0  pc  00000076ea4b09a8  pst 0000000000001000
11-18 16:04:03.388  2134  2134 F DEBUG   : 13 total frames
11-18 16:04:03.388  2134  2134 F DEBUG   : backtrace:
11-18 16:04:03.388  2134  2134 F DEBUG   :       #00 pc 000000000006e9a8  /apex/com.android.runtime/lib64/bionic/libc.so (abort+152) (BuildId: 3f132071f832598fb634421187e90c2a)
11-18 16:04:03.388  2134  2134 F DEBUG   :       #01 pc 000000000000986c  /system/lib64/liblog.so (__android_log_default_aborter+12) (BuildId: 0bbdda39a4c2f11e17ad1dd8adbe0596)
11-18 16:04:03.388  2134  2134 F DEBUG   :       #02 pc 00000000000099c0  /system/lib64/liblog.so (__android_log_assert+288) (BuildId: 0bbdda39a4c2f11e17ad1dd8adbe0596)
11-18 16:04:03.388  2134  2134 F DEBUG   :       #03 pc 000000000002f678  /system/lib64/libui.so (android::GraphicBufferMapper::GraphicBufferMapper()+360) (BuildId: 9320c589788e5a33a5a2a97a4ff0e07c)
11-18 16:04:03.388  2134  2134 F DEBUG   :       #04 pc 000000000002f4f8  /system/lib64/libui.so (android::Singleton<android::GraphicBufferMapper>::getInstance()+88) (BuildId: 9320c589788e5a33a5a2a97a4ff0e07c)
11-18 16:04:03.388  2134  2134 F DEBUG   :       #05 pc 0000000000031008  /system/lib64/libui.so (android::GraphicBuffer::GraphicBuffer()+104) (BuildId: 9320c589788e5a33a5a2a97a4ff0e07c)
11-18 16:04:03.388  2134  2134 F DEBUG   :       #06 pc 0000000000031424  /system/lib64/libui.so (android::GraphicBuffer::GraphicBuffer(unsigned int, unsigned int, int, unsigned int, unsigned long, std::__1::basic_string<char, std::__1::char_traits<char>, std::__1::allocator<char>>)+68) (BuildId: 9320c589788e5a33a5a2a97a4ff0e07c)
11-18 16:04:03.388  2134  2134 F DEBUG   :       #07 pc 00000000000d03e4  /system/lib64/libgui.so (android::BufferQueueProducer::allocateBuffers(unsigned int, unsigned int, int, unsigned long)+388) (BuildId: 295a9b26a34dd395eb3324c190219652)
11-18 16:04:03.388  2134  2134 F DEBUG   :       #08 pc 000000000037d060  /system/bin/surfaceflinger (android::SurfaceFlinger::setupNewDisplayDeviceInternal(android::wp<android::IBinder> const&, std::__1::shared_ptr<android::compositionengine::Display>, android::DisplayDeviceState const&, android::sp<android::compositionengine::DisplaySurface> const&, android::sp<android::IGraphicBufferProducer> const&)+576) (BuildId: db8fbaa065759e947c00fc8aa0522d5e)
11-18 16:04:03.388  2134  2134 F DEBUG   :       #09 pc 000000000037c224  /system/bin/surfaceflinger (android::SurfaceFlinger::processDisplayAdded(android::wp<android::IBinder> const&, android::DisplayDeviceState const&)+628) (BuildId: db8fbaa065759e947c00fc8aa0522d5e)
11-18 16:04:03.388  2134  2134 F DEBUG   :       #10 pc 00000000004638b0  /system/bin/surfaceflinger (android::SurfaceFlinger::init()+1504) (BuildId: db8fbaa065759e947c00fc8aa0522d5e)
11-18 16:04:03.388  2134  2134 F DEBUG   :       #11 pc 0000000000492acc  /system/bin/surfaceflinger (main+316) (BuildId: db8fbaa065759e947c00fc8aa0522d5e)
11-18 16:04:03.388  2134  2134 F DEBUG   :       #12 pc 0000000000067cc8  /apex/com.android.runtime/lib64/bionic/libc.so (__libc_init+120) (BuildId: 3f132071f832598fb634421187e90c2a)
11-18 16:04:03.465  1627  1820 E RILQ    : (0/1627): RIL[0][(1627,1820)] qcril_data_get_dds_sub_info: DSD Client unavailable
11-18 16:04:03.466  1627  1767 E RILC    : radioStateChangedInd: radioService[0]->mRadioIndication == NULL
11-18 16:04:03.519  1627  1724 E RILQ    : (0/1627): RIL[0][(1627,1724)] get_ecc_property_name: ecc list name : ril.ecclist.
11-18 16:04:03.520  1627  1724 E RILQ    : (0/1627): RIL[0][(1627,1724)] get_ecc_property_name: ecc list name : ril.ecclist.
11-18 16:04:03.552  1663  1730 E RILQ    : (1/1663): RIL[1][(1663,1730)] get_ecc_property_name: ecc list name : ril.ecclist1.
11-18 16:04:03.618  1663  1911 E RILQ    : (1/1663): RIL[1][(1663,1911)] qcril_data_get_dds_sub_info: DSD Client unavailable
11-18 16:04:03.620  1663  1763 E RILC    : radioStateChangedInd: radioService[0]->mRadioIndication == NULL
11-18 16:04:03.707  1627  1724 W XIAOMI_QCRIL: RIL[0][xiaomi_qcril_cmn.cc:1232] xiaomi_qcril_start_oem_thread: function entry ------------->
11-18 16:04:03.707  1627  1724 W XIAOMI_QCRIL: RIL[0][xiaomi_qcril_cmn.cc:1213] xiaomi_qcril_init_xiaomi_qmi: function entry ------------->
11-18 16:04:03.707  1627  1820 E RILQ    : (0/1627): RIL[0][(1627,1820)] qcril_data_get_dds_sub_info: DSD Client unavailable
11-18 16:04:03.708  1663  1730 W XIAOMI_QCRIL: RIL[1][xiaomi_qcril_cmn.cc:1232] xiaomi_qcril_start_oem_thread: function entry ------------->
11-18 16:04:03.708  1663  1730 W XIAOMI_QCRIL: RIL[1][xiaomi_qcril_cmn.cc:1213] xiaomi_qcril_init_xiaomi_qmi: function entry ------------->
11-18 16:04:03.708  1663  1730 W XIAOMI_QCRIL: RIL[1][xiaomi_qcril_cmn.cc:1219] xiaomi_qcril_init_xiaomi_qmi: xiaomi_qmi will be only inited in primary rild
11-18 16:04:03.708  1663  1911 E RILQ    : (1/1663): RIL[1][(1663,1911)] qcril_data_get_dds_sub_info: DSD Client unavailable
11-18 16:04:03.708  1663  1730 W XIAOMI_QCRIL: RIL[1][xiaomi_qcril_cmn.cc:1227] xiaomi_qcril_init_xiaomi_qmi: function exit <-------------
11-18 16:04:03.708  1663  1730 W XIAOMI_QCRIL: RIL[1][xiaomi_qcril_cmn.cc:1056] xiaomi_qcril_start_cmn_thread: function entry ------------->
11-18 16:04:03.708  1663  1730 W XIAOMI_QCRIL: RIL[1][xiaomi_qcril_cmn.cc:183] xiaomi_qcril_get_property_value: prop print is started
11-18 16:04:03.708  1663  1730 W XIAOMI_QCRIL: RIL[1][xiaomi_qcril_cmn.cc:231] xiaomi_qcril_get_property_value: ro.vendor.radio.midevice: umi
11-18 16:04:03.708  1663  1730 W XIAOMI_QCRIL: RIL[1][xiaomi_qcril_cmn.cc:1071] xiaomi_qcril_start_cmn_thread: oem_thread will be only done by primary rild
11-18 16:04:03.708  1663  1730 W XIAOMI_QCRIL: RIL[1][xiaomi_qcril_cmn.cc:1097] xiaomi_qcril_start_cmn_thread: function exit <-------------
11-18 16:04:03.708  1663  1730 W XIAOMI_QCRIL: RIL[1][xiaomi_qcril_mbn.cc:4695] xiaomi_qcril_start_mbn_thread: function entry ------------->
11-18 16:04:03.708  1663  1730 W XIAOMI_QCRIL: RIL[1][xiaomi_qcril_cmn.cc:231] xiaomi_qcril_get_property_value: ro.vendor.radio.midevice: umi
11-18 16:04:03.708  1663  1730 W XIAOMI_QCRIL: RIL[1][xiaomi_qcril_mbn.cc:4710] xiaomi_qcril_start_mbn_thread: oem_thread will be only done by primary rild
11-18 16:04:03.708  1663  1730 W XIAOMI_QCRIL: RIL[1][xiaomi_qcril_mbn.cc:4735] xiaomi_qcril_start_mbn_thread: function exit <-------------
11-18 16:04:03.708  1663  1730 W XIAOMI_QCRIL: RIL[1][xiaomi_qcril_cmn.cc:1167] xiaomi_qcril_start_offline_log_auto_start_thread: function entry ------------->
11-18 16:04:03.708  1663  1730 W XIAOMI_QCRIL: RIL[1][xiaomi_qcril_cmn.cc:231] xiaomi_qcril_get_property_value: ro.vendor.radio.midevice: umi
11-18 16:04:03.708  1663  1730 W XIAOMI_QCRIL: RIL[1][xiaomi_qcril_cmn.cc:1182] xiaomi_qcril_start_offline_log_auto_start_thread: oem_thread will be only done by primary rild
11-18 16:04:03.708  1663  1730 W XIAOMI_QCRIL: RIL[1][xiaomi_qcril_cmn.cc:1208] xiaomi_qcril_start_offline_log_auto_start_thread: function exit <-------------
11-18 16:04:03.708  1663  1730 W XIAOMI_QCRIL: RIL[1][xiaomi_qcril_stats.cc:981] xiaomi_qcril_start_stats_thread: function entry ------------->
11-18 16:04:03.708  1663  1730 W XIAOMI_QCRIL: RIL[1][xiaomi_qcril_cmn.cc:231] xiaomi_qcril_get_property_value: ro.vendor.radio.midevice: umi
11-18 16:04:03.708  1663  1730 W XIAOMI_QCRIL: RIL[1][xiaomi_qcril_stats.cc:996] xiaomi_qcril_start_stats_thread: oem_thread will be only done by primary rild
11-18 16:04:03.708  1663  1730 W XIAOMI_QCRIL: RIL[1][xiaomi_qcril_stats.cc:1022] xiaomi_qcril_start_stats_thread: function exit <-------------
11-18 16:04:03.708  1663  1730 W XIAOMI_QCRIL: RIL[1][xiaomi_qcril_cmn.cc:1242] xiaomi_qcril_start_oem_thread: function exit <-------------
11-18 16:04:03.708  1663  1730 D Diag_Lib: DDIIGG get sno
11-18 16:04:03.708  1663  1730 D Diag_Lib: DDIIGG get psno
11-18 16:04:03.709  1627  1724 W XIAOMI_QCRIL: RIL[0][xiaomi_qcril_cmn.cc:1227] xiaomi_qcril_init_xiaomi_qmi: function exit <-------------
11-18 16:04:03.709  1627  1724 W XIAOMI_QCRIL: RIL[0][xiaomi_qcril_cmn.cc:1056] xiaomi_qcril_start_cmn_thread: function entry ------------->
11-18 16:04:03.709  1627  1724 W XIAOMI_QCRIL: RIL[0][xiaomi_qcril_cmn.cc:183] xiaomi_qcril_get_property_value: prop print is started
11-18 16:04:03.709  1627  1724 W XIAOMI_QCRIL: RIL[0][xiaomi_qcril_cmn.cc:231] xiaomi_qcril_get_property_value: ro.vendor.radio.midevice: umi
11-18 16:04:03.709  1627  1724 W XIAOMI_QCRIL: RIL[0][xiaomi_qcril_cmn.cc:231] xiaomi_qcril_get_property_value: persist.radio.cmn_init_num_max: -1
11-18 16:04:03.709  1627  1724 W XIAOMI_QCRIL: RIL[0][xiaomi_qcril_cmn.cc:1077] xiaomi_qcril_start_cmn_thread: g_cmn_init_num = 1, init_max_num = -1
11-18 16:04:03.709  1627  1724 W XIAOMI_QCRIL: RIL[0][xiaomi_qcril_cmn.cc:1085] xiaomi_qcril_start_cmn_thread: cmn oem_thread will be created
11-18 16:04:03.709  1627  1724 W XIAOMI_QCRIL: RIL[0][xiaomi_qcril_cmn.cc:1093] xiaomi_qcril_start_cmn_thread: cmn oem_thread is created, res = 0
11-18 16:04:03.709  1627  1724 W XIAOMI_QCRIL: RIL[0][xiaomi_qcril_cmn.cc:1097] xiaomi_qcril_start_cmn_thread: function exit <-------------
11-18 16:04:03.709  1627  1724 W XIAOMI_QCRIL: RIL[0][xiaomi_qcril_mbn.cc:4695] xiaomi_qcril_start_mbn_thread: function entry ------------->
11-18 16:04:03.709  1627  1724 W XIAOMI_QCRIL: RIL[0][xiaomi_qcril_cmn.cc:231] xiaomi_qcril_get_property_value: ro.vendor.radio.midevice: umi
11-18 16:04:03.709  1627  1724 W XIAOMI_QCRIL: RIL[0][xiaomi_qcril_mbn.cc:4715] xiaomi_qcril_start_mbn_thread: g_mbn_init_num = 1
11-18 16:04:03.709  1627  1724 W XIAOMI_QCRIL: RIL[0][xiaomi_qcril_cmn.cc:231] xiaomi_qcril_get_property_value: persist.radio.mbn_init_num_max: 2
11-18 16:04:03.709  1627  1724 W XIAOMI_QCRIL: RIL[0][xiaomi_qcril_mbn.cc:2478] xiaomi_qcril_mbn_thread_init_num_max: The oem_thread init max value: 2
11-18 16:04:03.709  1627  1724 W XIAOMI_QCRIL: RIL[0][xiaomi_qcril_mbn.cc:4723] xiaomi_qcril_start_mbn_thread: oem_thread will be created
11-18 16:04:03.709  1627  1724 W XIAOMI_QCRIL: RIL[0][xiaomi_qcril_mbn.cc:4731] xiaomi_qcril_start_mbn_thread: mbn_thread is created, res = 0
11-18 16:04:03.709  1627  1724 W XIAOMI_QCRIL: RIL[0][xiaomi_qcril_mbn.cc:4735] xiaomi_qcril_start_mbn_thread: function exit <-------------
11-18 16:04:03.709  1627  1724 W XIAOMI_QCRIL: RIL[0][xiaomi_qcril_cmn.cc:1167] xiaomi_qcril_start_offline_log_auto_start_thread: function entry ------------->
11-18 16:04:03.709  1627  1724 W XIAOMI_QCRIL: RIL[0][xiaomi_qcril_cmn.cc:231] xiaomi_qcril_get_property_value: ro.vendor.radio.midevice: umi
11-18 16:04:03.709  1627  1724 W XIAOMI_QCRIL: RIL[0][xiaomi_qcril_cmn.cc:231] xiaomi_qcril_get_property_value: persist.radio.diag_init_num_max: 1
11-18 16:04:03.709  1627  1724 W XIAOMI_QCRIL: RIL[0][xiaomi_qcril_cmn.cc:1188] xiaomi_qcril_start_offline_log_auto_start_thread: g_offline_log_auto_start_init_num = 1, init_max_num = 1
11-18 16:04:03.709  1627  1724 W XIAOMI_QCRIL: RIL[0][xiaomi_qcril_cmn.cc:1196] xiaomi_qcril_start_offline_log_auto_start_thread: offline_log_auto_start oem_thread will be created
11-18 16:04:03.709  1627  1724 W XIAOMI_QCRIL: RIL[0][xiaomi_qcril_cmn.cc:1204] xiaomi_qcril_start_offline_log_auto_start_thread: offline_log_auto_start oem_thread is created, res = 0
11-18 16:04:03.709  1627  1724 W XIAOMI_QCRIL: RIL[0][xiaomi_qcril_cmn.cc:1208] xiaomi_qcril_start_offline_log_auto_start_thread: function exit <-------------
11-18 16:04:03.709  1627  1724 W XIAOMI_QCRIL: RIL[0][xiaomi_qcril_stats.cc:981] xiaomi_qcril_start_stats_thread: function entry ------------->
11-18 16:04:03.709  1627  1724 W XIAOMI_QCRIL: RIL[0][xiaomi_qcril_cmn.cc:231] xiaomi_qcril_get_property_value: ro.vendor.radio.midevice: umi
11-18 16:04:03.709  1627  1724 W XIAOMI_QCRIL: RIL[0][xiaomi_qcril_cmn.cc:231] xiaomi_qcril_get_property_value: persist.radio.stats_init_num_max: -1
11-18 16:04:03.709  1627  1724 W XIAOMI_QCRIL: RIL[0][xiaomi_qcril_stats.cc:1002] xiaomi_qcril_start_stats_thread: g_stats_init_num = 1, init_max_num = -1
11-18 16:04:03.709  1627  1724 W XIAOMI_QCRIL: RIL[0][xiaomi_qcril_stats.cc:1010] xiaomi_qcril_start_stats_thread: stats oem_thread will be created
11-18 16:04:03.709  1627  1724 W XIAOMI_QCRIL: RIL[0][xiaomi_qcril_stats.cc:1018] xiaomi_qcril_start_stats_thread: stats_thread is created, res = 0
11-18 16:04:03.709  1627  1724 W XIAOMI_QCRIL: RIL[0][xiaomi_qcril_stats.cc:1022] xiaomi_qcril_start_stats_thread: function exit <-------------
11-18 16:04:03.709  1627  1724 W XIAOMI_QCRIL: RIL[0][xiaomi_qcril_cmn.cc:1242] xiaomi_qcril_start_oem_thread: function exit <-------------
11-18 16:04:03.709  1627  2212 W XIAOMI_QCRIL: RIL[0][xiaomi_qcril_stats.cc:936] xiaomi_qcril_stats_thread_proc: function entry ------------->
11-18 16:04:03.709  1627  1724 E Diag_Lib: start_nv_check cpuid: 0xb0d16d30
11-18 16:04:03.709  1627  1724 E Diag_Lib: start_nv_check ro.vendor.radio.midevice: umi
11-18 16:04:03.709  1627  1724 E Diag_Lib: start_nv_check hw_version: MP
11-18 16:04:03.709  1627  2212 W XIAOMI_QCRIL: RIL[0][xiaomi_qcril_cmn.cc:231] xiaomi_qcril_get_property_value: persist.vendor.radio.print_stats: 2
11-18 16:04:03.705  1627  1627 I auditd  : type=1400 audit(0.0:22): avc:  denied  { read } for  comm=5849414F4D49205354415453 name="u:object_r:default_prop:s0" dev="tmpfs" ino=10614 scontext=u:r:rild:s0 tcontext=u:object_r:default_prop:s0 tclass=file permissive=0
11-18 16:04:03.710  1627  2212 W XIAOMI_QCRIL: RIL[0][xiaomi_qcril_stats.cc:950] xiaomi_qcril_stats_thread_proc: stats print is stoped
11-18 16:04:03.710  1627  2212 W XIAOMI_QCRIL: RIL[0][xiaomi_qcril_cmn.cc:231] xiaomi_qcril_get_property_value: persist.vendor.radio.stats_wait_s: 0
11-18 16:04:03.710  1627  2212 W XIAOMI_QCRIL: RIL[0][xiaomi_qcril_stats.cc:918] xiaomi_qcril_stats_wait_s: stats wait_s = 0
11-18 16:04:03.710  1627  2212 W XIAOMI_QCRIL: RIL[0][xiaomi_qcril_stats.cc:928] xiaomi_qcril_stats_wait_s: xiaomi qcril stats will not wait
11-18 16:04:03.710  1627  2212 W XIAOMI_QCRIL: RIL[0][xiaomi_qcril_stats.cc:871] xiaomi_qcril_stats_init: function entry ------------->
11-18 16:04:03.710  1627  2212 W XIAOMI_QCRIL: RIL[0][xiaomi_qcril_stats.cc:873] xiaomi_qcril_stats_init: old g_hydra_qmi_client_id = -1
11-18 16:04:03.710  1627  2209 W XIAOMI_QCRIL: RIL[0][xiaomi_qcril_cmn.cc:1015] xiaomi_qcril_oem_thread_proc: function entry ------------->
11-18 16:04:03.710  1627  2209 W XIAOMI_QCRIL: RIL[0][xiaomi_qcril_cmn.cc:231] xiaomi_qcril_get_property_value: persist.radio.qril_wait_s: 0
11-18 16:04:03.710  1627  2209 W XIAOMI_QCRIL: RIL[0][xiaomi_qcril_cmn.cc:519] xiaomi_qcril_wait_s: qcril wait_s_in = -1, wait_s = 0
11-18 16:04:03.710  1627  2209 W XIAOMI_QCRIL: RIL[0][xiaomi_qcril_cmn.cc:529] xiaomi_qcril_wait_s: xiaomi qcril will not wait
11-18 16:04:03.710  1627  2209 W XIAOMI_QCRIL: RIL[0][xiaomi_qcril_ind.cc:364] xiaomi_qcril_ind_init: function entry ------------->
11-18 16:04:03.710  1627  2209 W XIAOMI_QCRIL: RIL[0][xiaomi_qcril_ind.cc:371] xiaomi_qcril_ind_init: function exit <-------------
11-18 16:04:03.710  1627  2209 W XIAOMI_QCRIL: RIL[0][xiaomi_qcril_cmn.cc:519] xiaomi_qcril_wait_s: qcril wait_s_in = 3, wait_s = 3
11-18 16:04:03.710  1627  2209 W XIAOMI_QCRIL: RIL[0][xiaomi_qcril_cmn.cc:523] xiaomi_qcril_wait_s: xiaomi qcril start to wait 3s to init
11-18 16:04:03.710  1627  2211 W XIAOMI_QCRIL: RIL[0][xiaomi_qcril_cmn.cc:1106] xiaomi_qcril_offline_log_auto_start_thread_proc: function entry ------------->
11-18 16:04:03.710  1627  2211 W XIAOMI_QCRIL: RIL[0][xiaomi_qcril_cmn.cc:231] xiaomi_qcril_get_property_value: persist.radio.diag_log_auto: idle
11-18 16:04:03.710  1627  2211 W XIAOMI_QCRIL: RIL[0][xiaomi_qcril_cmn.cc:1117] xiaomi_qcril_offline_log_auto_start_thread_proc: Offline log auto-starting feature is closed, will do nothing.
11-18 16:04:03.710  1627  2211 W XIAOMI_QCRIL: RIL[0][xiaomi_qcril_cmn.cc:519] xiaomi_qcril_wait_s: qcril wait_s_in = 3, wait_s = 3
11-18 16:04:03.710  1627  2211 W XIAOMI_QCRIL: RIL[0][xiaomi_qcril_cmn.cc:523] xiaomi_qcril_wait_s: xiaomi qcril start to wait 3s to init
11-18 16:04:03.710  1627  2210 W XIAOMI_QCRIL: RIL[0][xiaomi_qcril_mbn.cc:4652] xiaomi_qcril_mbn_thread_proc: function entry ------------->
11-18 16:04:03.711  1627  2210 W XIAOMI_QCRIL: RIL[0][xiaomi_qcril_cmn.cc:231] xiaomi_qcril_get_property_value: ro.boot.factorybuild: 
11-18 16:04:03.711  1627  2210 W XIAOMI_QCRIL: RIL[0][xiaomi_qcril_cmn.cc:796] xiaomi_qcril_is_factory_version: non factory version
11-18 16:04:03.711  1627  2210 W XIAOMI_QCRIL: RIL[0][xiaomi_qcril_cmn.cc:231] xiaomi_qcril_get_property_value: persist.vendor.radio.mbn_wait_s: 60
11-18 16:04:03.711  1627  2210 W XIAOMI_QCRIL: RIL[0][xiaomi_qcril_mbn.cc:2456] xiaomi_qcril_mbn_wait_s: mbn wait_s = 60
11-18 16:04:03.711  1627  2210 W XIAOMI_QCRIL: RIL[0][xiaomi_qcril_mbn.cc:2460] xiaomi_qcril_mbn_wait_s: xiaomi qcril mbn start to wait 60s to init
11-18 16:04:03.711  1627  2212 W XIAOMI_QCRIL: RIL[0][xiaomi_qcril_stats.cc:885] xiaomi_qcril_stats_init: new g_hydra_qmi_client_id = 0
11-18 16:04:03.711  1627  2212 W XIAOMI_QCRIL: RIL[0][xiaomi_qcril_stats.cc:887] xiaomi_qcril_stats_init: function exit <-------------
11-18 16:04:03.711  1627  2212 W XIAOMI_QCRIL: RIL[0][xiaomi_qcril_stats.cc:918] xiaomi_qcril_stats_wait_s: stats wait_s = 3
11-18 16:04:03.711  1627  2212 W XIAOMI_QCRIL: RIL[0][xiaomi_qcril_stats.cc:922] xiaomi_qcril_stats_wait_s: xiaomi qcril stats start to wait 3s to init
11-18 16:04:03.718  1627  1724 D Diag_Lib: DDIIGG get sno
11-18 16:04:03.723  1627  1724 D Diag_Lib: DDIIGG read sno OK: 
11-18 16:04:03.724  1627  1724 D Diag_Lib: DDIIGG get psno
11-18 16:04:03.727  1663  1730 E RILQ    : (1/1663): RIL[1][(1663,1730)] get_ecc_property_name: ecc list name : ril.ecclist1.
11-18 16:04:03.728  1627  1724 D Diag_Lib: DDIIGG read psno OK: 
11-18 16:04:03.732  1627  1724 E Diag_Lib: DDIIGG xiaomi_extend_qmi_send_sync fail, REQUEST_ID_EFS
11-18 16:04:03.737  1627  1724 E Diag_Lib: DDIIGG read activeSlots fail -108
11-18 16:04:03.761  1627  1627 I auditd  : type=1400 audit(0.0:23): avc:  denied  { write } for  comm="DispatcherModul" name="diag" dev="dm-40" ino=345673 scontext=u:r:rild:s0 tcontext=u:object_r:vendor_data_file:s0 tclass=dir permissive=0
11-18 16:04:03.774  1627  1724 D Diag_Lib: sku index:0 res-code:SKU:CN HWC:GLOBAL
11-18 16:04:03.779  1627  1724 D Diag_Lib: get_mtbf_flag  0
11-18 16:04:03.788  1627  1724 D Diag_Lib: get_factory_id  0 , len = 0
11-18 16:04:03.788  1627  1724 E RILQ    : (0/1627): RIL[0][(1627,1724)] get_ecc_property_name: ecc list name : ril.ecclist.
11-18 16:04:03.825  2223  2223 F linker  : CANNOT LINK EXECUTABLE "/vendor/bin/wifidisplayhalservice": library "libqdMetaData.so" not found: needed by /vendor/lib/libwfdsourcesession_proprietary.so in namespace (default)
11-18 16:04:04.509  1583  1583 I auditd  : type=1400 audit(0.0:24): avc:  denied  { read } for  comm="HwBinder:1583_2" name="u:object_r:custom_version_prop:s0" dev="tmpfs" ino=10604 scontext=u:r:mediaswcodec:s0 tcontext=u:object_r:custom_version_prop:s0 tclass=file permissive=0
11-18 16:04:04.509  1583  1583 I auditd  : type=1400 audit(0.0:25): avc:  denied  { read } for  comm="HwBinder:1583_2" name="u:object_r:misctrl_prop:s0" dev="tmpfs" ino=10727 scontext=u:r:mediaswcodec:s0 tcontext=u:object_r:misctrl_prop:s0 tclass=file permissive=0
11-18 16:04:04.588  1583  1785 F DEBUG   : *** *** *** *** *** *** *** *** *** *** *** *** *** *** *** ***
11-18 16:04:04.588  1583  1785 F DEBUG   : LineageOS Version: 'unknown'
11-18 16:04:04.588  1583  1785 F DEBUG   : Build fingerprint: 'Xiaomi/umi_global/umi:13/RKQ1.211001.001/V816.0.3.0.TJBMIXM:user/release-keys'
11-18 16:04:04.588  1583  1785 F DEBUG   : Revision: '0'
11-18 16:04:04.588  1583  1785 F DEBUG   : ABI: 'arm64'
11-18 16:04:04.588  1583  1785 F DEBUG   : Timestamp: 2025-11-18 16:04:04.512992653+0100
11-18 16:04:04.588  1583  1785 F DEBUG   : Process uptime: 6s
11-18 16:04:04.588  1583  1785 F DEBUG   : Cmdline: media.swcodec oid.media.swcodec/bin/mediaswcodec
11-18 16:04:04.588  1583  1785 F DEBUG   : pid: 1583, tid: 1785, name: HwBinder:1583_2  >>> media.swcodec <<<
11-18 16:04:04.588  1583  1785 F DEBUG   : uid: 1046
11-18 16:04:04.588  1583  1785 F DEBUG   : tagged_addr_ctrl: 0000000000000001 (PR_TAGGED_ADDR_ENABLE)
11-18 16:04:04.588  1583  1785 F DEBUG   : signal 6 (SIGABRT), code -1 (SI_QUEUE), fault addr --------
11-18 16:04:04.588  1583  1785 F DEBUG   : Abort message: 'gralloc-mapper is missing'
11-18 16:04:04.588  1583  1785 F DEBUG   :     x0  0000000000000000  x1  00000000000006f9  x2  0000000000000006  x3  0000006e3784e190
11-18 16:04:04.588  1583  1785 F DEBUG   :     x4  0000000000000010  x5  0000000000000010  x6  0000000000000010  x7  7f7f7f7f7f7f7f7f
11-18 16:04:04.588  1583  1785 F DEBUG   :     x8  00000000000000f0  x9  655f9c94f402a992  x10 000000ff00000020  x11 0000000000000001
11-18 16:04:04.588  1583  1785 F DEBUG   :     x12 0000000012a955c3  x13 0000000034155555  x14 0000000000000018  x15 0000000012a87838
11-18 16:04:04.588  1583  1785 F DEBUG   :     x16 00000070edf910d8  x17 00000070edf79840  x18 0000006e373c8000  x19 000000000000062f
11-18 16:04:04.588  1583  1785 F DEBUG   :     x20 00000000000006f9  x21 00000000ffffffff  x22 b400006ebab5d890  x23 b400006ebab5d890
11-18 16:04:04.588  1583  1785 F DEBUG   :     x24 b400006f9ab5f030  x25 0000000000000000  x26 b400006f1ab60cd0  x27 0000000000000000
11-18 16:04:04.588  1583  1785 F DEBUG   :     x28 00000070f90bba90  x29 0000006e3784e210
11-18 16:04:04.588  1583  1785 F DEBUG   :     lr  00000070edf13988  sp  0000006e3784e190  pc  00000070edf139a8  pst 0000000000001000
11-18 16:04:04.588  1583  1785 F DEBUG   : 25 total frames
11-18 16:04:04.588  1583  1785 F DEBUG   : backtrace:
11-18 16:04:04.588  1583  1785 F DEBUG   :       #00 pc 000000000006e9a8  /apex/com.android.runtime/lib64/bionic/libc.so (abort+152) (BuildId: 3f132071f832598fb634421187e90c2a)
11-18 16:04:04.588  1583  1785 F DEBUG   :       #01 pc 000000000000986c  /system/lib64/liblog.so (__android_log_default_aborter+12) (BuildId: 0bbdda39a4c2f11e17ad1dd8adbe0596)
11-18 16:04:04.588  1583  1785 F DEBUG   :       #02 pc 00000000000099c0  /system/lib64/liblog.so (__android_log_assert+288) (BuildId: 0bbdda39a4c2f11e17ad1dd8adbe0596)
11-18 16:04:04.588  1583  1785 F DEBUG   :       #03 pc 000000000002f678  /system/lib64/libui.so (android::GraphicBufferMapper::GraphicBufferMapper()+360) (BuildId: 9320c589788e5a33a5a2a97a4ff0e07c)
11-18 16:04:04.588  1583  1785 F DEBUG   :       #04 pc 000000000002f4f8  /system/lib64/libui.so (android::Singleton<android::GraphicBufferMapper>::getInstance()+88) (BuildId: 9320c589788e5a33a5a2a97a4ff0e07c)
11-18 16:04:04.588  1583  1785 F DEBUG   :       #05 pc 0000000000031008  /system/lib64/libui.so (android::GraphicBuffer::GraphicBuffer()+104) (BuildId: 9320c589788e5a33a5a2a97a4ff0e07c)
11-18 16:04:04.588  1583  1785 F DEBUG   :       #06 pc 0000000000005f94  /system/lib64/libnativewindow.so (AHardwareBuffer_isSupported+68) (BuildId: b747aad289755e7768ce7403bb4a5bfd)
11-18 16:04:04.588  1583  1785 F DEBUG   :       #07 pc 000000000002dfb4  /apex/com.android.media.swcodec/lib64/libsfplugin_ccodec_utils.so (android::isHalPixelFormatSupported(AHardwareBuffer_Format) (.cfi)+212) (BuildId: ef7a59e80f53c4f37fddc9554d0c620d)
11-18 16:04:04.588  1583  1785 F DEBUG   :       #08 pc 0000000000015708  /apex/com.android.media.swcodec/lib64/libcodec2_soft_apvdec.so (android::C2SoftApvDec::IntfImpl::IntfImpl(std::__1::shared_ptr<C2ReflectorHelper> const&)+15208) (BuildId: 63e221c737c76babc924a135189f869c)
11-18 16:04:04.588  1583  1785 F DEBUG   :       #09 pc 0000000000011938  /apex/com.android.media.swcodec/lib64/libcodec2_soft_apvdec.so (android::C2SoftApvDecFactory::createInterface(unsigned int, std::__1::shared_ptr<C2ComponentInterface>*, std::__1::function<void (C2ComponentInterface*)>)+120) (BuildId: 63e221c737c76babc924a135189f869c)
11-18 16:04:04.588  1583  1785 F DEBUG   :       #10 pc 0000000000079e58  /apex/com.android.media.swcodec/lib64/libcodec2_vndk.so (android::C2PlatformComponentStore::ComponentModule::createInterface(unsigned int, std::__1::shared_ptr<C2ComponentInterface>*, std::__1::function<void (C2ComponentInterface*)>)+408) (BuildId: a9b233eef705d07491cadfc5c6879c5d)
11-18 16:04:04.588  1583  1785 F DEBUG   :       #11 pc 00000000000795a0  /apex/com.android.media.swcodec/lib64/libcodec2_vndk.so (android::C2PlatformComponentStore::ComponentModule::init(std::__1::basic_string<char, std::__1::char_traits<char>, std::__1::allocator<char>>)+240) (BuildId: a9b233eef705d07491cadfc5c6879c5d)
11-18 16:04:04.588  1583  1785 F DEBUG   :       #12 pc 0000000000078ddc  /apex/com.android.media.swcodec/lib64/libcodec2_vndk.so (android::C2PlatformComponentStore::ComponentLoader::fetchModule(std::__1::shared_ptr<android::C2PlatformComponentStore::ComponentModule>*)+332) (BuildId: a9b233eef705d07491cadfc5c6879c5d)
11-18 16:04:04.588  1583  1785 F DEBUG   :       #13 pc 0000000000078ab8  /apex/com.android.media.swcodec/lib64/libcodec2_vndk.so (android::C2PlatformComponentStore::visitComponents()+152) (BuildId: a9b233eef705d07491cadfc5c6879c5d)
11-18 16:04:04.588  1583  1785 F DEBUG   :       #14 pc 00000000000784d0  /apex/com.android.media.swcodec/lib64/libcodec2_vndk.so (android::C2PlatformComponentStore::listComponents()+48) (BuildId: a9b233eef705d07491cadfc5c6879c5d)
11-18 16:04:04.588  1583  1785 F DEBUG   :       #15 pc 0000000000019100  /apex/com.android.media.swcodec/lib64/libcodec2_hidl@1.2.so (android::hardware::media::c2::V1_2::utils::ComponentStore::listComponents(std::__1::function<void (android::hardware::media::c2::V1_0::Status, android::hardware::hidl_vec<android::hardware::media::c2::V1_0::IComponentStore::ComponentTraits> const&)>)+96) (BuildId: 97930e2d62c5b7d6332983124bf4a965)
11-18 16:04:04.588  1583  1785 F DEBUG   :       #16 pc 000000000005e9b0  /apex/com.android.media.swcodec/lib64/android.hardware.media.c2@1.0.so (android::hardware::media::c2::V1_0::BnHwComponentStore::_hidl_listComponents(android::hidl::base::V1_0::BnHwBase*, android::hardware::Parcel const&, android::hardware::Parcel*, std::__1::function<void (android::hardware::Parcel&)>)+256) (BuildId: ae73a5604d08a470eb43df1a099e02a1)
11-18 16:04:04.588  1583  1785 F DEBUG   :       #17 pc 0000000000026538  /apex/com.android.media.swcodec/lib64/android.hardware.media.c2@1.2.so (android::hardware::media::c2::V1_2::BnHwComponentStore::onTransact(unsigned int, android::hardware::Parcel const&, android::hardware::Parcel*, unsigned int, std::__1::function<void (android::hardware::Parcel&)>)+1080) (BuildId: 71612874c91c1a2730e6e39124bdc810)
11-18 16:04:04.588  1583  1785 F DEBUG   :       #18 pc 0000000000096e60  /apex/com.android.media.swcodec/lib64/libhidlbase.so (android::hardware::BHwBinder::transact(unsigned int, android::hardware::Parcel const&, android::hardware::Parcel*, unsigned int, std::__1::function<void (android::hardware::Parcel&)>)+96) (BuildId: e310cb4254259d3f277a6822ded296a3)
11-18 16:04:04.588  1583  1785 F DEBUG   :       #19 pc 0000000000040f6c  /apex/com.android.media.swcodec/lib64/libhidlbase.so (android::hardware::IPCThreadState::joinThreadPool(bool)+1388) (BuildId: e310cb4254259d3f277a6822ded296a3)
11-18 16:04:04.588  1583  1785 F DEBUG   :       #20 pc 00000000000409c8  /apex/com.android.media.swcodec/lib64/libhidlbase.so (android::hardware::PoolThread::threadLoop()+24) (BuildId: e310cb4254259d3f277a6822ded296a3)
11-18 16:04:04.588  1583  1785 F DEBUG   :       #21 pc 00000000000173e8  /apex/com.android.media.swcodec/lib64/libutils.so (android::Thread::_threadLoop(void*)+248) (BuildId: 79518f38c2572b4f93c555bdd6f08534)
11-18 16:04:04.588  1583  1785 F DEBUG   :       #22 pc 0000000000019ab4  /apex/com.android.media.swcodec/lib64/libutils.so (libutil_thread_trampoline(void*) (.__uniq.226528677032898775202282855395389835431)+20) (BuildId: 79518f38c2572b4f93c555bdd6f08534)
11-18 16:04:04.588  1583  1785 F DEBUG   :       #23 pc 000000000007f3cc  /apex/com.android.runtime/lib64/bionic/libc.so (__pthread_start(void*)+236) (BuildId: 3f132071f832598fb634421187e90c2a)
11-18 16:04:04.588  1583  1785 F DEBUG   :       #24 pc 0000000000071b10  /apex/com.android.runtime/lib64/bionic/libc.so (__start_thread+64) (BuildId: 3f132071f832598fb634421187e90c2a)
11-18 16:04:04.989  1663  1908 E RILQ    : =RILM= card[1] state:card_state:2 upin_state:0 card_error:3 upin_num_retries:0 upuk_num_retries:0 num_app:0
11-18 16:04:04.995  1627  1817 E RILQ    : =RILM= card[0] state:card_state:1 upin_state:0 card_error:0 upin_num_retries:0 upuk_num_retries:0 num_app:1
11-18 16:04:04.995  1627  1817 E RILQ    : =RILM= card[0].application[0]:app_type:2 app_state:2 perso_state:0 perso_feature:11 pin1_state:1 pin2_state:1
11-18 16:04:04.998  1663  1730 E RILQ    : (1/1663): RIL[1][(1663,1730)] get_ecc_property_name: ecc list name : ril.ecclist1.
11-18 16:04:04.998  1663  1730 E RILQ    : (1/1663): RIL[1][(1663,1730)] get_ecc_property_name: ecc list name : ril.ecclist1.
11-18 16:04:05.003  1627  1724 E RILQ    : (0/1627): RIL[0][(1627,1724)] get_ecc_property_name: ecc list name : ril.ecclist.
11-18 16:04:05.004  1627  1724 E RILQ    : (0/1627): RIL[0][(1627,1724)] get_ecc_property_name: ecc list name : ril.ecclist.
11-18 16:04:06.710  1627  2209 W XIAOMI_QCRIL: RIL[0][xiaomi_qcril_cmn.cc:525] xiaomi_qcril_wait_s: xiaomi qcril end to wait 3s to init
11-18 16:04:06.710  1627  2209 W XIAOMI_QCRIL: RIL[0][xiaomi_qcril_cmn.cc:1042] xiaomi_qcril_oem_thread_proc: function exit <-------------
11-18 16:04:06.710  1627  2211 W XIAOMI_QCRIL: RIL[0][xiaomi_qcril_cmn.cc:525] xiaomi_qcril_wait_s: xiaomi qcril end to wait 3s to init
11-18 16:04:06.711  1627  2211 W XIAOMI_QCRIL: RIL[0][xiaomi_qcril_cmn.cc:1153] xiaomi_qcril_offline_log_auto_start_thread_proc: function exit <-------------
11-18 16:04:06.711  1627  2212 W XIAOMI_QCRIL: RIL[0][xiaomi_qcril_stats.cc:924] xiaomi_qcril_stats_wait_s: xiaomi qcril stats end to wait 3s to init
11-18 16:04:06.711  1627  2212 W XIAOMI_QCRIL: RIL[0][xiaomi_qcril_stats.cc:967] xiaomi_qcril_stats_thread_proc: function exit <-------------
11-18 16:04:07.522  2314  2314 I boot_progress_start: 15002
11-18 16:04:07.595  2314  2314 I snet_event_log: [200284993,-1,]
11-18 16:04:07.654  2315  2315 I snet_event_log: [200284993,-1,]
11-18 16:04:08.321  2396  2402 I liblog  : 29
11-18 16:04:08.321  2396  2402 I liblog  : 2
11-18 16:04:08.347  2423  2423 F libc    : Fatal signal 6 (SIGABRT), code -1 (SI_QUEUE) in tid 2423 (surfaceflinger), pid 2423 (surfaceflinger)
11-18 16:04:08.394  2448  2448 F DEBUG   : *** *** *** *** *** *** *** *** *** *** *** *** *** *** *** ***
11-18 16:04:08.394  2448  2448 F DEBUG   : LineageOS Version: 'RisingOS_Revived-8.1.1-251117-2259-GAPPS-COMMUNITY-umi'
11-18 16:04:08.394  2448  2448 F DEBUG   : Build fingerprint: 'Xiaomi/umi_global/umi:13/RKQ1.211001.001/V816.0.3.0.TJBMIXM:user/release-keys'
11-18 16:04:08.394  2448  2448 F DEBUG   : Revision: '0'
11-18 16:04:08.394  2448  2448 F DEBUG   : ABI: 'arm64'
11-18 16:04:08.394  2448  2448 F DEBUG   : Timestamp: 2025-11-18 16:04:08.361391662+0100
11-18 16:04:08.394  2448  2448 F DEBUG   : Process uptime: 1s
11-18 16:04:08.394  2448  2448 F DEBUG   : Cmdline: /system/bin/surfaceflinger
11-18 16:04:08.394  2448  2448 F DEBUG   : pid: 2423, tid: 2423, name: surfaceflinger  >>> /system/bin/surfaceflinger <<<
11-18 16:04:08.394  2448  2448 F DEBUG   : uid: 1000
11-18 16:04:08.394  2448  2448 F DEBUG   : signal 6 (SIGABRT), code -1 (SI_QUEUE), fault addr --------
11-18 16:04:08.394  2448  2448 F DEBUG   : Abort message: 'gralloc-mapper is missing'
11-18 16:04:08.394  2448  2448 F DEBUG   :     x0  0000000000000000  x1  0000000000000977  x2  0000000000000006  x3  0000007fd3019220
11-18 16:04:08.394  2448  2448 F DEBUG   :     x4  0000000000000010  x5  0000000000000010  x6  0000000000000010  x7  7f7f7f7f7f7f7f7f
11-18 16:04:08.394  2448  2448 F DEBUG   :     x8  00000000000000f0  x9  36039363d6bdc10b  x10 000000ff00000020  x11 0000000000000001
11-18 16:04:08.394  2448  2448 F DEBUG   :     x12 00000000170de8fd  x13 0000000034155555  x14 0000000000000018  x15 00000000170d7838
11-18 16:04:08.394  2448  2448 F DEBUG   :     x16 00000073679e00d8  x17 00000073679c8840  x18 0000007371d70000  x19 0000000000000977
11-18 16:04:08.394  2448  2448 F DEBUG   :     x20 0000000000000977  x21 00000000ffffffff  x22 0000000000000001  x23 0000000000000924
