12-08 13:25:29.822  2934  2934 D RILJ    : [0100]> QUERY_NETWORK_SELECTION_MODE [PHONE0]
12-08 13:25:29.822  2934  2934 D SST     : [1] pollState: modemTriggered=true, radioState=0
12-08 13:25:29.823  2934  3279 D RILJ    : [0101]> VOICE_REGISTRATION_STATE [PHONE0]
12-08 13:25:29.823  2934  3279 D RILJ    : getVoiceRegistrationState: overrideHalVersion=null [PHONE0]
12-08 13:25:29.823  2934  2934 D RILJ    : [0102]> OPERATOR [PHONE1]
12-08 13:25:29.823  1735  1837 D RILC    : RadioImpl_1_5::getVoiceRegistrationState_1_5: serial 101
12-08 13:25:29.823  2934  2934 D RILJ    : [0103]> QUERY_NETWORK_SELECTION_MODE [PHONE1]
12-08 13:25:29.824  2934  3279 D RILJ    : [0104]> DATA_REGISTRATION_STATE [PHONE1]
12-08 13:25:29.824  2934  3279 D RILJ    : getDataRegistrationState: overrideHalVersion=null [PHONE1]
12-08 13:25:29.824  1755  1755 D RILC    : RadioImpl_1_5::getDataRegistrationState_1_5: serial 104
12-08 13:25:29.824  2934  3183 D Phone-0 : [0] notifyCarrierRoamingNtnSignalStrengthChanged: ntnSignalStrength=0
12-08 13:25:29.825  2934  3279 D RILJ    : [0105]> VOICE_REGISTRATION_STATE [PHONE1]
12-08 13:25:29.825  2934  3279 D RILJ    : getVoiceRegistrationState: overrideHalVersion=null [PHONE1]
12-08 13:25:29.825  2934  2934 E Phone-0 : [0] getUserHandle: ex=java.lang.IllegalArgumentException: [getSubscriptionUserHandle]: Invalid subscriptionId: -1
12-08 13:25:29.825  1755  1755 D RILC    : RadioImpl_1_5::getVoiceRegistrationState_1_5: serial 105
12-08 13:25:29.850  2934  3083 D RILJ    : [0035]< SET_LINK_CAPACITY_REPORTING_CRITERIA error 6 [PHONE0]
12-08 13:25:29.850  2934  3083 D RilRequest: [0035]< SET_LINK_CAPACITY_REPORTING_CRITERIA error: com.android.internal.telephony.CommandException: REQUEST_NOT_SUPPORTED ret= result=null
12-08 13:25:29.860  2934  3083 D RILJ    : [0067]< SET_LINK_CAPACITY_REPORTING_CRITERIA error 6 [PHONE1]
12-08 13:25:29.860  2934  3083 D RilRequest: [0067]< SET_LINK_CAPACITY_REPORTING_CRITERIA error: com.android.internal.telephony.CommandException: REQUEST_NOT_SUPPORTED ret= result=null
12-08 13:25:29.876  2934  2934 D ImsManagerIM [0]: ImsService not up yet - timeout waiting for connection.
12-08 13:25:29.886  2934  2934 D UiccProfile: handleMessage: Received OPEN_LOGICAL_CHANNEL_DONE for phoneId 0
12-08 13:25:29.886  2934  2934 D UiccProfile: handleMessage: Error in SIM access with exception com.android.internal.telephony.CommandException: NO_SUCH_ELEMENT
12-08 13:25:29.886  2934  2934 E CarrierActionAgent: [1]Unsupported action: 7
12-08 13:25:29.886  2934  2934 D CarrierActionAgent: [1]EVENT_SIM_STATE_CHANGED status: ABSENT
12-08 13:25:29.893  2934  2934 D SMSDispatcher: Received broadcast android.intent.action.SIM_STATE_CHANGED
12-08 13:25:29.893  2934  2934 D SMSDispatcher: Received broadcast android.intent.action.SIM_STATE_CHANGED
12-08 13:25:29.893  2934  2934 D AnkitSimAbsent: Sim is Absent
12-08 13:25:29.894  2934  2934 D SMSDispatcher: Received broadcast android.intent.action.SIM_STATE_CHANGED
12-08 13:25:29.894  2934  2934 D SMSDispatcher: Received broadcast android.intent.action.SIM_STATE_CHANGED
12-08 13:25:29.894  2934  2934 D SMSDispatcher: Received broadcast android.intent.action.SIM_STATE_CHANGED
12-08 13:25:29.894  2934  2934 D SMSDispatcher: Received broadcast android.intent.action.SIM_STATE_CHANGED
12-08 13:25:29.894  2934  2934 D AnkitSimAbsent: Sim is Absent
12-08 13:25:29.895  2934  2934 D SIMRecords: [SIMRecords-0] iccid: 893422230[****]
12-08 13:25:29.895  2934  2934 D SIMRecords: [SIMRecords-0] onRecordLoaded 2 requested: false
12-08 13:25:29.895  2934  2934 D SIMRecords: [SIMRecords-0] EF_LI LOADED
12-08 13:25:29.895  2934  2934 D SIMRecords: [SIMRecords-0] EF_LI=6573726F656E6672646568756974
12-08 13:25:29.895  2934  2934 D SIMRecords: [SIMRecords-0] onRecordLoaded 1 requested: false
12-08 13:25:29.895  2934  2934 D SSCtr   : clearSignalStrengthUpdateRequest subId=-1 callingUid=1002 request=SignalStrengthUpdateRequest{mSignalThresholdInfos=[] mIsReportingRequestedWhileIdle=false mIsSystemThresholdReportingRequestedWhileIdle=true mLiveTokenandroid.os.BinderProxy@5d88fa0}
12-08 13:25:29.895  2934  2934 D SIMRecords: [SIMRecords-0] EF_PL LOADED
12-08 13:25:29.895  2934  2934 D SIMRecords: [SIMRecords-0] EF_PL=6573726F656E6672646568756974
12-08 13:25:29.895  2934  2934 D SIMRecords: [SIMRecords-0] onRecordLoaded 0 requested: false
12-08 13:25:29.895  2934  2934 D SIMRecords: [SIMRecords-0] Not using EF LI/EF PL
12-08 13:25:29.895  2934  2934 D SIMRecords: [SIMRecords-0] EF_CFIS and EF_CFF not valid. callForwardingEnabled=-1
12-08 13:25:29.895  2934  2934 D UiccPkcs15: Creating UiccPkcs15
12-08 13:25:29.895  2934  2934 D UiccProfile: iccOpenLogicalChannel: A000000063504B43532D3135 , 4 by pid:2934 uid:1001
12-08 13:25:29.896  2934  2934 D RILJ    : [0106]> SIM_OPEN_CHANNEL [PHONE0]
12-08 13:25:29.896  2934  2934 D PinStorage: SIM card/application changed[1]: ABSENT
12-08 13:25:29.896  2934  2934 E CarrierActionAgent: [0]Unsupported action: 7
12-08 13:25:29.896  2934  2934 D CarrierActionAgent: [0]EVENT_SIM_STATE_CHANGED status: NOT_READY
12-08 13:25:29.898  2934  2934 D RILJ    : [0107]> SET_SIGNAL_STRENGTH_REPORTING_CRITERIA [PHONE0]
12-08 13:25:29.898  2934  2934 D SSCtr   : setSignalStrengthReportingCriteria consolidatedSignalThresholdInfos=[SignalThresholdInfo{mRan=1 mSignalMeasurementType=1 mHysteresisMs=3000 mHysteresisDb=2 mThresholds=[] mIsEnabled=false}, SignalThresholdInfo{mRan=2 mSignalMeasurementType=2 mHysteresisMs=3000 mHysteresisDb=2 mThresholds=[] mIsEnabled=false}, SignalThresholdInfo{mRan=3 mSignalMeasurementType=3 mHysteresisMs=3000 mHysteresisDb=2 mThresholds=[] mIsEnabled=false}, SignalThresholdInfo{mRan=3 mSignalMeasurementType=4 mHysteresisMs=3000 mHysteresisDb=2 mThresholds=[] mIsEnabled=false}, SignalThresholdInfo{mRan=3 mSignalMeasurementType=5 mHysteresisMs=3000 mHysteresisDb=2 mThresholds=[] mIsEnabled=false}, SignalThresholdInfo{mRan=6 mSignalMeasurementType=6 mHysteresisMs=3000 mHysteresisDb=2 mThresholds=[] mIsEnabled=false}, SignalThresholdInfo{mRan=6 mSignalMeasurementType=7 mHysteresisMs=3000 mHysteresisDb=2 mThresholds=[] mIsEnabled=false}, SignalThresholdInfo{mRan=6 mSignalMeasurementType=8 mHysteresisMs=3000 mHysteresisDb=2 mThresholds=[] mIsEnabled=false}, SignalThresholdInfo{mRan=2 mSignalMeasurementType=9 mHysteresisMs=3000 mHysteresisDb=2 mThresholds=[] mIsEnabled=false}]
12-08 13:25:29.898  2934  2934 D UiccProfile: handleMessage: Received ICC_LOCKED for phoneId 0
12-08 13:25:29.898  2934  2934 D UiccProfile: setExternalState: set mPhoneId=0 mExternalState=PIN_REQUIRED
12-08 13:25:29.904  2934  2934 D UiccController: updateSimState: phoneId=0, state=PIN_REQUIRED, reason=PIN
12-08 13:25:29.906  2934  2934 D LocaleTracker-1: updateLocale: countryIso = , countryIsoDebugInfo = radio off
12-08 13:25:29.906  2934  2934 D LocaleTracker-1: updateLocale: timeZoneCountryIso = , timeZoneCountryIsoDebugInfo = radio off
12-08 13:25:29.906  2934  2934 D NitzStateMachineImpl: handleCountryUnavailable: mLatestNitzSignal=null
12-08 13:25:29.906  2934  2934 D NitzStateMachineImpl: doTimeZoneDetection: countryIsoCode=null, nitzSignal=null, suggestion=TelephonyTimeZoneSuggestion{mSlotIndex=1, mZoneId='null', mMatchType=0, mQuality=0, mDebugInfo=[getTimeZoneSuggestion: nitzSignal=null, countryIsoCode=null, Detection reason=handleCountryUnavailable]}, reason=handleCountryUnavailable
12-08 13:25:29.906  2934  2934 D CarrierPrivilegesTracker: handleSimStateChanged: slotId=1 simState=1
12-08 13:25:29.906  2934  2934 D CarrierPrivilegesTracker: handleSimStateChanged: Ignore SIM gone event while UiccRules is empty or waiting to be emptied.
12-08 13:25:29.907  2934  2934 D SMSVC   : updateSimState: slot 0 PIN_REQUIRED
12-08 13:25:29.907  2934  2934 D SMSVC   : updateSubscription: phoneId=0, simState=PIN_REQUIRED
12-08 13:25:29.907  2934  2934 D SMSVC   :   [UiccSlot: mActive=true, mIccId={0=893422230[****]}, mIsEuicc=false, MEP=false, mPortIdxToPhoneId={0=0}, mEid=, mCardState={0=CARDSTATE_PRESENT} mSupportedMepMode=NONE]
12-08 13:25:29.907  2934  2934 D SMSVC   :   [UiccSlot: mActive=true, mIccId={0=}, mIsEuicc=false, MEP=false, mPortIdxToPhoneId={0=1}, mEid=, mCardState={0=CARDSTATE_ABSENT} mSupportedMepMode=NONE]
12-08 13:25:29.907  2934  2934 D SMSVC   : updateSubscription: Found iccId=893422230[****] on phone 0
12-08 13:25:29.907  2934  2934 D SMSVC   : updateSubscription: Found existing subscription. subId= 1, phoneId=0
12-08 13:25:29.909  2934  2934 D SMSVC   : updateSubscription: current mapping [slot 0: subId=1]
12-08 13:25:29.909  2934  2934 D SMSVC   : updateSubscription: [SubscriptionInfoInternal: id=1 iccId=893422230[****] simSlotIndex=0 portIndex=0 isEmbedded=0 isRemovableEmbedded=0 carrierId=2442 displayName=Digi.Mobil carrierName=Sin servicio isOpportunistic=0 groupUuid= groupOwner= displayNameSource=SIM_SPN iconTint=-16749196 number= dataRoaming=1 mcc=214 mnc=22 ehplmns= hplmns=21422 cardString=893422230[****] cardId=0 nativeAccessRules= carrierConfigAccessRules= countryIso=es profileClass=-1 type=LOCAL_SIM areUiccApplicationsEnabled=1 usageSetting=DEFAULT isEnhanced4GModeEnabled=-1 isVideoTelephonyEnabled=-1 isWifiCallingEnabled=-1 isWifiCallingEnabledForRoaming=-1 wifiCallingMode=WIFI_PREFERRED wifiCallingModeForRoaming=WIFI_PREFERRED enabledMobileDataPolicies= imsi=214223003[****] rcsUceEnabled=0 crossSimCallingEnabled=0 rcsConfig= allowedNetworkTypesForReasons=user=654335 deviceToDeviceStatusSharingPreference=0 isVoImsOptInEnabled=0 deviceToDeviceStatusSharingContacts= numberFromCarrier= numberFromIms= userId=-10000 isSatelliteEnabled=0 satellite_attach_enabled_for_carrier=1 getOnlyNonTerrestrialNetwork=0 isGroupDisabled=false serviceCapabilities=7 transferStatus=0 satelliteEntitlementStatus=0 satelliteEntitlementPlmns= isSatelliteESOSSupported=0 isSatelliteProvisionedForNonIpDatagram=0 mSatelliteEntitlementBarredPlmnsList= mSatelliteEntitlementDataPlanForPlmn= mSatelliteEntitlementServicesForPlmn= mSatellitePlmnsDataServicePolicy= mSatellitePlmnsVoiceServicePolicy=]
12-08 13:25:29.909  2934  2934 D SMSVC   : Notify all subscriptions loaded.
12-08 13:25:29.910  2934  2934 D SMSVC   : updateDefaultSubId: Default sub id updated from -1 to 1, phoneId=0
12-08 13:25:29.912  2934  2934 D DNC-1   : onSimStateChanged: state=ABSENT
12-08 13:25:29.912  2934  2934 D DNC-1   : onSimAbsent
12-08 13:25:29.912  2934  2934 D PinStorage: SIM card/application changed[0]: PRESENT
12-08 13:25:29.912  2934  2934 D LocaleTracker-0: updateLocale: countryIso = , countryIsoDebugInfo = radio off
12-08 13:25:29.912  2934  2934 D LocaleTracker-0: updateLocale: timeZoneCountryIso = , timeZoneCountryIsoDebugInfo = radio off
12-08 13:25:29.912  2934  2934 D NitzStateMachineImpl: handleCountryUnavailable: mLatestNitzSignal=null
12-08 13:25:29.912  2934  2934 D NitzStateMachineImpl: doTimeZoneDetection: countryIsoCode=null, nitzSignal=null, suggestion=TelephonyTimeZoneSuggestion{mSlotIndex=0, mZoneId='null', mMatchType=0, mQuality=0, mDebugInfo=[getTimeZoneSuggestion: nitzSignal=null, countryIsoCode=null, Detection reason=handleCountryUnavailable]}, reason=handleCountryUnavailable
12-08 13:25:29.912  2934  2934 D DNC-0   : onSimStateChanged: state=PRESENT
12-08 13:25:29.912  2934  2934 D SMSVC   : updateUserIdToAvailableSubs: {-10000=[1]}
12-08 13:25:29.921  2934  3252 E TelephonyAnalyticsSubId: Null Pointer Exception Caught
12-08 13:25:29.922  2934  3252 D DSMGR-0 : onSubscriptionsChanged: -1 to 1
12-08 13:25:29.922  2934  3191 D ImsStateCallbackController: [0, MMTEL] setSubId changed subId=1
12-08 13:25:29.922  2934  3191 D ImsStateCallbackController: [0, RCS] setSubId changed subId=1
12-08 13:25:29.922  2934  2934 D SMSVC   : updateUserIdToAvailableSubs: {-10000=[1]}
12-08 13:25:29.923  1878  3209 W TelephonyRegistry: Pid 1878 has exceeded half the number of permissible registered listeners. Now at 36
12-08 13:25:29.925  2934  2967 D TelephonyAnalyticsSubId: SubId = 1SlotIndex = 0
12-08 13:25:29.926  2934  3192 D ImsProvisioningController: MmTelFeatureListener[1] subId is not changed
12-08 13:25:29.926  2934  3192 D ImsProvisioningController: RcsFeatureListener[1] subId is not changed
12-08 13:25:29.926  2934  3192 D ImsProvisioningController: ProvisioningCallbackManager[0] ProvisioningCallbackManager clear 
12-08 13:25:29.926  2934  3192 D ImsProvisioningController: ProvisioningCallbackManager[1] subId is not changed 
12-08 13:25:29.926  1878  2727 W TelephonyRegistry: Pid 2934 has exceeded half the number of permissible registered listeners. Now at 78
12-08 13:25:29.927  2934  2967 D TelephonyAnalytics: Started Listener, mSubId = 1SlotId = 0
12-08 13:25:29.929  2934  3083 D RILJ    : [0036]< SET_LINK_CAPACITY_REPORTING_CRITERIA  [PHONE0]
12-08 13:25:29.930  2934  3210 D TelephonyAnalyticsSubId: SubId = 1SlotIndex = 0
12-08 13:25:29.933  2934  2967 E TelephonyAnalyticsSubId: Null Pointer Exception Caught
12-08 13:25:29.934  1878  2974 W TelephonyRegistry: Pid 2934 has exceeded half the number of permissible registered listeners. Now at 79
12-08 13:25:29.935  1878  1904 W TelephonyRegistry: Pid 1878 has exceeded half the number of permissible registered listeners. Now at 37
12-08 13:25:29.937  1878  3209 W TelephonyRegistry: Pid 1878 has exceeded half the number of permissible registered listeners. Now at 38
12-08 13:25:29.938  2934  2967 I liblog  : 25
12-08 13:25:29.940  2934  2934 D UiccController: Broadcasting intent ACTION_SIM_STATE_CHANGED LOCKED reason PIN for phone: 0 sub: 1
12-08 13:25:29.945  2934  2934 D UiccController: Broadcasting intent ACTION_SIM_APPLICATION_STATE_CHANGED PIN_REQUIRED for phone: 0 slot: 0 port: 0 sub: 1
12-08 13:25:29.954  2934  3083 D RILJ    : [0106]< SIM_OPEN_CHANNEL error 17 [PHONE0]
12-08 13:25:29.954  2934  3083 D RilRequest: [0106]< SIM_OPEN_CHANNEL error: com.android.internal.telephony.CommandException: NO_SUCH_ELEMENT ret= result={ when=-32s737ms what=8 obj={ when=-32s737ms what=201 target=com.android.internal.telephony.uicc.UiccPkcs15$Pkcs15Selector } target=com.android.internal.telephony.uicc.UiccProfile$4 }
12-08 13:25:29.968  2934  2934 D UiccController: updateSimState: resolve carrier id and update carrier services.
12-08 13:25:29.968  2934  2934 D CarrierResolver: [resolveSubscriptionCarrierId] simState: LOCKED
12-08 13:25:29.971  2934  2934 D DNC-1   : onReevaluateExistingDataNetworks: No existing data networks to re-evaluate.
12-08 13:25:29.977  2934  2934 D SST     : [0] SubscriptionListener.onSubscriptionInfoChanged
12-08 13:25:29.977  2934  2934 D Phone-0 : getStoredVoiceMessageCount: from preference for subId 1= 0
12-08 13:25:29.977  2934  2934 D GsmCdmaPhone: [0] updateVoiceMail countVoiceMessages = 0 subId 1
12-08 13:25:29.977  2934  2934 D Phone-0 : setVoiceMessageCount: Storing Voice Mail Count = 0 for mVmCountKey = vm_count_key1 in preferences.
12-08 13:25:29.977  2934  2934 D Phone-0 : setVoiceMessageCount: updating SIM Records
12-08 13:25:29.984  2934  2934 D DefaultPhoneNotifier: notifyServiceStateForSubId: mRegistryMgr=android.telephony.TelephonyRegistryManager@3c9cbef ss={mVoiceRegState=3(POWER_OFF), mDataRegState=3(POWER_OFF), mChannelNumber=-1, duplexMode()=0, mCellBandwidths=[], mOperatorAlphaLong=null, mOperatorAlphaShort=null, isManualNetworkSelection=false(automatic), getRilVoiceRadioTechnology=0(Unknown), getRilDataRadioTechnology=0(Unknown), mCssIndicator=unsupported, mNetworkId=-1, mSystemId=-1, mCdmaRoamingIndicator=-1, mCdmaDefaultRoamingIndicator=-1, mIsEmergencyOnly=false, isUsingCarrierAggregation=false, mArfcnRsrpBoost=0, mNetworkRegistrationInfos=[NetworkRegistrationInfo{ domain=CS transportType=WWAN registrationState=UNKNOWN networkRegistrationState=UNKNOWN roamingType=NOT_ROAMING accessNetworkTechnology=UNKNOWN rejectCause=0 emergencyEnabled=false availableServices=[] cellIdentity=null voiceSpecificInfo=null dataSpecificInfo=null nrState=**** rRplmn= isUsingCarrierAggregation=false isNonTerrestrialNetwork=TERRESTRIAL}, NetworkRegistrationInfo{ domain=PS transportType=WWAN registrationState=UNKNOWN networkRegistrationState=UNKNOWN roamingType=NOT_ROAMING accessNetworkTechnology=UNKNOWN rejectCause=0 emergencyEnabled=false availableServices=[] cellIdentity=null voiceSpecificInfo=null dataSpecificInfo=null nrState=**** rRplmn= isUsingCarrierAggregation=false isNonTerrestrialNetwork=TERRESTRIAL}, NetworkRegistrationInfo{ domain=PS transportType=WLAN registrationState=UNKNOWN networkRegistrationState=UNKNOWN roamingType=NOT_ROAMING accessNetworkTechnology=UNKNOWN rejectCause=0 emergencyEnabled=false availableServices=[] cellIdentity=null voiceSpecificInfo=null dataSpecificInfo=null nrState=**** rRplmn= isUsingCarrierAggregation=false isNonTerrestrialNetwork=TERRESTRIAL}], mNrFrequencyRange=0, mOperatorAlphaLongRaw=null, mOperatorAlphaShortRaw=null, mIsDataRoamingFromRegistration=false, mIsIwlanPreferred=false, mIsUsingNonTerrestrialNetwork=false} sender=Handler (com.android.internal.telephony.GsmCdmaPhone) {6e3fea5} phondId=0 subId=1
12-08 13:25:29.989  2934  3083 D RILJ    : Unsol response received; Sending ack to ril.cpp [PHONE0]
12-08 13:25:29.989  2934  3083 D RILJ    : [UNSL]< UNSOL_RESPONSE_NETWORK_STATE_CHANGED [PHONE0]
12-08 13:25:29.989  2934  3279 D NRM-C-0 : onNetworkStateChanged
12-08 13:25:29.996  1735  1809 E RILQ    : (0/1735): RIL[0][(1735,1809)] get_ecc_property_name: ecc list name : ril.ecclist.
12-08 13:25:29.997  2934  2934 D SST     : [0] Update SS information on moving from invalid to valid sub id
12-08 13:25:29.998  2934  3183 D Phone-0 : [0] notifyCarrierRoamingNtnModeChanged active:false
12-08 13:25:30.000  1735  1809 E RILQ    : (0/1735): RIL[0][(1735,1809)] get_ecc_property_name: ecc list name : ril.ecclist.
12-08 13:25:30.000  2934  3083 D RILJ    : Unsol response received; Sending ack to ril.cpp [PHONE1]
12-08 13:25:30.000  2934  3083 D RILJ    : [UNSL]< UNSOL_RESPONSE_NETWORK_STATE_CHANGED [PHONE1]
12-08 13:25:30.001  2934  3083 D RILJ    : [0055]< SET_SIGNAL_STRENGTH_REPORTING_CRITERIA  [PHONE1]
12-08 13:25:30.001  2934  2934 D Phone-0 : [0] mPreferredUsageSetting=1, lastPreferredUsageSetting=-1, mUsageSettingFromModem=-1
12-08 13:25:30.001  2934  2934 E RILJ    : getUsageSetting not supported on service NETWORK < 2.0. [PHONE0]
12-08 13:25:30.001  2934  3279 D NRM-C-1 : onNetworkStateChanged
12-08 13:25:30.002  2934  3083 D RILJ    : [UNSL]< UNSOL_EMERGENCY_NUMBER_LIST [[EmergencyNumber: 112, countryIso=, mnc=, src=sim , routing=unknown, categories=, urns=], [EmergencyNumber: 911, countryIso=, mnc=, src=sim , routing=unknown, categories=, urns=]] [PHONE0]
12-08 13:25:30.002  2934  3083 E RILJ    : processResponse: Unexpected response! serial: 55, error: 0 [PHONE1]
12-08 13:25:30.002  2934  3083 D RILJ    : [UNSL]< UNSOL_EMERGENCY_NUMBER_LIST [[EmergencyNumber: 112, countryIso=, mnc=, src=sim , routing=unknown, categories=, urns=], [EmergencyNumber: 911, countryIso=, mnc=, src=sim , routing=unknown, categories=, urns=]] [PHONE0]
12-08 13:25:30.002  2934  3083 E RILJ    : processResponse: Unexpected response! serial: 55, error: 0 [PHONE1]
12-08 13:25:30.002  2934  3083 E RILJ    : processResponse: Unexpected response! serial: 55, error: 0 [PHONE1]
12-08 13:25:30.002  2934  3083 E RILJ    : processResponse: Unexpected response! serial: 55, error: 0 [PHONE1]
12-08 13:25:30.002  2934  3083 E RILJ    : processResponse: Unexpected response! serial: 55, error: 0 [PHONE1]
12-08 13:25:30.003  2934  3083 E RILJ    : processResponse: Unexpected response! serial: 55, error: 0 [PHONE1]
12-08 13:25:30.003  2934  3083 E RILJ    : processResponse: Unexpected response! serial: 55, error: 0 [PHONE1]
12-08 13:25:30.003  2934  3083 E RILJ    : processResponse: Unexpected response! serial: 55, error: 0 [PHONE1]
12-08 13:25:30.003  2934  3083 E RILJ    : processResponse: Unexpected response! serial: 55, error: 44 [PHONE1]
12-08 13:25:30.003  2934  2934 D SST     : [0] getCarrierDisplayNameLegacy+
12-08 13:25:30.003  2934  2934 D SST     : [0] updateCarrierDisplayName: satellitePlmn=null
12-08 13:25:30.003  2934  2934 D SST     : [0] updateCarrierDisplayName: radio is off w/ showPlmn=true plmn=null
12-08 13:25:30.003  2934  2934 D SST     : [0] updateCarrierDisplayName: rawSpn = 
12-08 13:25:30.003  2934  2934 D SST     : [0] getCarrierDisplayNameLegacy-
12-08 13:25:30.003  2934  2934 D SMSVC   : setCarrierName: subId=1, carrierName=
12-08 13:25:30.003  2934  2934 D SST     : [0] notifyCarrierDisplayNameDataChanged: changed sending intent, rule=2, CarrierDisplayNameData={ spn = null, dataSpn = , showSpn = false, plmn = null, showPlmn = true, subId=1
12-08 13:25:30.005  2934  3183 D Phone-0 : [0] notifyCarrierRoamingNtnSignalStrengthChanged: ntnSignalStrength=0
12-08 13:25:30.005  2934  3083 D RILJ    : [0037]< SET_LINK_CAPACITY_REPORTING_CRITERIA  [PHONE0]
12-08 13:25:30.005  2934  3083 D RILJ    : [0069]< SET_LINK_CAPACITY_REPORTING_CRITERIA  [PHONE1]
12-08 13:25:30.005  2934  3083 D RILJ    : [0038]< SET_LINK_CAPACITY_REPORTING_CRITERIA error 6 [PHONE0]
12-08 13:25:30.005  2934  3083 D RilRequest: [0038]< SET_LINK_CAPACITY_REPORTING_CRITERIA error: com.android.internal.telephony.CommandException: REQUEST_NOT_SUPPORTED ret= result=null
12-08 13:25:30.005  2934  3083 D RILJ    : [0056]< SET_SIGNAL_STRENGTH_REPORTING_CRITERIA  [PHONE1]
12-08 13:25:30.005  2934  3083 D RILJ    : [0070]< SET_LINK_CAPACITY_REPORTING_CRITERIA error 6 [PHONE1]
12-08 13:25:30.005  2934  3083 D RilRequest: [0070]< SET_LINK_CAPACITY_REPORTING_CRITERIA error: com.android.internal.telephony.CommandException: REQUEST_NOT_SUPPORTED ret= result=null
12-08 13:25:30.006  2934  3083 E RILJ    : processResponse: Unexpected response! serial: 56, error: 0 [PHONE1]
12-08 13:25:30.006  2934  3083 E RILJ    : processResponse: Unexpected response! serial: 56, error: 0 [PHONE1]
12-08 13:25:30.006  2934  3083 E RILJ    : processResponse: Unexpected response! serial: 56, error: 0 [PHONE1]
12-08 13:25:30.006  2934  3083 E RILJ    : processResponse: Unexpected response! serial: 56, error: 0 [PHONE1]
12-08 13:25:30.006  2934  3083 E RILJ    : processResponse: Unexpected response! serial: 56, error: 0 [PHONE1]
12-08 13:25:30.006  2934  3083 E RILJ    : processResponse: Unexpected response! serial: 56, error: 0 [PHONE1]
12-08 13:25:30.008  1878  2466 W TelephonyRegistry: Pid 2934 has exceeded half the number of permissible registered listeners. Now at 80
12-08 13:25:30.008  2934  2934 D SST     : [1] SubscriptionListener.onSubscriptionInfoChanged
12-08 13:25:30.008  2934  2934 D TNP     : Subscription changed.
12-08 13:25:30.008  2934  2934 D TNP     : reevaluateNetworkRequests: subscription changed.
12-08 13:25:30.009  2934  3083 E RILJ    : processResponse: Unexpected response! serial: 56, error: 0 [PHONE1]
12-08 13:25:30.009  2934  3083 D RILJ    : [0100]< QUERY_NETWORK_SELECTION_MODE {0} [PHONE0]
12-08 13:25:30.009  2934  3083 E RILJ    : processResponse: Unexpected response! serial: 56, error: 0 [PHONE1]
12-08 13:25:30.009  2934  3083 E RILJ    : processResponse: Unexpected response! serial: 56, error: 44 [PHONE1]
12-08 13:25:30.013  1755  1807 E RILQ    : (1/1755): RIL[1][(1755,1807)] get_ecc_property_name: ecc list name : ril.ecclist1.
12-08 13:25:30.014  2934  3083 D RILJ    : [UNSL]< UNSOL_EMERGENCY_NUMBER_LIST [[EmergencyNumber: 112, countryIso=, mnc=, src=sim , routing=unknown, categories=, urns=], [EmergencyNumber: 911, countryIso=, mnc=, src=sim , routing=unknown, categories=, urns=]] [PHONE1]
12-08 13:25:30.021  2934  2934 D TNP     : Request moved. phoneId -1 -> 0 [NetworkRequest [ REQUEST id=12, [ Transports: SATELLITE Capabilities: INTERNET&TRUSTED&NOT_VPN&NOT_VCN_MANAGED Uid: 10613 UnderlyingNetworks: Null] ], mPriority=0, state=UNSATISFIED, mAttachedDataNetwork=null, created time=13:25:29.243, evaluation result=null]
12-08 13:25:30.021  2934  2934 D TNP     : Request moved. phoneId -1 -> 0 [NetworkRequest [ REQUEST id=69, [ Capabilities: INTERNET&NOT_RESTRICTED&TRUSTED&NOT_VCN_MANAGED&NOT_BANDWIDTH_CONSTRAINED Uid: 1073 RequestorUid: 1073 RequestorPkg: com.android.networkstack UnderlyingNetworks: Null] ], mPriority=0, state=UNSATISFIED, mAttachedDataNetwork=null, created time=13:25:29.246, evaluation result=null]
12-08 13:25:30.021  2934  2934 D TNP     : Request moved. phoneId -1 -> 0 [NetworkRequest [ BACKGROUND_REQUEST id=2, [ Transports: CELLULAR Capabilities: INTERNET&NOT_RESTRICTED&TRUSTED&NOT_VPN&NOT_VCN_MANAGED&NOT_BANDWIDTH_CONSTRAINED RequestorUid: 1000 RequestorPkg: android UnderlyingNetworks: Null] ], mPriority=0, state=UNSATISFIED, mAttachedDataNetwork=null, created time=13:25:29.244, evaluation result=null]
12-08 13:25:30.022  2934  2934 D TNP     : Request moved. phoneId -1 -> 0 [NetworkRequest [ REQUEST id=1, [ Capabilities: INTERNET&NOT_RESTRICTED&TRUSTED&NOT_VPN&NOT_VCN_MANAGED&NOT_BANDWIDTH_CONSTRAINED RequestorUid: 1000 RequestorPkg: android UnderlyingNetworks: Null] ], mPriority=0, state=UNSATISFIED, mAttachedDataNetwork=null, created time=13:25:29.244, evaluation result=null]
12-08 13:25:30.022  2934  2934 D TNP     : Request moved. phoneId -1 -> 0 [NetworkRequest [ REQUEST id=67, [ Capabilities: INTERNET&NOT_RESTRICTED&TRUSTED&NOT_VCN_MANAGED&NOT_BANDWIDTH_CONSTRAINED Uid: 1000 RequestorUid: 1000 RequestorPkg: android UnderlyingNetworks: Null] ], mPriority=0, state=UNSATISFIED, mAttachedDataNetwork=null, created time=13:25:29.247, evaluation result=null]
12-08 13:25:30.022  2934  2934 D TNP     : Request moved. phoneId -1 -> 0 [NetworkRequest [ REQUEST id=59, [ Capabilities: INTERNET&NOT_RESTRICTED&TRUSTED&NOT_VCN_MANAGED&NOT_BANDWIDTH_CONSTRAINED Uid: 10561 RequestorUid: 1000 RequestorPkg: android UnderlyingNetworks: Null] ], mPriority=0, state=UNSATISFIED, mAttachedDataNetwork=null, created time=13:25:29.244, evaluation result=null]
12-08 13:25:30.022  2934  2934 D TNP     : Request moved. phoneId -1 -> 0 [NetworkRequest [ REQUEST id=57, [ Capabilities: INTERNET&NOT_RESTRICTED&TRUSTED&NOT_VCN_MANAGED&NOT_BANDWIDTH_CONSTRAINED Uid: 10578 RequestorUid: 1000 RequestorPkg: android UnderlyingNetworks: Null] ], mPriority=0, state=UNSATISFIED, mAttachedDataNetwork=null, created time=13:25:29.246, evaluation result=null]
12-08 13:25:30.022  2934  2934 D TNP     : Request moved. phoneId -1 -> 0 [NetworkRequest [ REQUEST id=55, [ Capabilities: INTERNET&NOT_RESTRICTED&TRUSTED&NOT_VCN_MANAGED&NOT_BANDWIDTH_CONSTRAINED Uid: 10588 RequestorUid: 1000 RequestorPkg: android UnderlyingNetworks: Null] ], mPriority=0, state=UNSATISFIED, mAttachedDataNetwork=null, created time=13:25:29.246, evaluation result=null]
12-08 13:25:30.023  2934  2934 D TNP     : Request moved. phoneId -1 -> 0 [NetworkRequest [ REQUEST id=53, [ Capabilities: INTERNET&NOT_RESTRICTED&TRUSTED&NOT_VCN_MANAGED&NOT_BANDWIDTH_CONSTRAINED Uid: 10598 RequestorUid: 1000 RequestorPkg: android UnderlyingNetworks: Null] ], mPriority=0, state=UNSATISFIED, mAttachedDataNetwork=null, created time=13:25:29.248, evaluation result=null]
12-08 13:25:30.023  2934  2934 D TNP     : Request moved. phoneId -1 -> 0 [NetworkRequest [ REQUEST id=51, [ Capabilities: INTERNET&NOT_RESTRICTED&TRUSTED&NOT_VCN_MANAGED&NOT_BANDWIDTH_CONSTRAINED Uid: 10605 RequestorUid: 1000 RequestorPkg: android UnderlyingNetworks: Null] ], mPriority=0, state=UNSATISFIED, mAttachedDataNetwork=null, created time=13:25:29.244, evaluation result=null]
12-08 13:25:30.023  2934  2934 D TNP     : Request moved. phoneId -1 -> 0 [NetworkRequest [ REQUEST id=49, [ Capabilities: INTERNET&NOT_RESTRICTED&TRUSTED&NOT_VCN_MANAGED&NOT_BANDWIDTH_CONSTRAINED Uid: 10618 RequestorUid: 1000 RequestorPkg: android UnderlyingNetworks: Null] ], mPriority=0, state=UNSATISFIED, mAttachedDataNetwork=null, created time=13:25:29.247, evaluation result=null]
12-08 13:25:30.023  2934  2934 D TNP     : Request moved. phoneId -1 -> 0 [NetworkRequest [ REQUEST id=61, [ Capabilities: INTERNET&NOT_RESTRICTED&TRUSTED&NOT_VCN_MANAGED&NOT_BANDWIDTH_CONSTRAINED Uid: 10609 RequestorUid: 1000 RequestorPkg: android UnderlyingNetworks: Null] ], mPriority=0, state=UNSATISFIED, mAttachedDataNetwork=null, created time=13:25:29.245, evaluation result=null]
12-08 13:25:30.029  1755  1807 E RILQ    : (1/1755): RIL[1][(1755,1807)] get_ecc_property_name: ecc list name : ril.ecclist1.
12-08 13:25:30.029  2934  3083 D RILJ    : [0102]< OPERATOR {, , } [PHONE1]
12-08 13:25:30.029  2934  3083 D RILJ    : [UNSL]< UNSOL_EMERGENCY_NUMBER_LIST [[EmergencyNumber: 112, countryIso=, mnc=, src=sim , routing=unknown, categories=, urns=], [EmergencyNumber: 911, countryIso=, mnc=, src=sim , routing=unknown, categories=, urns=]] [PHONE1]
12-08 13:25:30.029  2934  3083 D RILJ    : [0103]< QUERY_NETWORK_SELECTION_MODE {0} [PHONE1]
12-08 13:25:30.031  2934  2934 D TNP     : Request moved. phoneId -1 -> 0 [NetworkRequest [ REQUEST id=47, [ Capabilities: INTERNET&NOT_RESTRICTED&TRUSTED&NOT_VCN_MANAGED&NOT_BANDWIDTH_CONSTRAINED Uid: 10630 RequestorUid: 1000 RequestorPkg: android UnderlyingNetworks: Null] ], mPriority=0, state=UNSATISFIED, mAttachedDataNetwork=null, created time=13:25:29.244, evaluation result=null]
12-08 13:25:30.032  2934  2934 D TNP     : Request moved. phoneId -1 -> 0 [NetworkRequest [ REQUEST id=43, [ Capabilities: INTERNET&NOT_RESTRICTED&TRUSTED&NOT_VCN_MANAGED&NOT_BANDWIDTH_CONSTRAINED Uid: 10640 RequestorUid: 1000 RequestorPkg: android UnderlyingNetworks: Null] ], mPriority=0, state=UNSATISFIED, mAttachedDataNetwork=null, created time=13:25:29.248, evaluation result=null]
12-08 13:25:30.032  2934  2934 D TNP     : Request moved. phoneId -1 -> 0 [NetworkRequest [ REQUEST id=45, [ Capabilities: INTERNET&NOT_RESTRICTED&TRUSTED&NOT_VCN_MANAGED&NOT_BANDWIDTH_CONSTRAINED Uid: 10639 RequestorUid: 1000 RequestorPkg: android UnderlyingNetworks: Null] ], mPriority=0, state=UNSATISFIED, mAttachedDataNetwork=null, created time=13:25:29.243, evaluation result=null]
12-08 13:25:30.032  2934  2934 D TNP     : Request moved. phoneId -1 -> 0 [NetworkRequest [ REQUEST id=41, [ Capabilities: INTERNET&NOT_RESTRICTED&TRUSTED&NOT_VCN_MANAGED&NOT_BANDWIDTH_CONSTRAINED Uid: 10644 RequestorUid: 1000 RequestorPkg: android UnderlyingNetworks: Null] ], mPriority=0, state=UNSATISFIED, mAttachedDataNetwork=null, created time=13:25:29.244, evaluation result=null]
12-08 13:25:30.032  2934  2934 D TNP     : Request moved. phoneId -1 -> 0 [NetworkRequest [ REQUEST id=37, [ Capabilities: INTERNET&NOT_RESTRICTED&TRUSTED&NOT_VCN_MANAGED&NOT_BANDWIDTH_CONSTRAINED Uid: 10651 RequestorUid: 1000 RequestorPkg: android UnderlyingNetworks: Null] ], mPriority=0, state=UNSATISFIED, mAttachedDataNetwork=null, created time=13:25:29.247, evaluation result=null]
12-08 13:25:30.032  2934  2934 D TNP     : Request moved. phoneId -1 -> 0 [NetworkRequest [ REQUEST id=39, [ Capabilities: INTERNET&NOT_RESTRICTED&TRUSTED&NOT_VCN_MANAGED&NOT_BANDWIDTH_CONSTRAINED Uid: 10650 RequestorUid: 1000 RequestorPkg: android UnderlyingNetworks: Null] ], mPriority=0, state=UNSATISFIED, mAttachedDataNetwork=null, created time=13:25:29.244, evaluation result=null]
12-08 13:25:30.032  2934  2934 D TNP     : Request moved. phoneId -1 -> 0 [NetworkRequest [ REQUEST id=35, [ Capabilities: INTERNET&NOT_RESTRICTED&TRUSTED&NOT_VCN_MANAGED&NOT_BANDWIDTH_CONSTRAINED Uid: 10725 RequestorUid: 1000 RequestorPkg: android UnderlyingNetworks: Null] ], mPriority=0, state=UNSATISFIED, mAttachedDataNetwork=null, created time=13:25:29.243, evaluation result=null]
12-08 13:25:30.032  2934  2934 D TNP     : Request moved. phoneId -1 -> 0 [NetworkRequest [ REQUEST id=33, [ Capabilities: INTERNET&NOT_RESTRICTED&TRUSTED&NOT_VCN_MANAGED&NOT_BANDWIDTH_CONSTRAINED Uid: 10730 RequestorUid: 1000 RequestorPkg: android UnderlyingNetworks: Null] ], mPriority=0, state=UNSATISFIED, mAttachedDataNetwork=null, created time=13:25:29.242, evaluation result=null]
12-08 13:25:30.033  2934  2934 D TNP     : Request moved. phoneId -1 -> 0 [NetworkRequest [ REQUEST id=31, [ Capabilities: INTERNET&NOT_RESTRICTED&TRUSTED&NOT_VCN_MANAGED&NOT_BANDWIDTH_CONSTRAINED Uid: 10738 RequestorUid: 1000 RequestorPkg: android UnderlyingNetworks: Null] ], mPriority=0, state=UNSATISFIED, mAttachedDataNetwork=null, created time=13:25:29.246, evaluation result=null]
12-08 13:25:30.033  2934  2934 D TNP     : Request moved. phoneId -1 -> 0 [NetworkRequest [ REQUEST id=63, [ Capabilities: INTERNET&NOT_RESTRICTED&TRUSTED&NOT_VCN_MANAGED&NOT_BANDWIDTH_CONSTRAINED Uid: 10719 RequestorUid: 1000 RequestorPkg: android UnderlyingNetworks: Null] ], mPriority=0, state=UNSATISFIED, mAttachedDataNetwork=null, created time=13:25:29.242, evaluation result=null]
12-08 13:25:30.033  2934  2934 D TNP     : Request moved. phoneId -1 -> 0 [NetworkRequest [ REQUEST id=29, [ Capabilities: INTERNET&NOT_RESTRICTED&TRUSTED&NOT_VCN_MANAGED&NOT_BANDWIDTH_CONSTRAINED Uid: 10748 RequestorUid: 1000 RequestorPkg: android UnderlyingNetworks: Null] ], mPriority=0, state=UNSATISFIED, mAttachedDataNetwork=null, created time=13:25:29.245, evaluation result=null]
12-08 13:25:30.035  2934  2934 D TNP     : Request moved. phoneId -1 -> 0 [NetworkRequest [ REQUEST id=27, [ Capabilities: INTERNET&NOT_RESTRICTED&TRUSTED&NOT_VCN_MANAGED&NOT_BANDWIDTH_CONSTRAINED Uid: 10754 RequestorUid: 1000 RequestorPkg: android UnderlyingNetworks: Null] ], mPriority=0, state=UNSATISFIED, mAttachedDataNetwork=null, created time=13:25:29.245, evaluation result=null]
12-08 13:25:30.035  2934  2934 D TNP     : Request moved. phoneId -1 -> 0 [NetworkRequest [ REQUEST id=24, [ Capabilities: INTERNET&NOT_RESTRICTED&TRUSTED&NOT_VCN_MANAGED&NOT_BANDWIDTH_CONSTRAINED Uid: 10757 RequestorUid: 1000 RequestorPkg: android UnderlyingNetworks: Null] ], mPriority=0, state=UNSATISFIED, mAttachedDataNetwork=null, created time=13:25:29.246, evaluation result=null]
12-08 13:25:30.035  2934  2934 D TNP     : Request moved. phoneId -1 -> 0 [NetworkRequest [ REQUEST id=22, [ Capabilities: INTERNET&NOT_RESTRICTED&TRUSTED&NOT_VCN_MANAGED&NOT_BANDWIDTH_CONSTRAINED Uid: 10761 RequestorUid: 1000 RequestorPkg: android UnderlyingNetworks: Null] ], mPriority=0, state=UNSATISFIED, mAttachedDataNetwork=null, created time=13:25:29.241, evaluation result=null]
12-08 13:25:30.035  2934  2934 D TNP     : Request moved. phoneId -1 -> 0 [NetworkRequest [ REQUEST id=65, [ Capabilities: INTERNET&NOT_RESTRICTED&TRUSTED&NOT_VCN_MANAGED&NOT_BANDWIDTH_CONSTRAINED Uid: 10735 RequestorUid: 1000 RequestorPkg: android UnderlyingNetworks: Null] ], mPriority=0, state=UNSATISFIED, mAttachedDataNetwork=null, created time=13:25:29.246, evaluation result=null]
12-08 13:25:30.035  2934  2934 D TNP     : Request moved. phoneId -1 -> 0 [NetworkRequest [ REQUEST id=20, [ Capabilities: INTERNET&NOT_RESTRICTED&TRUSTED&NOT_VCN_MANAGED&NOT_BANDWIDTH_CONSTRAINED Uid: 10773 RequestorUid: 1000 RequestorPkg: android UnderlyingNetworks: Null] ], mPriority=0, state=UNSATISFIED, mAttachedDataNetwork=null, created time=13:25:29.245, evaluation result=null]
12-08 13:25:30.035  2934  2934 D TNP     : Request moved. phoneId -1 -> 0 [NetworkRequest [ REQUEST id=18, [ Capabilities: INTERNET&NOT_RESTRICTED&TRUSTED&NOT_VCN_MANAGED&NOT_BANDWIDTH_CONSTRAINED Uid: 10778 RequestorUid: 1000 RequestorPkg: android UnderlyingNetworks: Null] ], mPriority=0, state=UNSATISFIED, mAttachedDataNetwork=null, created time=13:25:29.244, evaluation result=null]
12-08 13:25:30.035  2934  2934 D TNP     : Request moved. phoneId -1 -> 0 [NetworkRequest [ REQUEST id=16, [ Capabilities: INTERNET&NOT_RESTRICTED&TRUSTED&NOT_VCN_MANAGED&NOT_BANDWIDTH_CONSTRAINED Uid: 10794 RequestorUid: 1000 RequestorPkg: android UnderlyingNetworks: Null] ], mPriority=0, state=UNSATISFIED, mAttachedDataNetwork=null, created time=13:25:29.247, evaluation result=null]
12-08 13:25:30.035  2934  2934 D TNP     : Request moved. phoneId -1 -> 0 [NetworkRequest [ REQUEST id=77, [ Capabilities: INTERNET&NOT_RESTRICTED&TRUSTED&NOT_VCN_MANAGED&NOT_BANDWIDTH_CONSTRAINED Uid: 10678 RequestorUid: 10678 RequestorPkg: com.android.systemui UnderlyingNetworks: Null] ], mPriority=0, state=UNSATISFIED, mAttachedDataNetwork=null, created time=13:25:29.244, evaluation result=null]
12-08 13:25:30.036  2934  2934 D TNP     : Request moved. phoneId -1 -> 0 [NetworkRequest [ REQUEST id=93, [ Capabilities: INTERNET&NOT_RESTRICTED&TRUSTED&NOT_VCN_MANAGED&NOT_BANDWIDTH_CONSTRAINED Uid: 10678 RequestorUid: 10678 RequestorPkg: com.android.systemui UnderlyingNetworks: Null] ], mPriority=0, state=UNSATISFIED, mAttachedDataNetwork=null, created time=13:25:29.253, evaluation result=null]
12-08 13:25:30.036  2934  2934 D TNP     : Request moved. phoneId -1 -> 0 [NetworkRequest [ REQUEST id=97, [ Capabilities: INTERNET&NOT_RESTRICTED&TRUSTED&NOT_VCN_MANAGED&NOT_BANDWIDTH_CONSTRAINED Uid: 10678 RequestorUid: 10678 RequestorPkg: com.android.systemui UnderlyingNetworks: Null] ], mPriority=0, state=UNSATISFIED, mAttachedDataNetwork=null, created time=13:25:29.585, evaluation result=null]
12-08 13:25:30.036  2934  2934 D TNP     : Request moved. phoneId -1 -> 0 [NetworkRequest [ REQUEST id=99, [ Capabilities: INTERNET&NOT_RESTRICTED&TRUSTED&NOT_VCN_MANAGED&NOT_BANDWIDTH_CONSTRAINED Uid: 10678 RequestorUid: 10678 RequestorPkg: com.android.systemui UnderlyingNetworks: Null] ], mPriority=0, state=UNSATISFIED, mAttachedDataNetwork=null, created time=13:25:29.585, evaluation result=null]
12-08 13:25:30.036  2934  2934 D TNP     : Request moved. phoneId -1 -> 0 [NetworkRequest [ REQUEST id=81, [ Capabilities: INTERNET&NOT_RESTRICTED&TRUSTED&NOT_VCN_MANAGED&NOT_BANDWIDTH_CONSTRAINED Uid: 1001 RequestorUid: 1001 RequestorPkg: com.android.phone UnderlyingNetworks: Null] ], mPriority=0, state=UNSATISFIED, mAttachedDataNetwork=null, created time=13:25:29.243, evaluation result=null]
12-08 13:25:30.036  2934  2934 D TNP     : Request moved. phoneId -1 -> 0 [NetworkRequest [ REQUEST id=86, [ Capabilities: INTERNET&NOT_RESTRICTED&TRUSTED&NOT_VCN_MANAGED&NOT_BANDWIDTH_CONSTRAINED Uid: 1001 RequestorUid: 1001 RequestorPkg: com.android.phone UnderlyingNetworks: Null] ], mPriority=0, state=UNSATISFIED, mAttachedDataNetwork=null, created time=13:25:29.246, evaluation result=null]
12-08 13:25:30.036  2934  2934 D TNP     : Request moved. phoneId -1 -> 0 [NetworkRequest [ REQUEST id=88, [ Capabilities: INTERNET&NOT_RESTRICTED&TRUSTED&NOT_VCN_MANAGED&NOT_BANDWIDTH_CONSTRAINED Uid: 1001 RequestorUid: 1001 RequestorPkg: com.android.phone UnderlyingNetworks: Null] ], mPriority=0, state=UNSATISFIED, mAttachedDataNetwork=null, created time=13:25:29.243, evaluation result=null]
12-08 13:25:30.039  1878  2467 W TelephonyRegistry: Pid 2934 has exceeded half the number of permissible registered listeners. Now at 81
12-08 13:25:30.043  2934  2934 D Phone-0 : isImsRegistered =false
12-08 13:25:30.053  2934  2934 D Phone-0 : getImsRegistrationTechnology =-1
12-08 13:25:30.063  2934  3083 D RILJ    : [0101]< VOICE_REGISTRATION_STATE {.regState = NOT_REG_MT_SEARCHING_OP, .rat = UNKNOWN, .reasonForDenial = NONE, .cellIdentity = {.noinit = {}}, .registeredPlmn = , .accessTechnologySpecificInfo = {.noinit = {}}} [PHONE0]
12-08 13:25:30.063  2934  3083 D RILJ    : [0098]< OPERATOR {, , } [PHONE0]
12-08 13:25:30.064  2934  3279 D CellularNetworkService: No access tech specific info passes for RegStateResult
12-08 13:25:30.064  2934  3279 D NRM-C-0 : onRequestNetworkRegistrationInfoComplete result: 0, info: NetworkRegistrationInfo{ domain=CS transportType=WWAN registrationState=NOT_REG_SEARCHING networkRegistrationState=NOT_REG_SEARCHING roamingType=NOT_ROAMING accessNetworkTechnology=UNKNOWN rejectCause=0 emergencyEnabled=false availableServices=[] cellIdentity=null voiceSpecificInfo=VoiceSpecificRegistrationInfo { mCssSupported=false mRoamingIndicator=0 mSystemIsInPrl=0 mDefaultRoamingIndicator=0} dataSpecificInfo=null nrState=**** rRplmn= isUsingCarrierAggregation=false isNonTerrestrialNetwork=TERRESTRIAL}
12-08 13:25:30.088  2934  3083 D RILJ    : [0039]< SET_LINK_CAPACITY_REPORTING_CRITERIA  [PHONE0]
12-08 13:25:30.089  2934  3083 D RILJ    : [0044]< SET_LINK_CAPACITY_REPORTING_CRITERIA error 6 [PHONE0]
12-08 13:25:30.089  2934  3083 D RilRequest: [0044]< SET_LINK_CAPACITY_REPORTING_CRITERIA error: com.android.internal.telephony.CommandException: REQUEST_NOT_SUPPORTED ret= result=null
12-08 13:25:30.092  2934  3083 D RILJ    : [0071]< SET_LINK_CAPACITY_REPORTING_CRITERIA  [PHONE1]
12-08 13:25:30.092  2934  3083 D RILJ    : [0076]< SET_LINK_CAPACITY_REPORTING_CRITERIA error 6 [PHONE1]
12-08 13:25:30.092  2934  3083 D RilRequest: [0076]< SET_LINK_CAPACITY_REPORTING_CRITERIA error: com.android.internal.telephony.CommandException: REQUEST_NOT_SUPPORTED ret= result=null
12-08 13:25:30.104  2934  3083 D RILJ    : [0105]< VOICE_REGISTRATION_STATE {.regState = NOT_REG_MT_SEARCHING_OP, .rat = UNKNOWN, .reasonForDenial = NONE, .cellIdentity = {.noinit = {}}, .registeredPlmn = , .accessTechnologySpecificInfo = {.noinit = {}}} [PHONE1]
12-08 13:25:30.104  2934  2934 D ImsManagerIM [0]: ImsService not up yet - timeout waiting for connection.
12-08 13:25:30.104  2934  3279 D CellularNetworkService: No access tech specific info passes for RegStateResult
12-08 13:25:30.104  2934  3279 D NRM-C-1 : onRequestNetworkRegistrationInfoComplete result: 0, info: NetworkRegistrationInfo{ domain=CS transportType=WWAN registrationState=NOT_REG_SEARCHING networkRegistrationState=NOT_REG_SEARCHING roamingType=NOT_ROAMING accessNetworkTechnology=UNKNOWN rejectCause=0 emergencyEnabled=false availableServices=[] cellIdentity=null voiceSpecificInfo=VoiceSpecificRegistrationInfo { mCssSupported=false mRoamingIndicator=0 mSystemIsInPrl=0 mDefaultRoamingIndicator=0} dataSpecificInfo=null nrState=**** rRplmn= isUsingCarrierAggregation=false isNonTerrestrialNetwork=TERRESTRIAL}
12-08 13:25:30.120  2934  3083 D RILJ    : [0099]< DATA_REGISTRATION_STATE {.regState = NOT_REG_MT_SEARCHING_OP, .rat = UNKNOWN, .reasonForDenial = NONE, .cellIdentity = {.noinit = {}}, .registeredPlmn = , .accessTechnologySpecificInfo = {.noinit = {}}} [PHONE0]
12-08 13:25:30.120  2934  3279 D CellularNetworkService: No access tech specific info passes for RegStateResult
12-08 13:25:30.121  2934  3279 D NRM-C-0 : onRequestNetworkRegistrationInfoComplete result: 0, info: NetworkRegistrationInfo{ domain=PS transportType=WWAN registrationState=NOT_REG_SEARCHING networkRegistrationState=NOT_REG_SEARCHING roamingType=NOT_ROAMING accessNetworkTechnology=UNKNOWN rejectCause=0 emergencyEnabled=false availableServices=[] cellIdentity=null voiceSpecificInfo=null dataSpecificInfo=android.telephony.DataSpecificRegistrationInfo :{ maxDataCalls = 16 isDcNrRestricted = false isNrAvailable = false isEnDcAvailable = false mLteAttachResultType = 0 mLteAttachExtraInfo = 0 LteVopsSupportInfo :  mVopsSupport = 1 mEmcBearerSupport = 1 } nrState=**** rRplmn= isUsingCarrierAggregation=false isNonTerrestrialNetwork=TERRESTRIAL}
12-08 13:25:30.123  2934  3083 D RILJ    : [0088]< GSM_SET_BROADCAST_CONFIG error 6 [PHONE0]
12-08 13:25:30.124  2934  3083 D RilRequest: [0088]< GSM_SET_BROADCAST_CONFIG error: com.android.internal.telephony.CommandException: REQUEST_NOT_SUPPORTED ret= result={ when=-32s906ms what=2 obj=Request[mCbRangesRequest3gpp = [CellBroadcastIdRange[4352, 4354, 1, true], CellBroadcastIdRange[4355, 4355, 1, false], CellBroadcastIdRange[4356, 4356, 1, true], CellBroadcastIdRange[4370, 4370, 1, true], CellBroadcastIdRange[4371, 4372, 1, false], CellBroadcastIdRange[4373, 4379, 1, true], CellBroadcastIdRange[4380, 4382, 1, false], CellBroadcastIdRange[4383, 4383, 1, true], CellBroadcastIdRange[4384, 4385, 1, false], CellBroadcastIdRange[4386, 4392, 1, true], CellBroadcastIdRange[4393, 4395, 1, false]], mCbRangesRequest3gpp2 = [CellBroadcastIdRange[4096, 4096, 2, true], CellBroadcastIdRange[4097, 4097, 2, false], CellBroadcastIdRange[4098, 4099, 2, true], CellBroadcastIdRange[4100, 4100, 2, false]]] target=com.android.internal.telephony.StateMachine$SmHandler }
12-08 13:25:30.124  2934  3083 D RILJ    : [0107]< SET_SIGNAL_STRENGTH_REPORTING_CRITERIA  [PHONE0]
12-08 13:25:30.124  2934  3083 E RILJ    : processResponse: Unexpected response! serial: 107, error: 0 [PHONE0]
12-08 13:25:30.125  2934  3083 E RILJ    : processResponse: Unexpected response! serial: 107, error: 0 [PHONE0]
12-08 13:25:30.125  2934  3083 E RILJ    : processResponse: Unexpected response! serial: 107, error: 0 [PHONE0]
12-08 13:25:30.125  2934  3083 E RILJ    : processResponse: Unexpected response! serial: 107, error: 0 [PHONE0]
12-08 13:25:30.125  2934  3083 E RILJ    : processResponse: Unexpected response! serial: 107, error: 0 [PHONE0]
12-08 13:25:30.125  2934  3083 E RILJ    : processResponse: Unexpected response! serial: 107, error: 0 [PHONE0]
12-08 13:25:30.125  2934  3083 E RILJ    : processResponse: Unexpected response! serial: 107, error: 0 [PHONE0]
12-08 13:25:30.125  2934  3083 E RILJ    : processResponse: Unexpected response! serial: 107, error: 44 [PHONE0]
12-08 13:25:30.125  2934  3083 D RILJ    : [0025]< RADIO_POWER  [PHONE0]
12-08 13:25:30.126  1735  1809 D RILC    : radioStateChangedInd: radioState 10
12-08 13:25:30.130  2934  3083 D RILJ    : Unsol response received; Sending ack to ril.cpp [PHONE0]
12-08 13:25:30.131  2934  3083 D RILJ    : [UNSL]< UNSOL_RESPONSE_RADIO_STATE_CHANGED radioStateChanged: 1 [PHONE0]
12-08 13:25:30.132  2934  3083 D RILJ    : Unsol response received; Sending ack to ril.cpp [PHONE0]
12-08 13:25:30.132  2934  3083 D RILJ    : [UNSL]< UNSOL_RESPONSE_NETWORK_STATE_CHANGED [PHONE0]
12-08 13:25:30.132  2934  3279 D NRM-C-0 : onNetworkStateChanged
12-08 13:25:30.154  2934  2934 D DSMGR-0 : mIsDataEnabled=true, prevDataEnabled=false
12-08 13:25:30.154  2934  2934 D DSMGR-0 : notifyDataEnabledChanged: enabled=true, reason=USER, callingPackage=com.android.phone
12-08 13:25:30.156  2934  2934 D SSCtr   : clearSignalStrengthUpdateRequest subId=1 callingUid=1002 request=SignalStrengthUpdateRequest{mSignalThresholdInfos=[] mIsReportingRequestedWhileIdle=false mIsSystemThresholdReportingRequestedWhileIdle=true mLiveTokenandroid.os.BinderProxy@5d88fa0}
12-08 13:25:30.156  2934  2934 D SST     : [0] SubscriptionListener.onSubscriptionInfoChanged
12-08 13:25:30.156  2934  2934 D SST     : [1] SubscriptionListener.onSubscriptionInfoChanged
12-08 13:25:30.156  2934  2934 D TNP     : Subscription changed.
12-08 13:25:30.156  2934  2934 D TNP     : reevaluateNetworkRequests: subscription changed.
12-08 13:25:30.159  2934  2934 D Phone-0 : isImsRegistered =false
12-08 13:25:30.163  2934  3279 D CellularNetworkService: No access tech specific info passes for RegStateResult
12-08 13:25:30.164  2934  3083 D RILJ    : [0104]< DATA_REGISTRATION_STATE {.regState = NOT_REG_MT_SEARCHING_OP, .rat = UNKNOWN, .reasonForDenial = NONE, .cellIdentity = {.noinit = {}}, .registeredPlmn = , .accessTechnologySpecificInfo = {.noinit = {}}} [PHONE1]
12-08 13:25:30.164  2934  3279 D NRM-C-1 : onRequestNetworkRegistrationInfoComplete result: 0, info: NetworkRegistrationInfo{ domain=PS transportType=WWAN registrationState=NOT_REG_SEARCHING networkRegistrationState=NOT_REG_SEARCHING roamingType=NOT_ROAMING accessNetworkTechnology=UNKNOWN rejectCause=0 emergencyEnabled=false availableServices=[] cellIdentity=null voiceSpecificInfo=null dataSpecificInfo=android.telephony.DataSpecificRegistrationInfo :{ maxDataCalls = 16 isDcNrRestricted = false isNrAvailable = false isEnDcAvailable = false mLteAttachResultType = 0 mLteAttachExtraInfo = 0 LteVopsSupportInfo :  mVopsSupport = 1 mEmcBearerSupport = 1 } nrState=**** rRplmn= isUsingCarrierAggregation=false isNonTerrestrialNetwork=TERRESTRIAL}
12-08 13:25:30.165  2934  2934 D Phone-0 : getImsRegistrationTechnology =-1
12-08 13:25:30.166  1755  1807 D RILC    : radioStateChangedInd: radioState 10
12-08 13:25:30.166  2934  3083 D RILJ    : [0057]< RADIO_POWER  [PHONE1]
12-08 13:25:30.167  2934  3083 D RILJ    : Unsol response received; Sending ack to ril.cpp [PHONE1]
12-08 13:25:30.167  2934  3083 D RILJ    : [UNSL]< UNSOL_RESPONSE_RADIO_STATE_CHANGED radioStateChanged: 1 [PHONE1]
12-08 13:25:30.168  2934  3083 D RILJ    : Unsol response received; Sending ack to ril.cpp [PHONE1]
12-08 13:25:30.168  2934  3083 D RILJ    : [UNSL]< UNSOL_RESPONSE_NETWORK_STATE_CHANGED [PHONE1]
12-08 13:25:30.169  2934  3279 D NRM-C-1 : onNetworkStateChanged
12-08 13:25:30.179  2934  3083 D RILJ    : [0045]< SET_LINK_CAPACITY_REPORTING_CRITERIA  [PHONE0]
12-08 13:25:30.187  2934  3083 D RILJ    : [0077]< SET_LINK_CAPACITY_REPORTING_CRITERIA  [PHONE1]
12-08 13:25:30.217  2934  2934 D ImsManagerIM [0]: ImsService not up yet - timeout waiting for connection.
12-08 13:25:30.239  2934  3083 D RILJ    : [0046]< SET_LINK_CAPACITY_REPORTING_CRITERIA  [PHONE0]
12-08 13:25:30.240  2934  3083 D RILJ    : [0060]< RADIO_POWER  [PHONE1]
12-08 13:25:30.240  2934  3083 D RILJ    : [0047]< SET_LINK_CAPACITY_REPORTING_CRITERIA error 6 [PHONE0]
12-08 13:25:30.240  2934  3083 D RilRequest: [0047]< SET_LINK_CAPACITY_REPORTING_CRITERIA error: com.android.internal.telephony.CommandException: REQUEST_NOT_SUPPORTED ret= result=null
12-08 13:25:30.241  2934  3083 D RILJ    : [0078]< SET_LINK_CAPACITY_REPORTING_CRITERIA  [PHONE1]
12-08 13:25:30.241  2934  3083 D RILJ    : [0079]< SET_LINK_CAPACITY_REPORTING_CRITERIA error 6 [PHONE1]
12-08 13:25:30.241  1755  1807 D RILC    : radioStateChangedInd: radioState 10
12-08 13:25:30.241  2934  3083 D RilRequest: [0079]< SET_LINK_CAPACITY_REPORTING_CRITERIA error: com.android.internal.telephony.CommandException: REQUEST_NOT_SUPPORTED ret= result=null
12-08 13:25:30.244  2934  3083 D RILJ    : Unsol response received; Sending ack to ril.cpp [PHONE1]
12-08 13:25:30.244  2934  3083 D RILJ    : [UNSL]< UNSOL_RESPONSE_RADIO_STATE_CHANGED radioStateChanged: 1 [PHONE1]
12-08 13:25:30.244  2934  3083 D RILJ    : [0028]< RADIO_POWER  [PHONE0]
12-08 13:25:30.244  1735  1809 D RILC    : radioStateChangedInd: radioState 10
12-08 13:25:30.245  2934  3083 D RILJ    : Unsol response received; Sending ack to ril.cpp [PHONE1]
