12-08 13:25:30.245  2934  3083 D RILJ    : [UNSL]< UNSOL_RESPONSE_NETWORK_STATE_CHANGED [PHONE1]
12-08 13:25:30.245  2934  3279 D NRM-C-1 : onNetworkStateChanged
12-08 13:25:30.246  2934  3083 D RILJ    : Unsol response received; Sending ack to ril.cpp [PHONE0]
12-08 13:25:30.246  2934  3083 D RILJ    : [UNSL]< UNSOL_RESPONSE_RADIO_STATE_CHANGED radioStateChanged: 1 [PHONE0]
12-08 13:25:30.246  2934  3083 D RILJ    : Unsol response received; Sending ack to ril.cpp [PHONE0]
12-08 13:25:30.246  2934  3083 D RILJ    : [UNSL]< UNSOL_RESPONSE_NETWORK_STATE_CHANGED [PHONE0]
12-08 13:25:30.246  2934  3279 D NRM-C-0 : onNetworkStateChanged
12-08 13:25:30.253  2934  2934 D Phone-0 : isImsCapabilityAvailable, capability=0, regTech=1, isAvailable=false
12-08 13:25:30.254  2934  2934 D Phone-0 : isImsCapabilityAvailable, capability=1, regTech=1, isAvailable=false
12-08 13:25:30.254  2934  2934 D Phone-0 : isImsCapabilityAvailable, capability=2, regTech=1, isAvailable=false
12-08 13:25:30.254  2934  2934 D Phone-0 : getImsRegistrationTechnology =-1
12-08 13:25:30.255  2934  2934 D SMSDispatcher: Received broadcast android.intent.action.SIM_STATE_CHANGED
12-08 13:25:30.255  2934  2934 D SMSDispatcher: Received broadcast android.intent.action.SIM_STATE_CHANGED
12-08 13:25:30.255  2934  2934 D SMSDispatcher: Received broadcast android.intent.action.SIM_STATE_CHANGED
12-08 13:25:30.255  2934  2934 D SMSDispatcher: Received broadcast android.intent.action.SIM_STATE_CHANGED
12-08 13:25:30.255  2934  2934 D SMSDispatcher: Received broadcast android.intent.action.SIM_STATE_CHANGED
12-08 13:25:30.255  2934  2934 D SMSDispatcher: Received broadcast android.intent.action.SIM_STATE_CHANGED
12-08 13:25:30.261  2934  2934 D UiccProfile: handleMessage: Received OPEN_LOGICAL_CHANNEL_DONE for phoneId 0
12-08 13:25:30.261  2934  2934 D UiccProfile: handleMessage: Error in SIM access with exception com.android.internal.telephony.CommandException: NO_SUCH_ELEMENT
12-08 13:25:30.295  2934  2934 D LocaleTracker-0: updateLocale: countryIso = , countryIsoDebugInfo = empty as default
12-08 13:25:30.295  2934  2934 D LocaleTracker-0: updateLocale: timeZoneCountryIso = , timeZoneCountryIsoDebugInfo = empty as default
12-08 13:25:30.295  2934  2934 D NitzStateMachineImpl: handleCountryUnavailable: mLatestNitzSignal=null
12-08 13:25:30.295  2934  2934 D NitzStateMachineImpl: doTimeZoneDetection: countryIsoCode=null, nitzSignal=null, suggestion=TelephonyTimeZoneSuggestion{mSlotIndex=0, mZoneId='null', mMatchType=0, mQuality=0, mDebugInfo=[getTimeZoneSuggestion: nitzSignal=null, countryIsoCode=null, Detection reason=handleCountryUnavailable]}, reason=handleCountryUnavailable
12-08 13:25:30.295  2934  2934 D ImsPhone: [0] handleMessage what=83
12-08 13:25:30.295  2934  3083 D RILJ    : [0048]< SET_LINK_CAPACITY_REPORTING_CRITERIA  [PHONE0]
12-08 13:25:30.295  2934  2934 D Phone-0 : isImsCapabilityAvailable, capability=0, regTech=1, isAvailable=false
12-08 13:25:30.295  2934  3083 D RadioConfigResponse: [0085]< SET_PREFERRED_DATA_MODEM
12-08 13:25:30.295  2934  2934 D Phone-0 : isImsCapabilityAvailable, capability=1, regTech=1, isAvailable=false
12-08 13:25:30.296  2934  2934 D Phone-0 : isImsCapabilityAvailable, capability=2, regTech=1, isAvailable=false
12-08 13:25:30.296  2934  2934 D Phone-0 : getImsRegistrationTechnology =-1
12-08 13:25:30.296  2934  2934 D SST     : [0] pollState: modemTriggered=true, radioState=1
12-08 13:25:30.298  2934  2934 D RILJ    : [0118]> OPERATOR [PHONE0]
12-08 13:25:30.299  2934  3083 D RILJ    : [0080]< SET_LINK_CAPACITY_REPORTING_CRITERIA  [PHONE1]
12-08 13:25:30.299  2934  3083 D RILJ    : [0118]< OPERATOR {, , } [PHONE0]
12-08 13:25:30.299  2934  2934 D RILJ    : [0119]> QUERY_NETWORK_SELECTION_MODE [PHONE0]
12-08 13:25:30.300  2934  3279 D RILJ    : [0120]> DATA_REGISTRATION_STATE [PHONE0]
12-08 13:25:30.300  2934  3279 D RILJ    : getDataRegistrationState: overrideHalVersion=null [PHONE0]
12-08 13:25:30.300  1735  1735 D RILC    : RadioImpl_1_5::getDataRegistrationState_1_5: serial 120
12-08 13:25:30.300  2934  2934 W Phone-0 : Unexpected failure to retrieve usage setting com.android.internal.telephony.CommandException: REQUEST_NOT_SUPPORTED
12-08 13:25:30.300  2934  2934 D SST     : [1] pollState: modemTriggered=true, radioState=1
12-08 13:25:30.301  2934  3279 D RILJ    : [0121]> VOICE_REGISTRATION_STATE [PHONE0]
12-08 13:25:30.301  2934  3279 D RILJ    : getVoiceRegistrationState: overrideHalVersion=null [PHONE0]
12-08 13:25:30.301  1735  1735 D RILC    : RadioImpl_1_5::getVoiceRegistrationState_1_5: serial 121
12-08 13:25:30.302  2934  2934 D RILJ    : [0122]> OPERATOR [PHONE1]
12-08 13:25:30.303  2934  3083 D RILJ    : [0119]< QUERY_NETWORK_SELECTION_MODE {0} [PHONE0]
12-08 13:25:30.305  2934  3083 D RILJ    : [0122]< OPERATOR {, , } [PHONE1]
12-08 13:25:30.309  2934  3279 D RILJ    : [0123]> DATA_REGISTRATION_STATE [PHONE1]
12-08 13:25:30.309  2934  3279 D RILJ    : getDataRegistrationState: overrideHalVersion=null [PHONE1]
12-08 13:25:30.309  1755  1755 D RILC    : RadioImpl_1_5::getDataRegistrationState_1_5: serial 123
12-08 13:25:30.310  2934  3279 D RILJ    : [0125]> VOICE_REGISTRATION_STATE [PHONE1]
12-08 13:25:30.310  2934  3279 D RILJ    : getVoiceRegistrationState: overrideHalVersion=null [PHONE1]
12-08 13:25:30.311  1755  1944 D RILC    : RadioImpl_1_5::getVoiceRegistrationState_1_5: serial 125
12-08 13:25:30.313  2934  2934 D RILJ    : [0124]> QUERY_NETWORK_SELECTION_MODE [PHONE1]
12-08 13:25:30.313  2934  2934 D EmergencyNumberTracker: [0]updateRadioEmergencyNumberListAndNotify(): receiving [[EmergencyNumber: 112, countryIso=, mnc=, src=sim , routing=unknown, categories=, urns=], [EmergencyNumber: 911, countryIso=, mnc=, src=sim , routing=unknown, categories=, urns=]]
12-08 13:25:30.313  2934  2934 D EmergencyNumberTracker: [0]updateRadioEmergencyNumberListAndNotify(): receiving [[EmergencyNumber: 112, countryIso=, mnc=, src=sim , routing=unknown, categories=, urns=], [EmergencyNumber: 911, countryIso=, mnc=, src=sim , routing=unknown, categories=, urns=]]
12-08 13:25:30.313  2934  2934 D SMSVC   : updateUserIdToAvailableSubs: {-10000=[1]}
12-08 13:25:30.315  2934  2943 E TelephonyAnalyticsSubId: Null Pointer Exception Caught
12-08 13:25:30.315  2934  3376 D TelephonyAnalyticsSubId: SubId = 1SlotIndex = 0
12-08 13:25:30.315  2934  3192 D ImsProvisioningController: MmTelFeatureListener[0] subId is not changed
12-08 13:25:30.315  2934  3192 D ImsProvisioningController: MmTelFeatureListener[1] subId is not changed
12-08 13:25:30.315  2934  3192 D ImsProvisioningController: RcsFeatureListener[0] subId is not changed
12-08 13:25:30.315  2934  3192 D ImsProvisioningController: RcsFeatureListener[1] subId is not changed
12-08 13:25:30.316  2934  3192 D ImsProvisioningController: ProvisioningCallbackManager[0] subId is not changed 
12-08 13:25:30.316  2934  3192 D ImsProvisioningController: ProvisioningCallbackManager[1] subId is not changed 
12-08 13:25:30.320  1878  3209 W TelephonyRegistry: Pid 1878 has exceeded half the number of permissible registered listeners. Now at 38
12-08 13:25:30.320  2934  2934 D GsmCdmaPhone: [0] EVENT_SUBSCRIPTIONS_CHANGED
12-08 13:25:30.320  2934  2934 I NullCipherNotifier: Ignoring setSubscriptionMapping. Notifier is disabled.
12-08 13:25:30.320  2934  2934 D GsmCdmaPhone: [1] EVENT_SUBSCRIPTIONS_CHANGED
12-08 13:25:30.320  2934  2934 I NullCipherNotifier: Ignoring setSubscriptionMapping. Notifier is disabled.
12-08 13:25:30.322  2934  2934 D PhoneSwitcher: SIM refresh, notify dds change
12-08 13:25:30.322  2934  2934 D PhoneSwitcher: notifyPreferredDataSubIdChanged to 1
12-08 13:25:30.325  1878  2829 D TelephonyRegistry: notifyActiveDataSubIdChanged: activeDataSubId=1
12-08 13:25:30.325  2934  2934 D PhoneSwitcher: evaluating due to subscription changed phone[0] -1->1
12-08 13:25:30.325  2934  2934 D PhoneSwitcher: sendRilCommands: setPreferredDataModem - phoneId: 0
12-08 13:25:30.325  2934  2934 D RadioConfig: [0126]> SET_PREFERRED_DATA_MODEM 0
12-08 13:25:30.325  2934  2934 D SST     : [0] EVENT_POLL_STATE_NETWORK_SELECTION_MODE
12-08 13:25:30.326  2934  2934 D DNC-0   : onAddNetworkRequest: added [NetworkRequest [ REQUEST id=12, [ Transports: SATELLITE Capabilities: INTERNET&TRUSTED&NOT_VPN&NOT_VCN_MANAGED Uid: 10613 UnderlyingNetworks: Null] ], mPriority=20, state=UNSATISFIED, mAttachedDataNetwork=null, created time=13:25:29.243, evaluation result=null]
12-08 13:25:30.326  2934  2934 D DPM-0   : Can't find any data profile that can satisfy [NetworkRequest [ REQUEST id=12, [ Transports: SATELLITE Capabilities: INTERNET&TRUSTED&NOT_VPN&NOT_VCN_MANAGED Uid: 10613 UnderlyingNetworks: Null] ], mPriority=20, state=UNSATISFIED, mAttachedDataNetwork=null, created time=13:25:29.243, evaluation result=null]
12-08 13:25:30.326  2934  2934 D DPM-0   : Unable to find a data profile for [NetworkRequest [ REQUEST id=12, [ Transports: SATELLITE Capabilities: INTERNET&TRUSTED&NOT_VPN&NOT_VCN_MANAGED Uid: 10613 UnderlyingNetworks: Null] ], mPriority=20, state=UNSATISFIED, mAttachedDataNetwork=null, created time=13:25:29.243, evaluation result=null]
12-08 13:25:30.326  2934  2934 D DNC-0   : Data evaluation: evaluation reason:NEW_REQUEST, Data disallowed reasons: DATA_CONFIG_NOT_READY SERVICE_OPTION_NOT_SUPPORTED DATA_NETWORK_TRANSPORT_NOT_ALLOWED NO_SUITABLE_DATA_PROFILE SIM_NOT_READY NOT_IN_SERVICE, candidate profile=null, time=13:25:30.326, network type=UNKNOWN, reg state=UNKNOWN, [NetworkRequest [ REQUEST id=12, [ Transports: SATELLITE Capabilities: INTERNET&TRUSTED&NOT_VPN&NOT_VCN_MANAGED Uid: 10613 UnderlyingNetworks: Null] ], mPriority=20, state=UNSATISFIED, mAttachedDataNetwork=null, created time=13:25:29.243, evaluation result=Data evaluation: evaluation reason:NEW_REQUEST, Data disallowed reasons: DATA_CONFIG_NOT_READY SERVICE_OPTION_NOT_SUPPORTED DATA_NETWORK_TRANSPORT_NOT_ALLOWED NO_SUITABLE_DATA_PROFILE SIM_NOT_READY NOT_IN_SERVICE, candidate profile=null, time=13:25:30.326]
12-08 13:25:30.326  2934  2934 D EmergencyNumberTracker: [1]updateRadioEmergencyNumberListAndNotify(): receiving [[EmergencyNumber: 112, countryIso=, mnc=, src=sim , routing=unknown, categories=, urns=], [EmergencyNumber: 911, countryIso=, mnc=, src=sim , routing=unknown, categories=, urns=]]
12-08 13:25:30.326  2934  2934 D DNC-0   : onAddNetworkRequest: added [NetworkRequest [ REQUEST id=69, [ Capabilities: INTERNET&NOT_RESTRICTED&TRUSTED&NOT_VCN_MANAGED&NOT_BANDWIDTH_CONSTRAINED Uid: 1073 RequestorUid: 1073 RequestorPkg: com.android.networkstack UnderlyingNetworks: Null] ], mPriority=20, state=UNSATISFIED, mAttachedDataNetwork=null, created time=13:25:29.246, evaluation result=null]
12-08 13:25:30.327  2934  2934 D DPM-0   : Can't find any data profile that can satisfy [NetworkRequest [ REQUEST id=69, [ Capabilities: INTERNET&NOT_RESTRICTED&TRUSTED&NOT_VCN_MANAGED&NOT_BANDWIDTH_CONSTRAINED Uid: 1073 RequestorUid: 1073 RequestorPkg: com.android.networkstack UnderlyingNetworks: Null] ], mPriority=20, state=UNSATISFIED, mAttachedDataNetwork=null, created time=13:25:29.247, evaluation result=null]
12-08 13:25:30.327  2934  2934 D DPM-0   : Unable to find a data profile for [NetworkRequest [ REQUEST id=69, [ Capabilities: INTERNET&NOT_RESTRICTED&TRUSTED&NOT_VCN_MANAGED&NOT_BANDWIDTH_CONSTRAINED Uid: 1073 RequestorUid: 1073 RequestorPkg: com.android.networkstack UnderlyingNetworks: Null] ], mPriority=20, state=UNSATISFIED, mAttachedDataNetwork=null, created time=13:25:29.246, evaluation result=null]
12-08 13:25:30.327  2934  2934 D DNC-0   : Data evaluation: evaluation reason:NEW_REQUEST, Data disallowed reasons: DATA_CONFIG_NOT_READY SERVICE_OPTION_NOT_SUPPORTED NO_SUITABLE_DATA_PROFILE SIM_NOT_READY NOT_IN_SERVICE, candidate profile=null, time=13:25:30.327, network type=UNKNOWN, reg state=UNKNOWN, [NetworkRequest [ REQUEST id=69, [ Capabilities: INTERNET&NOT_RESTRICTED&TRUSTED&NOT_VCN_MANAGED&NOT_BANDWIDTH_CONSTRAINED Uid: 1073 RequestorUid: 1073 RequestorPkg: com.android.networkstack UnderlyingNetworks: Null] ], mPriority=20, state=UNSATISFIED, mAttachedDataNetwork=null, created time=13:25:29.246, evaluation result=Data evaluation: evaluation reason:NEW_REQUEST, Data disallowed reasons: DATA_CONFIG_NOT_READY SERVICE_OPTION_NOT_SUPPORTED NO_SUITABLE_DATA_PROFILE SIM_NOT_READY NOT_IN_SERVICE, candidate profile=null, time=13:25:30.327]
12-08 13:25:30.327  2934  2934 D DNC-0   : onAddNetworkRequest: added [NetworkRequest [ BACKGROUND_REQUEST id=2, [ Transports: CELLULAR Capabilities: INTERNET&NOT_RESTRICTED&TRUSTED&NOT_VPN&NOT_VCN_MANAGED&NOT_BANDWIDTH_CONSTRAINED RequestorUid: 1000 RequestorPkg: android UnderlyingNetworks: Null] ], mPriority=20, state=UNSATISFIED, mAttachedDataNetwork=null, created time=13:25:29.244, evaluation result=null]
12-08 13:25:30.327  2934  2934 D DPM-0   : Can't find any data profile that can satisfy [NetworkRequest [ BACKGROUND_REQUEST id=2, [ Transports: CELLULAR Capabilities: INTERNET&NOT_RESTRICTED&TRUSTED&NOT_VPN&NOT_VCN_MANAGED&NOT_BANDWIDTH_CONSTRAINED RequestorUid: 1000 RequestorPkg: android UnderlyingNetworks: Null] ], mPriority=20, state=UNSATISFIED, mAttachedDataNetwork=null, created time=13:25:29.244, evaluation result=null]
12-08 13:25:30.328  2934  2934 D DPM-0   : Unable to find a data profile for [NetworkRequest [ BACKGROUND_REQUEST id=2, [ Transports: CELLULAR Capabilities: INTERNET&NOT_RESTRICTED&TRUSTED&NOT_VPN&NOT_VCN_MANAGED&NOT_BANDWIDTH_CONSTRAINED RequestorUid: 1000 RequestorPkg: android UnderlyingNetworks: Null] ], mPriority=20, state=UNSATISFIED, mAttachedDataNetwork=null, created time=13:25:29.245, evaluation result=null]
12-08 13:25:30.328  2934  2934 D DNC-0   : Data evaluation: evaluation reason:NEW_REQUEST, Data disallowed reasons: DATA_CONFIG_NOT_READY SERVICE_OPTION_NOT_SUPPORTED NO_SUITABLE_DATA_PROFILE SIM_NOT_READY NOT_IN_SERVICE, candidate profile=null, time=13:25:30.328, network type=UNKNOWN, reg state=UNKNOWN, [NetworkRequest [ BACKGROUND_REQUEST id=2, [ Transports: CELLULAR Capabilities: INTERNET&NOT_RESTRICTED&TRUSTED&NOT_VPN&NOT_VCN_MANAGED&NOT_BANDWIDTH_CONSTRAINED RequestorUid: 1000 RequestorPkg: android UnderlyingNetworks: Null] ], mPriority=20, state=UNSATISFIED, mAttachedDataNetwork=null, created time=13:25:29.245, evaluation result=Data evaluation: evaluation reason:NEW_REQUEST, Data disallowed reasons: DATA_CONFIG_NOT_READY SERVICE_OPTION_NOT_SUPPORTED NO_SUITABLE_DATA_PROFILE SIM_NOT_READY NOT_IN_SERVICE, candidate profile=null, time=13:25:30.328]
12-08 13:25:30.328  2934  2934 D DNC-0   : onAddNetworkRequest: added [NetworkRequest [ REQUEST id=1, [ Capabilities: INTERNET&NOT_RESTRICTED&TRUSTED&NOT_VPN&NOT_VCN_MANAGED&NOT_BANDWIDTH_CONSTRAINED RequestorUid: 1000 RequestorPkg: android UnderlyingNetworks: Null] ], mPriority=20, state=UNSATISFIED, mAttachedDataNetwork=null, created time=13:25:29.244, evaluation result=null]
12-08 13:25:30.328  2934  2934 D DPM-0   : Can't find any data profile that can satisfy [NetworkRequest [ REQUEST id=1, [ Capabilities: INTERNET&NOT_RESTRICTED&TRUSTED&NOT_VPN&NOT_VCN_MANAGED&NOT_BANDWIDTH_CONSTRAINED RequestorUid: 1000 RequestorPkg: android UnderlyingNetworks: Null] ], mPriority=20, state=UNSATISFIED, mAttachedDataNetwork=null, created time=13:25:29.243, evaluation result=null]
12-08 13:25:30.328  2934  2934 D DPM-0   : Unable to find a data profile for [NetworkRequest [ REQUEST id=1, [ Capabilities: INTERNET&NOT_RESTRICTED&TRUSTED&NOT_VPN&NOT_VCN_MANAGED&NOT_BANDWIDTH_CONSTRAINED RequestorUid: 1000 RequestorPkg: android UnderlyingNetworks: Null] ], mPriority=20, state=UNSATISFIED, mAttachedDataNetwork=null, created time=13:25:29.243, evaluation result=null]
12-08 13:25:30.328  2934  2934 D DNC-0   : Data evaluation: evaluation reason:NEW_REQUEST, Data disallowed reasons: DATA_CONFIG_NOT_READY SERVICE_OPTION_NOT_SUPPORTED NO_SUITABLE_DATA_PROFILE SIM_NOT_READY NOT_IN_SERVICE, candidate profile=null, time=13:25:30.328, network type=UNKNOWN, reg state=UNKNOWN, [NetworkRequest [ REQUEST id=1, [ Capabilities: INTERNET&NOT_RESTRICTED&TRUSTED&NOT_VPN&NOT_VCN_MANAGED&NOT_BANDWIDTH_CONSTRAINED RequestorUid: 1000 RequestorPkg: android UnderlyingNetworks: Null] ], mPriority=20, state=UNSATISFIED, mAttachedDataNetwork=null, created time=13:25:29.243, evaluation result=Data evaluation: evaluation reason:NEW_REQUEST, Data disallowed reasons: DATA_CONFIG_NOT_READY SERVICE_OPTION_NOT_SUPPORTED NO_SUITABLE_DATA_PROFILE SIM_NOT_READY NOT_IN_SERVICE, candidate profile=null, time=13:25:30.328]
12-08 13:25:30.328  2934  2934 D DNC-0   : onAddNetworkRequest: added [NetworkRequest [ REQUEST id=67, [ Capabilities: INTERNET&NOT_RESTRICTED&TRUSTED&NOT_VCN_MANAGED&NOT_BANDWIDTH_CONSTRAINED Uid: 1000 RequestorUid: 1000 RequestorPkg: android UnderlyingNetworks: Null] ], mPriority=20, state=UNSATISFIED, mAttachedDataNetwork=null, created time=13:25:29.246, evaluation result=null]
12-08 13:25:30.329  2934  2934 D DPM-0   : Can't find any data profile that can satisfy [NetworkRequest [ REQUEST id=67, [ Capabilities: INTERNET&NOT_RESTRICTED&TRUSTED&NOT_VCN_MANAGED&NOT_BANDWIDTH_CONSTRAINED Uid: 1000 RequestorUid: 1000 RequestorPkg: android UnderlyingNetworks: Null] ], mPriority=20, state=UNSATISFIED, mAttachedDataNetwork=null, created time=13:25:29.247, evaluation result=null]
12-08 13:25:30.329  2934  2934 D DPM-0   : Unable to find a data profile for [NetworkRequest [ REQUEST id=67, [ Capabilities: INTERNET&NOT_RESTRICTED&TRUSTED&NOT_VCN_MANAGED&NOT_BANDWIDTH_CONSTRAINED Uid: 1000 RequestorUid: 1000 RequestorPkg: android UnderlyingNetworks: Null] ], mPriority=20, state=UNSATISFIED, mAttachedDataNetwork=null, created time=13:25:29.247, evaluation result=null]
12-08 13:25:30.329  2934  2934 D DNC-0   : Data evaluation: evaluation reason:NEW_REQUEST, Data disallowed reasons: DATA_CONFIG_NOT_READY SERVICE_OPTION_NOT_SUPPORTED NO_SUITABLE_DATA_PROFILE SIM_NOT_READY NOT_IN_SERVICE, candidate profile=null, time=13:25:30.329, network type=UNKNOWN, reg state=UNKNOWN, [NetworkRequest [ REQUEST id=67, [ Capabilities: INTERNET&NOT_RESTRICTED&TRUSTED&NOT_VCN_MANAGED&NOT_BANDWIDTH_CONSTRAINED Uid: 1000 RequestorUid: 1000 RequestorPkg: android UnderlyingNetworks: Null] ], mPriority=20, state=UNSATISFIED, mAttachedDataNetwork=null, created time=13:25:29.247, evaluation result=Data evaluation: evaluation reason:NEW_REQUEST, Data disallowed reasons: DATA_CONFIG_NOT_READY SERVICE_OPTION_NOT_SUPPORTED NO_SUITABLE_DATA_PROFILE SIM_NOT_READY NOT_IN_SERVICE, candidate profile=null, time=13:25:30.329]
12-08 13:25:30.329  2934  2934 D DNC-0   : onAddNetworkRequest: added [NetworkRequest [ REQUEST id=59, [ Capabilities: INTERNET&NOT_RESTRICTED&TRUSTED&NOT_VCN_MANAGED&NOT_BANDWIDTH_CONSTRAINED Uid: 10561 RequestorUid: 1000 RequestorPkg: android UnderlyingNetworks: Null] ], mPriority=20, state=UNSATISFIED, mAttachedDataNetwork=null, created time=13:25:29.244, evaluation result=null]
12-08 13:25:30.329  2934  2934 D DPM-0   : Can't find any data profile that can satisfy [NetworkRequest [ REQUEST id=59, [ Capabilities: INTERNET&NOT_RESTRICTED&TRUSTED&NOT_VCN_MANAGED&NOT_BANDWIDTH_CONSTRAINED Uid: 10561 RequestorUid: 1000 RequestorPkg: android UnderlyingNetworks: Null] ], mPriority=20, state=UNSATISFIED, mAttachedDataNetwork=null, created time=13:25:29.244, evaluation result=null]
12-08 13:25:30.330  2934  2934 D DPM-0   : Unable to find a data profile for [NetworkRequest [ REQUEST id=59, [ Capabilities: INTERNET&NOT_RESTRICTED&TRUSTED&NOT_VCN_MANAGED&NOT_BANDWIDTH_CONSTRAINED Uid: 10561 RequestorUid: 1000 RequestorPkg: android UnderlyingNetworks: Null] ], mPriority=20, state=UNSATISFIED, mAttachedDataNetwork=null, created time=13:25:29.244, evaluation result=null]
12-08 13:25:30.330  2934  2934 D DNC-0   : Data evaluation: evaluation reason:NEW_REQUEST, Data disallowed reasons: DATA_CONFIG_NOT_READY SERVICE_OPTION_NOT_SUPPORTED NO_SUITABLE_DATA_PROFILE SIM_NOT_READY NOT_IN_SERVICE, candidate profile=null, time=13:25:30.330, network type=UNKNOWN, reg state=UNKNOWN, [NetworkRequest [ REQUEST id=59, [ Capabilities: INTERNET&NOT_RESTRICTED&TRUSTED&NOT_VCN_MANAGED&NOT_BANDWIDTH_CONSTRAINED Uid: 10561 RequestorUid: 1000 RequestorPkg: android UnderlyingNetworks: Null] ], mPriority=20, state=UNSATISFIED, mAttachedDataNetwork=null, created time=13:25:29.244, evaluation result=Data evaluation: evaluation reason:NEW_REQUEST, Data disallowed reasons: DATA_CONFIG_NOT_READY SERVICE_OPTION_NOT_SUPPORTED NO_SUITABLE_DATA_PROFILE SIM_NOT_READY NOT_IN_SERVICE, candidate profile=null, time=13:25:30.330]
12-08 13:25:30.330  2934  2934 D DNC-0   : onAddNetworkRequest: added [NetworkRequest [ REQUEST id=57, [ Capabilities: INTERNET&NOT_RESTRICTED&TRUSTED&NOT_VCN_MANAGED&NOT_BANDWIDTH_CONSTRAINED Uid: 10578 RequestorUid: 1000 RequestorPkg: android UnderlyingNetworks: Null] ], mPriority=20, state=UNSATISFIED, mAttachedDataNetwork=null, created time=13:25:29.246, evaluation result=null]
12-08 13:25:30.331  2934  2934 D DPM-0   : Can't find any data profile that can satisfy [NetworkRequest [ REQUEST id=57, [ Capabilities: INTERNET&NOT_RESTRICTED&TRUSTED&NOT_VCN_MANAGED&NOT_BANDWIDTH_CONSTRAINED Uid: 10578 RequestorUid: 1000 RequestorPkg: android UnderlyingNetworks: Null] ], mPriority=20, state=UNSATISFIED, mAttachedDataNetwork=null, created time=13:25:29.247, evaluation result=null]
12-08 13:25:30.331  2934  2934 D DPM-0   : Unable to find a data profile for [NetworkRequest [ REQUEST id=57, [ Capabilities: INTERNET&NOT_RESTRICTED&TRUSTED&NOT_VCN_MANAGED&NOT_BANDWIDTH_CONSTRAINED Uid: 10578 RequestorUid: 1000 RequestorPkg: android UnderlyingNetworks: Null] ], mPriority=20, state=UNSATISFIED, mAttachedDataNetwork=null, created time=13:25:29.246, evaluation result=null]
12-08 13:25:30.331  2934  2934 D DNC-0   : Data evaluation: evaluation reason:NEW_REQUEST, Data disallowed reasons: DATA_CONFIG_NOT_READY SERVICE_OPTION_NOT_SUPPORTED NO_SUITABLE_DATA_PROFILE SIM_NOT_READY NOT_IN_SERVICE, candidate profile=null, time=13:25:30.331, network type=UNKNOWN, reg state=UNKNOWN, [NetworkRequest [ REQUEST id=57, [ Capabilities: INTERNET&NOT_RESTRICTED&TRUSTED&NOT_VCN_MANAGED&NOT_BANDWIDTH_CONSTRAINED Uid: 10578 RequestorUid: 1000 RequestorPkg: android UnderlyingNetworks: Null] ], mPriority=20, state=UNSATISFIED, mAttachedDataNetwork=null, created time=13:25:29.246, evaluation result=Data evaluation: evaluation reason:NEW_REQUEST, Data disallowed reasons: DATA_CONFIG_NOT_READY SERVICE_OPTION_NOT_SUPPORTED NO_SUITABLE_DATA_PROFILE SIM_NOT_READY NOT_IN_SERVICE, candidate profile=null, time=13:25:30.331]
12-08 13:25:30.331  2934  2934 D DNC-0   : onAddNetworkRequest: added [NetworkRequest [ REQUEST id=55, [ Capabilities: INTERNET&NOT_RESTRICTED&TRUSTED&NOT_VCN_MANAGED&NOT_BANDWIDTH_CONSTRAINED Uid: 10588 RequestorUid: 1000 RequestorPkg: android UnderlyingNetworks: Null] ], mPriority=20, state=UNSATISFIED, mAttachedDataNetwork=null, created time=13:25:29.246, evaluation result=null]
12-08 13:25:30.331  2934  2934 D DPM-0   : Can't find any data profile that can satisfy [NetworkRequest [ REQUEST id=55, [ Capabilities: INTERNET&NOT_RESTRICTED&TRUSTED&NOT_VCN_MANAGED&NOT_BANDWIDTH_CONSTRAINED Uid: 10588 RequestorUid: 1000 RequestorPkg: android UnderlyingNetworks: Null] ], mPriority=20, state=UNSATISFIED, mAttachedDataNetwork=null, created time=13:25:29.246, evaluation result=null]
12-08 13:25:30.331  2934  2934 D DPM-0   : Unable to find a data profile for [NetworkRequest [ REQUEST id=55, [ Capabilities: INTERNET&NOT_RESTRICTED&TRUSTED&NOT_VCN_MANAGED&NOT_BANDWIDTH_CONSTRAINED Uid: 10588 RequestorUid: 1000 RequestorPkg: android UnderlyingNetworks: Null] ], mPriority=20, state=UNSATISFIED, mAttachedDataNetwork=null, created time=13:25:29.246, evaluation result=null]
12-08 13:25:30.332  2934  2934 D DNC-0   : Data evaluation: evaluation reason:NEW_REQUEST, Data disallowed reasons: DATA_CONFIG_NOT_READY SERVICE_OPTION_NOT_SUPPORTED NO_SUITABLE_DATA_PROFILE SIM_NOT_READY NOT_IN_SERVICE, candidate profile=null, time=13:25:30.331, network type=UNKNOWN, reg state=UNKNOWN, [NetworkRequest [ REQUEST id=55, [ Capabilities: INTERNET&NOT_RESTRICTED&TRUSTED&NOT_VCN_MANAGED&NOT_BANDWIDTH_CONSTRAINED Uid: 10588 RequestorUid: 1000 RequestorPkg: android UnderlyingNetworks: Null] ], mPriority=20, state=UNSATISFIED, mAttachedDataNetwork=null, created time=13:25:29.247, evaluation result=Data evaluation: evaluation reason:NEW_REQUEST, Data disallowed reasons: DATA_CONFIG_NOT_READY SERVICE_OPTION_NOT_SUPPORTED NO_SUITABLE_DATA_PROFILE SIM_NOT_READY NOT_IN_SERVICE, candidate profile=null, time=13:25:30.331]
12-08 13:25:30.332  2934  2934 D DNC-0   : onAddNetworkRequest: added [NetworkRequest [ REQUEST id=53, [ Capabilities: INTERNET&NOT_RESTRICTED&TRUSTED&NOT_VCN_MANAGED&NOT_BANDWIDTH_CONSTRAINED Uid: 10598 RequestorUid: 1000 RequestorPkg: android UnderlyingNetworks: Null] ], mPriority=20, state=UNSATISFIED, mAttachedDataNetwork=null, created time=13:25:29.248, evaluation result=null]
12-08 13:25:30.332  2934  2934 D DPM-0   : Can't find any data profile that can satisfy [NetworkRequest [ REQUEST id=53, [ Capabilities: INTERNET&NOT_RESTRICTED&TRUSTED&NOT_VCN_MANAGED&NOT_BANDWIDTH_CONSTRAINED Uid: 10598 RequestorUid: 1000 RequestorPkg: android UnderlyingNetworks: Null] ], mPriority=20, state=UNSATISFIED, mAttachedDataNetwork=null, created time=13:25:29.247, evaluation result=null]
12-08 13:25:30.332  2934  2934 D DPM-0   : Unable to find a data profile for [NetworkRequest [ REQUEST id=53, [ Capabilities: INTERNET&NOT_RESTRICTED&TRUSTED&NOT_VCN_MANAGED&NOT_BANDWIDTH_CONSTRAINED Uid: 10598 RequestorUid: 1000 RequestorPkg: android UnderlyingNetworks: Null] ], mPriority=20, state=UNSATISFIED, mAttachedDataNetwork=null, created time=13:25:29.247, evaluation result=null]
12-08 13:25:30.332  2934  2934 D DNC-0   : Data evaluation: evaluation reason:NEW_REQUEST, Data disallowed reasons: DATA_CONFIG_NOT_READY SERVICE_OPTION_NOT_SUPPORTED NO_SUITABLE_DATA_PROFILE SIM_NOT_READY NOT_IN_SERVICE, candidate profile=null, time=13:25:30.332, network type=UNKNOWN, reg state=UNKNOWN, [NetworkRequest [ REQUEST id=53, [ Capabilities: INTERNET&NOT_RESTRICTED&TRUSTED&NOT_VCN_MANAGED&NOT_BANDWIDTH_CONSTRAINED Uid: 10598 RequestorUid: 1000 RequestorPkg: android UnderlyingNetworks: Null] ], mPriority=20, state=UNSATISFIED, mAttachedDataNetwork=null, created time=13:25:29.247, evaluation result=Data evaluation: evaluation reason:NEW_REQUEST, Data disallowed reasons: DATA_CONFIG_NOT_READY SERVICE_OPTION_NOT_SUPPORTED NO_SUITABLE_DATA_PROFILE SIM_NOT_READY NOT_IN_SERVICE, candidate profile=null, time=13:25:30.332]
12-08 13:25:30.332  2934  2934 D DNC-0   : onAddNetworkRequest: added [NetworkRequest [ REQUEST id=51, [ Capabilities: INTERNET&NOT_RESTRICTED&TRUSTED&NOT_VCN_MANAGED&NOT_BANDWIDTH_CONSTRAINED Uid: 10605 RequestorUid: 1000 RequestorPkg: android UnderlyingNetworks: Null] ], mPriority=20, state=UNSATISFIED, mAttachedDataNetwork=null, created time=13:25:29.243, evaluation result=null]
12-08 13:25:30.333  2934  2934 D DPM-0   : Can't find any data profile that can satisfy [NetworkRequest [ REQUEST id=51, [ Capabilities: INTERNET&NOT_RESTRICTED&TRUSTED&NOT_VCN_MANAGED&NOT_BANDWIDTH_CONSTRAINED Uid: 10605 RequestorUid: 1000 RequestorPkg: android UnderlyingNetworks: Null] ], mPriority=20, state=UNSATISFIED, mAttachedDataNetwork=null, created time=13:25:29.244, evaluation result=null]
12-08 13:25:30.333  2934  2934 D DPM-0   : Unable to find a data profile for [NetworkRequest [ REQUEST id=51, [ Capabilities: INTERNET&NOT_RESTRICTED&TRUSTED&NOT_VCN_MANAGED&NOT_BANDWIDTH_CONSTRAINED Uid: 10605 RequestorUid: 1000 RequestorPkg: android UnderlyingNetworks: Null] ], mPriority=20, state=UNSATISFIED, mAttachedDataNetwork=null, created time=13:25:29.244, evaluation result=null]
12-08 13:25:30.333  2934  2934 D DNC-0   : Data evaluation: evaluation reason:NEW_REQUEST, Data disallowed reasons: DATA_CONFIG_NOT_READY SERVICE_OPTION_NOT_SUPPORTED NO_SUITABLE_DATA_PROFILE SIM_NOT_READY NOT_IN_SERVICE, candidate profile=null, time=13:25:30.333, network type=UNKNOWN, reg state=UNKNOWN, [NetworkRequest [ REQUEST id=51, [ Capabilities: INTERNET&NOT_RESTRICTED&TRUSTED&NOT_VCN_MANAGED&NOT_BANDWIDTH_CONSTRAINED Uid: 10605 RequestorUid: 1000 RequestorPkg: android UnderlyingNetworks: Null] ], mPriority=20, state=UNSATISFIED, mAttachedDataNetwork=null, created time=13:25:29.243, evaluation result=Data evaluation: evaluation reason:NEW_REQUEST, Data disallowed reasons: DATA_CONFIG_NOT_READY SERVICE_OPTION_NOT_SUPPORTED NO_SUITABLE_DATA_PROFILE SIM_NOT_READY NOT_IN_SERVICE, candidate profile=null, time=13:25:30.333]
12-08 13:25:30.333  2934  2934 D DNC-0   : onAddNetworkRequest: added [NetworkRequest [ REQUEST id=49, [ Capabilities: INTERNET&NOT_RESTRICTED&TRUSTED&NOT_VCN_MANAGED&NOT_BANDWIDTH_CONSTRAINED Uid: 10618 RequestorUid: 1000 RequestorPkg: android UnderlyingNetworks: Null] ], mPriority=20, state=UNSATISFIED, mAttachedDataNetwork=null, created time=13:25:29.247, evaluation result=null]
12-08 13:25:30.333  2934  2934 D DPM-0   : Can't find any data profile that can satisfy [NetworkRequest [ REQUEST id=49, [ Capabilities: INTERNET&NOT_RESTRICTED&TRUSTED&NOT_VCN_MANAGED&NOT_BANDWIDTH_CONSTRAINED Uid: 10618 RequestorUid: 1000 RequestorPkg: android UnderlyingNetworks: Null] ], mPriority=20, state=UNSATISFIED, mAttachedDataNetwork=null, created time=13:25:29.247, evaluation result=null]
12-08 13:25:30.333  2934  2934 D DPM-0   : Unable to find a data profile for [NetworkRequest [ REQUEST id=49, [ Capabilities: INTERNET&NOT_RESTRICTED&TRUSTED&NOT_VCN_MANAGED&NOT_BANDWIDTH_CONSTRAINED Uid: 10618 RequestorUid: 1000 RequestorPkg: android UnderlyingNetworks: Null] ], mPriority=20, state=UNSATISFIED, mAttachedDataNetwork=null, created time=13:25:29.247, evaluation result=null]
12-08 13:25:30.333  2934  2934 D DNC-0   : Data evaluation: evaluation reason:NEW_REQUEST, Data disallowed reasons: DATA_CONFIG_NOT_READY SERVICE_OPTION_NOT_SUPPORTED NO_SUITABLE_DATA_PROFILE SIM_NOT_READY NOT_IN_SERVICE, candidate profile=null, time=13:25:30.333, network type=UNKNOWN, reg state=UNKNOWN, [NetworkRequest [ REQUEST id=49, [ Capabilities: INTERNET&NOT_RESTRICTED&TRUSTED&NOT_VCN_MANAGED&NOT_BANDWIDTH_CONSTRAINED Uid: 10618 RequestorUid: 1000 RequestorPkg: android UnderlyingNetworks: Null] ], mPriority=20, state=UNSATISFIED, mAttachedDataNetwork=null, created time=13:25:29.247, evaluation result=Data evaluation: evaluation reason:NEW_REQUEST, Data disallowed reasons: DATA_CONFIG_NOT_READY SERVICE_OPTION_NOT_SUPPORTED NO_SUITABLE_DATA_PROFILE SIM_NOT_READY NOT_IN_SERVICE, candidate profile=null, time=13:25:30.333]
12-08 13:25:30.334  2934  2934 D DNC-0   : onAddNetworkRequest: added [NetworkRequest [ REQUEST id=61, [ Capabilities: INTERNET&NOT_RESTRICTED&TRUSTED&NOT_VCN_MANAGED&NOT_BANDWIDTH_CONSTRAINED Uid: 10609 RequestorUid: 1000 RequestorPkg: android UnderlyingNetworks: Null] ], mPriority=20, state=UNSATISFIED, mAttachedDataNetwork=null, created time=13:25:29.246, evaluation result=null]
12-08 13:25:30.334  2934  2934 D DPM-0   : Can't find any data profile that can satisfy [NetworkRequest [ REQUEST id=61, [ Capabilities: INTERNET&NOT_RESTRICTED&TRUSTED&NOT_VCN_MANAGED&NOT_BANDWIDTH_CONSTRAINED Uid: 10609 RequestorUid: 1000 RequestorPkg: android UnderlyingNetworks: Null] ], mPriority=20, state=UNSATISFIED, mAttachedDataNetwork=null, created time=13:25:29.245, evaluation result=null]
12-08 13:25:30.334  2934  2934 D DPM-0   : Unable to find a data profile for [NetworkRequest [ REQUEST id=61, [ Capabilities: INTERNET&NOT_RESTRICTED&TRUSTED&NOT_VCN_MANAGED&NOT_BANDWIDTH_CONSTRAINED Uid: 10609 RequestorUid: 1000 RequestorPkg: android UnderlyingNetworks: Null] ], mPriority=20, state=UNSATISFIED, mAttachedDataNetwork=null, created time=13:25:29.245, evaluation result=null]
12-08 13:25:30.334  2934  2934 D DNC-0   : Data evaluation: evaluation reason:NEW_REQUEST, Data disallowed reasons: DATA_CONFIG_NOT_READY SERVICE_OPTION_NOT_SUPPORTED NO_SUITABLE_DATA_PROFILE SIM_NOT_READY NOT_IN_SERVICE, candidate profile=null, time=13:25:30.334, network type=UNKNOWN, reg state=UNKNOWN, [NetworkRequest [ REQUEST id=61, [ Capabilities: INTERNET&NOT_RESTRICTED&TRUSTED&NOT_VCN_MANAGED&NOT_BANDWIDTH_CONSTRAINED Uid: 10609 RequestorUid: 1000 RequestorPkg: android UnderlyingNetworks: Null] ], mPriority=20, state=UNSATISFIED, mAttachedDataNetwork=null, created time=13:25:29.245, evaluation result=Data evaluation: evaluation reason:NEW_REQUEST, Data disallowed reasons: DATA_CONFIG_NOT_READY SERVICE_OPTION_NOT_SUPPORTED NO_SUITABLE_DATA_PROFILE SIM_NOT_READY NOT_IN_SERVICE, candidate profile=null, time=13:25:30.334]
12-08 13:25:30.334  2934  2934 D EmergencyNumberTracker: [1]updateRadioEmergencyNumberListAndNotify(): receiving [[EmergencyNumber: 112, countryIso=, mnc=, src=sim , routing=unknown, categories=, urns=], [EmergencyNumber: 911, countryIso=, mnc=, src=sim , routing=unknown, categories=, urns=]]
12-08 13:25:30.339  2934  3279 D CellularNetworkService: No access tech specific info passes for RegStateResult
12-08 13:25:30.339  2934  3083 D RILJ    : [0121]< VOICE_REGISTRATION_STATE {.regState = NOT_REG_MT_SEARCHING_OP, .rat = UNKNOWN, .reasonForDenial = NONE, .cellIdentity = {.noinit = {}}, .registeredPlmn = , .accessTechnologySpecificInfo = {.noinit = {}}} [PHONE0]
12-08 13:25:30.339  2934  3279 D NRM-C-0 : onRequestNetworkRegistrationInfoComplete result: 0, info: NetworkRegistrationInfo{ domain=CS transportType=WWAN registrationState=NOT_REG_SEARCHING networkRegistrationState=NOT_REG_SEARCHING roamingType=NOT_ROAMING accessNetworkTechnology=UNKNOWN rejectCause=0 emergencyEnabled=false availableServices=[] cellIdentity=null voiceSpecificInfo=VoiceSpecificRegistrationInfo { mCssSupported=false mRoamingIndicator=0 mSystemIsInPrl=0 mDefaultRoamingIndicator=0} dataSpecificInfo=null nrState=**** rRplmn= isUsingCarrierAggregation=false isNonTerrestrialNetwork=TERRESTRIAL}
12-08 13:25:30.344  2934  2934 D SST     : [1] EVENT_POLL_STATE_NETWORK_SELECTION_MODE
12-08 13:25:30.344  2934  2934 D DNC-0   : onAddNetworkRequest: added [NetworkRequest [ REQUEST id=47, [ Capabilities: INTERNET&NOT_RESTRICTED&TRUSTED&NOT_VCN_MANAGED&NOT_BANDWIDTH_CONSTRAINED Uid: 10630 RequestorUid: 1000 RequestorPkg: android UnderlyingNetworks: Null] ], mPriority=20, state=UNSATISFIED, mAttachedDataNetwork=null, created time=13:25:29.244, evaluation result=null]
12-08 13:25:30.346  2934  2934 D DPM-0   : Can't find any data profile that can satisfy [NetworkRequest [ REQUEST id=47, [ Capabilities: INTERNET&NOT_RESTRICTED&TRUSTED&NOT_VCN_MANAGED&NOT_BANDWIDTH_CONSTRAINED Uid: 10630 RequestorUid: 1000 RequestorPkg: android UnderlyingNetworks: Null] ], mPriority=20, state=UNSATISFIED, mAttachedDataNetwork=null, created time=13:25:29.244, evaluation result=null]
12-08 13:25:30.346  2934  2934 D DPM-0   : Unable to find a data profile for [NetworkRequest [ REQUEST id=47, [ Capabilities: INTERNET&NOT_RESTRICTED&TRUSTED&NOT_VCN_MANAGED&NOT_BANDWIDTH_CONSTRAINED Uid: 10630 RequestorUid: 1000 RequestorPkg: android UnderlyingNetworks: Null] ], mPriority=20, state=UNSATISFIED, mAttachedDataNetwork=null, created time=13:25:29.244, evaluation result=null]
12-08 13:25:30.347  2934  2934 D DNC-0   : Data evaluation: evaluation reason:NEW_REQUEST, Data disallowed reasons: DATA_CONFIG_NOT_READY SERVICE_OPTION_NOT_SUPPORTED NO_SUITABLE_DATA_PROFILE SIM_NOT_READY NOT_IN_SERVICE, candidate profile=null, time=13:25:30.346, network type=UNKNOWN, reg state=UNKNOWN, [NetworkRequest [ REQUEST id=47, [ Capabilities: INTERNET&NOT_RESTRICTED&TRUSTED&NOT_VCN_MANAGED&NOT_BANDWIDTH_CONSTRAINED Uid: 10630 RequestorUid: 1000 RequestorPkg: android UnderlyingNetworks: Null] ], mPriority=20, state=UNSATISFIED, mAttachedDataNetwork=null, created time=13:25:29.244, evaluation result=Data evaluation: evaluation reason:NEW_REQUEST, Data disallowed reasons: DATA_CONFIG_NOT_READY SERVICE_OPTION_NOT_SUPPORTED NO_SUITABLE_DATA_PROFILE SIM_NOT_READY NOT_IN_SERVICE, candidate profile=null, time=13:25:30.346]
12-08 13:25:30.347  2934  2934 D DNC-0   : onAddNetworkRequest: added [NetworkRequest [ REQUEST id=43, [ Capabilities: INTERNET&NOT_RESTRICTED&TRUSTED&NOT_VCN_MANAGED&NOT_BANDWIDTH_CONSTRAINED Uid: 10640 RequestorUid: 1000 RequestorPkg: android UnderlyingNetworks: Null] ], mPriority=20, state=UNSATISFIED, mAttachedDataNetwork=null, created time=13:25:29.247, evaluation result=null]
12-08 13:25:30.348  2934  2934 D DPM-0   : Can't find any data profile that can satisfy [NetworkRequest [ REQUEST id=43, [ Capabilities: INTERNET&NOT_RESTRICTED&TRUSTED&NOT_VCN_MANAGED&NOT_BANDWIDTH_CONSTRAINED Uid: 10640 RequestorUid: 1000 RequestorPkg: android UnderlyingNetworks: Null] ], mPriority=20, state=UNSATISFIED, mAttachedDataNetwork=null, created time=13:25:29.247, evaluation result=null]
12-08 13:25:30.349  2934  2934 D DPM-0   : Unable to find a data profile for [NetworkRequest [ REQUEST id=43, [ Capabilities: INTERNET&NOT_RESTRICTED&TRUSTED&NOT_VCN_MANAGED&NOT_BANDWIDTH_CONSTRAINED Uid: 10640 RequestorUid: 1000 RequestorPkg: android UnderlyingNetworks: Null] ], mPriority=20, state=UNSATISFIED, mAttachedDataNetwork=null, created time=13:25:29.247, evaluation result=null]
12-08 13:25:30.349  2934  2934 D DNC-0   : Data evaluation: evaluation reason:NEW_REQUEST, Data disallowed reasons: DATA_CONFIG_NOT_READY SERVICE_OPTION_NOT_SUPPORTED NO_SUITABLE_DATA_PROFILE SIM_NOT_READY NOT_IN_SERVICE, candidate profile=null, time=13:25:30.349, network type=UNKNOWN, reg state=UNKNOWN, [NetworkRequest [ REQUEST id=43, [ Capabilities: INTERNET&NOT_RESTRICTED&TRUSTED&NOT_VCN_MANAGED&NOT_BANDWIDTH_CONSTRAINED Uid: 10640 RequestorUid: 1000 RequestorPkg: android UnderlyingNetworks: Null] ], mPriority=20, state=UNSATISFIED, mAttachedDataNetwork=null, created time=13:25:29.247, evaluation result=Data evaluation: evaluation reason:NEW_REQUEST, Data disallowed reasons: DATA_CONFIG_NOT_READY SERVICE_OPTION_NOT_SUPPORTED NO_SUITABLE_DATA_PROFILE SIM_NOT_READY NOT_IN_SERVICE, candidate profile=null, time=13:25:30.349]
12-08 13:25:30.349  2934  2934 D DNC-0   : onAddNetworkRequest: added [NetworkRequest [ REQUEST id=45, [ Capabilities: INTERNET&NOT_RESTRICTED&TRUSTED&NOT_VCN_MANAGED&NOT_BANDWIDTH_CONSTRAINED Uid: 10639 RequestorUid: 1000 RequestorPkg: android UnderlyingNetworks: Null] ], mPriority=20, state=UNSATISFIED, mAttachedDataNetwork=null, created time=13:25:29.242, evaluation result=null]
12-08 13:25:30.350  2934  2934 D DPM-0   : Can't find any data profile that can satisfy [NetworkRequest [ REQUEST id=45, [ Capabilities: INTERNET&NOT_RESTRICTED&TRUSTED&NOT_VCN_MANAGED&NOT_BANDWIDTH_CONSTRAINED Uid: 10639 RequestorUid: 1000 RequestorPkg: android UnderlyingNetworks: Null] ], mPriority=20, state=UNSATISFIED, mAttachedDataNetwork=null, created time=13:25:29.243, evaluation result=null]
12-08 13:25:30.350  2934  2934 D DPM-0   : Unable to find a data profile for [NetworkRequest [ REQUEST id=45, [ Capabilities: INTERNET&NOT_RESTRICTED&TRUSTED&NOT_VCN_MANAGED&NOT_BANDWIDTH_CONSTRAINED Uid: 10639 RequestorUid: 1000 RequestorPkg: android UnderlyingNetworks: Null] ], mPriority=20, state=UNSATISFIED, mAttachedDataNetwork=null, created time=13:25:29.242, evaluation result=null]
12-08 13:25:30.350  2934  2934 D DNC-0   : Data evaluation: evaluation reason:NEW_REQUEST, Data disallowed reasons: DATA_CONFIG_NOT_READY SERVICE_OPTION_NOT_SUPPORTED NO_SUITABLE_DATA_PROFILE SIM_NOT_READY NOT_IN_SERVICE, candidate profile=null, time=13:25:30.350, network type=UNKNOWN, reg state=UNKNOWN, [NetworkRequest [ REQUEST id=45, [ Capabilities: INTERNET&NOT_RESTRICTED&TRUSTED&NOT_VCN_MANAGED&NOT_BANDWIDTH_CONSTRAINED Uid: 10639 RequestorUid: 1000 RequestorPkg: android UnderlyingNetworks: Null] ], mPriority=20, state=UNSATISFIED, mAttachedDataNetwork=null, created time=13:25:29.242, evaluation result=Data evaluation: evaluation reason:NEW_REQUEST, Data disallowed reasons: DATA_CONFIG_NOT_READY SERVICE_OPTION_NOT_SUPPORTED NO_SUITABLE_DATA_PROFILE SIM_NOT_READY NOT_IN_SERVICE, candidate profile=null, time=13:25:30.350]
12-08 13:25:30.350  2934  2934 D DNC-0   : onAddNetworkRequest: added [NetworkRequest [ REQUEST id=41, [ Capabilities: INTERNET&NOT_RESTRICTED&TRUSTED&NOT_VCN_MANAGED&NOT_BANDWIDTH_CONSTRAINED Uid: 10644 RequestorUid: 1000 RequestorPkg: android UnderlyingNetworks: Null] ], mPriority=20, state=UNSATISFIED, mAttachedDataNetwork=null, created time=13:25:29.244, evaluation result=null]
12-08 13:25:30.351  2934  2934 D DPM-0   : Can't find any data profile that can satisfy [NetworkRequest [ REQUEST id=41, [ Capabilities: INTERNET&NOT_RESTRICTED&TRUSTED&NOT_VCN_MANAGED&NOT_BANDWIDTH_CONSTRAINED Uid: 10644 RequestorUid: 1000 RequestorPkg: android UnderlyingNetworks: Null] ], mPriority=20, state=UNSATISFIED, mAttachedDataNetwork=null, created time=13:25:29.245, evaluation result=null]
12-08 13:25:30.351  2934  2934 D DPM-0   : Unable to find a data profile for [NetworkRequest [ REQUEST id=41, [ Capabilities: INTERNET&NOT_RESTRICTED&TRUSTED&NOT_VCN_MANAGED&NOT_BANDWIDTH_CONSTRAINED Uid: 10644 RequestorUid: 1000 RequestorPkg: android UnderlyingNetworks: Null] ], mPriority=20, state=UNSATISFIED, mAttachedDataNetwork=null, created time=13:25:29.244, evaluation result=null]
12-08 13:25:30.351  2934  2934 D DNC-0   : Data evaluation: evaluation reason:NEW_REQUEST, Data disallowed reasons: DATA_CONFIG_NOT_READY SERVICE_OPTION_NOT_SUPPORTED NO_SUITABLE_DATA_PROFILE SIM_NOT_READY NOT_IN_SERVICE, candidate profile=null, time=13:25:30.351, network type=UNKNOWN, reg state=UNKNOWN, [NetworkRequest [ REQUEST id=41, [ Capabilities: INTERNET&NOT_RESTRICTED&TRUSTED&NOT_VCN_MANAGED&NOT_BANDWIDTH_CONSTRAINED Uid: 10644 RequestorUid: 1000 RequestorPkg: android UnderlyingNetworks: Null] ], mPriority=20, state=UNSATISFIED, mAttachedDataNetwork=null, created time=13:25:29.244, evaluation result=Data evaluation: evaluation reason:NEW_REQUEST, Data disallowed reasons: DATA_CONFIG_NOT_READY SERVICE_OPTION_NOT_SUPPORTED NO_SUITABLE_DATA_PROFILE SIM_NOT_READY NOT_IN_SERVICE, candidate profile=null, time=13:25:30.351]
12-08 13:25:30.351  2934  2934 D DNC-0   : onAddNetworkRequest: added [NetworkRequest [ REQUEST id=37, [ Capabilities: INTERNET&NOT_RESTRICTED&TRUSTED&NOT_VCN_MANAGED&NOT_BANDWIDTH_CONSTRAINED Uid: 10651 RequestorUid: 1000 RequestorPkg: android UnderlyingNetworks: Null] ], mPriority=20, state=UNSATISFIED, mAttachedDataNetwork=null, created time=13:25:29.247, evaluation result=null]
12-08 13:25:30.352  2934  2934 D DPM-0   : Can't find any data profile that can satisfy [NetworkRequest [ REQUEST id=37, [ Capabilities: INTERNET&NOT_RESTRICTED&TRUSTED&NOT_VCN_MANAGED&NOT_BANDWIDTH_CONSTRAINED Uid: 10651 RequestorUid: 1000 RequestorPkg: android UnderlyingNetworks: Null] ], mPriority=20, state=UNSATISFIED, mAttachedDataNetwork=null, created time=13:25:29.248, evaluation result=null]
12-08 13:25:30.352  2934  2934 D DPM-0   : Unable to find a data profile for [NetworkRequest [ REQUEST id=37, [ Capabilities: INTERNET&NOT_RESTRICTED&TRUSTED&NOT_VCN_MANAGED&NOT_BANDWIDTH_CONSTRAINED Uid: 10651 RequestorUid: 1000 RequestorPkg: android UnderlyingNetworks: Null] ], mPriority=20, state=UNSATISFIED, mAttachedDataNetwork=null, created time=13:25:29.248, evaluation result=null]
12-08 13:25:30.352  2934  3083 D RILJ    : [0034]< SET_UNSOLICITED_RESPONSE_FILTER  [PHONE0]
12-08 13:25:30.352  2934  2934 D DNC-0   : Data evaluation: evaluation reason:NEW_REQUEST, Data disallowed reasons: DATA_CONFIG_NOT_READY SERVICE_OPTION_NOT_SUPPORTED NO_SUITABLE_DATA_PROFILE SIM_NOT_READY NOT_IN_SERVICE, candidate profile=null, time=13:25:30.352, network type=UNKNOWN, reg state=UNKNOWN, [NetworkRequest [ REQUEST id=37, [ Capabilities: INTERNET&NOT_RESTRICTED&TRUSTED&NOT_VCN_MANAGED&NOT_BANDWIDTH_CONSTRAINED Uid: 10651 RequestorUid: 1000 RequestorPkg: android UnderlyingNetworks: Null] ], mPriority=20, state=UNSATISFIED, mAttachedDataNetwork=null, created time=13:25:29.247, evaluation result=Data evaluation: evaluation reason:NEW_REQUEST, Data disallowed reasons: DATA_CONFIG_NOT_READY SERVICE_OPTION_NOT_SUPPORTED NO_SUITABLE_DATA_PROFILE SIM_NOT_READY NOT_IN_SERVICE, candidate profile=null, time=13:25:30.352]
12-08 13:25:30.352  2934  2934 D DNC-0   : onAddNetworkRequest: added [NetworkRequest [ REQUEST id=39, [ Capabilities: INTERNET&NOT_RESTRICTED&TRUSTED&NOT_VCN_MANAGED&NOT_BANDWIDTH_CONSTRAINED Uid: 10650 RequestorUid: 1000 RequestorPkg: android UnderlyingNetworks: Null] ], mPriority=20, state=UNSATISFIED, mAttachedDataNetwork=null, created time=13:25:29.244, evaluation result=null]
12-08 13:25:30.353  2934  2934 D DPM-0   : Can't find any data profile that can satisfy [NetworkRequest [ REQUEST id=39, [ Capabilities: INTERNET&NOT_RESTRICTED&TRUSTED&NOT_VCN_MANAGED&NOT_BANDWIDTH_CONSTRAINED Uid: 10650 RequestorUid: 1000 RequestorPkg: android UnderlyingNetworks: Null] ], mPriority=20, state=UNSATISFIED, mAttachedDataNetwork=null, created time=13:25:29.244, evaluation result=null]
12-08 13:25:30.353  2934  2934 D DPM-0   : Unable to find a data profile for [NetworkRequest [ REQUEST id=39, [ Capabilities: INTERNET&NOT_RESTRICTED&TRUSTED&NOT_VCN_MANAGED&NOT_BANDWIDTH_CONSTRAINED Uid: 10650 RequestorUid: 1000 RequestorPkg: android UnderlyingNetworks: Null] ], mPriority=20, state=UNSATISFIED, mAttachedDataNetwork=null, created time=13:25:29.245, evaluation result=null]
12-08 13:25:30.353  2934  2934 D DNC-0   : Data evaluation: evaluation reason:NEW_REQUEST, Data disallowed reasons: DATA_CONFIG_NOT_READY SERVICE_OPTION_NOT_SUPPORTED NO_SUITABLE_DATA_PROFILE SIM_NOT_READY NOT_IN_SERVICE, candidate profile=null, time=13:25:30.353, network type=UNKNOWN, reg state=UNKNOWN, [NetworkRequest [ REQUEST id=39, [ Capabilities: INTERNET&NOT_RESTRICTED&TRUSTED&NOT_VCN_MANAGED&NOT_BANDWIDTH_CONSTRAINED Uid: 10650 RequestorUid: 1000 RequestorPkg: android UnderlyingNetworks: Null] ], mPriority=20, state=UNSATISFIED, mAttachedDataNetwork=null, created time=13:25:29.245, evaluation result=Data evaluation: evaluation reason:NEW_REQUEST, Data disallowed reasons: DATA_CONFIG_NOT_READY SERVICE_OPTION_NOT_SUPPORTED NO_SUITABLE_DATA_PROFILE SIM_NOT_READY NOT_IN_SERVICE, candidate profile=null, time=13:25:30.353]
12-08 13:25:30.353  2934  2934 D DNC-0   : onAddNetworkRequest: added [NetworkRequest [ REQUEST id=35, [ Capabilities: INTERNET&NOT_RESTRICTED&TRUSTED&NOT_VCN_MANAGED&NOT_BANDWIDTH_CONSTRAINED Uid: 10725 RequestorUid: 1000 RequestorPkg: android UnderlyingNetworks: Null] ], mPriority=20, state=UNSATISFIED, mAttachedDataNetwork=null, created time=13:25:29.243, evaluation result=null]
12-08 13:25:30.353  2934  2934 D DPM-0   : Can't find any data profile that can satisfy [NetworkRequest [ REQUEST id=35, [ Capabilities: INTERNET&NOT_RESTRICTED&TRUSTED&NOT_VCN_MANAGED&NOT_BANDWIDTH_CONSTRAINED Uid: 10725 RequestorUid: 1000 RequestorPkg: android UnderlyingNetworks: Null] ], mPriority=20, state=UNSATISFIED, mAttachedDataNetwork=null, created time=13:25:29.243, evaluation result=null]
12-08 13:25:30.354  2934  2934 D DPM-0   : Unable to find a data profile for [NetworkRequest [ REQUEST id=35, [ Capabilities: INTERNET&NOT_RESTRICTED&TRUSTED&NOT_VCN_MANAGED&NOT_BANDWIDTH_CONSTRAINED Uid: 10725 RequestorUid: 1000 RequestorPkg: android UnderlyingNetworks: Null] ], mPriority=20, state=UNSATISFIED, mAttachedDataNetwork=null, created time=13:25:29.244, evaluation result=null]
12-08 13:25:30.354  2934  2934 D DNC-0   : Data evaluation: evaluation reason:NEW_REQUEST, Data disallowed reasons: DATA_CONFIG_NOT_READY SERVICE_OPTION_NOT_SUPPORTED NO_SUITABLE_DATA_PROFILE SIM_NOT_READY NOT_IN_SERVICE, candidate profile=null, time=13:25:30.354, network type=UNKNOWN, reg state=UNKNOWN, [NetworkRequest [ REQUEST id=35, [ Capabilities: INTERNET&NOT_RESTRICTED&TRUSTED&NOT_VCN_MANAGED&NOT_BANDWIDTH_CONSTRAINED Uid: 10725 RequestorUid: 1000 RequestorPkg: android UnderlyingNetworks: Null] ], mPriority=20, state=UNSATISFIED, mAttachedDataNetwork=null, created time=13:25:29.244, evaluation result=Data evaluation: evaluation reason:NEW_REQUEST, Data disallowed reasons: DATA_CONFIG_NOT_READY SERVICE_OPTION_NOT_SUPPORTED NO_SUITABLE_DATA_PROFILE SIM_NOT_READY NOT_IN_SERVICE, candidate profile=null, time=13:25:30.354]
12-08 13:25:30.354  2934  2934 D DNC-0   : onAddNetworkRequest: added [NetworkRequest [ REQUEST id=33, [ Capabilities: INTERNET&NOT_RESTRICTED&TRUSTED&NOT_VCN_MANAGED&NOT_BANDWIDTH_CONSTRAINED Uid: 10730 RequestorUid: 1000 RequestorPkg: android UnderlyingNetworks: Null] ], mPriority=20, state=UNSATISFIED, mAttachedDataNetwork=null, created time=13:25:29.242, evaluation result=null]
12-08 13:25:30.354  2934  2934 D DPM-0   : Can't find any data profile that can satisfy [NetworkRequest [ REQUEST id=33, [ Capabilities: INTERNET&NOT_RESTRICTED&TRUSTED&NOT_VCN_MANAGED&NOT_BANDWIDTH_CONSTRAINED Uid: 10730 RequestorUid: 1000 RequestorPkg: android UnderlyingNetworks: Null] ], mPriority=20, state=UNSATISFIED, mAttachedDataNetwork=null, created time=13:25:29.242, evaluation result=null]
12-08 13:25:30.354  2934  2934 D DPM-0   : Unable to find a data profile for [NetworkRequest [ REQUEST id=33, [ Capabilities: INTERNET&NOT_RESTRICTED&TRUSTED&NOT_VCN_MANAGED&NOT_BANDWIDTH_CONSTRAINED Uid: 10730 RequestorUid: 1000 RequestorPkg: android UnderlyingNetworks: Null] ], mPriority=20, state=UNSATISFIED, mAttachedDataNetwork=null, created time=13:25:29.242, evaluation result=null]
