12-08 15:05:05.915  2900  2900 D DSM-I-0 : Carrier config changed. Try to bind data service.
12-08 15:05:05.919  2900  2900 E DSM-I-0 : Can't find the binding package
12-08 15:05:05.921  2900  2900 D DIC-0   : Carrier configs updated: PersistableBundle[{carrier_config_applied_bool=true, show_roaming_indicator_bool=true, carrier_config_version_string=}]
12-08 15:05:05.922  2900  2900 D DSM-C-0 : Carrier config changed. Try to bind data service.
12-08 15:05:05.922  2900  2900 D DSM-C-0 : Service com.android.phone already bound or being bound.
12-08 15:05:05.923  2900  2900 D NRM-I-0 : Carrier config changed. Try to bind network service.
12-08 15:05:05.923  2900  2900 D NRM-I-0 : Service vendor.qti.iwlan already bound or being bound.
12-08 15:05:05.923  2900  2900 D ImsPhoneCallTracker: [1] onReceive: Skipping indication for other phoneId: 0
12-08 15:05:05.923  2900  2900 D CarrierSignalAgent: [0]Loading carrier config: carrier_app_wake_signal_config
12-08 15:05:05.924  2900  2900 D CarrierSignalAgent: [0]Loading carrier config: carrier_app_no_wake_signal_config
12-08 15:05:05.924  2900  2900 D DCM-0   : EVENT_CARRIER_CONFIG_CHANGED
12-08 15:05:05.929  2900  2900 D DCM-0   : Carrier config updated. Config is carrier specific.
12-08 15:05:05.929  2900  2900 D UiccProfile: onCarrierConfigChanged: slotIndex=0, subId=1, carrierId=-1
12-08 15:05:05.931  2900  2900 D ImsPhoneCallTracker: [0] onReceive: caching carrier config until ImsService connects for subId: 1
12-08 15:05:05.931  2900  2900 D NetworkTypeController: [0] LegacyState: process EVENT_CARRIER_CONFIG_CHANGED
12-08 15:05:05.931  2900  2900 D NetworkTypeController: [0] Reset timers since NR is not allowed.
12-08 15:05:05.931  2900  2900 D NetworkTypeController: [0] DefaultState: process EVENT_CARRIER_CONFIG_CHANGED
12-08 15:05:05.931  2900  2900 D NetworkTypeController: [0] mOverrideTimerRules: {connected={mState=connected, mOverrideType=NR_NSA, mPrimaryTimers={}, mSecondaryTimers={}}, not_restricted_rrc_con={mState=not_restricted_rrc_con, mOverrideType=NR_NSA, mPrimaryTimers={}, mSecondaryTimers={}}, legacy={mState=legacy, mOverrideType=NONE, mPrimaryTimers={}, mSecondaryTimers={}}, not_restricted_rrc_idle={mState=not_restricted_rrc_idle, mOverrideType=NR_NSA, mPrimaryTimers={}, mSecondaryTimers={}}, restricted={mState=restricted, mOverrideType=NONE, mPrimaryTimers={}, mSecondaryTimers={}}, connected_mmwave={mState=connected_mmwave, mOverrideType=NR_NSA, mPrimaryTimers={}, mSecondaryTimers={}}, connected_rrc_idle={mState=connected_rrc_idle, mOverrideType=NR_NSA, mPrimaryTimers={}, mSecondaryTimers={}}}
12-08 15:05:05.931  2900  2900 D NetworkTypeController: [0] Physical channel configs updated: anchorNrCell=-1, nrBandwidths=0, nrBands=[], configs=null
12-08 15:05:05.931  2900  2900 D NetworkTypeController: [0] Reset timers since carrier configurations changed.
12-08 15:05:05.932  2900  2900 D CSST    : onCarrierConfigChanged: slotIndex=0, subId=1, carrierId=-1
12-08 15:05:05.932  2900  2900 I CSST    : reading time to delay notification pref network: -1
12-08 15:05:05.932  2900  2900 I CSST    : reading enabled notification pref network: true
12-08 15:05:05.932  2900  2900 I CSST    : reading time to delay notification emergency: -1
12-08 15:05:05.932  2900  2900 D Phone-0 : [0] SubId1,get allowed network types user: value = GPRS|EDGE|UMTS|CDMA|CDMA - EvDo rev. 0|CDMA - EvDo rev. A|CDMA - 1xRTT|HSDPA|HSUPA|HSPA|CDMA - EvDo rev. B|LTE|CDMA - eHRPD|HSPA+|GSM|TD_SCDMA|LTE_CA
12-08 15:05:05.932  2900  2900 D PhoneFactory: calculatePreferredNetworkType: phoneId = 0 networkType = 392191
12-08 15:05:05.932  2900  2900 D Phone-0 : [0] Allowed network types for 'carrier' reason is changed by carrier config = GPRS|EDGE|UMTS|CDMA|CDMA - EvDo rev. 0|CDMA - EvDo rev. A|CDMA - 1xRTT|HSDPA|HSUPA|HSPA|CDMA - EvDo rev. B|LTE|CDMA - eHRPD|HSPA+|GSM|TD_SCDMA|LTE_CA
12-08 15:05:05.933  2900  2900 D Phone-0 : [0] SubId1,get allowed network types carrier: value = GPRS|EDGE|UMTS|CDMA|CDMA - EvDo rev. 0|CDMA - EvDo rev. A|CDMA - 1xRTT|HSDPA|HSUPA|HSPA|CDMA - EvDo rev. B|LTE|CDMA - eHRPD|HSPA+|GSM|TD_SCDMA|LTE_CA
12-08 15:05:05.933  2900  2900 I CSST    : isNrSupported:  carrierConfigEnabled: true, AccessFamilySupported: true, isNrNetworkTypeAllowed: false
12-08 15:05:05.933  2900  2900 I CSST    : PrefNetworkNotification: sendMessage() w/values: ,true,false,-1,false,true
12-08 15:05:05.933  2900  2900 I CSST    : canceling notifications: 1000
12-08 15:05:05.933  2900  2900 D Phone-0 : isWifiCallingEnabled =false
12-08 15:05:05.933  2900  2900 D CSST    : isPhoneRegisteredForWifiCalling: false
12-08 15:05:05.933  2900  2900 D Phone-0 : isWifiCallingEnabled =false
12-08 15:05:05.933  2900  2900 I CSST    : EmergencyNetworkNotification: sendMessage() w/values: ,-1,false,true
12-08 15:05:05.933  2900  2900 I CSST    : canceling notifications: 1001
12-08 15:05:05.937  2900  2900 D Phone-0 : isImsCapabilityAvailable, capability=0, regTech=1, isAvailable=false
12-08 15:05:05.937  2900  2900 D Phone-0 : isImsCapabilityAvailable, capability=1, regTech=1, isAvailable=false
12-08 15:05:05.937  2900  2900 D Phone-0 : isImsCapabilityAvailable, capability=2, regTech=1, isAvailable=false
12-08 15:05:05.938  2900  2900 D Phone-0 : getImsRegistrationTechnology =-1
12-08 15:05:05.942  2900  3045 E RILJ    : processResponse: Unexpected response! serial: 189, error: 44 [PHONE0]
12-08 15:05:05.951  2900  3170 D ImsManagerIM [0]: ImsService not up yet - timeout waiting for connection.
12-08 15:05:05.955  2900  3170 D ImsManagerIM [0]: getWfcMode (roaming) - setting=2
12-08 15:05:05.965  2900  3045 D RILJ    : [0197]< GET_CELL_INFO_LIST [] [PHONE0]
12-08 15:05:05.973  2900  3045 D RILJ    : [0198]< OPERATOR {, , } [PHONE0]
12-08 15:05:05.974  2900  3045 D RILJ    : [0200]< DATA_REGISTRATION_STATE {.regState = NOT_REG_MT_SEARCHING_OP, .rat = UNKNOWN, .reasonForDenial = NONE, .cellIdentity = {.noinit = {}}, .registeredPlmn = , .accessTechnologySpecificInfo = {.noinit = {}}} [PHONE0]
12-08 15:05:05.974  2900  3251 D CellularNetworkService: No access tech specific info passes for RegStateResult
12-08 15:05:05.974  2900  3251 D NRM-C-0 : onRequestNetworkRegistrationInfoComplete result: 0, info: NetworkRegistrationInfo{ domain=PS transportType=WWAN registrationState=NOT_REG_SEARCHING networkRegistrationState=NOT_REG_SEARCHING roamingType=NOT_ROAMING accessNetworkTechnology=UNKNOWN rejectCause=0 emergencyEnabled=false availableServices=[] cellIdentity=null voiceSpecificInfo=null dataSpecificInfo=android.telephony.DataSpecificRegistrationInfo :{ maxDataCalls = 16 isDcNrRestricted = false isNrAvailable = false isEnDcAvailable = false mLteAttachResultType = 0 mLteAttachExtraInfo = 0 LteVopsSupportInfo :  mVopsSupport = 1 mEmcBearerSupport = 1 } nrState=**** rRplmn= isUsingCarrierAggregation=false isNonTerrestrialNetwork=TERRESTRIAL}
12-08 15:05:05.988  2900  2900 D ImsManagerIM [0]: ImsService not up yet - timeout waiting for connection.
12-08 15:05:05.994  2900  2900 D GsmCdmaPhone: mBroadcastReceiver: action android.telephony.action.CARRIER_CONFIG_CHANGED
12-08 15:05:05.994  2900  2900 D GsmCdmaPhone: mBroadcastReceiver: action android.telephony.action.CARRIER_CONFIG_CHANGED
12-08 15:05:05.995  2900  3172 I RcsProvisioningMonitor: notify default messaging app for sub:1 with capability:3
12-08 15:05:05.995  2900  3179 D ImsStateCallbackController: onCarrierConfigChanged slotId=0
12-08 15:05:05.995  2900  3179 D ImsStateCallbackController: onExternalRcsStateChanged slotId=0, state=UNAVAILABLE, reason=NO_IMS_SERVICE_CONFIGURED
12-08 15:05:05.999  2900  2900 D DPM-0   : Can't find any data profile that can satisfy [NetworkRequest [ NONE id=0, [ Capabilities: INTERNET&NOT_RESTRICTED&TRUSTED&NOT_VPN&NOT_VCN_MANAGED&NOT_BANDWIDTH_CONSTRAINED Uid: 1001 UnderlyingNetworks: Null] ], mPriority=20, state=UNSATISFIED, mAttachedDataNetwork=null, created time=15:05:05.995, evaluation result=null]
12-08 15:05:05.999  2900  2900 D DPM-0   : Unable to find a data profile for [NetworkRequest [ NONE id=0, [ Capabilities: INTERNET&NOT_RESTRICTED&TRUSTED&NOT_VPN&NOT_VCN_MANAGED&NOT_BANDWIDTH_CONSTRAINED Uid: 1001 UnderlyingNetworks: Null] ], mPriority=20, state=UNSATISFIED, mAttachedDataNetwork=null, created time=15:05:05.995, evaluation result=null]
12-08 15:05:06.001  2900  2900 D GsmCdmaPhone: [1] EVENT_REQUEST_VOICE_RADIO_TECH_DONE: newVoiceTech=3
12-08 15:05:06.001  2900  2900 D GsmCdmaPhone: [1] phoneObjectUpdater: newVoiceRadioTech=3
12-08 15:05:06.001  2900  2900 D GsmCdmaPhone: [1] phoneObjectUpdater: no-op as CDMA cleanup flag is set
12-08 15:05:06.001  2900  2900 D GsmCdmaPhone: EVENT_GET_RADIO_CAPABILITY: phone rc: {mPhoneId = 1 mVersion=1 mSession=0 mPhase=0 mRadioAccessFamily=561156 mLogicModemId=1 mStatus=1}
12-08 15:05:06.001  2900  2900 D GsmCdmaPhone: [0] EVENT_SUBSCRIPTIONS_CHANGED
12-08 15:05:06.001  2900  2900 I NullCipherNotifier: Ignoring setSubscriptionMapping. Notifier is disabled.
12-08 15:05:06.001  2900  2900 D GsmCdmaPhone: [1] EVENT_SUBSCRIPTIONS_CHANGED
12-08 15:05:06.001  2900  2900 I NullCipherNotifier: Ignoring setSubscriptionMapping. Notifier is disabled.
12-08 15:05:06.003  2900  2900 D Phone-0 : isImsCapabilityAvailable, capability=0, regTech=1, isAvailable=false
12-08 15:05:06.003  2900  2900 D Phone-0 : isImsCapabilityAvailable, capability=1, regTech=1, isAvailable=false
12-08 15:05:06.004  2900  2900 D Phone-0 : isImsCapabilityAvailable, capability=2, regTech=1, isAvailable=false
12-08 15:05:06.004  2900  2900 D Phone-0 : getImsRegistrationTechnology =-1
12-08 15:05:06.008  2900  3171 D FeatureConnector: [ImsStateCallbackController, 1] imsFeatureCreated: FeatureContainer{imsFeature=android.os.BinderProxy@f296fc3, imsConfig=android.telephony.ims.aidl.IImsConfig$Stub$Proxy@8843040, imsRegistration=android.telephony.ims.aidl.IImsRegistration$Stub$Proxy@87c3b79, sipTransport=null, state=UNAVAILABLE, capabilities = capabilities={ EMERGENCY_OVER_MMTEL }}, subId: -1
12-08 15:05:06.008  2900  3171 D FeatureConnector: [ImsStateCallbackController, 1] imsStatusChanged: status=UNAVAILABLE
12-08 15:05:06.008  2900  3171 D FeatureConnector: [ImsStateCallbackController, 1] imsStatusChanged: ready didn't change, ignore
12-08 15:05:06.008  2900  3171 D FeatureConnector: [ImsProvisioningController, 1] imsFeatureCreated: FeatureContainer{imsFeature=android.os.BinderProxy@f296fc3, imsConfig=android.telephony.ims.aidl.IImsConfig$Stub$Proxy@8843040, imsRegistration=android.telephony.ims.aidl.IImsRegistration$Stub$Proxy@87c3b79, sipTransport=null, state=UNAVAILABLE, capabilities = capabilities={ EMERGENCY_OVER_MMTEL }}, subId: -1
12-08 15:05:06.009  2900  3171 D FeatureConnector: [ImsProvisioningController, 1] imsStatusChanged: status=UNAVAILABLE
12-08 15:05:06.009  2900  3171 D FeatureConnector: [ImsProvisioningController, 1] imsStatusChanged: ready didn't change, ignore
12-08 15:05:06.009  2900  3171 D FeatureConnector: [ImsSmsDispatcher, 1] imsFeatureCreated: FeatureContainer{imsFeature=android.os.BinderProxy@f296fc3, imsConfig=android.telephony.ims.aidl.IImsConfig$Stub$Proxy@8843040, imsRegistration=android.telephony.ims.aidl.IImsRegistration$Stub$Proxy@87c3b79, sipTransport=null, state=UNAVAILABLE, capabilities = capabilities={ EMERGENCY_OVER_MMTEL }}, subId: -1
12-08 15:05:06.009  2900  3171 D FeatureConnector: [ImsSmsDispatcher, 1] imsStatusChanged: status=UNAVAILABLE
12-08 15:05:06.009  2900  3171 D FeatureConnector: [ImsSmsDispatcher, 1] imsStatusChanged: ready didn't change, ignore
12-08 15:05:06.010  2900  3171 D FeatureConnector: [ImsPhoneCallTracker, 1] imsFeatureCreated: FeatureContainer{imsFeature=android.os.BinderProxy@f296fc3, imsConfig=android.telephony.ims.aidl.IImsConfig$Stub$Proxy@8843040, imsRegistration=android.telephony.ims.aidl.IImsRegistration$Stub$Proxy@87c3b79, sipTransport=null, state=UNAVAILABLE, capabilities = capabilities={ EMERGENCY_OVER_MMTEL }}, subId: -1
12-08 15:05:06.010  2900  3171 D FeatureConnector: [ImsPhoneCallTracker, 1] imsStatusChanged: status=UNAVAILABLE
12-08 15:05:06.010  2900  3171 D FeatureConnector: [ImsPhoneCallTracker, 1] imsStatusChanged: ready didn't change, ignore
12-08 15:05:06.010  2900  3171 D FeatureConnector: [ImsStateCallbackController, 1] imsStatusChanged: status=UNAVAILABLE
12-08 15:05:06.010  2900  3171 D FeatureConnector: [ImsStateCallbackController, 1] imsStatusChanged: ready didn't change, ignore
12-08 15:05:06.010  2900  3171 D FeatureConnector: [ImsProvisioningController, 1] imsStatusChanged: status=UNAVAILABLE
12-08 15:05:06.010  2900  3171 D FeatureConnector: [ImsProvisioningController, 1] imsStatusChanged: ready didn't change, ignore
12-08 15:05:06.010  2900  3171 D FeatureConnector: [ImsSmsDispatcher, 1] imsStatusChanged: status=UNAVAILABLE
12-08 15:05:06.010  2900  3171 D FeatureConnector: [ImsSmsDispatcher, 1] imsStatusChanged: ready didn't change, ignore
12-08 15:05:06.010  2900  3171 D FeatureConnector: [ImsPhoneCallTracker, 1] imsStatusChanged: status=UNAVAILABLE
12-08 15:05:06.010  2900  3171 D FeatureConnector: [ImsPhoneCallTracker, 1] imsStatusChanged: ready didn't change, ignore
12-08 15:05:06.014  2900  3171 D FeatureConnector: [ImsStateCallbackController, 0] imsFeatureCreated: FeatureContainer{imsFeature=android.os.BinderProxy@c9c106c, imsConfig=android.telephony.ims.aidl.IImsConfig$Stub$Proxy@afc1635, imsRegistration=android.telephony.ims.aidl.IImsRegistration$Stub$Proxy@e17caca, sipTransport=null, state=UNAVAILABLE, capabilities = capabilities={ EMERGENCY_OVER_MMTEL }}, subId: 1
12-08 15:05:06.014  2900  3171 D FeatureConnector: [ImsStateCallbackController, 0] imsStatusChanged: status=UNAVAILABLE
12-08 15:05:06.014  2900  3171 D FeatureConnector: [ImsStateCallbackController, 0] imsStatusChanged: ready didn't change, ignore
12-08 15:05:06.014  2900  3171 D FeatureConnector: [ImsProvisioningController, 0] imsFeatureCreated: FeatureContainer{imsFeature=android.os.BinderProxy@c9c106c, imsConfig=android.telephony.ims.aidl.IImsConfig$Stub$Proxy@afc1635, imsRegistration=android.telephony.ims.aidl.IImsRegistration$Stub$Proxy@e17caca, sipTransport=null, state=READY, capabilities = capabilities={ EMERGENCY_OVER_MMTEL }}, subId: 1
12-08 15:05:06.014  2900  3171 D FeatureConnector: [ImsProvisioningController, 0] imsStatusChanged: status=READY
12-08 15:05:06.014  2900  3171 D FeatureConnector: [ImsSmsDispatcher, 0] imsFeatureCreated: FeatureContainer{imsFeature=android.os.BinderProxy@c9c106c, imsConfig=android.telephony.ims.aidl.IImsConfig$Stub$Proxy@afc1635, imsRegistration=android.telephony.ims.aidl.IImsRegistration$Stub$Proxy@e17caca, sipTransport=null, state=READY, capabilities = capabilities={ EMERGENCY_OVER_MMTEL }}, subId: 1
12-08 15:05:06.015  2900  3181 D ImsProvisioningController: MmTelFeatureListener[0] connection ready
12-08 15:05:06.015  2900  3171 D FeatureConnector: [ImsSmsDispatcher, 0] imsStatusChanged: status=READY
12-08 15:05:06.015  2900  3171 D FeatureConnector: [ImsPhoneCallTracker, 0] imsFeatureCreated: FeatureContainer{imsFeature=android.os.BinderProxy@c9c106c, imsConfig=android.telephony.ims.aidl.IImsConfig$Stub$Proxy@afc1635, imsRegistration=android.telephony.ims.aidl.IImsRegistration$Stub$Proxy@e17caca, sipTransport=null, state=READY, capabilities = capabilities={ EMERGENCY_OVER_MMTEL }}, subId: 1
12-08 15:05:06.015  2900  3171 D FeatureConnector: [ImsPhoneCallTracker, 0] imsStatusChanged: status=READY
12-08 15:05:06.015  2900  3171 D FeatureConnector: [InstanceManager, 0] imsFeatureCreated: FeatureContainer{imsFeature=android.os.BinderProxy@c9c106c, imsConfig=android.telephony.ims.aidl.IImsConfig$Stub$Proxy@afc1635, imsRegistration=android.telephony.ims.aidl.IImsRegistration$Stub$Proxy@e17caca, sipTransport=null, state=READY, capabilities = capabilities={ EMERGENCY_OVER_MMTEL }}, subId: 1
12-08 15:05:06.015  2900  3171 D FeatureConnector: [InstanceManager, 0] imsStatusChanged: status=READY
12-08 15:05:06.015  2900  3171 D FeatureConnector: [ImsStateCallbackController, 0] imsStatusChanged: status=READY
12-08 15:05:06.015  2900  3045 D RILJ    : [0196]< GSM_SET_BROADCAST_CONFIG error 6 [PHONE0]
12-08 15:05:06.016  2900  3171 D FeatureConnector: [ImsProvisioningController, 0] imsStatusChanged: status=READY
12-08 15:05:06.016  2900  3171 D FeatureConnector: [ImsProvisioningController, 0] imsStatusChanged: ready didn't change, ignore
12-08 15:05:06.016  2900  3171 D FeatureConnector: [ImsSmsDispatcher, 0] imsStatusChanged: status=READY
12-08 15:05:06.016  2900  3171 D FeatureConnector: [ImsSmsDispatcher, 0] imsStatusChanged: ready didn't change, ignore
12-08 15:05:06.016  2900  3181 D ImsProvisioningController: MmTelFeatureListener[0] onMmTelAvailable
12-08 15:05:06.016  2900  3179 D ImsStateCallbackController: [0, MMTEL] connectionReady 1
12-08 15:05:06.016  2900  3171 D FeatureConnector: [ImsPhoneCallTracker, 0] imsStatusChanged: status=READY
12-08 15:05:06.016  2900  3045 D RilRequest: [0196]< GSM_SET_BROADCAST_CONFIG error: com.android.internal.telephony.CommandException: REQUEST_NOT_SUPPORTED ret= result={ when=-33s681ms what=2 obj=Request[mCbRangesRequest3gpp = [CellBroadcastIdRange[4352, 4354, 1, true], CellBroadcastIdRange[4355, 4355, 1, false], CellBroadcastIdRange[4356, 4356, 1, true], CellBroadcastIdRange[4370, 4370, 1, true], CellBroadcastIdRange[4371, 4372, 1, false], CellBroadcastIdRange[4380, 4380, 1, false], CellBroadcastIdRange[4383, 4383, 1, true], CellBroadcastIdRange[4384, 4385, 1, false], CellBroadcastIdRange[4393, 4393, 1, false]], mCbRangesRequest3gpp2 = []] target=com.android.internal.telephony.StateMachine$SmHandler }
12-08 15:05:06.016  2900  3532 I ImsManagerIM [0]: connectionReady, subId: 1
12-08 15:05:06.016  2900  3045 D RILJ    : [0202]< SET_SIGNAL_STRENGTH_REPORTING_CRITERIA  [PHONE0]
12-08 15:05:06.016  2900  3045 E RILJ    : processResponse: Unexpected response! serial: 202, error: 0 [PHONE0]
12-08 15:05:06.016  2900  3171 D FeatureConnector: [ImsPhoneCallTracker, 0] imsStatusChanged: ready didn't change, ignore
12-08 15:05:06.016  2900  3181 W ImsProvisioningController: isProvisioningRequired : getTechsFromCarrierConfig failed
12-08 15:05:06.017  2900  3181 D ImsProvisioningController: isImsProvisioningRequiredForCapability capability 1 tech 0 return value false
12-08 15:05:06.017  2900  3181 D ImsProvisioningController: MmTelFeatureListener[0] setInitialProvisioningKeys provisioning required(voice, lte) false
12-08 15:05:06.017  2900  3181 W ImsProvisioningController: isProvisioningRequired : getTechsFromCarrierConfig failed
12-08 15:05:06.017  2900  3181 D ImsProvisioningController: isImsProvisioningRequiredForCapability capability 2 tech 0 return value false
12-08 15:05:06.017  2900  3181 D ImsProvisioningController: MmTelFeatureListener[0] setInitialProvisioningKeys provisioning required(video, lte) false
12-08 15:05:06.017  2900  3181 W ImsProvisioningController: isProvisioningRequired : getTechsFromCarrierConfig failed
12-08 15:05:06.018  2900  3171 D FeatureConnector: [InstanceManager, 0] imsStatusChanged: status=READY
12-08 15:05:06.018  2900  3171 D FeatureConnector: [InstanceManager, 0] imsStatusChanged: ready didn't change, ignore
12-08 15:05:06.018  2900  3181 D ImsProvisioningController: isImsProvisioningRequiredForCapability capability 1 tech 1 return value false
12-08 15:05:06.018  2900  3181 D ImsProvisioningController: MmTelFeatureListener[0] setInitialProvisioningKeys provisioning required(voice, iwlan) false
12-08 15:05:06.030  2900  3045 D RILJ    : [0201]< VOICE_REGISTRATION_STATE {.regState = NOT_REG_MT_SEARCHING_OP, .rat = UNKNOWN, .reasonForDenial = NONE, .cellIdentity = {.noinit = {}}, .registeredPlmn = , .accessTechnologySpecificInfo = {.noinit = {}}} [PHONE0]
12-08 15:05:06.030  2900  3251 D CellularNetworkService: No access tech specific info passes for RegStateResult
12-08 15:05:06.030  2900  3251 D NRM-C-0 : onRequestNetworkRegistrationInfoComplete result: 0, info: NetworkRegistrationInfo{ domain=CS transportType=WWAN registrationState=NOT_REG_SEARCHING networkRegistrationState=NOT_REG_SEARCHING roamingType=NOT_ROAMING accessNetworkTechnology=UNKNOWN rejectCause=0 emergencyEnabled=false availableServices=[] cellIdentity=null voiceSpecificInfo=VoiceSpecificRegistrationInfo { mCssSupported=false mRoamingIndicator=0 mSystemIsInPrl=0 mDefaultRoamingIndicator=0} dataSpecificInfo=null nrState=**** rRplmn= isUsingCarrierAggregation=false isNonTerrestrialNetwork=TERRESTRIAL}
12-08 15:05:06.030  2900  3045 D RILJ    : [0199]< QUERY_NETWORK_SELECTION_MODE {0} [PHONE0]
12-08 15:05:06.032  2900  3045 E RILJ    : processResponse: Unexpected response! serial: 202, error: 0 [PHONE0]
12-08 15:05:06.032  2900  3045 E RILJ    : processResponse: Unexpected response! serial: 202, error: 0 [PHONE0]
12-08 15:05:06.032  2900  3045 E RILJ    : processResponse: Unexpected response! serial: 202, error: 0 [PHONE0]
12-08 15:05:06.033  2900  2900 D RILJ    : [0203]> SET_SIGNAL_STRENGTH_REPORTING_CRITERIA [PHONE0]
12-08 15:05:06.034  2900  2900 D SSCtr   : setSignalStrengthReportingCriteria consolidatedSignalThresholdInfos=[SignalThresholdInfo{mRan=1 mSignalMeasurementType=1 mHysteresisMs=3000 mHysteresisDb=2 mThresholds=[-107, -103, -97, -89] mIsEnabled=true}, SignalThresholdInfo{mRan=2 mSignalMeasurementType=2 mHysteresisMs=3000 mHysteresisDb=2 mThresholds=[-115, -105, -95, -85] mIsEnabled=true}, SignalThresholdInfo{mRan=3 mSignalMeasurementType=3 mHysteresisMs=3000 mHysteresisDb=2 mThresholds=[-128, -118, -108, -98] mIsEnabled=true}, SignalThresholdInfo{mRan=3 mSignalMeasurementType=4 mHysteresisMs=3000 mHysteresisDb=2 mThresholds=[] mIsEnabled=false}, SignalThresholdInfo{mRan=3 mSignalMeasurementType=5 mHysteresisMs=3000 mHysteresisDb=2 mThresholds=[] mIsEnabled=false}, SignalThresholdInfo{mRan=6 mSignalMeasurementType=6 mHysteresisMs=3000 mHysteresisDb=2 mThresholds=[-110, -90, -80, -65] mIsEnabled=true}, SignalThresholdInfo{mRan=6 mSignalMeasurementType=7 mHysteresisMs=3000 mHysteresisDb=2 mThresholds=[] mIsEnabled=false}, SignalThresholdInfo{mRan=6 mSignalMeasurementType=8 mHysteresisMs=3000 mHysteresisDb=2 mThresholds=[] mIsEnabled=false}, SignalThresholdInfo{mRan=2 mSignalMeasurementType=9 mHysteresisMs=3000 mHysteresisDb=2 mThresholds=[] mIsEnabled=false}]
12-08 15:05:06.037  2900  3045 E RILJ    : processResponse: Unexpected response! serial: 202, error: 0 [PHONE0]
12-08 15:05:06.037  2900  2900 D SST     : [0] handlePollStateResultMessage: PS IWLAN. NetworkRegistrationInfo{ domain=PS transportType=WLAN registrationState=NOT_REG_OR_SEARCHING networkRegistrationState=NOT_REG_OR_SEARCHING roamingType=NOT_ROAMING accessNetworkTechnology=IWLAN rejectCause=0 emergencyEnabled=false availableServices=[] cellIdentity=null voiceSpecificInfo=null dataSpecificInfo=null nrState=**** rRplmn= isUsingCarrierAggregation=false isNonTerrestrialNetwork=TERRESTRIAL}
12-08 15:05:06.037  2900  2900 D DRM-0   : Remove all retry and throttling entries, reason=DATA_CONFIG_CHANGED
12-08 15:05:06.037  2900  2900 D DRM-0   : onDataConfigUpdated: mDataSetupRetryRuleList=[[DataSetupRetryRule: Network capabilities:[EIMS], Fail causes={}, Retry intervals=[1000], Maximum retries=20], [DataSetupRetryRule: Network capabilities:[], Fail causes=[32, 65537, 33, -3, 35, 65538, -5, -6, 65543, 8, 65547, 2252, 2253, 2254, 111, 50, 51, 27, 28, 29, 30], Retry intervals=[2500], Maximum retries=10], [DataSetupRetryRule: Network capabilities:[MMS|SUPL|CBS|RCS], Fail causes={}, Retry intervals=[2000], Maximum retries=10], [DataSetupRetryRule: Network capabilities:[DUN|PRIORITIZE_LATENCY|FOTA|PRIORITIZE_BANDWIDTH|IMS|MCX|XCAP|INTERNET|ENTERPRISE], Fail causes={}, Retry intervals=[2500, 3000, 5000, 10000, 15000, 20000, 40000, 60000, 120000, 240000, 600000, 1200000, 1800000], Maximum retries=20]], mDataHandoverRetryRuleList=[[DataHandoverRetryRule: Retry intervals=[1000, 2000, 4000, 8000, 16000], Fail causes={}, Maximum retries=5]]
12-08 15:05:06.037  2900  2900 D DPM-0   : Update data profiles due to carrier config updated.
12-08 15:05:06.055  2900  3045 E RILJ    : processResponse: Unexpected response! serial: 202, error: 0 [PHONE0]
12-08 15:05:06.090  2900  3045 E RILJ    : processResponse: Unexpected response! serial: 202, error: 0 [PHONE0]
12-08 15:05:06.091  2900  3045 E RILJ    : processResponse: Unexpected response! serial: 202, error: 44 [PHONE0]
12-08 15:05:06.093  2900  3045 D RILJ    : [0203]< SET_SIGNAL_STRENGTH_REPORTING_CRITERIA  [PHONE0]
12-08 15:05:06.096  2900  3045 E RILJ    : processResponse: Unexpected response! serial: 203, error: 0 [PHONE0]
12-08 15:05:06.098  2900  3045 E RILJ    : processResponse: Unexpected response! serial: 203, error: 0 [PHONE0]
12-08 15:05:06.102  2900  3045 E RILJ    : processResponse: Unexpected response! serial: 203, error: 0 [PHONE0]
12-08 15:05:06.102  2900  3045 E RILJ    : processResponse: Unexpected response! serial: 203, error: 0 [PHONE0]
12-08 15:05:06.103  2900  3045 E RILJ    : processResponse: Unexpected response! serial: 203, error: 0 [PHONE0]
12-08 15:05:06.104  2900  3045 E RILJ    : processResponse: Unexpected response! serial: 203, error: 0 [PHONE0]
12-08 15:05:06.106  2900  3045 E RILJ    : processResponse: Unexpected response! serial: 203, error: 0 [PHONE0]
12-08 15:05:06.147  2900  3045 E RILJ    : processResponse: Unexpected response! serial: 203, error: 44 [PHONE0]
12-08 15:05:06.152  2900  3045 D RILJ    : [0193]< SET_DATA_PROFILE  [PHONE1]
12-08 15:05:06.152  2900  3235 D DSM-C-1 : onSetDataProfileComplete. resultCode = 0
12-08 15:05:06.163  2900  2900 D DPM-0   : Added default EIMS data profile.
12-08 15:05:06.164  2900  2900 D DPM-0   : Found 1 data profiles. profiles = [[DataProfile=[ApnSetting] DEFAULT EIMS, 0, null, sos, null, null, null, null, null, 0, emergency, IPV4V6, IPV4V6, true, 0, false, 0, 0, 0, 0, 0, null, null, false, UNKNOWN, UNKNOWN, -1, -1, -1, false, 3, 961, false, UNEDITED, TrafficDescriptor={mDnn=sos, null}, preferred=false]]
12-08 15:05:06.164  2900  2900 D DPM-0   : Data profiles changed.
12-08 15:05:06.168  2900  2900 D DPM-0   : getPreferredDataProfileFromDb: null
12-08 15:05:06.169  2900  2900 D DPM-0   : getPreferredDataProfileSetId: cursor is null
12-08 15:05:06.169  2900  2900 D DPM-0   : updateDataProfilesAtModem: set 1 data profiles.
12-08 15:05:06.169  2900  2900 D DSM-C-0 : setDataProfile
12-08 15:05:06.169  2900  2900 D DPM-0   : Initial attach data profile updated as null or forceUpdateIa= true
12-08 15:05:06.169  2900  2900 D DSRM-0  : Enabled actions is null
12-08 15:05:06.169  2900  2900 D DSRM-0  : Duration millis is null
12-08 15:05:06.169  2900  2900 D DSMGR-0 : isDataRoamingFromUserAction: key=data_roaming_is_user_setting_key1, isUserSetting=false
12-08 15:05:06.170  2900  2900 D DSMGR-0 : DataRoamingEnabled set to true on sub 1, changed=false
12-08 15:05:06.170  2900  2900 D DNC-0   : onCarrierConfigUpdated: config is carrier specific. mSimState=PIN_REQUIRED
12-08 15:05:06.171  2900  3235 D RILJ    : [0204]> SET_DATA_PROFILE with data profiles :  [PHONE0]
12-08 15:05:06.171  2900  3235 D RILJ    : [DataProfile=[ApnSetting] DEFAULT EIMS, 0, null, sos, null, null, null, null, null, 0, emergency, IPV4V6, IPV4V6, true, 0, false, 0, 0, 0, 0, 0, null, null, false, UNKNOWN, UNKNOWN, -1, -1, -1, false, 3, 961, false, UNEDITED, TrafficDescriptor={mDnn=sos, null}, preferred=false] [PHONE0]
12-08 15:05:06.172  2900  2900 D DNC-0   : Re-evaluating 38 unsatisfied network requests in 4 groups, [INTERNET|TRUSTED|NOT_VPN|NOT_VCN_MANAGED]-SATELLITE, [INTERNET|NOT_RESTRICTED|TRUSTED|NOT_VCN_MANAGED|NOT_BANDWIDTH_CONSTRAINED]-, [INTERNET|NOT_RESTRICTED|TRUSTED|NOT_VPN|NOT_VCN_MANAGED|NOT_BANDWIDTH_CONSTRAINED]-, [INTERNET|NOT_RESTRICTED|TRUSTED|NOT_VPN|NOT_VCN_MANAGED|NOT_BANDWIDTH_CONSTRAINED]-CELLULAR due to DATA_CONFIG_CHANGED
12-08 15:05:06.172  2900  2900 D DPM-0   : Can't find any data profile that can satisfy [NetworkRequest [ REQUEST id=12, [ Transports: SATELLITE Capabilities: INTERNET&TRUSTED&NOT_VPN&NOT_VCN_MANAGED Uid: 10613 UnderlyingNetworks: Null] ], mPriority=20, state=UNSATISFIED, mAttachedDataNetwork=null, created time=15:05:04.101, evaluation result=Data evaluation: evaluation reason:DATA_SERVICE_STATE_CHANGED, Data disallowed reasons: NOT_IN_SERVICE SERVICE_OPTION_NOT_SUPPORTED DATA_NETWORK_TRANSPORT_NOT_ALLOWED SIM_NOT_READY NO_SUITABLE_DATA_PROFILE DATA_CONFIG_NOT_READY, candidate profile=null, time=15:05:05.823]
12-08 15:05:06.173  2900  2900 D DPM-0   : Unable to find a data profile for [NetworkRequest [ REQUEST id=12, [ Transports: SATELLITE Capabilities: INTERNET&TRUSTED&NOT_VPN&NOT_VCN_MANAGED Uid: 10613 UnderlyingNetworks: Null] ], mPriority=20, state=UNSATISFIED, mAttachedDataNetwork=null, created time=15:05:04.102, evaluation result=Data evaluation: evaluation reason:DATA_SERVICE_STATE_CHANGED, Data disallowed reasons: NOT_IN_SERVICE SERVICE_OPTION_NOT_SUPPORTED DATA_NETWORK_TRANSPORT_NOT_ALLOWED SIM_NOT_READY NO_SUITABLE_DATA_PROFILE DATA_CONFIG_NOT_READY, candidate profile=null, time=15:05:05.823]
12-08 15:05:06.173  2900  2900 D DNC-0   : Data evaluation: evaluation reason:DATA_CONFIG_CHANGED, Data disallowed reasons: NOT_IN_SERVICE SERVICE_OPTION_NOT_SUPPORTED DATA_NETWORK_TRANSPORT_NOT_ALLOWED SIM_NOT_READY NO_SUITABLE_DATA_PROFILE, candidate profile=null, time=15:05:06.173, network type=UNKNOWN, reg state=NOT_REG_SEARCHING, [NetworkRequest [ REQUEST id=12, [ Transports: SATELLITE Capabilities: INTERNET&TRUSTED&NOT_VPN&NOT_VCN_MANAGED Uid: 10613 UnderlyingNetworks: Null] ], mPriority=20, state=UNSATISFIED, mAttachedDataNetwork=null, created time=15:05:04.101, evaluation result=Data evaluation: evaluation reason:DATA_CONFIG_CHANGED, Data disallowed reasons: NOT_IN_SERVICE SERVICE_OPTION_NOT_SUPPORTED DATA_NETWORK_TRANSPORT_NOT_ALLOWED SIM_NOT_READY NO_SUITABLE_DATA_PROFILE, candidate profile=null, time=15:05:06.173]
12-08 15:05:06.173  2900  2900 D DPM-0   : Can't find any data profile that can satisfy [NetworkRequest [ REQUEST id=69, [ Capabilities: INTERNET&NOT_RESTRICTED&TRUSTED&NOT_VCN_MANAGED&NOT_BANDWIDTH_CONSTRAINED Uid: 1073 RequestorUid: 1073 RequestorPkg: com.android.networkstack UnderlyingNetworks: Null] ], mPriority=20, state=UNSATISFIED, mAttachedDataNetwork=null, created time=15:05:04.103, evaluation result=Data evaluation: evaluation reason:DATA_SERVICE_STATE_CHANGED, Data disallowed reasons: NOT_IN_SERVICE SERVICE_OPTION_NOT_SUPPORTED SIM_NOT_READY NO_SUITABLE_DATA_PROFILE DATA_CONFIG_NOT_READY, candidate profile=null, time=15:05:05.823]
12-08 15:05:06.173  2900  2900 D DPM-0   : Unable to find a data profile for [NetworkRequest [ REQUEST id=69, [ Capabilities: INTERNET&NOT_RESTRICTED&TRUSTED&NOT_VCN_MANAGED&NOT_BANDWIDTH_CONSTRAINED Uid: 1073 RequestorUid: 1073 RequestorPkg: com.android.networkstack UnderlyingNetworks: Null] ], mPriority=20, state=UNSATISFIED, mAttachedDataNetwork=null, created time=15:05:04.103, evaluation result=Data evaluation: evaluation reason:DATA_SERVICE_STATE_CHANGED, Data disallowed reasons: NOT_IN_SERVICE SERVICE_OPTION_NOT_SUPPORTED SIM_NOT_READY NO_SUITABLE_DATA_PROFILE DATA_CONFIG_NOT_READY, candidate profile=null, time=15:05:05.823]
12-08 15:05:06.173  2900  2900 D DNC-0   : Data evaluation: evaluation reason:DATA_CONFIG_CHANGED, Data disallowed reasons: NOT_IN_SERVICE SERVICE_OPTION_NOT_SUPPORTED SIM_NOT_READY NO_SUITABLE_DATA_PROFILE, candidate profile=null, time=15:05:06.173, network type=UNKNOWN, reg state=NOT_REG_SEARCHING, [NetworkRequest [ REQUEST id=69, [ Capabilities: INTERNET&NOT_RESTRICTED&TRUSTED&NOT_VCN_MANAGED&NOT_BANDWIDTH_CONSTRAINED Uid: 1073 RequestorUid: 1073 RequestorPkg: com.android.networkstack UnderlyingNetworks: Null] ], mPriority=20, state=UNSATISFIED, mAttachedDataNetwork=null, created time=15:05:04.103, evaluation result=Data evaluation: evaluation reason:DATA_CONFIG_CHANGED, Data disallowed reasons: NOT_IN_SERVICE SERVICE_OPTION_NOT_SUPPORTED SIM_NOT_READY NO_SUITABLE_DATA_PROFILE, candidate profile=null, time=15:05:06.173]
12-08 15:05:06.174  2900  2900 D DPM-0   : Can't find any data profile that can satisfy [NetworkRequest [ REQUEST id=1, [ Capabilities: INTERNET&NOT_RESTRICTED&TRUSTED&NOT_VPN&NOT_VCN_MANAGED&NOT_BANDWIDTH_CONSTRAINED RequestorUid: 1000 RequestorPkg: android UnderlyingNetworks: Null] ], mPriority=20, state=UNSATISFIED, mAttachedDataNetwork=null, created time=15:05:04.100, evaluation result=Data evaluation: evaluation reason:DATA_SERVICE_STATE_CHANGED, Data disallowed reasons: NOT_IN_SERVICE SERVICE_OPTION_NOT_SUPPORTED SIM_NOT_READY NO_SUITABLE_DATA_PROFILE DATA_CONFIG_NOT_READY, candidate profile=null, time=15:05:05.824]
12-08 15:05:06.174  2900  2900 D DPM-0   : Unable to find a data profile for [NetworkRequest [ REQUEST id=1, [ Capabilities: INTERNET&NOT_RESTRICTED&TRUSTED&NOT_VPN&NOT_VCN_MANAGED&NOT_BANDWIDTH_CONSTRAINED RequestorUid: 1000 RequestorPkg: android UnderlyingNetworks: Null] ], mPriority=20, state=UNSATISFIED, mAttachedDataNetwork=null, created time=15:05:04.100, evaluation result=Data evaluation: evaluation reason:DATA_SERVICE_STATE_CHANGED, Data disallowed reasons: NOT_IN_SERVICE SERVICE_OPTION_NOT_SUPPORTED SIM_NOT_READY NO_SUITABLE_DATA_PROFILE DATA_CONFIG_NOT_READY, candidate profile=null, time=15:05:05.824]
12-08 15:05:06.174  2900  2900 D DNC-0   : Data evaluation: evaluation reason:DATA_CONFIG_CHANGED, Data disallowed reasons: NOT_IN_SERVICE SERVICE_OPTION_NOT_SUPPORTED SIM_NOT_READY NO_SUITABLE_DATA_PROFILE, candidate profile=null, time=15:05:06.174, network type=UNKNOWN, reg state=NOT_REG_SEARCHING, [NetworkRequest [ REQUEST id=1, [ Capabilities: INTERNET&NOT_RESTRICTED&TRUSTED&NOT_VPN&NOT_VCN_MANAGED&NOT_BANDWIDTH_CONSTRAINED RequestorUid: 1000 RequestorPkg: android UnderlyingNetworks: Null] ], mPriority=20, state=UNSATISFIED, mAttachedDataNetwork=null, created time=15:05:04.100, evaluation result=Data evaluation: evaluation reason:DATA_CONFIG_CHANGED, Data disallowed reasons: NOT_IN_SERVICE SERVICE_OPTION_NOT_SUPPORTED SIM_NOT_READY NO_SUITABLE_DATA_PROFILE, candidate profile=null, time=15:05:06.174]
12-08 15:05:06.175  2900  2900 D DPM-0   : Can't find any data profile that can satisfy [NetworkRequest [ BACKGROUND_REQUEST id=2, [ Transports: CELLULAR Capabilities: INTERNET&NOT_RESTRICTED&TRUSTED&NOT_VPN&NOT_VCN_MANAGED&NOT_BANDWIDTH_CONSTRAINED RequestorUid: 1000 RequestorPkg: android UnderlyingNetworks: Null] ], mPriority=20, state=UNSATISFIED, mAttachedDataNetwork=null, created time=15:05:04.106, evaluation result=Data evaluation: evaluation reason:DATA_SERVICE_STATE_CHANGED, Data disallowed reasons: NOT_IN_SERVICE SERVICE_OPTION_NOT_SUPPORTED SIM_NOT_READY NO_SUITABLE_DATA_PROFILE DATA_CONFIG_NOT_READY, candidate profile=null, time=15:05:05.825]
12-08 15:05:06.175  2900  2900 D DPM-0   : Unable to find a data profile for [NetworkRequest [ BACKGROUND_REQUEST id=2, [ Transports: CELLULAR Capabilities: INTERNET&NOT_RESTRICTED&TRUSTED&NOT_VPN&NOT_VCN_MANAGED&NOT_BANDWIDTH_CONSTRAINED RequestorUid: 1000 RequestorPkg: android UnderlyingNetworks: Null] ], mPriority=20, state=UNSATISFIED, mAttachedDataNetwork=null, created time=15:05:04.105, evaluation result=Data evaluation: evaluation reason:DATA_SERVICE_STATE_CHANGED, Data disallowed reasons: NOT_IN_SERVICE SERVICE_OPTION_NOT_SUPPORTED SIM_NOT_READY NO_SUITABLE_DATA_PROFILE DATA_CONFIG_NOT_READY, candidate profile=null, time=15:05:05.825]
12-08 15:05:06.175  2900  2900 D DNC-0   : Data evaluation: evaluation reason:DATA_CONFIG_CHANGED, Data disallowed reasons: NOT_IN_SERVICE SERVICE_OPTION_NOT_SUPPORTED SIM_NOT_READY NO_SUITABLE_DATA_PROFILE, candidate profile=null, time=15:05:06.175, network type=UNKNOWN, reg state=NOT_REG_SEARCHING, [NetworkRequest [ BACKGROUND_REQUEST id=2, [ Transports: CELLULAR Capabilities: INTERNET&NOT_RESTRICTED&TRUSTED&NOT_VPN&NOT_VCN_MANAGED&NOT_BANDWIDTH_CONSTRAINED RequestorUid: 1000 RequestorPkg: android UnderlyingNetworks: Null] ], mPriority=20, state=UNSATISFIED, mAttachedDataNetwork=null, created time=15:05:04.105, evaluation result=Data evaluation: evaluation reason:DATA_CONFIG_CHANGED, Data disallowed reasons: NOT_IN_SERVICE SERVICE_OPTION_NOT_SUPPORTED SIM_NOT_READY NO_SUITABLE_DATA_PROFILE, candidate profile=null, time=15:05:06.175]
12-08 15:05:06.176  2900  2900 D SST     : [0] handlePollStateResultMessage: PS cellular. NetworkRegistrationInfo{ domain=PS transportType=WWAN registrationState=NOT_REG_SEARCHING networkRegistrationState=NOT_REG_SEARCHING roamingType=NOT_ROAMING accessNetworkTechnology=UNKNOWN rejectCause=0 emergencyEnabled=false availableServices=[] cellIdentity=null voiceSpecificInfo=null dataSpecificInfo=android.telephony.DataSpecificRegistrationInfo :{ maxDataCalls = 16 isDcNrRestricted = false isNrAvailable = false isEnDcAvailable = false mLteAttachResultType = 0 mLteAttachExtraInfo = 0 LteVopsSupportInfo :  mVopsSupport = 1 mEmcBearerSupport = 1 } nrState=**** rRplmn= isUsingCarrierAggregation=false isNonTerrestrialNetwork=TERRESTRIAL}
12-08 15:05:06.177  2900  2900 D RILJ    : [0205]> VOICE_RADIO_TECH [PHONE0]
12-08 15:05:06.177  2900  2900 D GsmCdmaPhone: [0] broadcastEmergencyCallStateChanges = false
12-08 15:05:06.177  2900  2900 D GsmCdmaPhone: [0] cdma_roaming_mode is going to changed to 2
12-08 15:05:06.177  2900  2900 E RILJ    : isN1ModeEnabled not supported on service NETWORK < 2.1. [PHONE0]
12-08 15:05:06.178  2900  2900 D Phone-0 : [0] SubId1,load allowed network types : value = user=654335
12-08 15:05:06.178  2900  2900 D Phone-0 : [0] SubId1,get allowed network types user: value = GPRS|EDGE|UMTS|CDMA|CDMA - EvDo rev. 0|CDMA - EvDo rev. A|CDMA - 1xRTT|HSDPA|HSUPA|HSPA|CDMA - EvDo rev. B|LTE|CDMA - eHRPD|HSPA+|GSM|TD_SCDMA|LTE_CA|NR
12-08 15:05:06.178  2900  2900 D Phone-0 : [0] SubId1,notifyAllowedNetworkTypesChanged: reason: 0 value:GPRS|EDGE|UMTS|CDMA|CDMA - EvDo rev. 0|CDMA - EvDo rev. A|CDMA - 1xRTT|HSDPA|HSUPA|HSPA|CDMA - EvDo rev. B|LTE|CDMA - eHRPD|HSPA+|GSM|TD_SCDMA|LTE_CA|NR
12-08 15:05:06.178  2900  2900 D Phone-0 : [0] SubId1,get allowed network types user: value = GPRS|EDGE|UMTS|CDMA|CDMA - EvDo rev. 0|CDMA - EvDo rev. A|CDMA - 1xRTT|HSDPA|HSUPA|HSPA|CDMA - EvDo rev. B|LTE|CDMA - eHRPD|HSPA+|GSM|TD_SCDMA|LTE_CA|NR
12-08 15:05:06.178  2900  3045 D RILJ    : [0205]< VOICE_RADIO_TECH {3} [PHONE0]
12-08 15:05:06.179  2900  2900 D RILJ    : [0206]> GET_RADIO_CAPABILITY [PHONE0]
12-08 15:05:06.179  2900  3045 D RILJ    : convertHalRadioCapability: session=0, phase=0, rat=561156, logicModemUuid=0, status=1, rcRil.raf=1130504 [PHONE0]
12-08 15:05:06.179  2900  3045 D RILJ    : [0206]< GET_RADIO_CAPABILITY {mPhoneId = 0 mVersion=1 mSession=0 mPhase=0 mRadioAccessFamily=561156 mLogicModemId=0 mStatus=1} [PHONE0]
12-08 15:05:06.180  1896  3393 W TelephonyRegistry: Pid 2900 has exceeded half the number of permissible registered listeners. Now at 81
12-08 15:05:06.183  2900  2900 D LocaleTracker-1: processCellInfo: cell info=[]
12-08 15:05:06.183  2900  2900 D LocaleTracker-1: updateLocale: countryIso = , countryIsoDebugInfo = empty as default
12-08 15:05:06.183  2900  2900 D LocaleTracker-1: updateLocale: timeZoneCountryIso = , timeZoneCountryIsoDebugInfo = empty as default
12-08 15:05:06.183  2900  2900 D NitzStateMachineImpl: handleCountryUnavailable: mLatestNitzSignal=null
12-08 15:05:06.183  2900  2900 D NitzStateMachineImpl: doTimeZoneDetection: countryIsoCode=null, nitzSignal=null, suggestion=TelephonyTimeZoneSuggestion{mSlotIndex=1, mZoneId='null', mMatchType=0, mQuality=0, mDebugInfo=[getTimeZoneSuggestion: nitzSignal=null, countryIsoCode=null, Detection reason=handleCountryUnavailable]}, reason=handleCountryUnavailable
12-08 15:05:06.184  2900  2900 D LocaleTracker-1: processCellInfo: cell info=[]
12-08 15:05:06.185  2900  2900 D LocaleTracker-1: updateLocale: countryIso = , countryIsoDebugInfo = empty as default
12-08 15:05:06.185  2900  2900 D LocaleTracker-1: updateLocale: timeZoneCountryIso = , timeZoneCountryIsoDebugInfo = empty as default
12-08 15:05:06.185  2900  2900 D NitzStateMachineImpl: handleCountryUnavailable: mLatestNitzSignal=null
12-08 15:05:06.185  2900  2900 D NitzStateMachineImpl: doTimeZoneDetection: countryIsoCode=null, nitzSignal=null, suggestion=TelephonyTimeZoneSuggestion{mSlotIndex=1, mZoneId='null', mMatchType=0, mQuality=0, mDebugInfo=[getTimeZoneSuggestion: nitzSignal=null, countryIsoCode=null, Detection reason=handleCountryUnavailable]}, reason=handleCountryUnavailable
12-08 15:05:06.185  2900  2900 D LocaleTracker-1: Can't get cell info. Try again in 2 secs.
12-08 15:05:06.185  2900  2900 D ImsSmsDispatcher [0]: ImsManager: connection ready.
12-08 15:05:06.185  2900  2900 D ImsManager [0]: Registration Callback registered.
12-08 15:05:06.185  2900  2900 D ImsManager [0]: Capability Callback registered.
12-08 15:05:06.188  2900  2900 D ImsPhoneCallTracker: [0] connectionReady for subId = 1
12-08 15:05:06.188  2900  2900 D ImsPhoneCallTracker: [0] startListeningForCalls
12-08 15:05:06.191  2900  2900 D ImsEcbm : ImsEcbm created
12-08 15:05:06.191  2900  2900 D ImsMultiEndpoint: ImsMultiEndpoint created
12-08 15:05:06.191  2900  2900 D ImsMultiEndpoint: setExternalCallStateListener
12-08 15:05:06.192  2900  2900 D ImsManager [0]: Registration Callback registered.
12-08 15:05:06.192  2900  2900 D ImsManager [0]: Capability Callback registered.
12-08 15:05:06.195  2900  2900 D ImsPhoneCallTracker: [0] Loaded ImsReasonInfo mapping : fromCode = 332 ; message = Q.850;cause=21 ; toCode = 510
12-08 15:05:06.195  2900  2900 D ImsPhoneCallTracker: [0] updateCarrierConfiguration: Updating mAllowEmergencyVideoCalls = false
12-08 15:05:06.195  2900  2900 E ImsPhoneCallTracker: [0] updateCarrierConfiguration: card state is not ready, skipping notification to ImsService. State= PIN_REQUIRED
12-08 15:05:06.196  2900  2900 I ImsPhoneCallTracker: [0] initializeTerminalBasedCallWaiting capable=false
12-08 15:05:06.196  2900  2900 D SST     : [0] EVENT_POLL_STATE_NETWORK_SELECTION_MODE
12-08 15:05:06.196  2900  2900 D SST     : [0] Could not set ServiceState channel number. CellIdentity null
12-08 15:05:06.196  2900  2900 D SST     : [0] handlePollStateResultMessage: CS cellular. NetworkRegistrationInfo{ domain=CS transportType=WWAN registrationState=NOT_REG_SEARCHING networkRegistrationState=NOT_REG_SEARCHING roamingType=NOT_ROAMING accessNetworkTechnology=UNKNOWN rejectCause=0 emergencyEnabled=false availableServices=[] cellIdentity=null voiceSpecificInfo=VoiceSpecificRegistrationInfo { mCssSupported=false mRoamingIndicator=0 mSystemIsInPrl=0 mDefaultRoamingIndicator=0} dataSpecificInfo=null nrState=**** rRplmn= isUsingCarrierAggregation=false isNonTerrestrialNetwork=TERRESTRIAL}
12-08 15:05:06.196  2900  2900 D SST     : [0] combinePsRegistrationStates: {mVoiceRegState=1(OUT_OF_SERVICE), mDataRegState=1(OUT_OF_SERVICE), mChannelNumber=-1, duplexMode()=0, mCellBandwidths=[], mOperatorAlphaLong=, mOperatorAlphaShort=, isManualNetworkSelection=false(automatic), getRilVoiceRadioTechnology=0(Unknown), getRilDataRadioTechnology=0(Unknown), mCssIndicator=unsupported, mNetworkId=-1, mSystemId=-1, mCdmaRoamingIndicator=-1, mCdmaDefaultRoamingIndicator=-1, mIsEmergencyOnly=false, isUsingCarrierAggregation=false, mArfcnRsrpBoost=0, mNetworkRegistrationInfos=[NetworkRegistrationInfo{ domain=PS transportType=WLAN registrationState=NOT_REG_OR_SEARCHING networkRegistrationState=NOT_REG_OR_SEARCHING roamingType=NOT_ROAMING accessNetworkTechnology=IWLAN rejectCause=0 emergencyEnabled=false availableServices=[] cellIdentity=null voiceSpecificInfo=null dataSpecificInfo=null nrState=**** rRplmn= isUsingCarrierAggregation=false isNonTerrestrialNetwork=TERRESTRIAL}, NetworkRegistrationInfo{ domain=PS transportType=WWAN registrationState=NOT_REG_SEARCHING networkRegistrationState=NOT_REG_SEARCHING roamingType=NOT_ROAMING accessNetworkTechnology=UNKNOWN rejectCause=0 emergencyEnabled=false availableServices=[] cellIdentity=null voiceSpecificInfo=null dataSpecificInfo=android.telephony.DataSpecificRegistrationInfo :{ maxDataCalls = 16 isDcNrRestricted = false isNrAvailable = false isEnDcAvailable = false mLteAttachResultType = 0 mLteAttachExtraInfo = 0 LteVopsSupportInfo :  mVopsSupport = 1 mEmcBearerSupport = 1 } nrState=**** rRplmn= isUsingCarrierAggregation=false isNonTerrestrialNetwork=TERRESTRIAL}, NetworkRegistrationInfo{ domain=CS transportType=WWAN registrationState=NOT_REG_SEARCHING networkRegistrationState=NOT_REG_SEARCHING roamingType=NOT_ROAMING accessNetworkTechnology=UNKNOWN rejectCause=0 emergencyEnabled=false availableServices=[] cellIdentity=null voiceSpecificInfo=VoiceSpecificRegistrationInfo { mCssSupported=false mRoamingIndicator=0 mSystemIsInPrl=0 mDefaultRoamingIndicator=0} dataSpecificInfo=null nrState=**** rRplmn= isUsingCarrierAggregation=false isNonTerrestrialNetwork=TERRESTRIAL}], mNrFrequencyRange=0, mOperatorAlphaLongRaw=, mOperatorAlphaShortRaw=, mIsDataRoamingFromRegistration=false, mIsIwlanPreferred=false, mIsUsingNonTerrestrialNetwork=false}
12-08 15:05:06.196  2900  2900 D SST     : [0] Could not set ServiceState channel number. CellIdentity null
12-08 15:05:06.196  2900  2900 D SST     : [0] Poll ServiceState done: oldSS={mVoiceRegState=1(OUT_OF_SERVICE), mDataRegState=1(OUT_OF_SERVICE), mChannelNumber=-1, duplexMode()=0, mCellBandwidths=[], mOperatorAlphaLong=, mOperatorAlphaShort=, isManualNetworkSelection=false(automatic), getRilVoiceRadioTechnology=0(Unknown), getRilDataRadioTechnology=0(Unknown), mCssIndicator=unsupported, mNetworkId=-1, mSystemId=-1, mCdmaRoamingIndicator=-1, mCdmaDefaultRoamingIndicator=-1, mIsEmergencyOnly=false, isUsingCarrierAggregation=false, mArfcnRsrpBoost=0, mNetworkRegistrationInfos=[NetworkRegistrationInfo{ domain=PS transportType=WLAN registrationState=NOT_REG_OR_SEARCHING networkRegistrationState=NOT_REG_OR_SEARCHING roamingType=NOT_ROAMING accessNetworkTechnology=IWLAN rejectCause=0 emergencyEnabled=false availableServices=[] cellIdentity=null voiceSpecificInfo=null dataSpecificInfo=null nrState=**** rRplmn= isUsingCarrierAggregation=false isNonTerrestrialNetwork=TERRESTRIAL}, NetworkRegistrationInfo{ domain=CS transportType=WWAN registrationState=NOT_REG_SEARCHING networkRegistrationState=NOT_REG_SEARCHING roamingType=NOT_ROAMING accessNetworkTechnology=UNKNOWN rejectCause=0 emergencyEnabled=false availableServices=[] cellIdentity=null voiceSpecificInfo=VoiceSpecificRegistrationInfo { mCssSupported=false mRoamingIndicator=0 mSystemIsInPrl=0 mDefaultRoamingIndicator=0} dataSpecificInfo=null nrState=**** rRplmn= isUsingCarrierAggregation=false isNonTerrestrialNetwork=TERRESTRIAL}, NetworkRegistrationInfo{ domain=PS transportType=WWAN registrationState=NOT_REG_SEARCHING networkRegistrationState=NOT_REG_SEARCHING roamingType=NOT_ROAMING accessNetworkTechnology=UNKNOWN rejectCause=0 emergencyEnabled=false availableServices=[] cellIdentity=null voiceSpecificInfo=null dataSpecificInfo=android.telephony.DataSpecificRegistrationInfo :{ maxDataCalls = 16 isDcNrRestricted = false isNrAvailable = false isEnDcAvailable = false mLteAttachResultType = 0 mLteAttachExtraInfo = 0 LteVopsSupportInfo :  mVopsSupport = 1 mEmcBearerSupport = 1 } nrState=**** rRplmn= isUsingCarrierAggregation=false isNonTerrestrialNetwork=TERRESTRIAL}], mNrFrequencyRange=0, mOperatorAlphaLongRaw=, mOperatorAlphaShortRaw=, mIsDataRoamingFromRegistration=false, mIsIwlanPreferred=false, mIsUsingNonTerrestrialNetwork=false}
12-08 15:05:06.196  2900  2900 D SST     : [0] Poll ServiceState done: newSS={mVoiceRegState=1(OUT_OF_SERVICE), mDataRegState=1(OUT_OF_SERVICE), mChannelNumber=-1, duplexMode()=0, mCellBandwidths=[], mOperatorAlphaLong=, mOperatorAlphaShort=, isManualNetworkSelection=false(automatic), getRilVoiceRadioTechnology=0(Unknown), getRilDataRadioTechnology=0(Unknown), mCssIndicator=unsupported, mNetworkId=-1, mSystemId=-1, mCdmaRoamingIndicator=-1, mCdmaDefaultRoamingIndicator=-1, mIsEmergencyOnly=false, isUsingCarrierAggregation=false, mArfcnRsrpBoost=0, mNetworkRegistrationInfos=[NetworkRegistrationInfo{ domain=PS transportType=WLAN registrationState=NOT_REG_OR_SEARCHING networkRegistrationState=NOT_REG_OR_SEARCHING roamingType=NOT_ROAMING accessNetworkTechnology=IWLAN rejectCause=0 emergencyEnabled=false availableServices=[] cellIdentity=null voiceSpecificInfo=null dataSpecificInfo=null nrState=**** rRplmn= isUsingCarrierAggregation=false isNonTerrestrialNetwork=TERRESTRIAL}, NetworkRegistrationInfo{ domain=CS transportType=WWAN registrationState=NOT_REG_SEARCHING networkRegistrationState=NOT_REG_SEARCHING roamingType=NOT_ROAMING accessNetworkTechnology=UNKNOWN rejectCause=0 emergencyEnabled=false availableServices=[] cellIdentity=null voiceSpecificInfo=VoiceSpecificRegistrationInfo { mCssSupported=false mRoamingIndicator=0 mSystemIsInPrl=0 mDefaultRoamingIndicator=0} dataSpecificInfo=null nrState=**** rRplmn= isUsingCarrierAggregation=false isNonTerrestrialNetwork=TERRESTRIAL}, NetworkRegistrationInfo{ domain=PS transportType=WWAN registrationState=NOT_REG_SEARCHING networkRegistrationState=NOT_REG_SEARCHING roamingType=NOT_ROAMING accessNetworkTechnology=UNKNOWN rejectCause=0 emergencyEnabled=false availableServices=[] cellIdentity=null voiceSpecificInfo=null dataSpecificInfo=android.telephony.DataSpecificRegistrationInfo :{ maxDataCalls = 16 isDcNrRestricted = false isNrAvailable = false isEnDcAvailable = false mLteAttachResultType = 0 mLteAttachExtraInfo = 0 LteVopsSupportInfo :  mVopsSupport = 1 mEmcBearerSupport = 1 } nrState=**** rRplmn= isUsingCarrierAggregation=false isNonTerrestrialNetwork=TERRESTRIAL}], mNrFrequencyRange=0, mOperatorAlphaLongRaw=, mOperatorAlphaShortRaw=, mIsDataRoamingFromRegistration=false, mIsIwlanPreferred=false, mIsUsingNonTerrestrialNetwork=false}
12-08 15:05:06.196  2900  2900 D SST     : [0] Poll ServiceState done: oldMaxDataCalls=16 mNewMaxDataCalls=16 oldReasonDataDenied=0 mNewReasonDataDenied=0
