12-04 00:19:48.964 V/CAM_CameraConfigManager(31663): setAperture(): 0.0
12-04 00:19:48.964 D/CAM_CameraConfigs(31663): aperture: 0.0
12-04 00:19:48.964 V/CAM_CameraConfigManager(31663): setExposureMode(): 0
12-04 00:19:48.964 D/CAM_CameraConfigs(31663): setExposureMode: 0
12-04 00:19:48.964 W/CAM_ImageModuleCameraManager(31663): no consumer for this updateType: 110
12-04 00:19:48.964 W/CAM_ImageModuleCameraManager(31663): no consumer for this updateType: 97
12-04 00:19:48.964 D/CAM_MiCamera2(31663): setCvLens 0 for null
12-04 00:19:48.964 W/CAM_ImageModuleCameraManager(31663): no consumer for this updateType: 111
12-04 00:19:48.964 V/CAM_CameraConfigManager(31663): setIsZoomSpeedUp(): false
12-04 00:19:48.964 W/CAM_ImageModuleCameraManager(31663): no consumer for this updateType: 112
12-04 00:19:48.964 V/CAM_CameraConfigManager(31663): setIsZoomSpeedDown(): false
12-04 00:19:48.965 V/CAM_CameraConfigManager(31663): setFaceAEStrategy(): 0
12-04 00:19:48.965 D/CAM_CaptureRequestBuilder(31663):  applyFaceAEStrategyFlag something is null
12-04 00:19:48.965 W/CAM_Camera2CompatAdapterRole(31663): Warning: getUltraWideBokehCameraId(): #init() failed, roleId=63
12-04 00:19:48.966 D/CAM_ModeSelectViewCV(31663): onScrollStateChanged state = 0
12-04 00:19:48.968 D/CAM_CameraCapabilities(31663): isSatFusionShotSupported: false, because tag undefined
12-04 00:19:48.968 I/CAM_Camera2Module(31663): [K_PROCESS]: startPreview: set PictureSize with 1600x1200
12-04 00:19:48.968 D/CAM_MiCameraSurfaceManager(31663): prepare imageReader android.media.ImageReader@41dbff9
12-04 00:19:48.968 D/CAM_Camera2Module(31663): startPreview: set PictureFormat to JPEG
12-04 00:19:48.968 D/CAM_Camera2Module(31663): startPreview: set SubPictureSize with 4012x3008
12-04 00:19:48.968 D/CAM_Camera2Module(31663): [QCFA]startPreview: set qcfa enable false
12-04 00:19:48.968 V/CAM_Camera2Module(31663): [WTP]init preview callback type decoders: E
12-04 00:19:48.968 D/CAM_Camera2Module(31663): init preview callback type decoders, previewCallbackType: 0x0, needUpdatePreference: false
12-04 00:19:48.968 V/CAM_Camera2Module(31663): [WTP]init preview callback type decoders: X
12-04 00:19:48.979 I/CAM_Camera2Module(31663): [K_PROCESS]: startPreview: surfaceTexture = android.graphics.SurfaceTexture@dda50a2
12-04 00:19:48.980 I/CAM_ModuleDevice(31663): [K_PROCESS]: getOperatingMode: SESSION_OPERATION_MODE_ALGO_UP_DUAL_BOKEH
12-04 00:19:48.980 D/CAM_Camera2Module(31663): startPreview: operatingMode = 36864
12-04 00:19:48.980 I/CAM_MiCamera2(31663): [K_PROCESS]: startPreviewSession: operatingMode=0x9000 previewCallback=0 rawCallbackType=0
12-04 00:19:48.980 V/CAM_MiCamera2(31663): generateSessionId: id=1
12-04 00:19:48.980 I/CAM_MiCamera2(31663): [K_PROCESS]: configMaxParallelRequestNumber: prNum = -1
12-04 00:19:48.980 I/CAM_MiCamera2(31663): [K_PROCESS]: [SAT]prepareRemoteImageReader: isUseParallelVtCam = false
12-04 00:19:48.980 I/CAM_ImageReaderParam(31663): setNeedMultipleRaw: false
12-04 00:19:48.980 D/CAM_ImageReaderHandler(31663): could normal handle
12-04 00:19:48.980 D/CAM_ImageReaderHandler(31663): normal add spec:1 size: 1600x1200
12-04 00:19:48.980 D/CAM_ImageReaderHandler(31663): add sub spec: 6 size: 4012x3008
12-04 00:19:48.981 D/CAM_LocalParallelService(31663): configCaptureOutputBuffer: active PostProcessor size: 0
12-04 00:19:48.981 D/CAM_LocalParallelService(31663): initPostProcessor: maxParallelRequestNumber = 5, SRRequireReprocess = false
12-04 00:19:48.981 D/CAM_LocalParallelService(31663): configCaptureOutputBuffer: new processor: d.m.f.e.e0@4becb3e
12-04 00:19:48.981 D/CAM_PostProcessor(31663): configHALOutputSurface: E
12-04 00:19:48.981 D/CAM_PostProcessor(31663): configHALOutputSurface: paramsNum=2
12-04 00:19:48.981 D/CAM_PostProcessor(31663): configHALOutputSurface: holdNum=10
12-04 00:19:48.981 W/ImageReaderHelper(31663): NoSuchMethodException: android.media.ImageReader.setName [class java.lang.String]
12-04 00:19:48.982 W/ImageReaderHelper(31663): NoSuchMethodException: android.media.ImageReader.setName [class java.lang.String]
12-04 00:19:48.982 D/CAM_PostProcessor(31663): configHALOutputSurface: X
12-04 00:19:48.982 W/CAM_PostProcessor(31663): destroyWhenTasksFinished: STATE_STOPPED. d.m.f.e.e0@a6578f3
12-04 00:19:48.982 D/CAM_MiCamera2(31663): startPreviewSessionImpl: false
12-04 00:19:48.982 I/CAM_MiCamera2(31663): [K_PROCESS]: startPreviewSession: add RemoteImageReader configuration: getPhysicCameraId=-1 format=0x23 size=1600x1200
12-04 00:19:48.982 I/CAM_MiCamera2(31663): [K_PROCESS]: startPreviewSession: add RemoteImageReader configuration: getPhysicCameraId=-1 format=0x23 size=4012x3008
12-04 00:19:48.983 D/CAM_MiCamera2(31663): applySettingsForPreview: android.hardware.camera2.CaptureRequest$Builder@71d9d9f
12-04 00:19:48.983 D/CAM_MiCamera2(31663): applyFlashMode: request android.hardware.camera2.CaptureRequest$Builder@71d9d9f, applyType = 1
12-04 00:19:48.983 D/CAM_MiCameraCompat(31663): applyFlashMode: mode = 0
12-04 00:19:48.983 D/CAM_MiCamera2(31663): applyFlashMode: flashMode = 0, mScreenLightCallback = d.c.a.q6.q8.q1@59cbeec
12-04 00:19:48.983 D/CAM_CaptureRequestBuilder(31663): applyScreenLightHint(): false
12-04 00:19:48.983 D/CAM_CaptureRequestBuilder(31663): applyAFRegions: default 0
12-04 00:19:48.983 D/CAM_CaptureRequestBuilder(31663): applyAERegions: default 0
12-04 00:19:48.983 D/CAM_MiCameraCompat(31663): applyFaceDetection: falseã€ faceDetectMode: 0
12-04 00:19:48.983 D/CAM_CaptureRequestBuilder(31663): applyExposureCompensation: 0
12-04 00:19:48.983 D/CAM_HybridZoomingSystem(31663): toCropRegion(): zoom ratio = 1.0, crop region = Rect(0, 0 - 6016, 4512)
12-04 00:19:48.983 D/CAM_RequestVendorTag(31663): applyCropRegion: rect = Rect(0, 0 - 6016, 4512)
12-04 00:19:48.983 V/CAM_CaptureRequestBuilder(31663): applyZoomRatio(): cameraId = 6, zoomRatio = 1.0, activeArraySize = Rect(0, 0 - 6016, 4512), cropRegion = Rect(0, 0 - 6016, 4512)
12-04 00:19:48.984 D/CAM_CaptureRequestBuilder(31663): applyAELock: false
12-04 00:19:48.984 D/CAM_CaptureRequestBuilder(31663): applyAWBLock: false
12-04 00:19:48.984 D/CAM_CaptureRequestBuilder(31663): applyCinematicPhoto: false
12-04 00:19:48.984 D/CAM_CaptureRequestBuilder(31663): applySingleBokeh: false
12-04 00:19:48.984 D/CAM_CameraCapabilities(31663): isMFNRBokehSupported: 1
12-04 00:19:48.984 V/CAM_MiCameraCompat(31663): [K_PROCESS]: applyMfnrEnable: false
12-04 00:19:48.984 D/CAM_CaptureRequestBuilder(31663): applyHdrBokeh: false
12-04 00:19:48.984 D/CAM_MiCameraCompat(31663): applyHdrBokeh: enabled = false
12-04 00:19:48.984 D/CAM_CaptureRequestBuilder(31663): applyCvLens 0
12-04 00:19:48.984 D/CAM_CameraCapabilities(31663): isSupportNormalWideLDC: true
12-04 00:19:48.984 D/CAM_MiCameraCompat(31663): applyNormalWideLDC: false
12-04 00:19:48.984 D/CAM_CameraCapabilities(31663): isSupportUltraWideLDC: true
12-04 00:19:48.984 D/CAM_MiCameraCompat(31663): applyUltraWideLDC: false
12-04 00:19:48.985 D/CAM_CaptureRequestBuilder(31663): applyAELock: false
12-04 00:19:48.985 D/CAM_CaptureRequestBuilder(31663): applyAWBLock: false
12-04 00:19:48.985 V/CAM_CaptureRequestBuilder(31663): EIS: off
12-04 00:19:48.985 V/CAM_CaptureRequestBuilder(31663): OIS: off
12-04 00:19:48.985 D/CAM_CaptureRequestBuilder(31663): applyDeviceOrientation: 0
12-04 00:19:48.985 D/CAM_CaptureRequestBuilder(31663): applyFpsRange: fpsRange = null
12-04 00:19:48.985 D/CAM_MiCameraCompat(31663): applySatFallbackDisable: 0
12-04 00:19:48.985 D/CAM_CaptureRequestBuilder(31663): applyAiASDEnable:false
12-04 00:19:48.985 D/CAM_CaptureRequestBuilder(31663): applyASDScene: -2
12-04 00:19:48.985 D/CAM_CaptureRequestBuilder(31663): applyTrackFocus: false
12-04 00:19:48.985 D/CAM_RequestVendorTag(31663): applyTrackFocusEnable: value = false
12-04 00:19:48.985 I/CAM_MiCamera2(31663): [K_PROCESS]: startPreviewSession: add PreviewSurface configuration: format=0x22 size=1440x1080
12-04 00:19:48.985 D/CAM_CameraCapabilities(31663): getAiShutterSupport not defined
12-04 00:19:48.985 D/CAM_CameraCapabilities(31663): isSupportAiShutter: 0
12-04 00:19:48.985 D/CAM_MiCameraCompat(31663): applyAppModule 171
12-04 00:19:48.986 D/CAM_MiCamera2(31663): applyConfigurationParam: pid: 31663
12-04 00:19:48.986 E/VendorTagDescriptor(31663): lookupTag: Tag name 'processId' does not exist.
12-04 00:19:48.986 D/CAM_CaptureRequestBuilder(31663): applyCinematicVideo: false
12-04 00:19:48.986 D/CAM_MiCameraCompat(31663): applySmoothTransition: true
12-04 00:19:48.986 I/CAM_MiCamera2(31663): [K_PROCESS]: startPreviewSession: setup output configuration number: 3
12-04 00:19:48.986 I/CAM_PerformanceManager(31663): [P_PERFORM]: Action: 3:cameraOpened2createCaptureSession@6_171_0 takes 114 ms
12-04 00:19:48.987 W/cameraserver( 1573): createConfiguredSurface: Camera 6 with consumer usage flag: 256: Forcing asynchronous mode forstream
12-04 00:19:48.987 W/cameraserver( 1573): createConfiguredSurface: Camera 6: Overriding format 0x1 to IMPLEMENTATION_DEFINED
12-04 00:19:48.989 I/cameraserver( 1573): Bypass roundBufferDimensionNearest for privilegedClient YUV streams width 1600 height 1200 for format 35
12-04 00:19:48.990 I/cameraserver( 1573): Bypass roundBufferDimensionNearest for privilegedClient YUV streams width 4012 height 3008 for format 35
12-04 00:19:48.991 D/Camera3-Utils( 1573): Set real time priority for thread (tid 1728)
12-04 00:19:49.014 E/CHIUSECASE( 1104): [ERROR  ] chxadvancedcamerausecase.cpp:7340 GetTargetIndex() Could not find TARGET_BUFFER_SAT_INPUT_FULL in 0xb400007dad1d8550
12-04 00:19:49.014 E/CHIUSECASE( 1104): [ERROR  ] chxadvancedcamerausecase.cpp:7340 GetTargetIndex() Could not find TARGET_BUFFER_SAT_INPUT_DS4 in 0xb400007dad1d8550
12-04 00:19:49.014 E/CHIUSECASE( 1104): [ERROR  ] chxadvancedcamerausecase.cpp:7340 GetTargetIndex() Could not find TARGET_BUFFER_SAT_INPUT_DS16 in 0xb400007dad1d8550
12-04 00:19:49.014 E/CHIUSECASE( 1104): [ERROR  ] chxadvancedcamerausecase.cpp:7340 GetTargetIndex() Could not find TARGET_BUFFER_RAW in 0xb400007dad1d8550
12-04 00:19:49.014 E/CHIUSECASE( 1104): [ERROR  ] chxadvancedcamerausecase.cpp:7340 GetTargetIndex() Could not find TARGET_BUFFER_RAW16 in 0xb400007dad1d8550
12-04 00:19:49.014 E/CHIUSECASE( 1104): [ERROR  ] chxadvancedcamerausecase.cpp:7340 GetTargetIndex() Could not find TARGET_BUFFER_RAW1 in 0xb400007dad1d8550
12-04 00:19:49.014 E/CHIUSECASE( 1104): [ERROR  ] chxadvancedcamerausecase.cpp:7340 GetTargetIndex() Could not find TARGET_BUFFER_RAW2 in 0xb400007dad1d8550
12-04 00:19:49.014 E/CHIUSECASE( 1104): [ERROR  ] chxadvancedcamerausecase.cpp:7340 GetTargetIndex() Could not find TARGET_BUFFER_RTBINPUT1 in 0xb400007dad1d8550
12-04 00:19:49.014 E/CHIUSECASE( 1104): [ERROR  ] chxadvancedcamerausecase.cpp:7340 GetTargetIndex() Could not find TARGET_BUFFER_RTBINPUT2 in 0xb400007dad1d8550
12-04 00:19:49.015 I/vendor.qti.bluetooth@1.0-ibs_handler( 1097): ProcessIbsCmd: Received IBS_SLEEP_IND: 0xFE
12-04 00:19:49.015 D/vendor.qti.bluetooth@1.0-ibs_handler( 1097): SerialClockVote: vote for UART CLK OFF
12-04 00:19:49.017 I/XIAOMI_AIASD( 1104): Product: umi
12-04 00:19:49.017 I/XIAOMI_AIASD( 1104): ChiMiAISceneCheckerNode: NodePropertyXiaomiChiCaps m_nodeCaps = 8
12-04 00:19:49.018 E/android.hardware.camera.provider@2.4-service_64( 1104): AIScene:m_IndiaModelPrio 0 AI_SCENE_IN_INDIA 0
12-04 00:19:49.031 E/CHIUSECASE( 1104): [ERROR  ] chxadvancedcamerausecase.cpp:7340 GetTargetIndex() Could not find TARGET_BUFFER_SAT_INPUT_FULL in 0xb400007dad1d85c0
12-04 00:19:49.031 E/CHIUSECASE( 1104): [ERROR  ] chxadvancedcamerausecase.cpp:7340 GetTargetIndex() Could not find TARGET_BUFFER_SAT_INPUT_DS4 in 0xb400007dad1d85c0
12-04 00:19:49.031 E/CHIUSECASE( 1104): [ERROR  ] chxadvancedcamerausecase.cpp:7340 GetTargetIndex() Could not find TARGET_BUFFER_SAT_INPUT_DS16 in 0xb400007dad1d85c0
12-04 00:19:49.031 E/CHIUSECASE( 1104): [ERROR  ] chxadvancedcamerausecase.cpp:7340 GetTargetIndex() Could not find TARGET_BUFFER_RAW in 0xb400007dad1d85c0
12-04 00:19:49.031 E/CHIUSECASE( 1104): [ERROR  ] chxadvancedcamerausecase.cpp:7340 GetTargetIndex() Could not find TARGET_BUFFER_RAW16 in 0xb400007dad1d85c0
12-04 00:19:49.031 E/CHIUSECASE( 1104): [ERROR  ] chxadvancedcamerausecase.cpp:7340 GetTargetIndex() Could not find TARGET_BUFFER_RAW0 in 0xb400007dad1d85c0
12-04 00:19:49.031 E/CHIUSECASE( 1104): [ERROR  ] chxadvancedcamerausecase.cpp:7340 GetTargetIndex() Could not find TARGET_BUFFER_RAW2 in 0xb400007dad1d85c0
12-04 00:19:49.031 E/CHIUSECASE( 1104): [ERROR  ] chxadvancedcamerausecase.cpp:7340 GetTargetIndex() Could not find TARGET_BUFFER_RTBINPUT0 in 0xb400007dad1d85c0
12-04 00:19:49.031 E/CHIUSECASE( 1104): [ERROR  ] chxadvancedcamerausecase.cpp:7340 GetTargetIndex() Could not find TARGET_BUFFER_RTBINPUT2 in 0xb400007dad1d85c0
12-04 00:19:49.033 I/IRQ 5   (    0): no longer affine to CPU7
12-04 00:19:49.038 E/CHIUSECASE( 1104): [ERROR  ] chxusecasemc.cpp:4883 CreatePipelines() RTBOfflinePreview org.quic.camera.eisrealtime Enabled is not published cameraId = 0
12-04 00:19:49.066 E/CHIUSECASE( 1104):  ChiFeature2SoftIspProcess::ChiFeature2OpsEntry
12-04 00:19:49.066 E/CHIUSECASE( 1104):  ChiFeature2SoftIspProcess::DoQueryCaps
12-04 00:19:49.066 E/CHIUSECASE( 1104):  ChiFeature2SoftIspSuperNight::ChiFeature2OpsEntry
12-04 00:19:49.067 E/CHIUSECASE( 1104):  ChiFeature2SoftIspSuperNight::DoQueryCaps
12-04 00:19:49.074 E/CamX    ( 1104): [ERROR][SENSOR ] camxsensornode.cpp:3381 ProcessingNodeFinalizeInitialization() camera 0, has ois data umi_ois, has dependency 0 on 
12-04 00:19:49.077 V/SYNX-UMD( 1104): Synx Init!
12-04 00:19:49.076 I/qcom,camera ac4f000.qcom,cci(    0): qcom,cam-sensor@1: Linked as a consumer to regulator.57
12-04 00:19:49.078 V/SYNX-UMD( 1104): Creating hPollThread = 532243954688
12-04 00:19:49.078 V/SYNX-UMD( 1104): Completed Synx Init
12-04 00:19:49.078 V/SYNX-UMD( 1104): Polling ...
12-04 00:19:49.081 E/CamX    ( 1104): [ERROR][SENSOR ] camxpdafdata.cpp:119 PDAFInit() videomode = 0 tuning mode 0
12-04 00:19:49.082 V/SYNX-UMD( 1104): Synx Init!
12-04 00:19:49.082 V/SYNX-UMD( 1104): Initialized /dev/synx_device
12-04 00:19:49.088 I/qcom,camera ac4f000.qcom,cci(    0): qcom,cam-sensor@1: Linked as a consumer to regulator.58
12-04 00:19:49.089 I/qcom,camera ac4f000.qcom,cci(    0): qcom,cam-sensor@1: Linked as a consumer to regulator.96
12-04 00:19:49.094 E/CamX    ( 1104): [ERROR][FORMAT ] camximageformatmapper.cpp:784 FillImageFormatInfo() UBWC extformatlib Properties wxh 1920x1440, StrideXsliceHeight 2048x1440, 2048x720, size 2973696, 1486848
12-04 00:19:49.094 E/ARCSOFT_DUAL_CAMERA( 1104): IniEngine():1755 [ARC_RTB] ARC_DCVR_Init Mode=1,
12-04 00:19:49.094 E/CamX    ( 1104): [ERROR][FORMAT ] camximageformatmapper.cpp:784 FillImageFormatInfo() UBWC extformatlib Properties wxh 1920x1440, StrideXsliceHeight 2048x1440, 2048x720, size 2973696, 1486848
12-04 00:19:49.096 V/SYNX-UMD( 1104): Synx Init!
12-04 00:19:49.096 V/SYNX-UMD( 1104): Initialized /dev/synx_device
12-04 00:19:49.095 I/qcom,camera ac4f000.qcom,cci(    0): qcom,cam-sensor@1: Linked as a consumer to regulator.52
12-04 00:19:49.097 I/qcom,camera ac4f000.qcom,cci(    0): qcom,cam-sensor@1: Linked as a consumer to regulator.95
12-04 00:19:49.098 V/SYNX-UMD( 1104): Synx Init!
12-04 00:19:49.098 V/SYNX-UMD( 1104): Initialized /dev/synx_device
12-04 00:19:49.098 E/CamX    ( 1104): [ERROR][NCS    ] camxncsintfqsee.cpp:2262 FillCaps() Sensor 6 probe failed during boot
12-04 00:19:49.098 E/CamX    ( 1104): [ERROR][STATS_AEC] camxcaecstatsprocessor.cpp:5324 SetupNCSLinkForSensor() CAECLaser: Unable to Query caps sensor type 6 error CamxResultEFailed
12-04 00:19:49.098 E/CamX    ( 1104): [ERROR][STATS_AEC] camxcaecstatsprocessor.cpp:5267 SetupNCSLink() CAECLaser: Unable to Setup NCS Link For Laser Sensor
12-04 00:19:49.098 E/CamX    ( 1104): [ERROR][STATS_AEC] camxcaecstatsprocessor.cpp:5246 Initialize() CAECLaser: Failed setting up NCS link
12-04 00:19:49.098 E/CamX    ( 1104): [ERROR][STATS_AEC] camxcaecstatsprocessor.cpp:215 Initialize() Failed to Initialize Laser
12-04 00:19:49.099 E/CamX    ( 1104): [ERROR][STATS_AEC] camxcaecstatsprocessor.cpp:6635 DoFlickerFFTProcess() DoFlickerFFTProcess enter
12-04 00:19:49.099 D/CamX    ( 1104): [DEBUG][STATS_AEC] camxcaecstatsprocessor.cpp:1081 SetInitialTuning() pTuningSetManager=0xb400007d7d0f4190, isEarlyPCREnabled=0, pTuningDataManager=0xb400007d5d12e490,sensorMode=1
12-04 00:19:49.100 D/Camera3-Device( 1573): Set real time priority for request queue thread (tid 5248)
12-04 00:19:49.100 D/Camera3-Utils( 1573): Set regular priority for thread (tid 1728)
12-04 00:19:49.101 I/CAM_MiCamera2(31663): [K_PROCESS]: onConfigured: id = 1, session = android.hardware.camera2.impl.CameraCaptureSessionImpl@a0cddd8, Reprocessable = false
12-04 00:19:49.101 I/CAM_PerformanceManager(31663): [P_PERFORM]: Action: 4:[HAL]createCaptureSession@6_171_0 takes 115 ms
12-04 00:19:49.101 I/CAM_MiCamera2(31663): [K_PROCESS]: onConfigured: is mDeferOutputConfigurations null: true
12-04 00:19:49.101 D/CAM_Camera2Module(31663): onPreviewSessionSuccess: j m@205427800: mid = 171, cid = 6, created = true, departed = false
12-04 00:19:49.099 I/qcom,camera ac4f000.qcom,cci(    0): qcom,cam-sensor@1: Linked as a consumer to regulator.97
12-04 00:19:49.101 D/CAM_BaseModuleCameraManager(31663): setCameraState: 1
12-04 00:19:49.101 D/CAM_BaseModule(31663): types:24,2,26,27,28,29,46,47,7,8,10,11,14,4,13,41,5,9,20,34,23,36,73,37,42,43,48,49,52,56,30,61,62,66,60,75,70,76,78,77,84,92,94,98,109,104,114,111,112,113,, m@205427800: mid = 171, cid = 6, created = true, departed = false
12-04 00:19:49.101 D/CAM_RenderEngineV1(31663): V1: setSurfaceTextureDataSpaceTranslator: not supported
12-04 00:19:49.101 D/CAM_EffectController(31663): setRenderEngine: d.c.a.r7.p2.s@6ee3455 this:com.android.camera2.compat.theme.custom.cv.filter.EffectControllerCv@61c5e6a
12-04 00:19:49.101 D/CAM_BaseModule(31663): onRenderEngineCreate, engine = d.c.a.r7.p2.s@6ee3455, ColorSpace.Description(tex: SRGB, dpy: SRGB)
12-04 00:19:49.101 D/CAM_BaseModule(31663): registerProtocol
12-04 00:19:49.102 I/CAM_BaseModule(31663): onResume: m@205427800: mid = 171, cid = 6, created = true, departed = false
12-04 00:19:49.102 I/CAM_PerformanceManager(31663): [P_PERFORM]: Action: A4:switch_module_setup_171_0 takes 205 ms
12-04 00:19:49.102 D/CAM_DataItemGlobal(31663): reInit: mLastCameraId = 0, currentCameraId = 0
12-04 00:19:49.102 I/CAM_PerformanceManager(31663): [P_PERFORM]: Action: A5:switch_data_setup_171_0 takes 0 ms
12-04 00:19:49.102 V/CAM_CameraConfigManager(31663): setDeviceOrientation: 0
12-04 00:19:49.102 D/CAM_BaseModule(31663): accept 24,2,26,27,28,29,46,47,7,8,10,11,14,4,13,41,5,9,20,34,23,36,73,37,42,43,48,49,52,56,30,61,62,66,60,75,70,76,78,77,84,92,94,98,109,104,114,111,112,113,. d.c.a.q6.r7$e@3470416
12-04 00:19:49.102 D/CAM_Camera@109872872(31663): showGuide = 171  isCtsCall = false
12-04 00:19:49.102 D/CAM_BaseModule(31663): begin to consumePreference..
12-04 00:19:49.102 D/CAM_Camera@109872872(31663): removeNewBie = null
12-04 00:19:49.102 D/CAM_ZoomManager(31663): applyZoomRatio(): apply zoom ratio to device = 1.0
12-04 00:19:49.102 V/CAM_CameraConfigManager(31663): setZoomRatio(): 1.0
12-04 00:19:49.102 D/CAM_CameraConfigs(31663): zoom ratio diff: 0.0
12-04 00:19:49.103 I/CAM_PermissionManager(31663): getNeedCheckPermissionList() listSize =0
12-04 00:19:49.103 I/CAM_PermissionManager(31663): checkCameraLaunchPermissions(), all on
12-04 00:19:49.103 D/CAM_HybridZoomingSystem(31663): toCropRegion(): zoom ratio = 1.0, crop region = Rect(0, 0 - 6016, 4512)
12-04 00:19:49.103 D/CAM_RequestVendorTag(31663): applyCropRegion: rect = Rect(0, 0 - 6016, 4512)
12-04 00:19:49.103 V/CAM_BaseModule(31663): onPreviewLayoutChanged: Rect(0, 246 - 1080, 1686)
12-04 00:19:49.103 D/CAM_STScreenNail(31663): setDisplayArea Rect(0, 246 - 1080, 1686)
12-04 00:19:49.103 V/CAM_STScreenNail(31663): updateReadPixelsSize: 720x960
12-04 00:19:49.103 V/CAM_CaptureRequestBuilder(31663): applyZoomRatio(): cameraId = 6, zoomRatio = 1.0, activeArraySize = Rect(0, 0 - 6016, 4512), cropRegion = Rect(0, 0 - 6016, 4512)
12-04 00:19:49.103 D/CAM_Camera2Module(31663): setEffectFilter: 66048
12-04 00:19:49.103 D/CAM_EffectRenderGroup(31663): onEffectChanged: EFFECT_CHANGE_FILTER mEffectId = 66048
12-04 00:19:49.103 D/CAM_AiSceneManager(31663): setAiSceneEffect: 0
12-04 00:19:49.103 D/CAM_EffectController(31663): getAiColorCorrectionVersion: 2
12-04 00:19:49.103 D/CAM_EffectController(31663): getAiColorCorrectionVersion: 2
12-04 00:19:49.103 D/CAM_EffectRenderGroup(31663): onEffectChanged: EFFECT_CHANGE_FILTER mEffectId = 66048
12-04 00:19:49.103 V/CAM_CameraConfigManager(31663): setContrast: 5
12-04 00:19:49.103 V/CAM_CameraConfigManager(31663): setSaturation: 3
12-04 00:19:49.103 V/CAM_CameraConfigManager(31663): setSharpness: 1
12-04 00:19:49.104 W/CAM_ImageModuleCameraManager(31663): no consumer for this updateType: 29
12-04 00:19:49.104 V/CAM_CameraConfigManager(31663): setExposureMeteringMode: 1
12-04 00:19:49.104 V/CAM_CameraConfigManager(31663): setNormalWideLDC: false
12-04 00:19:49.104 V/CAM_CameraConfigManager(31663): setUltraWideLDC: false
12-04 00:19:49.104 W/CAM_ImageModuleCameraManager(31663): no consumer for this updateType: 8
12-04 00:19:49.104 D/CAM_BaseModuleCameraManager(31663): thumbnailSize=320x240
12-04 00:19:49.104 D/CAM_BaseModule(31663): flashMode: 0
12-04 00:19:49.104 V/CAM_MiCamera2(31663): setFlashMode: 0
12-04 00:19:49.104 D/CAM_MiCamera2(31663): applyFlashMode: request android.hardware.camera2.CaptureRequest$Builder@71d9d9f, applyType = 1
12-04 00:19:49.104 D/CAM_MiCameraCompat(31663): applyFlashMode: mode = 0
12-04 00:19:49.104 D/CAM_MiCamera2(31663): applyFlashMode: flashMode = 0, mScreenLightCallback = d.c.a.q6.q8.q1@59cbeec
12-04 00:19:49.104 D/CAM_CaptureRequestBuilder(31663): applyScreenLightHint(): false
12-04 00:19:49.104 E/CamX    ( 1104): [ERROR][FD     ] camxfacepp.cpp:391 CreateApiHandle() open megviifacepp_0_5_2_model faild fl
12-04 00:19:49.104 E/CamX    ( 1104): [ERROR][FD     ] camxfacepp.cpp:145 DoOnFaceppAlgo() doOnFaceppAlgo run err or abort
12-04 00:19:49.104 V/CAM_CameraConfigManager(31663): setFocusMode: 4
12-04 00:19:49.104 D/CAM_CaptureRequestBuilder(31663): applyAFRegions: default 0
12-04 00:19:49.105 D/CAM_CaptureRequestBuilder(31663): applyAERegions: default 0
12-04 00:19:49.105 D/CAM_CameraCapabilities(31663): isRemoveNevusDefined request : false
12-04 00:19:49.105 D/CAM_PortraitModule(31663): updateBeauty(): 3d beauty level: i:0 | ss: 0 |sf: 0 | ee: 0 | ns: 0 | rs: 0 | lp: 0 | cn: 0 | nk: 0 | se: 0 | sn: 0 | hl: 0 | solid: 0 | whiten: 0 | makeup: 0| headSlim: 0 | bodySlim: 0 | shoulderSlim: 0 | legSlim: 0 | puffy: 0| wholeBodySlim: 0 | buttSlim: 0 | makeupType: 0 | makeupLevel: 0 | beautyMode: 2 | makeupFilter: 0 | ambientLight: 0
12-04 00:19:49.105 W/CAM_ImageModuleCameraManager(31663): no consumer for this updateType: 41
12-04 00:19:49.105 D/CAM_FaceView(31663): setSkipDraw: mSkipDraw=false
12-04 00:19:49.105 V/CAM_CameraConfigManager(31663): startFaceDetection
12-04 00:19:49.104 I/qcom,camera ac4f000.qcom,cci(    0): qcom,cam-sensor@1: Linked as a consumer to regulator.83
12-04 00:19:49.105 D/CAM_MiCameraCompat(31663): applyFaceDetection: trueã€ faceDetectMode: 1
12-04 00:19:49.106 D/CAM_BaseModule(31663): antiBanding: 3
12-04 00:19:49.106 V/CAM_CameraConfigManager(31663): setAntiBanding: 3
12-04 00:19:49.106 W/CAM_ImageModuleCameraManager(31663): no consumer for this updateType: 20
12-04 00:19:49.106 V/CAM_CameraConfigManager(31663): setEnableOIS false
12-04 00:19:49.106 V/CAM_CaptureRequestBuilder(31663): EIS: off
12-04 00:19:49.106 V/CAM_CaptureRequestBuilder(31663): OIS: off
12-04 00:19:49.106 D/CAM_Camera2Module(31663): SwMfnr is not supported
12-04 00:19:49.106 D/CAM_Camera2Module(31663): setMfnr to true
12-04 00:19:49.106 V/CAM_MiCameraCompat(31663): [K_PROCESS]: applyMfnrEnable: false
12-04 00:19:49.106 D/CAM_Camera2Module(31663): updateDecodePreview: PreviewDecodeManager AlgorithmPreviewSize = 1440x1080
12-04 00:19:49.106 V/CAM_MiCamera2(31663): startPreviewCallback
12-04 00:19:49.106 D/CAM_AiSceneManager(31663): setAiSceneEffect: 0
12-04 00:19:49.107 D/CAM_EffectController(31663): getAiColorCorrectionVersion: 2
12-04 00:19:49.107 D/CAM_EffectController(31663): getAiColorCorrectionVersion: 2
12-04 00:19:49.107 D/CAM_EffectRenderGroup(31663): onEffectChanged: EFFECT_CHANGE_FILTER mEffectId = 66048
12-04 00:19:49.107 D/CAM_CaptureRequestBuilder(31663): applyASDScene: 0
12-04 00:19:49.107 D/CAM_BaseModule(31663): flashMode: 0
12-04 00:19:49.107 V/CAM_MiCamera2(31663): setFlashMode: 0
12-04 00:19:49.107 D/CAM_MiCamera2(31663): applyFlashMode: request android.hardware.camera2.CaptureRequest$Builder@71d9d9f, applyType = 1
12-04 00:19:49.107 D/CAM_MiCameraCompat(31663): applyFlashMode: mode = 0
12-04 00:19:49.107 D/CAM_MiCamera2(31663): applyFlashMode: flashMode = 0, mScreenLightCallback = d.c.a.q6.q8.q1@59cbeec
12-04 00:19:49.107 D/CAM_CaptureRequestBuilder(31663): applyScreenLightHint(): false
12-04 00:19:49.107 D/CAM_CameraCapabilities(31663): isRemoveNevusDefined request : false
12-04 00:19:49.108 D/CAM_PortraitModule(31663): updateBeauty(): 3d beauty level: i:0 | ss: 0 |sf: 0 | ee: 0 | ns: 0 | rs: 0 | lp: 0 | cn: 0 | nk: 0 | se: 0 | sn: 0 | hl: 0 | solid: 0 | whiten: 0 | makeup: 0| headSlim: 0 | bodySlim: 0 | shoulderSlim: 0 | legSlim: 0 | puffy: 0| wholeBodySlim: 0 | buttSlim: 0 | makeupType: 0 | makeupLevel: 0 | beautyMode: 2 | makeupFilter: 0 | ambientLight: 0
12-04 00:19:49.108 W/CAM_ImageModuleCameraManager(31663): no consumer for this updateType: 73
12-04 00:19:49.108 W/CAM_BaseModuleCameraManager(31663): no consumer for this updateType: 73
12-04 00:19:49.108 W/CAM_ImageModuleCameraManager(31663): no consumer for this updateType: 37
12-04 00:19:49.108 D/CAM_Camera2Module(31663): SwMfnr is not supported
12-04 00:19:49.108 D/CAM_Camera2Module(31663): setSwMfnr to false
12-04 00:19:49.108 D/CAM_Camera2Module(31663): setLightingEffect: 0
12-04 00:19:49.108 D/CAM_EffectRenderGroup(31663): onEffectChanged: EFFECT_CHANGE_FILTER mEffectId = 66048
12-04 00:19:49.108 W/CAM_ImageModuleCameraManager(31663): no consumer for this updateType: 48
12-04 00:19:49.109 W/CAM_ImageModuleCameraManager(31663): no consumer for this updateType: 49
12-04 00:19:49.109 W/CAM_BaseModuleCameraManager(31663): no consumer for this updateType: 49
12-04 00:19:49.109 W/CAM_ImageModuleCameraManager(31663): no consumer for this updateType: 52
12-04 00:19:49.109 W/CAM_ImageModuleCameraManager(31663): no consumer for this updateType: 62
12-04 00:19:49.109 W/CAM_ImageModuleCameraManager(31663): no consumer for this updateType: 75
12-04 00:19:49.109 V/CAM_CameraConfigManager(31663): setHistogramStatsEnabled: false
12-04 00:19:49.109 V/CAM_CameraConfigManager(31663): setASDEnable: true
12-04 00:19:49.109 D/CAM_BaseModuleCameraManager(31663): updateASD call setASDEnable with true
12-04 00:19:49.109 W/CAM_ImageModuleCameraManager(31663): no consumer for this updateType: 76
12-04 00:19:49.108 I/CAM_INFO(    0): CAM-SENSOR: cam_sensor_driver_cmd: 789 CAM_ACQUIRE_DEV Success, sensor_id:0x1ad0,sensor_slave_addr:0x7a
12-04 00:19:49.108 I/CAM_INFO(    0): CAM-HFI: cam_hfi_resume: 679 Resume IO1 : [0x17600000 0xc8900000] IO2 [0xe0200000 0x1ed00000]
12-04 00:19:49.109 W/CAM_Camera2CompatAdapterRole(31663): Warning: getAuxCameraId(): #init() failed, roleId=20
12-04 00:19:49.110 D/CAM_CaptureRequestBuilder(31663): applyDepurpleEnable: dodepurpleEnabled = true
12-04 00:19:49.110 W/CAM_ImageModuleCameraManager(31663): no consumer for this updateType: 78
12-04 00:19:49.110 W/CAM_ImageModuleCameraManager(31663): no consumer for this updateType: 77
12-04 00:19:49.110 D/CAM_MiCamera2(31663): sendSatFallbackDisableRequest: E. disable = false, isRepeatingRequest = true
12-04 00:19:49.110 D/CAM_MiCameraCompat(31663): applySatFallbackDisable: 0
12-04 00:19:49.110 D/CAM_MiCamera2(31663): sendSatFallbackDisableRequest: X.
12-04 00:19:49.110 V/CAM_CameraConfigManager(31663): applyHighQualityPreferred: true
12-04 00:19:49.110 W/CAM_ImageModuleCameraManager(31663): no consumer for this updateType: 92
12-04 00:19:49.110 D/CAM_CameraConfigManager(31663): setBeautyLens 4
12-04 00:19:49.110 W/CAM_ImageModuleCameraManager(31663): no consumer for this updateType: 109
12-04 00:19:49.110 D/CAM_BaseModuleCameraManager(31663): updateTeleFallbackMode: curCamId=6
12-04 00:19:49.110 V/CAM_CameraConfigManager(31663): setAperture(): 0.0
12-04 00:19:49.110 D/CAM_CameraConfigs(31663): aperture: 0.0
12-04 00:19:49.110 I/sscrpcd (  715): vendor/qcom/proprietary/adsprpc/src/apps_std_imp.c:848: Successfully opened file /sys/class/backlight/panel0-backlight/brightness
12-04 00:19:49.110 V/CAM_CameraConfigManager(31663): setExposureMode(): 0
12-04 00:19:49.110 D/CAM_CameraConfigs(31663): setExposureMode: 0
12-04 00:19:49.110 W/CAM_ImageModuleCameraManager(31663): no consumer for this updateType: 111
12-04 00:19:49.110 V/CAM_CameraConfigManager(31663): setIsZoomSpeedUp(): false
12-04 00:19:49.110 V/CAM_CaptureRequestBuilder(31663): applyIsZoomSpeedUp(): false
12-04 00:19:49.110 E/CamX    ( 1104): [ERROR][FORMAT ] camximageformatmapper.cpp:784 FillImageFormatInfo() UBWC extformatlib Properties wxh 480x270, StrideXsliceHeight 512x272, 512x144, size 147456, 77824
12-04 00:19:49.110 W/CAM_ImageModuleCameraManager(31663): no consumer for this updateType: 112
12-04 00:19:49.110 E/CamX    ( 1104): [ERROR][FORMAT ] camximageformatmapper.cpp:784 FillImageFormatInfo() UBWC extformatlib Properties wxh 480x270, StrideXsliceHeight 512x272, 512x144, size 147456, 77824
12-04 00:19:49.110 V/CAM_CameraConfigManager(31663): setIsZoomSpeedDown(): false
12-04 00:19:49.111 V/CAM_CaptureRequestBuilder(31663): applyIsZoomSpeedDown(): false
12-04 00:19:49.111 V/CAM_CameraConfigManager(31663): setFaceAEStrategy(): 0
12-04 00:19:49.111 D/CAM_CaptureRequestBuilder(31663): applyFaceAEStrategyFlag: 0
12-04 00:19:49.111 D/CAM_MiCameraCompat(31663): applyFaceAEStrategyFlag  case = 0
12-04 00:19:49.111 E/CHIUSECASE( 1104): [ERROR  ] chifeature2generic.cpp:1246 DoStreamNegotiation() Could not extract snapshot stream - Error: 0 SnapshotType: 4294967295
12-04 00:19:49.111 I/CAM_PerformanceManager(31663): [P_PERFORM]: Action: 5.2:applyPreviewSettings_171_0 takes 9 ms
12-04 00:19:49.111 I/CAM_PerformanceManager(31663): [P_PERFORM]: Action: 5:captureSessionReady2startPreview_171_0 takes 10 ms
12-04 00:19:49.111 V/CAM_MiCamera2(31663): resumePreview: cameraId=6 highSpeed=false | caller=d.c.b.p4.A0(Unknown Source:71), d.c.a.q6.r7$e.a(Unknown Source:203), d.c.a.q6.r7$e.accept(Unknown Source:2), io.reactivex.internal.observers.LambdaObserver.onNext(Unknown Source:8), 
12-04 00:19:49.112 D/CameraService( 1573): startCameraStreamingOps: Start data delivery for uid 10545
12-04 00:19:49.112 I/CAM_MiCamera2(31663): [K_PROCESS]: resumePreview: repeating sequenceId: 0
12-04 00:19:49.113 E/CHIUSECASE( 1104): [ERROR  ] chifeature2generic.cpp:1246 DoStreamNegotiation() Could not extract snapshot stream - Error: 0 SnapshotType: 4294967295
12-04 00:19:49.114 D/CAM_CameraScreenNail(31663): setPreviewFrameLayoutSize: 1080x1440
12-04 00:19:49.114 V/CAM_STScreenNail(31663): updateReadPixelsSize: 720x960
12-04 00:19:49.114 D/CAM_RenderEngineV1(31663): V1: setTextureColorSpace: SRGB
12-04 00:19:49.114 D/CAM_STScreenNail(31663): setTextureColorSpace: SRGB
12-04 00:19:49.114 D/CAM_RenderEngineV1(31663): V1: setDisplayColorSpace: SRGB
12-04 00:19:49.114 D/CAM_CameraRenderEngine(31663): setDisplayColorSpace: SRGB
12-04 00:19:49.115 D/CAM_CameraRenderEngine(31663): setDisplayColorSpace: nothing change.
12-04 00:19:49.115 D/CAM_FragmentModeSelector(31663): switchMoreMode open: true, style: 0, mCurrentMode: 171
12-04 00:19:49.115 D/CAM_DragLayout(31663): disableAllMode
12-04 00:19:49.115 D/CAM_DragLayout(31663): setDragEnable mDragMode : false, enable false, force : false
12-04 00:19:49.115 D/CAM_ModeSelectViewCV(31663): updateSelectedItem 171
12-04 00:19:49.117 D/NfcService(32585): setReaderMode: uid=1000, packageName: android, flags: 4096
12-04 00:19:49.117 E/NfcService(32585): setReaderMode: called with invalid flag parameter.
12-04 00:19:49.117 I/CAM_ AdaptiveTv(31663): init:  mMaxFontScale :1.25
12-04 00:19:49.118 D/CAM_ModeSelectViewCV(31663): getHeaderOffset w = 1000, itemWidth = 204, textWidth = 136.0
12-04 00:19:49.118 D/CAM_ModeSelectViewCV(31663): res = {1.0 214mcc22mnc [es_ES] ldltr sw393dp w393dp h794dp 440dpi nrml long hdr widecg port night finger -keyb/v/h -nav/h winConfig={ mBounds=Rect(0, 0 - 1080, 2340) mAppBounds=Rect(0, 90 - 1080, 2274) mMaxBounds=Rect(0, 0 - 1080, 2340) mDisplayRotation=ROTATION_0 mWindowingMode=fullscreen mActivityType=standard mAlwaysOnTop=undefined mRotation=ROTATION_0} as.3 s.2 fontWeightAdjustment=0}
12-04 00:19:49.118 D/CAM_ModeSelectViewCV(31663): moveToPosition select pos = 5, offset = 398, mode = 171
12-04 00:19:49.118 D/CAM_FragmentTopBar(31663): notifyDataChanged currentMode = 171
12-04 00:19:49.118 E/CHIMIAIHDR( 1104): Initialize():547 [MIALGO_HDR][MIAI_HDR]: framework camera id = 0
12-04 00:19:49.118 D/CAM_FragmentTopBar(31663): updateConfigItem configItem = 207
12-04 00:19:49.118 D/CAM_FragmentTopBar(31663): updateConfigItem configItem = 194
12-04 00:19:49.118 D/CAM_FragmentTopBar(31663): updateConfigItem configItem = 205
12-04 00:19:49.118 D/StartTopBarAdapter(31663): notifyTopBarItemChanged: 205
12-04 00:19:49.118 D/StartTopBarAdapter(31663): changeIndex: -1
12-04 00:19:49.119 D/CAM_FragmentTopBar(31663): updateConfigItem configItem = 193
12-04 00:19:49.119 D/CAM_FragmentBottomPopupTips(31663): updateTipImage mCustomRoot is null : false
12-04 00:19:49.119 D/CAM_CameraCapabilities(31663): isRemoveNevusDefined request : false
12-04 00:19:49.120 D/CAM_CameraCapabilities(31663): isRemoveNevusDefined request : false
12-04 00:19:49.120 D/CAM_FragmentBottomPopupTips(31663): cancelUpdateTipImage 
12-04 00:19:49.121 E/CHIMIAIHDR( 1104): Initialize():547 [MIALGO_HDR][MIAI_HDR]: framework camera id = 0
12-04 00:19:49.125 D/CAM_FragmentBottomPopupTips(31663): toggleSoftLightTip: visible=false
12-04 00:19:49.127 D/CAM_AbstractFragment(31663): baseUpdateView FragmentReferenceLine, true
12-04 00:19:49.128 I/CAM_PerformanceManager(31663): [P_PERFORM]: Action: A6:switch_ui_setup_171_0 takes 26 ms
12-04 00:19:49.129 I/RefreshRateSelector( 1301): Display 4630946545580055169 policy changed
12-04 00:19:49.129 I/RefreshRateSelector( 1301): Previous: {defaultModeId=1, allowGroupSwitching=false, primaryRanges={physical=[0.00 Hz, 120.00 Hz], render=[0.00 Hz, 120.00 Hz]}, appRequestRanges={physical=[0.00 Hz, 120.00 Hz], render=[0.00 Hz, 120.00 Hz]} idleScreenConfig=nullptr}
12-04 00:19:49.129 I/RefreshRateSelector( 1301): Current:  DisplayManagerPolicy{defaultModeId=0, allowGroupSwitching=false, primaryRanges={physical=[60.00 Hz, 120.00 Hz], render=[60.00 Hz, 60.00 Hz]}, appRequestRanges={physical=[60.00 Hz, 120.00 Hz], render=[60.00 Hz, 60.00 Hz]} idleScreenConfig=nullptr}
12-04 00:19:49.129 I/RefreshRateSelector( 1301): 0 mode changes were performed under the previous policy
12-04 00:19:49.129 D/DisplayModeController( 1301): setDesiredMode 4630946545580055169 {mode={fps=60.00 Hz, modePtr={id=0, vsyncRate=60.00 Hz, peakRefreshRate=60.00 Hz}}, emitEvent=true, force=false}
12-04 00:19:49.130 D/AlgoImagePool(31663): trimPoolBuffer: E
12-04 00:19:49.130 D/AlgoImagePool(31663): trimPoolBuffer: X
12-04 00:19:49.130 D/HalImagePool(31663): trimPoolBuffer: E
12-04 00:19:49.130 D/HalImagePool(31663): trimPoolBuffer: X
12-04 00:19:49.130 D/CAM_Camera@109872872(31663): CameraSetupConsumer#accept: switch module done
12-04 00:19:49.130 I/CAM_PerformanceManager(31663): [P_PERFORM]: Action: A7:switch_setup_consumer_171_0 takes 2 ms
12-04 00:19:49.131 V/CAM_FaceView(31663): mCameraDisplayOrientation=90
12-04 00:19:49.131 V/CAM_FaceView(31663): mMirror=false
12-04 00:19:49.131 D/CAM_DragLayout(31663): setDragEnable mDragMode : false, mPromptMode : false,mBar : null,withAnim : false
12-04 00:19:49.140 I/CAM_INFO(    0): CAM-SENSOR: cam_sensor_util_request_gpio_table: 799 No GPIO data
12-04 00:19:49.140 I/qcom,actuator ac4f000.qcom,cci(    0): qcom,actuator@1: Linked as a consumer to regulator.57
12-04 00:19:49.140 I/CAM_INFO(    0): CAM-SENSOR: msm_cam_sensor_handle_reg_gpio: 1471 Input Parameters are not proper
12-04 00:19:49.152 I/qcom,ois ac4f000.qcom,cci(    0): qcom,ois@1: Linked as a consumer to regulator.58
12-04 00:19:49.152 I/qcom,ois ac4f000.qcom,cci(    0): qcom,ois@1: Linked as a consumer to regulator.57
12-04 00:19:49.154 W/ServiceManagerCppClient( 1584): Waited one second for stats (is service started? Number of threads started in the threadpool: 17. Are binder threads started and available?)
12-04 00:19:49.158 I/qcom,ois ac4f000.qcom,cci(    0): qcom,ois@1: Linked as a consumer to regulator.83
12-04 00:19:49.161 W/qcom,ois ac4f000.qcom,cci(    0): qcom,ois@1: Falling back to syfs fallback for: umi_ois.prog
12-04 00:19:49.163 W/ServiceManagerCppClient( 1832): Waited one second for stats (is service started? Number of threads started in the threadpool: 32. Are binder threads started and available?)
12-04 00:19:49.167 D/vendor.qti.bluetooth@1.0-wake_lock( 1097): Release wakelock is released 
12-04 00:19:49.243 W/qcom,ois ac4f000.qcom,cci(    0): qcom,ois@1: Falling back to syfs fallback for: umi_ois.coeff
12-04 00:19:49.257 W/qcom,ois ac4f000.qcom,cci(    0): qcom,ois@1: Falling back to syfs fallback for: umi_ois.mem
12-04 00:19:49.263 I/CAM_INFO(    0): CAM-OIS: cam_ois_fw_download: 441 no fw named umi_ois.mem, skip
12-04 00:19:49.267 E/libprotobuf-native( 1104): [libprotobuf ERROR external/protobuf/src/google/protobuf/message_lite.cc:123] Can't parse message of type "sns_flicker_event" because it is missing required fields: (cannot determine missing fields for lite message)
12-04 00:19:49.279 I/CAM_INFO(    0): CAM-ISP: cam_ife_mgr_acquire_hw: 2800 Acquire HW success with total_pix: 12 total_rdi: 2 is_dual: 0 in ctx: 1
12-04 00:19:49.283 E/CamX    ( 1104): [ERROR][NCS    ] camxncsintfqsee.cpp:2262 FillCaps() Sensor 6 probe failed during boot
12-04 00:19:49.283 E/CamX    ( 1104): [ERROR][STATS_AEC] camxcaecstatsprocessor.cpp:5324 SetupNCSLinkForSensor() CAECLaser: Unable to Query caps sensor type 6 error CamxResultEFailed
12-04 00:19:49.283 E/CamX    ( 1104): [ERROR][STATS_AEC] camxcaecstatsprocessor.cpp:5267 SetupNCSLink() CAECLaser: Unable to Setup NCS Link For Laser Sensor
12-04 00:19:49.283 E/CamX    ( 1104): [ERROR][STATS_AEC] camxcaecstatsprocessor.cpp:5246 Initialize() CAECLaser: Failed setting up NCS link
12-04 00:19:49.283 E/CamX    ( 1104): [ERROR][STATS_AEC] camxcaecstatsprocessor.cpp:215 Initialize() Failed to Initialize Laser
12-04 00:19:49.282 I/qcom,camera ac50000.qcom,cci(    0): qcom,cam-sensor@4: Linked as a consumer to regulator.58
12-04 00:19:49.285 I/qcom,camera ac50000.qcom,cci(    0): qcom,cam-sensor@4: Linked as a consumer to regulator.97
12-04 00:19:49.285 E/CamX    ( 1104): [ERROR][STATS_AEC] cextflashcurrentestimator.cpp:951: SetTuningHeaderChanged AECCoreFlash sum of LED1 and LED2 must be constant within pow level; no negative values
12-04 00:19:49.285 D/CamX    ( 1104): [DEBUG][STATS_AEC] camxcaecstatsprocessor.cpp:1081 SetInitialTuning() pTuningSetManager=0xb400007d7d138a60, isEarlyPCREnabled=0, pTuningDataManager=0xb400007d5d160fd0,sensorMode=0
12-04 00:19:49.290 I/qcom,camera ac50000.qcom,cci(    0): qcom,cam-sensor@4: Linked as a consumer to regulator.83
12-04 00:19:49.291 I/CAM_INFO(    0): CAM-ISP: cam_vfe_camif_ver3_resource_init: 296 overriding clock gating
12-04 00:19:49.291 I/CAM_INFO(    0): CAM-ISP: cam_vfe_bus_ver3_init_hw: 3598 Overriding clock gating at bus input
12-04 00:19:49.292 I/CAM_INFO(    0): CAM-ISP: cam_vfe_bus_ver3_start_vfe_out: 2151 VFE:1 out_type:0x8 RDI context 0 for RUP
12-04 00:19:49.292 I/CAM_INFO(    0): CAM-ISP: cam_vfe_bus_ver3_start_vfe_out: 2151 VFE:1 out_type:0x0 RDI context 0 for RUP
12-04 00:19:49.293 I/CAM_INFO(    0): CAM-ISP: cam_vfe_bus_ver3_start_vfe_out: 2151 VFE:1 out_type:0x1 RDI context 0 for RUP
12-04 00:19:49.293 I/CAM_INFO(    0): CAM-ISP: cam_vfe_bus_ver3_start_vfe_out: 2151 VFE:1 out_type:0xA RDI context 0 for RUP
12-04 00:19:49.293 I/CAM_INFO(    0): CAM-ISP: cam_vfe_bus_ver3_start_vfe_out: 2151 VFE:1 out_type:0xB RDI context 0 for RUP
12-04 00:19:49.293 I/CAM_INFO(    0): CAM-ISP: cam_vfe_bus_ver3_start_vfe_out: 2151 VFE:1 out_type:0xC RDI context 0 for RUP
12-04 00:19:49.293 I/CAM_INFO(    0): CAM-ISP: cam_vfe_bus_ver3_start_vfe_out: 2151 VFE:1 out_type:0xD RDI context 0 for RUP
12-04 00:19:49.293 I/CAM_INFO(    0): CAM-ISP: cam_vfe_bus_ver3_start_vfe_out: 2151 VFE:1 out_type:0xE RDI context 0 for RUP
12-04 00:19:49.293 I/CAM_INFO(    0): CAM-ISP: cam_vfe_bus_ver3_start_vfe_out: 2151 VFE:1 out_type:0xF RDI context 0 for RUP
12-04 00:19:49.293 I/CAM_INFO(    0): CAM-ISP: cam_vfe_bus_ver3_start_vfe_out: 2151 VFE:1 out_type:0x10 RDI context 0 for RUP
12-04 00:19:49.293 I/CAM_INFO(    0): CAM-ISP: cam_vfe_bus_ver3_start_vfe_out: 2151 VFE:1 out_type:0x12 RDI context 0 for RUP
12-04 00:19:49.293 I/CAM_INFO(    0): CAM-ISP: cam_vfe_bus_ver3_start_vfe_out: 2151 VFE:1 out_type:0x13 RDI context 0 for RUP
12-04 00:19:49.293 I/CAM_INFO(    0): CAM-ISP: cam_vfe_bus_ver3_start_vfe_out: 2151 VFE:1 out_type:0x14 RDI context 0 for RUP
12-04 00:19:49.293 I/CAM_INFO(    0): CAM-ISP: cam_vfe_bus_ver3_start_vfe_out: 2151 VFE:1 out_type:0x15 RDI context 0 for RUP
12-04 00:19:49.293 I/CAM_INFO(    0): CAM-SENSOR: cam_sensor_driver_cmd: 901 CAM_START_DEV Success, sensor_id:0x1ad0,sensor_slave_addr:0x7a
12-04 00:19:49.293 I/CAM_INFO(    0): CAM-SENSOR: cam_sensor_driver_cmd: 789 CAM_ACQUIRE_DEV Success, sensor_id:0x2e0,sensor_slave_addr:0x6e
12-04 00:19:49.310 E/GC02M1  ( 1104): CalculateExposure: A_Reg_Gain=4956, A_Real_gain=4.839844, D_Reg_Gain=1024, D_Real_gain=1.000000, ISP_Gain=1.000148, linecount=1150
12-04 00:19:49.310 E/GC02M1  ( 1104): FillExposureSettings, reg_fline=1275, reg_line=1150
12-04 00:19:49.310 E/GC02M1  ( 1104): FillExposureSettings, gain=4956, gain_b6=7, gain_b1=4, gain_b2=80
12-04 00:19:49.310 D/android.hardware.camera.provider@2.4-service_64( 1104): GC02M1 regCount=10
12-04 00:19:49.312 E/CamX    ( 1104): [ERROR][ISP    ] camxifelsc40.cpp:386 TranslateCalibrationTableToCommonLibrary() Invalid index for EEPROM data
12-04 00:19:49.311 I/CAM_ERR (    0): CAM-ISP: cam_ife_csid_cid_reserve: 798 [wrong res_type], CSID:1, csid_hw->res_type:16388, cid_reserv->res_type:16386
12-04 00:19:49.311 I/CAM_INFO(    0): CAM-ISP: cam_ife_mgr_acquire_hw: 2800 Acquire HW success with total_pix: 12 total_rdi: 1 is_dual: 0 in ctx: 2
12-04 00:19:49.314 D/CAM_GalleryHelper(31663): bind service: camera = com.android.camera.Camera@68c86e8, mIsGalleryServiceBound = true
12-04 00:19:49.319 I/CAM_INFO(    0): CAM-ISP: cam_vfe_camif_ver3_resource_init: 296 overriding clock gating
12-04 00:19:49.319 I/CAM_INFO(    0): CAM-ISP: cam_vfe_bus_ver3_init_hw: 3598 Overriding clock gating at bus input
12-04 00:19:49.320 I/CAM_INFO(    0): CAM-ISP: cam_vfe_bus_ver3_start_vfe_out: 2151 VFE:0 out_type:0x8 RDI context 0 for RUP
12-04 00:19:49.320 I/CAM_INFO(    0): CAM-ISP: cam_vfe_bus_ver3_start_vfe_out: 2151 VFE:0 out_type:0x0 RDI context 0 for RUP
12-04 00:19:49.320 I/CAM_INFO(    0): CAM-ISP: cam_vfe_bus_ver3_start_vfe_out: 2151 VFE:0 out_type:0xA RDI context 0 for RUP
12-04 00:19:49.320 I/CAM_INFO(    0): CAM-ISP: cam_vfe_bus_ver3_start_vfe_out: 2151 VFE:0 out_type:0xB RDI context 0 for RUP
12-04 00:19:49.320 I/CAM_INFO(    0): CAM-ISP: cam_vfe_bus_ver3_start_vfe_out: 2151 VFE:0 out_type:0xC RDI context 0 for RUP
12-04 00:19:49.320 I/CAM_INFO(    0): CAM-ISP: cam_vfe_bus_ver3_start_vfe_out: 2151 VFE:0 out_type:0xD RDI context 0 for RUP
12-04 00:19:49.320 I/CAM_INFO(    0): CAM-ISP: cam_vfe_bus_ver3_start_vfe_out: 2151 VFE:0 out_type:0xE RDI context 0 for RUP
12-04 00:19:49.320 I/CAM_INFO(    0): CAM-ISP: cam_vfe_bus_ver3_start_vfe_out: 2151 VFE:0 out_type:0xF RDI context 0 for RUP
12-04 00:19:49.320 I/CAM_INFO(    0): CAM-ISP: cam_vfe_bus_ver3_start_vfe_out: 2151 VFE:0 out_type:0x10 RDI context 0 for RUP
12-04 00:19:49.320 I/CAM_INFO(    0): CAM-ISP: cam_vfe_bus_ver3_start_vfe_out: 2151 VFE:0 out_type:0x12 RDI context 0 for RUP
12-04 00:19:49.320 I/CAM_INFO(    0): CAM-ISP: cam_vfe_bus_ver3_start_vfe_out: 2151 VFE:0 out_type:0x13 RDI context 0 for RUP
12-04 00:19:49.320 I/CAM_INFO(    0): CAM-ISP: cam_vfe_bus_ver3_start_vfe_out: 2151 VFE:0 out_type:0x14 RDI context 0 for RUP
12-04 00:19:49.320 I/CAM_INFO(    0): CAM-ISP: cam_vfe_bus_ver3_start_vfe_out: 2151 VFE:0 out_type:0x15 RDI context 0 for RUP
12-04 00:19:49.321 I/CAM_INFO(    0): CAM-SENSOR: cam_sensor_driver_cmd: 901 CAM_START_DEV Success, sensor_id:0x2e0,sensor_slave_addr:0x6e
12-04 00:19:49.324 E/CamX    ( 1104): [ERROR][STATS_AEC] cextflashcurrentestimator.cpp:951: SetTuningHeaderChanged AECCoreFlash sum of LED1 and LED2 must be constant within pow level; no negative values
12-04 00:19:49.324 E/GC02M1  ( 1104): CalculateExposure: A_Reg_Gain=12288, A_Real_gain=12.000000, D_Reg_Gain=1024, D_Real_gain=1.000000, ISP_Gain=2.114108, linecount=766
12-04 00:19:49.324 E/GC02M1  ( 1104): FillExposureSettings, reg_fline=1275, reg_line=766
12-04 00:19:49.324 E/GC02M1  ( 1104): FillExposureSettings, gain=12288, gain_b6=15, gain_b1=4, gain_b2=193
12-04 00:19:49.324 D/android.hardware.camera.provider@2.4-service_64( 1104): GC02M1 regCount=10
12-04 00:19:49.352 E/GC02M1  ( 1104): CalculateExposure: A_Reg_Gain=12288, A_Real_gain=12.000000, D_Reg_Gain=1024, D_Real_gain=1.000000, ISP_Gain=2.114108, linecount=766
12-04 00:19:49.352 E/GC02M1  ( 1104): FillExposureSettings, reg_fline=1275, reg_line=766
12-04 00:19:49.352 E/GC02M1  ( 1104): FillExposureSettings, gain=12288, gain_b6=15, gain_b1=4, gain_b2=193
12-04 00:19:49.352 D/android.hardware.camera.provider@2.4-service_64( 1104): GC02M1 regCount=10
12-04 00:19:49.354 E/GC02M1  ( 1104): CalculateExposure: A_Reg_Gain=12288, A_Real_gain=12.000000, D_Reg_Gain=1024, D_Real_gain=1.000000, ISP_Gain=2.114108, linecount=766
12-04 00:19:49.354 E/GC02M1  ( 1104): FillExposureSettings, reg_fline=1275, reg_line=766
12-04 00:19:49.354 E/GC02M1  ( 1104): FillExposureSettings, gain=12288, gain_b6=15, gain_b1=4, gain_b2=193
12-04 00:19:49.354 D/android.hardware.camera.provider@2.4-service_64( 1104): GC02M1 regCount=10
12-04 00:19:49.398 V/CAM_CameraRenderEngine(31663): onDrawFrame rendering count:66
12-04 00:19:49.416 I/CAM_INFO(    0): CAM-CRM: __cam_req_mgr_find_dev_name: 203 Skip Frame: req: -1 not ready on link: 0xcf011a for pd: 1 dev: cam-isp open_req count: 4
12-04 00:19:49.416 I/CAM_INFO(    0): CAM-CRM: __cam_req_mgr_find_dev_name: 203 Skip Frame: req: -1 not ready on link: 0xcf011a for pd: 1 dev: cam-flash open_req count: 4
12-04 00:19:49.434 I/IRQ 5   (    0): no longer affine to CPU5
12-04 00:19:49.508 E/CamX    ( 1104): [ERROR][STATS_AEC] ctriggerhandler.h:398: GetInterpZoneDataGeneric did not find an appropriate zone!
12-04 00:19:49.508 E/GC02M1  ( 1104): CalculateExposure: A_Reg_Gain=12288, A_Real_gain=12.000000, D_Reg_Gain=1024, D_Real_gain=1.000000, ISP_Gain=2.675734, linecount=3055
12-04 00:19:49.508 E/GC02M1  ( 1104): FillExposureSettings, reg_fline=3071, reg_line=3055
12-04 00:19:49.508 E/GC02M1  ( 1104): FillExposureSettings, gain=12288, gain_b6=15, gain_b1=4, gain_b2=193
12-04 00:19:49.508 D/android.hardware.camera.provider@2.4-service_64( 1104): GC02M1 regCount=10
12-04 00:19:49.515 E/XIAOMI_AIASD( 1104): [HDR-Checker]: histogram_data = NULL
12-04 00:19:49.515 E/XIAOMI_AIASD( 1104): checkerStatus=0 
12-04 00:19:49.517 E/libprotobuf-native( 1104): [libprotobuf ERROR external/protobuf/src/google/protobuf/message_lite.cc:123] Can't parse message of type "sns_flicker_event" because it is missing required fields: (cannot determine missing fields for lite message)
12-04 00:19:49.528 D/CAM_MiCamera2(31663): onCaptureCompleted: sequenceId = 0, frameNumber = 0
12-04 00:19:49.528 D/CAM_MiCamera2(31663): setState: 1
12-04 00:19:49.534 E/CamX    ( 1104): [ERROR][STATS_AEC] ctriggerhandler.h:398: GetInterpZoneDataGeneric did not find an appropriate zone!
12-04 00:19:49.534 E/GC02M1  ( 1104): CalculateExposure: A_Reg_Gain=12288, A_Real_gain=12.000000, D_Reg_Gain=1024, D_Real_gain=1.000000, ISP_Gain=2.675733, linecount=3055
12-04 00:19:49.534 E/GC02M1  ( 1104): FillExposureSettings, reg_fline=3071, reg_line=3055
12-04 00:19:49.534 E/GC02M1  ( 1104): FillExposureSettings, gain=12288, gain_b6=15, gain_b1=4, gain_b2=193
12-04 00:19:49.534 D/android.hardware.camera.provider@2.4-service_64( 1104): GC02M1 regCount=10
12-04 00:19:49.536 D/CAM_Camera2DataContainer(31663): getActualOpenCameraId: mode=ab, id=0->6
12-04 00:19:49.536 I/CAM_CameraScreenNail(31663): [K_PROCESS]: onFrameAvailable first frame arrived.
12-04 00:19:49.536 D/CAM_ActivityBase(31663): onFrameAvailable: trackModeSwitchCost: 942
12-04 00:19:49.536 I/CAM_PerformanceManager(31663): [P_PERFORM]: Event: SWITCH_MODULE_171_0 takes 941 ms
12-04 00:19:49.536 I/CAM_PerformanceManager(31663): [P_PERFORM]: Event: SWITCH_MODULE takes 941 is less than 1000
12-04 00:19:49.536 I/CAM_PerformanceManager(31663): [P_PERFORM]: Action: 6:[HAL]startPreview2firstFrame_171_0 takes 425 ms
12-04 00:19:49.537 D/CAM_RenderEngineV1(31663): clearAnimation
12-04 00:19:49.537 I/CAM_BaseModule(31663): [K_PROCESS]: enableCameraControls: enable = true, caller: d.c.a.q6.r7.g0(Unknown Source:19), com.android.camera.Camera.ni(Unknown Source:143), com.android.camera.ActivityBase.pi(Unknown Source:313), 
12-04 00:19:49.537 D/CAM_BaseModule(31663): setFrameAvailable true
12-04 00:19:49.537 D/CAM_FocusView(31663): reset: type = 8, is draw = false, mIsTouchFocus = false
12-04 00:19:49.537 D/CAM_InputDeviceManager(31663): updateConnStatus: E.
12-04 00:19:49.537 D/CAM_InputDeviceManager(31663): updateConnStatus: X. cost: 0
12-04 00:19:49.537 D/CAM_Camera2Module(31663): notifyAfterFirstFrameArrived.m3ALocked: false
