12-04 00:19:47.085 W/Choreographer( 1832): Frame time is 0.052324 ms in the future!  Check that graphics HAL is generating vsync timestamps using the correct timebase.
12-04 00:19:47.085 D/CAM_ModeSelectViewCV(31663): res = {1.0 214mcc22mnc [es_ES] ldltr sw393dp w393dp h794dp 440dpi nrml long hdr widecg port night finger -keyb/v/h -nav/h winConfig={ mBounds=Rect(0, 0 - 1080, 2340) mAppBounds=Rect(0, 90 - 1080, 2274) mMaxBounds=Rect(0, 0 - 1080, 2340) mDisplayRotation=ROTATION_0 mWindowingMode=fullscreen mActivityType=standard mAlwaysOnTop=undefined mRotation=ROTATION_0} as.3 s.2 fontWeightAdjustment=0}
12-04 00:19:47.085 D/CAM_ModeSelectViewCV(31663): moveToPosition select pos = 4, offset = 426, mode = 163
12-04 00:19:47.085 D/CAM_FragmentTopBar(31663): notifyDataChanged currentMode = 163
12-04 00:19:47.085 D/CAM_FragmentTopBar(31663): updateConfigItem configItem = 207
12-04 00:19:47.085 D/CAM_FragmentTopBar(31663): updateConfigItem configItem = 194
12-04 00:19:47.085 D/EndTopBarAdapter(31663): notifyTopBarItemChanged: 194
12-04 00:19:47.085 D/EndTopBarAdapter(31663): changeIndex: 1
12-04 00:19:47.085 D/CAM_BaseModule(31663): begin to consumePreference..
12-04 00:19:47.085 D/BaseDepthController( 2941): mSurface is null and mCurrentBlur is: 0
12-04 00:19:47.085 W/CAM_Camera2CompatAdapterRole(31663): Warning: getAuxCameraId(): #init() failed, roleId=20
12-04 00:19:47.086 W/CAM_Camera2CompatAdapterRole(31663): Warning: getUltraTeleCameraId(): #init() failed, roleId=23
12-04 00:19:47.086 D/CAM_ZoomManager(31663): applyZoomRatio(): apply zoom ratio to device = 1.0
12-04 00:19:47.086 V/CAM_CameraConfigManager(31663): setZoomRatio(): 1.0
12-04 00:19:47.086 D/CAM_CameraConfigs(31663): zoom ratio diff: 0.0
12-04 00:19:47.086 D/CAM_HybridZoomingSystem(31663): toCropRegion(): zoom ratio = 1.0, crop region = Rect(0, 0 - 6016, 4512)
12-04 00:19:47.086 D/CAM_RequestVendorTag(31663): applyCropRegion: rect = Rect(0, 0 - 6016, 4512)
12-04 00:19:47.086 V/CAM_CaptureRequestBuilder(31663): applyZoomRatio(): cameraId = 0, zoomRatio = 1.0, activeArraySize = Rect(0, 0 - 6016, 4512), cropRegion = Rect(0, 0 - 6016, 4512)
12-04 00:19:47.086 I/CVP     ( 1104): File: vendor/qcom/proprietary/cv-noship/cvp/2.0/src/cpu/platform/android/cvpSession.cpp Line: 173 Function: cvpGetDebugEnable() Msg:  CVP Debug Logs Disabled 
12-04 00:19:47.086 D/CAM_Camera2Module(31663): setEffectFilter: 66048
12-04 00:19:47.086 D/CAM_EffectRenderGroup(31663): onEffectChanged: EFFECT_CHANGE_FILTER mEffectId = 66048
12-04 00:19:47.086 D/CAM_AiSceneManager(31663): setAiSceneEffect: 0
12-04 00:19:47.086 D/CAM_EffectController(31663): getAiColorCorrectionVersion: 2
12-04 00:19:47.086 D/CAM_EffectController(31663): getAiColorCorrectionVersion: 2
12-04 00:19:47.086 D/CAM_EffectRenderGroup(31663): onEffectChanged: EFFECT_CHANGE_FILTER mEffectId = 66048
12-04 00:19:47.086 V/CAM_CameraConfigManager(31663): setContrast: 5
12-04 00:19:47.087 V/CAM_CameraConfigManager(31663): setSaturation: 3
12-04 00:19:47.087 V/CAM_CameraConfigManager(31663): setSharpness: 1
12-04 00:19:47.087 W/CAM_ImageModuleCameraManager(31663): no consumer for this updateType: 29
12-04 00:19:47.087 V/CAM_CameraConfigManager(31663): setExposureMeteringMode: 1
12-04 00:19:47.087 D/CAM_Camera2CompatAdapter(31663): E: initCameraCapabilitiesByCameraId(): 0
12-04 00:19:47.088 D/ConnectivityService( 1832): NetReassign [no changes] [c 0] [a 8] [i 0]
12-04 00:19:47.086 I/msm_cvp (    0): info: Opening cvp instance: 0000000000000000
12-04 00:19:47.086 I/msm_cvp (    0): err: Failed to create debugfs for msm_cvp
12-04 00:19:47.089 D/CAM_SocketController(31663): onAvailable: 
12-04 00:19:47.089 D/EndTopBarAdapter(31663): applyChange:194
12-04 00:19:47.089 D/CAM_FragmentTopBar(31663): updateConfigItem configItem = 205
12-04 00:19:47.089 D/CAM_FragmentTopBar(31663): updateConfigItem configItem = 193
12-04 00:19:47.089 D/StartTopBarAdapter(31663): notifyTopBarItemChanged: 193
12-04 00:19:47.089 D/StartTopBarAdapter(31663): changeIndex: 0
12-04 00:19:47.089 I/qcom,ois ac4f000.qcom,cci(    0): qcom,ois@1: Linked as a consumer to regulator.58
12-04 00:19:47.089 I/qcom,ois ac4f000.qcom,cci(    0): qcom,ois@1: Linked as a consumer to regulator.57
12-04 00:19:47.089 W/ALERT   (    0): changing window size from 20000000 to 12000000 at 1535056050559
12-04 00:19:47.090 D/StartTopBarAdapter(31663): applyChange:193
12-04 00:19:47.090 D/CAM_FragmentBottomPopupTips(31663): updateTipImage mCustomRoot is null : false
12-04 00:19:47.094 I/CVP     ( 1104): File: vendor/qcom/proprietary/cv-noship/cvp/2.0/src/cpu/cvpPower.cpp Line: 621 Function: cvpEstimatePowerDme() Msg: DME Voting
12-04 00:19:47.094 I/CVP     ( 1104): File: vendor/qcom/proprietary/cv-noship/cvp/2.0/src/cpu/cvpPower.cpp Line: 1573 Function: cvpAggreatePower() Msg: After aggregation
12-04 00:19:47.094 I/CVP     ( 1104): File: vendor/qcom/proprietary/cv-noship/cvp/2.0/src/cpu/cvpPower.cpp Line: 85 Function: cvpPrintPower() Msg: Actual      Clock: Fdu 18003600, Ica 2703360, Od 0, Mpu 0, Fw 50400000
12-04 00:19:47.094 I/CVP     ( 1104): File: vendor/qcom/proprietary/cv-noship/cvp/2.0/src/cpu/cvpPower.cpp Line: 89 Function: cvpPrintPower() Msg: Operational Clock: Fdu 18003600, Ica 2703360, Od 0, Mpu 0, Fw 50400000
12-04 00:19:47.094 I/CVP     ( 1104): File: vendor/qcom/proprietary/cv-noship/cvp/2.0/src/cpu/cvpPower.cpp Line: 91 Function: cvpPrintPower() Msg: Actual     Bw: Ddr 72464940, SysCache 0
12-04 00:19:47.094 I/CVP     ( 1104): File: vendor/qcom/proprietary/cv-noship/cvp/2.0/src/cpu/cvpPower.cpp Line: 93 Function: cvpPrintPower() Msg: Opeational Bw: Ddr 72464940, SysCache 0
12-04 00:19:47.094 I/CVP     ( 1104): File: vendor/qcom/proprietary/cv-noship/cvp/2.0/src/cpu/cvpPvtUtils.cpp Line: 138 Function: cvpSetPower() Msg: Update power to KMD
12-04 00:19:47.094 I/CVP     ( 1104): File: vendor/qcom/proprietary/cv-noship/cvp/2.0/src/cpu/cvpPower.cpp Line: 85 Function: cvpPrintPower() Msg: Actual      Clock: Fdu 18003600, Ica 2703360, Od 0, Mpu 0, Fw 50400000
12-04 00:19:47.094 I/CVP     ( 1104): File: vendor/qcom/proprietary/cv-noship/cvp/2.0/src/cpu/cvpPower.cpp Line: 89 Function: cvpPrintPower() Msg: Operational Clock: Fdu 18003600, Ica 2703360, Od 0, Mpu 0, Fw 50400000
12-04 00:19:47.094 I/CVP     ( 1104): File: vendor/qcom/proprietary/cv-noship/cvp/2.0/src/cpu/cvpPower.cpp Line: 91 Function: cvpPrintPower() Msg: Actual     Bw: Ddr 72464940, SysCache 0
12-04 00:19:47.094 I/CVP     ( 1104): File: vendor/qcom/proprietary/cv-noship/cvp/2.0/src/cpu/cvpPower.cpp Line: 93 Function: cvpPrintPower() Msg: Opeational Bw: Ddr 72464940, SysCache 0
12-04 00:19:47.096 D/CAM_CameraCapabilities(31663): QuickShotDelayTime tag not defined
12-04 00:19:47.096 D/CAM_CameraCapabilities(31663): HQQuickShot: mFeatureMask: 0   mDelayTimeMask: 0
12-04 00:19:47.096 D/CAM_CameraCapabilities(31663): QuickShotDelayTimeFactor tag not defined
12-04 00:19:47.096 D/CAM_CameraCapabilities(31663): QuickShot: mDelayTimeFactor: 100
12-04 00:19:47.096 D/CAM_CameraCapabilities(31663): MiviSuperNight: mSuperNightMask: 0
12-04 00:19:47.096 D/CAM_CameraCapabilities(31663): QuickShotNextCaptureMask: mQuickShotNextCaptureMask: 0
12-04 00:19:47.096 D/CAM_CameraCapabilities(31663): getBeautyVersionData: 3 ,beautyVersion: 3 ,beautyAlgo: 1
12-04 00:19:47.096 D/CAM_CameraCapabilities(31663): SnapshotQuickViewStreamMask: 0
12-04 00:19:47.096 D/CAM_Camera2CompatAdapter(31663): X: initCameraCapabilitiesByCameraId(): 0
12-04 00:19:47.096 D/CAM_CameraCapabilities(31663): isSupportNormalWideLDC: true
12-04 00:19:47.096 D/CAM_CameraCapabilities(31663): isRemoveNevusDefined request : false
12-04 00:19:47.096 V/CAM_CameraConfigManager(31663): setNormalWideLDC: false
12-04 00:19:47.097 V/CAM_CameraConfigManager(31663): setUltraWideLDC: false
12-04 00:19:47.097 D/CAM_CameraCapabilities(31663): isRemoveNevusDefined request : false
12-04 00:19:47.097 D/CAM_FragmentBottomPopupTips(31663): cancelUpdateTipImage 
12-04 00:19:47.097 W/CAM_ImageModuleCameraManager(31663): no consumer for this updateType: 8
12-04 00:19:47.097 D/CAM_BaseModuleCameraManager(31663): thumbnailSize=320x240
12-04 00:19:47.097 D/CAM_BaseModule(31663): flashMode: 0
12-04 00:19:47.097 V/CAM_MiCamera2(31663): setFlashMode: 0
12-04 00:19:47.097 D/CAM_MiCamera2(31663): applyFlashMode: request android.hardware.camera2.CaptureRequest$Builder@700b9b0, applyType = 1
12-04 00:19:47.097 D/CAM_MiCameraCompat(31663): applyFlashMode: mode = 0
12-04 00:19:47.095 I/qcom,ois ac4f000.qcom,cci(    0): qcom,ois@1: Linked as a consumer to regulator.83
12-04 00:19:47.097 W/qcom,ois ac4f000.qcom,cci(    0): qcom,ois@1: Falling back to syfs fallback for: umi_ois.prog
12-04 00:19:47.097 D/CAM_MiCamera2(31663): applyFlashMode: flashMode = 0, mScreenLightCallback = d.c.a.q6.q8.q1@202e029
12-04 00:19:47.097 D/CAM_CaptureRequestBuilder(31663): applyScreenLightHint(): false
12-04 00:19:47.098 V/CAM_MiCameraCompat(31663): [K_PROCESS]: applyHDRMode:2
12-04 00:19:47.098 V/CAM_CameraConfigManager(31663): setFocusMode: 4
12-04 00:19:47.098 D/CAM_CaptureRequestBuilder(31663): applyAFRegions: default 0
12-04 00:19:47.099 D/CAM_CaptureRequestBuilder(31663): applyAERegions: default 0
12-04 00:19:47.099 D/CAM_CameraCapabilities(31663): isRemoveNevusDefined request : false
12-04 00:19:47.099 D/CAM_Camera2Module(31663): updateBeauty(): 3d beauty level: i:0 | ss: 0 |sf: 0 | ee: 0 | ns: 0 | rs: 0 | lp: 0 | cn: 0 | nk: 0 | se: 0 | sn: 0 | hl: 0 | solid: 0 | whiten: 0 | makeup: 0| headSlim: 0 | bodySlim: 0 | shoulderSlim: 0 | legSlim: 0 | puffy: 0| wholeBodySlim: 0 | buttSlim: 0 | makeupType: 0 | makeupLevel: 0 | beautyMode: 2 | makeupFilter: 0 | ambientLight: 0
12-04 00:19:47.099 D/CAM_FragmentBottomPopupTips(31663): toggleSoftLightTip: visible=false
12-04 00:19:47.100 W/CAM_ImageModuleCameraManager(31663): no consumer for this updateType: 41
12-04 00:19:47.100 D/CAM_FaceView(31663): setSkipDraw: mSkipDraw=false
12-04 00:19:47.100 V/CAM_CameraConfigManager(31663): startFaceDetection
12-04 00:19:47.100 D/CAM_MiCameraCompat(31663): applyFaceDetection: trueã€ faceDetectMode: 1
12-04 00:19:47.100 D/CAM_BaseModule(31663): antiBanding: 3
12-04 00:19:47.100 V/CAM_CameraConfigManager(31663): setAntiBanding: 3
12-04 00:19:47.100 W/CAM_ImageModuleCameraManager(31663): no consumer for this updateType: 20
12-04 00:19:47.100 D/CAM_AbstractFragment(31663): baseUpdateView FragmentReferenceLine, true
12-04 00:19:47.101 V/CAM_CameraConfigManager(31663): setEnableOIS true
12-04 00:19:47.101 V/CAM_CaptureRequestBuilder(31663): EIS: off
12-04 00:19:47.101 V/CAM_CaptureRequestBuilder(31663): OIS: on
12-04 00:19:47.101 D/CAM_Camera2Module(31663): SwMfnr is not supported
12-04 00:19:47.101 D/CAM_Camera2Module(31663): setMfnr to true
12-04 00:19:47.101 V/CAM_MiCameraCompat(31663): [K_PROCESS]: applyMfnrEnable: false
12-04 00:19:47.101 I/CAM_PerformanceManager(31663): [P_PERFORM]: Action: A6:switch_ui_setup_163_0 takes 21 ms
12-04 00:19:47.101 D/AlgoImagePool(31663): trimPoolBuffer: E
12-04 00:19:47.100 I/ueventd (    0): firmware: loading 'umi_ois.prog' for '/devices/platform/soc/ac4f000.qcom,cci/ac4f000.qcom,cci:qcom,ois@1/firmware/umi_ois.prog'
12-04 00:19:47.100 I/ueventd (    0): found /vendor/firmware/umi_ois.prog for /devices/platform/soc/ac4f000.qcom,cci/ac4f000.qcom,cci:qcom,ois@1/firmware/umi_ois.prog
12-04 00:19:47.101 I/ueventd (    0): loading /devices/platform/soc/ac4f000.qcom,cci/ac4f000.qcom,cci:qcom,ois@1/firmware/umi_ois.prog took 0ms
12-04 00:19:47.101 D/AlgoImagePool(31663): trimPoolBuffer: X
12-04 00:19:47.101 D/HalImagePool(31663): trimPoolBuffer: E
12-04 00:19:47.101 E/CAM_CameraUtil(31663): Unknown package: com.xiaomi.scanner
12-04 00:19:47.101 D/HalImagePool(31663): trimPoolBuffer: X
12-04 00:19:47.101 D/CAM_Camera2Module(31663): updateDecodePreview: PreviewDecodeManager AlgorithmPreviewSize = 1440x1080
12-04 00:19:47.101 V/CAM_MiCamera2(31663): startPreviewCallback
12-04 00:19:47.102 D/CAM_InputDeviceManager(31663): updateZoomSegment: moduleIndex: 163, zoomSeg[0.5, 1.0, 2.0, 5.0, 10.0]
12-04 00:19:47.102 D/CAM_AiSceneManager(31663): setAiSceneEffect: 0
12-04 00:19:47.102 D/CAM_EffectController(31663): getAiColorCorrectionVersion: 2
12-04 00:19:47.102 D/BaseDepthController( 2941): mSurface is null and mCurrentBlur is: 0
12-04 00:19:47.102 D/CAM_EffectController(31663): getAiColorCorrectionVersion: 2
12-04 00:19:47.102 D/CAM_EffectRenderGroup(31663): onEffectChanged: EFFECT_CHANGE_FILTER mEffectId = 66048
12-04 00:19:47.102 D/CAM_CaptureRequestBuilder(31663): applyASDScene: 0
12-04 00:19:47.102 D/CAM_Camera@109872872(31663): CameraSetupConsumer#accept: switch module done
12-04 00:19:47.103 I/CAM_PerformanceManager(31663): [P_PERFORM]: Action: A7:switch_setup_consumer_163_0 takes 1 ms
12-04 00:19:47.103 D/CAM_BaseModule(31663): flashMode: 0
12-04 00:19:47.103 V/CAM_MiCamera2(31663): setFlashMode: 0
12-04 00:19:47.103 D/CAM_MiCamera2(31663): applyFlashMode: request android.hardware.camera2.CaptureRequest$Builder@700b9b0, applyType = 1
12-04 00:19:47.103 D/CAM_MiCameraCompat(31663): applyFlashMode: mode = 0
12-04 00:19:47.103 D/CAM_DragLayout(31663): setDragEnable mDragMode : false, mPromptMode : false,mBar : null,withAnim : false
12-04 00:19:47.103 D/CAM_MiCamera2(31663): applyFlashMode: flashMode = 0, mScreenLightCallback = d.c.a.q6.q8.q1@202e029
12-04 00:19:47.103 D/CAM_CaptureRequestBuilder(31663): applyScreenLightHint(): false
12-04 00:19:47.103 D/CAM_CameraCapabilities(31663): isRemoveNevusDefined request : false
12-04 00:19:47.103 D/CAM_Camera2Module(31663): updateBeauty(): 3d beauty level: i:0 | ss: 0 |sf: 0 | ee: 0 | ns: 0 | rs: 0 | lp: 0 | cn: 0 | nk: 0 | se: 0 | sn: 0 | hl: 0 | solid: 0 | whiten: 0 | makeup: 0| headSlim: 0 | bodySlim: 0 | shoulderSlim: 0 | legSlim: 0 | puffy: 0| wholeBodySlim: 0 | buttSlim: 0 | makeupType: 0 | makeupLevel: 0 | beautyMode: 2 | makeupFilter: 0 | ambientLight: 0
12-04 00:19:47.104 D/StartTopBarAdapter(31663): onBindViewHolder
12-04 00:19:47.104 W/CAM_ImageModuleCameraManager(31663): no consumer for this updateType: 73
12-04 00:19:47.104 W/CAM_BaseModuleCameraManager(31663): no consumer for this updateType: 73
12-04 00:19:47.104 W/CAM_ImageModuleCameraManager(31663): no consumer for this updateType: 37
12-04 00:19:47.104 D/CAM_Camera2Module(31663): SwMfnr is not supported
12-04 00:19:47.104 D/CAM_Camera2Module(31663): setSwMfnr to false
12-04 00:19:47.104 D/CAM_Camera2Module(31663): setLightingEffect: 0
12-04 00:19:47.104 D/CAM_EffectRenderGroup(31663): onEffectChanged: EFFECT_CHANGE_FILTER mEffectId = 66048
12-04 00:19:47.104 W/CAM_ImageModuleCameraManager(31663): no consumer for this updateType: 48
12-04 00:19:47.105 W/CAM_ImageModuleCameraManager(31663): no consumer for this updateType: 49
12-04 00:19:47.105 W/CAM_BaseModuleCameraManager(31663): no consumer for this updateType: 49
12-04 00:19:47.105 W/CAM_ImageModuleCameraManager(31663): no consumer for this updateType: 52
12-04 00:19:47.105 D/StartTopBarAdapter(31663): updateView - anim id = 2131886459
12-04 00:19:47.105 I/StartTopBarAdapter(31663): shouldEnableAnim = false
12-04 00:19:47.105 D/StartTopBarAdapter(31663): showJsonAnimation - anim id = 2131886459 image view = com.android.camera2.compat.theme.custom.mm.top.StrikethroughImageView{4c3ff12 V.ED..C.. ......I. 0,0-116,116}
12-04 00:19:47.105 D/CAM_Camera2Module(31663): SR is disabled
12-04 00:19:47.105 W/CAM_ImageModuleCameraManager(31663): no consumer for this updateType: 62
12-04 00:19:47.106 W/CAM_ImageModuleCameraManager(31663): no consumer for this updateType: 75
12-04 00:19:47.106 V/CAM_CameraConfigManager(31663): setHistogramStatsEnabled: false
12-04 00:19:47.106 V/CAM_CameraConfigManager(31663): setASDEnable: true
12-04 00:19:47.106 D/EndTopBarAdapter(31663): onBindViewHolder
12-04 00:19:47.106 D/CAM_BaseModuleCameraManager(31663): updateASD call setASDEnable with true
12-04 00:19:47.106 W/CAM_ImageModuleCameraManager(31663): no consumer for this updateType: 76
12-04 00:19:47.106 W/CAM_Camera2CompatAdapterRole(31663): Warning: getAuxCameraId(): #init() failed, roleId=20
12-04 00:19:47.106 D/CAM_CaptureRequestBuilder(31663): applyDepurpleEnable: dodepurpleEnabled = true
12-04 00:19:47.106 W/CAM_ImageModuleCameraManager(31663): no consumer for this updateType: 78
12-04 00:19:47.106 W/CAM_ImageModuleCameraManager(31663): no consumer for this updateType: 77
12-04 00:19:47.107 D/CAM_MiCamera2(31663): sendSatFallbackDisableRequest: E. disable = false, isRepeatingRequest = true
12-04 00:19:47.107 D/EndTopBarAdapter(31663): updateView - anim id = 0
12-04 00:19:47.107 D/CAM_MiCameraCompat(31663): applySatFallbackDisable: 0
12-04 00:19:47.107 D/CAM_MiCamera2(31663): sendSatFallbackDisableRequest: X.
12-04 00:19:47.107 V/CAM_CameraConfigManager(31663): applyHighQualityPreferred: true
12-04 00:19:47.107 W/CAM_ImageModuleCameraManager(31663): no consumer for this updateType: 92
12-04 00:19:47.107 D/CAM_CameraConfigManager(31663): setBeautyLens 4
12-04 00:19:47.107 W/CAM_ImageModuleCameraManager(31663): no consumer for this updateType: 98
12-04 00:19:47.107 W/CAM_BaseModuleCameraManager(31663): no consumer for this updateType: 98
12-04 00:19:47.107 W/CAM_ImageModuleCameraManager(31663): no consumer for this updateType: 109
12-04 00:19:47.107 D/CAM_BaseModuleCameraManager(31663): updateTeleFallbackMode: curCamId=0
12-04 00:19:47.108 V/CAM_CameraConfigManager(31663): setAperture(): 0.0
12-04 00:19:47.108 D/CAM_CameraConfigs(31663): aperture: 0.0
12-04 00:19:47.108 V/CAM_CameraConfigManager(31663): setExposureMode(): 0
12-04 00:19:47.108 D/CAM_CameraConfigs(31663): setExposureMode: 0
12-04 00:19:47.108 W/CAM_ImageModuleCameraManager(31663): no consumer for this updateType: 111
12-04 00:19:47.108 V/CAM_CameraConfigManager(31663): setIsZoomSpeedUp(): false
12-04 00:19:47.108 V/CAM_CaptureRequestBuilder(31663): applyIsZoomSpeedUp(): false
12-04 00:19:47.108 W/CAM_ImageModuleCameraManager(31663): no consumer for this updateType: 112
12-04 00:19:47.108 V/CAM_CameraConfigManager(31663): setIsZoomSpeedDown(): false
12-04 00:19:47.108 V/CAM_CaptureRequestBuilder(31663): applyIsZoomSpeedDown(): false
12-04 00:19:47.108 V/CAM_CameraConfigManager(31663): setFaceAEStrategy(): 0
12-04 00:19:47.108 D/CAM_CaptureRequestBuilder(31663): applyFaceAEStrategyFlag: 0
12-04 00:19:47.108 D/CAM_MiCameraCompat(31663): applyFaceAEStrategyFlag  case = 0
12-04 00:19:47.108 D/CAM_LiveShotManager(31663): updateLiveShot = false
12-04 00:19:47.109 I/CAM_PerformanceManager(31663): [P_PERFORM]: Action: 5.2:applyPreviewSettings_163_0 takes 23 ms
12-04 00:19:47.109 I/CAM_PerformanceManager(31663): [P_PERFORM]: Action: 5:captureSessionReady2startPreview_163_0 takes 32 ms
12-04 00:19:47.109 V/CAM_LiveShotManager(31663): [KTP]updateLiveShot: E
12-04 00:19:47.109 V/CAM_MiCamera2(31663): resumePreview: cameraId=0 highSpeed=false | caller=d.c.b.p4.A0(Unknown Source:71), d.c.a.q6.r7$e.a(Unknown Source:203), d.c.a.q6.r7$e.accept(Unknown Source:2), io.reactivex.internal.observers.LambdaObserver.onNext(Unknown Source:8), 
12-04 00:19:47.109 V/CAM_LiveShotManager(31663): [KTP]updateLiveShot: X
12-04 00:19:47.109 D/CameraService( 1573): startCameraStreamingOps: Start data delivery for uid 10545
12-04 00:19:47.110 I/CAM_MiCamera2(31663): [K_PROCESS]: resumePreview: repeating sequenceId: 0
12-04 00:19:47.111 V/CAM_FaceView(31663): mCameraDisplayOrientation=90
12-04 00:19:47.111 V/CAM_FaceView(31663): mMirror=false
12-04 00:19:47.112 D/BaseDepthController( 2941): mSurface is null and mCurrentBlur is: 0
12-04 00:19:47.115 W/ActivityManager( 1832): pid 1832 system sent binder code 15 with flags 0 to frozen apps and got error -32
12-04 00:19:47.116 E/NFC     ( 1832): NFC service dead - attempting to recover
12-04 00:19:47.116 E/NFC     ( 1832): android.os.DeadObjectException
12-04 00:19:47.116 E/NFC     ( 1832): 	at android.os.BinderProxy.transactNative(Native Method)
12-04 00:19:47.116 E/NFC     ( 1832): 	at android.os.BinderProxy.transact(BinderProxy.java:592)
12-04 00:19:47.116 E/NFC     ( 1832): 	at android.nfc.INfcAdapter$Stub$Proxy.setReaderMode(INfcAdapter.java:1408)
12-04 00:19:47.116 E/NFC     ( 1832): 	at android.nfc.NfcAdapter.lambda$setReaderModePollingEnabled$14(NfcAdapter.java:1791)
12-04 00:19:47.116 E/NFC     ( 1832): 	at android.nfc.NfcAdapter.$r8$lambda$ChHsu3zyyl-fmMSV4W6nAmsvLKQ(Unknown Source:0)
12-04 00:19:47.116 E/NFC     ( 1832): 	at android.nfc.NfcAdapter$$ExternalSyntheticLambda12.call(D8$$SyntheticClass:0)
12-04 00:19:47.116 E/NFC     ( 1832): 	at android.nfc.NfcAdapter.callService(NfcAdapter.java:2594)
12-04 00:19:47.116 E/NFC     ( 1832): 	at android.nfc.NfcAdapter.setReaderModePollingEnabled(NfcAdapter.java:1791)
12-04 00:19:47.116 E/NFC     ( 1832): 	at com.android.server.camera.CameraServiceProxy.notifyNfcService(CameraServiceProxy.java:1496)
12-04 00:19:47.116 E/NFC     ( 1832): 	at com.android.server.camera.CameraServiceProxy.updateActivityCount(CameraServiceProxy.java:1467)
12-04 00:19:47.116 E/NFC     ( 1832): 	at com.android.server.camera.CameraServiceProxy.-$$Nest$mupdateActivityCount(CameraServiceProxy.java:0)
12-04 00:19:47.116 E/NFC     ( 1832): 	at com.android.server.camera.CameraServiceProxy$2.notifyCameraState(CameraServiceProxy.java:849)
12-04 00:19:47.116 E/NFC     ( 1832): 	at android.hardware.ICameraServiceProxy$Stub.onTransact(ICameraServiceProxy.java:160)
12-04 00:19:47.116 E/NFC     ( 1832): 	at android.os.Binder.execTransactInternal(Binder.java:1426)
12-04 00:19:47.116 E/NFC     ( 1832): 	at android.os.Binder.execTransact(Binder.java:1365)
12-04 00:19:47.123 D/BaseDepthController( 2941): mSurface is null and mCurrentBlur is: 0
12-04 00:19:47.125 D/NfcService(32585): setReaderMode: uid=1000, packageName: android, flags: 4096
12-04 00:19:47.125 E/NfcService(32585): setReaderMode: called with invalid flag parameter.
12-04 00:19:47.134 D/BaseDepthController( 2941): mSurface is null and mCurrentBlur is: 0
12-04 00:19:47.145 D/BaseDepthController( 2941): mSurface is null and mCurrentBlur is: 0
12-04 00:19:47.153 W/ServiceManagerCppClient( 1584): Waited one second for stats (is service started? Number of threads started in the threadpool: 17. Are binder threads started and available?)
12-04 00:19:47.156 D/BaseDepthController( 2941): mSurface is null and mCurrentBlur is: 0
12-04 00:19:47.162 W/ServiceManagerCppClient( 1832): Waited one second for stats (is service started? Number of threads started in the threadpool: 32. Are binder threads started and available?)
12-04 00:19:47.165 I/TetheringManager( 2683): unregisterTetheringEventCallback:com.android.systemui
12-04 00:19:47.166 W/System  ( 2683): A resource failed to call release. 
12-04 00:19:47.166 W/System  ( 2683): A resource failed to call release. 
12-04 00:19:47.166 W/System  ( 2683): A resource failed to call release. 
12-04 00:19:47.168 D/BaseDepthController( 2941): mSurface is null and mCurrentBlur is: 0
12-04 00:19:47.169 W/qcom,ois ac4f000.qcom,cci(    0): qcom,ois@1: Falling back to syfs fallback for: umi_ois.coeff
12-04 00:19:47.171 I/ueventd (    0): firmware: loading 'umi_ois.coeff' for '/devices/platform/soc/ac4f000.qcom,cci/ac4f000.qcom,cci:qcom,ois@1/firmware/umi_ois.coeff'
12-04 00:19:47.171 I/ueventd (    0): found /vendor/firmware/umi_ois.coeff for /devices/platform/soc/ac4f000.qcom,cci/ac4f000.qcom,cci:qcom,ois@1/firmware/umi_ois.coeff
12-04 00:19:47.171 I/ueventd (    0): loading /devices/platform/soc/ac4f000.qcom,cci/ac4f000.qcom,cci:qcom,ois@1/firmware/umi_ois.coeff took 0ms
12-04 00:19:47.179 D/BaseDepthController( 2941): mSurface is null and mCurrentBlur is: 0
12-04 00:19:47.180 W/qcom,ois ac4f000.qcom,cci(    0): qcom,ois@1: Falling back to syfs fallback for: umi_ois.mem
12-04 00:19:47.182 I/ueventd (    0): firmware: loading 'umi_ois.mem' for '/devices/platform/soc/ac4f000.qcom,cci/ac4f000.qcom,cci:qcom,ois@1/firmware/umi_ois.mem'
12-04 00:19:47.184 E/ueventd (    0): firmware: could not find firmware for umi_ois.mem
12-04 00:19:47.184 E/ueventd (    0): firmware: attempted /etc/firmware/umi_ois.mem, open failed: No such file or directory
12-04 00:19:47.184 E/ueventd (    0): firmware: attempted /odm/firmware/umi_ois.mem, open failed: No such file or directory
12-04 00:19:47.185 I/CAM_INFO(    0): CAM-OIS: cam_ois_fw_download: 441 no fw named umi_ois.mem, skip
12-04 00:19:47.190 D/BaseDepthController( 2941): mSurface is null and mCurrentBlur is: 0
12-04 00:19:47.199 I/CAM_INFO(    0): CAM-ISP: cam_ife_mgr_acquire_hw: 2800 Acquire HW success with total_pix: 12 total_rdi: 2 is_dual: 0 in ctx: 0
12-04 00:19:47.201 D/BaseDepthController( 2941): mSurface is null and mCurrentBlur is: 0
12-04 00:19:47.200 I/CAM_ERR (    0): CAM-CRM: cam_req_mgr_cb_add_req: 2573 req 1 not found in in_q
12-04 00:19:47.204 E/CamX    ( 1104): [ERROR][SENSOR ] camxoisdata.cpp:437 CreateOISModeCmd() [OISEIS] m_MaxOisFilterX=0x1756,m_MaxOisFilterY=0x1756
12-04 00:19:47.213 D/BaseDepthController( 2941): mSurface is null and mCurrentBlur is: 0
12-04 00:19:47.221 I/CAM_INFO(    0): CAM-ISP: cam_vfe_camif_ver3_resource_init: 296 overriding clock gating
12-04 00:19:47.221 I/CAM_INFO(    0): CAM-ISP: cam_vfe_bus_ver3_init_hw: 3598 Overriding clock gating at bus input
12-04 00:19:47.223 I/CAM_INFO(    0): CAM-ISP: cam_vfe_bus_ver3_start_vfe_out: 2151 VFE:1 out_type:0x8 RDI context 0 for RUP
12-04 00:19:47.223 I/CAM_INFO(    0): CAM-ISP: cam_vfe_bus_ver3_start_vfe_out: 2151 VFE:1 out_type:0x0 RDI context 0 for RUP
12-04 00:19:47.223 I/CAM_INFO(    0): CAM-ISP: cam_vfe_bus_ver3_start_vfe_out: 2151 VFE:1 out_type:0x1 RDI context 0 for RUP
12-04 00:19:47.223 I/CAM_INFO(    0): CAM-ISP: cam_vfe_bus_ver3_start_vfe_out: 2151 VFE:1 out_type:0xA RDI context 0 for RUP
12-04 00:19:47.224 D/BaseDepthController( 2941): mSurface is null and mCurrentBlur is: 0
12-04 00:19:47.223 I/CAM_INFO(    0): CAM-ISP: cam_vfe_bus_ver3_start_vfe_out: 2151 VFE:1 out_type:0xB RDI context 0 for RUP
12-04 00:19:47.223 I/CAM_INFO(    0): CAM-ISP: cam_vfe_bus_ver3_start_vfe_out: 2151 VFE:1 out_type:0xC RDI context 0 for RUP
12-04 00:19:47.223 I/CAM_INFO(    0): CAM-ISP: cam_vfe_bus_ver3_start_vfe_out: 2151 VFE:1 out_type:0xD RDI context 0 for RUP
12-04 00:19:47.223 I/CAM_INFO(    0): CAM-ISP: cam_vfe_bus_ver3_start_vfe_out: 2151 VFE:1 out_type:0xE RDI context 0 for RUP
12-04 00:19:47.223 I/CAM_INFO(    0): CAM-ISP: cam_vfe_bus_ver3_start_vfe_out: 2151 VFE:1 out_type:0xF RDI context 0 for RUP
12-04 00:19:47.223 I/CAM_INFO(    0): CAM-ISP: cam_vfe_bus_ver3_start_vfe_out: 2151 VFE:1 out_type:0x10 RDI context 0 for RUP
12-04 00:19:47.223 I/CAM_INFO(    0): CAM-ISP: cam_vfe_bus_ver3_start_vfe_out: 2151 VFE:1 out_type:0x12 RDI context 0 for RUP
12-04 00:19:47.223 I/CAM_INFO(    0): CAM-ISP: cam_vfe_bus_ver3_start_vfe_out: 2151 VFE:1 out_type:0x13 RDI context 0 for RUP
12-04 00:19:47.223 I/CAM_INFO(    0): CAM-ISP: cam_vfe_bus_ver3_start_vfe_out: 2151 VFE:1 out_type:0x14 RDI context 0 for RUP
12-04 00:19:47.223 I/CAM_INFO(    0): CAM-ISP: cam_vfe_bus_ver3_start_vfe_out: 2151 VFE:1 out_type:0x15 RDI context 0 for RUP
12-04 00:19:47.223 I/CAM_INFO(    0): CAM-SENSOR: cam_sensor_driver_cmd: 901 CAM_START_DEV Success, sensor_id:0x1ad0,sensor_slave_addr:0x7a
12-04 00:19:47.232 E/libprotobuf-native( 1104): [libprotobuf ERROR external/protobuf/src/google/protobuf/message_lite.cc:123] Can't parse message of type "sns_flicker_event" because it is missing required fields: (cannot determine missing fields for lite message)
12-04 00:19:47.246 D/BaseDepthController( 2941): mSurface is null and mCurrentBlur is: 0
12-04 00:19:47.258 D/BaseDepthController( 2941): mSurface is null and mCurrentBlur is: 0
12-04 00:19:47.258 D/SsBaseTemplateCard( 2941): No text view can be set up
12-04 00:19:47.258 I/SsBaseTemplateCard( 2941): setFormattedContentDescription: text=7Â°C, iconDescription=Despejado, con intervalos nubosos, contentDescription=Despejado, con intervalos nubosos, 7Â°C
12-04 00:19:47.258 D/SsBaseTemplateCard( 2941): Passed-in item info is null
12-04 00:19:47.258 D/SsBaseTemplateCard( 2941): Passed-in item info is null
12-04 00:19:47.258 I/SsBaseTemplateCard( 2941): Secondary card pane is null
12-04 00:19:47.261 V/WindowManager( 1832): Finish Transition (#72): created at 12-04 00:19:46.670 collect-started=0.466ms request-sent=13.076ms started=15.808ms ready=40.031ms sent=49.985ms commit=15.963ms finished=590.342ms
12-04 00:19:47.261 D/b/387844520( 2941): getOutlineOffsetX: measured width = 182, mNormalizedIconSize = 167, last updated width = 182
12-04 00:19:47.259 D/cnss    (    0): Runtime resume start
12-04 00:19:47.259 D/cnss    (    0): Resuming PCI link
12-04 00:19:47.260 D/cnss    (    0): Set PCI link status to: 2
12-04 00:19:47.260 D/cnss    (    0): Setting MHI state: RESUME(7)
12-04 00:19:47.262 I/CAM_INFO(    0): CAM-ISP: __cam_isp_ctx_sof_in_epoch: 1145 First SOF in EPCR ctx:1 frame_id:1 next substate EPOCH
12-04 00:19:47.263 I/[kworke][0x6e1d35a26][23:19:47.263528] wlan(    0): [26859:I:PMO] pmo_core_psoc_send_host_wakeup_ind_to_fw: 1225: Host wakeup indication sent to fw
12-04 00:19:47.265 I/hwservicemanager(  669): getTransport: Cannot find entry vendor.qti.hardware.servicetracker@1.2::IServicetracker/default in either framework or device VINTF manifest.
12-04 00:19:47.266 W/ActivityTaskManager( 1832): servicetracker HIDL not available
12-04 00:19:47.266 E/ActivityTaskManager( 1832): Unable to get servicetracker HAL instance
12-04 00:19:47.266 I/hwservicemanager(  669): getTransport: Cannot find entry vendor.qti.hardware.servicetracker@1.2::IServicetracker/default in either framework or device VINTF manifest.
12-04 00:19:47.266 W/ActivityTaskManager( 1832): servicetracker HIDL not available
12-04 00:19:47.266 E/ActivityTaskManager( 1832): Unable to get servicetracker HAL instance
12-04 00:19:47.272 D/VRI[NexusLauncherActivity]( 2941): visibilityChanged oldVisibility=true newVisibility=false
12-04 00:19:47.274 I/RefreshRateSelector( 1301): Display 4630946545580055169 policy changed
12-04 00:19:47.274 I/RefreshRateSelector( 1301): Previous: {defaultModeId=1, allowGroupSwitching=false, primaryRanges={physical=[0.00 Hz, 120.00 Hz], render=[0.00 Hz, 120.00 Hz]}, appRequestRanges={physical=[0.00 Hz, 120.00 Hz], render=[0.00 Hz, 120.00 Hz]} idleScreenConfig=nullptr}
12-04 00:19:47.274 I/RefreshRateSelector( 1301): Current:  DisplayManagerPolicy{defaultModeId=0, allowGroupSwitching=false, primaryRanges={physical=[60.00 Hz, 120.00 Hz], render=[60.00 Hz, 60.00 Hz]}, appRequestRanges={physical=[60.00 Hz, 120.00 Hz], render=[60.00 Hz, 60.00 Hz]} idleScreenConfig=nullptr}
12-04 00:19:47.274 I/RefreshRateSelector( 1301): 5 mode changes were performed under the previous policy
12-04 00:19:47.274 D/DisplayModeController( 1301): setDesiredMode 4630946545580055169 {mode={fps=60.00 Hz, modePtr={id=0, vsyncRate=60.00 Hz, peakRefreshRate=60.00 Hz}}, emitEvent=true, force=false}
12-04 00:19:47.276 D/cnss    (    0): Runtime resume status: 0
12-04 00:19:47.277 I/SDM     ( 1188): HWDeviceDRM::UpdateMixerAttributes: Mixer WxH 1080x2340-0 for Peripheral
12-04 00:19:47.277 I/SDM     ( 1188): HWCDisplay::SubmitDisplayConfig: Active configuration changed to: 0
12-04 00:19:47.279 D/BaseDepthController( 2941): setSurface:
12-04 00:19:47.279 D/BaseDepthController( 2941): 	mWaitingOnSurfaceValidity: false
12-04 00:19:47.279 D/BaseDepthController( 2941): 	mBaseSurface: null
12-04 00:19:47.279 D/BaseDepthController( 2941): mSurface is null and mCurrentBlur is: 0
12-04 00:19:47.281 D/StateManager( 2941): goToState - fromState: Normal, toState: Normal, partial trace:
12-04 00:19:47.281 D/StateManager( 2941): 	at com.android.launcher3.statemanager.StateManager.moveToRestState(go/retraceme 72a59688580715d19f0e415c69e80376c2f062d1648c80db6730905005a27c20:4)
12-04 00:19:47.281 D/StateManager( 2941): 	at com.android.launcher3.statemanager.StateManager.moveToRestState(go/retraceme 72a59688580715d19f0e415c69e80376c2f062d1648c80db6730905005a27c20:1)
12-04 00:19:47.281 D/StateManager( 2941): 	at com.android.launcher3.statemanager.StatefulActivity.onStop(go/retraceme 72a59688580715d19f0e415c69e80376c2f062d1648c80db6730905005a27c20:34)
12-04 00:19:47.282 D/StatsLog( 2941): LAUNCHER_ONSTOP
12-04 00:19:47.283 D/StatsLog( 2941): LAUNCHER_GOOGLE_SEARCH_RESTORE_LIST_SIZE_AFTER_ACTIVITY_RESTART
12-04 00:19:47.284 D/NexusLauncherModelDelegate( 2941): notifySmartspaceEvent: SmartspaceTargetEvent{mSmartspaceTarget=null, mSmartspaceActionId='null', mEventType=7}
12-04 00:19:47.285 D/NexusLauncherModelDelegate( 2941): notifySmartspaceEvent: SmartspaceTargetEvent{mSmartspaceTarget=null, mSmartspaceActionId='null', mEventType=7}
12-04 00:19:47.285 I/DisplayDeviceRepository( 1832): Display device changed render timings: "Pantalla integrada", renderFrameRate=60.000004, presentationDeadlineNanos=16666666, appVsyncOffsetNanos=1000000, frameRateOverrides=[]
12-04 00:19:47.285 D/WindowManager( 1832): DeferredDisplayUpdater: partially applying DisplayInfo(1080 x 2340) immediately
12-04 00:19:47.287 D/audio_hw_primary( 1087): adev_set_parameters: enter: screen_state=on
12-04 00:19:47.287 V/msm8974_platform( 1087): platform_set_parameters: enter: screen_state=on
12-04 00:19:47.287 D/audio_hw_hfp( 1087): hfp_set_parameters: enter
12-04 00:19:47.287 D/sound_trigger_hw( 1087): handle_screen_status_change: screen on
12-04 00:19:47.287 D/audio_hw_hfp( 1087): hfp_set_parameters: enter
12-04 00:19:47.287 V/a2dp_offload( 1087): end of a2dp setparam
12-04 00:19:47.287 D/audio_hw_cspl_cal( 1087): cirrus_cal_setparameters: enter 0xe64851a0
12-04 00:19:47.287 D/audio_hw_extn( 1087): audio_extn_fm_set_parameters: Enter
12-04 00:19:47.287 D/audio_hw_hfp( 1087): hfp_set_parameters: enter
12-04 00:19:47.287 V/a2dp_offload( 1087): end of a2dp setparam
12-04 00:19:47.287 D/audio_hw_primary( 1087): adev_set_parameters: exit with code(0)
12-04 00:19:47.287 I/[drm:dsi_display_set_mode] [msm-dsi-info](    0): mdp_transfer_time_us=9500 us
12-04 00:19:47.287 I/[drm:dsi_display_set_mode] [msm-dsi-info](    0): hactive= 1080,vactive= 2340,fps=60
12-04 00:19:47.287 W/thermal_sys(    0): screen_state_for_thermal_callback: On, sm.screen_state = 1
12-04 00:19:47.293 W/ALERT   (    0): changing window size from 12000000 to 20000000 at 1535260048892
12-04 00:19:47.298 E/WifiHAL ( 1143): wifi_get_cached_scan_results: Wifi Cached Scan Result not supported by driver
12-04 00:19:47.299 E/WifiStaIfaceAidlImpl( 1832): getCachedScanData failed with service-specific exception: android.os.ServiceSpecificException:  (code 4)
12-04 00:19:47.303 I/hwservicemanager(  669): getTransport: Cannot find entry vendor.qti.hardware.servicetracker@1.2::IServicetracker/default in either framework or device VINTF manifest.
12-04 00:19:47.303 W/ActivityTaskManager( 1832): servicetracker HIDL not available
12-04 00:19:47.303 E/ActivityTaskManager( 1832): Unable to get servicetracker HAL instance
12-04 00:19:47.303 I/hwservicemanager(  669): getTransport: Cannot find entry vendor.qti.hardware.servicetracker@1.2::IServicetracker/default in either framework or device VINTF manifest.
12-04 00:19:47.304 W/ActivityTaskManager( 1832): servicetracker HIDL not available
12-04 00:19:47.304 E/ActivityTaskManager( 1832): Unable to get servicetracker HAL instance
12-04 00:19:47.305 D/BackgroundInstallControlService( 1832): Package event received: 0
12-04 00:19:47.306 E/XIAOMI_AIASD( 1104): [HDR-Checker]: histogram_data = NULL
12-04 00:19:47.306 E/XIAOMI_AIASD( 1104): checkerStatus=2 
12-04 00:19:47.306 I/android.hardware.camera.provider@2.4-service_64( 1104): SceneDetector::process InitInfo.iWidthStep = 1440, iImgWidth = 1440, iImgHeight = 1080
12-04 00:19:47.306 I/MIALGO_SD( 1104): LL_SD:SD_VERSION_V3.6
12-04 00:19:47.306 I/MIALGO_SD( 1104): LL_SD:Start to create scene detection!
12-04 00:19:47.306 I/MIALGO_SD( 1104): LL_SD: width step 1440 
12-04 00:19:47.306 I/MIALGO_SD( 1104): LL_SD: load xmlpath /vendor/etc/camera/sceneDetection.xml.
12-04 00:19:47.307 I/MIALGO_SD( 1104): LL_SD:load parameters success!
12-04 00:19:47.307 I/MIALGO_SD( 1104): LL_SD:check parameters success!
12-04 00:19:47.307 I/MIALGO_SD( 1104): LL_SD:End create scene detection!
12-04 00:19:47.307 I/MIALGO_SD( 1104): LL_SD: ggq dxo param lux_index 326.990173 light 0.032754 dark ratio 0.977778 middle ratio 0.000000 bright ratio 0.000000 result 0
12-04 00:19:47.308 I/LDC-NODE( 1104): [ProcessRequest()]:[372] LDC RUN [255-9] mode=5,type=0,frameNum=1,in:1440x1080(1440x1080),fmt=3,out:1440x1080(1440x1080),fmt=3,level=0 RoleType=0
12-04 00:19:47.313 D/CAM_Camera2DataContainer(31663): Currently user selected zoom ratio is 1.0
12-04 00:19:47.313 D/CAM_Camera2DataContainer(31663): getActualOpenCameraId: mode=a3, id=0->0
12-04 00:19:47.313 I/CAM_CameraScreenNail(31663): [K_PROCESS]: onFrameAvailable first frame arrived.
12-04 00:19:47.313 I/CAM_PerformanceManager(31663): [P_PERFORM]: Event: COLD_LAUNCH has no start time, ignore this stop event as take 0 ms
12-04 00:19:47.313 I/CAM_PerformanceManager(31663): [P_PERFORM]: Event: HOT_LAUNCH_163_0 takes 596 ms
12-04 00:19:47.313 D/CAM_MiCamera2(31663): onCaptureCompleted: sequenceId = 0, frameNumber = 0
12-04 00:19:47.313 I/CAM_PerformanceManager(31663): [P_PERFORM]: Event: HOT_LAUNCH takes 596 is less than 1500
12-04 00:19:47.313 D/CAM_MiCamera2(31663): setState: 1
12-04 00:19:47.313 D/CAM_ActivityBase(31663): onFrameAvailable: trackStartAppCost: 594
12-04 00:19:47.313 I/CAM_PerformanceManager(31663): [P_PERFORM]: Action: 6:[HAL]startPreview2firstFrame_163_0 takes 204 ms
12-04 00:19:47.314 D/CAM_RenderEngineV1(31663): clearAnimation
12-04 00:19:47.314 D/CAM_FragmentBottomAction(31663): setClickEnable: true
12-04 00:19:47.314 I/CAM_BaseModule(31663): [K_PROCESS]: enableCameraControls: enable = true, caller: d.c.a.q6.r7.g0(Unknown Source:19), com.android.camera.Camera.ni(Unknown Source:143), com.android.camera.ActivityBase.pi(Unknown Source:313), 
12-04 00:19:47.314 D/CAM_CameraSnapView(31663): setClickEnable: true
12-04 00:19:47.314 D/CAM_BaseModule(31663): setFrameAvailable true
12-04 00:19:47.314 D/CAM_FocusView(31663): reset: type = 8, is draw = false, mIsTouchFocus = false
12-04 00:19:47.314 D/CAM_MiuiCameraSound(31663): [WTP]loadCameraSound: E
12-04 00:19:47.314 D/CAM_MiuiCameraSound(31663): [WTP]loadCameraSound: X
12-04 00:19:47.315 D/CAM_Camera2Module(31663): init preview callback type decoders, previewCallbackType: 0x0, needUpdatePreference: false
12-04 00:19:47.315 D/CAM_InputDeviceManager(31663): updateConnStatus: E.
12-04 00:19:47.315 D/CAM_ParallelManager(31663): initParallelSession: E
12-04 00:19:47.315 D/CAM_CaptureModule(31663): mivi raw super night is not enabled in capture mode
12-04 00:19:47.315 D/CAM_ParallelManager(31663): configParallelSession: algorithmOutputSize = null
12-04 00:19:47.315 D/CAM_ParallelManager(31663): configParallelSession:         pictureSize = 6016x4512
12-04 00:19:47.315 D/CAM_ParallelManager(31663): configParallelSession:          outputSize = 6016x4512
12-04 00:19:47.315 D/CAM_ParallelManager(31663): configParallelSession:        outputFormat = 256
12-04 00:19:47.315 D/CAM_InputDeviceManager(31663): updateConnStatus: X. cost: 0
12-04 00:19:47.315 D/CAM_Camera2Module(31663): notifyAfterFirstFrameArrived.m3ALocked: false
12-04 00:19:47.315 D/CAM_ParallelManager(31663): configParallelSession: bufferFormat is BufferFormat{bufferWidth=6016, bufferHeight=4512, bufferFormat=35, graphDescriptor=GraphDescriptorBean{mOperationModeID=0, mStreamNumber=1, mIsSnapshot=true, mCameraCombinationMode=0x1}, depthBufferSize=null}
12-04 00:19:47.315 D/CAM_BoostFrameworkImpl(31663): startBoost: duration = 300, scene = 6
12-04 00:19:47.316 D/CAM_BoostFrameworkImpl(31663): ready to boost
12-04 00:19:47.316 I/CAM_PostProcessor(31663): configCaptureSession: E. format = BufferFormat{bufferWidth=6016, bufferHeight=4512, bufferFormat=35, graphDescriptor=GraphDescriptorBean{mOperationModeID=0, mStreamNumber=1, mIsSnapshot=true, mCameraCombinationMode=0x1}, depthBufferSize=null}
12-04 00:19:47.316 I/CAM_ImageProcessor(31663): init: E
12-04 00:19:47.316 D/CAM_BaseModule(31663): isSupportAFSaliency=false
12-04 00:19:47.316 I/CAM_ImageProcessor(31663): init: X
12-04 00:19:47.316 I/CAM_BaseImageProcessor(31663): create ImageProcessor _S_6016x4512_113610038
12-04 00:19:47.316 I/CAM_BaseImageProcessor(31663): startWork: E
12-04 00:19:47.316 D/CAM_BottomCV(31663): adjustThumbBg android.widget.ImageView{72f7015 VFED..... ......ID 0,0-100,100 #7f0b06f2 app:id/v9_thumbnail_image}
12-04 00:19:47.316 D/CAM_ImageProcessor(31663): E: init WorkerHandler
12-04 00:19:47.316 D/CAM_FragmentModeSelector(31663): setClickEnable: true
12-04 00:19:47.316 D/CAM_ImageProcessor(31663): X: init WorkerHandler
12-04 00:19:47.316 D/CAM_FragmentModeSelector(31663): notifyAfterFrameAvailable: dragChild's VState: 0 AlphaState: 1.0 TransLationY: 0.0
12-04 00:19:47.316 D/CAM_FragmentMainContentMM(31663): setClickEnable: true
12-04 00:19:47.316 V/CAM_FaceView(31663): mCameraDisplayOrientation=90
12-04 00:19:47.316 D/CAM_FocusView(31663): onCameraOpen>>
12-04 00:19:47.316 I/CAM_BaseImageProcessor(31663): startWork: X. WorkerThread_S_6016x4512_113610038 started
12-04 00:19:47.316 W/CAM_FocusView(31663): onCameraOpen: adapter=d.c.a.r7.t1@a017da4
12-04 00:19:47.316 W/ImageReaderHelper(31663): NoSuchMethodException: android.media.ImageReader.setName [class java.lang.String]
12-04 00:19:47.317 D/CAM_TrackFocusView(31663): clear
12-04 00:19:47.317 D/MiCameraAlgo(31663): createSessionByOutputConfigurations: E
12-04 00:19:47.317 D/CAM_FragmentTopBar(31663): setClickEnable: true
12-04 00:19:47.317 D/CAM_FragmentTopAlert(31663): setClickEnable: true
12-04 00:19:47.317 D/CAM_ConfigChangeImpl(31663): reCheckAiAudio:SupportAiAudioNew
12-04 00:19:47.317 D/CAM_ConfigChangeImpl(31663): reCheckAiAudioSingle:alertAiAudioSingleBGHint
12-04 00:19:47.318 I/MI_Algo_JNI(31663): [createSessionByOutputConfigurations]: get configurations: list size is 1 callback 0x71eef0a9d0
12-04 00:19:47.318 D/CAM_FragmentDualCameraAdjustMM(31663): setClickEnable: true
12-04 00:19:47.318 D/CAM_ZoomRatioToggleView(31663): setEnabled(): true
12-04 00:19:47.318 D/MI_Algo_JNI(31663): [createSessionByOutputConfigurations]: get configuration: ANativeWindow pointer = -5476376651881747664, group id = 3
12-04 00:19:47.318 I/MI_Algo_JNI(31663): Before pInit in getGraphDescriptor 406 mCAI 0x72581e65d0,0x0
12-04 00:19:47.318 I/MI_Algo_JNI(31663): received graphId descriptor: operation_mode: 0, num_streams: 1, is_snapshot: 1, camera_id: 1
12-04 00:19:47.318 I/MI_Algo_JNI(31663): [createSessionByOutputConfigurations]: createSession in Java_com_xiaomi_engine_MiCamAlgoInterfaceJNI_createSessionByOutputConfigurations + 760; mCAI: 0x72581e65d0,0x0, descriptor: 0x71eef0a868
12-04 00:19:47.318 D/MI_Algo_JNI(31663): MySessionCb has been constructed.
12-04 00:19:47.318 D/CAM_FragmentDualCameraAdjust(31663): initZoomRatioForBackCamera(): zoom: 1.0
12-04 00:19:47.319 D/CAM_FragmentDualCameraAdjustMM(31663): provideAnimateElement(): initialized zoom ratio: 1.0
12-04 00:19:47.319 D/CAM_ZoomRatioToggleView(31663): count = 3
12-04 00:19:47.319 D/CAM_ZoomRatioToggleView(31663): setSuppressed(): false
12-04 00:19:47.319 D/CAM_ZoomRatioToggleView(31663): setSuppressed() ignored: false
12-04 00:19:47.319 I/CAM_ZoomRatioToggleView(31663): [U_ACTION]: setZoomRatio(): a = ZOOMING_BY_UNKNOWN_SOURCE,i = 1,z = 1.0,ti =1,tz =1.0
12-04 00:19:47.321 I/MIA_INTF(31663): [MIACreateSession:70]:E GraphDescriptor:0x71eef0a868 output type:1 cb:0xb4000073705455b0
12-04 00:19:47.321 D/MIA_SRVC(31663): [createSession:112]:E GraphDescriptor:0x71eef0a868 cb:0xb4000073705455b0
12-04 00:19:47.321 D/MIA_SESN(31663): [MiaSession:233]:MiaSession construct 0xb4000074c053b550
12-04 00:19:47.321 I/MIA_SESN(31663): [getGraphID:1093]:E operation_mode:0x0 is_snapshot:1 camera_mode:0x1 num_streams:1
12-04 00:19:47.321 I/MIA_SESN(31663): [buildGraph:541]:graphID 3, output type: 1
12-04 00:19:47.321 D/MIA_SESN(31663): [setup:124]:Consumer holds 6 buffers
12-04 00:19:47.321 D/MIA_SESN(31663): [setup:157]:X window format:0x23 wxh:6016x4512
12-04 00:19:47.321 D/MIA_SESN(31663): [bind:87]:[0]bind to node:0 port:0
12-04 00:19:47.321 I/MIA_SESN(31663): [buildGraph:567]:Created SurfaceWrapper for type:0
12-04 00:19:47.321 D/MIA_SESN(31663): [buildGraph:584]:Get frame info from 0 type surface: 6016x4512 format:35
12-04 00:19:47.321 I/MIA_SESN(31663): [createNode:302]:createNode node type: 7 name: MiaNodeHdr
12-04 00:19:47.321 I/MIA_N_MHDR(31663): [init:46]:[MIALGO_HDR][MIAI_HDR]: XMI_HDR_Init
12-04 00:19:47.321 E/xmi_high_dynamic_range MIHDRVER-2022_0111_1256_J2.G-06bc30de (31663): mihdr, XMI_HDR_Init, i32Mode=0, i32Type=0
12-04 00:19:47.322 I/MIA_SESN(31663): [createNode:302]:createNode node type: 6 name: MiaNodeMiFlaw
12-04 00:19:47.322 I/MIA_N_MIBACK_MIFLAW(31663): [MiaNodeMiFlaw:15]:now construct -->> MiaNodeMiFlaw
12-04 00:19:47.323 D/CAM_FragmentDualCameraAdjust(31663): initZoomRatioForBackCamera(): zoom: 1.0
12-04 00:19:47.324 D/CAM_FragmentDualCameraAdjustMM(31663): provideAnimateElement(): initialized zoom ratio: 1.0
12-04 00:19:47.325 D/CAM_ZoomRatioToggleView(31663): count = 3
12-04 00:19:47.325 D/CAM_ZoomRatioToggleView(31663): setSuppressed(): false
12-04 00:19:47.325 D/CAM_ZoomRatioToggleView(31663): setSuppressed() ignored: false
12-04 00:19:47.325 I/CAM_ZoomRatioToggleView(31663): [U_ACTION]: setZoomRatio(): a = ZOOMING_BY_UNKNOWN_SOURCE,i = 1,z = 1.0,ti =1,tz =1.0
12-04 00:19:47.328 I/MIA_N_MIBACK_MIFLAW(31663): [Init:37]:Init costTime=6.71, flaw GetVersion MIFLAW_V0.4.5, isFrontCamera: 0
12-04 00:19:47.328 I/MIA_SESN(31663): [createNode:302]:createNode node type: 13 name: MiaNodeArcDistortion
12-04 00:19:47.328 D/MIA_N_ARCDC(31663): [MiaNodeArcDistortion:23]:now construct -->> MiaNodeArcDistortion
12-04 00:19:47.328 D/MIA_N_ARCDC(31663): [Init:65]:[ARCSOFT]: m_dsmode: 0, cameraId 0x1
12-04 00:19:47.328 I/MIA_SESN(31663): [createNode:302]:createNode node type: 9 name: MiaNodeSkinBeautifier
12-04 00:19:47.328 D/MIA_N_ASBF(31663): [MiaNodeSkinBeautifier:14]:now construct -->> MiaNodeSkinBeautifier
12-04 00:19:47.328 D/.android.camera(31663): Arcsoft BeautyParams_Debug:read beauty params file success.
12-04 00:19:47.328 I/MIA_SESN(31663): [createNode:302]:createNode node type: 14 name: MiaNodeArcBodySlim
12-04 00:19:47.328 D/MIA_N_BODYSLIM(31663): [MiaNodeArcBodySlim:14]:now construct -->> MiaNodeArcBodySlim
12-04 00:19:47.328 I/MIA_SESN(31663): [createNode:302]:createNode node type: 21 name: MiaNodeDePurple
12-04 00:19:47.329 D/MIA_N_DEPURPLE(31663): [MiaNodeDePurple:17]:now construct -->> MiaNodeDePurple
12-04 00:19:47.329 I/MIA_N_DEPURPLE(31663): [Init:62]:MiaNodeDePurple Init width: 6016, height: 4512 cameraID = 1
12-04 00:19:47.329 I/MIA_SESN(31663): [createNode:302]:createNode node type: 23 name: MiaNodeMIAIDeblur
12-04 00:19:47.329 D/MIA_N_MIAIDEBLUR(31663): [MiaNodeMIAIDeblur:16]:now construct -->> MiaNodeMIAIDeblur
12-04 00:19:47.329 E/MIA_N_MIAIDEBLUR(31663): [Init:44]:MiBokeh, func=Init, costTime=0.00, m_isPreview=0
12-04 00:19:47.329 I/MIA_SESN(31663): [createNode:302]:createNode node type: 2 name: MiaNodeAIIE
12-04 00:19:47.329 D/MIA_N_AIIE(31663): [MiaNodeAIIE:29]:now construct -->> MiaNodeAIIE
12-04 00:19:47.329 I/MIA_NODE(31663): [linkNode:34]:now push back  child type 7 into MiaNode type 6 's mParentNodes
12-04 00:19:47.329 I/MIA_NODE(31663): [linkNode:34]:now push back  child type 6 into MiaNode type 13 's mParentNodes
12-04 00:19:47.329 I/MIA_NODE(31663): [linkNode:34]:now push back  child type 13 into MiaNode type 9 's mParentNodes
12-04 00:19:47.329 I/MIA_NODE(31663): [linkNode:34]:now push back  child type 9 into MiaNode type 14 's mParentNodes
12-04 00:19:47.329 I/MIA_NODE(31663): [linkNode:34]:now push back  child type 14 into MiaNode type 21 's mParentNodes
12-04 00:19:47.329 I/MIA_NODE(31663): [linkNode:34]:now push back  child type 21 into MiaNode type 23 's mParentNodes
12-04 00:19:47.329 I/MIA_NODE(31663): [linkNode:34]:now push back  child type 23 into MiaNode type 2 's mParentNodes
12-04 00:19:47.329 I/MIA_NODE(31663): [start:58]:startNode for 7 
12-04 00:19:47.329 I/MIA_NODE(31663): [start:58]:startNode for 6 
12-04 00:19:47.329 I/MIA_NODE(31663): [start:58]:startNode for 13 
12-04 00:19:47.329 I/MIA_NODE(31663): [start:58]:startNode for 9 
12-04 00:19:47.329 I/MIA_NODE(31663): [start:58]:startNode for 14 
12-04 00:19:47.329 I/MIA_NODE(31663): [start:58]:startNode for 21 
12-04 00:19:47.329 I/MIA_NODE(31663): [start:58]:startNode for 23 
12-04 00:19:47.329 I/MIA_NODE(31663): [start:58]:startNode for 2 
12-04 00:19:47.329 I/MIA_NODE(31663): [start:87]:After for 2, mThread 0xb40000742051e620
12-04 00:19:47.329 I/MIA_NODE(31663): [start:87]:After for 23, mThread 0xb4000073005b71c0
12-04 00:19:47.329 D/MIA_N_MIAIDEBLUR(31663): [processImage:406]:Now check data 0xb4000073005b6890
12-04 00:19:47.329 D/MIA_N_DEPURPLE(31663): [processImage:132]:Now check data 0xb400007420551610
12-04 00:19:47.329 I/MIA_NODE(31663): [start:87]:After for 21, mThread 0xb400007420551f40
12-04 00:19:47.329 I/MIA_N_BODYSLIM(31663): [processImage:172]:Now check data 0xb40000742054e3c0
12-04 00:19:47.329 I/MIA_NODE(31663): [start:87]:After for 14, mThread 0xb40000742054ecf0
12-04 00:19:47.329 I/MIA_N_ASBF(31663): [processImage:186]:Now check data 0xb4000073005c5020
12-04 00:19:47.329 I/MIA_NODE(31663): [start:87]:After for 9, mThread 0xb4000073005c5950
12-04 00:19:47.329 I/MIA_N_ARCDC(31663): [processImage:155]:Now check data 0xb4000073005cfac0
12-04 00:19:47.329 I/MIA_NODE(31663): [start:87]:After for 13, mThread 0xb4000073005d03f0
12-04 00:19:47.331 D/CAM_FragmentBottomPopupTips(31663): setClickEnable: true
12-04 00:19:47.331 D/CAM_FragmentReferenceLine(31663): setClickEnable: true
12-04 00:19:47.331 D/CAM_DispatchFragment(31663): frameAvailable
12-04 00:19:47.331 D/CAM_BaseModule(31663): types:86,, u@222256527: mid = 163, cid = 0, created = true, departed = false
12-04 00:19:47.332 D/CAM_BaseModule(31663): accept 86,. d.c.a.q6.r7$e@2e60ec8
12-04 00:19:47.332 D/CAM_BaseModule(31663): begin to consumePreference..
