12-08 15:05:06.196  2900  2900 D SST     : [0] pollStateDone: hasRegistered = false hasDeregistered = false hasDataAttached = {1=false, 2=false} hasDataDetached = {1=false, 2=false} hasDataRegStateChanged = {1=false, 2=false} hasRilVoiceRadioTechnologyChanged = false hasRilDataRadioTechnologyChanged = {1=false, 2=false} hasDataTransportPreferenceChanged = false hasChanged = false hasVoiceRoamingOn = false hasVoiceRoamingOff = false hasDataRoamingOn =false hasDataRoamingOff = false hasLocationChanged = false has4gHandoff = false hasMultiApnSupport = false hasLostMultiApnSupport = false hasCssIndicatorChanged = false hasNrFrequencyRangeChanged = false hasNrStateChanged = false hasAirplaneModeOnlChanged = false
12-08 15:05:06.197  2900  2900 D DRM-0   : Remove all retry and throttling entries, reason=DATA_PROFILES_CHANGED
12-08 15:05:06.197  2900  2900 D LocaleTracker-0: processCellInfo: cell info=[]
12-08 15:05:06.197  2900  2900 D LocaleTracker-0: updateLocale: countryIso = , countryIsoDebugInfo = empty as default
12-08 15:05:06.197  2900  2900 D LocaleTracker-0: updateLocale: timeZoneCountryIso = , timeZoneCountryIsoDebugInfo = empty as default
12-08 15:05:06.197  2900  2900 D NitzStateMachineImpl: handleCountryUnavailable: mLatestNitzSignal=null
12-08 15:05:06.197  2900  2900 D NitzStateMachineImpl: doTimeZoneDetection: countryIsoCode=null, nitzSignal=null, suggestion=TelephonyTimeZoneSuggestion{mSlotIndex=0, mZoneId='null', mMatchType=0, mQuality=0, mDebugInfo=[getTimeZoneSuggestion: nitzSignal=null, countryIsoCode=null, Detection reason=handleCountryUnavailable]}, reason=handleCountryUnavailable
12-08 15:05:06.197  2900  2900 D LocaleTracker-0: processCellInfo: cell info=[]
12-08 15:05:06.197  2900  2900 D LocaleTracker-0: updateLocale: countryIso = , countryIsoDebugInfo = empty as default
12-08 15:05:06.197  2900  2900 D LocaleTracker-0: updateLocale: timeZoneCountryIso = , timeZoneCountryIsoDebugInfo = empty as default
12-08 15:05:06.197  2900  2900 D NitzStateMachineImpl: handleCountryUnavailable: mLatestNitzSignal=null
12-08 15:05:06.197  2900  2900 D NitzStateMachineImpl: doTimeZoneDetection: countryIsoCode=null, nitzSignal=null, suggestion=TelephonyTimeZoneSuggestion{mSlotIndex=0, mZoneId='null', mMatchType=0, mQuality=0, mDebugInfo=[getTimeZoneSuggestion: nitzSignal=null, countryIsoCode=null, Detection reason=handleCountryUnavailable]}, reason=handleCountryUnavailable
12-08 15:05:06.197  2900  2900 D LocaleTracker-0: Can't get cell info. Try again in 2 secs.
12-08 15:05:06.197  2900  2900 D GsmCdmaPhone: [0] EVENT_GET_N1_MODE_ENABLED_DONE
12-08 15:05:06.197  2900  2900 E GsmCdmaPhone: Failed to Retrieve N1 Mode
12-08 15:05:06.197  2900  2900 E GsmCdmaPhone: com.android.internal.telephony.CommandException: REQUEST_NOT_SUPPORTED
12-08 15:05:06.197  2900  2900 E GsmCdmaPhone: 	at com.android.internal.telephony.RIL.canMakeRequest(RIL.java:1371)
12-08 15:05:06.197  2900  2900 E GsmCdmaPhone: 	at com.android.internal.telephony.RIL.canMakeRequest(RIL.java:1335)
12-08 15:05:06.197  2900  2900 E GsmCdmaPhone: 	at com.android.internal.telephony.RIL.isN1ModeEnabled(RIL.java:5226)
12-08 15:05:06.197  2900  2900 E GsmCdmaPhone: 	at com.android.internal.telephony.GsmCdmaPhone.updateCarrierN1ModeSupported(GsmCdmaPhone.java:2517)
12-08 15:05:06.197  2900  2900 E GsmCdmaPhone: 	at com.android.internal.telephony.GsmCdmaPhone.handleMessage(GsmCdmaPhone.java:3389)
12-08 15:05:06.197  2900  2900 E GsmCdmaPhone: 	at android.os.Handler.dispatchMessage(Handler.java:110)
12-08 15:05:06.197  2900  2900 E GsmCdmaPhone: 	at android.os.Looper.loopOnce(Looper.java:248)
12-08 15:05:06.197  2900  2900 E GsmCdmaPhone: 	at android.os.Looper.loop(Looper.java:338)
12-08 15:05:06.197  2900  2900 E GsmCdmaPhone: 	at android.app.ActivityThread.main(ActivityThread.java:9145)
12-08 15:05:06.197  2900  2900 E GsmCdmaPhone: 	at java.lang.reflect.Method.invoke(Native Method)
12-08 15:05:06.197  2900  2900 E GsmCdmaPhone: 	at com.android.internal.os.RuntimeInit$MethodAndArgsCaller.run(RuntimeInit.java:596)
12-08 15:05:06.197  2900  2900 E GsmCdmaPhone: 	at com.android.internal.os.ZygoteInit.main(ZygoteInit.java:940)
12-08 15:05:06.197  2900  2900 D GsmCdmaPhone: [0] EVENT_REQUEST_VOICE_RADIO_TECH_DONE: newVoiceTech=3
12-08 15:05:06.197  2900  2900 D GsmCdmaPhone: [0] phoneObjectUpdater: newVoiceRadioTech=3
12-08 15:05:06.197  2900  2900 D GsmCdmaPhone: [0] phoneObjectUpdater: no-op as CDMA cleanup flag is set
12-08 15:05:06.198  2900  2900 D Phone-0 : [0] SubId1,get allowed network types user: value = GPRS|EDGE|UMTS|CDMA|CDMA - EvDo rev. 0|CDMA - EvDo rev. A|CDMA - 1xRTT|HSDPA|HSUPA|HSPA|CDMA - EvDo rev. B|LTE|CDMA - eHRPD|HSPA+|GSM|TD_SCDMA|LTE_CA|NR
12-08 15:05:06.198  2900  2900 D PhoneFactory: calculatePreferredNetworkType: phoneId = 0 networkType = 654335
12-08 15:05:06.198  2900  2900 D Phone-0 : [0] SubId1,get allowed network types carrier: value = GPRS|EDGE|UMTS|CDMA|CDMA - EvDo rev. 0|CDMA - EvDo rev. A|CDMA - 1xRTT|HSDPA|HSUPA|HSPA|CDMA - EvDo rev. B|LTE|CDMA - eHRPD|HSPA+|GSM|TD_SCDMA|LTE_CA
12-08 15:05:06.198  2900  2900 I CSST    : isNrSupported:  carrierConfigEnabled: true, AccessFamilySupported: true, isNrNetworkTypeAllowed: false
12-08 15:05:06.198  2900  2900 I CSST    : PrefNetworkNotification: sendMessage() w/values: ,true,false,-1,false,true
12-08 15:05:06.198  2900  2900 I CSST    : canceling notifications: 1000
12-08 15:05:06.198  2900  2900 D Phone-0 : [0] SubId1,getEffectiveAllowedNetworkTypes: GPRS|EDGE|UMTS|CDMA|CDMA - EvDo rev. 0|CDMA - EvDo rev. A|CDMA - 1xRTT|HSDPA|HSUPA|HSPA|CDMA - EvDo rev. B|LTE|CDMA - eHRPD|HSPA+|GSM|TD_SCDMA|LTE_CA|NR
12-08 15:05:06.198  2900  2900 D Phone-0 : [0] setAllowedNetworkTypes: modemRafBitMask = 561156 ,modemRaf = UMTS|LTE|GSM|LTE_CA|NR ,filteredRafBitMask = 561156 ,filteredRaf = UMTS|LTE|GSM|LTE_CA|NR
12-08 15:05:06.199  2900  2900 D RILJ    : [0207]> SET_PREFERRED_NETWORK_TYPE networkType = 26 [PHONE0]
12-08 15:05:06.199  2900  2900 D GsmCdmaPhone: EVENT_GET_RADIO_CAPABILITY: phone rc: {mPhoneId = 0 mVersion=1 mSession=0 mPhase=0 mRadioAccessFamily=561156 mLogicModemId=0 mStatus=1}
12-08 15:05:06.200  2900  2900 D DPM-0   : Can't find any data profile that can satisfy [NetworkRequest [ NONE id=0, [ Capabilities: INTERNET&NOT_RESTRICTED&TRUSTED&NOT_VPN&NOT_VCN_MANAGED&NOT_BANDWIDTH_CONSTRAINED Uid: 1001 UnderlyingNetworks: Null] ], mPriority=20, state=UNSATISFIED, mAttachedDataNetwork=null, created time=15:05:06.199, evaluation result=null]
12-08 15:05:06.200  2900  2900 D DPM-0   : Unable to find a data profile for [NetworkRequest [ NONE id=0, [ Capabilities: INTERNET&NOT_RESTRICTED&TRUSTED&NOT_VPN&NOT_VCN_MANAGED&NOT_BANDWIDTH_CONSTRAINED Uid: 1001 UnderlyingNetworks: Null] ], mPriority=20, state=UNSATISFIED, mAttachedDataNetwork=null, created time=15:05:06.199, evaluation result=null]
12-08 15:05:06.200  2900  2900 D ImsPhoneCallTracker: [0] onCapabilitiesStatusChanged: MmTel Capabilities - [Voice: false Video: false UT: false SMS: false CALL_COMPOSER: false BUSINESS_COMPOSER_ONLY: false]
12-08 15:05:06.200  2900  2900 D DNC-0   : onReevaluateExistingDataNetworks: No existing data networks to re-evaluate.
12-08 15:05:06.201  2900  2900 D DNC-0   : Re-evaluating 38 unsatisfied network requests in 4 groups, [INTERNET|TRUSTED|NOT_VPN|NOT_VCN_MANAGED]-SATELLITE, [INTERNET|NOT_RESTRICTED|TRUSTED|NOT_VCN_MANAGED|NOT_BANDWIDTH_CONSTRAINED]-, [INTERNET|NOT_RESTRICTED|TRUSTED|NOT_VPN|NOT_VCN_MANAGED|NOT_BANDWIDTH_CONSTRAINED]-, [INTERNET|NOT_RESTRICTED|TRUSTED|NOT_VPN|NOT_VCN_MANAGED|NOT_BANDWIDTH_CONSTRAINED]-CELLULAR due to DATA_PROFILES_CHANGED
12-08 15:05:06.201  2900  2900 D DPM-0   : Can't find any data profile that can satisfy [NetworkRequest [ REQUEST id=12, [ Transports: SATELLITE Capabilities: INTERNET&TRUSTED&NOT_VPN&NOT_VCN_MANAGED Uid: 10613 UnderlyingNetworks: Null] ], mPriority=20, state=UNSATISFIED, mAttachedDataNetwork=null, created time=15:05:04.101, evaluation result=Data evaluation: evaluation reason:DATA_CONFIG_CHANGED, Data disallowed reasons: NOT_IN_SERVICE SERVICE_OPTION_NOT_SUPPORTED DATA_NETWORK_TRANSPORT_NOT_ALLOWED SIM_NOT_READY NO_SUITABLE_DATA_PROFILE, candidate profile=null, time=15:05:06.173]
12-08 15:05:06.201  2900  2900 D DPM-0   : Unable to find a data profile for [NetworkRequest [ REQUEST id=12, [ Transports: SATELLITE Capabilities: INTERNET&TRUSTED&NOT_VPN&NOT_VCN_MANAGED Uid: 10613 UnderlyingNetworks: Null] ], mPriority=20, state=UNSATISFIED, mAttachedDataNetwork=null, created time=15:05:04.101, evaluation result=Data evaluation: evaluation reason:DATA_CONFIG_CHANGED, Data disallowed reasons: NOT_IN_SERVICE SERVICE_OPTION_NOT_SUPPORTED DATA_NETWORK_TRANSPORT_NOT_ALLOWED SIM_NOT_READY NO_SUITABLE_DATA_PROFILE, candidate profile=null, time=15:05:06.173]
12-08 15:05:06.202  2900  2900 D DNC-0   : Data evaluation: evaluation reason:DATA_PROFILES_CHANGED, Data disallowed reasons: NOT_IN_SERVICE SERVICE_OPTION_NOT_SUPPORTED DATA_NETWORK_TRANSPORT_NOT_ALLOWED SIM_NOT_READY NO_SUITABLE_DATA_PROFILE, candidate profile=null, time=15:05:06.201, network type=UNKNOWN, reg state=NOT_REG_SEARCHING, [NetworkRequest [ REQUEST id=12, [ Transports: SATELLITE Capabilities: INTERNET&TRUSTED&NOT_VPN&NOT_VCN_MANAGED Uid: 10613 UnderlyingNetworks: Null] ], mPriority=20, state=UNSATISFIED, mAttachedDataNetwork=null, created time=15:05:04.101, evaluation result=Data evaluation: evaluation reason:DATA_PROFILES_CHANGED, Data disallowed reasons: NOT_IN_SERVICE SERVICE_OPTION_NOT_SUPPORTED DATA_NETWORK_TRANSPORT_NOT_ALLOWED SIM_NOT_READY NO_SUITABLE_DATA_PROFILE, candidate profile=null, time=15:05:06.201]
12-08 15:05:06.202  2900  2900 D DPM-0   : Can't find any data profile that can satisfy [NetworkRequest [ REQUEST id=69, [ Capabilities: INTERNET&NOT_RESTRICTED&TRUSTED&NOT_VCN_MANAGED&NOT_BANDWIDTH_CONSTRAINED Uid: 1073 RequestorUid: 1073 RequestorPkg: com.android.networkstack UnderlyingNetworks: Null] ], mPriority=20, state=UNSATISFIED, mAttachedDataNetwork=null, created time=15:05:04.103, evaluation result=Data evaluation: evaluation reason:DATA_CONFIG_CHANGED, Data disallowed reasons: NOT_IN_SERVICE SERVICE_OPTION_NOT_SUPPORTED SIM_NOT_READY NO_SUITABLE_DATA_PROFILE, candidate profile=null, time=15:05:06.173]
12-08 15:05:06.202  2900  2900 D DPM-0   : Unable to find a data profile for [NetworkRequest [ REQUEST id=69, [ Capabilities: INTERNET&NOT_RESTRICTED&TRUSTED&NOT_VCN_MANAGED&NOT_BANDWIDTH_CONSTRAINED Uid: 1073 RequestorUid: 1073 RequestorPkg: com.android.networkstack UnderlyingNetworks: Null] ], mPriority=20, state=UNSATISFIED, mAttachedDataNetwork=null, created time=15:05:04.103, evaluation result=Data evaluation: evaluation reason:DATA_CONFIG_CHANGED, Data disallowed reasons: NOT_IN_SERVICE SERVICE_OPTION_NOT_SUPPORTED SIM_NOT_READY NO_SUITABLE_DATA_PROFILE, candidate profile=null, time=15:05:06.173]
12-08 15:05:06.202  2900  2900 D DNC-0   : Data evaluation: evaluation reason:DATA_PROFILES_CHANGED, Data disallowed reasons: NOT_IN_SERVICE SERVICE_OPTION_NOT_SUPPORTED SIM_NOT_READY NO_SUITABLE_DATA_PROFILE, candidate profile=null, time=15:05:06.202, network type=UNKNOWN, reg state=NOT_REG_SEARCHING, [NetworkRequest [ REQUEST id=69, [ Capabilities: INTERNET&NOT_RESTRICTED&TRUSTED&NOT_VCN_MANAGED&NOT_BANDWIDTH_CONSTRAINED Uid: 1073 RequestorUid: 1073 RequestorPkg: com.android.networkstack UnderlyingNetworks: Null] ], mPriority=20, state=UNSATISFIED, mAttachedDataNetwork=null, created time=15:05:04.103, evaluation result=Data evaluation: evaluation reason:DATA_PROFILES_CHANGED, Data disallowed reasons: NOT_IN_SERVICE SERVICE_OPTION_NOT_SUPPORTED SIM_NOT_READY NO_SUITABLE_DATA_PROFILE, candidate profile=null, time=15:05:06.202]
12-08 15:05:06.202  2900  2900 D DPM-0   : Can't find any data profile that can satisfy [NetworkRequest [ REQUEST id=1, [ Capabilities: INTERNET&NOT_RESTRICTED&TRUSTED&NOT_VPN&NOT_VCN_MANAGED&NOT_BANDWIDTH_CONSTRAINED RequestorUid: 1000 RequestorPkg: android UnderlyingNetworks: Null] ], mPriority=20, state=UNSATISFIED, mAttachedDataNetwork=null, created time=15:05:04.100, evaluation result=Data evaluation: evaluation reason:DATA_CONFIG_CHANGED, Data disallowed reasons: NOT_IN_SERVICE SERVICE_OPTION_NOT_SUPPORTED SIM_NOT_READY NO_SUITABLE_DATA_PROFILE, candidate profile=null, time=15:05:06.174]
12-08 15:05:06.203  2900  2900 D DPM-0   : Unable to find a data profile for [NetworkRequest [ REQUEST id=1, [ Capabilities: INTERNET&NOT_RESTRICTED&TRUSTED&NOT_VPN&NOT_VCN_MANAGED&NOT_BANDWIDTH_CONSTRAINED RequestorUid: 1000 RequestorPkg: android UnderlyingNetworks: Null] ], mPriority=20, state=UNSATISFIED, mAttachedDataNetwork=null, created time=15:05:04.101, evaluation result=Data evaluation: evaluation reason:DATA_CONFIG_CHANGED, Data disallowed reasons: NOT_IN_SERVICE SERVICE_OPTION_NOT_SUPPORTED SIM_NOT_READY NO_SUITABLE_DATA_PROFILE, candidate profile=null, time=15:05:06.174]
12-08 15:05:06.203  2900  2900 D DNC-0   : Data evaluation: evaluation reason:DATA_PROFILES_CHANGED, Data disallowed reasons: NOT_IN_SERVICE SERVICE_OPTION_NOT_SUPPORTED SIM_NOT_READY NO_SUITABLE_DATA_PROFILE, candidate profile=null, time=15:05:06.203, network type=UNKNOWN, reg state=NOT_REG_SEARCHING, [NetworkRequest [ REQUEST id=1, [ Capabilities: INTERNET&NOT_RESTRICTED&TRUSTED&NOT_VPN&NOT_VCN_MANAGED&NOT_BANDWIDTH_CONSTRAINED RequestorUid: 1000 RequestorPkg: android UnderlyingNetworks: Null] ], mPriority=20, state=UNSATISFIED, mAttachedDataNetwork=null, created time=15:05:04.100, evaluation result=Data evaluation: evaluation reason:DATA_PROFILES_CHANGED, Data disallowed reasons: NOT_IN_SERVICE SERVICE_OPTION_NOT_SUPPORTED SIM_NOT_READY NO_SUITABLE_DATA_PROFILE, candidate profile=null, time=15:05:06.203]
12-08 15:05:06.203  2900  2900 D DPM-0   : Can't find any data profile that can satisfy [NetworkRequest [ BACKGROUND_REQUEST id=2, [ Transports: CELLULAR Capabilities: INTERNET&NOT_RESTRICTED&TRUSTED&NOT_VPN&NOT_VCN_MANAGED&NOT_BANDWIDTH_CONSTRAINED RequestorUid: 1000 RequestorPkg: android UnderlyingNetworks: Null] ], mPriority=20, state=UNSATISFIED, mAttachedDataNetwork=null, created time=15:05:04.105, evaluation result=Data evaluation: evaluation reason:DATA_CONFIG_CHANGED, Data disallowed reasons: NOT_IN_SERVICE SERVICE_OPTION_NOT_SUPPORTED SIM_NOT_READY NO_SUITABLE_DATA_PROFILE, candidate profile=null, time=15:05:06.175]
12-08 15:05:06.203  2900  2900 D DPM-0   : Unable to find a data profile for [NetworkRequest [ BACKGROUND_REQUEST id=2, [ Transports: CELLULAR Capabilities: INTERNET&NOT_RESTRICTED&TRUSTED&NOT_VPN&NOT_VCN_MANAGED&NOT_BANDWIDTH_CONSTRAINED RequestorUid: 1000 RequestorPkg: android UnderlyingNetworks: Null] ], mPriority=20, state=UNSATISFIED, mAttachedDataNetwork=null, created time=15:05:04.105, evaluation result=Data evaluation: evaluation reason:DATA_CONFIG_CHANGED, Data disallowed reasons: NOT_IN_SERVICE SERVICE_OPTION_NOT_SUPPORTED SIM_NOT_READY NO_SUITABLE_DATA_PROFILE, candidate profile=null, time=15:05:06.175]
12-08 15:05:06.203  2900  2900 D DNC-0   : Data evaluation: evaluation reason:DATA_PROFILES_CHANGED, Data disallowed reasons: NOT_IN_SERVICE SERVICE_OPTION_NOT_SUPPORTED SIM_NOT_READY NO_SUITABLE_DATA_PROFILE, candidate profile=null, time=15:05:06.203, network type=UNKNOWN, reg state=NOT_REG_SEARCHING, [NetworkRequest [ BACKGROUND_REQUEST id=2, [ Transports: CELLULAR Capabilities: INTERNET&NOT_RESTRICTED&TRUSTED&NOT_VPN&NOT_VCN_MANAGED&NOT_BANDWIDTH_CONSTRAINED RequestorUid: 1000 RequestorPkg: android UnderlyingNetworks: Null] ], mPriority=20, state=UNSATISFIED, mAttachedDataNetwork=null, created time=15:05:04.105, evaluation result=Data evaluation: evaluation reason:DATA_PROFILES_CHANGED, Data disallowed reasons: NOT_IN_SERVICE SERVICE_OPTION_NOT_SUPPORTED SIM_NOT_READY NO_SUITABLE_DATA_PROFILE, candidate profile=null, time=15:05:06.203]
12-08 15:05:06.204  2900  2900 D NetworkTypeController: [0] LegacyState: process EVENT_PREFERRED_NETWORK_MODE_CHANGED
12-08 15:05:06.204  2900  2900 D NetworkTypeController: [0] DefaultState: process EVENT_PREFERRED_NETWORK_MODE_CHANGED
12-08 15:05:06.204  2900  2900 D NetworkTypeController: [0] Reset timers since preferred network mode changed.
12-08 15:05:06.204  2900  2900 D ImsPhoneCallTracker: [0] handleMessage what=26
12-08 15:05:06.204  2900  2900 D ImsPhoneCallTracker: [0] handleFeatureCapabilityChanged: MmTel Capabilities - [Voice: false Video: false UT: false SMS: false CALL_COMPOSER: false BUSINESS_COMPOSER_ONLY: false] isVideoEnabledStateChanged=false
12-08 15:05:06.204  2900  2900 D ImsPhoneCallTracker: [0] handleFeatureCapabilityChanged: isVolteEnabled=false, isVideoCallEnabled=false, isVowifiEnabled=false, isUtEnabled=false
12-08 15:05:06.205  2900  2900 W ImsStats: [0] conclude: discarding transient stats, duration=455
12-08 15:05:06.205  2900  2900 D SST     : [0] EVENT_IMS_CAPABILITY_CHANGED
12-08 15:05:06.205  2900  2900 D SST     : [0] getCarrierDisplayNameLegacy+
12-08 15:05:06.205  2900  2900 D SST     : [0] updateCarrierDisplayName: satellitePlmn=null
12-08 15:05:06.205  2900  2900 D SST     : [0] updateCarrierDisplayName: radio is on but out of service, set plmn='Sin servicio'
12-08 15:05:06.205  2900  2900 D SST     : [0] updateCarrierDisplayName: rawSpn = 
12-08 15:05:06.206  2900  2900 D SST     : [0] getCarrierDisplayNameLegacy-
12-08 15:05:06.206  2900  2900 D Phone-0 : isWifiCallingEnabled =false
12-08 15:05:06.206  2900  2900 D CSST    : isPhoneRegisteredForWifiCalling: false
12-08 15:05:06.206  2900  2900 D Phone-0 : isWifiCallingEnabled =false
12-08 15:05:06.206  2900  2900 I CSST    : EmergencyNetworkNotification: sendMessage() w/values: ,-1,false,true
12-08 15:05:06.206  2900  2900 I CSST    : canceling notifications: 1001
12-08 15:05:06.223  2900  3045 D RILJ    : [0207]< SET_PREFERRED_NETWORK_TYPE  [PHONE0]
12-08 15:05:06.225  2900  2900 D ImsPhone: [0] handleImsUnregistered: onImsMmTelDisconnected imsReasonInfo=ImsReasonInfo :: {1000 : CODE_REGISTRATION_ERROR, 4002, null}, suggestedAction=0, disconnectedRadioTech=-1
12-08 15:05:06.225  2900  2900 D ImsPhone: [0] updateDataServiceState: defSs = {mVoiceRegState=1(OUT_OF_SERVICE), mDataRegState=1(OUT_OF_SERVICE), mChannelNumber=-1, duplexMode()=0, mCellBandwidths=[], mOperatorAlphaLong=, mOperatorAlphaShort=, isManualNetworkSelection=false(automatic), getRilVoiceRadioTechnology=0(Unknown), getRilDataRadioTechnology=0(Unknown), mCssIndicator=unsupported, mNetworkId=-1, mSystemId=-1, mCdmaRoamingIndicator=-1, mCdmaDefaultRoamingIndicator=-1, mIsEmergencyOnly=false, isUsingCarrierAggregation=false, mArfcnRsrpBoost=0, mNetworkRegistrationInfos=[NetworkRegistrationInfo{ domain=PS transportType=WLAN registrationState=NOT_REG_OR_SEARCHING networkRegistrationState=NOT_REG_OR_SEARCHING roamingType=NOT_ROAMING accessNetworkTechnology=IWLAN rejectCause=0 emergencyEnabled=false availableServices=[] cellIdentity=null voiceSpecificInfo=null dataSpecificInfo=null nrState=**** rRplmn= isUsingCarrierAggregation=false isNonTerrestrialNetwork=TERRESTRIAL}, NetworkRegistrationInfo{ domain=CS transportType=WWAN registrationState=NOT_REG_SEARCHING networkRegistrationState=NOT_REG_SEARCHING roamingType=NOT_ROAMING accessNetworkTechnology=UNKNOWN rejectCause=0 emergencyEnabled=false availableServices=[] cellIdentity=null voiceSpecificInfo=VoiceSpecificRegistrationInfo { mCssSupported=false mRoamingIndicator=0 mSystemIsInPrl=0 mDefaultRoamingIndicator=0} dataSpecificInfo=null nrState=**** rRplmn= isUsingCarrierAggregation=false isNonTerrestrialNetwork=TERRESTRIAL}, NetworkRegistrationInfo{ domain=PS transportType=WWAN registrationState=NOT_REG_SEARCHING networkRegistrationState=NOT_REG_SEARCHING roamingType=NOT_ROAMING accessNetworkTechnology=UNKNOWN rejectCause=0 emergencyEnabled=false availableServices=[] cellIdentity=null voiceSpecificInfo=null dataSpecificInfo=android.telephony.DataSpecificRegistrationInfo :{ maxDataCalls = 16 isDcNrRestricted = false isNrAvailable = false isEnDcAvailable = false mLteAttachResultType = 0 mLteAttachExtraInfo = 0 LteVopsSupportInfo :  mVopsSupport = 1 mEmcBearerSupport = 1 } nrState=**** rRplmn= isUsingCarrierAggregation=false isNonTerrestrialNetwork=TERRESTRIAL}], mNrFrequencyRange=0, mOperatorAlphaLongRaw=, mOperatorAlphaShortRaw=, mIsDataRoamingFromRegistration=false, mIsIwlanPreferred=false, mIsUsingNonTerrestrialNetwork=false} imsSs = {mVoiceRegState=1(OUT_OF_SERVICE), mDataRegState=1(OUT_OF_SERVICE), mChannelNumber=-1, duplexMode()=0, mCellBandwidths=[], mOperatorAlphaLong=null, mOperatorAlphaShort=null, isManualNetworkSelection=false(automatic), getRilVoiceRadioTechnology=0(Unknown), getRilDataRadioTechnology=0(Unknown), mCssIndicator=unsupported, mNetworkId=-1, mSystemId=-1, mCdmaRoamingIndicator=-1, mCdmaDefaultRoamingIndicator=-1, mIsEmergencyOnly=false, isUsingCarrierAggregation=false, mArfcnRsrpBoost=0, mNetworkRegistrationInfos=[NetworkRegistrationInfo{ domain=CS transportType=WWAN registrationState=UNKNOWN networkRegistrationState=UNKNOWN roamingType=NOT_ROAMING accessNetworkTechnology=UNKNOWN rejectCause=0 emergencyEnabled=false availableServices=[] cellIdentity=null voiceSpecificInfo=null dataSpecificInfo=null nrState=**** rRplmn= isUsingCarrierAggregation=false isNonTerrestrialNetwork=TERRESTRIAL}, NetworkRegistrationInfo{ domain=PS transportType=WLAN registrationState=NOT_REG_OR_SEARCHING networkRegistrationState=NOT_REG_OR_SEARCHING roamingType=NOT_ROAMING accessNetworkTechnology=IWLAN rejectCause=0 emergencyEnabled=false availableServices=[] cellIdentity=null voiceSpecificInfo=null dataSpecificInfo=null nrState=**** rRplmn= isUsingCarrierAggregation=false isNonTerrestrialNetwork=TERRESTRIAL}, NetworkRegistrationInfo{ domain=PS transportType=WWAN registrationState=NOT_REG_SEARCHING networkRegistrationState=NOT_REG_SEARCHING roamingType=NOT_ROAMING accessNetworkTechnology=UNKNOWN rejectCause=0 emergencyEnabled=false availableServices=[] cellIdentity=null voiceSpecificInfo=null dataSpecificInfo=android.telephony.DataSpecificRegistrationInfo :{ maxDataCalls = 16 isDcNrRestricted = false isNrAvailable = false isEnDcAvailable = false mLteAttachResultType = 0 mLteAt
12-08 15:05:06.225  2900  2900 D SST     : [0] setImsRegistrationState: {registered=false mImsRegistrationOnOff=false}
12-08 15:05:06.225  2900  2900 D SST     : [0] getCarrierDisplayNameLegacy+
12-08 15:05:06.225  2900  3419 D ImsManager [0]: Registration Callback registered.
12-08 15:05:06.226  2900  3366 D ImsManager [0]: Capability Callback registered for subscription.
12-08 15:05:06.226  2900  2900 D SST     : [0] updateCarrierDisplayName: satellitePlmn=null
12-08 15:05:06.226  2900  2900 D SST     : [0] updateCarrierDisplayName: radio is on but out of service, set plmn='Sin servicio'
12-08 15:05:06.226  2900  2900 D SST     : [0] updateCarrierDisplayName: rawSpn = 
12-08 15:05:06.226  2900  2900 D SST     : [0] getCarrierDisplayNameLegacy-
12-08 15:05:06.226  2900  2900 I CallWaitingCtrl: [0] setImsRegistrationState prev=false, new=false
12-08 15:05:06.226  2900  2900 W ImsStats: [0] conclude: discarding transient stats, duration=21
12-08 15:05:06.226  2900  2900 D ImsPhone: [0] clearPhoneNumberForSourceIms
12-08 15:05:06.226  2900  2900 D SMSVC   : setNumberFromIms: subId=1, number=
12-08 15:05:06.227  2900  2900 D ImsSmsDispatcher [0]: onImsDisconnected imsReasonInfo=ImsReasonInfo :: {1000 : CODE_REGISTRATION_ERROR, 4002, null}
12-08 15:05:06.227  2900  2900 D ImsSmsDispatcher [0]: onImsDisconnected imsReasonInfo=ImsReasonInfo :: {1000 : CODE_REGISTRATION_ERROR, 0, }
12-08 15:05:06.227  2900  2900 D ImsPhone: [0] handleImsUnregistered: onImsMmTelDisconnected imsReasonInfo=ImsReasonInfo :: {1000 : CODE_REGISTRATION_ERROR, 0, }, suggestedAction=0, disconnectedRadioTech=-1
12-08 15:05:06.227  2900  2900 D ImsPhone: [0] updateDataServiceState: defSs = {mVoiceRegState=1(OUT_OF_SERVICE), mDataRegState=1(OUT_OF_SERVICE), mChannelNumber=-1, duplexMode()=0, mCellBandwidths=[], mOperatorAlphaLong=, mOperatorAlphaShort=, isManualNetworkSelection=false(automatic), getRilVoiceRadioTechnology=0(Unknown), getRilDataRadioTechnology=0(Unknown), mCssIndicator=unsupported, mNetworkId=-1, mSystemId=-1, mCdmaRoamingIndicator=-1, mCdmaDefaultRoamingIndicator=-1, mIsEmergencyOnly=false, isUsingCarrierAggregation=false, mArfcnRsrpBoost=0, mNetworkRegistrationInfos=[NetworkRegistrationInfo{ domain=PS transportType=WLAN registrationState=NOT_REG_OR_SEARCHING networkRegistrationState=NOT_REG_OR_SEARCHING roamingType=NOT_ROAMING accessNetworkTechnology=IWLAN rejectCause=0 emergencyEnabled=false availableServices=[] cellIdentity=null voiceSpecificInfo=null dataSpecificInfo=null nrState=**** rRplmn= isUsingCarrierAggregation=false isNonTerrestrialNetwork=TERRESTRIAL}, NetworkRegistrationInfo{ domain=CS transportType=WWAN registrationState=NOT_REG_SEARCHING networkRegistrationState=NOT_REG_SEARCHING roamingType=NOT_ROAMING accessNetworkTechnology=UNKNOWN rejectCause=0 emergencyEnabled=false availableServices=[] cellIdentity=null voiceSpecificInfo=VoiceSpecificRegistrationInfo { mCssSupported=false mRoamingIndicator=0 mSystemIsInPrl=0 mDefaultRoamingIndicator=0} dataSpecificInfo=null nrState=**** rRplmn= isUsingCarrierAggregation=false isNonTerrestrialNetwork=TERRESTRIAL}, NetworkRegistrationInfo{ domain=PS transportType=WWAN registrationState=NOT_REG_SEARCHING networkRegistrationState=NOT_REG_SEARCHING roamingType=NOT_ROAMING accessNetworkTechnology=UNKNOWN rejectCause=0 emergencyEnabled=false availableServices=[] cellIdentity=null voiceSpecificInfo=null dataSpecificInfo=android.telephony.DataSpecificRegistrationInfo :{ maxDataCalls = 16 isDcNrRestricted = false isNrAvailable = false isEnDcAvailable = false mLteAttachResultType = 0 mLteAttachExtraInfo = 0 LteVopsSupportInfo :  mVopsSupport = 1 mEmcBearerSupport = 1 } nrState=**** rRplmn= isUsingCarrierAggregation=false isNonTerrestrialNetwork=TERRESTRIAL}], mNrFrequencyRange=0, mOperatorAlphaLongRaw=, mOperatorAlphaShortRaw=, mIsDataRoamingFromRegistration=false, mIsIwlanPreferred=false, mIsUsingNonTerrestrialNetwork=false} imsSs = {mVoiceRegState=1(OUT_OF_SERVICE), mDataRegState=1(OUT_OF_SERVICE), mChannelNumber=-1, duplexMode()=0, mCellBandwidths=[], mOperatorAlphaLong=null, mOperatorAlphaShort=null, isManualNetworkSelection=false(automatic), getRilVoiceRadioTechnology=0(Unknown), getRilDataRadioTechnology=0(Unknown), mCssIndicator=unsupported, mNetworkId=-1, mSystemId=-1, mCdmaRoamingIndicator=-1, mCdmaDefaultRoamingIndicator=-1, mIsEmergencyOnly=false, isUsingCarrierAggregation=false, mArfcnRsrpBoost=0, mNetworkRegistrationInfos=[NetworkRegistrationInfo{ domain=CS transportType=WWAN registrationState=UNKNOWN networkRegistrationState=UNKNOWN roamingType=NOT_ROAMING accessNetworkTechnology=UNKNOWN rejectCause=0 emergencyEnabled=false availableServices=[] cellIdentity=null voiceSpecificInfo=null dataSpecificInfo=null nrState=**** rRplmn= isUsingCarrierAggregation=false isNonTerrestrialNetwork=TERRESTRIAL}, NetworkRegistrationInfo{ domain=PS transportType=WLAN registrationState=NOT_REG_OR_SEARCHING networkRegistrationState=NOT_REG_OR_SEARCHING roamingType=NOT_ROAMING accessNetworkTechnology=IWLAN rejectCause=0 emergencyEnabled=false availableServices=[] cellIdentity=null voiceSpecificInfo=null dataSpecificInfo=null nrState=**** rRplmn= isUsingCarrierAggregation=false isNonTerrestrialNetwork=TERRESTRIAL}, NetworkRegistrationInfo{ domain=PS transportType=WWAN registrationState=NOT_REG_SEARCHING networkRegistrationState=NOT_REG_SEARCHING roamingType=NOT_ROAMING accessNetworkTechnology=UNKNOWN rejectCause=0 emergencyEnabled=false availableServices=[] cellIdentity=null voiceSpecificInfo=null dataSpecificInfo=android.telephony.DataSpecificRegistrationInfo :{ maxDataCalls = 16 isDcNrRestricted = false isNrAvailable = false isEnDcAvailable = false mLteAttachResultType = 0 mLteAt
12-08 15:05:06.227  2900  2900 D SST     : [0] setImsRegistrationState: {registered=false mImsRegistrationOnOff=false}
12-08 15:05:06.227  2900  2900 D SST     : [0] getCarrierDisplayNameLegacy+
12-08 15:05:06.229  2900  2900 D SST     : [0] updateCarrierDisplayName: satellitePlmn=null
12-08 15:05:06.229  2900  2900 D SST     : [0] updateCarrierDisplayName: radio is on but out of service, set plmn='Sin servicio'
12-08 15:05:06.229  2900  2900 D SST     : [0] updateCarrierDisplayName: rawSpn = 
12-08 15:05:06.229  2900  2900 D SST     : [0] getCarrierDisplayNameLegacy-
12-08 15:05:06.229  2900  2900 I CallWaitingCtrl: [0] setImsRegistrationState prev=false, new=false
12-08 15:05:06.229  2900  2900 W ImsStats: [0] conclude: discarding transient stats, duration=3
12-08 15:05:06.229  2900  2900 D ImsPhone: [0] clearPhoneNumberForSourceIms
12-08 15:05:06.229  2900  2900 D SMSVC   : setNumberFromIms: subId=1, number=
12-08 15:05:06.229  2900  2900 D PhoneSwitcher: onImsRadioTechChanged phoneId : 0 subId : 1 old tech : -1 new tech : -1
12-08 15:05:06.229  2900  2900 D PhoneSwitcher: onImsRadioTechChanged phoneId : 0 subId : 1 old tech : -1 new tech : -1
12-08 15:05:06.256  2900  3366 D RILJ    : [0208]> ENTER_SIM_PIN aid = a0000000871002ff49ffff89040b00ff [PHONE0]
12-08 15:05:06.257  2900  3045 D RILJ    : [0208]< ENTER_SIM_PIN {3} [PHONE0]
12-08 15:05:06.257  2900  2900 D UiccCardApplication: parsePinPukErrorResult: attemptsRemaining=3
12-08 15:05:06.309  2900  3419 D RILJ    : [0209]> ENTER_SIM_PIN aid = a0000000871002ff49ffff89040b00ff [PHONE0]
12-08 15:05:06.310  2900  3045 D RILJ    : [0209]< ENTER_SIM_PIN {3} [PHONE0]
12-08 15:05:06.310  2900  2900 D UiccCardApplication: parsePinPukErrorResult: attemptsRemaining=3
12-08 15:05:06.314  2900  3366 D RILJ    : [0210]> ENTER_SIM_PIN aid = a0000000871002ff49ffff89040b00ff [PHONE0]
12-08 15:05:06.315  2900  3045 D RILJ    : [0210]< ENTER_SIM_PIN {3} [PHONE0]
12-08 15:05:06.315  2900  2900 D UiccCardApplication: parsePinPukErrorResult: attemptsRemaining=3
12-08 15:05:06.501  2900  3045 D RILJ    : [0204]< SET_DATA_PROFILE  [PHONE0]
12-08 15:05:06.501  2900  3235 D DSM-C-0 : onSetDataProfileComplete. resultCode = 0
12-08 15:05:06.505  2900  3366 D RILJ    : [0211]> ENTER_SIM_PIN aid = a0000000871002ff49ffff89040b00ff [PHONE0]
12-08 15:05:06.506  2900  3045 D RILJ    : [0211]< ENTER_SIM_PIN {3} [PHONE0]
12-08 15:05:06.506  2900  2900 D UiccCardApplication: parsePinPukErrorResult: attemptsRemaining=3
12-08 15:05:07.470  1295  1357 I sf_stop_bootanim: 35135
12-08 15:05:07.491  1896  2545 I input_focus: [Focus entering 96d50e5 NotificationShade,reason=setFocusedWindow]
12-08 15:05:07.780  1896  3393 W TelephonyRegistry: Pid 2900 has exceeded half the number of permissible registered listeners. Now at 82
12-08 15:05:07.780  1896  3393 D TelephonyRegistry: listen ooscl: hasNotifyOpptSubInfoChangedOccurred==false no callback
12-08 15:05:07.791  1896  3393 W TelephonyRegistry: Pid 2900 has exceeded half the number of permissible registered listeners. Now at 83
12-08 15:05:07.795  2900  2900 D TNP     : onNetworkNeeded: phoneId=0, [NetworkRequest [ REQUEST id=106, [ Capabilities: INTERNET&NOT_RESTRICTED&TRUSTED&NOT_VCN_MANAGED&NOT_BANDWIDTH_CONSTRAINED Uid: 10569 RequestorUid: 10569 RequestorPkg: com.qualcomm.qti.cne UnderlyingNetworks: Null] ], mPriority=0, state=UNSATISFIED, mAttachedDataNetwork=null, created time=15:05:07.794, evaluation result=null]
12-08 15:05:07.795  2900  2900 D DNC-0   : onAddNetworkRequest: added [NetworkRequest [ REQUEST id=106, [ Capabilities: INTERNET&NOT_RESTRICTED&TRUSTED&NOT_VCN_MANAGED&NOT_BANDWIDTH_CONSTRAINED Uid: 10569 RequestorUid: 10569 RequestorPkg: com.qualcomm.qti.cne UnderlyingNetworks: Null] ], mPriority=20, state=UNSATISFIED, mAttachedDataNetwork=null, created time=15:05:07.794, evaluation result=null]
12-08 15:05:07.797  2900  2900 D DPM-0   : Can't find any data profile that can satisfy [NetworkRequest [ REQUEST id=106, [ Capabilities: INTERNET&NOT_RESTRICTED&TRUSTED&NOT_VCN_MANAGED&NOT_BANDWIDTH_CONSTRAINED Uid: 10569 RequestorUid: 10569 RequestorPkg: com.qualcomm.qti.cne UnderlyingNetworks: Null] ], mPriority=20, state=UNSATISFIED, mAttachedDataNetwork=null, created time=15:05:07.794, evaluation result=null]
12-08 15:05:07.797  2900  2900 D DPM-0   : Unable to find a data profile for [NetworkRequest [ REQUEST id=106, [ Capabilities: INTERNET&NOT_RESTRICTED&TRUSTED&NOT_VCN_MANAGED&NOT_BANDWIDTH_CONSTRAINED Uid: 10569 RequestorUid: 10569 RequestorPkg: com.qualcomm.qti.cne UnderlyingNetworks: Null] ], mPriority=20, state=UNSATISFIED, mAttachedDataNetwork=null, created time=15:05:07.794, evaluation result=null]
12-08 15:05:07.797  2900  2900 D DNC-0   : Data evaluation: evaluation reason:NEW_REQUEST, Data disallowed reasons: NOT_IN_SERVICE SERVICE_OPTION_NOT_SUPPORTED SIM_NOT_READY NO_SUITABLE_DATA_PROFILE, candidate profile=null, time=15:05:07.797, network type=UNKNOWN, reg state=NOT_REG_SEARCHING, [NetworkRequest [ REQUEST id=106, [ Capabilities: INTERNET&NOT_RESTRICTED&TRUSTED&NOT_VCN_MANAGED&NOT_BANDWIDTH_CONSTRAINED Uid: 10569 RequestorUid: 10569 RequestorPkg: com.qualcomm.qti.cne UnderlyingNetworks: Null] ], mPriority=20, state=UNSATISFIED, mAttachedDataNetwork=null, created time=15:05:07.794, evaluation result=Data evaluation: evaluation reason:NEW_REQUEST, Data disallowed reasons: NOT_IN_SERVICE SERVICE_OPTION_NOT_SUPPORTED SIM_NOT_READY NO_SUITABLE_DATA_PROFILE, candidate profile=null, time=15:05:07.797]
12-08 15:05:07.889   667   667 I auditd  : avc:  denied  { find } for pid=734 uid=0 name=android.frameworks.stats.IStats/default scontext=u:r:hal_power_default:s0 tcontext=u:object_r:fwk_stats_service:s0 tclass=service_manager permissive=0
12-08 15:05:07.897   667   667 I auditd  : avc:  denied  { find } for pid=734 uid=0 name=android.hardware.thermal.IThermal/default scontext=u:r:hal_power_default:s0 tcontext=u:object_r:hal_thermal_service:s0 tclass=service_manager permissive=0
12-08 15:05:07.984  3576  3576 I auditd  : type=1400 audit(0.0:27): avc:  denied  { write } for  comm="init.qcom.post_" name="page-cluster" dev="proc" ino=60929 scontext=u:r:vendor_qti_init_shell:s0 tcontext=u:object_r:proc_page_cluster:s0 tclass=file permissive=0
12-08 15:05:08.188  2900  2900 D RILJ    : [0212]> GET_CELL_INFO_LIST [PHONE1]
12-08 15:05:08.198  2900  2900 D RILJ    : [0213]> GET_CELL_INFO_LIST [PHONE0]
12-08 15:05:08.213  2900  3045 D RILJ    : [0212]< GET_CELL_INFO_LIST [] [PHONE1]
12-08 15:05:08.214  2900  2900 D LocaleTracker-1: processCellInfo: cell info=[]
12-08 15:05:08.214  2900  2900 D LocaleTracker-1: updateLocale: countryIso = , countryIsoDebugInfo = empty as default
12-08 15:05:08.214  2900  2900 D LocaleTracker-1: updateLocale: timeZoneCountryIso = , timeZoneCountryIsoDebugInfo = empty as default
12-08 15:05:08.214  2900  2900 D NitzStateMachineImpl: handleCountryUnavailable: mLatestNitzSignal=null
12-08 15:05:08.214  2900  2900 D NitzStateMachineImpl: doTimeZoneDetection: countryIsoCode=null, nitzSignal=null, suggestion=TelephonyTimeZoneSuggestion{mSlotIndex=1, mZoneId='null', mMatchType=0, mQuality=0, mDebugInfo=[getTimeZoneSuggestion: nitzSignal=null, countryIsoCode=null, Detection reason=handleCountryUnavailable]}, reason=handleCountryUnavailable
12-08 15:05:08.214  2900  2900 D LocaleTracker-1: processCellInfo: cell info=[]
12-08 15:05:08.214  2900  2900 D LocaleTracker-1: updateLocale: countryIso = , countryIsoDebugInfo = empty as default
12-08 15:05:08.214  2900  2900 D LocaleTracker-1: updateLocale: timeZoneCountryIso = , timeZoneCountryIsoDebugInfo = empty as default
12-08 15:05:08.214  2900  2900 D NitzStateMachineImpl: handleCountryUnavailable: mLatestNitzSignal=null
12-08 15:05:08.214  2900  2900 D NitzStateMachineImpl: doTimeZoneDetection: countryIsoCode=null, nitzSignal=null, suggestion=TelephonyTimeZoneSuggestion{mSlotIndex=1, mZoneId='null', mMatchType=0, mQuality=0, mDebugInfo=[getTimeZoneSuggestion: nitzSignal=null, countryIsoCode=null, Detection reason=handleCountryUnavailable]}, reason=handleCountryUnavailable
12-08 15:05:08.214  2900  2900 D LocaleTracker-1: Can't get cell info. Try again in 4 secs.
12-08 15:05:08.249  2900  3045 D RILJ    : [0213]< GET_CELL_INFO_LIST [] [PHONE0]
12-08 15:05:08.250  2900  2900 D LocaleTracker-0: processCellInfo: cell info=[]
12-08 15:05:08.250  2900  2900 D LocaleTracker-0: updateLocale: countryIso = , countryIsoDebugInfo = empty as default
12-08 15:05:08.250  2900  2900 D LocaleTracker-0: updateLocale: timeZoneCountryIso = , timeZoneCountryIsoDebugInfo = empty as default
12-08 15:05:08.250  2900  2900 D NitzStateMachineImpl: handleCountryUnavailable: mLatestNitzSignal=null
12-08 15:05:08.250  2900  2900 D NitzStateMachineImpl: doTimeZoneDetection: countryIsoCode=null, nitzSignal=null, suggestion=TelephonyTimeZoneSuggestion{mSlotIndex=0, mZoneId='null', mMatchType=0, mQuality=0, mDebugInfo=[getTimeZoneSuggestion: nitzSignal=null, countryIsoCode=null, Detection reason=handleCountryUnavailable]}, reason=handleCountryUnavailable
12-08 15:05:08.250  2900  2900 D LocaleTracker-0: processCellInfo: cell info=[]
12-08 15:05:08.250  2900  2900 D LocaleTracker-0: updateLocale: countryIso = , countryIsoDebugInfo = empty as default
12-08 15:05:08.250  2900  2900 D LocaleTracker-0: updateLocale: timeZoneCountryIso = , timeZoneCountryIsoDebugInfo = empty as default
12-08 15:05:08.250  2900  2900 D NitzStateMachineImpl: handleCountryUnavailable: mLatestNitzSignal=null
12-08 15:05:08.250  2900  2900 D NitzStateMachineImpl: doTimeZoneDetection: countryIsoCode=null, nitzSignal=null, suggestion=TelephonyTimeZoneSuggestion{mSlotIndex=0, mZoneId='null', mMatchType=0, mQuality=0, mDebugInfo=[getTimeZoneSuggestion: nitzSignal=null, countryIsoCode=null, Detection reason=handleCountryUnavailable]}, reason=handleCountryUnavailable
12-08 15:05:08.250  2900  2900 D LocaleTracker-0: Can't get cell info. Try again in 4 secs.
12-08 15:05:08.647  2900  2900 D TNP     : onNetworkNeeded: phoneId=0, [NetworkRequest [ REQUEST id=111, [ Capabilities: INTERNET&NOT_RESTRICTED&TRUSTED&NOT_VCN_MANAGED&NOT_BANDWIDTH_CONSTRAINED Uid: 10609 RequestorUid: 10609 RequestorPkg: com.google.android.gms UnderlyingNetworks: Null] ], mPriority=0, state=UNSATISFIED, mAttachedDataNetwork=null, created time=15:05:08.647, evaluation result=null]
12-08 15:05:08.648  2900  2900 D DNC-0   : onAddNetworkRequest: added [NetworkRequest [ REQUEST id=111, [ Capabilities: INTERNET&NOT_RESTRICTED&TRUSTED&NOT_VCN_MANAGED&NOT_BANDWIDTH_CONSTRAINED Uid: 10609 RequestorUid: 10609 RequestorPkg: com.google.android.gms UnderlyingNetworks: Null] ], mPriority=20, state=UNSATISFIED, mAttachedDataNetwork=null, created time=15:05:08.647, evaluation result=null]
12-08 15:05:08.649  2900  2900 D DPM-0   : Can't find any data profile that can satisfy [NetworkRequest [ REQUEST id=111, [ Capabilities: INTERNET&NOT_RESTRICTED&TRUSTED&NOT_VCN_MANAGED&NOT_BANDWIDTH_CONSTRAINED Uid: 10609 RequestorUid: 10609 RequestorPkg: com.google.android.gms UnderlyingNetworks: Null] ], mPriority=20, state=UNSATISFIED, mAttachedDataNetwork=null, created time=15:05:08.647, evaluation result=null]
12-08 15:05:08.649  2900  2900 D DPM-0   : Unable to find a data profile for [NetworkRequest [ REQUEST id=111, [ Capabilities: INTERNET&NOT_RESTRICTED&TRUSTED&NOT_VCN_MANAGED&NOT_BANDWIDTH_CONSTRAINED Uid: 10609 RequestorUid: 10609 RequestorPkg: com.google.android.gms UnderlyingNetworks: Null] ], mPriority=20, state=UNSATISFIED, mAttachedDataNetwork=null, created time=15:05:08.647, evaluation result=null]
12-08 15:05:08.650  2900  2900 D DNC-0   : Data evaluation: evaluation reason:NEW_REQUEST, Data disallowed reasons: NOT_IN_SERVICE SERVICE_OPTION_NOT_SUPPORTED SIM_NOT_READY NO_SUITABLE_DATA_PROFILE, candidate profile=null, time=15:05:08.649, network type=UNKNOWN, reg state=NOT_REG_SEARCHING, [NetworkRequest [ REQUEST id=111, [ Capabilities: INTERNET&NOT_RESTRICTED&TRUSTED&NOT_VCN_MANAGED&NOT_BANDWIDTH_CONSTRAINED Uid: 10609 RequestorUid: 10609 RequestorPkg: com.google.android.gms UnderlyingNetworks: Null] ], mPriority=20, state=UNSATISFIED, mAttachedDataNetwork=null, created time=15:05:08.647, evaluation result=Data evaluation: evaluation reason:NEW_REQUEST, Data disallowed reasons: NOT_IN_SERVICE SERVICE_OPTION_NOT_SUPPORTED SIM_NOT_READY NO_SUITABLE_DATA_PROFILE, candidate profile=null, time=15:05:08.649]
12-08 15:05:10.581  1896  3490 I dvm_lock_sample: [system_server,0,binder:1896_F,24,SupplicantStaIfaceHalAidlImpl.java,2548,void com.android.server.wifi.SupplicantStaIfaceHalAidlImpl.logCallback(java.lang.String),-,628,com.android.wifi.x.android.hardware.wifi.supplicant.ISupplicantStaIface com.android.server.wifi.SupplicantStaIfaceHalAidlImpl.getStaIface(java.lang.String),4]
12-08 15:05:11.544  1719  2148 W XIAOMI_QCRIL: RIL[0][xiaomi_qcril_display.cc:1267] xiaomi_qcril_display_init: function entry ------------->
12-08 15:05:11.544  1719  2148 W XIAOMI_QCRIL: RIL[0][xiaomi_qcril_cmn.cc:231] xiaomi_qcril_get_property_value: persist.radio.display_mipi_init_num: 145
12-08 15:05:11.560  1719  2148 W XIAOMI_QCRIL: RIL[0][xiaomi_qcril_cmn.cc:231] xiaomi_qcril_get_property_value: persist.vendor.radio.print_prop: 1
12-08 15:05:11.560  1719  2148 W XIAOMI_QCRIL: RIL[0][xiaomi_qcril_cmn.cc:980] xiaomi_qcril_print_property_value: prop print is started
12-08 15:05:11.560  1719  2148 W XIAOMI_QCRIL: RIL[0][xiaomi_qcril_cmn.cc:1009] xiaomi_qcril_print_property_value: persist.radio.display_mipi_init_num: 146
12-08 15:05:11.562  1719  2148 W XIAOMI_QCRIL: RIL[0][xiaomi_qcril_cmn.cc:1009] xiaomi_qcril_print_property_value: persist.radio.display_mipi_set_num: 0
12-08 15:05:11.562  1719  2148 W XIAOMI_QCRIL: RIL[0][xiaomi_qcril_cmn.cc:231] xiaomi_qcril_get_property_value: persist.radio.display_mipi_set_num: 0
12-08 15:05:11.564  1719  2148 W XIAOMI_QCRIL: RIL[0][xiaomi_qcril_cmn.cc:1009] xiaomi_qcril_print_property_value: persist.radio.display_mipi_cur: 0
12-08 15:05:11.564  1719  2148 W XIAOMI_QCRIL: RIL[0][xiaomi_qcril_cmn.cc:796] xiaomi_qcril_is_factory_version: non factory version
12-08 15:05:11.564  1719  2148 W XIAOMI_QCRIL: RIL[0][xiaomi_qcril_cmn.cc:231] xiaomi_qcril_get_property_value: persist.vendor.radio.display_mipi: false
12-08 15:05:11.564  1719  2148 W XIAOMI_QCRIL: RIL[0][xiaomi_qcril_display.cc:148] xiaomi_qcril_display_mipi_is_open: display mipi feature is closed
12-08 15:05:11.564  1719  2148 E XIAOMI_QCRIL: RIL[0][xiaomi_qcril_display.cc:1293] xiaomi_qcril_display_init: xiaomi_qcril_display_init do nothing
12-08 15:05:11.565  1719  2148 W XIAOMI_QCRIL: RIL[0][xiaomi_qcril_display.cc:1324] xiaomi_qcril_display_init: function exit <-------------
12-08 15:05:11.658  2900  3045 D RILJ    : Unsol response received; Sending ack to ril.cpp [PHONE0]
12-08 15:05:11.658  2900  3045 D RILJ    : [UNSL]< UNSOL_RESPONSE_NETWORK_STATE_CHANGED [PHONE0]
12-08 15:05:11.659  2900  3251 D NRM-C-0 : onNetworkStateChanged
12-08 15:05:11.660  2900  2900 D SST     : [0] pollState: modemTriggered=true, radioState=1
12-08 15:05:11.662  2900  2900 D RILJ    : [0215]> OPERATOR [PHONE0]
12-08 15:05:11.665  2900  3251 D RILJ    : [0216]> DATA_REGISTRATION_STATE [PHONE0]
12-08 15:05:11.665  2900  3251 D RILJ    : getDataRegistrationState: overrideHalVersion=null [PHONE0]
12-08 15:05:11.665  1719  1852 D RILC    : RadioImpl_1_5::getDataRegistrationState_1_5: serial 216
12-08 15:05:11.666  2900  2900 D RILJ    : [0217]> QUERY_NETWORK_SELECTION_MODE [PHONE0]
12-08 15:05:11.667  2900  3251 D RILJ    : [0218]> VOICE_REGISTRATION_STATE [PHONE0]
12-08 15:05:11.667  2900  3251 D RILJ    : getVoiceRegistrationState: overrideHalVersion=null [PHONE0]
12-08 15:05:11.668  1719  1852 D RILC    : RadioImpl_1_5::getVoiceRegistrationState_1_5: serial 218
12-08 15:05:11.671  2900  3170 D NRM-I-0 : onRequestNetworkRegistrationInfoComplete result: 0, info: NetworkRegistrationInfo{ domain=PS transportType=WLAN registrationState=NOT_REG_OR_SEARCHING networkRegistrationState=NOT_REG_OR_SEARCHING roamingType=NOT_ROAMING accessNetworkTechnology=IWLAN rejectCause=0 emergencyEnabled=false availableServices=[] cellIdentity=null voiceSpecificInfo=null dataSpecificInfo=null nrState=**** rRplmn= isUsingCarrierAggregation=false isNonTerrestrialNetwork=TERRESTRIAL}
12-08 15:05:11.672  2900  2900 D SST     : [0] handlePollStateResultMessage: PS IWLAN. NetworkRegistrationInfo{ domain=PS transportType=WLAN registrationState=NOT_REG_OR_SEARCHING networkRegistrationState=NOT_REG_OR_SEARCHING roamingType=NOT_ROAMING accessNetworkTechnology=IWLAN rejectCause=0 emergencyEnabled=false availableServices=[] cellIdentity=null voiceSpecificInfo=null dataSpecificInfo=null nrState=**** rRplmn= isUsingCarrierAggregation=false isNonTerrestrialNetwork=TERRESTRIAL}
12-08 15:05:11.681  1719  1814 E RILQ    : (0/1719): RIL[0][(1719,1814)] get_ecc_property_name: ecc list name : ril.ecclist.
12-08 15:05:11.682  2900  3045 D RILJ    : [UNSL]< UNSOL_EMERGENCY_NUMBER_LIST [[EmergencyNumber: 112, countryIso=, mnc=, src=sim , routing=unknown, categories=, urns=], [EmergencyNumber: 911, countryIso=, mnc=, src=sim , routing=unknown, categories=, urns=]] [PHONE0]
12-08 15:05:11.683  2900  2900 D EmergencyNumberTracker: [0]updateRadioEmergencyNumberListAndNotify(): receiving [[EmergencyNumber: 112, countryIso=, mnc=, src=sim , routing=unknown, categories=, urns=], [EmergencyNumber: 911, countryIso=, mnc=, src=sim , routing=unknown, categories=, urns=]]
12-08 15:05:11.714  2900  3045 D RILJ    : Unsol response received; Sending ack to ril.cpp [PHONE0]
12-08 15:05:11.714  2900  3045 D RILJ    : [UNSL]< UNSOL_RESPONSE_NETWORK_STATE_CHANGED [PHONE0]
12-08 15:05:11.714  2900  3251 D NRM-C-0 : onNetworkStateChanged
12-08 15:05:11.714  2900  2900 D SST     : [0] pollState: modemTriggered=true, radioState=1
12-08 15:05:11.716  2900  2900 D RILJ    : [0220]> OPERATOR [PHONE0]
12-08 15:05:11.718  2900  3251 D RILJ    : [0221]> DATA_REGISTRATION_STATE [PHONE0]
12-08 15:05:11.719  2900  3251 D RILJ    : getDataRegistrationState: overrideHalVersion=null [PHONE0]
12-08 15:05:11.719  1719  1852 D RILC    : RadioImpl_1_5::getDataRegistrationState_1_5: serial 221
12-08 15:05:11.721  2900  3170 D NRM-I-0 : onRequestNetworkRegistrationInfoComplete result: 0, info: NetworkRegistrationInfo{ domain=PS transportType=WLAN registrationState=NOT_REG_OR_SEARCHING networkRegistrationState=NOT_REG_OR_SEARCHING roamingType=NOT_ROAMING accessNetworkTechnology=IWLAN rejectCause=0 emergencyEnabled=false availableServices=[] cellIdentity=null voiceSpecificInfo=null dataSpecificInfo=null nrState=**** rRplmn= isUsingCarrierAggregation=false isNonTerrestrialNetwork=TERRESTRIAL}
12-08 15:05:11.722  2900  2900 D RILJ    : [0222]> QUERY_NETWORK_SELECTION_MODE [PHONE0]
12-08 15:05:11.722  2900  2900 D SST     : [0] handlePollStateResultMessage: PS IWLAN. NetworkRegistrationInfo{ domain=PS transportType=WLAN registrationState=NOT_REG_OR_SEARCHING networkRegistrationState=NOT_REG_OR_SEARCHING roamingType=NOT_ROAMING accessNetworkTechnology=IWLAN rejectCause=0 emergencyEnabled=false availableServices=[] cellIdentity=null voiceSpecificInfo=null dataSpecificInfo=null nrState=**** rRplmn= isUsingCarrierAggregation=false isNonTerrestrialNetwork=TERRESTRIAL}
12-08 15:05:11.723  2900  3251 D RILJ    : [0223]> VOICE_REGISTRATION_STATE [PHONE0]
12-08 15:05:11.723  2900  3251 D RILJ    : getVoiceRegistrationState: overrideHalVersion=null [PHONE0]
12-08 15:05:11.723  1719  1719 D RILC    : RadioImpl_1_5::getVoiceRegistrationState_1_5: serial 223
12-08 15:05:11.747  2900  3045 D RILJ    : Unsol response received; Sending ack to ril.cpp [PHONE0]
12-08 15:05:11.747  2900  3045 D RILJ    : [UNSL]< UNSOL_RESPONSE_NETWORK_STATE_CHANGED [PHONE0]
12-08 15:05:11.747  2900  3251 D NRM-C-0 : onNetworkStateChanged
12-08 15:05:11.748  2900  2900 D SST     : [0] pollState: modemTriggered=true, radioState=1
12-08 15:05:11.749  2900  2900 D RILJ    : [0225]> OPERATOR [PHONE0]
12-08 15:05:11.750  1719  1814 E RILQ    : (0/1719): RIL[0][(1719,1814)] get_ecc_property_name: ecc list name : ril.ecclist.
12-08 15:05:11.751  2900  3045 D RILJ    : [UNSL]< UNSOL_EMERGENCY_NUMBER_LIST [[EmergencyNumber: 112, countryIso=, mnc=, src=sim , routing=unknown, categories=, urns=], [EmergencyNumber: 911, countryIso=, mnc=, src=sim , routing=unknown, categories=, urns=]] [PHONE0]
12-08 15:05:11.751  2900  3251 D RILJ    : [0226]> DATA_REGISTRATION_STATE [PHONE0]
12-08 15:05:11.751  2900  3251 D RILJ    : getDataRegistrationState: overrideHalVersion=null [PHONE0]
12-08 15:05:11.751  1719  1719 D RILC    : RadioImpl_1_5::getDataRegistrationState_1_5: serial 226
12-08 15:05:11.752  2900  2900 D RILJ    : [0227]> QUERY_NETWORK_SELECTION_MODE [PHONE0]
12-08 15:05:11.753  2900  2900 D EmergencyNumberTracker: [0]updateRadioEmergencyNumberListAndNotify(): receiving [[EmergencyNumber: 112, countryIso=, mnc=, src=sim , routing=unknown, categories=, urns=], [EmergencyNumber: 911, countryIso=, mnc=, src=sim , routing=unknown, categories=, urns=]]
12-08 15:05:11.753  2900  3251 D RILJ    : [0228]> VOICE_REGISTRATION_STATE [PHONE0]
12-08 15:05:11.753  2900  3251 D RILJ    : getVoiceRegistrationState: overrideHalVersion=null [PHONE0]
12-08 15:05:11.753  2900  3170 D NRM-I-0 : onRequestNetworkRegistrationInfoComplete result: 0, info: NetworkRegistrationInfo{ domain=PS transportType=WLAN registrationState=NOT_REG_OR_SEARCHING networkRegistrationState=NOT_REG_OR_SEARCHING roamingType=NOT_ROAMING accessNetworkTechnology=IWLAN rejectCause=0 emergencyEnabled=false availableServices=[] cellIdentity=null voiceSpecificInfo=null dataSpecificInfo=null nrState=**** rRplmn= isUsingCarrierAggregation=false isNonTerrestrialNetwork=TERRESTRIAL}
12-08 15:05:11.754  1719  1852 D RILC    : RadioImpl_1_5::getVoiceRegistrationState_1_5: serial 228
