--------- beginning of events
05-27 20:25:45.238   669   669 I auditd  : SELinux: Loaded service context from:
05-27 20:25:45.238   669   669 I auditd  : 		/system/etc/selinux/plat_service_contexts
05-27 20:25:45.238   669   669 I auditd  : 		/system_ext/etc/selinux/system_ext_service_contexts
05-27 20:25:45.238   669   669 I auditd  : 		/product/etc/selinux/product_service_contexts
05-27 20:25:45.238   669   669 I auditd  : 		/vendor/etc/selinux/vendor_service_contexts
05-27 20:25:45.238   669   669 I auditd  : 		/odm/etc/selinux/odm_service_contexts
01-01 01:00:00.227   667   667 I auditd  : type=2000 audit(0.0:1): state=initialized audit_enabled=0 res=1
05-27 20:25:43.811   667   667 I auditd  : type=1403 audit(0.0:2): auid=4294967295 ses=4294967295 lsm=selinux res=1
05-27 20:25:43.811   667   667 I auditd  : type=1404 audit(0.0:3): enforcing=1 old_enforcing=0 auid=4294967295 ses=4294967295 enabled=1 old-enabled=1 lsm=selinux res=1
05-27 20:25:43.907     1     1 I auditd  : type=1107 audit(0.0:4): uid=0 auid=4294967295 ses=4294967295 subj=u:r:init:s0 msg='avc:  denied  { read } for property=init.svc.recovery pid=0 uid=0 gid=0 scontext=u:r:vendor_init:s0 tcontext=u:object_r:init_service_status_private_prop:s0 tclass=file permissive=0'
05-27 20:25:44.487   662   662 I auditd  : type=1400 audit(0.0:5): avc:  denied  { kill } for  comm="linkerconfig" capability=5  scontext=u:r:linkerconfig:s0 tcontext=u:r:linkerconfig:s0 tclass=capability permissive=0
05-27 20:25:45.359   694   694 I auditd  : type=1400 audit(0.0:6): avc:  denied  { kill } for  comm="e2fsck" capability=5  scontext=u:r:fsck:s0 tcontext=u:r:fsck:s0 tclass=capability permissive=0
05-27 20:25:45.399     1     1 I auditd  : type=1400 audit(0.0:7): avc:  denied  { mounton } for  comm="init" path="/vendor/dsp/cdsp/fastrpc_shell_3" dev="sde49" ino=51 scontext=u:r:init:s0 tcontext=u:object_r:adsprpcd_file:s0 tclass=file permissive=0
05-27 20:25:45.443   719   719 I auditd  : type=1400 audit(0.0:8): avc:  denied  { kill } for  comm="vdc" capability=5  scontext=u:r:vdc:s0 tcontext=u:r:vdc:s0 tclass=capability permissive=0
05-27 20:25:45.484   714   714 I auditd  : SELinux: Loaded keystore2 context from:
05-27 20:25:45.484   714   714 I auditd  : 		/system/etc/selinux/plat_keystore2_key_contexts
05-27 20:25:45.484   714   714 I auditd  : 		/system_ext/etc/selinux/system_ext_keystore2_key_contexts
05-27 20:25:45.484   714   714 I auditd  : 		/product/etc/selinux/product_keystore2_key_contexts
05-27 20:25:45.484   714   714 I auditd  : 		/vendor/etc/selinux/vendor_keystore2_key_contexts
05-27 20:25:45.607   739   739 I auditd  : type=1400 audit(0.0:9): avc:  denied  { kill } for  comm="fsck.f2fs" capability=5  scontext=u:r:fsck:s0 tcontext=u:r:fsck:s0 tclass=capability permissive=0
05-27 20:25:45.679   721   721 I auditd  : type=1400 audit(0.0:10): avc:  denied  { kill } for  comm="vdc" capability=5  scontext=u:r:vdc:s0 tcontext=u:r:vdc:s0 tclass=capability permissive=0
05-27 20:25:45.904   773   773 I auditd  : SELinux: Loaded file context from:
05-27 20:25:45.904   773   773 I auditd  : 		/system/etc/selinux/plat_file_contexts
05-27 20:25:45.904   773   773 I auditd  : 		/system_ext/etc/selinux/system_ext_file_contexts
05-27 20:25:45.904   773   773 I auditd  : 		/product/etc/selinux/product_file_contexts
05-27 20:25:45.904   773   773 I auditd  : 		/vendor/etc/selinux/vendor_file_contexts
05-27 20:25:45.904   773   773 I auditd  : 		/odm/etc/selinux/odm_file_contexts
05-27 20:25:45.967   910   910 I auditd  : type=1400 audit(0.0:11): avc:  denied  { kill } for  comm="linkerconfig" capability=5  scontext=u:r:linkerconfig:s0 tcontext=u:r:linkerconfig:s0 tclass=capability permissive=0
12-08 13:25:02.231   937   937 I boot_progress_start: 5013
12-08 13:25:02.505   937   937 I snet_event_log: [200284993,-1,]
12-08 13:25:02.505   938   938 I snet_event_log: [200284993,-1,]
12-08 13:25:02.723  1075  1075 I liblog  : 150
12-08 13:25:02.723  1075  1075 I liblog  : 3
12-08 13:25:02.726  1075  1075 I liblog  : 149
12-08 13:25:02.726  1075  1075 I liblog  : 5
12-08 13:25:02.726  1075  1075 I liblog  : 9
12-08 13:25:02.726  1075  1075 I liblog  : 1
12-08 13:25:02.878  1075  1075 I liblog  : 50
12-08 13:25:03.644   669   669 I auditd  : type=1400 audit(0.0:12): avc:  denied  { call } for  comm="servicemanager" scontext=u:r:servicemanager:s0 tcontext=u:r:usbd:s0 tclass=binder permissive=0
12-08 13:25:03.617   670   670 I auditd  : avc:  denied  { find } for interface=com.fingerprints.extension::IFingerprintEngineering sid=u:r:hal_fingerprint_default:s0 pid=1712 scontext=u:r:hal_fingerprint_default:s0 tcontext=u:object_r:default_android_hwservice:s0 tclass=hwservice_manager permissive=0
12-08 13:25:03.617   670   670 I auditd  : avc:  denied  { find } for interface=com.fingerprints.extension::IFingerprintOptical sid=u:r:hal_fingerprint_default:s0 pid=1712 scontext=u:r:hal_fingerprint_default:s0 tcontext=u:object_r:default_android_hwservice:s0 tclass=hwservice_manager permissive=0
12-08 13:25:04.783   669   669 I auditd  : avc:  denied  { find } for pid=1878 uid=1000 name=vendor.qti.hardware.servicetrackeraidl.IServicetracker/default scontext=u:r:system_server:s0 tcontext=u:object_r:default_android_service:s0 tclass=service_manager permissive=0
12-08 13:25:05.870  1878  1878 I dvm_lock_sample: [system_server,1,main,796,DisplayManagerService.java,773,void com.android.server.display.DisplayManagerService.onBootPhase(int),-,2336,void com.android.server.display.DisplayManagerService.registerDefaultDisplayAdapters(),100]
12-08 13:25:06.304  1973  1973 I auditd  : type=1400 audit(0.0:13): avc:  denied  { getattr } for  comm="rm" path="/data/resource-cache" dev="dm-40" ino=465927 scontext=u:r:toolbox:s0 tcontext=u:object_r:resourcecache_data_file:s0 tclass=dir permissive=0
12-08 13:25:06.304  1973  1973 I auditd  : type=1400 audit(0.0:14): avc:  denied  { getattr } for  comm="rm" path="/data/resource-cache" dev="dm-40" ino=465927 scontext=u:r:toolbox:s0 tcontext=u:object_r:resourcecache_data_file:s0 tclass=dir permissive=0
12-08 13:25:06.356  1303  1303 I auditd  : type=1400 audit(0.0:15): avc:  denied  { fowner } for  comm="mdm_helper" capability=3  scontext=u:r:vendor_mdm_helper:s0 tcontext=u:r:vendor_mdm_helper:s0 tclass=capability permissive=0
12-08 13:25:08.556  1735  1735 I auditd  : type=1400 audit(0.0:16): avc:  denied  { read } for  comm=5849414F4D49205354415453 name="u:object_r:default_prop:s0" dev="tmpfs" ino=10887 scontext=u:r:rild:s0 tcontext=u:object_r:default_prop:s0 tclass=file permissive=0
12-08 13:25:08.592  1735  1735 I auditd  : type=1400 audit(0.0:17): avc:  denied  { write } for  comm="DispatcherModul" name="diag" dev="dm-40" ino=345673 scontext=u:r:rild:s0 tcontext=u:object_r:vendor_data_file:s0 tclass=dir permissive=0
12-08 13:25:09.078  1588  1710 I liblog  : 65
12-08 13:25:10.376  1072  1072 I auditd  : type=1400 audit(0.0:18): avc:  denied  { read } for  comm="HwBinder:1072_2" name="f0_value" dev="sysfs" ino=66439 scontext=u:r:hal_audio_default:s0 tcontext=u:object_r:sysfs:s0 tclass=file permissive=0
12-08 13:25:25.420  1878  1878 I auditd  : type=1400 audit(0.0:19): avc:  denied  { map } for  comm="android.bg" path="/system/framework/oat" dev="dm-0" ino=1444 scontext=u:r:system_server:s0 tcontext=u:object_r:system_file:s0 tclass=dir permissive=0
12-08 13:25:25.420  1878  1878 I auditd  : type=1400 audit(0.0:20): avc:  denied  { map } for  comm="android.bg" path="/system/framework/arm64" dev="dm-0" ino=1346 scontext=u:r:system_server:s0 tcontext=u:object_r:system_file:s0 tclass=dir permissive=0
12-08 13:25:26.484  1878  1878 I auditd  : type=1400 audit(0.0:21): avc:  denied  { read } for  comm="system_server" name="u:object_r:vendor_default_prop:s0" dev="tmpfs" ino=11160 scontext=u:r:system_server:s0 tcontext=u:object_r:vendor_default_prop:s0 tclass=file permissive=0
12-08 13:25:27.520  1878  1878 I auditd  : type=1400 audit(0.0:22): avc:  denied  { read } for  comm="system_server" name="u:object_r:custom_version_prop:s0" dev="tmpfs" ino=10877 scontext=u:r:system_server:s0 tcontext=u:object_r:custom_version_prop:s0 tclass=file permissive=0
12-08 13:25:28.104  2842  2842 I auditd  : type=1400 audit(0.0:23): avc:  denied  { read } for  comm="qtidataservices" name="u:object_r:default_prop:s0" dev="tmpfs" ino=10887 scontext=u:r:vendor_qtidataservices_app:s0:c55,c258,c512,c768 tcontext=u:object_r:default_prop:s0 tclass=file permissive=0 app=vendor.qti.hardware.cacert.server
12-08 13:25:28.284  2930  2930 I auditd  : type=1400 audit(0.0:24): avc:  denied  { read } for  comm="qtidataservices" name="u:object_r:default_prop:s0" dev="tmpfs" ino=10887 scontext=u:r:vendor_qtidataservices_app:s0:c57,c258,c512,c768 tcontext=u:object_r:default_prop:s0 tclass=file permissive=0 app=com.qualcomm.qti.cne
12-08 13:25:28.328  2873  2873 I auditd  : type=1400 audit(0.0:25): avc:  denied  { search } for  comm="com.android.nfc" name="nfc" dev="dm-40" ino=152841 scontext=u:r:nfc:s0 tcontext=u:object_r:vendor_nfc_vendor_data_file:s0 tclass=dir permissive=0
12-08 13:25:29.160  3217  3217 I auditd  : type=1400 audit(0.0:26): avc:  denied  { read } for  comm="qtidataservices" name="u:object_r:default_prop:s0" dev="tmpfs" ino=10887 scontext=u:r:vendor_qtidataservices_app:s0:c56,c258,c512,c768 tcontext=u:object_r:default_prop:s0 tclass=file permissive=0 app=vendor.qti.iwlan
--------- beginning of radio
12-08 13:25:29.244  2934  2934 D TNP     : onNetworkNeeded: Not applied. [NetworkRequest [ BACKGROUND_REQUEST id=2, [ Transports: CELLULAR Capabilities: INTERNET&NOT_RESTRICTED&TRUSTED&NOT_VPN&NOT_VCN_MANAGED&NOT_BANDWIDTH_CONSTRAINED RequestorUid: 1000 RequestorPkg: android UnderlyingNetworks: Null] ], mPriority=0, state=UNSATISFIED, mAttachedDataNetwork=null, created time=13:25:29.244, evaluation result=null]
12-08 13:25:29.244  2934  2934 D TNP     : onNetworkNeeded: Not applied. [NetworkRequest [ REQUEST id=47, [ Capabilities: INTERNET&NOT_RESTRICTED&TRUSTED&NOT_VCN_MANAGED&NOT_BANDWIDTH_CONSTRAINED Uid: 10630 RequestorUid: 1000 RequestorPkg: android UnderlyingNetworks: Null] ], mPriority=0, state=UNSATISFIED, mAttachedDataNetwork=null, created time=13:25:29.244, evaluation result=null]
12-08 13:25:29.245  2934  2934 D TNP     : onNetworkNeeded: Not applied. [NetworkRequest [ REQUEST id=39, [ Capabilities: INTERNET&NOT_RESTRICTED&TRUSTED&NOT_VCN_MANAGED&NOT_BANDWIDTH_CONSTRAINED Uid: 10650 RequestorUid: 1000 RequestorPkg: android UnderlyingNetworks: Null] ], mPriority=0, state=UNSATISFIED, mAttachedDataNetwork=null, created time=13:25:29.245, evaluation result=null]
12-08 13:25:29.245  2934  2934 D TNP     : onNetworkNeeded: Not applied. [NetworkRequest [ REQUEST id=41, [ Capabilities: INTERNET&NOT_RESTRICTED&TRUSTED&NOT_VCN_MANAGED&NOT_BANDWIDTH_CONSTRAINED Uid: 10644 RequestorUid: 1000 RequestorPkg: android UnderlyingNetworks: Null] ], mPriority=0, state=UNSATISFIED, mAttachedDataNetwork=null, created time=13:25:29.245, evaluation result=null]
12-08 13:25:29.245  2934  2934 D TNP     : onNetworkNeeded: Not applied. [NetworkRequest [ REQUEST id=77, [ Capabilities: INTERNET&NOT_RESTRICTED&TRUSTED&NOT_VCN_MANAGED&NOT_BANDWIDTH_CONSTRAINED Uid: 10678 RequestorUid: 10678 RequestorPkg: com.android.systemui UnderlyingNetworks: Null] ], mPriority=0, state=UNSATISFIED, mAttachedDataNetwork=null, created time=13:25:29.244, evaluation result=null]
12-08 13:25:29.245  2934  2934 D TNP     : onNetworkNeeded: Not applied. [NetworkRequest [ REQUEST id=24, [ Capabilities: INTERNET&NOT_RESTRICTED&TRUSTED&NOT_VCN_MANAGED&NOT_BANDWIDTH_CONSTRAINED Uid: 10757 RequestorUid: 1000 RequestorPkg: android UnderlyingNetworks: Null] ], mPriority=0, state=UNSATISFIED, mAttachedDataNetwork=null, created time=13:25:29.245, evaluation result=null]
12-08 13:25:29.245  2934  2934 D TNP     : onNetworkNeeded: Not applied. [NetworkRequest [ REQUEST id=29, [ Capabilities: INTERNET&NOT_RESTRICTED&TRUSTED&NOT_VCN_MANAGED&NOT_BANDWIDTH_CONSTRAINED Uid: 10748 RequestorUid: 1000 RequestorPkg: android UnderlyingNetworks: Null] ], mPriority=0, state=UNSATISFIED, mAttachedDataNetwork=null, created time=13:25:29.245, evaluation result=null]
12-08 13:25:29.245  2934  2934 D TNP     : onNetworkNeeded: Not applied. [NetworkRequest [ REQUEST id=61, [ Capabilities: INTERNET&NOT_RESTRICTED&TRUSTED&NOT_VCN_MANAGED&NOT_BANDWIDTH_CONSTRAINED Uid: 10609 RequestorUid: 1000 RequestorPkg: android UnderlyingNetworks: Null] ], mPriority=0, state=UNSATISFIED, mAttachedDataNetwork=null, created time=13:25:29.245, evaluation result=null]
12-08 13:25:29.245  2934  2934 D TNP     : onNetworkNeeded: Not applied. [NetworkRequest [ REQUEST id=31, [ Capabilities: INTERNET&NOT_RESTRICTED&TRUSTED&NOT_VCN_MANAGED&NOT_BANDWIDTH_CONSTRAINED Uid: 10738 RequestorUid: 1000 RequestorPkg: android UnderlyingNetworks: Null] ], mPriority=0, state=UNSATISFIED, mAttachedDataNetwork=null, created time=13:25:29.245, evaluation result=null]
12-08 13:25:29.246  2934  2934 D TNP     : onNetworkNeeded: Not applied. [NetworkRequest [ REQUEST id=20, [ Capabilities: INTERNET&NOT_RESTRICTED&TRUSTED&NOT_VCN_MANAGED&NOT_BANDWIDTH_CONSTRAINED Uid: 10773 RequestorUid: 1000 RequestorPkg: android UnderlyingNetworks: Null] ], mPriority=0, state=UNSATISFIED, mAttachedDataNetwork=null, created time=13:25:29.246, evaluation result=null]
12-08 13:25:29.246  2934  2934 D TNP     : onNetworkNeeded: Not applied. [NetworkRequest [ REQUEST id=27, [ Capabilities: INTERNET&NOT_RESTRICTED&TRUSTED&NOT_VCN_MANAGED&NOT_BANDWIDTH_CONSTRAINED Uid: 10754 RequestorUid: 1000 RequestorPkg: android UnderlyingNetworks: Null] ], mPriority=0, state=UNSATISFIED, mAttachedDataNetwork=null, created time=13:25:29.246, evaluation result=null]
12-08 13:25:29.246  2934  2934 D TNP     : onNetworkNeeded: Not applied. [NetworkRequest [ REQUEST id=69, [ Capabilities: INTERNET&NOT_RESTRICTED&TRUSTED&NOT_VCN_MANAGED&NOT_BANDWIDTH_CONSTRAINED Uid: 1073 RequestorUid: 1073 RequestorPkg: com.android.networkstack UnderlyingNetworks: Null] ], mPriority=0, state=UNSATISFIED, mAttachedDataNetwork=null, created time=13:25:29.246, evaluation result=null]
12-08 13:25:29.246  2934  2934 D TNP     : onNetworkNeeded: Not applied. [NetworkRequest [ REQUEST id=55, [ Capabilities: INTERNET&NOT_RESTRICTED&TRUSTED&NOT_VCN_MANAGED&NOT_BANDWIDTH_CONSTRAINED Uid: 10588 RequestorUid: 1000 RequestorPkg: android UnderlyingNetworks: Null] ], mPriority=0, state=UNSATISFIED, mAttachedDataNetwork=null, created time=13:25:29.246, evaluation result=null]
12-08 13:25:29.246  2934  2934 D TNP     : onNetworkNeeded: Not applied. [NetworkRequest [ REQUEST id=86, [ Capabilities: INTERNET&NOT_RESTRICTED&TRUSTED&NOT_VCN_MANAGED&NOT_BANDWIDTH_CONSTRAINED Uid: 1001 RequestorUid: 1001 RequestorPkg: com.android.phone UnderlyingNetworks: Null] ], mPriority=0, state=UNSATISFIED, mAttachedDataNetwork=null, created time=13:25:29.246, evaluation result=null]
12-08 13:25:29.246  2934  2934 D TNP     : onNetworkNeeded: Not applied. [NetworkRequest [ REQUEST id=65, [ Capabilities: INTERNET&NOT_RESTRICTED&TRUSTED&NOT_VCN_MANAGED&NOT_BANDWIDTH_CONSTRAINED Uid: 10735 RequestorUid: 1000 RequestorPkg: android UnderlyingNetworks: Null] ], mPriority=0, state=UNSATISFIED, mAttachedDataNetwork=null, created time=13:25:29.246, evaluation result=null]
12-08 13:25:29.247  2934  2934 D TNP     : onNetworkNeeded: Not applied. [NetworkRequest [ REQUEST id=57, [ Capabilities: INTERNET&NOT_RESTRICTED&TRUSTED&NOT_VCN_MANAGED&NOT_BANDWIDTH_CONSTRAINED Uid: 10578 RequestorUid: 1000 RequestorPkg: android UnderlyingNetworks: Null] ], mPriority=0, state=UNSATISFIED, mAttachedDataNetwork=null, created time=13:25:29.247, evaluation result=null]
12-08 13:25:29.247  2934  2934 D TNP     : onNetworkNeeded: Not applied. [NetworkRequest [ REQUEST id=67, [ Capabilities: INTERNET&NOT_RESTRICTED&TRUSTED&NOT_VCN_MANAGED&NOT_BANDWIDTH_CONSTRAINED Uid: 1000 RequestorUid: 1000 RequestorPkg: android UnderlyingNetworks: Null] ], mPriority=0, state=UNSATISFIED, mAttachedDataNetwork=null, created time=13:25:29.247, evaluation result=null]
12-08 13:25:29.247  2934  2934 D TNP     : onNetworkNeeded: Not applied. [NetworkRequest [ REQUEST id=16, [ Capabilities: INTERNET&NOT_RESTRICTED&TRUSTED&NOT_VCN_MANAGED&NOT_BANDWIDTH_CONSTRAINED Uid: 10794 RequestorUid: 1000 RequestorPkg: android UnderlyingNetworks: Null] ], mPriority=0, state=UNSATISFIED, mAttachedDataNetwork=null, created time=13:25:29.247, evaluation result=null]
12-08 13:25:29.247  2934  2934 D TNP     : onNetworkNeeded: Not applied. [NetworkRequest [ REQUEST id=43, [ Capabilities: INTERNET&NOT_RESTRICTED&TRUSTED&NOT_VCN_MANAGED&NOT_BANDWIDTH_CONSTRAINED Uid: 10640 RequestorUid: 1000 RequestorPkg: android UnderlyingNetworks: Null] ], mPriority=0, state=UNSATISFIED, mAttachedDataNetwork=null, created time=13:25:29.247, evaluation result=null]
12-08 13:25:29.247  2934  2934 D TNP     : onNetworkNeeded: Not applied. [NetworkRequest [ REQUEST id=53, [ Capabilities: INTERNET&NOT_RESTRICTED&TRUSTED&NOT_VCN_MANAGED&NOT_BANDWIDTH_CONSTRAINED Uid: 10598 RequestorUid: 1000 RequestorPkg: android UnderlyingNetworks: Null] ], mPriority=0, state=UNSATISFIED, mAttachedDataNetwork=null, created time=13:25:29.247, evaluation result=null]
12-08 13:25:29.247  2934  2934 D TNP     : onNetworkNeeded: Not applied. [NetworkRequest [ REQUEST id=37, [ Capabilities: INTERNET&NOT_RESTRICTED&TRUSTED&NOT_VCN_MANAGED&NOT_BANDWIDTH_CONSTRAINED Uid: 10651 RequestorUid: 1000 RequestorPkg: android UnderlyingNetworks: Null] ], mPriority=0, state=UNSATISFIED, mAttachedDataNetwork=null, created time=13:25:29.247, evaluation result=null]
12-08 13:25:29.248  2934  2934 D TNP     : onNetworkNeeded: Not applied. [NetworkRequest [ REQUEST id=49, [ Capabilities: INTERNET&NOT_RESTRICTED&TRUSTED&NOT_VCN_MANAGED&NOT_BANDWIDTH_CONSTRAINED Uid: 10618 RequestorUid: 1000 RequestorPkg: android UnderlyingNetworks: Null] ], mPriority=0, state=UNSATISFIED, mAttachedDataNetwork=null, created time=13:25:29.248, evaluation result=null]
12-08 13:25:29.253  2934  2934 D TNP     : onNetworkNeeded: Not applied. [NetworkRequest [ REQUEST id=93, [ Capabilities: INTERNET&NOT_RESTRICTED&TRUSTED&NOT_VCN_MANAGED&NOT_BANDWIDTH_CONSTRAINED Uid: 10678 RequestorUid: 10678 RequestorPkg: com.android.systemui UnderlyingNetworks: Null] ], mPriority=0, state=UNSATISFIED, mAttachedDataNetwork=null, created time=13:25:29.252, evaluation result=null]
12-08 13:25:29.256  2934  2934 D DataService: Data service created
12-08 13:25:29.258  2934  2934 D DebugService: DebugService DebugService:
12-08 13:25:29.264  2934  2934 D UiccController: handleMessage: Received GET_ICC_STATUS_DONE for phoneId 1
12-08 13:25:29.264  2934  2934 D UiccController: Received EVENT_GET_ICC_STATUS_DONE
12-08 13:25:29.264  2934  2934 D UiccController: onGetIccCardStatusDone: phoneId-1 IccCardStatus: IccCardState {CARDSTATE_ABSENT,PINSTATE_UNKNOWN,num_apps=0,gsm_id=-1,cdma_id=-1,ims_id=-1,atr=,iccid=,eid=,SupportedMepMode=NONE,SlotPortMapping={physicalSlotIndex=-1, portIndex=0}}
12-08 13:25:29.264  2934  2934 D UiccSlot: Creating
12-08 13:25:29.264  2934  2934 E AnswerToReset: Valid ATR string must at least contains TS and T0.
12-08 13:25:29.264  2934  2934 D UiccSlot: update: radioState=0 mLastRadioState={}
12-08 13:25:29.264  2934  2934 D UiccController: mUiccSlots[1] has no card. Notifying IccChangedRegistrants
12-08 13:25:29.268  2934  2934 D SST     : [0] SubscriptionListener.onSubscriptionInfoChanged
12-08 13:25:29.268  2934  2934 D SST     : [1] SubscriptionListener.onSubscriptionInfoChanged
12-08 13:25:29.269  2934  2934 D SMSVC   : updateUserIdToAvailableSubs: {}
12-08 13:25:29.278  2934  3192 D ImsProvisioningController: MmTelFeatureListener[0] subId is not changed
12-08 13:25:29.278  2934  3192 D ImsProvisioningController: MmTelFeatureListener[1] subId is not changed
12-08 13:25:29.278  2934  3192 D ImsProvisioningController: RcsFeatureListener[0] subId is not changed
12-08 13:25:29.278  2934  3181 E TelephonyAnalyticsSubId: Null Pointer Exception Caught
12-08 13:25:29.278  2934  2942 E TelephonyAnalyticsSubId: Null Pointer Exception Caught
12-08 13:25:29.279  2934  2934 D TNP     : Subscription changed.
12-08 13:25:29.279  2934  3192 D ImsProvisioningController: RcsFeatureListener[1] subId is not changed
12-08 13:25:29.279  2934  3192 D ImsProvisioningController: ProvisioningCallbackManager[0] subId is not changed 
12-08 13:25:29.279  2934  2934 D TNP     : reevaluateNetworkRequests: subscription changed.
12-08 13:25:29.279  2934  3192 D ImsProvisioningController: ProvisioningCallbackManager[1] subId is not changed 
12-08 13:25:29.283  2934  2934 D SMSVC   : updateUserIdToAvailableSubs: {}
12-08 13:25:29.284  2934  2967 E TelephonyAnalyticsSubId: Null Pointer Exception Caught
12-08 13:25:29.285  2934  3192 D ImsProvisioningController: MmTelFeatureListener[0] subId is not changed
12-08 13:25:29.285  2934  3192 D ImsProvisioningController: MmTelFeatureListener[1] subId is not changed
12-08 13:25:29.286  2934  2934 D Phone-0 : isImsRegistered =false
12-08 13:25:29.286  2934  3192 D ImsProvisioningController: RcsFeatureListener[0] subId is not changed
12-08 13:25:29.286  2934  2934 E Phone-0 : [0] getUserHandle: ex=java.lang.IllegalArgumentException: [getSubscriptionUserHandle]: Invalid subscriptionId: -1
12-08 13:25:29.286  2934  3192 D ImsProvisioningController: RcsFeatureListener[1] subId is not changed
12-08 13:25:29.286  2934  3192 D ImsProvisioningController: ProvisioningCallbackManager[0] subId is not changed 
12-08 13:25:29.286  2934  3192 D ImsProvisioningController: ProvisioningCallbackManager[1] subId is not changed 
12-08 13:25:29.287  2934  3210 E TelephonyAnalyticsSubId: Null Pointer Exception Caught
12-08 13:25:29.291  2934  3083 D RILJ    : [0081]< GET_MODEM_STATUS true [PHONE0]
12-08 13:25:29.293  2934  3083 D RILJ    : [0052]< DEVICE_IDENTITY {[****], 00, 00000000, } [PHONE1]
12-08 13:25:29.293  2934  3083 D RILJ    : convertHalRadioCapability: session=0, phase=0, rat=561156, logicModemUuid=1, status=1, rcRil.raf=1130504 [PHONE1]
12-08 13:25:29.293  2934  3083 D RILJ    : [0053]< GET_RADIO_CAPABILITY {mPhoneId = 1 mVersion=1 mSession=0 mPhase=0 mRadioAccessFamily=561156 mLogicModemId=1 mStatus=1} [PHONE1]
12-08 13:25:29.293  2934  3083 D RILJ    : [0054]< GET_UICC_APPLICATIONS_ENABLEMENT error 2 [PHONE1]
12-08 13:25:29.293  2934  3083 D RilRequest: [0054]< GET_UICC_APPLICATIONS_ENABLEMENT error: com.android.internal.telephony.CommandException: GENERIC_FAILURE ret=false result={ when=-32s76ms what=55 target=com.android.internal.telephony.GsmCdmaPhone }
12-08 13:25:29.325  2934  3083 D RILJ    : [0063]< SEND_DEVICE_STATE  [PHONE1]
12-08 13:25:29.326  2934  3083 D RILJ    : [0064]< SEND_DEVICE_STATE  [PHONE1]
12-08 13:25:29.326  2934  3083 D RILJ    : [0065]< SEND_DEVICE_STATE  [PHONE1]
12-08 13:25:29.327  2934  3083 D RILJ    : [0072]< SEND_DEVICE_STATE  [PHONE1]
12-08 13:25:29.327  2934  3083 D RILJ    : [0073]< SEND_DEVICE_STATE  [PHONE1]
12-08 13:25:29.327  2934  3083 D RILJ    : [0074]< SEND_DEVICE_STATE  [PHONE1]
12-08 13:25:29.328  2934  3083 D RILJ    : [0058]< OPERATOR {, , } [PHONE1]
12-08 13:25:29.328  2934  3083 D RILJ    : [0061]< OPERATOR {, , } [PHONE1]
12-08 13:25:29.337  2934  3083 D RadioConfigResponse: [0082]< GET_PHONE_CAPABILITY mMaxActiveVoiceSubscriptions=1 mMaxActiveDataSubscriptions=2 mNetworkValidationBeforeSwitchSupported=false mDeviceNrCapability [1, 2]
12-08 13:25:29.338  2934  3083 D RILJ    : [0059]< QUERY_NETWORK_SELECTION_MODE {0} [PHONE1]
12-08 13:25:29.338  2934  2934 D ImsManagerIM [0]: ImsService not up yet - timeout waiting for connection.
12-08 13:25:29.338  2934  3083 D RILJ    : [0062]< QUERY_NETWORK_SELECTION_MODE {0} [PHONE1]
12-08 13:25:29.361  2934  2934 D GsmInboundSmsHandler: IdleState.processMessage: processing EVENT_RELEASE_WAKELOCK
12-08 13:25:29.361  2934  2934 D GsmInboundSmsHandler: IdleState.processMessage: EVENT_RELEASE_WAKELOCK: mWakeLock released
12-08 13:25:29.361  2934  2934 D UiccController: handleMessage: Received GET_ICC_STATUS_DONE for phoneId 0
12-08 13:25:29.361  2934  2934 D UiccController: Received EVENT_GET_ICC_STATUS_DONE
12-08 13:25:29.361  2934  2934 D UiccController: onGetIccCardStatusDone: phoneId-0 IccCardStatus: IccCardState {CARDSTATE_PRESENT,PINSTATE_UNKNOWN,num_apps=1,gsm_id=0{APPTYPE_USIM,APPSTATE_PIN,pin1=PINSTATE_ENABLED_NOT_VERIFIED,pin2=PINSTATE_ENABLED_NOT_VERIFIED},cdma_id=-1,ims_id=-1,atr=3b9f96801fc78031e073fe2117574a3382033339001e,iccid=893422230[****],eid=,SupportedMepMode=NONE,SlotPortMapping={physicalSlotIndex=-1, portIndex=0}}
12-08 13:25:29.361  2934  2934 D UiccSlot: Creating
12-08 13:25:29.362  2934  2934 D AnswerToReset: Successfully parsed the ATR string 3b9f96801fc78031e073fe2117574a3382033339001e into AnswerToReset:{mConventionByte=3B,mFormatByte=9F,mInterfaceBytes={{TA=96,TB=null,TC=null,TD=80}{TA=null,TB=null,TC=null,TD=1F}{TA=C7,TB=null,TC=null,TD=null}},mHistoricalBytes={80,31,E0,73,FE,21,17,57,4A,33,82,03,33,39,00,},mCheckByte=1E}
12-08 13:25:29.362  2934  2934 D UiccSlot:  checkIsEuiccSupported : false
12-08 13:25:29.362  2934  2934 D UiccSlot: update: radioState=0 mLastRadioState={}
12-08 13:25:29.362  2934  2934 D UiccCard: Creating
12-08 13:25:29.362  2934  2934 D UiccPort: Creating
12-08 13:25:29.362  2934  2934 D UiccProfile: Creating profile
12-08 13:25:29.362  2934  2934 D UiccProfile: 1 applications
12-08 13:25:29.362  2934  2934 D UiccCardApplication: Creating UiccApp: {APPTYPE_USIM,APPSTATE_PIN,pin1=PINSTATE_ENABLED_NOT_VERIFIED,pin2=PINSTATE_ENABLED_NOT_VERIFIED}
12-08 13:25:29.362  2934  2934 D CarrierTestOverride: File path : /user_de/0/com.android.phone/files/carrier_test_conf_sim0.xml
12-08 13:25:29.362  2934  2934 W CarrierTestOverride: Can not open /data/user_de/0/com.android.phone/files/carrier_test_conf_sim0.xml
12-08 13:25:29.362  2934  2934 D UiccCardApplication: Notifying 1 registrant: LOCKED
12-08 13:25:29.363  2934  2934 W VoiceMailConstants: Can't open /system/etc/voicemail-conf.xml
12-08 13:25:29.363  2934  2934 D SIMRecords: [SIMRecords-0] setting0 mMncLength-1
12-08 13:25:29.363  2934  2934 D SIMRecords: [SIMRecords-0] SIMRecords: onRadioOffOrNotAvailable set 'gsm.sim.operator.numeric' to operator=null
12-08 13:25:29.363  2934  2934 D SIMRecords: [SIMRecords-0] update icc_operator_numeric=null
12-08 13:25:29.366  2934  2934 D SIMRecords: [SIMRecords-0] getOperatorNumeric: IMSI == null
12-08 13:25:29.366  2934  2934 E SIMRecords: [SIMRecords-0] IccRecords - EF_SMSS is null
12-08 13:25:29.366  2934  2934 D SIMRecords: [SIMRecords-0] SIMRecords X ctor this=SimRecords: mDestroyed=false mContext=com.android.phone.PhoneGlobals@e38e059 mCi=com.android.internal.telephony.RIL@68d41e mFh=Handler (com.android.internal.telephony.uicc.UsimFileHandler) {a77a4ff} mParentApp=com.android.internal.telephony.uicc.UiccCardApplication@57122cc recordsToLoad=0 adnCache=Handler (com.android.internal.telephony.uicc.AdnRecordCache) {f8e2915} recordsRequested=false lockedRecordsReqReason=0 iccid=null msisdnTag=null voiceMailNum=null voiceMailTag=null voiceMailNum=null newVoiceMailTag=null isVoiceMailFixed=false mImsi=null mncLength=-1 mailboxIndex=0 spn=null mVmConfigcom.android.internal.telephony.uicc.VoiceMailConstants@b4a142a callForwardingEnabled=0 spnState=null mCphsInfo=null mCspPlmnEnabled=true efMWIS=null efCPHS_MWI=null mEfCff=null mEfCfis=null getOperatorNumeric=null mPsiSmsc=null TPMR=-1
12-08 13:25:29.371  2934  2934 D CAT     : CatService: registerForRecordsLoaded slotid=0 instance:Handler (com.android.internal.telephony.cat.CatService) {6734f7}
12-08 13:25:29.371  2934  2934 D CAT     : CatService: Running CAT service on Slotid: 0. STK app installed:true
12-08 13:25:29.372  2934  3275 D CAT     : CatService: handleMessage[8]
12-08 13:25:29.372  2934  3275 D CAT     : CatService: MSG_ID_ICC_CHANGED
12-08 13:25:29.373  2934  2934 D UiccProfile: Before privilege rules: null : CARDSTATE_PRESENT
12-08 13:25:29.374  2934  2934 D UiccProfile: iccOpenLogicalChannel: A00000015144414300 , 0 by pid:2934 uid:1001
12-08 13:25:29.374  2934  2934 D RILJ    : [0086]> SIM_OPEN_CHANNEL [PHONE0]
12-08 13:25:29.375  2934  2934 D UiccProfile: Icc changed. Reregistering.
12-08 13:25:29.375  2934  2934 D UiccProfile: setExternalState: set mPhoneId=0 mExternalState=NOT_READY
12-08 13:25:29.375  2934  2934 D UiccProfile: update icc_operator_numeric=
12-08 13:25:29.377  1878  2908 W TelephonyRegistry: Pid 2934 has exceeded half the number of permissible registered listeners. Now at 78
12-08 13:25:29.377  2934  2934 D UiccController: Notifying IccChangedRegistrants
12-08 13:25:29.377  2934  3275 D CAT     : CatService: New Card State = CARDSTATE_PRESENT Old Card State = CARDSTATE_ABSENT
12-08 13:25:29.377  2934  2934 D UiccController: handleMessage: Received GET_SLOT_STATUS_DONE for phoneId 0
12-08 13:25:29.377  2934  2934 D UiccController: Received EVENT_SLOT_STATUS_CHANGED or EVENT_GET_SLOT_STATUS_DONE
12-08 13:25:29.377  2934  2934 D UiccController: onGetSlotStatusDone: [IccSlotStatus {CARDSTATE_PRESENT,atr=3b9f96801fc78031e073fe2117574a3382033339001e,eid=,num_ports=1, IccSimPortInfo-0{iccid=893422230[****],logicalSlotIndex=0,portActive=true}, SupportedMepMode=NONE}, IccSlotStatus {CARDSTATE_ABSENT,atr=,eid=,num_ports=1, IccSimPortInfo-0{iccid=,logicalSlotIndex=1,portActive=true}, SupportedMepMode=NONE}]
12-08 13:25:29.378  2934  2934 D AnswerToReset: Successfully parsed the ATR string 3b9f96801fc78031e073fe2117574a3382033339001e into AnswerToReset:{mConventionByte=3B,mFormatByte=9F,mInterfaceBytes={{TA=96,TB=null,TC=null,TD=80}{TA=null,TB=null,TC=null,TD=1F}{TA=C7,TB=null,TC=null,TD=null}},mHistoricalBytes={80,31,E0,73,FE,21,17,57,4A,33,82,03,33,39,00,},mCheckByte=1E}
12-08 13:25:29.378  2934  2934 D UiccSlot:  checkIsEuiccSupported : false
12-08 13:25:29.378  2934  2934 E AnswerToReset: Valid ATR string must at least contains TS and T0.
12-08 13:25:29.378  2934  2934 D UiccController: onGetSlotStatusDone: mDefaultEuiccCardId=UNINITIALIZED
12-08 13:25:29.378  2934  3275 D RILJ    : [0087]> REPORT_STK_SERVICE_IS_RUNNING [PHONE0]
12-08 13:25:29.378  2934  3275 D CAT     : CatService: handleMessage[8]
12-08 13:25:29.378  2934  3275 D CAT     : CatService: MSG_ID_ICC_CHANGED
12-08 13:25:29.381  2934  2934 D CdmaInboundSmsHandler: IdleState.processMessage: processing EVENT_RELEASE_WAKELOCK
12-08 13:25:29.381  2934  2934 D CdmaInboundSmsHandler: IdleState.processMessage: EVENT_RELEASE_WAKELOCK: mWakeLock released
12-08 13:25:29.381  2934  2934 E GsmCdmaPhone: [0] parseImeiInfo :: Exception received : com.android.internal.telephony.CommandException: REQUEST_NOT_SUPPORTED
12-08 13:25:29.381  2934  2934 D GsmCdmaPhone: [0] EVENT_SET_NULL_CIPHER_AND_INTEGRITY_DONE
12-08 13:25:29.382  2934  2934 D GsmCdmaPhone: [0] EVENT_SET_IDENTIFIER_DISCLOSURE_ENABLED_DONE
12-08 13:25:29.382  2934  2934 D GsmCdmaPhone: [0] EVENT_SET_SECURITY_ALGORITHMS_UPDATED_ENABLED_DONE
12-08 13:25:29.382  2934  3275 D CAT     : CatService: New Card State = CARDSTATE_PRESENT Old Card State = CARDSTATE_PRESENT
12-08 13:25:29.383  2934  2934 D EmergencyNumberTracker: [1]updateRadioEmergencyNumberListAndNotify(): receiving [[EmergencyNumber: 112, countryIso=, mnc=, src=sim , routing=unknown, categories=, urns=], [EmergencyNumber: 911, countryIso=, mnc=, src=sim , routing=unknown, categories=, urns=]]
12-08 13:25:29.384  2934  2934 D EmergencyNumberTracker: [0]updateRadioEmergencyNumberListAndNotify(): receiving [[EmergencyNumber: 112, countryIso=, mnc=, src=sim , routing=unknown, categories=, urns=], [EmergencyNumber: 911, countryIso=, mnc=, src=sim , routing=unknown, categories=, urns=]]
12-08 13:25:29.384  2934  2934 D GsmCdmaPhone: [0] Baseband version: 2.5.c1-gl-21664.3-0408_0625_c111b0c235
12-08 13:25:29.384  2934  3083 D RILJ    : [0087]< REPORT_STK_SERVICE_IS_RUNNING  [PHONE0]
12-08 13:25:29.384  2934  3083 D RadioConfigResponse: [0084]< GET_PHONE_CAPABILITY mMaxActiveVoiceSubscriptions=1 mMaxActiveDataSubscriptions=2 mNetworkValidationBeforeSwitchSupported=false mDeviceNrCapability [1, 2]
12-08 13:25:29.384  2934  3083 D RILJ    : [0022]< SET_SIGNAL_STRENGTH_REPORTING_CRITERIA  [PHONE0]
12-08 13:25:29.385  2934  3083 E RILJ    : processResponse: Unexpected response! serial: 22, error: 0 [PHONE0]
12-08 13:25:29.385  2934  3083 E RILJ    : processResponse: Unexpected response! serial: 22, error: 0 [PHONE0]
12-08 13:25:29.385  2934  3083 E RILJ    : processResponse: Unexpected response! serial: 22, error: 0 [PHONE0]
12-08 13:25:29.385  2934  3083 E RILJ    : processResponse: Unexpected response! serial: 22, error: 0 [PHONE0]
12-08 13:25:29.385  2934  3083 E RILJ    : processResponse: Unexpected response! serial: 22, error: 0 [PHONE0]
12-08 13:25:29.385  2934  3083 E RILJ    : processResponse: Unexpected response! serial: 22, error: 0 [PHONE0]
12-08 13:25:29.385  2934  3083 E RILJ    : processResponse: Unexpected response! serial: 22, error: 0 [PHONE0]
12-08 13:25:29.385  2934  3083 E RILJ    : processResponse: Unexpected response! serial: 22, error: 0 [PHONE0]
12-08 13:25:29.385  2934  3083 E RILJ    : processResponse: Unexpected response! serial: 22, error: 44 [PHONE0]
12-08 13:25:29.388  2934  2934 D NetworkService: network service created
12-08 13:25:29.389  2934  2934 D SST     : [0] handlePollStateResult exception java.lang.IllegalStateException: Service not connected.
12-08 13:25:29.389  2934  2934 E SST     : [0] handlePollStateResult: RIL returned an error where it must succeed: java.lang.IllegalStateException: Service not connected.
12-08 13:25:29.389  2934  2934 D SST     : [0] handlePollStateResult exception java.lang.IllegalStateException: Service not connected.
12-08 13:25:29.389  2934  2934 E SST     : [0] handlePollStateResult: RIL returned an error where it must succeed: java.lang.IllegalStateException: Service not connected.
12-08 13:25:29.389  2934  2934 D SST     : [0] handlePollStateResult exception java.lang.IllegalStateException: Service not connected.
12-08 13:25:29.389  2934  2934 E SST     : [0] handlePollStateResult: RIL returned an error where it must succeed: java.lang.IllegalStateException: Service not connected.
12-08 13:25:29.389  2934  2934 D GsmCdmaPhone: EVENT_GET_RADIO_CAPABILITY: phone rc: {mPhoneId = 0 mVersion=1 mSession=0 mPhase=0 mRadioAccessFamily=561156 mLogicModemId=0 mStatus=1}
12-08 13:25:29.390  2934  2934 D GsmCdmaPhone: [0] reapplyUiccAppsEnablementIfNeeded: retries=3, subInfo=[SubscriptionInfo: id=1 iccId=893422230[****] simSlotIndex=-1 portIndex=-1 isEmbedded=false carrierId=2442 displayName=Digi.Mobil carrierName=Sin servicio isOpportunistic=false groupUuid=null groupOwner= isGroupDisabled=false displayNameSource=SIM_SPN iconTint=-16749196 number= dataRoaming=1 mcc=214 mnc=22 ehplmns=[] hplmns=[21422] cardString=893422230[****] cardId=0 nativeAccessRules=null carrierConfigAccessRules=null countryIso=es profileClass=-1 mType=LOCAL_SIM areUiccApplicationsEnabled=true usageSetting=DEFAULT isOnlyNonTerrestrialNetwork=false serviceCapabilities=[1, 2, 3] transferStatus=0 isSatelliteESOSSupported=false]
12-08 13:25:29.390  2934  2934 D ImsPhoneCallTracker: [0] onDataEnabledChanged: enabled=false, reason=-1
12-08 13:25:29.390  2934  2934 D ImsPhoneCallTracker: [0] Ignore data disabled - carrier policy indicates that data is not metered for ViLTE calls.
12-08 13:25:29.390  2934  2934 D DNC-0   : onDataEnabledChanged: enabled=false
12-08 13:25:29.390  2934  2934 D DSRM-0  : onMobileDataEnabledChanged: DataEnabled:false,DataStalled:false
12-08 13:25:29.390  2934  2934 D SST     : [0] EVENT_POLL_STATE_NETWORK_SELECTION_MODE
12-08 13:25:29.390  2934  2934 D SST     : [0] EVENT_POLL_STATE_NETWORK_SELECTION_MODE
12-08 13:25:29.391  2934  2934 D SST     : [0] combinePsRegistrationStates: {mVoiceRegState=3(POWER_OFF), mDataRegState=1(OUT_OF_SERVICE), mChannelNumber=-1, duplexMode()=0, mCellBandwidths=[], mOperatorAlphaLong=, mOperatorAlphaShort=, isManualNetworkSelection=false(automatic), getRilVoiceRadioTechnology=0(Unknown), getRilDataRadioTechnology=0(Unknown), mCssIndicator=unsupported, mNetworkId=-1, mSystemId=-1, mCdmaRoamingIndicator=-1, mCdmaDefaultRoamingIndicator=-1, mIsEmergencyOnly=false, isUsingCarrierAggregation=false, mArfcnRsrpBoost=0, mNetworkRegistrationInfos=[NetworkRegistrationInfo{ domain=CS transportType=WWAN registrationState=UNKNOWN networkRegistrationState=UNKNOWN roamingType=NOT_ROAMING accessNetworkTechnology=UNKNOWN rejectCause=0 emergencyEnabled=false availableServices=[] cellIdentity=null voiceSpecificInfo=null dataSpecificInfo=null nrState=**** rRplmn= isUsingCarrierAggregation=false isNonTerrestrialNetwork=TERRESTRIAL}, NetworkRegistrationInfo{ domain=PS transportType=WWAN registrationState=UNKNOWN networkRegistrationState=UNKNOWN roamingType=NOT_ROAMING accessNetworkTechnology=UNKNOWN rejectCause=0 emergencyEnabled=false availableServices=[] cellIdentity=null voiceSpecificInfo=null dataSpecificInfo=null nrState=**** rRplmn= isUsingCarrierAggregation=false isNonTerrestrialNetwork=TERRESTRIAL}, NetworkRegistrationInfo{ domain=PS transportType=WLAN registrationState=UNKNOWN networkRegistrationState=UNKNOWN roamingType=NOT_ROAMING accessNetworkTechnology=UNKNOWN rejectCause=0 emergencyEnabled=false availableServices=[] cellIdentity=null voiceSpecificInfo=null dataSpecificInfo=null nrState=**** rRplmn= isUsingCarrierAggregation=false isNonTerrestrialNetwork=TERRESTRIAL}], mNrFrequencyRange=0, mOperatorAlphaLongRaw=, mOperatorAlphaShortRaw=, mIsDataRoamingFromRegistration=false, mIsIwlanPreferred=false, mIsUsingNonTerrestrialNetwork=false}
12-08 13:25:29.391  2934  2934 D SST     : [0] set service state as POWER_OFF
12-08 13:25:29.391  2934  2934 D SST     : [0] Could not set ServiceState channel number. CellIdentity null
12-08 13:25:29.391  2934  2934 D SST     : [0] Poll ServiceState done: oldSS={mVoiceRegState=1(OUT_OF_SERVICE), mDataRegState=1(OUT_OF_SERVICE), mChannelNumber=-1, duplexMode()=0, mCellBandwidths=[], mOperatorAlphaLong=null, mOperatorAlphaShort=null, isManualNetworkSelection=false(automatic), getRilVoiceRadioTechnology=0(Unknown), getRilDataRadioTechnology=0(Unknown), mCssIndicator=unsupported, mNetworkId=-1, mSystemId=-1, mCdmaRoamingIndicator=-1, mCdmaDefaultRoamingIndicator=-1, mIsEmergencyOnly=false, isUsingCarrierAggregation=false, mArfcnRsrpBoost=0, mNetworkRegistrationInfos=[NetworkRegistrationInfo{ domain=CS transportType=WWAN registrationState=UNKNOWN networkRegistrationState=UNKNOWN roamingType=NOT_ROAMING accessNetworkTechnology=UNKNOWN rejectCause=0 emergencyEnabled=false availableServices=[] cellIdentity=null voiceSpecificInfo=null dataSpecificInfo=null nrState=**** rRplmn= isUsingCarrierAggregation=false isNonTerrestrialNetwork=TERRESTRIAL}, NetworkRegistrationInfo{ domain=PS transportType=WWAN registrationState=UNKNOWN networkRegistrationState=UNKNOWN roamingType=NOT_ROAMING accessNetworkTechnology=UNKNOWN rejectCause=0 emergencyEnabled=false availableServices=[] cellIdentity=null voiceSpecificInfo=null dataSpecificInfo=null nrState=**** rRplmn= isUsingCarrierAggregation=false isNonTerrestrialNetwork=TERRESTRIAL}, NetworkRegistrationInfo{ domain=PS transportType=WLAN registrationState=UNKNOWN networkRegistrationState=UNKNOWN roamingType=NOT_ROAMING accessNetworkTechnology=UNKNOWN rejectCause=0 emergencyEnabled=false availableServices=[] cellIdentity=null voiceSpecificInfo=null dataSpecificInfo=null nrState=**** rRplmn= isUsingCarrierAggregation=false isNonTerrestrialNetwork=TERRESTRIAL}], mNrFrequencyRange=0, mOperatorAlphaLongRaw=null, mOperatorAlphaShortRaw=null, mIsDataRoamingFromRegistration=false, mIsIwlanPreferred=false, mIsUsingNonTerrestrialNetwork=false}
12-08 13:25:29.391  2934  2934 D SST     : [0] Poll ServiceState done: newSS={mVoiceRegState=3(POWER_OFF), mDataRegState=3(POWER_OFF), mChannelNumber=-1, duplexMode()=0, mCellBandwidths=[], mOperatorAlphaLong=null, mOperatorAlphaShort=null, isManualNetworkSelection=false(automatic), getRilVoiceRadioTechnology=0(Unknown), getRilDataRadioTechnology=0(Unknown), mCssIndicator=unsupported, mNetworkId=-1, mSystemId=-1, mCdmaRoamingIndicator=-1, mCdmaDefaultRoamingIndicator=-1, mIsEmergencyOnly=false, isUsingCarrierAggregation=false, mArfcnRsrpBoost=0, mNetworkRegistrationInfos=[NetworkRegistrationInfo{ domain=CS transportType=WWAN registrationState=UNKNOWN networkRegistrationState=UNKNOWN roamingType=NOT_ROAMING accessNetworkTechnology=UNKNOWN rejectCause=0 emergencyEnabled=false availableServices=[] cellIdentity=null voiceSpecificInfo=null dataSpecificInfo=null nrState=**** rRplmn= isUsingCarrierAggregation=false isNonTerrestrialNetwork=TERRESTRIAL}, NetworkRegistrationInfo{ domain=PS transportType=WWAN registrationState=UNKNOWN networkRegistrationState=UNKNOWN roamingType=NOT_ROAMING accessNetworkTechnology=UNKNOWN rejectCause=0 emergencyEnabled=false availableServices=[] cellIdentity=null voiceSpecificInfo=null dataSpecificInfo=null nrState=**** rRplmn= isUsingCarrierAggregation=false isNonTerrestrialNetwork=TERRESTRIAL}, NetworkRegistrationInfo{ domain=PS transportType=WLAN registrationState=UNKNOWN networkRegistrationState=UNKNOWN roamingType=NOT_ROAMING accessNetworkTechnology=UNKNOWN rejectCause=0 emergencyEnabled=false availableServices=[] cellIdentity=null voiceSpecificInfo=null dataSpecificInfo=null nrState=**** rRplmn= isUsingCarrierAggregation=false isNonTerrestrialNetwork=TERRESTRIAL}], mNrFrequencyRange=0, mOperatorAlphaLongRaw=null, mOperatorAlphaShortRaw=null, mIsDataRoamingFromRegistration=false, mIsIwlanPreferred=false, mIsUsingNonTerrestrialNetwork=false}
12-08 13:25:29.391  2934  2934 D SST     : [0] Poll ServiceState done: oldMaxDataCalls=1 mNewMaxDataCalls=1 oldReasonDataDenied=-1 mNewReasonDataDenied=-1
12-08 13:25:29.391  2934  2934 D SST     : [0] pollStateDone: hasRegistered = false hasDeregistered = false hasDataAttached = {1=false, 2=false} hasDataDetached = {1=false, 2=false} hasDataRegStateChanged = {1=false, 2=false} hasRilVoiceRadioTechnologyChanged = false hasRilDataRadioTechnologyChanged = {1=false, 2=false} hasDataTransportPreferenceChanged = false hasChanged = true hasVoiceRoamingOn = false hasVoiceRoamingOff = false hasDataRoamingOn =false hasDataRoamingOff = false hasLocationChanged = false has4gHandoff = false hasMultiApnSupport = false hasLostMultiApnSupport = false hasCssIndicatorChanged = false hasNrFrequencyRangeChanged = false hasNrStateChanged = false hasAirplaneModeOnlChanged = true
12-08 13:25:29.391  2934  2934 D SST     : [0] getCarrierDisplayNameLegacy+
12-08 13:25:29.391  2934  2934 D SST     : [0] updateCarrierDisplayName: satellitePlmn=null
12-08 13:25:29.391  2934  2934 D SST     : [0] updateCarrierDisplayName: radio is off w/ showPlmn=true plmn=null
12-08 13:25:29.391  2934  2934 D SST     : [0] updateCarrierDisplayName: rawSpn = 
12-08 13:25:29.391  2934  2934 D SST     : [0] getCarrierDisplayNameLegacy-
12-08 13:25:29.391  2934  2934 D SST     : [0] notifyCarrierDisplayNameDataChanged: changed sending intent, rule=2, CarrierDisplayNameData={ spn = null, dataSpn = , showSpn = false, plmn = null, showPlmn = true, subId=-1
12-08 13:25:29.397  2934  2934 D SST     : [0] localeOperator null is invalid
12-08 13:25:29.398  2934  2934 D SST     : [0] Broadcasting ServiceState : {mVoiceRegState=3(POWER_OFF), mDataRegState=3(POWER_OFF), mChannelNumber=-1, duplexMode()=0, mCellBandwidths=[], mOperatorAlphaLong=null, mOperatorAlphaShort=null, isManualNetworkSelection=false(automatic), getRilVoiceRadioTechnology=0(Unknown), getRilDataRadioTechnology=0(Unknown), mCssIndicator=unsupported, mNetworkId=-1, mSystemId=-1, mCdmaRoamingIndicator=-1, mCdmaDefaultRoamingIndicator=-1, mIsEmergencyOnly=false, isUsingCarrierAggregation=false, mArfcnRsrpBoost=0, mNetworkRegistrationInfos=[NetworkRegistrationInfo{ domain=CS transportType=WWAN registrationState=UNKNOWN networkRegistrationState=UNKNOWN roamingType=NOT_ROAMING accessNetworkTechnology=UNKNOWN rejectCause=0 emergencyEnabled=false availableServices=[] cellIdentity=null voiceSpecificInfo=null dataSpecificInfo=null nrState=**** rRplmn= isUsingCarrierAggregation=false isNonTerrestrialNetwork=TERRESTRIAL}, NetworkRegistrationInfo{ domain=PS transportType=WWAN registrationState=UNKNOWN networkRegistrationState=UNKNOWN roamingType=NOT_ROAMING accessNetworkTechnology=UNKNOWN rejectCause=0 emergencyEnabled=false availableServices=[] cellIdentity=null voiceSpecificInfo=null dataSpecificInfo=null nrState=**** rRplmn= isUsingCarrierAggregation=false isNonTerrestrialNetwork=TERRESTRIAL}, NetworkRegistrationInfo{ domain=PS transportType=WLAN registrationState=UNKNOWN networkRegistrationState=UNKNOWN roamingType=NOT_ROAMING accessNetworkTechnology=UNKNOWN rejectCause=0 emergencyEnabled=false availableServices=[] cellIdentity=null voiceSpecificInfo=null dataSpecificInfo=null nrState=**** rRplmn= isUsingCarrierAggregation=false isNonTerrestrialNetwork=TERRESTRIAL}], mNrFrequencyRange=0, mOperatorAlphaLongRaw=null, mOperatorAlphaShortRaw=null, mIsDataRoamingFromRegistration=false, mIsIwlanPreferred=false, mIsUsingNonTerrestrialNetwork=false}
12-08 13:25:29.398  2934  2934 D DefaultPhoneNotifier: notifyServiceStateForSubId: mRegistryMgr=android.telephony.TelephonyRegistryManager@3c9cbef ss={mVoiceRegState=3(POWER_OFF), mDataRegState=3(POWER_OFF), mChannelNumber=-1, duplexMode()=0, mCellBandwidths=[], mOperatorAlphaLong=null, mOperatorAlphaShort=null, isManualNetworkSelection=false(automatic), getRilVoiceRadioTechnology=0(Unknown), getRilDataRadioTechnology=0(Unknown), mCssIndicator=unsupported, mNetworkId=-1, mSystemId=-1, mCdmaRoamingIndicator=-1, mCdmaDefaultRoamingIndicator=-1, mIsEmergencyOnly=false, isUsingCarrierAggregation=false, mArfcnRsrpBoost=0, mNetworkRegistrationInfos=[NetworkRegistrationInfo{ domain=CS transportType=WWAN registrationState=UNKNOWN networkRegistrationState=UNKNOWN roamingType=NOT_ROAMING accessNetworkTechnology=UNKNOWN rejectCause=0 emergencyEnabled=false availableServices=[] cellIdentity=null voiceSpecificInfo=null dataSpecificInfo=null nrState=**** rRplmn= isUsingCarrierAggregation=false isNonTerrestrialNetwork=TERRESTRIAL}, NetworkRegistrationInfo{ domain=PS transportType=WWAN registrationState=UNKNOWN networkRegistrationState=UNKNOWN roamingType=NOT_ROAMING accessNetworkTechnology=UNKNOWN rejectCause=0 emergencyEnabled=false availableServices=[] cellIdentity=null voiceSpecificInfo=null dataSpecificInfo=null nrState=**** rRplmn= isUsingCarrierAggregation=false isNonTerrestrialNetwork=TERRESTRIAL}, NetworkRegistrationInfo{ domain=PS transportType=WLAN registrationState=UNKNOWN networkRegistrationState=UNKNOWN roamingType=NOT_ROAMING accessNetworkTechnology=UNKNOWN rejectCause=0 emergencyEnabled=false availableServices=[] cellIdentity=null voiceSpecificInfo=null dataSpecificInfo=null nrState=**** rRplmn= isUsingCarrierAggregation=false isNonTerrestrialNetwork=TERRESTRIAL}], mNrFrequencyRange=0, mOperatorAlphaLongRaw=null, mOperatorAlphaShortRaw=null, mIsDataRoamingFromRegistration=false, mIsIwlanPreferred=false, mIsUsingNonTerrestrialNetwork=false} sender=Handler (com.android.internal.telephony.GsmCdmaPhone) {6e3fea5} phondId=0 subId=-1
12-08 13:25:29.400  1878  2974 D TelephonyRegistry: notifyServiceStateForSubscriber: INVALID subId=-1
12-08 13:25:29.401  2934  3183 D Phone-0 : [0] notifyCarrierRoamingNtnEligibleStateChanged eligible:false
12-08 13:25:29.401  1878  2466 E TelephonyRegistry: Invalid phone ID -1 for -1
12-08 13:25:29.419  2934  2934 W ImsStats: [0] conclude: discarding transient stats, duration=597
12-08 13:25:29.419  2934  2934 D SST     : [0] notifyVoiceRegStateRilRadioTechnologyChanged: vrs=3 rat=0
12-08 13:25:29.420  2934  2934 D GsmInboundSmsHandler: IdleState.processMessage: processing EVENT_RELEASE_WAKELOCK
12-08 13:25:29.420  2934  2934 D GsmInboundSmsHandler: IdleState.processMessage: EVENT_RELEASE_WAKELOCK: mWakeLock released
12-08 13:25:29.420  2934  2934 D CdmaInboundSmsHandler: IdleState.processMessage: processing EVENT_RELEASE_WAKELOCK
12-08 13:25:29.421  2934  2934 D CdmaInboundSmsHandler: IdleState.processMessage: EVENT_RELEASE_WAKELOCK: mWakeLock released
12-08 13:25:29.421  2934  2934 E GsmCdmaPhone: [1] parseImeiInfo :: Exception received : com.android.internal.telephony.CommandException: REQUEST_NOT_SUPPORTED
12-08 13:25:29.421  2934  2934 D GsmCdmaPhone: [1] EVENT_SET_NULL_CIPHER_AND_INTEGRITY_DONE
12-08 13:25:29.421  2934  2934 D GsmCdmaPhone: [1] EVENT_SET_IDENTIFIER_DISCLOSURE_ENABLED_DONE
12-08 13:25:29.421  2934  2934 D GsmCdmaPhone: [1] EVENT_SET_SECURITY_ALGORITHMS_UPDATED_ENABLED_DONE
12-08 13:25:29.421  2934  2934 D SST     : [1] handlePollStateResult exception java.lang.IllegalStateException: Service not connected.
12-08 13:25:29.421  2934  2934 E SST     : [1] handlePollStateResult: RIL returned an error where it must succeed: java.lang.IllegalStateException: Service not connected.
12-08 13:25:29.421  2934  2934 D SST     : [1] handlePollStateResult exception java.lang.IllegalStateException: Service not connected.
12-08 13:25:29.421  2934  2934 E SST     : [1] handlePollStateResult: RIL returned an error where it must succeed: java.lang.IllegalStateException: Service not connected.
12-08 13:25:29.421  2934  2934 D SST     : [1] handlePollStateResult exception java.lang.IllegalStateException: Service not connected.
12-08 13:25:29.421  2934  2934 E SST     : [1] handlePollStateResult: RIL returned an error where it must succeed: java.lang.IllegalStateException: Service not connected.
12-08 13:25:29.421  2934  2934 D NRM-I-1 : service ComponentInfo{vendor.qti.iwlan/vendor.qti.iwlan.IWlanNetworkService} for transport WLAN is now connected.
12-08 13:25:29.421  2934  2934 D NRM-I-0 : service ComponentInfo{vendor.qti.iwlan/vendor.qti.iwlan.IWlanNetworkService} for transport WLAN is now connected.
12-08 13:25:29.421  2934  2934 D DNC-1   : onDataEnabledChanged: enabled=false
12-08 13:25:29.422  2934  2934 D ImsPhoneCallTracker: [1] onDataEnabledChanged: enabled=false, reason=-1
