12-08 13:25:30.438  2934  2934 D Phone-0 : isImsCapabilityAvailable, capability=2, regTech=1, isAvailable=false
12-08 13:25:30.438  2934  2934 D Phone-0 : getImsRegistrationTechnology =-1
12-08 13:25:30.489  2934  2934 D ImsManagerIM [0]: ImsService not up yet - timeout waiting for connection.
12-08 13:25:30.495  2934  2934 D SST     : [0] pollState: modemTriggered=true, radioState=1
12-08 13:25:30.495  2934  2934 D RILJ    : [0159]> OPERATOR [PHONE0]
12-08 13:25:30.496  2934  3279 D RILJ    : [0160]> DATA_REGISTRATION_STATE [PHONE0]
12-08 13:25:30.496  2934  3279 D RILJ    : getDataRegistrationState: overrideHalVersion=null [PHONE0]
12-08 13:25:30.496  1735  1735 D RILC    : RadioImpl_1_5::getDataRegistrationState_1_5: serial 160
12-08 13:25:30.497  2934  2934 D RILJ    : [0161]> QUERY_NETWORK_SELECTION_MODE [PHONE0]
12-08 13:25:30.497  2934  2934 E CarrierActionAgent: [0]Unsupported action: 7
12-08 13:25:30.497  2934  2934 D UiccPkcs15: handleMessage: 201
12-08 13:25:30.497  2934  2934 D UiccPkcs15: error: com.android.internal.telephony.CommandException: NO_SUCH_ELEMENT
12-08 13:25:30.497  2934  3279 D RILJ    : [0162]> VOICE_REGISTRATION_STATE [PHONE0]
12-08 13:25:30.497  2934  3279 D RILJ    : getVoiceRegistrationState: overrideHalVersion=null [PHONE0]
12-08 13:25:30.497  1735  1735 D RILC    : RadioImpl_1_5::getVoiceRegistrationState_1_5: serial 162
12-08 13:25:30.497  2934  2934 D GsmCdmaPhone: mBroadcastReceiver: action android.telephony.action.SIM_APPLICATION_STATE_CHANGED
12-08 13:25:30.497  2934  2934 D GsmCdmaPhone: mBroadcastReceiver: action android.telephony.action.SIM_APPLICATION_STATE_CHANGED
12-08 13:25:30.497  2934  2934 D PhoneSwitcher: mSimStateIntentReceiver: slotIndex = 0 state = 2
12-08 13:25:30.498  2934  2934 D PhoneSwitcher: onDdsSwitchResponse: DDS switch success on phoneId = 0
12-08 13:25:30.498  2934  2934 D PhoneSwitcher: notifyPreferredDataSubIdChanged to 1
12-08 13:25:30.498  1878  2466 D TelephonyRegistry: notifyActiveDataSubIdChanged: activeDataSubId=1
12-08 13:25:30.499  2934  2934 D SST     : [0] EVENT_POLL_STATE_NETWORK_SELECTION_MODE
12-08 13:25:30.503  2934  3083 D RILJ    : [0066]< SET_UNSOLICITED_RESPONSE_FILTER  [PHONE1]
12-08 13:25:30.503  2934  3083 D RILJ    : [0075]< SET_UNSOLICITED_RESPONSE_FILTER  [PHONE1]
12-08 13:25:30.504  2934  3419 D NRM-I-1 : onRequestNetworkRegistrationInfoComplete result: 0, info: NetworkRegistrationInfo{ domain=PS transportType=WLAN registrationState=NOT_REG_OR_SEARCHING networkRegistrationState=NOT_REG_OR_SEARCHING roamingType=NOT_ROAMING accessNetworkTechnology=IWLAN rejectCause=0 emergencyEnabled=false availableServices=[] cellIdentity=null voiceSpecificInfo=null dataSpecificInfo=null nrState=**** rRplmn= isUsingCarrierAggregation=false isNonTerrestrialNetwork=TERRESTRIAL}
12-08 13:25:30.504  2934  3254 D NRM-I-1 : onRequestNetworkRegistrationInfoComplete result: 0, info: NetworkRegistrationInfo{ domain=PS transportType=WLAN registrationState=NOT_REG_OR_SEARCHING networkRegistrationState=NOT_REG_OR_SEARCHING roamingType=NOT_ROAMING accessNetworkTechnology=IWLAN rejectCause=0 emergencyEnabled=false availableServices=[] cellIdentity=null voiceSpecificInfo=null dataSpecificInfo=null nrState=**** rRplmn= isUsingCarrierAggregation=false isNonTerrestrialNetwork=TERRESTRIAL}
12-08 13:25:30.504  2934  3254 D NRM-I-1 : onRequestNetworkRegistrationInfoComplete result: 0, info: NetworkRegistrationInfo{ domain=PS transportType=WLAN registrationState=NOT_REG_OR_SEARCHING networkRegistrationState=NOT_REG_OR_SEARCHING roamingType=NOT_ROAMING accessNetworkTechnology=IWLAN rejectCause=0 emergencyEnabled=false availableServices=[] cellIdentity=null voiceSpecificInfo=null dataSpecificInfo=null nrState=**** rRplmn= isUsingCarrierAggregation=false isNonTerrestrialNetwork=TERRESTRIAL}
12-08 13:25:30.505  2934  2943 D NRM-I-1 : onRequestNetworkRegistrationInfoComplete result: 0, info: NetworkRegistrationInfo{ domain=PS transportType=WLAN registrationState=NOT_REG_OR_SEARCHING networkRegistrationState=NOT_REG_OR_SEARCHING roamingType=NOT_ROAMING accessNetworkTechnology=IWLAN rejectCause=0 emergencyEnabled=false availableServices=[] cellIdentity=null voiceSpecificInfo=null dataSpecificInfo=null nrState=**** rRplmn= isUsingCarrierAggregation=false isNonTerrestrialNetwork=TERRESTRIAL}
12-08 13:25:30.528  2934  2934 D SST     : [0] SubscriptionListener.onSubscriptionInfoChanged
12-08 13:25:30.528  2934  2934 D SST     : [1] SubscriptionListener.onSubscriptionInfoChanged
12-08 13:25:30.528  2934  2934 D TNP     : Subscription changed.
12-08 13:25:30.528  2934  2934 D TNP     : reevaluateNetworkRequests: subscription changed.
12-08 13:25:30.530  2934  2934 D Phone-0 : isImsRegistered =false
12-08 13:25:30.532  2934  2934 D Phone-0 : getImsRegistrationTechnology =-1
12-08 13:25:30.554  2934  3083 D RILJ    : Unsol response received; Sending ack to ril.cpp [PHONE1]
12-08 13:25:30.554  2934  3083 D RILJ    : [UNSL]< UNSOL_RESPONSE_NETWORK_STATE_CHANGED [PHONE1]
12-08 13:25:30.554  2934  3279 D NRM-C-1 : onNetworkStateChanged
12-08 13:25:30.555  2934  3083 D RILJ    : [0142]< OPERATOR {, , } [PHONE1]
12-08 13:25:30.555  2934  3083 D RILJ    : [0151]< OPERATOR {, , } [PHONE1]
12-08 13:25:30.555  2934  3083 D RILJ    : [0155]< OPERATOR {, , } [PHONE1]
12-08 13:25:30.556  2934  3083 D RILJ    : [0146]< GET_CURRENT_CALLS {} [PHONE1]
12-08 13:25:30.582  2934  2934 D ImsManagerIM [0]: ImsService not up yet - timeout waiting for connection.
12-08 13:25:30.584  2934  3083 D RILJ    : [0129]< DATA_REGISTRATION_STATE {.regState = NOT_REG_MT_SEARCHING_OP, .rat = UNKNOWN, .reasonForDenial = NONE, .cellIdentity = {.noinit = {}}, .registeredPlmn = , .accessTechnologySpecificInfo = {.noinit = {}}} [PHONE0]
12-08 13:25:30.584  2934  3279 D CellularNetworkService: No access tech specific info passes for RegStateResult
12-08 13:25:30.584  2934  3083 D RILJ    : [0139]< QUERY_NETWORK_SELECTION_MODE {0} [PHONE0]
12-08 13:25:30.584  2934  3279 D NRM-C-0 : onRequestNetworkRegistrationInfoComplete result: 0, info: NetworkRegistrationInfo{ domain=PS transportType=WWAN registrationState=NOT_REG_SEARCHING networkRegistrationState=NOT_REG_SEARCHING roamingType=NOT_ROAMING accessNetworkTechnology=UNKNOWN rejectCause=0 emergencyEnabled=false availableServices=[] cellIdentity=null voiceSpecificInfo=null dataSpecificInfo=android.telephony.DataSpecificRegistrationInfo :{ maxDataCalls = 16 isDcNrRestricted = false isNrAvailable = false isEnDcAvailable = false mLteAttachResultType = 0 mLteAttachExtraInfo = 0 LteVopsSupportInfo :  mVopsSupport = 1 mEmcBearerSupport = 1 } nrState=**** rRplmn= isUsingCarrierAggregation=false isNonTerrestrialNetwork=TERRESTRIAL}
12-08 13:25:30.584  2934  3083 D RILJ    : [0138]< DATA_REGISTRATION_STATE {.regState = NOT_REG_MT_SEARCHING_OP, .rat = UNKNOWN, .reasonForDenial = NONE, .cellIdentity = {.noinit = {}}, .registeredPlmn = , .accessTechnologySpecificInfo = {.noinit = {}}} [PHONE0]
12-08 13:25:30.585  2934  3279 D CellularNetworkService: No access tech specific info passes for RegStateResult
12-08 13:25:30.585  2934  3279 D NRM-C-0 : onRequestNetworkRegistrationInfoComplete result: 0, info: NetworkRegistrationInfo{ domain=PS transportType=WWAN registrationState=NOT_REG_SEARCHING networkRegistrationState=NOT_REG_SEARCHING roamingType=NOT_ROAMING accessNetworkTechnology=UNKNOWN rejectCause=0 emergencyEnabled=false availableServices=[] cellIdentity=null voiceSpecificInfo=null dataSpecificInfo=android.telephony.DataSpecificRegistrationInfo :{ maxDataCalls = 16 isDcNrRestricted = false isNrAvailable = false isEnDcAvailable = false mLteAttachResultType = 0 mLteAttachExtraInfo = 0 LteVopsSupportInfo :  mVopsSupport = 1 mEmcBearerSupport = 1 } nrState=**** rRplmn= isUsingCarrierAggregation=false isNonTerrestrialNetwork=TERRESTRIAL}
12-08 13:25:30.585  2934  3083 D RILJ    : [0161]< QUERY_NETWORK_SELECTION_MODE {0} [PHONE0]
12-08 13:25:30.585  2934  3083 D RILJ    : [0160]< DATA_REGISTRATION_STATE {.regState = NOT_REG_MT_SEARCHING_OP, .rat = UNKNOWN, .reasonForDenial = NONE, .cellIdentity = {.noinit = {}}, .registeredPlmn = , .accessTechnologySpecificInfo = {.noinit = {}}} [PHONE0]
12-08 13:25:30.585  2934  3279 D CellularNetworkService: No access tech specific info passes for RegStateResult
12-08 13:25:30.586  2934  3279 D NRM-C-0 : onRequestNetworkRegistrationInfoComplete result: 0, info: NetworkRegistrationInfo{ domain=PS transportType=WWAN registrationState=NOT_REG_SEARCHING networkRegistrationState=NOT_REG_SEARCHING roamingType=NOT_ROAMING accessNetworkTechnology=UNKNOWN rejectCause=0 emergencyEnabled=false availableServices=[] cellIdentity=null voiceSpecificInfo=null dataSpecificInfo=android.telephony.DataSpecificRegistrationInfo :{ maxDataCalls = 16 isDcNrRestricted = false isNrAvailable = false isEnDcAvailable = false mLteAttachResultType = 0 mLteAttachExtraInfo = 0 LteVopsSupportInfo :  mVopsSupport = 1 mEmcBearerSupport = 1 } nrState=**** rRplmn= isUsingCarrierAggregation=false isNonTerrestrialNetwork=TERRESTRIAL}
12-08 13:25:30.586  2934  3083 D RILJ    : [0137]< OPERATOR {, , } [PHONE0]
12-08 13:25:30.586  2934  3083 D RILJ    : [0147]< IMS_REGISTRATION_STATE {0, 1} [PHONE1]
12-08 13:25:30.586  2934  3083 D RILJ    : [0159]< OPERATOR {, , } [PHONE0]
12-08 13:25:30.606  2934  3083 D RILJ    : [0145]< VOICE_REGISTRATION_STATE {.regState = NOT_REG_MT_SEARCHING_OP, .rat = UNKNOWN, .reasonForDenial = NONE, .cellIdentity = {.noinit = {}}, .registeredPlmn = , .accessTechnologySpecificInfo = {.noinit = {}}} [PHONE1]
12-08 13:25:30.606  2934  3279 D CellularNetworkService: No access tech specific info passes for RegStateResult
12-08 13:25:30.606  2934  3279 D NRM-C-1 : onRequestNetworkRegistrationInfoComplete result: 0, info: NetworkRegistrationInfo{ domain=CS transportType=WWAN registrationState=NOT_REG_SEARCHING networkRegistrationState=NOT_REG_SEARCHING roamingType=NOT_ROAMING accessNetworkTechnology=UNKNOWN rejectCause=0 emergencyEnabled=false availableServices=[] cellIdentity=null voiceSpecificInfo=VoiceSpecificRegistrationInfo { mCssSupported=false mRoamingIndicator=0 mSystemIsInPrl=0 mDefaultRoamingIndicator=0} dataSpecificInfo=null nrState=**** rRplmn= isUsingCarrierAggregation=false isNonTerrestrialNetwork=TERRESTRIAL}
12-08 13:25:30.606  2934  3083 D RILJ    : [0144]< QUERY_NETWORK_SELECTION_MODE {0} [PHONE1]
12-08 13:25:30.607  2934  3083 D RILJ    : [0154]< VOICE_REGISTRATION_STATE {.regState = NOT_REG_MT_SEARCHING_OP, .rat = UNKNOWN, .reasonForDenial = NONE, .cellIdentity = {.noinit = {}}, .registeredPlmn = , .accessTechnologySpecificInfo = {.noinit = {}}} [PHONE1]
12-08 13:25:30.607  2934  3279 D CellularNetworkService: No access tech specific info passes for RegStateResult
12-08 13:25:30.607  2934  3279 D NRM-C-1 : onRequestNetworkRegistrationInfoComplete result: 0, info: NetworkRegistrationInfo{ domain=CS transportType=WWAN registrationState=NOT_REG_SEARCHING networkRegistrationState=NOT_REG_SEARCHING roamingType=NOT_ROAMING accessNetworkTechnology=UNKNOWN rejectCause=0 emergencyEnabled=false availableServices=[] cellIdentity=null voiceSpecificInfo=VoiceSpecificRegistrationInfo { mCssSupported=false mRoamingIndicator=0 mSystemIsInPrl=0 mDefaultRoamingIndicator=0} dataSpecificInfo=null nrState=**** rRplmn= isUsingCarrierAggregation=false isNonTerrestrialNetwork=TERRESTRIAL}
12-08 13:25:30.607  2934  3083 D RILJ    : [0158]< VOICE_REGISTRATION_STATE {.regState = NOT_REG_MT_SEARCHING_OP, .rat = UNKNOWN, .reasonForDenial = NONE, .cellIdentity = {.noinit = {}}, .registeredPlmn = , .accessTechnologySpecificInfo = {.noinit = {}}} [PHONE1]
12-08 13:25:30.607  2934  3279 D CellularNetworkService: No access tech specific info passes for RegStateResult
12-08 13:25:30.607  2934  3279 D NRM-C-1 : onRequestNetworkRegistrationInfoComplete result: 0, info: NetworkRegistrationInfo{ domain=CS transportType=WWAN registrationState=NOT_REG_SEARCHING networkRegistrationState=NOT_REG_SEARCHING roamingType=NOT_ROAMING accessNetworkTechnology=UNKNOWN rejectCause=0 emergencyEnabled=false availableServices=[] cellIdentity=null voiceSpecificInfo=VoiceSpecificRegistrationInfo { mCssSupported=false mRoamingIndicator=0 mSystemIsInPrl=0 mDefaultRoamingIndicator=0} dataSpecificInfo=null nrState=**** rRplmn= isUsingCarrierAggregation=false isNonTerrestrialNetwork=TERRESTRIAL}
12-08 13:25:30.607  2934  3083 D RILJ    : [0152]< QUERY_NETWORK_SELECTION_MODE {0} [PHONE1]
12-08 13:25:30.607  2934  3083 D RILJ    : [0157]< QUERY_NETWORK_SELECTION_MODE {0} [PHONE1]
12-08 13:25:30.608  2934  3083 D RILJ    : [0143]< DATA_REGISTRATION_STATE {.regState = NOT_REG_MT_SEARCHING_OP, .rat = UNKNOWN, .reasonForDenial = NONE, .cellIdentity = {.noinit = {}}, .registeredPlmn = , .accessTechnologySpecificInfo = {.noinit = {}}} [PHONE1]
12-08 13:25:30.608  2934  3279 D CellularNetworkService: No access tech specific info passes for RegStateResult
12-08 13:25:30.608  2934  3279 D NRM-C-1 : onRequestNetworkRegistrationInfoComplete result: 0, info: NetworkRegistrationInfo{ domain=PS transportType=WWAN registrationState=NOT_REG_SEARCHING networkRegistrationState=NOT_REG_SEARCHING roamingType=NOT_ROAMING accessNetworkTechnology=UNKNOWN rejectCause=0 emergencyEnabled=false availableServices=[] cellIdentity=null voiceSpecificInfo=null dataSpecificInfo=android.telephony.DataSpecificRegistrationInfo :{ maxDataCalls = 16 isDcNrRestricted = false isNrAvailable = false isEnDcAvailable = false mLteAttachResultType = 0 mLteAttachExtraInfo = 0 LteVopsSupportInfo :  mVopsSupport = 1 mEmcBearerSupport = 1 } nrState=**** rRplmn= isUsingCarrierAggregation=false isNonTerrestrialNetwork=TERRESTRIAL}
12-08 13:25:30.608  2934  3279 D CellularNetworkService: No access tech specific info passes for RegStateResult
12-08 13:25:30.608  2934  3083 D RILJ    : [0153]< DATA_REGISTRATION_STATE {.regState = NOT_REG_MT_SEARCHING_OP, .rat = UNKNOWN, .reasonForDenial = NONE, .cellIdentity = {.noinit = {}}, .registeredPlmn = , .accessTechnologySpecificInfo = {.noinit = {}}} [PHONE1]
12-08 13:25:30.608  2934  3279 D NRM-C-1 : onRequestNetworkRegistrationInfoComplete result: 0, info: NetworkRegistrationInfo{ domain=PS transportType=WWAN registrationState=NOT_REG_SEARCHING networkRegistrationState=NOT_REG_SEARCHING roamingType=NOT_ROAMING accessNetworkTechnology=UNKNOWN rejectCause=0 emergencyEnabled=false availableServices=[] cellIdentity=null voiceSpecificInfo=null dataSpecificInfo=android.telephony.DataSpecificRegistrationInfo :{ maxDataCalls = 16 isDcNrRestricted = false isNrAvailable = false isEnDcAvailable = false mLteAttachResultType = 0 mLteAttachExtraInfo = 0 LteVopsSupportInfo :  mVopsSupport = 1 mEmcBearerSupport = 1 } nrState=**** rRplmn= isUsingCarrierAggregation=false isNonTerrestrialNetwork=TERRESTRIAL}
12-08 13:25:30.608  2934  3083 D RILJ    : [0148]< VOICE_RADIO_TECH {3} [PHONE1]
12-08 13:25:30.609  2934  3083 D RILJ    : [0156]< DATA_REGISTRATION_STATE {.regState = NOT_REG_MT_SEARCHING_OP, .rat = UNKNOWN, .reasonForDenial = NONE, .cellIdentity = {.noinit = {}}, .registeredPlmn = , .accessTechnologySpecificInfo = {.noinit = {}}} [PHONE1]
12-08 13:25:30.609  2934  3279 D CellularNetworkService: No access tech specific info passes for RegStateResult
12-08 13:25:30.609  2934  3279 D NRM-C-1 : onRequestNetworkRegistrationInfoComplete result: 0, info: NetworkRegistrationInfo{ domain=PS transportType=WWAN registrationState=NOT_REG_SEARCHING networkRegistrationState=NOT_REG_SEARCHING roamingType=NOT_ROAMING accessNetworkTechnology=UNKNOWN rejectCause=0 emergencyEnabled=false availableServices=[] cellIdentity=null voiceSpecificInfo=null dataSpecificInfo=android.telephony.DataSpecificRegistrationInfo :{ maxDataCalls = 16 isDcNrRestricted = false isNrAvailable = false isEnDcAvailable = false mLteAttachResultType = 0 mLteAttachExtraInfo = 0 LteVopsSupportInfo :  mVopsSupport = 1 mEmcBearerSupport = 1 } nrState=**** rRplmn= isUsingCarrierAggregation=false isNonTerrestrialNetwork=TERRESTRIAL}
12-08 13:25:30.621  2934  2934 D SST     : [1] pollState: modemTriggered=true, radioState=1
12-08 13:25:30.622  2934  2934 D RILJ    : [0164]> OPERATOR [PHONE1]
12-08 13:25:30.623  2934  3083 D RILJ    : [0164]< OPERATOR {, , } [PHONE1]
12-08 13:25:30.624  2934  3279 D RILJ    : [0165]> DATA_REGISTRATION_STATE [PHONE1]
12-08 13:25:30.624  2934  3279 D RILJ    : getDataRegistrationState: overrideHalVersion=null [PHONE1]
12-08 13:25:30.624  1755  1944 D RILC    : RadioImpl_1_5::getDataRegistrationState_1_5: serial 165
12-08 13:25:30.626  2934  3083 D RILJ    : [0165]< DATA_REGISTRATION_STATE {.regState = NOT_REG_MT_SEARCHING_OP, .rat = UNKNOWN, .reasonForDenial = NONE, .cellIdentity = {.noinit = {}}, .registeredPlmn = , .accessTechnologySpecificInfo = {.noinit = {}}} [PHONE1]
12-08 13:25:30.628  2934  3279 D RILJ    : [0166]> VOICE_REGISTRATION_STATE [PHONE1]
12-08 13:25:30.628  2934  3279 D RILJ    : getVoiceRegistrationState: overrideHalVersion=null [PHONE1]
12-08 13:25:30.628  1755  1944 D RILC    : RadioImpl_1_5::getVoiceRegistrationState_1_5: serial 166
12-08 13:25:30.628  2934  3279 D CellularNetworkService: No access tech specific info passes for RegStateResult
12-08 13:25:30.628  2934  3279 D NRM-C-1 : onRequestNetworkRegistrationInfoComplete result: 0, info: NetworkRegistrationInfo{ domain=PS transportType=WWAN registrationState=NOT_REG_SEARCHING networkRegistrationState=NOT_REG_SEARCHING roamingType=NOT_ROAMING accessNetworkTechnology=UNKNOWN rejectCause=0 emergencyEnabled=false availableServices=[] cellIdentity=null voiceSpecificInfo=null dataSpecificInfo=android.telephony.DataSpecificRegistrationInfo :{ maxDataCalls = 16 isDcNrRestricted = false isNrAvailable = false isEnDcAvailable = false mLteAttachResultType = 0 mLteAttachExtraInfo = 0 LteVopsSupportInfo :  mVopsSupport = 1 mEmcBearerSupport = 1 } nrState=**** rRplmn= isUsingCarrierAggregation=false isNonTerrestrialNetwork=TERRESTRIAL}
12-08 13:25:30.630  2934  2943 D NRM-I-1 : onRequestNetworkRegistrationInfoComplete result: 0, info: NetworkRegistrationInfo{ domain=PS transportType=WLAN registrationState=NOT_REG_OR_SEARCHING networkRegistrationState=NOT_REG_OR_SEARCHING roamingType=NOT_ROAMING accessNetworkTechnology=IWLAN rejectCause=0 emergencyEnabled=false availableServices=[] cellIdentity=null voiceSpecificInfo=null dataSpecificInfo=null nrState=**** rRplmn= isUsingCarrierAggregation=false isNonTerrestrialNetwork=TERRESTRIAL}
12-08 13:25:30.631  2934  2934 D RILJ    : [0167]> QUERY_NETWORK_SELECTION_MODE [PHONE1]
12-08 13:25:30.631  2934  2934 D DNC-0   : onAddNetworkRequest: added [NetworkRequest [ REQUEST id=102, [ Capabilities: INTERNET&NOT_RESTRICTED&TRUSTED&NOT_VCN_MANAGED&NOT_BANDWIDTH_CONSTRAINED Uid: 10659 RequestorUid: 10678 RequestorPkg: com.android.systemui UnderlyingNetworks: Null] ], mPriority=20, state=UNSATISFIED, mAttachedDataNetwork=null, created time=13:25:30.383, evaluation result=null]
12-08 13:25:30.632  2934  2934 D DPM-0   : Can't find any data profile that can satisfy [NetworkRequest [ REQUEST id=102, [ Capabilities: INTERNET&NOT_RESTRICTED&TRUSTED&NOT_VCN_MANAGED&NOT_BANDWIDTH_CONSTRAINED Uid: 10659 RequestorUid: 10678 RequestorPkg: com.android.systemui UnderlyingNetworks: Null] ], mPriority=20, state=UNSATISFIED, mAttachedDataNetwork=null, created time=13:25:30.384, evaluation result=null]
12-08 13:25:30.632  2934  2934 D DPM-0   : Unable to find a data profile for [NetworkRequest [ REQUEST id=102, [ Capabilities: INTERNET&NOT_RESTRICTED&TRUSTED&NOT_VCN_MANAGED&NOT_BANDWIDTH_CONSTRAINED Uid: 10659 RequestorUid: 10678 RequestorPkg: com.android.systemui UnderlyingNetworks: Null] ], mPriority=20, state=UNSATISFIED, mAttachedDataNetwork=null, created time=13:25:30.384, evaluation result=null]
12-08 13:25:30.632  2934  2934 D DNC-0   : Data evaluation: evaluation reason:NEW_REQUEST, Data disallowed reasons: DATA_CONFIG_NOT_READY SERVICE_OPTION_NOT_SUPPORTED NO_SUITABLE_DATA_PROFILE SIM_NOT_READY NOT_IN_SERVICE, candidate profile=null, time=13:25:30.632, network type=UNKNOWN, reg state=UNKNOWN, [NetworkRequest [ REQUEST id=102, [ Capabilities: INTERNET&NOT_RESTRICTED&TRUSTED&NOT_VCN_MANAGED&NOT_BANDWIDTH_CONSTRAINED Uid: 10659 RequestorUid: 10678 RequestorPkg: com.android.systemui UnderlyingNetworks: Null] ], mPriority=20, state=UNSATISFIED, mAttachedDataNetwork=null, created time=13:25:30.383, evaluation result=Data evaluation: evaluation reason:NEW_REQUEST, Data disallowed reasons: DATA_CONFIG_NOT_READY SERVICE_OPTION_NOT_SUPPORTED NO_SUITABLE_DATA_PROFILE SIM_NOT_READY NOT_IN_SERVICE, candidate profile=null, time=13:25:30.632]
12-08 13:25:30.632  2934  2934 D SST     : [1] EVENT_POLL_STATE_NETWORK_SELECTION_MODE
12-08 13:25:30.632  2934  2934 D GsmCdmaCallTracker: [0] update phone state, old=IDLE new=IDLE
12-08 13:25:30.632  2934  2934 D SST     : [0] EVENT_POLL_STATE_NETWORK_SELECTION_MODE
12-08 13:25:30.633  2934  2934 D RILJ    : [0168]> SET_SIGNAL_STRENGTH_REPORTING_CRITERIA [PHONE0]
12-08 13:25:30.633  2934  2934 D SSCtr   : setSignalStrengthReportingCriteria consolidatedSignalThresholdInfos=[SignalThresholdInfo{mRan=1 mSignalMeasurementType=1 mHysteresisMs=3000 mHysteresisDb=2 mThresholds=[-107, -103, -97, -89] mIsEnabled=true}, SignalThresholdInfo{mRan=2 mSignalMeasurementType=2 mHysteresisMs=3000 mHysteresisDb=2 mThresholds=[-115, -105, -95, -85] mIsEnabled=true}, SignalThresholdInfo{mRan=3 mSignalMeasurementType=3 mHysteresisMs=3000 mHysteresisDb=2 mThresholds=[-128, -118, -108, -98] mIsEnabled=true}, SignalThresholdInfo{mRan=3 mSignalMeasurementType=4 mHysteresisMs=3000 mHysteresisDb=2 mThresholds=[] mIsEnabled=false}, SignalThresholdInfo{mRan=3 mSignalMeasurementType=5 mHysteresisMs=3000 mHysteresisDb=2 mThresholds=[] mIsEnabled=false}, SignalThresholdInfo{mRan=6 mSignalMeasurementType=6 mHysteresisMs=3000 mHysteresisDb=2 mThresholds=[-110, -90, -80, -65] mIsEnabled=true}, SignalThresholdInfo{mRan=6 mSignalMeasurementType=7 mHysteresisMs=3000 mHysteresisDb=2 mThresholds=[] mIsEnabled=false}, SignalThresholdInfo{mRan=6 mSignalMeasurementType=8 mHysteresisMs=3000 mHysteresisDb=2 mThresholds=[] mIsEnabled=false}, SignalThresholdInfo{mRan=2 mSignalMeasurementType=9 mHysteresisMs=3000 mHysteresisDb=2 mThresholds=[] mIsEnabled=false}]
12-08 13:25:30.633  2934  2934 D SST     : [0] pollState: modemTriggered=true, radioState=1
12-08 13:25:30.633  2934  2934 D RILJ    : [0169]> OPERATOR [PHONE0]
12-08 13:25:30.634  2934  2934 D RILJ    : [0170]> QUERY_NETWORK_SELECTION_MODE [PHONE0]
12-08 13:25:30.635  2934  3279 D RILJ    : [0171]> DATA_REGISTRATION_STATE [PHONE0]
12-08 13:25:30.635  2934  3279 D RILJ    : getDataRegistrationState: overrideHalVersion=null [PHONE0]
12-08 13:25:30.635  1735  1837 D RILC    : RadioImpl_1_5::getDataRegistrationState_1_5: serial 171
12-08 13:25:30.635  2934  3279 D RILJ    : [0172]> VOICE_REGISTRATION_STATE [PHONE0]
12-08 13:25:30.635  2934  3279 D RILJ    : getVoiceRegistrationState: overrideHalVersion=null [PHONE0]
12-08 13:25:30.635  1735  1837 D RILC    : RadioImpl_1_5::getVoiceRegistrationState_1_5: serial 172
12-08 13:25:30.639  2934  2934 D DNC-0   : Re-evaluating 38 unsatisfied network requests in 4 groups, [INTERNET|TRUSTED|NOT_VPN|NOT_VCN_MANAGED]-SATELLITE, [INTERNET|NOT_RESTRICTED|TRUSTED|NOT_VCN_MANAGED|NOT_BANDWIDTH_CONSTRAINED]-, [INTERNET|NOT_RESTRICTED|TRUSTED|NOT_VPN|NOT_VCN_MANAGED|NOT_BANDWIDTH_CONSTRAINED]-CELLULAR, [INTERNET|NOT_RESTRICTED|TRUSTED|NOT_VPN|NOT_VCN_MANAGED|NOT_BANDWIDTH_CONSTRAINED]- due to DATA_ENABLED_CHANGED
12-08 13:25:30.639  2934  3083 D RILJ    : [0133]< VOICE_REGISTRATION_STATE {.regState = NOT_REG_MT_SEARCHING_OP, .rat = UNKNOWN, .reasonForDenial = NONE, .cellIdentity = {.noinit = {}}, .registeredPlmn = , .accessTechnologySpecificInfo = {.noinit = {}}} [PHONE0]
12-08 13:25:30.639  2934  3083 D RILJ    : [0140]< VOICE_REGISTRATION_STATE {.regState = NOT_REG_MT_SEARCHING_OP, .rat = UNKNOWN, .reasonForDenial = NONE, .cellIdentity = {.noinit = {}}, .registeredPlmn = , .accessTechnologySpecificInfo = {.noinit = {}}} [PHONE0]
12-08 13:25:30.639  2934  3083 D RILJ    : [0141]< SET_SIGNAL_STRENGTH_REPORTING_CRITERIA  [PHONE0]
12-08 13:25:30.640  2934  3083 D RILJ    : [0162]< VOICE_REGISTRATION_STATE {.regState = NOT_REG_MT_SEARCHING_OP, .rat = UNKNOWN, .reasonForDenial = NONE, .cellIdentity = {.noinit = {}}, .registeredPlmn = , .accessTechnologySpecificInfo = {.noinit = {}}} [PHONE0]
12-08 13:25:30.640  2934  3083 D RILJ    : [0172]< VOICE_REGISTRATION_STATE {.regState = NOT_REG_MT_SEARCHING_OP, .rat = UNKNOWN, .reasonForDenial = NONE, .cellIdentity = {.noinit = {}}, .registeredPlmn = , .accessTechnologySpecificInfo = {.noinit = {}}} [PHONE0]
12-08 13:25:30.640  2934  3083 E RILJ    : processResponse: Unexpected response! serial: 141, error: 0 [PHONE0]
12-08 13:25:30.640  2934  3279 D CellularNetworkService: No access tech specific info passes for RegStateResult
12-08 13:25:30.640  2934  3279 D NRM-C-0 : onRequestNetworkRegistrationInfoComplete result: 0, info: NetworkRegistrationInfo{ domain=CS transportType=WWAN registrationState=NOT_REG_SEARCHING networkRegistrationState=NOT_REG_SEARCHING roamingType=NOT_ROAMING accessNetworkTechnology=UNKNOWN rejectCause=0 emergencyEnabled=false availableServices=[] cellIdentity=null voiceSpecificInfo=VoiceSpecificRegistrationInfo { mCssSupported=false mRoamingIndicator=0 mSystemIsInPrl=0 mDefaultRoamingIndicator=0} dataSpecificInfo=null nrState=**** rRplmn= isUsingCarrierAggregation=false isNonTerrestrialNetwork=TERRESTRIAL}
12-08 13:25:30.640  2934  3279 D CellularNetworkService: No access tech specific info passes for RegStateResult
12-08 13:25:30.640  2934  3279 D NRM-C-0 : onRequestNetworkRegistrationInfoComplete result: 0, info: NetworkRegistrationInfo{ domain=CS transportType=WWAN registrationState=NOT_REG_SEARCHING networkRegistrationState=NOT_REG_SEARCHING roamingType=NOT_ROAMING accessNetworkTechnology=UNKNOWN rejectCause=0 emergencyEnabled=false availableServices=[] cellIdentity=null voiceSpecificInfo=VoiceSpecificRegistrationInfo { mCssSupported=false mRoamingIndicator=0 mSystemIsInPrl=0 mDefaultRoamingIndicator=0} dataSpecificInfo=null nrState=**** rRplmn= isUsingCarrierAggregation=false isNonTerrestrialNetwork=TERRESTRIAL}
12-08 13:25:30.640  2934  3279 D CellularNetworkService: No access tech specific info passes for RegStateResult
12-08 13:25:30.641  2934  3279 D NRM-C-0 : onRequestNetworkRegistrationInfoComplete result: 0, info: NetworkRegistrationInfo{ domain=CS transportType=WWAN registrationState=NOT_REG_SEARCHING networkRegistrationState=NOT_REG_SEARCHING roamingType=NOT_ROAMING accessNetworkTechnology=UNKNOWN rejectCause=0 emergencyEnabled=false availableServices=[] cellIdentity=null voiceSpecificInfo=VoiceSpecificRegistrationInfo { mCssSupported=false mRoamingIndicator=0 mSystemIsInPrl=0 mDefaultRoamingIndicator=0} dataSpecificInfo=null nrState=**** rRplmn= isUsingCarrierAggregation=false isNonTerrestrialNetwork=TERRESTRIAL}
12-08 13:25:30.641  2934  3279 D CellularNetworkService: No access tech specific info passes for RegStateResult
12-08 13:25:30.641  2934  3279 D NRM-C-0 : onRequestNetworkRegistrationInfoComplete result: 0, info: NetworkRegistrationInfo{ domain=CS transportType=WWAN registrationState=NOT_REG_SEARCHING networkRegistrationState=NOT_REG_SEARCHING roamingType=NOT_ROAMING accessNetworkTechnology=UNKNOWN rejectCause=0 emergencyEnabled=false availableServices=[] cellIdentity=null voiceSpecificInfo=VoiceSpecificRegistrationInfo { mCssSupported=false mRoamingIndicator=0 mSystemIsInPrl=0 mDefaultRoamingIndicator=0} dataSpecificInfo=null nrState=**** rRplmn= isUsingCarrierAggregation=false isNonTerrestrialNetwork=TERRESTRIAL}
12-08 13:25:30.641  2934  3083 D RILJ    : Unsol response received; Sending ack to ril.cpp [PHONE0]
12-08 13:25:30.641  2934  3083 D RILJ    : [UNSL]< UNSOL_RESPONSE_NETWORK_STATE_CHANGED [PHONE0]
12-08 13:25:30.641  2934  2934 D DPM-0   : Can't find any data profile that can satisfy [NetworkRequest [ REQUEST id=12, [ Transports: SATELLITE Capabilities: INTERNET&TRUSTED&NOT_VPN&NOT_VCN_MANAGED Uid: 10613 UnderlyingNetworks: Null] ], mPriority=20, state=UNSATISFIED, mAttachedDataNetwork=null, created time=13:25:29.244, evaluation result=Data evaluation: evaluation reason:NEW_REQUEST, Data disallowed reasons: DATA_CONFIG_NOT_READY SERVICE_OPTION_NOT_SUPPORTED DATA_NETWORK_TRANSPORT_NOT_ALLOWED NO_SUITABLE_DATA_PROFILE SIM_NOT_READY NOT_IN_SERVICE, candidate profile=null, time=13:25:30.326]
12-08 13:25:30.641  2934  3279 D NRM-C-0 : onNetworkStateChanged
12-08 13:25:30.642  2934  2934 D DPM-0   : Unable to find a data profile for [NetworkRequest [ REQUEST id=12, [ Transports: SATELLITE Capabilities: INTERNET&TRUSTED&NOT_VPN&NOT_VCN_MANAGED Uid: 10613 UnderlyingNetworks: Null] ], mPriority=20, state=UNSATISFIED, mAttachedDataNetwork=null, created time=13:25:29.243, evaluation result=Data evaluation: evaluation reason:NEW_REQUEST, Data disallowed reasons: DATA_CONFIG_NOT_READY SERVICE_OPTION_NOT_SUPPORTED DATA_NETWORK_TRANSPORT_NOT_ALLOWED NO_SUITABLE_DATA_PROFILE SIM_NOT_READY NOT_IN_SERVICE, candidate profile=null, time=13:25:30.326]
12-08 13:25:30.642  2934  2934 D DNC-0   : Data evaluation: evaluation reason:DATA_ENABLED_CHANGED, Data disallowed reasons: DATA_CONFIG_NOT_READY SERVICE_OPTION_NOT_SUPPORTED DATA_NETWORK_TRANSPORT_NOT_ALLOWED NO_SUITABLE_DATA_PROFILE SIM_NOT_READY NOT_IN_SERVICE, candidate profile=null, time=13:25:30.642, network type=UNKNOWN, reg state=UNKNOWN, [NetworkRequest [ REQUEST id=12, [ Transports: SATELLITE Capabilities: INTERNET&TRUSTED&NOT_VPN&NOT_VCN_MANAGED Uid: 10613 UnderlyingNetworks: Null] ], mPriority=20, state=UNSATISFIED, mAttachedDataNetwork=null, created time=13:25:29.243, evaluation result=Data evaluation: evaluation reason:DATA_ENABLED_CHANGED, Data disallowed reasons: DATA_CONFIG_NOT_READY SERVICE_OPTION_NOT_SUPPORTED DATA_NETWORK_TRANSPORT_NOT_ALLOWED NO_SUITABLE_DATA_PROFILE SIM_NOT_READY NOT_IN_SERVICE, candidate profile=null, time=13:25:30.642]
12-08 13:25:30.643  2934  2934 D DPM-0   : Can't find any data profile that can satisfy [NetworkRequest [ REQUEST id=69, [ Capabilities: INTERNET&NOT_RESTRICTED&TRUSTED&NOT_VCN_MANAGED&NOT_BANDWIDTH_CONSTRAINED Uid: 1073 RequestorUid: 1073 RequestorPkg: com.android.networkstack UnderlyingNetworks: Null] ], mPriority=20, state=UNSATISFIED, mAttachedDataNetwork=null, created time=13:25:29.247, evaluation result=Data evaluation: evaluation reason:NEW_REQUEST, Data disallowed reasons: DATA_CONFIG_NOT_READY SERVICE_OPTION_NOT_SUPPORTED NO_SUITABLE_DATA_PROFILE SIM_NOT_READY NOT_IN_SERVICE, candidate profile=null, time=13:25:30.327]
12-08 13:25:30.643  2934  2934 D DPM-0   : Unable to find a data profile for [NetworkRequest [ REQUEST id=69, [ Capabilities: INTERNET&NOT_RESTRICTED&TRUSTED&NOT_VCN_MANAGED&NOT_BANDWIDTH_CONSTRAINED Uid: 1073 RequestorUid: 1073 RequestorPkg: com.android.networkstack UnderlyingNetworks: Null] ], mPriority=20, state=UNSATISFIED, mAttachedDataNetwork=null, created time=13:25:29.246, evaluation result=Data evaluation: evaluation reason:NEW_REQUEST, Data disallowed reasons: DATA_CONFIG_NOT_READY SERVICE_OPTION_NOT_SUPPORTED NO_SUITABLE_DATA_PROFILE SIM_NOT_READY NOT_IN_SERVICE, candidate profile=null, time=13:25:30.327]
12-08 13:25:30.643  2934  2934 D DNC-0   : Data evaluation: evaluation reason:DATA_ENABLED_CHANGED, Data disallowed reasons: DATA_CONFIG_NOT_READY SERVICE_OPTION_NOT_SUPPORTED NO_SUITABLE_DATA_PROFILE SIM_NOT_READY NOT_IN_SERVICE, candidate profile=null, time=13:25:30.643, network type=UNKNOWN, reg state=UNKNOWN, [NetworkRequest [ REQUEST id=69, [ Capabilities: INTERNET&NOT_RESTRICTED&TRUSTED&NOT_VCN_MANAGED&NOT_BANDWIDTH_CONSTRAINED Uid: 1073 RequestorUid: 1073 RequestorPkg: com.android.networkstack UnderlyingNetworks: Null] ], mPriority=20, state=UNSATISFIED, mAttachedDataNetwork=null, created time=13:25:29.246, evaluation result=Data evaluation: evaluation reason:DATA_ENABLED_CHANGED, Data disallowed reasons: DATA_CONFIG_NOT_READY SERVICE_OPTION_NOT_SUPPORTED NO_SUITABLE_DATA_PROFILE SIM_NOT_READY NOT_IN_SERVICE, candidate profile=null, time=13:25:30.643]
12-08 13:25:30.644  2934  2934 D DPM-0   : Can't find any data profile that can satisfy [NetworkRequest [ BACKGROUND_REQUEST id=2, [ Transports: CELLULAR Capabilities: INTERNET&NOT_RESTRICTED&TRUSTED&NOT_VPN&NOT_VCN_MANAGED&NOT_BANDWIDTH_CONSTRAINED RequestorUid: 1000 RequestorPkg: android UnderlyingNetworks: Null] ], mPriority=20, state=UNSATISFIED, mAttachedDataNetwork=null, created time=13:25:29.245, evaluation result=Data evaluation: evaluation reason:NEW_REQUEST, Data disallowed reasons: DATA_CONFIG_NOT_READY SERVICE_OPTION_NOT_SUPPORTED NO_SUITABLE_DATA_PROFILE SIM_NOT_READY NOT_IN_SERVICE, candidate profile=null, time=13:25:30.328]
12-08 13:25:30.644  2934  2934 D DPM-0   : Unable to find a data profile for [NetworkRequest [ BACKGROUND_REQUEST id=2, [ Transports: CELLULAR Capabilities: INTERNET&NOT_RESTRICTED&TRUSTED&NOT_VPN&NOT_VCN_MANAGED&NOT_BANDWIDTH_CONSTRAINED RequestorUid: 1000 RequestorPkg: android UnderlyingNetworks: Null] ], mPriority=20, state=UNSATISFIED, mAttachedDataNetwork=null, created time=13:25:29.245, evaluation result=Data evaluation: evaluation reason:NEW_REQUEST, Data disallowed reasons: DATA_CONFIG_NOT_READY SERVICE_OPTION_NOT_SUPPORTED NO_SUITABLE_DATA_PROFILE SIM_NOT_READY NOT_IN_SERVICE, candidate profile=null, time=13:25:30.328]
12-08 13:25:30.644  2934  2934 D DNC-0   : Data evaluation: evaluation reason:DATA_ENABLED_CHANGED, Data disallowed reasons: DATA_CONFIG_NOT_READY SERVICE_OPTION_NOT_SUPPORTED NO_SUITABLE_DATA_PROFILE SIM_NOT_READY NOT_IN_SERVICE, candidate profile=null, time=13:25:30.644, network type=UNKNOWN, reg state=UNKNOWN, [NetworkRequest [ BACKGROUND_REQUEST id=2, [ Transports: CELLULAR Capabilities: INTERNET&NOT_RESTRICTED&TRUSTED&NOT_VPN&NOT_VCN_MANAGED&NOT_BANDWIDTH_CONSTRAINED RequestorUid: 1000 RequestorPkg: android UnderlyingNetworks: Null] ], mPriority=20, state=UNSATISFIED, mAttachedDataNetwork=null, created time=13:25:29.244, evaluation result=Data evaluation: evaluation reason:DATA_ENABLED_CHANGED, Data disallowed reasons: DATA_CONFIG_NOT_READY SERVICE_OPTION_NOT_SUPPORTED NO_SUITABLE_DATA_PROFILE SIM_NOT_READY NOT_IN_SERVICE, candidate profile=null, time=13:25:30.644]
12-08 13:25:30.644  2934  2934 D DPM-0   : Can't find any data profile that can satisfy [NetworkRequest [ REQUEST id=1, [ Capabilities: INTERNET&NOT_RESTRICTED&TRUSTED&NOT_VPN&NOT_VCN_MANAGED&NOT_BANDWIDTH_CONSTRAINED RequestorUid: 1000 RequestorPkg: android UnderlyingNetworks: Null] ], mPriority=20, state=UNSATISFIED, mAttachedDataNetwork=null, created time=13:25:29.243, evaluation result=Data evaluation: evaluation reason:NEW_REQUEST, Data disallowed reasons: DATA_CONFIG_NOT_READY SERVICE_OPTION_NOT_SUPPORTED NO_SUITABLE_DATA_PROFILE SIM_NOT_READY NOT_IN_SERVICE, candidate profile=null, time=13:25:30.328]
12-08 13:25:30.645  2934  2934 D DPM-0   : Unable to find a data profile for [NetworkRequest [ REQUEST id=1, [ Capabilities: INTERNET&NOT_RESTRICTED&TRUSTED&NOT_VPN&NOT_VCN_MANAGED&NOT_BANDWIDTH_CONSTRAINED RequestorUid: 1000 RequestorPkg: android UnderlyingNetworks: Null] ], mPriority=20, state=UNSATISFIED, mAttachedDataNetwork=null, created time=13:25:29.243, evaluation result=Data evaluation: evaluation reason:NEW_REQUEST, Data disallowed reasons: DATA_CONFIG_NOT_READY SERVICE_OPTION_NOT_SUPPORTED NO_SUITABLE_DATA_PROFILE SIM_NOT_READY NOT_IN_SERVICE, candidate profile=null, time=13:25:30.328]
12-08 13:25:30.645  2934  2934 D DNC-0   : Data evaluation: evaluation reason:DATA_ENABLED_CHANGED, Data disallowed reasons: DATA_CONFIG_NOT_READY SERVICE_OPTION_NOT_SUPPORTED NO_SUITABLE_DATA_PROFILE SIM_NOT_READY NOT_IN_SERVICE, candidate profile=null, time=13:25:30.645, network type=UNKNOWN, reg state=UNKNOWN, [NetworkRequest [ REQUEST id=1, [ Capabilities: INTERNET&NOT_RESTRICTED&TRUSTED&NOT_VPN&NOT_VCN_MANAGED&NOT_BANDWIDTH_CONSTRAINED RequestorUid: 1000 RequestorPkg: android UnderlyingNetworks: Null] ], mPriority=20, state=UNSATISFIED, mAttachedDataNetwork=null, created time=13:25:29.244, evaluation result=Data evaluation: evaluation reason:DATA_ENABLED_CHANGED, Data disallowed reasons: DATA_CONFIG_NOT_READY SERVICE_OPTION_NOT_SUPPORTED NO_SUITABLE_DATA_PROFILE SIM_NOT_READY NOT_IN_SERVICE, candidate profile=null, time=13:25:30.645]
12-08 13:25:30.645  2934  2934 D SmsDispatchersController: IMS registration state: false format: 3gpp
12-08 13:25:30.645  2934  2934 D GsmCdmaPhone: [0] EVENT_REQUEST_VOICE_RADIO_TECH_DONE: newVoiceTech=3
12-08 13:25:30.645  2934  2934 D GsmCdmaPhone: [0] phoneObjectUpdater: newVoiceRadioTech=3
12-08 13:25:30.645  2934  2934 D GsmCdmaPhone: [0] phoneObjectUpdater: no-op as CDMA cleanup flag is set
12-08 13:25:30.646  2934  2934 D RILJ    : [0174]> SET_SIGNAL_STRENGTH_REPORTING_CRITERIA [PHONE1]
12-08 13:25:30.647  2934  2934 D SSCtr   : setSignalStrengthReportingCriteria consolidatedSignalThresholdInfos=[SignalThresholdInfo{mRan=1 mSignalMeasurementType=1 mHysteresisMs=3000 mHysteresisDb=2 mThresholds=[-107, -103, -97, -89] mIsEnabled=true}, SignalThresholdInfo{mRan=2 mSignalMeasurementType=2 mHysteresisMs=3000 mHysteresisDb=2 mThresholds=[-115, -105, -95, -85] mIsEnabled=true}, SignalThresholdInfo{mRan=3 mSignalMeasurementType=3 mHysteresisMs=3000 mHysteresisDb=2 mThresholds=[-128, -118, -108, -98] mIsEnabled=true}, SignalThresholdInfo{mRan=3 mSignalMeasurementType=4 mHysteresisMs=3000 mHysteresisDb=2 mThresholds=[] mIsEnabled=false}, SignalThresholdInfo{mRan=3 mSignalMeasurementType=5 mHysteresisMs=3000 mHysteresisDb=2 mThresholds=[] mIsEnabled=false}, SignalThresholdInfo{mRan=6 mSignalMeasurementType=6 mHysteresisMs=3000 mHysteresisDb=2 mThresholds=[-110, -90, -80, -65] mIsEnabled=true}, SignalThresholdInfo{mRan=6 mSignalMeasurementType=7 mHysteresisMs=3000 mHysteresisDb=2 mThresholds=[] mIsEnabled=false}, SignalThresholdInfo{mRan=6 mSignalMeasurementType=8 mHysteresisMs=3000 mHysteresisDb=2 mThresholds=[] mIsEnabled=false}, SignalThresholdInfo{mRan=2 mSignalMeasurementType=9 mHysteresisMs=3000 mHysteresisDb=2 mThresholds=[] mIsEnabled=false}]
12-08 13:25:30.647  2934  2934 D UiccPkcs15: handleMessage: 1
12-08 13:25:30.647  2934  2934 D UiccPkcs15: select pkcs15 failed: com.android.internal.telephony.CommandException: NO_SUCH_ELEMENT
12-08 13:25:30.648  2934  2934 D PinStorage: SIM card/application changed[0]: PIN_REQUIRED
12-08 13:25:30.648  2934  2934 D DNC-0   : onSimStateChanged: state=PIN_REQUIRED
12-08 13:25:30.649  2934  2934 D TNP     : Preferred data sub phone id changed to 0
12-08 13:25:30.649  2934  2934 D TNP     : reevaluateNetworkRequests: Preferred data subscription changed.
12-08 13:25:30.653  2934  2934 D GsmCdmaPhone: [1] EVENT_SUBSCRIPTIONS_CHANGED
12-08 13:25:30.653  2934  2934 I NullCipherNotifier: Ignoring setSubscriptionMapping. Notifier is disabled.
12-08 13:25:30.653  2934  2934 D GsmCdmaPhone: [0] EVENT_SUBSCRIPTIONS_CHANGED
12-08 13:25:30.653  2934  2934 I NullCipherNotifier: Ignoring setSubscriptionMapping. Notifier is disabled.
12-08 13:25:30.653  2934  2934 D SST     : [1] pollState: modemTriggered=true, radioState=1
12-08 13:25:30.654  2934  2934 D RILJ    : [0175]> OPERATOR [PHONE1]
12-08 13:25:30.654  2934  2934 D RILJ    : [0176]> QUERY_NETWORK_SELECTION_MODE [PHONE1]
12-08 13:25:30.654  2934  2934 D GsmCdmaCallTracker: [1] update phone state, old=IDLE new=IDLE
12-08 13:25:30.654  2934  2934 D SST     : [0] EVENT_POLL_STATE_NETWORK_SELECTION_MODE
12-08 13:25:30.654  2934  2934 D SST     : [0] EVENT_POLL_STATE_NETWORK_SELECTION_MODE
12-08 13:25:30.654  2934  2934 D SmsDispatchersController: IMS registration state: false format: 3gpp
12-08 13:25:30.655  2934  3279 D RILJ    : [0177]> DATA_REGISTRATION_STATE [PHONE1]
12-08 13:25:30.655  2934  3279 D RILJ    : getDataRegistrationState: overrideHalVersion=null [PHONE1]
12-08 13:25:30.655  1755  1755 D RILC    : RadioImpl_1_5::getDataRegistrationState_1_5: serial 177
12-08 13:25:30.656  2934  2934 D Phone-0 : isImsCapabilityAvailable, capability=0, regTech=1, isAvailable=false
12-08 13:25:30.656  2934  2934 D Phone-0 : isImsCapabilityAvailable, capability=1, regTech=1, isAvailable=false
12-08 13:25:30.657  2934  2934 D Phone-0 : isImsCapabilityAvailable, capability=2, regTech=1, isAvailable=false
12-08 13:25:30.657  2934  2934 D Phone-0 : getImsRegistrationTechnology =-1
12-08 13:25:30.659  2934  3083 E RILJ    : processResponse: Unexpected response! serial: 141, error: 0 [PHONE0]
12-08 13:25:30.659  2934  3083 D RILJ    : [0169]< OPERATOR {, , } [PHONE0]
12-08 13:25:30.659  2934  3083 E RILJ    : processResponse: Unexpected response! serial: 141, error: 0 [PHONE0]
12-08 13:25:30.660  2934  3083 E RILJ    : processResponse: Unexpected response! serial: 141, error: 0 [PHONE0]
12-08 13:25:30.660  2934  3279 D RILJ    : [0178]> VOICE_REGISTRATION_STATE [PHONE1]
12-08 13:25:30.660  2934  3279 D RILJ    : getVoiceRegistrationState: overrideHalVersion=null [PHONE1]
12-08 13:25:30.660  2934  3181 D NRM-I-1 : onRequestNetworkRegistrationInfoComplete result: 0, info: NetworkRegistrationInfo{ domain=PS transportType=WLAN registrationState=NOT_REG_OR_SEARCHING networkRegistrationState=NOT_REG_OR_SEARCHING roamingType=NOT_ROAMING accessNetworkTechnology=IWLAN rejectCause=0 emergencyEnabled=false availableServices=[] cellIdentity=null voiceSpecificInfo=null dataSpecificInfo=null nrState=**** rRplmn= isUsingCarrierAggregation=false isNonTerrestrialNetwork=TERRESTRIAL}
12-08 13:25:30.660  1755  1755 D RILC    : RadioImpl_1_5::getVoiceRegistrationState_1_5: serial 178
12-08 13:25:30.662  2934  3083 D RILJ    : [0170]< QUERY_NETWORK_SELECTION_MODE {0} [PHONE0]
12-08 13:25:30.665  2934  3279 D CellularNetworkService: No access tech specific info passes for RegStateResult
12-08 13:25:30.665  2934  3083 D RILJ    : [0171]< DATA_REGISTRATION_STATE {.regState = NOT_REG_MT_SEARCHING_OP, .rat = UNKNOWN, .reasonForDenial = NONE, .cellIdentity = {.noinit = {}}, .registeredPlmn = , .accessTechnologySpecificInfo = {.noinit = {}}} [PHONE0]
12-08 13:25:30.665  2934  3279 D NRM-C-0 : onRequestNetworkRegistrationInfoComplete result: 0, info: NetworkRegistrationInfo{ domain=PS transportType=WWAN registrationState=NOT_REG_SEARCHING networkRegistrationState=NOT_REG_SEARCHING roamingType=NOT_ROAMING accessNetworkTechnology=UNKNOWN rejectCause=0 emergencyEnabled=false availableServices=[] cellIdentity=null voiceSpecificInfo=null dataSpecificInfo=android.telephony.DataSpecificRegistrationInfo :{ maxDataCalls = 16 isDcNrRestricted = false isNrAvailable = false isEnDcAvailable = false mLteAttachResultType = 0 mLteAttachExtraInfo = 0 LteVopsSupportInfo :  mVopsSupport = 1 mEmcBearerSupport = 1 } nrState=**** rRplmn= isUsingCarrierAggregation=false isNonTerrestrialNetwork=TERRESTRIAL}
12-08 13:25:30.685  2934  3083 E RILJ    : processResponse: Unexpected response! serial: 141, error: 0 [PHONE0]
12-08 13:25:30.685  2934  3083 E RILJ    : processResponse: Unexpected response! serial: 141, error: 0 [PHONE0]
12-08 13:25:30.686  2934  3083 E RILJ    : processResponse: Unexpected response! serial: 141, error: 0 [PHONE0]
12-08 13:25:30.687  2934  3083 E RILJ    : processResponse: Unexpected response! serial: 141, error: 44 [PHONE0]
12-08 13:25:30.691  2934  3083 D RILJ    : [0166]< VOICE_REGISTRATION_STATE {.regState = NOT_REG_MT_SEARCHING_OP, .rat = UNKNOWN, .reasonForDenial = NONE, .cellIdentity = {.noinit = {}}, .registeredPlmn = , .accessTechnologySpecificInfo = {.noinit = {}}} [PHONE1]
12-08 13:25:30.692  2934  3279 D CellularNetworkService: No access tech specific info passes for RegStateResult
12-08 13:25:30.692  2934  3279 D NRM-C-1 : onRequestNetworkRegistrationInfoComplete result: 0, info: NetworkRegistrationInfo{ domain=CS transportType=WWAN registrationState=NOT_REG_SEARCHING networkRegistrationState=NOT_REG_SEARCHING roamingType=NOT_ROAMING accessNetworkTechnology=UNKNOWN rejectCause=0 emergencyEnabled=false availableServices=[] cellIdentity=null voiceSpecificInfo=VoiceSpecificRegistrationInfo { mCssSupported=false mRoamingIndicator=0 mSystemIsInPrl=0 mDefaultRoamingIndicator=0} dataSpecificInfo=null nrState=**** rRplmn= isUsingCarrierAggregation=false isNonTerrestrialNetwork=TERRESTRIAL}
12-08 13:25:30.692  2934  3083 D RILJ    : [0167]< QUERY_NETWORK_SELECTION_MODE {0} [PHONE1]
12-08 13:25:30.692  2934  3279 D CellularNetworkService: No access tech specific info passes for RegStateResult
12-08 13:25:30.692  2934  3083 D RILJ    : [0178]< VOICE_REGISTRATION_STATE {.regState = NOT_REG_MT_SEARCHING_OP, .rat = UNKNOWN, .reasonForDenial = NONE, .cellIdentity = {.noinit = {}}, .registeredPlmn = , .accessTechnologySpecificInfo = {.noinit = {}}} [PHONE1]
12-08 13:25:30.692  2934  3279 D NRM-C-1 : onRequestNetworkRegistrationInfoComplete result: 0, info: NetworkRegistrationInfo{ domain=CS transportType=WWAN registrationState=NOT_REG_SEARCHING networkRegistrationState=NOT_REG_SEARCHING roamingType=NOT_ROAMING accessNetworkTechnology=UNKNOWN rejectCause=0 emergencyEnabled=false availableServices=[] cellIdentity=null voiceSpecificInfo=VoiceSpecificRegistrationInfo { mCssSupported=false mRoamingIndicator=0 mSystemIsInPrl=0 mDefaultRoamingIndicator=0} dataSpecificInfo=null nrState=**** rRplmn= isUsingCarrierAggregation=false isNonTerrestrialNetwork=TERRESTRIAL}
12-08 13:25:30.693  2934  3083 D RILJ    : [0176]< QUERY_NETWORK_SELECTION_MODE {0} [PHONE1]
12-08 13:25:30.693  2934  3083 D RILJ    : [0175]< OPERATOR {, , } [PHONE1]
12-08 13:25:30.693  2934  3083 D RILJ    : [0149]< SET_UNSOLICITED_RESPONSE_FILTER  [PHONE1]
12-08 13:25:30.693  2934  3083 D RILJ    : [0177]< DATA_REGISTRATION_STATE {.regState = NOT_REG_MT_SEARCHING_OP, .rat = UNKNOWN, .reasonForDenial = NONE, .cellIdentity = {.noinit = {}}, .registeredPlmn = , .accessTechnologySpecificInfo = {.noinit = {}}} [PHONE1]
12-08 13:25:30.693  2934  3279 D CellularNetworkService: No access tech specific info passes for RegStateResult
12-08 13:25:30.693  2934  3279 D NRM-C-1 : onRequestNetworkRegistrationInfoComplete result: 0, info: NetworkRegistrationInfo{ domain=PS transportType=WWAN registrationState=NOT_REG_SEARCHING networkRegistrationState=NOT_REG_SEARCHING roamingType=NOT_ROAMING accessNetworkTechnology=UNKNOWN rejectCause=0 emergencyEnabled=false availableServices=[] cellIdentity=null voiceSpecificInfo=null dataSpecificInfo=android.telephony.DataSpecificRegistrationInfo :{ maxDataCalls = 16 isDcNrRestricted = false isNrAvailable = false isEnDcAvailable = false mLteAttachResultType = 0 mLteAttachExtraInfo = 0 LteVopsSupportInfo :  mVopsSupport = 1 mEmcBearerSupport = 1 } nrState=**** rRplmn= isUsingCarrierAggregation=false isNonTerrestrialNetwork=TERRESTRIAL}
12-08 13:25:30.695  2934  3083 D RILJ    : [0168]< SET_SIGNAL_STRENGTH_REPORTING_CRITERIA  [PHONE0]
12-08 13:25:30.695  2934  3083 D RILJ    : [0174]< SET_SIGNAL_STRENGTH_REPORTING_CRITERIA  [PHONE1]
12-08 13:25:30.696  2934  3083 E RILJ    : processResponse: Unexpected response! serial: 168, error: 0 [PHONE0]
12-08 13:25:30.696  2934  3083 E RILJ    : processResponse: Unexpected response! serial: 168, error: 0 [PHONE0]
12-08 13:25:30.708  2934  2934 D ImsManagerIM [0]: ImsService not up yet - timeout waiting for connection.
12-08 13:25:30.723  2934  2934 D SST     : [1] EVENT_POLL_STATE_NETWORK_SELECTION_MODE
12-08 13:25:30.724  2934  2934 D SST     : [1] EVENT_POLL_STATE_NETWORK_SELECTION_MODE
12-08 13:25:30.724  2934  2934 D SST     : [1] EVENT_POLL_STATE_NETWORK_SELECTION_MODE
12-08 13:25:30.724  2934  2934 D GsmCdmaPhone: [1] EVENT_REQUEST_VOICE_RADIO_TECH_DONE: newVoiceTech=3
12-08 13:25:30.724  2934  2934 D GsmCdmaPhone: [1] phoneObjectUpdater: newVoiceRadioTech=3
12-08 13:25:30.724  2934  2934 D GsmCdmaPhone: [1] phoneObjectUpdater: no-op as CDMA cleanup flag is set
12-08 13:25:30.725  2934  2934 D SST     : [0] Could not set ServiceState channel number. CellIdentity null
12-08 13:25:30.725  2934  2934 D SST     : [0] handlePollStateResultMessage: CS cellular. NetworkRegistrationInfo{ domain=CS transportType=WWAN registrationState=NOT_REG_SEARCHING networkRegistrationState=NOT_REG_SEARCHING roamingType=NOT_ROAMING accessNetworkTechnology=UNKNOWN rejectCause=0 emergencyEnabled=false availableServices=[] cellIdentity=null voiceSpecificInfo=VoiceSpecificRegistrationInfo { mCssSupported=false mRoamingIndicator=0 mSystemIsInPrl=0 mDefaultRoamingIndicator=0} dataSpecificInfo=null nrState=**** rRplmn= isUsingCarrierAggregation=false isNonTerrestrialNetwork=TERRESTRIAL}
12-08 13:25:30.725  2934  2934 D SST     : [0] pollState: modemTriggered=true, radioState=1
12-08 13:25:30.726  2934  2934 D RILJ    : [0179]> OPERATOR [PHONE0]
12-08 13:25:30.726  2934  3083 E RILJ    : processResponse: Unexpected response! serial: 174, error: 0 [PHONE1]
12-08 13:25:30.726  2934  2934 D RILJ    : [0180]> QUERY_NETWORK_SELECTION_MODE [PHONE0]
12-08 13:25:30.726  2934  2934 D SSCtr   : clearSignalStrengthUpdateRequest subId=1 callingUid=1002 request=SignalStrengthUpdateRequest{mSignalThresholdInfos=[] mIsReportingRequestedWhileIdle=false mIsSystemThresholdReportingRequestedWhileIdle=true mLiveTokenandroid.os.BinderProxy@5d88fa0}
12-08 13:25:30.727  2934  3083 D RILJ    : [0179]< OPERATOR {, , } [PHONE0]
12-08 13:25:30.728  2934  3279 D RILJ    : [0181]> DATA_REGISTRATION_STATE [PHONE0]
12-08 13:25:30.728  2934  3279 D RILJ    : getDataRegistrationState: overrideHalVersion=null [PHONE0]
12-08 13:25:30.729  2934  3279 D RILJ    : [0182]> VOICE_REGISTRATION_STATE [PHONE0]
12-08 13:25:30.729  2934  3279 D RILJ    : getVoiceRegistrationState: overrideHalVersion=null [PHONE0]
12-08 13:25:30.729  2934  3083 D RILJ    : [0180]< QUERY_NETWORK_SELECTION_MODE {0} [PHONE0]
12-08 13:25:30.729  1735  1837 D RILC    : RadioImpl_1_5::getDataRegistrationState_1_5: serial 181
12-08 13:25:30.730  1735  1837 D RILC    : RadioImpl_1_5::getVoiceRegistrationState_1_5: serial 182
