12-04 00:19:49.537 D/CAM_Camera2Module(31663): init preview callback type decoders, previewCallbackType: 0x0, needUpdatePreference: false
12-04 00:19:49.537 D/CAM_FragmentBottomAction(31663): setClickEnable: true
12-04 00:19:49.537 D/CAM_CameraSnapView(31663): setClickEnable: true
12-04 00:19:49.538 D/CAM_MiuiCameraSound(31663): [WTP]loadCameraSound: E
12-04 00:19:49.538 D/CAM_MiuiCameraSound(31663): [WTP]loadCameraSound: X
12-04 00:19:49.538 D/CAM_ParallelManager(31663): initParallelSession: E
12-04 00:19:49.538 D/CAM_BaseModule(31663): isSupportAFSaliency=false
12-04 00:19:49.538 D/CAM_BottomCV(31663): adjustThumbBg android.widget.ImageView{72f7015 VFED..... ......ID 0,0-100,100 #7f0b06f2 app:id/v9_thumbnail_image}
12-04 00:19:49.538 W/CAM_Camera2CompatAdapterRole(31663): Warning: getSATFrontCameraId(): #init() failed, roleId=80
12-04 00:19:49.538 D/CAM_FragmentModeSelector(31663): setClickEnable: true
12-04 00:19:49.538 W/CAM_Camera2CompatAdapterRole(31663): Warning: getBokehFrontCameraId(): #init() failed, roleId=81
12-04 00:19:49.538 E/XIAOMI_AIASD( 1104): [HDR-Checker]: histogram_data = NULL
12-04 00:19:49.538 E/XIAOMI_AIASD( 1104): checkerStatus=0 
12-04 00:19:49.538 D/CAM_FragmentModeSelector(31663): notifyAfterFrameAvailable: dragChild's VState: 0 AlphaState: 1.0 TransLationY: 0.0
12-04 00:19:49.538 D/CAM_FragmentMainContentMM(31663): setClickEnable: true
12-04 00:19:49.539 V/CAM_FaceView(31663): mCameraDisplayOrientation=90
12-04 00:19:49.539 D/CAM_FocusView(31663): onCameraOpen>>
12-04 00:19:49.539 W/CAM_FocusView(31663): onCameraOpen: adapter=d.c.a.r7.t1@ff19969
12-04 00:19:49.539 D/CAM_ParallelManager(31663): configParallelSession: algorithmOutputSize = null
12-04 00:19:49.539 D/CAM_ParallelManager(31663): configParallelSession:         pictureSize = 1600x1200
12-04 00:19:49.539 D/CAM_ParallelManager(31663): configParallelSession:          outputSize = 4012x3008
12-04 00:19:49.539 D/CAM_ParallelManager(31663): configParallelSession:        outputFormat = 256
12-04 00:19:49.539 D/CAM_ParallelManager(31663): configParallelSession: bufferFormat is BufferFormat{bufferWidth=1600, bufferHeight=1200, bufferFormat=35, graphDescriptor=GraphDescriptorBean{mOperationModeID=32770, mStreamNumber=2, mIsSnapshot=true, mCameraCombinationMode=0x301}, depthBufferSize=800x600}
12-04 00:19:49.539 D/CAM_BoostFrameworkImpl(31663): startBoost: duration = 300, scene = 6
12-04 00:19:49.539 D/CAM_BoostFrameworkImpl(31663): ready to boost
12-04 00:19:49.539 I/CAM_PostProcessor(31663): configCaptureSession: E. format = BufferFormat{bufferWidth=1600, bufferHeight=1200, bufferFormat=35, graphDescriptor=GraphDescriptorBean{mOperationModeID=32770, mStreamNumber=2, mIsSnapshot=true, mCameraCombinationMode=0x301}, depthBufferSize=800x600}
12-04 00:19:49.539 D/CAM_TrackFocusView(31663): clear
12-04 00:19:49.540 D/CAM_FragmentTopBar(31663): setClickEnable: true
12-04 00:19:49.540 D/CAM_FragmentTopAlert(31663): setClickEnable: true
12-04 00:19:49.540 D/CAM_ConfigChangeImpl(31663): reCheckAiAudio:SupportAiAudioNew
12-04 00:19:49.540 D/CAM_ConfigChangeImpl(31663): reCheckAiAudioSingle:alertAiAudioSingleBGHint
12-04 00:19:49.541 D/CAM_FragmentDualCameraAdjustMM(31663): setClickEnable: true
12-04 00:19:49.541 D/CAM_ZoomRatioToggleView(31663): setEnabled(): true
12-04 00:19:49.541 D/CAM_FragmentDualCameraAdjust(31663): initZoomRatioForBackCamera(): zoom: 1.0
12-04 00:19:49.545 D/CAM_FragmentDualCameraAdjust(31663): initZoomRatioForBackCamera(): zoom: 1.0
12-04 00:19:49.550 I/CAM_ImageProcessor(31663): init: E
12-04 00:19:49.550 I/CAM_ImageProcessor(31663): init: X
12-04 00:19:49.551 I/CAM_BaseImageProcessor(31663): create ImageProcessor _D_1600x1200_191540474
12-04 00:19:49.551 I/CAM_BaseImageProcessor(31663): startWork: E
12-04 00:19:49.552 D/CAM_ImageProcessor(31663): E: init WorkerHandler
12-04 00:19:49.555 W/CameraMetadataJV(31663): Expect face scores and rectangles to be non-null
12-04 00:19:49.555 W/CameraMetadataJV(31663): Expect face scores and rectangles to be non-null
12-04 00:19:49.556 D/CAM_CameraScreenNail(31663): clearAnimation: state=33
12-04 00:19:49.556 D/CAM_FragmentBottomPopupTips(31663): setClickEnable: true
12-04 00:19:49.557 D/CAM_FragmentReferenceLine(31663): setClickEnable: true
12-04 00:19:49.557 D/CAM_DispatchFragment(31663): frameAvailable
12-04 00:19:49.557 D/CAM_ImageProcessor(31663): X: init WorkerHandler
12-04 00:19:49.557 D/CAM_Camera2Module(31663): setEffectFilter: 66048
12-04 00:19:49.557 D/CAM_EffectRenderGroup(31663): onEffectChanged: EFFECT_CHANGE_FILTER mEffectId = 66048
12-04 00:19:49.557 D/CAM_AiSceneManager(31663): setAiSceneEffect: 0
12-04 00:19:49.557 I/CAM_BaseImageProcessor(31663): startWork: X. WorkerThread_D_1600x1200_191540474 started
12-04 00:19:49.557 D/CAM_EffectController(31663): getAiColorCorrectionVersion: 2
12-04 00:19:49.557 D/CAM_EffectController(31663): getAiColorCorrectionVersion: 2
12-04 00:19:49.557 D/CAM_EffectRenderGroup(31663): onEffectChanged: EFFECT_CHANGE_FILTER mEffectId = 66048
12-04 00:19:49.557 D/CAM_FaceView(31663): setSkipDraw: mSkipDraw=false
12-04 00:19:49.557 D/CAM_FragmentBottomPopupTips(31663): restoreAiState: maybe restore ai scene tip:0
12-04 00:19:49.558 D/CAM_FragmentTopAlert(31663): camerapicker:alertParameterDescriptionTipï¼švisible   8
12-04 00:19:49.558 D/CAM_FragmentTopAlert(31663): camerapicker:alertParameterDescriptionTip->DESCRIPTION_NORMAL:change imageView
12-04 00:19:49.559 D/CAM_FragmentTopAlert(31663): camerapicker:alertParameterDescriptionTip->DESCRIPTION_FILTER:change imageView
12-04 00:19:49.559 D/CAM_Camera2CompatAdapter(31663): E: initCameraCapabilitiesByCameraId(): 0
12-04 00:19:49.559 D/CAM_DualCameraProcessor(31663): configOutputConfigurations: depthSize: 800x600, isValid: true
12-04 00:19:49.559 D/MiCameraAlgo(31663): createSessionByOutputConfigurations: E
12-04 00:19:49.559 I/MI_Algo_JNI(31663): [createSessionByOutputConfigurations]: get configurations: list size is 3 callback 0x71eef0a9d0
12-04 00:19:49.559 D/MI_Algo_JNI(31663): [createSessionByOutputConfigurations]: get configuration: ANativeWindow pointer = -5476376651881483984, group id = 3
12-04 00:19:49.559 D/MI_Algo_JNI(31663): [createSessionByOutputConfigurations]: get configuration: ANativeWindow pointer = -5476376651881490576, group id = 3
12-04 00:19:49.559 D/MI_Algo_JNI(31663): [createSessionByOutputConfigurations]: get configuration: ANativeWindow pointer = -5476376651881454320, group id = 3
12-04 00:19:49.559 I/MI_Algo_JNI(31663): Before pInit in getGraphDescriptor 406 mCAI 0x72581e65d0,0x0
12-04 00:19:49.560 I/MI_Algo_JNI(31663): received graphId descriptor: operation_mode: 32770, num_streams: 2, is_snapshot: 1, camera_id: 769
12-04 00:19:49.560 I/MI_Algo_JNI(31663): [createSessionByOutputConfigurations]: createSession in Java_com_xiaomi_engine_MiCamAlgoInterfaceJNI_createSessionByOutputConfigurations + 760; mCAI: 0x72581e65d0,0x0, descriptor: 0x71eef0a868
12-04 00:19:49.560 D/MI_Algo_JNI(31663): MySessionCb has been constructed.
12-04 00:19:49.560 I/MIA_INTF(31663): [MIACreateSession:70]:E GraphDescriptor:0x71eef0a868 output type:1 cb:0xb400007370551bf0
12-04 00:19:49.560 D/MIA_SRVC(31663): [createSession:112]:E GraphDescriptor:0x71eef0a868 cb:0xb400007370551bf0
12-04 00:19:49.560 D/MIA_SESN(31663): [MiaSession:233]:MiaSession construct 0xb4000074c053e750
12-04 00:19:49.560 I/MIA_SESN(31663): [getGraphID:1093]:E operation_mode:0x8002 is_snapshot:1 camera_mode:0x301 num_streams:2
12-04 00:19:49.560 I/MIA_SESN(31663): [buildGraph:541]:graphID 1, output type: 1
12-04 00:19:49.560 D/MIA_SESN(31663): [setup:124]:Consumer holds 6 buffers
12-04 00:19:49.560 D/MIA_SESN(31663): [setup:157]:X window format:0x23 wxh:1600x1200
12-04 00:19:49.560 D/MIA_SESN(31663): [bind:87]:[0]bind to node:0 port:0
12-04 00:19:49.560 I/MIA_SESN(31663): [buildGraph:567]:Created SurfaceWrapper for type:0
12-04 00:19:49.560 D/MIA_SESN(31663): [setup:124]:Consumer holds 6 buffers
12-04 00:19:49.560 D/MIA_SESN(31663): [setup:157]:X window format:0x23 wxh:1600x1200
12-04 00:19:49.560 D/MIA_SESN(31663): [bind:87]:[1]bind to node:0 port:1
12-04 00:19:49.560 I/MIA_SESN(31663): [buildGraph:567]:Created SurfaceWrapper for type:1
12-04 00:19:49.560 D/MIA_SESN(31663): [setup:124]:Consumer holds 6 buffers
12-04 00:19:49.560 D/MIA_SESN(31663): [setup:157]:X window format:0x20363159 wxh:800x600
12-04 00:19:49.560 D/MIA_SESN(31663): [bind:87]:[2]bind to node:0 port:2
12-04 00:19:49.560 I/MIA_SESN(31663): [buildGraph:567]:Created SurfaceWrapper for type:2
12-04 00:19:49.560 D/MIA_SESN(31663): [buildGraph:584]:Get frame info from 0 type surface: 1600x1200 format:35
12-04 00:19:49.560 I/MIA_SESN(31663): [createNode:302]:createNode node type: 11 name: MiaNodeCaptureMfBokeh
12-04 00:19:49.560 I/MIA_N_MFRCBK(31663): [MiaNodeCaptureMfBokeh:424]:now construct -->> MiaNodeCaptureMfBokeh
12-04 00:19:49.560 I/MIA_N_MFRCBK(31663): [Init:451]:init m_hRelightingHandle to 0x0, m_bRearCamera:1
12-04 00:19:49.560 D/MIA_N_MFRCBK(31663): [ReadCalibrationDataFromFile:1053]:E file: /data/user/0/com.android.camera/files/back_dual_camera_caldata.bin
12-04 00:19:49.560 D/MIA_N_MFRCBK(31663): [ReadCalibrationDataFromFile:1066]:read calidata bytes_read = 2048, dataSize:2048
12-04 00:19:49.560 D/MIA_N_MFRCBK(31663): [ReadCalibrationDataFromFile:1078]:X success !
12-04 00:19:49.560 D/MIA_LLBokeh(31663): [CheckPersist:778]:[arc_mfbokeh] CheckPersist:778: (IN)
12-04 00:19:49.560 D/MIA_LLBokeh(31663): [CheckPersist:789]:[arc_mfbokeh] CheckPersist:789: (OUT)
12-04 00:19:49.560 D/MIA_LLBokeh(31663): [initLLBokeh:452]:[arc_mfbokeh]   initLLBokeh in
12-04 00:19:49.560 D/MIA_LLBokeh(31663): [initLLBokeh:467]:[arc_mfbokeh]   arcsoft bokeh : Version = ArcSoft_DualCamRefocus_1.8.125235020.202_#21186-10-B4731 , 03/11/2020 
12-04 00:19:49.568 E/CamX    ( 1104): [ERROR][STATS_AEC] ctriggerhandler.h:398: GetInterpZoneDataGeneric did not find an appropriate zone!
12-04 00:19:49.568 E/GC02M1  ( 1104): CalculateExposure: A_Reg_Gain=12288, A_Real_gain=12.000000, D_Reg_Gain=1024, D_Real_gain=1.000000, ISP_Gain=2.675733, linecount=3055
12-04 00:19:49.568 E/GC02M1  ( 1104): FillExposureSettings, reg_fline=3071, reg_line=3055
12-04 00:19:49.568 E/GC02M1  ( 1104): FillExposureSettings, gain=12288, gain_b6=15, gain_b1=4, gain_b2=193
12-04 00:19:49.568 D/android.hardware.camera.provider@2.4-service_64( 1104): GC02M1 regCount=10
12-04 00:19:49.569 D/CAM_MiCamera2(31663): processAfResult: afState changed from -1 to 1
12-04 00:19:49.570 D/CAM_CameraCapabilities(31663): QuickShotDelayTime tag not defined
12-04 00:19:49.570 D/CAM_CameraCapabilities(31663): HQQuickShot: mFeatureMask: 0   mDelayTimeMask: 0
12-04 00:19:49.570 D/CAM_CameraCapabilities(31663): QuickShotDelayTimeFactor tag not defined
12-04 00:19:49.570 D/CAM_CameraCapabilities(31663): QuickShot: mDelayTimeFactor: 100
12-04 00:19:49.570 D/CAM_CameraCapabilities(31663): MiviSuperNight: mSuperNightMask: 0
12-04 00:19:49.570 D/CAM_CameraCapabilities(31663): QuickShotNextCaptureMask: mQuickShotNextCaptureMask: 0
12-04 00:19:49.571 D/CAM_CameraCapabilities(31663): getBeautyVersionData: 3 ,beautyVersion: 3 ,beautyAlgo: 1
12-04 00:19:49.571 D/CAM_CameraCapabilities(31663): SnapshotQuickViewStreamMask: 0
12-04 00:19:49.571 D/CAM_Camera2CompatAdapter(31663): X: initCameraCapabilitiesByCameraId(): 0
12-04 00:19:49.571 D/CAM_Camera2CompatAdapter(31663): E: initCameraCapabilitiesByCameraId(): 1
12-04 00:19:49.572 E/XIAOMI_AIASD( 1104): [HDR-Checker]: histogram_data = NULL
12-04 00:19:49.572 E/XIAOMI_AIASD( 1104): checkerStatus=0 
12-04 00:19:49.578 D/CAM_CameraCapabilities(31663): QuickShotDelayTime tag not defined
12-04 00:19:49.578 D/CAM_CameraCapabilities(31663): HQQuickShot: mFeatureMask: 0   mDelayTimeMask: 0
12-04 00:19:49.578 D/CAM_CameraCapabilities(31663): QuickShotDelayTimeFactor tag not defined
12-04 00:19:49.578 D/CAM_CameraCapabilities(31663): QuickShot: mDelayTimeFactor: 100
12-04 00:19:49.578 D/CAM_CameraCapabilities(31663): MiviSuperNight: mSuperNightMask: 0
12-04 00:19:49.578 D/CAM_CameraCapabilities(31663): QuickShotNextCaptureMask: mQuickShotNextCaptureMask: 0
12-04 00:19:49.578 D/CAM_CameraCapabilities(31663): getBeautyVersionData: 3 ,beautyVersion: 3 ,beautyAlgo: 1
12-04 00:19:49.578 D/CAM_CameraCapabilities(31663): SnapshotQuickViewStreamMask: 0
12-04 00:19:49.578 D/CAM_Camera2CompatAdapter(31663): X: initCameraCapabilitiesByCameraId(): 1
12-04 00:19:49.579 D/CAM_Camera2CompatAdapter(31663): E: initCameraCapabilitiesByCameraId(): 0
12-04 00:19:49.587 D/CAM_CameraCapabilities(31663): QuickShotDelayTime tag not defined
12-04 00:19:49.587 D/CAM_CameraCapabilities(31663): HQQuickShot: mFeatureMask: 0   mDelayTimeMask: 0
12-04 00:19:49.587 D/CAM_CameraCapabilities(31663): QuickShotDelayTimeFactor tag not defined
12-04 00:19:49.587 D/CAM_CameraCapabilities(31663): QuickShot: mDelayTimeFactor: 100
12-04 00:19:49.587 D/CAM_CameraCapabilities(31663): MiviSuperNight: mSuperNightMask: 0
12-04 00:19:49.587 D/CAM_CameraCapabilities(31663): QuickShotNextCaptureMask: mQuickShotNextCaptureMask: 0
12-04 00:19:49.587 D/CAM_CameraCapabilities(31663): getBeautyVersionData: 3 ,beautyVersion: 3 ,beautyAlgo: 1
12-04 00:19:49.587 D/CAM_CameraCapabilities(31663): SnapshotQuickViewStreamMask: 0
12-04 00:19:49.587 D/CAM_Camera2CompatAdapter(31663): X: initCameraCapabilitiesByCameraId(): 0
12-04 00:19:49.588 D/CAM_Camera2CompatAdapter(31663): E: initCameraCapabilitiesByCameraId(): 6
12-04 00:19:49.591 W/CameraMetadataJV(31663): Expect face scores and rectangles to be non-null
12-04 00:19:49.591 W/CameraMetadataJV(31663): Expect face scores and rectangles to be non-null
12-04 00:19:49.596 D/CAM_CameraCapabilities(31663): QuickShotDelayTime tag not defined
12-04 00:19:49.596 D/CAM_CameraCapabilities(31663): HQQuickShot: mFeatureMask: 0   mDelayTimeMask: 0
12-04 00:19:49.596 D/CAM_CameraCapabilities(31663): QuickShotDelayTimeFactor tag not defined
12-04 00:19:49.596 D/CAM_CameraCapabilities(31663): QuickShot: mDelayTimeFactor: 100
12-04 00:19:49.596 D/CAM_CameraCapabilities(31663): MiviSuperNight: mSuperNightMask: 0
12-04 00:19:49.596 D/CAM_CameraCapabilities(31663): QuickShotNextCaptureMask: mQuickShotNextCaptureMask: 0
12-04 00:19:49.596 D/CAM_CameraCapabilities(31663): getBeautyVersionData: 3 ,beautyVersion: 3 ,beautyAlgo: 1
12-04 00:19:49.596 D/CAM_CameraCapabilities(31663): SnapshotQuickViewStreamMask: 0
12-04 00:19:49.596 D/CAM_Camera2CompatAdapter(31663): X: initCameraCapabilitiesByCameraId(): 6
12-04 00:19:49.599 W/CAM_CameraCapabilities(31663): isCurrentDeviceSupportHdr10 AVAILABLE_CONFIGURATIONS is not defined
12-04 00:19:49.599 W/CAM_CameraCapabilities(31663): isCurrentDeviceSupportHdr10 AVAILABLE_CONFIGURATIONS is not defined
12-04 00:19:49.599 W/CAM_CameraCapabilities(31663): isCurrentDeviceSupportHdr10 AVAILABLE_CONFIGURATIONS is not defined
12-04 00:19:49.601 D/CAM_SpeechShutterImpl(31663): processingSpeechShutter false
12-04 00:19:49.601 D/CAM_FocusView(31663): msg=9 true
12-04 00:19:49.602 D/CAM_V9SuspendShutterButton(31663): init  isBACK = -1
12-04 00:19:49.607 E/CAM_FlashAsdManager(31663): update asd scene result,newResult:5
12-04 00:19:49.607 D/CAM_BatteryDetector(31663): onBatteryNotification action=0 caller = d.c.a.j3.k(Unknown Source:19), d.c.a.j3.l(Unknown Source:33), d.c.a.q6.r7$b.run(Unknown Source:4), android.os.Handler.handleCallback(Handler.java:995), android.os.Handler.dispatchMessage(Handler.java:103), 
12-04 00:19:49.613 D/MIA_LLBokeh(31663): [initLLBokeh:502]:[arc_mfbokeh]   initLLBokeh out, res = 0
12-04 00:19:49.613 D/MIA_N_MFRCBK(31663): [IniEngine:589]:initLLBokeh result = 0
12-04 00:19:49.614 D/.android.camera(31663): Arcsoft BeautyParams_Debug:read beauty params file success.
12-04 00:19:49.614 D/MIA_N_MFRCBK(31663): [IniEngine:656]:[ARC_CTB] X
12-04 00:19:49.614 I/MIA_NODE(31663): [start:58]:startNode for 10 
12-04 00:19:49.614 I/MIA_NODE(31663): [start:87]:After for 10, mThread 0xb4000074e06db620
12-04 00:19:49.614 D/MIA_SESN(31663): [setCallback:647]:E
12-04 00:19:49.614 I/MIA_SRVC(31663): [createSession:146]:created session:0xb4000074c053e750 numSessions:1
12-04 00:19:49.614 D/MIA_N_MFRCBK(31663): [processImage:717]:Now check data 0xb4000074e06dacf0
12-04 00:19:49.614 D/MiCameraAlgo(31663): createSessionByOutputConfigurations: succeed. session = com.xiaomi.engine.TaskSession@b99d1dd
12-04 00:19:49.614 I/CAM_BaseImageProcessor(31663): setTaskSession: com.xiaomi.engine.TaskSession@b99d1dd
12-04 00:19:49.614 I/CAM_PostProcessor(31663): configCaptureSession: X. new image processor: d.m.f.e.r@b6aacfa
12-04 00:19:49.614 D/CAM_BoostFrameworkImpl(31663): stopBoost
12-04 00:19:49.614 D/CAM_BoostFrameworkImpl(31663): ready to stop boost
12-04 00:19:49.614 I/CAM_LocalParallelService(31663): [K_PROCESS]: configCaptureSession: cost=75
12-04 00:19:49.614 W/CAM_ConfigChangeImpl(31663): onLowBatteryNotification don't support hardware flash
12-04 00:19:49.615 D/ReprocessorFactory(31663): getReprocessor: type = VIRTUAL_CAMERA
12-04 00:19:49.615 D/CAM_ParallelManager(31663): initParallelSession: X
12-04 00:19:49.622 W/System  (31663): A resource failed to call Surface.release. 
12-04 00:19:49.623 I/Camera2ClientBase( 1573): ~Camera2ClientBase: Client object's dtor for Camera Id 0 completed. Client was: com.android.camera (PID 31663, UID 10545)
12-04 00:19:49.623 I/Camera3-Device( 1573): disconnectImpl: E
12-04 00:19:49.623 I/Camera3DeviceInjectionMethods( 1573): injectionDisconnectImpl: Injection camera disconnect
12-04 00:19:49.623 W/TaskSession(31663): com.xiaomi.engine.TaskSession@b7fa709 has been flushed
12-04 00:19:49.623 W/TaskSession(31663): com.xiaomi.engine.TaskSession@b7fa709 has been destroyed
12-04 00:19:49.623 D/TaskSession(31663): session has been closed: com.xiaomi.engine.TaskSession@b7fa709
12-04 00:19:49.649 E/CamX    ( 1104): [ERROR][STATS_AEC] ctriggerhandler.h:398: GetInterpZoneDataGeneric did not find an appropriate zone!
12-04 00:19:49.650 E/GC02M1  ( 1104): CalculateExposure: A_Reg_Gain=12288, A_Real_gain=12.000000, D_Reg_Gain=1024, D_Real_gain=1.000000, ISP_Gain=2.675733, linecount=3055
12-04 00:19:49.650 E/GC02M1  ( 1104): FillExposureSettings, reg_fline=3071, reg_line=3055
12-04 00:19:49.650 E/GC02M1  ( 1104): FillExposureSettings, gain=12288, gain_b6=15, gain_b1=4, gain_b2=193
12-04 00:19:49.650 D/android.hardware.camera.provider@2.4-service_64( 1104): GC02M1 regCount=10
12-04 00:19:49.655 E/XIAOMI_AIASD( 1104): checkerStatus=0 
12-04 00:19:49.669 W/CameraMetadataJV(31663): Expect face scores and rectangles to be non-null
12-04 00:19:49.669 W/CameraMetadataJV(31663): Expect face scores and rectangles to be non-null
12-04 00:19:49.669 D/CAM_LLS (31663): is lls needed = true
12-04 00:19:49.730 E/CamX    ( 1104): [ERROR][STATS_AEC] ctriggerhandler.h:398: GetInterpZoneDataGeneric did not find an appropriate zone!
12-04 00:19:49.730 E/GC02M1  ( 1104): CalculateExposure: A_Reg_Gain=12288, A_Real_gain=12.000000, D_Reg_Gain=1024, D_Real_gain=1.000000, ISP_Gain=2.675733, linecount=3055
12-04 00:19:49.730 E/GC02M1  ( 1104): FillExposureSettings, reg_fline=3071, reg_line=3055
12-04 00:19:49.730 E/GC02M1  ( 1104): FillExposureSettings, gain=12288, gain_b6=15, gain_b1=4, gain_b2=193
12-04 00:19:49.730 D/android.hardware.camera.provider@2.4-service_64( 1104): GC02M1 regCount=10
12-04 00:19:49.735 E/XIAOMI_AIASD( 1104): checkerStatus=0 
12-04 00:19:49.755 W/CameraMetadataJV(31663): Expect face scores and rectangles to be non-null
12-04 00:19:49.755 W/CameraMetadataJV(31663): Expect face scores and rectangles to be non-null
12-04 00:19:49.767 E/libprotobuf-native( 1104): [libprotobuf ERROR external/protobuf/src/google/protobuf/message_lite.cc:123] Can't parse message of type "sns_flicker_event" because it is missing required fields: (cannot determine missing fields for lite message)
12-04 00:19:49.810 E/CamX    ( 1104): [ERROR][STATS_AEC] ctriggerhandler.h:398: GetInterpZoneDataGeneric did not find an appropriate zone!
12-04 00:19:49.811 E/GC02M1  ( 1104): CalculateExposure: A_Reg_Gain=12288, A_Real_gain=12.000000, D_Reg_Gain=1024, D_Real_gain=1.000000, ISP_Gain=2.675733, linecount=3055
12-04 00:19:49.811 E/GC02M1  ( 1104): FillExposureSettings, reg_fline=3071, reg_line=3055
12-04 00:19:49.811 E/GC02M1  ( 1104): FillExposureSettings, gain=12288, gain_b6=15, gain_b1=4, gain_b2=193
12-04 00:19:49.811 D/android.hardware.camera.provider@2.4-service_64( 1104): GC02M1 regCount=10
12-04 00:19:49.815 E/XIAOMI_AIASD( 1104): checkerStatus=0 
12-04 00:19:49.835 W/CameraMetadataJV(31663): Expect face scores and rectangles to be non-null
12-04 00:19:49.835 W/CameraMetadataJV(31663): Expect face scores and rectangles to be non-null
12-04 00:19:49.886 W/ServiceManagerCppClient( 1289): Waited one second for stats (is service started? Number of threads started in the threadpool: 6. Are binder threads started and available?)
12-04 00:19:49.891 E/CamX    ( 1104): [ERROR][STATS_AEC] ctriggerhandler.h:398: GetInterpZoneDataGeneric did not find an appropriate zone!
12-04 00:19:49.891 E/GC02M1  ( 1104): CalculateExposure: A_Reg_Gain=12288, A_Real_gain=12.000000, D_Reg_Gain=1024, D_Real_gain=1.000000, ISP_Gain=2.675733, linecount=3055
12-04 00:19:49.891 E/GC02M1  ( 1104): FillExposureSettings, reg_fline=3071, reg_line=3055
12-04 00:19:49.891 E/GC02M1  ( 1104): FillExposureSettings, gain=12288, gain_b6=15, gain_b1=4, gain_b2=193
12-04 00:19:49.891 D/android.hardware.camera.provider@2.4-service_64( 1104): GC02M1 regCount=10
12-04 00:19:49.894 E/XIAOMI_AIASD( 1104): checkerStatus=0 
12-04 00:19:49.913 W/CameraMetadataJV(31663): Expect face scores and rectangles to be non-null
12-04 00:19:49.913 W/CameraMetadataJV(31663): Expect face scores and rectangles to be non-null
12-04 00:19:49.974 E/CamX    ( 1104): [ERROR][STATS_AEC] ctriggerhandler.h:398: GetInterpZoneDataGeneric did not find an appropriate zone!
12-04 00:19:49.974 E/GC02M1  ( 1104): CalculateExposure: A_Reg_Gain=12288, A_Real_gain=12.000000, D_Reg_Gain=1024, D_Real_gain=1.000000, ISP_Gain=2.675733, linecount=3055
12-04 00:19:49.974 E/GC02M1  ( 1104): FillExposureSettings, reg_fline=3071, reg_line=3055
12-04 00:19:49.974 E/GC02M1  ( 1104): FillExposureSettings, gain=12288, gain_b6=15, gain_b1=4, gain_b2=193
12-04 00:19:49.974 D/android.hardware.camera.provider@2.4-service_64( 1104): GC02M1 regCount=10
12-04 00:19:49.978 E/XIAOMI_AIASD( 1104): checkerStatus=0 
12-04 00:19:49.995 W/CameraMetadataJV(31663): Expect face scores and rectangles to be non-null
12-04 00:19:49.995 W/CameraMetadataJV(31663): Expect face scores and rectangles to be non-null
12-04 00:19:50.018 E/libprotobuf-native( 1104): [libprotobuf ERROR external/protobuf/src/google/protobuf/message_lite.cc:123] Can't parse message of type "sns_flicker_event" because it is missing required fields: (cannot determine missing fields for lite message)
12-04 00:19:50.050 E/CamX    ( 1104): [ERROR][STATS_AEC] ctriggerhandler.h:398: GetInterpZoneDataGeneric did not find an appropriate zone!
12-04 00:19:50.051 E/GC02M1  ( 1104): CalculateExposure: A_Reg_Gain=12288, A_Real_gain=12.000000, D_Reg_Gain=1024, D_Real_gain=1.000000, ISP_Gain=2.675733, linecount=3055
12-04 00:19:50.051 E/GC02M1  ( 1104): FillExposureSettings, reg_fline=3071, reg_line=3055
12-04 00:19:50.051 E/GC02M1  ( 1104): FillExposureSettings, gain=12288, gain_b6=15, gain_b1=4, gain_b2=193
12-04 00:19:50.051 D/android.hardware.camera.provider@2.4-service_64( 1104): GC02M1 regCount=10
12-04 00:19:50.052 E/XIAOMI_AIASD( 1104): checkerStatus=0 
12-04 00:19:50.075 W/CameraMetadataJV(31663): Expect face scores and rectangles to be non-null
12-04 00:19:50.075 W/CameraMetadataJV(31663): Expect face scores and rectangles to be non-null
12-04 00:19:50.077 E/CAM_FlashAsdManager(31663): update asd scene result,newResult:6
12-04 00:19:50.129 E/CamX    ( 1104): [ERROR][STATS_AEC] ctriggerhandler.h:398: GetInterpZoneDataGeneric did not find an appropriate zone!
12-04 00:19:50.130 E/GC02M1  ( 1104): CalculateExposure: A_Reg_Gain=12288, A_Real_gain=12.000000, D_Reg_Gain=1024, D_Real_gain=1.000000, ISP_Gain=2.675733, linecount=3055
12-04 00:19:50.130 E/GC02M1  ( 1104): FillExposureSettings, reg_fline=3071, reg_line=3055
12-04 00:19:50.130 E/GC02M1  ( 1104): FillExposureSettings, gain=12288, gain_b6=15, gain_b1=4, gain_b2=193
12-04 00:19:50.130 D/android.hardware.camera.provider@2.4-service_64( 1104): GC02M1 regCount=10
12-04 00:19:50.151 E/XIAOMI_AIASD( 1104): checkerStatus=0 
12-04 00:19:50.154 E/CamX    ( 1104): [ERROR][CORE   ] camxnode.cpp:3532 DumpNodeProcessingTime()     Node[RealtimePreviewRTB00_AutoFocus0], ReqId[13], SyncId[13], SequenceId[1]; [Start(1537958): 0 ms | DepMet(1538085): 127 ms | EPReqEnd(1538117): 32 ms ], setMaxFps:30
12-04 00:19:50.155 W/ServiceManagerCppClient( 1584): Waited one second for stats (is service started? Number of threads started in the threadpool: 17. Are binder threads started and available?)
12-04 00:19:50.161 W/CameraMetadataJV(31663): Expect face scores and rectangles to be non-null
12-04 00:19:50.161 W/CameraMetadataJV(31663): Expect face scores and rectangles to be non-null
12-04 00:19:50.165 W/ServiceManagerCppClient( 1832): Waited one second for stats (is service started? Number of threads started in the threadpool: 32. Are binder threads started and available?)
12-04 00:19:50.210 E/CamX    ( 1104): [ERROR][STATS_AEC] ctriggerhandler.h:398: GetInterpZoneDataGeneric did not find an appropriate zone!
12-04 00:19:50.210 E/GC02M1  ( 1104): CalculateExposure: A_Reg_Gain=12288, A_Real_gain=12.000000, D_Reg_Gain=1024, D_Real_gain=1.000000, ISP_Gain=2.675733, linecount=3055
12-04 00:19:50.210 E/GC02M1  ( 1104): FillExposureSettings, reg_fline=3071, reg_line=3055
12-04 00:19:50.210 E/GC02M1  ( 1104): FillExposureSettings, gain=12288, gain_b6=15, gain_b1=4, gain_b2=193
12-04 00:19:50.210 D/android.hardware.camera.provider@2.4-service_64( 1104): GC02M1 regCount=10
12-04 00:19:50.214 E/XIAOMI_AIASD( 1104): checkerStatus=0 
12-04 00:19:50.226 W/CameraMetadataJV(31663): Expect face scores and rectangles to be non-null
12-04 00:19:50.226 W/CameraMetadataJV(31663): Expect face scores and rectangles to be non-null
12-04 00:19:50.235 I/hwservicemanager(  669): getTransport: Cannot find entry vendor.qti.hardware.servicetracker@1.0::IServicetracker/default in either framework or device VINTF manifest.
12-04 00:19:50.245 W/Binder  (32513): Caught a RuntimeException from the binder stub implementation.
12-04 00:19:50.245 W/Binder  (32513): java.lang.UnsupportedOperationException
12-04 00:19:50.245 W/Binder  (32513): 	at cggu.a(PG:3)
12-04 00:19:50.245 W/Binder  (32513): 	at cggu.dispatchTransaction(PG:33)
12-04 00:19:50.245 W/Binder  (32513): 	at qam.onTransact(PG:13)
12-04 00:19:50.245 W/Binder  (32513): 	at android.os.Binder.execTransactInternal(Binder.java:1426)
12-04 00:19:50.245 W/Binder  (32513): 	at android.os.Binder.execTransact(Binder.java:1365)
12-04 00:19:50.256 E/libprotobuf-native( 1104): [libprotobuf ERROR external/protobuf/src/google/protobuf/message_lite.cc:123] Can't parse message of type "sns_flicker_event" because it is missing required fields: (cannot determine missing fields for lite message)
12-04 00:19:50.264 I/[ FTS ] fts_enter_pointer_event_handler(    0): Event 0x13 - Press ID[0]
12-04 00:19:50.266 D/CAM_Camera@109872872(31663): onUserInteraction
12-04 00:19:50.267 D/CAM_CameraSnapView(31663): judgeRegionRect
12-04 00:19:50.268 D/CAM_CameraSnapView(31663): snap click action_down
12-04 00:19:50.268 V/CAM_ImageActionImpl(31663): quickshot | snap click -> click at 1764803990268
12-04 00:19:50.268 D/CAM_ImageActionImpl(31663): quickshot | click event -> clickTimeInterval: -1
12-04 00:19:50.268 D/CAM_ImageModuleCameraManager(31663): isCurrentModuleSupportP2done: not supportP2done
12-04 00:19:50.269 D/CAM_Camera2Module(31663): isBlockSnap: return false
12-04 00:19:50.269 D/CAM_ImageModuleCameraManager(31663): isCurrentModuleSupportP2done: not supportP2done
12-04 00:19:50.270 D/CAM_Camera2Module(31663): isBlockSnap: return false
12-04 00:19:50.272 D/CAM_FragmentBottomAction(31663): onSnapPrepare
12-04 00:19:50.272 D/CAM_CameraSnapView(31663): send long press delay
12-04 00:19:50.272 D/CAM_CameraSnapView(31663): mStickyDistance = 209.9968
12-04 00:19:50.285 I/vendor.qti.bluetooth@1.0-ibs_handler( 1097): ProcessIbsCmd: Received IBS_WAKE_IND: 0xFD
12-04 00:19:50.285 D/vendor.qti.bluetooth@1.0-ibs_handler( 1097): SerialClockVote: vote for UART CLK ON
12-04 00:19:50.285 D/vendor.qti.bluetooth@1.0-wake_lock( 1097): Acquire wakelock is acquired 
12-04 00:19:50.285 I/vendor.qti.bluetooth@1.0-ibs_handler( 1097): ProcessIbsCmd: Writing IBS_WAKE_ACK
12-04 00:19:50.292 E/CamX    ( 1104): [ERROR][STATS_AEC] ctriggerhandler.h:398: GetInterpZoneDataGeneric did not find an appropriate zone!
12-04 00:19:50.292 E/GC02M1  ( 1104): CalculateExposure: A_Reg_Gain=12288, A_Real_gain=12.000000, D_Reg_Gain=1024, D_Real_gain=1.000000, ISP_Gain=2.675733, linecount=3055
12-04 00:19:50.292 E/GC02M1  ( 1104): FillExposureSettings, reg_fline=3071, reg_line=3055
12-04 00:19:50.292 E/GC02M1  ( 1104): FillExposureSettings, gain=12288, gain_b6=15, gain_b1=4, gain_b2=193
12-04 00:19:50.292 D/android.hardware.camera.provider@2.4-service_64( 1104): GC02M1 regCount=10
12-04 00:19:50.294 E/XIAOMI_AIASD( 1104): checkerStatus=0 
12-04 00:19:50.304 W/CameraMetadataJV(31663): Expect face scores and rectangles to be non-null
12-04 00:19:50.304 W/CameraMetadataJV(31663): Expect face scores and rectangles to be non-null
12-04 00:19:50.315 E/WifiHAL ( 1143): wifi_get_cached_scan_results: Wifi Cached Scan Result not supported by driver
12-04 00:19:50.315 E/WifiStaIfaceAidlImpl( 1832): getCachedScanData failed with service-specific exception: android.os.ServiceSpecificException:  (code 4)
12-04 00:19:50.356 D/CAM_CameraSnapView(31663): snap click action_up
12-04 00:19:50.356 D/CAM_CameraSnapView(31663): timeDiffer = 84
12-04 00:19:50.356 D/CAM_CameraSnapView(31663): start scale up anim
12-04 00:19:50.355 I/[ FTS ] fts_leave_pointer_event_handler(    0): Event 0x33 - release ID[0]
12-04 00:19:50.357 D/CAM_ImageModuleCameraManager(31663): isCurrentModuleSupportP2done: not supportP2done
12-04 00:19:50.358 D/CAM_Camera2Module(31663): isBlockSnap: return false
12-04 00:19:50.358 I/CAM_FragmentBottomAction(31663): [U_ACTION]: onSnapClick
12-04 00:19:50.358 W/CAM_ImageActionImpl(31663): onShutterButtonClick trigger mode 10 downTime: 0
12-04 00:19:50.359 I/CAM_TimerBurstManager(31663): isInShotting: false
12-04 00:19:50.359 I/CAM_TimerBurstManager(31663): (20:volume 10:shutter 120:timer) triggerMode:  10,isMenuTimer = false
12-04 00:19:50.359 D/CAM_ImageModuleCameraManager(31663): isCurrentModuleSupportP2done: not supportP2done
12-04 00:19:50.359 D/CAM_Camera2Module(31663): isBlockSnap: return false
12-04 00:19:50.359 I/CAM_Storage(31663): getLeftSpace() return 45524213760
12-04 00:19:50.361 D/CAM_FragmentBottomPopupTips(31663): onBackEvent: 3
12-04 00:19:50.361 I/CAM_BaseModuleStateManager(31663): [U_ACTION]: setTriggerMode 10
12-04 00:19:50.361 I/CAM_ImageActionImpl(31663): [U_ACTION]: onShutterButtonClick 1
12-04 00:19:50.361 I/CAM_PerformanceManager(31663): [P_PERFORM]: Event: DO_CAPTURE start
12-04 00:19:50.361 D/CAM_FocusManager(31663): getFocusMode=continuous-picture
12-04 00:19:50.362 V/CAM_FocusManager(31663): [K_PROCESS]: prepareCapture: false|2|continuous-picture
12-04 00:19:50.362 D/CAM_FocusManager(31663): getFocusMode=continuous-picture
12-04 00:19:50.362 I/CAM_FocusManager(31663): [K_PROCESS]: doSnap mState = 0, fromWhat = 2
12-04 00:19:50.362 D/CAM_FocusManager(31663): getFocusMode=continuous-picture
12-04 00:19:50.364 I/CAM_BaseModule(31663): [K_PROCESS]: enableCameraControls: enable = true, caller: d.c.a.q6.r7.g0(Unknown Source:19), com.android.camera.module.Camera2Module.y5(Unknown Source:1), d.c.a.q6.t8.b.x.S(Unknown Source:10), 
12-04 00:19:50.364 D/CAM_ImageModuleCameraManager(31663): isCurrentModuleSupportP2done: not supportP2done
12-04 00:19:50.364 D/CAM_Camera2Module(31663): isBlockSnap: return false
12-04 00:19:50.365 I/CAM_Camera2Module(31663): [K_PROCESS]: startNormalCapture mode -> 10
12-04 00:19:50.365 I/CAM_Storage(31663): getLeftSpace() return 45524213760
12-04 00:19:50.365 I/CAM_Storage(31663): getLeftSpace() return 45524213760
12-04 00:19:50.366 D/CAM_MiCamera2(31663): SAT_FUSION_SHOT_USER_CONFIG: FusionType(type: 0, algo: 0, mcnt: 8, scnt: 8)
12-04 00:19:50.366 D/CAM_CameraCapabilities(31663): isSatFusionShotSupported: false, because tag undefined
12-04 00:19:50.366 D/CAM_MiCamera2(31663): SAT_FUSION_SHOT_SUPPORTED: false
12-04 00:19:50.366 D/CAM_CameraCapabilities(31663): isSatFusionShotSupported: false, because tag undefined
12-04 00:19:50.366 D/CAM_Camera2Module(31663): prepareNormalCapture
12-04 00:19:50.366 I/vendor.qti.bluetooth@1.0-ibs_handler( 1097): ProcessIbsCmd: Received IBS_SLEEP_IND: 0xFE
12-04 00:19:50.366 D/vendor.qti.bluetooth@1.0-ibs_handler( 1097): SerialClockVote: vote for UART CLK OFF
12-04 00:19:50.370 D/CAM_CameraConfigManager(31663): setCaptureTime: 1764803990370
12-04 00:19:50.370 I/CAM_PerformanceManager(31663): [P_PERFORM]: Event: REAR_PORTRAIT_CAPTURE start
12-04 00:19:50.370 D/CAM_BaseModuleCameraManager(31663): setCameraState: 3
12-04 00:19:50.371 D/CAM_Camera2CompatAdapter(31663): E: initCameraCapabilitiesByCameraId(): 0
12-04 00:19:50.373 E/CamX    ( 1104): [ERROR][STATS_AEC] ctriggerhandler.h:398: GetInterpZoneDataGeneric did not find an appropriate zone!
12-04 00:19:50.373 E/GC02M1  ( 1104): CalculateExposure: A_Reg_Gain=12288, A_Real_gain=12.000000, D_Reg_Gain=1024, D_Real_gain=1.000000, ISP_Gain=2.675733, linecount=3055
12-04 00:19:50.373 E/GC02M1  ( 1104): FillExposureSettings, reg_fline=3071, reg_line=3055
12-04 00:19:50.373 E/GC02M1  ( 1104): FillExposureSettings, gain=12288, gain_b6=15, gain_b1=4, gain_b2=193
12-04 00:19:50.373 D/android.hardware.camera.provider@2.4-service_64( 1104): GC02M1 regCount=10
12-04 00:19:50.374 E/XIAOMI_AIASD( 1104): checkerStatus=0 
12-04 00:19:50.384 W/CameraMetadataJV(31663): Expect face scores and rectangles to be non-null
12-04 00:19:50.385 W/CameraMetadataJV(31663): Expect face scores and rectangles to be non-null
12-04 00:19:50.388 D/CAM_CameraCapabilities(31663): QuickShotDelayTime tag not defined
12-04 00:19:50.388 D/CAM_CameraCapabilities(31663): HQQuickShot: mFeatureMask: 0   mDelayTimeMask: 0
12-04 00:19:50.388 D/CAM_CameraCapabilities(31663): QuickShotDelayTimeFactor tag not defined
12-04 00:19:50.388 D/CAM_CameraCapabilities(31663): QuickShot: mDelayTimeFactor: 100
12-04 00:19:50.388 D/CAM_CameraCapabilities(31663): MiviSuperNight: mSuperNightMask: 0
12-04 00:19:50.388 D/CAM_CameraCapabilities(31663): QuickShotNextCaptureMask: mQuickShotNextCaptureMask: 0
12-04 00:19:50.388 D/CAM_CameraCapabilities(31663): getBeautyVersionData: 3 ,beautyVersion: 3 ,beautyAlgo: 1
12-04 00:19:50.388 D/CAM_CameraCapabilities(31663): SnapshotQuickViewStreamMask: 0
12-04 00:19:50.388 D/CAM_Camera2CompatAdapter(31663): X: initCameraCapabilitiesByCameraId(): 0
12-04 00:19:50.389 W/Binder  (32513): Caught a RuntimeException from the binder stub implementation.
12-04 00:19:50.389 W/Binder  (32513): java.lang.UnsupportedOperationException
12-04 00:19:50.389 W/Binder  (32513): 	at cggu.a(PG:3)
12-04 00:19:50.389 W/Binder  (32513): 	at cggu.dispatchTransaction(PG:33)
12-04 00:19:50.389 W/Binder  (32513): 	at qam.onTransact(PG:13)
12-04 00:19:50.389 W/Binder  (32513): 	at android.os.Binder.execTransactInternal(Binder.java:1426)
12-04 00:19:50.389 W/Binder  (32513): 	at android.os.Binder.execTransact(Binder.java:1365)
12-04 00:19:50.390 V/CAM_CameraUtil(31663): getRotation: sensorOrientation:90,orientation:0
12-04 00:19:50.390 D/CAM_Camera2Module(31663): prepareNormalCapture: mOrientation = 0, jpegRotation = 90
12-04 00:19:50.390 D/CAM_Camera2Module(31663): prepareNormalCapture: qcfa = false
12-04 00:19:50.390 D/CAM_CameraConfigs(31663): setLockedAlgoSize: null
12-04 00:19:50.390 D/CAM_NightManager(31663): isFlashFired : flashMode = 0, aeState = 2, flashState = 2
12-04 00:19:50.391 I/CAM_NightManager(31663): fillSuperNightParameters: isNeedFlashOn = false
12-04 00:19:50.391 I/CAM_NightManager(31663): fillSuperNightParameters: llsNeeded = true
12-04 00:19:50.391 I/CAM_NightManager(31663): fillSuperNightParameters: mNightMotionResult = 0
12-04 00:19:50.391 D/CAM_MarshalQueryableASDScene(31663): parseNonSemanticScene -> [3,,,0, 8,,,0]
12-04 00:19:50.391 D/CAM_CaptureResultParser(31663): getAsdNightResult : 0
12-04 00:19:50.391 I/CAM_NightManager(31663): fillSuperNightParameters: superNightTriggerMode = 0
12-04 00:19:50.391 E/VendorTagDescriptor(31663): lookupTag: Tag name 'asdExifInfo' does not exist.
12-04 00:19:50.391 I/CAM_NightManager(31663): fillSuperNightParameters: halSuperNightValues = [B@c7d4302
12-04 00:19:50.391 D/CAM_NightManager(31663): updateSuperNight : nightMotionCaptureRequired = false
12-04 00:19:50.391 D/CAM_NightManager(31663): <updateSuperNight>isSuperNightSeOn:false
12-04 00:19:50.392 D/CAM_CameraConfigManager(31663): setFrontMirror: false
12-04 00:19:50.392 D/CAM_Camera2CompatAdapter(31663): E: initCameraCapabilitiesByCameraId(): 6
12-04 00:19:50.401 D/CAM_CameraCapabilities(31663): QuickShotDelayTime tag not defined
12-04 00:19:50.401 D/CAM_CameraCapabilities(31663): HQQuickShot: mFeatureMask: 0   mDelayTimeMask: 0
12-04 00:19:50.401 D/CAM_CameraCapabilities(31663): QuickShotDelayTimeFactor tag not defined
12-04 00:19:50.401 D/CAM_CameraCapabilities(31663): QuickShot: mDelayTimeFactor: 100
12-04 00:19:50.401 D/CAM_CameraCapabilities(31663): MiviSuperNight: mSuperNightMask: 0
12-04 00:19:50.401 D/CAM_CameraCapabilities(31663): QuickShotNextCaptureMask: mQuickShotNextCaptureMask: 0
12-04 00:19:50.401 D/CAM_CameraCapabilities(31663): getBeautyVersionData: 3 ,beautyVersion: 3 ,beautyAlgo: 1
12-04 00:19:50.401 D/CAM_CameraCapabilities(31663): SnapshotQuickViewStreamMask: 0
12-04 00:19:50.401 D/CAM_Camera2CompatAdapter(31663): X: initCameraCapabilitiesByCameraId(): 6
12-04 00:19:50.401 D/CAM_CameraCapabilities(31663): isRemoveNevusDefined request : false
12-04 00:19:50.402 D/CAM_PortraitModule(31663): updateBeauty(): 3d beauty level: i:0 | ss: 0 |sf: 0 | ee: 0 | ns: 0 | rs: 0 | lp: 0 | cn: 0 | nk: 0 | se: 0 | sn: 0 | hl: 0 | solid: 0 | whiten: 0 | makeup: 0| headSlim: 0 | bodySlim: 0 | shoulderSlim: 0 | legSlim: 0 | puffy: 0| wholeBodySlim: 0 | buttSlim: 0 | makeupType: 0 | makeupLevel: 0 | beautyMode: 2 | makeupFilter: 0 | ambientLight: 0
12-04 00:19:50.402 E/VendorTagDescriptor(31663): lookupTag: Tag name 'motionCaptureType' does not exist.
12-04 00:19:50.403 D/CAM_Camera2Module(31663): tag of motion capture type is: 0
12-04 00:19:50.404 D/CAM_Camera2Module(31663): shouldDoMultiFrameCapture: shouldDoSR: false, isMotionExisted: false, isSuperNightSePriority: false
12-04 00:19:50.404 D/CAM_Camera2Module(31663): shouldDoMultiFrameCapture: false | false
12-04 00:19:50.404 D/CAM_ShotTypeHandler(31663): portrait shot type could handle
12-04 00:19:50.404 W/CAM_Camera2CompatAdapterRole(31663): Warning: getSATFrontCameraId(): #init() failed, roleId=80
12-04 00:19:50.404 W/CAM_Camera2CompatAdapterRole(31663): Warning: getBokehFrontCameraId(): #init() failed, roleId=81
12-04 00:19:50.404 D/CAM_Camera2Module(31663): enableParallel=true enableShot2Gallery=false shotType=6
12-04 00:19:50.404 D/CAM_CameraConfigManager(31663): setShotType: type=6,success =false
12-04 00:19:50.405 D/CAM_CameraConfigManager(31663): setShot2Gallery: isShot2Gallery=false
12-04 00:19:50.405 D/CAM_Camera2Module(31663): HQQuickShot | needMixQuickShot:false, isMixQuickShotSupport:false
12-04 00:19:50.405 W/CAM_Camera2CompatAdapterRole(31663): Warning: getAuxCameraId(): #init() failed, roleId=20
12-04 00:19:50.405 I/CAM_Camera2Module(31663): [K_PROCESS]: prepareNormalCapture title = IMG_20251204_001950
12-04 00:19:50.405 D/CAM_Camera2Module(31663): is Parallel path, shot2Galley: false,anchorFrame: false
12-04 00:19:50.405 D/CAM_CameraConfigManager(31663): setShotSavePath: /storage/emulated/0/DCIM/Camera/IMG_20251204_001950.jpg, isParallel:true
12-04 00:19:50.405 D/CAM_CameraConfigs(31663): setShotPath: /storage/emulated/0/DCIM/Camera/IMG_20251204_001950.jpg
12-04 00:19:50.405 D/CAM_CameraConfigs(31663): offer ShotPath: /storage/emulated/0/DCIM/Camera/IMG_20251204_001950.jpg
12-04 00:19:50.405 D/CAM_CameraConfigs(31663): offer ShotPathThumbnail: /storage/emulated/0/DCIM/Camera/IMG_20251204_001950.jpg
12-04 00:19:50.407 D/CAM_Camera2Module(31663): mQuickShotAnimateEnable: false
12-04 00:19:50.407 D/CAM_Camera2Module(31663): updateAlgorithmName:portrait
12-04 00:19:50.409 D/CAM_Camera2Module(31663): shouldEnableMfHdrQuickShot: no HDR
12-04 00:19:50.410 D/CAM_Camera2Module(31663): isNeedFixedShotTime nfst:false, mIsISORight4HWMFNR:true, isHQQuickShot:false
12-04 00:19:50.410 D/CAM_Camera2Module(31663): fixShotTime: -1
12-04 00:19:50.410 D/CAM_Camera2Module(31663): isQuickShotMultiFrameToZsl: isMfnrAlogUpQuickShotEnabled false
12-04 00:19:50.410 D/CAM_CameraConfigs(31663): setOutputSize: 4012x3008
12-04 00:19:50.410 D/CAM_ImageModuleCameraManager(31663): isCurrentModuleSupportP2done: not supportP2done
12-04 00:19:50.410 D/CAM_Camera2Module(31663): startNormalCapture ButtonStatus: null
12-04 00:19:50.410 I/CAM_Camera2Module(31663): create snapParamV2: null
12-04 00:19:50.410 I/CAM_Camera2Module(31663): create snapParamV1: null
12-04 00:19:50.410 D/CAM_Camera2Module(31663): isParallelSessionEnable:true, and block quick shot
12-04 00:19:50.410 V/CAM_MiCamera2(31663): takePicture m@205427800: mid = 171, cid = 6, created = true, departed = false
12-04 00:19:50.410 D/CAM_MiCamera2(31663): isNeedFlashOn:false
12-04 00:19:50.410 W/CAM_MiCamera2(31663): captureStillV1: algoType: 6
12-04 00:19:50.411 D/CAM_MiCamera2(31663): SAT_FUSION_SHOT_USER_CONFIG: FusionType(type: 0, algo: 0, mcnt: 8, scnt: 8)
12-04 00:19:50.411 D/CAM_CameraCapabilities(31663): isSatFusionShotSupported: false, because tag undefined
12-04 00:19:50.411 D/CAM_MiCamera2(31663): SAT_FUSION_SHOT_SUPPORTED: false
12-04 00:19:50.411 D/CAM_CameraCapabilities(31663): isSatFusionShotSupported: false, because tag undefined
12-04 00:19:50.411 D/CAM_ShotParallelStill(31663): fusionType -> FusionType(type: 0, algo: 0, mcnt: 0, scnt: 0)
12-04 00:19:50.411 D/CAM_MiCamera2(31663): capture: mMiCamera2ShotQueue.offer, size: 1
12-04 00:19:50.411 D/CAM_MiCamera2(31663): startShot holder: d.c.b.e5@5c982bd, isHQQuickShot:false, isQuickShot:false
12-04 00:19:50.411 I/CAM_ShotParallelStill(31663): [K_PROCESS]: startShot: this=d.c.b.e5@5c982bd
12-04 00:19:50.411 D/CAM_ShotParallelStill(31663): prepare: qcfa = false
12-04 00:19:50.411 V/CAM_ShotParallelStill(31663): [K_PROCESS]: prepare: mUseParallelVtCam:false
12-04 00:19:50.411 D/CAM_ShotParallelStill(31663): anchor frame not enabled
12-04 00:19:50.411 D/CAM_ShotParallelStill(31663): original soundTime is 0
12-04 00:19:50.411 D/CAM_ShotParallelStill(31663): prepare: use anchorframe=false ,soundTime=0
12-04 00:19:50.411 D/CAM_MiCamera2(31663): FAKE_SAT_ENABLED: false
12-04 00:19:50.412 I/CAM_[PERFORMANCE](31663): [    PictureTaken][START][1764803990412]
12-04 00:19:50.412 D/CAM_ShotParallelStill(31663): add surface Surface(name=null mNativeObject=-5476376651881521904)/@0x5585d4a to capture request, size is: 1600x1200
12-04 00:19:50.412 D/CAM_ShotParallelStill(31663): add surface Surface(name=null mNativeObject=-5476376651881525200)/@0x44874bb to capture request, size is: 4012x3008
12-04 00:19:50.412 D/CAM_MiCamera2(31663): getPhysicalBokehMainId is 0 bokeh1x is false
12-04 00:19:50.412 D/CAM_MiCamera2(31663): getPhysicalBokehSubId is 4 bokeh1x is false
12-04 00:19:50.413 D/CAM_ShotParallelStill(31663): add preview surface Surface(name=android.graphics.SurfaceTexture@dda50a2 mNativeObject=-5476376651881502128)/@0xc7162b5 to capture request, size is: 1440x1080
12-04 00:19:50.413 D/CAM_MiCamera2(31663): applyFlashMode: request android.hardware.camera2.CaptureRequest$Builder@7d070b2, applyType = 3
12-04 00:19:50.413 D/CAM_MiCameraCompat(31663): applyFlashMode: mode = 0
12-04 00:19:50.413 D/CAM_MiCamera2(31663): applyFlashMode: flashMode = 0, mScreenLightCallback = d.c.a.q6.q8.q1@59cbeec
12-04 00:19:50.413 D/CAM_CaptureRequestBuilder(31663): applyScreenLightHint(): false
12-04 00:19:50.413 D/CAM_CaptureRequestBuilder(31663): applyAFRegions: default 0
12-04 00:19:50.413 D/CAM_CaptureRequestBuilder(31663): applyAERegions: default 0
12-04 00:19:50.413 D/CAM_MiCameraCompat(31663): applyFaceDetection: trueã€ faceDetectMode: 1
12-04 00:19:50.413 D/CAM_CaptureRequestBuilder(31663): applyExposureCompensation: 0
12-04 00:19:50.413 D/CAM_HybridZoomingSystem(31663): toCropRegion(): zoom ratio = 1.0, crop region = Rect(0, 0 - 6016, 4512)
12-04 00:19:50.413 D/CAM_RequestVendorTag(31663): applyCropRegion: rect = Rect(0, 0 - 6016, 4512)
12-04 00:19:50.414 V/CAM_CaptureRequestBuilder(31663): applyZoomRatio(): cameraId = 6, zoomRatio = 1.0, activeArraySize = Rect(0, 0 - 6016, 4512), cropRegion = Rect(0, 0 - 6016, 4512)
12-04 00:19:50.414 D/CAM_CaptureRequestBuilder(31663): applyAELock: false
12-04 00:19:50.414 D/CAM_CaptureRequestBuilder(31663): applyAWBLock: false
12-04 00:19:50.414 D/CAM_CaptureRequestBuilder(31663): applyCinematicPhoto: false
12-04 00:19:50.414 D/CAM_CaptureRequestBuilder(31663): applySingleBokeh: false
12-04 00:19:50.414 D/CAM_CameraCapabilities(31663): isMFNRBokehSupported: 1
12-04 00:19:50.414 V/CAM_MiCameraCompat(31663): [K_PROCESS]: applyMfnrEnable: true
12-04 00:19:50.415 D/CAM_CaptureRequestBuilder(31663): applyCvLens 0
12-04 00:19:50.415 D/CAM_CameraCapabilities(31663): getAiShutterSupport not defined
12-04 00:19:50.415 D/CAM_CameraCapabilities(31663): isSupportAiShutter: 0
12-04 00:19:50.415 D/CAM_CameraCapabilities(31663): isSupportNormalWideLDC: true
12-04 00:19:50.415 D/CAM_MiCameraCompat(31663): applyNormalWideLDC: false
12-04 00:19:50.415 D/CAM_CameraCapabilities(31663): isSupportUltraWideLDC: true
12-04 00:19:50.415 D/CAM_MiCameraCompat(31663): applyUltraWideLDC: false
12-04 00:19:50.415 D/CAM_MiCamera2(31663): jpegRotation=90
12-04 00:19:50.415 V/CAM_Ca