12-04 00:19:47.332 D/CAM_Camera2Module(31663): setEffectFilter: 66048
12-04 00:19:47.332 D/CAM_EffectRenderGroup(31663): onEffectChanged: EFFECT_CHANGE_FILTER mEffectId = 66048
12-04 00:19:47.332 D/CAM_CameraConfigManager(31663): setTrackFocusEnable false
12-04 00:19:47.332 D/CAM_AiSceneManager(31663): setAiSceneEffect: 0
12-04 00:19:47.332 D/CAM_CameraConfigManager(31663): setTrackFocusFeatureEnable false
12-04 00:19:47.332 D/CAM_EffectController(31663): getAiColorCorrectionVersion: 2
12-04 00:19:47.332 D/CAM_CameraConfigManager(31663): setTrackFocusEnable false
12-04 00:19:47.332 D/CAM_EffectController(31663): getAiColorCorrectionVersion: 2
12-04 00:19:47.332 D/CAM_EffectRenderGroup(31663): onEffectChanged: EFFECT_CHANGE_FILTER mEffectId = 66048
12-04 00:19:47.332 V/CAM_MiCamera2(31663): resumePreview: cameraId=0 highSpeed=false | caller=d.c.b.p4.A0(Unknown Source:71), d.c.a.q6.r7$e.a(Unknown Source:203), d.c.a.q6.r7$e.accept(Unknown Source:2), io.reactivex.internal.observers.LambdaObserver.onNext(Unknown Source:8), 
12-04 00:19:47.332 D/CAM_FaceView(31663): setSkipDraw: mSkipDraw=false
12-04 00:19:47.332 D/CAM_FragmentBottomPopupTips(31663): restoreAiState: maybe restore ai scene tip:0
12-04 00:19:47.332 I/CAM_MiCamera2(31663): [K_PROCESS]: resumePreview: repeating sequenceId: 1
12-04 00:19:47.333 D/CAM_FragmentTopAlert(31663): camerapicker:alertParameterDescriptionTipï¼švisible   8
12-04 00:19:47.333 D/CAM_FragmentTopAlert(31663): camerapicker:alertParameterDescriptionTip->DESCRIPTION_NORMAL:change imageView
12-04 00:19:47.333 D/MIA_N_MIBACK_MIFLAW(31663): [processImage:99]:Now check data 0xb40000742052ce70
12-04 00:19:47.333 D/MIA_IMGQ(31663): [pollImageOnState:97]:QueueName MiaNodeMiFlaw input queue 0, Waiting mImageLock
12-04 00:19:47.333 D/MIA_IMGQ(31663): [pollImageOnState:99]:QueueName MiaNodeMiFlaw input queue 0, Getting mImageLock
12-04 00:19:47.333 I/MIA_NODE(31663): [start:87]:After for 6, mThread 0xb40000742052d7a0
12-04 00:19:47.333 D/MIA_N_HDR(31663): [processImage:125]:Now check data 0xb4000074205314e0
12-04 00:19:47.333 D/MIA_IMGQ(31663): [pollImageOnState:97]:QueueName MiaNodeHdr input queue 0, Waiting mImageLock
12-04 00:19:47.333 D/MIA_IMGQ(31663): [pollImageOnState:99]:QueueName MiaNodeHdr input queue 0, Getting mImageLock
12-04 00:19:47.333 I/MIA_NODE(31663): [start:87]:After for 7, mThread 0xb400007420531e10
12-04 00:19:47.333 D/MIA_SESN(31663): [setCallback:647]:E
12-04 00:19:47.333 I/MIA_SRVC(31663): [createSession:146]:created session:0xb4000074c053b550 numSessions:1
12-04 00:19:47.333 D/CAM_FragmentTopAlert(31663): camerapicker:alertParameterDescriptionTip->DESCRIPTION_FILTER:change imageView
12-04 00:19:47.333 D/MiCameraAlgo(31663): createSessionByOutputConfigurations: succeed. session = com.xiaomi.engine.TaskSession@b7fa709
12-04 00:19:47.333 I/CAM_BaseImageProcessor(31663): setTaskSession: com.xiaomi.engine.TaskSession@b7fa709
12-04 00:19:47.334 I/CAM_PostProcessor(31663): configCaptureSession: X. new image processor: d.m.f.e.g0@6c58d36
12-04 00:19:47.334 D/CAM_BoostFrameworkImpl(31663): stopBoost
12-04 00:19:47.334 D/CAM_BoostFrameworkImpl(31663): ready to stop boost
12-04 00:19:47.334 I/CAM_LocalParallelService(31663): [K_PROCESS]: configCaptureSession: cost=19
12-04 00:19:47.334 D/ReprocessorFactory(31663): getReprocessor: type = VIRTUAL_CAMERA
12-04 00:19:47.334 D/CAM_Camera2CompatAdapter(31663): E: initCameraCapabilitiesByCameraId(): 1
12-04 00:19:47.334 D/CAM_ParallelManager(31663): initParallelSession: X
12-04 00:19:47.341 D/CAM_CameraCapabilities(31663): QuickShotDelayTime tag not defined
12-04 00:19:47.342 D/CAM_CameraCapabilities(31663): HQQuickShot: mFeatureMask: 0   mDelayTimeMask: 0
12-04 00:19:47.342 D/CAM_CameraCapabilities(31663): QuickShotDelayTimeFactor tag not defined
12-04 00:19:47.342 D/CAM_CameraCapabilities(31663): QuickShot: mDelayTimeFactor: 100
12-04 00:19:47.342 D/CAM_CameraCapabilities(31663): MiviSuperNight: mSuperNightMask: 0
12-04 00:19:47.342 D/CAM_CameraCapabilities(31663): QuickShotNextCaptureMask: mQuickShotNextCaptureMask: 0
12-04 00:19:47.342 D/CAM_CameraCapabilities(31663): getBeautyVersionData: 3 ,beautyVersion: 3 ,beautyAlgo: 1
12-04 00:19:47.342 D/CAM_CameraCapabilities(31663): SnapshotQuickViewStreamMask: 0
12-04 00:19:47.342 D/CAM_Camera2CompatAdapter(31663): X: initCameraCapabilitiesByCameraId(): 1
12-04 00:19:47.342 D/CAM_Camera2CompatAdapter(31663): E: initCameraCapabilitiesByCameraId(): 0
12-04 00:19:47.349 D/CAM_CameraCapabilities(31663): QuickShotDelayTime tag not defined
12-04 00:19:47.349 D/CAM_CameraCapabilities(31663): HQQuickShot: mFeatureMask: 0   mDelayTimeMask: 0
12-04 00:19:47.349 D/CAM_CameraCapabilities(31663): QuickShotDelayTimeFactor tag not defined
12-04 00:19:47.349 D/CAM_CameraCapabilities(31663): QuickShot: mDelayTimeFactor: 100
12-04 00:19:47.349 D/CAM_CameraCapabilities(31663): MiviSuperNight: mSuperNightMask: 0
12-04 00:19:47.349 D/CAM_CameraCapabilities(31663): QuickShotNextCaptureMask: mQuickShotNextCaptureMask: 0
12-04 00:19:47.350 D/CAM_CameraCapabilities(31663): getBeautyVersionData: 3 ,beautyVersion: 3 ,beautyAlgo: 1
12-04 00:19:47.350 D/CAM_CameraCapabilities(31663): SnapshotQuickViewStreamMask: 0
12-04 00:19:47.350 D/CAM_Camera2CompatAdapter(31663): X: initCameraCapabilitiesByCameraId(): 0
12-04 00:19:47.350 W/CAM_CameraCapabilities(31663): isCurrentDeviceSupportHdr10 AVAILABLE_CONFIGURATIONS is not defined
12-04 00:19:47.350 W/CAM_CameraCapabilities(31663): isCurrentDeviceSupportHdr10 AVAILABLE_CONFIGURATIONS is not defined
12-04 00:19:47.350 W/CAM_CameraCapabilities(31663): isCurrentDeviceSupportHdr10 AVAILABLE_CONFIGURATIONS is not defined
12-04 00:19:47.350 D/CAM_SpeechShutterImpl(31663): processingSpeechShutter false
12-04 00:19:47.350 D/CAM_FocusView(31663): msg=9 true
12-04 00:19:47.351 D/CAM_V9SuspendShutterButton(31663): init  isBACK = -1
12-04 00:19:47.351 D/CAM_ActivityBase(31663): dismissCoverView
12-04 00:19:47.297 I/msm_cvp (    0): fw: <CFW_E:Unknwn:--------:-> cvp_flush_video_stats(4138): Reorder Callback, flushing stats
12-04 00:19:47.369 E/XIAOMI_AIASD( 1104): [HDR-Checker]: histogram_data = NULL
12-04 00:19:47.369 E/XIAOMI_AIASD( 1104): checkerStatus=2 
12-04 00:19:47.370 I/MIALGO_SD( 1104): LL_SD: ggq dxo param lux_index 326.990173 light 0.032578 dark ratio 0.977788 middle ratio 0.000000 bright ratio 0.000000 result 0
12-04 00:19:47.376 D/CAM_MiCamera2(31663): processAfResult: afState changed from -1 to 0
12-04 00:19:47.376 W/CAM_MiCamera2(31663): isFocusLocked: 0
12-04 00:19:47.380 W/CameraMetadataJV(31663): Expect face scores and rectangles to be non-null
12-04 00:19:47.380 W/CameraMetadataJV(31663): Expect face scores and rectangles to be non-null
12-04 00:19:47.382 D/CAM_BaseModule(31663): types:59,, u@222256527: mid = 163, cid = 0, created = true, departed = false
12-04 00:19:47.382 D/CAM_BaseModule(31663): accept 59,. d.c.a.q6.r7$e@2e60ec8
12-04 00:19:47.382 D/CAM_BaseModule(31663): begin to consumePreference..
12-04 00:19:47.382 V/CAM_MiCamera2(31663): resumePreview: cameraId=0 highSpeed=false | caller=d.c.b.p4.A0(Unknown Source:71), d.c.a.q6.r7$e.a(Unknown Source:203), d.c.a.q6.r7$e.accept(Unknown Source:2), io.reactivex.internal.observers.LambdaObserver.onNext(Unknown Source:8), 
12-04 00:19:47.382 W/CAM_Camera2CompatAdapterRole(31663): Warning: getAuxCameraId(): #init() failed, roleId=20
12-04 00:19:47.382 W/CAM_Camera2CompatAdapterRole(31663): Warning: getUltraTeleCameraId(): #init() failed, roleId=23
12-04 00:19:47.384 I/CAM_MiCamera2(31663): [K_PROCESS]: resumePreview: repeating sequenceId: 2
12-04 00:19:47.363 I/msm_cvp (    0): fw: <CFW_E:Unknwn:--------:-> cvp_flush_video_stats(4138): Reorder Callback, flushing stats
12-04 00:19:47.402 E/XIAOMI_AIASD( 1104): [HDR-Checker]: histogram_data = NULL
12-04 00:19:47.402 E/XIAOMI_AIASD( 1104): checkerStatus=2 
12-04 00:19:47.402 E/xmi_high_dynamic_range MIHDRVER-2022_0111_1256_J2.G-06bc30de ( 1104): mihdr, flash_mode=0, is_flash_snapshot=0
12-04 00:19:47.402 E/xmi_high_dynamic_range MIHDRVER-2022_0111_1256_J2.G-06bc30de ( 1104): invalid bhist, max count 0
12-04 00:19:47.402 E/xmi_high_dynamic_range MIHDRVER-2022_0111_1256_J2.G-06bc30de ( 1104): invalid HDR Bhist
12-04 00:19:47.403 E/xmi_high_dynamic_range MIHDRVER-2022_0111_1256_J2.G-06bc30de ( 1104): miaihdrchecker, cam0,id10,sh2,W1440,H1080,S1440,rot 90,adrc 0.00,luxIndex 326.99->326.99,ae1,iso 1611,expo 2.000000e+07,dark 0.000,conf[0.00, 0.00],1.000
12-04 00:19:47.403 E/xmi_high_dynamic_range MIHDRVER-2022_0111_1256_J2.G-06bc30de ( 1104): use real_drc dynamic ev
12-04 00:19:47.403 E/xmi_high_dynamic_range MIHDRVER-2022_0111_1256_J2.G-06bc30de ( 1104): compute dark_ev = -6.000 -> -4, bri_ev = 6.000 -> 6, long 0.000, short 0.000
12-04 00:19:47.403 E/xmi_high_dynamic_range MIHDRVER-2022_0111_1256_J2.G-06bc30de ( 1104): miaihdrchecker 01082036, type 0, Num 3, [0, -4, 6, 0], auto 0,on 1, 0
12-04 00:19:47.403 I/MIALGO_SD( 1104): LL_SD: ggq dxo param lux_index 326.990173 light 0.031162 dark ratio 0.977788 middle ratio 0.000000 bright ratio 0.000000 result 0
12-04 00:19:47.412 W/CameraMetadataJV(31663): Expect face scores and rectangles to be non-null
12-04 00:19:47.412 W/CameraMetadataJV(31663): Expect face scores and rectangles to be non-null
12-04 00:19:47.413 W/CAM_Camera2CompatAdapterRole(31663): Warning: getAuxCameraId(): #init() failed, roleId=20
12-04 00:19:47.413 W/CAM_Camera2CompatAdapterRole(31663): Warning: getUltraTeleCameraId(): #init() failed, roleId=23
12-04 00:19:47.477 E/libprotobuf-native( 1104): [libprotobuf ERROR external/protobuf/src/google/protobuf/message_lite.cc:123] Can't parse message of type "sns_flicker_event" because it is missing required fields: (cannot determine missing fields for lite message)
12-04 00:19:47.397 I/msm_cvp (    0): fw: <CFW_E:Unknwn:--------:-> cvp_flush_video_stats(4138): Reorder Callback, flushing stats
12-04 00:19:47.483 E/XIAOMI_AIASD( 1104): checkerStatus=2 
12-04 00:19:47.483 E/xmi_high_dynamic_range MIHDRVER-2022_0111_1256_J2.G-06bc30de ( 1104): mihdr, flash_mode=0, is_flash_snapshot=0
12-04 00:19:47.484 E/xmi_high_dynamic_range MIHDRVER-2022_0111_1256_J2.G-06bc30de ( 1104): miaihdrchecker, cam0,id10,sh2,W1440,H1080,S1440,rot 90,adrc 28.00,luxIndex 524.60->520.00,ae1,iso 1602,expo 8.000000e+07,dark 1.000,conf[0.00, 0.00],1.000
12-04 00:19:47.484 E/xmi_high_dynamic_range MIHDRVER-2022_0111_1256_J2.G-06bc30de ( 1104): miaihdrchecker 01082036, type 0, Num 3, [0, -12, 0, 0], auto 0,on 2, 1
12-04 00:19:47.484 I/MIALGO_SD( 1104): LL_SD: ggq dxo param lux_index 524.602173 light 0.004561 dark ratio 0.977788 middle ratio 0.000000 bright ratio 0.000000 result 1
12-04 00:19:47.497 W/CameraMetadataJV(31663): Expect face scores and rectangles to be non-null
12-04 00:19:47.497 W/CameraMetadataJV(31663): Expect face scores and rectangles to be non-null
12-04 00:19:47.498 W/CAM_Camera2CompatAdapterRole(31663): Warning: getAuxCameraId(): #init() failed, roleId=20
12-04 00:19:47.498 W/CAM_Camera2CompatAdapterRole(31663): Warning: getUltraTeleCameraId(): #init() failed, roleId=23
12-04 00:19:47.477 I/msm_cvp (    0): fw: <CFW_E:Unknwn:--------:-> cvp_flush_video_stats(4138): Reorder Callback, flushing stats
12-04 00:19:47.557 W/healthd (    0): battery l=51 v=3821 t=23.5 h=2 st=2 c=588378 fc=4647000 cc=5606 chg=u
12-04 00:19:47.564 D/QtiCarrierConfigHelper( 2883): WARNING, no carrier configs on phone Id: 1
12-04 00:19:47.565 E/XIAOMI_AIASD( 1104): checkerStatus=2 
12-04 00:19:47.565 E/xmi_high_dynamic_range MIHDRVER-2022_0111_1256_J2.G-06bc30de ( 1104): mihdr, flash_mode=0, is_flash_snapshot=0
12-04 00:19:47.565 D/CAM_BatteryDetector(31663): onReceive battery = 51 cutoff = false
12-04 00:19:47.565 D/CAM_BatteryDetector(31663): onBatteryNotification action=0 caller = d.c.a.j3.k(Unknown Source:19), d.c.a.j3.c(Unknown Source:0), d.c.a.j3$a.onReceive(Unknown Source:122), android.app.LoadedApk$ReceiverDispatcher$Args.lambda$getRunnable$0(LoadedApk.java:1839), android.app.LoadedApk$ReceiverDispatcher$Args.$r8$lambda$mcNAAl1SQ4MyJPyDg8TJ2x2h0Rk(Unknown Source:0), 
12-04 00:19:47.566 E/xmi_high_dynamic_range MIHDRVER-2022_0111_1256_J2.G-06bc30de ( 1104): miaihdrchecker, cam0,id10,sh2,W1440,H1080,S1440,rot 90,adrc 3.93,luxIndex 524.38->520.00,ae2,iso 1601,expo 8.000000e+07,dark 1.000,conf[0.00, 0.00],1.000
12-04 00:19:47.566 E/xmi_high_dynamic_range MIHDRVER-2022_0111_1256_J2.G-06bc30de ( 1104): miaihdrchecker 01082036, type 0, Num 3, [0, -12, 0, 0], auto 0,on 2, 1
12-04 00:19:47.567 I/MIALGO_SD( 1104): LL_SD: ggq dxo param lux_index 524.378235 light 0.016001 dark ratio 0.977788 middle ratio 0.000000 bright ratio 0.000000 result 1
12-04 00:19:47.567 D/LoadedApk( 1832): Receiver not registered: com.android.server.UiModeManagerService$8@a81ef10
12-04 00:19:47.558 I/msm_cvp (    0): fw: <CFW_E:Unknwn:--------:-> cvp_flush_video_stats(4138): Reorder Callback, flushing stats
12-04 00:19:47.570 W/healthd (    0): battery l=51 v=3821 t=23.5 h=2 st=2 c=588378 fc=4647000 cc=5606 chg=u
12-04 00:19:47.576 W/CameraMetadataJV(31663): Expect face scores and rectangles to be non-null
12-04 00:19:47.576 W/CameraMetadataJV(31663): Expect face scores and rectangles to be non-null
12-04 00:19:47.577 W/CAM_Camera2CompatAdapterRole(31663): Warning: getAuxCameraId(): #init() failed, roleId=20
12-04 00:19:47.577 W/CAM_Camera2CompatAdapterRole(31663): Warning: getUltraTeleCameraId(): #init() failed, roleId=23
12-04 00:19:47.578 D/CAM_BatteryDetector(31663): onBatteryNotification action=0 caller = d.c.a.j3.k(Unknown Source:19), d.c.a.j3.l(Unknown Source:33), d.c.a.q6.r7$b.run(Unknown Source:4), android.os.Handler.handleCallback(Handler.java:995), android.os.Handler.dispatchMessage(Handler.java:103), 
12-04 00:19:47.645 E/XIAOMI_AIASD( 1104): checkerStatus=2 
12-04 00:19:47.645 E/xmi_high_dynamic_range MIHDRVER-2022_0111_1256_J2.G-06bc30de ( 1104): mihdr, flash_mode=0, is_flash_snapshot=0
12-04 00:19:47.646 E/xmi_high_dynamic_range MIHDRVER-2022_0111_1256_J2.G-06bc30de ( 1104): miaihdrchecker, cam0,id10,sh2,W1440,H1080,S1440,rot 90,adrc 2.66,luxIndex 525.30->520.00,ae2,iso 1601,expo 8.000000e+07,dark 1.000,conf[0.00, 0.00],1.000
12-04 00:19:47.646 E/xmi_high_dynamic_range MIHDRVER-2022_0111_1256_J2.G-06bc30de ( 1104): miaihdrchecker 01082036, type 0, Num 3, [0, -12, 0, 0], auto 0,on 2, 1
12-04 00:19:47.647 I/MIALGO_SD( 1104): LL_SD: ggq dxo param lux_index 525.299561 light 0.018041 dark ratio 0.977788 middle ratio 0.000000 bright ratio 0.000000 result 1
12-04 00:19:47.654 D/CAM_MiCamera2(31663): processAfResult: afState changed from 0 to 1
12-04 00:19:47.657 W/CameraMetadataJV(31663): Expect face scores and rectangles to be non-null
12-04 00:19:47.657 W/CameraMetadataJV(31663): Expect face scores and rectangles to be non-null
12-04 00:19:47.658 W/CAM_Camera2CompatAdapterRole(31663): Warning: getAuxCameraId(): #init() failed, roleId=20
12-04 00:19:47.658 W/CAM_Camera2CompatAdapterRole(31663): Warning: getUltraTeleCameraId(): #init() failed, roleId=23
12-04 00:19:47.718 E/libprotobuf-native( 1104): [libprotobuf ERROR external/protobuf/src/google/protobuf/message_lite.cc:123] Can't parse message of type "sns_flicker_event" because it is missing required fields: (cannot determine missing fields for lite message)
12-04 00:19:47.638 I/msm_cvp (    0): fw: <CFW_E:Unknwn:--------:-> cvp_flush_video_stats(4138): Reorder Callback, flushing stats
12-04 00:19:47.724 E/XIAOMI_AIASD( 1104): checkerStatus=2 
12-04 00:19:47.725 E/xmi_high_dynamic_range MIHDRVER-2022_0111_1256_J2.G-06bc30de ( 1104): mihdr, flash_mode=0, is_flash_snapshot=0
12-04 00:19:47.726 E/xmi_high_dynamic_range MIHDRVER-2022_0111_1256_J2.G-06bc30de ( 1104): miaihdrchecker, cam0,id10,sh2,W1440,H1080,S1440,rot 90,adrc 1.82,luxIndex 556.67->520.00,ae2,iso 1601,expo 8.000000e+07,dark 1.000,conf[0.00, 0.00],1.000
12-04 00:19:47.726 E/xmi_high_dynamic_range MIHDRVER-2022_0111_1256_J2.G-06bc30de ( 1104): miaihdrchecker 01082036, type 0, Num 3, [0, -12, 0, 0], auto 0,on 2, 1
12-04 00:19:47.726 I/MIALGO_SD( 1104): LL_SD: ggq dxo param lux_index 556.667847 light 0.018660 dark ratio 0.977788 middle ratio 0.000000 bright ratio 0.000000 result 1
12-04 00:19:47.736 W/CameraMetadataJV(31663): Expect face scores and rectangles to be non-null
12-04 00:19:47.736 W/CameraMetadataJV(31663): Expect face scores and rectangles to be non-null
12-04 00:19:47.737 W/CAM_Camera2CompatAdapterRole(31663): Warning: getAuxCameraId(): #init() failed, roleId=20
12-04 00:19:47.737 W/CAM_Camera2CompatAdapterRole(31663): Warning: getUltraTeleCameraId(): #init() failed, roleId=23
12-04 00:19:47.717 I/msm_cvp (    0): fw: <CFW_E:Unknwn:--------:-> cvp_flush_video_stats(4138): Reorder Callback, flushing stats
12-04 00:19:47.804 E/XIAOMI_AIASD( 1104): checkerStatus=2 
12-04 00:19:47.804 E/xmi_high_dynamic_range MIHDRVER-2022_0111_1256_J2.G-06bc30de ( 1104): mihdr, flash_mode=0, is_flash_snapshot=0
12-04 00:19:47.805 E/xmi_high_dynamic_range MIHDRVER-2022_0111_1256_J2.G-06bc30de ( 1104): miaihdrchecker, cam0,id10,sh2,W1440,H1080,S1440,rot 90,adrc 1.85,luxIndex 569.39->520.00,ae2,iso 1601,expo 8.000000e+07,dark 1.000,conf[0.00, 0.00],1.000
12-04 00:19:47.805 E/xmi_high_dynamic_range MIHDRVER-2022_0111_1256_J2.G-06bc30de ( 1104): miaihdrchecker 01082036, type 0, Num 3, [0, -12, 0, 0], auto 0,on 2, 1
12-04 00:19:47.806 I/MIALGO_SD( 1104): LL_SD: ggq dxo param lux_index 569.394531 light 0.018648 dark ratio 0.977788 middle ratio 0.000000 bright ratio 0.000000 result 1
12-04 00:19:47.816 D/CAM_MiCamera2(31663): onCaptureCompleted: sequenceId = 1, frameNumber = 7
12-04 00:19:47.816 W/CameraMetadataJV(31663): Expect face scores and rectangles to be non-null
12-04 00:19:47.816 W/CameraMetadataJV(31663): Expect face scores and rectangles to be non-null
12-04 00:19:47.817 W/CAM_Camera2CompatAdapterRole(31663): Warning: getAuxCameraId(): #init() failed, roleId=20
12-04 00:19:47.818 W/CAM_Camera2CompatAdapterRole(31663): Warning: getUltraTeleCameraId(): #init() failed, roleId=23
12-04 00:19:47.797 I/msm_cvp (    0): fw: <CFW_E:Unknwn:--------:-> cvp_flush_video_stats(4138): Reorder Callback, flushing stats
12-04 00:19:47.884 E/XIAOMI_AIASD( 1104): checkerStatus=2 
12-04 00:19:47.884 W/ServiceManagerCppClient( 1289): Waited one second for stats (is service started? Number of threads started in the threadpool: 6. Are binder threads started and available?)
12-04 00:19:47.885 E/xmi_high_dynamic_range MIHDRVER-2022_0111_1256_J2.G-06bc30de ( 1104): mihdr, flash_mode=0, is_flash_snapshot=0
12-04 00:19:47.885 E/xmi_high_dynamic_range MIHDRVER-2022_0111_1256_J2.G-06bc30de ( 1104): miaihdrchecker, cam0,id10,sh2,W1440,H1080,S1440,rot 90,adrc 1.89,luxIndex 576.60->520.00,ae2,iso 1601,expo 8.000000e+07,dark 1.000,conf[0.00, 0.00],1.000
12-04 00:19:47.886 E/xmi_high_dynamic_range MIHDRVER-2022_0111_1256_J2.G-06bc30de ( 1104): miaihdrchecker 01082036, type 0, Num 3, [0, -12, 0, 0], auto 0,on 2, 1
12-04 00:19:47.896 D/CAM_MiCamera2(31663): onCaptureCompleted: sequenceId = 2, frameNumber = 8
12-04 00:19:47.896 I/CAM_STScreenNail(31663): normalHandlerCapacity:set normal
12-04 00:19:47.896 W/CameraMetadataJV(31663): Expect face scores and rectangles to be non-null
12-04 00:19:47.896 W/CameraMetadataJV(31663): Expect face scores and rectangles to be non-null
12-04 00:19:47.897 W/CAM_Camera2CompatAdapterRole(31663): Warning: getAuxCameraId(): #init() failed, roleId=20
12-04 00:19:47.898 W/CAM_Camera2CompatAdapterRole(31663): Warning: getUltraTeleCameraId(): #init() failed, roleId=23
12-04 00:19:47.878 I/msm_cvp (    0): fw: <CFW_E:Unknwn:--------:-> cvp_flush_video_stats(4138): Reorder Callback, flushing stats
12-04 00:19:47.964 E/XIAOMI_AIASD( 1104): checkerStatus=2 
12-04 00:19:47.965 E/xmi_high_dynamic_range MIHDRVER-2022_0111_1256_J2.G-06bc30de ( 1104): mihdr, flash_mode=0, is_flash_snapshot=0
12-04 00:19:47.966 E/xmi_high_dynamic_range MIHDRVER-2022_0111_1256_J2.G-06bc30de ( 1104): miaihdrchecker, cam0,id10,sh2,W1440,H1080,S1440,rot 90,adrc 1.90,luxIndex 579.34->520.00,ae2,iso 1601,expo 8.000000e+07,dark 1.000,conf[0.00, 0.00],1.000
12-04 00:19:47.966 E/xmi_high_dynamic_range MIHDRVER-2022_0111_1256_J2.G-06bc30de ( 1104): miaihdrchecker 01082036, type 0, Num 3, [0, -12, 0, 0], auto 0,on 2, 1
12-04 00:19:47.966 I/MIALGO_SD( 1104): LL_SD: ggq dxo param lux_index 579.335449 light 0.019786 dark ratio 0.977788 middle ratio 0.000000 bright ratio 0.000000 result 1
12-04 00:19:47.968 E/libprotobuf-native( 1104): [libprotobuf ERROR external/protobuf/src/google/protobuf/message_lite.cc:123] Can't parse message of type "sns_flicker_event" because it is missing required fields: (cannot determine missing fields for lite message)
12-04 00:19:47.977 W/CameraMetadataJV(31663): Expect face scores and rectangles to be non-null
12-04 00:19:47.977 W/CameraMetadataJV(31663): Expect face scores and rectangles to be non-null
12-04 00:19:47.978 W/CAM_Camera2CompatAdapterRole(31663): Warning: getAuxCameraId(): #init() failed, roleId=20
12-04 00:19:47.978 W/CAM_Camera2CompatAdapterRole(31663): Warning: getUltraTeleCameraId(): #init() failed, roleId=23
12-04 00:19:48.010 I/GH.ConnLoggerV2(32672): Stopped session 42b7a286-d148-45f6-b923-8fd2d9f78ee5
12-04 00:19:48.010 I/GH.ConnLoggerV2(32672): Session 42b7a286-d148-45f6-b923-8fd2d9f78ee5, event 7, detail OptionalInt.empty, SESSION_STOPPED, at 1535976 
12-04 00:19:48.020 I/hwservicemanager(  669): getTransport: Cannot find entry vendor.qti.hardware.servicetracker@1.0::IServicetracker/default in either framework or device VINTF manifest.
12-04 00:19:48.026 W/Binder  (32672): Caught a RuntimeException from the binder stub implementation.
12-04 00:19:48.026 W/Binder  (32672): java.lang.UnsupportedOperationException
12-04 00:19:48.026 W/Binder  (32672): 	at qbf.a(SourceFile:3)
12-04 00:19:48.026 W/Binder  (32672): 	at qbf.cT(SourceFile:33)
12-04 00:19:48.026 W/Binder  (32672): 	at gmz.onTransact(SourceFile:21)
12-04 00:19:48.026 W/Binder  (32672): 	at android.os.Binder.execTransactInternal(Binder.java:1426)
12-04 00:19:48.026 W/Binder  (32672): 	at android.os.Binder.execTransact(Binder.java:1365)
12-04 00:19:47.958 I/msm_cvp (    0): fw: <CFW_E:Unknwn:--------:-> cvp_flush_video_stats(4138): Reorder Callback, flushing stats
12-04 00:19:48.045 E/XIAOMI_AIASD( 1104): checkerStatus=2 
12-04 00:19:48.045 E/xmi_high_dynamic_range MIHDRVER-2022_0111_1256_J2.G-06bc30de ( 1104): mihdr, flash_mode=0, is_flash_snapshot=0
12-04 00:19:48.046 E/xmi_high_dynamic_range MIHDRVER-2022_0111_1256_J2.G-06bc30de ( 1104): miaihdrchecker, cam0,id10,sh2,W1440,H1080,S1440,rot 90,adrc 1.93,luxIndex 581.26->520.00,ae2,iso 1601,expo 8.000000e+07,dark 1.000,conf[0.00, 0.00],1.000
12-04 00:19:48.046 E/xmi_high_dynamic_range MIHDRVER-2022_0111_1256_J2.G-06bc30de ( 1104): miaihdrchecker 01082036, type 0, Num 3, [0, -12, 0, 0], auto 0,on 2, 1
12-04 00:19:48.047 I/MIALGO_SD( 1104): LL_SD: ggq dxo param lux_index 581.264648 light 0.019592 dark ratio 0.977788 middle ratio 0.000000 bright ratio 0.000000 result 1
12-04 00:19:48.059 W/CameraMetadataJV(31663): Expect face scores and rectangles to be non-null
12-04 00:19:48.059 W/CameraMetadataJV(31663): Expect face scores and rectangles to be non-null
12-04 00:19:48.060 W/CAM_Camera2CompatAdapterRole(31663): Warning: getAuxCameraId(): #init() failed, roleId=20
12-04 00:19:48.060 W/CAM_Camera2CompatAdapterRole(31663): Warning: getUltraTeleCameraId(): #init() failed, roleId=23
12-04 00:19:48.038 I/msm_cvp (    0): fw: <CFW_E:Unknwn:--------:-> cvp_flush_video_stats(4138): Reorder Callback, flushing stats
12-04 00:19:48.065 E/FG      (    0): fg_psy_get_property: unsupported property 67
12-04 00:19:48.065 E/FG      (    0): fg_psy_get_property: unsupported property 4
12-04 00:19:48.065 E/        (    0): Get prop 67 is not supported in pc_port
12-04 00:19:48.066 D/MiuiGallery2_BatteryMonitor(30357): [main] - ACTION_BATTERY_CHANGED, plugged:true
12-04 00:19:48.067 D/MiuiGallery2_BatteryMonitor(30357): [main] - power is connected
12-04 00:19:48.125 E/XIAOMI_AIASD( 1104): checkerStatus=2 
12-04 00:19:48.125 E/xmi_high_dynamic_range MIHDRVER-2022_0111_1256_J2.G-06bc30de ( 1104): mihdr, flash_mode=0, is_flash_snapshot=0
12-04 00:19:48.126 E/xmi_high_dynamic_range MIHDRVER-2022_0111_1256_J2.G-06bc30de ( 1104): miaihdrchecker, cam0,id10,sh2,W1440,H1080,S1440,rot 90,adrc 1.93,luxIndex 582.32->520.00,ae2,iso 1601,expo 8.000000e+07,dark 1.000,conf[0.00, 0.00],1.000
12-04 00:19:48.126 E/xmi_high_dynamic_range MIHDRVER-2022_0111_1256_J2.G-06bc30de ( 1104): miaihdrchecker 01082036, type 0, Num 3, [0, -12, 0, 0], auto 0,on 2, 1
12-04 00:19:48.127 I/MIALGO_SD( 1104): LL_SD: ggq dxo param lux_index 582.319458 light 0.019283 dark ratio 0.977788 middle ratio 0.000000 bright ratio 0.000000 result 1
12-04 00:19:48.137 W/CameraMetadataJV(31663): Expect face scores and rectangles to be non-null
12-04 00:19:48.137 W/CameraMetadataJV(31663): Expect face scores and rectangles to be non-null
12-04 00:19:48.138 W/CAM_Camera2CompatAdapterRole(31663): Warning: getAuxCameraId(): #init() failed, roleId=20
12-04 00:19:48.138 W/CAM_Camera2CompatAdapterRole(31663): Warning: getUltraTeleCameraId(): #init() failed, roleId=23
12-04 00:19:48.154 W/ServiceManagerCppClient( 1584): Waited one second for stats (is service started? Number of threads started in the threadpool: 17. Are binder threads started and available?)
12-04 00:19:48.163 W/ServiceManagerCppClient( 1832): Waited one second for stats (is service started? Number of threads started in the threadpool: 32. Are binder threads started and available?)
12-04 00:19:48.119 I/msm_cvp (    0): fw: <CFW_E:Unknwn:--------:-> cvp_flush_video_stats(4138): Reorder Callback, flushing stats
12-04 00:19:48.206 E/XIAOMI_AIASD( 1104): checkerStatus=2 
12-04 00:19:48.206 E/xmi_high_dynamic_range MIHDRVER-2022_0111_1256_J2.G-06bc30de ( 1104): mihdr, flash_mode=0, is_flash_snapshot=0
12-04 00:19:48.207 E/xmi_high_dynamic_range MIHDRVER-2022_0111_1256_J2.G-06bc30de ( 1104): miaihdrchecker, cam0,id10,sh2,W1440,H1080,S1440,rot 90,adrc 1.94,luxIndex 582.86->520.00,ae2,iso 1601,expo 8.000000e+07,dark 1.000,conf[0.00, 0.00],1.000
12-04 00:19:48.207 E/xmi_high_dynamic_range MIHDRVER-2022_0111_1256_J2.G-06bc30de ( 1104): miaihdrchecker 01082036, type 0, Num 3, [0, -12, 0, 0], auto 0,on 2, 1
12-04 00:19:48.208 I/MIALGO_SD( 1104): LL_SD: ggq dxo param lux_index 582.862244 light 0.019082 dark ratio 0.977788 middle ratio 0.000000 bright ratio 0.000000 result 1
12-04 00:19:48.218 E/libprotobuf-native( 1104): [libprotobuf ERROR external/protobuf/src/google/protobuf/message_lite.cc:123] Can't parse message of type "sns_flicker_event" because it is missing required fields: (cannot determine missing fields for lite message)
12-04 00:19:48.220 W/CameraMetadataJV(31663): Expect face scores and rectangles to be non-null
12-04 00:19:48.220 W/CameraMetadataJV(31663): Expect face scores and rectangles to be non-null
12-04 00:19:48.221 W/CAM_Camera2CompatAdapterRole(31663): Warning: getAuxCameraId(): #init() failed, roleId=20
12-04 00:19:48.221 W/CAM_Camera2CompatAdapterRole(31663): Warning: getUltraTeleCameraId(): #init() failed, roleId=23
12-04 00:19:48.198 I/msm_cvp (    0): fw: <CFW_E:Unknwn:--------:-> cvp_flush_video_stats(4138): Reorder Callback, flushing stats
12-04 00:19:48.286 E/XIAOMI_AIASD( 1104): checkerStatus=2 
12-04 00:19:48.286 E/xmi_high_dynamic_range MIHDRVER-2022_0111_1256_J2.G-06bc30de ( 1104): mihdr, flash_mode=0, is_flash_snapshot=0
12-04 00:19:48.287 E/xmi_high_dynamic_range MIHDRVER-2022_0111_1256_J2.G-06bc30de ( 1104): miaihdrchecker, cam0,id10,sh2,W1440,H1080,S1440,rot 90,adrc 1.94,luxIndex 583.21->520.00,ae2,iso 1601,expo 8.000000e+07,dark 1.000,conf[0.00, 0.00],1.000
12-04 00:19:48.287 E/xmi_high_dynamic_range MIHDRVER-2022_0111_1256_J2.G-06bc30de ( 1104): miaihdrchecker 01082036, type 0, Num 3, [0, -12, 0, 0], auto 0,on 2, 1
12-04 00:19:48.288 I/MIALGO_SD( 1104): LL_SD: ggq dxo param lux_index 583.211914 light 0.019081 dark ratio 0.977788 middle ratio 0.000000 bright ratio 0.000000 result 1
12-04 00:19:48.299 W/CameraMetadataJV(31663): Expect face scores and rectangles to be non-null
12-04 00:19:48.299 W/CameraMetadataJV(31663): Expect face scores and rectangles to be non-null
12-04 00:19:48.301 W/CAM_Camera2CompatAdapterRole(31663): Warning: getAuxCameraId(): #init() failed, roleId=20
12-04 00:19:48.301 W/CAM_Camera2CompatAdapterRole(31663): Warning: getUltraTeleCameraId(): #init() failed, roleId=23
12-04 00:19:48.330 W/LibevQuicAsyncUDPSocket.h( 1003): setTosOrTrafficClass not implemented in LibevQuicAsyncUDPSocket
12-04 00:19:48.335 E/MvfstCallbacks.cpp( 1003): onConnectionSetupError: error=TransportError: Internal Error, Error on socket write Operation not permitted, 
12-04 00:19:48.335 W/LibevQuicAsyncUDPSocket.h( 1003): setTosOrTrafficClass not implemented in LibevQuicAsyncUDPSocket
12-04 00:19:48.341 E/MvfstCallbacks.cpp( 1003): onConnectionSetupError: error=TransportError: Internal Error, Error on socket write Operation not permitted, 
12-04 00:19:48.279 I/msm_cvp (    0): fw: <CFW_E:Unknwn:--------:-> cvp_flush_video_stats(4138): Reorder Callback, flushing stats
12-04 00:19:48.365 E/XIAOMI_AIASD( 1104): checkerStatus=2 
12-04 00:19:48.366 E/xmi_high_dynamic_range MIHDRVER-2022_0111_1256_J2.G-06bc30de ( 1104): mihdr, flash_mode=0, is_flash_snapshot=0
12-04 00:19:48.367 E/xmi_high_dynamic_range MIHDRVER-2022_0111_1256_J2.G-06bc30de ( 1104): miaihdrchecker, cam0,id10,sh2,W1440,H1080,S1440,rot 90,adrc 1.96,luxIndex 583.80->520.00,ae2,iso 1601,expo 8.000000e+07,dark 1.000,conf[0.00, 0.00],1.000
12-04 00:19:48.367 E/xmi_high_dynamic_range MIHDRVER-2022_0111_1256_J2.G-06bc30de ( 1104): miaihdrchecker 01082036, type 0, Num 3, [0, -12, 0, 0], auto 0,on 2, 1
12-04 00:19:48.367 I/MIALGO_SD( 1104): LL_SD: ggq dxo param lux_index 583.800171 light 0.019218 dark ratio 0.977788 middle ratio 0.000000 bright ratio 0.000000 result 1
12-04 00:19:48.380 W/CameraMetadataJV(31663): Expect face scores and rectangles to be non-null
12-04 00:19:48.380 W/CameraMetadataJV(31663): Expect face scores and rectangles to be non-null
12-04 00:19:48.381 W/CAM_Camera2CompatAdapterRole(31663): Warning: getAuxCameraId(): #init() failed, roleId=20
12-04 00:19:48.382 W/CAM_Camera2CompatAdapterRole(31663): Warning: getUltraTeleCameraId(): #init() failed, roleId=23
12-04 00:19:48.358 I/msm_cvp (    0): fw: <CFW_E:Unknwn:--------:-> cvp_flush_video_stats(4138): Reorder Callback, flushing stats
12-04 00:19:48.446 E/XIAOMI_AIASD( 1104): checkerStatus=2 
12-04 00:19:48.446 E/xmi_high_dynamic_range MIHDRVER-2022_0111_1256_J2.G-06bc30de ( 1104): mihdr, flash_mode=0, is_flash_snapshot=0
12-04 00:19:48.447 E/xmi_high_dynamic_range MIHDRVER-2022_0111_1256_J2.G-06bc30de ( 1104): miaihdrchecker, cam0,id10,sh2,W1440,H1080,S1440,rot 90,adrc 1.96,luxIndex 584.09->520.00,ae2,iso 1601,expo 8.000000e+07,dark 1.000,conf[0.00, 0.00],1.000
12-04 00:19:48.447 E/xmi_high_dynamic_range MIHDRVER-2022_0111_1256_J2.G-06bc30de ( 1104): miaihdrchecker 01082036, type 0, Num 3, [0, -12, 0, 0], auto 0,on 2, 1
12-04 00:19:48.460 W/CameraMetadataJV(31663): Expect face scores and rectangles to be non-null
12-04 00:19:48.460 W/CameraMetadataJV(31663): Expect face scores and rectangles to be non-null
12-04 00:19:48.461 W/CAM_Camera2CompatAdapterRole(31663): Warning: getAuxCameraId(): #init() failed, roleId=20
12-04 00:19:48.461 W/CAM_Camera2CompatAdapterRole(31663): Warning: getUltraTeleCameraId(): #init() failed, roleId=23
12-04 00:19:48.469 D/CAM_Camera@109872872(31663): onUserInteraction
12-04 00:19:48.439 I/msm_cvp (    0): fw: <CFW_E:Unknwn:--------:-> cvp_flush_video_stats(4138): Reorder Callback, flushing stats
12-04 00:19:48.468 I/[ FTS ] fts_enter_pointer_event_handler(    0): Event 0x13 - Press ID[0]
12-04 00:19:48.470 V/CAM_DragLayout(31663): dispatchTouchEvent 0, mDragMode = false, mPromptMode = false,mState 3
12-04 00:19:48.518 E/libprotobuf-native( 1104): [libprotobuf ERROR external/protobuf/src/google/protobuf/message_lite.cc:123] Can't parse message of type "sns_flicker_event" because it is missing required fields: (cannot determine missing fields for lite message)
12-04 00:19:48.526 E/XIAOMI_AIASD( 1104): checkerStatus=2 
12-04 00:19:48.526 E/xmi_high_dynamic_range MIHDRVER-2022_0111_1256_J2.G-06bc30de ( 1104): mihdr, flash_mode=0, is_flash_snapshot=0
12-04 00:19:48.527 E/xmi_high_dynamic_range MIHDRVER-2022_0111_1256_J2.G-06bc30de ( 1104): miaihdrchecker, cam0,id10,sh2,W1440,H1080,S1440,rot 90,adrc 1.97,luxIndex 584.16->520.00,ae2,iso 1601,expo 8.000000e+07,dark 1.000,conf[0.00, 0.00],1.000
12-04 00:19:48.527 E/xmi_high_dynamic_range MIHDRVER-2022_0111_1256_J2.G-06bc30de ( 1104): miaihdrchecker 01082036, type 0, Num 3, [0, -12, 0, 0], auto 0,on 2, 1
12-04 00:19:48.528 I/MIALGO_SD( 1104): LL_SD: ggq dxo param lux_index 584.164734 light 0.019279 dark ratio 0.977788 middle ratio 0.000000 bright ratio 0.000000 result 1
12-04 00:19:48.540 W/CameraMetadataJV(31663): Expect face scores and rectangles to be non-null
12-04 00:19:48.540 W/CameraMetadataJV(31663): Expect face scores and rectangles to be non-null
12-04 00:19:48.541 W/CAM_Camera2CompatAdapterRole(31663): Warning: getAuxCameraId(): #init() failed, roleId=20
12-04 00:19:48.541 W/CAM_Camera2CompatAdapterRole(31663): Warning: getUltraTeleCameraId(): #init() failed, roleId=23
12-04 00:19:48.588 V/CAM_DragLayout(31663): dispatchTouchEvent 1, mDragMode = false, mPromptMode = false,mState 3
12-04 00:19:48.519 I/msm_cvp (    0): fw: <CFW_E:Unknwn:--------:-> cvp_flush_video_stats(4138): Reorder Callback, flushing stats
12-04 00:19:48.586 I/[ FTS ] fts_leave_pointer_event_handler(    0): Event 0x33 - release ID[0]
12-04 00:19:48.593 D/CAM_FragmentModeSelector(31663): getTargetModeView mModeSelectRoot
12-04 00:19:48.593 D/CAM_ModeSelectViewCV(31663): click to change mode, mCurMode = 163, newMode = 171
12-04 00:19:48.594 D/CAM_BoostFrameworkImpl(31663): startBoost: duration = 1000, scene = 6
12-04 00:19:48.594 D/CAM_BoostFrameworkImpl(31663): ready to boost
12-04 00:19:48.594 I/CAM_Camera@109872872(31663): [U_ACTION]: onModeSelected from 0xa3 to 0xab, ScreenSlideOff = false, facing = 0
12-04 00:19:48.595 I/CAM_PerformanceManager(31663): [P_PERFORM]: Event: SWITCH_MODULE start
12-04 00:19:48.595 D/CAM_Camera@109872872(31663): closeCameraSetup: CameraPendingSetupDisposable: X
12-04 00:19:48.595 D/CAM_Camera@109872872(31663): closeCameraSetup: CameraSetupDisposable: X
12-04 00:19:48.595 I/CAM_PermissionManager(31663): getNeedCheckPermissionList() listSize =0
12-04 00:19:48.595 I/CAM_PermissionManager(31663): checkCameraPermissions(), all on
12-04 00:19:48.595 D/CAM_FragmentBottomAction(31663): setClickEnable: false
12-04 00:19:48.595 D/CAM_CameraSnapView(31663): setClickEnable: false
12-04 00:19:48.595 D/CAM_CaptureModule(31663): checkDragBurstEnable: reset and dispose
12-04 00:19:48.596 D/CAM_FragmentModeSelector(31663): setClickEnable: false
12-04 00:19:48.596 D/CAM_FragmentMainContentMM(31663): setClickEnable: false
12-04 00:19:48.596 D/CAM_FragmentTopBar(31663): setClickEnable: false
12-04 00:19:48.596 D/CAM_FragmentTopAlert(31663): setClickEnable: false
12-04 00:19:48.596 D/CAM_FragmentDualCameraAdjustMM(31663): setClickEnable: false
12-04 00:19:48.596 D/CAM_ZoomRatioToggleView(31663): setEnabled(): false
12-04 00:19:48.596 D/CAM_FragmentBottomPopupTips(31663): setClickEnable: false
12-04 00:19:48.596 D/CAM_FragmentReferenceLine(31663): setClickEnable: false
12-04 00:19:48.596 D/CAM_BaseModule(31663): setDeparted
12-04 00:19:48.598 D/CAM_BaseModule(31663): setActivity, activity: com.android.camera.Camera@68c86e8, d.c.a.q6.r7.ok(Unknown Source:23), d.c.a.q6.r7.g4(Unknown Source:4), com.android.camera.Camera.Fj(Unknown Source:81), 
12-04 00:19:48.598 D/CAM_V9SuspendShutterButton(31663): init  isBACK = -1
12-04 00:19:48.599 I/CAM_Camera@109872872(31663): create new module instantiated: m@205427800: mid = 171, cid = 0, created = false, departed = false
12-04 00:19:48.599 D/CAM_DataItemRunning(31663): setDummyEnablefalse
12-04 00:19:48.599 I/CAM_PermissionManager(31663): getNeedCheckPermissionList() listSize =0
12-04 00:19:48.599 D/CAM_RenderEngineV1(31663): V1: setTextureColorSpace: SRGB
12-04 00:19:48.599 D/CAM_STScreenNail(31663): setTextureColorSpace: SRGB
12-04 00:19:48.599 D/CAM_RenderEngineV1(31663): V1: setDisplayColorSpace: SRGB
12-04 00:19:48.599 D/CAM_CameraRenderEngine(31663): setDisplayColorSpace: SRGB
12-04 00:19:48.599 D/CAM_CameraRenderEngine(31663): setDisplayColorSpace: nothing change.
12-04 00:19:48.599 I/CAM_PermissionManager(31663): checkCameraLaunchPermissions(), all on
12-04 00:19:48.600 D/CAM_Camera@109872872(31663): CameraPendingSetupDisposable: E
12-04 00:19:48.600 D/CAM_PreDataSetup(31663): reInit ,  resetType = 8
12-04 00:19:48.601 D/CAM_Camera2CompatAdapter(31663): E: initCameraCapabilitiesByCameraId(): 6
12-04 00:19:48.606 E/XIAOMI_AIASD( 1104): checkerStatus=2 
12-04 00:19:48.606 E/xmi_high_dynamic_range MIHDRVER-2022_0111_1256_J2.G-06bc30de ( 1104): mihdr, flash_mode=0, is_flash_snapshot=0
12-04 00:19:48.608 E/xmi_high_dynamic_range MIHDRVER-2022_0111_1256_J2.G-06bc30de ( 1104): miaihdrchecker, cam0,id10,sh2,W1440,H1080,S1440,rot 90,adrc 1.96,luxIndex 584.01->520.00,ae2,iso 1601,expo 8.000000e+07,dark 1.000,conf[0.00, 0.00],1.000
12-04 00:19:48.608 E/xmi_high_dynamic_range MIHDRVER-2022_0111_1256_J2.G-06bc30de ( 1104): miaihdrchecker 01082036, type 0, Num 3, [0, -12, 0, 0], auto 0,on 2, 1
12-04 00:19:48.609 I/MIALGO_SD( 1104): LL_SD: ggq dxo param lux_index 584.011658 light 0.018962 dark ratio 0.977788 middle ratio 0.000000 bright ratio 0.000000 result 1
12-04 00:19:48.623 D/CAM_CameraCapabilities(31663): QuickShotDelayTime tag not defined
12-04 00:19:48.623 D/CAM_CameraCapabilities(31663): HQQuickShot: mFeatureMask: 0   mDelayTimeMask: 0
12-04 00:19:48.623 D/CAM_CameraCapabilities(31663): QuickShotDelayTimeFactor tag not defined
12-04 00:19:48.623 D/CAM_CameraCapabilities(31663): QuickShot: mDelayTimeFactor: 100
12-04 00:19:48.623 D/CAM_CameraCapabilities(31663): MiviSuperNight: mSuperNightMask: 0
12-04 00:19:48.624 D/CAM_CameraCapabilities(31663): QuickShotNextCaptureMask: mQuickShotNextCaptureMask: 0
12-04 00:19:48.624 D/CAM_CameraCapabilities(31663): getBeautyVersionData: 3 ,beautyVersion: 3 ,beautyAlgo: 1
12-04 00:19:48.624 D/CAM_CameraCapabilities(31663): SnapshotQuickViewStreamMask: 0
12-04 00:19:48.624 D/CAM_Camera2CompatAdapter(31663): X: initCameraCapabilitiesByCameraId(): 6
12-04 00:19:48.624 D/CAM_Camera2DataContainer(31663): getActualOpenCameraId: mode=ab, id=0->6
12-04 00:19:48.625 D/CAM_CameraCapabilities(31663): portraitBokehZoomMapï¼š   PORTRAIT_BOKEH_ZOOM_RATIO_MAP is null
12-04 00:19:48.625 D/CAM_Camera2CompatAdapter(31663): E: initCameraCapabilitiesByCameraId(): 0
12-04 00:19:48.637 D/CAM_CameraCapabilities(31663): QuickShotDelayTime tag not defined
12-04 00:19:48.637 D/CAM_CameraCapabilities(31663): HQQuickShot: mFeatureMask: 0   mDelayTimeMask: 0
12-04 00:19:48.637 D/CAM_CameraCapabilities(31663): QuickShotDelayTimeFactor tag not defined
12-04 00:19:48.637 D/CAM_CameraCapabilities(31663): QuickShot: mDelayTimeFactor: 100
12-04 00:19:48.637 D/CAM_CameraCapabilities(31663): MiviSuperNight: mSuperNightMask: 0
12-04 00:19:48.637 D/CAM_CameraCapabilities(31663): QuickShotNextCaptureMask: mQuickShotNextCaptureMask: 0
12-04 00:19:48.637 D/CAM_CameraCapabilities(31663): getBeautyVersionData: 3 ,beautyVersion: 3 ,beautyAlgo: 1
12-04 00:19:48.637 D/CAM_CameraCapabilities(31663): SnapshotQuickViewStreamMask: 0
12-04 00:19:48.637 D/CAM_Camera2CompatAdapter(31663): X: initCameraCapabilitiesByCameraId(): 0
12-04 00:19:48.637 D/CAM_CameraCapabilities(31663): com.xiaomi.lens.info.availableApertureModes invalid ,used default value 
12-04 00:19:48.637 W/CAM_Camera2CompatAdapterRole(31663): Warning: getAuxCameraId(): #init() failed, roleId=20
12-04 00:19:48.638 D/CAM_CameraCapabilities(31663): portraitBokehZoomMapï¼š   PORTRAIT_BOKEH_ZOOM_RATIO_MAP is null
12-04 00:19:48.638 D/CAM_CameraCapabilities(31663): portraitBokehApertureAbilityMapï¼š   PORTRAIT_BOKEH_APERTURE_ABILITY_MAP is null
12-04 00:19:48.638 D/CAM_ComponentConfigFlash(31663): setBanned() called with: banned = [false]
12-04 00:19:48.638 D/CAM_CameraCapabilities(31663): SupportSlowMotionCameraValueï¼š   MULTI_LENS_SUPPORT_SLOW_MOTION is null
12-04 00:19:48.638 D/CAM_CameraCapabilities(31663): SupportSlowMotionCameraLensï¼š   MULTI_LENS_SUPPORT_SLOW_MOTION is null
12-04 00:19:48.638 D/CAM_CameraCapabilities(31663): isExposureMeteringSupported: 0
12-04 00:19:48.639 D/CAM_CameraCapabilities(31663): com.xiaomi.lens.info.AVAILABLE_EXPOSURE_MODES invalid ,used default value 
12-04 00:19:48.639 D/CAM_CameraCapabilities(31663): com.xiaomi.lens.info.availableApertureModes invalid ,used default value 
12-04 00:19:48.639 W/CAM_Camera2CompatAdapterRole(31663): Warning: getAuxCameraId(): #init() failed, roleId=20
12-04 00:19:48.639 D/CAM_ComponentConfigHDR10(31663): reInit E
12-04 00:19:48.639 D/CAM_ComponentConfigHDR10PRO(31663): reInit E
12-04 00:19:48.639 D/CAM_ComponentConfigTrueColour(31663): reInit E
12-04 00:19:48.640 I/CAM_PaintConditionReferred(31663): configVariables mode:171, uiStyle:0
12-04 00:19:48.640 D/CAM_DataItemRunning(31663): setPaintCondition: 0
12-04 00:19:48.640 D/CAM_CaptureModule(31663): checkDragBurstEnable: reset and dispose
12-04 00:19:48.640 D/CAM_PreFixCamera2Setup(31663): mModuleChanged true LastMode is 163
12-04 00:19:48.640 D/CAM_RenderEngineV1(31663): setAnimationType: ANIMATION_MODULE_SWITCH
12-04 00:19:48.640 V/CAM_CameraScreenNail(31663): state=MODULE_COPY_TEXTURE
12-04 00:19:48.640 D/CAM_BaseModule(31663): unRegisterModulePersist
12-04 00:19:48.640 D/CAM_CameraSnapView(31663): onScreenOrientationChanged
12-04 00:19:48.641 D/CAM_EffectController(31663): setRenderEngine: null this:com.android.camera2.compat.theme.custom.cv.filter.EffectControllerCv@61c5e6a
12-04 00:19:48.641 D/CAM_BaseModule(31663): onRenderEngineDestroy
12-04 00:19:48.641 D/CAM_BaseModule(31663): release: E
12-04 00:19:48.641 D/CAM_BaseModule(31663): unRegisterProtocol
12-04 00:19:48.641 D/CAM_BaseModule(31663): onPause
12-04 00:19:48.641 D/CAM_CRE_MIGL(31663): RawTexture glGenTextures: 3
12-04 00:19:48.641 D/CAM_Camera2Module(31663): closeCamera: E
12-04 00:19:48.641 D/CAM_BaseModuleCameraManager(31663): setCameraState: 0
12-04 00:19:48.641 V/CAM_RawTexture(31663): prepare textureSize=270x360 id=3
12-04 00:19:48.641 D/CAM_FragmentBottomAction(31663): provideAnimateElement: newMode = 171, mCurrentMode = 171, animateInElements = []
12-04 00:19:48.641 D/CAM_CRE_MIGL(31663): FrameBuffer RawTexture glGenFramebuffers: 1
12-04 00:19:48.641 V/CAM_FrameBuffer(31663): init@1: fbo=1 tex=3 270*360 thread=87
12-04 00:19:48.642 D/CAM_BottomItems(31663): updateBottomLocation: mBottomLayoutType = -1, type = 1, isLandscape = false
12-04 00:19:48.642 E/CAM_CameraUtil(31663): Unknown package: com.xiaomi.scanner
12-04 00:19:48.642 V/CAM_MiCamera2(31663): stopPreviewCallback(): isRelease = true
12-04 00:19:48.642 V/CAM_CameraConfigManager(31663): setASDEnable: false
12-04 00:19:48.642 D/CAM_BaseModuleCameraManager(31663): updateASD call setASDEnable with false
12-04 00:19:48.642 D/CAM_Camera2Module(31663): closeCamera: X
12-04 00:19:48.642 E/CAM_Camera2Module(31663): (onPause)mIsNeedNightHDR: false
12-04 00:19:48.642 D/CAM_CRE_MIGL(31663): FrameBuffer glDeleteFramebuffers: 1
12-04 00:19:48.642 D/CAM_SocketController(31663): onPause: 
12-04 00:19:48.643 D/CAM_SocketManager(31663): removeEventListener: 257233771
12-04 00:19:48.643 V/CAM_CameraScreenNail(31663): draw: state=MODULE_DRAW_PREVIEW
12-04 00:19:48.643 V/CAM_SwitchAnimManager(31663): startAnimation
12-04 00:19:48.643 D/CAM_CRE_MIGL(31663): FrameBuffer RawTexture glGenFramebuffers: 1
12-04 00:19:48.643 I/CAM_BaseModule(31663): onDestroy: E. u@222256527: mid = 163, cid = 0, created = true, departed = true
12-04 00:19:48.643 V/CAM_FrameBuffer(31663): init@1: fbo=1 tex=3 270*360 thread=87
12-04 00:19:48.643 D/CAM_BottomCV(31663): adjustThumbBg android.widget.ImageView{72f7015 VFED..... ......ID 0,0-100,100 #7f0b06f2 app:id/v9_thumbnail_image}
12-04 00:19:48.643 D/CAM_EffectController(31663): getEffectGroup: renderId = 257
12-04 00:19:48.643 D/CAM_ByteArrayPool(31663): clearMemory, size=0
12-04 00:19:48.643 D/CAM_EffectController(31663): getEffectGroup: category = 0
12-04 00:19:48.643 I/CAM_BaseModule(31663): onDestroy: X
12-04 00:19:48.644 D/CAM_SocketController(31663): onDestroy: 
12-04 00:19:48.644 D/ConnectivityManager(31663): NetworkCallback was already unregistered
12-04 00:19:48.644 D/CAM_BaseModule(31663): release: X
12-04 00:19:48.644 D/CAM_PreFixCamera2Setup(31663): subscribe: mIntent = null
12-04 00:19:48.644 D/CAM_LocalParallelService(31663): stopPostProcessor: E. token=102665773
12-04 00:19:48.644 D/CAM_FragmentModeSelector(31663): to common mode
12-04 00:19:48.644 D/CAM_CRE_MIGL(31663): ShaderUtil glCreateProgram: 9
12-04 00:19:48.644 D/CAM_FragmentModeSelector(31663): bottom_external_mode set isVisibility false
12-04 00:19:48.644 I/CAM_PostProcessor(31663): destroyWhenTasksFinished: d.m.f.e.e0@a6578f3
12-04 00:19:48.644 D/CAM_Camera2CompatAdapter(31663): E: initCameraCapabilitiesByCameraId(): 6
12-04 00:19:48.644 I/CAM_PostProcessor(31663): tryToCloseSession: E. processor: d.m.f.e.e0@a6578f3
12-04 00:19:48.644 I/CAM_PostProcessor(31663): tryToCloseSession: STATE_STOPPED
12-04 00:19:48.644 I/CAM_LocalParallelService(31663): onPostProcessorClosed: processor: d.m.f.e.e0@a6578f3
12-04 00:19:48.644 D/CAM_PostProcessor(31663): finish: E
12-04 00:19:48.644 D/CAM_PostProcessor(31663): isIdle: processor = d.m.f.e.e0@a6578f3, taskNum = 0
12-04 00:19:48.644 I/CAM_BaseImageProcessor(31663): stopWork: E. processor: d.m.f.e.g0@6c58d36
12-04 00:19:48.644 D/CAM_ImageProcessor(31663): stopWork: E. release WorkerHandler
12-04 00:19:48.644 D/CAM_ImageProcessor(31663): stopWork: X. release WorkerHandler
12-04 00:19:48.644 I/MI_Algo_JNI(31663): flush in Java_com_xiaomi_engine_MiCamAlgoInterfaceJNI_flush 1078 mCAI 0x72581e65d0,0x0
12-04 00:19:48.644 D/MIA_INTF(31663): [MIAFlush:93]:E session:0xb4000074c053b550
12-04 00:19:48.644 D/MIA_SRVC(31663): [flush:152]:E
12-04 00:19:48.644 I/MIA_SESN(31663): [flush:659]:E
12-04 00:19:48.644 I/MIA_SESN(31663): [flush:667]:mNodes size 8
12-04 00:19:48.644 I/MIA_NODE(31663): [stop:93]:stop node type 7 begin
12-04 00:19:48.644 D/MIA_IMGQ(31663): [kickOutImageWaiter:11]:QueueName MiaNodeHdr input queue 0,  signal to kick out  image waiter
12-04 00:19:48.645 D/MIA_IMGQ(31663): [kickOutImageWaiter:11]:QueueName MiaNodeHdr output queue 0,  signal to kick out  image waiter
12-04 00:19:48.645 D/MIA_NODE(31663): [stop:109]:after kickOutImageWaiter mState 3, mThread 0xb400007420531e10, unit_type 7
12-04 00:19:48.645 E/MIA_IMGQ(31663): [pollImageOnState:104]:QueueName MiaNodeHdr input queue 0, queue is not initialed
12-04 00:19:48.645 E/MIA_NODE(31663): [getInputBufferNum:187]:getInputBufferNum failed, input image not found
12-04 00:19:48.645 D/MIA_N_HDR(31663): [processImage:132]:get inputNum 0
12-04 00:19:48.645 D/MIA_IMGQ(31663): [pollImageOnState:97]:QueueName MiaNodeHdr input queue 0, Waiting mImageLock
12-04 00:19:48.645 D/MIA_IMGQ(31663): [pollImageOnState:99]:QueueName MiaNodeHdr input queue 0, Getting mImageLock
12-04 00:19:48.645 E/MIA_IMGQ(31663): [pollImageOnState:104]:QueueName MiaNodeHdr input queue 0, queue is not initialed
12-04 00:19:48.645 E/MIA_N_HDR(31663): [processImage:150]:Drop  processImage: because of cleaning input waiter
12-04 00:19:48.645 I/MIA_NODE(31663): [runThread:164]:X of node 7
12-04 00:19:48.646 D/MIA_NODE(31663): [stop:112]:done  kickOutImageWaiter
12-04 00:19:48.646 D/MIA_NODE(31663): [stop:114]:DeadMan-0 unlink child unit  - current type 7 mChildNodes.size  1
12-04 00:19:48.646 D/MIA_NODE(31663): [stop:117]:DeadMan-1 unlink child unit  - current type 7
12-04 00:19:48.646 D/MIA_NODE(31663): [stop:119]:DeadMan-2 unlink child unit -- current type 7
12-04 00:19:48.646 D/MIA_NODE(31663): [unlinkNode:45]:START unit type 7 remove child unit type 6 to unlink
12-04 00:19:48.646 D/MIA_NODE(31663): [unlinkNode:47]:END unit type 7 remove child unit type 6 to unlink
12-04 00:19:48.646 D/MIA_NODE(31663): [stop:121]:DeadMan-3 unlink child unit --current type 7
12-04 00:19:48.646 I/MIA_NODE(31663): [stop:93]:stop node type 6 begin
12-04 00:19:48.646 D/MIA_IMGQ(31663): [kickOutImageWaiter:11]:QueueName MiaNodeMiFlaw input queue 0,  signal to kick out  image waiter
12-04 00:19:48.646 D/MIA_NODE(31663): [stop:109]:after kickOutImageWaiter mState 3, mThread 0xb40000742052d7a0, unit_type 6
12-04 00:19:48.646 E/MIA_IMGQ(31663): [pollImageOnState:104]:QueueName MiaNodeMiFlaw input queue 0, queue is not initialed
12-04 00:19:48.646 E/MIA_NODE(31663): [getInputBufferNum:187]:getInputBufferNum failed, input image not found
12-04 00:19:48.646 D/MIA_N_MIBACK_MIFLAW(31663): [processImage:104]:get inputNum 0
12-04 00:19:48.646 E/MIA_IMGQ(31663): [pollImage:33]:QueueName MiaNodeMiFlaw input queue 0, queue is not initialed
12-04 00:19:48.646 E/MIA_N_MIBACK_MIFLAW(31663): [processImage:118]:Drop  processImage: because of cleaning input waiter
12-04 00:19:48.646 I/MIA_NODE(31663): [runThread:164]:X of node 6
12-04 00:19:48.646 D/MIA_NODE(31663): [stop:112]:done  kickOutImageWaiter
12-04 00:19:48.646 D/MIA_NODE(31663): [stop:114]:DeadMan-0 unlink child unit  - current type 6 mChildNodes.size  1
12-04 00:19:48.646 D/MIA_NODE(31663): [stop:117]:DeadMan-1 unlink child unit  - current type 6
12-04 00:19:48.646 D/MIA_NODE(31663): [stop:119]:DeadMan-2 unlink child unit -- current type 6
12-04 00:19:48.646 D/MIA_NODE(31663): [unlinkNode:45]:START unit type 6 remove child unit type 13 to unlink
12-04 00:19:48.646 D/MIA_NODE(31663): [unlinkNode:47]:END unit type 6 remove child unit type 13 to unlink
12-04 00:19:48.646 D/MIA_NODE(31663): [stop:121]:DeadMan-3 unlink child unit --current type 6
12-04 00:19:48.646 I/MIA_NODE(31663): [stop:93]:stop node type 13 begin
