12-08 15:05:12.018  2900  2900 D ImsPhone: [0] updateDataServiceState: defSs = {mVoiceRegState=1(OUT_OF_SERVICE), mDataRegState=1(OUT_OF_SERVICE), mChannelNumber=2959, duplexMode()=0, mCellBandwidths=[], mOperatorAlphaLong=, mOperatorAlphaShort=, isManualNetworkSelection=false(automatic), getRilVoiceRadioTechnology=3(UMTS), getRilDataRadioTechnology=11(HSPA), mCssIndicator=unsupported, mNetworkId=-1, mSystemId=-1, mCdmaRoamingIndicator=-1, mCdmaDefaultRoamingIndicator=-1, mIsEmergencyOnly=true, isUsingCarrierAggregation=false, mArfcnRsrpBoost=0, mNetworkRegistrationInfos=[NetworkRegistrationInfo{ domain=PS transportType=WLAN registrationState=NOT_REG_OR_SEARCHING networkRegistrationState=NOT_REG_OR_SEARCHING roamingType=NOT_ROAMING accessNetworkTechnology=IWLAN rejectCause=0 emergencyEnabled=false availableServices=[] cellIdentity=null voiceSpecificInfo=null dataSpecificInfo=null nrState=**** rRplmn= isUsingCarrierAggregation=false isNonTerrestrialNetwork=TERRESTRIAL}, NetworkRegistrationInfo{ domain=CS transportType=WWAN registrationState=NOT_REG_SEARCHING networkRegistrationState=NOT_REG_SEARCHING roamingType=NOT_ROAMING accessNetworkTechnology=UMTS rejectCause=0 emergencyEnabled=true availableServices=[EMERGENCY] cellIdentity=CellIdentityWcdma:{ mLac=12102 mCid=155416533 mPsc=427 mUarfcn=2959 mMcc=214 mMnc=03 mAlphaLong=Orange mAlphaShort=ESPRT mAdditionalPlmns={} mCsgInfo=null} voiceSpecificInfo=VoiceSpecificRegistrationInfo { mCssSupported=false mRoamingIndicator=0 mSystemIsInPrl=0 mDefaultRoamingIndicator=0} dataSpecificInfo=null nrState=**** rRplmn=21403 isUsingCarrierAggregation=false isNonTerrestrialNetwork=TERRESTRIAL}, NetworkRegistrationInfo{ domain=PS transportType=WWAN registrationState=NOT_REG_SEARCHING networkRegistrationState=NOT_REG_SEARCHING roamingType=NOT_ROAMING accessNetworkTechnology=HSPA rejectCause=0 emergencyEnabled=true availableServices=[EMERGENCY] cellIdentity=CellIdentityWcdma:{ mLac=12102 mCid=155416533 mPsc=427 mUarfcn=2959 mMcc=214 mMnc=03 mAlphaLong=Orange mAlphaShort=ESPRT mAdditionalPlmns={} mCsgInfo=null} voiceSpecificInfo=null dataSpecificInfo=android.telephony.DataSpecificRegistrationInfo :{ maxDataCalls = 16 isDcNrRestricted = false isNrAvailable = false isEnDcAvailable = false mLteAttachResultType = 0 mLteAttachExtraInfo = 0 LteVopsSupportInfo :  mVopsSupport = 1 mEmcBearerSupport = 1 } nrState=**** rRplmn=21403 isUsingCarrierAggregation=false isNonTerrestrialNetwork=TERRESTRIAL}], mNrFrequencyRange=0, mOperatorAlphaLongRaw=, mOperatorAlphaShortRaw=, mIsDataRoamingFromRegistration=false, mIsIwlanPreferred=false, mIsUsingNonTerrestrialNetwork=false} imsSs = {mVoiceRegState=1(OUT_OF_SERVICE), mDataRegState=1(OUT_OF_SERVICE), mChannelNumber=-1, duplexMode()=0, mCellBandwidths=[], mOperatorAlphaLong=null, mOperatorAlphaShort=null, isManualNetworkSelection=false(automatic), getRilVoiceRadioTechnology=0(Unknown), getRilDataRadioTechnology=11(HSPA), mCssIndicator=unsupported, mNetworkId=-1, mSystemId=-1, mCdmaRoamingIndicator=-1, mCdmaDefaultRoamingIndicator=-1, mIsEmergencyOnly=false, isUsingCarrierAggregation=false, mArfcnRsrpBoost=0, mNetworkRegistrationInfos=[NetworkRegistrationInfo{ domain=CS transportType=WWAN registrationState=UNKNOWN networkRegistrationState=UNKNOWN roamingType=NOT_ROAMING accessNetworkTechnology=UNKNOWN rejectCause=0 emergencyEnabled=false availableServices=[] cellIdentity=null voiceSpecificInfo=null dataSpecificInfo=null nrState=**** rRplmn= isUsingCarrierAggregation=false isNonTerrestrialNetwork=TERRESTRIAL}, NetworkRegistrationInfo{ domain=PS transportType=WLAN registrationState=NOT_REG_OR_SEARCHING networkRegistrationState=NOT_REG_OR_SEARCHING roamingType=NOT_ROAMING accessNetworkTechnology=IWLAN rejectCause=0 emergencyEnabled=false availableServices=[] cellIdentity=null voiceSpecificInfo=null dataSpecificInfo=null nrState=**** rRplmn= isUsingCarrierAggregation=false isNonTerrestrialNetwork=TERRESTRIAL}, NetworkRegistrationInfo{ domain=PS transportType=WWAN registrationState=NOT_REG_SEARCHING networkRegistrationState=NOT_REG_SEARCHING roamingType=NOT_ROAMING ac
12-08 15:05:12.018  2900  2900 D GsmCdmaPhone: [0] onVoiceRegStateOrRatChanged
12-08 15:05:12.018  2900  2900 D GsmCdmaPhone: [0] getCsCallRadioTech, current vrs=1, vrat=3
12-08 15:05:12.018  2900  2900 D GsmCdmaPhone: [0] getCsCallRadioTech, result calcVrat=0
12-08 15:05:12.018  2900  2900 D DNC-0   : onReevaluateExistingDataNetworks: No existing data networks to re-evaluate.
12-08 15:05:12.021  2900  2900 D DNC-0   : Re-evaluating 40 unsatisfied network requests in 4 groups, [INTERNET|TRUSTED|NOT_VPN|NOT_VCN_MANAGED]-SATELLITE, [INTERNET|NOT_RESTRICTED|TRUSTED|NOT_VCN_MANAGED|NOT_BANDWIDTH_CONSTRAINED]-, [INTERNET|NOT_RESTRICTED|TRUSTED|NOT_VPN|NOT_VCN_MANAGED|NOT_BANDWIDTH_CONSTRAINED]-, [INTERNET|NOT_RESTRICTED|TRUSTED|NOT_VPN|NOT_VCN_MANAGED|NOT_BANDWIDTH_CONSTRAINED]-CELLULAR due to DATA_SERVICE_STATE_CHANGED
12-08 15:05:12.022  2900  2900 D DPM-0   : Can't find any data profile that can satisfy [NetworkRequest [ REQUEST id=12, [ Transports: SATELLITE Capabilities: INTERNET&TRUSTED&NOT_VPN&NOT_VCN_MANAGED Uid: 10613 UnderlyingNetworks: Null] ], mPriority=20, state=UNSATISFIED, mAttachedDataNetwork=null, created time=15:05:04.101, evaluation result=Data evaluation: evaluation reason:DATA_PROFILES_CHANGED, Data disallowed reasons: NOT_IN_SERVICE SERVICE_OPTION_NOT_SUPPORTED DATA_NETWORK_TRANSPORT_NOT_ALLOWED SIM_NOT_READY NO_SUITABLE_DATA_PROFILE, candidate profile=null, time=15:05:06.201]
12-08 15:05:12.023  2900  2900 D DPM-0   : Unable to find a data profile for [NetworkRequest [ REQUEST id=12, [ Transports: SATELLITE Capabilities: INTERNET&TRUSTED&NOT_VPN&NOT_VCN_MANAGED Uid: 10613 UnderlyingNetworks: Null] ], mPriority=20, state=UNSATISFIED, mAttachedDataNetwork=null, created time=15:05:04.101, evaluation result=Data evaluation: evaluation reason:DATA_PROFILES_CHANGED, Data disallowed reasons: NOT_IN_SERVICE SERVICE_OPTION_NOT_SUPPORTED DATA_NETWORK_TRANSPORT_NOT_ALLOWED SIM_NOT_READY NO_SUITABLE_DATA_PROFILE, candidate profile=null, time=15:05:06.201]
12-08 15:05:12.024  2900  2900 D DNC-0   : Data evaluation: evaluation reason:DATA_SERVICE_STATE_CHANGED, Data disallowed reasons: NOT_IN_SERVICE SERVICE_OPTION_NOT_SUPPORTED DATA_NETWORK_TRANSPORT_NOT_ALLOWED SIM_NOT_READY NO_SUITABLE_DATA_PROFILE, candidate profile=null, time=15:05:12.023, network type=HSPA, reg state=NOT_REG_SEARCHING, [NetworkRequest [ REQUEST id=12, [ Transports: SATELLITE Capabilities: INTERNET&TRUSTED&NOT_VPN&NOT_VCN_MANAGED Uid: 10613 UnderlyingNetworks: Null] ], mPriority=20, state=UNSATISFIED, mAttachedDataNetwork=null, created time=15:05:04.101, evaluation result=Data evaluation: evaluation reason:DATA_SERVICE_STATE_CHANGED, Data disallowed reasons: NOT_IN_SERVICE SERVICE_OPTION_NOT_SUPPORTED DATA_NETWORK_TRANSPORT_NOT_ALLOWED SIM_NOT_READY NO_SUITABLE_DATA_PROFILE, candidate profile=null, time=15:05:12.023]
12-08 15:05:12.025  2900  2900 D DPM-0   : Can't find any data profile that can satisfy [NetworkRequest [ REQUEST id=69, [ Capabilities: INTERNET&NOT_RESTRICTED&TRUSTED&NOT_VCN_MANAGED&NOT_BANDWIDTH_CONSTRAINED Uid: 1073 RequestorUid: 1073 RequestorPkg: com.android.networkstack UnderlyingNetworks: Null] ], mPriority=20, state=UNSATISFIED, mAttachedDataNetwork=null, created time=15:05:04.103, evaluation result=Data evaluation: evaluation reason:DATA_PROFILES_CHANGED, Data disallowed reasons: NOT_IN_SERVICE SERVICE_OPTION_NOT_SUPPORTED SIM_NOT_READY NO_SUITABLE_DATA_PROFILE, candidate profile=null, time=15:05:06.202]
12-08 15:05:12.026  2900  2900 D DPM-0   : Unable to find a data profile for [NetworkRequest [ REQUEST id=69, [ Capabilities: INTERNET&NOT_RESTRICTED&TRUSTED&NOT_VCN_MANAGED&NOT_BANDWIDTH_CONSTRAINED Uid: 1073 RequestorUid: 1073 RequestorPkg: com.android.networkstack UnderlyingNetworks: Null] ], mPriority=20, state=UNSATISFIED, mAttachedDataNetwork=null, created time=15:05:04.103, evaluation result=Data evaluation: evaluation reason:DATA_PROFILES_CHANGED, Data disallowed reasons: NOT_IN_SERVICE SERVICE_OPTION_NOT_SUPPORTED SIM_NOT_READY NO_SUITABLE_DATA_PROFILE, candidate profile=null, time=15:05:06.202]
12-08 15:05:12.026  2900  2900 D DNC-0   : Data evaluation: evaluation reason:DATA_SERVICE_STATE_CHANGED, Data disallowed reasons: NOT_IN_SERVICE SERVICE_OPTION_NOT_SUPPORTED SIM_NOT_READY NO_SUITABLE_DATA_PROFILE, candidate profile=null, time=15:05:12.026, network type=HSPA, reg state=NOT_REG_SEARCHING, [NetworkRequest [ REQUEST id=69, [ Capabilities: INTERNET&NOT_RESTRICTED&TRUSTED&NOT_VCN_MANAGED&NOT_BANDWIDTH_CONSTRAINED Uid: 1073 RequestorUid: 1073 RequestorPkg: com.android.networkstack UnderlyingNetworks: Null] ], mPriority=20, state=UNSATISFIED, mAttachedDataNetwork=null, created time=15:05:04.103, evaluation result=Data evaluation: evaluation reason:DATA_SERVICE_STATE_CHANGED, Data disallowed reasons: NOT_IN_SERVICE SERVICE_OPTION_NOT_SUPPORTED SIM_NOT_READY NO_SUITABLE_DATA_PROFILE, candidate profile=null, time=15:05:12.026]
12-08 15:05:12.028  2900  2900 D DPM-0   : Can't find any data profile that can satisfy [NetworkRequest [ REQUEST id=1, [ Capabilities: INTERNET&NOT_RESTRICTED&TRUSTED&NOT_VPN&NOT_VCN_MANAGED&NOT_BANDWIDTH_CONSTRAINED RequestorUid: 1000 RequestorPkg: android UnderlyingNetworks: Null] ], mPriority=20, state=UNSATISFIED, mAttachedDataNetwork=null, created time=15:05:04.100, evaluation result=Data evaluation: evaluation reason:DATA_PROFILES_CHANGED, Data disallowed reasons: NOT_IN_SERVICE SERVICE_OPTION_NOT_SUPPORTED SIM_NOT_READY NO_SUITABLE_DATA_PROFILE, candidate profile=null, time=15:05:06.203]
12-08 15:05:12.028  2900  2900 D DPM-0   : Unable to find a data profile for [NetworkRequest [ REQUEST id=1, [ Capabilities: INTERNET&NOT_RESTRICTED&TRUSTED&NOT_VPN&NOT_VCN_MANAGED&NOT_BANDWIDTH_CONSTRAINED RequestorUid: 1000 RequestorPkg: android UnderlyingNetworks: Null] ], mPriority=20, state=UNSATISFIED, mAttachedDataNetwork=null, created time=15:05:04.100, evaluation result=Data evaluation: evaluation reason:DATA_PROFILES_CHANGED, Data disallowed reasons: NOT_IN_SERVICE SERVICE_OPTION_NOT_SUPPORTED SIM_NOT_READY NO_SUITABLE_DATA_PROFILE, candidate profile=null, time=15:05:06.203]
12-08 15:05:12.028  2900  2900 D DNC-0   : Data evaluation: evaluation reason:DATA_SERVICE_STATE_CHANGED, Data disallowed reasons: NOT_IN_SERVICE SERVICE_OPTION_NOT_SUPPORTED SIM_NOT_READY NO_SUITABLE_DATA_PROFILE, candidate profile=null, time=15:05:12.028, network type=HSPA, reg state=NOT_REG_SEARCHING, [NetworkRequest [ REQUEST id=1, [ Capabilities: INTERNET&NOT_RESTRICTED&TRUSTED&NOT_VPN&NOT_VCN_MANAGED&NOT_BANDWIDTH_CONSTRAINED RequestorUid: 1000 RequestorPkg: android UnderlyingNetworks: Null] ], mPriority=20, state=UNSATISFIED, mAttachedDataNetwork=null, created time=15:05:04.100, evaluation result=Data evaluation: evaluation reason:DATA_SERVICE_STATE_CHANGED, Data disallowed reasons: NOT_IN_SERVICE SERVICE_OPTION_NOT_SUPPORTED SIM_NOT_READY NO_SUITABLE_DATA_PROFILE, candidate profile=null, time=15:05:12.028]
12-08 15:05:12.030  2900  2900 D DPM-0   : Can't find any data profile that can satisfy [NetworkRequest [ BACKGROUND_REQUEST id=2, [ Transports: CELLULAR Capabilities: INTERNET&NOT_RESTRICTED&TRUSTED&NOT_VPN&NOT_VCN_MANAGED&NOT_BANDWIDTH_CONSTRAINED RequestorUid: 1000 RequestorPkg: android UnderlyingNetworks: Null] ], mPriority=20, state=UNSATISFIED, mAttachedDataNetwork=null, created time=15:05:04.105, evaluation result=Data evaluation: evaluation reason:DATA_PROFILES_CHANGED, Data disallowed reasons: NOT_IN_SERVICE SERVICE_OPTION_NOT_SUPPORTED SIM_NOT_READY NO_SUITABLE_DATA_PROFILE, candidate profile=null, time=15:05:06.203]
12-08 15:05:12.031  2900  2900 D DPM-0   : Unable to find a data profile for [NetworkRequest [ BACKGROUND_REQUEST id=2, [ Transports: CELLULAR Capabilities: INTERNET&NOT_RESTRICTED&TRUSTED&NOT_VPN&NOT_VCN_MANAGED&NOT_BANDWIDTH_CONSTRAINED RequestorUid: 1000 RequestorPkg: android UnderlyingNetworks: Null] ], mPriority=20, state=UNSATISFIED, mAttachedDataNetwork=null, created time=15:05:04.105, evaluation result=Data evaluation: evaluation reason:DATA_PROFILES_CHANGED, Data disallowed reasons: NOT_IN_SERVICE SERVICE_OPTION_NOT_SUPPORTED SIM_NOT_READY NO_SUITABLE_DATA_PROFILE, candidate profile=null, time=15:05:06.203]
12-08 15:05:12.031  2900  2900 D DNC-0   : Data evaluation: evaluation reason:DATA_SERVICE_STATE_CHANGED, Data disallowed reasons: NOT_IN_SERVICE SERVICE_OPTION_NOT_SUPPORTED SIM_NOT_READY NO_SUITABLE_DATA_PROFILE, candidate profile=null, time=15:05:12.031, network type=HSPA, reg state=NOT_REG_SEARCHING, [NetworkRequest [ BACKGROUND_REQUEST id=2, [ Transports: CELLULAR Capabilities: INTERNET&NOT_RESTRICTED&TRUSTED&NOT_VPN&NOT_VCN_MANAGED&NOT_BANDWIDTH_CONSTRAINED RequestorUid: 1000 RequestorPkg: android UnderlyingNetworks: Null] ], mPriority=20, state=UNSATISFIED, mAttachedDataNetwork=null, created time=15:05:04.105, evaluation result=Data evaluation: evaluation reason:DATA_SERVICE_STATE_CHANGED, Data disallowed reasons: NOT_IN_SERVICE SERVICE_OPTION_NOT_SUPPORTED SIM_NOT_READY NO_SUITABLE_DATA_PROFILE, candidate profile=null, time=15:05:12.031]
12-08 15:05:12.035  2900  2900 D SST     : [0] SubscriptionListener.onSubscriptionInfoChanged
12-08 15:05:12.036  2900  2900 D SST     : [1] SubscriptionListener.onSubscriptionInfoChanged
12-08 15:05:12.036  2900  2900 D TNP     : Subscription changed.
12-08 15:05:12.036  2900  2900 D TNP     : reevaluateNetworkRequests: subscription changed.
12-08 15:05:12.046  2900  2900 D Phone-0 : isImsRegistered =false
12-08 15:05:12.053  2900  2900 D Phone-0 : getImsRegistrationTechnology =-1
12-08 15:05:12.078  2900  2900 D ImsManager [0]: Capability Callback registered for subscription.
12-08 15:05:12.079  2900  2900 D ImsManager [0]: Registration Callback registered.
12-08 15:05:12.081  2900  2900 D SSCtr   : clearSignalStrengthUpdateRequest subId=1 callingUid=1002 request=SignalStrengthUpdateRequest{mSignalThresholdInfos=[] mIsReportingRequestedWhileIdle=false mIsSystemThresholdReportingRequestedWhileIdle=true mLiveTokenandroid.os.BinderProxy@4ab9846}
12-08 15:05:12.081  2900  2900 D EmergencyNumberTracker: [0]updateEmergencyNumberListDatabaseAndNotify(): receiving countryIso: es
12-08 15:05:12.091  2900  2900 D EmergencyNumberTracker: [0]es asset emergency database is loaded. Ver: 2 Phone Id: 0 countryIso: es
12-08 15:05:12.093  2900  2900 E EmergencyNumberTracker: [0]Cache ota emergency database IOException: java.io.FileNotFoundException: /data/misc/emergencynumberdb/emergency_number_db: open failed: ENOENT (No such file or directory)
12-08 15:05:12.093  2900  2900 D EmergencyNumberTracker: [0]Using Asset Emergency database. Version: 2
12-08 15:05:12.097  2900  2900 D EmergencyNumberTracker: [0]notifyEmergencyNumberList(): notified
12-08 15:05:12.097  2900  2900 D EmergencyNumberTracker: [1]updateEmergencyNumberListDatabaseAndNotify(): receiving countryIso: es
12-08 15:05:12.106  2900  2900 D EmergencyNumberTracker: [1]es asset emergency database is loaded. Ver: 2 Phone Id: 1 countryIso: es
12-08 15:05:12.107  2900  2900 E EmergencyNumberTracker: [1]Cache ota emergency database IOException: java.io.FileNotFoundException: /data/misc/emergencynumberdb/emergency_number_db: open failed: ENOENT (No such file or directory)
12-08 15:05:12.107  2900  2900 D EmergencyNumberTracker: [1]Using Asset Emergency database. Version: 2
12-08 15:05:12.111  2900  2900 D EmergencyNumberTracker: [1]notifyEmergencyNumberList(): notified
12-08 15:05:12.113  2900  2900 D GsmCdmaPhone: [0] EVENT_SUBSCRIPTIONS_CHANGED
12-08 15:05:12.113  2900  2900 I NullCipherNotifier: Ignoring setSubscriptionMapping. Notifier is disabled.
12-08 15:05:12.113  2900  2900 D GsmCdmaPhone: [1] EVENT_SUBSCRIPTIONS_CHANGED
12-08 15:05:12.113  2900  2900 I NullCipherNotifier: Ignoring setSubscriptionMapping. Notifier is disabled.
12-08 15:05:12.116  2900  2900 D DNC-0   : Re-evaluating 40 unsatisfied network requests in 4 groups, [INTERNET|TRUSTED|NOT_VPN|NOT_VCN_MANAGED]-SATELLITE, [INTERNET|NOT_RESTRICTED|TRUSTED|NOT_VCN_MANAGED|NOT_BANDWIDTH_CONSTRAINED]-, [INTERNET|NOT_RESTRICTED|TRUSTED|NOT_VPN|NOT_VCN_MANAGED|NOT_BANDWIDTH_CONSTRAINED]-, [INTERNET|NOT_RESTRICTED|TRUSTED|NOT_VPN|NOT_VCN_MANAGED|NOT_BANDWIDTH_CONSTRAINED]-CELLULAR due to TAC_CHANGED
12-08 15:05:12.117  2900  2900 D DPM-0   : Can't find any data profile that can satisfy [NetworkRequest [ REQUEST id=12, [ Transports: SATELLITE Capabilities: INTERNET&TRUSTED&NOT_VPN&NOT_VCN_MANAGED Uid: 10613 UnderlyingNetworks: Null] ], mPriority=20, state=UNSATISFIED, mAttachedDataNetwork=null, created time=15:05:04.101, evaluation result=Data evaluation: evaluation reason:DATA_SERVICE_STATE_CHANGED, Data disallowed reasons: NOT_IN_SERVICE SERVICE_OPTION_NOT_SUPPORTED DATA_NETWORK_TRANSPORT_NOT_ALLOWED SIM_NOT_READY NO_SUITABLE_DATA_PROFILE, candidate profile=null, time=15:05:12.023]
12-08 15:05:12.118  2900  2900 D DPM-0   : Unable to find a data profile for [NetworkRequest [ REQUEST id=12, [ Transports: SATELLITE Capabilities: INTERNET&TRUSTED&NOT_VPN&NOT_VCN_MANAGED Uid: 10613 UnderlyingNetworks: Null] ], mPriority=20, state=UNSATISFIED, mAttachedDataNetwork=null, created time=15:05:04.101, evaluation result=Data evaluation: evaluation reason:DATA_SERVICE_STATE_CHANGED, Data disallowed reasons: NOT_IN_SERVICE SERVICE_OPTION_NOT_SUPPORTED DATA_NETWORK_TRANSPORT_NOT_ALLOWED SIM_NOT_READY NO_SUITABLE_DATA_PROFILE, candidate profile=null, time=15:05:12.023]
12-08 15:05:12.118  2900  2900 D DNC-0   : Data evaluation: evaluation reason:TAC_CHANGED, Data disallowed reasons: NOT_IN_SERVICE SERVICE_OPTION_NOT_SUPPORTED DATA_NETWORK_TRANSPORT_NOT_ALLOWED SIM_NOT_READY NO_SUITABLE_DATA_PROFILE, candidate profile=null, time=15:05:12.118, network type=HSPA, reg state=NOT_REG_SEARCHING, [NetworkRequest [ REQUEST id=12, [ Transports: SATELLITE Capabilities: INTERNET&TRUSTED&NOT_VPN&NOT_VCN_MANAGED Uid: 10613 UnderlyingNetworks: Null] ], mPriority=20, state=UNSATISFIED, mAttachedDataNetwork=null, created time=15:05:04.101, evaluation result=Data evaluation: evaluation reason:TAC_CHANGED, Data disallowed reasons: NOT_IN_SERVICE SERVICE_OPTION_NOT_SUPPORTED DATA_NETWORK_TRANSPORT_NOT_ALLOWED SIM_NOT_READY NO_SUITABLE_DATA_PROFILE, candidate profile=null, time=15:05:12.118]
12-08 15:05:12.119  2900  2900 D DPM-0   : Can't find any data profile that can satisfy [NetworkRequest [ REQUEST id=69, [ Capabilities: INTERNET&NOT_RESTRICTED&TRUSTED&NOT_VCN_MANAGED&NOT_BANDWIDTH_CONSTRAINED Uid: 1073 RequestorUid: 1073 RequestorPkg: com.android.networkstack UnderlyingNetworks: Null] ], mPriority=20, state=UNSATISFIED, mAttachedDataNetwork=null, created time=15:05:04.103, evaluation result=Data evaluation: evaluation reason:DATA_SERVICE_STATE_CHANGED, Data disallowed reasons: NOT_IN_SERVICE SERVICE_OPTION_NOT_SUPPORTED SIM_NOT_READY NO_SUITABLE_DATA_PROFILE, candidate profile=null, time=15:05:12.026]
12-08 15:05:12.120  2900  2900 D DPM-0   : Unable to find a data profile for [NetworkRequest [ REQUEST id=69, [ Capabilities: INTERNET&NOT_RESTRICTED&TRUSTED&NOT_VCN_MANAGED&NOT_BANDWIDTH_CONSTRAINED Uid: 1073 RequestorUid: 1073 RequestorPkg: com.android.networkstack UnderlyingNetworks: Null] ], mPriority=20, state=UNSATISFIED, mAttachedDataNetwork=null, created time=15:05:04.103, evaluation result=Data evaluation: evaluation reason:DATA_SERVICE_STATE_CHANGED, Data disallowed reasons: NOT_IN_SERVICE SERVICE_OPTION_NOT_SUPPORTED SIM_NOT_READY NO_SUITABLE_DATA_PROFILE, candidate profile=null, time=15:05:12.026]
12-08 15:05:12.120  2900  2900 D DNC-0   : Data evaluation: evaluation reason:TAC_CHANGED, Data disallowed reasons: NOT_IN_SERVICE SERVICE_OPTION_NOT_SUPPORTED SIM_NOT_READY NO_SUITABLE_DATA_PROFILE, candidate profile=null, time=15:05:12.120, network type=HSPA, reg state=NOT_REG_SEARCHING, [NetworkRequest [ REQUEST id=69, [ Capabilities: INTERNET&NOT_RESTRICTED&TRUSTED&NOT_VCN_MANAGED&NOT_BANDWIDTH_CONSTRAINED Uid: 1073 RequestorUid: 1073 RequestorPkg: com.android.networkstack UnderlyingNetworks: Null] ], mPriority=20, state=UNSATISFIED, mAttachedDataNetwork=null, created time=15:05:04.103, evaluation result=Data evaluation: evaluation reason:TAC_CHANGED, Data disallowed reasons: NOT_IN_SERVICE SERVICE_OPTION_NOT_SUPPORTED SIM_NOT_READY NO_SUITABLE_DATA_PROFILE, candidate profile=null, time=15:05:12.120]
12-08 15:05:12.121  2900  2900 D DPM-0   : Can't find any data profile that can satisfy [NetworkRequest [ REQUEST id=1, [ Capabilities: INTERNET&NOT_RESTRICTED&TRUSTED&NOT_VPN&NOT_VCN_MANAGED&NOT_BANDWIDTH_CONSTRAINED RequestorUid: 1000 RequestorPkg: android UnderlyingNetworks: Null] ], mPriority=20, state=UNSATISFIED, mAttachedDataNetwork=null, created time=15:05:04.100, evaluation result=Data evaluation: evaluation reason:DATA_SERVICE_STATE_CHANGED, Data disallowed reasons: NOT_IN_SERVICE SERVICE_OPTION_NOT_SUPPORTED SIM_NOT_READY NO_SUITABLE_DATA_PROFILE, candidate profile=null, time=15:05:12.028]
12-08 15:05:12.121  2900  2900 D DPM-0   : Unable to find a data profile for [NetworkRequest [ REQUEST id=1, [ Capabilities: INTERNET&NOT_RESTRICTED&TRUSTED&NOT_VPN&NOT_VCN_MANAGED&NOT_BANDWIDTH_CONSTRAINED RequestorUid: 1000 RequestorPkg: android UnderlyingNetworks: Null] ], mPriority=20, state=UNSATISFIED, mAttachedDataNetwork=null, created time=15:05:04.100, evaluation result=Data evaluation: evaluation reason:DATA_SERVICE_STATE_CHANGED, Data disallowed reasons: NOT_IN_SERVICE SERVICE_OPTION_NOT_SUPPORTED SIM_NOT_READY NO_SUITABLE_DATA_PROFILE, candidate profile=null, time=15:05:12.028]
12-08 15:05:12.122  2900  2900 D DNC-0   : Data evaluation: evaluation reason:TAC_CHANGED, Data disallowed reasons: NOT_IN_SERVICE SERVICE_OPTION_NOT_SUPPORTED SIM_NOT_READY NO_SUITABLE_DATA_PROFILE, candidate profile=null, time=15:05:12.121, network type=HSPA, reg state=NOT_REG_SEARCHING, [NetworkRequest [ REQUEST id=1, [ Capabilities: INTERNET&NOT_RESTRICTED&TRUSTED&NOT_VPN&NOT_VCN_MANAGED&NOT_BANDWIDTH_CONSTRAINED RequestorUid: 1000 RequestorPkg: android UnderlyingNetworks: Null] ], mPriority=20, state=UNSATISFIED, mAttachedDataNetwork=null, created time=15:05:04.101, evaluation result=Data evaluation: evaluation reason:TAC_CHANGED, Data disallowed reasons: NOT_IN_SERVICE SERVICE_OPTION_NOT_SUPPORTED SIM_NOT_READY NO_SUITABLE_DATA_PROFILE, candidate profile=null, time=15:05:12.121]
12-08 15:05:12.123  2900  2900 D DPM-0   : Can't find any data profile that can satisfy [NetworkRequest [ BACKGROUND_REQUEST id=2, [ Transports: CELLULAR Capabilities: INTERNET&NOT_RESTRICTED&TRUSTED&NOT_VPN&NOT_VCN_MANAGED&NOT_BANDWIDTH_CONSTRAINED RequestorUid: 1000 RequestorPkg: android UnderlyingNetworks: Null] ], mPriority=20, state=UNSATISFIED, mAttachedDataNetwork=null, created time=15:05:04.105, evaluation result=Data evaluation: evaluation reason:DATA_SERVICE_STATE_CHANGED, Data disallowed reasons: NOT_IN_SERVICE SERVICE_OPTION_NOT_SUPPORTED SIM_NOT_READY NO_SUITABLE_DATA_PROFILE, candidate profile=null, time=15:05:12.031]
12-08 15:05:12.124  2900  2900 D DPM-0   : Unable to find a data profile for [NetworkRequest [ BACKGROUND_REQUEST id=2, [ Transports: CELLULAR Capabilities: INTERNET&NOT_RESTRICTED&TRUSTED&NOT_VPN&NOT_VCN_MANAGED&NOT_BANDWIDTH_CONSTRAINED RequestorUid: 1000 RequestorPkg: android UnderlyingNetworks: Null] ], mPriority=20, state=UNSATISFIED, mAttachedDataNetwork=null, created time=15:05:04.105, evaluation result=Data evaluation: evaluation reason:DATA_SERVICE_STATE_CHANGED, Data disallowed reasons: NOT_IN_SERVICE SERVICE_OPTION_NOT_SUPPORTED SIM_NOT_READY NO_SUITABLE_DATA_PROFILE, candidate profile=null, time=15:05:12.031]
12-08 15:05:12.124  2900  2900 D DNC-0   : Data evaluation: evaluation reason:TAC_CHANGED, Data disallowed reasons: NOT_IN_SERVICE SERVICE_OPTION_NOT_SUPPORTED SIM_NOT_READY NO_SUITABLE_DATA_PROFILE, candidate profile=null, time=15:05:12.124, network type=HSPA, reg state=NOT_REG_SEARCHING, [NetworkRequest [ BACKGROUND_REQUEST id=2, [ Transports: CELLULAR Capabilities: INTERNET&NOT_RESTRICTED&TRUSTED&NOT_VPN&NOT_VCN_MANAGED&NOT_BANDWIDTH_CONSTRAINED RequestorUid: 1000 RequestorPkg: android UnderlyingNetworks: Null] ], mPriority=20, state=UNSATISFIED, mAttachedDataNetwork=null, created time=15:05:04.105, evaluation result=Data evaluation: evaluation reason:TAC_CHANGED, Data disallowed reasons: NOT_IN_SERVICE SERVICE_OPTION_NOT_SUPPORTED SIM_NOT_READY NO_SUITABLE_DATA_PROFILE, candidate profile=null, time=15:05:12.124]
12-08 15:05:12.128  2900  2900 D ImsManager [0]: Capability Callback registered for subscription.
12-08 15:05:12.129  2900  2900 D Phone-0 : isImsCapabilityAvailable, capability=0, regTech=1, isAvailable=false
12-08 15:05:12.130  2900  2900 D Phone-0 : isImsCapabilityAvailable, capability=1, regTech=1, isAvailable=false
12-08 15:05:12.130  2900  2900 D Phone-0 : isImsCapabilityAvailable, capability=2, regTech=1, isAvailable=false
12-08 15:05:12.131  2900  2900 D Phone-0 : getImsRegistrationTechnology =-1
12-08 15:05:12.143  2900  2900 D Phone-0 : getImsRegistrationTechnology =-1
12-08 15:05:12.146  2900  2900 D RILJ    : [0235]> SET_SIGNAL_STRENGTH_REPORTING_CRITERIA [PHONE0]
12-08 15:05:12.146  2900  2900 D SSCtr   : setSignalStrengthReportingCriteria consolidatedSignalThresholdInfos=[SignalThresholdInfo{mRan=1 mSignalMeasurementType=1 mHysteresisMs=3000 mHysteresisDb=2 mThresholds=[-107, -103, -97, -89] mIsEnabled=true}, SignalThresholdInfo{mRan=2 mSignalMeasurementType=2 mHysteresisMs=3000 mHysteresisDb=2 mThresholds=[-115, -105, -95, -85] mIsEnabled=true}, SignalThresholdInfo{mRan=3 mSignalMeasurementType=3 mHysteresisMs=3000 mHysteresisDb=2 mThresholds=[-128, -118, -108, -98] mIsEnabled=true}, SignalThresholdInfo{mRan=3 mSignalMeasurementType=4 mHysteresisMs=3000 mHysteresisDb=2 mThresholds=[] mIsEnabled=false}, SignalThresholdInfo{mRan=3 mSignalMeasurementType=5 mHysteresisMs=3000 mHysteresisDb=2 mThresholds=[] mIsEnabled=false}, SignalThresholdInfo{mRan=6 mSignalMeasurementType=6 mHysteresisMs=3000 mHysteresisDb=2 mThresholds=[-110, -90, -80, -65] mIsEnabled=true}, SignalThresholdInfo{mRan=6 mSignalMeasurementType=7 mHysteresisMs=3000 mHysteresisDb=2 mThresholds=[] mIsEnabled=false}, SignalThresholdInfo{mRan=6 mSignalMeasurementType=8 mHysteresisMs=3000 mHysteresisDb=2 mThresholds=[] mIsEnabled=false}, SignalThresholdInfo{mRan=2 mSignalMeasurementType=9 mHysteresisMs=3000 mHysteresisDb=2 mThresholds=[] mIsEnabled=false}]
12-08 15:05:12.147  2900  2900 D Phone-0 : getImsRegistrationTechnology =-1
12-08 15:05:12.200  2900  3045 D RILJ    : [0235]< SET_SIGNAL_STRENGTH_REPORTING_CRITERIA  [PHONE0]
12-08 15:05:12.204  2900  3045 E RILJ    : processResponse: Unexpected response! serial: 235, error: 0 [PHONE0]
12-08 15:05:12.205  2900  3045 E RILJ    : processResponse: Unexpected response! serial: 235, error: 0 [PHONE0]
12-08 15:05:12.209  2900  3045 E RILJ    : processResponse: Unexpected response! serial: 235, error: 0 [PHONE0]
12-08 15:05:12.212  2900  3045 E RILJ    : processResponse: Unexpected response! serial: 235, error: 0 [PHONE0]
12-08 15:05:12.214  2900  3045 E RILJ    : processResponse: Unexpected response! serial: 235, error: 0 [PHONE0]
12-08 15:05:12.215  2900  2900 D RILJ    : [0236]> GET_CELL_INFO_LIST [PHONE1]
12-08 15:05:12.221  2900  3045 E RILJ    : processResponse: Unexpected response! serial: 235, error: 0 [PHONE0]
12-08 15:05:12.223  2900  3045 E RILJ    : processResponse: Unexpected response! serial: 235, error: 0 [PHONE0]
12-08 15:05:12.225  2900  3045 E RILJ    : processResponse: Unexpected response! serial: 235, error: 44 [PHONE0]
12-08 15:05:12.231  2900  3045 D RILJ    : [0236]< GET_CELL_INFO_LIST [] [PHONE1]
12-08 15:05:12.232  2900  2900 D LocaleTracker-1: processCellInfo: cell info=[]
12-08 15:05:12.232  2900  2900 D LocaleTracker-1: updateLocale: countryIso = , countryIsoDebugInfo = empty as default
12-08 15:05:12.232  2900  2900 D LocaleTracker-1: updateLocale: timeZoneCountryIso = , timeZoneCountryIsoDebugInfo = empty as default
12-08 15:05:12.232  2900  2900 D NitzStateMachineImpl: handleCountryUnavailable: mLatestNitzSignal=null
12-08 15:05:12.232  2900  2900 D NitzStateMachineImpl: doTimeZoneDetection: countryIsoCode=null, nitzSignal=null, suggestion=TelephonyTimeZoneSuggestion{mSlotIndex=1, mZoneId='null', mMatchType=0, mQuality=0, mDebugInfo=[getTimeZoneSuggestion: nitzSignal=null, countryIsoCode=null, Detection reason=handleCountryUnavailable]}, reason=handleCountryUnavailable
12-08 15:05:12.232  2900  2900 D LocaleTracker-1: processCellInfo: cell info=[]
12-08 15:05:12.232  2900  2900 D LocaleTracker-1: updateLocale: countryIso = , countryIsoDebugInfo = empty as default
12-08 15:05:12.233  2900  2900 D LocaleTracker-1: updateLocale: timeZoneCountryIso = , timeZoneCountryIsoDebugInfo = empty as default
12-08 15:05:12.233  2900  2900 D NitzStateMachineImpl: handleCountryUnavailable: mLatestNitzSignal=null
12-08 15:05:12.233  2900  2900 D NitzStateMachineImpl: doTimeZoneDetection: countryIsoCode=null, nitzSignal=null, suggestion=TelephonyTimeZoneSuggestion{mSlotIndex=1, mZoneId='null', mMatchType=0, mQuality=0, mDebugInfo=[getTimeZoneSuggestion: nitzSignal=null, countryIsoCode=null, Detection reason=handleCountryUnavailable]}, reason=handleCountryUnavailable
12-08 15:05:12.233  2900  2900 D LocaleTracker-1: Can't get cell info. Try again in 8 secs.
12-08 15:05:13.043  1896  2592 W TelephonyRegistry: Pid 1896 has exceeded half the number of permissible registered listeners. Now at 38
12-08 15:05:14.592  2900  3139 D NetworkTypeController: [0] On Available: 100
12-08 15:05:14.593  2900  3151 D NetworkTypeController: [1] On Available: 100
12-08 15:05:14.594  2900  3151 D NetworkTypeController: [1] satellite constrained data status : false
12-08 15:05:14.595  2900  3151 D NetworkTypeController: [1] onCapabilitiesChanged: 100
12-08 15:05:14.595  2900  3151 D NetworkTypeController: [1] satellite constrained data status : false
12-08 15:05:14.595  2900  3139 D NetworkTypeController: [0] satellite constrained data status : false
12-08 15:05:14.595  2900  3139 D NetworkTypeController: [0] onCapabilitiesChanged: 100
12-08 15:05:14.595  2900  3139 D NetworkTypeController: [0] satellite constrained data status : false
12-08 15:05:14.597  2900  3137 D TelephonyCountryDetector: onCapabilitiesChanged: [ Transports: WIFI Capabilities: NOT_METERED&INTERNET&NOT_RESTRICTED&TRUSTED&NOT_VPN&NOT_ROAMING&FOREGROUND&NOT_CONGESTED&NOT_SUSPENDED&NOT_VCN_MANAGED&NOT_BANDWIDTH_CONSTRAINED LinkUpBandwidth>=18821Kbps LinkDnBandwidth>=31967Kbps TransportInfo: <SSID: <unknown ssid>, BSSID: 02:00:00:00:00:00, MAC: 02:00:00:00:00:00, IP: null, Security type: 2, Supplicant state: COMPLETED, Wi-Fi standard: 11n, RSSI: -57, Link speed: 130Mbps, Tx Link speed: 130Mbps, Max Supported Tx Link speed: 144Mbps, Rx Link speed: 130Mbps, Max Supported Rx Link speed: 144Mbps, Frequency: 2462MHz, Net ID: -1, Metered hint: false, score: 0, isUsable: true, CarrierMerged: false, SubscriptionId: -1, IsPrimary: 1, Trusted: true, Restricted: false, Ephemeral: false, OEM paid: false, OEM private: false, OSU AP: false, FQDN: <none>, Provider friendly name: <none>, Requesting package name: <none><none>MLO Information: , Is TID-To-Link negotiation supported by the AP: false, AP MLD Address: <none>, AP MLO Link Id: <none>, AP MLO Affiliated links: <none>, Vendor Data: <none>> SignalStrength: -57 SSID: "DIGIFIBRA-ah7t" UnderlyingNetworks: Null]
12-08 15:05:14.597  2900  3137 D TelephonyCountryDetector: isWifiConnected: false
12-08 15:05:14.597  2900  3174 D TelephonyCountryDetector: handleEventWifiConnectivityStateChanged: false
12-08 15:05:14.597  2900  3174 D TelephonyCountryDetector: getCurrentNetworkCountryIso: invalid countryIso= for phoneId=1, subId=-1
12-08 15:05:14.597  2900  3174 D TelephonyCountryDetector: Location update was not requested yet
12-08 15:05:14.600  2900  2900 D TNP     : onNetworkUnneeded: phoneId=0, [NetworkRequest [ REQUEST id=12, [ Transports: SATELLITE Capabilities: INTERNET&TRUSTED&NOT_VPN&NOT_VCN_MANAGED Uid: 10613 UnderlyingNetworks: Null] ], mPriority=20, state=UNSATISFIED, mAttachedDataNetwork=null, created time=15:05:04.102, evaluation result=Data evaluation: evaluation reason:TAC_CHANGED, Data disallowed reasons: NOT_IN_SERVICE SERVICE_OPTION_NOT_SUPPORTED DATA_NETWORK_TRANSPORT_NOT_ALLOWED SIM_NOT_READY NO_SUITABLE_DATA_PROFILE, candidate profile=null, time=15:05:12.118]
12-08 15:05:14.600  2900  2900 D DNC-0   : onRemoveNetworkRequest: Removed [NetworkRequest [ REQUEST id=12, [ Transports: SATELLITE Capabilities: INTERNET&TRUSTED&NOT_VPN&NOT_VCN_MANAGED Uid: 10613 UnderlyingNetworks: Null] ], mPriority=20, state=UNSATISFIED, mAttachedDataNetwork=null, created time=15:05:04.101, evaluation result=null]
12-08 15:05:14.605  2900  3178 D SatelliteEntitlementController: shouldStartQueryEntitlement 1
12-08 15:05:14.605  2900  3178 D SatelliteEntitlementController: Doesn't support entitlement query for satellite.
12-08 15:05:14.605  2900  3178 D SatelliteEntitlementController: resetEntitlementQueryPerSubId: 1
12-08 15:05:14.628  2900  3170 D ImsManager [0]: Registration Callback registered.
12-08 15:05:14.628  2900  3170 D ImsManager [0]: Capability Callback registered for subscription.
12-08 15:05:14.680  1896  1896 I auditd  : type=1400 audit(0.0:28): avc:  denied  { sys_module } for  comm="binder:1896_F" capability=16  scontext=u:r:system_server:s0 tcontext=u:r:system_server:s0 tclass=capability permissive=0 bug=b/228030183
12-08 15:05:14.680  1896  1896 I auditd  : type=1400 audit(0.0:29): avc:  denied  { sys_module } for  comm="binder:1896_F" capability=16  scontext=u:r:system_server:s0 tcontext=u:r:system_server:s0 tclass=capability permissive=0 bug=b/228030183
12-08 15:05:14.861  2900  2900 D TNP     : onNetworkUnneeded: phoneId=0, [NetworkRequest [ REQUEST id=93, [ Capabilities: INTERNET&NOT_RESTRICTED&TRUSTED&NOT_VCN_MANAGED&NOT_BANDWIDTH_CONSTRAINED Uid: 10678 RequestorUid: 10678 RequestorPkg: com.android.systemui UnderlyingNetworks: Null] ], mPriority=20, state=UNSATISFIED, mAttachedDataNetwork=null, created time=15:05:04.186, evaluation result=Data evaluation: evaluation reason:NEW_REQUEST, Data disallowed reasons: NOT_IN_SERVICE SERVICE_OPTION_NOT_SUPPORTED SIM_NOT_READY NO_SUITABLE_DATA_PROFILE DATA_CONFIG_NOT_READY, candidate profile=null, time=15:05:05.281]
12-08 15:05:14.862  2900  2900 D TNP     : onNetworkUnneeded: phoneId=0, [NetworkRequest [ REQUEST id=1, [ Capabilities: INTERNET&NOT_RESTRICTED&TRUSTED&NOT_VPN&NOT_VCN_MANAGED&NOT_BANDWIDTH_CONSTRAINED RequestorUid: 1000 RequestorPkg: android UnderlyingNetworks: Null] ], mPriority=20, state=UNSATISFIED, mAttachedDataNetwork=null, created time=15:05:04.100, evaluation result=Data evaluation: evaluation reason:TAC_CHANGED, Data disallowed reasons: NOT_IN_SERVICE SERVICE_OPTION_NOT_SUPPORTED SIM_NOT_READY NO_SUITABLE_DATA_PROFILE, candidate profile=null, time=15:05:12.121]
12-08 15:05:14.862  2900  2900 D TNP     : onNetworkUnneeded: phoneId=0, [NetworkRequest [ REQUEST id=51, [ Capabilities: INTERNET&NOT_RESTRICTED&TRUSTED&NOT_VCN_MANAGED&NOT_BANDWIDTH_CONSTRAINED Uid: 10605 RequestorUid: 1000 RequestorPkg: android UnderlyingNetworks: Null] ], mPriority=20, state=UNSATISFIED, mAttachedDataNetwork=null, created time=15:05:04.100, evaluation result=Data evaluation: evaluation reason:NEW_REQUEST, Data disallowed reasons: NOT_IN_SERVICE SERVICE_OPTION_NOT_SUPPORTED SIM_NOT_READY NO_SUITABLE_DATA_PROFILE DATA_CONFIG_NOT_READY, candidate profile=null, time=15:05:05.251]
12-08 15:05:14.863  2900  2900 D TNP     : onNetworkUnneeded: phoneId=0, [NetworkRequest [ REQUEST id=97, [ Capabilities: INTERNET&NOT_RESTRICTED&TRUSTED&NOT_VCN_MANAGED&NOT_BANDWIDTH_CONSTRAINED Uid: 10678 RequestorUid: 10678 RequestorPkg: com.android.systemui UnderlyingNetworks: Null] ], mPriority=20, state=UNSATISFIED, mAttachedDataNetwork=null, created time=15:05:04.488, evaluation result=Data evaluation: evaluation reason:NEW_REQUEST, Data disallowed reasons: NOT_IN_SERVICE SERVICE_OPTION_NOT_SUPPORTED SIM_NOT_READY NO_SUITABLE_DATA_PROFILE DATA_CONFIG_NOT_READY, candidate profile=null, time=15:05:05.282]
12-08 15:05:14.864  2900  2900 D DNC-0   : onRemoveNetworkRequest: Removed [NetworkRequest [ REQUEST id=93, [ Capabilities: INTERNET&NOT_RESTRICTED&TRUSTED&NOT_VCN_MANAGED&NOT_BANDWIDTH_CONSTRAINED Uid: 10678 RequestorUid: 10678 RequestorPkg: com.android.systemui UnderlyingNetworks: Null] ], mPriority=20, state=UNSATISFIED, mAttachedDataNetwork=null, created time=15:05:04.186, evaluation result=null]
12-08 15:05:14.865  2900  2900 D TNP     : onNetworkUnneeded: phoneId=0, [NetworkRequest [ REQUEST id=37, [ Capabilities: INTERNET&NOT_RESTRICTED&TRUSTED&NOT_VCN_MANAGED&NOT_BANDWIDTH_CONSTRAINED Uid: 10651 RequestorUid: 1000 RequestorPkg: android UnderlyingNetworks: Null] ], mPriority=20, state=UNSATISFIED, mAttachedDataNetwork=null, created time=15:05:04.101, evaluation result=Data evaluation: evaluation reason:NEW_REQUEST, Data disallowed reasons: NOT_IN_SERVICE SERVICE_OPTION_NOT_SUPPORTED SIM_NOT_READY NO_SUITABLE_DATA_PROFILE DATA_CONFIG_NOT_READY, candidate profile=null, time=15:05:05.271]
12-08 15:05:14.869  2900  2900 D TNP     : onNetworkUnneeded: phoneId=0, [NetworkRequest [ REQUEST id=106, [ Capabilities: INTERNET&NOT_RESTRICTED&TRUSTED&NOT_VCN_MANAGED&NOT_BANDWIDTH_CONSTRAINED Uid: 10569 RequestorUid: 10569 RequestorPkg: com.qualcomm.qti.cne UnderlyingNetworks: Null] ], mPriority=20, state=UNSATISFIED, mAttachedDataNetwork=null, created time=15:05:07.794, evaluation result=Data evaluation: evaluation reason:NEW_REQUEST, Data disallowed reasons: NOT_IN_SERVICE SERVICE_OPTION_NOT_SUPPORTED SIM_NOT_READY NO_SUITABLE_DATA_PROFILE, candidate profile=null, time=15:05:07.797]
12-08 15:05:14.869  2900  2900 D DNC-0   : onRemoveNetworkRequest: Removed [NetworkRequest [ REQUEST id=1, [ Capabilities: INTERNET&NOT_RESTRICTED&TRUSTED&NOT_VPN&NOT_VCN_MANAGED&NOT_BANDWIDTH_CONSTRAINED RequestorUid: 1000 RequestorPkg: android UnderlyingNetworks: Null] ], mPriority=20, state=UNSATISFIED, mAttachedDataNetwork=null, created time=15:05:04.100, evaluation result=null]
12-08 15:05:14.870  2900  2900 D DNC-0   : onRemoveNetworkRequest: Removed [NetworkRequest [ REQUEST id=51, [ Capabilities: INTERNET&NOT_RESTRICTED&TRUSTED&NOT_VCN_MANAGED&NOT_BANDWIDTH_CONSTRAINED Uid: 10605 RequestorUid: 1000 RequestorPkg: android UnderlyingNetworks: Null] ], mPriority=20, state=UNSATISFIED, mAttachedDataNetwork=null, created time=15:05:04.100, evaluation result=null]
12-08 15:05:14.870  2900  2900 D TNP     : onNetworkUnneeded: phoneId=0, [NetworkRequest [ REQUEST id=59, [ Capabilities: INTERNET&NOT_RESTRICTED&TRUSTED&NOT_VCN_MANAGED&NOT_BANDWIDTH_CONSTRAINED Uid: 10561 RequestorUid: 1000 RequestorPkg: android UnderlyingNetworks: Null] ], mPriority=20, state=UNSATISFIED, mAttachedDataNetwork=null, created time=15:05:04.101, evaluation result=Data evaluation: evaluation reason:NEW_REQUEST, Data disallowed reasons: NOT_IN_SERVICE SERVICE_OPTION_NOT_SUPPORTED SIM_NOT_READY NO_SUITABLE_DATA_PROFILE DATA_CONFIG_NOT_READY, candidate profile=null, time=15:05:05.240]
12-08 15:05:14.870  2900  2900 D TNP     : onNetworkUnneeded: phoneId=0, [NetworkRequest [ REQUEST id=25, [ Capabilities: INTERNET&NOT_RESTRICTED&TRUSTED&NOT_VCN_MANAGED&NOT_BANDWIDTH_CONSTRAINED Uid: 10757 RequestorUid: 1000 RequestorPkg: android UnderlyingNetworks: Null] ], mPriority=20, state=UNSATISFIED, mAttachedDataNetwork=null, created time=15:05:04.101, evaluation result=Data evaluation: evaluation reason:NEW_REQUEST, Data disallowed reasons: NOT_IN_SERVICE SERVICE_OPTION_NOT_SUPPORTED SIM_NOT_READY NO_SUITABLE_DATA_PROFILE DATA_CONFIG_NOT_READY, candidate profile=null, time=15:05:05.276]
12-08 15:05:14.872  2900  2900 D TNP     : onNetworkUnneeded: phoneId=0, [NetworkRequest [ REQUEST id=67, [ Capabilities: INTERNET&NOT_RESTRICTED&TRUSTED&NOT_VCN_MANAGED&NOT_BANDWIDTH_CONSTRAINED Uid: 1000 RequestorUid: 1000 RequestorPkg: android UnderlyingNetworks: Null] ], mPriority=20, state=UNSATISFIED, mAttachedDataNetwork=null, created time=15:05:04.102, evaluation result=Data evaluation: evaluation reason:NEW_REQUEST, Data disallowed reasons: NOT_IN_SERVICE SERVICE_OPTION_NOT_SUPPORTED SIM_NOT_READY NO_SUITABLE_DATA_PROFILE DATA_CONFIG_NOT_READY, candidate profile=null, time=15:05:05.238]
12-08 15:05:14.873  2900  2900 D TNP     : onNetworkUnneeded: phoneId=0, [NetworkRequest [ REQUEST id=45, [ Capabilities: INTERNET&NOT_RESTRICTED&TRUSTED&NOT_VCN_MANAGED&NOT_BANDWIDTH_CONSTRAINED Uid: 10639 RequestorUid: 1000 RequestorPkg: android UnderlyingNetworks: Null] ], mPriority=20, state=UNSATISFIED, mAttachedDataNetwork=null, created time=15:05:04.101, evaluation result=Data evaluation: evaluation reason:NEW_REQUEST, Data disallowed reasons: NOT_IN_SERVICE SERVICE_OPTION_NOT_SUPPORTED SIM_NOT_READY NO_SUITABLE_DATA_PROFILE DATA_CONFIG_NOT_READY, candidate profile=null, time=15:05:05.269]
12-08 15:05:14.873  2900  2900 D TNP     : onNetworkUnneeded: phoneId=0, [NetworkRequest [ REQUEST id=65, [ Capabilities: INTERNET&NOT_RESTRICTED&TRUSTED&NOT_VCN_MANAGED&NOT_BANDWIDTH_CONSTRAINED Uid: 10735 RequestorUid: 1000 RequestorPkg: android UnderlyingNetworks: Null] ], mPriority=20, state=UNSATISFIED, mAttachedDataNetwork=null, created time=15:05:04.101, evaluation result=Data evaluation: evaluation reason:NEW_REQUEST, Data disallowed reasons: NOT_IN_SERVICE SERVICE_OPTION_NOT_SUPPORTED SIM_NOT_READY NO_SUITABLE_DATA_PROFILE DATA_CONFIG_NOT_READY, candidate profile=null, time=15:05:05.278]
12-08 15:05:14.874  2900  3139 D NetworkTypeController: [0] onCapabilitiesChanged: 100
12-08 15:05:14.874  2900  2900 D TNP     : onNetworkUnneeded: phoneId=0, [NetworkRequest [ REQUEST id=53, [ Capabilities: INTERNET&NOT_RESTRICTED&TRUSTED&NOT_VCN_MANAGED&NOT_BANDWIDTH_CONSTRAINED Uid: 10598 RequestorUid: 1000 RequestorPkg: android UnderlyingNetworks: Null] ], mPriority=20, state=UNSATISFIED, mAttachedDataNetwork=null, created time=15:05:04.101, evaluation result=Data evaluation: evaluation reason:NEW_REQUEST, Data disallowed reasons: NOT_IN_SERVICE SERVICE_OPTION_NOT_SUPPORTED SIM_NOT_READY NO_SUITABLE_DATA_PROFILE DATA_CONFIG_NOT_READY, candidate profile=null, time=15:05:05.251]
12-08 15:05:14.874  2900  3139 D NetworkTypeController: [0] satellite constrained data status : false
12-08 15:05:14.874  2900  2900 D TNP     : onNetworkUnneeded: phoneId=0, [NetworkRequest [ REQUEST id=17, [ Capabilities: INTERNET&NOT_RESTRICTED&TRUSTED&NOT_VCN_MANAGED&NOT_BANDWIDTH_CONSTRAINED Uid: 10794 RequestorUid: 1000 RequestorPkg: android UnderlyingNetworks: Null] ], mPriority=20, state=UNSATISFIED, mAttachedDataNetwork=null, created time=15:05:04.102, evaluation result=Data evaluation: evaluation reason:NEW_REQUEST, Data disallowed reasons: NOT_IN_SERVICE SERVICE_OPTION_NOT_SUPPORTED SIM_NOT_READY NO_SUITABLE_DATA_PROFILE DATA_CONFIG_NOT_READY, candidate profile=null, time=15:05:05.280]
12-08 15:05:14.874  2900  3151 D NetworkTypeController: [1] onCapabilitiesChanged: 100
12-08 15:05:14.874  2900  3151 D NetworkTypeController: [1] satellite constrained data status : false
12-08 15:05:14.874  2900  2900 D TNP     : onNetworkUnneeded: phoneId=0, [NetworkRequest [ REQUEST id=86, [ Capabilities: INTERNET&NOT_RESTRICTED&TRUSTED&NOT_VCN_MANAGED&NOT_BANDWIDTH_CONSTRAINED Uid: 1001 RequestorUid: 1001 RequestorPkg: com.android.phone UnderlyingNetworks: Null] ], mPriority=20, state=UNSATISFIED, mAttachedDataNetwork=null, created time=15:05:04.102, evaluation result=Data evaluation: evaluation reason:NEW_REQUEST, Data disallowed reasons: NOT_IN_SERVICE SERVICE_OPTION_NOT_SUPPORTED SIM_NOT_READY NO_SUITABLE_DATA_PROFILE DATA_CONFIG_NOT_READY, candidate profile=null, time=15:05:05.285]
12-08 15:05:14.875  2900  3137 D TelephonyCountryDetector: onCapabilitiesChanged: [ Transports: WIFI Capabilities: NOT_METERED&INTERNET&NOT_RESTRICTED&TRUSTED&NOT_VPN&VALIDATED&NOT_ROAMING&FOREGROUND&NOT_CONGESTED&NOT_SUSPENDED&NOT_VCN_MANAGED&NOT_BANDWIDTH_CONSTRAINED LinkUpBandwidth>=18821Kbps LinkDnBandwidth>=31967Kbps TransportInfo: <SSID: <unknown ssid>, BSSID: 02:00:00:00:00:00, MAC: 02:00:00:00:00:00, IP: null, Security type: 2, Supplicant state: COMPLETED, Wi-Fi standard: 11n, RSSI: -57, Link speed: 130Mbps, Tx Link speed: 130Mbps, Max Supported Tx Link speed: 144Mbps, Rx Link speed: 130Mbps, Max Supported Rx Link speed: 144Mbps, Frequency: 2462MHz, Net ID: -1, Metered hint: false, score: 0, isUsable: true, CarrierMerged: false, SubscriptionId: -1, IsPrimary: 1, Trusted: true, Restricted: false, Ephemeral: false, OEM paid: false, OEM private: false, OSU AP: false, FQDN: <none>, Provider friendly name: <none>, Requesting package name: <none><none>MLO Information: , Is TID-To-Link negotiation supported by the AP: false, AP MLD Address: <none>, AP MLO Link Id: <none>, AP MLO Affiliated links: <none>, Vendor Data: <none>> SignalStrength: -57 SSID: "DIGIFIBRA-ah7t" UnderlyingNetworks: Null]
12-08 15:05:14.875  2900  3137 D TelephonyCountryDetector: isWifiConnected: true
12-08 15:05:14.875  2900  3174 D TelephonyCountryDetector: handleEventWifiConnectivityStateChanged: true
12-08 15:05:14.875  2900  3174 D TelephonyCountryDetector: evaluateNotifyWifiConnectivityStateChangedEvent: wifi connectivity state has changed to true
12-08 15:05:14.875  2900  3174 D TelephonyCountryDetector: getCurrentNetworkCountryIso: invalid countryIso= for phoneId=1, subId=-1
12-08 15:05:14.876  2900  3174 D TelephonyCountryDetector: Location update was not requested yet
12-08 15:05:14.876  2900  2900 D TNP     : onNetworkUnneeded: phoneId=0, [NetworkRequest [ REQUEST id=49, [ Capabilities: INTERNET&NOT_RESTRICTED&TRUSTED&NOT_VCN_MANAGED&NOT_BANDWIDTH_CONSTRAINED Uid: 10618 RequestorUid: 1000 RequestorPkg: android UnderlyingNetworks: Null] ], mPriority=20, state=UNSATISFIED, mAttachedDataNetwork=null, created time=15:05:04.102, evaluation result=Data evaluation: evaluation reason:NEW_REQUEST, Data disallowed reasons: NOT_IN_SERVICE SERVICE_OPTION_NOT_SUPPORTED SIM_NOT_READY NO_SUITABLE_DATA_PROFILE DATA_CONFIG_NOT_READY, candidate profile=null, time=15:05:05.252]
12-08 15:05:14.876  2900  2900 D TNP     : onNetworkUnneeded: phoneId=0, [NetworkRequest [ REQUEST id=31, [ Capabilities: INTERNET&NOT_RESTRICTED&TRUSTED&NOT_VCN_MANAGED&NOT_BANDWIDTH_CONSTRAINED Uid: 10738 RequestorUid: 1000 RequestorPkg: android UnderlyingNetworks: Null] ], mPriority=20, state=UNSATISFIED, mAttachedDataNetwork=null, created time=15:05:04.102, evaluation result=Data evaluation: evaluation reason:NEW_REQUEST, Data disallowed reasons: NOT_IN_SERVICE SERVICE_OPTION_NOT_SUPPORTED SIM_NOT_READY NO_SUITABLE_DATA_PROFILE DATA_CONFIG_NOT_READY, candidate profile=null, time=15:05:05.273]
12-08 15:05:14.877  2900  2900 D TNP     : onNetworkUnneeded: phoneId=0, [NetworkRequest [ REQUEST id=61, [ Capabilities: INTERNET&NOT_RESTRICTED&TRUSTED&NOT_VCN_MANAGED&NOT_BANDWIDTH_CONSTRAINED Uid: 10719 RequestorUid: 1000 RequestorPkg: android UnderlyingNetworks: Null] ], mPriority=20, state=UNSATISFIED, mAttachedDataNetwork=null, created time=15:05:04.102, evaluation result=Data evaluation: evaluation reason:NEW_REQUEST, Data disallowed reasons: NOT_IN_SERVICE SERVICE_OPTION_NOT_SUPPORTED SIM_NOT_READY NO_SUITABLE_DATA_PROFILE DATA_CONFIG_NOT_READY, candidate profile=null, time=15:05:05.274]
12-08 15:05:14.878  2900  2900 D TNP     : onNetworkUnneeded: phoneId=0, [NetworkRequest [ REQUEST id=79, [ Capabilities: INTERNET&NOT_RESTRICTED&TRUSTED&NOT_VCN_MANAGED&NOT_BANDWIDTH_CONSTRAINED Uid: 1001 RequestorUid: 1001 RequestorPkg: com.android.phone UnderlyingNetworks: Null] ], mPriority=20, state=UNSATISFIED, mAttachedDataNetwork=null, created time=15:05:04.102, evaluation result=Data evaluation: evaluation reason:NEW_REQUEST, Data disallowed reasons: NOT_IN_SERVICE SERVICE_OPTION_NOT_SUPPORTED SIM_NOT_READY NO_SUITABLE_DATA_PROFILE DATA_CONFIG_NOT_READY, candidate profile=null, time=15:05:05.284]
12-08 15:05:14.878  2900  2900 D TNP     : onNetworkUnneeded: phoneId=0, [NetworkRequest [ REQUEST id=27, [ Capabilities: INTERNET&NOT_RESTRICTED&TRUSTED&NOT_VCN_MANAGED&NOT_BANDWIDTH_CONSTRAINED Uid: 10754 RequestorUid: 1000 RequestorPkg: android UnderlyingNetworks: Null] ], mPriority=20, state=UNSATISFIED, mAttachedDataNetwork=null, created time=15:05:04.102, evaluation result=Data evaluation: evaluation reason:NEW_REQUEST, Data disallowed reasons: NOT_IN_SERVICE SERVICE_OPTION_NOT_SUPPORTED SIM_NOT_READY NO_SUITABLE_DATA_PROFILE DATA_CONFIG_NOT_READY, candidate profile=null, time=15:05:05.276]
12-08 15:05:14.878  2900  2900 D DNC-0   : onRemoveNetworkRequest: Removed [NetworkRequest [ REQUEST id=97, [ Capabilities: INTERNET&NOT_RESTRICTED&TRUSTED&NOT_VCN_MANAGED&NOT_BANDWIDTH_CONSTRAINED Uid: 10678 RequestorUid: 10678 RequestorPkg: com.android.systemui UnderlyingNetworks: Null] ], mPriority=20, state=UNSATISFIED, mAttachedDataNetwork=null, created time=15:05:04.488, evaluation result=null]
12-08 15:05:14.879  2900  2900 D TNP     : onNetworkUnneeded: phoneId=0, [NetworkRequest [ REQUEST id=29, [ Capabilities: INTERNET&NOT_RESTRICTED&TRUSTED&NOT_VCN_MANAGED&NOT_BANDWIDTH_CONSTRAINED Uid: 10748 RequestorUid: 1000 RequestorPkg: android UnderlyingNetworks: Null] ], mPriority=20, state=UNSATISFIED, mAttachedDataNetwork=null, created time=15:05:04.103, evaluation result=Data evaluation: evaluation reason:NEW_REQUEST, Data disallowed reasons: NOT_IN_SERVICE SERVICE_OPTION_NOT_SUPPORTED SIM_NOT_READY NO_SUITABLE_DATA_PROFILE DATA_CONFIG_NOT_READY, candidate profile=null, time=15:05:05.275]
