12-08 15:05:43.639  2900  3235 D RILJ    : [DataProfile=[ApnSetting] DIGI Spain IMS, 3905, 21422, ims, , null, , null, null, 0, ims, IPV4V6, IP, true, 0, false, 0, 0, 0, 0, 0, null, , false, UNKNOWN, UNKNOWN, 0, 2442, -1, false, 3, 961, false, UNEDITED, TrafficDescriptor={mDnn=ims, null}, preferred=false] [PHONE0]
12-08 15:05:43.639  2900  3235 D RILJ    : [DataProfile=[ApnSetting] DIGI, 3659, , internet.digi.es, , null, , null, null, 1, supl | hipri | default, null, null, true, 0, false, 0, 0, 0, 0, 0, null, , false, UNKNOWN, UNKNOWN, 0, 2442, -1, false, 3, 961, false, USER_EDITED, TrafficDescriptor={mDnn=internet.digi.es, null}, preferred=true] [PHONE0]
12-08 15:05:43.640  2900  3235 D RILJ    : [DataProfile=[ApnSetting] DEFAULT EIMS, 0, null, sos, null, null, null, null, null, 0, emergency, IPV4V6, IPV4V6, true, 0, false, 0, 0, 0, 0, 0, null, null, false, UNKNOWN, UNKNOWN, -1, -1, -1, false, 3, 961, false, UNEDITED, TrafficDescriptor={mDnn=sos, null}, preferred=false] [PHONE0]
12-08 15:05:43.640  2900  2900 D RILJ    : [0321]> VOICE_RADIO_TECH [PHONE0]
12-08 15:05:43.640  2900  2900 D GsmCdmaPhone: [0] broadcastEmergencyCallStateChanges = false
12-08 15:05:43.640  2900  2900 D GsmCdmaPhone: [0] cdma_roaming_mode is going to changed to 2
12-08 15:05:43.640  2900  2900 D GsmCdmaPhone: [0] VoNR setting from telephony.db:0 ,vonr_enabled_bool:true ,vonr_on_by_default_bool:true
12-08 15:05:43.641  2900  2900 E RILJ    : setVoNrEnabled not supported on service VOICE < 2.0. [PHONE0]
12-08 15:05:43.641  2900  2900 E RILJ    : isNrDualConnectivityEnabled not supported on service NETWORK < 1.6. [PHONE0]
12-08 15:05:43.642  2900  2900 E RILJ    : isN1ModeEnabled not supported on service NETWORK < 2.1. [PHONE0]
12-08 15:05:43.642  2900  2900 D Phone-0 : [0] SubId1,load allowed network types : value = user=654335
12-08 15:05:43.642  2900  2900 D Phone-0 : [0] SubId1,get allowed network types user: value = GPRS|EDGE|UMTS|CDMA|CDMA - EvDo rev. 0|CDMA - EvDo rev. A|CDMA - 1xRTT|HSDPA|HSUPA|HSPA|CDMA - EvDo rev. B|LTE|CDMA - eHRPD|HSPA+|GSM|TD_SCDMA|LTE_CA|NR
12-08 15:05:43.642  2900  2900 D Phone-0 : [0] SubId1,notifyAllowedNetworkTypesChanged: reason: 0 value:GPRS|EDGE|UMTS|CDMA|CDMA - EvDo rev. 0|CDMA - EvDo rev. A|CDMA - 1xRTT|HSDPA|HSUPA|HSPA|CDMA - EvDo rev. B|LTE|CDMA - eHRPD|HSPA+|GSM|TD_SCDMA|LTE_CA|NR
12-08 15:05:43.642  2900  2900 D Phone-0 : [0] SubId1,get allowed network types user: value = GPRS|EDGE|UMTS|CDMA|CDMA - EvDo rev. 0|CDMA - EvDo rev. A|CDMA - 1xRTT|HSDPA|HSUPA|HSPA|CDMA - EvDo rev. B|LTE|CDMA - eHRPD|HSPA+|GSM|TD_SCDMA|LTE_CA|NR
12-08 15:05:43.643  2900  3235 D RILJ    : [0322]> SET_INITIAL_ATTACH_APN[DataProfile=[ApnSetting] DIGI, 3659, , internet.digi.es, , null, , null, null, 1, supl | hipri | default, null, null, true, 0, false, 0, 0, 0, 0, 0, null, , false, UNKNOWN, UNKNOWN, 0, 2442, -1, false, 3, 961, false, USER_EDITED, TrafficDescriptor={mDnn=internet.digi.es, null}, preferred=true] [PHONE0]
12-08 15:05:43.643  2900  2900 D RILJ    : [0323]> GET_RADIO_CAPABILITY [PHONE0]
12-08 15:05:43.644  1896  3187 W TelephonyRegistry: Pid 2900 has exceeded half the number of permissible registered listeners. Now at 84
12-08 15:05:43.644  2900  2900 D DRM-0   : Remove all retry and throttling entries, reason=DATA_PROFILES_CHANGED
12-08 15:05:43.645  2900  2900 D GsmCdmaPhone: [0] EVENT_SET_VONR_ENABLED_DONE is done
12-08 15:05:43.645  2900  2900 D GsmCdmaPhone: [0] EVENT_GET_N1_MODE_ENABLED_DONE
12-08 15:05:43.645  2900  2900 E GsmCdmaPhone: Failed to Retrieve N1 Mode
12-08 15:05:43.645  2900  2900 E GsmCdmaPhone: com.android.internal.telephony.CommandException: REQUEST_NOT_SUPPORTED
12-08 15:05:43.645  2900  2900 E GsmCdmaPhone: 	at com.android.internal.telephony.RIL.canMakeRequest(RIL.java:1371)
12-08 15:05:43.645  2900  2900 E GsmCdmaPhone: 	at com.android.internal.telephony.RIL.canMakeRequest(RIL.java:1335)
12-08 15:05:43.645  2900  2900 E GsmCdmaPhone: 	at com.android.internal.telephony.RIL.isN1ModeEnabled(RIL.java:5226)
12-08 15:05:43.645  2900  2900 E GsmCdmaPhone: 	at com.android.internal.telephony.GsmCdmaPhone.updateCarrierN1ModeSupported(GsmCdmaPhone.java:2517)
12-08 15:05:43.645  2900  2900 E GsmCdmaPhone: 	at com.android.internal.telephony.GsmCdmaPhone.handleMessage(GsmCdmaPhone.java:3389)
12-08 15:05:43.645  2900  2900 E GsmCdmaPhone: 	at android.os.Handler.dispatchMessage(Handler.java:110)
12-08 15:05:43.645  2900  2900 E GsmCdmaPhone: 	at android.os.Looper.loopOnce(Looper.java:248)
12-08 15:05:43.645  2900  2900 E GsmCdmaPhone: 	at android.os.Looper.loop(Looper.java:338)
12-08 15:05:43.645  2900  2900 E GsmCdmaPhone: 	at android.app.ActivityThread.main(ActivityThread.java:9145)
12-08 15:05:43.645  2900  2900 E GsmCdmaPhone: 	at java.lang.reflect.Method.invoke(Native Method)
12-08 15:05:43.645  2900  2900 E GsmCdmaPhone: 	at com.android.internal.os.RuntimeInit$MethodAndArgsCaller.run(RuntimeInit.java:596)
12-08 15:05:43.645  2900  2900 E GsmCdmaPhone: 	at com.android.internal.os.ZygoteInit.main(ZygoteInit.java:940)
12-08 15:05:43.645  2900  2900 D DNC-0   : onReevaluateExistingDataNetworks: No existing data networks to re-evaluate.
12-08 15:05:43.645  2900  2900 D DNC-0   : Re-evaluating 1 unsatisfied network requests in 1 groups, [INTERNET|NOT_RESTRICTED|TRUSTED|NOT_VPN|NOT_VCN_MANAGED|NOT_BANDWIDTH_CONSTRAINED]-CELLULAR due to DATA_PROFILES_CHANGED
12-08 15:05:43.646  2900  2900 D DNC-0   : Data evaluation: evaluation reason:DATA_PROFILES_CHANGED, Data disallowed reasons: NOT_IN_SERVICE SERVICE_OPTION_NOT_SUPPORTED, candidate profile=null, time=15:05:43.646, network type=HSPA, reg state=NOT_REG_SEARCHING, [NetworkRequest [ BACKGROUND_REQUEST id=2, [ Transports: CELLULAR Capabilities: INTERNET&NOT_RESTRICTED&TRUSTED&NOT_VPN&NOT_VCN_MANAGED&NOT_BANDWIDTH_CONSTRAINED RequestorUid: 1000 RequestorPkg: android UnderlyingNetworks: Null] ], mPriority=20, state=UNSATISFIED, mAttachedDataNetwork=null, created time=15:05:04.105, evaluation result=Data evaluation: evaluation reason:DATA_PROFILES_CHANGED, Data disallowed reasons: NOT_IN_SERVICE SERVICE_OPTION_NOT_SUPPORTED, candidate profile=null, time=15:05:43.646]
12-08 15:05:43.650  1719  2312 W XIAOMI_QCRIL: RIL[0][xiaomi_qcril_mbn.cc:2462] xiaomi_qcril_mbn_wait_s: xiaomi qcril mbn end to wait 60s to init
12-08 15:05:43.650  1719  2312 W XIAOMI_QCRIL: RIL[0][xiaomi_qcril_mbn.cc:4511] xiaomi_qcril_mbn_update: function entry ------------->
12-08 15:05:43.650  1719  2312 W XIAOMI_QCRIL: RIL[0][xiaomi_qcril_mbn.cc:1107] xiaomi_qcril_pdc_init: function entry ------------->
12-08 15:05:43.659  1719  2312 W XIAOMI_QCRIL: RIL[0][xiaomi_qcril_mbn.cc:1120] xiaomi_qcril_pdc_init: start xiaomi pdc init, g_pdc_init_status = -1, force_init = 1
12-08 15:05:43.659  1719  2312 E PDC_UTIL: pdc_info init done
12-08 15:05:43.662  1719  2312 I PDC_UTIL: qmi_client_init succeeds for PDC
12-08 15:05:43.662  1719  2312 W XIAOMI_QCRIL: RIL[0][xiaomi_qcril_mbn.cc:1137] xiaomi_qcril_pdc_init: function exit <-------------
12-08 15:05:43.662  1719  2312 W XIAOMI_QCRIL: RIL[0][xiaomi_qcril_mbn.cc:4424] xiaomi_qcril_sw_mbn_check: function entry ------------->
12-08 15:05:43.663  1719  2312 W XIAOMI_QCRIL: RIL[0][xiaomi_qcril_cmn.cc:231] xiaomi_qcril_get_property_value: persist.vendor.radio.mbn_load_flag: 3
12-08 15:05:43.663  1719  2312 W XIAOMI_QCRIL: RIL[0][xiaomi_qcril_mbn.cc:1107] xiaomi_qcril_pdc_init: function entry ------------->
12-08 15:05:43.663  1719  2312 W XIAOMI_QCRIL: RIL[0][xiaomi_qcril_mbn.cc:1137] xiaomi_qcril_pdc_init: function exit <-------------
12-08 15:05:43.663  1719  2312 W XIAOMI_QCRIL: RIL[0][xiaomi_qcril_mbn.cc:4210] xiaomi_qcril_get_sw_mbn_txt_path_by_product_info: function entry ------------->
12-08 15:05:43.663  1719  2312 W XIAOMI_QCRIL: RIL[0][xiaomi_qcril_mbn.cc:3872] xiaomi_qcril_mbn_find_mbn_cust_data: function entry ------------->
12-08 15:05:43.663  1719  2312 W XIAOMI_QCRIL: RIL[0][xiaomi_qcril_cmn.cc:231] xiaomi_qcril_get_property_value: ro.vendor.radio.midevice: umi
12-08 15:05:43.663  1719  2312 W XIAOMI_QCRIL: RIL[0][xiaomi_qcril_cmn.cc:231] xiaomi_qcril_get_property_value: ro.vendor.miui.build.region: 
12-08 15:05:43.663  1719  2312 W XIAOMI_QCRIL: RIL[0][xiaomi_qcril_cmn.cc:231] xiaomi_qcril_get_property_value: ro.boot.hwc: GLOBAL
12-08 15:05:43.663  1719  2312 W XIAOMI_QCRIL: RIL[0][xiaomi_qcril_mbn.cc:3824] xiaomi_qcril_build_type_get: function entry ------------->
12-08 15:05:43.663  1719  2312 W XIAOMI_QCRIL: RIL[0][xiaomi_qcril_cmn.cc:796] xiaomi_qcril_is_factory_version: non factory version
12-08 15:05:43.663  1719  2312 W XIAOMI_QCRIL: RIL[0][xiaomi_qcril_cmn.cc:231] xiaomi_qcril_get_property_value: ro.cust.test: 
12-08 15:05:43.663  1719  2312 W XIAOMI_QCRIL: RIL[0][xiaomi_qcril_cmn.cc:823] xiaomi_qcril_is_ct_test_version: not ct test version
12-08 15:05:43.663  1719  2312 W XIAOMI_QCRIL: RIL[0][xiaomi_qcril_cmn.cc:231] xiaomi_qcril_get_property_value: ro.cust.test: 
12-08 15:05:43.663  1719  2312 W XIAOMI_QCRIL: RIL[0][xiaomi_qcril_cmn.cc:850] xiaomi_qcril_is_cmcc_test_version: not cmcc test version
12-08 15:05:43.663  1719  2312 W XIAOMI_QCRIL: RIL[0][xiaomi_qcril_cmn.cc:231] xiaomi_qcril_get_property_value: ro.cust.test: 
12-08 15:05:43.663  1719  2312 W XIAOMI_QCRIL: RIL[0][xiaomi_qcril_cmn.cc:877] xiaomi_qcril_is_cu_test_version: not cu test version
12-08 15:05:43.663  1719  2312 W XIAOMI_QCRIL: RIL[0][xiaomi_qcril_mbn.cc:3855] xiaomi_qcril_build_type_get: build_type: 1
12-08 15:05:43.663  1719  2312 W XIAOMI_QCRIL: RIL[0][xiaomi_qcril_mbn.cc:3857] xiaomi_qcril_build_type_get: function exit <-------------
12-08 15:05:43.663  1719  2312 W XIAOMI_QCRIL: RIL[0][xiaomi_qcril_mbn.cc:3918] xiaomi_qcril_mbn_find_mbn_cust_data: Not find the cust: product_name(umi), miui_build_region(), hardware_type(GLOBAL), build_type(1)
12-08 15:05:43.663  1719  2312 W XIAOMI_QCRIL: RIL[0][xiaomi_qcril_mbn.cc:3925] xiaomi_qcril_mbn_find_mbn_cust_data: function exit <-------------
12-08 15:05:43.663  1719  2312 W XIAOMI_QCRIL: RIL[0][xiaomi_qcril_mbn.cc:4218] xiaomi_qcril_get_sw_mbn_txt_path_by_product_info: Not find cust mbn info
12-08 15:05:43.663  1719  2312 W XIAOMI_QCRIL: RIL[0][xiaomi_qcril_mbn.cc:4234] xiaomi_qcril_get_sw_mbn_txt_path_by_product_info: Not find cust sw mbn txt path, set it to default path, size_mbn_txt_path = 65, sw_mbn_txt_path: /readonly/firmware/image/modem_pr/mcfg/configs/mcfg_sw/oem_sw.txt
12-08 15:05:43.663  1719  2312 W XIAOMI_QCRIL: RIL[0][xiaomi_qcril_cmn.cc:231] xiaomi_qcril_get_property_value: persist.radio.sw_mbn_txt_path: 
12-08 15:05:43.663  1719  2312 W XIAOMI_QCRIL: RIL[0][xiaomi_qcril_mbn.cc:4240] xiaomi_qcril_get_sw_mbn_txt_path_by_product_info: function exit <-------------
12-08 15:05:43.663  1719  2312 W XIAOMI_QCRIL: RIL[0][xiaomi_qcril_mbn.cc:4312] xiaomi_qcril_check_sw_mbn_txt_path_by_mcc: function entry ------------->
12-08 15:05:43.663  1719  2312 W XIAOMI_QCRIL: RIL[0][xiaomi_qcril_cmn.cc:231] xiaomi_qcril_get_property_value: ril.mcc.mnc0: 21422
12-08 15:05:43.663  1719  2312 W XIAOMI_QCRIL: RIL[0][xiaomi_qcril_cmn.cc:231] xiaomi_qcril_get_property_value: ril.mcc.mnc1: 
12-08 15:05:43.663  1719  2312 W XIAOMI_QCRIL: RIL[0][xiaomi_qcril_mbn.cc:4359] xiaomi_qcril_check_sw_mbn_txt_path_by_mcc: Sub0 is present, would do selection per sub0 regardless of sub1 results in diffirent list
12-08 15:05:43.663  1719  2312 W XIAOMI_QCRIL: RIL[0][xiaomi_qcril_mbn.cc:4247] xiaomi_qcril_get_sw_mbn_txt_path_by_plmn: function entry ------------->
12-08 15:05:43.663  1719  2312 W XIAOMI_QCRIL: RIL[0][xiaomi_qcril_cmn.cc:231] xiaomi_qcril_get_property_value: ro.vendor.miui.build.region: 
12-08 15:05:43.663  1719  2312 W XIAOMI_QCRIL: RIL[0][xiaomi_qcril_mbn.cc:4302] xiaomi_qcril_get_sw_mbn_txt_path_by_plmn: Current miui_build_region is --> , no need to update list by mcc
12-08 15:05:43.663  1719  2312 W XIAOMI_QCRIL: RIL[0][xiaomi_qcril_mbn.cc:4307] xiaomi_qcril_get_sw_mbn_txt_path_by_plmn: function exit <-------------
12-08 15:05:43.663  1719  2312 W XIAOMI_QCRIL: RIL[0][xiaomi_qcril_mbn.cc:4375] xiaomi_qcril_check_sw_mbn_txt_path_by_mcc: function exit <-------------
12-08 15:05:43.663  1719  2312 W XIAOMI_QCRIL: RIL[0][xiaomi_qcril_mbn.cc:3175] xiaomi_qcril_get_sw_mbn_txt_path_from_modem: function entry ------------->
12-08 15:05:43.689  2900  2900 D ImsPhoneCallTracker: [0] handleMessage what=36
12-08 15:05:43.689  2900  2900 D ImsPhoneCallTracker: [0] sendConfigChangedIntent - [27, 1]
12-08 15:05:43.690  2900  2900 D ImsPhoneCallTracker: [0] sendConfigChangedIntent - [26, 0]
12-08 15:05:43.692  1719  2312 W XIAOMI_QCRIL: RIL[0][xiaomi_qcril_mbn.cc:3180] xiaomi_qcril_get_sw_mbn_txt_path_from_modem: ret: -108, efs_data_len: 65546
12-08 15:05:43.692  1719  2312 E XIAOMI_QCRIL: RIL[0][xiaomi_qcril_mbn.cc:3185] xiaomi_qcril_get_sw_mbn_txt_path_from_modem: xiaomi_efs_read failed, maybe empty, will set it to default mbn txt path, size_mbn_txt_path = 65, sw_mbn_txt_path: /readonly/firmware/image/modem_pr/mcfg/configs/mcfg_sw/oem_sw.txt
12-08 15:05:43.692  1719  2312 W XIAOMI_QCRIL: RIL[0][xiaomi_qcril_mbn.cc:3199] xiaomi_qcril_get_sw_mbn_txt_path_from_modem: function exit <-------------
12-08 15:05:43.692  1719  2312 W XIAOMI_QCRIL: RIL[0][xiaomi_qcril_mbn.cc:4453] xiaomi_qcril_sw_mbn_check: sw_mbn_txt_path_old: /readonly/firmware/image/modem_pr/mcfg/configs/mcfg_sw/oem_sw.txt
12-08 15:05:43.692  1719  2312 W XIAOMI_QCRIL: RIL[0][xiaomi_qcril_mbn.cc:4454] xiaomi_qcril_sw_mbn_check: sw_mbn_txt_path_new: /readonly/firmware/image/modem_pr/mcfg/configs/mcfg_sw/oem_sw.txt
12-08 15:05:43.692  1719  2312 W XIAOMI_QCRIL: RIL[0][xiaomi_qcril_mbn.cc:4464] xiaomi_qcril_sw_mbn_check: The matched txt path is same with modem's, will not update it.
12-08 15:05:43.692  1719  2312 E XIAOMI_QCRIL: RIL[0][xiaomi_qcril_mbn.cc:4465] xiaomi_qcril_sw_mbn_check: ==============================SW MBN will not update===================================================================================
12-08 15:05:43.692  1719  2312 W XIAOMI_QCRIL: RIL[0][xiaomi_qcril_mbn.cc:4470] xiaomi_qcril_sw_mbn_check: function exit <-------------
12-08 15:05:43.692  1719  2312 W XIAOMI_QCRIL: RIL[0][xiaomi_qcril_mbn.cc:4144] xiaomi_qcril_hw_mbn_check: function entry ------------->
12-08 15:05:43.692  1719  2312 W XIAOMI_QCRIL: RIL[0][xiaomi_qcril_cmn.cc:231] xiaomi_qcril_get_property_value: persist.vendor.radio.mbn_load_flag: 3
12-08 15:05:43.692  1719  2312 W XIAOMI_QCRIL: RIL[0][xiaomi_qcril_mbn.cc:4001] xiaomi_qcril_get_hw_mbn_name_by_product_info: function entry ------------->
12-08 15:05:43.692  1719  2312 W XIAOMI_QCRIL: RIL[0][xiaomi_qcril_cmn.cc:231] xiaomi_qcril_get_property_value: ro.vendor.miui.singlesim: 0
12-08 15:05:43.692  1719  2312 W XIAOMI_QCRIL: RIL[0][xiaomi_qcril_cmn.cc:231] xiaomi_qcril_get_property_value: ro.vendor.radio.midevice: umi
12-08 15:05:43.692  1719  2312 W XIAOMI_QCRIL: RIL[0][xiaomi_qcril_mbn.cc:3872] xiaomi_qcril_mbn_find_mbn_cust_data: function entry ------------->
12-08 15:05:43.692  1719  2312 W XIAOMI_QCRIL: RIL[0][xiaomi_qcril_cmn.cc:231] xiaomi_qcril_get_property_value: ro.vendor.radio.midevice: umi
12-08 15:05:43.692  1719  2312 W XIAOMI_QCRIL: RIL[0][xiaomi_qcril_cmn.cc:231] xiaomi_qcril_get_property_value: ro.vendor.miui.build.region: 
12-08 15:05:43.692  1719  2312 W XIAOMI_QCRIL: RIL[0][xiaomi_qcril_cmn.cc:231] xiaomi_qcril_get_property_value: ro.boot.hwc: GLOBAL
12-08 15:05:43.692  1719  2312 W XIAOMI_QCRIL: RIL[0][xiaomi_qcril_mbn.cc:3824] xiaomi_qcril_build_type_get: function entry ------------->
12-08 15:05:43.692  1719  2312 W XIAOMI_QCRIL: RIL[0][xiaomi_qcril_cmn.cc:796] xiaomi_qcril_is_factory_version: non factory version
12-08 15:05:43.692  1719  2312 W XIAOMI_QCRIL: RIL[0][xiaomi_qcril_cmn.cc:823] xiaomi_qcril_is_ct_test_version: not ct test version
12-08 15:05:43.693  1719  2312 W XIAOMI_QCRIL: RIL[0][xiaomi_qcril_cmn.cc:850] xiaomi_qcril_is_cmcc_test_version: not cmcc test version
12-08 15:05:43.693  1719  2312 W XIAOMI_QCRIL: RIL[0][xiaomi_qcril_cmn.cc:877] xiaomi_qcril_is_cu_test_version: not cu test version
12-08 15:05:43.693  1719  2312 W XIAOMI_QCRIL: RIL[0][xiaomi_qcril_mbn.cc:3855] xiaomi_qcril_build_type_get: build_type: 1
12-08 15:05:43.693  1719  2312 W XIAOMI_QCRIL: RIL[0][xiaomi_qcril_mbn.cc:3857] xiaomi_qcril_build_type_get: function exit <-------------
12-08 15:05:43.693  1719  2312 W XIAOMI_QCRIL: RIL[0][xiaomi_qcril_mbn.cc:3918] xiaomi_qcril_mbn_find_mbn_cust_data: Not find the cust: product_name(umi), miui_build_region(), hardware_type(GLOBAL), build_type(1)
12-08 15:05:43.693  1719  2312 W XIAOMI_QCRIL: RIL[0][xiaomi_qcril_mbn.cc:3925] xiaomi_qcril_mbn_find_mbn_cust_data: function exit <-------------
12-08 15:05:43.693  1719  2312 W XIAOMI_QCRIL: RIL[0][xiaomi_qcril_mbn.cc:4023] xiaomi_qcril_get_hw_mbn_name_by_product_info: Not find cust mbn info
12-08 15:05:43.693  1719  2312 W XIAOMI_QCRIL: RIL[0][xiaomi_qcril_mbn.cc:4039] xiaomi_qcril_get_hw_mbn_name_by_product_info: Not find cust hw mbn name, set it to default hw mbn name, size_hw_mbn_name = 81, hw_mbn_name: /data/vendor/modem_config/mcfg_hw/generic/common/SDX55/FUSION/LA/DSDS/mcfg_hw.mbn
12-08 15:05:43.693  1719  2312 W XIAOMI_QCRIL: RIL[0][xiaomi_qcril_cmn.cc:231] xiaomi_qcril_get_property_value: persist.radio.hw_mbn_name: 
12-08 15:05:43.693  1719  2312 W XIAOMI_QCRIL: RIL[0][xiaomi_qcril_mbn.cc:4045] xiaomi_qcril_get_hw_mbn_name_by_product_info: function exit <-------------
12-08 15:05:43.693  1719  2312 W XIAOMI_QCRIL: RIL[0][xiaomi_qcril_mbn.cc:2105] xiaomi_qcril_check_current_active_mbn_config_by_mbn_file: function entry ------------->
12-08 15:05:43.693  1719  2312 W XIAOMI_QCRIL: RIL[0][xiaomi_qcril_mbn.cc:1107] xiaomi_qcril_pdc_init: function entry ------------->
12-08 15:05:43.693  1719  2312 W XIAOMI_QCRIL: RIL[0][xiaomi_qcril_mbn.cc:1137] xiaomi_qcril_pdc_init: function exit <-------------
12-08 15:05:43.693  1719  2312 W XIAOMI_QCRIL: RIL[0][xiaomi_qcril_mbn.cc:1026] xiaomi_qcril_get_mbn_config_info_by_file_name: function entry ------------->
12-08 15:05:43.693  1719  2312 W XIAOMI_QCRIL: RIL[0][xiaomi_qcril_mbn.cc:946] xiaomi_qcril_get_mcfg_tr_tlv: function entry ------------->
12-08 15:05:43.693  1719  2312 W XIAOMI_QCRIL: RIL[0][xiaomi_qcril_mbn.cc:950] xiaomi_qcril_get_mcfg_tr_tlv: file name: /data/vendor/modem_config/mcfg_hw/generic/common/SDX55/FUSION/LA/DSDS/mcfg_hw.mbn
12-08 15:05:43.693  1719  2312 W XIAOMI_QCRIL: RIL[0][xiaomi_qcril_mbn.cc:848] xiaomi_qcril_get_mcfg_config_info: function entry ------------->
12-08 15:05:43.698  1719  2312 W XIAOMI_QCRIL: RIL[0][xiaomi_qcril_mbn.cc:911] xiaomi_qcril_get_mcfg_config_info: function exit <-------------
12-08 15:05:43.698  1719  2312 W XIAOMI_QCRIL: RIL[0][xiaomi_qcril_mbn.cc:957] xiaomi_qcril_get_mcfg_tr_tlv: config_info_len(95)
12-08 15:05:43.698  1719  2312 W XIAOMI_QCRIL: RIL[0][xiaomi_qcril_mbn.cc:963] xiaomi_qcril_get_mcfg_tr_tlv: type_id: 0
12-08 15:05:43.698  1719  2312 W XIAOMI_QCRIL: RIL[0][xiaomi_qcril_mbn.cc:963] xiaomi_qcril_get_mcfg_tr_tlv: type_id: 1
12-08 15:05:43.698  1719  2312 W XIAOMI_QCRIL: RIL[0][xiaomi_qcril_mbn.cc:979] xiaomi_qcril_get_mcfg_tr_tlv: index(14), length(4)
12-08 15:05:43.698  1719  2312 W XIAOMI_QCRIL: RIL[0][xiaomi_qcril_mbn.cc:1003] xiaomi_qcril_get_mcfg_tr_tlv: function exit <-------------
12-08 15:05:43.698  1719  2312 W XIAOMI_QCRIL: RIL[0][xiaomi_qcril_mbn.cc:1042] xiaomi_qcril_get_mbn_config_info_by_file_name: oem_version(len=4)
12-08 15:05:43.698  1719  2312 W XIAOMI_QCRIL: RIL[0][xiaomi_qcril_mbn.cc:1049] xiaomi_qcril_get_mbn_config_info_by_file_name: oem_version(val): 0x0a008921 
12-08 15:05:43.698  1719  2312 W XIAOMI_QCRIL: RIL[0][xiaomi_qcril_mbn.cc:1056] xiaomi_qcril_get_mbn_config_info_by_file_name: str_mbn_version: 0x0A008921
12-08 15:05:43.698  1719  2312 W XIAOMI_QCRIL: RIL[0][xiaomi_qcril_mbn.cc:946] xiaomi_qcril_get_mcfg_tr_tlv: function entry ------------->
12-08 15:05:43.698  1719  2312 W XIAOMI_QCRIL: RIL[0][xiaomi_qcril_mbn.cc:950] xiaomi_qcril_get_mcfg_tr_tlv: file name: /data/vendor/modem_config/mcfg_hw/generic/common/SDX55/FUSION/LA/DSDS/mcfg_hw.mbn
12-08 15:05:43.698  1719  2312 W XIAOMI_QCRIL: RIL[0][xiaomi_qcril_mbn.cc:848] xiaomi_qcril_get_mcfg_config_info: function entry ------------->
12-08 15:05:43.698  1719  2312 W XIAOMI_QCRIL: RIL[0][xiaomi_qcril_mbn.cc:911] xiaomi_qcril_get_mcfg_config_info: function exit <-------------
12-08 15:05:43.698  1719  2312 W XIAOMI_QCRIL: RIL[0][xiaomi_qcril_mbn.cc:957] xiaomi_qcril_get_mcfg_tr_tlv: config_info_len(95)
12-08 15:05:43.698  1719  2312 W XIAOMI_QCRIL: RIL[0][xiaomi_qcril_mbn.cc:963] xiaomi_qcril_get_mcfg_tr_tlv: type_id: 0
12-08 15:05:43.698  1719  2312 W XIAOMI_QCRIL: RIL[0][xiaomi_qcril_mbn.cc:963] xiaomi_qcril_get_mcfg_tr_tlv: type_id: 1
12-08 15:05:43.698  1719  2312 W XIAOMI_QCRIL: RIL[0][xiaomi_qcril_mbn.cc:963] xiaomi_qcril_get_mcfg_tr_tlv: type_id: 3
12-08 15:05:43.698  1719  2312 W XIAOMI_QCRIL: RIL[0][xiaomi_qcril_mbn.cc:979] xiaomi_qcril_get_mcfg_tr_tlv: index(21), length(20)
12-08 15:05:43.698  1719  2312 W XIAOMI_QCRIL: RIL[0][xiaomi_qcril_mbn.cc:1003] xiaomi_qcril_get_mcfg_tr_tlv: function exit <-------------
12-08 15:05:43.698  1719  2312 W XIAOMI_QCRIL: RIL[0][xiaomi_qcril_mbn.cc:1066] xiaomi_qcril_get_mbn_config_info_by_file_name: config_desc(len=20):
12-08 15:05:43.698  1719  2312 W XIAOMI_QCRIL: RIL[0][xiaomi_qcril_mbn.cc:1074] xiaomi_qcril_get_mbn_config_info_by_file_name: config_desc: SR_DSDS-SDX55_Fusion
12-08 15:05:43.698  1719  2312 W XIAOMI_QCRIL: RIL[0][xiaomi_qcril_mbn.cc:1097] xiaomi_qcril_get_mbn_config_info_by_file_name: str_len: 32
12-08 15:05:43.698  1719  2312 W XIAOMI_QCRIL: RIL[0][xiaomi_qcril_mbn.cc:1099] xiaomi_qcril_get_mbn_config_info_by_file_name: function exit <-------------
12-08 15:05:43.698  1719  2312 W XIAOMI_QCRIL: RIL[0][xiaomi_qcril_mbn.cc:2141] xiaomi_qcril_check_current_active_mbn_config_by_mbn_file: str_len_ap: 33
12-08 15:05:43.698  1719  2312 W XIAOMI_QCRIL: RIL[0][xiaomi_qcril_mbn.cc:2142] xiaomi_qcril_check_current_active_mbn_config_by_mbn_file: str_mbn_info_ap_side: SR_DSDS-SDX55_Fusion(0x0A008921)
12-08 15:05:43.698  1719  2312 W XIAOMI_QCRIL: RIL[0][xiaomi_qcril_mbn.cc:1497] xiaomi_qcril_get_active_mbn_config_info: function entry ------------->
12-08 15:05:43.698  1719  2312 W XIAOMI_QCRIL: RIL[0][xiaomi_qcril_mbn.cc:1501] xiaomi_qcril_get_active_mbn_config_info: sub 0
12-08 15:05:43.717  1719  2312 W XIAOMI_QCRIL: RIL[0][xiaomi_qcril_mbn.cc:1520] xiaomi_qcril_get_active_mbn_config_info: carrier_config_id ret_val 0
12-08 15:05:43.718  2900  3045 D RILJ    : [0317]< DATA_REGISTRATION_STATE {.regState = NOT_REG_MT_SEARCHING_OP_EM, .rat = HSPA, .reasonForDenial = NONE, .cellIdentity = {.wcdma = {.base = {.base = {.mcc = 214, .mnc = 03, .lac = 12102, .cid = 155416533, .psc = 427, .uarfcn = 2959}, .operatorNames = {.alphaLong = Orange, .alphaShort = ESPRT}}, .additionalPlmns = [], .optionalCsgInfo = {.noinit = {}}}}, .registeredPlmn = 21403, .accessTechnologySpecificInfo = {.noinit = {}}} [PHONE0]
12-08 15:05:43.719  2900  3251 D CellularNetworkService: No access tech specific info passes for RegStateResult
12-08 15:05:43.719  2900  3251 D NRM-C-0 : onRequestNetworkRegistrationInfoComplete result: 0, info: NetworkRegistrationInfo{ domain=PS transportType=WWAN registrationState=NOT_REG_SEARCHING networkRegistrationState=NOT_REG_SEARCHING roamingType=NOT_ROAMING accessNetworkTechnology=HSPA rejectCause=0 emergencyEnabled=true availableServices=[EMERGENCY] cellIdentity=CellIdentityWcdma:{ mLac=12102 mCid=155416533 mPsc=427 mUarfcn=2959 mMcc=214 mMnc=03 mAlphaLong=Orange mAlphaShort=ESPRT mAdditionalPlmns={} mCsgInfo=null} voiceSpecificInfo=null dataSpecificInfo=android.telephony.DataSpecificRegistrationInfo :{ maxDataCalls = 16 isDcNrRestricted = false isNrAvailable = false isEnDcAvailable = false mLteAttachResultType = 0 mLteAttachExtraInfo = 0 LteVopsSupportInfo :  mVopsSupport = 1 mEmcBearerSupport = 1 } nrState=**** rRplmn=21403 isUsingCarrierAggregation=false isNonTerrestrialNetwork=TERRESTRIAL}
12-08 15:05:43.719  2900  2900 D SST     : [0] handlePollStateResultMessage: PS cellular. NetworkRegistrationInfo{ domain=PS transportType=WWAN registrationState=NOT_REG_SEARCHING networkRegistrationState=NOT_REG_SEARCHING roamingType=NOT_ROAMING accessNetworkTechnology=HSPA rejectCause=0 emergencyEnabled=true availableServices=[EMERGENCY] cellIdentity=CellIdentityWcdma:{ mLac=12102 mCid=155416533 mPsc=427 mUarfcn=2959 mMcc=214 mMnc=03 mAlphaLong=Orange mAlphaShort=ESPRT mAdditionalPlmns={} mCsgInfo=null} voiceSpecificInfo=null dataSpecificInfo=android.telephony.DataSpecificRegistrationInfo :{ maxDataCalls = 16 isDcNrRestricted = false isNrAvailable = false isEnDcAvailable = false mLteAttachResultType = 0 mLteAttachExtraInfo = 0 LteVopsSupportInfo :  mVopsSupport = 1 mEmcBearerSupport = 1 } nrState=**** rRplmn=21403 isUsingCarrierAggregation=false isNonTerrestrialNetwork=TERRESTRIAL}
12-08 15:05:43.730  1719  2312 W XIAOMI_QCRIL: RIL[0][xiaomi_qcril_mbn.cc:1528] xiaomi_qcril_get_active_mbn_config_info: carrier_config_info ret_val 0
12-08 15:05:43.730  1719  2312 W XIAOMI_QCRIL: RIL[0][xiaomi_qcril_mbn.cc:1535] xiaomi_qcril_get_active_mbn_config_info: config_desc_len: 20
12-08 15:05:43.730  1719  2312 W XIAOMI_QCRIL: RIL[0][xiaomi_qcril_mbn.cc:1543] xiaomi_qcril_get_active_mbn_config_info: config_desc: SR_DSDS-SDX55_Fusion
12-08 15:05:43.730  1719  2312 W XIAOMI_QCRIL: RIL[0][xiaomi_qcril_mbn.cc:1547] xiaomi_qcril_get_active_mbn_config_info: config_version: 0x0A008921
12-08 15:05:43.730  1719  2312 W XIAOMI_QCRIL: RIL[0][xiaomi_qcril_mbn.cc:1564] xiaomi_qcril_get_active_mbn_config_info: str_len: 32
12-08 15:05:43.730  1719  2312 W XIAOMI_QCRIL: RIL[0][xiaomi_qcril_mbn.cc:1566] xiaomi_qcril_get_active_mbn_config_info: function exit <-------------
12-08 15:05:43.730  1719  2312 W XIAOMI_QCRIL: RIL[0][xiaomi_qcril_mbn.cc:2157] xiaomi_qcril_check_current_active_mbn_config_by_mbn_file: str_len_bp: 33
12-08 15:05:43.730  1719  2312 W XIAOMI_QCRIL: RIL[0][xiaomi_qcril_mbn.cc:2158] xiaomi_qcril_check_current_active_mbn_config_by_mbn_file: str_mbn_info_bp_side: SR_DSDS-SDX55_Fusion(0x0A008921)
12-08 15:05:43.730  1719  2312 W XIAOMI_QCRIL: RIL[0][xiaomi_qcril_mbn.cc:2167] xiaomi_qcril_check_current_active_mbn_config_by_mbn_file: sub_info: 0, str_len_ap: 33, str_mbn_info_ap_side: SR_DSDS-SDX55_Fusion(0x0A008921)
12-08 15:05:43.730  1719  2312 W XIAOMI_QCRIL: RIL[0][xiaomi_qcril_mbn.cc:2168] xiaomi_qcril_check_current_active_mbn_config_by_mbn_file: sub_info: 0, str_len_bp: 33, str_mbn_info_bp_side: SR_DSDS-SDX55_Fusion(0x0A008921)
12-08 15:05:43.730  1719  2312 W XIAOMI_QCRIL: RIL[0][xiaomi_qcril_mbn.cc:2170] xiaomi_qcril_check_current_active_mbn_config_by_mbn_file: function exit <-------------
12-08 15:05:43.730  1719  2312 E XIAOMI_QCRIL: RIL[0][xiaomi_qcril_mbn.cc:4166] xiaomi_qcril_hw_mbn_check: ==============================HW MBN will not update===================================================================================
12-08 15:05:43.730  1719  2312 W XIAOMI_QCRIL: RIL[0][xiaomi_qcril_mbn.cc:4186] xiaomi_qcril_hw_mbn_check: function exit <-------------
12-08 15:05:43.730  1719  2312 E XIAOMI_QCRIL: RIL[0][xiaomi_qcril_mbn.cc:4548] xiaomi_qcril_mbn_update: ==============================HW MBN And SW MBN will not update===================================================================================
12-08 15:05:43.741  1719  3864 I PDC_UTIL: succeed to get config_list 25 
12-08 15:05:43.756  2900  3251 D CellularNetworkService: No access tech specific info passes for RegStateResult
12-08 15:05:43.756  2900  3045 D RILJ    : [0318]< VOICE_REGISTRATION_STATE {.regState = NOT_REG_MT_SEARCHING_OP_EM, .rat = UMTS, .reasonForDenial = NONE, .cellIdentity = {.wcdma = {.base = {.base = {.mcc = 214, .mnc = 03, .lac = 12102, .cid = 155416533, .psc = 427, .uarfcn = 2959}, .operatorNames = {.alphaLong = Orange, .alphaShort = ESPRT}}, .additionalPlmns = [], .optionalCsgInfo = {.noinit = {}}}}, .registeredPlmn = 21403, .accessTechnologySpecificInfo = {.noinit = {}}} [PHONE0]
12-08 15:05:43.756  2900  3251 D NRM-C-0 : onRequestNetworkRegistrationInfoComplete result: 0, info: NetworkRegistrationInfo{ domain=CS transportType=WWAN registrationState=NOT_REG_SEARCHING networkRegistrationState=NOT_REG_SEARCHING roamingType=NOT_ROAMING accessNetworkTechnology=UMTS rejectCause=0 emergencyEnabled=true availableServices=[EMERGENCY] cellIdentity=CellIdentityWcdma:{ mLac=12102 mCid=155416533 mPsc=427 mUarfcn=2959 mMcc=214 mMnc=03 mAlphaLong=Orange mAlphaShort=ESPRT mAdditionalPlmns={} mCsgInfo=null} voiceSpecificInfo=VoiceSpecificRegistrationInfo { mCssSupported=false mRoamingIndicator=0 mSystemIsInPrl=0 mDefaultRoamingIndicator=0} dataSpecificInfo=null nrState=**** rRplmn=21403 isUsingCarrierAggregation=false isNonTerrestrialNetwork=TERRESTRIAL}
12-08 15:05:43.757  2900  3045 D RILJ    : [0321]< VOICE_RADIO_TECH {3} [PHONE0]
12-08 15:05:43.757  2900  2900 D SST     : [0] handlePollStateResultMessage: CS cellular. NetworkRegistrationInfo{ domain=CS transportType=WWAN registrationState=NOT_REG_SEARCHING networkRegistrationState=NOT_REG_SEARCHING roamingType=NOT_ROAMING accessNetworkTechnology=UMTS rejectCause=0 emergencyEnabled=true availableServices=[EMERGENCY] cellIdentity=CellIdentityWcdma:{ mLac=12102 mCid=155416533 mPsc=427 mUarfcn=2959 mMcc=214 mMnc=03 mAlphaLong=Orange mAlphaShort=ESPRT mAdditionalPlmns={} mCsgInfo=null} voiceSpecificInfo=VoiceSpecificRegistrationInfo { mCssSupported=false mRoamingIndicator=0 mSystemIsInPrl=0 mDefaultRoamingIndicator=0} dataSpecificInfo=null nrState=**** rRplmn=21403 isUsingCarrierAggregation=false isNonTerrestrialNetwork=TERRESTRIAL}
12-08 15:05:43.757  2900  3045 E RILJ    : processResponse: Unexpected response! serial: 314, error: 0 [PHONE0]
12-08 15:05:43.757  2900  2900 D SST     : [0] combinePsRegistrationStates: {mVoiceRegState=1(OUT_OF_SERVICE), mDataRegState=1(OUT_OF_SERVICE), mChannelNumber=2959, duplexMode()=0, mCellBandwidths=[], mOperatorAlphaLong=, mOperatorAlphaShort=, isManualNetworkSelection=false(automatic), getRilVoiceRadioTechnology=3(UMTS), getRilDataRadioTechnology=11(HSPA), mCssIndicator=unsupported, mNetworkId=-1, mSystemId=-1, mCdmaRoamingIndicator=-1, mCdmaDefaultRoamingIndicator=-1, mIsEmergencyOnly=true, isUsingCarrierAggregation=false, mArfcnRsrpBoost=0, mNetworkRegistrationInfos=[NetworkRegistrationInfo{ domain=PS transportType=WLAN registrationState=NOT_REG_OR_SEARCHING networkRegistrationState=NOT_REG_OR_SEARCHING roamingType=NOT_ROAMING accessNetworkTechnology=IWLAN rejectCause=0 emergencyEnabled=false availableServices=[] cellIdentity=null voiceSpecificInfo=null dataSpecificInfo=null nrState=**** rRplmn= isUsingCarrierAggregation=false isNonTerrestrialNetwork=TERRESTRIAL}, NetworkRegistrationInfo{ domain=PS transportType=WWAN registrationState=NOT_REG_SEARCHING networkRegistrationState=NOT_REG_SEARCHING roamingType=NOT_ROAMING accessNetworkTechnology=HSPA rejectCause=0 emergencyEnabled=true availableServices=[EMERGENCY] cellIdentity=CellIdentityWcdma:{ mLac=12102 mCid=155416533 mPsc=427 mUarfcn=2959 mMcc=214 mMnc=03 mAlphaLong=Orange mAlphaShort=ESPRT mAdditionalPlmns={} mCsgInfo=null} voiceSpecificInfo=null dataSpecificInfo=android.telephony.DataSpecificRegistrationInfo :{ maxDataCalls = 16 isDcNrRestricted = false isNrAvailable = false isEnDcAvailable = false mLteAttachResultType = 0 mLteAttachExtraInfo = 0 LteVopsSupportInfo :  mVopsSupport = 1 mEmcBearerSupport = 1 } nrState=**** rRplmn=21403 isUsingCarrierAggregation=false isNonTerrestrialNetwork=TERRESTRIAL}, NetworkRegistrationInfo{ domain=CS transportType=WWAN registrationState=NOT_REG_SEARCHING networkRegistrationState=NOT_REG_SEARCHING roamingType=NOT_ROAMING accessNetworkTechnology=UMTS rejectCause=0 emergencyEnabled=true availableServices=[EMERGENCY] cellIdentity=CellIdentityWcdma:{ mLac=12102 mCid=155416533 mPsc=427 mUarfcn=2959 mMcc=214 mMnc=03 mAlphaLong=Orange mAlphaShort=ESPRT mAdditionalPlmns={} mCsgInfo=null} voiceSpecificInfo=VoiceSpecificRegistrationInfo { mCssSupported=false mRoamingIndicator=0 mSystemIsInPrl=0 mDefaultRoamingIndicator=0} dataSpecificInfo=null nrState=**** rRplmn=21403 isUsingCarrierAggregation=false isNonTerrestrialNetwork=TERRESTRIAL}], mNrFrequencyRange=0, mOperatorAlphaLongRaw=, mOperatorAlphaShortRaw=, mIsDataRoamingFromRegistration=false, mIsIwlanPreferred=false, mIsUsingNonTerrestrialNetwork=false}
12-08 15:05:43.757  2900  3045 D RILJ    : convertHalRadioCapability: session=0, phase=0, rat=561156, logicModemUuid=0, status=1, rcRil.raf=1130504 [PHONE0]
12-08 15:05:43.758  2900  3045 D RILJ    : [0323]< GET_RADIO_CAPABILITY {mPhoneId = 0 mVersion=1 mSession=0 mPhase=0 mRadioAccessFamily=561156 mLogicModemId=0 mStatus=1} [PHONE0]
12-08 15:05:43.759  2900  2900 D SST     : [0] Poll ServiceState done: oldSS={mVoiceRegState=1(OUT_OF_SERVICE), mDataRegState=1(OUT_OF_SERVICE), mChannelNumber=2959, duplexMode()=0, mCellBandwidths=[], mOperatorAlphaLong=, mOperatorAlphaShort=, isManualNetworkSelection=false(automatic), getRilVoiceRadioTechnology=3(UMTS), getRilDataRadioTechnology=11(HSPA), mCssIndicator=unsupported, mNetworkId=-1, mSystemId=-1, mCdmaRoamingIndicator=-1, mCdmaDefaultRoamingIndicator=-1, mIsEmergencyOnly=true, isUsingCarrierAggregation=false, mArfcnRsrpBoost=0, mNetworkRegistrationInfos=[NetworkRegistrationInfo{ domain=PS transportType=WLAN registrationState=NOT_REG_OR_SEARCHING networkRegistrationState=NOT_REG_OR_SEARCHING roamingType=NOT_ROAMING accessNetworkTechnology=IWLAN rejectCause=0 emergencyEnabled=false availableServices=[] cellIdentity=null voiceSpecificInfo=null dataSpecificInfo=null nrState=**** rRplmn= isUsingCarrierAggregation=false isNonTerrestrialNetwork=TERRESTRIAL}, NetworkRegistrationInfo{ domain=CS transportType=WWAN registrationState=NOT_REG_SEARCHING networkRegistrationState=NOT_REG_SEARCHING roamingType=NOT_ROAMING accessNetworkTechnology=UMTS rejectCause=0 emergencyEnabled=true availableServices=[EMERGENCY] cellIdentity=CellIdentityWcdma:{ mLac=12102 mCid=155416533 mPsc=427 mUarfcn=2959 mMcc=214 mMnc=03 mAlphaLong=Orange mAlphaShort=ESPRT mAdditionalPlmns={} mCsgInfo=null} voiceSpecificInfo=VoiceSpecificRegistrationInfo { mCssSupported=false mRoamingIndicator=0 mSystemIsInPrl=0 mDefaultRoamingIndicator=0} dataSpecificInfo=null nrState=**** rRplmn=21403 isUsingCarrierAggregation=false isNonTerrestrialNetwork=TERRESTRIAL}, NetworkRegistrationInfo{ domain=PS transportType=WWAN registrationState=NOT_REG_SEARCHING networkRegistrationState=NOT_REG_SEARCHING roamingType=NOT_ROAMING accessNetworkTechnology=HSPA rejectCause=0 emergencyEnabled=true availableServices=[EMERGENCY] cellIdentity=CellIdentityWcdma:{ mLac=12102 mCid=155416533 mPsc=427 mUarfcn=2959 mMcc=214 mMnc=03 mAlphaLong=Orange mAlphaShort=ESPRT mAdditionalPlmns={} mCsgInfo=null} voiceSpecificInfo=null dataSpecificInfo=android.telephony.DataSpecificRegistrationInfo :{ maxDataCalls = 16 isDcNrRestricted = false isNrAvailable = false isEnDcAvailable = false mLteAttachResultType = 0 mLteAttachExtraInfo = 0 LteVopsSupportInfo :  mVopsSupport = 1 mEmcBearerSupport = 1 } nrState=**** rRplmn=21403 isUsingCarrierAggregation=false isNonTerrestrialNetwork=TERRESTRIAL}], mNrFrequencyRange=0, mOperatorAlphaLongRaw=, mOperatorAlphaShortRaw=, mIsDataRoamingFromRegistration=false, mIsIwlanPreferred=false, mIsUsingNonTerrestrialNetwork=false}
12-08 15:05:43.759  2900  2900 D SST     : [0] Poll ServiceState done: newSS={mVoiceRegState=1(OUT_OF_SERVICE), mDataRegState=1(OUT_OF_SERVICE), mChannelNumber=2959, duplexMode()=0, mCellBandwidths=[], mOperatorAlphaLong=, mOperatorAlphaShort=, isManualNetworkSelection=false(automatic), getRilVoiceRadioTechnology=3(UMTS), getRilDataRadioTechnology=11(HSPA), mCssIndicator=unsupported, mNetworkId=-1, mSystemId=-1, mCdmaRoamingIndicator=-1, mCdmaDefaultRoamingIndicator=-1, mIsEmergencyOnly=true, isUsingCarrierAggregation=false, mArfcnRsrpBoost=0, mNetworkRegistrationInfos=[NetworkRegistrationInfo{ domain=PS transportType=WLAN registrationState=NOT_REG_OR_SEARCHING networkRegistrationState=NOT_REG_OR_SEARCHING roamingType=NOT_ROAMING accessNetworkTechnology=IWLAN rejectCause=0 emergencyEnabled=false availableServices=[] cellIdentity=null voiceSpecificInfo=null dataSpecificInfo=null nrState=**** rRplmn= isUsingCarrierAggregation=false isNonTerrestrialNetwork=TERRESTRIAL}, NetworkRegistrationInfo{ domain=CS transportType=WWAN registrationState=NOT_REG_SEARCHING networkRegistrationState=NOT_REG_SEARCHING roamingType=NOT_ROAMING accessNetworkTechnology=UMTS rejectCause=0 emergencyEnabled=true availableServices=[EMERGENCY] cellIdentity=CellIdentityWcdma:{ mLac=12102 mCid=155416533 mPsc=427 mUarfcn=2959 mMcc=214 mMnc=03 mAlphaLong=Orange mAlphaShort=ESPRT mAdditionalPlmns={} mCsgInfo=null} voiceSpecificInfo=VoiceSpecificRegistrationInfo { mCssSupported=false mRoamingIndicator=0 mSystemIsInPrl=0 mDefaultRoamingIndicator=0} dataSpecificInfo=null nrState=**** rRplmn=21403 isUsingCarrierAggregation=false isNonTerrestrialNetwork=TERRESTRIAL}, NetworkRegistrationInfo{ domain=PS transportType=WWAN registrationState=NOT_REG_SEARCHING networkRegistrationState=NOT_REG_SEARCHING roamingType=NOT_ROAMING accessNetworkTechnology=HSPA rejectCause=0 emergencyEnabled=true availableServices=[EMERGENCY] cellIdentity=CellIdentityWcdma:{ mLac=12102 mCid=155416533 mPsc=427 mUarfcn=2959 mMcc=214 mMnc=03 mAlphaLong=Orange mAlphaShort=ESPRT mAdditionalPlmns={} mCsgInfo=null} voiceSpecificInfo=null dataSpecificInfo=android.telephony.DataSpecificRegistrationInfo :{ maxDataCalls = 16 isDcNrRestricted = false isNrAvailable = false isEnDcAvailable = false mLteAttachResultType = 0 mLteAttachExtraInfo = 0 LteVopsSupportInfo :  mVopsSupport = 1 mEmcBearerSupport = 1 } nrState=**** rRplmn=21403 isUsingCarrierAggregation=false isNonTerrestrialNetwork=TERRESTRIAL}], mNrFrequencyRange=0, mOperatorAlphaLongRaw=, mOperatorAlphaShortRaw=, mIsDataRoamingFromRegistration=false, mIsIwlanPreferred=false, mIsUsingNonTerrestrialNetwork=false}
12-08 15:05:43.759  2900  2900 D SST     : [0] Poll ServiceState done: oldMaxDataCalls=16 mNewMaxDataCalls=16 oldReasonDataDenied=0 mNewReasonDataDenied=0
12-08 15:05:43.759  2900  3045 E RILJ    : processResponse: Unexpected response! serial: 314, error: 0 [PHONE0]
12-08 15:05:43.760  2900  3045 E RILJ    : processResponse: Unexpected response! serial: 314, error: 0 [PHONE0]
12-08 15:05:43.760  2900  2900 D SST     : [0] pollStateDone: hasRegistered = false hasDeregistered = false hasDataAttached = {1=false, 2=false} hasDataDetached = {1=false, 2=false} hasDataRegStateChanged = {1=false, 2=false} hasRilVoiceRadioTechnologyChanged = false hasRilDataRadioTechnologyChanged = {1=false, 2=false} hasDataTransportPreferenceChanged = false hasChanged = false hasVoiceRoamingOn = false hasVoiceRoamingOff = false hasDataRoamingOn =false hasDataRoamingOff = false hasLocationChanged = false has4gHandoff = false hasMultiApnSupport = false hasLostMultiApnSupport = false hasCssIndicatorChanged = false hasNrFrequencyRangeChanged = false hasNrStateChanged = false hasAirplaneModeOnlChanged = false
12-08 15:05:43.760  2900  3045 E RILJ    : processResponse: Unexpected response! serial: 314, error: 0 [PHONE0]
12-08 15:05:43.760  2900  3045 E RILJ    : processResponse: Unexpected response! serial: 314, error: 0 [PHONE0]
12-08 15:05:43.760  2900  2900 D GsmCdmaPhone: [0] EVENT_REQUEST_VOICE_RADIO_TECH_DONE: newVoiceTech=3
12-08 15:05:43.760  2900  2900 D GsmCdmaPhone: [0] phoneObjectUpdater: newVoiceRadioTech=3
12-08 15:05:43.760  2900  3045 E RILJ    : processResponse: Unexpected response! serial: 314, error: 0 [PHONE0]
12-08 15:05:43.760  2900  2900 D GsmCdmaPhone: [0] phoneObjectUpdater: no-op as CDMA cleanup flag is set
12-08 15:05:43.760  1719  3864 I PDC_UTIL: succeed to get config_list 25 
12-08 15:05:43.761  2900  2900 D Phone-0 : [0] SubId1,getEffectiveAllowedNetworkTypes: GPRS|EDGE|UMTS|CDMA|CDMA - EvDo rev. 0|CDMA - EvDo rev. A|CDMA - 1xRTT|HSDPA|HSUPA|HSPA|CDMA - EvDo rev. B|LTE|CDMA - eHRPD|HSPA+|GSM|TD_SCDMA|LTE_CA|NR
12-08 15:05:43.761  2900  2900 D Phone-0 : [0] setAllowedNetworkTypes: modemRafBitMask = 561156 ,modemRaf = UMTS|LTE|GSM|LTE_CA|NR ,filteredRafBitMask = 561156 ,filteredRaf = UMTS|LTE|GSM|LTE_CA|NR
12-08 15:05:43.762  2900  2900 D RILJ    : [0324]> SET_PREFERRED_NETWORK_TYPE networkType = 26 [PHONE0]
12-08 15:05:43.762  2900  2900 D GsmCdmaPhone: EVENT_GET_RADIO_CAPABILITY: phone rc: {mPhoneId = 0 mVersion=1 mSession=0 mPhase=0 mRadioAccessFamily=561156 mLogicModemId=0 mStatus=1}
12-08 15:05:43.762  2900  2900 D NetworkTypeController: [0] LegacyState: process EVENT_PREFERRED_NETWORK_MODE_CHANGED
12-08 15:05:43.762  2900  2900 D NetworkTypeController: [0] DefaultState: process EVENT_PREFERRED_NETWORK_MODE_CHANGED
12-08 15:05:43.762  2900  2900 D NetworkTypeController: [0] Reset timers since preferred network mode changed.
12-08 15:05:43.762  2900  3045 E RILJ    : processResponse: Unexpected response! serial: 314, error: 0 [PHONE0]
12-08 15:05:43.763  2900  3045 E RILJ    : processResponse: Unexpected response! serial: 314, error: 44 [PHONE0]
12-08 15:05:43.763  1719  1814 I RILQ    : (0/1719):RIL[0][(1719,1814)] qcril_qmi_imss_set_ims_service_enable_config_resp_hdlr: ril_err: 0, qmi res: 0
12-08 15:05:43.764  1719  1814 I RILQ    : (0/1719):RIL[0][(1719,1814)] qcril_qmi_imss_set_ims_service_enable_config_resp_ims_reg_change_hdlr: ril_err: 0, qmi res: 0
12-08 15:05:43.766  2900  3045 D RILJ    : [0324]< SET_PREFERRED_NETWORK_TYPE  [PHONE0]
12-08 15:05:43.767  1719  3864 I PDC_UTIL: succeed to get config_list 25 
12-08 15:05:43.778  1719  3864 I PDC_UTIL: succeed to get config_list 20 
12-08 15:05:43.778  1719  2312 W XIAOMI_QCRIL: RIL[0][xiaomi_qcril_mbn.cc:4558] xiaomi_qcril_mbn_update: modem_sw_mbn_count, pdc_get_config_lists_by_type ret_val 0, num_of_configs 95
12-08 15:05:43.779  1719  2312 W XIAOMI_QCRIL: RIL[0][xiaomi_qcril_cmn.cc:1009] xiaomi_qcril_print_property_value: persist.radio.modem_sw_mbn_count: 95
12-08 15:05:43.780  1719  2312 W XIAOMI_QCRIL: RIL[0][xiaomi_qcril_cmn.cc:1009] xiaomi_qcril_print_property_value: persist.radio.modem_sw_mbn_flag: 1
12-08 15:05:43.781  1719  2312 W XIAOMI_QCRIL: RIL[0][xiaomi_qcril_cmn.cc:1009] xiaomi_qcril_print_property_value: persist.radio.modem_mbn_check: 1
12-08 15:05:43.781  1719  2312 W XIAOMI_QCRIL: RIL[0][xiaomi_qcril_mbn.cc:4585] xiaomi_qcril_mbn_update: function exit <-------------
12-08 15:05:43.781  1719  2312 W XIAOMI_QCRIL: RIL[0][xiaomi_qcril_mbn.cc:4682] xiaomi_qcril_mbn_thread_proc: function exit <-------------
12-08 15:05:43.816  2900  2900 D ImsPhoneCallTracker: [0] handleMessage what=36
12-08 15:05:43.816  2900  2900 D ImsPhoneCallTracker: [0] sendConfigChangedIntent - [66, 0]
12-08 15:05:43.821  2900  3045 D RILJ    : Unsol response received; Sending ack to ril.cpp [PHONE0]
12-08 15:05:43.821  2900  3045 D RILJ    : [UNSL]< UNSOL_RESPONSE_NETWORK_STATE_CHANGED [PHONE0]
12-08 15:05:43.822  2900  3251 D NRM-C-0 : onNetworkStateChanged
12-08 15:05:43.822  2900  2900 D SST     : [0] pollState: modemTriggered=true, radioState=1
12-08 15:05:43.822  2900  3045 D RILJ    : [0320]< SET_DATA_PROFILE  [PHONE0]
12-08 15:05:43.823  2900  3235 D DSM-C-0 : onSetDataProfileComplete. resultCode = 0
12-08 15:05:43.823  2900  2900 D RILJ    : [0326]> OPERATOR [PHONE0]
12-08 15:05:43.826  2900  2900 D RILJ    : [0327]> QUERY_NETWORK_SELECTION_MODE [PHONE0]
12-08 15:05:43.827  2900  3251 D RILJ    : [0328]> DATA_REGISTRATION_STATE [PHONE0]
12-08 15:05:43.827  2900  3251 D RILJ    : getDataRegistrationState: overrideHalVersion=null [PHONE0]
12-08 15:05:43.828  1719  1852 D RILC    : RadioImpl_1_5::getDataRegistrationState_1_5: serial 328
12-08 15:05:43.829  2900  3251 D RILJ    : [0329]> VOICE_REGISTRATION_STATE [PHONE0]
12-08 15:05:43.829  2900  3251 D RILJ    : getVoiceRegistrationState: overrideHalVersion=null [PHONE0]
12-08 15:05:43.829  1719  1852 D RILC    : RadioImpl_1_5::getVoiceRegistrationState_1_5: serial 329
12-08 15:05:43.836  2900  3045 D RILJ    : [0322]< SET_INITIAL_ATTACH_APN  [PHONE0]
12-08 15:05:43.836  2900  3235 D DSM-C-0 : onSetInitialAttachApnComplete. resultCode = 0
12-08 15:05:43.840  2900  3419 D NRM-I-0 : onRequestNetworkRegistrationInfoComplete result: 0, info: NetworkRegistrationInfo{ domain=PS transportType=WLAN registrationState=NOT_REG_OR_SEARCHING networkRegistrationState=NOT_REG_OR_SEARCHING roamingType=NOT_ROAMING accessNetworkTechnology=IWLAN rejectCause=0 emergencyEnabled=false availableServices=[] cellIdentity=null voiceSpecificInfo=null dataSpecificInfo=null nrState=**** rRplmn= isUsingCarrierAggregation=false isNonTerrestrialNetwork=TERRESTRIAL}
12-08 15:05:43.840  2900  2900 D SST     : [0] handlePollStateResultMessage: PS IWLAN. NetworkRegistrationInfo{ domain=PS transportType=WLAN registrationState=NOT_REG_OR_SEARCHING networkRegistrationState=NOT_REG_OR_SEARCHING roamingType=NOT_ROAMING accessNetworkTechnology=IWLAN rejectCause=0 emergencyEnabled=false availableServices=[] cellIdentity=null voiceSpecificInfo=null dataSpecificInfo=null nrState=**** rRplmn= isUsingCarrierAggregation=false isNonTerrestrialNetwork=TERRESTRIAL}
12-08 15:05:43.846  1719  1814 E RILQ    : (0/1719): RIL[0][(1719,1814)] get_ecc_property_name: ecc list name : ril.ecclist.
12-08 15:05:43.848  2900  3045 D RILJ    : [UNSL]< UNSOL_EMERGENCY_NUMBER_LIST [[EmergencyNumber: 112, countryIso=, mnc=, src=sim , routing=unknown, categories=, urns=], [EmergencyNumber: 911, countryIso=, mnc=, src=sim , routing=unknown, categories=, urns=]] [PHONE0]
12-08 15:05:43.848  2900  2900 D EmergencyNumberTracker: [0]updateRadioEmergencyNumberListAndNotify(): receiving [[EmergencyNumber: 112, countryIso=, mnc=, src=sim , routing=unknown, categories=, urns=], [EmergencyNumber: 911, countryIso=, mnc=, src=sim , routing=unknown, categories=, urns=]]
12-08 15:05:43.854  1719  1814 E RILQ    : (0/1719): RIL[0][(1719,1814)] get_ecc_property_name: ecc list name : ril.ecclist.
12-08 15:05:43.855  2900  3045 D RILJ    : [UNSL]< UNSOL_EMERGENCY_NUMBER_LIST [[EmergencyNumber: 112, countryIso=, mnc=, src=sim , routing=unknown, categories=, urns=], [EmergencyNumber: 911, countryIso=, mnc=, src=sim , routing=unknown, categories=, urns=]] [PHONE0]
12-08 15:05:43.855  2900  2900 D EmergencyNumberTracker: [0]updateRadioEmergencyNumberListAndNotify(): receiving [[EmergencyNumber: 112, countryIso=, mnc=, src=sim , routing=unknown, categories=, urns=], [EmergencyNumber: 911, countryIso=, mnc=, src=sim , routing=unknown, categories=, urns=]]
12-08 15:05:43.857  2900  3045 D RILJ    : [0326]< OPERATOR {, , } [PHONE0]
12-08 15:05:43.858  2900  3045 D RILJ    : [0319]< GSM_SET_BROADCAST_CONFIG  [PHONE0]
12-08 15:05:43.859  2900  3093 D RILJ    : [0330]> GSM_BROADCAST_ACTIVATION activate = true [PHONE0]
12-08 15:05:43.887  2900  3045 D RILJ    : [UNSL]< UNSOL_PHYSICAL_CHANNEL_CONFIG [{mConnectionStatus=PrimaryServing,mCellBandwidthDownlinkKhz=10000,mCellBandwidthUplinkKhz=0,mNetworkType=UNKNOWN,mFrequencyRange=LOW,mDownlinkChannelNumber=2147483647,mUplinkChannelNumber=2147483647,mContextIds=[],mPhysicalCellId=24,mBand=0,mDownlinkFrequency=0,mUplinkFrequency=0}] [PHONE0]
12-08 15:05:43.894  2900  3045 D RILJ    : [0330]< GSM_BROADCAST_ACTIVATION  [PHONE0]
