--------- beginning of main
10-30 14:13:38.202  1130  1145 E WifiHAL : wifi_get_cached_scan_results: Wifi Cached Scan Result not supported by driver
10-30 14:13:38.202  1854  2544 E WifiStaIfaceAidlImpl: getCachedScanData failed with service-specific exception: android.os.ServiceSpecificException:  (code 4)
10-30 14:13:38.309  1854  2591 W ServiceManagerCppClient: Waited one second for stats (is service started? Number of threads started in the threadpool: 32. Are binder threads started and available?)
10-30 14:13:38.335  1089  2113 E CamX    : [ERROR][NCS    ] camxncsservice.cpp:680 EnqueueJob() Can not enqueue jobs when thread is stopped
10-30 14:13:38.433  1089  2113 E CamX    : [ERROR][NCS    ] camxncsservice.cpp:680 EnqueueJob() Can not enqueue jobs when thread is stopped
10-30 14:13:38.643  1553  8121 W ServiceManagerCppClient: Waited one second for stats (is service started? Number of threads started in the threadpool: 17. Are binder threads started and available?)
10-30 14:13:38.643  1262  2988 W ServiceManagerCppClient: Waited one second for stats (is service started? Number of threads started in the threadpool: 6. Are binder threads started and available?)
10-30 14:13:38.950   668   668 I hwservicemanager: getTransport: Cannot find entry vendor.qti.hardware.servicetracker@1.0::IServicetracker/default in either framework or device VINTF manifest.
10-30 14:13:39.311  1082  3308 I vendor.qti.bluetooth@1.0-ibs_handler: ProcessIbsCmd: Received IBS_WAKE_IND: 0xFD
10-30 14:13:39.311  1082  3308 D vendor.qti.bluetooth@1.0-ibs_handler: SerialClockVote: vote for UART CLK ON
10-30 14:13:39.311  1854  2591 W ServiceManagerCppClient: Waited one second for stats (is service started? Number of threads started in the threadpool: 32. Are binder threads started and available?)
10-30 14:13:39.311  1082  3308 D vendor.qti.bluetooth@1.0-wake_lock: Acquire wakelock is acquired 
10-30 14:13:39.311  1082  3308 I vendor.qti.bluetooth@1.0-ibs_handler: ProcessIbsCmd: Writing IBS_WAKE_ACK
10-30 14:13:39.392  1082  3308 I vendor.qti.bluetooth@1.0-ibs_handler: ProcessIbsCmd: Received IBS_SLEEP_IND: 0xFE
10-30 14:13:39.392  1082  3308 D vendor.qti.bluetooth@1.0-ibs_handler: SerialClockVote: vote for UART CLK OFF
10-30 14:13:39.543  1082  3074 D vendor.qti.bluetooth@1.0-wake_lock: Release wakelock is released 
10-30 14:13:39.644  1262  2988 W ServiceManagerCppClient: Waited one second for stats (is service started? Number of threads started in the threadpool: 6. Are binder threads started and available?)
10-30 14:13:39.645  1553  8121 W ServiceManagerCppClient: Waited one second for stats (is service started? Number of threads started in the threadpool: 17. Are binder threads started and available?)
10-30 14:13:40.313  1854  2591 W ServiceManagerCppClient: Waited one second for stats (is service started? Number of threads started in the threadpool: 32. Are binder threads started and available?)
10-30 14:13:40.647  1553  8121 W ServiceManagerCppClient: Waited one second for stats (is service started? Number of threads started in the threadpool: 17. Are binder threads started and available?)
10-30 14:13:40.647  1262  2988 W ServiceManagerCppClient: Waited one second for stats (is service started? Number of threads started in the threadpool: 6. Are binder threads started and available?)
--------- beginning of system
10-30 14:13:40.822  1854  1854 D LoadedApk: Receiver not registered: com.android.server.UiModeManagerService$8@d62d51d
10-30 14:13:40.822  2851  2851 D QtiCarrierConfigHelper: WARNING, no carrier configs on phone Id: 1
10-30 14:13:40.903   668   668 I hwservicemanager: getTransport: Cannot find entry vendor.qti.hardware.servicetracker@1.0::IServicetracker/default in either framework or device VINTF manifest.
10-30 14:13:40.906   668   668 I hwservicemanager: getTransport: Cannot find entry vendor.qti.hardware.servicetracker@1.0::IServicetracker/default in either framework or device VINTF manifest.
10-30 14:13:41.227  1130  1145 E WifiHAL : wifi_get_cached_scan_results: Wifi Cached Scan Result not supported by driver
10-30 14:13:41.227  1854  2544 E WifiStaIfaceAidlImpl: getCachedScanData failed with service-specific exception: android.os.ServiceSpecificException:  (code 4)
10-30 14:13:41.316  1854  2591 W ServiceManagerCppClient: Waited one second for stats (is service started? Number of threads started in the threadpool: 32. Are binder threads started and available?)
10-30 14:13:41.595   668   668 I hwservicemanager: getTransport: Cannot find entry vendor.qti.hardware.servicetracker@1.0::IServicetracker/default in either framework or device VINTF manifest.
10-30 14:13:41.635   668   668 I hwservicemanager: getTransport: Cannot find entry vendor.qti.hardware.servicetracker@1.0::IServicetracker/default in either framework or device VINTF manifest.
10-30 14:13:41.637   668   668 I hwservicemanager: getTransport: Cannot find entry vendor.qti.hardware.servicetracker@1.0::IServicetracker/default in either framework or device VINTF manifest.
10-30 14:13:41.649  1262  2988 W ServiceManagerCppClient: Waited one second for stats (is service started? Number of threads started in the threadpool: 6. Are binder threads started and available?)
10-30 14:13:41.649  1553  8121 W ServiceManagerCppClient: Waited one second for stats (is service started? Number of threads started in the threadpool: 17. Are binder threads started and available?)
10-30 14:13:41.754   668   668 I hwservicemanager: getTransport: Cannot find entry vendor.qti.hardware.servicetracker@1.0::IServicetracker/default in either framework or device VINTF manifest.
10-30 14:13:41.756   668   668 I hwservicemanager: getTransport: Cannot find entry vendor.qti.hardware.servicetracker@1.0::IServicetracker/default in either framework or device VINTF manifest.
10-30 14:13:41.756   909   909 D BoundBrokerSvc: onUnbind: Intent { act=com.google.android.gms.semanticlocationhistory.zeroparty.service.START dat=chimera-action:/... xflg=0x4 cmp=com.google.android.gms/.chimera.GmsApiService }
10-30 14:13:41.781   668   668 I hwservicemanager: getTransport: Cannot find entry vendor.qti.hardware.servicetracker@1.0::IServicetracker/default in either framework or device VINTF manifest.
10-30 14:13:41.806   668   668 I hwservicemanager: getTransport: Cannot find entry vendor.qti.hardware.servicetracker@1.0::IServicetracker/default in either framework or device VINTF manifest.
10-30 14:13:41.808   609   609 D BoundBrokerSvc: onUnbind: Intent { act=com.google.android.gms.clearcut.service.START dat=chimera-action:/... xflg=0x4 cmp=com.google.android.gms/.chimera.PersistentDirectBootAwareApiService }
10-30 14:13:42.019  2917  2917 I NavHandleLongPressHandler: Contextual Search invocation: touch started
10-30 14:13:42.020  2917  2917 D OtherActivityInputConsumer: ACTION_DOWN: mIsDeferredDownTarget=false
10-30 14:13:42.025  2917  2917 D ContextTracker: Registering callback: com.android.launcher3.LauncherInitListener@7a5310, reason=OtherActivityInputConsumer.startTouchTrackingForWindowAnimation
10-30 14:13:42.028  2917  2917 D RecentsView: onGestureAnimationStart - groupedTaskInfo: Desk ID= -1, Desk Display ID=-1, Tasks=[id=1669 winMode=fullscreen visReq=true vis=true excluded=false baseIntent=com.whatsapp/.Main], Type=FULLSCREEN, Minimized Task IDs=null
10-30 14:13:42.028  2917  2917 D RecentsView: showCurrentTask(onGestureAnimationStart) - groupedTaskInfo: Desk ID= -1, Desk Display ID=-1, Tasks=[id=1669 winMode=fullscreen visReq=true vis=true excluded=false baseIntent=com.whatsapp/.Main], Type=FULLSCREEN, Minimized Task IDs=null
10-30 14:13:42.028  2917  2917 D OverviewActionsView: updateForGroupedTask() called with: isGroupedTask = [false], canSaveAppPair = [false]
10-30 14:13:42.028  2917  2917 D OverviewActionsView: updateActionButtonsVisibility() called: showSingleTaskActions = [true], showGroupActions = [false]
10-30 14:13:42.029  2917  2917 D RecentsView: reloadIfNeeded - getTasks: 359
10-30 14:13:42.030  2917  2917 D OtherActivityInputConsumer: startTouchTrackingForWindowAnimation: isRecentsAnimationRunning=false
10-30 14:13:42.031  2917  2917 D OtherActivityInputConsumer: ACTION_MOVE: passedSlop=false ( false || (10.0 >= 487.8214 && true ))
10-30 14:13:42.031  2917  2917 D OtherActivityInputConsumer: ACTION_MOVE: mPassedPilferInputSlop=false
10-30 14:13:42.034  2644  2684 V ShellRecents: RecentsTransitionHandler.startRecentsTransition
10-30 14:13:42.035  2644  2684 V WindowManagerShell: Directly starting a new transition type=TO_FRONT wct=WindowContainerTransaction { changes= {} hops= [{pendingIntent: options=Bundle[{android.activity.splashScreenStyle=-1, android.activity.sourceInfo=Supplier{VAL_PARCELABLE@148+104}, android.pendingIntent.backgroundActivityAllowed=3, android:activity.animAbortListener=null, android.activity.transientLaunch=true}]}] errorCallbackToken=null taskFragmentOrganizer=null } handler=com.android.wm.shell.recents.RecentsTransitionHandler@1118214
10-30 14:13:42.036  1854 10197 E BoostFramework: BoostFramework() : Exception_1 = java.lang.ClassNotFoundException: com.qualcomm.qti.Performance
10-30 14:13:42.036  1854 10197 E BoostFramework: BoostFramework() Ux Perf: Exception = java.lang.ClassNotFoundException: com.qualcomm.qti.UxPerformance
10-30 14:13:42.039  2917  2917 D OtherActivityInputConsumer: ACTION_MOVE: passedSlop=false ( false || (234.0 >= 487.8214 && true ))
10-30 14:13:42.039  2917  2917 D OtherActivityInputConsumer: ACTION_MOVE: mPassedPilferInputSlop=false
10-30 14:13:42.039  2917  2917 D RecentsView: applyLoadPlan - taskGroups: [type=SINGLE task=[id=1644 windowingMode=0 user=0 lastActiveTime=78038] null, type=SINGLE task=[id=1646 windowingMode=0 user=0 lastActiveTime=78039] null, type=SINGLE task=[id=1654 windowingMode=1 user=0 lastActiveTime=357179] null, type=SINGLE task=[id=1655 windowingMode=1 user=0 lastActiveTime=682889] null, type=SINGLE task=[id=1657 windowingMode=1 user=0 lastActiveTime=4466124] null, type=SINGLE task=[id=1662 windowingMode=1 user=0 lastActiveTime=11664056] null, type=SINGLE task=[id=1661 windowingMode=1 user=0 lastActiveTime=11685332] null, type=SINGLE task=[id=1656 windowingMode=1 user=0 lastActiveTime=17637132] null, type=SINGLE task=[id=1670 windowingMode=1 user=0 lastActiveTime=17811153] null, type=SINGLE task=[id=1669 windowingMode=1 user=0 lastActiveTime=21550835] null]
10-30 14:13:42.041   668   668 I hwservicemanager: getTransport: Cannot find entry vendor.qti.hardware.servicetracker@1.2::IServicetracker/default in either framework or device VINTF manifest.
10-30 14:13:42.041  1854 10197 W ActivityTaskManager: servicetracker HIDL not available
10-30 14:13:42.041  1854 10197 E ActivityTaskManager: Unable to get servicetracker HAL instance
10-30 14:13:42.045  1854  2602 D BackgroundInstallControlService: Package event received: 0
10-30 14:13:42.045  1854  2602 D BackgroundInstallControlService: Package event received: 0
10-30 14:13:42.047  2917  2917 D OverviewActionsView: updateForGroupedTask() called with: isGroupedTask = [false], canSaveAppPair = [false]
10-30 14:13:42.047  2917  2917 D OverviewActionsView: updateActionButtonsVisibility() called: showSingleTaskActions = [true], showGroupActions = [false]
10-30 14:13:42.047  2917  2917 I NavHandleLongPressHandler: Contextual Search invocation: touch finished with reason: touch slop passed
10-30 14:13:42.049  2917  2917 D OtherActivityInputConsumer: ACTION_MOVE: passedSlop=true ( false || (1250.0 >= 487.8214 && true ))
10-30 14:13:42.049  2917  2917 D OtherActivityInputConsumer: ACTION_MOVE: mPassedPilferInputSlop=false
10-30 14:13:42.049  2644  2684 V ShellRecents: [35176429] RecentsController.setTransition: id=android.os.BinderProxy@aeee04
10-30 14:13:42.049  2917  2917 D RecentsView: onGestureAnimationStart - groupedTaskInfo: Desk ID= -1, Desk Display ID=-1, Tasks=[id=1669 winMode=fullscreen visReq=true vis=true excluded=false baseIntent=com.whatsapp/.Main], Type=FULLSCREEN, Minimized Task IDs=null
10-30 14:13:42.049  2917  2917 D RecentsView: showCurrentTask(onGestureAnimationStart) - groupedTaskInfo: Desk ID= -1, Desk Display ID=-1, Tasks=[id=1669 winMode=fullscreen visReq=true vis=true excluded=false baseIntent=com.whatsapp/.Main], Type=FULLSCREEN, Minimized Task IDs=null
10-30 14:13:42.049  2917  2917 D OverviewActionsView: updateForGroupedTask() called with: isGroupedTask = [false], canSaveAppPair = [false]
10-30 14:13:42.049  2917  2917 D OverviewActionsView: updateActionButtonsVisibility() called: showSingleTaskActions = [true], showGroupActions = [false]
10-30 14:13:42.049  2917  2917 D RecentsView: reloadIfNeeded - task list still valid: 359
10-30 14:13:42.050  2917  2917 D OtherActivityInputConsumer: ACTION_MOVE: passedSlop=true ( false || (4405.0 >= 487.8214 && true ))
10-30 14:13:42.050  2917  2917 D OtherActivityInputConsumer: ACTION_MOVE: mPassedPilferInputSlop=true
10-30 14:13:42.050  1854  2470 I InputDispatcher: Channel [Gesture Monitor] swipe-up is stealing input gesture for device 2 from [74fcda3 com.whatsapp/com.whatsapp.Conversation, [Gesture Monitor] edge-swipe]
10-30 14:13:42.054  2917  2917 D StateManager: goToState - fromState: Normal, toState: Background, partial trace:
10-30 14:13:42.054  2917  2917 D StateManager: 	at com.android.quickstep.BaseActivityInterface$DefaultAnimationFactory.initBackgroundStateUI(go/retraceme 72a59688580715d19f0e415c69e80376c2f062d1648c80db6730905005a27c20:39)
10-30 14:13:42.054  2917  2917 D StateManager: 	at com.android.quickstep.LauncherActivityInterface.prepareRecentsUI(go/retraceme 72a59688580715d19f0e415c69e80376c2f062d1648c80db6730905005a27c20:9)
10-30 14:13:42.054  2917  2917 D StateManager: 	at com.android.quickstep.AbsSwipeUpHandler.lambda$onLauncherStart$7(go/retraceme 72a59688580715d19f0e415c69e80376c2f062d1648c80db6730905005a27c20:11)
10-30 14:13:42.054  2917  2917 D StateManager: onStateTransitionStart - state: Background
10-30 14:13:42.054  1854  2602 D BackgroundInstallControlService: Package event received: 0
10-30 14:13:42.055  2917  2917 D BaseDepthController: mSurface is null and mCurrentBlur is: 0
10-30 14:13:42.055  2917  2917 D KeyboardInsetsHandler: setState, toState:Background StateManager(mLastStableState:Normal, mCurrentStableState:Normal, mState:Background, mRestState:Normal, isInTransition:false)
10-30 14:13:42.055  2917  2917 D StateManager: onStateTransitionEnd - state: Background
10-30 14:13:42.059  2917  2917 D RecentsView: updateTaskStackListenerState: true
10-30 14:13:42.060  2917  2917 D RecentsView: reloadIfNeeded - getTasks: 360
10-30 14:13:42.060  2917  2917 D NexusLauncherModelDelegate: notifySmartspaceEvent: SmartspaceTargetEvent{mSmartspaceTarget=null, mSmartspaceActionId='null', mEventType=6}
10-30 14:13:42.065  2917  2917 D BaseDepthController: setSurface:
10-30 14:13:42.065  2917  2917 D BaseDepthController: 	mWaitingOnSurfaceValidity: false
10-30 14:13:42.065  2917  2917 D BaseDepthController: 	mBaseSurface: Surface(name=com.google.android.apps.nexuslauncher/com.google.android.apps.nexuslauncher.NexusLauncherActivity)/@0xad3b4b
10-30 14:13:42.071  1270  3020 E SurfaceFlinger: Caller needs permission android.permission.WAKEUP_SURFACE_FLINGER to use eEarlyWakeup[Start|End] flags
10-30 14:13:42.072  2917  2917 D ActivityAllAppsContainerView: rebindAdapters: force: false
10-30 14:13:42.072  2917  2917 D ActivityAllAppsContainerView: rebindAdapters: Not needed.
10-30 14:13:42.077  2644  2726 V WindowManagerShell: onTransitionReady(transaction=7962869379446)
10-30 14:13:42.077  2917  2917 D OtherActivityInputConsumer: ACTION_MOVE: passedSlop=true ( false || (62855.668 >= 487.8214 && true ))
10-30 14:13:42.077  2917  2917 D OtherActivityInputConsumer: ACTION_MOVE: mPassedPilferInputSlop=true
10-30 14:13:42.077  2917  2917 D RecentsView: applyLoadPlan - taskGroups: [type=SINGLE task=[id=1644 windowingMode=0 user=0 lastActiveTime=78038] null, type=SINGLE task=[id=1646 windowingMode=0 user=0 lastActiveTime=78039] null, type=SINGLE task=[id=1654 windowingMode=1 user=0 lastActiveTime=357179] null, type=SINGLE task=[id=1655 windowingMode=1 user=0 lastActiveTime=682889] null, type=SINGLE task=[id=1657 windowingMode=1 user=0 lastActiveTime=4466124] null, type=SINGLE task=[id=1662 windowingMode=1 user=0 lastActiveTime=11664056] null, type=SINGLE task=[id=1661 windowingMode=1 user=0 lastActiveTime=11685332] null, type=SINGLE task=[id=1656 windowingMode=1 user=0 lastActiveTime=17637132] null, type=SINGLE task=[id=1670 windowingMode=1 user=0 lastActiveTime=17811153] null, type=SINGLE task=[id=1669 windowingMode=1 user=0 lastActiveTime=21550835] null]
10-30 14:13:42.080  1854  1885 V WindowManager: Sent Transition (#264) createdAt=10-30 14:13:42.036
10-30 14:13:42.080  2644  2684 V WindowManagerShell: onTransitionReady (#264) android.os.BinderProxy@aeee04: {id=264 t=TO_FRONT f=0x80 trk=0 r=[0@Point(0, 0)] c=[
10-30 14:13:42.080  2644  2684 V WindowManagerShell:         {m=TO_FRONT f=SHOW_WALLPAPER|MOVE_TO_TOP leash=Surface(name=Task=1)/@0xc17550f sb=Rect(0, 0 - 1080, 2340) eb=Rect(0, 0 - 1080, 2340) epz=Point(1080, 2340) d=0 taskParent=-1},
10-30 14:13:42.080  2644  2684 V WindowManagerShell:         {m=TO_BACK f=NONE leash=Surface(name=Task=1669)/@0xa73f99c sb=Rect(0, 0 - 1080, 2340) eb=Rect(0, 0 - 1080, 2340) epz=Point(1080, 2340) d=0 taskParent=-1},
10-30 14:13:42.080  2644  2684 V WindowManagerShell:         {m=TO_FRONT f=IS_WALLPAPER leash=Surface(name=WallpaperWindowToken{fe60aac showWhenLocked=false})/@0x416ffa5 sb=Rect(0, 0 - 1080, 2340) eb=Rect(0, 0 - 1080, 2340) epz=Point(1080, 2340) d=0}
10-30 14:13:42.080  2644  2684 V WindowManagerShell:     ]}
10-30 14:13:42.080  1854  1885 V WindowManager:     startWCT=WindowContainerTransaction { changes= {} hops= [{pendingIntent: options=Bundle[{android.activity.splashScreenStyle=-1, android.activity.sourceInfo=android.app.ActivityOptions$SourceInfo@f2a582c, android.pendingIntent.backgroundActivityAllowed=3, android:activity.animAbortListener=null, android.activity.transientLaunch=true}]}] errorCallbackToken=null taskFragmentOrganizer=null }
10-30 14:13:42.080  1854  1885 V WindowManager:     info={id=264 t=TO_FRONT f=0x80 trk=0 r=[0@Point(0, 0)] c=[
10-30 14:13:42.080  1854  1885 V WindowManager:         {WCT{RemoteToken{ef28cd9 Task{4f90924 #1 type=home}}} m=TO_FRONT f=SHOW_WALLPAPER|MOVE_TO_TOP leash=Surface(name=Task=1)/@0xde55ad3 sb=Rect(0, 0 - 1080, 2340) eb=Rect(0, 0 - 1080, 2340) epz=Point(1080, 2340) d=0 taskParent=-1},
10-30 14:13:42.080  1854  1885 V WindowManager:         {WCT{RemoteToken{60441bd Task{7db256f #1669 type=standard A=10719:com.whatsapp}}} m=TO_BACK f=NONE leash=Surface(name=Task=1669)/@0x7cc5367 sb=Rect(0, 0 - 1080, 2340) eb=Rect(0, 0 - 1080, 2340) epz=Point(1080, 2340) d=0 taskParent=-1},
10-30 14:13:42.080  1854  1885 V WindowManager:         {m=TO_FRONT f=IS_WALLPAPER leash=Surface(name=WallpaperWindowToken{fe60aac showWhenLocked=false})/@0xdff9c3a sb=Rect(0, 0 - 1080, 2340) eb=Rect(0, 0 - 1080, 2340) epz=Point(1080, 2340) d=0}
10-30 14:13:42.080  1854  1885 V WindowManager:     ]}
10-30 14:13:42.080  2644  2684 V WindowManagerShell: Playing animation for (#264) android.os.BinderProxy@aeee04@0
10-30 14:13:42.080  2644  2684 V WindowManagerShell:  try firstHandler com.android.wm.shell.recents.RecentsTransitionHandler@1118214
10-30 14:13:42.080  2644  2684 V ShellRecents: [35176429] RecentsController.start
10-30 14:13:42.081  2644  2684 V ShellRecents:   not handling home taskId=1
10-30 14:13:42.081  2917  2917 D OtherActivityInputConsumer: ACTION_MOVE: passedSlop=true ( false || (66085.0 >= 487.8214 && true ))
10-30 14:13:42.081  2917  2917 D OtherActivityInputConsumer: ACTION_MOVE: mPassedPilferInputSlop=true
10-30 14:13:42.082  2644  2684 V ShellRecents:   adding pausing leaf taskId=1669 at layer=8
10-30 14:13:42.082  2917  2917 D OtherActivityInputConsumer: finishTouchTracking: mPassedWindowMoveSlop=true
10-30 14:13:42.082  2917  2917 D OtherActivityInputConsumer: finishTouchTracking: mInteractionHandler=com.android.quickstep.LauncherSwipeHandlerV2@da9e917
10-30 14:13:42.082  2917  2917 D OtherActivityInputConsumer: finishTouchTracking: ev=MotionEvent { action=ACTION_UP, actionButton=0, id[0]=0, x[0]=612.0, y[0]=2065.0, toolType[0]=TOOL_TYPE_FINGER, buttonState=0, classification=NONE, metaState=0, flags=0x0, edgeFlags=0x0, pointerCount=1, historySize=0, eventTime=8603281, downTime=8603216, deviceId=2, source=0x1002, displayId=0, eventId=32947177 }
10-30 14:13:42.082  2644  2684 V ShellRecents: Applying transaction=7962869379446
10-30 14:13:42.083  2644  2684 V ShellRecents: No matching remote found to takeover (#264)
10-30 14:13:42.083  2644  2684 V ShellSplitScreen: getSplitBoundsForTaskId: expected split bounds for taskId=1669 but not found
10-30 14:13:42.084  2644  2684 V ShellRecents: [35176429] RecentsController.start: calling onAnimationStart with 2 apps
10-30 14:13:42.085  2917  2917 D RemoteTargetGluer: appCount: 1 handleLength: 4
10-30 14:13:42.085  2917  2917 D RemoteTargetGluer: resizing handles
10-30 14:13:42.085  2917  2917 D RemoteTargetGluer: containsSplitTargets? false handleLength: 1 appsLength: 1
10-30 14:13:42.085  2917  2917 D RecentsView: setRecentsAnimationTargets - recentsAnimationController: com.android.quickstep.RecentsAnimationController@555ac54, recentsAnimationTargets: com.android.quickstep.RecentsAnimationTargets@cf427fd
10-30 14:13:42.085  2644  2684 V WindowManagerShell:  animated by firstHandler
10-30 14:13:42.085  2917  2917 D RemoteTargetGluer: appCount: 1 handleLength: 1
10-30 14:13:42.085  2917  2917 D RemoteTargetGluer: containsSplitTargets? false handleLength: 1 appsLength: 1
10-30 14:13:42.086  1854  3027 D ConnectivityService: requestNetwork for uid/pid:10678/2644 asUid: 10659 activeRequest: null callbackRequest: 2001 [NetworkRequest [ REQUEST id=2002, [ Capabilities: INTERNET&NOT_RESTRICTED&TRUSTED&NOT_VCN_MANAGED&NOT_BANDWIDTH_CONSTRAINED Uid: 10659 RequestorUid: 10678 RequestorPkg: com.android.systemui UnderlyingNetworks: Null] ]] callback flags: 0 order: 2147483647 isUidTracked: false declaredMethods: AVAIL|BLK
10-30 14:13:42.086  2917  2917 D StateManager: cancelAnimation - with ongoing animation, partial trace:
10-30 14:13:42.086  2917  2917 D StateManager: 	at com.android.launcher3.statemanager.StateManager.createAnimationToNewWorkspace(go/retraceme 72a59688580715d19f0e415c69e80376c2f062d1648c80db6730905005a27c20:7)
10-30 14:13:42.086  2917  2917 D StateManager: 	at com.android.launcher3.statemanager.StateManager.createAnimationToNewWorkspace(go/retraceme 72a59688580715d19f0e415c69e80376c2f062d1648c80db6730905005a27c20:5)
10-30 14:13:42.086  2917  2917 D StateManager: 	at com.android.quickstep.LauncherSwipeHandlerV2$LauncherHomeAnimationFactory.createActivityAnimationToHome(go/retraceme 72a59688580715d19f0e415c69e80376c2f062d1648c80db6730905005a27c20:29)
10-30 14:13:42.087  2917  2917 D StatsLog: LAUNCHER_ONRESUME
10-30 14:13:42.087  2917  2917 D StateManager: onStateTransitionStart - state: Normal
10-30 14:13:42.087  2917  2917 D RecentsView: updateTaskStackListenerState: false
10-30 14:13:42.088  2917  2917 D StateManager: createAtomicAnimation - fromState: Background, toState: Normal, partial trace:
10-30 14:13:42.088  2917  2917 D StateManager: 	at com.android.quickstep.util.ScalingWorkspaceRevealAnim.<init>(go/retraceme 72a59688580715d19f0e415c69e80376c2f062d1648c80db6730905005a27c20:39)
10-30 14:13:42.088  2917  2917 D StateManager: 	at com.android.quickstep.LauncherSwipeHandlerV2$FloatingViewHomeAnimationFactory.playScalingRevealAnimation(go/retraceme 72a59688580715d19f0e415c69e80376c2f062d1648c80db6730905005a27c20:22)
10-30 14:13:42.088  2917  2917 D StateManager: 	at com.android.quickstep.LauncherSwipeHandlerV2$LauncherHomeAnimationFactory.playAtomicAnimation(go/retraceme 72a59688580715d19f0e415c69e80376c2f062d1648c80db6730905005a27c20:1)
10-30 14:13:42.088  1854  2551 D ConnectivityService: NetReassign [2002 : null → 110] [c 1] [a 0] [i 1]
10-30 14:13:42.088  1854  2544 D WifiNetworkFactory: got request NetworkRequest [ REQUEST id=2002, [ Capabilities: INTERNET&NOT_RESTRICTED&TRUSTED&NOT_VCN_MANAGED&NOT_BANDWIDTH_CONSTRAINED Uid: 10659 RequestorUid: 10678 RequestorPkg: com.android.systemui UnderlyingNetworks: Null] ]
10-30 14:13:42.088  1854  2544 D UntrustedWifiNetworkFactory: got request NetworkRequest [ REQUEST id=2002, [ Capabilities: INTERNET&NOT_RESTRICTED&TRUSTED&NOT_VCN_MANAGED&NOT_BANDWIDTH_CONSTRAINED Uid: 10659 RequestorUid: 10678 RequestorPkg: com.android.systemui UnderlyingNetworks: Null] ]
10-30 14:13:42.088  1854  2544 D OemPaidWifiNetworkFactory: got request NetworkRequest [ REQUEST id=2002, [ Capabilities: INTERNET&NOT_RESTRICTED&TRUSTED&NOT_VCN_MANAGED&NOT_BANDWIDTH_CONSTRAINED Uid: 10659 RequestorUid: 10678 RequestorPkg: com.android.systemui UnderlyingNetworks: Null] ]
10-30 14:13:42.088  2917  2917 D RecentsView: onPrepareGestureEndAnimation - endTarget: HOME
10-30 14:13:42.088  1854  2544 D MultiInternetWifiNetworkFactory: got request NetworkRequest [ REQUEST id=2002, [ Capabilities: INTERNET&NOT_RESTRICTED&TRUSTED&NOT_VCN_MANAGED&NOT_BANDWIDTH_CONSTRAINED Uid: 10659 RequestorUid: 10678 RequestorPkg: com.android.systemui UnderlyingNetworks: Null] ]
10-30 14:13:42.091  2644  2684 D WindowManagerShell: setLauncherKeepClearAreaHeight: visible=true, height=552
10-30 14:13:42.091  1854  2602 D BackgroundInstallControlService: Package event received: 0
10-30 14:13:42.091  2644  2684 V ShellRecents: [35176429] RecentsController.setInputConsumerEnabled: set focus to recents
10-30 14:13:42.102  2917  2989 I s.nexuslauncher: AssetManager2(0xb400007381153c98) locale list changing from [] to [es-ES]
10-30 14:13:42.112  1854  4148 W ParceledListSlice: Element #20 is 35776 bytes.
10-30 14:13:42.112  1854  4148 W ParceledListSlice: Overly large reply size: 97680
10-30 14:13:42.114  1854  4148 W ParceledListSlice: Element #21 is 36272 bytes.
10-30 14:13:42.115  3917  4219 I AiAiEcho: Predicting[6]: { Feature:1, creation:2025-10-30T12:00:00Z, expiry:2025-10-30T13:00:00Z, isExpired: true}, { Feature:1, creation:2025-10-30T13:00:00Z, expiry:2025-10-30T14:00:00Z, isExpired: false}, { Feature:1, creation:2025-10-30T14:00:00Z, expiry:2025-10-30T14:00:00Z, isExpired: true}, { Feature:1, creation:2025-10-30T15:00:00Z, expiry:2025-10-30T15:00:00Z, isExpired: true}, { Feature:1, creation:2025-10-30T16:00:00Z, expiry:2025-10-30T16:00:00Z, isExpired: true}, { Feature:1, creation:2025-10-30T17:00:00Z, expiry:2025-10-30T17:00:00Z, isExpired: true} [CONTEXT sampling_count=5 ]
10-30 14:13:42.116  2917 15920 I s.nexuslauncher: AssetManager2(0xb4000073811060d8) locale list changing from [] to [es-ES]
10-30 14:13:42.116  1854  4148 W ParceledListSlice: Element #32 is 40264 bytes.
10-30 14:13:42.118  3917  4219 I AiAiEcho: EchoTargets: Feature:1
10-30 14:13:42.118  3917  4219 I AiAiEcho: Filtered by AiAi flag check: 
10-30 14:13:42.118  3917  4219 I AiAiEcho: [CONTEXT ratelimit_period="10 SECONDS" ]
10-30 14:13:42.118  3917  4219 I AiAiEcho: #weatherTwiddler: Weather removes SubtitleSupplementalItem in surface: home [CONTEXT ratelimit_period="10 SECONDS" ]
10-30 14:13:42.119  3917  4219 I AiAiEcho: #remoteViewsTwiddler: feature disabled.
10-30 14:13:42.120  1854  4148 W ParceledListSlice: Element #46 is 17068 bytes.
10-30 14:13:42.120  1854  4148 W ParceledListSlice: Element #47 is 16952 bytes.
10-30 14:13:42.122  1854  4148 W ParceledListSlice: Element #48 is 16900 bytes.
10-30 14:13:42.122  1854  4148 W ParceledListSlice: Element #49 is 17608 bytes.
10-30 14:13:42.123  3917  4219 I AiAiEcho: #postPredictionTargets: Sending updates to UISurface home with targets# 1 (types=[1])
10-30 14:13:42.124  2917  2989 D QuickstepModelDelegate: notifyAppTargetEvent action=1 launchLocation=workspace/0/[-1,-1]/[1,1]
10-30 14:13:42.129  2917  2917 I NotificationListener: Handling notification state refresh for com.whatsapp#0
10-30 14:13:42.129  2917  2917 I NotificationListener: Handling notification state refresh for com.whatsapp#0
10-30 14:13:42.129  2917  2917 I NotificationListener: Handling notification state refresh for com.huami.watch.hmwatchmanager#0
10-30 14:13:42.129  2917  2917 I NotificationListener: Handling notification state refresh for com.alibaba.aliexpresshd#0
10-30 14:13:42.129  2917  2917 I NotificationListener: Handling notification state refresh for com.alibaba.aliexpresshd#0
10-30 14:13:42.129  2917  2917 I NotificationListener: Handling notification state refresh for com.alibaba.aliexpresshd#0
10-30 14:13:42.129  2917  2917 I NotificationListener: Handling notification state refresh for com.alibaba.aliexpresshd#0
10-30 14:13:42.129  2917  2917 I NotificationListener: Handling notification state refresh for com.alibaba.aliexpresshd#0
10-30 14:13:42.129  2917  2917 I NotificationListener: Handling notification state refresh for com.alibaba.aliexpresshd#0
10-30 14:13:42.129  2917  2917 I NotificationListener: Handling notification state refresh for com.facebook.katana#0
10-30 14:13:42.129  2917  2917 I NotificationListener: Handling notification state refresh for com.facebook.katana#0
10-30 14:13:42.129  2917  2917 I NotificationListener: Handling notification state refresh for com.microsoft.bing#0
10-30 14:13:42.129  2917  2917 I NotificationListener: Handling notification state refresh for com.microsoft.bing#0
10-30 14:13:42.129  2917  2917 I NotificationListener: Handling notification state refresh for com.microsoft.bing#0
10-30 14:13:42.129  2917  2917 I NotificationListener: Handling notification state refresh for com.microsoft.bing#0
10-30 14:13:42.129  2917  2917 I NotificationListener: Handling notification state refresh for com.microsoft.bing#0
10-30 14:13:42.129  2917  2917 I NotificationListener: Handling notification state refresh for com.microsoft.bing#0
10-30 14:13:42.129  2917  2917 I NotificationListener: Handling notification state refresh for com.microsoft.bing#0
10-30 14:13:42.129  2917  2917 I NotificationListener: Handling notification state refresh for com.microsoft.bing#0
10-30 14:13:42.129  2917  2917 I NotificationListener: Handling notification state refresh for com.microsoft.bing#0
10-30 14:13:42.129  2917  2917 I NotificationListener: Handling notification state refresh for com.facebook.katana#0
10-30 14:13:42.129  2917  2917 I NotificationListener: Handling notification state refresh for dev.rokitskiy.gtr2_watchface#0
10-30 14:13:42.129  2917  2917 I NotificationListener: Handling notification state refresh for com.yahoo.mobile.client.android.mail#0
10-30 14:13:42.129  2917  2917 I NotificationListener: Handling notification state refresh for com.yahoo.mobile.client.android.mail#0
10-30 14:13:42.129  2917  2917 I NotificationListener: Handling notification state refresh for com.yahoo.mobile.client.android.mail#0
10-30 14:13:42.129  2917  2917 I NotificationListener: Handling notification state refresh for com.yahoo.mobile.client.android.mail#0
10-30 14:13:42.129  2917  2917 I NotificationListener: Handling notification state refresh for com.yahoo.mobile.client.android.mail#0
10-30 14:13:42.129  2917  2917 I NotificationListener: Handling notification state refresh for com.google.android.apps.photos#0
10-30 14:13:42.129  2917  2917 I NotificationListener: Handling notification state refresh for com.google.android.apps.photos#0
10-30 14:13:42.129  2917  2917 I NotificationListener: Handling notification state refresh for com.google.android.apps.messaging#0
10-30 14:13:42.129  2917  2917 I NotificationListener: Handling notification state refresh for com.google.android.gm#0
10-30 14:13:42.129  2917  2917 I NotificationListener: Handling notification state refresh for com.google.android.gm#0
10-30 14:13:42.129  2917  2917 I NotificationListener: Handling notification state refresh for com.google.android.gm#0
10-30 14:13:42.129  2917  2917 I NotificationListener: Handling notification state refresh for com.google.android.gm#0
10-30 14:13:42.130  2917  2917 I SsCardPagerAdapter: [rmv] Rendering flag - enabled: true rmv: null
10-30 14:13:42.130  2917  2917 I SsCardPagerAdapter: Use UI template for the feature: 1
10-30 14:13:42.132  2917  2917 D SsBaseTemplateCard: No text view can be set up
10-30 14:13:42.132  2917  2917 I SsBaseTemplateCard: setFormattedContentDescription: text=19°C, iconDescription=Mayormente nublado, contentDescription=Mayormente nublado, 19°C
10-30 14:13:42.132  2917  2917 D SsBaseTemplateCard: Passed-in item info is null
10-30 14:13:42.132  2917  2917 D SsBaseTemplateCard: Passed-in item info is null
10-30 14:13:42.132  2917  2917 I SsBaseTemplateCard: Secondary card pane is null
10-30 14:13:42.133  2917  2917 D NexusLauncherModelDelegate: notifySmartspaceEvent: SmartspaceTargetEvent{mSmartspaceTarget=SmartspaceTarget{mSmartspaceTargetId='WEATHER-569377244', mHeaderAction=SmartspaceAction{mId='WEATHER', mIcon=Icon(typ=BITMAP size=192x192), mTitle=19°C, mSubtitle=19°C, mContentDescription=Mayormente nublado, mPendingIntent=null, mIntent=Intent { act=android.intent.action.VIEW flg=0x18000000 cmp=com.google.android.googlequicksearchbox/com.google.android.apps.search.assistant.verticals.ambient.smartspace.trampolineactivity.ExportedSmartspaceTrampolineActivity (has extras) }, mUserHandle=UserHandle{0}, mExtras=Bundle[mParcelledData.dataSize=3716]}, mBaseAction=SmartspaceAction{mId='', mIcon=null, mTitle=, mSubtitle=, mContentDescription=, mPendingIntent=null, mIntent=null, mUserHandle=UserHandle{0}, mExtras=Bundle[{description=Mayormente nublado, feedback_intent=Supplier{VAL_PARCELABLE@116+1540}, explanation_intent=Supplier{VAL_PARCELABLE@1700+1744}, is_gaia_linked_data=true, use_celsius=true, state=7, temperature=19, settings_highlight_key=smartspace_pref_weather_key}]}, mCreationTimeMillis=1761829200000, mExpiryTimeMillis=1761832800000, mScore=0.0, mActionChips=[], mIconGrid=[], mFeatureType=1, mSensitive=false, mShouldShowExpanded=false, mSourceNotificationKey='', mComponentName=ComponentInfo{package_name/class_name}, mUserHandle=UserHandle{0}, mAssociatedSmartspaceTargetId='null', mSliceUri=null, mWidget=null, mTemplateData=BaseTemplateData{mTemplateType=1, mPrimaryItem=null, mSubtitleItem=SubItemInfo{mText=Text{mText=19°C, mTruncateAtType=END, mMaxLines=1}, mIcon=SmartspaceIcon{mIcon=Icon(typ=BITMAP size=192x192), mContentDescription=Mayormente nublado, mShouldTint=false}, mTapAction=SmartspaceTapAction{mId=mIntent=Intent { act=android.intent.action.VIEW flg=0x18000000 cmp=com.google.android.googlequicksearchbox/com.google.android.apps.search.assistant.verticals.ambient.smartspace.trampolineactivity.ExportedSmartspaceTrampolineActivity (has extras) }, mPendingIntent=null, mUserHandle=null, mExtras=null, mShouldShowOnLockscreen=false}, mLoggingInfo=SubItemLoggingInfo{mInstanceId=2046, mFeatureType=1, mPackageName=}}, mSubtitleSupplementalItem=null, mSupplementalLineItem=null, mSupplementalAlarmItem=null, mLayoutWeight=1}, mRemoteViews=null}, mSmartspaceActionId='', mEventType=8}
10-30 14:13:42.220  2023  2696 W chromium: [WARNING:components/sync/engine/syncer_proto_util.cc:430] Error posting from syncer: Response Code (bogus on error): -1 Content-Length (bogus on error): -1 Server Status: CONNECTION_UNAVAILABLE
10-30 14:13:42.220  2023  2696 E chromium: [ERROR:components/sync/engine/get_updates_processor.cc:267] PostClientToServerMessage() failed during GetUpdates with error Network error (ERR_INTERNET_DISCONNECTED)
10-30 14:13:42.317  1854  2591 W ServiceManagerCppClient: Waited one second for stats (is service started? Number of threads started in the threadpool: 32. Are binder threads started and available?)
10-30 14:13:42.651  1553  8121 W ServiceManagerCppClient: Waited one second for stats (is service started? Number of threads started in the threadpool: 17. Are binder threads started and available?)
10-30 14:13:42.651  1262  2988 W ServiceManagerCppClient: Waited one second for stats (is service started? Number of threads started in the threadpool: 6. Are binder threads started and available?)
10-30 14:13:42.831   668   668 I hwservicemanager: getTransport: Cannot find entry vendor.qti.hardware.servicetracker@1.0::IServicetracker/default in either framework or device VINTF manifest.
10-30 14:13:42.879  2917  2917 D StateManager: onStateTransitionEnd - state: Normal
10-30 14:13:42.879  2917  2917 D RecentsView: reset - mEnableDrawingLiveTile: false, mRecentsAnimationController: com.android.quickstep.RecentsAnimationController@555ac54
10-30 14:13:42.879  2917  2917 D ActivityAllAppsContainerView: rebindAdapters: force: false
10-30 14:13:42.879  2917  2917 D ActivityAllAppsContainerView: rebindAdapters: Not needed.
10-30 14:13:42.882  2917  2917 I LauncherAppWidgetHostView: App widget created with id: 2
10-30 14:13:42.890  2917  2917 I LauncherAppWidgetHostView: App widget with id: 2 loaded
10-30 14:13:42.890  2917  2917 I LauncherAppWidgetHostView: App widget created with id: 4
10-30 14:13:42.903  2917  2917 I LauncherAppWidgetHostView: App widget with id: 4 loaded
10-30 14:13:42.904  2917  2917 D OverviewActionsView: updateForGroupedTask() called with: isGroupedTask = [false], canSaveAppPair = [false]
10-30 14:13:42.904  2917  2917 D OverviewActionsView: updateActionButtonsVisibility() called: showSingleTaskActions = [true], showGroupActions = [false]
10-30 14:13:42.904  2917  2917 D OverviewActionsView: updateForGroupedTask() called with: isGroupedTask = [false], canSaveAppPair = [false]
10-30 14:13:42.904  2917  2917 D OverviewActionsView: updateActionButtonsVisibility() called: showSingleTaskActions = [true], showGroupActions = [false]
10-30 14:13:42.905  2917  2917 D KeyboardInsetsHandler: setState, toState:Normal StateManager(mLastStableState:Normal, mCurrentStableState:Normal, mState:Normal, mRestState:null, isInTransition:false)
10-30 14:13:42.909  2917  2917 D RecentsView: cleanupRemoteTargets - mRemoteTargetHandles: [com.android.quickstep.RemoteTargetGluer$RemoteTargetHandle@3867290]
10-30 14:13:42.909  2917  2917 D StatsLog: LAUNCHER_HOME_GESTURE
10-30 14:13:42.910  2644  2684 V ShellRecents: [35176429] RecentsController.finishInner: toHome=true userLeave=true willFinishToHome=true state=0 hasPausingTasks=true reason=requested
10-30 14:13:42.910  2644  2684 V ShellRecents:   normal finish
10-30 14:13:42.910  2644  2684 V ShellRecents: [35176429] RecentsController.finishInner: Completing finish
10-30 14:13:42.910  2644  2684 V ShellRecents: [35176429] RecentsController.cleanup
10-30 14:13:42.911  2644  2684 V WindowManagerShell: Transition animation finished (aborted=false), notifying core (#264) android.os.BinderProxy@aeee04@0
10-30 14:13:42.911  2917  2917 D RecentsView: setRecentsAnimationTargets - recentsAnimationController: null, recentsAnimationTargets: null
10-30 14:13:42.913  1854  1885 V WindowManager: Finish Transition (#264): created at 10-30 14:13:42.036 collect-started=0.653ms started=0.698ms ready=20.669ms sent=38.957ms commit=20.614ms finished=876.619ms
10-30 14:13:42.915  1854  3027 D ActivityTrigger: ActivityTrigger activityPauseTrigger 
10-30 14:13:42.915  2917  2917 I KeyboardInsetsHandler: shouldKeyboardTransition, status=false toState:AllApps StateManager(mLastStableState:Normal, mCurrentStableState:Normal, mState:Normal, mRestState:null, isInTransition:false) isImeShown:false isImeShowRequested:true enableKeyboardAlwaysUp:false isUserControlled:true isFromIntentOrA11y:false
10-30 14:13:42.915   668   668 I hwservicemanager: getTransport: Cannot find entry vendor.qti.hardware.servicetracker@1.2::IServicetracker/default in either framework or device VINTF manifest.
10-30 14:13:42.915  2917  2917 D StatsLog: LAUNCHER_GOOGLE_ALL_APPS_ENTRY_WITH_KEYBOARD_DISABLED
10-30 14:13:42.915  2917  2917 D StateManager: onStateTransitionStart - state: AllApps
10-30 14:13:42.915  1854  3027 W ActivityTaskManager: servicetracker HIDL not available
10-30 14:13:42.915  1854  3027 E ActivityTaskManager: Unable to get servicetracker HAL instance
10-30 14:13:42.916  5072  5072 D AutofillManager: view not autofillable - not passing ime action check
10-30 14:13:42.919   668   668 I hwservicemanager: getTransport: Cannot find entry vendor.qti.hardware.servicetracker@1.2::IServicetracker/default in either framework or device VINTF manifest.
10-30 14:13:42.919  1854  3027 W ActivityTaskManager: servicetracker HIDL not available
10-30 14:13:42.919  1854  3027 E ActivityTaskManager: Unable to get servicetracker HAL instance
10-30 14:13:42.923  5072  5072 D VRI[Conversation]: visibilityChanged oldVisibility=true newVisibility=false
10-30 14:13:42.926  2644  2684 V WindowManagerShell: Track 0 became idle
10-30 14:13:42.926  2644  2684 V WindowManagerShell: All active transition animations finished
10-30 14:13:42.926  2644  2684 V ShellRecents: [35176429] RecentsController.finishInner: calling finish callback
10-30 14:13:42.926  2644  2684 D WindowManagerShell: setLauncherKeepClearAreaHeight: visible=false, height=552
10-30 14:13:42.927   668   668 I hwservicemanager: getTransport: Cannot find entry vendor.qti.hardware.servicetracker@1.2::IServicetracker/default in either framework or device VINTF manifest.
10-30 14:13:42.927  1854  1888 W ActivityTaskManager: servicetracker HIDL not available
10-30 14:13:42.927  1854  1888 E ActivityTaskManager: Unable to get servicetracker HAL instance
10-30 14:13:42.927   668   668 I hwservicemanager: getTransport: Cannot find entry vendor.qti.hardware.servicetracker@1.2::IServicetracker/default in either framework or device VINTF manifest.
10-30 14:13:42.927  1854  1888 W ActivityTaskManager: servicetracker HIDL not available
10-30 14:13:42.927  1854  1888 E ActivityTaskManager: Unable to get servicetracker HAL instance
10-30 14:13:42.928  1854  1888 V WindowManager: Unknown focus tokens, dropping reportFocusChanged
10-30 14:13:42.928  1854  2602 D BackgroundInstallControlService: Package event received: 0
10-30 14:13:42.928  1854  2602 D BackgroundInstallControlService: Package event received: 0
10-30 14:13:42.932  1270  1594 D DisplayModeController: setDesiredMode 4630946545580055169 {mode={fps=90.00 Hz, modePtr={id=1, vsyncRate=90.00 Hz, peakRefreshRate=90.00 Hz}}, emitEvent=true, force=false}
10-30 14:13:42.934  1139  1571 I SDM     : HWDeviceDRM::UpdateMixerAttributes: Mixer WxH 1080x2340-0 for Peripheral
10-30 14:13:42.934  1139  1571 I SDM     : HWCDisplay::SubmitDisplayConfig: Active configuration changed to: 1
10-30 14:13:42.937  1270  1311 E SurfaceFlinger: Caller needs permission android.permission.WAKEUP_SURFACE_FLINGER to use eEarlyWakeup[Start|End] flags
10-30 14:13:42.938  2917  2917 D ContextTracker: Unregistering callback: com.android.launcher3.LauncherInitListener@7a5310, reason=AbsSwipeUpHandler.invalidateHandler
10-30 14:13:42.938  2917  2917 D OverviewActionsView: updateForGroupedTask() called with: isGroupedTask = [false], canSaveAppPair = [false]
10-30 14:13:42.938  2917  2917 D OverviewActionsView: updateActionButtonsVisibility() called: showSingleTaskActions = [true], showGroupActions = [false]
10-30 14:13:42.938  2917  2917 D RecentsView: onGestureAnimationEnd - mEnableDrawingLiveTile: false
10-30 14:13:42.942  5072  5072 D AutofillManager: view not autofillable - not passing ime action check
10-30 14:13:42.958  2917  2940 W System  : A resource failed to call release. 
10-30 14:13:42.958  2917  2940 W System  : A resource failed to call release. 
10-30 14:13:42.958  2917  2940 W System  : A resource failed to call release. 
10-30 14:13:42.958  2917  2940 W System  : A resource failed to call release. 
10-30 14:13:42.960  1854  2525 I ImeTracker: com.google.android.apps.nexuslauncher:46953190: onRequestHide at ORIGIN_SERVER reason HIDE_UNSPECIFIED_WINDOW fromUser false
10-30 14:13:42.960  2917  2917 D InsetsController: hide(ime(), fromIme=false)
10-30 14:13:42.961  2917  2917 I ImeTracker: com.google.android.apps.nexuslauncher:46953190: onCancelled at PHASE_CLIENT_ALREADY_HIDDEN
10-30 14:13:42.965  1854 10197 I ImeTracker: system_server:503c7c73: onRequestHide at ORIGIN_SERVER reason IME_REQUESTED_CHANGED_LISTENER fromUser false
10-30 14:13:42.966  2917  2917 D BaseAllAppsAdapter: onBindViewHolder: isPrivateSpaceItem: false isStateTransitioning: false isScrolling: false readyToAnimate: false currentState: 0 currentAlpha: 1.0
10-30 14:13:42.966  1854  1888 I ImeTracker: system_server:503c7c73: onCancelled at PHASE_SERVER_SHOULD_HIDE
10-30 14:13:42.966  2917  2917 D BaseAllAppsAdapter: onBindViewHolder: isPrivateSpaceItem: false isStateTransitioning: false isScrolling: false readyToAnimate: false currentState: 0 currentAlpha: 1.0
10-30 14:13:42.967  2917  2917 D BaseAllAppsAdapter: onBindViewHolder: isPrivateSpaceItem: false isStateTransitioning: false isScrolling: false readyToAnimate: false currentState: 0 currentAlpha: 1.0
10-30 14:13:42.967  2917  2917 D BaseAllAppsAdapter: onBindViewHolder: isPrivateSpaceItem: false isStateTransitioning: false isScrolling: false readyToAnimate: false currentState: 0 currentAlpha: 1.0
10-30 14:13:42.967  2917  2917 D BaseAllAppsAdapter: onBindViewHolder: isPrivateSpaceItem: false isStateTransitioning: false isScrolling: false readyToAnimate: false currentState: 0 currentAlpha: 1.0
10-30 14:13:42.967  2917  2917 D BaseAllAppsAdapter: onBindViewHolder: isPrivateSpaceItem: false isStateTransitioning: false isScrolling: false readyToAnimate: false currentState: 0 currentAlpha: 1.0
10-30 14:13:42.968  2917  2917 D BaseAllAppsAdapter: onBindViewHolder: isPrivateSpaceItem: false isStateTransitioning: false isScrolling: false readyToAnimate: false currentState: 0 currentAlpha: 1.0
10-30 14:13:42.968  2917  2917 D BaseAllAppsAdapter: onBindViewHolder: isPrivateSpaceItem: false isStateTransitioning: false isScrolling: false readyToAnimate: false currentState: 0 currentAlpha: 1.0
10-30 14:13:42.968  2917  2917 D BaseAllAppsAdapter: onBindViewHolder: isPrivateSpaceItem: false isStateTransitioning: false isScrolling: false readyToAnimate: false currentState: 0 currentAlpha: 1.0
10-30 14:13:42.968  5072  5072 I AutofillManager: onInvisibleForAutofill(): expiringResponse
10-30 14:13:42.968  2917  2917 D BaseAllAppsAdapter: onBindViewHolder: isPrivateSpaceItem: false isStateTransitioning: false isScrolling: false readyToAnimate: false currentState: 0 currentAlpha: 1.0
10-30 14:13:42.968  2917  2917 D BaseAllAppsAdapter: onBindViewHolder: isPrivateSpaceItem: false isStateTransitioning: false isScrolling: false readyToAnimate: false currentState: 0 currentAlpha: 1.0
10-30 14:13:42.969  1854 10197 D PresentationStatsEventLogger: Not setting no presentation reason because it already exists
10-30 14:13:42.969  1854 10197 W PresentationStatsEventLogger: Empty dataset. Autofill ignoring log
10-30 14:13:42.969  2917  2917 D BaseAllAppsAdapter: onBindViewHolder: isPrivateSpaceItem: false isStateTransitioning: false isScrolling: false readyToAnimate: false currentState: 0 currentAlpha: 1.0
10-30 14:13:42.969  2917  2917 D BaseAllAppsAdapter: onBindViewHolder: isPrivateSpaceItem: false isStateTransitioning: false isScrolling: false readyToAnimate: false currentState: 0 currentAlpha: 1.0
10-30 14:13:42.969  2917  2917 D BaseAllAppsAdapter: onBindViewHolder: isPrivateSpaceItem: false isStateTransitioning: false isScrolling: false readyToAnimate: false currentState: 0 currentAlpha: 1.0
10-30 14:13:42.969  2917  2917 D BaseAllAppsAdapter: onBindViewHolder: isPrivateSpaceItem: false isStateTransitioning: false isScrolling: false readyToAnimate: false currentState: 0 currentAlpha: 1.0
10-30 14:13:42.969  2917  2917 D BaseAllAppsAdapter: onBindViewHolder: isPrivateSpaceItem: false isStateTransitioning: false isScrolling: false readyToAnimate: false currentState: 0 currentAlpha: 1.0
10-30 14:13:42.970  2917  2917 D BaseAllAppsAdapter: onBindViewHolder: isPrivateSpaceItem: false isStateTransitioning: false isScrolling: false readyToAnimate: false currentState: 0 currentAlpha: 1.0
10-30 14:13:42.970  2917  2917 D BaseAllAppsAdapter: onBindViewHolder: isPrivateSpaceItem: false isStateTransitioning: false isScrolling: false readyToAnimate: false currentState: 0 currentAlpha: 1.0
10-30 14:13:42.970  2917  2917 D BaseAllAppsAdapter: onBindViewHolder: isPrivateSpaceItem: false isStateTransitioning: false isScrolling: false readyToAnimate: false currentState: 0 currentAlpha: 1.0
10-30 14:13:42.970  2917  2917 D BaseAllAppsAdapter: onBindViewHolder: isPrivateSpaceItem: false isStateTransitioning: false isScrolling: false readyToAnimate: false currentState: 0 currentAlpha: 1.0
10-30 14:13:42.970  2917  2917 D BaseAllAppsAdapter: onBindViewHolder: isPrivateSpaceItem: false isStateTransitioning: false isScrolling: false readyToAnimate: false currentState: 0 currentAlpha: 1.0
10-30 14:13:42.970  2917  2917 D BaseAllAppsAdapter: onBindViewHolder: isPrivateSpaceItem: false isStateTransitioning: false isScrolling: false readyToAnimate: false currentState: 0 currentAlpha: 1.0
10-30 14:13:42.971  2917  2917 D BaseAllAppsAdapter: onBindViewHolder: isPrivateSpaceItem: false isStateTransitioning: false isScrolling: false readyToAnimate: false currentState: 0 currentAlpha: 1.0
10-30 14:13:42.971  2917  2917 D BaseAllAppsAdapter: onBindViewHolder: isPrivateSpaceItem: false isStateTransitioning: false isScrolling: false readyToAnimate: false currentState: 0 currentAlpha: 1.0
10-30 14:13:42.975  5072  5072 I ImeTracker: com.whatsapp:9d5918f2: onRequestHide at ORIGIN_CLIENT reason HIDE_SOFT_INPUT fromUser false
10-30 14:13:42.975  5072  5072 D InsetsController: hide(ime(), fromIme=false)
10-30 14:13:42.975  5072  5072 I ImeTracker: com.whatsapp:9d5918f2: onCancelled at PHASE_CLIENT_ALREADY_HIDDEN
10-30 14:13:42.979  2917  2917 D StateManager: onStateTransitionStart - state: AllApps
10-30 14:13:42.981  1854  2602 D BackgroundInstallControlService: Package event received: 0
10-30 14:13:42.981  5072  5072 I ImeTracker: com.whatsapp:46d8888c: onRequestHide at ORIGIN_CLIENT reason HIDE_WINDOW_LOST_FOCUS fromUser false
10-30 14:13:42.981  5072  5072 D InsetsController: hide(ime(), fromIme=false)
