10-30 14:13:42.981  5072  5072 I ImeTracker: com.whatsapp:46d8888c: onCancelled at PHASE_CLIENT_ALREADY_HIDDEN
10-30 14:13:42.991   668   668 I hwservicemanager: getTransport: Cannot find entry vendor.qti.hardware.servicetracker@1.2::IServicetracker/default in either framework or device VINTF manifest.
10-30 14:13:42.991  1854  4148 W ActivityTaskManager: servicetracker HIDL not available
10-30 14:13:42.991  1854  4148 E ActivityTaskManager: Unable to get servicetracker HAL instance
10-30 14:13:42.991   668   668 I hwservicemanager: getTransport: Cannot find entry vendor.qti.hardware.servicetracker@1.2::IServicetracker/default in either framework or device VINTF manifest.
10-30 14:13:42.991  1854  4148 W ActivityTaskManager: servicetracker HIDL not available
10-30 14:13:42.991  1854  4148 E ActivityTaskManager: Unable to get servicetracker HAL instance
10-30 14:13:42.992  1854  2602 D BackgroundInstallControlService: Package event received: 0
10-30 14:13:42.993  3898  3898 W w       : onStartInput event aborted
10-30 14:13:42.993  3898  3898 W w       : mc0.t: could not obtain extracted text
10-30 14:13:42.993  3898  3898 W w       : 	at mc0.g0.H(Unknown Source:339)
10-30 14:13:42.993  3898  3898 W w       : 	at f70.y.h(Unknown Source:282)
10-30 14:13:42.993  3898  3898 W w       : 	at f70.e2.h(Unknown Source:2)
10-30 14:13:42.993  3898  3898 W w       : 	at com.touchtype.KeyboardService.onStartInput(Unknown Source:11)
10-30 14:13:42.993  3898  3898 W w       : 	at android.inputmethodservice.InputMethodService.doStartInput(InputMethodService.java:3540)
10-30 14:13:42.993  3898  3898 W w       : 	at android.inputmethodservice.InputMethodService$InputMethodImpl.startInput(InputMethodService.java:884)
10-30 14:13:42.993  3898  3898 W w       : 	at android.inputmethodservice.InputMethodService$InputMethodImpl.dispatchStartInput(InputMethodService.java:913)
10-30 14:13:42.993  3898  3898 W w       : 	at android.inputmethodservice.IInputMethodWrapper.executeMessage(IInputMethodWrapper.java:201)
10-30 14:13:42.993  3898  3898 W w       : 	at com.android.internal.os.HandlerCaller$MyHandler.handleMessage(HandlerCaller.java:44)
10-30 14:13:42.993  3898  3898 W w       : 	at android.os.Handler.dispatchMessage(Handler.java:110)
10-30 14:13:42.993  3898  3898 W w       : 	at android.os.Looper.loopOnce(Looper.java:248)
10-30 14:13:42.993  3898  3898 W w       : 	at android.os.Looper.loop(Looper.java:338)
10-30 14:13:42.993  3898  3898 W w       : 	at android.app.ActivityThread.main(ActivityThread.java:9145)
10-30 14:13:42.993  3898  3898 W w       : 	at java.lang.reflect.Method.invoke(Native Method)
10-30 14:13:42.993  3898  3898 W w       : 	at com.android.internal.os.RuntimeInit$MethodAndArgsCaller.run(RuntimeInit.java:596)
10-30 14:13:42.993  3898  3898 W w       : 	at com.android.internal.os.ZygoteInit.main(ZygoteInit.java:940)
10-30 14:13:43.098  2917  2917 D ScalingWorkspaceRevealAnim: alpha of workspace at the end of animation: 1.0
10-30 14:13:43.121  2917  2917 D StateManager: onStateTransitionEnd - state: AllApps
10-30 14:13:43.121  2917  2917 D RecentsView: reset - mEnableDrawingLiveTile: false, mRecentsAnimationController: null
10-30 14:13:43.121  2917  2917 D StatsLog: LAUNCHER_ALLAPPS_OPEN_UP
10-30 14:13:43.122  2917 15329 D StatsLog: LAUNCHER_GOOGLE_SEARCH_GMS_PLAY_INIT_CHANNEL
10-30 14:13:43.125   668   668 I hwservicemanager: getTransport: Cannot find entry vendor.qti.hardware.servicetracker@1.0::IServicetracker/default in either framework or device VINTF manifest.
10-30 14:13:43.126  1854  2602 D BackgroundInstallControlService: Package event received: 0
10-30 14:13:43.127  2917  2917 D OverviewActionsView: updateForGroupedTask() called with: isGroupedTask = [false], canSaveAppPair = [false]
10-30 14:13:43.127  1854  2602 D BackgroundInstallControlService: Package event received: 0
10-30 14:13:43.127  2917  2917 D OverviewActionsView: updateActionButtonsVisibility() called: showSingleTaskActions = [true], showGroupActions = [false]
10-30 14:13:43.127  1854  2602 D BackgroundInstallControlService: Package event received: 0
10-30 14:13:43.129   668   668 I hwservicemanager: getTransport: Cannot find entry vendor.qti.hardware.servicetracker@1.0::IServicetracker/default in either framework or device VINTF manifest.
10-30 14:13:43.130   609   609 W ProviderHelper: Unknown dynamite feature providerinstaller.dynamite
10-30 14:13:43.130   609   609 I DynamiteModule: Considering local module com.google.android.gms.providerinstaller.dynamite:1 and remote module com.google.android.gms.providerinstaller.dynamite:0
10-30 14:13:43.130   609   609 I DynamiteModule: Selected local version of com.google.android.gms.providerinstaller.dynamite
10-30 14:13:43.132  2917  2917 D SearchTargetUtil: queryLength=0 size=2
10-30 14:13:43.132  2917  2917 D SearchTargetUtil: layoutType=placeholder resultType=131072 packageName=com.google.android.googlequicksearchbox
10-30 14:13:43.132  2917  2917 D SearchTargetUtil: layoutType=empty_divider resultType=262144 packageName=
10-30 14:13:43.134  2917 15329 D GmsPlayProvider: Created the binder channel successfully for end point component =ComponentInfo{com.google.android.gms/com.google.android.gms.play.cloud.search.PlayCloudSearchEndpointService} , mChannel=k1{delegate=e{logId=37, target=directaddress:///AndroidComponentAddress%5BIntent%20%7B%20act=com.google.android.gms.play.cloud.search.grpc.io.action.BIND%20cmp=com.google.android.gms/.play.cloud.search.PlayCloudSearchEndpointService%20%7D%5D}} , mConnection=N2.v@e439868
10-30 14:13:43.172   609   609 I .gms.persistent: AssetManager2(0xb4000073810eca98) locale list changing from [] to [es-ES]
10-30 14:13:43.174   609   609 I .gms.persistent: AssetManager2(0xb4000073810ec778) locale list changing from [] to [es-ES]
10-30 14:13:43.199   609   609 I GmsModuleInitializer: Using ContainerGservicesDelegate
10-30 14:13:43.211   668   668 I hwservicemanager: getTransport: Cannot find entry vendor.qti.hardware.servicetracker@1.0::IServicetracker/default in either framework or device VINTF manifest.
10-30 14:13:43.212   609   609 I GmsCoreXrpcWrapper: (REDACTED) Creating a custom channel provider with trafficStatsTag=%d trafficStatsUid=%d
10-30 14:13:43.217   609   609 I PlayCloudSearchChimeraS: Starting the server
10-30 14:13:43.220   668   668 I hwservicemanager: getTransport: Cannot find entry vendor.qti.hardware.servicetracker@1.0::IServicetracker/default in either framework or device VINTF manifest.
10-30 14:13:43.220   609   609 I PlayCloudSearchLifeCycl: Starting the GRPC server
10-30 14:13:43.221   609   609 I PlayCloudSearchChimeraS: onBind called
10-30 14:13:43.224   668   668 I hwservicemanager: getTransport: Cannot find entry vendor.qti.hardware.servicetracker@1.0::IServicetracker/default in either framework or device VINTF manifest.
10-30 14:13:43.240   609   783 I DynamiteModule: Considering local module com.google.android.gms.googlecertificates:7 and remote module com.google.android.gms.googlecertificates:7
10-30 14:13:43.240   609   783 I DynamiteModule: Selected local version of com.google.android.gms.googlecertificates
10-30 14:13:43.263   609  3418 I GmsNetworkEngineImageFe: warmup called
10-30 14:13:43.264   609  3418 I GmsNetworkEngineImageFe: fetchImage called
10-30 14:13:43.264   609  3418 I GmsNetworkEngineImageFe: (REDACTED) image url: %s
10-30 14:13:43.307   609  3418 I PlayCloudSearchServiceI: (REDACTED) getCompletions called on thread %s
10-30 14:13:43.314   609  3418 I PlayCloudSearchServiceI: Empty account name
10-30 14:13:43.317  1854  2591 W ServiceManagerCppClient: Waited one second for stats (is service started? Number of threads started in the threadpool: 32. Are binder threads started and available?)
10-30 14:13:43.634  1089  2113 E CamX    : [ERROR][NCS    ] camxncsservice.cpp:680 EnqueueJob() Can not enqueue jobs when thread is stopped
10-30 14:13:43.645   668   668 I hwservicemanager: getTransport: Cannot find entry vendor.qti.hardware.servicetracker@1.0::IServicetracker/default in either framework or device VINTF manifest.
10-30 14:13:43.647   609   609 D BoundBrokerSvc: onUnbind: Intent { act=com.google.android.gms.auth.aang.events.services.START dat=chimera-action:/... xflg=0x4 cmp=com.google.android.gms/.chimera.PersistentApiService }
10-30 14:13:43.647   668   668 I hwservicemanager: getTransport: Cannot find entry vendor.qti.hardware.servicetracker@1.0::IServicetracker/default in either framework or device VINTF manifest.
10-30 14:13:43.648   609   609 D BoundBrokerSvc: onUnbind: Intent { act=com.google.android.gms.pseudonymous.service.START dat=chimera-action:/... xflg=0x4 cmp=com.google.android.gms/.chimera.PersistentApiService }
10-30 14:13:43.652  1262  2988 W ServiceManagerCppClient: Waited one second for stats (is service started? Number of threads started in the threadpool: 6. Are binder threads started and available?)
10-30 14:13:43.652  1553  8121 W ServiceManagerCppClient: Waited one second for stats (is service started? Number of threads started in the threadpool: 17. Are binder threads started and available?)
10-30 14:13:43.734  1089  2113 E CamX    : [ERROR][NCS    ] camxncsservice.cpp:680 EnqueueJob() Can not enqueue jobs when thread is stopped
10-30 14:13:44.270  1130  1145 E WifiHAL : wifi_get_cached_scan_results: Wifi Cached Scan Result not supported by driver
10-30 14:13:44.270  1854  2544 E WifiStaIfaceAidlImpl: getCachedScanData failed with service-specific exception: android.os.ServiceSpecificException:  (code 4)
10-30 14:13:44.318  1854  2591 W ServiceManagerCppClient: Waited one second for stats (is service started? Number of threads started in the threadpool: 32. Are binder threads started and available?)
10-30 14:13:44.412  1082  3308 I vendor.qti.bluetooth@1.0-ibs_handler: ProcessIbsCmd: Received IBS_WAKE_IND: 0xFD
10-30 14:13:44.413  1082  3308 D vendor.qti.bluetooth@1.0-ibs_handler: SerialClockVote: vote for UART CLK ON
10-30 14:13:44.413  1082  3308 D vendor.qti.bluetooth@1.0-wake_lock: Acquire wakelock is acquired 
10-30 14:13:44.413  1082  3308 I vendor.qti.bluetooth@1.0-ibs_handler: ProcessIbsCmd: Writing IBS_WAKE_ACK
10-30 14:13:44.494  1082  3308 I vendor.qti.bluetooth@1.0-ibs_handler: ProcessIbsCmd: Received IBS_SLEEP_IND: 0xFE
10-30 14:13:44.494  1082  3308 D vendor.qti.bluetooth@1.0-ibs_handler: SerialClockVote: vote for UART CLK OFF
10-30 14:13:44.640   668   668 I hwservicemanager: getTransport: Cannot find entry vendor.qti.hardware.servicetracker@1.0::IServicetracker/default in either framework or device VINTF manifest.
10-30 14:13:44.643   609   609 D BoundBrokerSvc: onUnbind: Intent { act=com.google.android.gms.libs.gmscorelogger.service.START dat=chimera-action:/... xflg=0x4 cmp=com.google.android.gms/.chimera.PersistentDirectBootAwareApiService }
10-30 14:13:44.645  1082  3074 D vendor.qti.bluetooth@1.0-wake_lock: Release wakelock is released 
10-30 14:13:44.653  1553  8121 W ServiceManagerCppClient: Waited one second for stats (is service started? Number of threads started in the threadpool: 17. Are binder threads started and available?)
10-30 14:13:44.653  1262  2988 W ServiceManagerCppClient: Waited one second for stats (is service started? Number of threads started in the threadpool: 6. Are binder threads started and available?)
10-30 14:13:45.187   668   668 I hwservicemanager: getTransport: Cannot find entry vendor.qti.hardware.servicetracker@1.0::IServicetracker/default in either framework or device VINTF manifest.
10-30 14:13:45.190   609   609 D BoundBrokerSvc: onUnbind: Intent { act=com.google.android.gms.clearcut.service.START xflg=0x4 pkg=com.google.android.gms }
10-30 14:13:45.278   668   668 I hwservicemanager: getTransport: Cannot find entry vendor.qti.hardware.servicetracker@1.0::IServicetracker/default in either framework or device VINTF manifest.
10-30 14:13:45.280   609   609 D BoundBrokerSvc: onUnbind: Intent { act=com.google.android.gms.auth.account.workaccount.START dat=chimera-action:/... xflg=0x4 cmp=com.google.android.gms/.chimera.PersistentApiService }
10-30 14:13:45.320  1854  2591 W ServiceManagerCppClient: Waited one second for stats (is service started? Number of threads started in the threadpool: 32. Are binder threads started and available?)
10-30 14:13:45.654  1262  2988 W ServiceManagerCppClient: Waited one second for stats (is service started? Number of threads started in the threadpool: 6. Are binder threads started and available?)
10-30 14:13:45.655  1553  8121 W ServiceManagerCppClient: Waited one second for stats (is service started? Number of threads started in the threadpool: 17. Are binder threads started and available?)
10-30 14:13:45.933  1270  1595 D DisplayModeController: setDesiredMode 4630946545580055169 {mode={fps=60.00 Hz, modePtr={id=0, vsyncRate=60.00 Hz, peakRefreshRate=60.00 Hz}}, emitEvent=false, force=false}
10-30 14:13:45.940  1139  1571 I SDM     : HWDeviceDRM::UpdateMixerAttributes: Mixer WxH 1080x2340-0 for Peripheral
10-30 14:13:45.941  1139  1571 I SDM     : HWCDisplay::SubmitDisplayConfig: Active configuration changed to: 0
10-30 14:13:46.078 29430 29551 W SQLiteLog: (28) double-quoted string literal: "Page"
10-30 14:13:46.079 29430 29551 W SQLiteLog: (28) double-quoted string literal: "performance"
10-30 14:13:46.080 29430 29551 W SQLiteLog: (28) double-quoted string literal: "painter"
10-30 14:13:46.080 29430 29551 W SQLiteLog: (28) double-quoted string literal: "dns"
10-30 14:13:46.081 29430 29551 W SQLiteLog: (28) double-quoted string literal: "painter"
10-30 14:13:46.081 29430 29551 W SQLiteLog: (28) double-quoted string literal: "image_load_rt"
10-30 14:13:46.082 29430 29551 W SQLiteLog: (28) double-quoted string literal: "painter"
10-30 14:13:46.082 29430 29551 W SQLiteLog: (28) double-quoted string literal: "image_load_hit"
10-30 14:13:46.083 29430 29551 W SQLiteLog: (28) double-quoted string literal: "feedbackModule"
10-30 14:13:46.083 29430 29551 W SQLiteLog: (28) double-quoted string literal: "commit_feedback"
10-30 14:13:46.084 29492 29650 W SQLiteLog: (28) double-quoted string literal: "networkPrefer"
10-30 14:13:46.084 29430 29551 W SQLiteLog: (28) double-quoted string literal: "json"
10-30 14:13:46.084 29430 29551 W SQLiteLog: (28) double-quoted string literal: "json2pojo"
10-30 14:13:46.084 29492 29650 W SQLiteLog: (28) double-quoted string literal: "dayflow"
10-30 14:13:46.085 29430 29551 W SQLiteLog: (28) double-quoted string literal: "Live"
10-30 14:13:46.085 29430 29551 W SQLiteLog: (28) double-quoted string literal: "live_play_monitor"
10-30 14:13:46.088 29430 29551 W SQLiteLog: (28) double-quoted string literal: "Live"
10-30 14:13:46.088 29430 29551 W SQLiteLog: (28) double-quoted string literal: "live_first_render"
10-30 14:13:46.089 29430 29551 W SQLiteLog: (28) double-quoted string literal: "Live"
10-30 14:13:46.089 29430 29551 W SQLiteLog: (28) double-quoted string literal: "live_buffe"
10-30 14:13:46.090 29430 29551 W SQLiteLog: (28) double-quoted string literal: "Live"
10-30 14:13:46.090 29430 29551 W SQLiteLog: (28) double-quoted string literal: "live_seek"
10-30 14:13:46.091 29430 29551 W SQLiteLog: (28) double-quoted string literal: "tile"
10-30 14:13:46.091 29430 29551 W SQLiteLog: (28) double-quoted string literal: "tile_time_statistic"
10-30 14:13:46.091 29430 29551 W SQLiteLog: (28) double-quoted string literal: "gdmsdk"
10-30 14:13:46.092 29430 29551 W SQLiteLog: (28) double-quoted string literal: "gdmStats"
10-30 14:13:46.092 29430 29551 W SQLiteLog: (28) double-quoted string literal: "network"
10-30 14:13:46.092 29430 29551 W SQLiteLog: (28) double-quoted string literal: "cosmosApiStat"
10-30 14:13:46.093 29430 29551 W SQLiteLog: (28) double-quoted string literal: "network"
10-30 14:13:46.093 29430 29551 W SQLiteLog: (28) double-quoted string literal: "COSMOS_API"
10-30 14:13:46.094 29430 29551 W SQLiteLog: (28) double-quoted string literal: "network"
10-30 14:13:46.094 29430 29551 W SQLiteLog: (28) double-quoted string literal: "api"
10-30 14:13:46.095 29430 29551 W SQLiteLog: (28) double-quoted string literal: "App_Launch"
10-30 14:13:46.095 29430 29551 W SQLiteLog: (28) double-quoted string literal: "OnlineMonitorInitTime"
10-30 14:13:46.095 29430 29551 W SQLiteLog: (28) double-quoted string literal: "App_Launch"
10-30 14:13:46.095 29430 29551 W SQLiteLog: (28) double-quoted string literal: "launchTimeEx"
10-30 14:13:46.096 29430 29551 W SQLiteLog: (28) double-quoted string literal: "painter"
10-30 14:13:46.096 29430 29551 W SQLiteLog: (28) double-quoted string literal: "speedTest"
10-30 14:13:46.097 29430 29551 W SQLiteLog: (28) double-quoted string literal: "App_Launch"
10-30 14:13:46.097 29430 29551 W SQLiteLog: (28) double-quoted string literal: "MultiDexInstallTime"
10-30 14:13:46.097 29430 29551 W SQLiteLog: (28) double-quoted string literal: "App_Launch"
10-30 14:13:46.098 29430 29551 W SQLiteLog: (28) double-quoted string literal: "LaunchTimeWithMultiDexInstallTime"
10-30 14:13:46.098 29430 29551 W SQLiteLog: (28) double-quoted string literal: "weexModule"
10-30 14:13:46.098 29430 29551 W SQLiteLog: (28) double-quoted string literal: "weexJsBundleDownload"
10-30 14:13:46.099 29430 29551 W SQLiteLog: (28) double-quoted string literal: "H5AnalyzeModule"
10-30 14:13:46.099 29430 29551 W SQLiteLog: (28) double-quoted string literal: "H5Load"
10-30 14:13:46.099 29430 29551 W SQLiteLog: (28) double-quoted string literal: "detail"
10-30 14:13:46.100 29430 29551 W SQLiteLog: (28) double-quoted string literal: "search2detailreq"
10-30 14:13:46.100 29430 29551 W SQLiteLog: (28) double-quoted string literal: "method"
10-30 14:13:46.100 29430 29551 W SQLiteLog: (28) double-quoted string literal: "method"
10-30 14:13:46.101 29430 29551 W SQLiteLog: (28) double-quoted string literal: "FeatureManager"
10-30 14:13:46.101 29430 29551 W SQLiteLog: (28) double-quoted string literal: "featureInstall"
10-30 14:13:46.102 29430 29551 W SQLiteLog: (28) double-quoted string literal: "FeatureManager"
10-30 14:13:46.102 29430 29551 W SQLiteLog: (28) double-quoted string literal: "featureUsage"
10-30 14:13:46.102 29430 29551 W SQLiteLog: (28) double-quoted string literal: "AEMedia_Old_Uploader"
10-30 14:13:46.102 29430 29551 W SQLiteLog: (28) double-quoted string literal: "uploadPerformance"
10-30 14:13:46.103 29430 29551 W SQLiteLog: (28) double-quoted string literal: "AEMedia_Uploader"
10-30 14:13:46.103 29430 29551 W SQLiteLog: (28) double-quoted string literal: "uploadPerformance"
10-30 14:13:46.104 29430 29551 W SQLiteLog: (28) double-quoted string literal: "mtopsdk"
10-30 14:13:46.104 29430 29551 W SQLiteLog: (28) double-quoted string literal: "signException"
10-30 14:13:46.104 29430 29551 W SQLiteLog: (28) double-quoted string literal: "WindVane"
10-30 14:13:46.105 29430 29551 W SQLiteLog: (28) double-quoted string literal: "PackageQueue"
10-30 14:13:46.105 29430 29551 W SQLiteLog: (28) double-quoted string literal: "WindVane"
10-30 14:13:46.106 29430 29551 W SQLiteLog: (28) double-quoted string literal: "PackageAppVisit"
10-30 14:13:46.106 29430 29551 W SQLiteLog: (28) double-quoted string literal: "WindVane"
10-30 14:13:46.106 29430 29551 W SQLiteLog: (28) double-quoted string literal: "WebPerformanceCheck"
10-30 14:13:46.107 29430 29551 W SQLiteLog: (28) double-quoted string literal: "WindVane"
10-30 14:13:46.107 29430 29551 W SQLiteLog: (28) double-quoted string literal: "PackageVisitStart"
10-30 14:13:46.107 29430 29551 W SQLiteLog: (28) double-quoted string literal: "WindVane"
10-30 14:13:46.107 29430 29551 W SQLiteLog: (28) double-quoted string literal: "PackageUpdateStart"
10-30 14:13:46.108 29430 29551 W SQLiteLog: (28) double-quoted string literal: "WindVane"
10-30 14:13:46.108 29430 29551 W SQLiteLog: (28) double-quoted string literal: "PackageCleanUp"
10-30 14:13:46.109 29430 29551 W SQLiteLog: (28) double-quoted string literal: "WindVane"
10-30 14:13:46.109 29430 29551 W SQLiteLog: (28) double-quoted string literal: "WebViewStart"
10-30 14:13:46.109 29430 29551 W SQLiteLog: (28) double-quoted string literal: "WindVane"
10-30 14:13:46.109 29430 29551 W SQLiteLog: (28) double-quoted string literal: "Config"
10-30 14:13:46.110 29430 29551 W SQLiteLog: (28) double-quoted string literal: "WindVane"
10-30 14:13:46.110 29430 29551 W SQLiteLog: (28) double-quoted string literal: "StatusCode"
10-30 14:13:46.110 29430 29551 W SQLiteLog: (28) double-quoted string literal: "WindVane"
10-30 14:13:46.110 29430 29551 W SQLiteLog: (28) double-quoted string literal: "PackageApp"
10-30 14:13:46.111 29430 29551 W SQLiteLog: (28) double-quoted string literal: "WindVane"
10-30 14:13:46.111 29430 29551 W SQLiteLog: (28) double-quoted string literal: "JSBridgeReturn"
10-30 14:13:46.111 29430 29551 W SQLiteLog: (28) double-quoted string literal: "WindVane"
10-30 14:13:46.111 29430 29551 W SQLiteLog: (28) double-quoted string literal: "WVInitTime"
10-30 14:13:46.111 29430 29551 W SQLiteLog: (28) double-quoted string literal: "ZCache"
10-30 14:13:46.111 29430 29551 W SQLiteLog: (28) double-quoted string literal: "DiurnalOverview"
10-30 14:13:46.112 29430 29551 W SQLiteLog: (28) double-quoted string literal: "ZCache"
10-30 14:13:46.112 29430 29551 W SQLiteLog: (28) double-quoted string literal: "ZCacheDownLoadTime"
10-30 14:13:46.112 29430 29551 W SQLiteLog: (28) double-quoted string literal: "WindVane"
10-30 14:13:46.112 29430 29551 W SQLiteLog: (28) double-quoted string literal: "WebViewWrapType"
10-30 14:13:46.113 29430 29551 W SQLiteLog: (28) double-quoted string literal: "WindVane"
10-30 14:13:46.113 29430 29551 W SQLiteLog: (28) double-quoted string literal: "CoreInitTime"
10-30 14:13:46.113 29430 29551 W SQLiteLog: (28) double-quoted string literal: "WindVane"
10-30 14:13:46.113 29430 29551 W SQLiteLog: (28) double-quoted string literal: "CoreTypeByPV"
10-30 14:13:46.113 29430 29551 W SQLiteLog: (28) double-quoted string literal: "WindVane"
10-30 14:13:46.113 29430 29551 W SQLiteLog: (28) double-quoted string literal: "MultiProcess"
10-30 14:13:46.114 29430 29551 W SQLiteLog: (28) double-quoted string literal: "WindVane"
10-30 14:13:46.114 29430 29551 W SQLiteLog: (28) double-quoted string literal: "ParamParseError"
10-30 14:13:46.114 29430 29551 W SQLiteLog: (28) double-quoted string literal: "WindVane"
10-30 14:13:46.114 29430 29551 W SQLiteLog: (28) double-quoted string literal: "H5"
10-30 14:13:46.115 29430 29551 W SQLiteLog: (28) double-quoted string literal: "WindVane"
10-30 14:13:46.115 29430 29551 W SQLiteLog: (28) double-quoted string literal: "H5_2"
10-30 14:13:46.115 29430 29551 W SQLiteLog: (28) double-quoted string literal: "WindVane"
10-30 14:13:46.115 29430 29551 W SQLiteLog: (28) double-quoted string literal: "H5_3"
10-30 14:13:46.116 29430 29551 W SQLiteLog: (28) double-quoted string literal: "WindVane"
10-30 14:13:46.116 29430 29551 W SQLiteLog: (28) double-quoted string literal: "H5_4"
10-30 14:13:46.116 29430 29551 W SQLiteLog: (28) double-quoted string literal: "WindVane"
10-30 14:13:46.116 29430 29551 W SQLiteLog: (28) double-quoted string literal: "H5_5"
10-30 14:13:46.321  1854  2591 W ServiceManagerCppClient: Waited one second for stats (is service started? Number of threads started in the threadpool: 32. Are binder threads started and available?)
10-30 14:13:46.656  1553  8121 W ServiceManagerCppClient: Waited one second for stats (is service started? Number of threads started in the threadpool: 17. Are binder threads started and available?)
10-30 14:13:46.656  1262  2988 W ServiceManagerCppClient: Waited one second for stats (is service started? Number of threads started in the threadpool: 6. Are binder threads started and available?)
10-30 14:13:47.000   609  1462 I NearbyMediums: Found Fast Ble Advertisements :
10-30 14:13:47.000   609  1462 I NearbyMediums: BleAdvertisement { version=2, socketVersion=2, isFast=true, serviceIdHash=null, data=[ 0x23 0x37 0x33 0x35 0x49 0x11 0x32 0x35 0x7a 0x91 0x52 0x4c 0xf2 0xea 0xcf 0x3c 0xbb 0x5d 0x78 0xbb 0xf4 0xd1 0x14 ], deviceToken=[ 0x9a 0x47 ], rxAdvertisement=null } : 2 times.
10-30 14:13:47.000   609  1462 I NearbyMediums: Total 2 fast advertisements from 1 unique advertisers.
10-30 14:13:47.000   609  1462 I NearbyMediums: Current Tracked Scanning Clients are : {NearbyConnections.EnvironmentMonitor, NearbySharing}
10-30 14:13:47.251   668   668 I hwservicemanager: getTransport: Cannot find entry vendor.qti.hardware.servicetracker@1.0::IServicetracker/default in either framework or device VINTF manifest.
10-30 14:13:47.283   668   668 I hwservicemanager: getTransport: Cannot find entry vendor.qti.hardware.servicetracker@1.0::IServicetracker/default in either framework or device VINTF manifest.
10-30 14:13:47.284   668   668 I hwservicemanager: getTransport: Cannot find entry vendor.qti.hardware.servicetracker@1.0::IServicetracker/default in either framework or device VINTF manifest.
10-30 14:13:47.307  1130  1145 E WifiHAL : wifi_get_cached_scan_results: Wifi Cached Scan Result not supported by driver
10-30 14:13:47.307  1854  2544 E WifiStaIfaceAidlImpl: getCachedScanData failed with service-specific exception: android.os.ServiceSpecificException:  (code 4)
10-30 14:13:47.322  1854  2591 W ServiceManagerCppClient: Waited one second for stats (is service started? Number of threads started in the threadpool: 32. Are binder threads started and available?)
10-30 14:13:47.657  1262  2988 W ServiceManagerCppClient: Waited one second for stats (is service started? Number of threads started in the threadpool: 6. Are binder threads started and available?)
10-30 14:13:47.658  1553  8121 W ServiceManagerCppClient: Waited one second for stats (is service started? Number of threads started in the threadpool: 17. Are binder threads started and available?)
10-30 14:13:47.800   609   609 I NearbyUWB: (REDACTED) Initiating shutdown of ServiceControllerRouter %s.
10-30 14:13:47.801   609  1462 I NearbyUWB: (REDACTED) Completed shutdown of ServiceControllerRouter %s.
10-30 14:13:47.801   609   609 I Nearby  : (REDACTED) Successfully shutdown executor %s.
10-30 14:13:47.803   609   609 I Nearby  : (REDACTED) Successfully shutdown executor %s.
10-30 14:13:47.936  3931  3972 I eeky    : (REDACTED) appOpsListener %s %s
10-30 14:13:47.937  3931  3972 I eeky    : (REDACTED) Ignoring irrelevant audio permission changes for package %s
10-30 14:13:48.138  5072 32696 I com.whatsapp: Explicit concurrent copying GC freed 1764KB AllocSpace bytes, 0(0B) LOS objects, 50% free, 26MB/52MB, paused 289us,56us total 165.560ms
10-30 14:13:48.138  5072  5080 I com.whatsapp: WaitForGcToComplete blocked HeapTrim on Explicit for 99.125ms
10-30 14:13:48.238 29492 30064 E u4native: [InfoLevelMessage] [INFO:not_a_file.cc(0)] BrowserIOThread heartbeat, pid/tid: 29492/30064, interval/index: 30s/42, ucCoreSoImplVersion: 5.12.11.0_250212150536
10-30 14:13:48.238 29492 30076 E u4native: [InfoLevelMessage] [INFO:not_a_file.cc(0)] NetworkServiceThread heartbeat, pid/tid: 29492/30076, interval/index: 30s/42
10-30 14:13:48.323  1854  2591 W ServiceManagerCppClient: Waited one second for stats (is service started? Number of threads started in the threadpool: 32. Are binder threads started and available?)
10-30 14:13:48.659  1553  8121 W ServiceManagerCppClient: Waited one second for stats (is service started? Number of threads started in the threadpool: 17. Are binder threads started and available?)
10-30 14:13:48.660  1262  2988 W ServiceManagerCppClient: Waited one second for stats (is service started? Number of threads started in the threadpool: 6. Are binder threads started and available?)
10-30 14:13:48.882 29430 30048 E u4native: [InfoLevelMessage] [INFO:not_a_file.cc(0)] BrowserIOThread heartbeat, pid/tid: 29430/30048, interval/index: 30s/42, ucCoreSoImplVersion: 5.12.11.0_250212150536
10-30 14:13:48.884 29430 30063 E u4native: [InfoLevelMessage] [INFO:not_a_file.cc(0)] NetworkServiceThread heartbeat, pid/tid: 29430/30063, interval/index: 30s/42
10-30 14:13:48.907  2851  2851 D QtiCarrierConfigHelper: WARNING, no carrier configs on phone Id: 1
10-30 14:13:48.908  1854  1854 D LoadedApk: Receiver not registered: com.android.server.UiModeManagerService$8@d62d51d
10-30 14:13:49.324  1854  2591 W ServiceManagerCppClient: Waited one second for stats (is service started? Number of threads started in the threadpool: 32. Are binder threads started and available?)
10-30 14:13:49.512  1082  3308 I vendor.qti.bluetooth@1.0-ibs_handler: ProcessIbsCmd: Received IBS_WAKE_IND: 0xFD
10-30 14:13:49.512  1082  3308 D vendor.qti.bluetooth@1.0-ibs_handler: SerialClockVote: vote for UART CLK ON
10-30 14:13:49.513  1082  3308 D vendor.qti.bluetooth@1.0-wake_lock: Acquire wakelock is acquired 
10-30 14:13:49.513  1082  3308 I vendor.qti.bluetooth@1.0-ibs_handler: ProcessIbsCmd: Writing IBS_WAKE_ACK
10-30 14:13:49.593  1082  3308 I vendor.qti.bluetooth@1.0-ibs_handler: ProcessIbsCmd: Received IBS_SLEEP_IND: 0xFE
10-30 14:13:49.594  1082  3308 D vendor.qti.bluetooth@1.0-ibs_handler: SerialClockVote: vote for UART CLK OFF
10-30 14:13:49.661  1262  2988 W ServiceManagerCppClient: Waited one second for stats (is service started? Number of threads started in the threadpool: 6. Are binder threads started and available?)
10-30 14:13:49.661  1553  8121 W ServiceManagerCppClient: Waited one second for stats (is service started? Number of threads started in the threadpool: 17. Are binder threads started and available?)
10-30 14:13:49.744  1082  3074 D vendor.qti.bluetooth@1.0-wake_lock: Release wakelock is released 
10-30 14:13:50.326  1854  2591 W ServiceManagerCppClient: Waited one second for stats (is service started? Number of threads started in the threadpool: 32. Are binder threads started and available?)
10-30 14:13:50.364  1130  1145 E WifiHAL : wifi_get_cached_scan_results: Wifi Cached Scan Result not supported by driver
10-30 14:13:50.365  1854  2544 E WifiStaIfaceAidlImpl: getCachedScanData failed with service-specific exception: android.os.ServiceSpecificException:  (code 4)
10-30 14:13:50.663  1553  8121 W ServiceManagerCppClient: Waited one second for stats (is service started? Number of threads started in the threadpool: 17. Are binder threads started and available?)
10-30 14:13:50.663  1262  2988 W ServiceManagerCppClient: Waited one second for stats (is service started? Number of threads started in the threadpool: 6. Are binder threads started and available?)
10-30 14:13:51.328  1854  2591 W ServiceManagerCppClient: Waited one second for stats (is service started? Number of threads started in the threadpool: 32. Are binder threads started and available?)
10-30 14:13:51.548  1082  3308 I vendor.qti.bluetooth@1.0-ibs_handler: ProcessIbsCmd: Received IBS_WAKE_IND: 0xFD
10-30 14:13:51.548  1082  3308 D vendor.qti.bluetooth@1.0-ibs_handler: SerialClockVote: vote for UART CLK ON
10-30 14:13:51.548  1082  3308 D vendor.qti.bluetooth@1.0-wake_lock: Acquire wakelock is acquired 
10-30 14:13:51.548  1082  3308 I vendor.qti.bluetooth@1.0-ibs_handler: ProcessIbsCmd: Writing IBS_WAKE_ACK
10-30 14:13:51.629  1082  3308 I vendor.qti.bluetooth@1.0-ibs_handler: ProcessIbsCmd: Received IBS_SLEEP_IND: 0xFE
10-30 14:13:51.629  1082  3308 D vendor.qti.bluetooth@1.0-ibs_handler: SerialClockVote: vote for UART CLK OFF
10-30 14:13:51.665  1262  2988 W ServiceManagerCppClient: Waited one second for stats (is service started? Number of threads started in the threadpool: 6. Are binder threads started and available?)
10-30 14:13:51.665  1553  8121 W ServiceManagerCppClient: Waited one second for stats (is service started? Number of threads started in the threadpool: 17. Are binder threads started and available?)
10-30 14:13:51.779  1082  3074 D vendor.qti.bluetooth@1.0-wake_lock: Release wakelock is released 
10-30 14:13:52.331  1854  2591 W ServiceManagerCppClient: Waited one second for stats (is service started? Number of threads started in the threadpool: 32. Are binder threads started and available?)
10-30 14:13:52.667  1262  2988 W ServiceManagerCppClient: Waited one second for stats (is service started? Number of threads started in the threadpool: 6. Are binder threads started and available?)
10-30 14:13:52.667  1553  8121 W ServiceManagerCppClient: Waited one second for stats (is service started? Number of threads started in the threadpool: 17. Are binder threads started and available?)
10-30 14:13:52.734  1089  2113 E CamX    : [ERROR][NCS    ] camxncsservice.cpp:680 EnqueueJob() Can not enqueue jobs when thread is stopped
10-30 14:13:52.834  1089  2113 E CamX    : [ERROR][NCS    ] camxncsservice.cpp:680 EnqueueJob() Can not enqueue jobs when thread is stopped
10-30 14:13:53.332  1854  2591 W ServiceManagerCppClient: Waited one second for stats (is service started? Number of threads started in the threadpool: 32. Are binder threads started and available?)
10-30 14:13:53.421  1130  1145 E WifiHAL : wifi_get_cached_scan_results: Wifi Cached Scan Result not supported by driver
10-30 14:13:53.421  1854  2544 E WifiStaIfaceAidlImpl: getCachedScanData failed with service-specific exception: android.os.ServiceSpecificException:  (code 4)
10-30 14:13:53.475  2917  2917 D b/387844520: getOutlineOffsetX: measured width = 182, mNormalizedIconSize = 167, last updated width = 182
10-30 14:13:53.484   668   668 I hwservicemanager: getTransport: Cannot find entry vendor.qti.hardware.servicetracker@1.2::IServicetracker/default in either framework or device VINTF manifest.
10-30 14:13:53.485  1854  2470 W ActivityTaskManager: servicetracker HIDL not available
10-30 14:13:53.485  1854  2470 E ActivityTaskManager: Unable to get servicetracker HAL instance
10-30 14:13:53.485   668   668 I hwservicemanager: getTransport: Cannot find entry vendor.qti.hardware.servicetracker@1.2::IServicetracker/default in either framework or device VINTF manifest.
10-30 14:13:53.486  1854  2470 W ActivityTaskManager: servicetracker HIDL not available
10-30 14:13:53.486  1854  2470 E ActivityTaskManager: Unable to get servicetracker HAL instance
10-30 14:13:53.486  1854  2470 V GrammaticalInflectionUtils: AttributionSource: android.content.AttributionSource@7a1de160 does not have READ_SYSTEM_GRAMMATICAL_GENDER permission.
10-30 14:13:53.489  1854  2470 E BoostFramework: BoostFramework() : Exception_1 = java.lang.ClassNotFoundException: com.qualcomm.qti.Performance
10-30 14:13:53.489  1854  2470 E BoostFramework: BoostFramework() Ux Perf: Exception = java.lang.ClassNotFoundException: com.qualcomm.qti.UxPerformance
10-30 14:13:53.490  1854  2470 E BoostFramework: BoostFramework() : Exception_1 = java.lang.ClassNotFoundException: com.qualcomm.qti.Performance
10-30 14:13:53.490  1854  2470 E BoostFramework: BoostFramework() Ux Perf: Exception = java.lang.ClassNotFoundException: com.qualcomm.qti.UxPerformance
10-30 14:13:53.492  1854  2472 W ProcessFreezerManager:   unbale to freeze binder: app info: uid=10723, pid=629, adj=915, frozen=false, services=6, proc name=com.alibaba.aliexpresshd:channel
10-30 14:13:53.492  1854  2472 D ProcessFreezerManager:  *skip freeze process: skip reason: unable to freeze process's binder. app info: uid=10723, pid=629, adj=915, frozen=false, services=6, proc name=com.alibaba.aliexpresshd:channel
10-30 14:13:53.492  1854  2472 W ProcessFreezerManager:   unbale to freeze binder: app info: uid=10616, pid=1578, adj=995, frozen=false, services=0, proc name=com.google.android.apps.wellbeing
10-30 14:13:53.492  1854  2472 D ProcessFreezerManager:  *skip freeze process: skip reason: unable to freeze process's binder. app info: uid=10616, pid=1578, adj=995, frozen=false, services=0, proc name=com.google.android.apps.wellbeing
10-30 14:13:53.492  1854  2472 W ProcessFreezerManager:   unbale to freeze binder: app info: uid=10699, pid=1632, adj=925, frozen=false, services=0, proc name=com.android.permissioncontroller
10-30 14:13:53.492  1854  2472 D ProcessFreezerManager:  *skip freeze process: skip reason: unable to freeze process's binder. app info: uid=10699, pid=1632, adj=925, frozen=false, services=0, proc name=com.android.permissioncontroller
10-30 14:13:53.493  1854  2472 W ProcessFreezerManager:   unbale to freeze binder: app info: uid=10604, pid=1700, adj=965, frozen=false, services=0, proc name=com.google.android.settings.intelligence
10-30 14:13:53.493  1854  2472 D ProcessFreezerManager:  *skip freeze process: skip reason: unable to freeze process's binder. app info: uid=10604, pid=1700, adj=965, frozen=false, services=0, proc name=com.google.android.settings.intelligence
10-30 14:13:53.493  1854  2472 W ProcessFreezerManager:   unbale to freeze binder: app info: uid=1000, pid=1859, adj=995, frozen=false, services=0, proc name=com.android.settings
10-30 14:13:53.493  1854  2472 D ProcessFreezerManager:  *skip freeze process: skip reason: unable to freeze process's binder. app info: uid=1000, pid=1859, adj=995, frozen=false, services=0, proc name=com.android.settings
10-30 14:13:53.493  1854  2472 W ProcessFreezerManager:   unbale to freeze binder: app info: uid=10532, pid=1929, adj=985, frozen=false, services=0, proc name=android.process.media
10-30 14:13:53.493  1854  2472 D ProcessFreezerManager:  *skip freeze process: skip reason: unable to freeze process's binder. app info: uid=10532, pid=1929, adj=985, frozen=false, services=0, proc name=android.process.media
10-30 14:13:53.493  1854  2472 W ProcessFreezerManager:   unbale to freeze binder: app info: uid=10725, pid=1987, adj=935, frozen=false, services=0, proc name=com.google.android.apps.maps
10-30 14:13:53.493  1854  2472 D ProcessFreezerManager:  *skip freeze process: skip reason: unable to freeze process's binder. app info: uid=10725, pid=1987, adj=935, frozen=false, services=0, proc name=com.google.android.apps.maps
10-30 14:13:53.493  1854  2472 W ProcessFreezerManager:   unbale to freeze binder: app info: uid=10640, pid=2023, adj=905, frozen=false, services=0, proc name=com.android.chrome
10-30 14:13:53.493  1854  2472 D ProcessFreezerManager:  *skip freeze process: skip reason: unable to freeze process's binder. app info: uid=10640, pid=2023, adj=905, frozen=false, services=0, proc name=com.android.chrome
10-30 14:13:53.493  1854  2472 W ProcessFreezerManager:   unbale to freeze binder: app info: uid=10748, pid=2034, adj=975, frozen=false, services=0, proc name=com.google.android.apps.docs
10-30 14:13:53.494  1854  2472 D ProcessFreezerManager:  *skip freeze process: skip reason: unable to freeze process's binder. app info: uid=10748, pid=2034, adj=975, frozen=false, services=0, proc name=com.google.android.apps.docs
10-30 14:13:53.494  1854  2472 W ProcessFreezerManager:   unbale to freeze binder: app info: uid=10607, pid=2037, adj=985, frozen=false, services=1, proc name=com.google.android.projection.gearhead:car
10-30 14:13:53.494  1854  2472 D ProcessFreezerManager:  *skip freeze process: skip reason: unable to freeze process's binder. app info: uid=10607, pid=2037, adj=985, frozen=false, services=1, proc name=com.google.android.projection.gearhead:car
10-30 14:13:53.494  1854  2472 W ProcessFreezerManager:   unbale to freeze binder: app info: uid=10635, pid=2324, adj=965, frozen=false, services=0, proc name=com.google.android.apps.work.clouddpc
10-30 14:13:53.494  1854  2472 D ProcessFreezerManager:  *skip freeze process: skip reason: unable to freeze process's binder. app info: uid=10635, pid=2324, adj=965, frozen=false, services=0, proc name=com.google.android.apps.work.clouddpc
10-30 14:13:53.494  1854  2472 W ProcessFreezerManager:   unbale to freeze binder: app info: uid=10753, pid=2405, adj=975, frozen=false, services=0, proc name=com.google.android.GoogleCamera
10-30 14:13:53.494  1854  2472 D ProcessFreezerManager:  *skip freeze process: skip reason: unable to freeze process's binder. app info: uid=10753, pid=2405, adj=975, frozen=false, services=0, proc name=com.google.android.GoogleCamera
10-30 14:13:53.494  1854  2472 W ProcessFreezerManager:   unbale to freeze binder: app info: uid=10703, pid=2923, adj=955, frozen=false, services=0, proc name=com.android.adservices.api
10-30 14:13:53.494  1854  2472 D ProcessFreezerManager:  *skip freeze process: skip reason: unable to freeze process's binder. app info: uid=10703, pid=2923, adj=955, frozen=false, services=0, proc name=com.android.adservices.api
10-30 14:13:53.494  1854  2472 W ProcessFreezerManager:   unbale to freeze binder: app info: uid=10723, pid=3087, adj=955, frozen=false, services=0, proc name=com.alibaba.aliexpresshd:support
10-30 14:13:53.494  1854  2472 D ProcessFreezerManager:  *skip freeze process: skip reason: unable to freeze process's binder. app info: uid=10723, pid=3087, adj=955, frozen=false, services=0, proc name=com.alibaba.aliexpresshd:support
10-30 14:13:53.494  1854  2472 W ProcessFreezerManager:   unbale to freeze binder: app info: uid=10723, pid=3153, adj=945, frozen=false, services=0, proc name=com.alibaba.aliexpresshd:tool
10-30 14:13:53.494  1854  2472 D ProcessFreezerManager:  *skip freeze process: skip reason: unable to freeze process's binder. app info: uid=10723, pid=3153, adj=945, frozen=false, services=0, proc name=com.alibaba.aliexpresshd:tool
10-30 14:13:53.494  1854  2472 W ProcessFreezerManager:   unbale to freeze binder: app info: uid=10721, pid=4234, adj=930, frozen=false, services=0, proc name=org.telegram.messenger
10-30 14:13:53.494  1854  2472 D ProcessFreezerManager:  *skip freeze process: skip reason: unable to freeze process's binder. app info: uid=10721, pid=4234, adj=930, frozen=false, services=0, proc name=org.telegram.messenger
10-30 14:13:53.495  1854  2472 W ProcessFreezerManager:   unbale to freeze binder: app info: uid=10717, pid=12692, adj=940, frozen=false, services=1, proc name=com.microsoft.bing
10-30 14:13:53.495  1854  2472 D ProcessFreezerManager:  *skip freeze process: skip reason: unable to freeze process's binder. app info: uid=10717, pid=12692, adj=940, frozen=false, services=1, proc name=com.microsoft.bing
10-30 14:13:53.495  1854  2472 W ProcessFreezerManager:   unbale to freeze binder: app info: uid=10596, pid=13900, adj=920, frozen=false, services=0, proc name=com.google.android.dialer
10-30 14:13:53.495  1854  2472 D ProcessFreezerManager:  *skip freeze process: skip reason: unable to freeze process's binder. app info: uid=10596, pid=13900, adj=920, frozen=false, services=0, proc name=com.google.android.dialer
10-30 14:13:53.495  1854  2472 W ProcessFreezerManager:   unbale to freeze binder: app info: uid=10718, pid=14984, adj=910, frozen=false, services=0, proc name=com.brave.browser
10-30 14:13:53.495  1854  2472 D ProcessFreezerManager:  *skip freeze process: skip reason: unable to freeze process's binder. app info: uid=10718, pid=14984, adj=910, frozen=false, services=0, proc name=com.brave.browser
10-30 14:13:53.495  1854  2472 W ProcessFreezerManager:   unbale to freeze binder: app info: uid=10651, pid=28168, adj=900, frozen=false, services=0, proc name=com.google.android.apps.photos
10-30 14:13:53.495  1854  2472 D ProcessFreezerManager:  *skip freeze process: skip reason: unable to freeze process's binder. app info: uid=10651, pid=28168, adj=900, frozen=false, services=0, proc name=com.google.android.apps.photos
10-30 14:13:53.495  1854  2472 W ProcessFreezerManager:   unbale to freeze binder: app info: uid=10723, pid=29430, adj=935, frozen=false, services=1, proc name=com.alibaba.aliexpresshd:pushservice
10-30 14:13:53.495  1854  2472 D ProcessFreezerManager:  *skip freeze process: skip reason: unable to freeze process's binder. app info: uid=10723, pid=29430, adj=935, frozen=false, services=1, proc name=com.alibaba.aliexpresshd:pushservice
10-30 14:13:53.495  1854  2472 W ProcessFreezerManager:   unbale to freeze binder: app info: uid=10723, pid=29492, adj=925, frozen=false, services=3, proc name=com.alibaba.aliexpresshd
10-30 14:13:53.495  1854  2472 D ProcessFreezerManager:  *skip freeze process: skip reason: unable to freeze process's binder. app info: uid=10723, pid=29492, adj=925, frozen=false, services=3, proc name=com.alibaba.aliexpresshd
10-30 14:13:53.495  1854  2472 W ProcessFreezerManager:   unbale to freeze binder: app info: uid=10728, pid=29568, adj=915, frozen=false, services=3, proc name=com.facebook.katana
10-30 14:13:53.495  1854  2472 D ProcessFreezerManager:  *skip freeze process: skip reason: unable to freeze process's binder. app info: uid=10728, pid=29568, adj=915, frozen=false, services=3, proc name=com.facebook.katana
10-30 14:13:53.495  1854  2472 W ProcessFreezerManager:   unbale to freeze binder: app info: uid=10723, pid=30029, adj=945, frozen=false, services=1, proc name=com.alibaba.aliexpresshd:sandboxed_privilege_process0
10-30 14:13:53.495  1854  2472 D ProcessFreezerManager:  *skip freeze process: skip reason: unable to freeze process's binder. app info: uid=10723, pid=30029, adj=945, frozen=false, services=1, proc name=com.alibaba.aliexpresshd:sandboxed_privilege_process0
10-30 14:13:53.495  1854  2472 W ProcessFreezerManager:   unbale to freeze binder: app info: uid=10720, pid=30611, adj=905, frozen=false, services=0, proc name=com.sirma.mobile.bible.android
10-30 14:13:53.495  1854  2472 D ProcessFreezerManager:  *skip freeze process: skip reason: unable to freeze process's binder. app info: uid=10720, pid=30611, adj=905, frozen=false, services=0, proc name=com.sirma.mobile.bible.android
10-30 14:13:53.503  1854  2470 D CompatChangeReporter: Compat change id reported: 205907456; UID 10586; state: ENABLED
10-30 14:13:53.504  1854  2470 D ActivityTrigger: ActivityTrigger activityPauseTrigger 
10-30 14:13:53.504   668   668 I hwservicemanager: getTransport: Cannot find entry vendor.qti.hardware.servicetracker@1.2::IServicetracker/default in either framework or device VINTF manifest.
10-30 14:13:53.505  2917  2989 I s.nexuslauncher: AssetManager2(0xb4000073810f7fd8) locale list changing from [] to [es-ES]
10-30 14:13:53.505  1854  2470 W ActivityTaskManager: servicetracker HIDL not available
10-30 14:13:53.505  1854  2470 E ActivityTaskManager: Unable to get servicetracker HAL instance
10-30 14:13:53.510  2644  2684 V WindowManagerShell: Transition requested (#265): android.os.BinderProxy@a4c2ff6 TransitionRequestInfo { type = OPEN, triggerTask = TaskInfo{userId=0 taskId=1672 effectiveUid=10586 displayId=0 isRunning=true baseIntent=Intent { act=android.intent.action.MAIN cat=[android.intent.category.LAUNCHER] flg=0x10200000 cmp=com.android.camera/.Camera } baseActivity=ComponentInfo{com.android.camera/com.android.camera.Camera} topActivity=ComponentInfo{com.android.camera/com.android.camera.Camera} origActivity=null realActivity=ComponentInfo{com.android.camera/com.android.camera.Camera} numActivities=1 lastActiveTime=21585087 supportsMultiWindow=true resizeMode=0 isResizeable=true minWidth=-1 minHeight=-1 defaultMinSize=220 token=WCT{android.window.IWindowContainerToken$Stub$Proxy@7518ff7} topActivityType=1 pictureInPictureParams=null shouldDockBigOverlays=false launchIntoPipHostTaskId=-1 lastParentTaskIdBeforePip=-1 displayCutoutSafeInsets=Rect(0, 90 - 0, 0) topActivityInfo=ActivityInfo{7a1be64 com.android.camera.Camera} launchCookies=[android.os.BinderProxy@d38b8cd] positionInParent=Point(0, 0) parentTaskId=-1 isFocused=false isVisible=false isVisibleRequested=false isTopActivityNoDisplay=false isSleeping=false locusId=null displayAreaFeatureId=1 isTopActivityTransparent=false isActivityStackTransparent=false lastNonFullscreenBounds=Rect(273, 642 - 807, 1722) capturedLink=null capturedLinkTimestamp=0 requestedVisibleTypes=-9 topActivityRequestOpenInBrowserEducationTimestamp=0 appCompatTaskInfo=AppCompatTaskInfo { topActivityInSizeCompat=false eligibleForLetterboxEducation= false isLetterboxEducationEnabled= false isLetterboxDoubleTapEnabled= false eligibleForUserAspectRatioButton= false topActivityBoundsLetterboxed= false isFromLetterboxDoubleTap= false topActivityLetterboxVerticalPosition= -1 topActivityLetterboxHorizontalPosition= -1 topActivityLetterboxWidth=-1 topActivityLetterboxHeight=-1 topActivityAppBounds=Rect(0, 90 - 1080, 2274) isUserFullscreenOverrideEnabled=false isSystemFullscreenOverrideEnabled=false hasMinAspectRatioOverride=false topActivityLetterboxBounds=null cameraCompatTaskInfo=CameraCompatTaskInfo { freeformCameraCompatMode=inactive}} topActivityMainWindowFrame=null}, pipChange = null, remoteTransition = RemoteTransition { remoteTransition = android.window.IRemoteTransition$Stub$Proxy@5035582, appThread = android.app.IApplicationThread$Stub$Proxy@b053493, debugName = QuickstepLaunch }, displayChange = null, flags = 0, debugId = 265 }
10-30 14:13:53.510  1854  2470 D CompatChangeReporter: Compat change id reported: 194833441; UID 10586; state: ENABLED
10-30 14:13:53.510  1854  2470 I ActivityTaskManager: START u0 {act=android.intent.action.MAIN cat=[android.intent.category.LAUNCHER] flg=0x10200000 xflg=0x4 cmp=com.android.camera/.Camera bnds=[540,1975][789,2305]} with LAUNCH_SINGLE_TOP from uid 10659 (sr=96952861) (BAL_ALLOW_VISIBLE_WINDOW) result code=0
10-30 14:13:53.510  2644  2684 D ShellSplitScreen: logExit: no-op, mLoggerSessionId is null
10-30 14:13:53.510  2644  2684 V WindowManagerShell: RemoteTransition directly requested for (#265) android.os.BinderProxy@a4c2ff6: RemoteTransition { remoteTransition = android.window.IRemoteTransition$Stub$Proxy@5035582, appThread = android.app.IApplicationThread$Stub$Proxy@b053493, debugName = QuickstepLaunch }
10-30 14:13:53.510  2644  2684 V WindowManagerShell: Transition (#265): request handled by DefaultMixedHandler
10-30 14:13:53.511  2917  2917 D StatsLog: LAUNCHER_APP_LAUNCH_TAP
10-30 14:13:53.511  2917  2917 D StatsLog: LAUNCHER_HOTSEAT_RANKED
10-30 14:13:53.513  2644  2710 I ndroid.systemui: AssetManager2(0xb4000073811ab178) locale list changing from [] to [es-ES]
10-30 14:13:53.513  1854  1888 V GrammaticalInflectionUtils: AttributionSource: android.content.AttributionSource@7a1de160 does not have READ_SYSTEM_GRAMMATICAL_GENDER permission.
