12-06 20:16:54.834  1862  2530 I input_focus: [Focus entering 38672fa com.android.systemui,reason=Window became focusable. Previous reason: NOT_VISIBLE]
12-06 20:16:54.888  1701  1990 E RILQ    : =RILM= card[1] state:card_state:2 upin_state:0 card_error:3 upin_num_retries:0 upuk_num_retries:0 num_app:0
12-06 20:16:54.897  1659  1790 E RILQ    : =RILM= card[0] state:card_state:1 upin_state:0 card_error:0 upin_num_retries:0 upuk_num_retries:0 num_app:1
12-06 20:16:54.897  1659  1790 E RILQ    : =RILM= card[0].application[0]:app_type:2 app_state:4 perso_state:0 perso_feature:11 pin1_state:2 pin2_state:1
12-06 20:16:54.898  1659  1790 E RILQ    : =RILM= card[0] state:card_state:1 upin_state:0 card_error:0 upin_num_retries:0 upuk_num_retries:0 num_app:1
12-06 20:16:54.898  1659  1790 E RILQ    : =RILM= card[0].application[0]:app_type:2 app_state:4 perso_state:0 perso_feature:11 pin1_state:2 pin2_state:1
12-06 20:16:54.898  2918  2918 D UiccCardApplication: parsePinPukErrorResult: attemptsRemaining=0
12-06 20:16:54.899  2918  3059 D RILJ    : [0216]< ENTER_SIM_PIN {0} [PHONE0]
12-06 20:16:54.902  2918  3457 D PinStorage: storePin[0]
12-06 20:16:54.902  2918  3059 D RILJ    : Unsol response received; Sending ack to ril.cpp [PHONE0]
12-06 20:16:54.902  2918  3059 D RILJ    : [UNSL]< UNSOL_RESPONSE_SIM_STATUS_CHANGED [PHONE0]
12-06 20:16:54.902  2918  2918 D UiccController: handleMessage: Received ICC_STATUS_CHANGED for phoneId 0
12-06 20:16:54.902  2918  2918 D UiccController: Received EVENT_ICC_STATUS_CHANGED, calling getIccCardStatus
12-06 20:16:54.903  2918  2918 D RILJ    : [0218]> GET_SIM_STATUS [PHONE0]
12-06 20:16:54.912  2918  3059 D RILJ    : responseIccCardStatus: from HIDL: IccCardState {CARDSTATE_PRESENT,PINSTATE_UNKNOWN,num_apps=1,gsm_id=0{APPTYPE_USIM,APPSTATE_SUBSCRIPTION_PERSO,PERSOSUBSTATE_UNKNOWN,pin1=PINSTATE_ENABLED_VERIFIED,pin2=PINSTATE_ENABLED_NOT_VERIFIED},cdma_id=-1,ims_id=-1,atr=3b9f96801fc78031e073fe2117574a3382033339001e,iccid=893422230[****],eid=,SupportedMepMode=NONE,SlotPortMapping={physicalSlotIndex=-1, portIndex=0}} [PHONE0]
12-06 20:16:54.913  2918  3059 D RILJ    : [0218]< GET_SIM_STATUS IccCardState {CARDSTATE_PRESENT,PINSTATE_UNKNOWN,num_apps=1,gsm_id=0{APPTYPE_USIM,APPSTATE_SUBSCRIPTION_PERSO,PERSOSUBSTATE_UNKNOWN,pin1=PINSTATE_ENABLED_VERIFIED,pin2=PINSTATE_ENABLED_NOT_VERIFIED},cdma_id=-1,ims_id=-1,atr=3b9f96801fc78031e073fe2117574a3382033339001e,iccid=893422230[****],eid=,SupportedMepMode=NONE,SlotPortMapping={physicalSlotIndex=-1, portIndex=0}} [PHONE0]
12-06 20:16:54.913  2918  2918 D UiccController: handleMessage: Received GET_ICC_STATUS_DONE for phoneId 0
12-06 20:16:54.913  2918  2918 D UiccController: Received EVENT_GET_ICC_STATUS_DONE
12-06 20:16:54.913  2918  2918 D UiccController: onGetIccCardStatusDone: phoneId-0 IccCardStatus: IccCardState {CARDSTATE_PRESENT,PINSTATE_UNKNOWN,num_apps=1,gsm_id=0{APPTYPE_USIM,APPSTATE_SUBSCRIPTION_PERSO,PERSOSUBSTATE_UNKNOWN,pin1=PINSTATE_ENABLED_VERIFIED,pin2=PINSTATE_ENABLED_NOT_VERIFIED},cdma_id=-1,ims_id=-1,atr=3b9f96801fc78031e073fe2117574a3382033339001e,iccid=893422230[****],eid=,SupportedMepMode=NONE,SlotPortMapping={physicalSlotIndex=-1, portIndex=0}}
12-06 20:16:54.913  2918  2918 D AnswerToReset: Successfully parsed the ATR string 3b9f96801fc78031e073fe2117574a3382033339001e into AnswerToReset:{mConventionByte=3B,mFormatByte=9F,mInterfaceBytes={{TA=96,TB=null,TC=null,TD=80}{TA=null,TB=null,TC=null,TD=1F}{TA=C7,TB=null,TC=null,TD=null}},mHistoricalBytes={80,31,E0,73,FE,21,17,57,4A,33,82,03,33,39,00,},mCheckByte=1E}
12-06 20:16:54.913  2918  2918 D UiccSlot:  checkIsEuiccSupported : false
12-06 20:16:54.914  2918  2918 D UiccSlot: update: radioState=1 mLastRadioState={0=0}
12-06 20:16:54.914  2918  2918 D UiccProfile: 1 applications
12-06 20:16:54.914  2918  2918 D UiccCardApplication: APPTYPE_USIM update. New {APPTYPE_USIM,APPSTATE_SUBSCRIPTION_PERSO,PERSOSUBSTATE_UNKNOWN,pin1=PINSTATE_ENABLED_VERIFIED,pin2=PINSTATE_ENABLED_NOT_VERIFIED}
12-06 20:16:54.914  2918  2918 D UiccCardApplication: APPTYPE_USIM changed state: APPSTATE_PIN -> APPSTATE_SUBSCRIPTION_PERSO
12-06 20:16:54.914  2918  2918 D UiccProfile: Before privilege rules: Handler (com.android.internal.telephony.uicc.UiccCarrierPrivilegeRules) {48919ac} : CARDSTATE_PRESENT
12-06 20:16:54.914  2918  2918 D UiccController: Notifying IccChangedRegistrants
12-06 20:16:54.915  2918  2918 D UiccProfile: handleMessage: Received ICC_RECORD_EVENTS for phoneId 0
12-06 20:16:54.915  2918  3264 D CAT     : CatService: handleMessage[8]
12-06 20:16:54.915  2918  3264 D CAT     : CatService: MSG_ID_ICC_CHANGED
12-06 20:16:54.915  2918  3264 D CAT     : CatService: New Card State = CARDSTATE_PRESENT Old Card State = CARDSTATE_PRESENT
12-06 20:16:54.915  2918  3457 D PinStorage: Saving PIN for slot 0 in RAM
12-06 20:16:54.915  2918  2918 D UiccProfile: handleMessage: Received ICC_RECORD_EVENTS for phoneId 0
12-06 20:16:54.918  2918  2918 D GsmCdmaPhone: [0] reapplyUiccAppsEnablementIfNeeded: retries=3, subInfo=[SubscriptionInfo: id=1 iccId=893422230[****] simSlotIndex=0 portIndex=0 isEmbedded=false carrierId=2442 displayName=Digi.Mobil carrierName=Sin servicio isOpportunistic=false groupUuid=null groupOwner= isGroupDisabled=false displayNameSource=SIM_SPN iconTint=-16749196 number= dataRoaming=1 mcc=214 mnc=22 ehplmns=[] hplmns=[21422] cardString=893422230[****] cardId=0 nativeAccessRules=null carrierConfigAccessRules=null countryIso=es profileClass=-1 mType=LOCAL_SIM areUiccApplicationsEnabled=true usageSetting=DEFAULT isOnlyNonTerrestrialNetwork=false serviceCapabilities=[1, 2, 3] transferStatus=0 isSatelliteESOSSupported=false]
12-06 20:16:54.918  2918  2918 D GsmSMSDispatcher: GsmSMSDispatcher: subId = 1 slotId = 0
12-06 20:16:54.918  2918  2918 D SST     : [0] getCarrierDisplayNameLegacy+
12-06 20:16:54.919  2918  2918 D SST     : [0] updateCarrierDisplayName: satellitePlmn=null
12-06 20:16:54.919  2918  2918 D SST     : [0] updateCarrierDisplayName: radio is on but out of service, set plmn='Sin servicio'
12-06 20:16:54.920  2918  2918 D SST     : [0] updateCarrierDisplayName: rawSpn = 
12-06 20:16:54.920  2918  2918 D SST     : [0] getCarrierDisplayNameLegacy-
12-06 20:16:54.920  2918  2918 D CarrierResolver: handleMessage: 2
12-06 20:16:54.920  2918  2918 E GsmCdmaPhone: [1] reapplyUiccAppsEnablementIfNeeded: slot state=CARDSTATE_ABSENT
12-06 20:16:54.920  2918  2918 D GsmSMSDispatcher: GsmSMSDispatcher: subId = -1 slotId = 1
12-06 20:16:54.920  2918  2918 D SST     : [1] EVENT_ICC_CHANGED: SIM absent
12-06 20:16:54.920  2918  2918 D SST     : [1] cancelAllNotifications: mPrevSubId=-1
12-06 20:16:54.920  2918  2918 D SST     : [1] getCarrierDisplayNameLegacy+
12-06 20:16:54.921  2918  2918 D SST     : [1] updateCarrierDisplayName: satellitePlmn=null
12-06 20:16:54.921  2918  2918 D SST     : [1] updateCarrierDisplayName: radio is on but out of service, set plmn='Sin servicio'
12-06 20:16:54.921  2918  2918 D SST     : [1] updateCarrierDisplayName: rawSpn = 
12-06 20:16:54.921  2918  2918 D SST     : [1] getCarrierDisplayNameLegacy-
12-06 20:16:54.921  2918  2918 D CarrierResolver: handleMessage: 2
12-06 20:16:54.957  1862  2530 I input_focus: [Focus entering 46b7ebd NotificationShade,reason=setFocusedWindow]
12-06 20:16:54.979  1701  1990 E RILQ    : =RILM= card[1] state:card_state:2 upin_state:0 card_error:3 upin_num_retries:0 upuk_num_retries:0 num_app:0
12-06 20:16:54.980  1659  1790 E RILQ    : =RILM= card[0] state:card_state:1 upin_state:0 card_error:0 upin_num_retries:0 upuk_num_retries:0 num_app:1
12-06 20:16:54.980  1659  1790 E RILQ    : =RILM= card[0].application[0]:app_type:2 app_state:4 perso_state:2 perso_feature:11 pin1_state:2 pin2_state:1
12-06 20:16:54.981  2918  3059 D RILJ    : Unsol response received; Sending ack to ril.cpp [PHONE0]
12-06 20:16:54.981  2918  3059 D RILJ    : [UNSL]< UNSOL_RESPONSE_SIM_STATUS_CHANGED [PHONE0]
12-06 20:16:54.982  2918  2918 D UiccController: handleMessage: Received ICC_STATUS_CHANGED for phoneId 0
12-06 20:16:54.982  2918  2918 D UiccController: Received EVENT_ICC_STATUS_CHANGED, calling getIccCardStatus
12-06 20:16:54.983  2918  2918 D RILJ    : [0220]> GET_SIM_STATUS [PHONE0]
12-06 20:16:54.997  2918  3059 D RILJ    : responseIccCardStatus: from HIDL: IccCardState {CARDSTATE_PRESENT,PINSTATE_UNKNOWN,num_apps=1,gsm_id=0{APPTYPE_USIM,APPSTATE_SUBSCRIPTION_PERSO,PERSOSUBSTATE_READY,pin1=PINSTATE_ENABLED_VERIFIED,pin2=PINSTATE_ENABLED_NOT_VERIFIED},cdma_id=-1,ims_id=-1,atr=3b9f96801fc78031e073fe2117574a3382033339001e,iccid=893422230[****],eid=,SupportedMepMode=NONE,SlotPortMapping={physicalSlotIndex=-1, portIndex=0}} [PHONE0]
12-06 20:16:54.997  2918  2918 D UiccController: handleMessage: Received GET_ICC_STATUS_DONE for phoneId 0
12-06 20:16:54.997  2918  3059 D RILJ    : [0220]< GET_SIM_STATUS IccCardState {CARDSTATE_PRESENT,PINSTATE_UNKNOWN,num_apps=1,gsm_id=0{APPTYPE_USIM,APPSTATE_SUBSCRIPTION_PERSO,PERSOSUBSTATE_READY,pin1=PINSTATE_ENABLED_VERIFIED,pin2=PINSTATE_ENABLED_NOT_VERIFIED},cdma_id=-1,ims_id=-1,atr=3b9f96801fc78031e073fe2117574a3382033339001e,iccid=893422230[****],eid=,SupportedMepMode=NONE,SlotPortMapping={physicalSlotIndex=-1, portIndex=0}} [PHONE0]
12-06 20:16:54.997  2918  2918 D UiccController: Received EVENT_GET_ICC_STATUS_DONE
12-06 20:16:54.997  2918  2918 D UiccController: onGetIccCardStatusDone: phoneId-0 IccCardStatus: IccCardState {CARDSTATE_PRESENT,PINSTATE_UNKNOWN,num_apps=1,gsm_id=0{APPTYPE_USIM,APPSTATE_SUBSCRIPTION_PERSO,PERSOSUBSTATE_READY,pin1=PINSTATE_ENABLED_VERIFIED,pin2=PINSTATE_ENABLED_NOT_VERIFIED},cdma_id=-1,ims_id=-1,atr=3b9f96801fc78031e073fe2117574a3382033339001e,iccid=893422230[****],eid=,SupportedMepMode=NONE,SlotPortMapping={physicalSlotIndex=-1, portIndex=0}}
12-06 20:16:54.998  2918  2918 D AnswerToReset: Successfully parsed the ATR string 3b9f96801fc78031e073fe2117574a3382033339001e into AnswerToReset:{mConventionByte=3B,mFormatByte=9F,mInterfaceBytes={{TA=96,TB=null,TC=null,TD=80}{TA=null,TB=null,TC=null,TD=1F}{TA=C7,TB=null,TC=null,TD=null}},mHistoricalBytes={80,31,E0,73,FE,21,17,57,4A,33,82,03,33,39,00,},mCheckByte=1E}
12-06 20:16:54.998  2918  2918 D UiccSlot:  checkIsEuiccSupported : false
12-06 20:16:54.998  2918  2918 D UiccSlot: update: radioState=1 mLastRadioState={0=1}
12-06 20:16:54.998  2918  2918 D UiccProfile: 1 applications
12-06 20:16:54.998  2918  2918 D UiccCardApplication: APPTYPE_USIM update. New {APPTYPE_USIM,APPSTATE_SUBSCRIPTION_PERSO,PERSOSUBSTATE_READY,pin1=PINSTATE_ENABLED_VERIFIED,pin2=PINSTATE_ENABLED_NOT_VERIFIED}
12-06 20:16:54.998  2918  2918 D UiccProfile: Before privilege rules: Handler (com.android.internal.telephony.uicc.UiccCarrierPrivilegeRules) {48919ac} : CARDSTATE_PRESENT
12-06 20:16:54.998  2918  2918 D UiccController: Notifying IccChangedRegistrants
12-06 20:16:54.999  2918  3264 D CAT     : CatService: handleMessage[8]
12-06 20:16:54.999  2918  3264 D CAT     : CatService: MSG_ID_ICC_CHANGED
12-06 20:16:54.999  2918  3264 D CAT     : CatService: New Card State = CARDSTATE_PRESENT Old Card State = CARDSTATE_PRESENT
12-06 20:16:54.999  2918  2918 D UiccProfile: handleMessage: Received ICC_RECORD_EVENTS for phoneId 0
12-06 20:16:54.999  2918  2918 D UiccProfile: handleMessage: Received ICC_RECORD_EVENTS for phoneId 0
12-06 20:16:55.000  2918  2918 D GsmCdmaPhone: [0] reapplyUiccAppsEnablementIfNeeded: retries=3, subInfo=[SubscriptionInfo: id=1 iccId=893422230[****] simSlotIndex=0 portIndex=0 isEmbedded=false carrierId=2442 displayName=Digi.Mobil carrierName=Sin servicio isOpportunistic=false groupUuid=null groupOwner= isGroupDisabled=false displayNameSource=SIM_SPN iconTint=-16749196 number= dataRoaming=1 mcc=214 mnc=22 ehplmns=[] hplmns=[21422] cardString=893422230[****] cardId=0 nativeAccessRules=null carrierConfigAccessRules=null countryIso=es profileClass=-1 mType=LOCAL_SIM areUiccApplicationsEnabled=true usageSetting=DEFAULT isOnlyNonTerrestrialNetwork=false serviceCapabilities=[1, 2, 3] transferStatus=0 isSatelliteESOSSupported=false]
12-06 20:16:55.001  2918  2918 D GsmSMSDispatcher: GsmSMSDispatcher: subId = 1 slotId = 0
12-06 20:16:55.001  2918  2918 D SST     : [0] getCarrierDisplayNameLegacy+
12-06 20:16:55.002  2918  2918 D SST     : [0] updateCarrierDisplayName: satellitePlmn=null
12-06 20:16:55.002  2918  2918 D SST     : [0] updateCarrierDisplayName: radio is on but out of service, set plmn='Sin servicio'
12-06 20:16:55.002  2918  2918 D SST     : [0] updateCarrierDisplayName: rawSpn = 
12-06 20:16:55.002  2918  2918 D SST     : [0] getCarrierDisplayNameLegacy-
12-06 20:16:55.002  2918  2918 D CarrierResolver: handleMessage: 2
12-06 20:16:55.003  2918  2918 E GsmCdmaPhone: [1] reapplyUiccAppsEnablementIfNeeded: slot state=CARDSTATE_ABSENT
12-06 20:16:55.003  2918  2918 D GsmSMSDispatcher: GsmSMSDispatcher: subId = -1 slotId = 1
12-06 20:16:55.003  2918  2918 D SST     : [1] EVENT_ICC_CHANGED: SIM absent
12-06 20:16:55.003  2918  2918 D SST     : [1] cancelAllNotifications: mPrevSubId=-1
12-06 20:16:55.003  2918  2918 D SST     : [1] getCarrierDisplayNameLegacy+
12-06 20:16:55.003  2918  2918 D SST     : [1] updateCarrierDisplayName: satellitePlmn=null
12-06 20:16:55.003  2918  2918 D SST     : [1] updateCarrierDisplayName: radio is on but out of service, set plmn='Sin servicio'
12-06 20:16:55.003  2918  2918 D SST     : [1] updateCarrierDisplayName: rawSpn = 
12-06 20:16:55.003  2918  2918 D SST     : [1] getCarrierDisplayNameLegacy-
12-06 20:16:55.003  2918  2918 D CarrierResolver: handleMessage: 2
12-06 20:16:55.081  1701  1990 E RILQ    : =RILM= card[1] state:card_state:2 upin_state:0 card_error:3 upin_num_retries:0 upuk_num_retries:0 num_app:0
12-06 20:16:55.086  1659  1790 E RILQ    : =RILM= card[0] state:card_state:1 upin_state:0 card_error:0 upin_num_retries:0 upuk_num_retries:0 num_app:1
12-06 20:16:55.086  1659  1790 E RILQ    : =RILM= card[0].application[0]:app_type:2 app_state:7 perso_state:2 perso_feature:11 pin1_state:2 pin2_state:1
12-06 20:16:55.103  2918  3059 D RILJ    : Unsol response received; Sending ack to ril.cpp [PHONE0]
12-06 20:16:55.103  2918  3059 D RILJ    : [UNSL]< UNSOL_RESPONSE_SIM_STATUS_CHANGED [PHONE0]
12-06 20:16:55.103  2918  2918 D UiccController: handleMessage: Received ICC_STATUS_CHANGED for phoneId 0
12-06 20:16:55.103  2918  2918 D UiccController: Received EVENT_ICC_STATUS_CHANGED, calling getIccCardStatus
12-06 20:16:55.105  2918  2918 D RILJ    : [0222]> GET_SIM_STATUS [PHONE0]
12-06 20:16:55.116  2918  3059 D RILJ    : responseIccCardStatus: from HIDL: IccCardState {CARDSTATE_PRESENT,PINSTATE_UNKNOWN,num_apps=1,gsm_id=0{APPTYPE_USIM,APPSTATE_READY,pin1=PINSTATE_ENABLED_VERIFIED,pin2=PINSTATE_ENABLED_NOT_VERIFIED},cdma_id=-1,ims_id=-1,atr=3b9f96801fc78031e073fe2117574a3382033339001e,iccid=893422230[****],eid=,SupportedMepMode=NONE,SlotPortMapping={physicalSlotIndex=-1, portIndex=0}} [PHONE0]
12-06 20:16:55.116  2918  3059 D RILJ    : [0222]< GET_SIM_STATUS IccCardState {CARDSTATE_PRESENT,PINSTATE_UNKNOWN,num_apps=1,gsm_id=0{APPTYPE_USIM,APPSTATE_READY,pin1=PINSTATE_ENABLED_VERIFIED,pin2=PINSTATE_ENABLED_NOT_VERIFIED},cdma_id=-1,ims_id=-1,atr=3b9f96801fc78031e073fe2117574a3382033339001e,iccid=893422230[****],eid=,SupportedMepMode=NONE,SlotPortMapping={physicalSlotIndex=-1, portIndex=0}} [PHONE0]
12-06 20:16:55.117  2918  2918 D UiccController: handleMessage: Received GET_ICC_STATUS_DONE for phoneId 0
12-06 20:16:55.117  2918  2918 D UiccController: Received EVENT_GET_ICC_STATUS_DONE
12-06 20:16:55.117  2918  2918 D UiccController: onGetIccCardStatusDone: phoneId-0 IccCardStatus: IccCardState {CARDSTATE_PRESENT,PINSTATE_UNKNOWN,num_apps=1,gsm_id=0{APPTYPE_USIM,APPSTATE_READY,pin1=PINSTATE_ENABLED_VERIFIED,pin2=PINSTATE_ENABLED_NOT_VERIFIED},cdma_id=-1,ims_id=-1,atr=3b9f96801fc78031e073fe2117574a3382033339001e,iccid=893422230[****],eid=,SupportedMepMode=NONE,SlotPortMapping={physicalSlotIndex=-1, portIndex=0}}
12-06 20:16:55.117  2918  2918 D AnswerToReset: Successfully parsed the ATR string 3b9f96801fc78031e073fe2117574a3382033339001e into AnswerToReset:{mConventionByte=3B,mFormatByte=9F,mInterfaceBytes={{TA=96,TB=null,TC=null,TD=80}{TA=null,TB=null,TC=null,TD=1F}{TA=C7,TB=null,TC=null,TD=null}},mHistoricalBytes={80,31,E0,73,FE,21,17,57,4A,33,82,03,33,39,00,},mCheckByte=1E}
12-06 20:16:55.117  2918  2918 D UiccSlot:  checkIsEuiccSupported : false
12-06 20:16:55.117  2918  2918 D UiccSlot: update: radioState=1 mLastRadioState={0=1}
12-06 20:16:55.117  2918  2918 D UiccProfile: 1 applications
12-06 20:16:55.117  2918  2918 D UiccCardApplication: APPTYPE_USIM update. New {APPTYPE_USIM,APPSTATE_READY,pin1=PINSTATE_ENABLED_VERIFIED,pin2=PINSTATE_ENABLED_NOT_VERIFIED}
12-06 20:16:55.117  2918  2918 D UiccCardApplication: APPTYPE_USIM changed state: APPSTATE_SUBSCRIPTION_PERSO -> APPSTATE_READY
12-06 20:16:55.122  2918  2918 D RILJ    : [0223]> QUERY_FACILITY_LOCK facility = FD serviceClass = 7 appId = a0000000871002ff49ffff89040b00ff [PHONE0]
12-06 20:16:55.123  2918  2918 D RILJ    : [0224]> QUERY_FACILITY_LOCK facility = SC serviceClass = 7 appId = a0000000871002ff49ffff89040b00ff [PHONE0]
12-06 20:16:55.123  2918  2918 D UiccCardApplication: Notifying registrants: READY
12-06 20:16:55.123  2918  2918 D UiccProfile: Before privilege rules: Handler (com.android.internal.telephony.uicc.UiccCarrierPrivilegeRules) {48919ac} : CARDSTATE_PRESENT
12-06 20:16:55.123  2918  2918 D UiccCardApplication: Notifying 1 registrant: READY
12-06 20:16:55.124  2918  2918 D UiccProfile: setExternalState: set mPhoneId=0 mExternalState=READY
12-06 20:16:55.124  2918  2918 D UiccController: Notifying IccChangedRegistrants
12-06 20:16:55.124  2918  3264 D CAT     : CatService: handleMessage[8]
12-06 20:16:55.124  2918  3264 D CAT     : CatService: MSG_ID_ICC_CHANGED
12-06 20:16:55.124  2918  3264 D CAT     : CatService: New Card State = CARDSTATE_PRESENT Old Card State = CARDSTATE_PRESENT
12-06 20:16:55.124  2918  2918 D SIMRecords: [SIMRecords-0] fetchSimRecords 0
12-06 20:16:55.125  2918  2918 D RILJ    : [0225]> GET_IMSI aid = a0000000871002ff49ffff89040b00ff [PHONE0]
12-06 20:16:55.126  2918  2918 D RILJ    : [0226]> iccIO: SIM_IO [PHONE0]
12-06 20:16:55.127  2918  2918 D RILJ    : [0227]> iccIO: SIM_IO [PHONE0]
12-06 20:16:55.127  2918  2918 D RILJ    : [0228]> iccIO: SIM_IO [PHONE0]
12-06 20:16:55.128  2918  2918 D RILJ    : [0229]> iccIO: SIM_IO [PHONE0]
12-06 20:16:55.128  2918  2918 D RILJ    : [0230]> iccIO: SIM_IO [PHONE0]
12-06 20:16:55.129  2918  2918 D RILJ    : [0231]> iccIO: SIM_IO [PHONE0]
12-06 20:16:55.130  2918  2918 D RILJ    : [0232]> iccIO: SIM_IO [PHONE0]
12-06 20:16:55.130  2918  2918 D RILJ    : [0233]> iccIO: SIM_IO [PHONE0]
12-06 20:16:55.131  2918  2918 D RILJ    : [0234]> iccIO: SIM_IO [PHONE0]
12-06 20:16:55.131  2918  2918 D RILJ    : [0235]> iccIO: SIM_IO [PHONE0]
12-06 20:16:55.132  2918  2918 D RILJ    : [0236]> iccIO: SIM_IO [PHONE0]
12-06 20:16:55.133  2918  2918 D RILJ    : [0237]> iccIO: SIM_IO [PHONE0]
12-06 20:16:55.133  2918  2918 D RILJ    : [0238]> iccIO: SIM_IO [PHONE0]
12-06 20:16:55.134  2918  3059 D RILJ    : [0224]< QUERY_FACILITY_LOCK {1} [PHONE0]
12-06 20:16:55.134  2918  2918 D RILJ    : [0239]> iccIO: SIM_IO [PHONE0]
12-06 20:16:55.135  2918  2918 D RILJ    : [0240]> iccIO: SIM_IO [PHONE0]
12-06 20:16:55.135  2918  2918 D RILJ    : [0241]> iccIO: SIM_IO [PHONE0]
12-06 20:16:55.136  2918  2918 D RILJ    : [0242]> iccIO: SIM_IO [PHONE0]
12-06 20:16:55.136  2918  2918 D RILJ    : [0243]> iccIO: SIM_IO [PHONE0]
12-06 20:16:55.136  2918  2918 D RILJ    : [0244]> iccIO: SIM_IO [PHONE0]
12-06 20:16:55.137  2918  2918 D RILJ    : [0245]> iccIO: SIM_IO [PHONE0]
12-06 20:16:55.137  2918  2918 D RILJ    : [0246]> iccIO: SIM_IO [PHONE0]
12-06 20:16:55.137  2918  2918 D RILJ    : [0247]> iccIO: SIM_IO [PHONE0]
12-06 20:16:55.138  2918  2918 D RILJ    : [0248]> iccIO: SIM_IO [PHONE0]
12-06 20:16:55.138  2918  2918 D RILJ    : [0249]> iccIO: SIM_IO [PHONE0]
12-06 20:16:55.139  2918  2918 D RILJ    : [0250]> iccIO: SIM_IO [PHONE0]
12-06 20:16:55.139  2918  2918 D RILJ    : [0251]> iccIO: SIM_IO [PHONE0]
12-06 20:16:55.140  2918  2918 D RILJ    : [0252]> iccIO: SIM_IO [PHONE0]
12-06 20:16:55.140  2918  2918 D SIMRecords: [SIMRecords-0] fetchSimRecords 28 requested: true
12-06 20:16:55.140  2918  2918 D SST     : [0] pollState: modemTriggered=false, radioState=1
12-06 20:16:55.140  2918  2918 D RILJ    : [0253]> OPERATOR [PHONE0]
12-06 20:16:55.141  2918  2918 D RILJ    : [0254]> QUERY_NETWORK_SELECTION_MODE [PHONE0]
12-06 20:16:55.141  2918  2918 D UiccProfile: handleMessage: Received APP_READY for phoneId 0
12-06 20:16:55.141  2918  2918 D UiccProfile: setExternalState: !override and newstate unchanged from READY
12-06 20:16:55.141  2918  2918 D UiccProfile: handleMessage: Received APP_READY for phoneId 0
12-06 20:16:55.141  2918  2918 D UiccProfile: setExternalState: !override and newstate unchanged from READY
12-06 20:16:55.141  2918  2918 D UiccProfile: handleMessage: Received ICC_RECORD_EVENTS for phoneId 0
12-06 20:16:55.141  2918  2918 D UiccProfile: handleMessage: Received ICC_RECORD_EVENTS for phoneId 0
12-06 20:16:55.141  2918  2918 D UiccController: updateSimState: phoneId=0, state=READY, reason=null
12-06 20:16:55.142  2918  3059 D RILJ    : [0253]< OPERATOR {, , } [PHONE0]
12-06 20:16:55.143  2918  2918 D GsmCdmaPhone: [0] reapplyUiccAppsEnablementIfNeeded: retries=3, subInfo=[SubscriptionInfo: id=1 iccId=893422230[****] simSlotIndex=0 portIndex=0 isEmbedded=false carrierId=2442 displayName=Digi.Mobil carrierName=Sin servicio isOpportunistic=false groupUuid=null groupOwner= isGroupDisabled=false displayNameSource=SIM_SPN iconTint=-16749196 number= dataRoaming=1 mcc=214 mnc=22 ehplmns=[] hplmns=[21422] cardString=893422230[****] cardId=0 nativeAccessRules=null carrierConfigAccessRules=null countryIso=es profileClass=-1 mType=LOCAL_SIM areUiccApplicationsEnabled=true usageSetting=DEFAULT isOnlyNonTerrestrialNetwork=false serviceCapabilities=[1, 2, 3] transferStatus=0 isSatelliteESOSSupported=false]
12-06 20:16:55.143  2918  2918 D GsmSMSDispatcher: GsmSMSDispatcher: subId = 1 slotId = 0
12-06 20:16:55.143  2918  2918 D CarrierResolver: handleMessage: 2
12-06 20:16:55.143  2918  3059 D RILJ    : [0254]< QUERY_NETWORK_SELECTION_MODE {0} [PHONE0]
12-06 20:16:55.143  2918  2918 E GsmCdmaPhone: [1] reapplyUiccAppsEnablementIfNeeded: slot state=CARDSTATE_ABSENT
12-06 20:16:55.143  2918  2918 D GsmSMSDispatcher: GsmSMSDispatcher: subId = -1 slotId = 1
12-06 20:16:55.143  2918  2918 D SST     : [1] EVENT_ICC_CHANGED: SIM absent
12-06 20:16:55.143  2918  3457 D NRM-I-0 : onRequestNetworkRegistrationInfoComplete result: 0, info: NetworkRegistrationInfo{ domain=PS transportType=WLAN registrationState=NOT_REG_OR_SEARCHING networkRegistrationState=NOT_REG_OR_SEARCHING roamingType=NOT_ROAMING accessNetworkTechnology=IWLAN rejectCause=0 emergencyEnabled=false availableServices=[] cellIdentity=null voiceSpecificInfo=null dataSpecificInfo=null nrState=**** rRplmn= isUsingCarrierAggregation=false isNonTerrestrialNetwork=TERRESTRIAL}
12-06 20:16:55.143  2918  2918 D SST     : [1] cancelAllNotifications: mPrevSubId=-1
12-06 20:16:55.143  2918  2918 D SST     : [1] getCarrierDisplayNameLegacy+
12-06 20:16:55.143  2918  2918 D SST     : [1] updateCarrierDisplayName: satellitePlmn=null
12-06 20:16:55.145  2918  2918 D SST     : [1] updateCarrierDisplayName: radio is on but out of service, set plmn='Sin servicio'
12-06 20:16:55.145  2918  2918 D SST     : [1] updateCarrierDisplayName: rawSpn = 
12-06 20:16:55.145  2918  2918 D SST     : [1] getCarrierDisplayNameLegacy-
12-06 20:16:55.145  2918  2918 D CarrierResolver: handleMessage: 2
12-06 20:16:55.145  2918  2918 D UiccCardApplication: Query facility lock : 1
12-06 20:16:55.145  2918  2918 D UiccCardApplication: Ignoring: pin1state=PINSTATE_ENABLED_VERIFIED
12-06 20:16:55.146  2918  3262 D RILJ    : [0255]> DATA_REGISTRATION_STATE [PHONE0]
12-06 20:16:55.146  2918  2918 D SMSVC   : updateSimState: slot 0 READY
12-06 20:16:55.146  2918  3262 D RILJ    : getDataRegistrationState: overrideHalVersion=null [PHONE0]
12-06 20:16:55.146  2918  2918 D SMSVC   : updateSubscription: phoneId=0, simState=READY
12-06 20:16:55.146  1659  1659 D RILC    : RadioImpl_1_5::getDataRegistrationState_1_5: serial 255
12-06 20:16:55.146  2918  2918 D SMSVC   :   [UiccSlot: mActive=true, mIccId={0=893422230[****]}, mIsEuicc=false, MEP=false, mPortIdxToPhoneId={0=0}, mEid=, mCardState={0=CARDSTATE_PRESENT} mSupportedMepMode=NONE]
12-06 20:16:55.146  2918  2918 D SMSVC   :   [UiccSlot: mActive=true, mIccId={0=}, mIsEuicc=false, MEP=false, mPortIdxToPhoneId={0=1}, mEid=, mCardState={0=CARDSTATE_ABSENT} mSupportedMepMode=NONE]
12-06 20:16:55.146  2918  2918 D SMSVC   : updateSubscription: Found iccId=893422230[****] on phone 0
12-06 20:16:55.146  2918  2918 D SMSVC   : updateSubscription: Found existing subscription. subId= 1, phoneId=0
12-06 20:16:55.146  2918  2918 D SMSVC   : updateSubscription: current mapping [slot 0: subId=1]
12-06 20:16:55.147  2918  2918 D SMSVC   : updateSubscription: [SubscriptionInfoInternal: id=1 iccId=893422230[****] simSlotIndex=0 portIndex=0 isEmbedded=0 isRemovableEmbedded=0 carrierId=2442 displayName=Digi.Mobil carrierName=Sin servicio isOpportunistic=0 groupUuid= groupOwner= displayNameSource=SIM_SPN iconTint=-16749196 number= dataRoaming=1 mcc=214 mnc=22 ehplmns= hplmns=21422 cardString=893422230[****] cardId=0 nativeAccessRules= carrierConfigAccessRules= countryIso=es profileClass=-1 type=LOCAL_SIM areUiccApplicationsEnabled=1 usageSetting=DEFAULT isEnhanced4GModeEnabled=-1 isVideoTelephonyEnabled=-1 isWifiCallingEnabled=-1 isWifiCallingEnabledForRoaming=-1 wifiCallingMode=WIFI_PREFERRED wifiCallingModeForRoaming=WIFI_PREFERRED enabledMobileDataPolicies= imsi=214223003[****] rcsUceEnabled=0 crossSimCallingEnabled=0 rcsConfig= allowedNetworkTypesForReasons=user=654335 deviceToDeviceStatusSharingPreference=0 isVoImsOptInEnabled=0 deviceToDeviceStatusSharingContacts= numberFromCarrier= numberFromIms= userId=-10000 isSatelliteEnabled=0 satellite_attach_enabled_for_carrier=1 getOnlyNonTerrestrialNetwork=0 isGroupDisabled=false serviceCapabilities=7 transferStatus=0 satelliteEntitlementStatus=0 satelliteEntitlementPlmns= isSatelliteESOSSupported=0 isSatelliteProvisionedForNonIpDatagram=0 mSatelliteEntitlementBarredPlmnsList= mSatelliteEntitlementDataPlanForPlmn= mSatelliteEntitlementServicesForPlmn= mSatellitePlmnsDataServicePolicy= mSatellitePlmnsVoiceServicePolicy=]
12-06 20:16:55.147  2918  2918 D SMSVC   : Notify all subscriptions loaded.
12-06 20:16:55.147  2918  2918 D SST     : [0] EVENT_POLL_STATE_NETWORK_SELECTION_MODE
12-06 20:16:55.147  2918  3262 D RILJ    : [0256]> VOICE_REGISTRATION_STATE [PHONE0]
12-06 20:16:55.147  2918  2918 D SST     : [0] handlePollStateResultMessage: PS IWLAN. NetworkRegistrationInfo{ domain=PS transportType=WLAN registrationState=NOT_REG_OR_SEARCHING networkRegistrationState=NOT_REG_OR_SEARCHING roamingType=NOT_ROAMING accessNetworkTechnology=IWLAN rejectCause=0 emergencyEnabled=false availableServices=[] cellIdentity=null voiceSpecificInfo=null dataSpecificInfo=null nrState=**** rRplmn= isUsingCarrierAggregation=false isNonTerrestrialNetwork=TERRESTRIAL}
12-06 20:16:55.147  2918  3262 D RILJ    : getVoiceRegistrationState: overrideHalVersion=null [PHONE0]
12-06 20:16:55.147  2918  2918 D UiccController: Broadcasting intent ACTION_SIM_STATE_CHANGED READY reason null for phone: 0 sub: 1
12-06 20:16:55.147  1659  1659 D RILC    : RadioImpl_1_5::getVoiceRegistrationState_1_5: serial 256
12-06 20:16:55.148  2918  3262 D CellularNetworkService: No access tech specific info passes for RegStateResult
12-06 20:16:55.148  2918  3059 D RILJ    : [0255]< DATA_REGISTRATION_STATE {.regState = NOT_REG_MT_SEARCHING_OP, .rat = UNKNOWN, .reasonForDenial = NONE, .cellIdentity = {.noinit = {}}, .registeredPlmn = , .accessTechnologySpecificInfo = {.noinit = {}}} [PHONE0]
12-06 20:16:55.148  2918  3262 D NRM-C-0 : onRequestNetworkRegistrationInfoComplete result: 0, info: NetworkRegistrationInfo{ domain=PS transportType=WWAN registrationState=NOT_REG_SEARCHING networkRegistrationState=NOT_REG_SEARCHING roamingType=NOT_ROAMING accessNetworkTechnology=UNKNOWN rejectCause=0 emergencyEnabled=false availableServices=[] cellIdentity=null voiceSpecificInfo=null dataSpecificInfo=android.telephony.DataSpecificRegistrationInfo :{ maxDataCalls = 16 isDcNrRestricted = false isNrAvailable = false isEnDcAvailable = false mLteAttachResultType = 0 mLteAttachExtraInfo = 0 LteVopsSupportInfo :  mVopsSupport = 1 mEmcBearerSupport = 1 } nrState=**** rRplmn= isUsingCarrierAggregation=false isNonTerrestrialNetwork=TERRESTRIAL}
12-06 20:16:55.149  2918  2918 D UiccController: Broadcasting intent ACTION_SIM_APPLICATION_STATE_CHANGED NOT_READY for phone: 0 slot: 0 port: 0 sub: 1
12-06 20:16:55.152  2918  2918 D SST     : [0] handlePollStateResultMessage: PS cellular. NetworkRegistrationInfo{ domain=PS transportType=WWAN registrationState=NOT_REG_SEARCHING networkRegistrationState=NOT_REG_SEARCHING roamingType=NOT_ROAMING accessNetworkTechnology=UNKNOWN rejectCause=0 emergencyEnabled=false availableServices=[] cellIdentity=null voiceSpecificInfo=null dataSpecificInfo=android.telephony.DataSpecificRegistrationInfo :{ maxDataCalls = 16 isDcNrRestricted = false isNrAvailable = false isEnDcAvailable = false mLteAttachResultType = 0 mLteAttachExtraInfo = 0 LteVopsSupportInfo :  mVopsSupport = 1 mEmcBearerSupport = 1 } nrState=**** rRplmn= isUsingCarrierAggregation=false isNonTerrestrialNetwork=TERRESTRIAL}
12-06 20:16:55.153  2918  2918 D SMSDispatcher: Received broadcast android.intent.action.SIM_STATE_CHANGED
12-06 20:16:55.153  2918  2918 D SMSDispatcher: Received broadcast android.intent.action.SIM_STATE_CHANGED
12-06 20:16:55.153  2918  2918 D SMSDispatcher: Received broadcast android.intent.action.SIM_STATE_CHANGED
12-06 20:16:55.153  2918  2918 D SMSDispatcher: Received broadcast android.intent.action.SIM_STATE_CHANGED
12-06 20:16:55.153  2918  2918 D SMSDispatcher: Received broadcast android.intent.action.SIM_STATE_CHANGED
12-06 20:16:55.153  2918  2918 D SMSDispatcher: Received broadcast android.intent.action.SIM_STATE_CHANGED
12-06 20:16:55.154  2918  2918 E CarrierActionAgent: [0]Unsupported action: 7
12-06 20:16:55.157  2918  2918 D PinStorage: SIM card/application changed[0]: NOT_READY
12-06 20:16:55.157  2918  2918 D GsmCdmaPhone: mBroadcastReceiver: action android.telephony.action.SIM_APPLICATION_STATE_CHANGED
12-06 20:16:55.157  2918  2918 D CarrierPrivilegesTracker: handleSimStateChanged: slotId=0 simState=6
12-06 20:16:55.157  2918  2918 D CarrierPrivilegesTracker: handleSimStateChanged: Ignore SIM gone event while UiccRules is empty or waiting to be emptied.
12-06 20:16:55.157  2918  2918 D GsmCdmaPhone: mBroadcastReceiver: action android.telephony.action.SIM_APPLICATION_STATE_CHANGED
12-06 20:16:55.158  2918  2918 D PhoneSwitcher: mSimStateIntentReceiver: slotIndex = 0 state = 6
12-06 20:16:55.158  2918  2918 D DNC-0   : onSimStateChanged: state=NOT_READY
12-06 20:16:55.180  2918  3262 D CellularNetworkService: No access tech specific info passes for RegStateResult
12-06 20:16:55.181  2918  3059 D RILJ    : [0256]< VOICE_REGISTRATION_STATE {.regState = NOT_REG_MT_SEARCHING_OP, .rat = UNKNOWN, .reasonForDenial = NONE, .cellIdentity = {.noinit = {}}, .registeredPlmn = , .accessTechnologySpecificInfo = {.noinit = {}}} [PHONE0]
12-06 20:16:55.181  2918  3262 D NRM-C-0 : onRequestNetworkRegistrationInfoComplete result: 0, info: NetworkRegistrationInfo{ domain=CS transportType=WWAN registrationState=NOT_REG_SEARCHING networkRegistrationState=NOT_REG_SEARCHING roamingType=NOT_ROAMING accessNetworkTechnology=UNKNOWN rejectCause=0 emergencyEnabled=false availableServices=[] cellIdentity=null voiceSpecificInfo=VoiceSpecificRegistrationInfo { mCssSupported=false mRoamingIndicator=0 mSystemIsInPrl=0 mDefaultRoamingIndicator=0} dataSpecificInfo=null nrState=**** rRplmn= isUsingCarrierAggregation=false isNonTerrestrialNetwork=TERRESTRIAL}
12-06 20:16:55.181  2918  2918 D SST     : [0] Could not set ServiceState channel number. CellIdentity null
12-06 20:16:55.181  2918  2918 D SST     : [0] handlePollStateResultMessage: CS cellular. NetworkRegistrationInfo{ domain=CS transportType=WWAN registrationState=NOT_REG_SEARCHING networkRegistrationState=NOT_REG_SEARCHING roamingType=NOT_ROAMING accessNetworkTechnology=UNKNOWN rejectCause=0 emergencyEnabled=false availableServices=[] cellIdentity=null voiceSpecificInfo=VoiceSpecificRegistrationInfo { mCssSupported=false mRoamingIndicator=0 mSystemIsInPrl=0 mDefaultRoamingIndicator=0} dataSpecificInfo=null nrState=**** rRplmn= isUsingCarrierAggregation=false isNonTerrestrialNetwork=TERRESTRIAL}
12-06 20:16:55.181  2918  2918 D SST     : [0] combinePsRegistrationStates: {mVoiceRegState=1(OUT_OF_SERVICE), mDataRegState=1(OUT_OF_SERVICE), mChannelNumber=-1, duplexMode()=0, mCellBandwidths=[], mOperatorAlphaLong=, mOperatorAlphaShort=, isManualNetworkSelection=false(automatic), getRilVoiceRadioTechnology=0(Unknown), getRilDataRadioTechnology=0(Unknown), mCssIndicator=unsupported, mNetworkId=-1, mSystemId=-1, mCdmaRoamingIndicator=-1, mCdmaDefaultRoamingIndicator=-1, mIsEmergencyOnly=false, isUsingCarrierAggregation=false, mArfcnRsrpBoost=0, mNetworkRegistrationInfos=[NetworkRegistrationInfo{ domain=PS transportType=WLAN registrationState=NOT_REG_OR_SEARCHING networkRegistrationState=NOT_REG_OR_SEARCHING roamingType=NOT_ROAMING accessNetworkTechnology=IWLAN rejectCause=0 emergencyEnabled=false availableServices=[] cellIdentity=null voiceSpecificInfo=null dataSpecificInfo=null nrState=**** rRplmn= isUsingCarrierAggregation=false isNonTerrestrialNetwork=TERRESTRIAL}, NetworkRegistrationInfo{ domain=PS transportType=WWAN registrationState=NOT_REG_SEARCHING networkRegistrationState=NOT_REG_SEARCHING roamingType=NOT_ROAMING accessNetworkTechnology=UNKNOWN rejectCause=0 emergencyEnabled=false availableServices=[] cellIdentity=null voiceSpecificInfo=null dataSpecificInfo=android.telephony.DataSpecificRegistrationInfo :{ maxDataCalls = 16 isDcNrRestricted = false isNrAvailable = false isEnDcAvailable = false mLteAttachResultType = 0 mLteAttachExtraInfo = 0 LteVopsSupportInfo :  mVopsSupport = 1 mEmcBearerSupport = 1 } nrState=**** rRplmn= isUsingCarrierAggregation=false isNonTerrestrialNetwork=TERRESTRIAL}, NetworkRegistrationInfo{ domain=CS transportType=WWAN registrationState=NOT_REG_SEARCHING networkRegistrationState=NOT_REG_SEARCHING roamingType=NOT_ROAMING accessNetworkTechnology=UNKNOWN rejectCause=0 emergencyEnabled=false availableServices=[] cellIdentity=null voiceSpecificInfo=VoiceSpecificRegistrationInfo { mCssSupported=false mRoamingIndicator=0 mSystemIsInPrl=0 mDefaultRoamingIndicator=0} dataSpecificInfo=null nrState=**** rRplmn= isUsingCarrierAggregation=false isNonTerrestrialNetwork=TERRESTRIAL}], mNrFrequencyRange=0, mOperatorAlphaLongRaw=, mOperatorAlphaShortRaw=, mIsDataRoamingFromRegistration=false, mIsIwlanPreferred=false, mIsUsingNonTerrestrialNetwork=false}
12-06 20:16:55.181  2918  2918 D SST     : [0] Could not set ServiceState channel number. CellIdentity null
12-06 20:16:55.181  2918  2918 D SST     : [0] Poll ServiceState done: oldSS={mVoiceRegState=1(OUT_OF_SERVICE), mDataRegState=1(OUT_OF_SERVICE), mChannelNumber=-1, duplexMode()=0, mCellBandwidths=[], mOperatorAlphaLong=, mOperatorAlphaShort=, isManualNetworkSelection=false(automatic), getRilVoiceRadioTechnology=0(Unknown), getRilDataRadioTechnology=0(Unknown), mCssIndicator=unsupported, mNetworkId=-1, mSystemId=-1, mCdmaRoamingIndicator=-1, mCdmaDefaultRoamingIndicator=-1, mIsEmergencyOnly=false, isUsingCarrierAggregation=false, mArfcnRsrpBoost=0, mNetworkRegistrationInfos=[NetworkRegistrationInfo{ domain=PS transportType=WLAN registrationState=NOT_REG_OR_SEARCHING networkRegistrationState=NOT_REG_OR_SEARCHING roamingType=NOT_ROAMING accessNetworkTechnology=IWLAN rejectCause=0 emergencyEnabled=false availableServices=[] cellIdentity=null voiceSpecificInfo=null dataSpecificInfo=null nrState=**** rRplmn= isUsingCarrierAggregation=false isNonTerrestrialNetwork=TERRESTRIAL}, NetworkRegistrationInfo{ domain=CS transportType=WWAN registrationState=NOT_REG_SEARCHING networkRegistrationState=NOT_REG_SEARCHING roamingType=NOT_ROAMING accessNetworkTechnology=UNKNOWN rejectCause=0 emergencyEnabled=false availableServices=[] cellIdentity=null voiceSpecificInfo=VoiceSpecificRegistrationInfo { mCssSupported=false mRoamingIndicator=0 mSystemIsInPrl=0 mDefaultRoamingIndicator=0} dataSpecificInfo=null nrState=**** rRplmn= isUsingCarrierAggregation=false isNonTerrestrialNetwork=TERRESTRIAL}, NetworkRegistrationInfo{ domain=PS transportType=WWAN registrationState=NOT_REG_SEARCHING networkRegistrationState=NOT_REG_SEARCHING roamingType=NOT_ROAMING accessNetworkTechnology=UNKNOWN rejectCause=0 emergencyEnabled=false availableServices=[] cellIdentity=null voiceSpecificInfo=null dataSpecificInfo=android.telephony.DataSpecificRegistrationInfo :{ maxDataCalls = 16 isDcNrRestricted = false isNrAvailable = false isEnDcAvailable = false mLteAttachResultType = 0 mLteAttachExtraInfo = 0 LteVopsSupportInfo :  mVopsSupport = 1 mEmcBearerSupport = 1 } nrState=**** rRplmn= isUsingCarrierAggregation=false isNonTerrestrialNetwork=TERRESTRIAL}], mNrFrequencyRange=0, mOperatorAlphaLongRaw=, mOperatorAlphaShortRaw=, mIsDataRoamingFromRegistration=false, mIsIwlanPreferred=false, mIsUsingNonTerrestrialNetwork=false}
12-06 20:16:55.181  2918  2918 D SST     : [0] Poll ServiceState done: newSS={mVoiceRegState=1(OUT_OF_SERVICE), mDataRegState=1(OUT_OF_SERVICE), mChannelNumber=-1, duplexMode()=0, mCellBandwidths=[], mOperatorAlphaLong=, mOperatorAlphaShort=, isManualNetworkSelection=false(automatic), getRilVoiceRadioTechnology=0(Unknown), getRilDataRadioTechnology=0(Unknown), mCssIndicator=unsupported, mNetworkId=-1, mSystemId=-1, mCdmaRoamingIndicator=-1, mCdmaDefaultRoamingIndicator=-1, mIsEmergencyOnly=false, isUsingCarrierAggregation=false, mArfcnRsrpBoost=0, mNetworkRegistrationInfos=[NetworkRegistrationInfo{ domain=PS transportType=WLAN registrationState=NOT_REG_OR_SEARCHING networkRegistrationState=NOT_REG_OR_SEARCHING roamingType=NOT_ROAMING accessNetworkTechnology=IWLAN rejectCause=0 emergencyEnabled=false availableServices=[] cellIdentity=null voiceSpecificInfo=null dataSpecificInfo=null nrState=**** rRplmn= isUsingCarrierAggregation=false isNonTerrestrialNetwork=TERRESTRIAL}, NetworkRegistrationInfo{ domain=CS transportType=WWAN registrationState=NOT_REG_SEARCHING networkRegistrationState=NOT_REG_SEARCHING roamingType=NOT_ROAMING accessNetworkTechnology=UNKNOWN rejectCause=0 emergencyEnabled=false availableServices=[] cellIdentity=null voiceSpecificInfo=VoiceSpecificRegistrationInfo { mCssSupported=false mRoamingIndicator=0 mSystemIsInPrl=0 mDefaultRoamingIndicator=0} dataSpecificInfo=null nrState=**** rRplmn= isUsingCarrierAggregation=false isNonTerrestrialNetwork=TERRESTRIAL}, NetworkRegistrationInfo{ domain=PS transportType=WWAN registrationState=NOT_REG_SEARCHING networkRegistrationState=NOT_REG_SEARCHING roamingType=NOT_ROAMING accessNetworkTechnology=UNKNOWN rejectCause=0 emergencyEnabled=false availableServices=[] cellIdentity=null voiceSpecificInfo=null dataSpecificInfo=android.telephony.DataSpecificRegistrationInfo :{ maxDataCalls = 16 isDcNrRestricted = false isNrAvailable = false isEnDcAvailable = false mLteAttachResultType = 0 mLteAttachExtraInfo = 0 LteVopsSupportInfo :  mVopsSupport = 1 mEmcBearerSupport = 1 } nrState=**** rRplmn= isUsingCarrierAggregation=false isNonTerrestrialNetwork=TERRESTRIAL}], mNrFrequencyRange=0, mOperatorAlphaLongRaw=, mOperatorAlphaShortRaw=, mIsDataRoamingFromRegistration=false, mIsIwlanPreferred=false, mIsUsingNonTerrestrialNetwork=false}
12-06 20:16:55.182  2918  2918 D SST     : [0] Poll ServiceState done: oldMaxDataCalls=16 mNewMaxDataCalls=16 oldReasonDataDenied=0 mNewReasonDataDenied=0
12-06 20:16:55.182  2918  2918 D SST     : [0] pollStateDone: hasRegistered = false hasDeregistered = false hasDataAttached = {1=false, 2=false} hasDataDetached = {1=false, 2=false} hasDataRegStateChanged = {1=false, 2=false} hasRilVoiceRadioTechnologyChanged = false hasRilDataRadioTechnologyChanged = {1=false, 2=false} hasDataTransportPreferenceChanged = false hasChanged = false hasVoiceRoamingOn = false hasVoiceRoamingOff = false hasDataRoamingOn =false hasDataRoamingOff = false hasLocationChanged = false has4gHandoff = false hasMultiApnSupport = false hasLostMultiApnSupport = false hasCssIndicatorChanged = false hasNrFrequencyRangeChanged = false hasNrStateChanged = false hasAirplaneModeOnlChanged = false
12-06 20:16:55.183  2918  3059 D RILJ    : Unsol response received; Sending ack to ril.cpp [PHONE1]
12-06 20:16:55.183  2918  3059 D RILJ    : [UNSL]< UNSOL_CDMA_PRL_CHANGED {0} [PHONE1]
12-06 20:16:55.184  2918  3059 D RILJ    : Unsol response received; Sending ack to ril.cpp [PHONE0]
12-06 20:16:55.184  2918  3059 D RILJ    : [UNSL]< UNSOL_RESPONSE_NETWORK_STATE_CHANGED [PHONE0]
12-06 20:16:55.188  2918  3262 D NRM-C-0 : onNetworkStateChanged
12-06 20:16:55.188  2918  2918 D SST     : [0] pollState: modemTriggered=true, radioState=1
12-06 20:16:55.189  2918  2918 D RILJ    : [0259]> OPERATOR [PHONE0]
12-06 20:16:55.191  2918  2918 D RILJ    : [0260]> QUERY_NETWORK_SELECTION_MODE [PHONE0]
12-06 20:16:55.191  2918  3262 D RILJ    : [0261]> DATA_REGISTRATION_STATE [PHONE0]
12-06 20:16:55.191  2918  3262 D RILJ    : getDataRegistrationState: overrideHalVersion=null [PHONE0]
12-06 20:16:55.191  1659  1775 D RILC    : RadioImpl_1_5::getDataRegistrationState_1_5: serial 261
12-06 20:16:55.191  2918  3262 D RILJ    : [0262]> VOICE_REGISTRATION_STATE [PHONE0]
12-06 20:16:55.191  2918  3262 D RILJ    : getVoiceRegistrationState: overrideHalVersion=null [PHONE0]
12-06 20:16:55.192  1659  1775 D RILC    : RadioImpl_1_5::getVoiceRegistrationState_1_5: serial 262
12-06 20:16:55.192  2918  3059 D RILJ    : [0223]< QUERY_FACILITY_LOCK {0} [PHONE0]
12-06 20:16:55.192  2918  3457 D NRM-I-0 : onRequestNetworkRegistrationInfoComplete result: 0, info: NetworkRegistrationInfo{ domain=PS transportType=WLAN registrationState=NOT_REG_OR_SEARCHING networkRegistrationState=NOT_REG_OR_SEARCHING roamingType=NOT_ROAMING accessNetworkTechnology=IWLAN rejectCause=0 emergencyEnabled=false availableServices=[] cellIdentity=null voiceSpecificInfo=null dataSpecificInfo=null nrState=**** rRplmn= isUsingCarrierAggregation=false isNonTerrestrialNetwork=TERRESTRIAL}
12-06 20:16:55.192  2918  2918 D UiccCardApplication: Query facility FDN : FDN service available: true enabled: false
12-06 20:16:55.192  2918  2918 D SST     : [0] handlePollStateResultMessage: PS IWLAN. NetworkRegistrationInfo{ domain=PS transportType=WLAN registrationState=NOT_REG_OR_SEARCHING networkRegistrationState=NOT_REG_OR_SEARCHING roamingType=NOT_ROAMING accessNetworkTechnology=IWLAN rejectCause=0 emergencyEnabled=false availableServices=[] cellIdentity=null voiceSpecificInfo=null dataSpecificInfo=null nrState=**** rRplmn= isUsingCarrierAggregation=false isNonTerrestrialNetwork=TERRESTRIAL}
12-06 20:16:55.195  2918  3059 D RILJ    : [0225]< GET_IMSI  [PHONE0]
12-06 20:16:55.195  2918  2918 D SIMRecords: [SIMRecords-0] IMSI: mMncLength=-1
12-06 20:16:55.195  2918  2918 D SIMRecords: [SIMRecords-0] IMSI: 214223[****]
12-06 20:16:55.195  2918  2918 D SIMRecords: [SIMRecords-0] onRecordLoaded 27 requested: true
12-06 20:16:55.198  2918  3059 D RILJ    : [0226]< SIM_IO IccIoResult sw1:0x90 sw2:0x0 Payload: ******* [PHONE0]
12-06 20:16:55.199  2918  2918 D RILJ    : [0263]> iccIO: SIM_IO [PHONE0]
12-06 20:16:55.201  2918  3059 D RILJ    : Unsol response received; Sending ack to ril.cpp [PHONE0]
12-06 20:16:55.201  2918  3059 D RILJ    : [UNSL]< UNSOL_CDMA_PRL_CHANGED {0} [PHONE0]
12-06 20:16:55.201  2918  3059 D RILJ    : [0227]< SIM_IO IccIoResult sw1:0x90 sw2:0x0 Payload: ******* [PHONE0]
12-06 20:16:55.203  2918  2918 D RILJ    : [0265]> iccIO: SIM_IO [PHONE0]
12-06 20:16:55.205  1659  1752 E RILQ    : (0/1659): RIL[0][(1659,1752)] get_ecc_property_name: ecc list name : ril.ecclist.
12-06 20:16:55.208  2918  3059 D RILJ    : [0263]< SIM_IO IccIoResult sw1:0x90 sw2:0x0 Payload: ******* [PHONE0]
12-06 20:16:55.208  2918  2918 D SIMRecords: [SIMRecords-0] iccid: 893422230[****]
12-06 20:16:55.208  2918  2918 D SIMRecords: [SIMRecords-0] onRecordLoaded 26 requested: true
12-06 20:16:55.209  2918  3059 D RILJ    : [UNSL]< UNSOL_EMERGENCY_NUMBER_LIST [[EmergencyNumber: 112, countryIso=, mnc=, src=sim , routing=unknown, categories=, urns=], [EmergencyNumber: 911, countryIso=, mnc=, src=sim , routing=unknown, categories=, urns=]] [PHONE0]
12-06 20:16:55.209  2918  2918 D EmergencyNumberTracker: [0]updateRadioEmergencyNumberListAndNotify(): receiving [[EmergencyNumber: 112, countryIso=, mnc=, src=sim , routing=unknown, categories=, urns=], [EmergencyNumber: 911, countryIso=, mnc=, src=sim , routing=unknown, categories=, urns=]]
12-06 20:16:55.210  2918  3059 D RILJ    : [0228]< SIM_IO error 38 [PHONE0]
12-06 20:16:55.210  2918  3059 D RilRequest: [0228]< SIM_IO error: com.android.internal.telephony.CommandException: INTERNAL_ERR ret=IccIoResult sw1:0x94 sw2:0x4 Payload: ******* Error: file ID not found/pattern not found result={ when=-48s79ms what=6 obj=com.android.internal.telephony.uicc.IccFileHandler$LoadLinearFixedContext@be78510 target=com.android.internal.telephony.uicc.UsimFileHandler }
12-06 20:16:55.210  2918  2918 E UsimFH  : exception caught from EVENT_GET_RECORD_SIZE
12-06 20:16:55.211  2918  2918 D RILJ    : [0266]> iccIO: SIM_IO [PHONE0]
12-06 20:16:55.211  2918  2918 D SIMRecords: [SIMRecords-0] onRecordLoaded 26 requested: true
12-06 20:16:55.213  2918  3059 D RILJ    : [0259]< OPERATOR {, , } [PHONE0]
12-06 20:16:55.214  2918  3059 D RILJ    : [0229]< SIM_IO IccIoResult sw1:0x90 sw2:0x0 Payload: ******* [PHONE0]
12-06 20:16:55.214  2918  3059 D RILJ    : [0260]< QUERY_NETWORK_SELECTION_MODE {0} [PHONE0]
12-06 20:16:55.216  2918  2918 D RILJ    : [0267]> iccIO: SIM_IO [PHONE0]
12-06 20:16:55.216  2918  2918 D SST     : [0] EVENT_POLL_STATE_NETWORK_SELECTION_MODE
12-06 20:16:55.219  2918  3059 D RILJ    : [0230]< SIM_IO IccIoResult sw1:0x90 sw2:0x0 Payload: ******* [PHONE0]
12-06 20:16:55.220  2918  2918 D RILJ    : [0268]> iccIO: SIM_IO [PHONE0]
12-06 20:16:55.221  2918  3059 D RILJ    : [0231]< SIM_IO error 43 [PHONE0]
12-06 20:16:55.221  2918  3059 D RilRequest: [0231]< SIM_IO error: com.android.internal.telephony.CommandException: SIM_ERR ret=IccIoResult sw1:0x6a sw2:0x82 Payload: ******* Error: file not found result={ when=-48s90ms what=4 arg1=28433 obj={ when=-48s90ms what=8 target=com.android.internal.telephony.uicc.SIMRecords } target=com.android.internal.telephony.uicc.UsimFileHandler }
12-06 20:16:55.221  2918  2918 D SIMRecords: [SIMRecords-0] EF_CPHS_MWI: null
12-06 20:16:55.221  2918  2918 D SIMRecords: [SIMRecords-0] EVENT_GET_VOICE_MAIL_INDICATOR_CPHS_DONE exception = com.android.internal.telephony.CommandException: SIM_ERR
12-06 20:16:55.221  2918  2918 D SIMRecords: [SIMRecords-0] onRecordLoaded 25 requested: true
12-06 20:16:55.228  2918  3059 D RILJ    : [0232]< SIM_IO error 38 [PHONE0]
12-06 20:16:55.228  2918  3059 D RilRequest: [0232]< SIM_IO error: com.android.internal.telephony.CommandException: INTERNAL_ERR ret=IccIoResult sw1:0x94 sw2:0x4 Payload: ******* Error: file ID not found/pattern not found result={ when=-48s97ms what=6 obj=com.android.internal.telephony.uicc.IccFileHandler$LoadLinearFixedContext@67eb809 target=com.android.internal.telephony.uicc.UsimFileHandler }
12-06 20:16:55.228  2918  2918 E UsimFH  : exception caught from EVENT_GET_RECORD_SIZE
12-06 20:16:55.228  2918  2918 D SIMRecords: [SIMRecords-0] onRecordLoaded 24 requested: true
12-06 20:16:55.236  2918  3059 D RILJ    : [0233]< SIM_IO error 43 [PHONE0]
12-06 20:16:55.237  2918  3059 D RilRequest: [0233]< SIM_IO error: com.android.internal.telephony.CommandException: SIM_ERR ret=IccIoResult sw1:0x6a sw2:0x82 Payload: ******* Error: file not found result={ when=-48s106ms what=4 arg1=28435 obj={ when=-48s106ms what=24 target=com.android.internal.telephony.uicc.SIMRecords } target=com.android.internal.telephony.uicc.UsimFileHandler }
12-06 20:16:55.237  2918  2918 D SIMRecords: [SIMRecords-0] onRecordLoaded 23 requested: true
12-06 20:16:55.247  2918  3059 D RILJ    : [0234]< SIM_IO IccIoResult sw1:0x90 sw2:0x0 Payload: ******* [PHONE0]
12-06 20:16:55.247  2918  2918 D RILJ    : [0269]> iccIO: SIM_IO [PHONE0]
12-06 20:16:55.249  2918  3059 D RILJ    : [0235]< SIM_IO IccIoResult sw1:0x90 sw2:0x0 Payload: ******* [PHONE0]
12-06 20:16:55.249  2918  2918 D RILJ    : [0270]> iccIO: SIM_IO [PHONE0]
12-06 20:16:55.256  2918  3059 D RILJ    : [0262]< VOICE_REGISTRATION_STATE {.regState = NOT_REG_MT_SEARCHING_OP, .rat = UNKNOWN, .reasonForDenial = NONE, .cellIdentity = {.noinit = {}}, .registeredPlmn = , .accessTechnologySpecificInfo = {.noinit = {}}} [PHONE0]
12-06 20:16:55.256  2918  3262 D CellularNetworkService: No access tech specific info passes for RegStateResult
12-06 20:16:55.256  2918  3262 D NRM-C-0 : onRequestNetworkRegistrationInfoComplete result: 0, info: NetworkRegistrationInfo{ domain=CS transportType=WWAN registrationState=NOT_REG_SEARCHING networkRegistrationState=NOT_REG_SEARCHING roamingType=NOT_ROAMING accessNetworkTechnology=UNKNOWN rejectCause=0 emergencyEnabled=false availableServices=[] cellIdentity=null voiceSpecificInfo=VoiceSpecificRegistrationInfo { mCssSupported=false mRoamingIndicator=0 mSystemIsInPrl=0 mDefaultRoamingIndicator=0} dataSpecificInfo=null nrState=**** rRplmn= isUsingCarrierAggregation=false isNonTerrestrialNetwork=TERRESTRIAL}
12-06 20:16:55.256  2918  2918 D SST     : [0] Could not set ServiceState channel number. CellIdentity null
