--------- beginning of events
01-01 01:00:00.227   664   664 I auditd  : type=2000 audit(0.0:1): state=initialized audit_enabled=0 res=1
05-26 06:08:40.397   666   666 I auditd  : SELinux: Loaded service context from:
05-26 06:08:40.397   666   666 I auditd  : 		/system/etc/selinux/plat_service_contexts
05-26 06:08:40.397   666   666 I auditd  : 		/system_ext/etc/selinux/system_ext_service_contexts
05-26 06:08:40.397   666   666 I auditd  : 		/product/etc/selinux/product_service_contexts
05-26 06:08:40.397   666   666 I auditd  : 		/vendor/etc/selinux/vendor_service_contexts
05-26 06:08:40.397   666   666 I auditd  : 		/odm/etc/selinux/odm_service_contexts
05-26 06:08:38.863   664   664 I auditd  : type=1403 audit(0.0:2): auid=4294967295 ses=4294967295 lsm=selinux res=1
05-26 06:08:38.863   664   664 I auditd  : type=1404 audit(0.0:3): enforcing=1 old_enforcing=0 auid=4294967295 ses=4294967295 enabled=1 old-enabled=1 lsm=selinux res=1
05-26 06:08:38.947     1     1 I auditd  : type=1107 audit(0.0:4): uid=0 auid=4294967295 ses=4294967295 subj=u:r:init:s0 msg='avc:  denied  { read } for property=init.svc.recovery pid=0 uid=0 gid=0 scontext=u:r:vendor_init:s0 tcontext=u:object_r:init_service_status_private_prop:s0 tclass=file permissive=0'
05-26 06:08:39.643   659   659 I auditd  : type=1400 audit(0.0:5): avc:  denied  { kill } for  comm="linkerconfig" capability=5  scontext=u:r:linkerconfig:s0 tcontext=u:r:linkerconfig:s0 tclass=capability permissive=0
05-26 06:08:40.471   689   689 I auditd  : type=1400 audit(0.0:6): avc:  denied  { kill } for  comm="e2fsck" capability=5  scontext=u:r:fsck:s0 tcontext=u:r:fsck:s0 tclass=capability permissive=0
05-26 06:08:40.535     1     1 I auditd  : type=1400 audit(0.0:7): avc:  denied  { mounton } for  comm="init" path="/vendor/dsp/cdsp/fastrpc_shell_3" dev="sde49" ino=51 scontext=u:r:init:s0 tcontext=u:object_r:adsprpcd_file:s0 tclass=file permissive=0
05-26 06:08:40.579   714   714 I auditd  : type=1400 audit(0.0:8): avc:  denied  { kill } for  comm="vdc" capability=5  scontext=u:r:vdc:s0 tcontext=u:r:vdc:s0 tclass=capability permissive=0
05-26 06:08:40.621   711   711 I auditd  : SELinux: Loaded keystore2 context from:
05-26 06:08:40.621   711   711 I auditd  : 		/system/etc/selinux/plat_keystore2_key_contexts
05-26 06:08:40.621   711   711 I auditd  : 		/system_ext/etc/selinux/system_ext_keystore2_key_contexts
05-26 06:08:40.621   711   711 I auditd  : 		/product/etc/selinux/product_keystore2_key_contexts
05-26 06:08:40.621   711   711 I auditd  : 		/vendor/etc/selinux/vendor_keystore2_key_contexts
05-26 06:08:40.755   729   729 I auditd  : type=1400 audit(0.0:9): avc:  denied  { kill } for  comm="fsck.f2fs" capability=5  scontext=u:r:fsck:s0 tcontext=u:r:fsck:s0 tclass=capability permissive=0
05-26 06:08:40.807   718   718 I auditd  : type=1400 audit(0.0:10): avc:  denied  { kill } for  comm="vdc" capability=5  scontext=u:r:vdc:s0 tcontext=u:r:vdc:s0 tclass=capability permissive=0
05-26 06:08:41.043   769   769 I auditd  : SELinux: Loaded file context from:
05-26 06:08:41.043   769   769 I auditd  : 		/system/etc/selinux/plat_file_contexts
05-26 06:08:41.043   769   769 I auditd  : 		/system_ext/etc/selinux/system_ext_file_contexts
05-26 06:08:41.043   769   769 I auditd  : 		/product/etc/selinux/product_file_contexts
05-26 06:08:41.043   769   769 I auditd  : 		/vendor/etc/selinux/vendor_file_contexts
05-26 06:08:41.043   769   769 I auditd  : 		/odm/etc/selinux/odm_file_contexts
05-26 06:08:41.095   904   904 I auditd  : type=1400 audit(0.0:11): avc:  denied  { kill } for  comm="linkerconfig" capability=5  scontext=u:r:linkerconfig:s0 tcontext=u:r:linkerconfig:s0 tclass=capability permissive=0
12-06 23:07:59.949   931   931 I boot_progress_start: 5092
12-06 23:08:00.191   931   931 I snet_event_log: [200284993,-1,]
12-06 23:08:00.191   932   932 I snet_event_log: [200284993,-1,]
12-06 23:08:00.503  1096  1096 I liblog  : 147
12-06 23:08:00.503  1096  1096 I liblog  : 1
12-06 23:08:01.134  1575  1575 I liblog  : 60
12-06 23:08:01.219   667   667 I auditd  : avc:  denied  { find } for interface=com.fingerprints.extension::IFingerprintEngineering sid=u:r:hal_fingerprint_default:s0 pid=1650 scontext=u:r:hal_fingerprint_default:s0 tcontext=u:object_r:default_android_hwservice:s0 tclass=hwservice_manager permissive=0
12-06 23:08:01.220   667   667 I auditd  : avc:  denied  { find } for interface=com.fingerprints.extension::IFingerprintOptical sid=u:r:hal_fingerprint_default:s0 pid=1650 scontext=u:r:hal_fingerprint_default:s0 tcontext=u:object_r:default_android_hwservice:s0 tclass=hwservice_manager permissive=0
12-06 23:08:01.236   666   666 I auditd  : type=1400 audit(0.0:12): avc:  denied  { call } for  comm="servicemanager" scontext=u:r:servicemanager:s0 tcontext=u:r:usbd:s0 tclass=binder permissive=0
12-06 23:08:02.111   666   666 I auditd  : avc:  denied  { find } for pid=1844 uid=1000 name=vendor.qti.hardware.servicetrackeraidl.IServicetracker/default scontext=u:r:system_server:s0 tcontext=u:object_r:default_android_service:s0 tclass=service_manager permissive=0
12-06 23:08:03.032  1962  1962 I auditd  : type=1400 audit(0.0:13): avc:  denied  { getattr } for  comm="rm" path="/data/resource-cache" dev="dm-40" ino=515060 scontext=u:r:toolbox:s0 tcontext=u:object_r:resourcecache_data_file:s0 tclass=dir permissive=0
12-06 23:08:03.032  1962  1962 I auditd  : type=1400 audit(0.0:14): avc:  denied  { getattr } for  comm="rm" path="/data/resource-cache" dev="dm-40" ino=515060 scontext=u:r:toolbox:s0 tcontext=u:object_r:resourcecache_data_file:s0 tclass=dir permissive=0
12-06 23:08:03.624  1304  1304 I auditd  : type=1400 audit(0.0:15): avc:  denied  { fowner } for  comm="mdm_helper" capability=3  scontext=u:r:vendor_mdm_helper:s0 tcontext=u:r:vendor_mdm_helper:s0 tclass=capability permissive=0
12-06 23:08:05.800  1656  1656 I auditd  : type=1400 audit(0.0:16): avc:  denied  { read } for  comm=5849414F4D49205354415453 name="u:object_r:default_prop:s0" dev="tmpfs" ino=11024 scontext=u:r:rild:s0 tcontext=u:object_r:default_prop:s0 tclass=file permissive=0
12-06 23:08:05.848  1656  1656 I auditd  : type=1400 audit(0.0:17): avc:  denied  { write } for  comm="DispatcherModul" name="diag" dev="dm-40" ino=345673 scontext=u:r:rild:s0 tcontext=u:object_r:vendor_data_file:s0 tclass=dir permissive=0
12-06 23:08:06.858  1571  1630 I liblog  : 12
12-06 23:08:06.858  1571  1630 I liblog  : 4
12-06 23:08:06.858  1571  1630 I liblog  : 1
12-06 23:08:09.376  1077  1077 I auditd  : type=1400 audit(0.0:18): avc:  denied  { read } for  comm="HwBinder:1077_2" name="f0_value" dev="sysfs" ino=66439 scontext=u:r:hal_audio_default:s0 tcontext=u:object_r:sysfs:s0 tclass=file permissive=0
12-06 23:08:22.732  1844  1844 I liblog  : 176
12-06 23:08:22.988  1844  1844 I auditd  : type=1400 audit(0.0:19): avc:  denied  { map } for  comm="android.bg" path="/system/framework/oat" dev="dm-0" ino=1444 scontext=u:r:system_server:s0 tcontext=u:object_r:system_file:s0 tclass=dir permissive=0
12-06 23:08:22.988  1844  1844 I auditd  : type=1400 audit(0.0:20): avc:  denied  { map } for  comm="android.bg" path="/system/framework/arm64" dev="dm-0" ino=1346 scontext=u:r:system_server:s0 tcontext=u:object_r:system_file:s0 tclass=dir permissive=0
12-06 23:08:24.164  1844  1844 I auditd  : type=1400 audit(0.0:21): avc:  denied  { read } for  comm="system_server" name="u:object_r:vendor_default_prop:s0" dev="tmpfs" ino=15393 scontext=u:r:system_server:s0 tcontext=u:object_r:vendor_default_prop:s0 tclass=file permissive=0
12-06 23:08:25.184  1844  1844 I auditd  : type=1400 audit(0.0:22): avc:  denied  { read } for  comm="system_server" name="u:object_r:custom_version_prop:s0" dev="tmpfs" ino=11014 scontext=u:r:system_server:s0 tcontext=u:object_r:custom_version_prop:s0 tclass=file permissive=0
12-06 23:08:25.804  2836  2836 I auditd  : type=1400 audit(0.0:23): avc:  denied  { read } for  comm="qtidataservices" name="u:object_r:default_prop:s0" dev="tmpfs" ino=11024 scontext=u:r:vendor_qtidataservices_app:s0:c55,c258,c512,c768 tcontext=u:object_r:default_prop:s0 tclass=file permissive=0 app=vendor.qti.hardware.cacert.server
12-06 23:08:25.904  2921  2921 I auditd  : type=1400 audit(0.0:24): avc:  denied  { read } for  comm="qtidataservices" name="u:object_r:default_prop:s0" dev="tmpfs" ino=11024 scontext=u:r:vendor_qtidataservices_app:s0:c57,c258,c512,c768 tcontext=u:object_r:default_prop:s0 tclass=file permissive=0 app=com.qualcomm.qti.cne
12-06 23:08:25.987  1844  2566 I dvm_lock_sample: [system_server,1,NetworkPolicy.uid,323,NetworkStatsService.java,2067,void android.net.connectivity.com.android.server.net.NetworkStatsService.noteUidForeground(int, boolean),-,1714,android.net.NetworkStatsCollection android.net.connectivity.com.android.server.net.NetworkStatsService$1.getUidComplete(),64]
12-06 23:08:26.064  2869  2869 I auditd  : type=1400 audit(0.0:25): avc:  denied  { search } for  comm="com.android.nfc" name="nfc" dev="dm-40" ino=152841 scontext=u:r:nfc:s0 tcontext=u:object_r:vendor_nfc_vendor_data_file:s0 tclass=dir permissive=0
12-06 23:08:26.561  2932  3047 I dvm_lock_sample: [com.android.phone,0,DeviceStateHelperThread,474,PhoneFactory.java,389,com.android.internal.telephony.Phone[] com.android.internal.telephony.PhoneFactory.getPhones(),-,467,com.android.internal.telephony.CommandsInterface[] com.android.internal.telephony.PhoneFactory.getCommandsInterfaces(),94]
12-06 23:08:26.888  3203  3203 I auditd  : type=1400 audit(0.0:26): avc:  denied  { read } for  comm="qtidataservices" name="u:object_r:default_prop:s0" dev="tmpfs" ino=11024 scontext=u:r:vendor_qtidataservices_app:s0:c56,c258,c512,c768 tcontext=u:object_r:default_prop:s0 tclass=file permissive=0 app=vendor.qti.iwlan
--------- beginning of radio
12-06 23:08:27.244  2932  2932 D DefaultPhoneNotifier: notifyServiceStateForSubId: mRegistryMgr=android.telephony.TelephonyRegistryManager@af12c36 ss={mVoiceRegState=3(POWER_OFF), mDataRegState=3(POWER_OFF), mChannelNumber=-1, duplexMode()=0, mCellBandwidths=[], mOperatorAlphaLong=null, mOperatorAlphaShort=null, isManualNetworkSelection=false(automatic), getRilVoiceRadioTechnology=0(Unknown), getRilDataRadioTechnology=0(Unknown), mCssIndicator=unsupported, mNetworkId=-1, mSystemId=-1, mCdmaRoamingIndicator=-1, mCdmaDefaultRoamingIndicator=-1, mIsEmergencyOnly=false, isUsingCarrierAggregation=false, mArfcnRsrpBoost=0, mNetworkRegistrationInfos=[NetworkRegistrationInfo{ domain=CS transportType=WWAN registrationState=UNKNOWN networkRegistrationState=UNKNOWN roamingType=NOT_ROAMING accessNetworkTechnology=UNKNOWN rejectCause=0 emergencyEnabled=false availableServices=[] cellIdentity=null voiceSpecificInfo=null dataSpecificInfo=null nrState=**** rRplmn= isUsingCarrierAggregation=false isNonTerrestrialNetwork=TERRESTRIAL}, NetworkRegistrationInfo{ domain=PS transportType=WWAN registrationState=UNKNOWN networkRegistrationState=UNKNOWN roamingType=NOT_ROAMING accessNetworkTechnology=UNKNOWN rejectCause=0 emergencyEnabled=false availableServices=[] cellIdentity=null voiceSpecificInfo=null dataSpecificInfo=null nrState=**** rRplmn= isUsingCarrierAggregation=false isNonTerrestrialNetwork=TERRESTRIAL}, NetworkRegistrationInfo{ domain=PS transportType=WLAN registrationState=UNKNOWN networkRegistrationState=UNKNOWN roamingType=NOT_ROAMING accessNetworkTechnology=UNKNOWN rejectCause=0 emergencyEnabled=false availableServices=[] cellIdentity=null voiceSpecificInfo=null dataSpecificInfo=null nrState=**** rRplmn= isUsingCarrierAggregation=false isNonTerrestrialNetwork=TERRESTRIAL}], mNrFrequencyRange=0, mOperatorAlphaLongRaw=null, mOperatorAlphaShortRaw=null, mIsDataRoamingFromRegistration=false, mIsIwlanPreferred=false, mIsUsingNonTerrestrialNetwork=false} sender=Handler (com.android.internal.telephony.GsmCdmaPhone) {5774960} phondId=1 subId=-1
12-06 23:08:27.244  1844  2984 D TelephonyRegistry: notifyServiceStateForSubscriber: INVALID subId=-1
12-06 23:08:27.252  2932  3051 D RILJ    : [0089]< SIM_IO IccIoResult sw1:0x90 sw2:0x0 Payload: ******* [PHONE0]
12-06 23:08:27.255  2932  2932 W ImsStats: [1] conclude: discarding transient stats, duration=716
12-06 23:08:27.256  2932  2932 D SST     : [1] notifyVoiceRegStateRilRadioTechnologyChanged: vrs=3 rat=0
12-06 23:08:27.256  2932  2932 D GsmCdmaPhone: [0] onVoiceRegStateOrRatChanged
12-06 23:08:27.256  2932  2932 D GsmCdmaPhone: [0] getCsCallRadioTech, current vrs=3, vrat=0
12-06 23:08:27.256  2932  2932 D GsmCdmaPhone: [0] getCsCallRadioTech, result calcVrat=0
12-06 23:08:27.257  2932  2932 D DNC-1   : onReevaluateExistingDataNetworks: No existing data networks to re-evaluate.
12-06 23:08:27.257  2932  2932 D DNC-1   : onDataServiceBindingChanged: WWAN data service is bound.
12-06 23:08:27.257  2932  2932 D DNC-0   : onDataServiceBindingChanged: WWAN data service is bound.
12-06 23:08:27.257  2932  2932 D SMSVC   : updateSimState: slot 1 ABSENT
12-06 23:08:27.257  2932  2932 D SMSVC   : updateSubscription: phoneId=1, simState=ABSENT
12-06 23:08:27.258  2932  2932 D SMSVC   :   [UiccSlot: mActive=true, mIccId={0=893422230[****]}, mIsEuicc=false, MEP=false, mPortIdxToPhoneId={0=0}, mEid=, mCardState={0=CARDSTATE_PRESENT} mSupportedMepMode=NONE]
12-06 23:08:27.258  2932  2932 D SMSVC   :   [UiccSlot: mActive=true, mIccId={0=}, mIsEuicc=false, MEP=false, mPortIdxToPhoneId={0=1}, mEid=, mCardState={0=CARDSTATE_ABSENT} mSupportedMepMode=NONE]
12-06 23:08:27.260  2932  2932 D SMSVC   : setNumberFromIms: subId=-1, number=
12-06 23:08:27.260  2932  2932 E SDMGR   : Subscription doesn't exist. subId=-1, columnName=phone_number_source_ims
12-06 23:08:27.260  2932  2932 E SMSVC   : setNumberFromIms: invalid subId=-1
12-06 23:08:27.260  2932  2932 D SMSVC   : areAllSubscriptionsLoaded: SIM 0 state is still unknown.
12-06 23:08:27.262  2932  2932 I GsmCdmaPhone: [0] processIccRecordEvents: EVENT_CFI
12-06 23:08:27.262  2932  3051 D RILJ    : [0090]< SIM_IO IccIoResult sw1:0x90 sw2:0x0 Payload: ******* [PHONE0]
12-06 23:08:27.264  2932  2932 E Phone-0 : getCallForwardingIndicatorFromSharedPref: invalid subId -1
12-06 23:08:27.264  2932  2932 V Phone-0 : getCallForwardingIndicator: iccForwardingFlag=0, sharedPrefFlag=0
12-06 23:08:27.264  2932  2932 D DefaultPhoneNotifier: notifyCallForwardingChanged: subId=-1, isCFActive=false
12-06 23:08:27.264  2932  2932 E Phone-0 : getCallForwardingIndicatorFromSharedPref: invalid subId -1
12-06 23:08:27.264  2932  2932 V Phone-0 : getCallForwardingIndicator: iccForwardingFlag=0, sharedPrefFlag=0
12-06 23:08:27.265  2932  2932 D GsmCdmaPhone: [0] EVENT_SUBSCRIPTIONS_CHANGED
12-06 23:08:27.265  2932  2932 I NullCipherNotifier: Ignoring setSubscriptionMapping. Notifier is disabled.
12-06 23:08:27.265  2932  2932 D GsmCdmaPhone: [1] EVENT_SUBSCRIPTIONS_CHANGED
12-06 23:08:27.265  2932  2932 I NullCipherNotifier: Ignoring setSubscriptionMapping. Notifier is disabled.
12-06 23:08:27.265  2932  2932 D TNP     : onNetworkNeeded: Not applied. [NetworkRequest [ REQUEST id=93, [ Capabilities: INTERNET&NOT_RESTRICTED&TRUSTED&NOT_VCN_MANAGED&NOT_BANDWIDTH_CONSTRAINED Uid: 10678 RequestorUid: 10678 RequestorPkg: com.android.systemui UnderlyingNetworks: Null] ], mPriority=0, state=UNSATISFIED, mAttachedDataNetwork=null, created time=23:08:27.265, evaluation result=null]
12-06 23:08:27.266  2932  2932 D TNP     : onNetworkNeeded: Not applied. [NetworkRequest [ REQUEST id=95, [ Capabilities: INTERNET&NOT_RESTRICTED&TRUSTED&NOT_VCN_MANAGED&NOT_BANDWIDTH_CONSTRAINED Uid: 10678 RequestorUid: 10678 RequestorPkg: com.android.systemui UnderlyingNetworks: Null] ], mPriority=0, state=UNSATISFIED, mAttachedDataNetwork=null, created time=23:08:27.265, evaluation result=null]
12-06 23:08:27.266  2932  2932 D PhoneCfgMgr: setStaticPhoneCapability: mStaticCapability mMaxActiveVoiceSubscriptions=1 mMaxActiveDataSubscriptions=2 mNetworkValidationBeforeSwitchSupported=false mDeviceNrCapability [1, 2]
12-06 23:08:27.266  2932  2932 D PhoneCfgMgr: getStaticPhoneCapability: isDefault=false, caps=mMaxActiveVoiceSubscriptions=1 mMaxActiveDataSubscriptions=2 mNetworkValidationBeforeSwitchSupported=false mDeviceNrCapability [1, 2]
12-06 23:08:27.267  2932  2932 D UiccProfile: handleMessage: Received OPEN_LOGICAL_CHANNEL_DONE for phoneId 0
12-06 23:08:27.268  2932  2932 D UiccProfile: handleMessage: Error in SIM access with exception com.android.internal.telephony.CommandException: NO_SUCH_ELEMENT
12-06 23:08:27.268  2932  2932 D GsmCdmaPhone: [0] EVENT_SUBSCRIPTIONS_CHANGED
12-06 23:08:27.268  2932  2932 I NullCipherNotifier: Ignoring setSubscriptionMapping. Notifier is disabled.
12-06 23:08:27.268  2932  2932 D GsmCdmaPhone: [1] EVENT_SUBSCRIPTIONS_CHANGED
12-06 23:08:27.268  2932  2932 I NullCipherNotifier: Ignoring setSubscriptionMapping. Notifier is disabled.
12-06 23:08:27.268  2932  2932 D PhoneCfgMgr: setStaticPhoneCapability: mStaticCapability mMaxActiveVoiceSubscriptions=1 mMaxActiveDataSubscriptions=2 mNetworkValidationBeforeSwitchSupported=false mDeviceNrCapability [1, 2]
12-06 23:08:27.268  2932  2932 D PhoneCfgMgr: getStaticPhoneCapability: isDefault=false, caps=mMaxActiveVoiceSubscriptions=1 mMaxActiveDataSubscriptions=2 mNetworkValidationBeforeSwitchSupported=false mDeviceNrCapability [1, 2]
12-06 23:08:27.268  2932  2932 E Phone-0 : [0] getUserHandle: ex=java.lang.IllegalArgumentException: [getSubscriptionUserHandle]: Invalid subscriptionId: -1
12-06 23:08:27.271  2932  3051 D RILJ    : [0091]< SIM_IO IccIoResult sw1:0x90 sw2:0x0 Payload: ******* [PHONE0]
12-06 23:08:27.319  2932  2932 D ImsManagerIM [0]: ImsService not up yet - timeout waiting for connection.
12-06 23:08:27.327  2932  2932 D SMSVC   : updateSimState: slot 0 NOT_READY
12-06 23:08:27.327  2932  2932 D SMSVC   : updateSubscription: phoneId=0, simState=NOT_READY
12-06 23:08:27.327  2932  2932 D SMSVC   :   [UiccSlot: mActive=true, mIccId={0=893422230[****]}, mIsEuicc=false, MEP=false, mPortIdxToPhoneId={0=0}, mEid=, mCardState={0=CARDSTATE_PRESENT} mSupportedMepMode=NONE]
12-06 23:08:27.327  2932  2932 D SMSVC   :   [UiccSlot: mActive=true, mIccId={0=}, mIsEuicc=false, MEP=false, mPortIdxToPhoneId={0=1}, mEid=, mCardState={0=CARDSTATE_ABSENT} mSupportedMepMode=NONE]
12-06 23:08:27.328  2932  2932 D SMSVC   : updateSubscription: SIM_STATE_NOT_READY is not a final state. Will update subscription later.
12-06 23:08:27.328  2932  2932 D EmergencyNumberTracker: [0]ACTION_NETWORK_COUNTRY_CHANGED: PhoneId: 0 CountryIso: 
12-06 23:08:27.329  2932  2932 D Phone-0 : isImsRegistered =false
12-06 23:08:27.329  2932  2932 E Phone-0 : [0] getUserHandle: ex=java.lang.IllegalArgumentException: [getSubscriptionUserHandle]: Invalid subscriptionId: -1
12-06 23:08:27.380  2932  2932 D ImsManagerIM [0]: ImsService not up yet - timeout waiting for connection.
12-06 23:08:27.387  2932  2932 D DIC-1   : ServiceState updated, isRoaming=false
12-06 23:08:27.387  2932  2932 D NetworkTypeController: [1] LegacyState: process EVENT_SERVICE_STATE_CHANGED
12-06 23:08:27.387  2932  2932 D NetworkTypeController: [1] Reset timers since NR is not allowed.
12-06 23:08:27.387  2932  2932 D NetworkTypeController: [1] ServiceState updated: {mVoiceRegState=3(POWER_OFF), mDataRegState=3(POWER_OFF), mChannelNumber=-1, duplexMode()=0, mCellBandwidths=[], mOperatorAlphaLong=null, mOperatorAlphaShort=null, isManualNetworkSelection=false(automatic), getRilVoiceRadioTechnology=0(Unknown), getRilDataRadioTechnology=0(Unknown), mCssIndicator=unsupported, mNetworkId=-1, mSystemId=-1, mCdmaRoamingIndicator=-1, mCdmaDefaultRoamingIndicator=-1, mIsEmergencyOnly=false, isUsingCarrierAggregation=false, mArfcnRsrpBoost=0, mNetworkRegistrationInfos=[NetworkRegistrationInfo{ domain=CS transportType=WWAN registrationState=UNKNOWN networkRegistrationState=UNKNOWN roamingType=NOT_ROAMING accessNetworkTechnology=UNKNOWN rejectCause=0 emergencyEnabled=false availableServices=[] cellIdentity=null voiceSpecificInfo=null dataSpecificInfo=null nrState=**** rRplmn= isUsingCarrierAggregation=false isNonTerrestrialNetwork=TERRESTRIAL}, NetworkRegistrationInfo{ domain=PS transportType=WWAN registrationState=UNKNOWN networkRegistrationState=UNKNOWN roamingType=NOT_ROAMING accessNetworkTechnology=UNKNOWN rejectCause=0 emergencyEnabled=false availableServices=[] cellIdentity=null voiceSpecificInfo=null dataSpecificInfo=null nrState=**** rRplmn= isUsingCarrierAggregation=false isNonTerrestrialNetwork=TERRESTRIAL}, NetworkRegistrationInfo{ domain=PS transportType=WLAN registrationState=UNKNOWN networkRegistrationState=UNKNOWN roamingType=NOT_ROAMING accessNetworkTechnology=UNKNOWN rejectCause=0 emergencyEnabled=false availableServices=[] cellIdentity=null voiceSpecificInfo=null dataSpecificInfo=null nrState=**** rRplmn= isUsingCarrierAggregation=false isNonTerrestrialNetwork=TERRESTRIAL}], mNrFrequencyRange=0, mOperatorAlphaLongRaw=null, mOperatorAlphaShortRaw=null, mIsDataRoamingFromRegistration=false, mIsIwlanPreferred=false, mIsUsingNonTerrestrialNetwork=false}
12-06 23:08:27.387  2932  2932 D NetworkTypeController: [1] Reset timers since 2G and 3G don't need NR timers.
12-06 23:08:27.388  2932  2932 D DNC-1   : onServiceStateChanged: changed to {mVoiceRegState=3(POWER_OFF), mDataRegState=3(POWER_OFF), mChannelNumber=-1, duplexMode()=0, mCellBandwidths=[], mOperatorAlphaLong=null, mOperatorAlphaShort=null, isManualNetworkSelection=false(automatic), getRilVoiceRadioTechnology=0(Unknown), getRilDataRadioTechnology=0(Unknown), mCssIndicator=unsupported, mNetworkId=-1, mSystemId=-1, mCdmaRoamingIndicator=-1, mCdmaDefaultRoamingIndicator=-1, mIsEmergencyOnly=false, isUsingCarrierAggregation=false, mArfcnRsrpBoost=0, mNetworkRegistrationInfos=[NetworkRegistrationInfo{ domain=CS transportType=WWAN registrationState=UNKNOWN networkRegistrationState=UNKNOWN roamingType=NOT_ROAMING accessNetworkTechnology=UNKNOWN rejectCause=0 emergencyEnabled=false availableServices=[] cellIdentity=null voiceSpecificInfo=null dataSpecificInfo=null nrState=**** rRplmn= isUsingCarrierAggregation=false isNonTerrestrialNetwork=TERRESTRIAL}, NetworkRegistrationInfo{ domain=PS transportType=WWAN registrationState=UNKNOWN networkRegistrationState=UNKNOWN roamingType=NOT_ROAMING accessNetworkTechnology=UNKNOWN rejectCause=0 emergencyEnabled=false availableServices=[] cellIdentity=null voiceSpecificInfo=null dataSpecificInfo=null nrState=**** rRplmn= isUsingCarrierAggregation=false isNonTerrestrialNetwork=TERRESTRIAL}, NetworkRegistrationInfo{ domain=PS transportType=WLAN registrationState=UNKNOWN networkRegistrationState=UNKNOWN roamingType=NOT_ROAMING accessNetworkTechnology=UNKNOWN rejectCause=0 emergencyEnabled=false availableServices=[] cellIdentity=null voiceSpecificInfo=null dataSpecificInfo=null nrState=**** rRplmn= isUsingCarrierAggregation=false isNonTerrestrialNetwork=TERRESTRIAL}], mNrFrequencyRange=0, mOperatorAlphaLongRaw=null, mOperatorAlphaShortRaw=null, mIsDataRoamingFromRegistration=false, mIsIwlanPreferred=false, mIsUsingNonTerrestrialNetwork=false}
12-06 23:08:27.388  2932  2932 D DNC-1   : onServiceStateChanged: [WWAN: UNKNOWN->UNKNOWN, UNKNOWN->UNKNOWN, TERRESTRIAL->TERRESTRIAL] [WLAN: UNKNOWN->UNKNOWN, UNKNOWN->UNKNOWN, TERRESTRIAL->TERRESTRIAL] . Evaluating network requests is not needed, evaluating existing data networks is not needed.
12-06 23:08:27.388  2932  2932 D LocaleTracker-1: updateLocale: countryIso = , countryIsoDebugInfo = radio off
12-06 23:08:27.388  2932  2932 D LocaleTracker-1: updateLocale: Change the current country to "", countryIsoDebugInfo = radio off, mCellInfoList = null
12-06 23:08:27.389  2932  3175 D TelephonyCountryDetector: currentNetworkCountryCodeInfo=NetworkCountryCodeInfo[phoneId: 1, countryCode: , timestamp: 0]
12-06 23:08:27.389  2932  3175 D TelephonyCountryDetector: handleNetworkCountryCodeChangedEvent: Got invalid or empty country code for phoneId=1
12-06 23:08:27.389  2932  3175 D TelephonyCountryDetector: getCurrentNetworkCountryIso: invalid countryIso= for phoneId=0, subId=-1
12-06 23:08:27.389  2932  3175 D TelephonyCountryDetector: getCurrentNetworkCountryIso: invalid countryIso= for phoneId=1, subId=-1
12-06 23:08:27.389  2932  3175 D TelephonyCountryDetector: isWifiNetworkConnected: false
12-06 23:08:27.389  2932  3175 D TelephonyCountryDetector: Location update was not requested yet
12-06 23:08:27.389  2932  3175 D TelephonyCountryDetector: mCountryCodeChangedRegistrants.notifyRegistrants()
12-06 23:08:27.389  2932  2932 D LocaleTracker-1: updateLocale: timeZoneCountryIso = , timeZoneCountryIsoDebugInfo = radio off
12-06 23:08:27.389  2932  2932 D NitzStateMachineImpl: handleCountryUnavailable: mLatestNitzSignal=null
12-06 23:08:27.391  2932  2932 D NitzStateMachineImpl: doTimeZoneDetection: countryIsoCode=null, nitzSignal=null, suggestion=TelephonyTimeZoneSuggestion{mSlotIndex=1, mZoneId='null', mMatchType=0, mQuality=0, mDebugInfo=[getTimeZoneSuggestion: nitzSignal=null, countryIsoCode=null, Detection reason=handleCountryUnavailable]}, reason=handleCountryUnavailable
12-06 23:08:27.393  2932  3051 D RILJ    : [0037]< SET_LINK_CAPACITY_REPORTING_CRITERIA error 6 [PHONE0]
12-06 23:08:27.393  2932  3051 D RilRequest: [0037]< SET_LINK_CAPACITY_REPORTING_CRITERIA error: com.android.internal.telephony.CommandException: REQUEST_NOT_SUPPORTED ret= result=null
12-06 23:08:27.394  2932  2932 D ImsPhone: [1] handleMessage what=83
12-06 23:08:27.394  2932  2932 D RILJ    : [0092]> iccIO: SIM_IO [PHONE0]
12-06 23:08:27.395  2932  2932 D GsmCdmaPhone: [1] onVoiceRegStateOrRatChanged
12-06 23:08:27.395  2932  2932 D GsmCdmaPhone: [1] getCsCallRadioTech, current vrs=3, vrat=0
12-06 23:08:27.395  2932  2932 D GsmCdmaPhone: [1] getCsCallRadioTech, result calcVrat=0
12-06 23:08:27.395  2932  2932 D DRM-1   : Remove all retry and throttling entries, reason=DATA_SERVICE_BOUND
12-06 23:08:27.395  2932  2932 D DRM-0   : Remove all retry and throttling entries, reason=DATA_SERVICE_BOUND
12-06 23:08:27.398  2932  2932 D UiccController: Broadcasting intent ACTION_SIM_STATE_CHANGED ABSENT reason null for phone: 1 sub: -1
12-06 23:08:27.400  2932  2932 D UiccController: Broadcasting intent ACTION_SIM_CARD_STATE_CHANGED ABSENT for phone: 1 slot: 1 port: 0 sub: -1
12-06 23:08:27.406  2932  2932 D UiccController: updateSimState: resolve carrier id and update carrier services.
12-06 23:08:27.406  2932  2932 D CarrierResolver: [resolveSubscriptionCarrierId] simState: ABSENT
12-06 23:08:27.409  2932  2932 D RILJ    : [0093]> iccIO: SIM_IO [PHONE0]
12-06 23:08:27.410  2932  2932 D PhoneCfgMgr: getStaticPhoneCapability: isDefault=false, caps=mMaxActiveVoiceSubscriptions=1 mMaxActiveDataSubscriptions=2 mNetworkValidationBeforeSwitchSupported=false mDeviceNrCapability [1, 2]
12-06 23:08:27.410  2932  2932 D UiccProfile: iccOpenLogicalChannel: A00000015141434C00 , 0 by pid:2932 uid:1001
12-06 23:08:27.410  2932  2932 D RILJ    : [0094]> SIM_OPEN_CHANNEL [PHONE0]
12-06 23:08:27.411  2932  2932 D RILJ    : [0095]> iccIO: SIM_IO [PHONE0]
12-06 23:08:27.411  2932  2932 D UiccController: Broadcasting intent ACTION_SIM_STATE_CHANGED NOT_READY reason null for phone: 0 sub: -1
12-06 23:08:27.412  2932  2932 D UiccController: Broadcasting intent ACTION_SIM_CARD_STATE_CHANGED PRESENT for phone: 0 slot: 0 port: 0 sub: -1
12-06 23:08:27.414  2932  2932 D UiccController: updateSimState: SIM_STATE_NOT_READY is not a final state.
12-06 23:08:27.414  2932  2932 D EmergencyNumberTracker: [0]updateEmergencyNumberListDatabaseAndNotify(): receiving countryIso: 
12-06 23:08:27.414  2932  2932 D EmergencyNumberTracker: [0]updateEmergencyNumberListDatabaseAndNotify(): using cached APM country es
12-06 23:08:27.417  2932  2932 D EmergencyNumberTracker: [0]es asset emergency database is loaded. Ver: 2 Phone Id: 0 countryIso: es
12-06 23:08:27.418  2932  2932 E EmergencyNumberTracker: [0]Cache ota emergency database IOException: java.io.FileNotFoundException: /data/misc/emergencynumberdb/emergency_number_db: open failed: ENOENT (No such file or directory)
12-06 23:08:27.418  2932  2932 D EmergencyNumberTracker: [0]Using Asset Emergency database. Version: 2
12-06 23:08:27.419  2932  2932 D EmergencyNumberTracker: [0]notifyEmergencyNumberList(): notified
12-06 23:08:27.420  2932  2932 E Phone-0 : [0] getUserHandle: ex=java.lang.IllegalArgumentException: [getSubscriptionUserHandle]: Invalid subscriptionId: -1
12-06 23:08:27.421  2932  3051 D RILJ    : [0095]< SIM_IO IccIoResult sw1:0x90 sw2:0x0 Payload: ******* [PHONE0]
12-06 23:08:27.435  2932  3051 D RILJ    : [0092]< SIM_IO IccIoResult sw1:0x90 sw2:0x0 Payload: ******* [PHONE0]
12-06 23:08:27.439  2932  3051 D RILJ    : [0093]< SIM_IO IccIoResult sw1:0x90 sw2:0x0 Payload: ******* [PHONE0]
12-06 23:08:27.439  2932  3051 D RILJ    : [0094]< SIM_OPEN_CHANNEL error 17 [PHONE0]
12-06 23:08:27.439  2932  3051 D RilRequest: [0094]< SIM_OPEN_CHANNEL error: com.android.internal.telephony.CommandException: NO_SUCH_ELEMENT ret= result={ when=-32s582ms what=8 obj={ when=-32s582ms what=1 arg2=1 target=com.android.internal.telephony.uicc.UiccCarrierPrivilegeRules } target=com.android.internal.telephony.uicc.UiccProfile$4 }
12-06 23:08:27.442  2932  3051 D RILJ    : [0038]< SET_LINK_CAPACITY_REPORTING_CRITERIA  [PHONE0]
12-06 23:08:27.448  2932  3051 D RILJ    : Unsol response received; Sending ack to ril.cpp [PHONE0]
12-06 23:08:27.449  2932  3051 D RILJ    : [UNSL]< UNSOL_RESPONSE_NETWORK_STATE_CHANGED [PHONE0]
12-06 23:08:27.449  2932  3261 D NRM-C-0 : onNetworkStateChanged
12-06 23:08:27.451  2932  3051 D RILJ    : Unsol response received; Sending ack to ril.cpp [PHONE1]
12-06 23:08:27.451  2932  3051 D RILJ    : [UNSL]< UNSOL_RESPONSE_NETWORK_STATE_CHANGED [PHONE1]
12-06 23:08:27.452  2932  3261 D NRM-C-1 : onNetworkStateChanged
12-06 23:08:27.459  2932  3051 D RILJ    : [0067]< SET_LINK_CAPACITY_REPORTING_CRITERIA error 6 [PHONE1]
12-06 23:08:27.459  2932  3051 D RilRequest: [0067]< SET_LINK_CAPACITY_REPORTING_CRITERIA error: com.android.internal.telephony.CommandException: REQUEST_NOT_SUPPORTED ret= result=null
12-06 23:08:27.470  2932  2932 D ImsManagerIM [0]: ImsService not up yet - timeout waiting for connection.
12-06 23:08:27.474  2932  2932 D EmergencyNumberTracker: [1]ACTION_NETWORK_COUNTRY_CHANGED: PhoneId: 1 CountryIso: 
12-06 23:08:27.475  2932  2932 D Phone-0 : isImsRegistered =false
12-06 23:08:27.475  2932  2932 E Phone-0 : [0] getUserHandle: ex=java.lang.IllegalArgumentException: [getSubscriptionUserHandle]: Invalid subscriptionId: -1
12-06 23:08:27.482  2932  3051 D RILJ    : [0039]< SET_LINK_CAPACITY_REPORTING_CRITERIA  [PHONE0]
12-06 23:08:27.482  2932  3051 D RILJ    : [0040]< SET_LINK_CAPACITY_REPORTING_CRITERIA error 6 [PHONE0]
12-06 23:08:27.482  2932  3051 D RilRequest: [0040]< SET_LINK_CAPACITY_REPORTING_CRITERIA error: com.android.internal.telephony.CommandException: REQUEST_NOT_SUPPORTED ret= result=null
12-06 23:08:27.513  2932  3051 D RILJ    : [0068]< SET_LINK_CAPACITY_REPORTING_CRITERIA  [PHONE1]
12-06 23:08:27.526  2932  2932 D ImsManagerIM [0]: ImsService not up yet - timeout waiting for connection.
12-06 23:08:27.532  2932  2932 D SAT     : [0]onSimAbsent, reset activation state to UNKNOWN
12-06 23:08:27.532  2932  2932 D SAT     : [0]setVoiceActivationState=0
12-06 23:08:27.532  2932  2932 D SAT     : [0]setDataActivationState=0
12-06 23:08:27.533  2932  2932 D SMSDispatcher: Received broadcast android.intent.action.SIM_STATE_CHANGED
12-06 23:08:27.533  2932  2932 D SMSDispatcher: Received broadcast android.intent.action.SIM_STATE_CHANGED
12-06 23:08:27.533  2932  2932 D SMSDispatcher: Received broadcast android.intent.action.SIM_STATE_CHANGED
12-06 23:08:27.533  2932  2932 D SAT     : [1]onSimAbsent, reset activation state to UNKNOWN
12-06 23:08:27.533  2932  2932 D SAT     : [1]setVoiceActivationState=0
12-06 23:08:27.533  2932  2932 D SAT     : [1]setDataActivationState=0
12-06 23:08:27.534  2932  2932 D SMSDispatcher: Received broadcast android.intent.action.SIM_STATE_CHANGED
12-06 23:08:27.534  2932  2932 D SMSDispatcher: Received broadcast android.intent.action.SIM_STATE_CHANGED
12-06 23:08:27.534  2932  2932 D SMSDispatcher: Received broadcast android.intent.action.SIM_STATE_CHANGED
12-06 23:08:27.540  2932  3051 D RILJ    : [0041]< SET_LINK_CAPACITY_REPORTING_CRITERIA  [PHONE0]
12-06 23:08:27.540  2932  3051 D RILJ    : [0046]< SET_LINK_CAPACITY_REPORTING_CRITERIA error 6 [PHONE0]
12-06 23:08:27.540  2932  3051 D RilRequest: [0046]< SET_LINK_CAPACITY_REPORTING_CRITERIA error: com.android.internal.telephony.CommandException: REQUEST_NOT_SUPPORTED ret= result=null
12-06 23:08:27.542  2932  2932 D UiccProfile: handleMessage: Received OPEN_LOGICAL_CHANNEL_DONE for phoneId 0
12-06 23:08:27.542  2932  2932 D UiccProfile: handleMessage: Error in SIM access with exception com.android.internal.telephony.CommandException: NO_SUCH_ELEMENT
12-06 23:08:27.542  2932  2932 D SST     : [0] pollState: modemTriggered=true, radioState=0
12-06 23:08:27.542  2932  2932 D RILJ    : [0098]> OPERATOR [PHONE0]
12-06 23:08:27.543  2932  2932 D RILJ    : [0099]> QUERY_NETWORK_SELECTION_MODE [PHONE0]
12-06 23:08:27.543  2932  2932 D SST     : [1] pollState: modemTriggered=true, radioState=0
12-06 23:08:27.543  2932  2932 D RILJ    : [0101]> OPERATOR [PHONE1]
12-06 23:08:27.544  2932  2932 D RILJ    : [0102]> QUERY_NETWORK_SELECTION_MODE [PHONE1]
12-06 23:08:27.545  2932  3261 D RILJ    : [0100]> DATA_REGISTRATION_STATE [PHONE0]
12-06 23:08:27.545  2932  3261 D RILJ    : getDataRegistrationState: overrideHalVersion=null [PHONE0]
12-06 23:08:27.545  1656  1774 D RILC    : RadioImpl_1_5::getDataRegistrationState_1_5: serial 100
12-06 23:08:27.545  2932  3261 D RILJ    : [0103]> VOICE_REGISTRATION_STATE [PHONE0]
12-06 23:08:27.545  2932  3261 D RILJ    : getVoiceRegistrationState: overrideHalVersion=null [PHONE0]
12-06 23:08:27.546  1656  1774 D RILC    : RadioImpl_1_5::getVoiceRegistrationState_1_5: serial 103
12-06 23:08:27.546  2932  3173 D Phone-0 : [0] notifyCarrierRoamingNtnSignalStrengthChanged: ntnSignalStrength=0
12-06 23:08:27.546  2932  2932 D EmergencyNumberTracker: [1]updateEmergencyNumberListDatabaseAndNotify(): receiving countryIso: 
12-06 23:08:27.546  2932  2932 D EmergencyNumberTracker: [1]updateEmergencyNumberListDatabaseAndNotify(): using cached APM country es
12-06 23:08:27.547  2932  3261 D RILJ    : [0104]> DATA_REGISTRATION_STATE [PHONE1]
12-06 23:08:27.547  2932  3261 D RILJ    : getDataRegistrationState: overrideHalVersion=null [PHONE1]
12-06 23:08:27.547  1689  1689 D RILC    : RadioImpl_1_5::getDataRegistrationState_1_5: serial 104
12-06 23:08:27.547  2932  3261 D RILJ    : [0105]> VOICE_REGISTRATION_STATE [PHONE1]
12-06 23:08:27.547  2932  3261 D RILJ    : getVoiceRegistrationState: overrideHalVersion=null [PHONE1]
12-06 23:08:27.547  1689  1689 D RILC    : RadioImpl_1_5::getVoiceRegistrationState_1_5: serial 105
12-06 23:08:27.548  2932  2932 D EmergencyNumberTracker: [1]es asset emergency database is loaded. Ver: 2 Phone Id: 1 countryIso: es
12-06 23:08:27.549  2932  2932 E EmergencyNumberTracker: [1]Cache ota emergency database IOException: java.io.FileNotFoundException: /data/misc/emergencynumberdb/emergency_number_db: open failed: ENOENT (No such file or directory)
12-06 23:08:27.549  2932  2932 D EmergencyNumberTracker: [1]Using Asset Emergency database. Version: 2
12-06 23:08:27.550  2932  2932 D EmergencyNumberTracker: [1]notifyEmergencyNumberList(): notified
12-06 23:08:27.551  2932  2932 D SSCtr   : clearSignalStrengthUpdateRequest subId=-1 callingUid=1002 request=SignalStrengthUpdateRequest{mSignalThresholdInfos=[] mIsReportingRequestedWhileIdle=false mIsSystemThresholdReportingRequestedWhileIdle=true mLiveTokenandroid.os.BinderProxy@84c6e3f}
12-06 23:08:27.551  2932  2932 E Phone-0 : [0] getUserHandle: ex=java.lang.IllegalArgumentException: [getSubscriptionUserHandle]: Invalid subscriptionId: -1
12-06 23:08:27.567  2932  3051 D RILJ    : [0069]< SET_LINK_CAPACITY_REPORTING_CRITERIA  [PHONE1]
12-06 23:08:27.567  2932  3051 D RILJ    : [0070]< SET_LINK_CAPACITY_REPORTING_CRITERIA error 6 [PHONE1]
12-06 23:08:27.567  2932  3051 D RilRequest: [0070]< SET_LINK_CAPACITY_REPORTING_CRITERIA error: com.android.internal.telephony.CommandException: REQUEST_NOT_SUPPORTED ret= result=null
12-06 23:08:27.597  2932  3051 D RILJ    : [0047]< SET_LINK_CAPACITY_REPORTING_CRITERIA  [PHONE0]
12-06 23:08:27.603  2932  2932 D ImsManagerIM [0]: ImsService not up yet - timeout waiting for connection.
12-06 23:08:27.608  2932  2932 E CarrierActionAgent: [1]Unsupported action: 7
12-06 23:08:27.608  2932  2932 D CarrierActionAgent: [1]EVENT_SIM_STATE_CHANGED status: ABSENT
12-06 23:08:27.611  2932  2932 D SMSDispatcher: Received broadcast android.intent.action.SIM_STATE_CHANGED
12-06 23:08:27.612  2932  2932 D SMSDispatcher: Received broadcast android.intent.action.SIM_STATE_CHANGED
12-06 23:08:27.612  2932  2932 D AnkitSimAbsent: Sim is Absent
12-06 23:08:27.612  2932  2932 D SMSDispatcher: Received broadcast android.intent.action.SIM_STATE_CHANGED
12-06 23:08:27.612  2932  2932 D SMSDispatcher: Received broadcast android.intent.action.SIM_STATE_CHANGED
12-06 23:08:27.612  2932  2932 D SMSDispatcher: Received broadcast android.intent.action.SIM_STATE_CHANGED
12-06 23:08:27.612  2932  2932 D SMSDispatcher: Received broadcast android.intent.action.SIM_STATE_CHANGED
12-06 23:08:27.613  2932  2932 D AnkitSimAbsent: Sim is Absent
12-06 23:08:27.613  2932  2932 D SIMRecords: [SIMRecords-0] iccid: 893422230[****]
12-06 23:08:27.613  2932  2932 D SIMRecords: [SIMRecords-0] onRecordLoaded 2 requested: false
12-06 23:08:27.613  2932  2932 D SIMRecords: [SIMRecords-0] EF_LI LOADED
12-06 23:08:27.613  2932  2932 D SIMRecords: [SIMRecords-0] EF_LI=6573726F656E6672646568756974
12-06 23:08:27.613  2932  2932 D SIMRecords: [SIMRecords-0] onRecordLoaded 1 requested: false
12-06 23:08:27.613  2932  2932 D SIMRecords: [SIMRecords-0] EF_PL LOADED
12-06 23:08:27.613  2932  2932 D SIMRecords: [SIMRecords-0] EF_PL=6573726F656E6672646568756974
12-06 23:08:27.613  2932  2932 D SIMRecords: [SIMRecords-0] onRecordLoaded 0 requested: false
12-06 23:08:27.613  2932  2932 D SIMRecords: [SIMRecords-0] Not using EF LI/EF PL
12-06 23:08:27.614  2932  2932 D SIMRecords: [SIMRecords-0] EF_CFIS and EF_CFF not valid. callForwardingEnabled=-1
12-06 23:08:27.614  2932  2932 D UiccPkcs15: Creating UiccPkcs15
12-06 23:08:27.614  2932  2932 D UiccProfile: iccOpenLogicalChannel: A000000063504B43532D3135 , 4 by pid:2932 uid:1001
12-06 23:08:27.615  2932  2932 D RILJ    : [0106]> SIM_OPEN_CHANNEL [PHONE0]
12-06 23:08:27.618  2932  2932 D RILJ    : [0107]> SET_SIGNAL_STRENGTH_REPORTING_CRITERIA [PHONE0]
12-06 23:08:27.619  2932  2932 D SSCtr   : setSignalStrengthReportingCriteria consolidatedSignalThresholdInfos=[SignalThresholdInfo{mRan=1 mSignalMeasurementType=1 mHysteresisMs=3000 mHysteresisDb=2 mThresholds=[] mIsEnabled=false}, SignalThresholdInfo{mRan=2 mSignalMeasurementType=2 mHysteresisMs=3000 mHysteresisDb=2 mThresholds=[] mIsEnabled=false}, SignalThresholdInfo{mRan=3 mSignalMeasurementType=3 mHysteresisMs=3000 mHysteresisDb=2 mThresholds=[] mIsEnabled=false}, SignalThresholdInfo{mRan=3 mSignalMeasurementType=4 mHysteresisMs=3000 mHysteresisDb=2 mThresholds=[] mIsEnabled=false}, SignalThresholdInfo{mRan=3 mSignalMeasurementType=5 mHysteresisMs=3000 mHysteresisDb=2 mThresholds=[] mIsEnabled=false}, SignalThresholdInfo{mRan=6 mSignalMeasurementType=6 mHysteresisMs=3000 mHysteresisDb=2 mThresholds=[] mIsEnabled=false}, SignalThresholdInfo{mRan=6 mSignalMeasurementType=7 mHysteresisMs=3000 mHysteresisDb=2 mThresholds=[] mIsEnabled=false}, SignalThresholdInfo{mRan=6 mSignalMeasurementType=8 mHysteresisMs=3000 mHysteresisDb=2 mThresholds=[] mIsEnabled=false}, SignalThresholdInfo{mRan=2 mSignalMeasurementType=9 mHysteresisMs=3000 mHysteresisDb=2 mThresholds=[] mIsEnabled=false}]
12-06 23:08:27.619  2932  2932 D PinStorage: SIM card/application changed[1]: ABSENT
12-06 23:08:27.619  2932  2932 E CarrierActionAgent: [0]Unsupported action: 7
12-06 23:08:27.619  2932  2932 D CarrierActionAgent: [0]EVENT_SIM_STATE_CHANGED status: NOT_READY
12-06 23:08:27.620  2932  2932 D UiccProfile: handleMessage: Received ICC_LOCKED for phoneId 0
12-06 23:08:27.620  2932  2932 D UiccProfile: setExternalState: set mPhoneId=0 mExternalState=PIN_REQUIRED
12-06 23:08:27.622  2932  2932 D UiccController: updateSimState: phoneId=0, state=PIN_REQUIRED, reason=PIN
12-06 23:08:27.623  2932  2932 D LocaleTracker-1: updateLocale: countryIso = , countryIsoDebugInfo = radio off
12-06 23:08:27.623  2932  2932 D LocaleTracker-1: updateLocale: timeZoneCountryIso = , timeZoneCountryIsoDebugInfo = radio off
12-06 23:08:27.623  2932  2932 D NitzStateMachineImpl: handleCountryUnavailable: mLatestNitzSignal=null
12-06 23:08:27.623  2932  2932 D NitzStateMachineImpl: doTimeZoneDetection: countryIsoCode=null, nitzSignal=null, suggestion=TelephonyTimeZoneSuggestion{mSlotIndex=1, mZoneId='null', mMatchType=0, mQuality=0, mDebugInfo=[getTimeZoneSuggestion: nitzSignal=null, countryIsoCode=null, Detection reason=handleCountryUnavailable]}, reason=handleCountryUnavailable
12-06 23:08:27.623  2932  2932 D CarrierPrivilegesTracker: handleSimStateChanged: slotId=1 simState=1
12-06 23:08:27.624  2932  2932 D CarrierPrivilegesTracker: handleSimStateChanged: Ignore SIM gone event while UiccRules is empty or waiting to be emptied.
12-06 23:08:27.624  2932  2932 D DNC-1   : onSimStateChanged: state=ABSENT
12-06 23:08:27.624  2932  2932 D DNC-1   : onSimAbsent
12-06 23:08:27.624  2932  2932 D PinStorage: SIM card/application changed[0]: PRESENT
12-06 23:08:27.624  2932  2932 D LocaleTracker-0: updateLocale: countryIso = , countryIsoDebugInfo = radio off
12-06 23:08:27.624  2932  2932 D LocaleTracker-0: updateLocale: timeZoneCountryIso = , timeZoneCountryIsoDebugInfo = radio off
12-06 23:08:27.624  2932  2932 D NitzStateMachineImpl: handleCountryUnavailable: mLatestNitzSignal=null
12-06 23:08:27.624  2932  2932 D NitzStateMachineImpl: doTimeZoneDetection: countryIsoCode=null, nitzSignal=null, suggestion=TelephonyTimeZoneSuggestion{mSlotIndex=0, mZoneId='null', mMatchType=0, mQuality=0, mDebugInfo=[getTimeZoneSuggestion: nitzSignal=null, countryIsoCode=null, Detection reason=handleCountryUnavailable]}, reason=handleCountryUnavailable
12-06 23:08:27.624  2932  2932 D DNC-0   : onSimStateChanged: state=PRESENT
12-06 23:08:27.624  2932  2932 D SMSVC   : updateSimState: slot 0 PIN_REQUIRED
12-06 23:08:27.624  2932  2932 D SMSVC   : updateSubscription: phoneId=0, simState=PIN_REQUIRED
12-06 23:08:27.625  2932  2932 D SMSVC   :   [UiccSlot: mActive=true, mIccId={0=893422230[****]}, mIsEuicc=false, MEP=false, mPortIdxToPhoneId={0=0}, mEid=, mCardState={0=CARDSTATE_PRESENT} mSupportedMepMode=NONE]
12-06 23:08:27.625  2932  2932 D SMSVC   :   [UiccSlot: mActive=true, mIccId={0=}, mIsEuicc=false, MEP=false, mPortIdxToPhoneId={0=1}, mEid=, mCardState={0=CARDSTATE_ABSENT} mSupportedMepMode=NONE]
12-06 23:08:27.625  2932  2932 D SMSVC   : updateSubscription: Found iccId=893422230[****] on phone 0
12-06 23:08:27.625  2932  2932 D SMSVC   : updateSubscription: Found existing subscription. subId= 1, phoneId=0
12-06 23:08:27.627  2932  2932 D SMSVC   : updateSubscription: current mapping [slot 0: subId=1]
12-06 23:08:27.627  2932  3051 D RILJ    : [0071]< SET_LINK_CAPACITY_REPORTING_CRITERIA  [PHONE1]
12-06 23:08:27.627  2932  3051 D RILJ    : [0076]< SET_LINK_CAPACITY_REPORTING_CRITERIA error 6 [PHONE1]
12-06 23:08:27.627  2932  3051 D RilRequest: [0076]< SET_LINK_CAPACITY_REPORTING_CRITERIA error: com.android.internal.telephony.CommandException: REQUEST_NOT_SUPPORTED ret= result=null
12-06 23:08:27.628  2932  2932 D SMSVC   : updateSubscription: [SubscriptionInfoInternal: id=1 iccId=893422230[****] simSlotIndex=0 portIndex=0 isEmbedded=0 isRemovableEmbedded=0 carrierId=2442 displayName=Digi.Mobil carrierName=Sin servicio isOpportunistic=0 groupUuid= groupOwner= displayNameSource=SIM_SPN iconTint=-16749196 number= dataRoaming=1 mcc=214 mnc=22 ehplmns= hplmns=21422 cardString=893422230[****] cardId=0 nativeAccessRules= carrierConfigAccessRules= countryIso=es profileClass=-1 type=LOCAL_SIM areUiccApplicationsEnabled=1 usageSetting=DEFAULT isEnhanced4GModeEnabled=-1 isVideoTelephonyEnabled=-1 isWifiCallingEnabled=-1 isWifiCallingEnabledForRoaming=-1 wifiCallingMode=WIFI_PREFERRED wifiCallingModeForRoaming=WIFI_PREFERRED enabledMobileDataPolicies= imsi=214223003[****] rcsUceEnabled=0 crossSimCallingEnabled=0 rcsConfig= allowedNetworkTypesForReasons=user=654335 deviceToDeviceStatusSharingPreference=0 isVoImsOptInEnabled=0 deviceToDeviceStatusSharingContacts= numberFromCarrier= numberFromIms= userId=-10000 isSatelliteEnabled=0 satellite_attach_enabled_for_carrier=1 getOnlyNonTerrestrialNetwork=0 isGroupDisabled=false serviceCapabilities=7 transferStatus=0 satelliteEntitlementStatus=0 satelliteEntitlementPlmns= isSatelliteESOSSupported=0 isSatelliteProvisionedForNonIpDatagram=0 mSatelliteEntitlementBarredPlmnsList= mSatelliteEntitlementDataPlanForPlmn= mSatelliteEntitlementServicesForPlmn= mSatellitePlmnsDataServicePolicy= mSatellitePlmnsVoiceServicePolicy=]
12-06 23:08:27.628  2932  2932 D SMSVC   : Notify all subscriptions loaded.
12-06 23:08:27.629  2932  2932 D SMSVC   : updateDefaultSubId: Default sub id updated from -1 to 1, phoneId=0
12-06 23:08:27.634  2932  2932 D DNC-1   : onReevaluateExistingDataNetworks: No existing data networks to re-evaluate.
12-06 23:08:27.635  2932  2932 D SMSVC   : updateUserIdToAvailableSubs: {-10000=[1]}
12-06 23:08:27.639  2932  3051 D RILJ    : Unsol response received; Sending ack to ril.cpp [PHONE0]
12-06 23:08:27.640  2932  3051 D RILJ    : [UNSL]< UNSOL_RESPONSE_NETWORK_STATE_CHANGED [PHONE0]
12-06 23:08:27.640  2932  3261 D NRM-C-0 : onNetworkStateChanged
12-06 23:08:27.642  2932  3239 E TelephonyAnalyticsSubId: Null Pointer Exception Caught
12-06 23:08:27.643  2932  3197 D DSMGR-0 : onSubscriptionsChanged: -1 to 1
12-06 23:08:27.643  2932  3184 D ImsProvisioningController: MmTelFeatureListener[1] subId is not changed
12-06 23:08:27.643  2932  3184 D ImsProvisioningController: RcsFeatureListener[1] subId is not changed
12-06 23:08:27.643  2932  3184 D ImsProvisioningController: ProvisioningCallbackManager[0] ProvisioningCallbackManager clear 
12-06 23:08:27.643  2932  3184 D ImsProvisioningController: ProvisioningCallbackManager[1] subId is not changed 
12-06 23:08:27.643  2932  3180 D ImsStateCallbackController: [0, MMTEL] setSubId changed subId=1
12-06 23:08:27.643  2932  3180 D ImsStateCallbackController: [0, RCS] setSubId changed subId=1
12-06 23:08:27.644  2932  3167 D TelephonyAnalyticsSubId: SubId = 1SlotIndex = 0
12-06 23:08:27.645  1844  3195 W TelephonyRegistry: Pid 1844 has exceeded half the number of permissible registered listeners. Now at 36
12-06 23:08:27.645  1844  3179 W TelephonyRegistry: Pid 2932 has exceeded half the number of permissible registered listeners. Now at 79
12-06 23:08:27.646  1844  1869 W TelephonyRegistry: Pid 1844 has exceeded half the number of permissible registered listeners. Now at 37
12-06 23:08:27.648  2932  3051 D RILJ    : [0048]< SET_LINK_CAPACITY_REPORTING_CRITERIA  [PHONE0]
12-06 23:08:27.648  2932  3051 D RILJ    : [0049]< SET_LINK_CAPACITY_REPORTING_CRITERIA error 6 [PHONE0]
12-06 23:08:27.648  2932  3051 D RilRequest: [0049]< SET_LINK_CAPACITY_REPORTING_CRITERIA error: com.android.internal.telephony.CommandException: REQUEST_NOT_SUPPORTED ret= result=null
12-06 23:08:27.650  1844  2455 W TelephonyRegistry: Pid 2932 has exceeded half the number of permissible registered listeners. Now at 79
12-06 23:08:27.650  2932  3167 D TelephonyAnalytics: Started Listener, mSubId = 1SlotId = 0
12-06 23:08:27.650  2932  2932 D SMSVC   : updateUserIdToAvailableSubs: {-10000=[1]}
12-06 23:08:27.657  1656  1731 E RILQ    : (0/1656): RIL[0][(1656,1731)] get_ecc_property_name: ecc list name : ril.ecclist.
12-06 23:08:27.659  2932  3167 D TelephonyAnalyticsSubId: SubId = 1SlotIndex = 0
12-06 23:08:27.659  2932  2966 E TelephonyAnalyticsSubId: Null Pointer Exception Caught
12-06 23:08:27.660  2932  3184 D ImsProvisioningController: MmTelFeatureListener[0] subId is not changed
12-06 23:08:27.660  2932  3184 D ImsProvisioningController: MmTelFeatureListener[1] subId is not changed
12-06 23:08:27.660  2932  3184 D ImsProvisioningController: RcsFeatureListener[0] subId is not changed
12-06 23:08:27.660  2932  3184 D ImsProvisioningController: RcsFeatureListener[1] subId is not changed
12-06 23:08:27.660  2932  3184 D ImsProvisioningController: ProvisioningCallbackManager[0] subId is not changed 
12-06 23:08:27.660  2932  3184 D ImsProvisioningController: ProvisioningCallbackManager[1] subId is not changed 
12-06 23:08:27.661  1844  3195 W TelephonyRegistry: Pid 1844 has exceeded half the number of permissible registered listeners. Now at 38
12-06 23:08:27.661  2932  3051 D RILJ    : Unsol response received; Sending ack to ril.cpp [PHONE1]
12-06 23:08:27.661  2932  3051 D RILJ    : [UNSL]< UNSOL_RESPONSE_NETWORK_STATE_CHANGED [PHONE1]
12-06 23:08:27.661  2932  3051 E RILJ    : processResponse: Unexpected response! serial: 55, error: 0 [PHONE1]
12-06 23:08:27.661  2932  3261 D NRM-C-1 : onNetworkStateChanged
12-06 23:08:27.661  2932  3051 D RILJ    : [UNSL]< UNSOL_EMERGENCY_NUMBER_LIST [[EmergencyNumber: 112, countryIso=, mnc=, src=sim , routing=unknown, categories=, urns=], [EmergencyNumber: 911, countryIso=, mnc=, src=sim , routing=unknown, categories=, urns=]] [PHONE0]
12-06 23:08:27.661  2932  3051 E RILJ    : processResponse: Unexpected response! serial: 55, error: 0 [PHONE1]
12-06 23:08:27.661  2932  3051 E RILJ    : processResponse: Unexpected response! serial: 55, error: 0 [PHONE1]
12-06 23:08:27.661  2932  3051 E RILJ    : processResponse: Unexpected response! serial: 55, error: 0 [PHONE1]
12-06 23:08:27.661  2932  3051 E RILJ    : processResponse: Unexpected response! serial: 55, error: 0 [PHONE1]
