11-05 15:53:59.677  7296  7296 W CAM_Camera2CompatAdapterRole: Warning: getAuxCameraId(): #init() failed, roleId=20
11-05 15:53:59.677  7296  7296 W CAM_Camera2CompatAdapterRole: Warning: getUltraTeleCameraId(): #init() failed, roleId=23
11-05 15:53:59.697   668   668 I hwservicemanager: getTransport: Cannot find entry vendor.qti.hardware.servicetracker@1.0::IServicetracker/default in either framework or device VINTF manifest.
11-05 15:53:59.700  7296 15730 D CAM_GalleryHelper: bind service: camera = com.android.camera.Camera@c3fae43, mIsGalleryServiceBound = false
11-05 15:53:59.700  7296 15730 D CAM_BoostFrameworkImpl: startBoost: duration = 100, scene = 6
11-05 15:53:59.700  7296 15730 D CAM_BoostFrameworkImpl: ready to boost
11-05 15:53:59.703   668   668 I hwservicemanager: getTransport: Cannot find entry vendor.qti.hardware.servicetracker@1.0::IServicetracker/default in either framework or device VINTF manifest.
11-05 15:53:59.703  1856  2689 D BackgroundInstallControlService: Package event received: 0
11-05 15:53:59.704  1856  4169 V GrammaticalInflectionUtils: AttributionSource: android.content.AttributionSource@6fe8d2ff does not have READ_SYSTEM_GRAMMATICAL_GENDER permission.
11-05 15:53:59.707   936   936 I Zygote  : Entering forkRepeatedly native zygote loop
11-05 15:53:59.716   936   936 D Zygote  : Forked child process 26160
11-05 15:53:59.717  1856  1906 I ActivityManager: Start proc 26160:com.miui.gallery/u0a800 for service {com.miui.gallery/com.miui.gallery.util.GalleryBackgroundService}
11-05 15:53:59.717  1856  1906 I ActivityManager: ProcessObserver broadcast disabled
11-05 15:53:59.718 26160 26160 W Zygote  : Unable to open libbeluga.so: dlopen failed: library "libbeluga.so" not found.
11-05 15:53:59.739 26160 26160 I om.miui.gallery: Using CollectorTypeCC GC.
11-05 15:53:59.745 26160 26160 D nativeloader: Load libframework-connectivity-tiramisu-jni.so using APEX ns com_android_tethering for caller /apex/com.android.tethering/javalib/framework-connectivity-t.jar: ok
11-05 15:53:59.750  1856  4169 D CompatibilityInfo: mCompatibilityFlags - 0
11-05 15:53:59.750  1856  4169 D CompatibilityInfo: applicationDensity - 440
11-05 15:53:59.750  1856  4169 D CompatibilityInfo: applicationScale - 1.0
11-05 15:53:59.753  7296 15697 V CAM_PreviewImage: fillYUVDataWithoutPadding: image size=1440x1080, yBufSize=1589728, uvBufSize=794847, yRowStride=1472, uvRowStride=1472
11-05 15:53:59.755  7296 15697 V CAM_PreviewImage: fillYUVDataWithoutPadding: cost time = 1ms
11-05 15:53:59.755  7296 25983 V CAM_QRCodeDecoder: decode E: previewImage is null? false
11-05 15:53:59.758 26160 26160 D ApplicationLoaders: Returning zygote-cached class loader: /system/framework/org.apache.http.legacy.jar
11-05 15:53:59.763  7296 25983 W CAM_QRCodeDecoder: decode: failed...  
11-05 15:53:59.763  7296  7296 V CAM_QRCodeDecoder: decode X: result = 
11-05 15:53:59.766  7296 15863 W CameraMetadataJV: Expect face scores and rectangles to be non-null
11-05 15:53:59.766  7296 15863 W CameraMetadataJV: Expect face scores and rectangles to be non-null
11-05 15:53:59.767  7296 15863 D CAM_MarshalQueryableASDScene: Expected size should be 8, but got: 0
11-05 15:53:59.767  7296 15863 D CAM_MarshalQueryableASDScene: Expected size should be 8, but got: 0
11-05 15:53:59.767  7296 15863 D CAM_MarshalQueryableASDScene: Expected size should be 8, but got: 0
11-05 15:53:59.770  7296  7296 W CAM_Camera2CompatAdapterRole: Warning: getAuxCameraId(): #init() failed, roleId=20
11-05 15:53:59.770  7296  7296 W CAM_Camera2CompatAdapterRole: Warning: getUltraTeleCameraId(): #init() failed, roleId=23
11-05 15:53:59.784 26160 26160 D nativeloader: Configuring clns-shared-9 for other apk /system/priv-app/MiuiGallery/MiuiGallery.apk. target_sdk_version=33, uses_libraries=libOpenCL.so:libSNPE.so:libadsprpc.so:libcdsprpc.so:libsdsprpc.so, library_path=/system/priv-app/MiuiGallery/lib/arm64:/system/priv-app/MiuiGallery/MiuiGallery.apk!/lib/arm64-v8a:/system/lib64:/system_ext/lib64, permitted_path=/data:/mnt/expand:/data/user/0/com.miui.gallery:/system/priv-app/MiuiGallery:/system/lib64:/system_ext/lib64
11-05 15:53:59.807 26160 26160 I om.miui.gallery: AssetManager2(0xb400006dab1b04b8) locale list changing from [] to [es-ES]
11-05 15:53:59.811 26160 26160 E BoostFramework: BoostFramework() : Exception_1 = java.lang.ClassNotFoundException: com.qualcomm.qti.Performance
11-05 15:53:59.811 26160 26160 E BoostFramework: BoostFramework() Ux Perf: Exception = java.lang.ClassNotFoundException: com.qualcomm.qti.UxPerformance
11-05 15:53:59.814 26160 26160 V GraphicsEnvironment: Currently set values for:
11-05 15:53:59.815 26160 26160 V GraphicsEnvironment:   angle_gl_driver_selection_pkgs=[com.android.angle, com.linecorp.b612.android, com.campmobile.snow, com.google.android.apps.tachyon]
11-05 15:53:59.815 26160 26160 V GraphicsEnvironment:   angle_gl_driver_selection_values=[angle, native, native, native]
11-05 15:53:59.815 26160 26160 V GraphicsEnvironment: com.miui.gallery is not listed in per-application setting
11-05 15:53:59.815 26160 26160 V GraphicsEnvironment: ANGLE allowlist from config: 
11-05 15:53:59.815 26160 26160 V GraphicsEnvironment: com.miui.gallery is not listed in ANGLE allowlist or settings, returning default
11-05 15:53:59.815 26160 26160 V GraphicsEnvironment: Neither updatable production driver nor prerelease driver is supported.
11-05 15:53:59.832  7296 15863 W CameraMetadataJV: Expect face scores and rectangles to be non-null
11-05 15:53:59.832  7296 15863 W CameraMetadataJV: Expect face scores and rectangles to be non-null
11-05 15:53:59.835  7296 15863 D CAM_MarshalQueryableASDScene: Expected size should be 8, but got: 0
11-05 15:53:59.835  7296 15863 D CAM_MarshalQueryableASDScene: Expected size should be 8, but got: 0
11-05 15:53:59.836  7296 15863 D CAM_MarshalQueryableASDScene: Expected size should be 8, but got: 0
11-05 15:53:59.836  7296  7296 W CAM_Camera2CompatAdapterRole: Warning: getAuxCameraId(): #init() failed, roleId=20
11-05 15:53:59.836  7296  7296 W CAM_Camera2CompatAdapterRole: Warning: getUltraTeleCameraId(): #init() failed, roleId=23
11-05 15:53:59.837   668   668 I hwservicemanager: getTransport: Cannot find entry vendor.qti.hardware.servicetracker@1.0::IServicetracker/default in either framework or device VINTF manifest.
11-05 15:53:59.838   668   668 I hwservicemanager: getTransport: Cannot find entry vendor.qti.hardware.servicetracker@1.0::IServicetracker/default in either framework or device VINTF manifest.
11-05 15:53:59.857 26160 26160 D GalleryLoggerFactory: Starting configure
11-05 15:53:59.878  4453  4503 I AndroidBackupEventsLogg: (REDACTED) Logging with sampling event %s
11-05 15:53:59.878 26160 26174 D logback : Setting up root logger.
11-05 15:53:59.880 26160 26174 D logback : setting totalSizeCap to 35 MB
11-05 15:53:59.880 26160 26174 D logback : Archive files will be limited to [15 MB] each.
11-05 15:53:59.881 26160 26174 D logback : Will use gz compression
11-05 15:53:59.881 26160 26174 D logback : Will use the pattern /data/user/0/com.miui.gallery/files/debug_log/gallery-%d{yyyy-MM-dd}.%i for the active file
11-05 15:53:59.881 26160 26174 D logback : The date pattern is 'yyyy-MM-dd' from file name pattern '/data/user/0/com.miui.gallery/files/debug_log/gallery-%d{yyyy-MM-dd}.%i.gz'.
11-05 15:53:59.881 26160 26174 D logback : Roll-over at midnight.
11-05 15:53:59.882 26160 26174 D logback : Setting initial period to Wed Nov 05 15:27:09 GMT+01:00 2025
11-05 15:53:59.884 26160 26174 D logback : Cleaning on start up
11-05 15:53:59.884 26160 26174 D logback : Cleaning temp file on start up
11-05 15:53:59.884 26160 26174 D logback : Active log file name: /data/user/0/com.miui.gallery/files/debug_log/gallery.log
11-05 15:53:59.885 26160 26174 D logback : File property is set to [/data/user/0/com.miui.gallery/files/debug_log/gallery.log]
11-05 15:53:59.885 26160 26176 D logback : Removed  0 Bytes of files
11-05 15:53:59.885 26160 26175 D logback : Removed  0 Bytes of files
11-05 15:53:59.885 26160 26174 D logback : Attaching appender named [DEFAULT_FILE] to AsyncAppender.
11-05 15:53:59.885 26160 26174 D logback : Setting discardingThreshold to 32
11-05 15:53:59.885 26160 26174 D logback : setting totalSizeCap to 50 MB
11-05 15:53:59.885 26160 26174 D logback : Archive files will be limited to [15 MB] each.
11-05 15:53:59.885 26160 26174 D logback : Will use gz compression
11-05 15:53:59.885 26160 26174 D logback : Will use the pattern /data/user/0/com.miui.gallery/files/debug_log/sync-%d{yyyy-MM-dd}.%i for the active file
11-05 15:53:59.885 26160 26174 D logback : The date pattern is 'yyyy-MM-dd' from file name pattern '/data/user/0/com.miui.gallery/files/debug_log/sync-%d{yyyy-MM-dd}.%i.gz'.
11-05 15:53:59.885 26160 26174 D logback : Roll-over at midnight.
11-05 15:53:59.886   668   668 I hwservicemanager: getTransport: Cannot find entry vendor.qti.hardware.servicetracker@1.0::IServicetracker/default in either framework or device VINTF manifest.
11-05 15:53:59.886 26160 26174 D logback : Setting initial period to Wed Nov 05 15:25:22 GMT+01:00 2025
11-05 15:53:59.887 26160 26174 D logback : Cleaning on start up
11-05 15:53:59.887   668   668 I hwservicemanager: getTransport: Cannot find entry vendor.qti.hardware.servicetracker@1.0::IServicetracker/default in either framework or device VINTF manifest.
11-05 15:53:59.887 26160 26174 D logback : Cleaning temp file on start up
11-05 15:53:59.887 26160 26174 D logback : Active log file name: /data/user/0/com.miui.gallery/files/debug_log/sync.log
11-05 15:53:59.887 26160 26174 D logback : File property is set to [/data/user/0/com.miui.gallery/files/debug_log/sync.log]
11-05 15:53:59.887 26160 26175 D logback : Removed  0 Bytes of files
11-05 15:53:59.887 26160 26174 D logback : Attaching appender named [SYNC_FILE] to AsyncAppender.
11-05 15:53:59.887 26160 26174 D logback : Setting discardingThreshold to 16
11-05 15:53:59.887 26160 26176 D logback : Removed  0 Bytes of files
11-05 15:53:59.887 26160 26174 D GalleryLoggerFactory: doInit costs: 9
11-05 15:53:59.888 26160 26174 D GalleryLoggerFactory: Configure loggers costs 30ms
11-05 15:53:59.892   668   668 I hwservicemanager: getTransport: Cannot find entry vendor.qti.hardware.servicetracker@1.0::IServicetracker/default in either framework or device VINTF manifest.
11-05 15:53:59.893   668   668 I hwservicemanager: getTransport: Cannot find entry vendor.qti.hardware.servicetracker@1.0::IServicetracker/default in either framework or device VINTF manifest.
11-05 15:53:59.894  4453  4503 I Backup  : [GmsBackupTransport] Backup finished for com.google.android.gm
11-05 15:53:59.894 26160 26160 D MiuiGallery2_GalleryAppInitializer: [main] - initialize for process: com.miui.gallery
11-05 15:53:59.894  4453  4503 I AndroidBackupEventsLogg: (REDACTED) Logging with sampling event %s
11-05 15:53:59.895  1856 25635 D BackupManagerConstants: getBackupFinishedNotificationReceivers(...) returns 
11-05 15:53:59.895  1092  2115 E libprotobuf-native: [libprotobuf ERROR external/protobuf/src/google/protobuf/message_lite.cc:123] Can't parse message of type "sns_flicker_event" because it is missing required fields: (cannot determine missing fields for lite message)
11-05 15:53:59.895 23227 23227 I Backup  : [BackupNowBackupAgentsRunner] Backup done for com.google.android.gm, success: 0
11-05 15:53:59.895  1092 25991 E libprotobuf-native: [libprotobuf ERROR external/protobuf/src/google/protobuf/message_lite.cc:123] Can't parse message of type "sns_flicker_event" because it is missing required fields: (cannot determine missing fields for lite message)
11-05 15:53:59.896  1856 25635 D KeyValueBackupTask: Starting key-value backup of com.google.android.accessibility.switchaccess
11-05 15:53:59.897  1856 25635 V GrammaticalInflectionUtils: AttributionSource: android.content.AttributionSource@5b77be61 does not have READ_SYSTEM_GRAMMATICAL_GENDER permission.
11-05 15:53:59.897 26160 26160 W System.err: java.lang.ClassNotFoundException: Didn't find class "com.xiaomi.micloudsdk.os.MiCloudSdkVersion" on path: DexPathList[[zip file "/system/priv-app/MiuiGallery/MiuiGallery.apk"],nativeLibraryDirectories=[/system/priv-app/MiuiGallery/lib/arm64, /system/priv-app/MiuiGallery/MiuiGallery.apk!/lib/arm64-v8a, /system/lib64, /system_ext/lib64, /system/lib64, /system_ext/lib64]]
11-05 15:53:59.898 26160 26160 W System.err: 	at dalvik.system.BaseDexClassLoader.findClass(BaseDexClassLoader.java:259)
11-05 15:53:59.898 26160 26160 W System.err: 	at java.lang.ClassLoader.loadClass(ClassLoader.java:637)
11-05 15:53:59.898 26160 26160 W System.err: 	at java.lang.ClassLoader.loadClass(ClassLoader.java:573)
11-05 15:53:59.898 26160 26160 W System.err: 	at com.xiaomi.micloudsdk.utils.ReflectUtils.loadClass(Unknown Source:6)
11-05 15:53:59.898 26160 26160 W System.err: 	at com.xiaomi.micloudsdk.utils.MiCloudSDKDependencyUtil.getSDKEnvironment(Unknown Source:2)
11-05 15:53:59.898 26160 26160 W System.err: 	at com.xiaomi.micloudsdk.utils.MiCloudSDKDependencyUtil.<clinit>(Unknown Source:0)
11-05 15:53:59.898 26160 26160 W System.err: 	at micloud.compat.independent.request.RequestEnvBuilderCompat.<clinit>(Unknown Source:0)
11-05 15:53:59.898 26160 26160 W System.err: 	at com.xiaomi.micloudsdk.request.utils.RequestContext.<clinit>(Unknown Source:0)
11-05 15:53:59.898  1856 25635 D BackupManagerService: [UserID:0] awaiting agent for com.google.android.accessibility.switchaccess
11-05 15:53:59.898 26160 26160 W System.err: 	at com.xiaomi.micloudsdk.request.utils.Request.init(Unknown Source:0)
11-05 15:53:59.898 26160 26160 W System.err: 	at com.miui.gallery.startup.GalleryAppInitializer.initDataInUIThread(Unknown Source:0)
11-05 15:53:59.898 26160 26160 W System.err: 	at com.miui.gallery.startup.GalleryAppInitializer.access$100(Unknown Source:0)
11-05 15:53:59.898 26160 26160 W System.err: 	at com.miui.gallery.startup.GalleryAppInitializer$DefaultInitializer.initialize(Unknown Source:10)
11-05 15:53:59.898 26160 26160 W System.err: 	at com.miui.gallery.startup.GalleryAppInitializer.create(Unknown Source:73)
11-05 15:53:59.898 26160 26160 W System.err: 	at com.miui.gallery.startup.GalleryAppInitializer.create(Unknown Source:0)
11-05 15:53:59.898 26160 26160 W System.err: 	at androidx.startup.AppInitializer.doInitialize(Unknown Source:88)
11-05 15:53:59.898 26160 26160 W System.err: 	at androidx.startup.AppInitializer.discoverAndInitialize(Unknown Source:99)
11-05 15:53:59.898 26160 26160 W System.err: 	at androidx.startup.InitializationProvider.onCreate(Unknown Source:10)
11-05 15:53:59.898 26160 26160 W System.err: 	at android.content.ContentProvider.attachInfo(ContentProvider.java:2649)
11-05 15:53:59.898 26160 26160 W System.err: 	at android.content.ContentProvider.attachInfo(ContentProvider.java:2618)
11-05 15:53:59.898 26160 26160 W System.err: 	at android.app.ActivityThread.installProvider(ActivityThread.java:8720)
11-05 15:53:59.898 26160 26160 W System.err: 	at android.app.ActivityThread.installContentProviders(ActivityThread.java:8240)
11-05 15:53:59.898 26160 26160 W System.err: 	at android.app.ActivityThread.handleBindApplication(ActivityThread.java:7864)
11-05 15:53:59.898 26160 26160 W System.err: 	at android.app.ActivityThread.-$$Nest$mhandleBindApplication(Unknown Source:0)
11-05 15:53:59.898 26160 26160 W System.err: 	at android.app.ActivityThread$H.handleMessage(ActivityThread.java:2574)
11-05 15:53:59.899 26160 26160 W System.err: 	at android.os.Handler.dispatchMessage(Handler.java:110)
11-05 15:53:59.899 26160 26160 W System.err: 	at android.os.Looper.loopOnce(Looper.java:248)
11-05 15:53:59.899 26160 26160 W System.err: 	at android.os.Looper.loop(Looper.java:338)
11-05 15:53:59.899 26160 26160 W System.err: 	at android.app.ActivityThread.main(ActivityThread.java:9145)
11-05 15:53:59.899 26160 26160 W System.err: 	at java.lang.reflect.Method.invoke(Native Method)
11-05 15:53:59.899 26160 26160 W System.err: 	at com.android.internal.os.RuntimeInit$MethodAndArgsCaller.run(RuntimeInit.java:596)
11-05 15:53:59.899 26160 26160 W System.err: 	at com.android.internal.os.ZygoteInit.main(ZygoteInit.java:940)
11-05 15:53:59.899 26160 26160 W System.err: java.lang.ClassNotFoundException: Didn't find class "miui.cloud.helper.BroadcastIntentHelper" on path: DexPathList[[zip file "/system/priv-app/MiuiGallery/MiuiGallery.apk"],nativeLibraryDirectories=[/system/priv-app/MiuiGallery/lib/arm64, /system/priv-app/MiuiGallery/MiuiGallery.apk!/lib/arm64-v8a, /system/lib64, /system_ext/lib64, /system/lib64, /system_ext/lib64]]
11-05 15:53:59.899 26160 26160 W System.err: 	at dalvik.system.BaseDexClassLoader.findClass(BaseDexClassLoader.java:259)
11-05 15:53:59.899 26160 26160 W System.err: 	at java.lang.ClassLoader.loadClass(ClassLoader.java:637)
11-05 15:53:59.899 26160 26160 W System.err: 	at java.lang.ClassLoader.loadClass(ClassLoader.java:573)
11-05 15:53:59.899 26160 26160 W System.err: 	at com.xiaomi.micloudsdk.utils.ReflectUtils.loadClass(Unknown Source:6)
11-05 15:53:59.899 26160 26160 W System.err: 	at com.xiaomi.micloudsdk.utils.MiCloudSDKDependencyUtil.getSDKEnvironment(Unknown Source:19)
11-05 15:53:59.899 26160 26160 W System.err: 	at com.xiaomi.micloudsdk.utils.MiCloudSDKDependencyUtil.<clinit>(Unknown Source:0)
11-05 15:53:59.899 26160 26160 W System.err: 	at micloud.compat.independent.request.RequestEnvBuilderCompat.<clinit>(Unknown Source:0)
11-05 15:53:59.900 26160 26160 W System.err: 	at com.xiaomi.micloudsdk.request.utils.RequestContext.<clinit>(Unknown Source:0)
11-05 15:53:59.900 26160 26160 W System.err: 	at com.xiaomi.micloudsdk.request.utils.Request.init(Unknown Source:0)
11-05 15:53:59.900 26160 26160 W System.err: 	at com.miui.gallery.startup.GalleryAppInitializer.initDataInUIThread(Unknown Source:0)
11-05 15:53:59.900 26160 26160 W System.err: 	at com.miui.gallery.startup.GalleryAppInitializer.access$100(Unknown Source:0)
11-05 15:53:59.900 26160 26160 W System.err: 	at com.miui.gallery.startup.GalleryAppInitializer$DefaultInitializer.initialize(Unknown Source:10)
11-05 15:53:59.900 26160 26160 W System.err: 	at com.miui.gallery.startup.GalleryAppInitializer.create(Unknown Source:73)
11-05 15:53:59.900 26160 26160 W System.err: 	at com.miui.gallery.startup.GalleryAppInitializer.create(Unknown Source:0)
11-05 15:53:59.900 26160 26160 W System.err: 	at androidx.startup.AppInitializer.doInitialize(Unknown Source:88)
11-05 15:53:59.900 26160 26160 W System.err: 	at androidx.startup.AppInitializer.discoverAndInitialize(Unknown Source:99)
11-05 15:53:59.900 26160 26160 W System.err: 	at androidx.startup.InitializationProvider.onCreate(Unknown Source:10)
11-05 15:53:59.900 26160 26160 W System.err: 	at android.content.ContentProvider.attachInfo(ContentProvider.java:2649)
11-05 15:53:59.900 26160 26160 W System.err: 	at android.content.ContentProvider.attachInfo(ContentProvider.java:2618)
11-05 15:53:59.900 26160 26160 W System.err: 	at android.app.ActivityThread.installProvider(ActivityThread.java:8720)
11-05 15:53:59.900 26160 26160 W System.err: 	at android.app.ActivityThread.installContentProviders(ActivityThread.java:8240)
11-05 15:53:59.900 26160 26160 W System.err: 	at android.app.ActivityThread.handleBindApplication(ActivityThread.java:7864)
11-05 15:53:59.900 26160 26160 W System.err: 	at android.app.ActivityThread.-$$Nest$mhandleBindApplication(Unknown Source:0)
11-05 15:53:59.900 26160 26160 W System.err: 	at android.app.ActivityThread$H.handleMessage(ActivityThread.java:2574)
11-05 15:53:59.900 26160 26160 W System.err: 	at android.os.Handler.dispatchMessage(Handler.java:110)
11-05 15:53:59.900 26160 26160 W System.err: 	at android.os.Looper.loopOnce(Looper.java:248)
11-05 15:53:59.900 26160 26160 W System.err: 	at android.os.Looper.loop(Looper.java:338)
11-05 15:53:59.900 26160 26160 W System.err: 	at android.app.ActivityThread.main(ActivityThread.java:9145)
11-05 15:53:59.900 26160 26160 W System.err: 	at java.lang.reflect.Method.invoke(Native Method)
11-05 15:53:59.900 26160 26160 W System.err: 	at com.android.internal.os.RuntimeInit$MethodAndArgsCaller.run(RuntimeInit.java:596)
11-05 15:53:59.900 26160 26160 W System.err: 	at com.android.internal.os.ZygoteInit.main(ZygoteInit.java:940)
11-05 15:53:59.905   936   936 D Zygote  : Forked child process 26181
11-05 15:53:59.905  1856  1906 I ActivityManager: Start proc 26181:com.google.android.accessibility.switchaccess/u0a638 for backup {com.google.android.accessibility.switchaccess/com.google.android.accessibility.switchaccess.backup.SwitchAccessBackupAgent}
11-05 15:53:59.905  1856  1906 I ActivityManager: ProcessObserver broadcast disabled
11-05 15:53:59.906 26181 26181 W Zygote  : Unable to open libbeluga.so: dlopen failed: library "libbeluga.so" not found.
11-05 15:53:59.906 26160 26160 W System.err: java.lang.ClassNotFoundException: Didn't find class "com.xiaomi.micloudsdk.utils.MiCloudRuntimeConstants" on path: DexPathList[[zip file "/system/priv-app/MiuiGallery/MiuiGallery.apk"],nativeLibraryDirectories=[/system/priv-app/MiuiGallery/lib/arm64, /system/priv-app/MiuiGallery/MiuiGallery.apk!/lib/arm64-v8a, /system/lib64, /system_ext/lib64, /system/lib64, /system_ext/lib64]]
11-05 15:53:59.907 26160 26160 W System.err: 	at dalvik.system.BaseDexClassLoader.findClass(BaseDexClassLoader.java:259)
11-05 15:53:59.907 26160 26160 W System.err: 	at java.lang.ClassLoader.loadClass(ClassLoader.java:637)
11-05 15:53:59.907 26160 26160 W System.err: 	at java.lang.ClassLoader.loadClass(ClassLoader.java:573)
11-05 15:53:59.907 26160 26160 W System.err: 	at com.xiaomi.micloudsdk.utils.ReflectUtils.loadClass(Unknown Source:6)
11-05 15:53:59.907 26160 26160 W System.err: 	at com.xiaomi.micloudsdk.utils.MiCloudSDKDependencyUtil.getSDKEnvironment(Unknown Source:30)
11-05 15:53:59.907 26160 26160 W System.err: 	at com.xiaomi.micloudsdk.utils.MiCloudSDKDependencyUtil.<clinit>(Unknown Source:0)
11-05 15:53:59.907 26160 26160 W System.err: 	at micloud.compat.independent.request.RequestEnvBuilderCompat.<clinit>(Unknown Source:0)
11-05 15:53:59.907 26160 26160 W System.err: 	at com.xiaomi.micloudsdk.request.utils.RequestContext.<clinit>(Unknown Source:0)
11-05 15:53:59.907 26160 26160 W System.err: 	at com.xiaomi.micloudsdk.request.utils.Request.init(Unknown Source:0)
11-05 15:53:59.907 26160 26160 W System.err: 	at com.miui.gallery.startup.GalleryAppInitializer.initDataInUIThread(Unknown Source:0)
11-05 15:53:59.907 26160 26160 W System.err: 	at com.miui.gallery.startup.GalleryAppInitializer.access$100(Unknown Source:0)
11-05 15:53:59.907 26160 26160 W System.err: 	at com.miui.gallery.startup.GalleryAppInitializer$DefaultInitializer.initialize(Unknown Source:10)
11-05 15:53:59.907 26160 26160 W System.err: 	at com.miui.gallery.startup.GalleryAppInitializer.create(Unknown Source:73)
11-05 15:53:59.907 26160 26160 W System.err: 	at com.miui.gallery.startup.GalleryAppInitializer.create(Unknown Source:0)
11-05 15:53:59.907 26160 26160 W System.err: 	at androidx.startup.AppInitializer.doInitialize(Unknown Source:88)
11-05 15:53:59.907 26160 26160 W System.err: 	at androidx.startup.AppInitializer.discoverAndInitialize(Unknown Source:99)
11-05 15:53:59.907 26160 26160 W System.err: 	at androidx.startup.InitializationProvider.onCreate(Unknown Source:10)
11-05 15:53:59.907 26160 26160 W System.err: 	at android.content.ContentProvider.attachInfo(ContentProvider.java:2649)
11-05 15:53:59.907 26160 26160 W System.err: 	at android.content.ContentProvider.attachInfo(ContentProvider.java:2618)
11-05 15:53:59.907 26160 26160 W System.err: 	at android.app.ActivityThread.installProvider(ActivityThread.java:8720)
11-05 15:53:59.907 26160 26160 W System.err: 	at android.app.ActivityThread.installContentProviders(ActivityThread.java:8240)
11-05 15:53:59.907 26160 26160 W System.err: 	at android.app.ActivityThread.handleBindApplication(ActivityThread.java:7864)
11-05 15:53:59.907 26160 26160 W System.err: 	at android.app.ActivityThread.-$$Nest$mhandleBindApplication(Unknown Source:0)
11-05 15:53:59.907 26160 26160 W System.err: 	at android.app.ActivityThread$H.handleMessage(ActivityThread.java:2574)
11-05 15:53:59.907 26160 26160 W System.err: 	at android.os.Handler.dispatchMessage(Handler.java:110)
11-05 15:53:59.907 26160 26160 W System.err: 	at android.os.Looper.loopOnce(Looper.java:248)
11-05 15:53:59.907 26160 26160 W System.err: 	at android.os.Looper.loop(Looper.java:338)
11-05 15:53:59.907 26160 26160 W System.err: 	at android.app.ActivityThread.main(ActivityThread.java:9145)
11-05 15:53:59.907 26160 26160 W System.err: 	at java.lang.reflect.Method.invoke(Native Method)
11-05 15:53:59.907 26160 26160 W System.err: 	at com.android.internal.os.RuntimeInit$MethodAndArgsCaller.run(RuntimeInit.java:596)
11-05 15:53:59.907 26160 26160 W System.err: 	at com.android.internal.os.ZygoteInit.main(ZygoteInit.java:940)
11-05 15:53:59.907 26160 26160 I MiCloudSDKDependencyUtil: MiCloudSDK environment: -1
11-05 15:53:59.910 26160 26179 I FeatureParser: can't find nuwa.xml in assets/device_features/,it may be in /system/etc/device_features
11-05 15:53:59.910 26160 26179 E FeatureParser: both assets/device_features/ and /system/etc/device_features don't exist nuwa.xml
11-05 15:53:59.911 26160 26179 D MiuiGallery2_DeviceFeature: [preview-pool-0] - isDeviceSupportTimeBurstVideo: true isDeviceSupportVideoCompress: true isDeviceSupportMediaFeatureSelection: true isDeviceSupportAnalyticFaceAndScene: true isDeviceSupportVideoEditorEntrance: false isDeviceSupportVlogEntrance: true isDeviceSuperLowVlogEntrance: false isDeviceSupportArtStillEntrance: true isDeviceSupportVideoPostEntrance: false isDeviceSupportPortraitColor: true isDeviceSupportRemover: true isDeviceSupportMagicMattingEntrance: true isDeviceSupportVideoFrame: true isDeviceSupportPhotoMovie: true isDeviceMovieUseXmSDK: true isDeviceMovieUseLowResolution: false isHighEndDevice: true isMiddleEndDevice: false isSupportLocalOCR: true isSupportHDREnhance: false isSupportDolbyVideo: false isSupportPrint: false
11-05 15:53:59.912 26160 26179 W System  : ClassLoader referenced unknown path: /system_ext/framework/MiuiBooster.jar
11-05 15:53:59.913 26160 26179 E DeviceUtils: static init(): Load Class Exception:java.lang.ClassNotFoundException: Didn't find class "com.miui.performance.DeviceLevelUtils" on path: DexPathList[[],nativeLibraryDirectories=[/system/lib64, /system_ext/lib64]]
11-05 15:53:59.913 26160 26179 E DeviceUtils: static init(): Load MiuiMiddle Class Exception:java.lang.NullPointerException: Attempt to invoke virtual method 'java.lang.reflect.Method java.lang.Class.getDeclaredMethod(java.lang.String, java.lang.Class[])' on a null object reference
11-05 15:53:59.913 26160 26179 E DeviceUtils: static init(): MiuiBooster is not in this rom
11-05 15:53:59.913 26160 26179 I DeviceUtils: isMiuiLiteRom failed
11-05 15:53:59.913 26160 26179 I DeviceUtils: java.lang.ClassNotFoundException: miui.os.Build
11-05 15:53:59.913 26160 26179 I DeviceUtils: 	at java.lang.Class.classForName(Native Method)
11-05 15:53:59.913 26160 26179 I DeviceUtils: 	at java.lang.Class.forName(Class.java:597)
11-05 15:53:59.913 26160 26179 I DeviceUtils: 	at java.lang.Class.forName(Class.java:502)
11-05 15:53:59.913 26160 26179 I DeviceUtils: 	at miuix.device.DeviceUtils.isMiuiLiteRom(Unknown Source:8)
11-05 15:53:59.913 26160 26179 I DeviceUtils: 	at miuix.device.DeviceUtils.isMiuiLiteV2(Unknown Source:0)
11-05 15:53:59.913 26160 26179 I DeviceUtils: 	at com.miui.gallery.util.BuildUtil.isMiuiLiteV2(Unknown Source:0)
11-05 15:53:59.913 26160 26179 I DeviceUtils: 	at com.miui.gallery.activity.HomePageStartupHelper2$Companion.getHomePageViewMode(Unknown Source:32)
11-05 15:53:59.913 26160 26179 I DeviceUtils: 	at com.miui.gallery.activity.HomePageStartupHelper2$Companion.startPreloadHomePageDatasTask$lambda-4(Unknown Source:19)
11-05 15:53:59.913 26160 26179 I DeviceUtils: 	at com.miui.gallery.activity.HomePageStartupHelper2$Companion.$r8$lambda$jRCAtUGLda6jsB3AsM6uc7LI66k(Unknown Source:0)
11-05 15:53:59.913 26160 26179 I DeviceUtils: 	at com.miui.gallery.activity.HomePageStartupHelper2$Companion$$ExternalSyntheticLambda2.run(Unknown Source:2)
11-05 15:53:59.913 26160 26179 I DeviceUtils: 	at java.util.concurrent.ThreadPoolExecutor.runWorker(ThreadPoolExecutor.java:1156)
11-05 15:53:59.913 26160 26179 I DeviceUtils: 	at java.util.concurrent.ThreadPoolExecutor$Worker.run(ThreadPoolExecutor.java:651)
11-05 15:53:59.913 26160 26179 I DeviceUtils: 	at java.lang.Thread.run(Thread.java:1119)
11-05 15:53:59.913 26160 26179 I DeviceUtils: 	at com.miui.gallery.concurrent.PriorityThreadFactory$1.run(Unknown Source:9)
11-05 15:53:59.913 26160 26179 I DeviceUtils: Caused by: java.lang.ClassNotFoundException: miui.os.Build
11-05 15:53:59.913 26160 26179 I DeviceUtils: 	... 14 more
11-05 15:53:59.913 26160 26179 E DeviceUtils: getPerf DeviceUtils(): newInstance Exception:java.lang.Exception: getAppContext fail
11-05 15:53:59.913 26160 26179 W System.err: java.lang.Exception: getAppContext fail
11-05 15:53:59.913 26160 26179 W System.err: 	at miuix.device.DeviceUtils.getPerf(Unknown Source:31)
11-05 15:53:59.913 26160 26179 W System.err: 	at miuix.device.DeviceUtils.getMiuiMiddleVersion(Unknown Source:8)
11-05 15:53:59.913 26160 26179 W System.err: 	at miuix.device.DeviceUtils.isMiuiMiddle(Unknown Source:0)
11-05 15:53:59.913 26160 26179 W System.err: 	at com.miui.gallery.util.BuildUtil.isMiuiMiddle(Unknown Source:0)
11-05 15:53:59.913 26160 26179 W System.err: 	at com.miui.gallery.activity.HomePageStartupHelper2$Companion.getHomePageViewMode(Unknown Source:44)
11-05 15:53:59.913 26160 26179 W System.err: 	at com.miui.gallery.activity.HomePageStartupHelper2$Companion.startPreloadHomePageDatasTask$lambda-4(Unknown Source:19)
11-05 15:53:59.913 26160 26179 W System.err: 	at com.miui.gallery.activity.HomePageStartupHelper2$Companion.$r8$lambda$jRCAtUGLda6jsB3AsM6uc7LI66k(Unknown Source:0)
11-05 15:53:59.913 26160 26179 W System.err: 	at com.miui.gallery.activity.HomePageStartupHelper2$Companion$$ExternalSyntheticLambda2.run(Unknown Source:2)
11-05 15:53:59.913 26160 26179 W System.err: 	at java.util.concurrent.ThreadPoolExecutor.runWorker(ThreadPoolExecutor.java:1156)
11-05 15:53:59.913 26160 26179 W System.err: 	at java.util.concurrent.ThreadPoolExecutor$Worker.run(ThreadPoolExecutor.java:651)
11-05 15:53:59.913 26160 26179 W System.err: 	at java.lang.Thread.run(Thread.java:1119)
11-05 15:53:59.913 26160 26179 W System.err: 	at com.miui.gallery.concurrent.PriorityThreadFactory$1.run(Unknown Source:9)
11-05 15:53:59.914 26160 26179 E DeviceUtils: getMiuiMiddleVersion failed , e:java.lang.NullPointerException: Attempt to invoke virtual method 'java.lang.Object java.lang.reflect.Method.invoke(java.lang.Object, java.lang.Object[])' on a null object reference
11-05 15:53:59.914 26160 26179 I SQLiteGlobal: relinker load sqlitex
11-05 15:53:59.915 26160 26183 I MiuiGallery2_ScreenConfig: [app-init-thread] - screenWidth: 1080, screenHeight: 2340, density->2.75
11-05 15:53:59.915  7296 15863 W CameraMetadataJV: Expect face scores and rectangles to be non-null
11-05 15:53:59.915  7296 15863 W CameraMetadataJV: Expect face scores and rectangles to be non-null
11-05 15:53:59.915  7296 15863 D CAM_MarshalQueryableASDScene: Expected size should be 8, but got: 0
11-05 15:53:59.916  7296 15863 D CAM_MarshalQueryableASDScene: Expected size should be 8, but got: 0
11-05 15:53:59.916  7296 15863 D CAM_MarshalQueryableASDScene: Expected size should be 8, but got: 0
11-05 15:53:59.916  7296  7296 W CAM_Camera2CompatAdapterRole: Warning: getAuxCameraId(): #init() failed, roleId=20
11-05 15:53:59.916  7296  7296 W CAM_Camera2CompatAdapterRole: Warning: getUltraTeleCameraId(): #init() failed, roleId=23
11-05 15:53:59.917 26160 26183 I DeviceUtils: isMiuiLiteRom failed
11-05 15:53:59.917 26160 26183 I DeviceUtils: java.lang.ClassNotFoundException: miui.os.Build
11-05 15:53:59.917 26160 26183 I DeviceUtils: 	at java.lang.Class.classForName(Native Method)
11-05 15:53:59.917 26160 26183 I DeviceUtils: 	at java.lang.Class.forName(Class.java:597)
11-05 15:53:59.917 26160 26183 I DeviceUtils: 	at java.lang.Class.forName(Class.java:502)
11-05 15:53:59.917 26160 26183 I DeviceUtils: 	at miuix.device.DeviceUtils.isMiuiLiteRom(Unknown Source:8)
11-05 15:53:59.917 26160 26183 I DeviceUtils: 	at miuix.device.DeviceUtils.isMiuiLiteV2(Unknown Source:0)
11-05 15:53:59.917 26160 26183 I DeviceUtils: 	at com.miui.gallery.util.BuildUtil.isMiuiLiteV2(Unknown Source:0)
11-05 15:53:59.917 26160 26183 I DeviceUtils: 	at com.miui.gallery.assistant.manager.MediaFeatureManager.isDeviceSupportMediaFeatureSelection(Unknown Source:10)
11-05 15:53:59.917 26160 26183 I DeviceUtils: 	at com.miui.gallery.assistant.manager.MediaFeatureManager.isImageFeatureCalculationEnable(Unknown Source:0)
11-05 15:53:59.917 26160 26183 I DeviceUtils: 	at com.miui.gallery.assistant.manager.MediaFeatureManager.isDeviceSupportStoryFunction(Unknown Source:0)
11-05 15:53:59.917 26160 26183 I DeviceUtils: 	at com.miui.gallery.startup.GalleryAppInitializer.doInitInSubThreadAtOnce(Unknown Source:3)
11-05 15:53:59.917 26160 26183 I DeviceUtils: 	at com.miui.gallery.startup.GalleryAppInitializer.lambda$initDataInSubThread$0(Unknown Source:5)
11-05 15:53:59.917 26160 26183 I DeviceUtils: 	at com.miui.gallery.startup.GalleryAppInitializer.$r8$lambda$trmmkXCAcqqU5p0Jyrl8sH7WL0s(Unknown Source:0)
11-05 15:53:59.917 26160 26183 I DeviceUtils: 	at com.miui.gallery.startup.GalleryAppInitializer$$ExternalSyntheticLambda1.run(Unknown Source:4)
11-05 15:53:59.917 26160 26183 I DeviceUtils: 	at java.lang.Thread.run(Thread.java:1119)
11-05 15:53:59.917 26160 26183 I DeviceUtils: Caused by: java.lang.ClassNotFoundException: miui.os.Build
11-05 15:53:59.917 26160 26183 I DeviceUtils: 	... 14 more
11-05 15:53:59.917 26160 26183 I DeviceUtils: isMiuiLiteRom failed
11-05 15:53:59.917 26160 26183 I DeviceUtils: java.lang.ClassNotFoundException: miui.os.Build
11-05 15:53:59.917 26160 26183 I DeviceUtils: 	at java.lang.Class.classForName(Native Method)
11-05 15:53:59.917 26160 26183 I DeviceUtils: 	at java.lang.Class.forName(Class.java:597)
11-05 15:53:59.917 26160 26183 I DeviceUtils: 	at java.lang.Class.forName(Class.java:502)
11-05 15:53:59.917 26160 26183 I DeviceUtils: 	at miuix.device.DeviceUtils.isMiuiLiteRom(Unknown Source:8)
11-05 15:53:59.917 26160 26183 I DeviceUtils: 	at miuix.device.DeviceUtils.isMiuiLiteV2(Unknown Source:0)
11-05 15:53:59.917 26160 26183 I DeviceUtils: 	at com.miui.gallery.util.BuildUtil.isMiuiLiteV2(Unknown Source:0)
11-05 15:53:59.917 26160 26183 I DeviceUtils: 	at com.miui.gallery.assistant.manager.MediaFeatureManager.isDeviceSupportStoryFunction(Unknown Source:18)
11-05 15:53:59.917 26160 26183 I DeviceUtils: 	at com.miui.gallery.startup.GalleryAppInitializer.doInitInSubThreadAtOnce(Unknown Source:3)
11-05 15:53:59.917 26160 26183 I DeviceUtils: 	at com.miui.gallery.startup.GalleryAppInitializer.lambda$initDataInSubThread$0(Unknown Source:5)
11-05 15:53:59.917 26160 26183 I DeviceUtils: 	at com.miui.gallery.startup.GalleryAppInitializer.$r8$lambda$trmmkXCAcqqU5p0Jyrl8sH7WL0s(Unknown Source:0)
11-05 15:53:59.917 26160 26183 I DeviceUtils: 	at com.miui.gallery.startup.GalleryAppInitializer$$ExternalSyntheticLambda1.run(Unknown Source:4)
11-05 15:53:59.917 26160 26183 I DeviceUtils: 	at java.lang.Thread.run(Thread.java:1119)
11-05 15:53:59.917 26160 26183 I DeviceUtils: Caused by: java.lang.ClassNotFoundException: miui.os.Build
11-05 15:53:59.917 26160 26183 I DeviceUtils: 	... 12 more
11-05 15:53:59.918 26160 26183 D MiuiGallery2_GalleryAppInitializer: [app-init-thread] - init MediaFeatureManager
11-05 15:53:59.925 26160 26179 D nativeloader: Load /system/priv-app/MiuiGallery/MiuiGallery.apk!/lib/arm64-v8a/libsqliteX.so using class loader ns clns-shared-9 (caller=/system/priv-app/MiuiGallery/MiuiGallery.apk): ok
11-05 15:53:59.925 26160 26183 I om.miui.gallery: AssetManager2(0xb400006dab1ae898) locale list changing from [] to [es-ES]
11-05 15:53:59.926 26160 26183 D MiuiGallery2_CloudControlManager: [app-init-thread] - start init
11-05 15:53:59.926 26160 26183 D MiuiGallery2_CloudControlManager: [app-init-thread] - init
11-05 15:53:59.927 26160 26183 D MiuiGallery2_CloudControlManager: [app-init-thread] - not initialized, waiting lock from:
11-05 15:53:59.927 26160 26183 D MiuiGallery2_CloudControlManager: dalvik.system.VMStack.getThreadStackTrace(Native Method)
11-05 15:53:59.927 26160 26183 D MiuiGallery2_CloudControlManager: 	java.lang.Thread.getStackTrace(Thread.java:1960)
11-05 15:53:59.927 26160 26183 D MiuiGallery2_CloudControlManager: 	com.miui.gallery.cloudcontrol.CloudControlManager.initialized(Unknown Source:64)
11-05 15:53:59.927 26160 26183 D MiuiGallery2_CloudControlManager: 	com.miui.gallery.cloudcontrol.CloudControlManager.queryFeatureStrategy(Unknown Source:0)
11-05 15:53:59.927 26160 26183 D MiuiGallery2_CloudControlManager: 	com.miui.gallery.cloudcontrol.CloudControlManager.queryFeatureStrategy(Unknown Source:1)
11-05 15:53:59.927 26160 26183 D MiuiGallery2_CloudControlManager: 	com.miui.gallery.cloudcontrol.CloudControlStrategyHelper.getSyncStrategy(Unknown Source:6)
11-05 15:53:59.927 26160 26183 D MiuiGallery2_CloudControlManager: 	com.miui.gallery.preference.GalleryPreferences$AppStartupPres.<clinit>(Unknown Source:0)
11-05 15:53:59.927 26160 26183 D MiuiGallery2_CloudControlManager: 	com.miui.gallery.preference.GalleryPreferences$Sync.isSetExemptMasterSyncAuto(Unknown Source:0)
11-05 15:53:59.927 26160 26183 D MiuiGallery2_CloudControlManager: 	com.miui.gallery.startup.GalleryAppInitializer.doInitInSubThreadAtOnce(Unknown Source:32)
11-05 15:53:59.927 26160 26183 D MiuiGallery2_CloudControlManager: 	com.miui.gallery.startup.GalleryAppInitializer.lambda$initDataInSubThread$0(Unknown Source:5)
11-05 15:53:59.927 26160 26183 D MiuiGallery2_CloudControlManager: 	com.miui.gallery.startup.GalleryAppInitializer.$r8$lambda$trmmkXCAcqqU5p0Jyrl8sH7WL0s(Unknown Source:0)
11-05 15:53:59.927 26160 26183 D MiuiGallery2_CloudControlManager: 	com.miui.gallery.startup.GalleryAppInitializer$$ExternalSyntheticLambda1.run(Unknown Source:4)
11-05 15:53:59.927 26160 26183 D MiuiGallery2_CloudControlManager: 	java.lang.Thread.run(Thread.java:1119)
11-05 15:53:59.928 26160 26184 D ActivityThread: Loading provider com.miui.gallery.cloud.provider: com.miui.gallery.provider.GalleryProvider
11-05 15:53:59.928 26160 26185 D MiuiGallery2_MediaManager: [MediaManagerInit] - acquire initialize lock
11-05 15:53:59.929 26160 26185 D MiuiGallery2_MediaManager: [MediaManagerInit] - start initialize
11-05 15:53:59.930 26160 26160 D DumpLogProvider: onCreate
11-05 15:53:59.932 26181 26181 I ty.switchaccess: Using CollectorTypeCC GC.
11-05 15:53:59.932 26160 26179 D SQLiteTrace: trace disabled
11-05 15:53:59.939 26181 26181 D nativeloader: Load libframework-connectivity-tiramisu-jni.so using APEX ns com_android_tethering for caller /apex/com.android.tethering/javalib/framework-connectivity-t.jar: ok
11-05 15:53:59.939 26160 26179 D MiuiGallery2_GalleryDateUtils: [preview-pool-0] - get cache: 1762352824000
11-05 15:53:59.940 26160 26179 D MiuiGallery2_GalleryDateUtils: [preview-pool-0] - get cache: 1762292929114
11-05 15:53:59.941 26160 26179 D MiuiGallery2_GalleryDateUtils: [preview-pool-0] - get cache: 1762194986310
11-05 15:53:59.944  1856  4169 D CompatibilityInfo: mCompatibilityFlags - 0
11-05 15:53:59.944  1856  4169 D CompatibilityInfo: applicationDensity - 440
11-05 15:53:59.944  1856  4169 D CompatibilityInfo: applicationScale - 1.0
11-05 15:53:59.947 26160 26184 I MiuiGallery2_SQLiteView: [AsyncTask #1] - Create view [extended_cloud] as latest, force: false
11-05 15:53:59.947 26160 26184 I MiuiGallery2_SQLiteView: [AsyncTask #1] - Create view [extended_faceImage] as latest, force: false
11-05 15:53:59.948 26160 26184 D MiuiGallery2_ProfileCache: [AsyncTask #1] - Load 0 items from database, cost 22 ms.
11-05 15:53:59.948 26160 26179 E ashmem  : Pinning is deprecated since Android Q. Please use trim or other methods.
11-05 15:53:59.949 26160 26185 D MiuiGallery2_AlbumCacheManager: [MediaManagerInit] - start load attributes
11-05 15:53:59.951 26160 26160 D AutoDensity: autodensity debugEnable = 
11-05 15:53:59.951 26181 26181 D ApplicationLoaders: Returning zygote-cached class loader: /system_ext/framework/androidx.window.extensions.jar
11-05 15:53:59.951 26181 26181 D ApplicationLoaders: Returning zygote-cached class loader: /system_ext/framework/androidx.window.sidecar.jar
11-05 15:53:59.951 26160 26179 D MiuiGallery2_GalleryDateUtils: [preview-pool-0] - get cache: 1762119700559
11-05 15:53:59.952 26160 26179 D MiuiGallery2_GalleryDateUtils: [preview-pool-0] - get cache: 1762011523492
11-05 15:53:59.952 26160 26179 D MiuiGallery2_HomePageStartupHelper2: [preview-pool-0] - preload image count 28
11-05 15:53:59.953 26160 26179 D MiuiGallery2_HomePageStartupHelper2: [preview-pool-0] - preload items size:[28],count:[33]
11-05 15:53:59.953 26160 26185 D MiuiGallery2_MediaSortDateHelper: [MediaManagerInit] - query album localPath costs: 3ms
11-05 15:53:59.954 26160 26185 D MiuiGallery2_AlbumCacheManager: [MediaManagerInit] - update album[1]'s attributes to 5
11-05 15:53:59.954 26160 26185 D MiuiGallery2_AlbumCacheManager: [MediaManagerInit] - update album[2]'s attributes to 1
11-05 15:53:59.954 26160 26185 D MiuiGallery2_AlbumCacheManager: [MediaManagerInit] - update album[3]'s attributes to 64
11-05 15:53:59.954 26160 26185 D MiuiGallery2_AlbumCacheManager: [MediaManagerInit] - update album[4]'s attributes to 1
11-05 15:53:59.954 26160 26185 D MiuiGallery2_AlbumCacheManager: [MediaManagerInit] - update album[5]'s attributes to 64
11-05 15:53:59.954 26160 26185 D MiuiGallery2_AlbumCacheManager: [MediaManagerInit] - update album[6]'s attributes to 64
11-05 15:53:59.954 26160 26185 D MiuiGallery2_AlbumCacheManager: [MediaManagerInit] - update album[7]'s attributes to 64
11-05 15:53:59.955 26160 26160 I om.miui.gallery: AssetManager2(0xb400006dab1b2718) locale list changing from [] to [es-ES]
11-05 15:53:59.955 26160 26185 D MiuiGallery2_AlbumCacheManager: [MediaManagerInit] - update album[8]'s attributes to 64
11-05 15:53:59.955 26160 26185 D MiuiGallery2_AlbumCacheManager: [MediaManagerInit] - update album[9]'s attributes to 64
11-05 15:53:59.955 26160 26185 D MiuiGallery2_AlbumCacheManager: [MediaManagerInit] - update album[10]'s attributes to 64
11-05 15:53:59.955 26160 26185 D MiuiGallery2_AlbumCacheManager: [MediaManagerInit] - update album[11]'s attributes to 64
11-05 15:53:59.955 26160 26185 D MiuiGallery2_AlbumCacheManager: [MediaManagerInit] - end load attributes cost: 6
11-05 15:53:59.956 26160 26203 D MiuiGallery2_AlbumCacheManager: [gallery_Right_Now_0] - start load albums
11-05 15:53:59.956 26160 26185 D MiuiGallery2_FavoritesDelegate: [MediaManagerInit] - loaded 0 favorite cloud id from cursor [0]
11-05 15:53:59.956 26160 26185 D MiuiGallery2_FavoritesDelegate: [MediaManagerInit] - load favorite cloud id costs [1]
11-05 15:53:59.957   668   668 I hwservicemanager: getTransport: Cannot find entry vendor.qti.hardware.servicetracker@1.0::IServicetracker/default in either framework or device VINTF manifest.
11-05 15:53:59.960 26160 26179 D MiuiGallery2_GalleryConnectivityMonitor: [preview-pool-0] - ACCESS_NETWORK_STATE permission granted, registering connectivity monitor
11-05 15:53:59.960  1856  4169 D ConnectivityService: Returning UNBLOCKED NetworkInfo to uid=10800
11-05 15:53:59.964 26160 26179 D MiuiGallery2_ConstraintTracker: [preview-pool-0] - NetworkStateTracker: initial state = [ Connected=true Validated=true Metered=false NotRoaming=true ]
11-05 15:53:59.964 26160 26179 D MiuiGallery2_NetworkStateTracker: [preview-pool-0] - Registering network callback
11-05 15:53:59.965 26160 26160 D MiuiGallery2_photoPageStartup: [main] - GalleryBackgroundService onCreate 
11-05 15:53:59.965 26181 26181 I ty.switchaccess: Could not load runtime generated app image: Boot image checksum mismatch (0xb34a0afd != 0x743940c1) in image /data/user/0/com.google.android.accessibility.switchaccess/cache/oat_primary/arm64/base.art
11-05 15:53:59.966 26160 26160 E BoostFramework: BoostFramework() : Exception_1 = java.lang.ClassNotFoundException: com.qualcomm.qti.Performance
11-05 15:53:59.966 26181 26181 W ty.switchaccess: Failed to find entry 'classes.dex': Entry not found
11-05 15:53:59.966 26160 26160 E BoostFramework: BoostFramework() Ux Perf: Exception = java.lang.ClassNotFoundException: com.qualcomm.qti.UxPerformance
11-05 15:53:59.966 26160 26160 D MiuiGallery2_BootFrameWorkUtil: [main] - start boost:2000
11-05 15:53:59.966 26160 26185 I MiuiGallery2_ShareAlbumCacheManager: [MediaManagerInit] - reload
11-05 15:53:59.966 26160 26185 I MiuiGallery2_ShareAlbumCacheManager: [MediaManagerInit] - reload cost:6
11-05 15:53:59.966 26160 26160 D MiuiGallery2_BootFrameWorkUtil: [main] - start to boost
11-05 15:53:59.966 26160 26185 D MiuiGallery2_MediaManager: [MediaManagerInit] - read first part
11-05 15:53:59.967 26160 26160 D MiuiGallery2_photoPageStartup: [main] - GalleryBackgroundService onBind
11-05 15:53:59.967  1856  4169 D ConnectivityService: requestNetwork for uid/pid:10800/26160 activeRequest: null callbackRequest: 731 [NetworkRequest [ REQUEST id=732, [ Capabilities: INTERNET&NOT_RESTRICTED&TRUSTED&NOT_VCN_MANAGED&NOT_BANDWIDTH_CONSTRAINED Uid: 10800 RequestorUid: 10800 RequestorPkg: com.miui.gallery UnderlyingNetworks: Null] ]] callback flags: 0 order: 2147483647 isUidTracked: false declaredMethods: AVAIL|LOST|NC
11-05 15:53:59.969  1856  2637 D WifiNetworkFactory: got request NetworkRequest [ REQUEST id=732, [ Capabilities: INTERNET&NOT_RESTRICTED&TRUSTED&NOT_VCN_MANAGED&NOT_BANDWIDTH_CONSTRAINED Uid: 10800 RequestorUid: 10800 RequestorPkg: com.miui.gallery UnderlyingNetworks: Null] ]
11-05 15:53:59.969  1856  2637 D UntrustedWifiNetworkFactory: got request NetworkRequest [ REQUEST id=732, [ Capabilities: INTERNET&NOT_RESTRICTED&TRUSTED&NOT_VCN_MANAGED&NOT_BANDWIDTH_CONSTRAINED Uid: 10800 RequestorUid: 10800 RequestorPkg: com.miui.gallery UnderlyingNetworks: Null] ]
11-05 15:53:59.969  1856  2644 D ConnectivityService: NetReassign [732 : null → 101] [c 1] [a 0] [i 1]
11-05 15:53:59.969  1856  2637 D OemPaidWifiNetworkFactory: got request NetworkRequest [ REQUEST id=732, [ Capabilities: INTERNET&NOT_RESTRICTED&TRUSTED&NOT_VCN_MANAGED&NOT_BANDWIDTH_CONSTRAINED Uid: 10800 RequestorUid: 10800 RequestorPkg: com.miui.gallery UnderlyingNetworks: Null] ]
11-05 15:53:59.969  1856  2637 D MultiInternetWifiNetworkFactory: got request NetworkRequest [ REQUEST id=732, [ Capabilities: INTERNET&NOT_RESTRICTED&TRUSTED&NOT_VCN_MANAGED&NOT_BANDWIDTH_CONSTRAINED Uid: 10800 RequestorUid: 10800 RequestorPkg: com.miui.gallery UnderlyingNetworks: Null] ]
11-05 15:53:59.969  7296  7296 V CAM_GalleryHelper: connected: ComponentInfo{com.miui.gallery/com.miui.gallery.util.GalleryBackgroundService}
11-05 15:53:59.970 26181 26181 D nativeloader: Configuring clns-9 for other apk /data/app/~~JY9wIwOlB5vUluhl4vlt9Q==/com.google.android.accessibility.switchaccess-x2UxObfr6v8dPWgn7APs1Q==/base.apk:/data/app/~~JY9wIwOlB5vUluhl4vlt9Q==/com.google.android.accessibility.switchaccess-x2UxObfr6v8dPWgn7APs1Q==/split_config.arm64_v8a.apk. target_sdk_version=36, uses_libraries=, library_path=/data/app/~~JY9wIwOlB5vUluhl4vlt9Q==/com.google.android.accessibility.switchaccess-x2UxObfr6v8dPWgn7APs1Q==/lib/arm64:/data/app/~~JY9wIwOlB5vUluhl4vlt9Q==/com.google.android.accessibility.switchaccess-x2UxObfr6v8dPWgn7APs1Q==/base.apk!/lib/arm64-v8a:/data/app/~~JY9wIwOlB5vUluhl4vlt9Q==/com.google.android.accessibility.switchaccess-x2UxObfr6v8dPWgn7APs1Q==/split_config.arm64_v8a.apk!/lib/arm64-v8a, permitted_path=/data:/mnt/expand:/data/user/0/com.google.android.accessibility.switchaccess
11-05 15:53:59.979 26181 26181 I ty.switchaccess: AssetManager2(0xb400006dab1b1a98) locale list changing from [] to [es-ES]
11-05 15:53:59.982 26181 26181 E BoostFramework: BoostFramework() : Exception_1 = java.lang.ClassNotFoundException: com.qualcomm.qti.Performance
11-05 15:53:59.982 26181 26181 E BoostFramework: BoostFramework() Ux Perf: Exception = java.lang.ClassNotFoundException: com.qualcomm.qti.UxPerformance
11-05 15:53:59.985 26181 26181 V GraphicsEnvironment: Currently set values for:
11-05 15:53:59.985 26181 26181 V GraphicsEnvironment:   angle_gl_driver_selection_pkgs=[com.android.angle, com.linecorp.b612.android, com.campmobile.snow, com.google.android.apps.tachyon]
11-05 15:53:59.985 26181 26181 V GraphicsEnvironment:   angle_gl_driver_selection_values=[angle, native, native, native]
11-05 15:53:59.985 26181 26181 V GraphicsEnvironment: com.google.android.accessibility.switchaccess is not listed in per-application setting
11-05 15:53:59.985 26181 26181 V GraphicsEnvironment: ANGLE allowlist from config: 
11-05 15:53:59.985 26181 26181 V GraphicsEnvironment: com.google.android.accessibility.switchaccess is not listed in ANGLE allowlist or settings, returning default
11-05 15:53:59.985 26181 26181 V GraphicsEnvironment: Neither updatable production driver nor prerelease driver is supported.
11-05 15:53:59.993  7296 15863 W CameraMetadataJV: Expect face scores and rectangles to be non-null
11-05 15:53:59.994  7296 15863 W CameraMetadataJV: Expect face scores and rectangles to be non-null
11-05 15:53:59.994  7296 15863 D CAM_MarshalQueryableASDScene: Expected size should be 8, but got: 0
11-05 15:53:59.994  7296 15863 D CAM_MarshalQueryableASDScene: Expected size should be 8, but got: 0
11-05 15:53:59.994  7296 15863 D CAM_MarshalQueryableASDScene: Expected size should be 8, but got: 0
11-05 15:53:59.995  7296  7296 W CAM_Camera2CompatAdapterRole: Warning: getAuxCameraId(): #init() failed, roleId=20
11-05 15:53:59.995  7296  7296 W CAM_Camera2CompatAdapterRole: Warning: getUltraTeleCameraId(): #init() failed, roleId=23
