10-30 20:51:54.249  2871  2871 D BaseAllAppsAdapter: onBindViewHolder: isPrivateSpaceItem: false isStateTransitioning: false isScrolling: false readyToAnimate: false currentState: 0 currentAlpha: 1.0
10-30 20:51:54.249  2871  2871 D BaseAllAppsAdapter: onBindViewHolder: isPrivateSpaceItem: false isStateTransitioning: false isScrolling: false readyToAnimate: false currentState: 0 currentAlpha: 1.0
10-30 20:51:54.249  2871  2871 D BaseAllAppsAdapter: onBindViewHolder: isPrivateSpaceItem: false isStateTransitioning: false isScrolling: false readyToAnimate: false currentState: 0 currentAlpha: 1.0
10-30 20:51:54.249  2871  2871 D BaseAllAppsAdapter: onBindViewHolder: isPrivateSpaceItem: false isStateTransitioning: false isScrolling: false readyToAnimate: false currentState: 0 currentAlpha: 1.0
10-30 20:51:54.250  2871  2871 D AllAppsStore: setApps: apps.length=95
10-30 20:51:54.250  2871  2871 D AllAppsStore: notifyUpdate: notifying listeners
10-30 20:51:54.250  2871  2871 D ActivityAllAppsContainerView: onAppsUpdated; number of apps: 95
10-30 20:51:54.250  2871  2871 D ActivityAllAppsContainerView: rebindAdapters: force: false
10-30 20:51:54.250  2871  2871 D ActivityAllAppsContainerView: rebindAdapters: Not needed.
10-30 20:51:54.251  2871  2871 D StatsLog: LAUNCHER_ALLAPPS_COUNT
10-30 20:51:54.251  2871  2871 D AlphabeticalAppsList: Clearing FastScrollerSections.
10-30 20:51:54.251  2871  2871 D AlphabeticalAppsList: Adding apps with sections. HasPrivateApps: false
10-30 20:51:54.251  2871  2871 D AlphabeticalAppsList: addAppsWithSections: adding sectionName: A with appInfoTitle: Accord
10-30 20:51:54.251  2871  2871 D AlphabeticalAppsList: addAppsWithSections: adding sectionName: B with appInfoTitle: Banco Galicia
10-30 20:51:54.251  2871  2871 D AlphabeticalAppsList: addAppsWithSections: adding sectionName: C with appInfoTitle: CaixaBankNow
10-30 20:51:54.251  2871  2871 D AlphabeticalAppsList: addAppsWithSections: adding sectionName: D with appInfoTitle: Dia
10-30 20:51:54.251  2871  2871 D AlphabeticalAppsList: addAppsWithSections: adding sectionName: E with appInfoTitle: El tiempo
10-30 20:51:54.251  2871  2871 D AlphabeticalAppsList: addAppsWithSections: adding sectionName: F with appInfoTitle: Facebook
10-30 20:51:54.251  2871  2871 D AlphabeticalAppsList: addAppsWithSections: adding sectionName: G with appInfoTitle: Gemini
10-30 20:51:54.251  2871  2871 D AlphabeticalAppsList: addAppsWithSections: adding sectionName: I with appInfoTitle: Instagram
10-30 20:51:54.251  2871  2871 D AlphabeticalAppsList: addAppsWithSections: adding sectionName: L with appInfoTitle: Laughing Logger
10-30 20:51:54.251  2871  2871 D AlphabeticalAppsList: addAppsWithSections: adding sectionName: M with appInfoTitle: Maps
10-30 20:51:54.251  2871  2871 D AlphabeticalAppsList: addAppsWithSections: adding sectionName: N with appInfoTitle: Netflix
10-30 20:51:54.251  2871  2871 D AlphabeticalAppsList: addAppsWithSections: adding sectionName: O with appInfoTitle: OpenSongApp
10-30 20:51:54.251  2871  2871 D AlphabeticalAppsList: addAppsWithSections: adding sectionName: P with appInfoTitle: Park Güell
10-30 20:51:54.251  2871  2871 D AlphabeticalAppsList: addAppsWithSections: adding sectionName: R with appInfoTitle: Reloj
10-30 20:51:54.251  2871  2871 D AlphabeticalAppsList: addAppsWithSections: adding sectionName: S with appInfoTitle: ShareMe
10-30 20:51:54.251  2871  2871 D AlphabeticalAppsList: addAppsWithSections: adding sectionName: T with appInfoTitle: Teclado Microsoft SwiftKey
10-30 20:51:54.251  2871  2871 D AlphabeticalAppsList: addAppsWithSections: adding sectionName: V with appInfoTitle: ViperFX
10-30 20:51:54.251  2871  2871 D AlphabeticalAppsList: addAppsWithSections: adding sectionName: W with appInfoTitle: Waha
10-30 20:51:54.251  2871  2871 D AlphabeticalAppsList: addAppsWithSections: adding sectionName: Y with appInfoTitle: Yahoo Mail
10-30 20:51:54.251  2871  2871 D AlphabeticalAppsList: addAppsWithSections: adding sectionName: Z with appInfoTitle: Zedge
10-30 20:51:54.251  2871  2871 D AlphabeticalAppsList: Adding FastScrollSection duplicate to scroll to the bottom.
10-30 20:51:54.251  2871  2871 D AlphabeticalAppsList: Clearing FastScrollerSections.
10-30 20:51:54.251  2871  2871 D AlphabeticalAppsList: Adding apps with sections. HasPrivateApps: false
10-30 20:51:54.251  2871  2871 D AlphabeticalAppsList: addAppsWithSections: adding sectionName: A with appInfoTitle: Accord
10-30 20:51:54.251  2871  2871 D AlphabeticalAppsList: addAppsWithSections: adding sectionName: B with appInfoTitle: Banco Galicia
10-30 20:51:54.251  2871  2871 D AlphabeticalAppsList: addAppsWithSections: adding sectionName: C with appInfoTitle: CaixaBankNow
10-30 20:51:54.252  2871  2871 D AlphabeticalAppsList: addAppsWithSections: adding sectionName: D with appInfoTitle: Dia
10-30 20:51:54.252  2871  2871 D AlphabeticalAppsList: addAppsWithSections: adding sectionName: E with appInfoTitle: El tiempo
10-30 20:51:54.252  2871  2871 D AlphabeticalAppsList: addAppsWithSections: adding sectionName: F with appInfoTitle: Facebook
10-30 20:51:54.252  2871  2871 D AlphabeticalAppsList: addAppsWithSections: adding sectionName: G with appInfoTitle: Gemini
10-30 20:51:54.252  2871  2871 D AlphabeticalAppsList: addAppsWithSections: adding sectionName: I with appInfoTitle: Instagram
10-30 20:51:54.252  2871  2871 D AlphabeticalAppsList: addAppsWithSections: adding sectionName: L with appInfoTitle: Laughing Logger
10-30 20:51:54.252  2871  2871 D AlphabeticalAppsList: addAppsWithSections: adding sectionName: M with appInfoTitle: Maps
10-30 20:51:54.252  2871  2871 D AlphabeticalAppsList: addAppsWithSections: adding sectionName: N with appInfoTitle: Netflix
10-30 20:51:54.252  2871  2871 D AlphabeticalAppsList: addAppsWithSections: adding sectionName: O with appInfoTitle: OpenSongApp
10-30 20:51:54.252  2871  2871 D AlphabeticalAppsList: addAppsWithSections: adding sectionName: P with appInfoTitle: Park Güell
10-30 20:51:54.252  2871  2871 D AlphabeticalAppsList: addAppsWithSections: adding sectionName: R with appInfoTitle: Reloj
10-30 20:51:54.252  2871  2871 D AlphabeticalAppsList: addAppsWithSections: adding sectionName: S with appInfoTitle: ShareMe
10-30 20:51:54.252  2871  2871 D AlphabeticalAppsList: addAppsWithSections: adding sectionName: T with appInfoTitle: Teclado Microsoft SwiftKey
10-30 20:51:54.252  2871  2871 D AlphabeticalAppsList: addAppsWithSections: adding sectionName: V with appInfoTitle: ViperFX
10-30 20:51:54.252  2871  2871 D AlphabeticalAppsList: addAppsWithSections: adding sectionName: W with appInfoTitle: Waha
10-30 20:51:54.252  2871  2871 D AlphabeticalAppsList: addAppsWithSections: adding sectionName: Y with appInfoTitle: Yahoo Mail
10-30 20:51:54.252  2871  2871 D AlphabeticalAppsList: addAppsWithSections: adding sectionName: Z with appInfoTitle: Zedge
10-30 20:51:54.252  2871  2871 D AlphabeticalAppsList: Adding FastScrollSection duplicate to scroll to the bottom.
10-30 20:51:54.262  2871  2871 D BaseAllAppsAdapter: onBindViewHolder: isPrivateSpaceItem: false isStateTransitioning: false isScrolling: false readyToAnimate: false currentState: 0 currentAlpha: 1.0
10-30 20:51:54.262  2871  2871 D BaseAllAppsAdapter: onBindViewHolder: isPrivateSpaceItem: false isStateTransitioning: false isScrolling: false readyToAnimate: false currentState: 0 currentAlpha: 1.0
10-30 20:51:54.262  2871  2871 D BaseAllAppsAdapter: onBindViewHolder: isPrivateSpaceItem: false isStateTransitioning: false isScrolling: false readyToAnimate: false currentState: 0 currentAlpha: 1.0
10-30 20:51:54.262  2871  2871 D BaseAllAppsAdapter: onBindViewHolder: isPrivateSpaceItem: false isStateTransitioning: false isScrolling: false readyToAnimate: false currentState: 0 currentAlpha: 1.0
10-30 20:51:54.262  2871  2871 D BaseAllAppsAdapter: onBindViewHolder: isPrivateSpaceItem: false isStateTransitioning: false isScrolling: false readyToAnimate: false currentState: 0 currentAlpha: 1.0
10-30 20:51:54.263  2871  2871 D BaseAllAppsAdapter: onBindViewHolder: isPrivateSpaceItem: false isStateTransitioning: false isScrolling: false readyToAnimate: false currentState: 0 currentAlpha: 1.0
10-30 20:51:54.263  2871  2871 D BaseAllAppsAdapter: onBindViewHolder: isPrivateSpaceItem: false isStateTransitioning: false isScrolling: false readyToAnimate: false currentState: 0 currentAlpha: 1.0
10-30 20:51:54.263  2871  2871 D BaseAllAppsAdapter: onBindViewHolder: isPrivateSpaceItem: false isStateTransitioning: false isScrolling: false readyToAnimate: false currentState: 0 currentAlpha: 1.0
10-30 20:51:54.263  2871  2871 D BaseAllAppsAdapter: onBindViewHolder: isPrivateSpaceItem: false isStateTransitioning: false isScrolling: false readyToAnimate: false currentState: 0 currentAlpha: 1.0
10-30 20:51:54.263  2871  2871 D BaseAllAppsAdapter: onBindViewHolder: isPrivateSpaceItem: false isStateTransitioning: false isScrolling: false readyToAnimate: false currentState: 0 currentAlpha: 1.0
10-30 20:51:54.263  2871  2871 D BaseAllAppsAdapter: onBindViewHolder: isPrivateSpaceItem: false isStateTransitioning: false isScrolling: false readyToAnimate: false currentState: 0 currentAlpha: 1.0
10-30 20:51:54.263  2871  2871 D BaseAllAppsAdapter: onBindViewHolder: isPrivateSpaceItem: false isStateTransitioning: false isScrolling: false readyToAnimate: false currentState: 0 currentAlpha: 1.0
10-30 20:51:54.264  2871  2871 D BaseAllAppsAdapter: onBindViewHolder: isPrivateSpaceItem: false isStateTransitioning: false isScrolling: false readyToAnimate: false currentState: 0 currentAlpha: 1.0
10-30 20:51:54.264  2871  2871 D BaseAllAppsAdapter: onBindViewHolder: isPrivateSpaceItem: false isStateTransitioning: false isScrolling: false readyToAnimate: false currentState: 0 currentAlpha: 1.0
10-30 20:51:54.264  2871  2871 D BaseAllAppsAdapter: onBindViewHolder: isPrivateSpaceItem: false isStateTransitioning: false isScrolling: false readyToAnimate: false currentState: 0 currentAlpha: 1.0
10-30 20:51:54.264  2871  2871 D BaseAllAppsAdapter: onBindViewHolder: isPrivateSpaceItem: false isStateTransitioning: false isScrolling: false readyToAnimate: false currentState: 0 currentAlpha: 1.0
10-30 20:51:54.264  2871  2871 D BaseAllAppsAdapter: onBindViewHolder: isPrivateSpaceItem: false isStateTransitioning: false isScrolling: false readyToAnimate: false currentState: 0 currentAlpha: 1.0
10-30 20:51:54.264  2871  2871 D BaseAllAppsAdapter: onBindViewHolder: isPrivateSpaceItem: false isStateTransitioning: false isScrolling: false readyToAnimate: false currentState: 0 currentAlpha: 1.0
10-30 20:51:54.264  2871  2871 D BaseAllAppsAdapter: onBindViewHolder: isPrivateSpaceItem: false isStateTransitioning: false isScrolling: false readyToAnimate: false currentState: 0 currentAlpha: 1.0
10-30 20:51:54.264  9856  9907 D nativeloader: Load /data/app/~~O69oHq1C3POfhj0Wf8aJWA==/com.google.android.apps.docs.editors.docs-lOn5v_NiWlOCqY_f4diZeg==/lib/arm64/libcello_native.so using class loader ns clns-9 (caller=/data/app/~~O69oHq1C3POfhj0Wf8aJWA==/com.google.android.apps.docs.editors.docs-lOn5v_NiWlOCqY_f4diZeg==/base.apk!classes2.dex): ok
10-30 20:51:54.264  2871  2871 D BaseAllAppsAdapter: onBindViewHolder: isPrivateSpaceItem: false isStateTransitioning: false isScrolling: false readyToAnimate: false currentState: 0 currentAlpha: 1.0
10-30 20:51:54.265  2871  2871 D BaseAllAppsAdapter: onBindViewHolder: isPrivateSpaceItem: false isStateTransitioning: false isScrolling: false readyToAnimate: false currentState: 0 currentAlpha: 1.0
10-30 20:51:54.265  2871  2871 D BaseAllAppsAdapter: onBindViewHolder: isPrivateSpaceItem: false isStateTransitioning: false isScrolling: false readyToAnimate: false currentState: 0 currentAlpha: 1.0
10-30 20:51:54.265  2871  2871 D BaseAllAppsAdapter: onBindViewHolder: isPrivateSpaceItem: false isStateTransitioning: false isScrolling: false readyToAnimate: false currentState: 0 currentAlpha: 1.0
10-30 20:51:54.265  2871  2871 D BaseAllAppsAdapter: onBindViewHolder: isPrivateSpaceItem: false isStateTransitioning: false isScrolling: false readyToAnimate: false currentState: 0 currentAlpha: 1.0
10-30 20:51:54.269  9856  9892 E cs.editors.docs: Invalid resource ID 0x00000000.
10-30 20:51:54.270  9856  9892 E cs.editors.docs: Invalid resource ID 0x00000000.
10-30 20:51:54.270  9856  9892 E cs.editors.docs: Invalid resource ID 0x00000000.
10-30 20:51:54.281   669   669 I hwservicemanager: getTransport: Cannot find entry vendor.qti.hardware.servicetracker@1.0::IServicetracker/default in either framework or device VINTF manifest.
10-30 20:51:54.281  1828  2545 D BackgroundInstallControlService: Package event received: 0
10-30 20:51:54.281   669   669 I hwservicemanager: getTransport: Cannot find entry vendor.qti.hardware.servicetracker@1.0::IServicetracker/default in either framework or device VINTF manifest.
10-30 20:51:54.283   669   669 I hwservicemanager: getTransport: Cannot find entry vendor.qti.hardware.servicetracker@1.0::IServicetracker/default in either framework or device VINTF manifest.
10-30 20:51:54.284   669   669 I hwservicemanager: getTransport: Cannot find entry vendor.qti.hardware.servicetracker@1.0::IServicetracker/default in either framework or device VINTF manifest.
10-30 20:51:54.291  1828  1852 I system_server: AssetManager2(0xb400007ca1e25018) locale list changing from [] to [es-ES]
10-30 20:51:54.291  2848  2848 D CarrierSvcBindHelper: onPackageModified: com.google.android.apps.docs
10-30 20:51:54.292   669   669 I hwservicemanager: getTransport: Cannot find entry vendor.qti.hardware.servicetracker@1.0::IServicetracker/default in either framework or device VINTF manifest.
10-30 20:51:54.292  1828  2529 D AppWidgetServiceImpl: Trying to notify widget providers changed
10-30 20:51:54.292  1828  2544 D ShortcutService: received package broadcast intent: Intent { act=android.intent.action.PACKAGE_CHANGED dat=package: flg=0x45000010 pkg=android (has extras) }
10-30 20:51:54.292  1828  2544 D ShortcutService: changing package: com.google.android.deskclock userId=0
10-30 20:51:54.293  2848  2848 D CarrierSvcBindHelper: No carrier app for: 0
10-30 20:51:54.293  2848  2848 D CarrierSvcBindHelper: No carrier app for: 1
10-30 20:51:54.294  1828  2544 I system_server: AssetManager2(0xb400007ca1e67058) locale list changing from [] to [es-ES]
10-30 20:51:54.295  2848  3142 I SatelliteAppTracker: onPackageModified : com.google.android.apps.docs
10-30 20:51:54.296  2848  2848 E SmsApplication: com.google.android.apps.messaging lost android:read_cell_broadcasts:  (fixing)
10-30 20:51:54.296  3573  3637 I .apps.wellbeing: AssetManager2(0xb400007ca1dd67d8) locale list changing from [] to [es-ES]
10-30 20:51:54.299  3573  3637 I .apps.wellbeing: AssetManager2(0xb400007ca1dcead8) locale list changing from [] to [es-ES]
10-30 20:51:54.299   669   669 I hwservicemanager: getTransport: Cannot find entry vendor.qti.hardware.servicetracker@1.0::IServicetracker/default in either framework or device VINTF manifest.
10-30 20:51:54.301   669   669 I hwservicemanager: getTransport: Cannot find entry vendor.qti.hardware.servicetracker@1.0::IServicetracker/default in either framework or device VINTF manifest.
10-30 20:51:54.303  1828  2545 D BackgroundInstallControlService: Package event received: 0
10-30 20:51:54.303  1828  2545 D BackgroundInstallControlService: Package event received: 0
10-30 20:51:54.303  2848  3139 D ImsResolver: maybeAddedImsService, packageName: com.google.android.apps.docs
10-30 20:51:54.303  2848  3139 V ImsResolver: searchForImsServices: package=com.google.android.apps.docs, users=[UserHandle{0}]
10-30 20:51:54.303  1269  2950 W ServiceManagerCppClient: Waited one second for stats (is service started? Number of threads started in the threadpool: 6. Are binder threads started and available?)
10-30 20:51:54.304  2848  3139 V ImsResolver: searchForImsServices: package=com.google.android.apps.docs, users=[UserHandle{0}]
10-30 20:51:54.305   669   669 I hwservicemanager: getTransport: Cannot find entry vendor.qti.hardware.servicetracker@1.0::IServicetracker/default in either framework or device VINTF manifest.
10-30 20:51:54.305  1828  2544 W ShortcutService: Invalid tag 'capability' found at depth 2
10-30 20:51:54.305  1828  2544 W ShortcutService: Invalid tag 'service' found at depth 3
10-30 20:51:54.305   669   669 I hwservicemanager: getTransport: Cannot find entry vendor.qti.hardware.servicetracker@1.0::IServicetracker/default in either framework or device VINTF manifest.
10-30 20:51:54.306  1828  2544 W ShortcutService: Invalid tag 'parameter' found at depth 4
10-30 20:51:54.306  1828  2544 W ShortcutService: Invalid tag 'parameter' found at depth 4
10-30 20:51:54.306  1828  2544 W ShortcutService: Invalid tag 'parameter' found at depth 4
10-30 20:51:54.306  1828  2544 W ShortcutService: Invalid tag 'capability' found at depth 2
10-30 20:51:54.306  1828  2544 W ShortcutService: Invalid tag 'service' found at depth 3
10-30 20:51:54.306  1828  2544 W ShortcutService: Invalid tag 'parameter' found at depth 4
10-30 20:51:54.306  1828  2544 W ShortcutService: Invalid tag 'parameter' found at depth 4
10-30 20:51:54.306  1828  2544 W ShortcutService: Invalid tag 'parameter' found at depth 4
10-30 20:51:54.306  1828  2544 W ShortcutService: Invalid tag 'parameter' found at depth 4
10-30 20:51:54.306  1828  2544 W ShortcutService: Invalid tag 'service' found at depth 3
10-30 20:51:54.306  1828  2544 W ShortcutService: Invalid tag 'parameter' found at depth 4
10-30 20:51:54.306  1828  2544 W ShortcutService: Invalid tag 'parameter' found at depth 4
10-30 20:51:54.306  1828  2544 W ShortcutService: Invalid tag 'parameter' found at depth 4
10-30 20:51:54.306  1828  2544 W ShortcutService: Invalid tag 'parameter' found at depth 4
10-30 20:51:54.306  1828  2544 W ShortcutService: Invalid tag 'service' found at depth 3
10-30 20:51:54.306  1828  2544 W ShortcutService: Invalid tag 'parameter' found at depth 4
10-30 20:51:54.306  1828  2544 W ShortcutService: Invalid tag 'parameter' found at depth 4
10-30 20:51:54.306  1828  2544 W ShortcutService: Invalid tag 'parameter' found at depth 4
10-30 20:51:54.306  1828  2544 W ShortcutService: Invalid tag 'parameter' found at depth 4
10-30 20:51:54.306  1828  2544 W ShortcutService: Invalid tag 'capability' found at depth 2
10-30 20:51:54.306  1828  2544 W ShortcutService: Invalid tag 'service' found at depth 3
10-30 20:51:54.306  1828  2544 W ShortcutService: Invalid tag 'parameter' found at depth 4
10-30 20:51:54.306  1828  4602 D ConnectivityService: requestNetwork for uid/pid:10391/9665 activeRequest: null callbackRequest: 345 [NetworkRequest [ REQUEST id=346, [ Capabilities: INTERNET&NOT_RESTRICTED&TRUSTED&NOT_VCN_MANAGED&NOT_BANDWIDTH_CONSTRAINED Uid: 10391 RequestorUid: 10391 RequestorPkg: com.free.vpn.super.hotspot.open UnderlyingNetworks: Null] ]] callback flags: 0 order: 2147483647 isUidTracked: false declaredMethods: AVAIL|LOST|NC
10-30 20:51:54.307  1828  2544 W ShortcutService: Invalid tag 'capability' found at depth 2
10-30 20:51:54.307  1828  2544 W ShortcutService: Invalid tag 'service' found at depth 3
10-30 20:51:54.307  1828  2544 W ShortcutService: Invalid tag 'parameter' found at depth 4
10-30 20:51:54.307  1828  2544 W ShortcutService: Invalid tag 'capability' found at depth 2
10-30 20:51:54.307  1828  2544 W ShortcutService: Invalid tag 'service' found at depth 3
10-30 20:51:54.307  1828  2544 W ShortcutService: Invalid tag 'parameter' found at depth 4
10-30 20:51:54.307  1828  2544 W ShortcutService: Invalid tag 'capability' found at depth 2
10-30 20:51:54.307  1828  2544 W ShortcutService: Invalid tag 'service' found at depth 3
10-30 20:51:54.307  1828  2544 W ShortcutService: Invalid tag 'parameter' found at depth 4
10-30 20:51:54.307  1828  2544 W ShortcutService: Invalid tag 'capability' found at depth 2
10-30 20:51:54.308  1828  2449 D WifiNetworkFactory: got request NetworkRequest [ REQUEST id=346, [ Capabilities: INTERNET&NOT_RESTRICTED&TRUSTED&NOT_VCN_MANAGED&NOT_BANDWIDTH_CONSTRAINED Uid: 10391 RequestorUid: 10391 RequestorPkg: com.free.vpn.super.hotspot.open UnderlyingNetworks: Null] ]
10-30 20:51:54.308  1828  2449 D UntrustedWifiNetworkFactory: got request NetworkRequest [ REQUEST id=346, [ Capabilities: INTERNET&NOT_RESTRICTED&TRUSTED&NOT_VCN_MANAGED&NOT_BANDWIDTH_CONSTRAINED Uid: 10391 RequestorUid: 10391 RequestorPkg: com.free.vpn.super.hotspot.open UnderlyingNetworks: Null] ]
10-30 20:51:54.308  1828  2449 D OemPaidWifiNetworkFactory: got request NetworkRequest [ REQUEST id=346, [ Capabilities: INTERNET&NOT_RESTRICTED&TRUSTED&NOT_VCN_MANAGED&NOT_BANDWIDTH_CONSTRAINED Uid: 10391 RequestorUid: 10391 RequestorPkg: com.free.vpn.super.hotspot.open UnderlyingNetworks: Null] ]
10-30 20:51:54.308  1828  2456 D ConnectivityService: NetReassign [346 : null → 100] [c 0] [a 1] [i 0]
10-30 20:51:54.309  1828  2449 D MultiInternetWifiNetworkFactory: got request NetworkRequest [ REQUEST id=346, [ Capabilities: INTERNET&NOT_RESTRICTED&TRUSTED&NOT_VCN_MANAGED&NOT_BANDWIDTH_CONSTRAINED Uid: 10391 RequestorUid: 10391 RequestorPkg: com.free.vpn.super.hotspot.open UnderlyingNetworks: Null] ]
10-30 20:51:54.309  5334  5334 I libnfc_nci: AssetManager2(0x7ca1dcead8) locale list changing from [] to [es-ES]
10-30 20:51:54.309  5334  5334 I RegisteredComponentCache: generateComponentsList: New Components => 
10-30 20:51:54.309  5334  5334 I RegisteredComponentCache: ComponentInfo: ResolveInfo{6c8718f com.google.android.tag/com.android.apps.tag.TagViewer m=0x108000 userHandle=UserHandle{0}}, techs: android.nfc.tech.Ndef, 
10-30 20:51:54.309  5334  5334 I RegisteredComponentCache: generateComponentsList: Removed Components => 
10-30 20:51:54.309  5334  5334 I RegisteredComponentCache: ComponentInfo: ResolveInfo{3287cec com.google.android.tag/com.android.apps.tag.TagViewer m=0x108000 userHandle=UserHandle{0}}, techs: android.nfc.tech.Ndef, 
10-30 20:51:54.310  2848  2848 D SatelliteController: packageStateChanged: package:com.google.android.apps.docs DefaultSmsPackageName:com.google.android.apps.messaging
10-30 20:51:54.310  2848  2848 V SatelliteController: Neither SMS or SatelliteGateway package
10-30 20:51:54.311  1828  1859 V GrammaticalInflectionUtils: AttributionSource: android.content.AttributionSource@2214e310 does not have READ_SYSTEM_GRAMMATICAL_GENDER permission.
10-30 20:51:54.312  1828  2317 I RoleService: Granting default roles...
10-30 20:51:54.312  2848  2848 E SmsApplication: com.google.android.apps.messaging lost android:read_cell_broadcasts:  (fixing)
10-30 20:51:54.312  3198  3216 I PermissionControllerServiceImpl: Updating user sensitive for uid 10599
10-30 20:51:54.313  3198  3216 I PermissionControllerServiceImpl: Updating user sensitive for uid 10709
10-30 20:51:54.313  1828  2544 W ShortcutService: Invalid tag 'service' found at depth 3
10-30 20:51:54.313  1828  2544 W ShortcutService: Invalid tag 'parameter' found at depth 4
10-30 20:51:54.313  1828  2544 W ShortcutService: Invalid tag 'parameter' found at depth 4
10-30 20:51:54.313  1828  2544 W ShortcutService: Invalid tag 'parameter' found at depth 4
10-30 20:51:54.313  1828  2544 W ShortcutService: Invalid tag 'capability' found at depth 2
10-30 20:51:54.313  1828  2544 W ShortcutService: Invalid tag 'service' found at depth 3
10-30 20:51:54.313  1828  2544 W ShortcutService: Invalid tag 'parameter' found at depth 4
10-30 20:51:54.313  1828  2544 W ShortcutService: Invalid tag 'parameter' found at depth 4
10-30 20:51:54.313  1828  2544 W ShortcutService: Invalid tag 'parameter' found at depth 4
10-30 20:51:54.313  1828  2544 W ShortcutService: Invalid tag 'parameter' found at depth 4
10-30 20:51:54.313  1828  2544 W ShortcutService: Invalid tag 'service' found at depth 3
10-30 20:51:54.313  1828  2544 W ShortcutService: Invalid tag 'parameter' found at depth 4
10-30 20:51:54.313  1828  2544 W ShortcutService: Invalid tag 'parameter' found at depth 4
10-30 20:51:54.313  1828  2544 W ShortcutService: Invalid tag 'parameter' found at depth 4
10-30 20:51:54.313  1828  2544 W ShortcutService: Invalid tag 'parameter' found at depth 4
10-30 20:51:54.313  1828  2544 W ShortcutService: Invalid tag 'capability' found at depth 2
10-30 20:51:54.313  1828  2544 W ShortcutService: Invalid tag 'service' found at depth 3
10-30 20:51:54.313  1828  2544 W ShortcutService: Invalid tag 'parameter' found at depth 4
10-30 20:51:54.313  1828  2544 W ShortcutService: Invalid tag 'parameter' found at depth 4
10-30 20:51:54.313  1828  2544 W ShortcutService: Invalid tag 'capability' found at depth 2
10-30 20:51:54.314  2848  2848 D SatelliteAccessController: Current default SMS app:ComponentInfo{com.google.android.apps.messaging/com.google.android.apps.messaging.shared.receiver.SmsDeliverReceiver}
10-30 20:51:54.314  2848  2848 D SatelliteController: getSelectedSatelliteSubId: subId=-1
10-30 20:51:54.314  2848  2848 D SatelliteAccessController: supportedMsgApps:com.google.android.apps.messaging
10-30 20:51:54.315  3198  3215 I PermissionControllerServiceImpl: Updating user sensitive for uid 10748
10-30 20:51:54.315  3848  3874 I eeky    : (REDACTED) appOpsListener %s %s
10-30 20:51:54.315  3848  3874 I eeky    : (REDACTED) Ignoring irrelevant audio permission changes for package %s
10-30 20:51:54.317  3119  3457 I FontLog : (REDACTED) Received query %s, URI %s
10-30 20:51:54.317  3119  3457 I FontLog : (REDACTED) Query [%s] resolved to %s
10-30 20:51:54.318  3198  3215 I PermissionControllerServiceImpl: Updating user sensitive for uid 10609
10-30 20:51:54.319   929   929 D Zygote  : Forked child process 9941
10-30 20:51:54.319  3119  3457 I FontLog : (REDACTED) Fetch %s end status %s
10-30 20:51:54.320  9941  9941 E ANDR-PERF-beluga: Unable to open libskewknob_system.so: dlopen failed: library "libskewknob_system.so" not found
10-30 20:51:54.320  9941  9941 E ANDR-PERF-beluga: .
10-30 20:51:54.313  1828  2544 W ShortcutService: Invalid tag 'service' found at depth 3
10-30 20:51:54.321  1828  2544 W ShortcutService: Invalid tag 'parameter' found at depth 4
10-30 20:51:54.321  3119  3132 I FontLog : (REDACTED) Pulling font file for id = %d, cache size = %d
10-30 20:51:54.322  2591  2591 D ControlsListingControllerImpl: ServiceConfig reloaded, count: 0
10-30 20:51:54.324  3119  4254 I .gms.persistent: AssetManager2(0xb400007ca1dd8a38) locale list changing from [] to [es-ES]
10-30 20:51:54.326  3119  3457 I FontLog : (REDACTED) Pulling font file for id = %d, cache size = %d
10-30 20:51:54.329  1828  1858 I system_server: AssetManager2(0xb400007ca1e06258) locale list changing from [] to [es-ES]
10-30 20:51:54.329  1828  1860 I ActivityManager: Start proc 9941:com.google.android.apps.magazines/u0a778 for broadcast {com.google.android.apps.magazines/com.google.android.libraries.notifications.platform.entrypoints.restart.RestartReceiver}
10-30 20:51:54.329  1828  1860 I ActivityManager: ProcessObserver broadcast disabled
10-30 20:51:54.330   669   669 I hwservicemanager: getTransport: Cannot find entry vendor.qti.hardware.servicetracker@1.0::IServicetracker/default in either framework or device VINTF manifest.
10-30 20:51:54.331  1828  2545 D BackgroundInstallControlService: Package event received: 0
10-30 20:51:54.331   669   669 I hwservicemanager: getTransport: Cannot find entry vendor.qti.hardware.servicetracker@1.0::IServicetracker/default in either framework or device VINTF manifest.
10-30 20:51:54.331  9941  9941 I .apps.magazines: Using CollectorTypeCC GC.
10-30 20:51:54.337  9941  9941 D nativeloader: Load libframework-connectivity-tiramisu-jni.so using APEX ns com_android_tethering for caller /apex/com.android.tethering/javalib/framework-connectivity-t.jar: ok
10-30 20:51:54.337  1828  2544 D ShortcutService: received package broadcast intent: Intent { act=android.intent.action.PACKAGE_CHANGED dat=package: flg=0x45000010 pkg=android (has extras) }
10-30 20:51:54.337  1828  2544 D ShortcutService: changing package: com.android.rkpdapp userId=0
10-30 20:51:54.338  1828  2544 D ShortcutService: received package broadcast intent: Intent { act=android.intent.action.PACKAGE_CHANGED dat=package: flg=0x45000010 (has extras) }
10-30 20:51:54.338  1828  2544 D ShortcutService: changing package: com.google.android.apps.docs userId=0
10-30 20:51:54.338  1828  3381 E RoleControllerServiceImpl: Default/fallback role holder package doesn't qualify for the role, package: com.google.android.gms.supervision, role: android.app.role.SYSTEM_SUPERVISION
10-30 20:51:54.341  5720  9921 I DynamiteModule: Considering local module com.google.android.gms.measurement.dynamite:165 and remote module com.google.android.gms.measurement.dynamite:165
10-30 20:51:54.341  5720  9921 I DynamiteModule: Selected local version of com.google.android.gms.measurement.dynamite
10-30 20:51:54.342  1828  4602 D CompatibilityInfo: mCompatibilityFlags - 0
10-30 20:51:54.342  1828  4602 D CompatibilityInfo: applicationDensity - 440
10-30 20:51:54.342  1828  4602 D CompatibilityInfo: applicationScale - 1.0
10-30 20:51:54.350  9941  9941 D ApplicationLoaders: Returning zygote-cached class loader: /system/framework/org.apache.http.legacy.jar
10-30 20:51:54.350  9941  9941 D ApplicationLoaders: Returning zygote-cached class loader: /system_ext/framework/androidx.window.extensions.jar
10-30 20:51:54.350  9941  9941 D ApplicationLoaders: Returning zygote-cached class loader: /system_ext/framework/androidx.window.sidecar.jar
10-30 20:51:54.352   669   669 I hwservicemanager: getTransport: Cannot find entry vendor.qti.hardware.servicetracker@1.0::IServicetracker/default in either framework or device VINTF manifest.
10-30 20:51:54.352   669   669 I hwservicemanager: getTransport: Cannot find entry vendor.qti.hardware.servicetracker@1.0::IServicetracker/default in either framework or device VINTF manifest.
10-30 20:51:54.353  1828  2544 I system_server: AssetManager2(0xb400007ca1de9a18) locale list changing from [] to [es-ES]
10-30 20:51:54.353  3573  3637 I .apps.wellbeing: AssetManager2(0xb400007ca1dd8718) locale list changing from [] to [es-ES]
10-30 20:51:54.353   669   669 I hwservicemanager: getTransport: Cannot find entry vendor.qti.hardware.servicetracker@1.0::IServicetracker/default in either framework or device VINTF manifest.
10-30 20:51:54.354   669   669 I hwservicemanager: getTransport: Cannot find entry vendor.qti.hardware.servicetracker@1.0::IServicetracker/default in either framework or device VINTF manifest.
10-30 20:51:54.355   669   669 I hwservicemanager: getTransport: Cannot find entry vendor.qti.hardware.servicetracker@1.0::IServicetracker/default in either framework or device VINTF manifest.
10-30 20:51:54.355  1828  2545 D BackgroundInstallControlService: Package event received: 0
10-30 20:51:54.355  1828  2529 D AppWidgetServiceImpl: Trying to notify widget providers changed
10-30 20:51:54.356   669   669 I hwservicemanager: getTransport: Cannot find entry vendor.qti.hardware.servicetracker@1.0::IServicetracker/default in either framework or device VINTF manifest.
10-30 20:51:54.357  1828  2900 W ParceledListSlice: Element #22 is 22260 bytes.
10-30 20:51:54.357  1828  2900 W ParceledListSlice: Element #23 is 22440 bytes.
10-30 20:51:54.357  1828  2900 W ParceledListSlice: Element #24 is 22824 bytes.
10-30 20:51:54.357  1828  2900 W ParceledListSlice: Element #25 is 22164 bytes.
10-30 20:51:54.358  1828  2544 E system_server: No package ID 7f found for resource ID 0x7f080504.
10-30 20:51:54.358  1828  2544 E system_server: No package ID 7f found for resource ID 0x7f140b11.
10-30 20:51:54.358  1828  4602 W ParceledListSlice: Element #41 is 31100 bytes.
10-30 20:51:54.358  1828  4602 W ParceledListSlice: Overly large reply size: 91924
10-30 20:51:54.359  1828  3325 W ParceledListSlice: Element #42 is 31120 bytes.
10-30 20:51:54.359  1828  3325 W ParceledListSlice: Element #43 is 31112 bytes.
10-30 20:51:54.359  1828  3325 W ParceledListSlice: Element #44 is 31096 bytes.
10-30 20:51:54.359  1828  3325 W ParceledListSlice: Overly large reply size: 93348
10-30 20:51:54.363  1828  2544 E system_server: No package ID 7f found for resource ID 0x7f140b11.
10-30 20:51:54.363  1828  2544 E system_server: No package ID 7f found for resource ID 0x7f080500.
10-30 20:51:54.363  1828  2544 E system_server: No package ID 7f found for resource ID 0x7f140b0f.
10-30 20:51:54.363  1828  2544 E system_server: No package ID 7f found for resource ID 0x7f140b0f.
10-30 20:51:54.363  1828  2544 E system_server: No package ID 7f found for resource ID 0x7f080502.
10-30 20:51:54.363  1828  2544 E system_server: No package ID 7f found for resource ID 0x7f140b10.
10-30 20:51:54.363  1828  2544 E system_server: No package ID 7f found for resource ID 0x7f140b10.
10-30 20:51:54.363  1828  2544 W ShortcutService: Invalid tag 'capability' found at depth 2
10-30 20:51:54.363  1828  2544 E ShortcutService: Ignoring excessive intent tag.
10-30 20:51:54.364  1828  2544 W ShortcutService: Invalid tag 'parameter' found at depth 4
10-30 20:51:54.364  1828  2544 W ShortcutService: Invalid tag 'capability' found at depth 2
10-30 20:51:54.364  1828  2544 W ShortcutService: Invalid tag 'slice' found at depth 3
10-30 20:51:54.364  1828  2544 W ShortcutService: Invalid tag 'url-template' found at depth 4
10-30 20:51:54.365  1828  2544 D ShortcutService: received package broadcast intent: Intent { act=android.intent.action.PACKAGE_CHANGED dat=package: flg=0x45000010 pkg=android (has extras) }
10-30 20:51:54.365  1828  2544 D ShortcutService: changing package: com.google.android.gms userId=0
10-30 20:51:54.365  1828  1858 I system_server: AssetManager2(0xb400007ca1e2f5b8) locale list changing from [] to [es-ES]
10-30 20:51:54.367   669   669 I hwservicemanager: getTransport: Cannot find entry vendor.qti.hardware.servicetracker@1.0::IServicetracker/default in either framework or device VINTF manifest.
10-30 20:51:54.368   669   669 I hwservicemanager: getTransport: Cannot find entry vendor.qti.hardware.servicetracker@1.0::IServicetracker/default in either framework or device VINTF manifest.
10-30 20:51:54.378  1828  1858 I system_server: AssetManager2(0xb400007ca1de8d98) locale list changing from [] to [es-ES]
10-30 20:51:54.389  9941  9941 W .apps.magazines: Failed to find entry 'classes.dex': Entry not found
10-30 20:51:54.390  9941  9941 W .apps.magazines: Failed to find entry 'classes.dex': Entry not found
10-30 20:51:54.390  9941  9941 W .apps.magazines: Failed to find entry 'classes.dex': Entry not found
10-30 20:51:54.391  9941  9941 D nativeloader: Configuring clns-9 for other apk /data/app/~~XGjKpKuTwpH5SSWfk4ZaaQ==/com.google.android.apps.magazines-gRZXbWOi5JPEZME4KGqM9A==/base.apk:/data/app/~~XGjKpKuTwpH5SSWfk4ZaaQ==/com.google.android.apps.magazines-gRZXbWOi5JPEZME4KGqM9A==/split_config.arm64_v8a.apk:/data/app/~~XGjKpKuTwpH5SSWfk4ZaaQ==/com.google.android.apps.magazines-gRZXbWOi5JPEZME4KGqM9A==/split_config.es.apk:/data/app/~~XGjKpKuTwpH5SSWfk4ZaaQ==/com.google.android.apps.magazines-gRZXbWOi5JPEZME4KGqM9A==/split_config.xxhdpi.apk. target_sdk_version=36, uses_libraries=, library_path=/data/app/~~XGjKpKuTwpH5SSWfk4ZaaQ==/com.google.android.apps.magazines-gRZXbWOi5JPEZME4KGqM9A==/lib/arm64:/data/app/~~XGjKpKuTwpH5SSWfk4ZaaQ==/com.google.android.apps.magazines-gRZXbWOi5JPEZME4KGqM9A==/base.apk!/lib/arm64-v8a:/data/app/~~XGjKpKuTwpH5SSWfk4ZaaQ==/com.google.android.apps.magazines-gRZXbWOi5JPEZME4KGqM9A==/split_config.arm64_v8a.apk!/lib/arm64-v8a:/data/app/~~XGjKpKuTwpH5SSWfk4ZaaQ==/com.google.android.apps.magazines-gRZXbWOi5JPEZME4KGqM9A==/split_config
10-30 20:51:54.395  1828  1858 I system_server: AssetManager2(0xb400007ca1dea698) locale list changing from [] to [es-ES]
10-30 20:51:54.396  9856  9958 D CompatChangeReporter: Compat change id reported: 288912692; UID 10735; state: ENABLED
10-30 20:51:54.398  9941  9941 I .apps.magazines: AssetManager2(0xb400007ca1dd5518) locale list changing from [] to [es-ES]
10-30 20:51:54.401  9941  9941 E BoostFramework: BoostFramework() : Exception_1 = java.lang.ClassNotFoundException: com.qualcomm.qti.Performance
10-30 20:51:54.401  9941  9941 E BoostFramework: BoostFramework() Ux Perf: Exception = java.lang.ClassNotFoundException: com.qualcomm.qti.UxPerformance
10-30 20:51:54.404  9941  9941 V GraphicsEnvironment: Currently set values for:
10-30 20:51:54.404  9941  9941 V GraphicsEnvironment:   angle_gl_driver_selection_pkgs=[com.android.angle, com.linecorp.b612.android, com.campmobile.snow, com.google.android.apps.tachyon]
10-30 20:51:54.404  9941  9941 V GraphicsEnvironment:   angle_gl_driver_selection_values=[angle, native, native, native]
10-30 20:51:54.404  9941  9941 V GraphicsEnvironment: com.google.android.apps.magazines is not listed in per-application setting
10-30 20:51:54.404  9941  9941 V GraphicsEnvironment: ANGLE allowlist from config: 
10-30 20:51:54.404  9941  9941 V GraphicsEnvironment: com.google.android.apps.magazines is not listed in ANGLE allowlist or settings, returning default
10-30 20:51:54.404  9941  9941 V GraphicsEnvironment: Neither updatable production driver nor prerelease driver is supported.
10-30 20:51:54.406  1828  3381 I system_server: AssetManager2(0xb400007ca1de2358) locale list changing from [] to [es-ES]
10-30 20:51:54.407  1828  1858 I system_server: AssetManager2(0xb400007ca1dea058) locale list changing from [] to [es-ES]
10-30 20:51:54.408  1828  3381 W SignedPackage: Cannot get ApplicationInfo for package: com.google.android.devicelockcontroller
10-30 20:51:54.411  1828  1858 I system_server: AssetManager2(0xb400007ca1ded898) locale list changing from [] to [es-ES]
10-30 20:51:54.423  1828  1858 I system_server: AssetManager2(0xb400007ca1e06bb8) locale list changing from [] to [es-ES]
10-30 20:51:54.425  3119  4254 I .gms.persistent: AssetManager2(0xb400007ca1de13b8) locale list changing from [] to [es-ES]
10-30 20:51:54.438  1828  1858 I system_server: AssetManager2(0xb400007ca1dec8f8) locale list changing from [] to [es-ES]
10-30 20:51:54.441  7357  7361 W m.facebook.orca: Cleared Reference was only reachable from finalizer (only reported once)
10-30 20:51:54.446  1828  1858 I system_server: AssetManager2(0xb400007ca1decc18) locale list changing from [] to [es-ES]
10-30 20:51:54.450  1828  1858 I system_server: AssetManager2(0xb400007ca1dee1f8) locale list changing from [] to [es-ES]
10-30 20:51:54.456  1828  1858 I system_server: AssetManager2(0xb400007ca1decf38) locale list changing from [] to [es-ES]
10-30 20:51:54.461  1828  1858 I system_server: AssetManager2(0xb400007ca1de3618) locale list changing from [] to [es-ES]
10-30 20:51:54.470  3848  3848 I ysg     : onReceive
10-30 20:51:54.472   669   669 I hwservicemanager: getTransport: Cannot find entry vendor.qti.hardware.servicetracker@1.0::IServicetracker/default in either framework or device VINTF manifest.
10-30 20:51:54.473  3848  4462 I aadx    : (REDACTED) bluetoothConnectionStateChanged. Action: %s
10-30 20:51:54.473  3848  4462 I aacx    : Registering Gemini service client
10-30 20:51:54.473  3848  4462 I aadc    : Initializing PhoneMediaHandler
10-30 20:51:54.474  1828  1858 I system_server: AssetManager2(0xb400007ca1e02a18) locale list changing from [] to [es-ES]
10-30 20:51:54.478  7357  7357 W msgr.AppComponentFactory: Instantiating BroadcastReceiver
10-30 20:51:54.481  3119  7621 I NearbySharing: Broadcasting NearbySharing state change.
10-30 20:51:54.481  1828  1858 I system_server: AssetManager2(0xb400007ca1de5878) locale list changing from [] to [es-ES]
10-30 20:51:54.483   669   669 I hwservicemanager: getTransport: Cannot find entry vendor.qti.hardware.servicetracker@1.0::IServicetracker/default in either framework or device VINTF manifest.
10-30 20:51:54.486  2871  2956 I s.nexuslauncher: AssetManager2(0xb400007ca1e80378) locale list changing from [] to [es-ES]
10-30 20:51:54.488  3119  7561 W WearableService: onGetService: Wear is not available on this device.
10-30 20:51:54.489  3573  3637 I .apps.wellbeing: AssetManager2(0xb400007ca1e0c018) locale list changing from [] to [es-ES]
10-30 20:51:54.492  1828  1858 I system_server: AssetManager2(0xb400007ca1df9418) locale list changing from [] to [es-ES]
10-30 20:51:54.493  3573  3637 I .apps.wellbeing: AssetManager2(0xb400007ca1e09a98) locale list changing from [] to [es-ES]
10-30 20:51:54.497  3848  4293 W GoogleApiManager: Not showing notification since connectionResult is not user-facing: ConnectionResult{statusCode=API_UNAVAILABLE, resolution=null, message=null, clientMethodKey=null}
10-30 20:51:54.499  2871  2956 I s.nexuslauncher: AssetManager2(0xb400007ca1e6e718) locale list changing from [] to [es-ES]
10-30 20:51:54.499  1828  4602 D ConnectivityService: Returning BLOCKED NetworkInfo to uid=10778
10-30 20:51:54.500   669   669 I hwservicemanager: getTransport: Cannot find entry vendor.qti.hardware.servicetracker@1.0::IServicetracker/default in either framework or device VINTF manifest.
10-30 20:51:54.503  1828  4005 D ConnectivityService: requestNetwork for uid/pid:10778/9941 activeRequest: null callbackRequest: 347 [NetworkRequest [ REQUEST id=348, [ Capabilities: INTERNET&NOT_RESTRICTED&TRUSTED&NOT_VCN_MANAGED&NOT_BANDWIDTH_CONSTRAINED Uid: 10778 RequestorUid: 10778 RequestorPkg: com.google.android.apps.magazines UnderlyingNetworks: Null] ]] callback flags: 0 order: 2147483647 isUidTracked: false declaredMethods: AVAIL|LOSING|LOST|UNAVAIL|NC
10-30 20:51:54.505  1828  2449 D WifiNetworkFactory: got request NetworkRequest [ REQUEST id=348, [ Capabilities: INTERNET&NOT_RESTRICTED&TRUSTED&NOT_VCN_MANAGED&NOT_BANDWIDTH_CONSTRAINED Uid: 10778 RequestorUid: 10778 RequestorPkg: com.google.android.apps.magazines UnderlyingNetworks: Null] ]
10-30 20:51:54.505  1828  2449 D UntrustedWifiNetworkFactory: got request NetworkRequest [ REQUEST id=348, [ Capabilities: INTERNET&NOT_RESTRICTED&TRUSTED&NOT_VCN_MANAGED&NOT_BANDWIDTH_CONSTRAINED Uid: 10778 RequestorUid: 10778 RequestorPkg: com.google.android.apps.magazines UnderlyingNetworks: Null] ]
10-30 20:51:54.505  1828  2449 D OemPaidWifiNetworkFactory: got request NetworkRequest [ REQUEST id=348, [ Capabilities: INTERNET&NOT_RESTRICTED&TRUSTED&NOT_VCN_MANAGED&NOT_BANDWIDTH_CONSTRAINED Uid: 10778 RequestorUid: 10778 RequestorPkg: com.google.android.apps.magazines UnderlyingNetworks: Null] ]
10-30 20:51:54.505  1828  2449 D MultiInternetWifiNetworkFactory: got request NetworkRequest [ REQUEST id=348, [ Capabilities: INTERNET&NOT_RESTRICTED&TRUSTED&NOT_VCN_MANAGED&NOT_BANDWIDTH_CONSTRAINED Uid: 10778 RequestorUid: 10778 RequestorPkg: com.google.android.apps.magazines UnderlyingNetworks: Null] ]
10-30 20:51:54.505  1828  2456 D ConnectivityService: NetReassign [348 : null → 100] [c 0] [a 1] [i 1]
10-30 20:51:54.507  9941  9941 I adzn    : Starting up...
10-30 20:51:54.508  3573  3637 I .apps.wellbeing: AssetManager2(0xb400007ca1e087d8) locale list changing from [] to [es-ES]
10-30 20:51:54.517   669   669 I hwservicemanager: getTransport: Cannot find entry vendor.qti.hardware.servicetracker@1.0::IServicetracker/default in either framework or device VINTF manifest.
10-30 20:51:54.522  3573  3637 I .apps.wellbeing: AssetManager2(0xb400007ca1e0ebd8) locale list changing from [] to [es-ES]
10-30 20:51:54.525  9665  9665 W Settings: Setting airplane_mode_on has moved from android.provider.Settings.System to android.provider.Settings.Global, returning read-only value.
10-30 20:51:54.532   928  3808 W resolv  : SSL_connect ssl error =5, mark 0xf0065: Connection timed out
10-30 20:51:54.532   928  3808 W resolv  : TLS Handshake failed
10-30 20:51:54.532   928  3808 W resolv  : query failed
10-30 20:51:54.532   928  3808 W resolv  : validateDnsTlsServer returned 0 for {100.90.1.1/}
10-30 20:51:54.532   928  3808 W resolv  : Validation failed
10-30 20:51:54.533   928  3809 W resolv  : SSL_connect ssl error =5, mark 0xf0065: Connection timed out
10-30 20:51:54.533   928  3809 W resolv  : TLS Handshake failed
10-30 20:51:54.533  9665  9665 W Settings: Setting airplane_mode_on has moved from android.provider.Settings.System to android.provider.Settings.Global, returning read-only value.
10-30 20:51:54.533   928  3809 W resolv  : query failed
10-30 20:51:54.533   928  3809 W resolv  : validateDnsTlsServer returned 0 for {100.100.1.1/}
10-30 20:51:54.533   928  3809 W resolv  : Validation failed
10-30 20:51:54.534  8920  8926 W ndroid.calendar: Suspending all threads took: 9.685ms
10-30 20:51:54.536  3573  3637 I .apps.wellbeing: AssetManager2(0xb400007ca1e0df58) locale list changing from [] to [es-ES]
10-30 20:51:54.539  2871  2956 D AlphabeticIndexCompat: computeSectionName: cs: Ajustes sectionName: A
10-30 20:51:54.540  2871  2956 D AlphabeticIndexCompat: computeSectionName: cs: Música sectionName: M
10-30 20:51:54.540  2871  2956 D AlphabeticIndexCompat: computeSectionName: cs: Gemini sectionName: G
10-30 20:51:54.540  2871  2956 D AlphabeticIndexCompat: computeSectionName: cs: El tiempo de Pixel sectionName: E
10-30 20:51:54.540  2871  2956 D AlphabeticIndexCompat: computeSectionName: cs: Spotify sectionName: S
10-30 20:51:54.540  2871  2956 D AlphabeticIndexCompat: computeSectionName: cs: Android System Intelligence sectionName: A
10-30 20:51:54.541  2871  2956 D AlphabeticIndexCompat: computeSectionName: cs: Facebook sectionName: F
10-30 20:51:54.541  2871  2956 D AlphabeticIndexCompat: computeSectionName: cs: Bienestar digital sectionName: B
10-30 20:51:54.541  2871  2956 D AlphabeticIndexCompat: computeSectionName: cs: Chrome sectionName: C
10-30 20:51:54.541  2871  2956 D AlphabeticIndexCompat: computeSectionName: cs: Bing sectionName: B
10-30 20:51:54.541  2871  2956 D AlphabeticIndexCompat: computeSectionName: cs: Cámara sectionName: C
10-30 20:51:54.541  2871  2956 D AlphabeticIndexCompat: computeSectionName: cs: Poweramp sectionName: P
10-30 20:51:54.542  2871  2956 D AlphabeticIndexCompat: computeSectionName: cs: WPS Office sectionName: W
10-30 20:51:54.542  2871  2956 D AlphabeticIndexCompat: computeSectionName: cs: Laughing Logger sectionName: L
10-30 20:51:54.542  2871  2956 D AlphabeticIndexCompat: computeSectionName: cs: OmniJaws sectionName: O
10-30 20:51:54.542  2871  2956 D AlphabeticIndexCompat: computeSectionName: cs: Zepp sectionName: Z
10-30 20:51:54.542  2871  2956 D AlphabeticIndexCompat: computeSectionName: cs: ChatGPT sectionName: C
10-30 20:51:54.543  2871  2956 D AlphabeticIndexCompat: computeSectionName: cs: Calm sectionName: C
10-30 20:51:54.543  2871  2956 D AlphabeticIndexCompat: computeSectionName: cs: Google sectionName: G
10-30 20:51:54.543  2871  2956 D AlphabeticIndexCompat: computeSectionName: cs: Fotos sectionName: F
10-30 20:51:54.543  2871  2956 D AlphabeticIndexCompat: computeSectionName: cs: Google TV sectionName: G
10-30 20:51:54.543  2871  2956 D AlphabeticIndexCompat: computeSectionName: cs: AccuWeather sectionName: A
10-30 20:51:54.544  2871  2956 D AlphabeticIndexCompat: computeSectionName: cs: Gmail sectionName: G
10-30 20:51:54.544  2871  2956 D AlphabeticIndexCompat: computeSectionName: cs: Traductor sectionName: T
10-30 20:51:54.544  1828  1858 W ActivityManager: Rescheduling restart of crashed service cn.wps.moffice_eng/com.google.android.gms.tagmanager.TagManagerService in 0ms for mem-pressure-event
10-30 20:51:54.544  2871  2956 D AlphabeticIndexCompat: computeSectionName: cs: Zedge sectionName: Z
10-30 20:51:54.544  1828  1858 W ActivityManager: Rescheduling restart of crashed service cn.wps.moffice_eng/cn.wps.moffice.main.cloud.roaming.service.WPSQingService in 0ms for mem-pressure-event
10-30 20:51:54.544  2871  2956 D AlphabeticIndexCompat: computeSectionName: cs: Contactos sectionName: C
10-30 20:51:54.544  1828  1859 V GrammaticalInflectionUtils: AttributionSource: android.content.AttributionSource@d395f67e does not have READ_SYSTEM_GRAMMATICAL_GENDER permission.
10-30 20:51:54.544  2871  2956 D AlphabeticIndexCompat: computeSectionName: cs: Calendar sectionName: C
10-30 20:51:54.544  1828  1859 D CompatChangeReporter: Compat change id reported: 151861875; UID 10732; state: ENABLED
10-30 20:51:54.545  2871  2956 D AlphabeticIndexCompat: computeSectionName: cs: AliExpress sectionName: A
10-30 20:51:54.545  2871  2956 D AlphabeticIndexCompat: computeSectionName: cs: Documentos sectionName: D
10-30 20:51:54.545  2871  2956 D AlphabeticIndexCompat: computeSectionName: cs: Picsart sectionName: P
10-30 20:51:54.545  2871  2956 D AlphabeticIndexCompat: computeSectionName: cs: Google News sectionName: G
10-30 20:51:54.545  2871  2956 D AlphabeticIndexCompat: computeSectionName: cs: WhatsApp sectionName: W
10-30 20:51:54.545  2871  2956 D AlphabeticIndexCompat: computeSectionName: cs: YouTube Music sectionName: Y
10-30 20:51:54.546  2871  2956 D AlphabeticIndexCompat: computeSectionName: cs: Mi Vídeo sectionName: M
10-30 20:51:54.546  2871  2956 D AlphabeticIndexCompat: computeSectionName: cs: YouTube sectionName: Y
10-30 20:51:54.546  2871  2956 D AlphabeticIndexCompat: computeSectionName: cs: Biblia sectionName: B
10-30 20:51:54.546  2871  2956 D AlphabeticIndexCompat: computeSectionName: cs: Yahoo Mail sectionName: Y
10-30 20:51:54.546  2871  2956 D AlphabeticIndexCompat: computeSectionName: cs: Conversaciones sectionName: C
10-30 20:51:54.547  2871  2956 D AlphabeticIndexCompat: computeSectionName: cs: ColorNote sectionName: C
10-30 20:51:54.547  7357  7476 W msgr.InitStatus: Not blocking Provider (51641252)
10-30 20:51:54.547  2871  2956 D AlphabeticIndexCompat: computeSectionName: cs: Batería sectionName: B
10-30 20:51:54.547  7357  7476 W msgr.InitStatus: Not blocking Provider (51641252)
10-30 20:51:54.547  2871  2956 D AlphabeticIndexCompat: computeSectionName: cs: Autosync sectionName: A
10-30 20:51:54.547  2871  2956 D AlphabeticIndexCompat: computeSectionName: cs: Drive sectionName: D
10-30 20:51:54.548  2871  2956 D AlphabeticIndexCompat: computeSectionName: cs: Reloj sectionName: R
10-30 20:51:54.548  2871  2956 D AlphabeticIndexCompat: computeSectionName: cs: Brave sectionName: B
