10-30 14:13:53.957  3436  3480 D CAM_CameraOpenObservable: subscribeActual: openCamera: cid = 5, listener = 268223763
10-30 14:13:53.958  3436  3493 D CAM_OpenCameraCallable: E: cid: 5
10-30 14:13:53.958  3436  3493 D CAM_OpenCameraCallable: Camera is already opened: cid = 5
10-30 14:13:53.958  3436  3480 I CAM_PerformanceManager: [P_PERFORM]: Action: A3:switch_camera_2_open_163_0 takes 9 ms
10-30 14:13:53.958  3436  3493 D CAM_MiCamera2: setCaptureBusyCallback: null
10-30 14:13:53.958  3436  3480 D CAM_CloseCameraCallable: Success: cid: null (dur: 1)
10-30 14:13:53.958  3436  3493 D CAM_CameraCapabilities: isSupportReplaceSession: false
10-30 14:13:53.958  3436  3493 I CAM_CameraStateCallback: [K_PROCESS]: onOpened: cid = 5
10-30 14:13:53.958  3436  3493 D CAM_OpenCameraCallable: X: cid: 5 (dur: 0)
10-30 14:13:53.958  3436  3480 I CAM_CameraOpenObservable: [K_PROCESS]: onOpened: cid = 5, listener = 268223763
10-30 14:13:53.958  3436  3493 D CAM_OpenCameraCallable: postCallback
10-30 14:13:53.958  3436  3480 I CAM_Camera2OpenManager: [K_PROCESS]: onOpened: cid = 5|android.hardware.camera2.impl.CameraDeviceImpl@5160d85
10-30 14:13:53.958  3436  3480 D CAM_Camera2OpenManager: fire: result = d.c.a.q6.t8.b.u@d1c5949, requested cid = 5
10-30 14:13:53.958  3436  3480 D CAM_Camera2OpenManager: fire: emitted
10-30 14:13:53.958  3436  3480 D CAM_OpenCameraCallable: Success: cid: 5 (dur: 0)
10-30 14:13:53.958  3436  3480 V CAM_ActivityBase: hasSurface(): mCurrentSurfaceState=1
10-30 14:13:53.958  3436  3480 D CAM_Camera2OpenOnSubScribe: onNext: hasSurface = false, isCapture = true
10-30 14:13:53.958  3436  3480 D CAM_FunctionCameraOpenResult: apply: result = 2
10-30 14:13:53.958  3436  3480 D CAM_Camera2OpenOnSubScribe: onComplete
10-30 14:13:53.958  3436  3480 D CAM_FunctionModuleSetup: apply: module isPresent = true
10-30 14:13:53.959  3436  3480 I CAM_BaseModule: [K_PROCESS]: onCreate: moduleIndex->163, cameraId->0@u@199533814: mid = 163, cid = 0, created = false, departed = false
10-30 14:13:53.959  3436  3480 D CAM_Camera2DataContainer: getActualOpenCameraId: mode=a3, id=0->5
10-30 14:13:53.959  3436  3480 D CAM_BaseModule: enumerating: d.c.b.p4@ac5c38b - cid: 5
10-30 14:13:53.959  3436  3436 D CAM_BottomCV: adjustThumbBg android.widget.ImageView{4acc68 VFED..... ......I. 0,0-0,0 #7f0b06f2 app:id/v9_thumbnail_image}
10-30 14:13:53.959  3436  3480 I CAM_BaseModule: setCameraDevice: d.c.b.p4@ac5c38b - cid: 5
10-30 14:13:53.959  3436  3436 D CAM_AbstractFragment: baseUpdateView FragmentBottomAction, true
10-30 14:13:53.959  3436  3480 D CAM_Camera2CompatAdapter: E: initCameraCapabilitiesByCameraId(): 3
10-30 14:13:53.960  3436  3436 D CAM_BottomCV: adjustThumbBg android.widget.ImageView{4acc68 VFED..... ......I. 0,0-0,0 #7f0b06f2 app:id/v9_thumbnail_image}
10-30 14:13:53.960  2917  2917 D BaseDepthController: mSurface is null and mCurrentBlur is: 0
10-30 14:13:53.961  3436  3436 D CAM_CameraSnapView: onScreenOrientationChanged
10-30 14:13:53.961  3436  3436 D CAM_BottomItems: updateBottomLocation: mBottomLayoutType = 1, type = 1, isLandscape = false
10-30 14:13:53.967  3436  3480 D CAM_CameraCapabilities: QuickShotDelayTime tag not defined
10-30 14:13:53.967  3436  3480 D CAM_CameraCapabilities: HQQuickShot: mFeatureMask: 0   mDelayTimeMask: 0
10-30 14:13:53.967  3436  3480 D CAM_CameraCapabilities: QuickShotDelayTimeFactor tag not defined
10-30 14:13:53.967  3436  3480 D CAM_CameraCapabilities: QuickShot: mDelayTimeFactor: 100
10-30 14:13:53.967  3436  3480 D CAM_CameraCapabilities: MiviSuperNight: mSuperNightMask: 0
10-30 14:13:53.967  3436  3480 D CAM_CameraCapabilities: QuickShotNextCaptureMask: mQuickShotNextCaptureMask: 0
10-30 14:13:53.967  3436  3480 D CAM_CameraCapabilities: getBeautyVersionData: 3 ,beautyVersion: 3 ,beautyAlgo: 1
10-30 14:13:53.967  3436  3480 D CAM_CameraCapabilities: SnapshotQuickViewStreamMask: 0
10-30 14:13:53.967  3436  3480 D CAM_Camera2CompatAdapter: X: initCameraCapabilitiesByCameraId(): 3
10-30 14:13:53.968  3436  3480 W CAM_Camera2CompatAdapterRole: Warning: getSATFrontCameraId(): #init() failed, roleId=80
10-30 14:13:53.968  3436  3480 I CAM_ModuleDevice: [K_PROCESS]: getOperatingMode: SESSION_OPERATION_MODE_ALGO_UP_SAT
10-30 14:13:53.968  3436  3436 I CAM_ AdaptiveTv: init:  mMaxFontScale :1.4
10-30 14:13:53.968  3436  3480 D CAM_Camera2CompatAdapter: E: initCameraCapabilitiesByCameraId(): 2
10-30 14:13:53.968  3436  3436 D CAM_FragmentModeSelector: switchModeSelectViewStyle f = 7, m = 14
10-30 14:13:53.969  3436  3436 D CAM_FragmentModeSelector: to common mode
10-30 14:13:53.969  3436  3436 D CAM_FragmentModeSelector: bottom_external_mode set isVisibility false
10-30 14:13:53.969  3436  3436 D CAM_FragmentModeSelector: mode_select_scrollview set isVisibility true
10-30 14:13:53.970  3436  3436 V CAM_Display: navBarHeight=66
10-30 14:13:53.970  3436  3436 D CAM_FragmentModeSelector: switchMoreMode open: true, style: 0, mCurrentMode: 163
10-30 14:13:53.970  3436  3436 D CAM_DragLayout: disableAllMode
10-30 14:13:53.970  3436  3436 D CAM_DragLayout: setDragEnable mDragMode : false, enable false, force : false
10-30 14:13:53.970  3436  3436 D CAM_AbstractFragment: baseUpdateView FragmentModeSelector, true
10-30 14:13:53.970  3436  3436 V CAM_IDisplayRect: getDisplayRect:Rect(0, 246 - 1080, 1686)
10-30 14:13:53.970  3436  3436 D CAM_ModeSelectViewCV: init curMode = 163
10-30 14:13:53.970  3436  3436 D CAM_ModeSelectViewCV: init mItems = [ComponentDataItem{mDisplayName='Pro'mValue='167'}, ComponentDataItem{mDisplayName='Documentos'mValue='186'}, ComponentDataItem{mDisplayName='Vídeo'mValue='162'}, ComponentDataItem{mDisplayName='Foto'mValue='163'}, ComponentDataItem{mDisplayName='Retrato'mValue='171'}, ComponentDataItem{mDisplayName='Nocturno'mValue='173'}, ComponentDataItem{mDisplayName='Más'mValue='254'}]
10-30 14:13:53.971  3436  3436 D CAM_ModeSelectViewCV: init: updateItemDecoration
10-30 14:13:53.972  3436  3436 E DynamicRefreshRate recy: dynamic params is false
10-30 14:13:53.972  3436  3436 E DynamicRefreshRate recy: dynamic is not enable
10-30 14:13:53.974  3436  3436 E DynamicRefreshRate recy: dynamic is not enable
10-30 14:13:53.975  3436  3480 D CAM_CameraCapabilities: QuickShotDelayTime tag not defined
10-30 14:13:53.975  3436  3480 D CAM_CameraCapabilities: HQQuickShot: mFeatureMask: 0   mDelayTimeMask: 0
10-30 14:13:53.975  3436  3480 D CAM_CameraCapabilities: QuickShotDelayTimeFactor tag not defined
10-30 14:13:53.975  3436  3480 D CAM_CameraCapabilities: QuickShot: mDelayTimeFactor: 100
10-30 14:13:53.975  3436  3480 D CAM_CameraCapabilities: MiviSuperNight: mSuperNightMask: 0
10-30 14:13:53.975  3436  3480 D CAM_CameraCapabilities: QuickShotNextCaptureMask: mQuickShotNextCaptureMask: 0
10-30 14:13:53.975  3436  3480 D CAM_CameraCapabilities: getBeautyVersionData: 3 ,beautyVersion: 3 ,beautyAlgo: 1
10-30 14:13:53.976  3436  3480 D CAM_CameraCapabilities: SnapshotQuickViewStreamMask: 0
10-30 14:13:53.976  3436  3480 D CAM_Camera2CompatAdapter: X: initCameraCapabilitiesByCameraId(): 2
10-30 14:13:53.976  3436  3480 W CAM_Camera2CompatAdapterRole: Warning: getSATFrontCameraId(): #init() failed, roleId=80
10-30 14:13:53.976  3436  3480 I CAM_ModuleDevice: [K_PROCESS]: getOperatingMode: SESSION_OPERATION_MODE_ALGO_UP_SAT
10-30 14:13:53.976  3436  3480 D CAM_BaseModule: create disposable u@199533814: mid = 163, cid = 5, created = false, departed = false 0
10-30 14:13:53.976  3436  3480 D CAM_CameraIntentManager: start activity when locked: false
10-30 14:13:53.976  3436  3480 W CAM_Camera2CompatAdapterRole: Warning: getSATFrontCameraId(): #init() failed, roleId=80
10-30 14:13:53.977  3436  3480 I CAM_ModuleDevice: [K_PROCESS]: getOperatingMode: SESSION_OPERATION_MODE_ALGO_UP_SAT
10-30 14:13:53.977  3436  3436 E .android.camera: No package ID ff found for resource ID 0xffffffff.
10-30 14:13:53.977  3436  3480 W CAM_Camera2CompatAdapterRole: Warning: getAuxCameraId(): #init() failed, roleId=20
10-30 14:13:53.977  3436  3436 E .android.camera: No package ID ff found for resource ID 0xffffffff.
10-30 14:13:53.977  3436  3436 E .android.camera: No package ID ff found for resource ID 0xffffffff.
10-30 14:13:53.977  3436  3480 D CAM_Camera2CompatAdapter: E: initCameraCapabilitiesByCameraId(): 3
10-30 14:13:53.978  3436  3436 D CAM_FragmentTopBar: updateTopBarStyle: TOP_BAR_STYLE_MAIN
10-30 14:13:53.979  3436  3436 D CAM_FragmentTopBar: provideAnimateElement mode = 163 resetType = 2
10-30 14:13:53.979  3436  3436 D CAM_FragmentTopConfig: getTopAlert(): fragment is not added yet0
10-30 14:13:53.979  3436  3436 D CAM_FragmentTopConfig: getTopAlert(): fragment is not added yet0
10-30 14:13:53.979  3436  3436 D CAM_FragmentTopConfig: getTopAlert(): fragment is not added yet0
10-30 14:13:53.979  3436  3436 D StartTopBarAdapter: setData mode:163,resetStrikethrough: false
10-30 14:13:53.982  3436  3436 D EndTopBarAdapter: setData mode:163,resetStrikethrough: false
10-30 14:13:53.983  3436  3480 D CAM_CameraCapabilities: QuickShotDelayTime tag not defined
10-30 14:13:53.983  3436  3480 D CAM_CameraCapabilities: HQQuickShot: mFeatureMask: 0   mDelayTimeMask: 0
10-30 14:13:53.983  3436  3480 D CAM_CameraCapabilities: QuickShotDelayTimeFactor tag not defined
10-30 14:13:53.983  3436  3480 D CAM_CameraCapabilities: QuickShot: mDelayTimeFactor: 100
10-30 14:13:53.983  3436  3480 D CAM_CameraCapabilities: MiviSuperNight: mSuperNightMask: 0
10-30 14:13:53.983  3436  3480 D CAM_CameraCapabilities: QuickShotNextCaptureMask: mQuickShotNextCaptureMask: 0
10-30 14:13:53.983  3436  3480 D CAM_CameraCapabilities: getBeautyVersionData: 3 ,beautyVersion: 3 ,beautyAlgo: 1
10-30 14:13:53.983  3436  3480 D CAM_CameraCapabilities: SnapshotQuickViewStreamMask: 0
10-30 14:13:53.983  3436  3480 D CAM_Camera2CompatAdapter: X: initCameraCapabilitiesByCameraId(): 3
10-30 14:13:53.983  3436  3480 D CAM_ZoomManager: initEquivalentFocalLength: get equivalentFocalLength is null
10-30 14:13:53.984  3436  3480 D CAM_Camera2CompatAdapter: E: initCameraCapabilitiesByCameraId(): 0
10-30 14:13:53.985  3436  3436 D CAM_AbstractFragment: baseUpdateView FragmentTopBar, true
10-30 14:13:53.986  3436  3436 E .android.camera: No package ID ff found for resource ID 0xffffffff.
10-30 14:13:53.986  3436  3436 E .android.camera: No package ID ff found for resource ID 0xffffffff.
10-30 14:13:53.986  3436  3436 E .android.camera: No package ID ff found for resource ID 0xffffffff.
10-30 14:13:53.990  3436  3480 D CAM_CameraCapabilities: QuickShotDelayTime tag not defined
10-30 14:13:53.990  3436  3480 D CAM_CameraCapabilities: HQQuickShot: mFeatureMask: 0   mDelayTimeMask: 0
10-30 14:13:53.990  3436  3480 D CAM_CameraCapabilities: QuickShotDelayTimeFactor tag not defined
10-30 14:13:53.990  3436  3480 D CAM_CameraCapabilities: QuickShot: mDelayTimeFactor: 100
10-30 14:13:53.990  3436  3480 D CAM_CameraCapabilities: MiviSuperNight: mSuperNightMask: 0
10-30 14:13:53.990  3436  3480 D CAM_CameraCapabilities: QuickShotNextCaptureMask: mQuickShotNextCaptureMask: 0
10-30 14:13:53.990  3436  3480 D CAM_CameraCapabilities: getBeautyVersionData: 3 ,beautyVersion: 3 ,beautyAlgo: 1
10-30 14:13:53.990  3436  3480 D CAM_CameraCapabilities: SnapshotQuickViewStreamMask: 0
10-30 14:13:53.990  3436  3480 D CAM_Camera2CompatAdapter: X: initCameraCapabilitiesByCameraId(): 0
10-30 14:13:53.990  3436  3480 D CAM_ZoomManager: initEquivalentFocalLength: get equivalentFocalLength is null
10-30 14:13:53.990  3436  3480 D CAM_ZoomManager: initEquivalentFocalLength: mEquivalentFocalLengthValues={}
10-30 14:13:53.990  3436  3480 D CAM_ZoomManager: setZoomRatio(): 1.0
10-30 14:13:53.990  3436  3480 D CAM_ZoomManager: initializeZoomRatio zoom:1.0
10-30 14:13:53.991  3436  3480 D CAM_BaseModuleStateManager: setKeyFocusPressed: false
10-30 14:13:53.991  3436  3480 D CAM_EffectController: setAiColorCorrectionVersion: 2
10-30 14:13:53.991  3436  3480 D CAM_BaseModule: isSupportAFSaliency=false
10-30 14:13:53.991  3436  3480 D CAM_FocusManager: setCharacteristics: mFocusAreaSupported = true, mAELockOnlySupported = false
10-30 14:13:53.991  3436  3480 E CAM_FocusManagerAbstract: setRenderSize: 1080 | 2340
10-30 14:13:53.991  3436  3480 D CAM_FocusManager: setPreviewSize: 1080x2340
10-30 14:13:53.992  3436  3480 W CAM_Camera2CompatAdapterRole: Warning: getAuxCameraId(): #init() failed, roleId=20
10-30 14:13:53.992  3436  3480 W CAM_Camera2CompatAdapterRole: Warning: getUltraTeleCameraId(): #init() failed, roleId=23
10-30 14:13:53.992  3436  3480 D CAM_ZoomManager: applyZoomRatio(): apply zoom ratio to device = 1.0
10-30 14:13:53.992  3436  3480 V CAM_CameraConfigManager: setZoomRatio(): 1.0
10-30 14:13:53.992  3436  3480 D CAM_CameraConfigs: zoom ratio diff: 0.0
10-30 14:13:53.992  3436  3480 D CAM_MiCamera2: setModuleParameter: d.c.b.p4.a1(Unknown Source:11), d.c.a.q6.r7.Nk(Unknown Source:14), com.android.camera.module.Camera2Module.wi(Unknown Source:324), d.c.a.g6.b.i.u.wi(Unknown Source:0), d.c.a.q6.r7.U4(Unknown Source:0), 
10-30 14:13:53.992  3436  3480 D CAM_CaptureModule: mivi raw super night is not enabled in capture mode
10-30 14:13:53.992  3436  3480 D CAM_CaptureModule: isSatMultipleRawUseCase: isSuperNightOn = false, rawCallback=0
10-30 14:13:53.993  3436  3480 W CAM_MiCamera2: returned a null PreviewCaptureResult, mState is 0
10-30 14:13:53.993  3436  3480 D CAM_Camera2Module: shouldDoMultiFrameCapture: shouldDoSR: false, isMotionExisted: false, isSuperNightSePriority: false
10-30 14:13:53.993  3436  3480 D CAM_Camera2Module: shouldDoMultiFrameCapture: false | false
10-30 14:13:53.993  3436  3480 D CAM_CaptureModule: mivi raw super night is not enabled in capture mode
10-30 14:13:53.993  3436  3480 D CAM_ShotTypeHandler: capture shot type could handle
10-30 14:13:53.993  3436  3480 D CAM_Camera2Module: enableParallel=true enableShot2Gallery=false shotType=5
10-30 14:13:53.993  3436  3480 D CAM_CameraConfigManager: setShotType: type=5,success =true
10-30 14:13:53.993  3436  3480 D CAM_CameraConfigManager: setShot2Gallery: isShot2Gallery=false
10-30 14:13:53.993  3436  3480 D CAM_Camera2Module: HQQuickShot | needMixQuickShot:false, isMixQuickShotSupport:false
10-30 14:13:53.993  3436  3480 D CAM_CaptureModule: mivi raw super night is not enabled in capture mode
10-30 14:13:53.993  3436  3480 D CAM_Camera2Module: updateSize: use JPEG as preferred output image format
10-30 14:13:53.993  3436  3480 D CAM_Camera2CompatAdapter: E: initCameraCapabilitiesByCameraId(): 3
10-30 14:13:53.994  2917  2917 D BaseDepthController: mSurface is null and mCurrentBlur is: 0
10-30 14:13:53.996  3436  3436 D CAM_FragmentTopConfig: getTopAlert(): fragment is null0
10-30 14:13:53.996  3436  3436 D CAM_FragmentTopConfig: getTopAlert(): fragment is null0
10-30 14:13:53.997  3436  3436 D CAM_AbstractFragment: baseUpdateView SecondTopBar, true
10-30 14:13:53.999  3436  3436 D CAM_ZoomRatioToggleView: setVisibility(): GONE
10-30 14:13:53.999  3436  3436 D CAM_ZoomRatioToggleView: resetAnimators
10-30 14:13:54.000  3436  3436 E .android.camera: No package ID ff found for resource ID 0xffffffff.
10-30 14:13:54.000  3436  3436 D CAM_FragmentDualCameraAdjust: initZoomRatioForBackCamera(): zoom: 1.0
10-30 14:13:54.001  3436  3480 D CAM_CameraCapabilities: QuickShotDelayTime tag not defined
10-30 14:13:54.001  3436  3480 D CAM_CameraCapabilities: HQQuickShot: mFeatureMask: 0   mDelayTimeMask: 0
10-30 14:13:54.001  3436  3480 D CAM_CameraCapabilities: QuickShotDelayTimeFactor tag not defined
10-30 14:13:54.001  3436  3480 D CAM_CameraCapabilities: QuickShot: mDelayTimeFactor: 100
10-30 14:13:54.001  3436  3480 D CAM_CameraCapabilities: MiviSuperNight: mSuperNightMask: 0
10-30 14:13:54.001  3436  3480 D CAM_CameraCapabilities: QuickShotNextCaptureMask: mQuickShotNextCaptureMask: 0
10-30 14:13:54.001  3436  3480 D CAM_CameraCapabilities: getBeautyVersionData: 3 ,beautyVersion: 3 ,beautyAlgo: 1
10-30 14:13:54.001  3436  3480 D CAM_CameraCapabilities: SnapshotQuickViewStreamMask: 0
10-30 14:13:54.001  3436  3480 D CAM_Camera2CompatAdapter: X: initCameraCapabilitiesByCameraId(): 3
10-30 14:13:54.001  3436  3436 D CAM_Camera2CompatAdapter: E: initCameraCapabilitiesByCameraId(): 5
10-30 14:13:54.008  3436  3436 D CAM_CameraCapabilities: QuickShotDelayTime tag not defined
10-30 14:13:54.008  3436  3436 D CAM_CameraCapabilities: HQQuickShot: mFeatureMask: 0   mDelayTimeMask: 0
10-30 14:13:54.008  3436  3436 D CAM_CameraCapabilities: QuickShotDelayTimeFactor tag not defined
10-30 14:13:54.008  3436  3436 D CAM_CameraCapabilities: QuickShot: mDelayTimeFactor: 100
10-30 14:13:54.008  3436  3436 D CAM_CameraCapabilities: MiviSuperNight: mSuperNightMask: 0
10-30 14:13:54.008  3436  3436 D CAM_CameraCapabilities: QuickShotNextCaptureMask: mQuickShotNextCaptureMask: 0
10-30 14:13:54.008  3436  3436 D CAM_CameraCapabilities: getBeautyVersionData: 3 ,beautyVersion: 3 ,beautyAlgo: 1
10-30 14:13:54.008  3436  3436 D CAM_CameraCapabilities: SnapshotQuickViewStreamMask: 0
10-30 14:13:54.008  3436  3436 D CAM_Camera2CompatAdapter: X: initCameraCapabilitiesByCameraId(): 5
10-30 14:13:54.009  3436  3480 D CAM_Camera2CompatAdapter: E: initCameraCapabilitiesByCameraId(): 0
10-30 14:13:54.011  2917  2917 D BaseDepthController: mSurface is null and mCurrentBlur is: 0
10-30 14:13:54.014  3436  3480 D CAM_CameraCapabilities: QuickShotDelayTime tag not defined
10-30 14:13:54.014  3436  3480 D CAM_CameraCapabilities: HQQuickShot: mFeatureMask: 0   mDelayTimeMask: 0
10-30 14:13:54.014  3436  3480 D CAM_CameraCapabilities: QuickShotDelayTimeFactor tag not defined
10-30 14:13:54.015  3436  3480 D CAM_CameraCapabilities: QuickShot: mDelayTimeFactor: 100
10-30 14:13:54.015  3436  3480 D CAM_CameraCapabilities: MiviSuperNight: mSuperNightMask: 0
10-30 14:13:54.015  3436  3480 D CAM_CameraCapabilities: QuickShotNextCaptureMask: mQuickShotNextCaptureMask: 0
10-30 14:13:54.015  3436  3480 D CAM_CameraCapabilities: getBeautyVersionData: 3 ,beautyVersion: 3 ,beautyAlgo: 1
10-30 14:13:54.015  3436  3480 D CAM_CameraCapabilities: SnapshotQuickViewStreamMask: 0
10-30 14:13:54.015  3436  3480 D CAM_Camera2CompatAdapter: X: initCameraCapabilitiesByCameraId(): 0
10-30 14:13:54.015  3436  3436 D CAM_Camera2CompatAdapter: E: initCameraCapabilitiesByCameraId(): 5
10-30 14:13:54.022  3436  3436 D CAM_CameraCapabilities: QuickShotDelayTime tag not defined
10-30 14:13:54.022  3436  3436 D CAM_CameraCapabilities: HQQuickShot: mFeatureMask: 0   mDelayTimeMask: 0
10-30 14:13:54.022  3436  3436 D CAM_CameraCapabilities: QuickShotDelayTimeFactor tag not defined
10-30 14:13:54.022  3436  3436 D CAM_CameraCapabilities: QuickShot: mDelayTimeFactor: 100
10-30 14:13:54.022  3436  3436 D CAM_CameraCapabilities: MiviSuperNight: mSuperNightMask: 0
10-30 14:13:54.022  3436  3436 D CAM_CameraCapabilities: QuickShotNextCaptureMask: mQuickShotNextCaptureMask: 0
10-30 14:13:54.022  3436  3436 D CAM_CameraCapabilities: getBeautyVersionData: 3 ,beautyVersion: 3 ,beautyAlgo: 1
10-30 14:13:54.022  3436  3436 D CAM_CameraCapabilities: SnapshotQuickViewStreamMask: 0
10-30 14:13:54.022  3436  3436 D CAM_Camera2CompatAdapter: X: initCameraCapabilitiesByCameraId(): 5
10-30 14:13:54.023  3436  3436 D CAM_FragmentDualCameraAdjustMM: provideAnimateElement(): initialized zoom ratio: 1.0
10-30 14:13:54.023  3436  3436 D CAM_ZoomRatioToggleView: count = 3
10-30 14:13:54.023  3436  3480 D CAM_Camera2CompatAdapter: E: initCameraCapabilitiesByCameraId(): 3
10-30 14:13:54.023  3436  3436 D CAM_ZoomRatioToggleView: resetAnimators
10-30 14:13:54.023  3436  3436 E .android.camera: No package ID ff found for resource ID 0xffffffff.
10-30 14:13:54.025  3436  3436 E .android.camera: No package ID ff found for resource ID 0xffffffff.
10-30 14:13:54.026  1854  1854 D LoadedApk: Receiver not registered: com.android.server.UiModeManagerService$8@d62d51d
10-30 14:13:54.026  2851  2851 D QtiCarrierConfigHelper: WARNING, no carrier configs on phone Id: 1
10-30 14:13:54.027  3436  3436 E .android.camera: No package ID ff found for resource ID 0xffffffff.
10-30 14:13:54.028  3436  3436 D CAM_ZoomRatioToggleView: setSuppressed(): false
10-30 14:13:54.029  3436  3436 I CAM_ZoomRatioToggleView: [U_ACTION]: setZoomRatio(): a = ZOOMING_BY_UNKNOWN_SOURCE,i = 1,z = 1.0,ti =1,tz =1.0
10-30 14:13:54.030  3436  3480 D CAM_CameraCapabilities: QuickShotDelayTime tag not defined
10-30 14:13:54.030  3436  3480 D CAM_CameraCapabilities: HQQuickShot: mFeatureMask: 0   mDelayTimeMask: 0
10-30 14:13:54.030  3436  3480 D CAM_CameraCapabilities: QuickShotDelayTimeFactor tag not defined
10-30 14:13:54.030  3436  3480 D CAM_CameraCapabilities: QuickShot: mDelayTimeFactor: 100
10-30 14:13:54.030  3436  3480 D CAM_CameraCapabilities: MiviSuperNight: mSuperNightMask: 0
10-30 14:13:54.030  3436  3480 D CAM_CameraCapabilities: QuickShotNextCaptureMask: mQuickShotNextCaptureMask: 0
10-30 14:13:54.031  3436  3480 D CAM_CameraCapabilities: getBeautyVersionData: 3 ,beautyVersion: 3 ,beautyAlgo: 1
10-30 14:13:54.031  3436  3480 D CAM_CameraCapabilities: SnapshotQuickViewStreamMask: 0
10-30 14:13:54.031  3436  3480 D CAM_Camera2CompatAdapter: X: initCameraCapabilitiesByCameraId(): 3
10-30 14:13:54.031  3436  3480 D CAM_CameraSizeManager: updateSize: [SAT]camera list: [3, 0]
10-30 14:13:54.031  3436  3480 D CAM_CameraCapabilities: addStreamConfigurationToList: xiaomi.scaler.availableLimitStreamConfigurations: size = 194
10-30 14:13:54.032  3436  3436 D CAM_ZoomRatioToggleView: setVisibility(): VISIBLE
10-30 14:13:54.032  3436  3436 D CAM_ZoomRatioToggleView: setVisibility(): VISIBLE
10-30 14:13:54.032  3436  3436 D CAM_ZoomRatioToggleView: setVisibility(): GONE
10-30 14:13:54.032  3436  3480 W CAM_PictureSizeMg: find normal accuracy size
10-30 14:13:54.032  3436  3436 D CAM_ZoomRatioToggleView: resetAnimators
10-30 14:13:54.032  3436  3480 W CAM_PictureSizeMg: find normal accuracy size
10-30 14:13:54.033  3436  3480 W CAM_PictureSizeMg: find normal accuracy size
10-30 14:13:54.033  3436  3480 W CAM_PictureSizeMg: find normal accuracy size
10-30 14:13:54.033  3436  3480 W CAM_PictureSizeMg: find normal accuracy size
10-30 14:13:54.033  3436  3436 D CAM_ZoomRatioToggleView: setVisibility(): INVISIBLE
10-30 14:13:54.033  3436  3436 D CAM_ZoomRatioToggleView: resetAnimators
10-30 14:13:54.033  3436  3480 W CAM_PictureSizeMg: find normal accuracy size
10-30 14:13:54.033  3436  3480 D CAM_CameraSizeManager: updateSize: [SAT]ultra wide picture size: 4208x3120
10-30 14:13:54.033  3436  3436 D CAM_ZoomRatioToggleView: setVisibility(): GONE
10-30 14:13:54.033  3436  3436 D CAM_ZoomRatioToggleView: resetAnimators
10-30 14:13:54.033  3436  3480 D CAM_Camera2CompatAdapter: E: initCameraCapabilitiesByCameraId(): 0
10-30 14:13:54.033  3436  3436 D CAM_FragmentDualCameraAdjust: initZoomRatioForBackCamera(): zoom: 1.0
10-30 14:13:54.040  3436  3480 D CAM_CameraCapabilities: QuickShotDelayTime tag not defined
10-30 14:13:54.040  3436  3480 D CAM_CameraCapabilities: HQQuickShot: mFeatureMask: 0   mDelayTimeMask: 0
10-30 14:13:54.040  3436  3480 D CAM_CameraCapabilities: QuickShotDelayTimeFactor tag not defined
10-30 14:13:54.040  3436  3480 D CAM_CameraCapabilities: QuickShot: mDelayTimeFactor: 100
10-30 14:13:54.040  3436  3480 D CAM_CameraCapabilities: MiviSuperNight: mSuperNightMask: 0
10-30 14:13:54.040  3436  3480 D CAM_CameraCapabilities: QuickShotNextCaptureMask: mQuickShotNextCaptureMask: 0
10-30 14:13:54.040  3436  3480 D CAM_CameraCapabilities: getBeautyVersionData: 3 ,beautyVersion: 3 ,beautyAlgo: 1
10-30 14:13:54.040  3436  3480 D CAM_CameraCapabilities: SnapshotQuickViewStreamMask: 0
10-30 14:13:54.040  3436  3480 D CAM_Camera2CompatAdapter: X: initCameraCapabilitiesByCameraId(): 0
10-30 14:13:54.041  3436  3436 D CAM_Camera2CompatAdapter: E: initCameraCapabilitiesByCameraId(): 5
10-30 14:13:54.041  3436  3480 D CAM_CameraCapabilities: addStreamConfigurationToList: xiaomi.scaler.availableLimitStreamConfigurations: size = 251
10-30 14:13:54.042  3436  3480 W CAM_PictureSizeMg: find normal accuracy size
10-30 14:13:54.042  3436  3480 W CAM_PictureSizeMg: find normal accuracy size
10-30 14:13:54.042  3436  3480 W CAM_PictureSizeMg: find normal accuracy size
10-30 14:13:54.042  3436  3480 W CAM_PictureSizeMg: find normal accuracy size
10-30 14:13:54.042  3436  3480 W CAM_PictureSizeMg: find normal accuracy size
10-30 14:13:54.042  3436  3480 W CAM_PictureSizeMg: find normal accuracy size
10-30 14:13:54.042  3436  3480 D CAM_CameraSizeManager: updateSize: [SAT]wide picture size: 6016x4512
10-30 14:13:54.043  3436  3480 W CAM_MiCamera2: returned a null PreviewCaptureResult, mState is 0
10-30 14:13:54.043  3436  3480 D CAM_CameraSizeManager: getSatPictureSize: activeCameraId = 2, size = 6016x4512
10-30 14:13:54.043  3436  3480 D CAM_CameraSizeManager: updateSize: [SAT]picture size: 6016x4512
10-30 14:13:54.043  3436  3480 D CAM_CameraCapabilities: addStreamConfigurationToList: xiaomi.scaler.availableLimitStreamConfigurations: size = 254
10-30 14:13:54.044  3436  3480 D CAM_CameraUtil: getOptimalPreviewSize downgrade = false, cameraId = 0, targetRatio = 1.3333333730697632, maxSize = null
10-30 14:13:54.048  3436  3436 D CAM_CameraCapabilities: QuickShotDelayTime tag not defined
10-30 14:13:54.048  3436  3436 D CAM_CameraCapabilities: HQQuickShot: mFeatureMask: 0   mDelayTimeMask: 0
10-30 14:13:54.048  3436  3436 D CAM_CameraCapabilities: QuickShotDelayTimeFactor tag not defined
10-30 14:13:54.048  3436  3436 D CAM_CameraCapabilities: QuickShot: mDelayTimeFactor: 100
10-30 14:13:54.048  3436  3436 D CAM_CameraCapabilities: MiviSuperNight: mSuperNightMask: 0
10-30 14:13:54.048  3436  3436 D CAM_CameraCapabilities: QuickShotNextCaptureMask: mQuickShotNextCaptureMask: 0
10-30 14:13:54.048  3436  3436 D CAM_CameraCapabilities: getBeautyVersionData: 3 ,beautyVersion: 3 ,beautyAlgo: 1
10-30 14:13:54.048  3436  3436 D CAM_CameraCapabilities: SnapshotQuickViewStreamMask: 0
10-30 14:13:54.048  3436  3436 D CAM_Camera2CompatAdapter: X: initCameraCapabilitiesByCameraId(): 5
10-30 14:13:54.048  3436  3480 D CAM_CameraUtil: getOptimalPreviewSize point Point(1080, 2340), width 1080
10-30 14:13:54.048  3436  3480 D CAM_CameraUtil: getOptimalPreviewSize: height:4344 width: 5792 ratio:1.3333333333333333
10-30 14:13:54.048  3436  3480 D CAM_CameraUtil: getOptimalPreviewSize: height:4344 width: 5792 ratio:1.3333333333333333
10-30 14:13:54.048  3436  3480 D CAM_CameraUtil: getOptimalPreviewSize: height:4344 width: 5792 ratio:1.3333333333333333
10-30 14:13:54.048  3436  3480 D CAM_CameraUtil: getOptimalPreviewSize: height:4344 width: 5792 ratio:1.3333333333333333
10-30 14:13:54.048  3436  3480 D CAM_CameraUtil: getOptimalPreviewSize: height:4512 width: 4512 ratio:1.0
10-30 14:13:54.048  3436  3480 D CAM_CameraUtil: getOptimalPreviewSize: height:4344 width: 4344 ratio:1.0
10-30 14:13:54.048  3436  3480 D CAM_CameraUtil: getOptimalPreviewSize: height:3240 width: 5760 ratio:1.7777777777777777
10-30 14:13:54.048  3436  3480 D CAM_CameraUtil: getOptimalPreviewSize: height:4344 width: 5792 ratio:1.3333333333333333
10-30 14:13:54.049  3436  3480 D CAM_CameraUtil: getOptimalPreviewSize: height:2592 width: 5616 ratio:2.1666666666666665
10-30 14:13:54.049  3436  3480 D CAM_CameraUtil: getOptimalPreviewSize: height:3120 width: 4208 ratio:1.3487179487179488
10-30 14:13:54.049  3436  3480 D CAM_CameraUtil: getOptimalPreviewSize: height:4208 width: 3120 ratio:0.7414448669201521
10-30 14:13:54.049  3436  3480 D CAM_CameraUtil: getOptimalPreviewSize: height:3008 width: 4012 ratio:1.3337765957446808
10-30 14:13:54.049  3436  3480 D CAM_CameraUtil: getOptimalPreviewSize: height:3120 width: 3120 ratio:1.0
10-30 14:13:54.049  3436  3480 D CAM_CameraUtil: getOptimalPreviewSize: height:2304 width: 4096 ratio:1.7777777777777777
10-30 14:13:54.049  3436  3480 D CAM_CameraUtil: getOptimalPreviewSize: height:4096 width: 2304 ratio:0.5625
10-30 14:13:54.049  3436  3480 D CAM_CameraUtil: getOptimalPreviewSize: height:2232 width: 3968 ratio:1.7777777777777777
10-30 14:13:54.049  3436  3480 D CAM_CameraUtil: getOptimalPreviewSize: height:2160 width: 4096 ratio:1.8962962962962964
10-30 14:13:54.049  3436  3480 D CAM_CameraUtil: getOptimalPreviewSize: height:2160 width: 3840 ratio:1.7777777777777777
10-30 14:13:54.049  3436  3480 D CAM_CameraUtil: getOptimalPreviewSize: height:1872 width: 4056 ratio:2.1666666666666665
10-30 14:13:54.049  3436  3480 D CAM_CameraUtil: getOptimalPreviewSize: height:4056 width: 1872 ratio:0.46153846153846156
10-30 14:13:54.049  3436  3480 D CAM_CameraUtil: getOptimalPreviewSize: height:2256 width: 3008 ratio:1.3333333333333333
10-30 14:13:54.049  3436  3480 D CAM_CameraUtil: getOptimalPreviewSize: height:1728 width: 3744 ratio:2.1666666666666665
10-30 14:13:54.049  3436  3480 D CAM_CameraUtil: getOptimalPreviewSize: height:1940 width: 2592 ratio:1.336082474226804
10-30 14:13:54.049  3436  3480 D CAM_CameraUtil: getOptimalPreviewSize: height:1800 width: 2400 ratio:1.3333333333333333
10-30 14:13:54.049  3436  3480 D CAM_CameraUtil: getOptimalPreviewSize: height:1940 width: 1940 ratio:1.0
10-30 14:13:54.049  3436  3480 D CAM_CameraUtil: getOptimalPreviewSize: height:1440 width: 2560 ratio:1.7777777777777777
10-30 14:13:54.049  3436  3480 D CAM_CameraUtil: getOptimalPreviewSize: height:1152 width: 2496 ratio:2.1666666666666665
10-30 14:13:54.049  3436  3480 D CAM_CameraUtil: getOptimalPreviewSize: height:1440 width: 1920 ratio:1.3333333333333333
10-30 14:13:54.049  3436  3480 D CAM_CameraUtil: getOptimalPreviewSize: height:1080 width: 2340 ratio:2.1666666666666665
10-30 14:13:54.049  3436  3480 D CAM_CameraUtil: getOptimalPreviewSize: height:1080 width: 2160 ratio:2.0
10-30 14:13:54.049  3436  3480 D CAM_CameraUtil: getOptimalPreviewSize: height:1080 width: 1920 ratio:1.7777777777777777
10-30 14:13:54.049  3436  3480 D CAM_CameraUtil: getOptimalPreviewSize: height:960 width: 2080 ratio:2.1666666666666665
10-30 14:13:54.049  3436  3480 D CAM_CameraUtil: getOptimalPreviewSize: height:1200 width: 1600 ratio:1.3333333333333333
10-30 14:13:54.049  3436  3480 D CAM_CameraUtil: getOptimalPreviewSize: height:1600 width: 1200 ratio:0.75
10-30 14:13:54.049  3436  3480 D CAM_CameraUtil: getOptimalPreviewSize: height:1080 width: 1440 ratio:1.3333333333333333
10-30 14:13:54.049  3436  3480 D CAM_CameraUtil: getOptimalPreviewSize: height:900 width: 1600 ratio:1.7777777777777777
10-30 14:13:54.049  3436  3480 D CAM_CameraUtil: getOptimalPreviewSize: height:1600 width: 900 ratio:0.5625
10-30 14:13:54.049  3436  3480 D CAM_CameraUtil: getOptimalPreviewSize: height:1200 width: 1200 ratio:1.0
10-30 14:13:54.049  3436  3480 D CAM_CameraUtil: getOptimalPreviewSize: height:960 width: 1280 ratio:1.3333333333333333
10-30 14:13:54.049  3436  3480 D CAM_CameraUtil: getOptimalPreviewSize: height:720 width: 1560 ratio:2.1666666666666665
10-30 14:13:54.049  3436  3436 D CAM_FragmentDualCameraAdjustMM: provideAnimateElement(): initialized zoom ratio: 1.0
10-30 14:13:54.049  3436  3480 D CAM_CameraUtil: getOptimalPreviewSize: height:1560 width: 720 ratio:0.46153846153846156
10-30 14:13:54.049  3436  3480 D CAM_CameraUtil: getOptimalPreviewSize: height:720 width: 1440 ratio:2.0
10-30 14:13:54.049  3436  3480 D CAM_CameraUtil: getOptimalPreviewSize: height:720 width: 1280 ratio:1.7777777777777777
10-30 14:13:54.049  3436  3480 D CAM_CameraUtil: getOptimalPreviewSize: height:600 width: 800 ratio:1.3333333333333333
10-30 14:13:54.049  3436  3480 D CAM_CameraUtil: getOptimalPreviewSize: height:480 width: 864 ratio:1.8
10-30 14:13:54.049  3436  3480 D CAM_CameraUtil: getOptimalPreviewSize: height:480 width: 720 ratio:1.5
10-30 14:13:54.049  3436  3436 D CAM_ZoomRatioToggleView: count = 3
10-30 14:13:54.049  3436  3480 D CAM_CameraUtil: getOptimalPreviewSize: height:480 width: 640 ratio:1.3333333333333333
10-30 14:13:54.049  3436  3436 D CAM_ZoomRatioToggleView: setSuppressed(): false
10-30 14:13:54.049  3436  3480 D CAM_CameraUtil: getOptimalPreviewSize: height:288 width: 352 ratio:1.2222222222222223
10-30 14:13:54.049  3436  3436 D CAM_ZoomRatioToggleView: setSuppressed() ignored: false
10-30 14:13:54.049  3436  3480 D CAM_CameraUtil: getOptimalPreviewSize: height:236 width: 419 ratio:1.7754237288135593
10-30 14:13:54.049  3436  3480 D CAM_CameraUtil: getOptimalPreviewSize: height:240 width: 320 ratio:1.3333333333333333
10-30 14:13:54.050  3436  3480 D CAM_CameraUtil: getOptimalPreviewSize: height:144 width: 176 ratio:1.2222222222222223
10-30 14:13:54.050  3436  3436 I CAM_ZoomRatioToggleView: [U_ACTION]: setZoomRatio(): a = ZOOMING_BY_UNKNOWN_SOURCE,i = 1,z = 1.0,ti =1,tz =1.0
10-30 14:13:54.050  3436  3480 I CAM_CameraUtil: best preview size: 1440x1080
10-30 14:13:54.050  3436  3480 D CAM_CameraUtil: getOptimalPreviewSize downgrade = false, cameraId = 0, targetRatio = 1.3333333730697632, maxSize = null
10-30 14:13:54.050  3436  3480 D CAM_CameraUtil: getOptimalPreviewSize point Point(1080, 2340), width 1080
10-30 14:13:54.050  3436  3480 D CAM_CameraUtil: getOptimalPreviewSize: height:4344 width: 5792 ratio:1.3333333333333333
10-30 14:13:54.050  3436  3480 D CAM_CameraUtil: getOptimalPreviewSize: height:4344 width: 5792 ratio:1.3333333333333333
10-30 14:13:54.050  3436  3480 D CAM_CameraUtil: getOptimalPreviewSize: height:4344 width: 5792 ratio:1.3333333333333333
10-30 14:13:54.050  3436  3480 D CAM_CameraUtil: getOptimalPreviewSize: height:4344 width: 5792 ratio:1.3333333333333333
10-30 14:13:54.050  3436  3480 D CAM_CameraUtil: getOptimalPreviewSize: height:4512 width: 4512 ratio:1.0
10-30 14:13:54.050  3436  3480 D CAM_CameraUtil: getOptimalPreviewSize: height:4344 width: 4344 ratio:1.0
10-30 14:13:54.050  3436  3480 D CAM_CameraUtil: getOptimalPreviewSize: height:3240 width: 5760 ratio:1.7777777777777777
10-30 14:13:54.050  3436  3480 D CAM_CameraUtil: getOptimalPreviewSize: height:4344 width: 5792 ratio:1.3333333333333333
10-30 14:13:54.050  3436  3480 D CAM_CameraUtil: getOptimalPreviewSize: height:2592 width: 5616 ratio:2.1666666666666665
10-30 14:13:54.050  3436  3480 D CAM_CameraUtil: getOptimalPreviewSize: height:3120 width: 4208 ratio:1.3487179487179488
10-30 14:13:54.050  3436  3480 D CAM_CameraUtil: getOptimalPreviewSize: height:4208 width: 3120 ratio:0.7414448669201521
10-30 14:13:54.050  3436  3480 D CAM_CameraUtil: getOptimalPreviewSize: height:3008 width: 4012 ratio:1.3337765957446808
10-30 14:13:54.050  3436  3480 D CAM_CameraUtil: getOptimalPreviewSize: height:3120 width: 3120 ratio:1.0
10-30 14:13:54.050  3436  3480 D CAM_CameraUtil: getOptimalPreviewSize: height:2304 width: 4096 ratio:1.7777777777777777
10-30 14:13:54.050  3436  3480 D CAM_CameraUtil: getOptimalPreviewSize: height:4096 width: 2304 ratio:0.5625
10-30 14:13:54.050  3436  3480 D CAM_CameraUtil: getOptimalPreviewSize: height:2232 width: 3968 ratio:1.7777777777777777
10-30 14:13:54.050  3436  3480 D CAM_CameraUtil: getOptimalPreviewSize: height:2160 width: 4096 ratio:1.8962962962962964
10-30 14:13:54.050  3436  3480 D CAM_CameraUtil: getOptimalPreviewSize: height:2160 width: 3840 ratio:1.7777777777777777
10-30 14:13:54.050  3436  3480 D CAM_CameraUtil: getOptimalPreviewSize: height:1872 width: 4056 ratio:2.1666666666666665
10-30 14:13:54.050  3436  3480 D CAM_CameraUtil: getOptimalPreviewSize: height:4056 width: 1872 ratio:0.46153846153846156
10-30 14:13:54.050  3436  3480 D CAM_CameraUtil: getOptimalPreviewSize: height:2256 width: 3008 ratio:1.3333333333333333
10-30 14:13:54.050  3436  3480 D CAM_CameraUtil: getOptimalPreviewSize: height:1728 width: 3744 ratio:2.1666666666666665
10-30 14:13:54.050  3436  3480 D CAM_CameraUtil: getOptimalPreviewSize: height:1940 width: 2592 ratio:1.336082474226804
10-30 14:13:54.050  3436  3480 D CAM_CameraUtil: getOptimalPreviewSize: height:1800 width: 2400 ratio:1.3333333333333333
10-30 14:13:54.050  3436  3480 D CAM_CameraUtil: getOptimalPreviewSize: height:1940 width: 1940 ratio:1.0
10-30 14:13:54.050  3436  3480 D CAM_CameraUtil: getOptimalPreviewSize: height:1440 width: 2560 ratio:1.7777777777777777
10-30 14:13:54.050  3436  3480 D CAM_CameraUtil: getOptimalPreviewSize: height:1152 width: 2496 ratio:2.1666666666666665
10-30 14:13:54.050  3436  3480 D CAM_CameraUtil: getOptimalPreviewSize: height:1440 width: 1920 ratio:1.3333333333333333
10-30 14:13:54.050  3436  3480 D CAM_CameraUtil: getOptimalPreviewSize: height:1080 width: 2340 ratio:2.1666666666666665
10-30 14:13:54.050  3436  3480 D CAM_CameraUtil: getOptimalPreviewSize: height:1080 width: 2160 ratio:2.0
10-30 14:13:54.050  3436  3480 D CAM_CameraUtil: getOptimalPreviewSize: height:1080 width: 1920 ratio:1.7777777777777777
10-30 14:13:54.050  3436  3480 D CAM_CameraUtil: getOptimalPreviewSize: height:960 width: 2080 ratio:2.1666666666666665
10-30 14:13:54.050  3436  3480 D CAM_CameraUtil: getOptimalPreviewSize: height:1200 width: 1600 ratio:1.3333333333333333
10-30 14:13:54.051  3436  3480 D CAM_CameraUtil: getOptimalPreviewSize: height:1600 width: 1200 ratio:0.75
10-30 14:13:54.051  3436  3480 D CAM_CameraUtil: getOptimalPreviewSize: height:1080 width: 1440 ratio:1.3333333333333333
10-30 14:13:54.051  3436  3480 D CAM_CameraUtil: getOptimalPreviewSize: height:900 width: 1600 ratio:1.7777777777777777
10-30 14:13:54.051  3436  3480 D CAM_CameraUtil: getOptimalPreviewSize: height:1600 width: 900 ratio:0.5625
10-30 14:13:54.051  3436  3480 D CAM_CameraUtil: getOptimalPreviewSize: height:1200 width: 1200 ratio:1.0
10-30 14:13:54.051  3436  3480 D CAM_CameraUtil: getOptimalPreviewSize: height:960 width: 1280 ratio:1.3333333333333333
10-30 14:13:54.051  3436  3480 D CAM_CameraUtil: getOptimalPreviewSize: height:720 width: 1560 ratio:2.1666666666666665
10-30 14:13:54.051  3436  3480 D CAM_CameraUtil: getOptimalPreviewSize: height:1560 width: 720 ratio:0.46153846153846156
10-30 14:13:54.051  3436  3480 D CAM_CameraUtil: getOptimalPreviewSize: height:720 width: 1440 ratio:2.0
10-30 14:13:54.051  3436  3480 D CAM_CameraUtil: getOptimalPreviewSize: height:720 width: 1280 ratio:1.7777777777777777
10-30 14:13:54.051  3436  3480 D CAM_CameraUtil: getOptimalPreviewSize: height:600 width: 800 ratio:1.3333333333333333
10-30 14:13:54.051  3436  3480 D CAM_CameraUtil: getOptimalPreviewSize: height:480 width: 864 ratio:1.8
10-30 14:13:54.051  3436  3480 D CAM_CameraUtil: getOptimalPreviewSize: height:480 width: 720 ratio:1.5
10-30 14:13:54.051  3436  3480 D CAM_CameraUtil: getOptimalPreviewSize: height:480 width: 640 ratio:1.3333333333333333
10-30 14:13:54.051  3436  3480 D CAM_CameraUtil: getOptimalPreviewSize: height:288 width: 352 ratio:1.2222222222222223
10-30 14:13:54.051  3436  3480 D CAM_CameraUtil: getOptimalPreviewSize: height:236 width: 419 ratio:1.7754237288135593
10-30 14:13:54.051  3436  3480 D CAM_CameraUtil: getOptimalPreviewSize: height:240 width: 320 ratio:1.3333333333333333
10-30 14:13:54.051  3436  3480 D CAM_CameraUtil: getOptimalPreviewSize: height:144 width: 176 ratio:1.2222222222222223
10-30 14:13:54.051  3436  3480 I CAM_CameraUtil: best preview size: 1440x1080
10-30 14:13:54.051  3436  3480 D CAM_MiCamera2: setAlgorithmPreviewSize size = 1440x1080
10-30 14:13:54.051  3436  3480 D CAM_MiCamera2: setAlgorithmPreviewSize = true
10-30 14:13:54.051  3436  3480 D CAM_CameraSizeManager: updateSize: algoUp output size (JPEG): 6016x4512
10-30 14:13:54.051  3436  3480 D CAM_Camera2Module: updateSize: picture size (YUV): 6016x4512, preview size: 1440x1080, sensor raw image size: null
10-30 14:13:54.051  3436  3480 D CAM_u   : updateCameraScreenNailSize: 1440x1080
10-30 14:13:54.051  3436  3480 D CAM_Camera2CompatAdapter: E: initCameraCapabilitiesByCameraId(): 0
10-30 14:13:54.053  3436  3436 D CAM_AbstractFragment: baseUpdateView FragmentDualCameraAdjustMM, true
10-30 14:13:54.059  3436  3480 D CAM_CameraCapabilities: QuickShotDelayTime tag not defined
10-30 14:13:54.059  3436  3480 D CAM_CameraCapabilities: HQQuickShot: mFeatureMask: 0   mDelayTimeMask: 0
10-30 14:13:54.059  3436  3480 D CAM_CameraCapabilities: QuickShotDelayTimeFactor tag not defined
10-30 14:13:54.059  3436  3480 D CAM_CameraCapabilities: QuickShot: mDelayTimeFactor: 100
10-30 14:13:54.059  3436  3480 D CAM_CameraCapabilities: MiviSuperNight: mSuperNightMask: 0
10-30 14:13:54.059  3436  3480 D CAM_CameraCapabilities: QuickShotNextCaptureMask: mQuickShotNextCaptureMask: 0
10-30 14:13:54.059  3436  3480 D CAM_CameraCapabilities: getBeautyVersionData: 3 ,beautyVersion: 3 ,beautyAlgo: 1
10-30 14:13:54.059  3436  3480 D CAM_CameraCapabilities: SnapshotQuickViewStreamMask: 0
10-30 14:13:54.059  3436  3480 D CAM_Camera2CompatAdapter: X: initCameraCapabilitiesByCameraId(): 0
10-30 14:13:54.059  3436  3480 V CAM_BaseModule: checkDisplayOrientation: 0 | 90
10-30 14:13:54.059  3436  3436 D CAM_Camera2CompatAdapter: E: initCameraCapabilitiesByCameraId(): 5
10-30 14:13:54.059  3436  3480 D CAM_CameraSizeManager: setVideoSize 1080x1440
10-30 14:13:54.059  3436  3480 V CAM_CameraConfigManager: setEnableZsl true
10-30 14:13:54.059  3436  3480 W CAM_ImageModuleCameraManager: no consumer for this updateType: 74
10-30 14:13:54.061  2917  2917 D BaseDepthController: mSurface is null and mCurrentBlur is: 0
10-30 14:13:54.066  3436  3436 D CAM_CameraCapabilities: QuickShotDelayTime tag not defined
10-30 14:13:54.066  3436  3436 D CAM_CameraCapabilities: HQQuickShot: mFeatureMask: 0   mDelayTimeMask: 0
10-30 14:13:54.066  3436  3436 D CAM_CameraCapabilities: QuickShotDelayTimeFactor tag not defined
10-30 14:13:54.066  3436  3436 D CAM_CameraCapabilities: QuickShot: mDelayTimeFactor: 100
10-30 14:13:54.066  3436  3436 D CAM_CameraCapabilities: MiviSuperNight: mSuperNightMask: 0
10-30 14:13:54.066  3436  3436 D CAM_CameraCapabilities: QuickShotNextCaptureMask: mQuickShotNextCaptureMask: 0
10-30 14:13:54.066  3436  3436 D CAM_CameraCapabilities: getBeautyVersionData: 3 ,beautyVersion: 3 ,beautyAlgo: 1
10-30 14:13:54.066  3436  3436 D CAM_CameraCapabilities: SnapshotQuickViewStreamMask: 0
10-30 14:13:54.066  3436  3436 D CAM_Camera2CompatAdapter: X: initCameraCapabilitiesByCameraId(): 5
10-30 14:13:54.066  3436  3480 D CAM_CameraCapabilities: getAiShutterSupport not defined
10-30 14:13:54.067  3436  3480 D CAM_CameraCapabilities: isSupportAiShutter: 0
10-30 14:13:54.067  3436  3480 V CAM_CameraConfigManager: setExposureCompensation: 0
10-30 14:13:54.067  3436  3480 W CAM_ImageModuleCameraManager: no consumer for this updateType: 15
10-30 14:13:54.067  3436  3436 D CAM_ZoomRatioToggleView: count = 3
10-30 14:13:54.067  3436  3436 D CAM_ZoomRatioToggleView: setSuppressed(): false
10-30 14:13:54.067  3436  3480 V CAM_MiCamera2: setISO: 0
10-30 14:13:54.067  3436  3436 D CAM_ZoomRatioToggleView: setSuppressed() ignored: false
10-30 14:13:54.067  3436  3480 W CAM_ImageModuleCameraManager: no consumer for this updateType: 16
10-30 14:13:54.067  3436  3480 W CAM_ImageModuleCameraManager: no consumer for this updateType: 6
10-30 14:13:54.067  3436  3480 V CAM_CameraConfigManager: setAWBLock: false
10-30 14:13:54.067  3436  3436 I CAM_ZoomRatioToggleView: [U_ACTION]: setZoomRatio(): a = ZOOMING_BY_LAYOUT_CHANGE,i = 1,z = 1.0,ti =1,tz =1.0
10-30 14:13:54.067  3436  3480 V CAM_CameraConfigManager: setAWBMode: 1
10-30 14:13:54.067  3436  3480 W CAM_ImageModuleCameraManager: no consumer for this updateType: 51966
10-30 14:13:54.067  3436  3480 W CAM_BaseModuleCameraManager: no consumer for this updateType: 51966
10-30 14:13:54.067  3436  3480 W CAM_ImageModuleCameraManager: no consumer for this updateType: 51967
10-30 14:13:54.067  3436  3480 D CAM_BaseModuleCameraManager: updateFrameRatio: 1 (4x3)
10-30 14:13:54.067  3436  3480 D CAM_CameraConfigManager: setTrackFocusEnable false
10-30 14:13:54.067  3436  3480 D CAM_CameraConfigManager: setTrackFocusFeatureEnable false
10-30 14:13:54.067  3436  3480 D CAM_CameraConfigManager: setTrackFocusEnable false
10-30 14:13:54.068  3436  3480 V CAM_CameraConfigManager: setDeviceOrientation: 0
10-30 14:13:54.068  3436  3480 W CAM_ImageModuleCameraManager: no consumer for this updateType: 19
10-30 14:13:54.068  3436  3480 W CAM_BaseModuleCameraManager: no consumer for this updateType: 19
10-30 14:13:54.068  3436  3480 V CAM_CameraConfigManager: setAperture(): 0.0
10-30 14:13:54.068  3436  3480 D CAM_CameraConfigs: aperture: 0.0
10-30 14:13:54.068  3436  3480 V CAM_CameraConfigManager: setExposureMode(): 0
10-30 14:13:54.068  3436  3480 D CAM_CameraConfigs: setExposureMode: 0
10-30 14:13:54.068  3436  3480 W CAM_ImageModuleCameraManager: no consumer for this updateType: 110
10-30 14:13:54.068  3436  3480 W CAM_ImageModuleCameraManager: no consumer for this updateType: 97
10-30 14:13:54.068  3436  3480 D CAM_MiCamera2: setCvLens 0 for null
10-30 14:13:54.068  3436  3480 W CAM_ImageModuleCameraManager: no consumer for this updateType: 111
10-30 14:13:54.068  3436  3480 V CAM_CameraConfigManager: setIsZoomSpeedUp(): false
10-30 14:13:54.068  3436  3480 W CAM_ImageModuleCameraManager: no consumer for this updateType: 112
10-30 14:13:54.068  3436  3480 V CAM_CameraConfigManager: setIsZoomSpeedDown(): false
10-30 14:13:54.068  3436  3480 V CAM_CameraConfigManager: setFaceAEStrategy(): 0
10-30 14:13:54.068  3436  3480 D CAM_CaptureRequestBuilder:  applyFaceAEStrategyFlag something is null
10-30 14:13:54.068  3436  3480 D CAM_CameraCapabilities: isSatFusionShotSupported: false, because tag undefined
10-30 14:13:54.068  3436  3436 E .android.camera: No package ID ff found for resource ID 0xffffffff.
10-30 14:13:54.069  3436  3480 I CAM_Camera2Module: [K_PROCESS]: startPreview: set PictureSize with 6016x4512
10-30 14:13:54.069  3436  3480 D CAM_MiCameraSurfaceManager: prepare imageReader android.media.ImageReader@55458aa
10-30 14:13:54.069  3436  3480 D CAM_Camera2Module: startPreview: set PictureFormat to JPEG
10-30 14:13:54.070  3436  3480 D CAM_CaptureModule: mivi raw super night is not enabled in capture mode
10-30 14:13:54.070  3436  3480 D CAM_Camera2Module: [QCFA]startPreview: set qcfa enable false
10-30 14:13:54.071  3436  3480 E CAM_CameraUtil: Unknown package: com.xiaomi.scanner
10-30 14:13:54.071  3436  3480 I CAM_Camera2Module: [K_PROCESS]: startPreview: surfaceTexture = null
10-30 14:13:54.071  3436  3534 V CAM_Camera2Module: [WTP]init preview callback type decoders: E
10-30 14:13:54.071  3436  3480 E CAM_Camera2Module: startPreview: surfaceTexture unavailable!!!!
10-30 14:13:54.071  3436  3534 D CAM_Camera2Module: init preview callback type decoders, previewCallbackType: 0x0, needUpdatePreference: false
10-30 14:13:54.071  3436  3534 V CAM_Camera2Module: [WTP]init preview callback type decoders: X
10-30 14:13:54.071  3436  3480 W CAM_Camera2CompatAdapterRole: Warning: getSATFrontCameraId(): #init() failed, roleId=80
10-30 14:13:54.071  3436  3480 I CAM_ModuleDevice: [K_PROCESS]: getOperatingMode: SESSION_OPERATION_MODE_ALGO_UP_SAT
10-30 14:13:54.071  3436  3480 D CAM_Camera2Module: startPreview: operatingMode = 36866
10-30 14:13:54.071  3436  3480 I CAM_MiCamera2: [K_PROCESS]: startPreviewSession: operatingMode=0x9002 previewCallback=0 rawCallbackType=0
10-30 14:13:54.071  3436  3480 V CAM_MiCamera2: generateSessionId: id=1
10-30 14:13:54.072  3436  3480 I CAM_MiCamera2: [K_PROCESS]: configMaxParallelRequestNumber: prNum = -1
10-30 14:13:54.072  3436  3480 W CAM_LocalParallelService: configMaxParallelRequestNumber: null processor
10-30 14:13:54.072  3436  3480 D CAM_Camera2CompatAdapter: E: initCameraCapabilitiesByCameraId(): 0
10-30 14:13:54.078  2917  2917 D BaseDepthController: mSurface is null and mCurrentBlur is: 0
10-30 14:13:54.078  2917  2917 D SsBaseTemplateCard: No text view can be set up
10-30 14:13:54.078  2917  2917 I SsBaseTemplateCard: setFormattedContentDescription: text=19°C, iconDescription=Mayormente nublado, contentDescription=Mayormente nublado, 19°C
10-30 14:13:54.078  2917  2917 D SsBaseTemplateCard: Passed-in item info is null
10-30 14:13:54.078  2917  2917 D SsBaseTemplateCard: Passed-in item info is null
10-30 14:13:54.078  2917  2917 I SsBaseTemplateCard: Secondary card pane is null
10-30 14:13:54.079  2644  2684 V WindowManagerShell: Transition animation finished (aborted=false), notifying core (#265) android.os.BinderProxy@a4c2ff6@0
10-30 14:13:54.079  3436  3480 D CAM_CameraCapabilities: QuickShotDelayTime tag not defined
10-30 14:13:54.079  3436  3480 D CAM_CameraCapabilities: HQQuickShot: mFeatureMask: 0   mDelayTimeMask: 0
10-30 14:13:54.079  3436  3480 D CAM_CameraCapabilities: QuickShotDelayTimeFactor tag not defined
10-30 14:13:54.079  3436  3480 D CAM_CameraCapabilities: QuickShot: mDelayTimeFactor: 100
10-30 14:13:54.079  3436  3480 D CAM_CameraCapabilities: MiviSuperNight: mSuperNightMask: 0
10-30 14:13:54.079  3436  3480 D CAM_CameraCapabilities: QuickShotNextCaptureMask: mQuickShotNextCaptureMask: 0
10-30 14:13:54.079  3436  3480 D CAM_CameraCapabilities: getBeautyVersionData: 3 ,beautyVersion: 3 ,beautyAlgo: 1
10-30 14:13:54.079  3436  3480 D CAM_CameraCapabilities: SnapshotQuickViewStreamMask: 0
10-30 14:13:54.079  3436  3480 D CAM_Camera2CompatAdapter: X: initCameraCapabilitiesByCameraId(): 0
10-30 14:13:54.080  3436  3480 D CAM_Camera2CompatAdapter: E: initCameraCapabilitiesByCameraId(): 3
10-30 14:13:54.080  1854  1885 V WindowManager: Finish Transition (#265): created at 10-30 14:13:53.490 collect-started=0.529ms request-sent=19.192ms started=20.99ms ready=53.71ms sent=55.786ms commit=14.127ms finished=590.387ms
10-30 14:13:54.081  2917  2917 D b/387844520: getOutlineOffsetX: measured width = 182, mNormalizedIconSize = 167, last updated width = 182
10-30 14:13:54.082  2644  2657 D KeyguardService: setOccluded(true)
10-30 14:13:54.082  2644  2657 D KeyguardViewMediator: setOccluded(true)
10-30 14:13:54.083  2644  2644 D KeyguardViewMediator: handleSetOccluded(true)
10-30 14:13:54.083  2644  2684 V WindowManagerShell: Track 0 became idle
10-30 14:13:54.083  2644  2684 V WindowManagerShell: All active transition animations finished
10-30 14:13:54.083  2644  2644 D CentralSurfaces: occluded=true
