10-30 20:51:55.004 10070 10070 D nativeloader: Configuring clns-9 for other apk /data/app/~~pNKoGDSytCUsv9-b67Bm0Q==/com.google.android.apps.maps-ugHt4mSc60r0xNnUFIqC1w==/base.apk:/data/app/~~pNKoGDSytCUsv9-b67Bm0Q==/com.google.android.apps.maps-ugHt4mSc60r0xNnUFIqC1w==/split_config.arm64_v8a.apk:/data/app/~~pNKoGDSytCUsv9-b67Bm0Q==/com.google.android.apps.maps-ugHt4mSc60r0xNnUFIqC1w==/split_config.es.apk:/data/app/~~pNKoGDSytCUsv9-b67Bm0Q==/com.google.android.apps.maps-ugHt4mSc60r0xNnUFIqC1w==/split_config.xxhdpi.apk. target_sdk_version=36, uses_libraries=libOpenCL.so, library_path=/data/app/~~pNKoGDSytCUsv9-b67Bm0Q==/com.google.android.apps.maps-ugHt4mSc60r0xNnUFIqC1w==/lib/arm64:/data/app/~~pNKoGDSytCUsv9-b67Bm0Q==/com.google.android.apps.maps-ugHt4mSc60r0xNnUFIqC1w==/base.apk!/lib/arm64-v8a:/data/app/~~pNKoGDSytCUsv9-b67Bm0Q==/com.google.android.apps.maps-ugHt4mSc60r0xNnUFIqC1w==/split_config.arm64_v8a.apk!/lib/arm64-v8a:/data/app/~~pNKoGDSytCUsv9-b67Bm0Q==/com.google.android.apps.maps-ugHt4mSc60r0xNnUFIqC1w==/split_config.es.apk!/lib/arm64-v8a:/data
10-30 20:51:55.011   667   667 I lowmemorykiller: Kill 'com.google.android.apps.work.clouddpc' (8844), uid 10635, oom_score_adj 905 to free 161212kB rss, 2892kB swap; reason: low watermark is breached
10-30 20:51:55.012   669   669 I hwservicemanager: getTransport: Cannot find entry vendor.qti.hardware.servicetracker@1.0::IServicetracker/default in either framework or device VINTF manifest.
10-30 20:51:55.014 10070 10070 I droid.apps.maps: AssetManager2(0xb400007ca1dd1cd8) locale list changing from [] to [es-ES]
10-30 20:51:55.018 10070 10070 E BoostFramework: BoostFramework() : Exception_1 = java.lang.ClassNotFoundException: com.qualcomm.qti.Performance
10-30 20:51:55.018 10070 10070 E BoostFramework: BoostFramework() Ux Perf: Exception = java.lang.ClassNotFoundException: com.qualcomm.qti.UxPerformance
10-30 20:51:55.020 10070 10070 V GraphicsEnvironment: Currently set values for:
10-30 20:51:55.020 10070 10070 V GraphicsEnvironment:   angle_gl_driver_selection_pkgs=[com.android.angle, com.linecorp.b612.android, com.campmobile.snow, com.google.android.apps.tachyon]
10-30 20:51:55.020 10070 10070 V GraphicsEnvironment:   angle_gl_driver_selection_values=[angle, native, native, native]
10-30 20:51:55.020 10070 10070 V GraphicsEnvironment: com.google.android.apps.maps is not listed in per-application setting
10-30 20:51:55.020 10070 10070 V GraphicsEnvironment: ANGLE allowlist from config: 
10-30 20:51:55.020 10070 10070 V GraphicsEnvironment: com.google.android.apps.maps is not listed in ANGLE allowlist or settings, returning default
10-30 20:51:55.020 10070 10070 V GraphicsEnvironment: Neither updatable production driver nor prerelease driver is supported.
10-30 20:51:55.021  9986  9986 I DynamiteModule: Considering local module com.google.android.gms.tagmanager:215 and remote module com.google.android.gms.tagmanager:218
10-30 20:51:55.021  9986  9986 I DynamiteModule: Selected remote version of com.google.android.gms.tagmanager, version >= 218
10-30 20:51:55.021  9986  9986 V DynamiteModule: Dynamite loader version >= 2, using loadModule2NoCrashUtils
10-30 20:51:55.024  5720  5729 W chbox:googleapp: Suspending all threads took: 14.713ms
10-30 20:51:55.028   669   669 I hwservicemanager: getTransport: Cannot find entry vendor.qti.hardware.servicetracker@1.0::IServicetracker/default in either framework or device VINTF manifest.
10-30 20:51:55.029  3534  3534 D BoundBrokerSvc: onRebind: Intent { act=com.google.android.gms.appset.service.START dat=chimera-action:/... xflg=0x4 cmp=com.google.android.gms/.chimera.GmsApiService }
10-30 20:51:55.029   669   669 I hwservicemanager: getTransport: Cannot find entry vendor.qti.hardware.servicetracker@1.0::IServicetracker/default in either framework or device VINTF manifest.
10-30 20:51:55.030   669   669 I hwservicemanager: getTransport: Cannot find entry vendor.qti.hardware.servicetracker@1.0::IServicetracker/default in either framework or device VINTF manifest.
10-30 20:51:55.032   669   669 I hwservicemanager: getTransport: Cannot find entry vendor.qti.hardware.servicetracker@1.0::IServicetracker/default in either framework or device VINTF manifest.
10-30 20:51:55.036  3573  3637 I .apps.wellbeing: AssetManager2(0xb400007ca1dda658) locale list changing from [] to [es-ES]
10-30 20:51:55.040   669   669 I hwservicemanager: getTransport: Cannot find entry vendor.qti.hardware.servicetracker@1.0::IServicetracker/default in either framework or device VINTF manifest.
10-30 20:51:55.042   669   669 I hwservicemanager: getTransport: Cannot find entry vendor.qti.hardware.servicetracker@1.0::IServicetracker/default in either framework or device VINTF manifest.
10-30 20:51:55.045   669   669 I hwservicemanager: getTransport: Cannot find entry vendor.qti.hardware.servicetracker@1.0::IServicetracker/default in either framework or device VINTF manifest.
10-30 20:51:55.047   669   669 I hwservicemanager: getTransport: Cannot find entry vendor.qti.hardware.servicetracker@1.0::IServicetracker/default in either framework or device VINTF manifest.
10-30 20:51:55.048   669   669 I hwservicemanager: getTransport: Cannot find entry vendor.qti.hardware.servicetracker@1.0::IServicetracker/default in either framework or device VINTF manifest.
10-30 20:51:55.050   669   669 I hwservicemanager: getTransport: Cannot find entry vendor.qti.hardware.servicetracker@1.0::IServicetracker/default in either framework or device VINTF manifest.
10-30 20:51:55.052   669   669 I hwservicemanager: getTransport: Cannot find entry vendor.qti.hardware.servicetracker@1.0::IServicetracker/default in either framework or device VINTF manifest.
10-30 20:51:55.052  3119  7598 E WakeLock: PendingIntentClient ** IS FORCE-RELEASED ON TIMEOUT ** [CONTEXT service_id=259 ]
10-30 20:51:55.053   669   669 I hwservicemanager: getTransport: Cannot find entry vendor.qti.hardware.servicetracker@1.0::IServicetracker/default in either framework or device VINTF manifest.
10-30 20:51:55.055   669   669 I hwservicemanager: getTransport: Cannot find entry vendor.qti.hardware.servicetracker@1.0::IServicetracker/default in either framework or device VINTF manifest.
10-30 20:51:55.056   669   669 I hwservicemanager: getTransport: Cannot find entry vendor.qti.hardware.servicetracker@1.0::IServicetracker/default in either framework or device VINTF manifest.
10-30 20:51:55.057   669   669 I hwservicemanager: getTransport: Cannot find entry vendor.qti.hardware.servicetracker@1.0::IServicetracker/default in either framework or device VINTF manifest.
10-30 20:51:55.069  1828  3333 I ActivityManager: Process com.google.android.apps.work.clouddpc (pid 8844) has died: cch+5 CEM 
10-30 20:51:55.069   669   669 I hwservicemanager: getTransport: Cannot find entry vendor.qti.hardware.servicetracker@1.0::IServicetracker/default in either framework or device VINTF manifest.
10-30 20:51:55.070  1828  1861 I libprocessgroup: Removed cgroup /sys/fs/cgroup/apps/uid_10635/pid_8844
10-30 20:51:55.070  3534  3534 D BoundBrokerSvc: onUnbind: Intent { act=com.google.android.gms.feedback.internal.IFeedbackService xflg=0x4 pkg=com.google.android.gms }
10-30 20:51:55.070   929   929 I Zygote  : Process 8844 exited due to signal 9 (Killed)
10-30 20:51:55.119  1560  8346 W ServiceManagerCppClient: Waited one second for stats (is service started? Number of threads started in the threadpool: 17. Are binder threads started and available?)
10-30 20:51:55.157   669   669 I hwservicemanager: getTransport: Cannot find entry vendor.qti.hardware.servicetracker@1.0::IServicetracker/default in either framework or device VINTF manifest.
10-30 20:51:55.159   669   669 I hwservicemanager: getTransport: Cannot find entry vendor.qti.hardware.servicetracker@1.0::IServicetracker/default in either framework or device VINTF manifest.
10-30 20:51:55.161   669   669 I hwservicemanager: getTransport: Cannot find entry vendor.qti.hardware.servicetracker@1.0::IServicetracker/default in either framework or device VINTF manifest.
10-30 20:51:55.162   669   669 I hwservicemanager: getTransport: Cannot find entry vendor.qti.hardware.servicetracker@1.0::IServicetracker/default in either framework or device VINTF manifest.
10-30 20:51:55.164   669   669 I hwservicemanager: getTransport: Cannot find entry vendor.qti.hardware.servicetracker@1.0::IServicetracker/default in either framework or device VINTF manifest.
10-30 20:51:55.168   669   669 I hwservicemanager: getTransport: Cannot find entry vendor.qti.hardware.servicetracker@1.0::IServicetracker/default in either framework or device VINTF manifest.
10-30 20:51:55.171   669   669 I hwservicemanager: getTransport: Cannot find entry vendor.qti.hardware.servicetracker@1.0::IServicetracker/default in either framework or device VINTF manifest.
10-30 20:51:55.173   669   669 I hwservicemanager: getTransport: Cannot find entry vendor.qti.hardware.servicetracker@1.0::IServicetracker/default in either framework or device VINTF manifest.
10-30 20:51:55.178   669   669 I hwservicemanager: getTransport: Cannot find entry vendor.qti.hardware.servicetracker@1.0::IServicetracker/default in either framework or device VINTF manifest.
10-30 20:51:55.180   669   669 I hwservicemanager: getTransport: Cannot find entry vendor.qti.hardware.servicetracker@1.0::IServicetracker/default in either framework or device VINTF manifest.
10-30 20:51:55.183   669   669 I hwservicemanager: getTransport: Cannot find entry vendor.qti.hardware.servicetracker@1.0::IServicetracker/default in either framework or device VINTF manifest.
10-30 20:51:55.183   669   669 I hwservicemanager: getTransport: Cannot find entry vendor.qti.hardware.servicetracker@1.0::IServicetracker/default in either framework or device VINTF manifest.
10-30 20:51:55.184 10070 10102 I AdrenoGLES-0: QUALCOMM build                   : db3d445dbc, Ia06b22fa1a
10-30 20:51:55.184 10070 10102 I AdrenoGLES-0: Build Date                       : 10/04/21
10-30 20:51:55.184 10070 10102 I AdrenoGLES-0: OpenGL ES Shader Compiler Version: EV031.32.02.16
10-30 20:51:55.184 10070 10102 I AdrenoGLES-0: Local Branch                     : 
10-30 20:51:55.184 10070 10102 I AdrenoGLES-0: Remote Branch                    : 
10-30 20:51:55.184 10070 10102 I AdrenoGLES-0: Remote Branch                    : 
10-30 20:51:55.184 10070 10102 I AdrenoGLES-0: Reconstruct Branch               : 
10-30 20:51:55.184 10070 10102 I AdrenoGLES-0: Build Config                     : S P 10.0.7 AArch64
10-30 20:51:55.184 10070 10102 I AdrenoGLES-0: Driver Path                      : /vendor/lib64/egl/libGLESv2_adreno.so
10-30 20:51:55.187   669   669 I hwservicemanager: getTransport: Cannot find entry vendor.qti.hardware.servicetracker@1.0::IServicetracker/default in either framework or device VINTF manifest.
10-30 20:51:55.188 10070 10102 I AdrenoGLES-0: PFP: 0x016dd093, ME: 0x00000000
10-30 20:51:55.194   669   669 I hwservicemanager: getTransport: Cannot find entry vendor.qti.hardware.servicetracker@1.0::IServicetracker/default in either framework or device VINTF manifest.
10-30 20:51:55.197   669   669 I hwservicemanager: getTransport: Cannot find entry vendor.qti.hardware.servicetracker@1.0::IServicetracker/default in either framework or device VINTF manifest.
10-30 20:51:55.200   669   669 I hwservicemanager: getTransport: Cannot find entry vendor.qti.hardware.servicetracker@1.0::IServicetracker/default in either framework or device VINTF manifest.
10-30 20:51:55.203   669   669 I hwservicemanager: getTransport: Cannot find entry vendor.qti.hardware.servicetracker@1.0::IServicetracker/default in either framework or device VINTF manifest.
10-30 20:51:55.210   669   669 I hwservicemanager: getTransport: Cannot find entry vendor.qti.hardware.servicetracker@1.0::IServicetracker/default in either framework or device VINTF manifest.
10-30 20:51:55.211  9986  9986 I wps.moffice_eng: AssetManager2(0xb400007ca1dd4258) locale list changing from [] to [es-ES]
10-30 20:51:55.211   669   669 I hwservicemanager: getTransport: Cannot find entry vendor.qti.hardware.servicetracker@1.0::IServicetracker/default in either framework or device VINTF manifest.
10-30 20:51:55.212  9986  9986 I wps.moffice_eng: AssetManager2(0xb400007ca1ddee38) locale list changing from [] to [es-ES]
10-30 20:51:55.214   669   669 I hwservicemanager: getTransport: Cannot find entry vendor.qti.hardware.servicetracker@1.0::IServicetracker/default in either framework or device VINTF manifest.
10-30 20:51:55.216   669   669 I hwservicemanager: getTransport: Cannot find entry vendor.qti.hardware.servicetracker@1.0::IServicetracker/default in either framework or device VINTF manifest.
10-30 20:51:55.218   669   669 I hwservicemanager: getTransport: Cannot find entry vendor.qti.hardware.servicetracker@1.0::IServicetracker/default in either framework or device VINTF manifest.
10-30 20:51:55.219   669   669 I hwservicemanager: getTransport: Cannot find entry vendor.qti.hardware.servicetracker@1.0::IServicetracker/default in either framework or device VINTF manifest.
10-30 20:51:55.220   669   669 I hwservicemanager: getTransport: Cannot find entry vendor.qti.hardware.servicetracker@1.0::IServicetracker/default in either framework or device VINTF manifest.
10-30 20:51:55.220  3573  3637 I .apps.wellbeing: AssetManager2(0xb400007ca1de00f8) locale list changing from [] to [es-ES]
10-30 20:51:55.231   669   669 I hwservicemanager: getTransport: Cannot find entry vendor.qti.hardware.servicetracker@1.0::IServicetracker/default in either framework or device VINTF manifest.
10-30 20:51:55.247  9986  9986 I wps.moffice_eng: Waiting for a blocking GC ClassLinker
10-30 20:51:55.275   667   667 I lowmemorykiller: Kill 'com.google.android.contacts' (9106), uid 10650, oom_score_adj 905 to free 157872kB rss, 2892kB swap; reason: low watermark is breached
10-30 20:51:55.275   669   669 I hwservicemanager: getTransport: Cannot find entry vendor.qti.hardware.servicetracker@1.0::IServicetracker/default in either framework or device VINTF manifest.
10-30 20:51:55.276   669   669 I hwservicemanager: getTransport: Cannot find entry vendor.qti.hardware.servicetracker@1.0::IServicetracker/default in either framework or device VINTF manifest.
10-30 20:51:55.299 10070 10106 D nativeloader: Load /data/app/~~pNKoGDSytCUsv9-b67Bm0Q==/com.google.android.apps.maps-ugHt4mSc60r0xNnUFIqC1w==/split_config.arm64_v8a.apk!/lib/arm64-v8a/libnative_crash_handler_jni.so using class loader ns clns-9 (caller=/data/app/~~pNKoGDSytCUsv9-b67Bm0Q==/com.google.android.apps.maps-ugHt4mSc60r0xNnUFIqC1w==/base.apk!classes2.dex): ok
10-30 20:51:55.304  1269  2950 W ServiceManagerCppClient: Waited one second for stats (is service started? Number of threads started in the threadpool: 6. Are binder threads started and available?)
10-30 20:51:55.313  9986  9986 I wps.moffice_eng: WaitForGcToComplete blocked ClassLinker on Background for 66.303ms
10-30 20:51:55.324  7357  7357 W CombinedTP7: type=1400 audit(0.0:390): avc:  granted  { execute } for  path="/data/data/com.facebook.orca/lib-compressed/libmodelsmerged.so" dev="dm-40" ino=315649 scontext=u:r:untrusted_app:s0:c219,c258,c512,c768 tcontext=u:object_r:app_data_file:s0:c219,c258,c512,c768 tclass=file app=com.facebook.orca
10-30 20:51:55.324  7357  7357 W CombinedTP7: type=1400 audit(0.0:391): avc:  granted  { execute } for  path="/data/data/com.facebook.orca/lib-compressed/libpapayamerged.so" dev="dm-40" ino=332373 scontext=u:r:untrusted_app:s0:c219,c258,c512,c768 tcontext=u:object_r:app_data_file:s0:c219,c258,c512,c768 tclass=file app=com.facebook.orca
10-30 20:51:55.324  7357  7357 W CombinedTP7: type=1400 audit(0.0:392): avc:  granted  { execute } for  path="/data/data/com.facebook.orca/lib-compressed/libcore.so" dev="dm-40" ino=237016 scontext=u:r:untrusted_app:s0:c219,c258,c512,c768 tcontext=u:object_r:app_data_file:s0:c219,c258,c512,c768 tclass=file app=com.facebook.orca
10-30 20:51:55.347  3573  3637 I .apps.wellbeing: AssetManager2(0xb400007ca1dde1b8) locale list changing from [] to [es-ES]
10-30 20:51:55.430   669   669 I hwservicemanager: getTransport: Cannot find entry vendor.qti.hardware.servicetracker@1.0::IServicetracker/default in either framework or device VINTF manifest.
10-30 20:51:55.438  3573  3637 I .apps.wellbeing: AssetManager2(0xb400007ca1dd5b58) locale list changing from [] to [es-ES]
10-30 20:51:55.449  9741  9842 I Cello   : [9842:NonCelloThread] token_bucket.cc:221:Create TokenBucket initialized with max_bucket_size of 300, with each request requiring 10 tokens
10-30 20:51:55.449  9741  9842 I Cello   : [9842:NonCelloThread] token_bucket.cc:221:Create TokenBucket initialized with max_bucket_size of 300, with each request requiring 10 tokens
10-30 20:51:55.449  9741  9842 I Cello   : [9842:NonCelloThread] token_bucket.cc:221:Create TokenBucket initialized with max_bucket_size of 300, with each request requiring 10 tokens
10-30 20:51:55.451  9986 10085 I MMKV    : <MMKV.cpp:335::loadFromFile> loading [ServerAttributes_en] with 105821 size in total, file size is 131072, InterProcess 1
10-30 20:51:55.451  9986 10085 I MMKV    : <MMKV.cpp:359::loadFromFile> loading [ServerAttributes_en] with crc 3933636685 sequence 13 version 2
10-30 20:51:55.453  9986 10085 I MMKV    : <MMKV.cpp:380::loadFromFile> loaded [ServerAttributes_en] with 113 values
10-30 20:51:55.458  9741  9834 W DynamiteModule: Local module descriptor class for com.google.android.gms.providerinstaller.dynamite not found.
10-30 20:51:55.461  3119  7561 W ProviderHelper: Unknown dynamite feature providerinstaller.dynamite
10-30 20:51:55.464  9741  9834 W ProviderInstaller: Failed to load providerinstaller module: No acceptable module com.google.android.gms.providerinstaller.dynamite found. Local version is 0 and remote version is 0.
10-30 20:51:55.466  9741  9834 D ApplicationLoaders: Returning zygote-cached class loader: /system/framework/org.apache.http.legacy.jar
10-30 20:51:55.466  9741  9834 D ApplicationLoaders: Returning zygote-cached class loader: /system/framework/com.android.media.remotedisplay.jar
10-30 20:51:55.466  9741  9834 D ApplicationLoaders: Returning zygote-cached class loader: /system/framework/com.android.location.provider.jar
10-30 20:51:55.466  9741  9834 D ApplicationLoaders: Returning zygote-cached class loader: /system_ext/framework/androidx.window.extensions.jar
10-30 20:51:55.466  9741  9834 D ApplicationLoaders: Returning zygote-cached class loader: /system_ext/framework/androidx.window.sidecar.jar
10-30 20:51:55.468  3835  4322 I AiAiEcho: SmartspaceNotificationPredictor no parser can handle this notification or notification is invalid
10-30 20:51:55.470  4156  5629 E music   : Blocked onNotificationPosted StatusBarNotification(pkg=com.google.android.googlequicksearchbox user=UserHandle{0} id=0 tag=-60817546::SUMMARY::wx key=0|com.google.android.googlequicksearchbox|0|-60817546::SUMMARY::wx|10618: Notification(channel=72 shortcut=null contentView=null vibrate=null sound=null defaults=0 flags=GROUP_SUMMARY color=0x00000000 groupKey=-60817546::SUMMARY::wx vis=PRIVATE publicVersion=Notification(channel=null shortcut=null contentView=null vibrate=null sound=null defaults=0 flags=0 color=0x00000000 vis=PRIVATE)))
10-30 20:51:55.485  2871  2871 I NotificationListener: received notification removed event - com.google.android.googlequicksearchbox#UserHandle{0},category=-1
10-30 20:51:55.495   669   669 I hwservicemanager: getTransport: Cannot find entry vendor.qti.hardware.servicetracker@1.0::IServicetracker/default in either framework or device VINTF manifest.
10-30 20:51:55.505  1828  1828 W NotificationHistory: Attempted to add notif for locked/gone/disabled user 0
10-30 20:51:55.505  1828  2545 D BackgroundInstallControlService: Package event received: 0
10-30 20:51:55.506  7357  7554 D nativeloader: Load /data/data/com.facebook.orca/lib-compressed/libmodelsmerged.so using class loader ns clns-9 (caller=/data/app/~~W1hISy7Bc7R3viv7KqEKvg==/com.facebook.orca-KaMmY6JPy1XRa0qlFWN3Yw==/base.apk): ok
10-30 20:51:55.510  3835  4322 I AiAiEcho: SmartspaceNotificationPredictor no parser can handle this notification or notification is invalid
10-30 20:51:55.512  4156  5629 E music   : Blocked onNotificationPosted StatusBarNotification(pkg=com.google.android.googlequicksearchbox user=UserHandle{0} id=0 tag=-60817546::a:snotification:[0x394,wx.f,NOTIFICATION] key=0|com.google.android.googlequicksearchbox|0|-60817546::a:snotification:[0x394,wx.f,NOTIFICATION]|10618: Notification(channel=72 shortcut=null contentView=null vibrate=null sound=null tick defaults=0 flags=ONLY_ALERT_ONCE color=0x00000000 groupKey=-60817546::SUMMARY::wx actions=1 vis=PRIVATE))
10-30 20:51:55.527 10070 10103 W Settings: Setting device_provisioned has moved from android.provider.Settings.System to android.provider.Settings.Global, returning read-only value.
10-30 20:51:55.532 10070 10103 E ashmem  : Pinning is deprecated since Android Q. Please use trim or other methods.
10-30 20:51:55.535  2871  2871 I NotificationListener: received notification removed event - com.google.android.googlequicksearchbox#UserHandle{0},category=-1
10-30 20:51:55.536  7357  7357 W CombinedTP7: type=1400 audit(0.0:393): avc:  granted  { execute } for  path="/data/data/com.facebook.orca/lib-compressed/libmantlemerged.so" dev="dm-40" ino=332384 scontext=u:r:untrusted_app:s0:c219,c258,c512,c768 tcontext=u:object_r:app_data_file:s0:c219,c258,c512,c768 tclass=file app=com.facebook.orca
10-30 20:51:55.543  7357  7554 D nativeloader: Load /data/data/com.facebook.orca/lib-compressed/libmantlemerged.so using class loader ns clns-9 (caller=/data/app/~~W1hISy7Bc7R3viv7KqEKvg==/com.facebook.orca-KaMmY6JPy1XRa0qlFWN3Yw==/base.apk): ok
10-30 20:51:55.545  7357  7554 W ModelLoader.cpp: Require to load PyTorch voltron module
10-30 20:51:55.558   669   669 I hwservicemanager: getTransport: Cannot find entry vendor.qti.hardware.servicetracker@1.0::IServicetracker/default in either framework or device VINTF manifest.
10-30 20:51:55.560   669   669 I hwservicemanager: getTransport: Cannot find entry vendor.qti.hardware.servicetracker@1.0::IServicetracker/default in either framework or device VINTF manifest.
10-30 20:51:55.564   669   669 I hwservicemanager: getTransport: Cannot find entry vendor.qti.hardware.servicetracker@1.0::IServicetracker/default in either framework or device VINTF manifest.
10-30 20:51:55.565   669   669 I hwservicemanager: getTransport: Cannot find entry vendor.qti.hardware.servicetracker@1.0::IServicetracker/default in either framework or device VINTF manifest.
10-30 20:51:55.575   669   669 I hwservicemanager: getTransport: Cannot find entry vendor.qti.hardware.servicetracker@1.0::IServicetracker/default in either framework or device VINTF manifest.
10-30 20:51:55.579   669   669 I hwservicemanager: getTransport: Cannot find entry vendor.qti.hardware.servicetracker@1.0::IServicetracker/default in either framework or device VINTF manifest.
10-30 20:51:55.582   669   669 I hwservicemanager: getTransport: Cannot find entry vendor.qti.hardware.servicetracker@1.0::IServicetracker/default in either framework or device VINTF manifest.
10-30 20:51:55.583   669   669 I hwservicemanager: getTransport: Cannot find entry vendor.qti.hardware.servicetracker@1.0::IServicetracker/default in either framework or device VINTF manifest.
10-30 20:51:55.586   669   669 I hwservicemanager: getTransport: Cannot find entry vendor.qti.hardware.servicetracker@1.0::IServicetracker/default in either framework or device VINTF manifest.
10-30 20:51:55.587  7357  7554 W ModelLoader.cpp: Require to load PyTorch voltron module
10-30 20:51:55.589   669   669 I hwservicemanager: getTransport: Cannot find entry vendor.qti.hardware.servicetracker@1.0::IServicetracker/default in either framework or device VINTF manifest.
10-30 20:51:55.592   669   669 I hwservicemanager: getTransport: Cannot find entry vendor.qti.hardware.servicetracker@1.0::IServicetracker/default in either framework or device VINTF manifest.
10-30 20:51:55.593   669   669 I hwservicemanager: getTransport: Cannot find entry vendor.qti.hardware.servicetracker@1.0::IServicetracker/default in either framework or device VINTF manifest.
10-30 20:51:55.600   667   667 I lowmemorykiller: Kill 'com.google.android.apps.docs' (9741), uid 10748, oom_score_adj 905 to free 154992kB rss, 2892kB swap; reason: low watermark is breached
10-30 20:51:55.600   669   669 I hwservicemanager: getTransport: Cannot find entry vendor.qti.hardware.servicetracker@1.0::IServicetracker/default in either framework or device VINTF manifest.
10-30 20:51:55.603  9986 10035 W System.err: java.io.FileNotFoundException: /system/build.prop: open failed: EACCES (Permission denied)
10-30 20:51:55.604  9986 10035 W System.err: 	at libcore.io.IoBridge.open(IoBridge.java:574)
10-30 20:51:55.604  9986 10035 W System.err: 	at java.io.FileInputStream.<init>(FileInputStream.java:179)
10-30 20:51:55.604  9986 10035 W System.err: 	at java.io.FileInputStream.<init>(FileInputStream.java:133)
10-30 20:51:55.604  9986 10035 W System.err: 	at c3g.<init>(FileInputStream.java:5)
10-30 20:51:55.604  9986 10035 W System.err: 	at sdp.b(KOSUtils.java:3)
10-30 20:51:55.604  9986 10035 W System.err: 	at sdp.<clinit>(KOSUtils.java:1)
10-30 20:51:55.604  9986 10035 W System.err: 	at a9h0.j(WebViewUtil.java:30)
10-30 20:51:55.604  9986 10035 W System.err: 	at nyg0$r0.a(WPSQingServiceImpl.java:1)
10-30 20:51:55.604  9986 10035 W System.err: 	at b230.h(QingSdk.java:5)
10-30 20:51:55.604  9986 10035 W System.err: 	at ni8.u(Config.java:1)
10-30 20:51:55.604  9986 10035 W System.err: 	at ly3.w(BaseYunContext.java:3)
10-30 20:51:55.604  9986 10035 W System.err: 	at ja90.l(SignKeyPair.java:266)
10-30 20:51:55.604  9986 10035 W System.err: 	at jb90.y(SignReqBuilder.java:10)
10-30 20:51:55.604  9986 10035 W System.err: 	at jb90.o(SignReqBuilder.java:34)
10-30 20:51:55.604  9986 10035 W System.err: 	at jb90.q(SignReqBuilder.java:5)
10-30 20:51:55.604  9986 10035 W System.err: 	at us1.E(ApiSignRequest.java:1)
10-30 20:51:55.604  9986 10035 W System.err: 	at us1.D(ApiSignRequest.java:3)
10-30 20:51:55.604  9986 10035 W System.err: 	at sq.Z(AccountQueryApi.java:43)
10-30 20:51:55.604  9986 10035 W System.err: 	at sq.Y(AccountQueryApi.java:2)
10-30 20:51:55.604  9986 10035 W System.err: 	at vo.R4(AccountApiImpl.java:7)
10-30 20:51:55.604  9986 10035 W System.err: 	at fwg0.W4(WPSDriveServiceKit.java:5)
10-30 20:51:55.604  9986 10035 W System.err: 	at cn.wps.qing.sdk.IQingServiceImpl.getUserInfo(IQingServiceImpl.java:4)
10-30 20:51:55.604  9986 10035 W System.err: 	at cn.wps.qing.sdk.IQingServiceImpl.getUserInfo(IQingServiceImpl.java:1)
10-30 20:51:55.604  9986 10035 W System.err: 	at d230.n1(QingService.java:5)
10-30 20:51:55.604  9986 10035 W System.err: 	at nyg0$q.run(WPSQingServiceImpl.java:17)
10-30 20:51:55.604  9986 10035 W System.err: 	at rop$b.run(KThread.java:23)
10-30 20:51:55.604  9986 10035 W System.err: 	at android.os.Handler.handleCallback(Handler.java:995)
10-30 20:51:55.604  9986 10035 W System.err: 	at android.os.Handler.dispatchMessage(Handler.java:103)
10-30 20:51:55.604  9986 10035 W System.err: 	at android.os.Looper.loopOnce(Looper.java:248)
10-30 20:51:55.604  9986 10035 W System.err: 	at android.os.Looper.loop(Looper.java:338)
10-30 20:51:55.604  9986 10035 W System.err: 	at rop.run(KThread.java:22)
10-30 20:51:55.604  9986 10035 W System.err: 	at java.lang.Thread.run(Thread.java:1119)
10-30 20:51:55.605  9986 10035 W System.err: Caused by: android.system.ErrnoException: open failed: EACCES (Permission denied)
10-30 20:51:55.605  9986 10035 W System.err: 	at libcore.io.Linux.open(Native Method)
10-30 20:51:55.605  9986 10035 W System.err: 	at libcore.io.ForwardingOs.open(ForwardingOs.java:568)
10-30 20:51:55.605  9986 10035 W System.err: 	at libcore.io.BlockGuardOs.open(BlockGuardOs.java:274)
10-30 20:51:55.605  9986 10035 W System.err: 	at libcore.io.ForwardingOs.open(ForwardingOs.java:568)
10-30 20:51:55.605  9986 10035 W System.err: 	at android.app.ActivityThread$AndroidOs.open(ActivityThread.java:9031)
10-30 20:51:55.605  9986 10035 W System.err: 	at libcore.io.IoBridge.open(IoBridge.java:560)
10-30 20:51:55.605  9986 10035 W System.err: 	... 31 more
10-30 20:51:55.608   669   669 I hwservicemanager: getTransport: Cannot find entry vendor.qti.hardware.servicetracker@1.0::IServicetracker/default in either framework or device VINTF manifest.
10-30 20:51:55.615  7357  7554 W ModelLoader.cpp: Require to load PyTorch voltron module
10-30 20:51:55.616   669   669 I hwservicemanager: getTransport: Cannot find entry vendor.qti.hardware.servicetracker@1.0::IServicetracker/default in either framework or device VINTF manifest.
10-30 20:51:55.617   669   669 I hwservicemanager: getTransport: Cannot find entry vendor.qti.hardware.servicetracker@1.0::IServicetracker/default in either framework or device VINTF manifest.
10-30 20:51:55.619   669   669 I hwservicemanager: getTransport: Cannot find entry vendor.qti.hardware.servicetracker@1.0::IServicetracker/default in either framework or device VINTF manifest.
10-30 20:51:55.622   669   669 I hwservicemanager: getTransport: Cannot find entry vendor.qti.hardware.servicetracker@1.0::IServicetracker/default in either framework or device VINTF manifest.
10-30 20:51:55.627   669   669 I hwservicemanager: getTransport: Cannot find entry vendor.qti.hardware.servicetracker@1.0::IServicetracker/default in either framework or device VINTF manifest.
10-30 20:51:55.628   669   669 I hwservicemanager: getTransport: Cannot find entry vendor.qti.hardware.servicetracker@1.0::IServicetracker/default in either framework or device VINTF manifest.
10-30 20:51:55.631   669   669 I hwservicemanager: getTransport: Cannot find entry vendor.qti.hardware.servicetracker@1.0::IServicetracker/default in either framework or device VINTF manifest.
10-30 20:51:55.633  7357  7554 W ModelLoader.cpp: Require to load PyTorch voltron module
10-30 20:51:55.635   669   669 I hwservicemanager: getTransport: Cannot find entry vendor.qti.hardware.servicetracker@1.0::IServicetracker/default in either framework or device VINTF manifest.
10-30 20:51:55.639   669   669 I hwservicemanager: getTransport: Cannot find entry vendor.qti.hardware.servicetracker@1.0::IServicetracker/default in either framework or device VINTF manifest.
10-30 20:51:55.641  9986 10088 W unknown:ViewManagerPropertyUpdater: Could not find generated setter for class com.facebook.react.views.drawer.ReactDrawerLayoutManager
10-30 20:51:55.642   669   669 I hwservicemanager: getTransport: Cannot find entry vendor.qti.hardware.servicetracker@1.0::IServicetracker/default in either framework or device VINTF manifest.
10-30 20:51:55.644  9986 10088 W unknown:ViewManagerPropertyUpdater: Could not find generated setter for class com.facebook.react.uimanager.LayoutShadowNode
10-30 20:51:55.644   669   669 I hwservicemanager: getTransport: Cannot find entry vendor.qti.hardware.servicetracker@1.0::IServicetracker/default in either framework or device VINTF manifest.
10-30 20:51:55.646  9986 10088 W unknown:ViewManagerPropertyUpdater: Could not find generated setter for class com.facebook.react.views.scroll.ReactHorizontalScrollViewManager
10-30 20:51:55.647  9986 10088 W unknown:ViewManagerPropertyUpdater: Could not find generated setter for class com.facebook.react.views.scroll.ReactHorizontalScrollContainerViewManager
10-30 20:51:55.648  9986 10088 W unknown:ViewManagerPropertyUpdater: Could not find generated setter for class com.facebook.react.views.progressbar.ReactProgressBarViewManager
10-30 20:51:55.648  9986 10088 W unknown:ViewManagerPropertyUpdater: Could not find generated setter for class com.facebook.react.views.progressbar.ProgressBarShadowNode
10-30 20:51:55.649  9986 10088 W unknown:ViewManagerPropertyUpdater: Could not find generated setter for class com.facebook.react.views.scroll.ReactScrollViewManager
10-30 20:51:55.652  9986 10088 W unknown:ViewManagerPropertyUpdater: Could not find generated setter for class com.facebook.react.views.switchview.ReactSwitchManager
10-30 20:51:55.653  9986 10088 W unknown:ViewManagerPropertyUpdater: Could not find generated setter for class com.facebook.react.views.switchview.ReactSwitchManager$ReactSwitchShadowNode
10-30 20:51:55.654  9986 10088 W unknown:ViewManagerPropertyUpdater: Could not find generated setter for class com.facebook.react.views.swiperefresh.SwipeRefreshLayoutManager
10-30 20:51:55.661  5720  5935 I GnpSdk  : (REDACTED) Setting channel Id: '%s'
10-30 20:51:55.665  7357  7554 W ModelLoader.cpp: Require to load PyTorch voltron module
10-30 20:51:55.679  9986 10088 W unknown:ViewManagerPropertyUpdater: Could not find generated setter for class com.facebook.react.views.text.frescosupport.FrescoBasedReactTextInlineImageViewManager
10-30 20:51:55.679  9986 10088 W unknown:ViewManagerPropertyUpdater: Could not find generated setter for class com.facebook.react.views.text.frescosupport.FrescoBasedReactTextInlineImageShadowNode
10-30 20:51:55.680  9986 10088 W unknown:ViewManagerPropertyUpdater: Could not find generated setter for class com.facebook.react.views.image.ReactImageManager
10-30 20:51:55.680  1828  4061 I ActivityManager: Process com.google.android.contacts (pid 9106) has died: cch+5 CEM 
10-30 20:51:55.681  9986 10088 W unknown:ViewManagerPropertyUpdater: Could not find generated setter for class com.facebook.react.views.modal.ReactModalHostManager
10-30 20:51:55.681   669   669 I hwservicemanager: getTransport: Cannot find entry vendor.qti.hardware.servicetracker@1.0::IServicetracker/default in either framework or device VINTF manifest.
10-30 20:51:55.681  1828  2419 I WatchlistLoggingHandler: No need to aggregate record yet.
10-30 20:51:55.681  1828  2419 I WatchlistLoggingHandler: Milliseconds spent on tryAggregateRecords(): 0
10-30 20:51:55.682  9986 10088 W unknown:ViewManagerPropertyUpdater: Could not find generated setter for class com.facebook.react.views.modal.ModalHostShadowNode
10-30 20:51:55.682  3534  3534 D BoundBrokerSvc: onUnbind: Intent { act=com.google.android.gms.people.contactssync.service.START xflg=0x4 pkg=com.google.android.gms }
10-30 20:51:55.682  9986 10088 W unknown:ViewManagerPropertyUpdater: Could not find generated setter for class com.facebook.react.views.text.ReactRawTextManager
10-30 20:51:55.682  9986 10088 W unknown:ViewManagerPropertyUpdater: Could not find generated setter for class com.facebook.react.views.text.ReactRawTextShadowNode
10-30 20:51:55.682  1828  1861 I libprocessgroup: Removed cgroup /sys/fs/cgroup/apps/uid_10650/pid_9106
10-30 20:51:55.683  9986 10088 W unknown:ViewManagerPropertyUpdater: Could not find generated setter for class com.facebook.react.views.textinput.ReactTextInputManager
10-30 20:51:55.686 10070 10102 W GMM-SatelliteConnectivity: WIFI  isActiveNetworkSatellite: false
10-30 20:51:55.691  9986 10088 W unknown:ViewManagerPropertyUpdater: Could not find generated setter for class com.facebook.react.views.textinput.ReactTextInputShadowNode
10-30 20:51:55.691  9986  9986 W FirebaseRemoteConfig: An entry in the defaults XML has an invalid key and/or value tag.
10-30 20:51:55.691  9986  9986 W FirebaseRemoteConfig: An entry in the defaults XML has an invalid key and/or value tag.
10-30 20:51:55.691  9986  9986 W FirebaseRemoteConfig: An entry in the defaults XML has an invalid key and/or value tag.
10-30 20:51:55.691  9986  9986 W FirebaseRemoteConfig: An entry in the defaults XML has an invalid key and/or value tag.
10-30 20:51:55.691  9986  9986 W FirebaseRemoteConfig: An entry in the defaults XML has an invalid key and/or value tag.
10-30 20:51:55.691  9986  9986 W FirebaseRemoteConfig: An entry in the defaults XML has an invalid key and/or value tag.
10-30 20:51:55.693  9986 10088 W unknown:ViewManagerPropertyUpdater: Could not find generated setter for class com.facebook.react.views.text.ReactTextViewManager
10-30 20:51:55.694  9986 10088 W unknown:ViewManagerPropertyUpdater: Could not find generated setter for class com.facebook.react.views.text.ReactTextShadowNode
10-30 20:51:55.695  9986 10088 W unknown:ViewManagerPropertyUpdater: Could not find generated setter for class com.facebook.react.views.view.ReactViewManager
10-30 20:51:55.699  9986 10088 W unknown:ViewManagerPropertyUpdater: Could not find generated setter for class com.facebook.react.views.text.ReactVirtualTextViewManager
10-30 20:51:55.699  9986 10088 W unknown:ViewManagerPropertyUpdater: Could not find generated setter for class com.facebook.react.views.text.ReactVirtualTextShadowNode
10-30 20:51:55.700  9986 10088 W unknown:ViewManagerPropertyUpdater: Could not find generated setter for class com.facebook.react.views.unimplementedview.ReactUnimplementedViewManager
10-30 20:51:55.700  9986 10088 W unknown:ViewManagerPropertyUpdater: Could not find generated setter for class com.reactnativepagerview.PagerViewViewManager
10-30 20:51:55.701  9986 10088 W unknown:ViewManagerPropertyUpdater: Could not find generated setter for class com.BV.Lineargradient.LinearGradientManager
10-30 20:51:55.702  9986 10088 W unknown:ViewManagerPropertyUpdater: Could not find generated setter for class com.reactnativecommunity.webview.RNCWebViewManager
10-30 20:51:55.705  9986 10088 W unknown:ViewManagerPropertyUpdater: Could not find generated setter for class com.horcrux.svg.RenderableViewManager$DefsViewManager
10-30 20:51:55.707  9986 10088 W unknown:ViewManagerPropertyUpdater: Could not find generated setter for class com.horcrux.svg.VirtualViewManager$d
10-30 20:51:55.708  9986 10088 W unknown:ViewManagerPropertyUpdater: Could not find generated setter for class com.horcrux.svg.RenderableViewManager$MarkerManager
10-30 20:51:55.715  7357  7554 D nativeloader: Load /data/data/com.facebook.orca/lib-compressed/libcore.so using class loader ns clns-9 (caller=/data/app/~~W1hISy7Bc7R3viv7KqEKvg==/com.facebook.orca-KaMmY6JPy1XRa0qlFWN3Yw==/base.apk): ok
10-30 20:51:55.718  1193  1224 E WifiHAL : wifi_get_cached_scan_results: Wifi Cached Scan Result not supported by driver
10-30 20:51:55.718  1828  2449 E WifiStaIfaceAidlImpl: getCachedScanData failed with service-specific exception: android.os.ServiceSpecificException:  (code 4)
10-30 20:51:55.719   929   929 I Zygote  : Process 9106 exited due to signal 9 (Killed)
10-30 20:51:55.725  9986 10088 W unknown:ViewManagerPropertyUpdater: Could not find generated setter for class com.horcrux.svg.RenderableViewManager$ForeignObjectManager
10-30 20:51:55.727  9986 10088 W unknown:ViewManagerPropertyUpdater: Could not find generated setter for class com.horcrux.svg.RenderableViewManager$EllipseViewManager
10-30 20:51:55.728  9986 10088 W unknown:ViewManagerPropertyUpdater: Could not find generated setter for class com.horcrux.svg.RenderableViewManager$LineViewManager
10-30 20:51:55.729  9986 10088 W unknown:ViewManagerPropertyUpdater: Could not find generated setter for class com.horcrux.svg.RenderableViewManager$LinearGradientManager
10-30 20:51:55.731  9986 10088 W unknown:ViewManagerPropertyUpdater: Could not find generated setter for class com.horcrux.svg.RenderableViewManager$GroupViewManager
10-30 20:51:55.732  9986 10088 W unknown:ViewManagerPropertyUpdater: Could not find generated setter for class com.horcrux.svg.RenderableViewManager$TextViewManager
10-30 20:51:55.734  9986 10088 W unknown:ViewManagerPropertyUpdater: Could not find generated setter for class com.horcrux.svg.RenderableViewManager$ImageViewManager
10-30 20:51:55.736  9986 10088 W unknown:ViewManagerPropertyUpdater: Could not find generated setter for class com.horcrux.svg.RenderableViewManager$ClipPathViewManager
10-30 20:51:55.738  9986 10088 W unknown:ViewManagerPropertyUpdater: Could not find generated setter for class com.horcrux.svg.RenderableViewManager$RadialGradientManager
10-30 20:51:55.739  9986 10088 W unknown:ViewManagerPropertyUpdater: Could not find generated setter for class com.horcrux.svg.RenderableViewManager$MaskManager
10-30 20:51:55.740  2591  2591 I ndroid.systemui: AssetManager2(0xb400007ca1deee78) locale list changing from [] to [es-ES]
10-30 20:51:55.741  9986 10088 W unknown:ViewManagerPropertyUpdater: Could not find generated setter for class com.horcrux.svg.RenderableViewManager$SymbolManager
10-30 20:51:55.743  9986 10088 W unknown:ViewManagerPropertyUpdater: Could not find generated setter for class com.horcrux.svg.RenderableViewManager$PatternManager
10-30 20:51:55.745  9986 10088 W unknown:ViewManagerPropertyUpdater: Could not find generated setter for class com.horcrux.svg.RenderableViewManager$RectViewManager
10-30 20:51:55.746  9986 10088 W unknown:ViewManagerPropertyUpdater: Could not find generated setter for class com.horcrux.svg.RenderableViewManager$TextPathViewManager
10-30 20:51:55.748  9986 10088 W unknown:ViewManagerPropertyUpdater: Could not find generated setter for class com.horcrux.svg.SvgViewManager
10-30 20:51:55.750  9986 10088 W unknown:ViewManagerPropertyUpdater: Could not find generated setter for class com.horcrux.svg.RenderableViewManager$PathViewManager
10-30 20:51:55.751  9986 10088 W unknown:ViewManagerPropertyUpdater: Could not find generated setter for class com.horcrux.svg.RenderableViewManager$UseViewManager
10-30 20:51:55.753  9986 10088 W unknown:ViewManagerPropertyUpdater: Could not find generated setter for class com.horcrux.svg.RenderableViewManager$CircleViewManager
10-30 20:51:55.754  9986 10088 W unknown:ViewManagerPropertyUpdater: Could not find generated setter for class com.horcrux.svg.RenderableViewManager$TSpanViewManager
10-30 20:51:55.756  9986 10088 W unknown:ViewManagerPropertyUpdater: Could not find generated setter for class cn.wps.moffice.react.viewmanager.CustomTextViewManager
10-30 20:51:55.757  1828  2456 D InetDiagMessage: Destroyed 0 sockets, proto=IPPROTO_TCP, family=AF_INET, states=14
10-30 20:51:55.758  1828  2536 W ServiceManagerCppClient: Waited one second for stats (is service started? Number of threads started in the threadpool: 32. Are binder threads started and available?)
10-30 20:51:55.763  1828  2456 D InetDiagMessage: Destroyed 1 sockets, proto=IPPROTO_TCP, family=AF_INET6, states=14
10-30 20:51:55.763  1828  2456 D InetDiagMessage: Destroyed live tcp sockets for uids={10596} in 7ms
10-30 20:51:55.764  1828  2456 D InetDiagMessage: Destroyed 0 sockets, proto=IPPROTO_TCP, family=AF_INET, states=14
10-30 20:51:55.765  1828  2456 D InetDiagMessage: Destroyed 0 sockets, proto=IPPROTO_TCP, family=AF_INET6, states=14
10-30 20:51:55.765  1828  2456 D InetDiagMessage: Destroyed live tcp sockets for uids={20596} in 2ms
10-30 20:51:55.774   669   669 I hwservicemanager: getTransport: Cannot find entry vendor.qti.hardware.servicetracker@1.0::IServicetracker/default in either framework or device VINTF manifest.
10-30 20:51:55.775   669   669 I hwservicemanager: getTransport: Cannot find entry vendor.qti.hardware.servicetracker@1.0::IServicetracker/default in either framework or device VINTF manifest.
10-30 20:51:55.775  7357  7357 W msgr.AppComponentFactory: Instantiating Service
10-30 20:51:55.781  5720  6096 I GnpSdk  : Tray management instructions shouldn't be applied and thread is not in tray - probably due to resurfacing. Generating a new tray identifier for this thread.
10-30 20:51:55.786  1828  4005 I ActivityManager: Process com.google.android.apps.docs (pid 9741) has died: cch+5 CEM 
10-30 20:51:55.786  1828  2456 D ConnectivityService: releasing NetworkRequest [ REQUEST id=336, [ Capabilities: INTERNET&NOT_RESTRICTED&TRUSTED&NOT_VCN_MANAGED&NOT_BANDWIDTH_CONSTRAINED Uid: 10748 RequestorUid: 10748 RequestorPkg: com.google.android.apps.docs UnderlyingNetworks: Null] ] (release request)
10-30 20:51:55.787   669   669 I hwservicemanager: getTransport: Cannot find entry vendor.qti.hardware.servicetracker@1.0::IServicetracker/default in either framework or device VINTF manifest.
10-30 20:51:55.806  1828  1861 I libprocessgroup: Removed cgroup /sys/fs/cgroup/apps/uid_10748/pid_9741
10-30 20:51:55.806   929   929 I Zygote  : Process 9741 exited due to signal 9 (Killed)
10-30 20:51:55.817  5720  5935 I GnpSdk  : (REDACTED) Setting channel Id: '%s'
10-30 20:51:55.829   669   669 I hwservicemanager: getTransport: Cannot find entry vendor.qti.hardware.servicetracker@1.0::IServicetracker/default in either framework or device VINTF manifest.
10-30 20:51:55.841  8595  8812 V ClearcutMetricXmitter: Transmission is done.
10-30 20:51:55.846  8595  8604 V ClearcutMetricXmitter: Transmission is done.
10-30 20:51:55.847  8595  8603 V ClearcutMetricXmitter: Transmission is done.
10-30 20:51:55.851  7357 10148 E msgr.ColdstartExperimentsController: unable to set dex config
10-30 20:51:55.851  7357 10148 E msgr.ColdstartExperimentsController: java.lang.IllegalStateException: Main DexStore is null
10-30 20:51:55.851  7357 10148 E msgr.ColdstartExperimentsController: 	at X.001.A0P(:2)
10-30 20:51:55.851  7357 10148 E msgr.ColdstartExperimentsController: 	at com.facebook.common.dextricksdi.ColdstartExperimentsController.A00(Unknown Source:217)
10-30 20:51:55.851  7357 10148 E msgr.ColdstartExperimentsController: 	at com.facebook.common.dextricksdi.ColdstartExperimentsController.A01(Unknown Source:70)
10-30 20:51:55.851  7357 10148 E msgr.ColdstartExperimentsController: 	at X.4cT.A06(Unknown Source:5511)
10-30 20:51:55.851  7357 10148 E msgr.ColdstartExperimentsController: 	at X.4cT.A0A(Unknown Source:4)
10-30 20:51:55.851  7357 10148 E msgr.ColdstartExperimentsController: 	at X.4cT.A09(Unknown Source:4)
10-30 20:51:55.851  7357 10148 E msgr.ColdstartExperimentsController: 	at X.4cT.A0j(Unknown Source:4)
10-30 20:51:55.851  7357 10148 E msgr.ColdstartExperimentsController: 	at X.24l.run(Unknown Source:4411)
10-30 20:51:55.851  7357 10148 E msgr.ColdstartExperimentsController: 	at X.25F.call(Unknown Source:214)
10-30 20:51:55.851  7357 10148 E msgr.ColdstartExperimentsController: 	at java.util.concurrent.FutureTask.run(FutureTask.java:317)
10-30 20:51:55.851  7357 10148 E msgr.ColdstartExperimentsController: 	at X.4JH.A00(Unknown Source:28)
10-30 20:51:55.851  7357 10148 E msgr.ColdstartExperimentsController: 	at X.1E3.call(Unknown Source:6)
10-30 20:51:55.851  7357 10148 E msgr.ColdstartExperimentsController: 	at java.util.concurrent.FutureTask.run(FutureTask.java:317)
10-30 20:51:55.851  7357 10148 E msgr.ColdstartExperimentsController: 	at java.util.concurrent.Executors$RunnableAdapter.call(Executors.java:524)
10-30 20:51:55.851  7357 10148 E msgr.ColdstartExperimentsController: 	at java.util.concurrent.FutureTask.run(FutureTask.java:317)
10-30 20:51:55.851  7357 10148 E msgr.ColdstartExperimentsController: 	at X.1C8.run(Unknown Source:50)
10-30 20:51:55.851  7357 10148 E msgr.ColdstartExperimentsController: 	at java.util.concurrent.ThreadPoolExecutor.runWorker(ThreadPoolExecutor.java:1156)
10-30 20:51:55.851  7357 10148 E msgr.ColdstartExperimentsController: 	at java.util.concurrent.ThreadPoolExecutor$Worker.run(ThreadPoolExecutor.java:651)
10-30 20:51:55.851  7357 10148 E msgr.ColdstartExperimentsController: 	at X.1CD.run(Unknown Source:3)
10-30 20:51:55.851  7357 10148 E msgr.ColdstartExperimentsController: 	at X.1CF.run(Unknown Source:17)
10-30 20:51:55.851  7357 10148 E msgr.ColdstartExperimentsController: 	at java.lang.Thread.run(Thread.java:1119)
10-30 20:51:55.858  3573  3637 I .apps.wellbeing: AssetManager2(0xb400007ca1e0b078) locale list changing from [] to [es-ES]
10-30 20:51:55.889  5720  6063 D HttpFlagsLoader: Found application exporting HTTP flags: com.google.android.gms
10-30 20:51:55.889  5720  6063 D HttpFlagsLoader: HTTP flags file path: /data/user_de/0/com.google.android.gms/app_httpflags/flags.binarypb
10-30 20:51:55.890  5720  6063 D HttpFlagsLoader: Successfully loaded HTTP flags: # frah@360247f2
10-30 20:51:55.890  5720  6063 I HttpFlagsLoader: HTTP flags log line (API): Using live production flag values from Google
10-30 20:51:55.895  3573  3637 I .apps.wellbeing: AssetManager2(0xb400007ca1dd9398) locale list changing from [] to [es-ES]
10-30 20:51:55.900  5720  6063 I DynamiteModule: Considering local module com.google.android.gms.cronet_dynamite:0 and remote module com.google.android.gms.cronet_dynamite:4011
10-30 20:51:55.900  5720  6063 I DynamiteModule: Selected remote version of com.google.android.gms.cronet_dynamite, version >= 4011
10-30 20:51:55.900  5720  6063 V DynamiteModule: Dynamite loader version >= 2, using loadModule2NoCrashUtils
10-30 20:51:55.911  5720  5908 I chbox:googleapp: AssetManager2(0xb400007ca1dd83f8) locale list changing from [] to [es-ES]
10-30 20:51:55.912  1828  2456 D InetDiagMessage: Destroyed 0 sockets, proto=IPPROTO_TCP, family=AF_INET, states=14
10-30 20:51:55.914  1828  2456 D InetDiagMessage: Destroyed 0 sockets, proto=IPPROTO_TCP, family=AF_INET6, states=14
10-30 20:51:55.914  1828  2456 D InetDiagMessage: Destroyed live tcp sockets for uids={10616} in 3ms
10-30 20:51:55.915  1828  2456 D InetDiagMessage: Destroyed 0 sockets, proto=IPPROTO_TCP, family=AF_INET, states=14
10-30 20:51:55.916  7357  7462 W msgr.ServiceInfoParser: X.3p5: Service com.facebook.businessintegrity.cloakingdetection.service.CloakingDetectionService is missing meta key com.facebook.common.jobscheduler.compat.jobIds
10-30 20:51:55.916  7357  7462 W msgr.ServiceInfoParser: X.3p5: Service com.facebook.browser.lite.BrowserLiteInMainProcessIntentService is missing meta key com.facebook.common.jobscheduler.compat.jobIds
10-30 20:51:55.917  7357  7462 W msgr.ServiceInfoParser: X.3p5: Service com.facebook.contacts.service.ContactLocaleChangeService is missing meta key com.facebook.common.jobscheduler.compat.jobIds
10-30 20:51:55.917  7357  7462 W msgr.ServiceInfoParser: X.3p5: Service com.facebook.messaging.livelocation.bindings.MessengerLiveLocationBooterService is missing meta key com.facebook.common.jobscheduler.compat.jobIds
