12-06 23:08:27.661  2932  3051 E RILJ    : processResponse: Unexpected response! serial: 55, error: 0 [PHONE1]
12-06 23:08:27.662  2932  3051 E RILJ    : processResponse: Unexpected response! serial: 55, error: 0 [PHONE1]
12-06 23:08:27.662  2932  3051 E RILJ    : processResponse: Unexpected response! serial: 55, error: 0 [PHONE1]
12-06 23:08:27.662  2932  3051 E RILJ    : processResponse: Unexpected response! serial: 55, error: 44 [PHONE1]
12-06 23:08:27.662  2932  3051 D RILJ    : [0056]< SET_SIGNAL_STRENGTH_REPORTING_CRITERIA  [PHONE1]
12-06 23:08:27.662  2932  3051 E RILJ    : processResponse: Unexpected response! serial: 56, error: 0 [PHONE1]
12-06 23:08:27.662  2932  3051 E RILJ    : processResponse: Unexpected response! serial: 56, error: 0 [PHONE1]
12-06 23:08:27.663  2932  3051 E RILJ    : processResponse: Unexpected response! serial: 56, error: 0 [PHONE1]
12-06 23:08:27.663  2932  3051 E RILJ    : processResponse: Unexpected response! serial: 56, error: 0 [PHONE1]
12-06 23:08:27.663  2932  3051 E RILJ    : processResponse: Unexpected response! serial: 56, error: 0 [PHONE1]
12-06 23:08:27.664  2932  3051 E RILJ    : processResponse: Unexpected response! serial: 56, error: 0 [PHONE1]
12-06 23:08:27.664  2932  3051 E RILJ    : processResponse: Unexpected response! serial: 56, error: 0 [PHONE1]
12-06 23:08:27.664  2932  3051 E RILJ    : processResponse: Unexpected response! serial: 56, error: 0 [PHONE1]
12-06 23:08:27.664  2932  3051 E RILJ    : processResponse: Unexpected response! serial: 56, error: 44 [PHONE1]
12-06 23:08:27.664  1689  1733 E RILQ    : (1/1689): RIL[1][(1689,1733)] get_ecc_property_name: ecc list name : ril.ecclist1.
12-06 23:08:27.664  2932  3051 D RILJ    : [UNSL]< UNSOL_EMERGENCY_NUMBER_LIST [[EmergencyNumber: 112, countryIso=, mnc=, src=sim , routing=unknown, categories=, urns=], [EmergencyNumber: 911, countryIso=, mnc=, src=sim , routing=unknown, categories=, urns=]] [PHONE1]
12-06 23:08:27.666  1656  1731 E RILQ    : (0/1656): RIL[0][(1656,1731)] get_ecc_property_name: ecc list name : ril.ecclist.
12-06 23:08:27.666  2932  3051 D RILJ    : [0077]< SET_LINK_CAPACITY_REPORTING_CRITERIA  [PHONE1]
12-06 23:08:27.667  2932  3051 D RILJ    : [UNSL]< UNSOL_EMERGENCY_NUMBER_LIST [[EmergencyNumber: 112, countryIso=, mnc=, src=sim , routing=unknown, categories=, urns=], [EmergencyNumber: 911, countryIso=, mnc=, src=sim , routing=unknown, categories=, urns=]] [PHONE0]
12-06 23:08:27.668  2932  2932 D UiccController: Broadcasting intent ACTION_SIM_STATE_CHANGED LOCKED reason PIN for phone: 0 sub: 1
12-06 23:08:27.669  2932  3051 D RILJ    : [0106]< SIM_OPEN_CHANNEL error 17 [PHONE0]
12-06 23:08:27.669  2932  3051 D RilRequest: [0106]< SIM_OPEN_CHANNEL error: com.android.internal.telephony.CommandException: NO_SUCH_ELEMENT ret= result={ when=-32s812ms what=8 obj={ when=-32s812ms what=201 target=com.android.internal.telephony.uicc.UiccPkcs15$Pkcs15Selector } target=com.android.internal.telephony.uicc.UiccProfile$4 }
12-06 23:08:27.669  2932  2932 D UiccController: Broadcasting intent ACTION_SIM_APPLICATION_STATE_CHANGED PIN_REQUIRED for phone: 0 slot: 0 port: 0 sub: 1
12-06 23:08:27.670  2932  3051 D RILJ    : [0098]< OPERATOR {, , } [PHONE0]
12-06 23:08:27.674  2932  3051 D RILJ    : [0099]< QUERY_NETWORK_SELECTION_MODE {0} [PHONE0]
12-06 23:08:27.675  2932  2932 D UiccController: updateSimState: resolve carrier id and update carrier services.
12-06 23:08:27.680  2932  2932 D CarrierResolver: [resolveSubscriptionCarrierId] simState: LOCKED
12-06 23:08:27.682  2932  3051 D RILJ    : [0101]< OPERATOR {, , } [PHONE1]
12-06 23:08:27.683  2932  2932 D SST     : [0] pollState: modemTriggered=true, radioState=0
12-06 23:08:27.684  2932  2932 D RILJ    : [0110]> OPERATOR [PHONE0]
12-06 23:08:27.685  2932  2932 D RILJ    : [0112]> QUERY_NETWORK_SELECTION_MODE [PHONE0]
12-06 23:08:27.685  2932  2932 D SST     : [0] SubscriptionListener.onSubscriptionInfoChanged
12-06 23:08:27.685  2932  2932 D Phone-0 : getStoredVoiceMessageCount: from preference for subId 1= 0
12-06 23:08:27.685  2932  2932 D GsmCdmaPhone: [0] updateVoiceMail countVoiceMessages = 0 subId 1
12-06 23:08:27.685  2932  2932 D Phone-0 : setVoiceMessageCount: Storing Voice Mail Count = 0 for mVmCountKey = vm_count_key1 in preferences.
12-06 23:08:27.685  2932  2932 D Phone-0 : setVoiceMessageCount: updating SIM Records
12-06 23:08:27.686  2932  3261 D RILJ    : [0111]> DATA_REGISTRATION_STATE [PHONE0]
12-06 23:08:27.687  2932  3261 D RILJ    : getDataRegistrationState: overrideHalVersion=null [PHONE0]
12-06 23:08:27.687  1656  1656 D RILC    : RadioImpl_1_5::getDataRegistrationState_1_5: serial 111
12-06 23:08:27.688  2932  3261 D RILJ    : [0113]> VOICE_REGISTRATION_STATE [PHONE0]
12-06 23:08:27.688  2932  3261 D RILJ    : getVoiceRegistrationState: overrideHalVersion=null [PHONE0]
12-06 23:08:27.688  1656  1656 D RILC    : RadioImpl_1_5::getVoiceRegistrationState_1_5: serial 113
12-06 23:08:27.693  2932  2932 D DefaultPhoneNotifier: notifyServiceStateForSubId: mRegistryMgr=android.telephony.TelephonyRegistryManager@af12c36 ss={mVoiceRegState=3(POWER_OFF), mDataRegState=3(POWER_OFF), mChannelNumber=-1, duplexMode()=0, mCellBandwidths=[], mOperatorAlphaLong=null, mOperatorAlphaShort=null, isManualNetworkSelection=false(automatic), getRilVoiceRadioTechnology=0(Unknown), getRilDataRadioTechnology=0(Unknown), mCssIndicator=unsupported, mNetworkId=-1, mSystemId=-1, mCdmaRoamingIndicator=-1, mCdmaDefaultRoamingIndicator=-1, mIsEmergencyOnly=false, isUsingCarrierAggregation=false, mArfcnRsrpBoost=0, mNetworkRegistrationInfos=[NetworkRegistrationInfo{ domain=CS transportType=WWAN registrationState=UNKNOWN networkRegistrationState=UNKNOWN roamingType=NOT_ROAMING accessNetworkTechnology=UNKNOWN rejectCause=0 emergencyEnabled=false availableServices=[] cellIdentity=null voiceSpecificInfo=null dataSpecificInfo=null nrState=**** rRplmn= isUsingCarrierAggregation=false isNonTerrestrialNetwork=TERRESTRIAL}, NetworkRegistrationInfo{ domain=PS transportType=WWAN registrationState=UNKNOWN networkRegistrationState=UNKNOWN roamingType=NOT_ROAMING accessNetworkTechnology=UNKNOWN rejectCause=0 emergencyEnabled=false availableServices=[] cellIdentity=null voiceSpecificInfo=null dataSpecificInfo=null nrState=**** rRplmn= isUsingCarrierAggregation=false isNonTerrestrialNetwork=TERRESTRIAL}, NetworkRegistrationInfo{ domain=PS transportType=WLAN registrationState=UNKNOWN networkRegistrationState=UNKNOWN roamingType=NOT_ROAMING accessNetworkTechnology=UNKNOWN rejectCause=0 emergencyEnabled=false availableServices=[] cellIdentity=null voiceSpecificInfo=null dataSpecificInfo=null nrState=**** rRplmn= isUsingCarrierAggregation=false isNonTerrestrialNetwork=TERRESTRIAL}], mNrFrequencyRange=0, mOperatorAlphaLongRaw=null, mOperatorAlphaShortRaw=null, mIsDataRoamingFromRegistration=false, mIsIwlanPreferred=false, mIsUsingNonTerrestrialNetwork=false} sender=Handler (com.android.internal.telephony.GsmCdmaPhone) {26bfab0} phondId=0 subId=1
12-06 23:08:27.705  2932  3173 D Phone-0 : [0] notifyCarrierRoamingNtnModeChanged active:false
12-06 23:08:27.706  2932  3051 D RILJ    : [0050]< SET_LINK_CAPACITY_REPORTING_CRITERIA  [PHONE0]
12-06 23:08:27.707  2932  3051 D RadioConfigResponse: [0085]< SET_PREFERRED_DATA_MODEM
12-06 23:08:27.709  2932  3051 D RILJ    : [0103]< VOICE_REGISTRATION_STATE {.regState = NOT_REG_MT_SEARCHING_OP, .rat = UNKNOWN, .reasonForDenial = NONE, .cellIdentity = {.noinit = {}}, .registeredPlmn = , .accessTechnologySpecificInfo = {.noinit = {}}} [PHONE0]
12-06 23:08:27.709  2932  3051 D RILJ    : [0113]< VOICE_REGISTRATION_STATE {.regState = NOT_REG_MT_SEARCHING_OP, .rat = UNKNOWN, .reasonForDenial = NONE, .cellIdentity = {.noinit = {}}, .registeredPlmn = , .accessTechnologySpecificInfo = {.noinit = {}}} [PHONE0]
12-06 23:08:27.710  2932  3261 D CellularNetworkService: No access tech specific info passes for RegStateResult
12-06 23:08:27.710  2932  3261 D NRM-C-0 : onRequestNetworkRegistrationInfoComplete result: 0, info: NetworkRegistrationInfo{ domain=CS transportType=WWAN registrationState=NOT_REG_SEARCHING networkRegistrationState=NOT_REG_SEARCHING roamingType=NOT_ROAMING accessNetworkTechnology=UNKNOWN rejectCause=0 emergencyEnabled=false availableServices=[] cellIdentity=null voiceSpecificInfo=VoiceSpecificRegistrationInfo { mCssSupported=false mRoamingIndicator=0 mSystemIsInPrl=0 mDefaultRoamingIndicator=0} dataSpecificInfo=null nrState=**** rRplmn= isUsingCarrierAggregation=false isNonTerrestrialNetwork=TERRESTRIAL}
12-06 23:08:27.710  2932  3261 D CellularNetworkService: No access tech specific info passes for RegStateResult
12-06 23:08:27.710  2932  3261 D NRM-C-0 : onRequestNetworkRegistrationInfoComplete result: 0, info: NetworkRegistrationInfo{ domain=CS transportType=WWAN registrationState=NOT_REG_SEARCHING networkRegistrationState=NOT_REG_SEARCHING roamingType=NOT_ROAMING accessNetworkTechnology=UNKNOWN rejectCause=0 emergencyEnabled=false availableServices=[] cellIdentity=null voiceSpecificInfo=VoiceSpecificRegistrationInfo { mCssSupported=false mRoamingIndicator=0 mSystemIsInPrl=0 mDefaultRoamingIndicator=0} dataSpecificInfo=null nrState=**** rRplmn= isUsingCarrierAggregation=false isNonTerrestrialNetwork=TERRESTRIAL}
12-06 23:08:27.711  2932  3051 D RILJ    : [0088]< GSM_SET_BROADCAST_CONFIG error 6 [PHONE0]
12-06 23:08:27.712  2932  3051 D RilRequest: [0088]< GSM_SET_BROADCAST_CONFIG error: com.android.internal.telephony.CommandException: REQUEST_NOT_SUPPORTED ret= result={ when=-32s855ms what=2 obj=Request[mCbRangesRequest3gpp = [CellBroadcastIdRange[4352, 4354, 1, true], CellBroadcastIdRange[4355, 4355, 1, false], CellBroadcastIdRange[4356, 4356, 1, true], CellBroadcastIdRange[4370, 4370, 1, true], CellBroadcastIdRange[4371, 4372, 1, false], CellBroadcastIdRange[4373, 4379, 1, true], CellBroadcastIdRange[4380, 4382, 1, false], CellBroadcastIdRange[4383, 4383, 1, true], CellBroadcastIdRange[4384, 4385, 1, false], CellBroadcastIdRange[4386, 4392, 1, true], CellBroadcastIdRange[4393, 4395, 1, false]], mCbRangesRequest3gpp2 = [CellBroadcastIdRange[4096, 4096, 2, true], CellBroadcastIdRange[4097, 4097, 2, false], CellBroadcastIdRange[4098, 4099, 2, true], CellBroadcastIdRange[4100, 4100, 2, false]]] target=com.android.internal.telephony.StateMachine$SmHandler }
12-06 23:08:27.712  2932  3051 D RILJ    : [0107]< SET_SIGNAL_STRENGTH_REPORTING_CRITERIA  [PHONE0]
12-06 23:08:27.712  2932  3051 E RILJ    : processResponse: Unexpected response! serial: 107, error: 0 [PHONE0]
12-06 23:08:27.713  2932  2932 D SST     : [0] Update SS information on moving from invalid to valid sub id
12-06 23:08:27.719  2932  2932 D Phone-0 : [0] mPreferredUsageSetting=1, lastPreferredUsageSetting=-1, mUsageSettingFromModem=-1
12-06 23:08:27.720  2932  2932 E RILJ    : getUsageSetting not supported on service NETWORK < 2.0. [PHONE0]
12-06 23:08:27.721  2932  2932 D SST     : [0] getCarrierDisplayNameLegacy+
12-06 23:08:27.721  2932  2932 D SST     : [0] updateCarrierDisplayName: satellitePlmn=null
12-06 23:08:27.721  2932  2932 D SST     : [0] updateCarrierDisplayName: radio is off w/ showPlmn=true plmn=null
12-06 23:08:27.722  2932  2932 D SST     : [0] updateCarrierDisplayName: rawSpn = 
12-06 23:08:27.722  2932  2932 D SST     : [0] getCarrierDisplayNameLegacy-
12-06 23:08:27.722  2932  2932 D SMSVC   : setCarrierName: subId=1, carrierName=
12-06 23:08:27.722  2932  2932 D SST     : [0] notifyCarrierDisplayNameDataChanged: changed sending intent, rule=2, CarrierDisplayNameData={ spn = null, dataSpn = , showSpn = false, plmn = null, showPlmn = true, subId=1
12-06 23:08:27.722  2932  3051 D RILJ    : [0078]< SET_LINK_CAPACITY_REPORTING_CRITERIA  [PHONE1]
12-06 23:08:27.723  2932  3051 D RILJ    : [0079]< SET_LINK_CAPACITY_REPORTING_CRITERIA error 6 [PHONE1]
12-06 23:08:27.723  2932  3051 D RilRequest: [0079]< SET_LINK_CAPACITY_REPORTING_CRITERIA error: com.android.internal.telephony.CommandException: REQUEST_NOT_SUPPORTED ret= result=null
12-06 23:08:27.724  1844  1863 W TelephonyRegistry: Pid 2932 has exceeded half the number of permissible registered listeners. Now at 80
12-06 23:08:27.724  2932  2932 D SST     : [1] SubscriptionListener.onSubscriptionInfoChanged
12-06 23:08:27.724  2932  2932 D TNP     : Subscription changed.
12-06 23:08:27.724  2932  2932 D TNP     : reevaluateNetworkRequests: subscription changed.
12-06 23:08:27.725  2932  2932 D TNP     : Request moved. phoneId -1 -> 0 [NetworkRequest [ REQUEST id=12, [ Transports: SATELLITE Capabilities: INTERNET&TRUSTED&NOT_VPN&NOT_VCN_MANAGED Uid: 10613 UnderlyingNetworks: Null] ], mPriority=0, state=UNSATISFIED, mAttachedDataNetwork=null, created time=23:08:26.920, evaluation result=null]
12-06 23:08:27.725  2932  2932 D TNP     : Request moved. phoneId -1 -> 0 [NetworkRequest [ REQUEST id=65, [ Capabilities: INTERNET&NOT_RESTRICTED&TRUSTED&NOT_VCN_MANAGED&NOT_BANDWIDTH_CONSTRAINED Uid: 1073 RequestorUid: 1073 RequestorPkg: com.android.networkstack UnderlyingNetworks: Null] ], mPriority=0, state=UNSATISFIED, mAttachedDataNetwork=null, created time=23:08:26.922, evaluation result=null]
12-06 23:08:27.725  2932  2932 D TNP     : Request moved. phoneId -1 -> 0 [NetworkRequest [ BACKGROUND_REQUEST id=2, [ Transports: CELLULAR Capabilities: INTERNET&NOT_RESTRICTED&TRUSTED&NOT_VPN&NOT_VCN_MANAGED&NOT_BANDWIDTH_CONSTRAINED RequestorUid: 1000 RequestorPkg: android UnderlyingNetworks: Null] ], mPriority=0, state=UNSATISFIED, mAttachedDataNetwork=null, created time=23:08:26.920, evaluation result=null]
12-06 23:08:27.725  2932  2932 D TNP     : Request moved. phoneId -1 -> 0 [NetworkRequest [ REQUEST id=1, [ Capabilities: INTERNET&NOT_RESTRICTED&TRUSTED&NOT_VPN&NOT_VCN_MANAGED&NOT_BANDWIDTH_CONSTRAINED RequestorUid: 1000 RequestorPkg: android UnderlyingNetworks: Null] ], mPriority=0, state=UNSATISFIED, mAttachedDataNetwork=null, created time=23:08:26.921, evaluation result=null]
12-06 23:08:27.725  2932  2932 D TNP     : Request moved. phoneId -1 -> 0 [NetworkRequest [ REQUEST id=63, [ Capabilities: INTERNET&NOT_RESTRICTED&TRUSTED&NOT_VCN_MANAGED&NOT_BANDWIDTH_CONSTRAINED Uid: 1000 RequestorUid: 1000 RequestorPkg: android UnderlyingNetworks: Null] ], mPriority=0, state=UNSATISFIED, mAttachedDataNetwork=null, created time=23:08:26.919, evaluation result=null]
12-06 23:08:27.725  2932  2932 D TNP     : Request moved. phoneId -1 -> 0 [NetworkRequest [ REQUEST id=55, [ Capabilities: INTERNET&NOT_RESTRICTED&TRUSTED&NOT_VCN_MANAGED&NOT_BANDWIDTH_CONSTRAINED Uid: 10545 RequestorUid: 1000 RequestorPkg: android UnderlyingNetworks: Null] ], mPriority=0, state=UNSATISFIED, mAttachedDataNetwork=null, created time=23:08:26.918, evaluation result=null]
12-06 23:08:27.725  2932  2932 D TNP     : Request moved. phoneId -1 -> 0 [NetworkRequest [ REQUEST id=53, [ Capabilities: INTERNET&NOT_RESTRICTED&TRUSTED&NOT_VCN_MANAGED&NOT_BANDWIDTH_CONSTRAINED Uid: 10588 RequestorUid: 1000 RequestorPkg: android UnderlyingNetworks: Null] ], mPriority=0, state=UNSATISFIED, mAttachedDataNetwork=null, created time=23:08:26.922, evaluation result=null]
12-06 23:08:27.725  2932  2932 D TNP     : Request moved. phoneId -1 -> 0 [NetworkRequest [ REQUEST id=51, [ Capabilities: INTERNET&NOT_RESTRICTED&TRUSTED&NOT_VCN_MANAGED&NOT_BANDWIDTH_CONSTRAINED Uid: 10598 RequestorUid: 1000 RequestorPkg: android UnderlyingNetworks: Null] ], mPriority=0, state=UNSATISFIED, mAttachedDataNetwork=null, created time=23:08:26.922, evaluation result=null]
12-06 23:08:27.726  2932  2932 D TNP     : Request moved. phoneId -1 -> 0 [NetworkRequest [ REQUEST id=49, [ Capabilities: INTERNET&NOT_RESTRICTED&TRUSTED&NOT_VCN_MANAGED&NOT_BANDWIDTH_CONSTRAINED Uid: 10605 RequestorUid: 1000 RequestorPkg: android UnderlyingNetworks: Null] ], mPriority=0, state=UNSATISFIED, mAttachedDataNetwork=null, created time=23:08:26.923, evaluation result=null]
12-06 23:08:27.726  2932  2932 D TNP     : Request moved. phoneId -1 -> 0 [NetworkRequest [ REQUEST id=57, [ Capabilities: INTERNET&NOT_RESTRICTED&TRUSTED&NOT_VCN_MANAGED&NOT_BANDWIDTH_CONSTRAINED Uid: 10609 RequestorUid: 1000 RequestorPkg: android UnderlyingNetworks: Null] ], mPriority=0, state=UNSATISFIED, mAttachedDataNetwork=null, created time=23:08:26.921, evaluation result=null]
12-06 23:08:27.726  2932  2932 D TNP     : Request moved. phoneId -1 -> 0 [NetworkRequest [ REQUEST id=47, [ Capabilities: INTERNET&NOT_RESTRICTED&TRUSTED&NOT_VCN_MANAGED&NOT_BANDWIDTH_CONSTRAINED Uid: 10618 RequestorUid: 1000 RequestorPkg: android UnderlyingNetworks: Null] ], mPriority=0, state=UNSATISFIED, mAttachedDataNetwork=null, created time=23:08:26.925, evaluation result=null]
12-06 23:08:27.726  2932  2932 D TNP     : Request moved. phoneId -1 -> 0 [NetworkRequest [ REQUEST id=45, [ Capabilities: INTERNET&NOT_RESTRICTED&TRUSTED&NOT_VCN_MANAGED&NOT_BANDWIDTH_CONSTRAINED Uid: 10630 RequestorUid: 1000 RequestorPkg: android UnderlyingNetworks: Null] ], mPriority=0, state=UNSATISFIED, mAttachedDataNetwork=null, created time=23:08:26.922, evaluation result=null]
12-06 23:08:27.726  2932  2932 D TNP     : Request moved. phoneId -1 -> 0 [NetworkRequest [ REQUEST id=41, [ Capabilities: INTERNET&NOT_RESTRICTED&TRUSTED&NOT_VCN_MANAGED&NOT_BANDWIDTH_CONSTRAINED Uid: 10640 RequestorUid: 1000 RequestorPkg: android UnderlyingNetworks: Null] ], mPriority=0, state=UNSATISFIED, mAttachedDataNetwork=null, created time=23:08:26.922, evaluation result=null]
12-06 23:08:27.726  2932  2932 D TNP     : Request moved. phoneId -1 -> 0 [NetworkRequest [ REQUEST id=43, [ Capabilities: INTERNET&NOT_RESTRICTED&TRUSTED&NOT_VCN_MANAGED&NOT_BANDWIDTH_CONSTRAINED Uid: 10639 RequestorUid: 1000 RequestorPkg: android UnderlyingNetworks: Null] ], mPriority=0, state=UNSATISFIED, mAttachedDataNetwork=null, created time=23:08:26.924, evaluation result=null]
12-06 23:08:27.726  2932  2932 D TNP     : Request moved. phoneId -1 -> 0 [NetworkRequest [ REQUEST id=39, [ Capabilities: INTERNET&NOT_RESTRICTED&TRUSTED&NOT_VCN_MANAGED&NOT_BANDWIDTH_CONSTRAINED Uid: 10644 RequestorUid: 1000 RequestorPkg: android UnderlyingNetworks: Null] ], mPriority=0, state=UNSATISFIED, mAttachedDataNetwork=null, created time=23:08:26.918, evaluation result=null]
12-06 23:08:27.726  2932  2932 D TNP     : Request moved. phoneId -1 -> 0 [NetworkRequest [ REQUEST id=35, [ Capabilities: INTERNET&NOT_RESTRICTED&TRUSTED&NOT_VCN_MANAGED&NOT_BANDWIDTH_CONSTRAINED Uid: 10651 RequestorUid: 1000 RequestorPkg: android UnderlyingNetworks: Null] ], mPriority=0, state=UNSATISFIED, mAttachedDataNetwork=null, created time=23:08:26.923, evaluation result=null]
12-06 23:08:27.727  2932  2932 D TNP     : Request moved. phoneId -1 -> 0 [NetworkRequest [ REQUEST id=37, [ Capabilities: INTERNET&NOT_RESTRICTED&TRUSTED&NOT_VCN_MANAGED&NOT_BANDWIDTH_CONSTRAINED Uid: 10650 RequestorUid: 1000 RequestorPkg: android UnderlyingNetworks: Null] ], mPriority=0, state=UNSATISFIED, mAttachedDataNetwork=null, created time=23:08:26.920, evaluation result=null]
12-06 23:08:27.727  2932  2932 D TNP     : Request moved. phoneId -1 -> 0 [NetworkRequest [ REQUEST id=33, [ Capabilities: INTERNET&NOT_RESTRICTED&TRUSTED&NOT_VCN_MANAGED&NOT_BANDWIDTH_CONSTRAINED Uid: 10725 RequestorUid: 1000 RequestorPkg: android UnderlyingNetworks: Null] ], mPriority=0, state=UNSATISFIED, mAttachedDataNetwork=null, created time=23:08:26.921, evaluation result=null]
12-06 23:08:27.727  2932  2932 D TNP     : Request moved. phoneId -1 -> 0 [NetworkRequest [ REQUEST id=31, [ Capabilities: INTERNET&NOT_RESTRICTED&TRUSTED&NOT_VCN_MANAGED&NOT_BANDWIDTH_CONSTRAINED Uid: 10730 RequestorUid: 1000 RequestorPkg: android UnderlyingNetworks: Null] ], mPriority=0, state=UNSATISFIED, mAttachedDataNetwork=null, created time=23:08:26.922, evaluation result=null]
12-06 23:08:27.727  2932  2932 D TNP     : Request moved. phoneId -1 -> 0 [NetworkRequest [ REQUEST id=29, [ Capabilities: INTERNET&NOT_RESTRICTED&TRUSTED&NOT_VCN_MANAGED&NOT_BANDWIDTH_CONSTRAINED Uid: 10738 RequestorUid: 1000 RequestorPkg: android UnderlyingNetworks: Null] ], mPriority=0, state=UNSATISFIED, mAttachedDataNetwork=null, created time=23:08:26.924, evaluation result=null]
12-06 23:08:27.727  2932  2932 D TNP     : Request moved. phoneId -1 -> 0 [NetworkRequest [ REQUEST id=61, [ Capabilities: INTERNET&NOT_RESTRICTED&TRUSTED&NOT_VCN_MANAGED&NOT_BANDWIDTH_CONSTRAINED Uid: 10719 RequestorUid: 1000 RequestorPkg: android UnderlyingNetworks: Null] ], mPriority=0, state=UNSATISFIED, mAttachedDataNetwork=null, created time=23:08:26.921, evaluation result=null]
12-06 23:08:27.727  2932  2932 D TNP     : Request moved. phoneId -1 -> 0 [NetworkRequest [ REQUEST id=27, [ Capabilities: INTERNET&NOT_RESTRICTED&TRUSTED&NOT_VCN_MANAGED&NOT_BANDWIDTH_CONSTRAINED Uid: 10748 RequestorUid: 1000 RequestorPkg: android UnderlyingNetworks: Null] ], mPriority=0, state=UNSATISFIED, mAttachedDataNetwork=null, created time=23:08:26.923, evaluation result=null]
12-06 23:08:27.727  2932  2932 D TNP     : Request moved. phoneId -1 -> 0 [NetworkRequest [ REQUEST id=25, [ Capabilities: INTERNET&NOT_RESTRICTED&TRUSTED&NOT_VCN_MANAGED&NOT_BANDWIDTH_CONSTRAINED Uid: 10754 RequestorUid: 1000 RequestorPkg: android UnderlyingNetworks: Null] ], mPriority=0, state=UNSATISFIED, mAttachedDataNetwork=null, created time=23:08:26.922, evaluation result=null]
12-06 23:08:27.728  2932  2932 D TNP     : Request moved. phoneId -1 -> 0 [NetworkRequest [ REQUEST id=23, [ Capabilities: INTERNET&NOT_RESTRICTED&TRUSTED&NOT_VCN_MANAGED&NOT_BANDWIDTH_CONSTRAINED Uid: 10757 RequestorUid: 1000 RequestorPkg: android UnderlyingNetworks: Null] ], mPriority=0, state=UNSATISFIED, mAttachedDataNetwork=null, created time=23:08:26.921, evaluation result=null]
12-06 23:08:27.728  2932  2932 D TNP     : Request moved. phoneId -1 -> 0 [NetworkRequest [ REQUEST id=21, [ Capabilities: INTERNET&NOT_RESTRICTED&TRUSTED&NOT_VCN_MANAGED&NOT_BANDWIDTH_CONSTRAINED Uid: 10761 RequestorUid: 1000 RequestorPkg: android UnderlyingNetworks: Null] ], mPriority=0, state=UNSATISFIED, mAttachedDataNetwork=null, created time=23:08:26.916, evaluation result=null]
12-06 23:08:27.728  2932  2932 D TNP     : Request moved. phoneId -1 -> 0 [NetworkRequest [ REQUEST id=59, [ Capabilities: INTERNET&NOT_RESTRICTED&TRUSTED&NOT_VCN_MANAGED&NOT_BANDWIDTH_CONSTRAINED Uid: 10735 RequestorUid: 1000 RequestorPkg: android UnderlyingNetworks: Null] ], mPriority=0, state=UNSATISFIED, mAttachedDataNetwork=null, created time=23:08:26.924, evaluation result=null]
12-06 23:08:27.728  2932  2932 D TNP     : Request moved. phoneId -1 -> 0 [NetworkRequest [ REQUEST id=19, [ Capabilities: INTERNET&NOT_RESTRICTED&TRUSTED&NOT_VCN_MANAGED&NOT_BANDWIDTH_CONSTRAINED Uid: 10773 RequestorUid: 1000 RequestorPkg: android UnderlyingNetworks: Null] ], mPriority=0, state=UNSATISFIED, mAttachedDataNetwork=null, created time=23:08:26.925, evaluation result=null]
12-06 23:08:27.728  2932  2932 D TNP     : Request moved. phoneId -1 -> 0 [NetworkRequest [ REQUEST id=17, [ Capabilities: INTERNET&NOT_RESTRICTED&TRUSTED&NOT_VCN_MANAGED&NOT_BANDWIDTH_CONSTRAINED Uid: 10778 RequestorUid: 1000 RequestorPkg: android UnderlyingNetworks: Null] ], mPriority=0, state=UNSATISFIED, mAttachedDataNetwork=null, created time=23:08:26.922, evaluation result=null]
12-06 23:08:27.732  2932  3051 E RILJ    : processResponse: Unexpected response! serial: 107, error: 0 [PHONE0]
12-06 23:08:27.733  2932  3261 D CellularNetworkService: No access tech specific info passes for RegStateResult
12-06 23:08:27.733  2932  3051 D RILJ    : [0105]< VOICE_REGISTRATION_STATE {.regState = NOT_REG_MT_SEARCHING_OP, .rat = UNKNOWN, .reasonForDenial = NONE, .cellIdentity = {.noinit = {}}, .registeredPlmn = , .accessTechnologySpecificInfo = {.noinit = {}}} [PHONE1]
12-06 23:08:27.733  2932  2932 D TNP     : Request moved. phoneId -1 -> 0 [NetworkRequest [ REQUEST id=77, [ Capabilities: INTERNET&NOT_RESTRICTED&TRUSTED&NOT_VCN_MANAGED&NOT_BANDWIDTH_CONSTRAINED Uid: 10678 RequestorUid: 10678 RequestorPkg: com.android.systemui UnderlyingNetworks: Null] ], mPriority=0, state=UNSATISFIED, mAttachedDataNetwork=null, created time=23:08:26.920, evaluation result=null]
12-06 23:08:27.733  2932  3261 D NRM-C-1 : onRequestNetworkRegistrationInfoComplete result: 0, info: NetworkRegistrationInfo{ domain=CS transportType=WWAN registrationState=NOT_REG_SEARCHING networkRegistrationState=NOT_REG_SEARCHING roamingType=NOT_ROAMING accessNetworkTechnology=UNKNOWN rejectCause=0 emergencyEnabled=false availableServices=[] cellIdentity=null voiceSpecificInfo=VoiceSpecificRegistrationInfo { mCssSupported=false mRoamingIndicator=0 mSystemIsInPrl=0 mDefaultRoamingIndicator=0} dataSpecificInfo=null nrState=**** rRplmn= isUsingCarrierAggregation=false isNonTerrestrialNetwork=TERRESTRIAL}
12-06 23:08:27.734  2932  3051 E RILJ    : processResponse: Unexpected response! serial: 107, error: 0 [PHONE0]
12-06 23:08:27.734  2932  3051 E RILJ    : processResponse: Unexpected response! serial: 107, error: 0 [PHONE0]
12-06 23:08:27.735  2932  2932 D TNP     : Request moved. phoneId -1 -> 0 [NetworkRequest [ REQUEST id=89, [ Capabilities: INTERNET&NOT_RESTRICTED&TRUSTED&NOT_VCN_MANAGED&NOT_BANDWIDTH_CONSTRAINED Uid: 10678 RequestorUid: 10678 RequestorPkg: com.android.systemui UnderlyingNetworks: Null] ], mPriority=0, state=UNSATISFIED, mAttachedDataNetwork=null, created time=23:08:26.925, evaluation result=null]
12-06 23:08:27.735  2932  3051 E RILJ    : processResponse: Unexpected response! serial: 107, error: 0 [PHONE0]
12-06 23:08:27.735  2932  2932 D TNP     : Request moved. phoneId -1 -> 0 [NetworkRequest [ REQUEST id=93, [ Capabilities: INTERNET&NOT_RESTRICTED&TRUSTED&NOT_VCN_MANAGED&NOT_BANDWIDTH_CONSTRAINED Uid: 10678 RequestorUid: 10678 RequestorPkg: com.android.systemui UnderlyingNetworks: Null] ], mPriority=0, state=UNSATISFIED, mAttachedDataNetwork=null, created time=23:08:27.265, evaluation result=null]
12-06 23:08:27.735  2932  2932 D TNP     : Request moved. phoneId -1 -> 0 [NetworkRequest [ REQUEST id=95, [ Capabilities: INTERNET&NOT_RESTRICTED&TRUSTED&NOT_VCN_MANAGED&NOT_BANDWIDTH_CONSTRAINED Uid: 10678 RequestorUid: 10678 RequestorPkg: com.android.systemui UnderlyingNetworks: Null] ], mPriority=0, state=UNSATISFIED, mAttachedDataNetwork=null, created time=23:08:27.265, evaluation result=null]
12-06 23:08:27.736  2932  2932 D TNP     : Request moved. phoneId -1 -> 0 [NetworkRequest [ REQUEST id=75, [ Capabilities: INTERNET&NOT_RESTRICTED&TRUSTED&NOT_VCN_MANAGED&NOT_BANDWIDTH_CONSTRAINED Uid: 1001 RequestorUid: 1001 RequestorPkg: com.android.phone UnderlyingNetworks: Null] ], mPriority=0, state=UNSATISFIED, mAttachedDataNetwork=null, created time=23:08:26.919, evaluation result=null]
12-06 23:08:27.736  2932  2932 D TNP     : Request moved. phoneId -1 -> 0 [NetworkRequest [ REQUEST id=82, [ Capabilities: INTERNET&NOT_RESTRICTED&TRUSTED&NOT_VCN_MANAGED&NOT_BANDWIDTH_CONSTRAINED Uid: 1001 RequestorUid: 1001 RequestorPkg: com.android.phone UnderlyingNetworks: Null] ], mPriority=0, state=UNSATISFIED, mAttachedDataNetwork=null, created time=23:08:26.920, evaluation result=null]
12-06 23:08:27.737  2932  2932 D TNP     : Request moved. phoneId -1 -> 0 [NetworkRequest [ REQUEST id=84, [ Capabilities: INTERNET&NOT_RESTRICTED&TRUSTED&NOT_VCN_MANAGED&NOT_BANDWIDTH_CONSTRAINED Uid: 1001 RequestorUid: 1001 RequestorPkg: com.android.phone UnderlyingNetworks: Null] ], mPriority=0, state=UNSATISFIED, mAttachedDataNetwork=null, created time=23:08:26.923, evaluation result=null]
12-06 23:08:27.740  2932  3173 D Phone-0 : [0] notifyCarrierRoamingNtnSignalStrengthChanged: ntnSignalStrength=0
12-06 23:08:27.740  1844  1863 W TelephonyRegistry: Pid 2932 has exceeded half the number of permissible registered listeners. Now at 81
12-06 23:08:27.743  2932  2932 D Phone-0 : isImsRegistered =false
12-06 23:08:27.746  2932  3051 E RILJ    : processResponse: Unexpected response! serial: 107, error: 0 [PHONE0]
12-06 23:08:27.746  2932  3051 E RILJ    : processResponse: Unexpected response! serial: 107, error: 0 [PHONE0]
12-06 23:08:27.746  2932  3051 E RILJ    : processResponse: Unexpected response! serial: 107, error: 44 [PHONE0]
12-06 23:08:27.747  2932  3261 D CellularNetworkService: No access tech specific info passes for RegStateResult
12-06 23:08:27.747  2932  3051 D RILJ    : [0100]< DATA_REGISTRATION_STATE {.regState = NOT_REG_MT_SEARCHING_OP, .rat = UNKNOWN, .reasonForDenial = NONE, .cellIdentity = {.noinit = {}}, .registeredPlmn = , .accessTechnologySpecificInfo = {.noinit = {}}} [PHONE0]
12-06 23:08:27.747  2932  3261 D NRM-C-0 : onRequestNetworkRegistrationInfoComplete result: 0, info: NetworkRegistrationInfo{ domain=PS transportType=WWAN registrationState=NOT_REG_SEARCHING networkRegistrationState=NOT_REG_SEARCHING roamingType=NOT_ROAMING accessNetworkTechnology=UNKNOWN rejectCause=0 emergencyEnabled=false availableServices=[] cellIdentity=null voiceSpecificInfo=null dataSpecificInfo=android.telephony.DataSpecificRegistrationInfo :{ maxDataCalls = 16 isDcNrRestricted = false isNrAvailable = false isEnDcAvailable = false mLteAttachResultType = 0 mLteAttachExtraInfo = 0 LteVopsSupportInfo :  mVopsSupport = 1 mEmcBearerSupport = 1 } nrState=**** rRplmn= isUsingCarrierAggregation=false isNonTerrestrialNetwork=TERRESTRIAL}
12-06 23:08:27.747  2932  3051 D RILJ    : [0111]< DATA_REGISTRATION_STATE {.regState = NOT_REG_MT_SEARCHING_OP, .rat = UNKNOWN, .reasonForDenial = NONE, .cellIdentity = {.noinit = {}}, .registeredPlmn = , .accessTechnologySpecificInfo = {.noinit = {}}} [PHONE0]
12-06 23:08:27.747  2932  3051 D RILJ    : [0027]< RADIO_POWER  [PHONE0]
12-06 23:08:27.749  2932  3051 D RILJ    : [0112]< QUERY_NETWORK_SELECTION_MODE {0} [PHONE0]
12-06 23:08:27.749  2932  3051 D RILJ    : [0110]< OPERATOR {, , } [PHONE0]
12-06 23:08:27.750  2932  3261 D CellularNetworkService: No access tech specific info passes for RegStateResult
12-06 23:08:27.751  2932  3261 D NRM-C-0 : onRequestNetworkRegistrationInfoComplete result: 0, info: NetworkRegistrationInfo{ domain=PS transportType=WWAN registrationState=NOT_REG_SEARCHING networkRegistrationState=NOT_REG_SEARCHING roamingType=NOT_ROAMING accessNetworkTechnology=UNKNOWN rejectCause=0 emergencyEnabled=false availableServices=[] cellIdentity=null voiceSpecificInfo=null dataSpecificInfo=android.telephony.DataSpecificRegistrationInfo :{ maxDataCalls = 16 isDcNrRestricted = false isNrAvailable = false isEnDcAvailable = false mLteAttachResultType = 0 mLteAttachExtraInfo = 0 LteVopsSupportInfo :  mVopsSupport = 1 mEmcBearerSupport = 1 } nrState=**** rRplmn= isUsingCarrierAggregation=false isNonTerrestrialNetwork=TERRESTRIAL}
12-06 23:08:27.751  1656  1731 D RILC    : radioStateChangedInd: radioState 10
12-06 23:08:27.757  2932  3051 D RILJ    : Unsol response received; Sending ack to ril.cpp [PHONE0]
12-06 23:08:27.758  2932  3051 D RILJ    : [UNSL]< UNSOL_RESPONSE_RADIO_STATE_CHANGED radioStateChanged: 1 [PHONE0]
12-06 23:08:27.758  2932  3051 D RILJ    : Unsol response received; Sending ack to ril.cpp [PHONE0]
12-06 23:08:27.758  2932  3051 D RILJ    : [UNSL]< UNSOL_RESPONSE_NETWORK_STATE_CHANGED [PHONE0]
12-06 23:08:27.759  2932  3261 D NRM-C-0 : onNetworkStateChanged
12-06 23:08:27.775  2932  3352 D NRM-I-0 : onNetworkStateChanged
12-06 23:08:27.778  1689  1733 E RILQ    : (1/1689): RIL[1][(1689,1733)] get_ecc_property_name: ecc list name : ril.ecclist1.
12-06 23:08:27.778  2932  3051 D RILJ    : [0104]< DATA_REGISTRATION_STATE {.regState = NOT_REG_MT_SEARCHING_OP, .rat = UNKNOWN, .reasonForDenial = NONE, .cellIdentity = {.noinit = {}}, .registeredPlmn = , .accessTechnologySpecificInfo = {.noinit = {}}} [PHONE1]
12-06 23:08:27.779  2932  3261 D CellularNetworkService: No access tech specific info passes for RegStateResult
12-06 23:08:27.779  2932  3261 D NRM-C-1 : onRequestNetworkRegistrationInfoComplete result: 0, info: NetworkRegistrationInfo{ domain=PS transportType=WWAN registrationState=NOT_REG_SEARCHING networkRegistrationState=NOT_REG_SEARCHING roamingType=NOT_ROAMING accessNetworkTechnology=UNKNOWN rejectCause=0 emergencyEnabled=false availableServices=[] cellIdentity=null voiceSpecificInfo=null dataSpecificInfo=android.telephony.DataSpecificRegistrationInfo :{ maxDataCalls = 16 isDcNrRestricted = false isNrAvailable = false isEnDcAvailable = false mLteAttachResultType = 0 mLteAttachExtraInfo = 0 LteVopsSupportInfo :  mVopsSupport = 1 mEmcBearerSupport = 1 } nrState=**** rRplmn= isUsingCarrierAggregation=false isNonTerrestrialNetwork=TERRESTRIAL}
12-06 23:08:27.779  2932  3051 D RILJ    : [UNSL]< UNSOL_EMERGENCY_NUMBER_LIST [[EmergencyNumber: 112, countryIso=, mnc=, src=sim , routing=unknown, categories=, urns=], [EmergencyNumber: 911, countryIso=, mnc=, src=sim , routing=unknown, categories=, urns=]] [PHONE1]
12-06 23:08:27.779  2932  3051 D RILJ    : [0102]< QUERY_NETWORK_SELECTION_MODE {0} [PHONE1]
12-06 23:08:27.781  2932  2932 D Phone-0 : getImsRegistrationTechnology =-1
12-06 23:08:27.783  2932  3051 D RILJ    : [0057]< RADIO_POWER  [PHONE1]
12-06 23:08:27.785  1689  1733 D RILC    : radioStateChangedInd: radioState 10
12-06 23:08:27.797  2932  3051 D RILJ    : Unsol response received; Sending ack to ril.cpp [PHONE1]
12-06 23:08:27.797  2932  3051 D RILJ    : [UNSL]< UNSOL_RESPONSE_RADIO_STATE_CHANGED radioStateChanged: 1 [PHONE1]
12-06 23:08:27.797  2932  3051 D RILJ    : [0080]< SET_LINK_CAPACITY_REPORTING_CRITERIA  [PHONE1]
12-06 23:08:27.798  2932  3051 D RILJ    : Unsol response received; Sending ack to ril.cpp [PHONE1]
12-06 23:08:27.798  2932  3051 D RILJ    : [UNSL]< UNSOL_RESPONSE_NETWORK_STATE_CHANGED [PHONE1]
12-06 23:08:27.799  2932  3261 D NRM-C-1 : onNetworkStateChanged
12-06 23:08:27.833  2932  2932 D ImsManagerIM [0]: ImsService not up yet - timeout waiting for connection.
12-06 23:08:27.859  2932  3239 D NRM-I-1 : onNetworkStateChanged
12-06 23:08:27.861  2932  2932 D DSMGR-0 : mIsDataEnabled=true, prevDataEnabled=false
12-06 23:08:27.861  2932  2932 D DSMGR-0 : notifyDataEnabledChanged: enabled=true, reason=USER, callingPackage=com.android.phone
12-06 23:08:27.864  2932  2932 D Phone-0 : isImsCapabilityAvailable, capability=0, regTech=1, isAvailable=false
12-06 23:08:27.865  2932  2932 D Phone-0 : isImsCapabilityAvailable, capability=1, regTech=1, isAvailable=false
12-06 23:08:27.865  2932  2932 D Phone-0 : isImsCapabilityAvailable, capability=2, regTech=1, isAvailable=false
12-06 23:08:27.868  2932  2932 D Phone-0 : getImsRegistrationTechnology =-1
12-06 23:08:27.869  2932  2932 D SSCtr   : clearSignalStrengthUpdateRequest subId=1 callingUid=1002 request=SignalStrengthUpdateRequest{mSignalThresholdInfos=[] mIsReportingRequestedWhileIdle=false mIsSystemThresholdReportingRequestedWhileIdle=true mLiveTokenandroid.os.BinderProxy@84c6e3f}
12-06 23:08:27.870  2932  2932 D SST     : [0] SubscriptionListener.onSubscriptionInfoChanged
12-06 23:08:27.870  2932  2932 D SST     : [1] SubscriptionListener.onSubscriptionInfoChanged
12-06 23:08:27.871  2932  2932 D TNP     : Subscription changed.
12-06 23:08:27.871  2932  2932 D TNP     : reevaluateNetworkRequests: subscription changed.
12-06 23:08:27.880  2932  2932 D Phone-0 : isImsRegistered =false
12-06 23:08:27.885  2932  2932 D Phone-0 : getImsRegistrationTechnology =-1
12-06 23:08:27.909  2932  3239 D NRM-I-1 : onRequestNetworkRegistrationInfoComplete result: 0, info: NetworkRegistrationInfo{ domain=PS transportType=WLAN registrationState=NOT_REG_OR_SEARCHING networkRegistrationState=NOT_REG_OR_SEARCHING roamingType=NOT_ROAMING accessNetworkTechnology=IWLAN rejectCause=0 emergencyEnabled=false availableServices=[] cellIdentity=null voiceSpecificInfo=null dataSpecificInfo=null nrState=**** rRplmn= isUsingCarrierAggregation=false isNonTerrestrialNetwork=TERRESTRIAL}
12-06 23:08:27.912  2932  3051 D RILJ    : Unsol response received; Sending ack to ril.cpp [PHONE0]
12-06 23:08:27.912  2932  3051 D RILJ    : [UNSL]< UNSOL_RESPONSE_NETWORK_STATE_CHANGED [PHONE0]
12-06 23:08:27.912  2932  3051 D RILJ    : [0030]< RADIO_POWER  [PHONE0]
12-06 23:08:27.913  2932  3261 D NRM-C-0 : onNetworkStateChanged
12-06 23:08:27.916  1656  1731 D RILC    : radioStateChangedInd: radioState 10
12-06 23:08:27.920  2932  3051 D RILJ    : Unsol response received; Sending ack to ril.cpp [PHONE0]
12-06 23:08:27.920  2932  3051 D RILJ    : [UNSL]< UNSOL_RESPONSE_RADIO_STATE_CHANGED radioStateChanged: 1 [PHONE0]
12-06 23:08:27.920  2932  3051 D RILJ    : Unsol response received; Sending ack to ril.cpp [PHONE0]
12-06 23:08:27.920  2932  3051 D RILJ    : [UNSL]< UNSOL_RESPONSE_NETWORK_STATE_CHANGED [PHONE0]
12-06 23:08:27.920  2932  3261 D NRM-C-0 : onNetworkStateChanged
12-06 23:08:27.932  1844  1863 I dvm_lock_sample: [system_server,1,binder:1844_2,46,BroadcastController.java,315,android.content.Intent com.android.server.am.BroadcastController.registerReceiverWithFeatureTraced(android.app.IApplicationThread, java.lang.String, java.lang.String, java.lang.String, android.content.IIntentReceiver, android.content.IntentFilter, java.lang.String, int, int),ActivityManagerService.java,18803,void com.android.server.am.ActivityManagerService.scheduleApplicationInfoChanged(java.util.List, int),9]
12-06 23:08:27.935  2932  2932 D ImsManagerIM [0]: ImsService not up yet - timeout waiting for connection.
12-06 23:08:27.948  2932  2932 D EmergencyNumberTracker: [0]updateRadioEmergencyNumberListAndNotify(): receiving [[EmergencyNumber: 112, countryIso=, mnc=, src=sim , routing=unknown, categories=, urns=], [EmergencyNumber: 911, countryIso=, mnc=, src=sim , routing=unknown, categories=, urns=]]
12-06 23:08:27.948  2932  2932 D SST     : [1] pollState: modemTriggered=true, radioState=1
12-06 23:08:27.950  2932  2932 D RILJ    : [0121]> OPERATOR [PHONE1]
12-06 23:08:27.952  2932  2932 D RILJ    : [0122]> QUERY_NETWORK_SELECTION_MODE [PHONE1]
12-06 23:08:27.953  2932  2932 D PhoneSwitcher: SIM refresh, notify dds change
12-06 23:08:27.953  2932  2932 D PhoneSwitcher: notifyPreferredDataSubIdChanged to 1
12-06 23:08:27.953  1844  1863 D TelephonyRegistry: notifyActiveDataSubIdChanged: activeDataSubId=1
12-06 23:08:27.954  2932  2932 D PhoneSwitcher: evaluating due to netRequest phone[0] -1->1
12-06 23:08:27.954  2932  2932 D PhoneSwitcher: sendRilCommands: setPreferredDataModem - phoneId: 0
12-06 23:08:27.955  2932  2932 D RadioConfig: [0124]> SET_PREFERRED_DATA_MODEM 0
12-06 23:08:27.955  2932  3261 D RILJ    : [0123]> DATA_REGISTRATION_STATE [PHONE1]
12-06 23:08:27.955  2932  3261 D RILJ    : getDataRegistrationState: overrideHalVersion=null [PHONE1]
12-06 23:08:27.955  1689  1944 D RILC    : RadioImpl_1_5::getDataRegistrationState_1_5: serial 123
12-06 23:08:27.955  2932  2932 D TNP     : onNetworkNeeded: phoneId=0, [NetworkRequest [ REQUEST id=98, [ Capabilities: INTERNET&NOT_RESTRICTED&TRUSTED&NOT_VCN_MANAGED&NOT_BANDWIDTH_CONSTRAINED Uid: 10659 RequestorUid: 10678 RequestorPkg: com.android.systemui UnderlyingNetworks: Null] ], mPriority=0, state=UNSATISFIED, mAttachedDataNetwork=null, created time=23:08:27.953, evaluation result=null]
12-06 23:08:27.955  2932  3261 D RILJ    : [0125]> VOICE_REGISTRATION_STATE [PHONE1]
12-06 23:08:27.955  2932  3261 D RILJ    : getVoiceRegistrationState: overrideHalVersion=null [PHONE1]
12-06 23:08:27.956  1689  1944 D RILC    : RadioImpl_1_5::getVoiceRegistrationState_1_5: serial 125
12-06 23:08:27.956  2932  2932 D EmergencyNumberTracker: [1]updateRadioEmergencyNumberListAndNotify(): receiving [[EmergencyNumber: 112, countryIso=, mnc=, src=sim , routing=unknown, categories=, urns=], [EmergencyNumber: 911, countryIso=, mnc=, src=sim , routing=unknown, categories=, urns=]]
12-06 23:08:27.956  2932  2932 D EmergencyNumberTracker: [0]updateRadioEmergencyNumberListAndNotify(): receiving [[EmergencyNumber: 112, countryIso=, mnc=, src=sim , routing=unknown, categories=, urns=], [EmergencyNumber: 911, countryIso=, mnc=, src=sim , routing=unknown, categories=, urns=]]
12-06 23:08:27.956  2932  2932 D UiccProfile: handleMessage: Received OPEN_LOGICAL_CHANNEL_DONE for phoneId 0
12-06 23:08:27.956  2932  2932 D UiccProfile: handleMessage: Error in SIM access with exception com.android.internal.telephony.CommandException: NO_SUCH_ELEMENT
12-06 23:08:27.957  2932  2932 D SMSDispatcher: Received broadcast android.intent.action.SIM_STATE_CHANGED
12-06 23:08:27.957  2932  2932 D SMSDispatcher: Received broadcast android.intent.action.SIM_STATE_CHANGED
12-06 23:08:27.957  2932  2932 D SMSDispatcher: Received broadcast android.intent.action.SIM_STATE_CHANGED
12-06 23:08:27.957  2932  2932 D SMSDispatcher: Received broadcast android.intent.action.SIM_STATE_CHANGED
12-06 23:08:27.958  2932  2932 D SMSDispatcher: Received broadcast android.intent.action.SIM_STATE_CHANGED
12-06 23:08:27.958  2932  2932 D SMSDispatcher: Received broadcast android.intent.action.SIM_STATE_CHANGED
12-06 23:08:27.964  2932  3051 D RILJ    : [0066]< SET_UNSOLICITED_RESPONSE_FILTER  [PHONE1]
12-06 23:08:27.965  2932  3051 D RILJ    : [0075]< SET_UNSOLICITED_RESPONSE_FILTER  [PHONE1]
12-06 23:08:27.965  2932  2932 D SST     : [0] EVENT_POLL_STATE_NETWORK_SELECTION_MODE
12-06 23:08:27.967  2932  3239 D NRM-I-1 : onRequestNetworkRegistrationInfoComplete result: 0, info: NetworkRegistrationInfo{ domain=PS transportType=WLAN registrationState=NOT_REG_OR_SEARCHING networkRegistrationState=NOT_REG_OR_SEARCHING roamingType=NOT_ROAMING accessNetworkTechnology=IWLAN rejectCause=0 emergencyEnabled=false availableServices=[] cellIdentity=null voiceSpecificInfo=null dataSpecificInfo=null nrState=**** rRplmn= isUsingCarrierAggregation=false isNonTerrestrialNetwork=TERRESTRIAL}
12-06 23:08:27.971  2932  3051 D RILJ    : Unsol response received; Sending ack to ril.cpp [PHONE1]
12-06 23:08:27.971  2932  3051 D RILJ    : [UNSL]< UNSOL_RESPONSE_NETWORK_STATE_CHANGED [PHONE1]
12-06 23:08:27.972  2932  3051 D RILJ    : [0060]< RADIO_POWER  [PHONE1]
12-06 23:08:27.972  2932  3051 D RILJ    : [0121]< OPERATOR {, , } [PHONE1]
12-06 23:08:27.972  1689  1733 D RILC    : radioStateChangedInd: radioState 10
12-06 23:08:27.973  2932  3261 D NRM-C-1 : onNetworkStateChanged
12-06 23:08:27.973  2932  3051 D RILJ    : Unsol response received; Sending ack to ril.cpp [PHONE1]
12-06 23:08:27.973  2932  3051 D RILJ    : [UNSL]< UNSOL_RESPONSE_RADIO_STATE_CHANGED radioStateChanged: 1 [PHONE1]
12-06 23:08:27.976  2932  3051 D RILJ    : Unsol response received; Sending ack to ril.cpp [PHONE1]
12-06 23:08:27.976  2932  3051 D RILJ    : [UNSL]< UNSOL_RESPONSE_NETWORK_STATE_CHANGED [PHONE1]
12-06 23:08:27.978  2932  3261 D NRM-C-1 : onNetworkStateChanged
12-06 23:08:27.982  2932  2932 D LocaleTracker-0: updateLocale: countryIso = , countryIsoDebugInfo = empty as default
12-06 23:08:27.982  2932  2932 D LocaleTracker-0: updateLocale: timeZoneCountryIso = , timeZoneCountryIsoDebugInfo = empty as default
12-06 23:08:27.982  2932  2932 D NitzStateMachineImpl: handleCountryUnavailable: mLatestNitzSignal=null
12-06 23:08:27.982  2932  2932 D NitzStateMachineImpl: doTimeZoneDetection: countryIsoCode=null, nitzSignal=null, suggestion=TelephonyTimeZoneSuggestion{mSlotIndex=0, mZoneId='null', mMatchType=0, mQuality=0, mDebugInfo=[getTimeZoneSuggestion: nitzSignal=null, countryIsoCode=null, Detection reason=handleCountryUnavailable]}, reason=handleCountryUnavailable
12-06 23:08:27.982  2932  2932 D ImsPhone: [0] handleMessage what=83
12-06 23:08:27.983  2932  2932 D Phone-0 : isImsCapabilityAvailable, capability=0, regTech=1, isAvailable=false
12-06 23:08:27.983  2932  2932 D Phone-0 : isImsCapabilityAvailable, capability=1, regTech=1, isAvailable=false
12-06 23:08:27.983  2932  2932 D Phone-0 : isImsCapabilityAvailable, capability=2, regTech=1, isAvailable=false
12-06 23:08:27.983  2932  2932 D Phone-0 : getImsRegistrationTechnology =-1
12-06 23:08:27.989  2932  2932 D PhoneSwitcher: onDdsSwitchResponse: DDS switch success on phoneId = 0
12-06 23:08:27.989  2932  2932 D PhoneSwitcher: notifyPreferredDataSubIdChanged to 1
12-06 23:08:27.989  1844  3179 D TelephonyRegistry: notifyActiveDataSubIdChanged: activeDataSubId=1
12-06 23:08:27.989  2932  2932 D SST     : [0] Could not set ServiceState channel number. CellIdentity null
12-06 23:08:27.990  2932  2932 D SST     : [0] handlePollStateResultMessage: CS cellular. NetworkRegistrationInfo{ domain=CS transportType=WWAN registrationState=NOT_REG_SEARCHING networkRegistrationState=NOT_REG_SEARCHING roamingType=NOT_ROAMING accessNetworkTechnology=UNKNOWN rejectCause=0 emergencyEnabled=false availableServices=[] cellIdentity=null voiceSpecificInfo=VoiceSpecificRegistrationInfo { mCssSupported=false mRoamingIndicator=0 mSystemIsInPrl=0 mDefaultRoamingIndicator=0} dataSpecificInfo=null nrState=**** rRplmn= isUsingCarrierAggregation=false isNonTerrestrialNetwork=TERRESTRIAL}
12-06 23:08:27.990  2932  2932 W Phone-0 : Unexpected failure to retrieve usage setting com.android.internal.telephony.CommandException: REQUEST_NOT_SUPPORTED
12-06 23:08:27.990  2932  2932 D SMSVC   : updateUserIdToAvailableSubs: {-10000=[1]}
12-06 23:08:27.995  2932  2932 D GsmCdmaPhone: [0] EVENT_SUBSCRIPTIONS_CHANGED
12-06 23:08:27.995  2932  3242 E TelephonyAnalyticsSubId: Null Pointer Exception Caught
12-06 23:08:27.995  2932  2932 I NullCipherNotifier: Ignoring setSubscriptionMapping. Notifier is disabled.
12-06 23:08:27.995  2932  2932 D GsmCdmaPhone: [1] EVENT_SUBSCRIPTIONS_CHANGED
12-06 23:08:27.995  2932  2932 I NullCipherNotifier: Ignoring setSubscriptionMapping. Notifier is disabled.
12-06 23:08:27.996  2932  2932 D DNC-0   : onAddNetworkRequest: added [NetworkRequest [ REQUEST id=12, [ Transports: SATELLITE Capabilities: INTERNET&TRUSTED&NOT_VPN&NOT_VCN_MANAGED Uid: 10613 UnderlyingNetworks: Null] ], mPriority=20, state=UNSATISFIED, mAttachedDataNetwork=null, created time=23:08:26.920, evaluation result=null]
12-06 23:08:27.996  2932  2966 D TelephonyAnalyticsSubId: SubId = 1SlotIndex = 0
12-06 23:08:27.996  2932  3184 D ImsProvisioningController: MmTelFeatureListener[0] subId is not changed
12-06 23:08:27.996  2932  3184 D ImsProvisioningController: MmTelFeatureListener[1] subId is not changed
12-06 23:08:27.996  2932  3184 D ImsProvisioningController: RcsFeatureListener[0] subId is not changed
12-06 23:08:27.996  2932  3184 D ImsProvisioningController: RcsFeatureListener[1] subId is not changed
12-06 23:08:27.997  2932  2932 D DPM-0   : Can't find any data profile that can satisfy [NetworkRequest [ REQUEST id=12, [ Transports: SATELLITE Capabilities: INTERNET&TRUSTED&NOT_VPN&NOT_VCN_MANAGED Uid: 10613 UnderlyingNetworks: Null] ], mPriority=20, state=UNSATISFIED, mAttachedDataNetwork=null, created time=23:08:26.920, evaluation result=null]
12-06 23:08:27.997  2932  3184 D ImsProvisioningController: ProvisioningCallbackManager[0] subId is not changed 
12-06 23:08:27.997  2932  3184 D ImsProvisioningController: ProvisioningCallbackManager[1] subId is not changed 
12-06 23:08:27.997  2932  2932 D DPM-0   : Unable to find a data profile for [NetworkRequest [ REQUEST id=12, [ Transports: SATELLITE Capabilities: INTERNET&TRUSTED&NOT_VPN&NOT_VCN_MANAGED Uid: 10613 UnderlyingNetworks: Null] ], mPriority=20, state=UNSATISFIED, mAttachedDataNetwork=null, created time=23:08:26.920, evaluation result=null]
12-06 23:08:27.997  2932  2932 D DNC-0   : Data evaluation: evaluation reason:NEW_REQUEST, Data disallowed reasons: DATA_NETWORK_TRANSPORT_NOT_ALLOWED SIM_NOT_READY DATA_CONFIG_NOT_READY NO_SUITABLE_DATA_PROFILE NOT_IN_SERVICE SERVICE_OPTION_NOT_SUPPORTED, candidate profile=null, time=23:08:27.997, network type=UNKNOWN, reg state=UNKNOWN, [NetworkRequest [ REQUEST id=12, [ Transports: SATELLITE Capabilities: INTERNET&TRUSTED&NOT_VPN&NOT_VCN_MANAGED Uid: 10613 UnderlyingNetworks: Null] ], mPriority=20, state=UNSATISFIED, mAttachedDataNetwork=null, created time=23:08:26.920, evaluation result=Data evaluation: evaluation reason:NEW_REQUEST, Data disallowed reasons: DATA_NETWORK_TRANSPORT_NOT_ALLOWED SIM_NOT_READY DATA_CONFIG_NOT_READY NO_SUITABLE_DATA_PROFILE NOT_IN_SERVICE SERVICE_OPTION_NOT_SUPPORTED, candidate profile=null, time=23:08:27.997]
12-06 23:08:27.997  2932  2932 D DNC-0   : onAddNetworkRequest: added [NetworkRequest [ REQUEST id=65, [ Capabilities: INTERNET&NOT_RESTRICTED&TRUSTED&NOT_VCN_MANAGED&NOT_BANDWIDTH_CONSTRAINED Uid: 1073 RequestorUid: 1073 RequestorPkg: com.android.networkstack UnderlyingNetworks: Null] ], mPriority=20, state=UNSATISFIED, mAttachedDataNetwork=null, created time=23:08:26.921, evaluation result=null]
12-06 23:08:27.998  2932  2932 D DPM-0   : Can't find any data profile that can satisfy [NetworkRequest [ REQUEST id=65, [ Capabilities: INTERNET&NOT_RESTRICTED&TRUSTED&NOT_VCN_MANAGED&NOT_BANDWIDTH_CONSTRAINED Uid: 1073 RequestorUid: 1073 RequestorPkg: com.android.networkstack UnderlyingNetworks: Null] ], mPriority=20, state=UNSATISFIED, mAttachedDataNetwork=null, created time=23:08:26.922, evaluation result=null]
12-06 23:08:27.998  2932  2932 D DPM-0   : Unable to find a data profile for [NetworkRequest [ REQUEST id=65, [ Capabilities: INTERNET&NOT_RESTRICTED&TRUSTED&NOT_VCN_MANAGED&NOT_BANDWIDTH_CONSTRAINED Uid: 1073 RequestorUid: 1073 RequestorPkg: com.android.networkstack UnderlyingNetworks: Null] ], mPriority=20, state=UNSATISFIED, mAttachedDataNetwork=null, created time=23:08:26.922, evaluation result=null]
