--------- beginning of main
11-05 15:53:52.087  1252  2979 W ServiceManagerCppClient: Waited one second for stats (is service started? Number of threads started in the threadpool: 6. Are binder threads started and available?)
11-05 15:53:52.088  1568  9354 W ServiceManagerCppClient: Waited one second for stats (is service started? Number of threads started in the threadpool: 17. Are binder threads started and available?)
11-05 15:53:52.229   668   668 I hwservicemanager: getTransport: Cannot find entry vendor.qti.hardware.servicetracker@1.0::IServicetracker/default in either framework or device VINTF manifest.
11-05 15:53:52.229   668   668 I hwservicemanager: getTransport: Cannot find entry vendor.qti.hardware.servicetracker@1.0::IServicetracker/default in either framework or device VINTF manifest.
11-05 15:53:52.279 25685 25706 I .apps.wellbeing: AssetManager2(0xb400006dab1b0198) locale list changing from [] to [es-ES]
11-05 15:53:52.285 25685 25694 W Binder  : Caught a RuntimeException from the binder stub implementation.
11-05 15:53:52.285 25685 25694 W Binder  : java.lang.UnsupportedOperationException
11-05 15:53:52.285 25685 25694 W Binder  : 	at jdd.b(PG:3)
11-05 15:53:52.285 25685 25694 W Binder  : 	at jdd.y(PG:34)
11-05 15:53:52.285 25685 25694 W Binder  : 	at dqz.onTransact(PG:21)
11-05 15:53:52.285 25685 25694 W Binder  : 	at android.os.Binder.execTransactInternal(Binder.java:1426)
11-05 15:53:52.285 25685 25694 W Binder  : 	at android.os.Binder.execTransact(Binder.java:1365)
11-05 15:53:52.289 25685 25694 W Binder  : Caught a RuntimeException from the binder stub implementation.
11-05 15:53:52.289 25685 25694 W Binder  : java.lang.UnsupportedOperationException
11-05 15:53:52.289 25685 25694 W Binder  : 	at jdd.b(PG:3)
11-05 15:53:52.289 25685 25694 W Binder  : 	at jdd.y(PG:34)
11-05 15:53:52.289 25685 25694 W Binder  : 	at dqz.onTransact(PG:21)
11-05 15:53:52.289 25685 25694 W Binder  : 	at android.os.Binder.execTransactInternal(Binder.java:1426)
11-05 15:53:52.289 25685 25694 W Binder  : 	at android.os.Binder.execTransact(Binder.java:1365)
11-05 15:53:52.298 25685 25706 I .apps.wellbeing: AssetManager2(0xb400006dab1abff8) locale list changing from [] to [es-ES]
11-05 15:53:52.301 25685 25706 I .apps.wellbeing: AssetManager2(0xb400006dab1ab9b8) locale list changing from [] to [es-ES]
11-05 15:53:52.311 25685 25706 I .apps.wellbeing: AssetManager2(0xb400006dab1aeed8) locale list changing from [] to [es-ES]
11-05 15:53:52.317 25685 25706 I .apps.wellbeing: AssetManager2(0xb400006dab1ac638) locale list changing from [] to [es-ES]
11-05 15:53:52.324 25685 25706 I .apps.wellbeing: AssetManager2(0xb400006dab1adc18) locale list changing from [] to [es-ES]
11-05 15:53:52.328 25685 25706 I .apps.wellbeing: AssetManager2(0xb400006dab1abcd8) locale list changing from [] to [es-ES]
11-05 15:53:52.329 25685 25706 I .apps.wellbeing: AssetManager2(0xb400006dab1b07d8) locale list changing from [] to [es-ES]
11-05 15:53:52.330 25685 25706 I .apps.wellbeing: AssetManager2(0xb400006dab1acc78) locale list changing from [] to [es-ES]
11-05 15:53:52.339 25685 25706 I .apps.wellbeing: AssetManager2(0xb400006dab1ad2b8) locale list changing from [] to [es-ES]
11-05 15:53:52.344 25685 25706 I .apps.wellbeing: AssetManager2(0xb400006dab1ac318) locale list changing from [] to [es-ES]
11-05 15:53:52.348 25685 25706 I .apps.wellbeing: AssetManager2(0xb400006dab1aad38) locale list changing from [] to [es-ES]
11-05 15:53:52.350 25685 25706 I .apps.wellbeing: AssetManager2(0xb400006dab1b8e38) locale list changing from [] to [es-ES]
11-05 15:53:52.388  1856  2675 W ServiceManagerCppClient: Waited one second for stats (is service started? Number of threads started in the threadpool: 32. Are binder threads started and available?)
11-05 15:53:52.599 25685 25706 I .apps.wellbeing: AssetManager2(0xb400006dab1b55f8) locale list changing from [] to [es-ES]
11-05 15:53:52.618 25685 25706 I .apps.wellbeing: AssetManager2(0xb400006dab1ba0f8) locale list changing from [] to [es-ES]
11-05 15:53:52.626 25685 25706 I .apps.wellbeing: AssetManager2(0xb400006dab1b4fb8) locale list changing from [] to [es-ES]
11-05 15:53:52.629 25685 25706 I .apps.wellbeing: AssetManager2(0xb400006dab1b4658) locale list changing from [] to [es-ES]
11-05 15:53:52.634 25685 25706 I .apps.wellbeing: AssetManager2(0xb400006dab1b6bd8) locale list changing from [] to [es-ES]
11-05 15:53:52.636 25685 25706 I .apps.wellbeing: AssetManager2(0xb400006dab1b3078) locale list changing from [] to [es-ES]
11-05 15:53:52.642 25685 25706 I .apps.wellbeing: AssetManager2(0xb400006dab1b7538) locale list changing from [] to [es-ES]
11-05 15:53:52.647 25685 25706 I .apps.wellbeing: AssetManager2(0xb400006dab1b3cf8) locale list changing from [] to [es-ES]
11-05 15:53:52.651 25685 25706 I .apps.wellbeing: AssetManager2(0xb400006dab1b9dd8) locale list changing from [] to [es-ES]
11-05 15:53:52.655 25685 25706 I .apps.wellbeing: AssetManager2(0xb400006dab1b81b8) locale list changing from [] to [es-ES]
11-05 15:53:52.675 25685 25706 I .apps.wellbeing: AssetManager2(0xb400006dab1b5c38) locale list changing from [] to [es-ES]
11-05 15:53:52.687 25685 25706 I .apps.wellbeing: AssetManager2(0xb400006dab1b68b8) locale list changing from [] to [es-ES]
11-05 15:53:52.700 25685 25706 I .apps.wellbeing: AssetManager2(0xb400006dab1b6ef8) locale list changing from [] to [es-ES]
11-05 15:53:52.705 25685 25706 I .apps.wellbeing: AssetManager2(0xb400006dab1b9478) locale list changing from [] to [es-ES]
11-05 15:53:52.719 25685 25706 I .apps.wellbeing: AssetManager2(0xb400006dab1b7858) locale list changing from [] to [es-ES]
11-05 15:53:52.727 25685 25706 I .apps.wellbeing: AssetManager2(0xb400006dab1b9798) locale list changing from [] to [es-ES]
11-05 15:53:52.730 25685 25706 I .apps.wellbeing: AssetManager2(0xb400006dab1b7e98) locale list changing from [] to [es-ES]
11-05 15:53:52.749 25685 25706 I .apps.wellbeing: AssetManager2(0xb400006dab1b2a38) locale list changing from [] to [es-ES]
11-05 15:53:52.755 25685 25706 I .apps.wellbeing: AssetManager2(0xb400006dab1b87f8) locale list changing from [] to [es-ES]
11-05 15:53:52.764 25685 25706 I .apps.wellbeing: AssetManager2(0xb400006dab1b5f58) locale list changing from [] to [es-ES]
11-05 15:53:52.768 25685 25706 I .apps.wellbeing: AssetManager2(0xb400006dab1b84d8) locale list changing from [] to [es-ES]
11-05 15:53:52.768   668   668 I hwservicemanager: getTransport: Cannot find entry vendor.qti.hardware.servicetracker@1.0::IServicetracker/default in either framework or device VINTF manifest.
11-05 15:53:52.771 25685 25706 I .apps.wellbeing: AssetManager2(0xb400006dab1b36b8) locale list changing from [] to [es-ES]
11-05 15:53:52.774 25685 25706 I .apps.wellbeing: AssetManager2(0xb400006dab1b2d58) locale list changing from [] to [es-ES]
11-05 15:53:52.784 25685 25706 I .apps.wellbeing: AssetManager2(0xb400006dab1b6278) locale list changing from [] to [es-ES]
11-05 15:53:52.792 25685 25706 I .apps.wellbeing: AssetManager2(0xb400006dab1bcfd8) locale list changing from [] to [es-ES]
11-05 15:53:52.810  4453  4479 I AndroidBackupEventsLogg: (REDACTED) Logging with sampling event %s
11-05 15:53:52.814 25685 25706 I .apps.wellbeing: AssetManager2(0xb400006dab1bfb98) locale list changing from [] to [es-ES]
11-05 15:53:52.818   668   668 I hwservicemanager: getTransport: Cannot find entry vendor.qti.hardware.servicetracker@1.0::IServicetracker/default in either framework or device VINTF manifest.
11-05 15:53:52.820   668   668 I hwservicemanager: getTransport: Cannot find entry vendor.qti.hardware.servicetracker@1.0::IServicetracker/default in either framework or device VINTF manifest.
11-05 15:53:52.821 25685 25706 I .apps.wellbeing: AssetManager2(0xb400006dab1bc358) locale list changing from [] to [es-ES]
11-05 15:53:52.826   668   668 I hwservicemanager: getTransport: Cannot find entry vendor.qti.hardware.servicetracker@1.0::IServicetracker/default in either framework or device VINTF manifest.
11-05 15:53:52.826 25685 25706 I .apps.wellbeing: AssetManager2(0xb400006dab1c0e58) locale list changing from [] to [es-ES]
11-05 15:53:52.827   668   668 I hwservicemanager: getTransport: Cannot find entry vendor.qti.hardware.servicetracker@1.0::IServicetracker/default in either framework or device VINTF manifest.
11-05 15:53:52.828  4453  4479 I Backup  : [GmsBackupTransport] Backup finished for com.google.android.deskclock
11-05 15:53:52.828  4453  4479 I AndroidBackupEventsLogg: (REDACTED) Logging with sampling event %s
--------- beginning of system
11-05 15:53:52.829  1856 25635 D BackupManagerConstants: getBackupFinishedNotificationReceivers(...) returns 
11-05 15:53:52.829 23227 23227 I Backup  : [BackupNowBackupAgentsRunner] Backup done for com.google.android.deskclock, success: 0
11-05 15:53:52.831  1856 25635 D KeyValueBackupTask: Starting key-value backup of com.google.android.youtube
11-05 15:53:52.834  1856 25635 V GrammaticalInflectionUtils: AttributionSource: android.content.AttributionSource@fd942162 does not have READ_SYSTEM_GRAMMATICAL_GENDER permission.
11-05 15:53:52.837 25685 25706 I .apps.wellbeing: AssetManager2(0xb400006dab1bf878) locale list changing from [] to [es-ES]
11-05 15:53:52.838  1856 25635 D BackupManagerService: [UserID:0] awaiting agent for com.google.android.youtube
11-05 15:53:52.844   936   936 D Zygote  : Forked child process 25723
11-05 15:53:52.844  1856  1906 I ActivityManager: Start proc 25723:com.google.android.youtube/u0a733 for backup {com.google.android.youtube/com.google.android.apps.youtube.app.application.backup.YouTubeBackupAgent}
11-05 15:53:52.844  1856  1906 I ActivityManager: ProcessObserver broadcast disabled
11-05 15:53:52.845 25723 25723 W Zygote  : Unable to open libbeluga.so: dlopen failed: library "libbeluga.so" not found.
11-05 15:53:52.849   668   668 I hwservicemanager: getTransport: Cannot find entry vendor.qti.hardware.servicetracker@1.0::IServicetracker/default in either framework or device VINTF manifest.
11-05 15:53:52.849 25685 25706 I .apps.wellbeing: AssetManager2(0xb400006dab1bfeb8) locale list changing from [] to [es-ES]
11-05 15:53:52.865 25685 25706 I .apps.wellbeing: AssetManager2(0xb400006dab1bccb8) locale list changing from [] to [es-ES]
11-05 15:53:52.871 25723 25723 I android.youtube: Using CollectorTypeCC GC.
11-05 15:53:52.872 25685 25706 I .apps.wellbeing: AssetManager2(0xb400006dab1c0b38) locale list changing from [] to [es-ES]
11-05 15:53:52.876 25685 25706 I .apps.wellbeing: AssetManager2(0xb400006dab1bdf78) locale list changing from [] to [es-ES]
11-05 15:53:52.879 25723 25723 D nativeloader: Load libframework-connectivity-tiramisu-jni.so using APEX ns com_android_tethering for caller /apex/com.android.tethering/javalib/framework-connectivity-t.jar: ok
11-05 15:53:52.881 25685 25706 I .apps.wellbeing: AssetManager2(0xb400006dab1c1178) locale list changing from [] to [es-ES]
11-05 15:53:52.888 25685 25706 I .apps.wellbeing: AssetManager2(0xb400006dab1bdc58) locale list changing from [] to [es-ES]
11-05 15:53:52.888  1856  1876 D CompatibilityInfo: mCompatibilityFlags - 0
11-05 15:53:52.888  1856  1876 D CompatibilityInfo: applicationDensity - 440
11-05 15:53:52.888  1856  1876 D CompatibilityInfo: applicationScale - 1.0
11-05 15:53:52.890 23227 24686 W AOSP-MdnsDiscoveryManag: Error while decoding multicast packet (223): 1 [CONTEXT service_id=168 ]
11-05 15:53:52.892 23227 24686 W AOSP-MdnsDiscoveryManag: Error while decoding multicast packet (224): 1 [CONTEXT service_id=168 ]
11-05 15:53:52.892 25685 25706 I .apps.wellbeing: AssetManager2(0xb400006dab1bc998) locale list changing from [] to [es-ES]
11-05 15:53:52.895 23227 24360 W LogErrorOperation: onLogError callback failed.
11-05 15:53:52.895 25685 25706 I .apps.wellbeing: AssetManager2(0xb400006dab1c01d8) locale list changing from [] to [es-ES]
11-05 15:53:52.897 23227 25627 W LogErrorOperation: onLogError callback failed.
11-05 15:53:52.900 23227 25627 W LogErrorOperation: onLogError callback failed.
11-05 15:53:52.900 25685 25706 I .apps.wellbeing: AssetManager2(0xb400006dab1bebf8) locale list changing from [] to [es-ES]
11-05 15:53:52.901 23227 25627 W LogErrorOperation: onLogError callback failed.
11-05 15:53:52.903 23227 25627 W LogErrorOperation: onLogError callback failed.
11-05 15:53:52.904 23227 25627 W LogErrorOperation: onLogError callback failed.
11-05 15:53:52.905 25685 25706 I .apps.wellbeing: AssetManager2(0xb400006dab1bc678) locale list changing from [] to [es-ES]
11-05 15:53:52.912 25685 25706 I .apps.wellbeing: AssetManager2(0xb400006dab1c2118) locale list changing from [] to [es-ES]
11-05 15:53:52.915 25685 25706 I .apps.wellbeing: AssetManager2(0xb400006dab1ba738) locale list changing from [] to [es-ES]
11-05 15:53:52.916 25723 25723 D ApplicationLoaders: Returning zygote-cached class loader: /system/framework/org.apache.http.legacy.jar
11-05 15:53:52.916 25723 25723 D ApplicationLoaders: Returning zygote-cached class loader: /system_ext/framework/androidx.window.extensions.jar
11-05 15:53:52.916 25723 25723 D ApplicationLoaders: Returning zygote-cached class loader: /system_ext/framework/androidx.window.sidecar.jar
11-05 15:53:52.936 25685 25706 I .apps.wellbeing: AssetManager2(0xb400006dab1baa58) locale list changing from [] to [es-ES]
11-05 15:53:52.939 25685 25706 I .apps.wellbeing: AssetManager2(0xb400006dab1be5b8) locale list changing from [] to [es-ES]
11-05 15:53:52.944 23227 23258 D CompatChangeReporter: Compat change id reported: 288912692; UID 10609; state: ENABLED
11-05 15:53:52.950 25685 25706 I .apps.wellbeing: AssetManager2(0xb400006dab1bbd18) locale list changing from [] to [es-ES]
11-05 15:53:52.956 25685 25706 I .apps.wellbeing: AssetManager2(0xb400006dab1c04f8) locale list changing from [] to [es-ES]
11-05 15:53:52.965 25685 25706 I .apps.wellbeing: AssetManager2(0xb400006dab1bad78) locale list changing from [] to [es-ES]
11-05 15:53:52.987 25685 25706 I .apps.wellbeing: AssetManager2(0xb400006dab1c1df8) locale list changing from [] to [es-ES]
11-05 15:53:52.992 23227 23462 I AOSP-MdnsDiscoveryManag: (REDACTED) %s
11-05 15:53:52.992 23227 23462 I AOSP-MdnsDiscoveryManag: (REDACTED) %s
11-05 15:53:52.994 25685 25706 I .apps.wellbeing: AssetManager2(0xb400006dab1bb9f8) locale list changing from [] to [es-ES]
11-05 15:53:52.995 23227 23462 I AOSP-MdnsDiscoveryManag: (REDACTED) %s
11-05 15:53:52.995 23227 23462 I AOSP-MdnsDiscoveryManag: (REDACTED) %s
11-05 15:53:52.999 25685 25706 I .apps.wellbeing: AssetManager2(0xb400006dab1bb3b8) locale list changing from [] to [es-ES]
11-05 15:53:52.999 23227 23462 I AOSP-MdnsDiscoveryManag: (REDACTED) %s
11-05 15:53:53.000 23227 23462 I AOSP-MdnsDiscoveryManag: (REDACTED) %s
11-05 15:53:53.006 25685 25706 I .apps.wellbeing: AssetManager2(0xb400006dab1c9e18) locale list changing from [] to [es-ES]
11-05 15:53:53.006 25723 25723 W android.youtube: Failed to find entry 'classes.dex': Entry not found
11-05 15:53:53.006 25723 25723 W android.youtube: Failed to find entry 'classes.dex': Entry not found
11-05 15:53:53.007 25723 25723 W android.youtube: Failed to find entry 'classes.dex': Entry not found
11-05 15:53:53.009 25723 25723 D nativeloader: Configuring clns-9 for other apk /data/app/~~-GAGlEb8oGbMdHI7A2M1qQ==/com.google.android.youtube-flds5QdZVhCU4JVT12jSSg==/base.apk:/data/app/~~-GAGlEb8oGbMdHI7A2M1qQ==/com.google.android.youtube-flds5QdZVhCU4JVT12jSSg==/split_config.arm64_v8a.apk:/data/app/~~-GAGlEb8oGbMdHI7A2M1qQ==/com.google.android.youtube-flds5QdZVhCU4JVT12jSSg==/split_config.es.apk:/data/app/~~-GAGlEb8oGbMdHI7A2M1qQ==/com.google.android.youtube-flds5QdZVhCU4JVT12jSSg==/split_config.xxhdpi.apk. target_sdk_version=36, uses_libraries=, library_path=/data/app/~~-GAGlEb8oGbMdHI7A2M1qQ==/com.google.android.youtube-flds5QdZVhCU4JVT12jSSg==/lib/arm64:/data/app/~~-GAGlEb8oGbMdHI7A2M1qQ==/com.google.android.youtube-flds5QdZVhCU4JVT12jSSg==/base.apk!/lib/arm64-v8a:/data/app/~~-GAGlEb8oGbMdHI7A2M1qQ==/com.google.android.youtube-flds5QdZVhCU4JVT12jSSg==/split_config.arm64_v8a.apk!/lib/arm64-v8a:/data/app/~~-GAGlEb8oGbMdHI7A2M1qQ==/com.google.android.youtube-flds5QdZVhCU4JVT12jSSg==/split_config.es.apk!/lib/arm64-v8a:/data/app/~~-GAGlEb8oGbMdHI7A2M1q
11-05 15:53:53.017 25685 25706 I .apps.wellbeing: AssetManager2(0xb400006dab1bf558) locale list changing from [] to [es-ES]
11-05 15:53:53.018 25723 25723 I android.youtube: AssetManager2(0xb400006dab1b04b8) locale list changing from [] to [es-ES]
11-05 15:53:53.021 25723 25723 E BoostFramework: BoostFramework() : Exception_1 = java.lang.ClassNotFoundException: com.qualcomm.qti.Performance
11-05 15:53:53.021 25723 25723 E BoostFramework: BoostFramework() Ux Perf: Exception = java.lang.ClassNotFoundException: com.qualcomm.qti.UxPerformance
11-05 15:53:53.022 25723 25723 V GraphicsEnvironment: Currently set values for:
11-05 15:53:53.022 25723 25723 V GraphicsEnvironment:   angle_gl_driver_selection_pkgs=[com.android.angle, com.linecorp.b612.android, com.campmobile.snow, com.google.android.apps.tachyon]
11-05 15:53:53.022 25723 25723 V GraphicsEnvironment:   angle_gl_driver_selection_values=[angle, native, native, native]
11-05 15:53:53.022 25723 25723 V GraphicsEnvironment: com.google.android.youtube is not listed in per-application setting
11-05 15:53:53.022 25723 25723 V GraphicsEnvironment: ANGLE allowlist from config: 
11-05 15:53:53.022 25723 25723 V GraphicsEnvironment: com.google.android.youtube is not listed in ANGLE allowlist or settings, returning default
11-05 15:53:53.022 25723 25723 V GraphicsEnvironment: Neither updatable production driver nor prerelease driver is supported.
11-05 15:53:53.023 25685 25706 I .apps.wellbeing: AssetManager2(0xb400006dab1c6f38) locale list changing from [] to [es-ES]
11-05 15:53:53.025 25685 25706 I .apps.wellbeing: AssetManager2(0xb400006dab1c8e78) locale list changing from [] to [es-ES]
11-05 15:53:53.036 25685 25706 I .apps.wellbeing: AssetManager2(0xb400006dab1c5c78) locale list changing from [] to [es-ES]
11-05 15:53:53.043 25685 25706 I .apps.wellbeing: AssetManager2(0xb400006dab1c6c18) locale list changing from [] to [es-ES]
11-05 15:53:53.046 25685 25706 I .apps.wellbeing: AssetManager2(0xb400006dab1c2a78) locale list changing from [] to [es-ES]
11-05 15:53:53.057 25685 25706 I .apps.wellbeing: AssetManager2(0xb400006dab1c3a18) locale list changing from [] to [es-ES]
11-05 15:53:53.071 25685 25706 I .apps.wellbeing: AssetManager2(0xb400006dab1c30b8) locale list changing from [] to [es-ES]
11-05 15:53:53.075 25685 25706 I .apps.wellbeing: AssetManager2(0xb400006dab1c36f8) locale list changing from [] to [es-ES]
11-05 15:53:53.088  1252  2979 W ServiceManagerCppClient: Waited one second for stats (is service started? Number of threads started in the threadpool: 6. Are binder threads started and available?)
11-05 15:53:53.089  1568  9354 W ServiceManagerCppClient: Waited one second for stats (is service started? Number of threads started in the threadpool: 17. Are binder threads started and available?)
11-05 15:53:53.094 25685 25706 I .apps.wellbeing: AssetManager2(0xb400006dab1c33d8) locale list changing from [] to [es-ES]
11-05 15:53:53.099 25685 25706 I .apps.wellbeing: AssetManager2(0xb400006dab1c94b8) locale list changing from [] to [es-ES]
11-05 15:53:53.112 25685 25706 I .apps.wellbeing: AssetManager2(0xb400006dab1c3d38) locale list changing from [] to [es-ES]
11-05 15:53:53.125 25723 25744 D ApplicationLoaders: Returning zygote-cached class loader: /system/framework/org.apache.http.legacy.jar
11-05 15:53:53.125 25723 25744 D ApplicationLoaders: Returning zygote-cached class loader: /system/framework/com.android.media.remotedisplay.jar
11-05 15:53:53.125 25723 25744 D ApplicationLoaders: Returning zygote-cached class loader: /system/framework/com.android.location.provider.jar
11-05 15:53:53.125 25723 25744 D ApplicationLoaders: Returning zygote-cached class loader: /system_ext/framework/androidx.window.extensions.jar
11-05 15:53:53.125 25723 25744 D ApplicationLoaders: Returning zygote-cached class loader: /system_ext/framework/androidx.window.sidecar.jar
11-05 15:53:53.126 25685 25706 I .apps.wellbeing: AssetManager2(0xb400006dab1c7898) locale list changing from [] to [es-ES]
11-05 15:53:53.127 25685 25706 I .apps.wellbeing: AssetManager2(0xb400006dab1c8b58) locale list changing from [] to [es-ES]
11-05 15:53:53.129  1856  2636 I system_server: AssetManager2(0xb400006dab1b55f8) locale list changing from [] to [es-ES]
11-05 15:53:53.135 25685 25706 I .apps.wellbeing: AssetManager2(0xb400006dab1c5f98) locale list changing from [] to [es-ES]
11-05 15:53:53.138   668   668 I hwservicemanager: getTransport: Cannot find entry vendor.qti.hardware.servicetracker@1.0::IServicetracker/default in either framework or device VINTF manifest.
11-05 15:53:53.138 25685 25706 I .apps.wellbeing: AssetManager2(0xb400006dab1c2d98) locale list changing from [] to [es-ES]
11-05 15:53:53.148   668   668 I hwservicemanager: getTransport: Cannot find entry vendor.qti.hardware.servicetracker@1.0::IServicetracker/default in either framework or device VINTF manifest.
11-05 15:53:53.151   668   668 I hwservicemanager: getTransport: Cannot find entry vendor.qti.hardware.servicetracker@1.0::IServicetracker/default in either framework or device VINTF manifest.
11-05 15:53:53.152 23227 23227 D BoundBrokerSvc: onRebind: Intent { act=com.google.android.gms.common.telemetry.service.START dat=chimera-action:/... xflg=0x4 cmp=com.google.android.gms/.chimera.PersistentApiService }
11-05 15:53:53.155 25685 25706 I .apps.wellbeing: AssetManager2(0xb400006dab1c7ed8) locale list changing from [] to [es-ES]
11-05 15:53:53.160 25685 25706 I .apps.wellbeing: AssetManager2(0xb400006dab1c2758) locale list changing from [] to [es-ES]
11-05 15:53:53.167 25723 25723 W YouTube : Fetching the Gservices key 'enable_backup_and_restore' before the end of the bulk initialization
11-05 15:53:53.168 25685 25706 I .apps.wellbeing: AssetManager2(0xb400006dab1c49b8) locale list changing from [] to [es-ES]
11-05 15:53:53.174 25723 25739 D nativeloader: Load /data/app/~~-GAGlEb8oGbMdHI7A2M1qQ==/com.google.android.youtube-flds5QdZVhCU4JVT12jSSg==/split_config.arm64_v8a.apk!/lib/arm64-v8a/libnative_crash_handler_jni.so using class loader ns clns-9 (caller=/data/app/~~-GAGlEb8oGbMdHI7A2M1qQ==/com.google.android.youtube-flds5QdZVhCU4JVT12jSSg==/base.apk!classes4.dex): ok
11-05 15:53:53.180 25685 25706 I .apps.wellbeing: AssetManager2(0xb400006dab1c4698) locale list changing from [] to [es-ES]
11-05 15:53:53.188 25685 25706 I .apps.wellbeing: AssetManager2(0xb400006dab1c7578) locale list changing from [] to [es-ES]
11-05 15:53:53.188   668   668 I hwservicemanager: getTransport: Cannot find entry vendor.qti.hardware.servicetracker@1.0::IServicetracker/default in either framework or device VINTF manifest.
11-05 15:53:53.189  1856  2689 D BackgroundInstallControlService: Package event received: 0
11-05 15:53:53.190   668   668 I hwservicemanager: getTransport: Cannot find entry vendor.qti.hardware.servicetracker@1.0::IServicetracker/default in either framework or device VINTF manifest.
11-05 15:53:53.191  4453  4453 D BoundBrokerSvc: onBind: Intent { act=com.google.android.mobstore.service.START xflg=0x4 pkg=com.google.android.gms }
11-05 15:53:53.191  4453  4453 D BoundBrokerSvc: Loading bound service for intent: Intent { act=com.google.android.mobstore.service.START xflg=0x4 pkg=com.google.android.gms }
11-05 15:53:53.208 25685 25706 I .apps.wellbeing: AssetManager2(0xb400006dab1c5318) locale list changing from [] to [es-ES]
11-05 15:53:53.215 25685 25706 I .apps.wellbeing: AssetManager2(0xb400006dab1c8518) locale list changing from [] to [es-ES]
11-05 15:53:53.220 25685 25706 I .apps.wellbeing: AssetManager2(0xb400006dab1c4378) locale list changing from [] to [es-ES]
11-05 15:53:53.223 25685 25706 I .apps.wellbeing: AssetManager2(0xb400006dab1c4cd8) locale list changing from [] to [es-ES]
11-05 15:53:53.226 25685 25706 I .apps.wellbeing: AssetManager2(0xb400006dab1cc078) locale list changing from [] to [es-ES]
11-05 15:53:53.239 25685 25706 I .apps.wellbeing: AssetManager2(0xb400006dab1c9198) locale list changing from [] to [es-ES]
11-05 15:53:53.248 25685 25706 I .apps.wellbeing: AssetManager2(0xb400006dab1cd978) locale list changing from [] to [es-ES]
11-05 15:53:53.263 25685 25706 I .apps.wellbeing: AssetManager2(0xb400006dab1cd018) locale list changing from [] to [es-ES]
11-05 15:53:53.272 25685 25706 I .apps.wellbeing: AssetManager2(0xb400006dab1cba38) locale list changing from [] to [es-ES]
11-05 15:53:53.278 25685 25706 I .apps.wellbeing: AssetManager2(0xb400006dab1cec38) locale list changing from [] to [es-ES]
11-05 15:53:53.289 25685 25706 I .apps.wellbeing: AssetManager2(0xb400006dab1d14d8) locale list changing from [] to [es-ES]
11-05 15:53:53.293 25685 25706 I .apps.wellbeing: AssetManager2(0xb400006dab1cf8b8) locale list changing from [] to [es-ES]
11-05 15:53:53.297 25685 25706 I .apps.wellbeing: AssetManager2(0xb400006dab1caa98) locale list changing from [] to [es-ES]
11-05 15:53:53.300 25685 25706 I .apps.wellbeing: AssetManager2(0xb400006dab1cdfb8) locale list changing from [] to [es-ES]
11-05 15:53:53.304 25685 25706 I .apps.wellbeing: AssetManager2(0xb400006dab1cb718) locale list changing from [] to [es-ES]
11-05 15:53:53.308 25685 25706 I .apps.wellbeing: AssetManager2(0xb400006dab1cb3f8) locale list changing from [] to [es-ES]
11-05 15:53:53.311 25685 25706 I .apps.wellbeing: AssetManager2(0xb400006dab1d0e98) locale list changing from [] to [es-ES]
11-05 15:53:53.314 25685 25706 I .apps.wellbeing: AssetManager2(0xb400006dab1ce2d8) locale list changing from [] to [es-ES]
11-05 15:53:53.317   668   668 I hwservicemanager: getTransport: Cannot find entry vendor.qti.hardware.servicetracker@1.0::IServicetracker/default in either framework or device VINTF manifest.
11-05 15:53:53.318 25685 25706 I .apps.wellbeing: AssetManager2(0xb400006dab1cd338) locale list changing from [] to [es-ES]
11-05 15:53:53.323 25723 25747 W android.youtube: Long monitor contention with owner yt-critical Thread #4 (25746) at avgf aexz.d()(PG:16) waiters=1 in avgf aexz.d() for 194ms
11-05 15:53:53.323 25685 25706 I .apps.wellbeing: AssetManager2(0xb400006dab1cef58) locale list changing from [] to [es-ES]
11-05 15:53:53.326 25685 25706 I .apps.wellbeing: AssetManager2(0xb400006dab1d0858) locale list changing from [] to [es-ES]
11-05 15:53:53.331   668   668 I hwservicemanager: getTransport: Cannot find entry vendor.qti.hardware.servicetracker@1.0::IServicetracker/default in either framework or device VINTF manifest.
11-05 15:53:53.332   668   668 I hwservicemanager: getTransport: Cannot find entry vendor.qti.hardware.servicetracker@1.0::IServicetracker/default in either framework or device VINTF manifest.
11-05 15:53:53.332  1856  2689 D BackgroundInstallControlService: Package event received: 0
11-05 15:53:53.350 25685 25706 I .apps.wellbeing: AssetManager2(0xb400006dab1ce5f8) locale list changing from [] to [es-ES]
11-05 15:53:53.353 25685 25706 I .apps.wellbeing: AssetManager2(0xb400006dab1cccf8) locale list changing from [] to [es-ES]
11-05 15:53:53.356 25685 25706 I .apps.wellbeing: AssetManager2(0xb400006dab1cbd58) locale list changing from [] to [es-ES]
11-05 15:53:53.360 25685 25706 I .apps.wellbeing: AssetManager2(0xb400006dab1ca778) locale list changing from [] to [es-ES]
11-05 15:53:53.363 25685 25706 I .apps.wellbeing: AssetManager2(0xb400006dab1ca138) locale list changing from [] to [es-ES]
11-05 15:53:53.366 25685 25706 I .apps.wellbeing: AssetManager2(0xb400006dab1ce918) locale list changing from [] to [es-ES]
11-05 15:53:53.373 25685 25706 I .apps.wellbeing: AssetManager2(0xb400006dab1d0218) locale list changing from [] to [es-ES]
11-05 15:53:53.374  1856  1876 D BackupManagerService: [UserID:0] agentConnected pkg=com.google.android.youtube agent=android.os.BinderProxy@787743d
11-05 15:53:53.374  1856 25635 D KeyValueBackupTask: Invoking agent on com.google.android.youtube
11-05 15:53:53.377 25685 25706 I .apps.wellbeing: AssetManager2(0xb400006dab1d1b18) locale list changing from [] to [es-ES]
11-05 15:53:53.378 25685 25706 I .apps.wellbeing: AssetManager2(0xb400006dab1cb0d8) locale list changing from [] to [es-ES]
11-05 15:53:53.381 25685 25706 I .apps.wellbeing: AssetManager2(0xb400006dab1d0b78) locale list changing from [] to [es-ES]
11-05 15:53:53.384   668   668 I hwservicemanager: getTransport: Cannot find entry vendor.qti.hardware.servicetracker@1.0::IServicetracker/default in either framework or device VINTF manifest.
11-05 15:53:53.384 25723 25731 W YouTube : Fetching the Gservices key 'enable_backup_and_restore' before the end of the bulk initialization
11-05 15:53:53.384   668   668 I hwservicemanager: getTransport: Cannot find entry vendor.qti.hardware.servicetracker@1.0::IServicetracker/default in either framework or device VINTF manifest.
11-05 15:53:53.386 25685 25706 I .apps.wellbeing: AssetManager2(0xb400006dab1d11b8) locale list changing from [] to [es-ES]
11-05 15:53:53.390  1856  2675 W ServiceManagerCppClient: Waited one second for stats (is service started? Number of threads started in the threadpool: 32. Are binder threads started and available?)
11-05 15:53:53.405 25723 25726 I android.youtube: Compiler allocated 4140KB to compile int atgk.c(java.lang.Object, byte[], int, int, int, atdg)
11-05 15:53:53.421 25685 25706 I .apps.wellbeing: AssetManager2(0xb400006dab1cadb8) locale list changing from [] to [es-ES]
11-05 15:53:53.445 25685 25706 I .apps.wellbeing: AssetManager2(0xb400006dab1d2158) locale list changing from [] to [es-ES]
11-05 15:53:53.454 25685 25706 I .apps.wellbeing: AssetManager2(0xb400006dab1d6c58) locale list changing from [] to [es-ES]
11-05 15:53:53.471 25685 25706 I .apps.wellbeing: AssetManager2(0xb400006dab1d3418) locale list changing from [] to [es-ES]
11-05 15:53:53.475 25685 25706 I .apps.wellbeing: AssetManager2(0xb400006dab1d6938) locale list changing from [] to [es-ES]
11-05 15:53:53.481 25685 25706 I .apps.wellbeing: AssetManager2(0xb400006dab1d2478) locale list changing from [] to [es-ES]
11-05 15:53:53.484 25685 25706 I .apps.wellbeing: AssetManager2(0xb400006dab1d5cb8) locale list changing from [] to [es-ES]
11-05 15:53:53.487 25685 25706 I .apps.wellbeing: AssetManager2(0xb400006dab1d8eb8) locale list changing from [] to [es-ES]
11-05 15:53:53.507 25685 25706 I .apps.wellbeing: AssetManager2(0xb400006dab1d8b98) locale list changing from [] to [es-ES]
11-05 15:53:53.517 25685 25706 I .apps.wellbeing: AssetManager2(0xb400006dab1d30f8) locale list changing from [] to [es-ES]
11-05 15:53:53.532 25685 25706 I .apps.wellbeing: AssetManager2(0xb400006dab1d43b8) locale list changing from [] to [es-ES]
11-05 15:53:53.536 25685 25706 I .apps.wellbeing: AssetManager2(0xb400006dab1d2dd8) locale list changing from [] to [es-ES]
11-05 15:53:53.540 25685 25706 I .apps.wellbeing: AssetManager2(0xb400006dab1d6f78) locale list changing from [] to [es-ES]
11-05 15:53:53.545 25685 25706 I .apps.wellbeing: AssetManager2(0xb400006dab1d5358) locale list changing from [] to [es-ES]
11-05 15:53:53.549   668   668 I hwservicemanager: getTransport: Cannot find entry vendor.qti.hardware.servicetracker@1.0::IServicetracker/default in either framework or device VINTF manifest.
11-05 15:53:53.552  4453  4453 D BoundBrokerSvc: onUnbind: Intent { act=com.google.android.gms.pay.service.BIND dat=chimera-action:/... xflg=0x4 cmp=com.google.android.gms/.chimera.GmsApiService }
11-05 15:53:53.562 25685 25706 I .apps.wellbeing: AssetManager2(0xb400006dab1d5fd8) locale list changing from [] to [es-ES]
11-05 15:53:53.567 25685 25706 I .apps.wellbeing: AssetManager2(0xb400006dab1d8238) locale list changing from [] to [es-ES]
11-05 15:53:53.570 25685 25706 I .apps.wellbeing: AssetManager2(0xb400006dab1d7bf8) locale list changing from [] to [es-ES]
11-05 15:53:53.571 25685 25706 I .apps.wellbeing: AssetManager2(0xb400006dab1d75b8) locale list changing from [] to [es-ES]
11-05 15:53:53.572 25685 25706 I .apps.wellbeing: AssetManager2(0xb400006dab1d8558) locale list changing from [] to [es-ES]
11-05 15:53:53.578 25685 25706 I .apps.wellbeing: AssetManager2(0xb400006dab1d9818) locale list changing from [] to [es-ES]
11-05 15:53:53.586 25685 25706 I .apps.wellbeing: AssetManager2(0xb400006dab1d4d18) locale list changing from [] to [es-ES]
11-05 15:53:53.588 25685 25706 I .apps.wellbeing: AssetManager2(0xb400006dab1d3738) locale list changing from [] to [es-ES]
11-05 15:53:53.592 25685 25706 I .apps.wellbeing: AssetManager2(0xb400006dab1d6618) locale list changing from [] to [es-ES]
11-05 15:53:53.593 25685 25706 I .apps.wellbeing: AssetManager2(0xb400006dab1d5678) locale list changing from [] to [es-ES]
11-05 15:53:53.596 25685 25706 I .apps.wellbeing: AssetManager2(0xb400006dab1d7f18) locale list changing from [] to [es-ES]
11-05 15:53:53.606 25685 25706 I .apps.wellbeing: AssetManager2(0xb400006dab1e0ed8) locale list changing from [] to [es-ES]
11-05 15:53:53.611 25685 25706 I .apps.wellbeing: AssetManager2(0xb400006dab1e0898) locale list changing from [] to [es-ES]
11-05 15:53:53.634 25685 25706 I .apps.wellbeing: AssetManager2(0xb400006dab1e11f8) locale list changing from [] to [es-ES]
11-05 15:53:53.641 25685 25706 I .apps.wellbeing: AssetManager2(0xb400006dab1dc0b8) locale list changing from [] to [es-ES]
11-05 15:53:53.645 25685 25706 I .apps.wellbeing: AssetManager2(0xb400006dab1da498) locale list changing from [] to [es-ES]
11-05 15:53:53.653 25685 25706 I .apps.wellbeing: AssetManager2(0xb400006dab1dcd38) locale list changing from [] to [es-ES]
11-05 15:53:53.656 25685 25706 I .apps.wellbeing: AssetManager2(0xb400006dab1dc6f8) locale list changing from [] to [es-ES]
11-05 15:53:53.665 25685 25706 I .apps.wellbeing: AssetManager2(0xb400006dab1dd9b8) locale list changing from [] to [es-ES]
11-05 15:53:53.685 25685 25706 I .apps.wellbeing: AssetManager2(0xb400006dab1dff38) locale list changing from [] to [es-ES]
11-05 15:53:53.692 25685 25706 I .apps.wellbeing: AssetManager2(0xb400006dab1dfc18) locale list changing from [] to [es-ES]
11-05 15:53:53.707 25685 25706 I .apps.wellbeing: AssetManager2(0xb400006dab1dd058) locale list changing from [] to [es-ES]
11-05 15:53:53.710 25685 25706 I .apps.wellbeing: AssetManager2(0xb400006dab1db118) locale list changing from [] to [es-ES]
11-05 15:53:53.713 25685 25706 I .apps.wellbeing: AssetManager2(0xb400006dab1df2b8) locale list changing from [] to [es-ES]
11-05 15:53:53.716 25685 25706 I .apps.wellbeing: AssetManager2(0xb400006dab1de318) locale list changing from [] to [es-ES]
11-05 15:53:53.722 25685 25706 I .apps.wellbeing: AssetManager2(0xb400006dab1de958) locale list changing from [] to [es-ES]
11-05 15:53:53.733 25685 25706 I .apps.wellbeing: AssetManager2(0xb400006dab1dbd98) locale list changing from [] to [es-ES]
11-05 15:53:53.745 25685 25706 I .apps.wellbeing: AssetManager2(0xb400006dab1db438) locale list changing from [] to [es-ES]
11-05 15:53:53.751 25685 25706 I .apps.wellbeing: AssetManager2(0xb400006dab1de638) locale list changing from [] to [es-ES]
11-05 15:53:53.761 25685 25706 I .apps.wellbeing: AssetManager2(0xb400006dab1e0578) locale list changing from [] to [es-ES]
11-05 15:53:53.768 25685 25706 I .apps.wellbeing: AssetManager2(0xb400006dab1da7b8) locale list changing from [] to [es-ES]
11-05 15:53:53.771 25685 25706 I .apps.wellbeing: AssetManager2(0xb400006dab1daad8) locale list changing from [] to [es-ES]
11-05 15:53:53.774 25685 25706 I .apps.wellbeing: AssetManager2(0xb400006dab1dba78) locale list changing from [] to [es-ES]
11-05 15:53:53.779 25685 25706 I .apps.wellbeing: AssetManager2(0xb400006dab1df8f8) locale list changing from [] to [es-ES]
11-05 15:53:53.783 25685 25706 I .apps.wellbeing: AssetManager2(0xb400006dab1e75f8) locale list changing from [] to [es-ES]
11-05 15:53:53.790 25685 25706 I .apps.wellbeing: AssetManager2(0xb400006dab1e5cf8) locale list changing from [] to [es-ES]
11-05 15:53:53.795 25685 25706 I .apps.wellbeing: AssetManager2(0xb400006dab1e88b8) locale list changing from [] to [es-ES]
11-05 15:53:53.800 25685 25706 I .apps.wellbeing: AssetManager2(0xb400006dab1e3138) locale list changing from [] to [es-ES]
11-05 15:53:53.805 25685 25706 I .apps.wellbeing: AssetManager2(0xb400006dab1e6c98) locale list changing from [] to [es-ES]
11-05 15:53:53.821 25685 25706 I .apps.wellbeing: AssetManager2(0xb400006dab1e7f58) locale list changing from [] to [es-ES]
11-05 15:53:53.824 25685 25706 I .apps.wellbeing: AssetManager2(0xb400006dab1e4d58) locale list changing from [] to [es-ES]
11-05 15:53:53.829 25685 25706 I .apps.wellbeing: AssetManager2(0xb400006dab1e40d8) locale list changing from [] to [es-ES]
11-05 15:53:53.835 25685 25706 I .apps.wellbeing: AssetManager2(0xb400006dab1e1518) locale list changing from [] to [es-ES]
11-05 15:53:53.846 25685 25706 I .apps.wellbeing: AssetManager2(0xb400006dab1e6978) locale list changing from [] to [es-ES]
11-05 15:53:53.864 25685 25706 I .apps.wellbeing: AssetManager2(0xb400006dab1e7c38) locale list changing from [] to [es-ES]
11-05 15:53:53.868 25685 25706 I .apps.wellbeing: AssetManager2(0xb400006dab1e4718) locale list changing from [] to [es-ES]
11-05 15:53:53.871 25685 25706 I .apps.wellbeing: AssetManager2(0xb400006dab1e6338) locale list changing from [] to [es-ES]
11-05 15:53:53.876 25685 25706 I .apps.wellbeing: AssetManager2(0xb400006dab1e2198) locale list changing from [] to [es-ES]
11-05 15:53:53.879 25685 25706 I .apps.wellbeing: AssetManager2(0xb400006dab1e1b58) locale list changing from [] to [es-ES]
11-05 15:53:53.892 25685 25706 I .apps.wellbeing: AssetManager2(0xb400006dab1e27d8) locale list changing from [] to [es-ES]
11-05 15:53:53.898 25685 25706 I .apps.wellbeing: AssetManager2(0xb400006dab1e9218) locale list changing from [] to [es-ES]
11-05 15:53:53.925 25685 25706 I .apps.wellbeing: AssetManager2(0xb400006dab1e8ef8) locale list changing from [] to [es-ES]
11-05 15:53:53.938 25685 25706 I .apps.wellbeing: AssetManager2(0xb400006dab1e8bd8) locale list changing from [] to [es-ES]
11-05 15:53:53.948 25685 25706 I .apps.wellbeing: AssetManager2(0xb400006dab1e72d8) locale list changing from [] to [es-ES]
11-05 15:53:53.966 25685 25706 I .apps.wellbeing: AssetManager2(0xb400006dab1e3778) locale list changing from [] to [es-ES]
11-05 15:53:53.974 25685 25706 I .apps.wellbeing: AssetManager2(0xb400006dab1e2af8) locale list changing from [] to [es-ES]
11-05 15:53:53.977 25685 25706 I .apps.wellbeing: AssetManager2(0xb400006dab1e3db8) locale list changing from [] to [es-ES]
11-05 15:53:53.987  3020  3020 D QtiCarrierConfigHelper: WARNING, no carrier configs on phone Id: 1
11-05 15:53:53.988  1856  1856 D LoadedApk: Receiver not registered: com.android.server.UiModeManagerService$8@82a9053
11-05 15:53:53.997 25685 25706 I .apps.wellbeing: AssetManager2(0xb400006dab1e6658) locale list changing from [] to [es-ES]
11-05 15:53:54.002  1856  2689 D BackgroundInstallControlService: Package event received: 0
11-05 15:53:54.015 25685 25706 I .apps.wellbeing: AssetManager2(0xb400006dab1e7918) locale list changing from [] to [es-ES]
11-05 15:53:54.039 25685 25706 I .apps.wellbeing: AssetManager2(0xb400006dab1e2e18) locale list changing from [] to [es-ES]
11-05 15:53:54.046 25685 25706 I .apps.wellbeing: AssetManager2(0xb400006dab1e5078) locale list changing from [] to [es-ES]
11-05 15:53:54.049 25685 25706 I .apps.wellbeing: AssetManager2(0xb400006dab1eff78) locale list changing from [] to [es-ES]
11-05 15:53:54.052 25685 25706 I .apps.wellbeing: AssetManager2(0xb400006dab1f0bf8) locale list changing from [] to [es-ES]
11-05 15:53:54.061 25685 25706 I .apps.wellbeing: AssetManager2(0xb400006dab1e3a98) locale list changing from [] to [es-ES]
11-05 15:53:54.070 25685 25706 I .apps.wellbeing: AssetManager2(0xb400006dab1e9e98) locale list changing from [] to [es-ES]
11-05 15:53:54.083 25685 25706 I .apps.wellbeing: AssetManager2(0xb400006dab1ecd78) locale list changing from [] to [es-ES]
11-05 15:53:54.088  1252  2979 W ServiceManagerCppClient: Waited one second for stats (is service started? Number of threads started in the threadpool: 6. Are binder threads started and available?)
11-05 15:53:54.089  1568  9354 W ServiceManagerCppClient: Waited one second for stats (is service started? Number of threads started in the threadpool: 17. Are binder threads started and available?)
11-05 15:53:54.097 25685 25706 I .apps.wellbeing: AssetManager2(0xb400006dab1f05b8) locale list changing from [] to [es-ES]
11-05 15:53:54.119 25685 25706 I .apps.wellbeing: AssetManager2(0xb400006dab1f0298) locale list changing from [] to [es-ES]
11-05 15:53:54.127 25685 25706 I .apps.wellbeing: AssetManager2(0xb400006dab1ed098) locale list changing from [] to [es-ES]
11-05 15:53:54.130 25685 25706 I .apps.wellbeing: AssetManager2(0xb400006dab1eca58) locale list changing from [] to [es-ES]
11-05 15:53:54.140 25685 25706 I .apps.wellbeing: AssetManager2(0xb400006dab1ebab8) locale list changing from [] to [es-ES]
11-05 15:53:54.145 25685 25706 I .apps.wellbeing: AssetManager2(0xb400006dab1f08d8) locale list changing from [] to [es-ES]
11-05 15:53:54.155 25685 25706 I .apps.wellbeing: AssetManager2(0xb400006dab1e9858) locale list changing from [] to [es-ES]
11-05 15:53:54.160 25685 25706 I .apps.wellbeing: AssetManager2(0xb400006dab1eecb8) locale list changing from [] to [es-ES]
11-05 15:53:54.163 25685 25706 I .apps.wellbeing: AssetManager2(0xb400006dab1eefd8) locale list changing from [] to [es-ES]
11-05 15:53:54.166 25685 25706 I .apps.wellbeing: AssetManager2(0xb400006dab1ec738) locale list changing from [] to [es-ES]
11-05 15:53:54.170 25685 25706 I .apps.wellbeing: AssetManager2(0xb400006dab1ec0f8) locale list changing from [] to [es-ES]
11-05 15:53:54.173 25685 25706 I .apps.wellbeing: AssetManager2(0xb400006dab1eb478) locale list changing from [] to [es-ES]
11-05 15:53:54.183 25685 25706 I .apps.wellbeing: AssetManager2(0xb400006dab1ed9f8) locale list changing from [] to [es-ES]
11-05 15:53:54.190 25685 25706 I .apps.wellbeing: AssetManager2(0xb400006dab1ee998) locale list changing from [] to [es-ES]
11-05 15:53:54.200 25685 25706 I .apps.wellbeing: AssetManager2(0xb400006dab1ed6d8) locale list changing from [] to [es-ES]
11-05 15:53:54.203 25685 25706 I .apps.wellbeing: AssetManager2(0xb400006dab1edd18) locale list changing from [] to [es-ES]
11-05 15:53:54.209 25685 25706 I .apps.wellbeing: AssetManager2(0xb400006dab1ed3b8) locale list changing from [] to [es-ES]
11-05 15:53:54.218 25685 25706 I .apps.wellbeing: AssetManager2(0xb400006dab1eb158) locale list changing from [] to [es-ES]
11-05 15:53:54.226 25685 25706 I .apps.wellbeing: AssetManager2(0xb400006dab1f85d8) locale list changing from [] to [es-ES]
11-05 15:53:54.234 25685 25706 I .apps.wellbeing: AssetManager2(0xb400006dab1f4d98) locale list changing from [] to [es-ES]
11-05 15:53:54.246 25723 25743 D nativeloader: Load /data/app/~~-GAGlEb8oGbMdHI7A2M1qQ==/com.google.android.youtube-flds5QdZVhCU4JVT12jSSg==/split_config.arm64_v8a.apk!/lib/arm64-v8a/libelements.so using class loader ns clns-9 (caller=/data/app/~~-GAGlEb8oGbMdHI7A2M1qQ==/com.google.android.youtube-flds5QdZVhCU4JVT12jSSg==/base.apk!classes2.dex): ok
11-05 15:53:54.251 25685 25706 I .apps.wellbeing: AssetManager2(0xb400006dab1f3ad8) locale list changing from [] to [es-ES]
11-05 15:53:54.251  1856  9166 D ConnectivityService: requestNetwork for uid/pid:10733/25723 activeRequest: null callbackRequest: 709 [NetworkRequest [ REQUEST id=710, [ Capabilities: INTERNET&NOT_RESTRICTED&TRUSTED&NOT_VCN_MANAGED&NOT_BANDWIDTH_CONSTRAINED Uid: 10733 RequestorUid: 10733 RequestorPkg: com.google.android.youtube UnderlyingNetworks: Null] ]] callback flags: 0 order: 2147483647 isUidTracked: false declaredMethods: AVAIL|NC|BLK
11-05 15:53:54.253 25723 25747 W android.youtube: Long monitor contention with owner yt-critical Thread #3 (25745) at java.lang.Object bixn.d()(PG:42) waiters=0 in java.lang.Object bixn.d() for 883ms
11-05 15:53:54.253 25723 25754 W android.youtube: Long monitor contention with owner yt-critical Thread #3 (25745) at java.lang.Object bixn.d()(PG:42) waiters=0 in java.lang.Object bixn.d() for 930ms
11-05 15:53:54.255  1856  2637 D WifiNetworkFactory: got request NetworkRequest [ REQUEST id=710, [ Capabilities: INTERNET&NOT_RESTRICTED&TRUSTED&NOT_VCN_MANAGED&NOT_BANDWIDTH_CONSTRAINED Uid: 10733 RequestorUid: 10733 RequestorPkg: com.google.android.youtube UnderlyingNetworks: Null] ]
11-05 15:53:54.256 25723 25761 W android.youtube: Long monitor contention with owner yt-critical Thread #3 (25745) at java.lang.Object bixn.d()(PG:42) waiters=1 in java.lang.Object bixn.d() for 860ms
11-05 15:53:54.256  1856  2637 D UntrustedWifiNetworkFactory: got request NetworkRequest [ REQUEST id=710, [ Capabilities: INTERNET&NOT_RESTRICTED&TRUSTED&NOT_VCN_MANAGED&NOT_BANDWIDTH_CONSTRAINED Uid: 10733 RequestorUid: 10733 RequestorPkg: com.google.android.youtube UnderlyingNetworks: Null] ]
11-05 15:53:54.256  1856  2637 D OemPaidWifiNetworkFactory: got request NetworkRequest [ REQUEST id=710, [ Capabilities: INTERNET&NOT_RESTRICTED&TRUSTED&NOT_VCN_MANAGED&NOT_BANDWIDTH_CONSTRAINED Uid: 10733 RequestorUid: 10733 RequestorPkg: com.google.android.youtube UnderlyingNetworks: Null] ]
11-05 15:53:54.256 25685 25706 I .apps.wellbeing: AssetManager2(0xb400006dab1f24f8) locale list changing from [] to [es-ES]
11-05 15:53:54.257  1856  2637 D MultiInternetWifiNetworkFactory: got request NetworkRequest [ REQUEST id=710, [ Capabilities: INTERNET&NOT_RESTRICTED&TRUSTED&NOT_VCN_MANAGED&NOT_BANDWIDTH_CONSTRAINED Uid: 10733 RequestorUid: 10733 RequestorPkg: com.google.android.youtube UnderlyingNetworks: Null] ]
11-05 15:53:54.257  1856  2644 D ConnectivityService: NetReassign [710 : null → 101] [c 0] [a 1] [i 3]
11-05 15:53:54.257 25723 25731 D BackupHelperDispatcher: handling existing helper 'DATABASES' android.app.backup.FileBackupHelper@3be22c2
11-05 15:53:54.258 25723 25731 D BackupHelperDispatcher: handling existing helper 'persistent_backup_agent_helper_prefs' android.app.backup.SharedPreferencesBackupHelper@dc16f2f
11-05 15:53:54.261 25685 25706 I .apps.wellbeing: AssetManager2(0xb400006dab1f6058) locale list changing from [] to [es-ES]
11-05 15:53:54.271  1126  1126 E WifiHAL : wifi_get_cached_scan_results: Wifi Cached Scan Result not supported by driver
11-05 15:53:54.271  1856  2637 E WifiStaIfaceAidlImpl: getCachedScanData failed with service-specific exception: android.os.ServiceSpecificException:  (code 4)
11-05 15:53:54.274 25723 25758 W android.youtube: Long monitor contention with owner yt-critical Thread #1 (25743) at void android.os.ConditionVariable.open()(ConditionVariable.java:71) waiters=0 in void android.os.ConditionVariable.block() for 932ms
11-05 15:53:54.278 25685 25706 I .apps.wellbeing: AssetManager2(0xb400006dab1f7638) locale list changing from [] to [es-ES]
11-05 15:53:54.320 25685 25706 I .apps.wellbeing: AssetManager2(0xb400006dab1f5a18) locale list changing from [] to [es-ES]
11-05 15:53:54.327  1856  3367 D ConnectivityService: requestNetwork for uid/pid:10733/25723 activeRequest: null callbackRequest: 711 [NetworkRequest [ REQUEST id=712, [ Capabilities: INTERNET&NOT_RESTRICTED&TRUSTED&NOT_VCN_MANAGED&NOT_BANDWIDTH_CONSTRAINED Uid: 10733 RequestorUid: 10733 RequestorPkg: com.google.android.youtube UnderlyingNetworks: Null] ]] callback flags: 0 order: 2147483647 isUidTracked: false declaredMethods: AVAIL|LOST|NC|LP
11-05 15:53:54.329 25723 25731 D BackupHelperDispatcher: handling existing helper 'protodatastore' android.app.backup.FileBackupHelper@404fa96
11-05 15:53:54.330  1856  2637 D WifiNetworkFactory: got request NetworkRequest [ REQUEST id=712, [ Capabilities: INTERNET&NOT_RESTRICTED&TRUSTED&NOT_VCN_MANAGED&NOT_BANDWIDTH_CONSTRAINED Uid: 10733 RequestorUid: 10733 RequestorPkg: com.google.android.youtube UnderlyingNetworks: Null] ]
11-05 15:53:54.331  1856  2637 D UntrustedWifiNetworkFactory: got request NetworkRequest [ REQUEST id=712, [ Capabilities: INTERNET&NOT_RESTRICTED&TRUSTED&NOT_VCN_MANAGED&NOT_BANDWIDTH_CONSTRAINED Uid: 10733 RequestorUid: 10733 RequestorPkg: com.google.android.youtube UnderlyingNetworks: Null] ]
11-05 15:53:54.331  1856  2637 D OemPaidWifiNetworkFactory: got request NetworkRequest [ REQUEST id=712, [ Capabilities: INTERNET&NOT_RESTRICTED&TRUSTED&NOT_VCN_MANAGED&NOT_BANDWIDTH_CONSTRAINED Uid: 10733 RequestorUid: 10733 RequestorPkg: com.google.android.youtube UnderlyingNetworks: Null] ]
11-05 15:53:54.331  1856  2637 D MultiInternetWifiNetworkFactory: got request NetworkRequest [ REQUEST id=712, [ Capabilities: INTERNET&NOT_RESTRICTED&TRUSTED&NOT_VCN_MANAGED&NOT_BANDWIDTH_CONSTRAINED Uid: 10733 RequestorUid: 10733 RequestorPkg: com.google.android.youtube UnderlyingNetworks: Null] ]
11-05 15:53:54.332  1856  2644 D ConnectivityService: NetReassign [712 : null → 101] [c 0] [a 1] [i 3]
11-05 15:53:54.335  1856  3367 D CompatChangeReporter: Compat change id reported: 349487600; UID 10733; state: ENABLED
11-05 15:53:54.336 25685 25706 I .apps.wellbeing: AssetManager2(0xb400006dab1f82b8) locale list changing from [] to [es-ES]
11-05 15:53:54.338  1856  2644 D ConnectivityService: NetReassign [no changes] [c 1] [a 0] [i 1]
11-05 15:53:54.339 25685 25706 I .apps.wellbeing: AssetManager2(0xb400006dab1f6ff8) locale list changing from [] to [es-ES]
11-05 15:53:54.345 25685 25706 I .apps.wellbeing: AssetManager2(0xb400006dab1f88f8) locale list changing from [] to [es-ES]
11-05 15:53:54.350 25685 25706 I .apps.wellbeing: AssetManager2(0xb400006dab1f69b8) locale list changing from [] to [es-ES]
11-05 15:53:54.355 25685 25706 I .apps.wellbeing: AssetManager2(0xb400006dab1f1b98) locale list changing from [] to [es-ES]
11-05 15:53:54.355 25723 25744 I android.youtube: Failed to add image file: Dex cache count and dex file count mismatch while trying to initialize from image
