12-06 20:16:49.295  2918  3201 D NRM-I-1 : onRequestNetworkRegistrationInfoComplete result: 0, info: NetworkRegistrationInfo{ domain=PS transportType=WLAN registrationState=NOT_REG_OR_SEARCHING networkRegistrationState=NOT_REG_OR_SEARCHING roamingType=NOT_ROAMING accessNetworkTechnology=IWLAN rejectCause=0 emergencyEnabled=false availableServices=[] cellIdentity=null voiceSpecificInfo=null dataSpecificInfo=null nrState=**** rRplmn= isUsingCarrierAggregation=false isNonTerrestrialNetwork=TERRESTRIAL}
12-06 20:16:49.295  2918  3059 D RILJ    : [0125]< OPERATOR {, , } [PHONE1]
12-06 20:16:49.297  2918  3262 D RILJ    : [0127]> DATA_REGISTRATION_STATE [PHONE1]
12-06 20:16:49.297  2918  3262 D RILJ    : getDataRegistrationState: overrideHalVersion=null [PHONE1]
12-06 20:16:49.297  1701  1933 D RILC    : RadioImpl_1_5::getDataRegistrationState_1_5: serial 127
12-06 20:16:49.297  2918  3059 D RILJ    : [0126]< QUERY_NETWORK_SELECTION_MODE {0} [PHONE1]
12-06 20:16:49.297  2918  2918 D GsmCdmaPhone: [0] EVENT EVENT_RADIO_STATE_CHANGED
12-06 20:16:49.297  2918  2918 D GsmCdmaPhone: handleRadioPowerStateChange, state= 1
12-06 20:16:49.298  2918  3262 D RILJ    : [0128]> VOICE_REGISTRATION_STATE [PHONE1]
12-06 20:16:49.298  2918  3262 D RILJ    : getVoiceRegistrationState: overrideHalVersion=null [PHONE1]
12-06 20:16:49.299  1701  1933 D RILC    : RadioImpl_1_5::getVoiceRegistrationState_1_5: serial 128
12-06 20:16:49.300  2918  2918 D SST     : [0] setPowerStateToDesired: mDeviceShuttingDown=false, mDesiredPowerState=true, getRadioState=1, mRadioPowerOffReasons=[], IMS reg state=false, pending radio off=false
12-06 20:16:49.300  2918  2918 D SST     : [0] pollState: modemTriggered=true, radioState=1
12-06 20:16:49.301  2918  3059 D RILJ    : [0127]< DATA_REGISTRATION_STATE {.regState = NOT_REG_MT_SEARCHING_OP, .rat = UNKNOWN, .reasonForDenial = NONE, .cellIdentity = {.noinit = {}}, .registeredPlmn = , .accessTechnologySpecificInfo = {.noinit = {}}} [PHONE1]
12-06 20:16:49.301  2918  3262 D CellularNetworkService: No access tech specific info passes for RegStateResult
12-06 20:16:49.301  2918  3262 D NRM-C-1 : onRequestNetworkRegistrationInfoComplete result: 0, info: NetworkRegistrationInfo{ domain=PS transportType=WWAN registrationState=NOT_REG_SEARCHING networkRegistrationState=NOT_REG_SEARCHING roamingType=NOT_ROAMING accessNetworkTechnology=UNKNOWN rejectCause=0 emergencyEnabled=false availableServices=[] cellIdentity=null voiceSpecificInfo=null dataSpecificInfo=android.telephony.DataSpecificRegistrationInfo :{ maxDataCalls = 16 isDcNrRestricted = false isNrAvailable = false isEnDcAvailable = false mLteAttachResultType = 0 mLteAttachExtraInfo = 0 LteVopsSupportInfo :  mVopsSupport = 1 mEmcBearerSupport = 1 } nrState=**** rRplmn= isUsingCarrierAggregation=false isNonTerrestrialNetwork=TERRESTRIAL}
12-06 20:16:49.302  2918  2918 D RILJ    : [0129]> OPERATOR [PHONE0]
12-06 20:16:49.303  2918  2918 D RILJ    : [0130]> QUERY_NETWORK_SELECTION_MODE [PHONE0]
12-06 20:16:49.304  2918  3262 D RILJ    : [0131]> DATA_REGISTRATION_STATE [PHONE0]
12-06 20:16:49.304  2918  3262 D RILJ    : getDataRegistrationState: overrideHalVersion=null [PHONE0]
12-06 20:16:49.304  1659  1659 D RILC    : RadioImpl_1_5::getDataRegistrationState_1_5: serial 131
12-06 20:16:49.305  2918  3059 D RILJ    : [0129]< OPERATOR {, , } [PHONE0]
12-06 20:16:49.305  2918  3201 D NRM-I-0 : onRequestNetworkRegistrationInfoComplete result: 0, info: NetworkRegistrationInfo{ domain=PS transportType=WLAN registrationState=NOT_REG_OR_SEARCHING networkRegistrationState=NOT_REG_OR_SEARCHING roamingType=NOT_ROAMING accessNetworkTechnology=IWLAN rejectCause=0 emergencyEnabled=false availableServices=[] cellIdentity=null voiceSpecificInfo=null dataSpecificInfo=null nrState=**** rRplmn= isUsingCarrierAggregation=false isNonTerrestrialNetwork=TERRESTRIAL}
12-06 20:16:49.306  2918  3059 D RILJ    : [0130]< QUERY_NETWORK_SELECTION_MODE {0} [PHONE0]
12-06 20:16:49.306  2918  3059 D RILJ    : [0131]< DATA_REGISTRATION_STATE {.regState = NOT_REG_MT_SEARCHING_OP, .rat = UNKNOWN, .reasonForDenial = NONE, .cellIdentity = {.noinit = {}}, .registeredPlmn = , .accessTechnologySpecificInfo = {.noinit = {}}} [PHONE0]
12-06 20:16:49.307  2918  3262 D RILJ    : [0133]> VOICE_REGISTRATION_STATE [PHONE0]
12-06 20:16:49.307  2918  3262 D RILJ    : getVoiceRegistrationState: overrideHalVersion=null [PHONE0]
12-06 20:16:49.307  1659  1775 D RILC    : RadioImpl_1_5::getVoiceRegistrationState_1_5: serial 133
12-06 20:16:49.307  2918  3262 D CellularNetworkService: No access tech specific info passes for RegStateResult
12-06 20:16:49.307  2918  3262 D NRM-C-0 : onRequestNetworkRegistrationInfoComplete result: 0, info: NetworkRegistrationInfo{ domain=PS transportType=WWAN registrationState=NOT_REG_SEARCHING networkRegistrationState=NOT_REG_SEARCHING roamingType=NOT_ROAMING accessNetworkTechnology=UNKNOWN rejectCause=0 emergencyEnabled=false availableServices=[] cellIdentity=null voiceSpecificInfo=null dataSpecificInfo=android.telephony.DataSpecificRegistrationInfo :{ maxDataCalls = 16 isDcNrRestricted = false isNrAvailable = false isEnDcAvailable = false mLteAttachResultType = 0 mLteAttachExtraInfo = 0 LteVopsSupportInfo :  mVopsSupport = 1 mEmcBearerSupport = 1 } nrState=**** rRplmn= isUsingCarrierAggregation=false isNonTerrestrialNetwork=TERRESTRIAL}
12-06 20:16:49.307  2918  2918 D RILJ    : [0132]> GET_CURRENT_CALLS [PHONE0]
12-06 20:16:49.309  2918  2918 D RILJ    : [0134]> IMS_REGISTRATION_STATE [PHONE0]
12-06 20:16:49.309  2918  2918 D GsmCdmaPhone: [0] Event EVENT_RADIO_ON Received
12-06 20:16:49.310  2918  2918 D RILJ    : [0135]> VOICE_RADIO_TECH [PHONE0]
12-06 20:16:49.310  2918  2918 D SSCtr   : onDeviceIdleStateChanged isDeviceIdle=false
12-06 20:16:49.310  2918  3059 D RILJ    : [0132]< GET_CURRENT_CALLS {} [PHONE0]
12-06 20:16:49.312  2918  2918 D RILJ    : [0136]> SET_UNSOLICITED_RESPONSE_FILTER 127 [PHONE0]
12-06 20:16:49.312  2918  2918 D RILJ    : [0137]> GET_BARRING_INFO [PHONE0]
12-06 20:16:49.313  2918  2918 D DRM-0   : Remove all retry and throttling entries, reason=RADIO_ON
12-06 20:16:49.313  2918  3059 D RILJ    : [0137]< GET_BARRING_INFO error 6 [PHONE0]
12-06 20:16:49.313  2918  2918 D PhoneSwitcher: evaluating due to EVENT_RADIO_ON
12-06 20:16:49.313  2918  3059 D RilRequest: [0137]< GET_BARRING_INFO error: com.android.internal.telephony.CommandException: REQUEST_NOT_SUPPORTED ret=BarringInfo {mCellIdentity=null, mBarringServiceInfos={}} result=null
12-06 20:16:49.313  2918  2918 D PhoneSwitcher: sendRilCommands: setPreferredDataModem - phoneId: 0
12-06 20:16:49.313  2918  2918 D RadioConfig: [0138]> SET_PREFERRED_DATA_MODEM 0
12-06 20:16:49.313  2918  2918 D SST     : [0] pollState: modemTriggered=true, radioState=1
12-06 20:16:49.314  2918  3059 D RadioConfigResponse: [0138]< SET_PREFERRED_DATA_MODEM
12-06 20:16:49.314  2918  2918 D RILJ    : [0139]> OPERATOR [PHONE0]
12-06 20:16:49.314  2918  3262 D RILJ    : [0140]> DATA_REGISTRATION_STATE [PHONE0]
12-06 20:16:49.314  2918  3262 D RILJ    : getDataRegistrationState: overrideHalVersion=null [PHONE0]
12-06 20:16:49.314  1659  1659 D RILC    : RadioImpl_1_5::getDataRegistrationState_1_5: serial 140
12-06 20:16:49.315  2918  2918 D RILJ    : [0141]> QUERY_NETWORK_SELECTION_MODE [PHONE0]
12-06 20:16:49.315  2918  2918 D EmergencyNumberTracker: [1]updateRadioEmergencyNumberListAndNotify(): receiving [[EmergencyNumber: 112, countryIso=, mnc=, src=sim , routing=unknown, categories=, urns=], [EmergencyNumber: 911, countryIso=, mnc=, src=sim , routing=unknown, categories=, urns=]]
12-06 20:16:49.315  2918  3262 D RILJ    : [0142]> VOICE_REGISTRATION_STATE [PHONE0]
12-06 20:16:49.315  2918  3262 D RILJ    : getVoiceRegistrationState: overrideHalVersion=null [PHONE0]
12-06 20:16:49.315  1659  1659 D RILC    : RadioImpl_1_5::getVoiceRegistrationState_1_5: serial 142
12-06 20:16:49.317  2918  3201 D NRM-I-0 : onRequestNetworkRegistrationInfoComplete result: 0, info: NetworkRegistrationInfo{ domain=PS transportType=WLAN registrationState=NOT_REG_OR_SEARCHING networkRegistrationState=NOT_REG_OR_SEARCHING roamingType=NOT_ROAMING accessNetworkTechnology=IWLAN rejectCause=0 emergencyEnabled=false availableServices=[] cellIdentity=null voiceSpecificInfo=null dataSpecificInfo=null nrState=**** rRplmn= isUsingCarrierAggregation=false isNonTerrestrialNetwork=TERRESTRIAL}
12-06 20:16:49.319  2918  2918 D SST     : [0] pollState: modemTriggered=true, radioState=1
12-06 20:16:49.319  2918  2918 D RILJ    : [0143]> OPERATOR [PHONE0]
12-06 20:16:49.320  2918  3262 D RILJ    : [0144]> DATA_REGISTRATION_STATE [PHONE0]
12-06 20:16:49.320  2918  3262 D RILJ    : getDataRegistrationState: overrideHalVersion=null [PHONE0]
12-06 20:16:49.320  2918  2918 D RILJ    : [0145]> QUERY_NETWORK_SELECTION_MODE [PHONE0]
12-06 20:16:49.320  2918  2918 D SST     : [1] pollState: modemTriggered=true, radioState=1
12-06 20:16:49.320  1659  1659 D RILC    : RadioImpl_1_5::getDataRegistrationState_1_5: serial 144
12-06 20:16:49.320  2918  3201 D NRM-I-0 : onRequestNetworkRegistrationInfoComplete result: 0, info: NetworkRegistrationInfo{ domain=PS transportType=WLAN registrationState=NOT_REG_OR_SEARCHING networkRegistrationState=NOT_REG_OR_SEARCHING roamingType=NOT_ROAMING accessNetworkTechnology=IWLAN rejectCause=0 emergencyEnabled=false availableServices=[] cellIdentity=null voiceSpecificInfo=null dataSpecificInfo=null nrState=**** rRplmn= isUsingCarrierAggregation=false isNonTerrestrialNetwork=TERRESTRIAL}
12-06 20:16:49.320  2918  3262 D RILJ    : [0146]> VOICE_REGISTRATION_STATE [PHONE0]
12-06 20:16:49.321  2918  3262 D RILJ    : getVoiceRegistrationState: overrideHalVersion=null [PHONE0]
12-06 20:16:49.321  1659  1659 D RILC    : RadioImpl_1_5::getVoiceRegistrationState_1_5: serial 146
12-06 20:16:49.321  2918  2918 D RILJ    : [0147]> OPERATOR [PHONE1]
12-06 20:16:49.321  2918  3262 D RILJ    : [0148]> DATA_REGISTRATION_STATE [PHONE1]
12-06 20:16:49.322  2918  2918 D RILJ    : [0149]> QUERY_NETWORK_SELECTION_MODE [PHONE1]
12-06 20:16:49.323  2918  3262 D RILJ    : getDataRegistrationState: overrideHalVersion=null [PHONE1]
12-06 20:16:49.323  2918  2918 D DNC-0   : onDataConfigUpdated: mSubId changed from -1 to 1
12-06 20:16:49.323  2918  3262 D RILJ    : [0150]> VOICE_REGISTRATION_STATE [PHONE1]
12-06 20:16:49.323  2918  3262 D RILJ    : getVoiceRegistrationState: overrideHalVersion=null [PHONE1]
12-06 20:16:49.323  1701  1933 D RILC    : RadioImpl_1_5::getDataRegistrationState_1_5: serial 148
12-06 20:16:49.323  2918  3201 D NRM-I-1 : onRequestNetworkRegistrationInfoComplete result: 0, info: NetworkRegistrationInfo{ domain=PS transportType=WLAN registrationState=NOT_REG_OR_SEARCHING networkRegistrationState=NOT_REG_OR_SEARCHING roamingType=NOT_ROAMING accessNetworkTechnology=IWLAN rejectCause=0 emergencyEnabled=false availableServices=[] cellIdentity=null voiceSpecificInfo=null dataSpecificInfo=null nrState=**** rRplmn= isUsingCarrierAggregation=false isNonTerrestrialNetwork=TERRESTRIAL}
12-06 20:16:49.323  1701  1933 D RILC    : RadioImpl_1_5::getVoiceRegistrationState_1_5: serial 150
12-06 20:16:49.325  2918  2918 D DNC-0   : Subscription plans initialized: []
12-06 20:16:49.325  2918  2918 D DNC-0   : onDataEnabledChanged: enabled=true
12-06 20:16:49.325  2918  2918 D DSRM-0  : onMobileDataEnabledChanged: DataEnabled:true,DataStalled:false
12-06 20:16:49.326  2918  2918 D ImsPhoneCallTracker: [0] onDataEnabledChanged: enabled=true, reason=0
12-06 20:16:49.326  2918  2918 D ImsPhoneCallTracker: [0] Ignore data enabled - carrier policy indicates that data is not metered for ViLTE calls.
12-06 20:16:49.326  2918  2918 D GsmCdmaPhone: [0] EVENT_SUBSCRIPTIONS_CHANGED
12-06 20:16:49.326  2918  2918 I NullCipherNotifier: Ignoring setSubscriptionMapping. Notifier is disabled.
12-06 20:16:49.326  2918  2918 D GsmCdmaPhone: [1] EVENT_SUBSCRIPTIONS_CHANGED
12-06 20:16:49.326  2918  2918 I NullCipherNotifier: Ignoring setSubscriptionMapping. Notifier is disabled.
12-06 20:16:49.327  2918  2918 D SST     : [1] pollState: modemTriggered=true, radioState=1
12-06 20:16:49.327  2918  2918 D RILJ    : [0151]> OPERATOR [PHONE1]
12-06 20:16:49.328  2918  2918 D RILJ    : [0152]> QUERY_NETWORK_SELECTION_MODE [PHONE1]
12-06 20:16:49.329  2918  2918 D GsmCdmaPhone: [1] EVENT EVENT_RADIO_STATE_CHANGED
12-06 20:16:49.329  2918  2918 D GsmCdmaPhone: handleRadioPowerStateChange, state= 1
12-06 20:16:49.329  2918  3262 D RILJ    : [0153]> DATA_REGISTRATION_STATE [PHONE1]
12-06 20:16:49.329  2918  3262 D RILJ    : getDataRegistrationState: overrideHalVersion=null [PHONE1]
12-06 20:16:49.329  1701  1933 D RILC    : RadioImpl_1_5::getDataRegistrationState_1_5: serial 153
12-06 20:16:49.330  2918  3201 D NRM-I-1 : onRequestNetworkRegistrationInfoComplete result: 0, info: NetworkRegistrationInfo{ domain=PS transportType=WLAN registrationState=NOT_REG_OR_SEARCHING networkRegistrationState=NOT_REG_OR_SEARCHING roamingType=NOT_ROAMING accessNetworkTechnology=IWLAN rejectCause=0 emergencyEnabled=false availableServices=[] cellIdentity=null voiceSpecificInfo=null dataSpecificInfo=null nrState=**** rRplmn= isUsingCarrierAggregation=false isNonTerrestrialNetwork=TERRESTRIAL}
12-06 20:16:49.330  2918  3262 D RILJ    : [0154]> VOICE_REGISTRATION_STATE [PHONE1]
12-06 20:16:49.330  2918  3262 D RILJ    : getVoiceRegistrationState: overrideHalVersion=null [PHONE1]
12-06 20:16:49.330  1701  1933 D RILC    : RadioImpl_1_5::getVoiceRegistrationState_1_5: serial 154
12-06 20:16:49.334  2918  3059 D RILJ    : [0134]< IMS_REGISTRATION_STATE {0, 1} [PHONE0]
12-06 20:16:49.335  2918  3059 D RILJ    : [0128]< VOICE_REGISTRATION_STATE {.regState = NOT_REG_MT_SEARCHING_OP, .rat = UNKNOWN, .reasonForDenial = NONE, .cellIdentity = {.noinit = {}}, .registeredPlmn = , .accessTechnologySpecificInfo = {.noinit = {}}} [PHONE1]
12-06 20:16:49.335  2918  3262 D CellularNetworkService: No access tech specific info passes for RegStateResult
12-06 20:16:49.335  2918  3262 D NRM-C-1 : onRequestNetworkRegistrationInfoComplete result: 0, info: NetworkRegistrationInfo{ domain=CS transportType=WWAN registrationState=NOT_REG_SEARCHING networkRegistrationState=NOT_REG_SEARCHING roamingType=NOT_ROAMING accessNetworkTechnology=UNKNOWN rejectCause=0 emergencyEnabled=false availableServices=[] cellIdentity=null voiceSpecificInfo=VoiceSpecificRegistrationInfo { mCssSupported=false mRoamingIndicator=0 mSystemIsInPrl=0 mDefaultRoamingIndicator=0} dataSpecificInfo=null nrState=**** rRplmn= isUsingCarrierAggregation=false isNonTerrestrialNetwork=TERRESTRIAL}
12-06 20:16:49.335  2918  3059 D RILJ    : [0147]< OPERATOR {, , } [PHONE1]
12-06 20:16:49.335  2918  3059 D RILJ    : [0151]< OPERATOR {, , } [PHONE1]
12-06 20:16:49.336  2918  3059 D RILJ    : [0150]< VOICE_REGISTRATION_STATE {.regState = NOT_REG_MT_SEARCHING_OP, .rat = UNKNOWN, .reasonForDenial = NONE, .cellIdentity = {.noinit = {}}, .registeredPlmn = , .accessTechnologySpecificInfo = {.noinit = {}}} [PHONE1]
12-06 20:16:49.336  2918  3262 D CellularNetworkService: No access tech specific info passes for RegStateResult
12-06 20:16:49.336  2918  3059 D RILJ    : [0154]< VOICE_REGISTRATION_STATE {.regState = NOT_REG_MT_SEARCHING_OP, .rat = UNKNOWN, .reasonForDenial = NONE, .cellIdentity = {.noinit = {}}, .registeredPlmn = , .accessTechnologySpecificInfo = {.noinit = {}}} [PHONE1]
12-06 20:16:49.336  2918  3262 D NRM-C-1 : onRequestNetworkRegistrationInfoComplete result: 0, info: NetworkRegistrationInfo{ domain=CS transportType=WWAN registrationState=NOT_REG_SEARCHING networkRegistrationState=NOT_REG_SEARCHING roamingType=NOT_ROAMING accessNetworkTechnology=UNKNOWN rejectCause=0 emergencyEnabled=false availableServices=[] cellIdentity=null voiceSpecificInfo=VoiceSpecificRegistrationInfo { mCssSupported=false mRoamingIndicator=0 mSystemIsInPrl=0 mDefaultRoamingIndicator=0} dataSpecificInfo=null nrState=**** rRplmn= isUsingCarrierAggregation=false isNonTerrestrialNetwork=TERRESTRIAL}
12-06 20:16:49.336  2918  3262 D CellularNetworkService: No access tech specific info passes for RegStateResult
12-06 20:16:49.336  2918  3059 D RILJ    : [0149]< QUERY_NETWORK_SELECTION_MODE {0} [PHONE1]
12-06 20:16:49.336  2918  3262 D NRM-C-1 : onRequestNetworkRegistrationInfoComplete result: 0, info: NetworkRegistrationInfo{ domain=CS transportType=WWAN registrationState=NOT_REG_SEARCHING networkRegistrationState=NOT_REG_SEARCHING roamingType=NOT_ROAMING accessNetworkTechnology=UNKNOWN rejectCause=0 emergencyEnabled=false availableServices=[] cellIdentity=null voiceSpecificInfo=VoiceSpecificRegistrationInfo { mCssSupported=false mRoamingIndicator=0 mSystemIsInPrl=0 mDefaultRoamingIndicator=0} dataSpecificInfo=null nrState=**** rRplmn= isUsingCarrierAggregation=false isNonTerrestrialNetwork=TERRESTRIAL}
12-06 20:16:49.336  2918  3059 D RILJ    : [0152]< QUERY_NETWORK_SELECTION_MODE {0} [PHONE1]
12-06 20:16:49.336  2918  3059 D RILJ    : [0148]< DATA_REGISTRATION_STATE {.regState = NOT_REG_MT_SEARCHING_OP, .rat = UNKNOWN, .reasonForDenial = NONE, .cellIdentity = {.noinit = {}}, .registeredPlmn = , .accessTechnologySpecificInfo = {.noinit = {}}} [PHONE1]
12-06 20:16:49.336  2918  3262 D CellularNetworkService: No access tech specific info passes for RegStateResult
12-06 20:16:49.336  2918  3262 D NRM-C-1 : onRequestNetworkRegistrationInfoComplete result: 0, info: NetworkRegistrationInfo{ domain=PS transportType=WWAN registrationState=NOT_REG_SEARCHING networkRegistrationState=NOT_REG_SEARCHING roamingType=NOT_ROAMING accessNetworkTechnology=UNKNOWN rejectCause=0 emergencyEnabled=false availableServices=[] cellIdentity=null voiceSpecificInfo=null dataSpecificInfo=android.telephony.DataSpecificRegistrationInfo :{ maxDataCalls = 16 isDcNrRestricted = false isNrAvailable = false isEnDcAvailable = false mLteAttachResultType = 0 mLteAttachExtraInfo = 0 LteVopsSupportInfo :  mVopsSupport = 1 mEmcBearerSupport = 1 } nrState=**** rRplmn= isUsingCarrierAggregation=false isNonTerrestrialNetwork=TERRESTRIAL}
12-06 20:16:49.336  2918  3262 D CellularNetworkService: No access tech specific info passes for RegStateResult
12-06 20:16:49.337  2918  3059 D RILJ    : [0153]< DATA_REGISTRATION_STATE {.regState = NOT_REG_MT_SEARCHING_OP, .rat = UNKNOWN, .reasonForDenial = NONE, .cellIdentity = {.noinit = {}}, .registeredPlmn = , .accessTechnologySpecificInfo = {.noinit = {}}} [PHONE1]
12-06 20:16:49.337  2918  3262 D NRM-C-1 : onRequestNetworkRegistrationInfoComplete result: 0, info: NetworkRegistrationInfo{ domain=PS transportType=WWAN registrationState=NOT_REG_SEARCHING networkRegistrationState=NOT_REG_SEARCHING roamingType=NOT_ROAMING accessNetworkTechnology=UNKNOWN rejectCause=0 emergencyEnabled=false availableServices=[] cellIdentity=null voiceSpecificInfo=null dataSpecificInfo=android.telephony.DataSpecificRegistrationInfo :{ maxDataCalls = 16 isDcNrRestricted = false isNrAvailable = false isEnDcAvailable = false mLteAttachResultType = 0 mLteAttachExtraInfo = 0 LteVopsSupportInfo :  mVopsSupport = 1 mEmcBearerSupport = 1 } nrState=**** rRplmn= isUsingCarrierAggregation=false isNonTerrestrialNetwork=TERRESTRIAL}
12-06 20:16:49.338  2918  2918 D SST     : [1] setPowerStateToDesired: mDeviceShuttingDown=false, mDesiredPowerState=true, getRadioState=1, mRadioPowerOffReasons=[], IMS reg state=false, pending radio off=false
12-06 20:16:49.338  2918  3262 D CellularNetworkService: No access tech specific info passes for RegStateResult
12-06 20:16:49.338  2918  3262 D NRM-C-0 : onRequestNetworkRegistrationInfoComplete result: 0, info: NetworkRegistrationInfo{ domain=CS transportType=WWAN registrationState=NOT_REG_SEARCHING networkRegistrationState=NOT_REG_SEARCHING roamingType=NOT_ROAMING accessNetworkTechnology=UNKNOWN rejectCause=0 emergencyEnabled=false availableServices=[] cellIdentity=null voiceSpecificInfo=VoiceSpecificRegistrationInfo { mCssSupported=false mRoamingIndicator=0 mSystemIsInPrl=0 mDefaultRoamingIndicator=0} dataSpecificInfo=null nrState=**** rRplmn= isUsingCarrierAggregation=false isNonTerrestrialNetwork=TERRESTRIAL}
12-06 20:16:49.338  2918  2918 D SST     : [1] pollState: modemTriggered=true, radioState=1
12-06 20:16:49.339  2918  2918 D RILJ    : [0155]> OPERATOR [PHONE1]
12-06 20:16:49.339  2918  3059 D RILJ    : [0133]< VOICE_REGISTRATION_STATE {.regState = NOT_REG_MT_SEARCHING_OP, .rat = UNKNOWN, .reasonForDenial = NONE, .cellIdentity = {.noinit = {}}, .registeredPlmn = , .accessTechnologySpecificInfo = {.noinit = {}}} [PHONE0]
12-06 20:16:49.340  2918  3059 D RILJ    : [0142]< VOICE_REGISTRATION_STATE {.regState = NOT_REG_MT_SEARCHING_OP, .rat = UNKNOWN, .reasonForDenial = NONE, .cellIdentity = {.noinit = {}}, .registeredPlmn = , .accessTechnologySpecificInfo = {.noinit = {}}} [PHONE0]
12-06 20:16:49.340  2918  3059 D RILJ    : [0146]< VOICE_REGISTRATION_STATE {.regState = NOT_REG_MT_SEARCHING_OP, .rat = UNKNOWN, .reasonForDenial = NONE, .cellIdentity = {.noinit = {}}, .registeredPlmn = , .accessTechnologySpecificInfo = {.noinit = {}}} [PHONE0]
12-06 20:16:49.340  2918  2918 D RILJ    : [0156]> QUERY_NETWORK_SELECTION_MODE [PHONE1]
12-06 20:16:49.340  2918  3059 D RILJ    : [0135]< VOICE_RADIO_TECH {3} [PHONE0]
12-06 20:16:49.340  2918  2918 D RILJ    : [0158]> GET_CURRENT_CALLS [PHONE1]
12-06 20:16:49.341  2918  2918 D RILJ    : [0159]> IMS_REGISTRATION_STATE [PHONE1]
12-06 20:16:49.341  2918  2918 D GsmCdmaPhone: [1] Event EVENT_RADIO_ON Received
12-06 20:16:49.341  2918  3059 D RILJ    : [0139]< OPERATOR {, , } [PHONE0]
12-06 20:16:49.341  2918  3059 D RILJ    : [0155]< OPERATOR {, , } [PHONE1]
12-06 20:16:49.342  2918  3201 D NRM-I-1 : onRequestNetworkRegistrationInfoComplete result: 0, info: NetworkRegistrationInfo{ domain=PS transportType=WLAN registrationState=NOT_REG_OR_SEARCHING networkRegistrationState=NOT_REG_OR_SEARCHING roamingType=NOT_ROAMING accessNetworkTechnology=IWLAN rejectCause=0 emergencyEnabled=false availableServices=[] cellIdentity=null voiceSpecificInfo=null dataSpecificInfo=null nrState=**** rRplmn= isUsingCarrierAggregation=false isNonTerrestrialNetwork=TERRESTRIAL}
12-06 20:16:49.342  2918  3262 D RILJ    : [0157]> DATA_REGISTRATION_STATE [PHONE1]
12-06 20:16:49.342  2918  3262 D RILJ    : getDataRegistrationState: overrideHalVersion=null [PHONE1]
12-06 20:16:49.342  1701  1933 D RILC    : RadioImpl_1_5::getDataRegistrationState_1_5: serial 157
12-06 20:16:49.342  2918  3262 D RILJ    : [0161]> VOICE_REGISTRATION_STATE [PHONE1]
12-06 20:16:49.342  2918  3262 D RILJ    : getVoiceRegistrationState: overrideHalVersion=null [PHONE1]
12-06 20:16:49.343  1701  1933 D RILC    : RadioImpl_1_5::getVoiceRegistrationState_1_5: serial 161
12-06 20:16:49.343  2918  3262 D CellularNetworkService: No access tech specific info passes for RegStateResult
12-06 20:16:49.343  2918  3262 D NRM-C-0 : onRequestNetworkRegistrationInfoComplete result: 0, info: NetworkRegistrationInfo{ domain=CS transportType=WWAN registrationState=NOT_REG_SEARCHING networkRegistrationState=NOT_REG_SEARCHING roamingType=NOT_ROAMING accessNetworkTechnology=UNKNOWN rejectCause=0 emergencyEnabled=false availableServices=[] cellIdentity=null voiceSpecificInfo=VoiceSpecificRegistrationInfo { mCssSupported=false mRoamingIndicator=0 mSystemIsInPrl=0 mDefaultRoamingIndicator=0} dataSpecificInfo=null nrState=**** rRplmn= isUsingCarrierAggregation=false isNonTerrestrialNetwork=TERRESTRIAL}
12-06 20:16:49.343  2918  3262 D CellularNetworkService: No access tech specific info passes for RegStateResult
12-06 20:16:49.343  2918  3262 D NRM-C-0 : onRequestNetworkRegistrationInfoComplete result: 0, info: NetworkRegistrationInfo{ domain=CS transportType=WWAN registrationState=NOT_REG_SEARCHING networkRegistrationState=NOT_REG_SEARCHING roamingType=NOT_ROAMING accessNetworkTechnology=UNKNOWN rejectCause=0 emergencyEnabled=false availableServices=[] cellIdentity=null voiceSpecificInfo=VoiceSpecificRegistrationInfo { mCssSupported=false mRoamingIndicator=0 mSystemIsInPrl=0 mDefaultRoamingIndicator=0} dataSpecificInfo=null nrState=**** rRplmn= isUsingCarrierAggregation=false isNonTerrestrialNetwork=TERRESTRIAL}
12-06 20:16:49.343  2918  3059 D RILJ    : [0141]< QUERY_NETWORK_SELECTION_MODE {0} [PHONE0]
12-06 20:16:49.343  2918  3059 D RILJ    : [0158]< GET_CURRENT_CALLS {} [PHONE1]
12-06 20:16:49.343  2918  2918 D RILJ    : [0160]> VOICE_RADIO_TECH [PHONE1]
12-06 20:16:49.343  2918  2918 D SSCtr   : onDeviceIdleStateChanged isDeviceIdle=false
12-06 20:16:49.343  2918  3059 D RILJ    : [0145]< QUERY_NETWORK_SELECTION_MODE {0} [PHONE0]
12-06 20:16:49.343  2918  3059 D RILJ    : [0156]< QUERY_NETWORK_SELECTION_MODE {0} [PHONE1]
12-06 20:16:49.344  2918  3059 D RILJ    : [0143]< OPERATOR {, , } [PHONE0]
12-06 20:16:49.344  2918  3059 D RILJ    : [0140]< DATA_REGISTRATION_STATE {.regState = NOT_REG_MT_SEARCHING_OP, .rat = UNKNOWN, .reasonForDenial = NONE, .cellIdentity = {.noinit = {}}, .registeredPlmn = , .accessTechnologySpecificInfo = {.noinit = {}}} [PHONE0]
12-06 20:16:49.344  2918  3059 D RILJ    : [0144]< DATA_REGISTRATION_STATE {.regState = NOT_REG_MT_SEARCHING_OP, .rat = UNKNOWN, .reasonForDenial = NONE, .cellIdentity = {.noinit = {}}, .registeredPlmn = , .accessTechnologySpecificInfo = {.noinit = {}}} [PHONE0]
12-06 20:16:49.344  2918  3262 D CellularNetworkService: No access tech specific info passes for RegStateResult
12-06 20:16:49.344  2918  2918 D RILJ    : [0162]> SET_UNSOLICITED_RESPONSE_FILTER 127 [PHONE1]
12-06 20:16:49.344  2918  3262 D NRM-C-0 : onRequestNetworkRegistrationInfoComplete result: 0, info: NetworkRegistrationInfo{ domain=PS transportType=WWAN registrationState=NOT_REG_SEARCHING networkRegistrationState=NOT_REG_SEARCHING roamingType=NOT_ROAMING accessNetworkTechnology=UNKNOWN rejectCause=0 emergencyEnabled=false availableServices=[] cellIdentity=null voiceSpecificInfo=null dataSpecificInfo=android.telephony.DataSpecificRegistrationInfo :{ maxDataCalls = 16 isDcNrRestricted = false isNrAvailable = false isEnDcAvailable = false mLteAttachResultType = 0 mLteAttachExtraInfo = 0 LteVopsSupportInfo :  mVopsSupport = 1 mEmcBearerSupport = 1 } nrState=**** rRplmn= isUsingCarrierAggregation=false isNonTerrestrialNetwork=TERRESTRIAL}
12-06 20:16:49.344  2918  3262 D CellularNetworkService: No access tech specific info passes for RegStateResult
12-06 20:16:49.344  2918  3262 D NRM-C-0 : onRequestNetworkRegistrationInfoComplete result: 0, info: NetworkRegistrationInfo{ domain=PS transportType=WWAN registrationState=NOT_REG_SEARCHING networkRegistrationState=NOT_REG_SEARCHING roamingType=NOT_ROAMING accessNetworkTechnology=UNKNOWN rejectCause=0 emergencyEnabled=false availableServices=[] cellIdentity=null voiceSpecificInfo=null dataSpecificInfo=android.telephony.DataSpecificRegistrationInfo :{ maxDataCalls = 16 isDcNrRestricted = false isNrAvailable = false isEnDcAvailable = false mLteAttachResultType = 0 mLteAttachExtraInfo = 0 LteVopsSupportInfo :  mVopsSupport = 1 mEmcBearerSupport = 1 } nrState=**** rRplmn= isUsingCarrierAggregation=false isNonTerrestrialNetwork=TERRESTRIAL}
12-06 20:16:49.344  2918  2918 D RILJ    : [0163]> GET_BARRING_INFO [PHONE1]
12-06 20:16:49.344  2918  2918 D DRM-1   : Remove all retry and throttling entries, reason=RADIO_ON
12-06 20:16:49.345  2918  2918 D SST     : [1] pollState: modemTriggered=true, radioState=1
12-06 20:16:49.345  2918  2918 D RILJ    : [0164]> OPERATOR [PHONE1]
12-06 20:16:49.345  2918  3059 D RILJ    : [0163]< GET_BARRING_INFO error 6 [PHONE1]
12-06 20:16:49.346  2918  3059 D RilRequest: [0163]< GET_BARRING_INFO error: com.android.internal.telephony.CommandException: REQUEST_NOT_SUPPORTED ret=BarringInfo {mCellIdentity=null, mBarringServiceInfos={}} result=null
12-06 20:16:49.346  2918  3262 D RILJ    : [0165]> DATA_REGISTRATION_STATE [PHONE1]
12-06 20:16:49.346  2918  3262 D RILJ    : getDataRegistrationState: overrideHalVersion=null [PHONE1]
12-06 20:16:49.346  1701  1701 D RILC    : RadioImpl_1_5::getDataRegistrationState_1_5: serial 165
12-06 20:16:49.347  2918  2918 D RILJ    : [0166]> QUERY_NETWORK_SELECTION_MODE [PHONE1]
12-06 20:16:49.347  2918  2918 D SST     : [0] pollState: modemTriggered=true, radioState=1
12-06 20:16:49.347  2918  3201 D NRM-I-1 : onRequestNetworkRegistrationInfoComplete result: 0, info: NetworkRegistrationInfo{ domain=PS transportType=WLAN registrationState=NOT_REG_OR_SEARCHING networkRegistrationState=NOT_REG_OR_SEARCHING roamingType=NOT_ROAMING accessNetworkTechnology=IWLAN rejectCause=0 emergencyEnabled=false availableServices=[] cellIdentity=null voiceSpecificInfo=null dataSpecificInfo=null nrState=**** rRplmn= isUsingCarrierAggregation=false isNonTerrestrialNetwork=TERRESTRIAL}
12-06 20:16:49.347  2918  2918 D RILJ    : [0168]> OPERATOR [PHONE0]
12-06 20:16:49.348  2918  2918 D RILJ    : [0169]> QUERY_NETWORK_SELECTION_MODE [PHONE0]
12-06 20:16:49.348  2918  2918 D SST     : [1] pollState: modemTriggered=true, radioState=1
12-06 20:16:49.349  2918  3201 D NRM-I-0 : onRequestNetworkRegistrationInfoComplete result: 0, info: NetworkRegistrationInfo{ domain=PS transportType=WLAN registrationState=NOT_REG_OR_SEARCHING networkRegistrationState=NOT_REG_OR_SEARCHING roamingType=NOT_ROAMING accessNetworkTechnology=IWLAN rejectCause=0 emergencyEnabled=false availableServices=[] cellIdentity=null voiceSpecificInfo=null dataSpecificInfo=null nrState=**** rRplmn= isUsingCarrierAggregation=false isNonTerrestrialNetwork=TERRESTRIAL}
12-06 20:16:49.349  2918  3059 D RILJ    : [0168]< OPERATOR {, , } [PHONE0]
12-06 20:16:49.349  2918  3262 D RILJ    : [0167]> VOICE_REGISTRATION_STATE [PHONE1]
12-06 20:16:49.349  2918  3262 D RILJ    : getVoiceRegistrationState: overrideHalVersion=null [PHONE1]
12-06 20:16:49.349  1701  1933 D RILC    : RadioImpl_1_5::getVoiceRegistrationState_1_5: serial 167
12-06 20:16:49.349  2918  2918 D RILJ    : [0170]> OPERATOR [PHONE1]
12-06 20:16:49.350  2918  3262 D RILJ    : [0171]> DATA_REGISTRATION_STATE [PHONE0]
12-06 20:16:49.350  2918  3262 D RILJ    : getDataRegistrationState: overrideHalVersion=null [PHONE0]
12-06 20:16:49.350  1659  1659 D RILC    : RadioImpl_1_5::getDataRegistrationState_1_5: serial 171
12-06 20:16:49.350  2918  2918 D RILJ    : [0172]> QUERY_NETWORK_SELECTION_MODE [PHONE1]
12-06 20:16:49.350  2918  2918 D SST     : [0] pollState: modemTriggered=true, radioState=1
12-06 20:16:49.350  2918  3059 D RILJ    : [0169]< QUERY_NETWORK_SELECTION_MODE {0} [PHONE0]
12-06 20:16:49.351  2918  3262 D RILJ    : [0173]> VOICE_REGISTRATION_STATE [PHONE0]
12-06 20:16:49.351  2918  3262 D RILJ    : getVoiceRegistrationState: overrideHalVersion=null [PHONE0]
12-06 20:16:49.351  1659  1659 D RILC    : RadioImpl_1_5::getVoiceRegistrationState_1_5: serial 173
12-06 20:16:49.351  2918  3262 D RILJ    : [0175]> DATA_REGISTRATION_STATE [PHONE1]
12-06 20:16:49.351  2918  3262 D RILJ    : getDataRegistrationState: overrideHalVersion=null [PHONE1]
12-06 20:16:49.352  2918  2918 D RILJ    : [0174]> OPERATOR [PHONE0]
12-06 20:16:49.352  1701  1701 D RILC    : RadioImpl_1_5::getDataRegistrationState_1_5: serial 175
12-06 20:16:49.352  2918  3262 D RILJ    : [0176]> VOICE_REGISTRATION_STATE [PHONE1]
12-06 20:16:49.352  2918  3201 D NRM-I-1 : onRequestNetworkRegistrationInfoComplete result: 0, info: NetworkRegistrationInfo{ domain=PS transportType=WLAN registrationState=NOT_REG_OR_SEARCHING networkRegistrationState=NOT_REG_OR_SEARCHING roamingType=NOT_ROAMING accessNetworkTechnology=IWLAN rejectCause=0 emergencyEnabled=false availableServices=[] cellIdentity=null voiceSpecificInfo=null dataSpecificInfo=null nrState=**** rRplmn= isUsingCarrierAggregation=false isNonTerrestrialNetwork=TERRESTRIAL}
12-06 20:16:49.352  2918  3059 D RILJ    : [0171]< DATA_REGISTRATION_STATE {.regState = NOT_REG_MT_SEARCHING_OP, .rat = UNKNOWN, .reasonForDenial = NONE, .cellIdentity = {.noinit = {}}, .registeredPlmn = , .accessTechnologySpecificInfo = {.noinit = {}}} [PHONE0]
12-06 20:16:49.352  2918  3262 D RILJ    : getVoiceRegistrationState: overrideHalVersion=null [PHONE1]
12-06 20:16:49.352  2918  2918 D RILJ    : [0177]> QUERY_NETWORK_SELECTION_MODE [PHONE0]
12-06 20:16:49.352  1701  1701 D RILC    : RadioImpl_1_5::getVoiceRegistrationState_1_5: serial 176
12-06 20:16:49.353  2918  3262 D RILJ    : [0178]> DATA_REGISTRATION_STATE [PHONE0]
12-06 20:16:49.353  2918  3262 D RILJ    : getDataRegistrationState: overrideHalVersion=null [PHONE0]
12-06 20:16:49.353  1659  1775 D RILC    : RadioImpl_1_5::getDataRegistrationState_1_5: serial 178
12-06 20:16:49.353  2918  3262 D RILJ    : [0179]> VOICE_REGISTRATION_STATE [PHONE0]
12-06 20:16:49.353  2918  3262 D RILJ    : getVoiceRegistrationState: overrideHalVersion=null [PHONE0]
12-06 20:16:49.354  2918  3262 D CellularNetworkService: No access tech specific info passes for RegStateResult
12-06 20:16:49.354  2918  3262 D NRM-C-0 : onRequestNetworkRegistrationInfoComplete result: 0, info: NetworkRegistrationInfo{ domain=PS transportType=WWAN registrationState=NOT_REG_SEARCHING networkRegistrationState=NOT_REG_SEARCHING roamingType=NOT_ROAMING accessNetworkTechnology=UNKNOWN rejectCause=0 emergencyEnabled=false availableServices=[] cellIdentity=null voiceSpecificInfo=null dataSpecificInfo=android.telephony.DataSpecificRegistrationInfo :{ maxDataCalls = 16 isDcNrRestricted = false isNrAvailable = false isEnDcAvailable = false mLteAttachResultType = 0 mLteAttachExtraInfo = 0 LteVopsSupportInfo :  mVopsSupport = 1 mEmcBearerSupport = 1 } nrState=**** rRplmn= isUsingCarrierAggregation=false isNonTerrestrialNetwork=TERRESTRIAL}
12-06 20:16:49.354  1659  1775 D RILC    : RadioImpl_1_5::getVoiceRegistrationState_1_5: serial 179
12-06 20:16:49.354  2918  3201 D NRM-I-0 : onRequestNetworkRegistrationInfoComplete result: 0, info: NetworkRegistrationInfo{ domain=PS transportType=WLAN registrationState=NOT_REG_OR_SEARCHING networkRegistrationState=NOT_REG_OR_SEARCHING roamingType=NOT_ROAMING accessNetworkTechnology=IWLAN rejectCause=0 emergencyEnabled=false availableServices=[] cellIdentity=null voiceSpecificInfo=null dataSpecificInfo=null nrState=**** rRplmn= isUsingCarrierAggregation=false isNonTerrestrialNetwork=TERRESTRIAL}
12-06 20:16:49.355  2918  2918 D Phone-0 : isImsCapabilityAvailable, capability=0, regTech=1, isAvailable=false
12-06 20:16:49.355  2918  2918 D Phone-0 : isImsCapabilityAvailable, capability=1, regTech=1, isAvailable=false
12-06 20:16:49.355  2918  2918 D Phone-0 : isImsCapabilityAvailable, capability=2, regTech=1, isAvailable=false
12-06 20:16:49.355  2918  2918 D Phone-0 : getImsRegistrationTechnology =-1
12-06 20:16:49.359  2918  3059 D RILJ    : [0159]< IMS_REGISTRATION_STATE {0, 1} [PHONE1]
12-06 20:16:49.360  2918  3059 D RILJ    : [0160]< VOICE_RADIO_TECH {3} [PHONE1]
12-06 20:16:49.360  2918  3059 D RILJ    : [0157]< DATA_REGISTRATION_STATE {.regState = NOT_REG_MT_SEARCHING_OP, .rat = UNKNOWN, .reasonForDenial = NONE, .cellIdentity = {.noinit = {}}, .registeredPlmn = , .accessTechnologySpecificInfo = {.noinit = {}}} [PHONE1]
12-06 20:16:49.360  2918  3262 D CellularNetworkService: No access tech specific info passes for RegStateResult
12-06 20:16:49.360  2918  3059 D RILJ    : [0165]< DATA_REGISTRATION_STATE {.regState = NOT_REG_MT_SEARCHING_OP, .rat = UNKNOWN, .reasonForDenial = NONE, .cellIdentity = {.noinit = {}}, .registeredPlmn = , .accessTechnologySpecificInfo = {.noinit = {}}} [PHONE1]
12-06 20:16:49.360  2918  3262 D NRM-C-1 : onRequestNetworkRegistrationInfoComplete result: 0, info: NetworkRegistrationInfo{ domain=PS transportType=WWAN registrationState=NOT_REG_SEARCHING networkRegistrationState=NOT_REG_SEARCHING roamingType=NOT_ROAMING accessNetworkTechnology=UNKNOWN rejectCause=0 emergencyEnabled=false availableServices=[] cellIdentity=null voiceSpecificInfo=null dataSpecificInfo=android.telephony.DataSpecificRegistrationInfo :{ maxDataCalls = 16 isDcNrRestricted = false isNrAvailable = false isEnDcAvailable = false mLteAttachResultType = 0 mLteAttachExtraInfo = 0 LteVopsSupportInfo :  mVopsSupport = 1 mEmcBearerSupport = 1 } nrState=**** rRplmn= isUsingCarrierAggregation=false isNonTerrestrialNetwork=TERRESTRIAL}
12-06 20:16:49.360  2918  3262 D CellularNetworkService: No access tech specific info passes for RegStateResult
12-06 20:16:49.360  2918  3059 D RILJ    : [0175]< DATA_REGISTRATION_STATE {.regState = NOT_REG_MT_SEARCHING_OP, .rat = UNKNOWN, .reasonForDenial = NONE, .cellIdentity = {.noinit = {}}, .registeredPlmn = , .accessTechnologySpecificInfo = {.noinit = {}}} [PHONE1]
12-06 20:16:49.360  2918  3262 D NRM-C-1 : onRequestNetworkRegistrationInfoComplete result: 0, info: NetworkRegistrationInfo{ domain=PS transportType=WWAN registrationState=NOT_REG_SEARCHING networkRegistrationState=NOT_REG_SEARCHING roamingType=NOT_ROAMING accessNetworkTechnology=UNKNOWN rejectCause=0 emergencyEnabled=false availableServices=[] cellIdentity=null voiceSpecificInfo=null dataSpecificInfo=android.telephony.DataSpecificRegistrationInfo :{ maxDataCalls = 16 isDcNrRestricted = false isNrAvailable = false isEnDcAvailable = false mLteAttachResultType = 0 mLteAttachExtraInfo = 0 LteVopsSupportInfo :  mVopsSupport = 1 mEmcBearerSupport = 1 } nrState=**** rRplmn= isUsingCarrierAggregation=false isNonTerrestrialNetwork=TERRESTRIAL}
12-06 20:16:49.361  2918  3262 D CellularNetworkService: No access tech specific info passes for RegStateResult
12-06 20:16:49.361  2918  3262 D NRM-C-1 : onRequestNetworkRegistrationInfoComplete result: 0, info: NetworkRegistrationInfo{ domain=PS transportType=WWAN registrationState=NOT_REG_SEARCHING networkRegistrationState=NOT_REG_SEARCHING roamingType=NOT_ROAMING accessNetworkTechnology=UNKNOWN rejectCause=0 emergencyEnabled=false availableServices=[] cellIdentity=null voiceSpecificInfo=null dataSpecificInfo=android.telephony.DataSpecificRegistrationInfo :{ maxDataCalls = 16 isDcNrRestricted = false isNrAvailable = false isEnDcAvailable = false mLteAttachResultType = 0 mLteAttachExtraInfo = 0 LteVopsSupportInfo :  mVopsSupport = 1 mEmcBearerSupport = 1 } nrState=**** rRplmn= isUsingCarrierAggregation=false isNonTerrestrialNetwork=TERRESTRIAL}
12-06 20:16:49.394  2918  3059 D RILJ    : [0173]< VOICE_REGISTRATION_STATE {.regState = NOT_REG_MT_SEARCHING_OP, .rat = UNKNOWN, .reasonForDenial = NONE, .cellIdentity = {.noinit = {}}, .registeredPlmn = , .accessTechnologySpecificInfo = {.noinit = {}}} [PHONE0]
12-06 20:16:49.394  2918  3262 D CellularNetworkService: No access tech specific info passes for RegStateResult
12-06 20:16:49.394  2918  3059 D RILJ    : [0177]< QUERY_NETWORK_SELECTION_MODE {0} [PHONE0]
12-06 20:16:49.394  2918  3262 D NRM-C-0 : onRequestNetworkRegistrationInfoComplete result: 0, info: NetworkRegistrationInfo{ domain=CS transportType=WWAN registrationState=NOT_REG_SEARCHING networkRegistrationState=NOT_REG_SEARCHING roamingType=NOT_ROAMING accessNetworkTechnology=UNKNOWN rejectCause=0 emergencyEnabled=false availableServices=[] cellIdentity=null voiceSpecificInfo=VoiceSpecificRegistrationInfo { mCssSupported=false mRoamingIndicator=0 mSystemIsInPrl=0 mDefaultRoamingIndicator=0} dataSpecificInfo=null nrState=**** rRplmn= isUsingCarrierAggregation=false isNonTerrestrialNetwork=TERRESTRIAL}
12-06 20:16:49.395  2918  3059 D RILJ    : [0174]< OPERATOR {, , } [PHONE0]
12-06 20:16:49.395  2918  3059 D RILJ    : [0179]< VOICE_REGISTRATION_STATE {.regState = NOT_REG_MT_SEARCHING_OP, .rat = UNKNOWN, .reasonForDenial = NONE, .cellIdentity = {.noinit = {}}, .registeredPlmn = , .accessTechnologySpecificInfo = {.noinit = {}}} [PHONE0]
12-06 20:16:49.395  2918  3262 D CellularNetworkService: No access tech specific info passes for RegStateResult
12-06 20:16:49.395  2918  3262 D NRM-C-0 : onRequestNetworkRegistrationInfoComplete result: 0, info: NetworkRegistrationInfo{ domain=CS transportType=WWAN registrationState=NOT_REG_SEARCHING networkRegistrationState=NOT_REG_SEARCHING roamingType=NOT_ROAMING accessNetworkTechnology=UNKNOWN rejectCause=0 emergencyEnabled=false availableServices=[] cellIdentity=null voiceSpecificInfo=VoiceSpecificRegistrationInfo { mCssSupported=false mRoamingIndicator=0 mSystemIsInPrl=0 mDefaultRoamingIndicator=0} dataSpecificInfo=null nrState=**** rRplmn= isUsingCarrierAggregation=false isNonTerrestrialNetwork=TERRESTRIAL}
12-06 20:16:49.396  2918  3059 D RILJ    : [0178]< DATA_REGISTRATION_STATE {.regState = NOT_REG_MT_SEARCHING_OP, .rat = UNKNOWN, .reasonForDenial = NONE, .cellIdentity = {.noinit = {}}, .registeredPlmn = , .accessTechnologySpecificInfo = {.noinit = {}}} [PHONE0]
12-06 20:16:49.396  2918  3262 D CellularNetworkService: No access tech specific info passes for RegStateResult
12-06 20:16:49.396  2918  3059 D RILJ    : [0136]< SET_UNSOLICITED_RESPONSE_FILTER  [PHONE0]
12-06 20:16:49.396  2918  3262 D NRM-C-0 : onRequestNetworkRegistrationInfoComplete result: 0, info: NetworkRegistrationInfo{ domain=PS transportType=WWAN registrationState=NOT_REG_SEARCHING networkRegistrationState=NOT_REG_SEARCHING roamingType=NOT_ROAMING accessNetworkTechnology=UNKNOWN rejectCause=0 emergencyEnabled=false availableServices=[] cellIdentity=null voiceSpecificInfo=null dataSpecificInfo=android.telephony.DataSpecificRegistrationInfo :{ maxDataCalls = 16 isDcNrRestricted = false isNrAvailable = false isEnDcAvailable = false mLteAttachResultType = 0 mLteAttachExtraInfo = 0 LteVopsSupportInfo :  mVopsSupport = 1 mEmcBearerSupport = 1 } nrState=**** rRplmn= isUsingCarrierAggregation=false isNonTerrestrialNetwork=TERRESTRIAL}
12-06 20:16:49.397  2918  3059 D RILJ    : [0161]< VOICE_REGISTRATION_STATE {.regState = NOT_REG_MT_SEARCHING_OP, .rat = UNKNOWN, .reasonForDenial = NONE, .cellIdentity = {.noinit = {}}, .registeredPlmn = , .accessTechnologySpecificInfo = {.noinit = {}}} [PHONE1]
12-06 20:16:49.397  2918  3262 D CellularNetworkService: No access tech specific info passes for RegStateResult
12-06 20:16:49.397  2918  3262 D NRM-C-1 : onRequestNetworkRegistrationInfoComplete result: 0, info: NetworkRegistrationInfo{ domain=CS transportType=WWAN registrationState=NOT_REG_SEARCHING networkRegistrationState=NOT_REG_SEARCHING roamingType=NOT_ROAMING accessNetworkTechnology=UNKNOWN rejectCause=0 emergencyEnabled=false availableServices=[] cellIdentity=null voiceSpecificInfo=VoiceSpecificRegistrationInfo { mCssSupported=false mRoamingIndicator=0 mSystemIsInPrl=0 mDefaultRoamingIndicator=0} dataSpecificInfo=null nrState=**** rRplmn= isUsingCarrierAggregation=false isNonTerrestrialNetwork=TERRESTRIAL}
12-06 20:16:49.397  2918  3059 D RILJ    : [0166]< QUERY_NETWORK_SELECTION_MODE {0} [PHONE1]
12-06 20:16:49.397  2918  3059 D RILJ    : [0164]< OPERATOR {, , } [PHONE1]
12-06 20:16:49.397  2918  3059 D RILJ    : [0167]< VOICE_REGISTRATION_STATE {.regState = NOT_REG_MT_SEARCHING_OP, .rat = UNKNOWN, .reasonForDenial = NONE, .cellIdentity = {.noinit = {}}, .registeredPlmn = , .accessTechnologySpecificInfo = {.noinit = {}}} [PHONE1]
12-06 20:16:49.398  2918  3262 D CellularNetworkService: No access tech specific info passes for RegStateResult
12-06 20:16:49.398  2918  3059 D RILJ    : [0172]< QUERY_NETWORK_SELECTION_MODE {0} [PHONE1]
12-06 20:16:49.398  2918  3262 D NRM-C-1 : onRequestNetworkRegistrationInfoComplete result: 0, info: NetworkRegistrationInfo{ domain=CS transportType=WWAN registrationState=NOT_REG_SEARCHING networkRegistrationState=NOT_REG_SEARCHING roamingType=NOT_ROAMING accessNetworkTechnology=UNKNOWN rejectCause=0 emergencyEnabled=false availableServices=[] cellIdentity=null voiceSpecificInfo=VoiceSpecificRegistrationInfo { mCssSupported=false mRoamingIndicator=0 mSystemIsInPrl=0 mDefaultRoamingIndicator=0} dataSpecificInfo=null nrState=**** rRplmn= isUsingCarrierAggregation=false isNonTerrestrialNetwork=TERRESTRIAL}
12-06 20:16:49.398  2918  3059 D RILJ    : [0170]< OPERATOR {, , } [PHONE1]
12-06 20:16:49.398  2918  3262 D CellularNetworkService: No access tech specific info passes for RegStateResult
12-06 20:16:49.398  2918  3262 D NRM-C-1 : onRequestNetworkRegistrationInfoComplete result: 0, info: NetworkRegistrationInfo{ domain=CS transportType=WWAN registrationState=NOT_REG_SEARCHING networkRegistrationState=NOT_REG_SEARCHING roamingType=NOT_ROAMING accessNetworkTechnology=UNKNOWN rejectCause=0 emergencyEnabled=false availableServices=[] cellIdentity=null voiceSpecificInfo=VoiceSpecificRegistrationInfo { mCssSupported=false mRoamingIndicator=0 mSystemIsInPrl=0 mDefaultRoamingIndicator=0} dataSpecificInfo=null nrState=**** rRplmn= isUsingCarrierAggregation=false isNonTerrestrialNetwork=TERRESTRIAL}
12-06 20:16:49.398  2918  3059 D RILJ    : [0176]< VOICE_REGISTRATION_STATE {.regState = NOT_REG_MT_SEARCHING_OP, .rat = UNKNOWN, .reasonForDenial = NONE, .cellIdentity = {.noinit = {}}, .registeredPlmn = , .accessTechnologySpecificInfo = {.noinit = {}}} [PHONE1]
12-06 20:16:49.398  2918  3059 D RILJ    : [0162]< SET_UNSOLICITED_RESPONSE_FILTER  [PHONE1]
12-06 20:16:49.405  2918  2918 D ImsManagerIM [0]: ImsService not up yet - timeout waiting for connection.
12-06 20:16:49.412  2918  2918 E CarrierActionAgent: [0]Unsupported action: 7
12-06 20:16:49.412  2918  2918 D GsmCdmaPhone: mBroadcastReceiver: action android.telephony.action.SIM_APPLICATION_STATE_CHANGED
12-06 20:16:49.413  2918  2918 D GsmCdmaPhone: mBroadcastReceiver: action android.telephony.action.SIM_APPLICATION_STATE_CHANGED
12-06 20:16:49.413  2918  2918 D PhoneSwitcher: mSimStateIntentReceiver: slotIndex = 0 state = 2
12-06 20:16:49.445  2918  2918 D RILJ    : [0180]> SET_SIGNAL_STRENGTH_REPORTING_CRITERIA [PHONE0]
12-06 20:16:49.445  2918  2918 D SSCtr   : setSignalStrengthReportingCriteria consolidatedSignalThresholdInfos=[SignalThresholdInfo{mRan=1 mSignalMeasurementType=1 mHysteresisMs=3000 mHysteresisDb=2 mThresholds=[-107, -103, -97, -89] mIsEnabled=true}, SignalThresholdInfo{mRan=2 mSignalMeasurementType=2 mHysteresisMs=3000 mHysteresisDb=2 mThresholds=[-115, -105, -95, -85] mIsEnabled=true}, SignalThresholdInfo{mRan=3 mSignalMeasurementType=3 mHysteresisMs=3000 mHysteresisDb=2 mThresholds=[-128, -118, -108, -98] mIsEnabled=true}, SignalThresholdInfo{mRan=3 mSignalMeasurementType=4 mHysteresisMs=3000 mHysteresisDb=2 mThresholds=[] mIsEnabled=false}, SignalThresholdInfo{mRan=3 mSignalMeasurementType=5 mHysteresisMs=3000 mHysteresisDb=2 mThresholds=[] mIsEnabled=false}, SignalThresholdInfo{mRan=6 mSignalMeasurementType=6 mHysteresisMs=3000 mHysteresisDb=2 mThresholds=[-110, -90, -80, -65] mIsEnabled=true}, SignalThresholdInfo{mRan=6 mSignalMeasurementType=7 mHysteresisMs=3000 mHysteresisDb=2 mThresholds=[] mIsEnabled=false}, SignalThresholdInfo{mRan=6 mSignalMeasurementType=8 mHysteresisMs=3000 mHysteresisDb=2 mThresholds=[] mIsEnabled=false}, SignalThresholdInfo{mRan=2 mSignalMeasurementType=9 mHysteresisMs=3000 mHysteresisDb=2 mThresholds=[] mIsEnabled=false}]
12-06 20:16:49.445  2918  2918 D UiccPkcs15: handleMessage: 201
12-06 20:16:49.445  2918  2918 D UiccPkcs15: error: com.android.internal.telephony.CommandException: NO_SUCH_ELEMENT
12-06 20:16:49.446  2918  2918 D SST     : [1] SubscriptionListener.onSubscriptionInfoChanged
12-06 20:16:49.446  2918  2918 D TNP     : Subscription changed.
12-06 20:16:49.446  2918  2918 D TNP     : reevaluateNetworkRequests: subscription changed.
12-06 20:16:49.451  2918  2918 D Phone-0 : isImsRegistered =false
12-06 20:16:49.453  2918  2918 D Phone-0 : getImsRegistrationTechnology =-1
12-06 20:16:49.483  2918  3059 D RILJ    : [0180]< SET_SIGNAL_STRENGTH_REPORTING_CRITERIA  [PHONE0]
12-06 20:16:49.485  2918  3059 E RILJ    : processResponse: Unexpected response! serial: 180, error: 0 [PHONE0]
12-06 20:16:49.490  2918  3059 E RILJ    : processResponse: Unexpected response! serial: 180, error: 0 [PHONE0]
12-06 20:16:49.492  2918  3059 E RILJ    : processResponse: Unexpected response! serial: 180, error: 0 [PHONE0]
12-06 20:16:49.494  2918  3059 E RILJ    : processResponse: Unexpected response! serial: 180, error: 0 [PHONE0]
12-06 20:16:49.496  2918  3059 E RILJ    : processResponse: Unexpected response! serial: 180, error: 0 [PHONE0]
12-06 20:16:49.498  2918  3059 E RILJ    : processResponse: Unexpected response! serial: 180, error: 0 [PHONE0]
12-06 20:16:49.502  2918  3059 E RILJ    : processResponse: Unexpected response! serial: 180, error: 0 [PHONE0]
12-06 20:16:49.503  2918  2918 D ImsManagerIM [0]: ImsService not up yet - timeout waiting for connection.
12-06 20:16:49.519  2918  2918 D SST     : [0] SubscriptionListener.onSubscriptionInfoChanged
12-06 20:16:49.519  2918  2918 D SST     : [0] EVENT_POLL_STATE_NETWORK_SELECTION_MODE
12-06 20:16:49.520  2918  2918 D PhoneSwitcher: onDdsSwitchResponse: DDS switch success on phoneId = 0
12-06 20:16:49.520  2918  2918 D PhoneSwitcher: notifyPreferredDataSubIdChanged to 1
12-06 20:16:49.520  1862  3199 D TelephonyRegistry: notifyActiveDataSubIdChanged: activeDataSubId=1
12-06 20:16:49.522  2918  2918 D DNC-0   : onAddNetworkRequest: added [NetworkRequest [ REQUEST id=98, [ Capabilities: INTERNET&NOT_RESTRICTED&TRUSTED&NOT_VCN_MANAGED&NOT_BANDWIDTH_CONSTRAINED Uid: 10659 RequestorUid: 10678 RequestorPkg: com.android.systemui UnderlyingNetworks: Null] ], mPriority=20, state=UNSATISFIED, mAttachedDataNetwork=null, created time=20:16:49.294, evaluation result=null]
12-06 20:16:49.523  2918  2918 D DPM-0   : Can't find any data profile that can satisfy [NetworkRequest [ REQUEST id=98, [ Capabilities: INTERNET&NOT_RESTRICTED&TRUSTED&NOT_VCN_MANAGED&NOT_BANDWIDTH_CONSTRAINED Uid: 10659 RequestorUid: 10678 RequestorPkg: com.android.systemui UnderlyingNetworks: Null] ], mPriority=20, state=UNSATISFIED, mAttachedDataNetwork=null, created time=20:16:49.294, evaluation result=null]
