--------- beginning of events
05-26 03:16:53.285   668   668 I auditd  : SELinux: Loaded service context from:
05-26 03:16:53.285   668   668 I auditd  : 		/system/etc/selinux/plat_service_contexts
05-26 03:16:53.285   668   668 I auditd  : 		/system_ext/etc/selinux/system_ext_service_contexts
05-26 03:16:53.285   668   668 I auditd  : 		/product/etc/selinux/product_service_contexts
05-26 03:16:53.285   668   668 I auditd  : 		/vendor/etc/selinux/vendor_service_contexts
05-26 03:16:53.285   668   668 I auditd  : 		/odm/etc/selinux/odm_service_contexts
01-01 01:00:00.227   666   666 I auditd  : type=2000 audit(0.0:1): state=initialized audit_enabled=0 res=1
05-26 03:16:51.895   666   666 I auditd  : type=1403 audit(0.0:2): auid=4294967295 ses=4294967295 lsm=selinux res=1
05-26 03:16:51.895   666   666 I auditd  : type=1404 audit(0.0:3): enforcing=1 old_enforcing=0 auid=4294967295 ses=4294967295 enabled=1 old-enabled=1 lsm=selinux res=1
05-26 03:16:51.995     1     1 I auditd  : type=1107 audit(0.0:4): uid=0 auid=4294967295 ses=4294967295 subj=u:r:init:s0 msg='avc:  denied  { read } for property=init.svc.recovery pid=0 uid=0 gid=0 scontext=u:r:vendor_init:s0 tcontext=u:object_r:init_service_status_private_prop:s0 tclass=file permissive=0'
05-26 03:16:52.539   661   661 I auditd  : type=1400 audit(0.0:5): avc:  denied  { kill } for  comm="linkerconfig" capability=5  scontext=u:r:linkerconfig:s0 tcontext=u:r:linkerconfig:s0 tclass=capability permissive=0
05-26 03:16:53.343   687   687 I auditd  : type=1400 audit(0.0:6): avc:  denied  { kill } for  comm="e2fsck" capability=5  scontext=u:r:fsck:s0 tcontext=u:r:fsck:s0 tclass=capability permissive=0
05-26 03:16:53.391     1     1 I auditd  : type=1400 audit(0.0:7): avc:  denied  { mounton } for  comm="init" path="/vendor/dsp/cdsp/fastrpc_shell_3" dev="sde49" ino=51 scontext=u:r:init:s0 tcontext=u:object_r:adsprpcd_file:s0 tclass=file permissive=0
05-26 03:16:53.435   718   718 I auditd  : type=1400 audit(0.0:8): avc:  denied  { kill } for  comm="vdc" capability=5  scontext=u:r:vdc:s0 tcontext=u:r:vdc:s0 tclass=capability permissive=0
05-26 03:16:53.476   713   713 I auditd  : SELinux: Loaded keystore2 context from:
05-26 03:16:53.476   713   713 I auditd  : 		/system/etc/selinux/plat_keystore2_key_contexts
05-26 03:16:53.476   713   713 I auditd  : 		/system_ext/etc/selinux/system_ext_keystore2_key_contexts
05-26 03:16:53.476   713   713 I auditd  : 		/product/etc/selinux/product_keystore2_key_contexts
05-26 03:16:53.476   713   713 I auditd  : 		/vendor/etc/selinux/vendor_keystore2_key_contexts
05-26 03:16:53.499   731   731 I auditd  : type=1400 audit(0.0:9): avc:  denied  { kill } for  comm="fsck.f2fs" capability=5  scontext=u:r:fsck:s0 tcontext=u:r:fsck:s0 tclass=capability permissive=0
05-26 03:16:53.555   720   720 I auditd  : type=1400 audit(0.0:10): avc:  denied  { kill } for  comm="vdc" capability=5  scontext=u:r:vdc:s0 tcontext=u:r:vdc:s0 tclass=capability permissive=0
05-26 03:16:53.776   772   772 I auditd  : SELinux: Loaded file context from:
05-26 03:16:53.776   772   772 I auditd  : 		/system/etc/selinux/plat_file_contexts
05-26 03:16:53.776   772   772 I auditd  : 		/system_ext/etc/selinux/system_ext_file_contexts
05-26 03:16:53.776   772   772 I auditd  : 		/product/etc/selinux/product_file_contexts
05-26 03:16:53.776   772   772 I auditd  : 		/vendor/etc/selinux/vendor_file_contexts
05-26 03:16:53.776   772   772 I auditd  : 		/odm/etc/selinux/odm_file_contexts
05-26 03:16:53.827   906   906 I auditd  : type=1400 audit(0.0:11): avc:  denied  { kill } for  comm="linkerconfig" capability=5  scontext=u:r:linkerconfig:s0 tcontext=u:r:linkerconfig:s0 tclass=capability permissive=0
12-06 20:16:11.919   933   933 I boot_progress_start: 4789
12-06 20:16:12.184   933   933 I snet_event_log: [200284993,-1,]
12-06 20:16:12.197   934   934 I snet_event_log: [200284993,-1,]
12-06 20:16:12.675  1103  1103 I liblog  : 780
12-06 20:16:13.115  1583  1583 I liblog  : 22
12-06 20:16:13.136  1583  1583 I liblog  : 66
12-06 20:16:13.196   669   669 I auditd  : avc:  denied  { find } for interface=com.fingerprints.extension::IFingerprintEngineering sid=u:r:hal_fingerprint_default:s0 pid=1643 scontext=u:r:hal_fingerprint_default:s0 tcontext=u:object_r:default_android_hwservice:s0 tclass=hwservice_manager permissive=0
12-06 20:16:13.196   669   669 I auditd  : avc:  denied  { find } for interface=com.fingerprints.extension::IFingerprintOptical sid=u:r:hal_fingerprint_default:s0 pid=1643 scontext=u:r:hal_fingerprint_default:s0 tcontext=u:object_r:default_android_hwservice:s0 tclass=hwservice_manager permissive=0
12-06 20:16:13.252   668   668 I auditd  : type=1400 audit(0.0:12): avc:  denied  { call } for  comm="servicemanager" scontext=u:r:servicemanager:s0 tcontext=u:r:usbd:s0 tclass=binder permissive=0
12-06 20:16:14.205   668   668 I auditd  : avc:  denied  { find } for pid=1862 uid=1000 name=vendor.qti.hardware.servicetrackeraidl.IServicetracker/default scontext=u:r:system_server:s0 tcontext=u:object_r:default_android_service:s0 tclass=service_manager permissive=0
12-06 20:16:15.673  1862  1862 I dvm_lock_sample: [system_server,1,main,1176,DisplayManagerService.java,773,void com.android.server.display.DisplayManagerService.onBootPhase(int),-,2336,void com.android.server.display.DisplayManagerService.registerDefaultDisplayAdapters(),100]
12-06 20:16:15.696  1284  1284 I auditd  : type=1400 audit(0.0:13): avc:  denied  { fowner } for  comm="mdm_helper" capability=3  scontext=u:r:vendor_mdm_helper:s0 tcontext=u:r:vendor_mdm_helper:s0 tclass=capability permissive=0
12-06 20:16:16.120  2007  2007 I auditd  : type=1400 audit(0.0:14): avc:  denied  { getattr } for  comm="rm" path="/data/resource-cache" dev="dm-40" ino=503231 scontext=u:r:toolbox:s0 tcontext=u:object_r:resourcecache_data_file:s0 tclass=dir permissive=0
12-06 20:16:16.120  2007  2007 I auditd  : type=1400 audit(0.0:15): avc:  denied  { getattr } for  comm="rm" path="/data/resource-cache" dev="dm-40" ino=503231 scontext=u:r:toolbox:s0 tcontext=u:object_r:resourcecache_data_file:s0 tclass=dir permissive=0
12-06 20:16:17.672  1659  1659 I auditd  : type=1400 audit(0.0:16): avc:  denied  { read } for  comm=5849414F4D49205354415453 name="u:object_r:default_prop:s0" dev="tmpfs" ino=14388 scontext=u:r:rild:s0 tcontext=u:object_r:default_prop:s0 tclass=file permissive=0
12-06 20:16:17.748  1659  1659 I auditd  : type=1400 audit(0.0:17): avc:  denied  { write } for  comm="DispatcherModul" name="diag" dev="dm-40" ino=345673 scontext=u:r:rild:s0 tcontext=u:object_r:vendor_data_file:s0 tclass=dir permissive=0
12-06 20:16:19.317  1583  1583 I liblog  : 2
12-06 20:16:19.853  1576  1624 I liblog  : 65
12-06 20:16:19.858  1576  1624 I liblog  : 22
12-06 20:16:19.859  1576  1624 I liblog  : 7
12-06 20:16:19.932  1095  1095 I auditd  : type=1400 audit(0.0:18): avc:  denied  { read } for  comm="HwBinder:1095_2" name="f0_value" dev="sysfs" ino=66404 scontext=u:r:hal_audio_default:s0 tcontext=u:object_r:sysfs:s0 tclass=file permissive=0
12-06 20:16:26.505  1862  1979 I dvm_lock_sample: [system_server,0,PackageManager,555,PackageManagerService.java,1649,void com.android.server.pm.PackageManagerService.writeSettings(boolean),-,2591,void com.android.server.pm.PackageManagerService.<init>(com.android.server.pm.PackageManagerServiceInjector, boolean, java.lang.String, boolean, boolean, int, java.lang.String),100]
12-06 20:16:43.278  1862  1862 I liblog  : 20
12-06 20:16:43.278  1862  1862 I liblog  : 1
12-06 20:16:43.596  1862  1862 I auditd  : type=1400 audit(0.0:19): avc:  denied  { map } for  comm="android.bg" path="/system/framework/oat" dev="dm-0" ino=1444 scontext=u:r:system_server:s0 tcontext=u:object_r:system_file:s0 tclass=dir permissive=0
12-06 20:16:43.596  1862  1862 I auditd  : type=1400 audit(0.0:20): avc:  denied  { map } for  comm="android.bg" path="/system/framework/arm64" dev="dm-0" ino=1346 scontext=u:r:system_server:s0 tcontext=u:object_r:system_file:s0 tclass=dir permissive=0
12-06 20:16:45.044  1862  1862 I auditd  : type=1400 audit(0.0:21): avc:  denied  { read } for  comm="system_server" name="u:object_r:vendor_default_prop:s0" dev="tmpfs" ino=14661 scontext=u:r:system_server:s0 tcontext=u:object_r:vendor_default_prop:s0 tclass=file permissive=0
12-06 20:16:45.726  1862  1862 I liblog  : 27
12-06 20:16:46.348  1862  1862 I auditd  : type=1400 audit(0.0:22): avc:  denied  { read } for  comm="system_server" name="u:object_r:custom_version_prop:s0" dev="tmpfs" ino=14378 scontext=u:r:system_server:s0 tcontext=u:object_r:custom_version_prop:s0 tclass=file permissive=0
12-06 20:16:47.048  2849  2849 I auditd  : type=1400 audit(0.0:23): avc:  denied  { read } for  comm="qtidataservices" name="u:object_r:default_prop:s0" dev="tmpfs" ino=14388 scontext=u:r:vendor_qtidataservices_app:s0:c55,c258,c512,c768 tcontext=u:object_r:default_prop:s0 tclass=file permissive=0 app=vendor.qti.hardware.cacert.server
12-06 20:16:47.129  1862  2578 I dvm_lock_sample: [system_server,1,NetworkPolicy.uid,263,NetworkStatsService.java,2067,void android.net.connectivity.com.android.server.net.NetworkStatsService.noteUidForeground(int, boolean),-,1714,android.net.NetworkStatsCollection android.net.connectivity.com.android.server.net.NetworkStatsService$1.getUidComplete(),52]
12-06 20:16:47.200  2916  2916 I auditd  : type=1400 audit(0.0:24): avc:  denied  { read } for  comm="qtidataservices" name="u:object_r:default_prop:s0" dev="tmpfs" ino=14388 scontext=u:r:vendor_qtidataservices_app:s0:c57,c258,c512,c768 tcontext=u:object_r:default_prop:s0 tclass=file permissive=0 app=com.qualcomm.qti.cne
12-06 20:16:47.356  2875  2875 I auditd  : type=1400 audit(0.0:25): avc:  denied  { search } for  comm="com.android.nfc" name="nfc" dev="dm-40" ino=152841 scontext=u:r:nfc:s0 tcontext=u:object_r:vendor_nfc_vendor_data_file:s0 tclass=dir permissive=0
12-06 20:16:47.812  2918  3051 I dvm_lock_sample: [com.android.phone,0,DeviceStateHelperThread,445,PhoneFactory.java,389,com.android.internal.telephony.Phone[] com.android.internal.telephony.PhoneFactory.getPhones(),-,467,com.android.internal.telephony.CommandsInterface[] com.android.internal.telephony.PhoneFactory.getCommandsInterfaces(),89]
12-06 20:16:48.152  3213  3213 I auditd  : type=1400 audit(0.0:26): avc:  denied  { read } for  comm="qtidataservices" name="u:object_r:default_prop:s0" dev="tmpfs" ino=14388 scontext=u:r:vendor_qtidataservices_app:s0:c56,c258,c512,c768 tcontext=u:object_r:default_prop:s0 tclass=file permissive=0 app=vendor.qti.iwlan
--------- beginning of radio
12-06 20:16:49.063  2918  3059 E RILJ    : processResponse: Unexpected response! serial: 107, error: 0 [PHONE0]
12-06 20:16:49.063  2918  3059 E RILJ    : processResponse: Unexpected response! serial: 107, error: 0 [PHONE0]
12-06 20:16:49.073  2918  3059 E RILJ    : processResponse: Unexpected response! serial: 107, error: 0 [PHONE0]
12-06 20:16:49.074  2918  3059 E RILJ    : processResponse: Unexpected response! serial: 107, error: 0 [PHONE0]
12-06 20:16:49.075  2918  3059 D RILJ    : [0080]< SET_LINK_CAPACITY_REPORTING_CRITERIA  [PHONE1]
12-06 20:16:49.082  2918  3059 E RILJ    : processResponse: Unexpected response! serial: 107, error: 0 [PHONE0]
12-06 20:16:49.083  2918  3059 E RILJ    : processResponse: Unexpected response! serial: 107, error: 44 [PHONE0]
12-06 20:16:49.088  2918  3059 D RILJ    : [0105]< VOICE_REGISTRATION_STATE {.regState = NOT_REG_MT_SEARCHING_OP, .rat = UNKNOWN, .reasonForDenial = NONE, .cellIdentity = {.noinit = {}}, .registeredPlmn = , .accessTechnologySpecificInfo = {.noinit = {}}} [PHONE1]
12-06 20:16:49.088  2918  3262 D CellularNetworkService: No access tech specific info passes for RegStateResult
12-06 20:16:49.088  2918  3262 D NRM-C-1 : onRequestNetworkRegistrationInfoComplete result: 0, info: NetworkRegistrationInfo{ domain=CS transportType=WWAN registrationState=NOT_REG_SEARCHING networkRegistrationState=NOT_REG_SEARCHING roamingType=NOT_ROAMING accessNetworkTechnology=UNKNOWN rejectCause=0 emergencyEnabled=false availableServices=[] cellIdentity=null voiceSpecificInfo=VoiceSpecificRegistrationInfo { mCssSupported=false mRoamingIndicator=0 mSystemIsInPrl=0 mDefaultRoamingIndicator=0} dataSpecificInfo=null nrState=**** rRplmn= isUsingCarrierAggregation=false isNonTerrestrialNetwork=TERRESTRIAL}
12-06 20:16:49.089  1701  1751 E RILQ    : (1/1701): RIL[1][(1701,1751)] get_ecc_property_name: ecc list name : ril.ecclist1.
12-06 20:16:49.089  2918  3059 D RILJ    : [UNSL]< UNSOL_EMERGENCY_NUMBER_LIST [[EmergencyNumber: 112, countryIso=, mnc=, src=sim , routing=unknown, categories=, urns=], [EmergencyNumber: 911, countryIso=, mnc=, src=sim , routing=unknown, categories=, urns=]] [PHONE1]
12-06 20:16:49.105  2918  3059 D RILJ    : [0057]< RADIO_POWER  [PHONE1]
12-06 20:16:49.108  2918  2945 D NRM-I-0 : onNetworkStateChanged
12-06 20:16:49.109  2918  2945 D NRM-I-1 : onNetworkStateChanged
12-06 20:16:49.125  2918  2918 D DSMGR-0 : mIsDataEnabled=true, prevDataEnabled=false
12-06 20:16:49.125  2918  2918 D DSMGR-0 : notifyDataEnabledChanged: enabled=true, reason=USER, callingPackage=com.android.phone
12-06 20:16:49.128  2918  2918 D Phone-0 : isImsCapabilityAvailable, capability=0, regTech=1, isAvailable=false
12-06 20:16:49.128  2918  2918 D Phone-0 : isImsCapabilityAvailable, capability=1, regTech=1, isAvailable=false
12-06 20:16:49.128  2918  2918 D Phone-0 : isImsCapabilityAvailable, capability=2, regTech=1, isAvailable=false
12-06 20:16:49.129  2918  2918 D Phone-0 : getImsRegistrationTechnology =-1
12-06 20:16:49.129  2918  2918 D SST     : [0] SubscriptionListener.onSubscriptionInfoChanged
12-06 20:16:49.129  2918  2918 D SST     : [1] SubscriptionListener.onSubscriptionInfoChanged
12-06 20:16:49.129  2918  2918 D TNP     : Subscription changed.
12-06 20:16:49.129  2918  2918 D TNP     : reevaluateNetworkRequests: subscription changed.
12-06 20:16:49.131  2918  2918 D Phone-0 : isImsRegistered =false
12-06 20:16:49.135  2918  2918 D Phone-0 : getImsRegistrationTechnology =-1
12-06 20:16:49.136  2918  3365 D NRM-I-1 : onRequestNetworkRegistrationInfoComplete result: 0, info: NetworkRegistrationInfo{ domain=PS transportType=WLAN registrationState=NOT_REG_OR_SEARCHING networkRegistrationState=NOT_REG_OR_SEARCHING roamingType=NOT_ROAMING accessNetworkTechnology=IWLAN rejectCause=0 emergencyEnabled=false availableServices=[] cellIdentity=null voiceSpecificInfo=null dataSpecificInfo=null nrState=**** rRplmn= isUsingCarrierAggregation=false isNonTerrestrialNetwork=TERRESTRIAL}
12-06 20:16:49.156  1701  1751 D RILC    : radioStateChangedInd: radioState 10
12-06 20:16:49.157  2918  3059 D RILJ    : Unsol response received; Sending ack to ril.cpp [PHONE1]
12-06 20:16:49.157  2918  3059 D RILJ    : [UNSL]< UNSOL_RESPONSE_NETWORK_STATE_CHANGED [PHONE1]
12-06 20:16:49.157  2918  3262 D NRM-C-1 : onNetworkStateChanged
12-06 20:16:49.163  1862  2996 I dvm_lock_sample: [system_server,1,binder:1862_9,35,BroadcastController.java,721,int com.android.server.am.BroadcastController.broadcastIntentWithFeature(android.app.IApplicationThread, java.lang.String, android.content.Intent, java.lang.String, android.content.IIntentReceiver, int, java.lang.String, android.os.Bundle, java.lang.String[], java.lang.String[], java.lang.String[], int, android.os.Bundle, boolean, boolean, int),,0,null,7]
12-06 20:16:49.167  2918  3059 D RILJ    : Unsol response received; Sending ack to ril.cpp [PHONE1]
12-06 20:16:49.167  2918  3059 D RILJ    : [UNSL]< UNSOL_RESPONSE_RADIO_STATE_CHANGED radioStateChanged: 1 [PHONE1]
12-06 20:16:49.167  2918  3059 D RILJ    : [0066]< SET_UNSOLICITED_RESPONSE_FILTER  [PHONE1]
12-06 20:16:49.170  2918  3059 D RILJ    : Unsol response received; Sending ack to ril.cpp [PHONE1]
12-06 20:16:49.170  2918  3059 D RILJ    : [UNSL]< UNSOL_RESPONSE_NETWORK_STATE_CHANGED [PHONE1]
12-06 20:16:49.170  2918  3262 D NRM-C-1 : onNetworkStateChanged
12-06 20:16:49.171  2918  3059 D RILJ    : [0075]< SET_UNSOLICITED_RESPONSE_FILTER  [PHONE1]
12-06 20:16:49.171  2918  3059 D RILJ    : Unsol response received; Sending ack to ril.cpp [PHONE0]
12-06 20:16:49.171  2918  3059 D RILJ    : [UNSL]< UNSOL_RESPONSE_NETWORK_STATE_CHANGED [PHONE0]
12-06 20:16:49.172  2918  3262 D NRM-C-0 : onNetworkStateChanged
12-06 20:16:49.174  2918  3059 D RILJ    : [0060]< RADIO_POWER  [PHONE1]
12-06 20:16:49.177  2918  3059 D RILJ    : [0030]< RADIO_POWER  [PHONE0]
12-06 20:16:49.179  1701  1751 D RILC    : radioStateChangedInd: radioState 10
12-06 20:16:49.179  1659  1752 D RILC    : radioStateChangedInd: radioState 10
12-06 20:16:49.181  2918  3059 D RILJ    : Unsol response received; Sending ack to ril.cpp [PHONE1]
12-06 20:16:49.181  2918  3059 D RILJ    : [UNSL]< UNSOL_RESPONSE_RADIO_STATE_CHANGED radioStateChanged: 1 [PHONE1]
12-06 20:16:49.184  2918  3059 D RILJ    : Unsol response received; Sending ack to ril.cpp [PHONE0]
12-06 20:16:49.184  2918  3059 D RILJ    : [UNSL]< UNSOL_RESPONSE_RADIO_STATE_CHANGED radioStateChanged: 1 [PHONE0]
12-06 20:16:49.185  2918  3059 D RILJ    : Unsol response received; Sending ack to ril.cpp [PHONE1]
12-06 20:16:49.185  2918  3059 D RILJ    : [UNSL]< UNSOL_RESPONSE_NETWORK_STATE_CHANGED [PHONE1]
12-06 20:16:49.185  2918  3262 D NRM-C-1 : onNetworkStateChanged
12-06 20:16:49.185  2918  2918 D ImsManagerIM [0]: ImsService not up yet - timeout waiting for connection.
12-06 20:16:49.185  2918  3059 D RILJ    : Unsol response received; Sending ack to ril.cpp [PHONE0]
12-06 20:16:49.185  2918  3059 D RILJ    : [UNSL]< UNSOL_RESPONSE_NETWORK_STATE_CHANGED [PHONE0]
12-06 20:16:49.185  2918  3262 D NRM-C-0 : onNetworkStateChanged
12-06 20:16:49.220  2918  2918 D SMSDispatcher: Received broadcast android.intent.action.SIM_STATE_CHANGED
12-06 20:16:49.220  2918  2918 D SMSDispatcher: Received broadcast android.intent.action.SIM_STATE_CHANGED
12-06 20:16:49.220  2918  2918 D SMSDispatcher: Received broadcast android.intent.action.SIM_STATE_CHANGED
12-06 20:16:49.220  2918  2918 D SMSDispatcher: Received broadcast android.intent.action.SIM_STATE_CHANGED
12-06 20:16:49.220  2918  2918 D SMSDispatcher: Received broadcast android.intent.action.SIM_STATE_CHANGED
12-06 20:16:49.220  2918  2918 D SMSDispatcher: Received broadcast android.intent.action.SIM_STATE_CHANGED
12-06 20:16:49.231  2918  2918 D SSCtr   : clearSignalStrengthUpdateRequest subId=1 callingUid=1002 request=SignalStrengthUpdateRequest{mSignalThresholdInfos=[] mIsReportingRequestedWhileIdle=false mIsSystemThresholdReportingRequestedWhileIdle=true mLiveTokenandroid.os.BinderProxy@1899cda}
12-06 20:16:49.232  2918  2918 D LocaleTracker-0: updateLocale: countryIso = , countryIsoDebugInfo = empty as default
12-06 20:16:49.232  2918  2918 D LocaleTracker-0: updateLocale: timeZoneCountryIso = , timeZoneCountryIsoDebugInfo = empty as default
12-06 20:16:49.232  2918  2918 D NitzStateMachineImpl: handleCountryUnavailable: mLatestNitzSignal=null
12-06 20:16:49.232  2918  2918 D NitzStateMachineImpl: doTimeZoneDetection: countryIsoCode=null, nitzSignal=null, suggestion=TelephonyTimeZoneSuggestion{mSlotIndex=0, mZoneId='null', mMatchType=0, mQuality=0, mDebugInfo=[getTimeZoneSuggestion: nitzSignal=null, countryIsoCode=null, Detection reason=handleCountryUnavailable]}, reason=handleCountryUnavailable
12-06 20:16:49.232  2918  2918 D ImsPhone: [0] handleMessage what=83
12-06 20:16:49.232  2918  2918 D Phone-0 : isImsCapabilityAvailable, capability=0, regTech=1, isAvailable=false
12-06 20:16:49.232  2918  2918 D Phone-0 : isImsCapabilityAvailable, capability=1, regTech=1, isAvailable=false
12-06 20:16:49.233  2918  2918 D Phone-0 : isImsCapabilityAvailable, capability=2, regTech=1, isAvailable=false
12-06 20:16:49.233  2918  2918 D Phone-0 : getImsRegistrationTechnology =-1
12-06 20:16:49.233  2918  2918 D UiccProfile: handleMessage: Received OPEN_LOGICAL_CHANNEL_DONE for phoneId 0
12-06 20:16:49.234  2918  2918 D UiccProfile: handleMessage: Error in SIM access with exception com.android.internal.telephony.CommandException: NO_SUCH_ELEMENT
12-06 20:16:49.234  2918  2918 W Phone-0 : Unexpected failure to retrieve usage setting com.android.internal.telephony.CommandException: REQUEST_NOT_SUPPORTED
12-06 20:16:49.234  2918  2918 D SMSVC   : updateUserIdToAvailableSubs: {-10000=[1]}
12-06 20:16:49.236  2918  3368 D TelephonyAnalyticsSubId: SubId = 1SlotIndex = 0
12-06 20:16:49.237  2918  3184 E TelephonyAnalyticsSubId: Null Pointer Exception Caught
12-06 20:16:49.237  2918  3185 D ImsProvisioningController: MmTelFeatureListener[0] subId is not changed
12-06 20:16:49.237  2918  3185 D ImsProvisioningController: MmTelFeatureListener[1] subId is not changed
12-06 20:16:49.237  2918  3185 D ImsProvisioningController: RcsFeatureListener[0] subId is not changed
12-06 20:16:49.237  2918  3185 D ImsProvisioningController: RcsFeatureListener[1] subId is not changed
12-06 20:16:49.237  2918  3185 D ImsProvisioningController: ProvisioningCallbackManager[0] subId is not changed 
12-06 20:16:49.237  2918  3185 D ImsProvisioningController: ProvisioningCallbackManager[1] subId is not changed 
12-06 20:16:49.238  2918  2918 D SST     : [0] pollState: modemTriggered=true, radioState=1
12-06 20:16:49.240  2918  2918 D RILJ    : [0120]> OPERATOR [PHONE0]
12-06 20:16:49.241  1862  3200 W TelephonyRegistry: Pid 1862 has exceeded half the number of permissible registered listeners. Now at 38
12-06 20:16:49.243  2918  3059 D RILJ    : [0120]< OPERATOR {, , } [PHONE0]
12-06 20:16:49.243  2918  3262 D RILJ    : [0121]> DATA_REGISTRATION_STATE [PHONE0]
12-06 20:16:49.243  2918  3262 D RILJ    : getDataRegistrationState: overrideHalVersion=null [PHONE0]
12-06 20:16:49.244  1659  1659 D RILC    : RadioImpl_1_5::getDataRegistrationState_1_5: serial 121
12-06 20:16:49.244  2918  3059 D RILJ    : [0036]< SET_UNSOLICITED_RESPONSE_FILTER  [PHONE0]
12-06 20:16:49.244  2918  2918 D RILJ    : [0122]> QUERY_NETWORK_SELECTION_MODE [PHONE0]
12-06 20:16:49.245  2918  3262 D RILJ    : [0123]> VOICE_REGISTRATION_STATE [PHONE0]
12-06 20:16:49.245  2918  3262 D RILJ    : getVoiceRegistrationState: overrideHalVersion=null [PHONE0]
12-06 20:16:49.245  2918  2918 D GsmCdmaPhone: [0] EVENT_SUBSCRIPTIONS_CHANGED
12-06 20:16:49.245  1659  1659 D RILC    : RadioImpl_1_5::getVoiceRegistrationState_1_5: serial 123
12-06 20:16:49.246  2918  2918 I NullCipherNotifier: Ignoring setSubscriptionMapping. Notifier is disabled.
12-06 20:16:49.246  2918  3059 D RILJ    : [0121]< DATA_REGISTRATION_STATE {.regState = NOT_REG_MT_SEARCHING_OP, .rat = UNKNOWN, .reasonForDenial = NONE, .cellIdentity = {.noinit = {}}, .registeredPlmn = , .accessTechnologySpecificInfo = {.noinit = {}}} [PHONE0]
12-06 20:16:49.246  2918  3262 D CellularNetworkService: No access tech specific info passes for RegStateResult
12-06 20:16:49.246  2918  3262 D NRM-C-0 : onRequestNetworkRegistrationInfoComplete result: 0, info: NetworkRegistrationInfo{ domain=PS transportType=WWAN registrationState=NOT_REG_SEARCHING networkRegistrationState=NOT_REG_SEARCHING roamingType=NOT_ROAMING accessNetworkTechnology=UNKNOWN rejectCause=0 emergencyEnabled=false availableServices=[] cellIdentity=null voiceSpecificInfo=null dataSpecificInfo=android.telephony.DataSpecificRegistrationInfo :{ maxDataCalls = 16 isDcNrRestricted = false isNrAvailable = false isEnDcAvailable = false mLteAttachResultType = 0 mLteAttachExtraInfo = 0 LteVopsSupportInfo :  mVopsSupport = 1 mEmcBearerSupport = 1 } nrState=**** rRplmn= isUsingCarrierAggregation=false isNonTerrestrialNetwork=TERRESTRIAL}
12-06 20:16:49.246  2918  2918 D GsmCdmaPhone: [1] EVENT_SUBSCRIPTIONS_CHANGED
12-06 20:16:49.246  2918  2918 I NullCipherNotifier: Ignoring setSubscriptionMapping. Notifier is disabled.
12-06 20:16:49.247  2918  3059 D RILJ    : [0122]< QUERY_NETWORK_SELECTION_MODE {0} [PHONE0]
12-06 20:16:49.248  2918  2918 D PhoneSwitcher: SIM refresh, notify dds change
12-06 20:16:49.248  2918  2918 D PhoneSwitcher: notifyPreferredDataSubIdChanged to 1
12-06 20:16:49.248  1862  2680 D TelephonyRegistry: notifyActiveDataSubIdChanged: activeDataSubId=1
12-06 20:16:49.249  2918  2918 D PhoneSwitcher: evaluating due to subscription changed phone[0] -1->1
12-06 20:16:49.249  2918  2918 D PhoneSwitcher: sendRilCommands: setPreferredDataModem - phoneId: 0
12-06 20:16:49.249  2918  2918 D RadioConfig: [0124]> SET_PREFERRED_DATA_MODEM 0
12-06 20:16:49.249  2918  2918 D DNC-0   : onAddNetworkRequest: added [NetworkRequest [ REQUEST id=12, [ Transports: SATELLITE Capabilities: INTERNET&TRUSTED&NOT_VPN&NOT_VCN_MANAGED Uid: 10613 UnderlyingNetworks: Null] ], mPriority=20, state=UNSATISFIED, mAttachedDataNetwork=null, created time=20:16:48.169, evaluation result=null]
12-06 20:16:49.251  2918  2918 D DPM-0   : Can't find any data profile that can satisfy [NetworkRequest [ REQUEST id=12, [ Transports: SATELLITE Capabilities: INTERNET&TRUSTED&NOT_VPN&NOT_VCN_MANAGED Uid: 10613 UnderlyingNetworks: Null] ], mPriority=20, state=UNSATISFIED, mAttachedDataNetwork=null, created time=20:16:48.169, evaluation result=null]
12-06 20:16:49.251  2918  2918 D DPM-0   : Unable to find a data profile for [NetworkRequest [ REQUEST id=12, [ Transports: SATELLITE Capabilities: INTERNET&TRUSTED&NOT_VPN&NOT_VCN_MANAGED Uid: 10613 UnderlyingNetworks: Null] ], mPriority=20, state=UNSATISFIED, mAttachedDataNetwork=null, created time=20:16:48.170, evaluation result=null]
12-06 20:16:49.251  2918  2918 D DNC-0   : Data evaluation: evaluation reason:NEW_REQUEST, Data disallowed reasons: DATA_NETWORK_TRANSPORT_NOT_ALLOWED NO_SUITABLE_DATA_PROFILE SERVICE_OPTION_NOT_SUPPORTED NOT_IN_SERVICE SIM_NOT_READY DATA_CONFIG_NOT_READY, candidate profile=null, time=20:16:49.251, network type=UNKNOWN, reg state=UNKNOWN, [NetworkRequest [ REQUEST id=12, [ Transports: SATELLITE Capabilities: INTERNET&TRUSTED&NOT_VPN&NOT_VCN_MANAGED Uid: 10613 UnderlyingNetworks: Null] ], mPriority=20, state=UNSATISFIED, mAttachedDataNetwork=null, created time=20:16:48.170, evaluation result=Data evaluation: evaluation reason:NEW_REQUEST, Data disallowed reasons: DATA_NETWORK_TRANSPORT_NOT_ALLOWED NO_SUITABLE_DATA_PROFILE SERVICE_OPTION_NOT_SUPPORTED NOT_IN_SERVICE SIM_NOT_READY DATA_CONFIG_NOT_READY, candidate profile=null, time=20:16:49.251]
12-06 20:16:49.251  2918  2918 D DNC-0   : onAddNetworkRequest: added [NetworkRequest [ REQUEST id=65, [ Capabilities: INTERNET&NOT_RESTRICTED&TRUSTED&NOT_VCN_MANAGED&NOT_BANDWIDTH_CONSTRAINED Uid: 1073 RequestorUid: 1073 RequestorPkg: com.android.networkstack UnderlyingNetworks: Null] ], mPriority=20, state=UNSATISFIED, mAttachedDataNetwork=null, created time=20:16:48.171, evaluation result=null]
12-06 20:16:49.252  2918  2918 D DPM-0   : Can't find any data profile that can satisfy [NetworkRequest [ REQUEST id=65, [ Capabilities: INTERNET&NOT_RESTRICTED&TRUSTED&NOT_VCN_MANAGED&NOT_BANDWIDTH_CONSTRAINED Uid: 1073 RequestorUid: 1073 RequestorPkg: com.android.networkstack UnderlyingNetworks: Null] ], mPriority=20, state=UNSATISFIED, mAttachedDataNetwork=null, created time=20:16:48.172, evaluation result=null]
12-06 20:16:49.252  2918  2918 D DPM-0   : Unable to find a data profile for [NetworkRequest [ REQUEST id=65, [ Capabilities: INTERNET&NOT_RESTRICTED&TRUSTED&NOT_VCN_MANAGED&NOT_BANDWIDTH_CONSTRAINED Uid: 1073 RequestorUid: 1073 RequestorPkg: com.android.networkstack UnderlyingNetworks: Null] ], mPriority=20, state=UNSATISFIED, mAttachedDataNetwork=null, created time=20:16:48.172, evaluation result=null]
12-06 20:16:49.252  2918  2918 D DNC-0   : Data evaluation: evaluation reason:NEW_REQUEST, Data disallowed reasons: NO_SUITABLE_DATA_PROFILE SERVICE_OPTION_NOT_SUPPORTED NOT_IN_SERVICE SIM_NOT_READY DATA_CONFIG_NOT_READY, candidate profile=null, time=20:16:49.252, network type=UNKNOWN, reg state=UNKNOWN, [NetworkRequest [ REQUEST id=65, [ Capabilities: INTERNET&NOT_RESTRICTED&TRUSTED&NOT_VCN_MANAGED&NOT_BANDWIDTH_CONSTRAINED Uid: 1073 RequestorUid: 1073 RequestorPkg: com.android.networkstack UnderlyingNetworks: Null] ], mPriority=20, state=UNSATISFIED, mAttachedDataNetwork=null, created time=20:16:48.172, evaluation result=Data evaluation: evaluation reason:NEW_REQUEST, Data disallowed reasons: NO_SUITABLE_DATA_PROFILE SERVICE_OPTION_NOT_SUPPORTED NOT_IN_SERVICE SIM_NOT_READY DATA_CONFIG_NOT_READY, candidate profile=null, time=20:16:49.252]
12-06 20:16:49.252  2918  2918 D DNC-0   : onAddNetworkRequest: added [NetworkRequest [ REQUEST id=1, [ Capabilities: INTERNET&NOT_RESTRICTED&TRUSTED&NOT_VPN&NOT_VCN_MANAGED&NOT_BANDWIDTH_CONSTRAINED RequestorUid: 1000 RequestorPkg: android UnderlyingNetworks: Null] ], mPriority=20, state=UNSATISFIED, mAttachedDataNetwork=null, created time=20:16:48.171, evaluation result=null]
12-06 20:16:49.253  2918  2918 D DPM-0   : Can't find any data profile that can satisfy [NetworkRequest [ REQUEST id=1, [ Capabilities: INTERNET&NOT_RESTRICTED&TRUSTED&NOT_VPN&NOT_VCN_MANAGED&NOT_BANDWIDTH_CONSTRAINED RequestorUid: 1000 RequestorPkg: android UnderlyingNetworks: Null] ], mPriority=20, state=UNSATISFIED, mAttachedDataNetwork=null, created time=20:16:48.172, evaluation result=null]
12-06 20:16:49.253  2918  2918 D DPM-0   : Unable to find a data profile for [NetworkRequest [ REQUEST id=1, [ Capabilities: INTERNET&NOT_RESTRICTED&TRUSTED&NOT_VPN&NOT_VCN_MANAGED&NOT_BANDWIDTH_CONSTRAINED RequestorUid: 1000 RequestorPkg: android UnderlyingNetworks: Null] ], mPriority=20, state=UNSATISFIED, mAttachedDataNetwork=null, created time=20:16:48.172, evaluation result=null]
12-06 20:16:49.253  2918  2918 D DNC-0   : Data evaluation: evaluation reason:NEW_REQUEST, Data disallowed reasons: NO_SUITABLE_DATA_PROFILE SERVICE_OPTION_NOT_SUPPORTED NOT_IN_SERVICE SIM_NOT_READY DATA_CONFIG_NOT_READY, candidate profile=null, time=20:16:49.253, network type=UNKNOWN, reg state=UNKNOWN, [NetworkRequest [ REQUEST id=1, [ Capabilities: INTERNET&NOT_RESTRICTED&TRUSTED&NOT_VPN&NOT_VCN_MANAGED&NOT_BANDWIDTH_CONSTRAINED RequestorUid: 1000 RequestorPkg: android UnderlyingNetworks: Null] ], mPriority=20, state=UNSATISFIED, mAttachedDataNetwork=null, created time=20:16:48.172, evaluation result=Data evaluation: evaluation reason:NEW_REQUEST, Data disallowed reasons: NO_SUITABLE_DATA_PROFILE SERVICE_OPTION_NOT_SUPPORTED NOT_IN_SERVICE SIM_NOT_READY DATA_CONFIG_NOT_READY, candidate profile=null, time=20:16:49.253]
12-06 20:16:49.253  2918  2918 D DNC-0   : onAddNetworkRequest: added [NetworkRequest [ BACKGROUND_REQUEST id=2, [ Transports: CELLULAR Capabilities: INTERNET&NOT_RESTRICTED&TRUSTED&NOT_VPN&NOT_VCN_MANAGED&NOT_BANDWIDTH_CONSTRAINED RequestorUid: 1000 RequestorPkg: android UnderlyingNetworks: Null] ], mPriority=20, state=UNSATISFIED, mAttachedDataNetwork=null, created time=20:16:48.175, evaluation result=null]
12-06 20:16:49.254  2918  3262 D CellularNetworkService: No access tech specific info passes for RegStateResult
12-06 20:16:49.254  2918  3059 D RILJ    : [0123]< VOICE_REGISTRATION_STATE {.regState = NOT_REG_MT_SEARCHING_OP, .rat = UNKNOWN, .reasonForDenial = NONE, .cellIdentity = {.noinit = {}}, .registeredPlmn = , .accessTechnologySpecificInfo = {.noinit = {}}} [PHONE0]
12-06 20:16:49.254  2918  2918 D DPM-0   : Can't find any data profile that can satisfy [NetworkRequest [ BACKGROUND_REQUEST id=2, [ Transports: CELLULAR Capabilities: INTERNET&NOT_RESTRICTED&TRUSTED&NOT_VPN&NOT_VCN_MANAGED&NOT_BANDWIDTH_CONSTRAINED RequestorUid: 1000 RequestorPkg: android UnderlyingNetworks: Null] ], mPriority=20, state=UNSATISFIED, mAttachedDataNetwork=null, created time=20:16:48.175, evaluation result=null]
12-06 20:16:49.254  2918  2918 D DPM-0   : Unable to find a data profile for [NetworkRequest [ BACKGROUND_REQUEST id=2, [ Transports: CELLULAR Capabilities: INTERNET&NOT_RESTRICTED&TRUSTED&NOT_VPN&NOT_VCN_MANAGED&NOT_BANDWIDTH_CONSTRAINED RequestorUid: 1000 RequestorPkg: android UnderlyingNetworks: Null] ], mPriority=20, state=UNSATISFIED, mAttachedDataNetwork=null, created time=20:16:48.175, evaluation result=null]
12-06 20:16:49.254  2918  2918 D DNC-0   : Data evaluation: evaluation reason:NEW_REQUEST, Data disallowed reasons: NO_SUITABLE_DATA_PROFILE SERVICE_OPTION_NOT_SUPPORTED NOT_IN_SERVICE SIM_NOT_READY DATA_CONFIG_NOT_READY, candidate profile=null, time=20:16:49.254, network type=UNKNOWN, reg state=UNKNOWN, [NetworkRequest [ BACKGROUND_REQUEST id=2, [ Transports: CELLULAR Capabilities: INTERNET&NOT_RESTRICTED&TRUSTED&NOT_VPN&NOT_VCN_MANAGED&NOT_BANDWIDTH_CONSTRAINED RequestorUid: 1000 RequestorPkg: android UnderlyingNetworks: Null] ], mPriority=20, state=UNSATISFIED, mAttachedDataNetwork=null, created time=20:16:48.175, evaluation result=Data evaluation: evaluation reason:NEW_REQUEST, Data disallowed reasons: NO_SUITABLE_DATA_PROFILE SERVICE_OPTION_NOT_SUPPORTED NOT_IN_SERVICE SIM_NOT_READY DATA_CONFIG_NOT_READY, candidate profile=null, time=20:16:49.254]
12-06 20:16:49.254  2918  3262 D NRM-C-0 : onRequestNetworkRegistrationInfoComplete result: 0, info: NetworkRegistrationInfo{ domain=CS transportType=WWAN registrationState=NOT_REG_SEARCHING networkRegistrationState=NOT_REG_SEARCHING roamingType=NOT_ROAMING accessNetworkTechnology=UNKNOWN rejectCause=0 emergencyEnabled=false availableServices=[] cellIdentity=null voiceSpecificInfo=VoiceSpecificRegistrationInfo { mCssSupported=false mRoamingIndicator=0 mSystemIsInPrl=0 mDefaultRoamingIndicator=0} dataSpecificInfo=null nrState=**** rRplmn= isUsingCarrierAggregation=false isNonTerrestrialNetwork=TERRESTRIAL}
12-06 20:16:49.254  2918  2918 D DNC-0   : onAddNetworkRequest: added [NetworkRequest [ REQUEST id=63, [ Capabilities: INTERNET&NOT_RESTRICTED&TRUSTED&NOT_VCN_MANAGED&NOT_BANDWIDTH_CONSTRAINED Uid: 1000 RequestorUid: 1000 RequestorPkg: android UnderlyingNetworks: Null] ], mPriority=20, state=UNSATISFIED, mAttachedDataNetwork=null, created time=20:16:48.173, evaluation result=null]
12-06 20:16:49.255  2918  2918 D DPM-0   : Can't find any data profile that can satisfy [NetworkRequest [ REQUEST id=63, [ Capabilities: INTERNET&NOT_RESTRICTED&TRUSTED&NOT_VCN_MANAGED&NOT_BANDWIDTH_CONSTRAINED Uid: 1000 RequestorUid: 1000 RequestorPkg: android UnderlyingNetworks: Null] ], mPriority=20, state=UNSATISFIED, mAttachedDataNetwork=null, created time=20:16:48.174, evaluation result=null]
12-06 20:16:49.255  2918  2918 D DPM-0   : Unable to find a data profile for [NetworkRequest [ REQUEST id=63, [ Capabilities: INTERNET&NOT_RESTRICTED&TRUSTED&NOT_VCN_MANAGED&NOT_BANDWIDTH_CONSTRAINED Uid: 1000 RequestorUid: 1000 RequestorPkg: android UnderlyingNetworks: Null] ], mPriority=20, state=UNSATISFIED, mAttachedDataNetwork=null, created time=20:16:48.174, evaluation result=null]
12-06 20:16:49.255  2918  2918 D DNC-0   : Data evaluation: evaluation reason:NEW_REQUEST, Data disallowed reasons: NO_SUITABLE_DATA_PROFILE SERVICE_OPTION_NOT_SUPPORTED NOT_IN_SERVICE SIM_NOT_READY DATA_CONFIG_NOT_READY, candidate profile=null, time=20:16:49.255, network type=UNKNOWN, reg state=UNKNOWN, [NetworkRequest [ REQUEST id=63, [ Capabilities: INTERNET&NOT_RESTRICTED&TRUSTED&NOT_VCN_MANAGED&NOT_BANDWIDTH_CONSTRAINED Uid: 1000 RequestorUid: 1000 RequestorPkg: android UnderlyingNetworks: Null] ], mPriority=20, state=UNSATISFIED, mAttachedDataNetwork=null, created time=20:16:48.174, evaluation result=Data evaluation: evaluation reason:NEW_REQUEST, Data disallowed reasons: NO_SUITABLE_DATA_PROFILE SERVICE_OPTION_NOT_SUPPORTED NOT_IN_SERVICE SIM_NOT_READY DATA_CONFIG_NOT_READY, candidate profile=null, time=20:16:49.255]
12-06 20:16:49.256  2918  2918 D DNC-0   : onAddNetworkRequest: added [NetworkRequest [ REQUEST id=55, [ Capabilities: INTERNET&NOT_RESTRICTED&TRUSTED&NOT_VCN_MANAGED&NOT_BANDWIDTH_CONSTRAINED Uid: 10545 RequestorUid: 1000 RequestorPkg: android UnderlyingNetworks: Null] ], mPriority=20, state=UNSATISFIED, mAttachedDataNetwork=null, created time=20:16:48.170, evaluation result=null]
12-06 20:16:49.256  2918  2918 D DPM-0   : Can't find any data profile that can satisfy [NetworkRequest [ REQUEST id=55, [ Capabilities: INTERNET&NOT_RESTRICTED&TRUSTED&NOT_VCN_MANAGED&NOT_BANDWIDTH_CONSTRAINED Uid: 10545 RequestorUid: 1000 RequestorPkg: android UnderlyingNetworks: Null] ], mPriority=20, state=UNSATISFIED, mAttachedDataNetwork=null, created time=20:16:48.171, evaluation result=null]
12-06 20:16:49.256  2918  2918 D DPM-0   : Unable to find a data profile for [NetworkRequest [ REQUEST id=55, [ Capabilities: INTERNET&NOT_RESTRICTED&TRUSTED&NOT_VCN_MANAGED&NOT_BANDWIDTH_CONSTRAINED Uid: 10545 RequestorUid: 1000 RequestorPkg: android UnderlyingNetworks: Null] ], mPriority=20, state=UNSATISFIED, mAttachedDataNetwork=null, created time=20:16:48.171, evaluation result=null]
12-06 20:16:49.256  2918  2918 D DNC-0   : Data evaluation: evaluation reason:NEW_REQUEST, Data disallowed reasons: NO_SUITABLE_DATA_PROFILE SERVICE_OPTION_NOT_SUPPORTED NOT_IN_SERVICE SIM_NOT_READY DATA_CONFIG_NOT_READY, candidate profile=null, time=20:16:49.256, network type=UNKNOWN, reg state=UNKNOWN, [NetworkRequest [ REQUEST id=55, [ Capabilities: INTERNET&NOT_RESTRICTED&TRUSTED&NOT_VCN_MANAGED&NOT_BANDWIDTH_CONSTRAINED Uid: 10545 RequestorUid: 1000 RequestorPkg: android UnderlyingNetworks: Null] ], mPriority=20, state=UNSATISFIED, mAttachedDataNetwork=null, created time=20:16:48.171, evaluation result=Data evaluation: evaluation reason:NEW_REQUEST, Data disallowed reasons: NO_SUITABLE_DATA_PROFILE SERVICE_OPTION_NOT_SUPPORTED NOT_IN_SERVICE SIM_NOT_READY DATA_CONFIG_NOT_READY, candidate profile=null, time=20:16:49.256]
12-06 20:16:49.257  2918  2918 D DNC-0   : onAddNetworkRequest: added [NetworkRequest [ REQUEST id=53, [ Capabilities: INTERNET&NOT_RESTRICTED&TRUSTED&NOT_VCN_MANAGED&NOT_BANDWIDTH_CONSTRAINED Uid: 10588 RequestorUid: 1000 RequestorPkg: android UnderlyingNetworks: Null] ], mPriority=20, state=UNSATISFIED, mAttachedDataNetwork=null, created time=20:16:48.171, evaluation result=null]
12-06 20:16:49.257  2918  2918 D DPM-0   : Can't find any data profile that can satisfy [NetworkRequest [ REQUEST id=53, [ Capabilities: INTERNET&NOT_RESTRICTED&TRUSTED&NOT_VCN_MANAGED&NOT_BANDWIDTH_CONSTRAINED Uid: 10588 RequestorUid: 1000 RequestorPkg: android UnderlyingNetworks: Null] ], mPriority=20, state=UNSATISFIED, mAttachedDataNetwork=null, created time=20:16:48.172, evaluation result=null]
12-06 20:16:49.257  2918  2918 D DPM-0   : Unable to find a data profile for [NetworkRequest [ REQUEST id=53, [ Capabilities: INTERNET&NOT_RESTRICTED&TRUSTED&NOT_VCN_MANAGED&NOT_BANDWIDTH_CONSTRAINED Uid: 10588 RequestorUid: 1000 RequestorPkg: android UnderlyingNetworks: Null] ], mPriority=20, state=UNSATISFIED, mAttachedDataNetwork=null, created time=20:16:48.172, evaluation result=null]
12-06 20:16:49.257  2918  2918 D DNC-0   : Data evaluation: evaluation reason:NEW_REQUEST, Data disallowed reasons: NO_SUITABLE_DATA_PROFILE SERVICE_OPTION_NOT_SUPPORTED NOT_IN_SERVICE SIM_NOT_READY DATA_CONFIG_NOT_READY, candidate profile=null, time=20:16:49.257, network type=UNKNOWN, reg state=UNKNOWN, [NetworkRequest [ REQUEST id=53, [ Capabilities: INTERNET&NOT_RESTRICTED&TRUSTED&NOT_VCN_MANAGED&NOT_BANDWIDTH_CONSTRAINED Uid: 10588 RequestorUid: 1000 RequestorPkg: android UnderlyingNetworks: Null] ], mPriority=20, state=UNSATISFIED, mAttachedDataNetwork=null, created time=20:16:48.172, evaluation result=Data evaluation: evaluation reason:NEW_REQUEST, Data disallowed reasons: NO_SUITABLE_DATA_PROFILE SERVICE_OPTION_NOT_SUPPORTED NOT_IN_SERVICE SIM_NOT_READY DATA_CONFIG_NOT_READY, candidate profile=null, time=20:16:49.257]
12-06 20:16:49.257  2918  2918 D DNC-0   : onAddNetworkRequest: added [NetworkRequest [ REQUEST id=51, [ Capabilities: INTERNET&NOT_RESTRICTED&TRUSTED&NOT_VCN_MANAGED&NOT_BANDWIDTH_CONSTRAINED Uid: 10598 RequestorUid: 1000 RequestorPkg: android UnderlyingNetworks: Null] ], mPriority=20, state=UNSATISFIED, mAttachedDataNetwork=null, created time=20:16:48.171, evaluation result=null]
12-06 20:16:49.258  2918  2918 D DPM-0   : Can't find any data profile that can satisfy [NetworkRequest [ REQUEST id=51, [ Capabilities: INTERNET&NOT_RESTRICTED&TRUSTED&NOT_VCN_MANAGED&NOT_BANDWIDTH_CONSTRAINED Uid: 10598 RequestorUid: 1000 RequestorPkg: android UnderlyingNetworks: Null] ], mPriority=20, state=UNSATISFIED, mAttachedDataNetwork=null, created time=20:16:48.172, evaluation result=null]
12-06 20:16:49.258  2918  2918 D DPM-0   : Unable to find a data profile for [NetworkRequest [ REQUEST id=51, [ Capabilities: INTERNET&NOT_RESTRICTED&TRUSTED&NOT_VCN_MANAGED&NOT_BANDWIDTH_CONSTRAINED Uid: 10598 RequestorUid: 1000 RequestorPkg: android UnderlyingNetworks: Null] ], mPriority=20, state=UNSATISFIED, mAttachedDataNetwork=null, created time=20:16:48.172, evaluation result=null]
12-06 20:16:49.258  2918  2918 D DNC-0   : Data evaluation: evaluation reason:NEW_REQUEST, Data disallowed reasons: NO_SUITABLE_DATA_PROFILE SERVICE_OPTION_NOT_SUPPORTED NOT_IN_SERVICE SIM_NOT_READY DATA_CONFIG_NOT_READY, candidate profile=null, time=20:16:49.258, network type=UNKNOWN, reg state=UNKNOWN, [NetworkRequest [ REQUEST id=51, [ Capabilities: INTERNET&NOT_RESTRICTED&TRUSTED&NOT_VCN_MANAGED&NOT_BANDWIDTH_CONSTRAINED Uid: 10598 RequestorUid: 1000 RequestorPkg: android UnderlyingNetworks: Null] ], mPriority=20, state=UNSATISFIED, mAttachedDataNetwork=null, created time=20:16:48.172, evaluation result=Data evaluation: evaluation reason:NEW_REQUEST, Data disallowed reasons: NO_SUITABLE_DATA_PROFILE SERVICE_OPTION_NOT_SUPPORTED NOT_IN_SERVICE SIM_NOT_READY DATA_CONFIG_NOT_READY, candidate profile=null, time=20:16:49.258]
12-06 20:16:49.259  2918  2918 D DNC-0   : onAddNetworkRequest: added [NetworkRequest [ REQUEST id=49, [ Capabilities: INTERNET&NOT_RESTRICTED&TRUSTED&NOT_VCN_MANAGED&NOT_BANDWIDTH_CONSTRAINED Uid: 10605 RequestorUid: 1000 RequestorPkg: android UnderlyingNetworks: Null] ], mPriority=20, state=UNSATISFIED, mAttachedDataNetwork=null, created time=20:16:48.170, evaluation result=null]
12-06 20:16:49.259  2918  2918 D DPM-0   : Can't find any data profile that can satisfy [NetworkRequest [ REQUEST id=49, [ Capabilities: INTERNET&NOT_RESTRICTED&TRUSTED&NOT_VCN_MANAGED&NOT_BANDWIDTH_CONSTRAINED Uid: 10605 RequestorUid: 1000 RequestorPkg: android UnderlyingNetworks: Null] ], mPriority=20, state=UNSATISFIED, mAttachedDataNetwork=null, created time=20:16:48.171, evaluation result=null]
12-06 20:16:49.259  2918  3059 D RILJ    : [0045]< SET_UNSOLICITED_RESPONSE_FILTER  [PHONE0]
12-06 20:16:49.259  2918  2918 D DPM-0   : Unable to find a data profile for [NetworkRequest [ REQUEST id=49, [ Capabilities: INTERNET&NOT_RESTRICTED&TRUSTED&NOT_VCN_MANAGED&NOT_BANDWIDTH_CONSTRAINED Uid: 10605 RequestorUid: 1000 RequestorPkg: android UnderlyingNetworks: Null] ], mPriority=20, state=UNSATISFIED, mAttachedDataNetwork=null, created time=20:16:48.171, evaluation result=null]
12-06 20:16:49.259  2918  2918 D DNC-0   : Data evaluation: evaluation reason:NEW_REQUEST, Data disallowed reasons: NO_SUITABLE_DATA_PROFILE SERVICE_OPTION_NOT_SUPPORTED NOT_IN_SERVICE SIM_NOT_READY DATA_CONFIG_NOT_READY, candidate profile=null, time=20:16:49.259, network type=UNKNOWN, reg state=UNKNOWN, [NetworkRequest [ REQUEST id=49, [ Capabilities: INTERNET&NOT_RESTRICTED&TRUSTED&NOT_VCN_MANAGED&NOT_BANDWIDTH_CONSTRAINED Uid: 10605 RequestorUid: 1000 RequestorPkg: android UnderlyingNetworks: Null] ], mPriority=20, state=UNSATISFIED, mAttachedDataNetwork=null, created time=20:16:48.170, evaluation result=Data evaluation: evaluation reason:NEW_REQUEST, Data disallowed reasons: NO_SUITABLE_DATA_PROFILE SERVICE_OPTION_NOT_SUPPORTED NOT_IN_SERVICE SIM_NOT_READY DATA_CONFIG_NOT_READY, candidate profile=null, time=20:16:49.259]
12-06 20:16:49.260  2918  2945 D NRM-I-0 : onRequestNetworkRegistrationInfoComplete result: 0, info: NetworkRegistrationInfo{ domain=PS transportType=WLAN registrationState=NOT_REG_OR_SEARCHING networkRegistrationState=NOT_REG_OR_SEARCHING roamingType=NOT_ROAMING accessNetworkTechnology=IWLAN rejectCause=0 emergencyEnabled=false availableServices=[] cellIdentity=null voiceSpecificInfo=null dataSpecificInfo=null nrState=**** rRplmn= isUsingCarrierAggregation=false isNonTerrestrialNetwork=TERRESTRIAL}
12-06 20:16:49.260  2918  3201 D NRM-I-0 : onRequestNetworkRegistrationInfoComplete result: 0, info: NetworkRegistrationInfo{ domain=PS transportType=WLAN registrationState=NOT_REG_OR_SEARCHING networkRegistrationState=NOT_REG_OR_SEARCHING roamingType=NOT_ROAMING accessNetworkTechnology=IWLAN rejectCause=0 emergencyEnabled=false availableServices=[] cellIdentity=null voiceSpecificInfo=null dataSpecificInfo=null nrState=**** rRplmn= isUsingCarrierAggregation=false isNonTerrestrialNetwork=TERRESTRIAL}
12-06 20:16:49.260  2918  2918 D DNC-0   : onAddNetworkRequest: added [NetworkRequest [ REQUEST id=47, [ Capabilities: INTERNET&NOT_RESTRICTED&TRUSTED&NOT_VCN_MANAGED&NOT_BANDWIDTH_CONSTRAINED Uid: 10618 RequestorUid: 1000 RequestorPkg: android UnderlyingNetworks: Null] ], mPriority=20, state=UNSATISFIED, mAttachedDataNetwork=null, created time=20:16:48.170, evaluation result=null]
12-06 20:16:49.261  2918  2918 D DPM-0   : Can't find any data profile that can satisfy [NetworkRequest [ REQUEST id=47, [ Capabilities: INTERNET&NOT_RESTRICTED&TRUSTED&NOT_VCN_MANAGED&NOT_BANDWIDTH_CONSTRAINED Uid: 10618 RequestorUid: 1000 RequestorPkg: android UnderlyingNetworks: Null] ], mPriority=20, state=UNSATISFIED, mAttachedDataNetwork=null, created time=20:16:48.170, evaluation result=null]
12-06 20:16:49.261  2918  2918 D DPM-0   : Unable to find a data profile for [NetworkRequest [ REQUEST id=47, [ Capabilities: INTERNET&NOT_RESTRICTED&TRUSTED&NOT_VCN_MANAGED&NOT_BANDWIDTH_CONSTRAINED Uid: 10618 RequestorUid: 1000 RequestorPkg: android UnderlyingNetworks: Null] ], mPriority=20, state=UNSATISFIED, mAttachedDataNetwork=null, created time=20:16:48.171, evaluation result=null]
12-06 20:16:49.261  2918  2918 D DNC-0   : Data evaluation: evaluation reason:NEW_REQUEST, Data disallowed reasons: NO_SUITABLE_DATA_PROFILE SERVICE_OPTION_NOT_SUPPORTED NOT_IN_SERVICE SIM_NOT_READY DATA_CONFIG_NOT_READY, candidate profile=null, time=20:16:49.261, network type=UNKNOWN, reg state=UNKNOWN, [NetworkRequest [ REQUEST id=47, [ Capabilities: INTERNET&NOT_RESTRICTED&TRUSTED&NOT_VCN_MANAGED&NOT_BANDWIDTH_CONSTRAINED Uid: 10618 RequestorUid: 1000 RequestorPkg: android UnderlyingNetworks: Null] ], mPriority=20, state=UNSATISFIED, mAttachedDataNetwork=null, created time=20:16:48.171, evaluation result=Data evaluation: evaluation reason:NEW_REQUEST, Data disallowed reasons: NO_SUITABLE_DATA_PROFILE SERVICE_OPTION_NOT_SUPPORTED NOT_IN_SERVICE SIM_NOT_READY DATA_CONFIG_NOT_READY, candidate profile=null, time=20:16:49.261]
12-06 20:16:49.261  2918  2918 D DNC-0   : onAddNetworkRequest: added [NetworkRequest [ REQUEST id=59, [ Capabilities: INTERNET&NOT_RESTRICTED&TRUSTED&NOT_VCN_MANAGED&NOT_BANDWIDTH_CONSTRAINED Uid: 10609 RequestorUid: 1000 RequestorPkg: android UnderlyingNetworks: Null] ], mPriority=20, state=UNSATISFIED, mAttachedDataNetwork=null, created time=20:16:48.170, evaluation result=null]
12-06 20:16:49.261  2918  3059 D RadioConfigResponse: [0124]< SET_PREFERRED_DATA_MODEM
12-06 20:16:49.262  2918  2918 D DPM-0   : Can't find any data profile that can satisfy [NetworkRequest [ REQUEST id=59, [ Capabilities: INTERNET&NOT_RESTRICTED&TRUSTED&NOT_VCN_MANAGED&NOT_BANDWIDTH_CONSTRAINED Uid: 10609 RequestorUid: 1000 RequestorPkg: android UnderlyingNetworks: Null] ], mPriority=20, state=UNSATISFIED, mAttachedDataNetwork=null, created time=20:16:48.170, evaluation result=null]
12-06 20:16:49.262  2918  2918 D DPM-0   : Unable to find a data profile for [NetworkRequest [ REQUEST id=59, [ Capabilities: INTERNET&NOT_RESTRICTED&TRUSTED&NOT_VCN_MANAGED&NOT_BANDWIDTH_CONSTRAINED Uid: 10609 RequestorUid: 1000 RequestorPkg: android UnderlyingNetworks: Null] ], mPriority=20, state=UNSATISFIED, mAttachedDataNetwork=null, created time=20:16:48.170, evaluation result=null]
12-06 20:16:49.262  2918  2918 D DNC-0   : Data evaluation: evaluation reason:NEW_REQUEST, Data disallowed reasons: NO_SUITABLE_DATA_PROFILE SERVICE_OPTION_NOT_SUPPORTED NOT_IN_SERVICE SIM_NOT_READY DATA_CONFIG_NOT_READY, candidate profile=null, time=20:16:49.262, network type=UNKNOWN, reg state=UNKNOWN, [NetworkRequest [ REQUEST id=59, [ Capabilities: INTERNET&NOT_RESTRICTED&TRUSTED&NOT_VCN_MANAGED&NOT_BANDWIDTH_CONSTRAINED Uid: 10609 RequestorUid: 1000 RequestorPkg: android UnderlyingNetworks: Null] ], mPriority=20, state=UNSATISFIED, mAttachedDataNetwork=null, created time=20:16:48.170, evaluation result=Data evaluation: evaluation reason:NEW_REQUEST, Data disallowed reasons: NO_SUITABLE_DATA_PROFILE SERVICE_OPTION_NOT_SUPPORTED NOT_IN_SERVICE SIM_NOT_READY DATA_CONFIG_NOT_READY, candidate profile=null, time=20:16:49.262]
12-06 20:16:49.262  2918  2918 D DNC-0   : onAddNetworkRequest: added [NetworkRequest [ REQUEST id=45, [ Capabilities: INTERNET&NOT_RESTRICTED&TRUSTED&NOT_VCN_MANAGED&NOT_BANDWIDTH_CONSTRAINED Uid: 10630 RequestorUid: 1000 RequestorPkg: android UnderlyingNetworks: Null] ], mPriority=20, state=UNSATISFIED, mAttachedDataNetwork=null, created time=20:16:48.173, evaluation result=null]
12-06 20:16:49.263  2918  2918 D DPM-0   : Can't find any data profile that can satisfy [NetworkRequest [ REQUEST id=45, [ Capabilities: INTERNET&NOT_RESTRICTED&TRUSTED&NOT_VCN_MANAGED&NOT_BANDWIDTH_CONSTRAINED Uid: 10630 RequestorUid: 1000 RequestorPkg: android UnderlyingNetworks: Null] ], mPriority=20, state=UNSATISFIED, mAttachedDataNetwork=null, created time=20:16:48.173, evaluation result=null]
12-06 20:16:49.263  2918  2918 D DPM-0   : Unable to find a data profile for [NetworkRequest [ REQUEST id=45, [ Capabilities: INTERNET&NOT_RESTRICTED&TRUSTED&NOT_VCN_MANAGED&NOT_BANDWIDTH_CONSTRAINED Uid: 10630 RequestorUid: 1000 RequestorPkg: android UnderlyingNetworks: Null] ], mPriority=20, state=UNSATISFIED, mAttachedDataNetwork=null, created time=20:16:48.173, evaluation result=null]
