10-30 20:51:58.546 10394 10438 D WM-GreedyScheduler: Starting tracking for 0bca2347-7ac6-482a-a913-2d0a51a44c6d
10-30 20:51:58.550 10394 10426 D WM-GreedyScheduler: Cancelling work ID fc2c8e39-320f-4f27-beb2-87788a960c82
10-30 20:51:58.552 10394 10426 D WM-GreedyScheduler: Ignoring {WorkSpec: aff2baf8-ba92-47a1-b0df-012d89e2d5fa}. Requires device idle.
10-30 20:51:58.552 10394 10426 D WM-GreedyScheduler: Ignoring {WorkSpec: d7fd85ab-d9f7-4f6a-af80-9f9c5d4d6cca}. Requires device idle.
10-30 20:51:58.552 10394 10426 D WM-GreedyScheduler: Ignoring {WorkSpec: becd2d75-fca4-4a9c-9dfe-aab14f31ff61}. Requires device idle.
10-30 20:51:58.552 10394 10426 D WM-GreedyScheduler: Ignoring {WorkSpec: 43ed5463-4547-452f-913a-da16c24de37f}. Requires device idle.
10-30 20:51:58.552 10394 10426 D WM-GreedyScheduler: Starting tracking for 0bca2347-7ac6-482a-a913-2d0a51a44c6d
10-30 20:51:58.554 10394 10426 D WM-ConstraintTracker: dlg: initial state = true
10-30 20:51:58.555 10394 10426 D WM-BrdcstRcvrCnstrntTrc: dlg: registering receiver
10-30 20:51:58.558 10394 10426 D WM-PackageManagerHelper: Skipping component enablement for androidx.work.impl.background.systemalarm.RescheduleReceiver
10-30 20:51:58.558 10394 10426 D WM-GreedyScheduler: Constraints met: Scheduling work ID WorkGenerationalId(workSpecId=0bca2347-7ac6-482a-a913-2d0a51a44c6d, generation=0)
10-30 20:51:58.559 10394 10426 D WM-Processor: dik: processing WorkGenerationalId(workSpecId=0bca2347-7ac6-482a-a913-2d0a51a44c6d, generation=0)
10-30 20:51:58.563  3573  3637 I .apps.wellbeing: AssetManager2(0xb400007ca1de48d8) locale list changing from [] to [es-ES]
10-30 20:51:58.569 10394 10394 D WM-WorkerWrapper: Starting work for com.google.apps.tiktok.contrib.work.TikTokListenableWorker
10-30 20:51:58.570  3573  3637 I .apps.wellbeing: AssetManager2(0xb400007ca1de16d8) locale list changing from [] to [es-ES]
10-30 20:51:58.574 10394 10394 I SyncManagerImpl: #sync(). Running Synclets and scheduling next sync.
10-30 20:51:58.576   669   669 I hwservicemanager: getTransport: Cannot find entry vendor.qti.hardware.servicetracker@1.0::IServicetracker/default in either framework or device VINTF manifest.
10-30 20:51:58.584  3573  3637 I .apps.wellbeing: AssetManager2(0xb400007ca1de19f8) locale list changing from [] to [es-ES]
10-30 20:51:58.589   669   669 I hwservicemanager: getTransport: Cannot find entry vendor.qti.hardware.servicetracker@1.0::IServicetracker/default in either framework or device VINTF manifest.
10-30 20:51:58.590   669   669 I hwservicemanager: getTransport: Cannot find entry vendor.qti.hardware.servicetracker@1.0::IServicetracker/default in either framework or device VINTF manifest.
10-30 20:51:58.596 10394 10445 I SyncManagerImpl: Running synclets: []
10-30 20:51:58.598 10394 10445 I SyncManagerImpl: #sync() complete
10-30 20:51:58.600 10394 10430 I WM-WorkerWrapper: Worker result SUCCESS for Work [ id=0bca2347-7ac6-482a-a913-2d0a51a44c6d, tags={ com.google.apps.tiktok.contrib.work.TikTokListenableWorker,com.google.apps.tiktok.sync.impl.workmanager.SyncWorker,TikTokWorker#com.google.apps.tiktok.sync.impl.workmanager.SyncWorker } ]
10-30 20:51:58.601 10394 10394 D WM-Processor: dik 0bca2347-7ac6-482a-a913-2d0a51a44c6d executed; reschedule = false
10-30 20:51:58.601 10394 10394 D WM-GreedyScheduler: Stopping tracking for WorkGenerationalId(workSpecId=0bca2347-7ac6-482a-a913-2d0a51a44c6d, generation=0)
10-30 20:51:58.604 10394 10445 I SyncManagerImpl: Completed sync. Scheduling next wakeup
10-30 20:51:58.604 10394 10445 I SyncWorkManagerOneTimeS: Scheduling next onetime WorkManager workers
10-30 20:51:58.609 10394 10430 D WM-GreedyScheduler: Cancelling work ID 0bca2347-7ac6-482a-a913-2d0a51a44c6d
10-30 20:51:58.611 10394 10430 D WM-GreedyScheduler: Ignoring {WorkSpec: aff2baf8-ba92-47a1-b0df-012d89e2d5fa}. Requires device idle.
10-30 20:51:58.611 10394 10430 D WM-GreedyScheduler: Ignoring {WorkSpec: d7fd85ab-d9f7-4f6a-af80-9f9c5d4d6cca}. Requires device idle.
10-30 20:51:58.611 10394 10430 D WM-GreedyScheduler: Ignoring {WorkSpec: becd2d75-fca4-4a9c-9dfe-aab14f31ff61}. Requires device idle.
10-30 20:51:58.611 10394 10430 D WM-GreedyScheduler: Ignoring {WorkSpec: 43ed5463-4547-452f-913a-da16c24de37f}. Requires device idle.
10-30 20:51:58.611 10394 10430 D WM-BrdcstRcvrCnstrntTrc: dlg: unregistering receiver
10-30 20:51:58.619 10394 10426 D WM-Processor: Processor cancelling 5faf6e28-7f25-49d5-acd6-5210d45a093c
10-30 20:51:58.619 10394 10426 D WM-Processor: WorkerWrapper could not be found for 5faf6e28-7f25-49d5-acd6-5210d45a093c
10-30 20:51:58.632   669   669 I hwservicemanager: getTransport: Cannot find entry vendor.qti.hardware.servicetracker@1.0::IServicetracker/default in either framework or device VINTF manifest.
10-30 20:51:58.632 10394 10426 D WM-GreedyScheduler: Cancelling work ID 5faf6e28-7f25-49d5-acd6-5210d45a093c
10-30 20:51:58.638  3573  3637 I .apps.wellbeing: AssetManager2(0xb400007ca1de5878) locale list changing from [] to [es-ES]
10-30 20:51:58.647  3573  3637 I .apps.wellbeing: AssetManager2(0xb400007ca1de61d8) locale list changing from [] to [es-ES]
10-30 20:51:58.652   669   669 I hwservicemanager: getTransport: Cannot find entry vendor.qti.hardware.servicetracker@1.0::IServicetracker/default in either framework or device VINTF manifest.
10-30 20:51:58.653 10394 10426 D WM-SystemJobScheduler: Scheduling work ID bdc0f5f1-b050-468c-b7ac-b89f74cbd33dJob ID 172
10-30 20:51:58.654  1828  2975 E JobScheduler.JobStatus: App com.google.android.apps.pixel.support became active but still in NEVER bucket
10-30 20:51:58.655   669   669 I hwservicemanager: getTransport: Cannot find entry vendor.qti.hardware.servicetracker@1.0::IServicetracker/default in either framework or device VINTF manifest.
10-30 20:51:58.655 10394 10426 D WM-GreedyScheduler: Ignoring {WorkSpec: aff2baf8-ba92-47a1-b0df-012d89e2d5fa}. Requires device idle.
10-30 20:51:58.655 10394 10426 D WM-GreedyScheduler: Ignoring {WorkSpec: d7fd85ab-d9f7-4f6a-af80-9f9c5d4d6cca}. Requires device idle.
10-30 20:51:58.655 10394 10426 D WM-GreedyScheduler: Ignoring {WorkSpec: becd2d75-fca4-4a9c-9dfe-aab14f31ff61}. Requires device idle.
10-30 20:51:58.655 10394 10426 D WM-GreedyScheduler: Ignoring {WorkSpec: 43ed5463-4547-452f-913a-da16c24de37f}. Requires device idle.
10-30 20:51:58.657   669   669 I hwservicemanager: getTransport: Cannot find entry vendor.qti.hardware.servicetracker@1.0::IServicetracker/default in either framework or device VINTF manifest.
10-30 20:51:58.658  1828  2545 D BackgroundInstallControlService: Package event received: 0
10-30 20:51:58.659   669   669 I hwservicemanager: getTransport: Cannot find entry vendor.qti.hardware.servicetracker@1.0::IServicetracker/default in either framework or device VINTF manifest.
10-30 20:51:58.664   669   669 I hwservicemanager: getTransport: Cannot find entry vendor.qti.hardware.servicetracker@1.0::IServicetracker/default in either framework or device VINTF manifest.
10-30 20:51:58.666  1828  2545 D BackgroundInstallControlService: Package event received: 0
10-30 20:51:58.666   669   669 I hwservicemanager: getTransport: Cannot find entry vendor.qti.hardware.servicetracker@1.0::IServicetracker/default in either framework or device VINTF manifest.
10-30 20:51:58.668   669   669 I hwservicemanager: getTransport: Cannot find entry vendor.qti.hardware.servicetracker@1.0::IServicetracker/default in either framework or device VINTF manifest.
10-30 20:51:58.672   669   669 I hwservicemanager: getTransport: Cannot find entry vendor.qti.hardware.servicetracker@1.0::IServicetracker/default in either framework or device VINTF manifest.
10-30 20:51:58.672  3573  3637 I .apps.wellbeing: AssetManager2(0xb400007ca1de2fd8) locale list changing from [] to [es-ES]
10-30 20:51:58.673   669   669 I hwservicemanager: getTransport: Cannot find entry vendor.qti.hardware.servicetracker@1.0::IServicetracker/default in either framework or device VINTF manifest.
10-30 20:51:58.684  3573  3637 I .apps.wellbeing: AssetManager2(0xb400007ca1de4bf8) locale list changing from [] to [es-ES]
10-30 20:51:58.688  3573  3637 I .apps.wellbeing: AssetManager2(0xb400007ca1de5b98) locale list changing from [] to [es-ES]
10-30 20:51:58.698  3573  3637 I .apps.wellbeing: AssetManager2(0xb400007ca1de3f78) locale list changing from [] to [es-ES]
10-30 20:51:58.704 10394 10426 D WM-SystemJobScheduler: Scheduling work ID 42ae512d-bb38-40ad-8d9e-10c2316fc67cJob ID 173
10-30 20:51:58.704  3534  5329 I MdiSyncModule: (REDACTED) Receiving API connection from package '%s'...
10-30 20:51:58.704  3534  5329 I MdiSyncModule: API connection successful!
10-30 20:51:58.711  3534  7904 I MdiSyncModule: (REDACTED) Receiving API connection from package '%s'...
10-30 20:51:58.712  3534  7904 I MdiSyncModule: API connection successful!
10-30 20:51:58.716  3573  3637 I .apps.wellbeing: AssetManager2(0xb400007ca1de3c58) locale list changing from [] to [es-ES]
10-30 20:51:58.728  3573  3637 I .apps.wellbeing: AssetManager2(0xb400007ca1de7178) locale list changing from [] to [es-ES]
10-30 20:51:58.732 10394 10467 I GmsAccounts: GMSCore Auth returned 2 accounts.
10-30 20:51:58.732 10394 10467 I GmsAccounts: GoogleOwnersProvider returned 2 accounts.
10-30 20:51:58.733  1828  2975 E JobScheduler.JobStatus: App com.google.android.apps.pixel.support became active but still in NEVER bucket
10-30 20:51:58.733  3573  3637 I .apps.wellbeing: AssetManager2(0xb400007ca1de2038) locale list changing from [] to [es-ES]
10-30 20:51:58.734 10394 10426 D WM-GreedyScheduler: Ignoring {WorkSpec: aff2baf8-ba92-47a1-b0df-012d89e2d5fa}. Requires device idle.
10-30 20:51:58.734 10394 10426 D WM-GreedyScheduler: Ignoring {WorkSpec: d7fd85ab-d9f7-4f6a-af80-9f9c5d4d6cca}. Requires device idle.
10-30 20:51:58.734 10394 10426 D WM-GreedyScheduler: Ignoring {WorkSpec: becd2d75-fca4-4a9c-9dfe-aab14f31ff61}. Requires device idle.
10-30 20:51:58.734 10394 10426 D WM-GreedyScheduler: Ignoring {WorkSpec: 43ed5463-4547-452f-913a-da16c24de37f}. Requires device idle.
10-30 20:51:58.734 10394 10426 I SyncWorkManagerOneTimeS: Successfully scheduled next onetime workers
10-30 20:51:58.741  1193  1224 E WifiHAL : wifi_get_cached_scan_results: Wifi Cached Scan Result not supported by driver
10-30 20:51:58.742  1828  2449 E WifiStaIfaceAidlImpl: getCachedScanData failed with service-specific exception: android.os.ServiceSpecificException:  (code 4)
10-30 20:51:58.743  3573  3637 I .apps.wellbeing: AssetManager2(0xb400007ca1de64f8) locale list changing from [] to [es-ES]
10-30 20:51:58.753 10394 10436 I FirebaseApp: Device unlocked: initializing all Firebase APIs for app CHIME_ANDROID_SDK
10-30 20:51:58.760  1828  2536 W ServiceManagerCppClient: Waited one second for stats (is service started? Number of threads started in the threadpool: 32. Are binder threads started and available?)
10-30 20:51:58.764  3573  3637 I .apps.wellbeing: AssetManager2(0xb400007ca1de5eb8) locale list changing from [] to [es-ES]
10-30 20:51:58.777  3573  3637 I .apps.wellbeing: AssetManager2(0xb400007ca1de0738) locale list changing from [] to [es-ES]
10-30 20:51:58.782  3573  3637 I .apps.wellbeing: AssetManager2(0xb400007ca1de1098) locale list changing from [] to [es-ES]
10-30 20:51:58.812   669   669 I hwservicemanager: getTransport: Cannot find entry vendor.qti.hardware.servicetracker@1.0::IServicetracker/default in either framework or device VINTF manifest.
10-30 20:51:58.812 10394 10445 I ChimeModule: onRegistrationCompleted
10-30 20:51:58.812  3119  3119 D BoundBrokerSvc: onUnbind: Intent { act=com.google.android.gms.nearby.presence.service.START dat=chimera-action:/... xflg=0x4 cmp=com.google.android.gms/.chimera.PersistentApiServiceNoInstantApps }
10-30 20:51:58.813  3573  3637 I .apps.wellbeing: AssetManager2(0xb400007ca1de2358) locale list changing from [] to [es-ES]
10-30 20:51:58.814 10394 10434 I GnpSdk  : Finished executing async action [android.intent.action.BOOT_COMPLETED] in Coroutine Scope.
10-30 20:51:58.816 10394 10434 I GnpSdk  : Finished Broadcast execution [61923795].
10-30 20:51:58.817 10394 10394 D WM-RescheduleReceiver: Received intent Intent { act=android.intent.action.BOOT_COMPLETED flg=0x89000010 cmp=com.google.android.apps.pixel.support/androidx.work.impl.background.systemalarm.RescheduleReceiver (has extras) }
10-30 20:51:58.820  2799  2799 D QtiCarrierConfigHelper: WARNING, no carrier configs on phone Id: 1
10-30 20:51:58.821  1828  1859 V GrammaticalInflectionUtils: AttributionSource: android.content.AttributionSource@f9209428 does not have READ_SYSTEM_GRAMMATICAL_GENDER permission.
10-30 20:51:58.821  1828  1859 D CompatChangeReporter: Compat change id reported: 151861875; UID 10754; state: ENABLED
10-30 20:51:58.822  3573  3637 I .apps.wellbeing: AssetManager2(0xb400007ca1de5558) locale list changing from [] to [es-ES]
10-30 20:51:58.823  1828  1828 D LoadedApk: Receiver not registered: com.android.server.UiModeManagerService$8@bc7addb
10-30 20:51:58.832   929   929 D Zygote  : Forked child process 10523
10-30 20:51:58.833  1828  1860 I ActivityManager: Start proc 10523:com.google.android.apps.subscriptions.red/u0a754 for broadcast {com.google.android.apps.subscriptions.red/com.google.android.libraries.notifications.platform.entrypoints.restart.RestartReceiver}
10-30 20:51:58.833  1828  1860 I ActivityManager: ProcessObserver broadcast disabled
10-30 20:51:58.834 10523 10523 E ANDR-PERF-beluga: Unable to open libskewknob_system.so: dlopen failed: library "libskewknob_system.so" not found
10-30 20:51:58.834 10523 10523 E ANDR-PERF-beluga: .
10-30 20:51:58.836 10377 10421 I wps.moffice_eng: Waiting for a blocking GC ClassLinker
10-30 20:51:58.838   669   669 I hwservicemanager: getTransport: Cannot find entry vendor.qti.hardware.servicetracker@1.0::IServicetracker/default in either framework or device VINTF manifest.
10-30 20:51:58.845  3573  3637 I .apps.wellbeing: AssetManager2(0xb400007ca1def4b8) locale list changing from [] to [es-ES]
10-30 20:51:58.847  3573  3637 I .apps.wellbeing: AssetManager2(0xb400007ca1deb638) locale list changing from [] to [es-ES]
10-30 20:51:58.851 10523 10523 I bscriptions.red: Using CollectorTypeCC GC.
10-30 20:51:58.851   669   669 I hwservicemanager: getTransport: Cannot find entry vendor.qti.hardware.servicetracker@1.0::IServicetracker/default in either framework or device VINTF manifest.
10-30 20:51:58.852   669   669 I hwservicemanager: getTransport: Cannot find entry vendor.qti.hardware.servicetracker@1.0::IServicetracker/default in either framework or device VINTF manifest.
10-30 20:51:58.853  3534  3534 D BoundBrokerSvc: onUnbind: Intent { act=com.google.android.gms.semanticlocationhistory.zeroparty.service.START dat=chimera-action:/... xflg=0x4 cmp=com.google.android.gms/.chimera.GmsApiService }
10-30 20:51:58.857 10523 10523 D nativeloader: Load libframework-connectivity-tiramisu-jni.so using APEX ns com_android_tethering for caller /apex/com.android.tethering/javalib/framework-connectivity-t.jar: ok
10-30 20:51:58.861  1828  4004 D CompatibilityInfo: mCompatibilityFlags - 0
10-30 20:51:58.861  1828  4004 D CompatibilityInfo: applicationDensity - 440
10-30 20:51:58.862  1828  4004 D CompatibilityInfo: applicationScale - 1.0
10-30 20:51:58.872 10523 10523 D ApplicationLoaders: Returning zygote-cached class loader: /system_ext/framework/androidx.window.extensions.jar
10-30 20:51:58.872 10523 10523 D ApplicationLoaders: Returning zygote-cached class loader: /system_ext/framework/androidx.window.sidecar.jar
10-30 20:51:58.873   669   669 I hwservicemanager: getTransport: Cannot find entry vendor.qti.hardware.servicetracker@1.0::IServicetracker/default in either framework or device VINTF manifest.
10-30 20:51:58.892 10523 10523 W bscriptions.red: Failed to find entry 'classes.dex': Entry not found
10-30 20:51:58.892 10377 10421 I wps.moffice_eng: WaitForGcToComplete blocked ClassLinker on Background for 55.922ms
10-30 20:51:58.892 10523 10523 W bscriptions.red: Failed to find entry 'classes.dex': Entry not found
10-30 20:51:58.893 10523 10523 W bscriptions.red: Failed to find entry 'classes.dex': Entry not found
10-30 20:51:58.894 10523 10523 D nativeloader: Configuring clns-9 for other apk /data/app/~~PBTkebD_gnUwogaGx_GO-A==/com.google.android.apps.subscriptions.red-BtnJUKp8ULBoYAAAnBlr8A==/base.apk:/data/app/~~PBTkebD_gnUwogaGx_GO-A==/com.google.android.apps.subscriptions.red-BtnJUKp8ULBoYAAAnBlr8A==/split_config.arm64_v8a.apk:/data/app/~~PBTkebD_gnUwogaGx_GO-A==/com.google.android.apps.subscriptions.red-BtnJUKp8ULBoYAAAnBlr8A==/split_config.es.apk:/data/app/~~PBTkebD_gnUwogaGx_GO-A==/com.google.android.apps.subscriptions.red-BtnJUKp8ULBoYAAAnBlr8A==/split_config.xxhdpi.apk. target_sdk_version=35, uses_libraries=, library_path=/data/app/~~PBTkebD_gnUwogaGx_GO-A==/com.google.android.apps.subscriptions.red-BtnJUKp8ULBoYAAAnBlr8A==/lib/arm64:/data/app/~~PBTkebD_gnUwogaGx_GO-A==/com.google.android.apps.subscriptions.red-BtnJUKp8ULBoYAAAnBlr8A==/base.apk!/lib/arm64-v8a:/data/app/~~PBTkebD_gnUwogaGx_GO-A==/com.google.android.apps.subscriptions.red-BtnJUKp8ULBoYAAAnBlr8A==/split_config.arm64_v8a.apk!/lib/arm64-v8a:/data/app/~~PBTkebD_gnUwogaGx_GO-A==/com.google.andr
10-30 20:51:58.899 10523 10523 D CompatChangeReporter: Compat change id reported: 202956589; UID 10754; state: ENABLED
10-30 20:51:58.901 10523 10523 I bscriptions.red: AssetManager2(0xb400007ca1dd1cd8) locale list changing from [] to [es-ES]
10-30 20:51:58.903 10523 10523 E BoostFramework: BoostFramework() : Exception_1 = java.lang.ClassNotFoundException: com.qualcomm.qti.Performance
10-30 20:51:58.903 10523 10523 E BoostFramework: BoostFramework() Ux Perf: Exception = java.lang.ClassNotFoundException: com.qualcomm.qti.UxPerformance
10-30 20:51:58.905  3573  3637 I .apps.wellbeing: AssetManager2(0xb400007ca1de4298) locale list changing from [] to [es-ES]
10-30 20:51:58.905 10523 10523 V GraphicsEnvironment: Currently set values for:
10-30 20:51:58.905 10523 10523 V GraphicsEnvironment:   angle_gl_driver_selection_pkgs=[com.android.angle, com.linecorp.b612.android, com.campmobile.snow, com.google.android.apps.tachyon]
10-30 20:51:58.905 10523 10523 V GraphicsEnvironment:   angle_gl_driver_selection_values=[angle, native, native, native]
10-30 20:51:58.905 10523 10523 V GraphicsEnvironment: com.google.android.apps.subscriptions.red is not listed in per-application setting
10-30 20:51:58.905 10523 10523 V GraphicsEnvironment: ANGLE allowlist from config: 
10-30 20:51:58.905 10523 10523 V GraphicsEnvironment: com.google.android.apps.subscriptions.red is not listed in ANGLE allowlist or settings, returning default
10-30 20:51:58.905 10523 10523 V GraphicsEnvironment: Neither updatable production driver nor prerelease driver is supported.
10-30 20:51:58.907   669   669 I hwservicemanager: getTransport: Cannot find entry vendor.qti.hardware.servicetracker@1.0::IServicetracker/default in either framework or device VINTF manifest.
10-30 20:51:58.912   669   669 I hwservicemanager: getTransport: Cannot find entry vendor.qti.hardware.servicetracker@1.0::IServicetracker/default in either framework or device VINTF manifest.
10-30 20:51:58.913  3534  3534 D BoundBrokerSvc: onUnbind: Intent { act=com.google.android.gms.findmydevice.spot.service.management.START dat=chimera-action:/... xflg=0x4 cmp=com.google.android.gms/.chimera.GmsApiService }
10-30 20:51:58.914 10377 10421 I GoogleTagManager: Loading container GTM-WCKKCZX
10-30 20:51:58.915 10377 10421 I GoogleTagManager: Installing Tag Manager event handler.
10-30 20:51:58.916 10377 10421 I GoogleTagManager: Tag Manager event handler installed.
10-30 20:51:58.916 10377 10421 I GoogleTagManager: Tag Manager initialization took 17ms
10-30 20:51:58.918   669   669 I hwservicemanager: getTransport: Cannot find entry vendor.qti.hardware.servicetracker@1.0::IServicetracker/default in either framework or device VINTF manifest.
10-30 20:51:58.959 10523 10523 W bscriptions.red: Method void pdx.c(android.app.Activity) failed lock verification and will run slower.
10-30 20:51:58.959 10523 10523 W bscriptions.red: Common causes for lock verification issues are non-optimized dex code
10-30 20:51:58.959 10523 10523 W bscriptions.red: and incorrect proguard optimizations.
10-30 20:51:58.969 10377 10540 W GoogleTagManager: No network connectivity - Offline
10-30 20:51:58.976   669   669 I hwservicemanager: getTransport: Cannot find entry vendor.qti.hardware.servicetracker@1.0::IServicetracker/default in either framework or device VINTF manifest.
10-30 20:51:58.977   669   669 I hwservicemanager: getTransport: Cannot find entry vendor.qti.hardware.servicetracker@1.0::IServicetracker/default in either framework or device VINTF manifest.
10-30 20:51:58.977  3119  3119 D BoundBrokerSvc: onUnbind: Intent { act=com.google.android.gms.auth.proximity.devicesyncservice.START dat=chimera-action:/... xflg=0x4 cmp=com.google.android.gms/.chimera.PersistentBoundBrokerService }
10-30 20:51:58.981  3573  3637 I .apps.wellbeing: AssetManager2(0xb400007ca1dea058) locale list changing from [] to [es-ES]
10-30 20:51:58.983  9329  9902 V ClearcutMetricXmitter: Transmission is done.
10-30 20:51:58.985  3573  3637 I .apps.wellbeing: AssetManager2(0xb400007ca1dec8f8) locale list changing from [] to [es-ES]
10-30 20:51:59.014  9329  9902 V ClearcutMetricXmitter: Transmission is done.
10-30 20:51:59.017  3573  3637 I .apps.wellbeing: AssetManager2(0xb400007ca1de32f8) locale list changing from [] to [es-ES]
10-30 20:51:59.022   669   669 I hwservicemanager: getTransport: Cannot find entry vendor.qti.hardware.servicetracker@1.0::IServicetracker/default in either framework or device VINTF manifest.
10-30 20:51:59.023   669   669 I hwservicemanager: getTransport: Cannot find entry vendor.qti.hardware.servicetracker@1.0::IServicetracker/default in either framework or device VINTF manifest.
10-30 20:51:59.023  3534  3534 D BoundBrokerSvc: onUnbind: Intent { act=com.google.android.gms.checkin.START xflg=0x4 pkg=com.google.android.gms }
10-30 20:51:59.046  2848  3142 D SatelliteController: evaluateESOSProfilesPrioritization: allSubInfos.size()=1
10-30 20:51:59.046  2848  3142 D SatelliteController: evaluateESOSProfilesPrioritization: newSubsInfoListPerPriority.size()=0
10-30 20:51:59.046  2848  3142 D SatelliteController: evaluateESOSProfilesPrioritization: no satellite subscription available
10-30 20:51:59.048   669   669 I hwservicemanager: getTransport: Cannot find entry vendor.qti.hardware.servicetracker@1.0::IServicetracker/default in either framework or device VINTF manifest.
10-30 20:51:59.054 10377 10536 W GoogleTagManager: Event does not have parameter "item" and no default value was defined. Returning "undefined".
10-30 20:51:59.056 10377 10536 W GoogleTagManager: Event does not have parameter "module" and no default value was defined. Returning "undefined".
10-30 20:51:59.064   669   669 I hwservicemanager: getTransport: Cannot find entry vendor.qti.hardware.servicetracker@1.0::IServicetracker/default in either framework or device VINTF manifest.
10-30 20:51:59.066   669   669 I hwservicemanager: getTransport: Cannot find entry vendor.qti.hardware.servicetracker@1.0::IServicetracker/default in either framework or device VINTF manifest.
10-30 20:51:59.067  3534  3534 D BoundBrokerSvc: onUnbind: Intent { act=com.google.android.gms.semanticlocationhistory.service.START dat=chimera-action:/... xflg=0x4 cmp=com.google.android.gms/.chimera.GmsApiService }
10-30 20:51:59.067 10377 10536 W GoogleTagManager: Event does not have parameter "ad_type" and no default value was defined. Returning "undefined".
10-30 20:51:59.069 10377 10536 W GoogleTagManager: Event does not have parameter "operation" and no default value was defined. Returning "undefined".
10-30 20:51:59.070 10377 10536 W GoogleTagManager: Event does not have parameter "operation" and no default value was defined. Returning "undefined".
10-30 20:51:59.071 10377 10536 W GoogleTagManager: Event does not have parameter "operation" and no default value was defined. Returning "undefined".
10-30 20:51:59.076 10377 10536 W GoogleTagManager: Event does not have parameter "operation" and no default value was defined. Returning "undefined".
10-30 20:51:59.077 10377 10536 W GoogleTagManager: Event does not have parameter "operation" and no default value was defined. Returning "undefined".
10-30 20:51:59.088   669   669 I hwservicemanager: getTransport: Cannot find entry vendor.qti.hardware.servicetracker@1.0::IServicetracker/default in either framework or device VINTF manifest.
10-30 20:51:59.089  3119  3119 D BoundBrokerSvc: onUnbind: Intent { act=com.google.android.gms.findmydevice.spot.service.locationreport.START dat=chimera-action:/... xflg=0x4 cmp=com.google.android.gms/.chimera.PersistentApiService }
10-30 20:51:59.097   669   669 I hwservicemanager: getTransport: Cannot find entry vendor.qti.hardware.servicetracker@1.0::IServicetracker/default in either framework or device VINTF manifest.
10-30 20:51:59.100 10377 10536 W GoogleTagManager: Event does not have parameter "item" and no default value was defined. Returning "undefined".
10-30 20:51:59.100   669   669 I hwservicemanager: getTransport: Cannot find entry vendor.qti.hardware.servicetracker@1.0::IServicetracker/default in either framework or device VINTF manifest.
10-30 20:51:59.101 10377 10536 W GoogleTagManager: Event does not have parameter "module" and no default value was defined. Returning "undefined".
10-30 20:51:59.103 10377 10536 W GoogleTagManager: Event does not have parameter "ad_type" and no default value was defined. Returning "undefined".
10-30 20:51:59.105 10523 10555 D CompatChangeReporter: Compat change id reported: 311402873; UID 10754; state: ENABLED
10-30 20:51:59.105 10523 10555 D CompatChangeReporter: Compat change id reported: 323349338; UID 10754; state: ENABLED
10-30 20:51:59.107  1828  4004 D CompatChangeReporter: Compat change id reported: 311402873; UID 10754; state: ENABLED
10-30 20:51:59.107  1828  4004 D CompatChangeReporter: Compat change id reported: 323349338; UID 10754; state: ENABLED
10-30 20:51:59.110   669   669 I hwservicemanager: getTransport: Cannot find entry vendor.qti.hardware.servicetracker@1.0::IServicetracker/default in either framework or device VINTF manifest.
10-30 20:51:59.113   669   669 I hwservicemanager: getTransport: Cannot find entry vendor.qti.hardware.servicetracker@1.0::IServicetracker/default in either framework or device VINTF manifest.
10-30 20:51:59.114 10377 10551 I AdvertisingIdClient: shouldSendLog -1
10-30 20:51:59.115   669   669 I hwservicemanager: getTransport: Cannot find entry vendor.qti.hardware.servicetracker@1.0::IServicetracker/default in either framework or device VINTF manifest.
10-30 20:51:59.115  3119  3119 D BoundBrokerSvc: onRebind: Intent { act=com.google.android.gms.common.telemetry.service.START dat=chimera-action:/... xflg=0x4 cmp=com.google.android.gms/.chimera.PersistentApiService }
10-30 20:51:59.116 10377 10551 I AdvertisingIdClient: GetInfoInternal elapse 51ms
10-30 20:51:59.116 10377 10551 I GoogleTagManager: Obtained fresh AdvertisingId info from GmsCore.
10-30 20:51:59.121  1560  8346 W ServiceManagerCppClient: Waited one second for stats (is service started? Number of threads started in the threadpool: 17. Are binder threads started and available?)
10-30 20:51:59.129  3573  3637 I .apps.wellbeing: AssetManager2(0xb400007ca1dee1f8) locale list changing from [] to [es-ES]
10-30 20:51:59.142 10377 10536 W GoogleTagManager: Event does not have parameter "item" and no default value was defined. Returning "undefined".
10-30 20:51:59.143 10377 10536 W GoogleTagManager: Event does not have parameter "module" and no default value was defined. Returning "undefined".
10-30 20:51:59.145 10377 10536 W GoogleTagManager: Event does not have parameter "ad_type" and no default value was defined. Returning "undefined".
10-30 20:51:59.148  3573  3637 I .apps.wellbeing: AssetManager2(0xb400007ca1dea9b8) locale list changing from [] to [es-ES]
10-30 20:51:59.153  2848  3142 D SatelliteController: evaluateESOSProfilesPrioritization: allSubInfos.size()=1
10-30 20:51:59.153  2848  3142 D SatelliteController: evaluateESOSProfilesPrioritization: newSubsInfoListPerPriority.size()=0
10-30 20:51:59.153  2848  3142 D SatelliteController: evaluateESOSProfilesPrioritization: no satellite subscription available
10-30 20:51:59.167 10377 10377 I AdvertisingIdClient: getting error as 17: API: ClientTelemetry.API is not available on this device. Connection failed with: xd{statusCode=API_DISABLED_FOR_CONNECTION, resolution=null, message=null, clientMethodKey=null}
10-30 20:51:59.169 10523 10554 E ashmem  : Pinning is deprecated since Android Q. Please use trim or other methods.
10-30 20:51:59.171  3573  3637 I .apps.wellbeing: AssetManager2(0xb400007ca1ded898) locale list changing from [] to [es-ES]
10-30 20:51:59.172   669   669 I hwservicemanager: getTransport: Cannot find entry vendor.qti.hardware.servicetracker@1.0::IServicetracker/default in either framework or device VINTF manifest.
10-30 20:51:59.173 10377 10536 W GoogleTagManager: Event does not have parameter "item" and no default value was defined. Returning "undefined".
10-30 20:51:59.173  3534  3534 D BoundBrokerSvc: onUnbind: Intent { act=com.google.android.gms.audit.service.START dat=chimera-action:/... xflg=0x4 cmp=com.google.android.gms/.chimera.GmsBoundBrokerService }
10-30 20:51:59.173   669   669 I hwservicemanager: getTransport: Cannot find entry vendor.qti.hardware.servicetracker@1.0::IServicetracker/default in either framework or device VINTF manifest.
10-30 20:51:59.174 10377 10536 W GoogleTagManager: Event does not have parameter "module" and no default value was defined. Returning "undefined".
10-30 20:51:59.174  3119  3119 D BoundBrokerSvc: onUnbind: Intent { act=com.google.android.gms.auth.account.data.service.START dat=chimera-action:/... xflg=0x4 cmp=com.google.android.gms/.chimera.PersistentBoundBrokerService }
10-30 20:51:59.175   669   669 I hwservicemanager: getTransport: Cannot find entry vendor.qti.hardware.servicetracker@1.0::IServicetracker/default in either framework or device VINTF manifest.
10-30 20:51:59.176 10377 10536 W GoogleTagManager: Event does not have parameter "ad_type" and no default value was defined. Returning "undefined".
10-30 20:51:59.176  3534  3534 D BoundBrokerSvc: onUnbind: Intent { act=com.google.android.gms.chimera.container.moduleinstall.ModuleInstallService.START dat=chimera-action:/... xflg=0x4 cmp=com.google.android.gms/.chimera.GmsApiService }
10-30 20:51:59.178 10377 10536 W GoogleTagManager: Event does not have parameter "operation" and no default value was defined. Returning "undefined".
10-30 20:51:59.179 10377 10536 W GoogleTagManager: Event does not have parameter "operation" and no default value was defined. Returning "undefined".
10-30 20:51:59.180 10377 10536 W GoogleTagManager: Event does not have parameter "operation" and no default value was defined. Returning "undefined".
10-30 20:51:59.181 10377 10536 W GoogleTagManager: Event does not have parameter "operation" and no default value was defined. Returning "undefined".
10-30 20:51:59.182 10377 10536 W GoogleTagManager: Event does not have parameter "operation" and no default value was defined. Returning "undefined".
10-30 20:51:59.195 10377 10536 W GoogleTagManager: Event does not have parameter "item" and no default value was defined. Returning "undefined".
10-30 20:51:59.197 10377 10536 W GoogleTagManager: Event does not have parameter "module" and no default value was defined. Returning "undefined".
10-30 20:51:59.199 10377 10536 W GoogleTagManager: Event does not have parameter "ad_type" and no default value was defined. Returning "undefined".
10-30 20:51:59.200 10377 10536 W GoogleTagManager: Event does not have parameter "operation" and no default value was defined. Returning "undefined".
10-30 20:51:59.201 10377 10536 W GoogleTagManager: Event does not have parameter "operation" and no default value was defined. Returning "undefined".
10-30 20:51:59.202 10377 10536 W GoogleTagManager: Event does not have parameter "operation" and no default value was defined. Returning "undefined".
10-30 20:51:59.203 10377 10536 W GoogleTagManager: Event does not have parameter "operation" and no default value was defined. Returning "undefined".
10-30 20:51:59.204 10377 10536 W GoogleTagManager: Event does not have parameter "operation" and no default value was defined. Returning "undefined".
10-30 20:51:59.215 10377 10383 W wps.moffice_eng: Missing inline cache for void m4.apt.d(m4.aou)
10-30 20:51:59.216 10377 10383 W wps.moffice_eng: Missing inline cache for void m4.apt.d(m4.aou)
10-30 20:51:59.216 10377 10383 W wps.moffice_eng: Missing inline cache for void m4.apt.d(m4.aou)
10-30 20:51:59.216 10377 10383 W wps.moffice_eng: Missing inline cache for void m4.apt.d(m4.aou)
10-30 20:51:59.216 10377 10383 W wps.moffice_eng: Missing inline cache for void m4.apt.d(m4.aou)
10-30 20:51:59.216 10377 10383 W wps.moffice_eng: Missing inline cache for void m4.apt.d(m4.aou)
10-30 20:51:59.216 10377 10383 W wps.moffice_eng: Missing inline cache for void m4.apt.d(m4.aou)
10-30 20:51:59.220 10377 10536 W GoogleTagManager: Event does not have parameter "item" and no default value was defined. Returning "undefined".
10-30 20:51:59.220 10377 10536 W GoogleTagManager: Event does not have parameter "module" and no default value was defined. Returning "undefined".
10-30 20:51:59.222 10377 10536 W GoogleTagManager: Event does not have parameter "ad_type" and no default value was defined. Returning "undefined".
10-30 20:51:59.223 10377 10536 W GoogleTagManager: Event does not have parameter "operation" and no default value was defined. Returning "undefined".
10-30 20:51:59.224 10377 10536 W GoogleTagManager: Event does not have parameter "operation" and no default value was defined. Returning "undefined".
10-30 20:51:59.224 10377 10536 W GoogleTagManager: Event does not have parameter "operation" and no default value was defined. Returning "undefined".
10-30 20:51:59.225 10377 10536 W GoogleTagManager: Event does not have parameter "operation" and no default value was defined. Returning "undefined".
10-30 20:51:59.226 10377 10536 W GoogleTagManager: Event does not have parameter "operation" and no default value was defined. Returning "undefined".
10-30 20:51:59.229   669   669 I hwservicemanager: getTransport: Cannot find entry vendor.qti.hardware.servicetracker@1.0::IServicetracker/default in either framework or device VINTF manifest.
10-30 20:51:59.232  3573  3637 I .apps.wellbeing: AssetManager2(0xb400007ca1defaf8) locale list changing from [] to [es-ES]
10-30 20:51:59.238  9665 10563 D ProfileInstaller: Skipping profile installation for com.free.vpn.super.hotspot.open
10-30 20:51:59.245  3573  3637 I .apps.wellbeing: AssetManager2(0xb400007ca1de8a78) locale list changing from [] to [es-ES]
10-30 20:51:59.251  3573  3637 I .apps.wellbeing: AssetManager2(0xb400007ca1de96f8) locale list changing from [] to [es-ES]
10-30 20:51:59.257  3573  3637 I .apps.wellbeing: AssetManager2(0xb400007ca1deb958) locale list changing from [] to [es-ES]
10-30 20:51:59.259  3573  3637 I .apps.wellbeing: AssetManager2(0xb400007ca1def7d8) locale list changing from [] to [es-ES]
10-30 20:51:59.267   669   669 I hwservicemanager: getTransport: Cannot find entry vendor.qti.hardware.servicetracker@1.0::IServicetracker/default in either framework or device VINTF manifest.
10-30 20:51:59.269  3573  3637 I .apps.wellbeing: AssetManager2(0xb400007ca1deee78) locale list changing from [] to [es-ES]
10-30 20:51:59.269  3119  3119 D BoundBrokerSvc: onUnbind: Intent { act=com.google.android.gms.semanticlocation.service.START_ODLH dat=chimera-action:/... xflg=0x4 cmp=com.google.android.gms/.chimera.PersistentBoundBrokerService }
10-30 20:51:59.286   669   669 I hwservicemanager: getTransport: Cannot find entry vendor.qti.hardware.servicetracker@1.0::IServicetracker/default in either framework or device VINTF manifest.
10-30 20:51:59.290  3573  3637 I .apps.wellbeing: AssetManager2(0xb400007ca1dedbb8) locale list changing from [] to [es-ES]
10-30 20:51:59.295   669   669 I hwservicemanager: getTransport: Cannot find entry vendor.qti.hardware.servicetracker@1.0::IServicetracker/default in either framework or device VINTF manifest.
10-30 20:51:59.295   669   669 I hwservicemanager: getTransport: Cannot find entry vendor.qti.hardware.servicetracker@1.0::IServicetracker/default in either framework or device VINTF manifest.
10-30 20:51:59.295  1828  3325 D CompatChangeReporter: Compat change id reported: 311208629; UID 10754; state: ENABLED
10-30 20:51:59.306  1269  2950 W ServiceManagerCppClient: Waited one second for stats (is service started? Number of threads started in the threadpool: 6. Are binder threads started and available?)
10-30 20:51:59.326   669   669 I hwservicemanager: getTransport: Cannot find entry vendor.qti.hardware.servicetracker@1.0::IServicetracker/default in either framework or device VINTF manifest.
10-30 20:51:59.332  3573  3637 I .apps.wellbeing: AssetManager2(0xb400007ca1deaff8) locale list changing from [] to [es-ES]
10-30 20:51:59.336  3573  3637 I .apps.wellbeing: AssetManager2(0xb400007ca1debf98) locale list changing from [] to [es-ES]
10-30 20:51:59.340  9394  9725 I FlightRecordReaderImpl: Failed to find any valid flight records for process id 32109
10-30 20:51:59.366 10523 10558 D CompatChangeReporter: Compat change id reported: 312399441; UID 10754; state: ENABLED
10-30 20:51:59.381  3573  3637 I .apps.wellbeing: AssetManager2(0xb400007ca1dec5d8) locale list changing from [] to [es-ES]
10-30 20:51:59.399   669   669 I hwservicemanager: getTransport: Cannot find entry vendor.qti.hardware.servicetracker@1.0::IServicetracker/default in either framework or device VINTF manifest.
10-30 20:51:59.400   669   669 I hwservicemanager: getTransport: Cannot find entry vendor.qti.hardware.servicetracker@1.0::IServicetracker/default in either framework or device VINTF manifest.
10-30 20:51:59.402  3573  3637 I .apps.wellbeing: AssetManager2(0xb400007ca1deb318) locale list changing from [] to [es-ES]
10-30 20:51:59.406  3573  3637 I .apps.wellbeing: AssetManager2(0xb400007ca1dee838) locale list changing from [] to [es-ES]
10-30 20:51:59.414  1828  1859 V GrammaticalInflectionUtils: AttributionSource: android.content.AttributionSource@198ca7f5 does not have READ_SYSTEM_GRAMMATICAL_GENDER permission.
10-30 20:51:59.414  1828  1859 D CompatChangeReporter: Compat change id reported: 151861875; UID 10773; state: ENABLED
10-30 20:51:59.417  9425  9440 W ProxyAndroidLoggerBackend: Too many Flogger logs received before configuration. Dropping old logs.
10-30 20:51:59.420  3573  3637 I .apps.wellbeing: AssetManager2(0xb400007ca1de8d98) locale list changing from [] to [es-ES]
10-30 20:51:59.426   929   929 D Zygote  : Forked child process 10567
10-30 20:51:59.427  1828  1860 I ActivityManager: Start proc 10567:com.google.android.apps.tips/u0a773 for broadcast {com.google.android.apps.tips/com.google.android.apps.tips.data.data.repository.media.receiver.MediaCleanTasksReceiver}
10-30 20:51:59.427  1828  1860 I ActivityManager: ProcessObserver broadcast disabled
10-30 20:51:59.427 10567 10567 E ANDR-PERF-beluga: Unable to open libskewknob_system.so: dlopen failed: library "libskewknob_system.so" not found
10-30 20:51:59.427 10567 10567 E ANDR-PERF-beluga: .
10-30 20:51:59.428  3573  3637 I .apps.wellbeing: AssetManager2(0xb400007ca1deeb58) locale list changing from [] to [es-ES]
10-30 20:51:59.432  9425  9440 W ProxyAndroidLoggerBackend: Too many Flogger logs received before configuration. Dropping old logs.
10-30 20:51:59.439  9425 10559 W ProxyAndroidLoggerBackend: Too many Flogger logs received before configuration. Dropping old logs.
10-30 20:51:59.440  9425 10559 W ProxyAndroidLoggerBackend: Too many Flogger logs received before configuration. Dropping old logs.
10-30 20:51:59.441  3573  3637 I .apps.wellbeing: AssetManager2(0xb400007ca1de8438) locale list changing from [] to [es-ES]
10-30 20:51:59.442 10567 10567 I droid.apps.tips: Using CollectorTypeCC GC.
10-30 20:51:59.448 10567 10567 D nativeloader: Load libframework-connectivity-tiramisu-jni.so using APEX ns com_android_tethering for caller /apex/com.android.tethering/javalib/framework-connectivity-t.jar: ok
10-30 20:51:59.452  1828  2975 D CompatibilityInfo: mCompatibilityFlags - 0
10-30 20:51:59.452  1828  2975 D CompatibilityInfo: applicationDensity - 440
10-30 20:51:59.452  1828  2975 D CompatibilityInfo: applicationScale - 1.0
10-30 20:51:59.453  3573  3637 I .apps.wellbeing: AssetManager2(0xb400007ca1dea698) locale list changing from [] to [es-ES]
10-30 20:51:59.458 10567 10567 D ApplicationLoaders: Returning zygote-cached class loader: /system_ext/framework/androidx.window.extensions.jar
10-30 20:51:59.458 10567 10567 D ApplicationLoaders: Returning zygote-cached class loader: /system_ext/framework/androidx.window.sidecar.jar
10-30 20:51:59.482  3573  3637 I .apps.wellbeing: AssetManager2(0xb400007ca1df74d8) locale list changing from [] to [es-ES]
10-30 20:51:59.483 10567 10567 W droid.apps.tips: Failed to find entry 'classes.dex': Entry not found
10-30 20:51:59.483 10567 10567 W droid.apps.tips: Failed to find entry 'classes.dex': Entry not found
10-30 20:51:59.484 10567 10567 D nativeloader: Configuring clns-9 for other apk /data/app/~~dcromCdK3LiUnTSCUKe2Zw==/com.google.android.apps.tips-A45tys4qgMvuW1v-AUZwmQ==/base.apk:/data/app/~~dcromCdK3LiUnTSCUKe2Zw==/com.google.android.apps.tips-A45tys4qgMvuW1v-AUZwmQ==/split_config.arm64_v8a.apk:/data/app/~~dcromCdK3LiUnTSCUKe2Zw==/com.google.android.apps.tips-A45tys4qgMvuW1v-AUZwmQ==/split_config.xxhdpi.apk. target_sdk_version=35, uses_libraries=, library_path=/data/app/~~dcromCdK3LiUnTSCUKe2Zw==/com.google.android.apps.tips-A45tys4qgMvuW1v-AUZwmQ==/lib/arm64:/data/app/~~dcromCdK3LiUnTSCUKe2Zw==/com.google.android.apps.tips-A45tys4qgMvuW1v-AUZwmQ==/base.apk!/lib/arm64-v8a:/data/app/~~dcromCdK3LiUnTSCUKe2Zw==/com.google.android.apps.tips-A45tys4qgMvuW1v-AUZwmQ==/split_config.arm64_v8a.apk!/lib/arm64-v8a:/data/app/~~dcromCdK3LiUnTSCUKe2Zw==/com.google.android.apps.tips-A45tys4qgMvuW1v-AUZwmQ==/split_config.xxhdpi.apk!/lib/arm64-v8a, permitted_path=/data:/mnt/expand:/data/user/0/com.google.android.apps.tips
10-30 20:51:59.490 10567 10567 D CompatChangeReporter: Compat change id reported: 202956589; UID 10773; state: ENABLED
10-30 20:51:59.492 10567 10567 I droid.apps.tips: AssetManager2(0xb400007ca1dd1cd8) locale list changing from [] to [es-ES]
10-30 20:51:59.494   669   669 I hwservicemanager: getTransport: Cannot find entry vendor.qti.hardware.servicetracker@1.0::IServicetracker/default in either framework or device VINTF manifest.
10-30 20:51:59.494  3573  3637 I .apps.wellbeing: AssetManager2(0xb400007ca1de90b8) locale list changing from [] to [es-ES]
10-30 20:51:59.494   669   669 I hwservicemanager: getTransport: Cannot find entry vendor.qti.hardware.servicetracker@1.0::IServicetracker/default in either framework or device VINTF manifest.
10-30 20:51:59.494 10567 10567 E BoostFramework: BoostFramework() : Exception_1 = java.lang.ClassNotFoundException: com.qualcomm.qti.Performance
10-30 20:51:59.494 10567 10567 E BoostFramework: BoostFramework() Ux Perf: Exception = java.lang.ClassNotFoundException: com.qualcomm.qti.UxPerformance
10-30 20:51:59.496 10567 10567 V GraphicsEnvironment: Currently set values for:
10-30 20:51:59.496 10567 10567 V GraphicsEnvironment:   angle_gl_driver_selection_pkgs=[com.android.angle, com.linecorp.b612.android, com.campmobile.snow, com.google.android.apps.tachyon]
10-30 20:51:59.496 10567 10567 V GraphicsEnvironment:   angle_gl_driver_selection_values=[angle, native, native, native]
10-30 20:51:59.496 10567 10567 V GraphicsEnvironment: com.google.android.apps.tips is not listed in per-application setting
10-30 20:51:59.496 10567 10567 V GraphicsEnvironment: ANGLE allowlist from config: 
10-30 20:51:59.496 10567 10567 V GraphicsEnvironment: com.google.android.apps.tips is not listed in ANGLE allowlist or settings, returning default
10-30 20:51:59.496 10567 10567 V GraphicsEnvironment: Neither updatable production driver nor prerelease driver is supported.
10-30 20:51:59.496   669   669 I hwservicemanager: getTransport: Cannot find entry vendor.qti.hardware.servicetracker@1.0::IServicetracker/default in either framework or device VINTF manifest.
10-30 20:51:59.497   669   669 I hwservicemanager: getTransport: Cannot find entry vendor.qti.hardware.servicetracker@1.0::IServicetracker/default in either framework or device VINTF manifest.
10-30 20:51:59.508   669   669 I hwservicemanager: getTransport: Cannot find entry vendor.qti.hardware.servicetracker@1.0::IServicetracker/default in either framework or device VINTF manifest.
10-30 20:51:59.509  3119  3119 D BoundBrokerSvc: onUnbind: Intent { act=com.google.android.gms.udc.service.START dat=chimera-action:/... xflg=0x4 cmp=com.google.android.gms/.chimera.PersistentApiService }
10-30 20:51:59.509  3573  3637 I .apps.wellbeing: AssetManager2(0xb400007ca1de9a18) locale list changing from [] to [es-ES]
10-30 20:51:59.512  3573  3637 I .apps.wellbeing: AssetManager2(0xb400007ca1df2078) locale list changing from [] to [es-ES]
10-30 20:51:59.517 10567 10567 I MultiDex: VM with version 2.1.0 has multidex support
10-30 20:51:59.517 10567 10567 I MultiDex: Installing application
10-30 20:51:59.517 10567 10567 I MultiDex: VM has multidex support, MultiDex support library is disabled.
10-30 20:51:59.517   669   669 I hwservicemanager: getTransport: Cannot find entry vendor.qti.hardware.servicetracker@1.0::IServicetracker/default in either framework or device VINTF manifest.
10-30 20:51:59.519  3534  3534 D BoundBrokerSvc: onRebind: Intent { act=com.google.android.gms.chimera.container.moduleinstall.ModuleInstallService.START dat=chimera-action:/... xflg=0x4 cmp=com.google.android.gms/.chimera.GmsApiService }
10-30 20:51:59.520  1828  2545 D BackgroundInstallControlService: Package event received: 0
10-30 20:51:59.521  9617  9633 V GH.ProjStateSvc: No binder to the car, notifying not projecting
10-30 20:51:59.521  3848  6552 I eeky    : (REDACTED) appOpsListener %s %s
10-30 20:51:59.521  3848  6552 I eeky    : (REDACTED) Ignoring irrelevant audio permission changes for package %s
10-30 20:51:59.524   669   669 I hwservicemanager: getTransport: Cannot find entry vendor.qti.hardware.servicetracker@1.0::IServicetracker/default in either framework or device VINTF manifest.
10-30 20:51:59.524  3573  3637 I .apps.wellbeing: AssetManager2(0xb400007ca1de9d38) locale list changing from [] to [es-ES]
10-30 20:51:59.524  3534  3534 D BoundBrokerSvc: onBind: Intent { act=com.google.android.mobstore.service.START dat=chimera-action:/... xflg=0x4 cmp=com.google.android.gms/.chimera.GmsBoundBrokerService }
10-30 20:51:59.524  3534  3534 D BoundBrokerSvc: Loading bound service for intent: Intent { act=com.google.android.mobstore.service.START dat=chimera-action:/... xflg=0x4 cmp=com.google.android.gms/.chimera.GmsBoundBrokerService }
10-30 20:51:59.526   669   669 I hwservicemanager: getTransport: Cannot find entry vendor.qti.hardware.servicetracker@1.0::IServicetracker/default in either framework or device VINTF manifest.
10-30 20:51:59.531   669   669 I hwservicemanager: getTransport: Cannot find entry vendor.qti.hardware.servicetracker@1.0::IServicetracker/default in either framework or device VINTF manifest.
10-30 20:51:59.532  3573  3637 I .apps.wellbeing: AssetManager2(0xb400007ca1ded258) locale list changing from [] to [es-ES]
10-30 20:51:59.533  3119  3119 D BoundBrokerSvc: onUnbind: 