12-06 23:08:28.040  2932  2932 D DNC-0   : onAddNetworkRequest: added [NetworkRequest [ REQUEST id=59, [ Capabilities: INTERNET&NOT_RESTRICTED&TRUSTED&NOT_VCN_MANAGED&NOT_BANDWIDTH_CONSTRAINED Uid: 10735 RequestorUid: 1000 RequestorPkg: android UnderlyingNetworks: Null] ], mPriority=20, state=UNSATISFIED, mAttachedDataNetwork=null, created time=23:08:26.924, evaluation result=null]
12-06 23:08:28.041  2932  2932 D DPM-0   : Can't find any data profile that can satisfy [NetworkRequest [ REQUEST id=59, [ Capabilities: INTERNET&NOT_RESTRICTED&TRUSTED&NOT_VCN_MANAGED&NOT_BANDWIDTH_CONSTRAINED Uid: 10735 RequestorUid: 1000 RequestorPkg: android UnderlyingNetworks: Null] ], mPriority=20, state=UNSATISFIED, mAttachedDataNetwork=null, created time=23:08:26.924, evaluation result=null]
12-06 23:08:28.041  2932  2932 D DPM-0   : Unable to find a data profile for [NetworkRequest [ REQUEST id=59, [ Capabilities: INTERNET&NOT_RESTRICTED&TRUSTED&NOT_VCN_MANAGED&NOT_BANDWIDTH_CONSTRAINED Uid: 10735 RequestorUid: 1000 RequestorPkg: android UnderlyingNetworks: Null] ], mPriority=20, state=UNSATISFIED, mAttachedDataNetwork=null, created time=23:08:26.924, evaluation result=null]
12-06 23:08:28.042  2932  2932 D DNC-0   : Data evaluation: evaluation reason:NEW_REQUEST, Data disallowed reasons: SIM_NOT_READY DATA_CONFIG_NOT_READY NO_SUITABLE_DATA_PROFILE NOT_IN_SERVICE SERVICE_OPTION_NOT_SUPPORTED, candidate profile=null, time=23:08:28.041, network type=UNKNOWN, reg state=UNKNOWN, [NetworkRequest [ REQUEST id=59, [ Capabilities: INTERNET&NOT_RESTRICTED&TRUSTED&NOT_VCN_MANAGED&NOT_BANDWIDTH_CONSTRAINED Uid: 10735 RequestorUid: 1000 RequestorPkg: android UnderlyingNetworks: Null] ], mPriority=20, state=UNSATISFIED, mAttachedDataNetwork=null, created time=23:08:26.923, evaluation result=Data evaluation: evaluation reason:NEW_REQUEST, Data disallowed reasons: SIM_NOT_READY DATA_CONFIG_NOT_READY NO_SUITABLE_DATA_PROFILE NOT_IN_SERVICE SERVICE_OPTION_NOT_SUPPORTED, candidate profile=null, time=23:08:28.041]
12-06 23:08:28.042  2932  2932 D DNC-0   : onAddNetworkRequest: added [NetworkRequest [ REQUEST id=19, [ Capabilities: INTERNET&NOT_RESTRICTED&TRUSTED&NOT_VCN_MANAGED&NOT_BANDWIDTH_CONSTRAINED Uid: 10773 RequestorUid: 1000 RequestorPkg: android UnderlyingNetworks: Null] ], mPriority=20, state=UNSATISFIED, mAttachedDataNetwork=null, created time=23:08:26.925, evaluation result=null]
12-06 23:08:28.043  2932  2932 D DPM-0   : Can't find any data profile that can satisfy [NetworkRequest [ REQUEST id=19, [ Capabilities: INTERNET&NOT_RESTRICTED&TRUSTED&NOT_VCN_MANAGED&NOT_BANDWIDTH_CONSTRAINED Uid: 10773 RequestorUid: 1000 RequestorPkg: android UnderlyingNetworks: Null] ], mPriority=20, state=UNSATISFIED, mAttachedDataNetwork=null, created time=23:08:26.924, evaluation result=null]
12-06 23:08:28.043  2932  2932 D DPM-0   : Unable to find a data profile for [NetworkRequest [ REQUEST id=19, [ Capabilities: INTERNET&NOT_RESTRICTED&TRUSTED&NOT_VCN_MANAGED&NOT_BANDWIDTH_CONSTRAINED Uid: 10773 RequestorUid: 1000 RequestorPkg: android UnderlyingNetworks: Null] ], mPriority=20, state=UNSATISFIED, mAttachedDataNetwork=null, created time=23:08:26.925, evaluation result=null]
12-06 23:08:28.043  2932  2932 D DNC-0   : Data evaluation: evaluation reason:NEW_REQUEST, Data disallowed reasons: SIM_NOT_READY DATA_CONFIG_NOT_READY NO_SUITABLE_DATA_PROFILE NOT_IN_SERVICE SERVICE_OPTION_NOT_SUPPORTED, candidate profile=null, time=23:08:28.043, network type=UNKNOWN, reg state=UNKNOWN, [NetworkRequest [ REQUEST id=19, [ Capabilities: INTERNET&NOT_RESTRICTED&TRUSTED&NOT_VCN_MANAGED&NOT_BANDWIDTH_CONSTRAINED Uid: 10773 RequestorUid: 1000 RequestorPkg: android UnderlyingNetworks: Null] ], mPriority=20, state=UNSATISFIED, mAttachedDataNetwork=null, created time=23:08:26.925, evaluation result=Data evaluation: evaluation reason:NEW_REQUEST, Data disallowed reasons: SIM_NOT_READY DATA_CONFIG_NOT_READY NO_SUITABLE_DATA_PROFILE NOT_IN_SERVICE SERVICE_OPTION_NOT_SUPPORTED, candidate profile=null, time=23:08:28.043]
12-06 23:08:28.044  2932  2932 D DNC-0   : onAddNetworkRequest: added [NetworkRequest [ REQUEST id=17, [ Capabilities: INTERNET&NOT_RESTRICTED&TRUSTED&NOT_VCN_MANAGED&NOT_BANDWIDTH_CONSTRAINED Uid: 10778 RequestorUid: 1000 RequestorPkg: android UnderlyingNetworks: Null] ], mPriority=20, state=UNSATISFIED, mAttachedDataNetwork=null, created time=23:08:26.921, evaluation result=null]
12-06 23:08:28.044  2932  2932 D DPM-0   : Can't find any data profile that can satisfy [NetworkRequest [ REQUEST id=17, [ Capabilities: INTERNET&NOT_RESTRICTED&TRUSTED&NOT_VCN_MANAGED&NOT_BANDWIDTH_CONSTRAINED Uid: 10778 RequestorUid: 1000 RequestorPkg: android UnderlyingNetworks: Null] ], mPriority=20, state=UNSATISFIED, mAttachedDataNetwork=null, created time=23:08:26.922, evaluation result=null]
12-06 23:08:28.045  2932  2932 D DPM-0   : Unable to find a data profile for [NetworkRequest [ REQUEST id=17, [ Capabilities: INTERNET&NOT_RESTRICTED&TRUSTED&NOT_VCN_MANAGED&NOT_BANDWIDTH_CONSTRAINED Uid: 10778 RequestorUid: 1000 RequestorPkg: android UnderlyingNetworks: Null] ], mPriority=20, state=UNSATISFIED, mAttachedDataNetwork=null, created time=23:08:26.921, evaluation result=null]
12-06 23:08:28.045  2932  2932 D DNC-0   : Data evaluation: evaluation reason:NEW_REQUEST, Data disallowed reasons: SIM_NOT_READY DATA_CONFIG_NOT_READY NO_SUITABLE_DATA_PROFILE NOT_IN_SERVICE SERVICE_OPTION_NOT_SUPPORTED, candidate profile=null, time=23:08:28.045, network type=UNKNOWN, reg state=UNKNOWN, [NetworkRequest [ REQUEST id=17, [ Capabilities: INTERNET&NOT_RESTRICTED&TRUSTED&NOT_VCN_MANAGED&NOT_BANDWIDTH_CONSTRAINED Uid: 10778 RequestorUid: 1000 RequestorPkg: android UnderlyingNetworks: Null] ], mPriority=20, state=UNSATISFIED, mAttachedDataNetwork=null, created time=23:08:26.922, evaluation result=Data evaluation: evaluation reason:NEW_REQUEST, Data disallowed reasons: SIM_NOT_READY DATA_CONFIG_NOT_READY NO_SUITABLE_DATA_PROFILE NOT_IN_SERVICE SERVICE_OPTION_NOT_SUPPORTED, candidate profile=null, time=23:08:28.045]
12-06 23:08:28.045  2932  2932 D DNC-0   : onAddNetworkRequest: added [NetworkRequest [ REQUEST id=77, [ Capabilities: INTERNET&NOT_RESTRICTED&TRUSTED&NOT_VCN_MANAGED&NOT_BANDWIDTH_CONSTRAINED Uid: 10678 RequestorUid: 10678 RequestorPkg: com.android.systemui UnderlyingNetworks: Null] ], mPriority=20, state=UNSATISFIED, mAttachedDataNetwork=null, created time=23:08:26.919, evaluation result=null]
12-06 23:08:28.047  2932  2932 D DPM-0   : Can't find any data profile that can satisfy [NetworkRequest [ REQUEST id=77, [ Capabilities: INTERNET&NOT_RESTRICTED&TRUSTED&NOT_VCN_MANAGED&NOT_BANDWIDTH_CONSTRAINED Uid: 10678 RequestorUid: 10678 RequestorPkg: com.android.systemui UnderlyingNetworks: Null] ], mPriority=20, state=UNSATISFIED, mAttachedDataNetwork=null, created time=23:08:26.919, evaluation result=null]
12-06 23:08:28.047  2932  2932 D DPM-0   : Unable to find a data profile for [NetworkRequest [ REQUEST id=77, [ Capabilities: INTERNET&NOT_RESTRICTED&TRUSTED&NOT_VCN_MANAGED&NOT_BANDWIDTH_CONSTRAINED Uid: 10678 RequestorUid: 10678 RequestorPkg: com.android.systemui UnderlyingNetworks: Null] ], mPriority=20, state=UNSATISFIED, mAttachedDataNetwork=null, created time=23:08:26.920, evaluation result=null]
12-06 23:08:28.047  2932  2932 D DNC-0   : Data evaluation: evaluation reason:NEW_REQUEST, Data disallowed reasons: SIM_NOT_READY DATA_CONFIG_NOT_READY NO_SUITABLE_DATA_PROFILE NOT_IN_SERVICE SERVICE_OPTION_NOT_SUPPORTED, candidate profile=null, time=23:08:28.047, network type=UNKNOWN, reg state=UNKNOWN, [NetworkRequest [ REQUEST id=77, [ Capabilities: INTERNET&NOT_RESTRICTED&TRUSTED&NOT_VCN_MANAGED&NOT_BANDWIDTH_CONSTRAINED Uid: 10678 RequestorUid: 10678 RequestorPkg: com.android.systemui UnderlyingNetworks: Null] ], mPriority=20, state=UNSATISFIED, mAttachedDataNetwork=null, created time=23:08:26.920, evaluation result=Data evaluation: evaluation reason:NEW_REQUEST, Data disallowed reasons: SIM_NOT_READY DATA_CONFIG_NOT_READY NO_SUITABLE_DATA_PROFILE NOT_IN_SERVICE SERVICE_OPTION_NOT_SUPPORTED, candidate profile=null, time=23:08:28.047]
12-06 23:08:28.048  2932  2932 D DNC-0   : onAddNetworkRequest: added [NetworkRequest [ REQUEST id=89, [ Capabilities: INTERNET&NOT_RESTRICTED&TRUSTED&NOT_VCN_MANAGED&NOT_BANDWIDTH_CONSTRAINED Uid: 10678 RequestorUid: 10678 RequestorPkg: com.android.systemui UnderlyingNetworks: Null] ], mPriority=20, state=UNSATISFIED, mAttachedDataNetwork=null, created time=23:08:26.925, evaluation result=null]
12-06 23:08:28.049  2932  2932 D DPM-0   : Can't find any data profile that can satisfy [NetworkRequest [ REQUEST id=89, [ Capabilities: INTERNET&NOT_RESTRICTED&TRUSTED&NOT_VCN_MANAGED&NOT_BANDWIDTH_CONSTRAINED Uid: 10678 RequestorUid: 10678 RequestorPkg: com.android.systemui UnderlyingNetworks: Null] ], mPriority=20, state=UNSATISFIED, mAttachedDataNetwork=null, created time=23:08:26.924, evaluation result=null]
12-06 23:08:28.049  2932  2932 D DPM-0   : Unable to find a data profile for [NetworkRequest [ REQUEST id=89, [ Capabilities: INTERNET&NOT_RESTRICTED&TRUSTED&NOT_VCN_MANAGED&NOT_BANDWIDTH_CONSTRAINED Uid: 10678 RequestorUid: 10678 RequestorPkg: com.android.systemui UnderlyingNetworks: Null] ], mPriority=20, state=UNSATISFIED, mAttachedDataNetwork=null, created time=23:08:26.925, evaluation result=null]
12-06 23:08:28.049  2932  2932 D DNC-0   : Data evaluation: evaluation reason:NEW_REQUEST, Data disallowed reasons: SIM_NOT_READY DATA_CONFIG_NOT_READY NO_SUITABLE_DATA_PROFILE NOT_IN_SERVICE SERVICE_OPTION_NOT_SUPPORTED, candidate profile=null, time=23:08:28.049, network type=UNKNOWN, reg state=UNKNOWN, [NetworkRequest [ REQUEST id=89, [ Capabilities: INTERNET&NOT_RESTRICTED&TRUSTED&NOT_VCN_MANAGED&NOT_BANDWIDTH_CONSTRAINED Uid: 10678 RequestorUid: 10678 RequestorPkg: com.android.systemui UnderlyingNetworks: Null] ], mPriority=20, state=UNSATISFIED, mAttachedDataNetwork=null, created time=23:08:26.925, evaluation result=Data evaluation: evaluation reason:NEW_REQUEST, Data disallowed reasons: SIM_NOT_READY DATA_CONFIG_NOT_READY NO_SUITABLE_DATA_PROFILE NOT_IN_SERVICE SERVICE_OPTION_NOT_SUPPORTED, candidate profile=null, time=23:08:28.049]
12-06 23:08:28.050  2932  2932 D DNC-0   : onAddNetworkRequest: added [NetworkRequest [ REQUEST id=93, [ Capabilities: INTERNET&NOT_RESTRICTED&TRUSTED&NOT_VCN_MANAGED&NOT_BANDWIDTH_CONSTRAINED Uid: 10678 RequestorUid: 10678 RequestorPkg: com.android.systemui UnderlyingNetworks: Null] ], mPriority=20, state=UNSATISFIED, mAttachedDataNetwork=null, created time=23:08:27.265, evaluation result=null]
12-06 23:08:28.051  2932  2932 D DPM-0   : Can't find any data profile that can satisfy [NetworkRequest [ REQUEST id=93, [ Capabilities: INTERNET&NOT_RESTRICTED&TRUSTED&NOT_VCN_MANAGED&NOT_BANDWIDTH_CONSTRAINED Uid: 10678 RequestorUid: 10678 RequestorPkg: com.android.systemui UnderlyingNetworks: Null] ], mPriority=20, state=UNSATISFIED, mAttachedDataNetwork=null, created time=23:08:27.264, evaluation result=null]
12-06 23:08:28.051  2932  2932 D DPM-0   : Unable to find a data profile for [NetworkRequest [ REQUEST id=93, [ Capabilities: INTERNET&NOT_RESTRICTED&TRUSTED&NOT_VCN_MANAGED&NOT_BANDWIDTH_CONSTRAINED Uid: 10678 RequestorUid: 10678 RequestorPkg: com.android.systemui UnderlyingNetworks: Null] ], mPriority=20, state=UNSATISFIED, mAttachedDataNetwork=null, created time=23:08:27.265, evaluation result=null]
12-06 23:08:28.051  2932  2932 D DNC-0   : Data evaluation: evaluation reason:NEW_REQUEST, Data disallowed reasons: SIM_NOT_READY DATA_CONFIG_NOT_READY NO_SUITABLE_DATA_PROFILE NOT_IN_SERVICE SERVICE_OPTION_NOT_SUPPORTED, candidate profile=null, time=23:08:28.051, network type=UNKNOWN, reg state=UNKNOWN, [NetworkRequest [ REQUEST id=93, [ Capabilities: INTERNET&NOT_RESTRICTED&TRUSTED&NOT_VCN_MANAGED&NOT_BANDWIDTH_CONSTRAINED Uid: 10678 RequestorUid: 10678 RequestorPkg: com.android.systemui UnderlyingNetworks: Null] ], mPriority=20, state=UNSATISFIED, mAttachedDataNetwork=null, created time=23:08:27.265, evaluation result=Data evaluation: evaluation reason:NEW_REQUEST, Data disallowed reasons: SIM_NOT_READY DATA_CONFIG_NOT_READY NO_SUITABLE_DATA_PROFILE NOT_IN_SERVICE SERVICE_OPTION_NOT_SUPPORTED, candidate profile=null, time=23:08:28.051]
12-06 23:08:28.052  2932  2932 D DNC-0   : onAddNetworkRequest: added [NetworkRequest [ REQUEST id=95, [ Capabilities: INTERNET&NOT_RESTRICTED&TRUSTED&NOT_VCN_MANAGED&NOT_BANDWIDTH_CONSTRAINED Uid: 10678 RequestorUid: 10678 RequestorPkg: com.android.systemui UnderlyingNetworks: Null] ], mPriority=20, state=UNSATISFIED, mAttachedDataNetwork=null, created time=23:08:27.266, evaluation result=null]
12-06 23:08:28.053  2932  2932 D DPM-0   : Can't find any data profile that can satisfy [NetworkRequest [ REQUEST id=95, [ Capabilities: INTERNET&NOT_RESTRICTED&TRUSTED&NOT_VCN_MANAGED&NOT_BANDWIDTH_CONSTRAINED Uid: 10678 RequestorUid: 10678 RequestorPkg: com.android.systemui UnderlyingNetworks: Null] ], mPriority=20, state=UNSATISFIED, mAttachedDataNetwork=null, created time=23:08:27.266, evaluation result=null]
12-06 23:08:28.053  2932  2932 D DPM-0   : Unable to find a data profile for [NetworkRequest [ REQUEST id=95, [ Capabilities: INTERNET&NOT_RESTRICTED&TRUSTED&NOT_VCN_MANAGED&NOT_BANDWIDTH_CONSTRAINED Uid: 10678 RequestorUid: 10678 RequestorPkg: com.android.systemui UnderlyingNetworks: Null] ], mPriority=20, state=UNSATISFIED, mAttachedDataNetwork=null, created time=23:08:27.266, evaluation result=null]
12-06 23:08:28.053  2932  2932 D DNC-0   : Data evaluation: evaluation reason:NEW_REQUEST, Data disallowed reasons: SIM_NOT_READY DATA_CONFIG_NOT_READY NO_SUITABLE_DATA_PROFILE NOT_IN_SERVICE SERVICE_OPTION_NOT_SUPPORTED, candidate profile=null, time=23:08:28.053, network type=UNKNOWN, reg state=UNKNOWN, [NetworkRequest [ REQUEST id=95, [ Capabilities: INTERNET&NOT_RESTRICTED&TRUSTED&NOT_VCN_MANAGED&NOT_BANDWIDTH_CONSTRAINED Uid: 10678 RequestorUid: 10678 RequestorPkg: com.android.systemui UnderlyingNetworks: Null] ], mPriority=20, state=UNSATISFIED, mAttachedDataNetwork=null, created time=23:08:27.266, evaluation result=Data evaluation: evaluation reason:NEW_REQUEST, Data disallowed reasons: SIM_NOT_READY DATA_CONFIG_NOT_READY NO_SUITABLE_DATA_PROFILE NOT_IN_SERVICE SERVICE_OPTION_NOT_SUPPORTED, candidate profile=null, time=23:08:28.053]
12-06 23:08:28.054  2932  2932 D DNC-0   : onAddNetworkRequest: added [NetworkRequest [ REQUEST id=75, [ Capabilities: INTERNET&NOT_RESTRICTED&TRUSTED&NOT_VCN_MANAGED&NOT_BANDWIDTH_CONSTRAINED Uid: 1001 RequestorUid: 1001 RequestorPkg: com.android.phone UnderlyingNetworks: Null] ], mPriority=20, state=UNSATISFIED, mAttachedDataNetwork=null, created time=23:08:26.919, evaluation result=null]
12-06 23:08:28.055  2932  2932 D DPM-0   : Can't find any data profile that can satisfy [NetworkRequest [ REQUEST id=75, [ Capabilities: INTERNET&NOT_RESTRICTED&TRUSTED&NOT_VCN_MANAGED&NOT_BANDWIDTH_CONSTRAINED Uid: 1001 RequestorUid: 1001 RequestorPkg: com.android.phone UnderlyingNetworks: Null] ], mPriority=20, state=UNSATISFIED, mAttachedDataNetwork=null, created time=23:08:26.919, evaluation result=null]
12-06 23:08:28.055  2932  2932 D DPM-0   : Unable to find a data profile for [NetworkRequest [ REQUEST id=75, [ Capabilities: INTERNET&NOT_RESTRICTED&TRUSTED&NOT_VCN_MANAGED&NOT_BANDWIDTH_CONSTRAINED Uid: 1001 RequestorUid: 1001 RequestorPkg: com.android.phone UnderlyingNetworks: Null] ], mPriority=20, state=UNSATISFIED, mAttachedDataNetwork=null, created time=23:08:26.919, evaluation result=null]
12-06 23:08:28.056  2932  2932 D DNC-0   : Data evaluation: evaluation reason:NEW_REQUEST, Data disallowed reasons: SIM_NOT_READY DATA_CONFIG_NOT_READY NO_SUITABLE_DATA_PROFILE NOT_IN_SERVICE SERVICE_OPTION_NOT_SUPPORTED, candidate profile=null, time=23:08:28.055, network type=UNKNOWN, reg state=UNKNOWN, [NetworkRequest [ REQUEST id=75, [ Capabilities: INTERNET&NOT_RESTRICTED&TRUSTED&NOT_VCN_MANAGED&NOT_BANDWIDTH_CONSTRAINED Uid: 1001 RequestorUid: 1001 RequestorPkg: com.android.phone UnderlyingNetworks: Null] ], mPriority=20, state=UNSATISFIED, mAttachedDataNetwork=null, created time=23:08:26.918, evaluation result=Data evaluation: evaluation reason:NEW_REQUEST, Data disallowed reasons: SIM_NOT_READY DATA_CONFIG_NOT_READY NO_SUITABLE_DATA_PROFILE NOT_IN_SERVICE SERVICE_OPTION_NOT_SUPPORTED, candidate profile=null, time=23:08:28.055]
12-06 23:08:28.056  2932  2932 D DNC-0   : onAddNetworkRequest: added [NetworkRequest [ REQUEST id=82, [ Capabilities: INTERNET&NOT_RESTRICTED&TRUSTED&NOT_VCN_MANAGED&NOT_BANDWIDTH_CONSTRAINED Uid: 1001 RequestorUid: 1001 RequestorPkg: com.android.phone UnderlyingNetworks: Null] ], mPriority=20, state=UNSATISFIED, mAttachedDataNetwork=null, created time=23:08:26.921, evaluation result=null]
12-06 23:08:28.057  2932  2932 D DPM-0   : Can't find any data profile that can satisfy [NetworkRequest [ REQUEST id=82, [ Capabilities: INTERNET&NOT_RESTRICTED&TRUSTED&NOT_VCN_MANAGED&NOT_BANDWIDTH_CONSTRAINED Uid: 1001 RequestorUid: 1001 RequestorPkg: com.android.phone UnderlyingNetworks: Null] ], mPriority=20, state=UNSATISFIED, mAttachedDataNetwork=null, created time=23:08:26.921, evaluation result=null]
12-06 23:08:28.057  2932  2932 D DPM-0   : Unable to find a data profile for [NetworkRequest [ REQUEST id=82, [ Capabilities: INTERNET&NOT_RESTRICTED&TRUSTED&NOT_VCN_MANAGED&NOT_BANDWIDTH_CONSTRAINED Uid: 1001 RequestorUid: 1001 RequestorPkg: com.android.phone UnderlyingNetworks: Null] ], mPriority=20, state=UNSATISFIED, mAttachedDataNetwork=null, created time=23:08:26.921, evaluation result=null]
12-06 23:08:28.058  2932  2932 D DNC-0   : Data evaluation: evaluation reason:NEW_REQUEST, Data disallowed reasons: SIM_NOT_READY DATA_CONFIG_NOT_READY NO_SUITABLE_DATA_PROFILE NOT_IN_SERVICE SERVICE_OPTION_NOT_SUPPORTED, candidate profile=null, time=23:08:28.057, network type=UNKNOWN, reg state=UNKNOWN, [NetworkRequest [ REQUEST id=82, [ Capabilities: INTERNET&NOT_RESTRICTED&TRUSTED&NOT_VCN_MANAGED&NOT_BANDWIDTH_CONSTRAINED Uid: 1001 RequestorUid: 1001 RequestorPkg: com.android.phone UnderlyingNetworks: Null] ], mPriority=20, state=UNSATISFIED, mAttachedDataNetwork=null, created time=23:08:26.920, evaluation result=Data evaluation: evaluation reason:NEW_REQUEST, Data disallowed reasons: SIM_NOT_READY DATA_CONFIG_NOT_READY NO_SUITABLE_DATA_PROFILE NOT_IN_SERVICE SERVICE_OPTION_NOT_SUPPORTED, candidate profile=null, time=23:08:28.057]
12-06 23:08:28.058  2932  2932 D DNC-0   : onAddNetworkRequest: added [NetworkRequest [ REQUEST id=84, [ Capabilities: INTERNET&NOT_RESTRICTED&TRUSTED&NOT_VCN_MANAGED&NOT_BANDWIDTH_CONSTRAINED Uid: 1001 RequestorUid: 1001 RequestorPkg: com.android.phone UnderlyingNetworks: Null] ], mPriority=20, state=UNSATISFIED, mAttachedDataNetwork=null, created time=23:08:26.923, evaluation result=null]
12-06 23:08:28.059  2932  2932 D DPM-0   : Can't find any data profile that can satisfy [NetworkRequest [ REQUEST id=84, [ Capabilities: INTERNET&NOT_RESTRICTED&TRUSTED&NOT_VCN_MANAGED&NOT_BANDWIDTH_CONSTRAINED Uid: 1001 RequestorUid: 1001 RequestorPkg: com.android.phone UnderlyingNetworks: Null] ], mPriority=20, state=UNSATISFIED, mAttachedDataNetwork=null, created time=23:08:26.922, evaluation result=null]
12-06 23:08:28.059  2932  2932 D DPM-0   : Unable to find a data profile for [NetworkRequest [ REQUEST id=84, [ Capabilities: INTERNET&NOT_RESTRICTED&TRUSTED&NOT_VCN_MANAGED&NOT_BANDWIDTH_CONSTRAINED Uid: 1001 RequestorUid: 1001 RequestorPkg: com.android.phone UnderlyingNetworks: Null] ], mPriority=20, state=UNSATISFIED, mAttachedDataNetwork=null, created time=23:08:26.923, evaluation result=null]
12-06 23:08:28.059  2932  2932 D DNC-0   : Data evaluation: evaluation reason:NEW_REQUEST, Data disallowed reasons: SIM_NOT_READY DATA_CONFIG_NOT_READY NO_SUITABLE_DATA_PROFILE NOT_IN_SERVICE SERVICE_OPTION_NOT_SUPPORTED, candidate profile=null, time=23:08:28.059, network type=UNKNOWN, reg state=UNKNOWN, [NetworkRequest [ REQUEST id=84, [ Capabilities: INTERNET&NOT_RESTRICTED&TRUSTED&NOT_VCN_MANAGED&NOT_BANDWIDTH_CONSTRAINED Uid: 1001 RequestorUid: 1001 RequestorPkg: com.android.phone UnderlyingNetworks: Null] ], mPriority=20, state=UNSATISFIED, mAttachedDataNetwork=null, created time=23:08:26.923, evaluation result=Data evaluation: evaluation reason:NEW_REQUEST, Data disallowed reasons: SIM_NOT_READY DATA_CONFIG_NOT_READY NO_SUITABLE_DATA_PROFILE NOT_IN_SERVICE SERVICE_OPTION_NOT_SUPPORTED, candidate profile=null, time=23:08:28.059]
12-06 23:08:28.072  2932  2932 D SST     : [0] EVENT_POLL_STATE_NETWORK_SELECTION_MODE
12-06 23:08:28.072  2932  2932 D SST     : [0] handlePollStateResultMessage: PS cellular. NetworkRegistrationInfo{ domain=PS transportType=WWAN registrationState=NOT_REG_SEARCHING networkRegistrationState=NOT_REG_SEARCHING roamingType=NOT_ROAMING accessNetworkTechnology=UNKNOWN rejectCause=0 emergencyEnabled=false availableServices=[] cellIdentity=null voiceSpecificInfo=null dataSpecificInfo=android.telephony.DataSpecificRegistrationInfo :{ maxDataCalls = 16 isDcNrRestricted = false isNrAvailable = false isEnDcAvailable = false mLteAttachResultType = 0 mLteAttachExtraInfo = 0 LteVopsSupportInfo :  mVopsSupport = 1 mEmcBearerSupport = 1 } nrState=**** rRplmn= isUsingCarrierAggregation=false isNonTerrestrialNetwork=TERRESTRIAL}
12-06 23:08:28.072  2932  2932 D GsmCdmaPhone: [0] EVENT EVENT_RADIO_STATE_CHANGED
12-06 23:08:28.072  2932  2932 D GsmCdmaPhone: handleRadioPowerStateChange, state= 1
12-06 23:08:28.074  2932  2932 D SST     : [0] setPowerStateToDesired: mDeviceShuttingDown=false, mDesiredPowerState=true, getRadioState=1, mRadioPowerOffReasons=[], IMS reg state=false, pending radio off=false
12-06 23:08:28.075  2932  2932 D SST     : [0] pollState: modemTriggered=true, radioState=1
12-06 23:08:28.075  2932  2932 D RILJ    : [0129]> OPERATOR [PHONE0]
12-06 23:08:28.076  2932  2932 D RILJ    : [0130]> QUERY_NETWORK_SELECTION_MODE [PHONE0]
12-06 23:08:28.076  2932  3261 D RILJ    : [0131]> DATA_REGISTRATION_STATE [PHONE0]
12-06 23:08:28.076  2932  3261 D RILJ    : getDataRegistrationState: overrideHalVersion=null [PHONE0]
12-06 23:08:28.077  2932  2932 D RILJ    : [0132]> GET_CURRENT_CALLS [PHONE0]
12-06 23:08:28.077  2932  3051 D RILJ    : [0129]< OPERATOR {, , } [PHONE0]
12-06 23:08:28.077  1656  1656 D RILC    : RadioImpl_1_5::getDataRegistrationState_1_5: serial 131
12-06 23:08:28.077  2932  3261 D RILJ    : [0133]> VOICE_REGISTRATION_STATE [PHONE0]
12-06 23:08:28.077  2932  3261 D RILJ    : getVoiceRegistrationState: overrideHalVersion=null [PHONE0]
12-06 23:08:28.077  1656  1774 D RILC    : RadioImpl_1_5::getVoiceRegistrationState_1_5: serial 133
12-06 23:08:28.078  2932  2932 D RILJ    : [0134]> IMS_REGISTRATION_STATE [PHONE0]
12-06 23:08:28.078  2932  2932 D GsmCdmaPhone: [0] Event EVENT_RADIO_ON Received
12-06 23:08:28.078  2932  2932 D RILJ    : [0135]> VOICE_RADIO_TECH [PHONE0]
12-06 23:08:28.078  2932  2932 D SSCtr   : onDeviceIdleStateChanged isDeviceIdle=false
12-06 23:08:28.078  2932  3051 D RILJ    : [0131]< DATA_REGISTRATION_STATE {.regState = NOT_REG_MT_SEARCHING_OP, .rat = UNKNOWN, .reasonForDenial = NONE, .cellIdentity = {.noinit = {}}, .registeredPlmn = , .accessTechnologySpecificInfo = {.noinit = {}}} [PHONE0]
12-06 23:08:28.079  2932  3261 D CellularNetworkService: No access tech specific info passes for RegStateResult
12-06 23:08:28.079  2932  3261 D NRM-C-0 : onRequestNetworkRegistrationInfoComplete result: 0, info: NetworkRegistrationInfo{ domain=PS transportType=WWAN registrationState=NOT_REG_SEARCHING networkRegistrationState=NOT_REG_SEARCHING roamingType=NOT_ROAMING accessNetworkTechnology=UNKNOWN rejectCause=0 emergencyEnabled=false availableServices=[] cellIdentity=null voiceSpecificInfo=null dataSpecificInfo=android.telephony.DataSpecificRegistrationInfo :{ maxDataCalls = 16 isDcNrRestricted = false isNrAvailable = false isEnDcAvailable = false mLteAttachResultType = 0 mLteAttachExtraInfo = 0 LteVopsSupportInfo :  mVopsSupport = 1 mEmcBearerSupport = 1 } nrState=**** rRplmn= isUsingCarrierAggregation=false isNonTerrestrialNetwork=TERRESTRIAL}
12-06 23:08:28.079  2932  2932 D RILJ    : [0136]> SET_UNSOLICITED_RESPONSE_FILTER 127 [PHONE0]
12-06 23:08:28.079  2932  2932 D RILJ    : [0137]> GET_BARRING_INFO [PHONE0]
12-06 23:08:28.080  2932  2932 D DRM-0   : Remove all retry and throttling entries, reason=RADIO_ON
12-06 23:08:28.080  2932  2932 D PhoneSwitcher: evaluating due to EVENT_RADIO_ON
12-06 23:08:28.080  2932  3051 D RILJ    : [0130]< QUERY_NETWORK_SELECTION_MODE {0} [PHONE0]
12-06 23:08:28.080  2932  2932 D PhoneSwitcher: sendRilCommands: setPreferredDataModem - phoneId: 0
12-06 23:08:28.080  2932  2932 D RadioConfig: [0138]> SET_PREFERRED_DATA_MODEM 0
12-06 23:08:28.081  2932  2932 D SST     : [0] pollState: modemTriggered=true, radioState=1
12-06 23:08:28.081  2932  3051 D RILJ    : [0137]< GET_BARRING_INFO error 6 [PHONE0]
12-06 23:08:28.081  2932  2932 D RILJ    : [0139]> OPERATOR [PHONE0]
12-06 23:08:28.081  2932  3051 D RilRequest: [0137]< GET_BARRING_INFO error: com.android.internal.telephony.CommandException: REQUEST_NOT_SUPPORTED ret=BarringInfo {mCellIdentity=null, mBarringServiceInfos={}} result=null
12-06 23:08:28.081  2932  2932 D RILJ    : [0140]> QUERY_NETWORK_SELECTION_MODE [PHONE0]
12-06 23:08:28.081  2932  2932 D SST     : [0] pollState: modemTriggered=true, radioState=1
12-06 23:08:28.082  2932  2932 D RILJ    : [0141]> OPERATOR [PHONE0]
12-06 23:08:28.083  2932  3261 D RILJ    : [0142]> DATA_REGISTRATION_STATE [PHONE0]
12-06 23:08:28.083  2932  3261 D RILJ    : getDataRegistrationState: overrideHalVersion=null [PHONE0]
12-06 23:08:28.083  1656  1656 D RILC    : RadioImpl_1_5::getDataRegistrationState_1_5: serial 142
12-06 23:08:28.083  2932  3261 D RILJ    : [0144]> VOICE_REGISTRATION_STATE [PHONE0]
12-06 23:08:28.083  2932  3261 D RILJ    : getVoiceRegistrationState: overrideHalVersion=null [PHONE0]
12-06 23:08:28.083  1656  1656 D RILC    : RadioImpl_1_5::getVoiceRegistrationState_1_5: serial 144
12-06 23:08:28.084  2932  3261 D RILJ    : [0145]> DATA_REGISTRATION_STATE [PHONE0]
12-06 23:08:28.084  2932  3261 D RILJ    : getDataRegistrationState: overrideHalVersion=null [PHONE0]
12-06 23:08:28.084  1656  1656 D RILC    : RadioImpl_1_5::getDataRegistrationState_1_5: serial 145
12-06 23:08:28.084  2932  3261 D RILJ    : [0146]> VOICE_REGISTRATION_STATE [PHONE0]
12-06 23:08:28.084  2932  3261 D RILJ    : getVoiceRegistrationState: overrideHalVersion=null [PHONE0]
12-06 23:08:28.084  1656  1656 D RILC    : RadioImpl_1_5::getVoiceRegistrationState_1_5: serial 146
12-06 23:08:28.084  2932  2932 D RILJ    : [0143]> QUERY_NETWORK_SELECTION_MODE [PHONE0]
12-06 23:08:28.085  2932  2932 D EmergencyNumberTracker: [1]updateRadioEmergencyNumberListAndNotify(): receiving [[EmergencyNumber: 112, countryIso=, mnc=, src=sim , routing=unknown, categories=, urns=], [EmergencyNumber: 911, countryIso=, mnc=, src=sim , routing=unknown, categories=, urns=]]
12-06 23:08:28.085  2932  3051 D RILJ    : [0132]< GET_CURRENT_CALLS {} [PHONE0]
12-06 23:08:28.085  2932  2932 D SST     : [1] EVENT_POLL_STATE_NETWORK_SELECTION_MODE
12-06 23:08:28.085  2932  2932 D GsmCdmaPhone: [1] EVENT EVENT_RADIO_STATE_CHANGED
12-06 23:08:28.085  2932  2932 D GsmCdmaPhone: handleRadioPowerStateChange, state= 1
12-06 23:08:28.086  2932  2932 D SST     : [1] setPowerStateToDesired: mDeviceShuttingDown=false, mDesiredPowerState=true, getRadioState=1, mRadioPowerOffReasons=[], IMS reg state=false, pending radio off=false
12-06 23:08:28.086  2932  2932 D SST     : [1] pollState: modemTriggered=true, radioState=1
12-06 23:08:28.087  2932  2932 D RILJ    : [0147]> OPERATOR [PHONE1]
12-06 23:08:28.089  2932  3051 D RILJ    : [0147]< OPERATOR {, , } [PHONE1]
12-06 23:08:28.090  2932  3261 D RILJ    : [0148]> DATA_REGISTRATION_STATE [PHONE1]
12-06 23:08:28.090  2932  3261 D RILJ    : getDataRegistrationState: overrideHalVersion=null [PHONE1]
12-06 23:08:28.090  1689  1689 D RILC    : RadioImpl_1_5::getDataRegistrationState_1_5: serial 148
12-06 23:08:28.090  2932  2932 D RILJ    : [0149]> QUERY_NETWORK_SELECTION_MODE [PHONE1]
12-06 23:08:28.091  2932  3352 D NRM-I-1 : onRequestNetworkRegistrationInfoComplete result: 0, info: NetworkRegistrationInfo{ domain=PS transportType=WLAN registrationState=NOT_REG_OR_SEARCHING networkRegistrationState=NOT_REG_OR_SEARCHING roamingType=NOT_ROAMING accessNetworkTechnology=IWLAN rejectCause=0 emergencyEnabled=false availableServices=[] cellIdentity=null voiceSpecificInfo=null dataSpecificInfo=null nrState=**** rRplmn= isUsingCarrierAggregation=false isNonTerrestrialNetwork=TERRESTRIAL}
12-06 23:08:28.091  2932  2932 D RILJ    : [0151]> GET_CURRENT_CALLS [PHONE1]
12-06 23:08:28.092  2932  3051 D RILJ    : [0148]< DATA_REGISTRATION_STATE {.regState = NOT_REG_MT_SEARCHING_OP, .rat = UNKNOWN, .reasonForDenial = NONE, .cellIdentity = {.noinit = {}}, .registeredPlmn = , .accessTechnologySpecificInfo = {.noinit = {}}} [PHONE1]
12-06 23:08:28.092  2932  3261 D RILJ    : [0150]> VOICE_REGISTRATION_STATE [PHONE1]
12-06 23:08:28.092  2932  3261 D RILJ    : getVoiceRegistrationState: overrideHalVersion=null [PHONE1]
12-06 23:08:28.092  1689  1689 D RILC    : RadioImpl_1_5::getVoiceRegistrationState_1_5: serial 150
12-06 23:08:28.092  2932  3261 D CellularNetworkService: No access tech specific info passes for RegStateResult
12-06 23:08:28.092  2932  3261 D NRM-C-1 : onRequestNetworkRegistrationInfoComplete result: 0, info: NetworkRegistrationInfo{ domain=PS transportType=WWAN registrationState=NOT_REG_SEARCHING networkRegistrationState=NOT_REG_SEARCHING roamingType=NOT_ROAMING accessNetworkTechnology=UNKNOWN rejectCause=0 emergencyEnabled=false availableServices=[] cellIdentity=null voiceSpecificInfo=null dataSpecificInfo=android.telephony.DataSpecificRegistrationInfo :{ maxDataCalls = 16 isDcNrRestricted = false isNrAvailable = false isEnDcAvailable = false mLteAttachResultType = 0 mLteAttachExtraInfo = 0 LteVopsSupportInfo :  mVopsSupport = 1 mEmcBearerSupport = 1 } nrState=**** rRplmn= isUsingCarrierAggregation=false isNonTerrestrialNetwork=TERRESTRIAL}
12-06 23:08:28.093  2932  2932 D RILJ    : [0152]> IMS_REGISTRATION_STATE [PHONE1]
12-06 23:08:28.093  2932  3051 D RILJ    : [0151]< GET_CURRENT_CALLS {} [PHONE1]
12-06 23:08:28.093  2932  3051 D RILJ    : [0149]< QUERY_NETWORK_SELECTION_MODE {0} [PHONE1]
12-06 23:08:28.094  2932  2932 D GsmCdmaPhone: [1] Event EVENT_RADIO_ON Received
12-06 23:08:28.094  2932  2932 D RILJ    : [0153]> VOICE_RADIO_TECH [PHONE1]
12-06 23:08:28.094  2932  2932 D SSCtr   : onDeviceIdleStateChanged isDeviceIdle=false
12-06 23:08:28.095  2932  2932 D RILJ    : [0154]> SET_UNSOLICITED_RESPONSE_FILTER 127 [PHONE1]
12-06 23:08:28.095  2932  2932 D RILJ    : [0155]> GET_BARRING_INFO [PHONE1]
12-06 23:08:28.096  2932  2932 D DRM-1   : Remove all retry and throttling entries, reason=RADIO_ON
12-06 23:08:28.096  2932  2932 D SST     : [1] pollState: modemTriggered=true, radioState=1
12-06 23:08:28.096  2932  3051 D RILJ    : [0155]< GET_BARRING_INFO error 6 [PHONE1]
12-06 23:08:28.096  2932  3051 D RilRequest: [0155]< GET_BARRING_INFO error: com.android.internal.telephony.CommandException: REQUEST_NOT_SUPPORTED ret=BarringInfo {mCellIdentity=null, mBarringServiceInfos={}} result=null
12-06 23:08:28.096  2932  2932 D RILJ    : [0156]> OPERATOR [PHONE1]
12-06 23:08:28.097  2932  3261 D RILJ    : [0157]> DATA_REGISTRATION_STATE [PHONE1]
12-06 23:08:28.097  2932  3261 D RILJ    : getDataRegistrationState: overrideHalVersion=null [PHONE1]
12-06 23:08:28.097  1689  1689 D RILC    : RadioImpl_1_5::getDataRegistrationState_1_5: serial 157
12-06 23:08:28.097  2932  2932 D RILJ    : [0158]> QUERY_NETWORK_SELECTION_MODE [PHONE1]
12-06 23:08:28.098  2932  2932 D SST     : [1] pollState: modemTriggered=true, radioState=1
12-06 23:08:28.098  2932  3261 D RILJ    : [0159]> VOICE_REGISTRATION_STATE [PHONE1]
12-06 23:08:28.098  2932  3261 D RILJ    : getVoiceRegistrationState: overrideHalVersion=null [PHONE1]
12-06 23:08:28.098  2932  2932 D RILJ    : [0160]> OPERATOR [PHONE1]
12-06 23:08:28.099  2932  2932 D RILJ    : [0161]> QUERY_NETWORK_SELECTION_MODE [PHONE1]
12-06 23:08:28.099  2932  3261 D RILJ    : [0162]> DATA_REGISTRATION_STATE [PHONE1]
12-06 23:08:28.099  2932  3261 D RILJ    : getDataRegistrationState: overrideHalVersion=null [PHONE1]
12-06 23:08:28.099  2932  3352 D NRM-I-1 : onRequestNetworkRegistrationInfoComplete result: 0, info: NetworkRegistrationInfo{ domain=PS transportType=WLAN registrationState=NOT_REG_OR_SEARCHING networkRegistrationState=NOT_REG_OR_SEARCHING roamingType=NOT_ROAMING accessNetworkTechnology=IWLAN rejectCause=0 emergencyEnabled=false availableServices=[] cellIdentity=null voiceSpecificInfo=null dataSpecificInfo=null nrState=**** rRplmn= isUsingCarrierAggregation=false isNonTerrestrialNetwork=TERRESTRIAL}
12-06 23:08:28.099  1689  1944 D RILC    : RadioImpl_1_5::getVoiceRegistrationState_1_5: serial 159
12-06 23:08:28.099  2932  3261 D RILJ    : [0163]> VOICE_REGISTRATION_STATE [PHONE1]
12-06 23:08:28.099  2932  3261 D RILJ    : getVoiceRegistrationState: overrideHalVersion=null [PHONE1]
12-06 23:08:28.099  1689  1944 D RILC    : RadioImpl_1_5::getDataRegistrationState_1_5: serial 162
12-06 23:08:28.100  2932  2932 D DNC-0   : onDataConfigUpdated: mSubId changed from -1 to 1
12-06 23:08:28.100  1689  1944 D RILC    : RadioImpl_1_5::getVoiceRegistrationState_1_5: serial 163
12-06 23:08:28.100  2932  3352 D NRM-I-1 : onRequestNetworkRegistrationInfoComplete result: 0, info: NetworkRegistrationInfo{ domain=PS transportType=WLAN registrationState=NOT_REG_OR_SEARCHING networkRegistrationState=NOT_REG_OR_SEARCHING roamingType=NOT_ROAMING accessNetworkTechnology=IWLAN rejectCause=0 emergencyEnabled=false availableServices=[] cellIdentity=null voiceSpecificInfo=null dataSpecificInfo=null nrState=**** rRplmn= isUsingCarrierAggregation=false isNonTerrestrialNetwork=TERRESTRIAL}
12-06 23:08:28.103  2932  2932 D DNC-0   : Subscription plans initialized: []
12-06 23:08:28.103  2932  2932 D DSRM-0  : onMobileDataEnabledChanged: DataEnabled:true,DataStalled:false
12-06 23:08:28.103  2932  2932 D ImsPhoneCallTracker: [0] onDataEnabledChanged: enabled=true, reason=0
12-06 23:08:28.103  2932  2932 D ImsPhoneCallTracker: [0] Ignore data enabled - carrier policy indicates that data is not metered for ViLTE calls.
12-06 23:08:28.103  2932  2932 D DNC-0   : onDataEnabledChanged: enabled=true
12-06 23:08:28.104  2932  2932 D RILJ    : [0164]> SET_SIGNAL_STRENGTH_REPORTING_CRITERIA [PHONE0]
12-06 23:08:28.105  2932  2932 D SSCtr   : setSignalStrengthReportingCriteria consolidatedSignalThresholdInfos=[SignalThresholdInfo{mRan=1 mSignalMeasurementType=1 mHysteresisMs=3000 mHysteresisDb=2 mThresholds=[-107, -103, -97, -89] mIsEnabled=true}, SignalThresholdInfo{mRan=2 mSignalMeasurementType=2 mHysteresisMs=3000 mHysteresisDb=2 mThresholds=[-115, -105, -95, -85] mIsEnabled=true}, SignalThresholdInfo{mRan=3 mSignalMeasurementType=3 mHysteresisMs=3000 mHysteresisDb=2 mThresholds=[-128, -118, -108, -98] mIsEnabled=true}, SignalThresholdInfo{mRan=3 mSignalMeasurementType=4 mHysteresisMs=3000 mHysteresisDb=2 mThresholds=[] mIsEnabled=false}, SignalThresholdInfo{mRan=3 mSignalMeasurementType=5 mHysteresisMs=3000 mHysteresisDb=2 mThresholds=[] mIsEnabled=false}, SignalThresholdInfo{mRan=6 mSignalMeasurementType=6 mHysteresisMs=3000 mHysteresisDb=2 mThresholds=[-110, -90, -80, -65] mIsEnabled=true}, SignalThresholdInfo{mRan=6 mSignalMeasurementType=7 mHysteresisMs=3000 mHysteresisDb=2 mThresholds=[] mIsEnabled=false}, SignalThresholdInfo{mRan=6 mSignalMeasurementType=8 mHysteresisMs=3000 mHysteresisDb=2 mThresholds=[] mIsEnabled=false}, SignalThresholdInfo{mRan=2 mSignalMeasurementType=9 mHysteresisMs=3000 mHysteresisDb=2 mThresholds=[] mIsEnabled=false}]
12-06 23:08:28.105  2932  2932 D GsmCdmaPhone: [0] EVENT_SUBSCRIPTIONS_CHANGED
12-06 23:08:28.105  2932  2932 I NullCipherNotifier: Ignoring setSubscriptionMapping. Notifier is disabled.
12-06 23:08:28.105  2932  2932 D GsmCdmaPhone: [1] EVENT_SUBSCRIPTIONS_CHANGED
12-06 23:08:28.105  2932  2932 I NullCipherNotifier: Ignoring setSubscriptionMapping. Notifier is disabled.
12-06 23:08:28.107  2932  2932 D SST     : [0] pollState: modemTriggered=true, radioState=1
12-06 23:08:28.107  2932  2932 D RILJ    : [0165]> OPERATOR [PHONE0]
12-06 23:08:28.108  2932  2932 D RILJ    : [0166]> QUERY_NETWORK_SELECTION_MODE [PHONE0]
12-06 23:08:28.109  2932  3261 D RILJ    : [0167]> DATA_REGISTRATION_STATE [PHONE0]
12-06 23:08:28.109  2932  3261 D RILJ    : getDataRegistrationState: overrideHalVersion=null [PHONE0]
12-06 23:08:28.109  1656  1774 D RILC    : RadioImpl_1_5::getDataRegistrationState_1_5: serial 167
12-06 23:08:28.109  2932  2932 D SST     : [0] pollState: modemTriggered=true, radioState=1
12-06 23:08:28.109  2932  3261 D RILJ    : [0168]> VOICE_REGISTRATION_STATE [PHONE0]
12-06 23:08:28.109  2932  3261 D RILJ    : getVoiceRegistrationState: overrideHalVersion=null [PHONE0]
12-06 23:08:28.109  1656  1774 D RILC    : RadioImpl_1_5::getVoiceRegistrationState_1_5: serial 168
12-06 23:08:28.109  2932  2932 D RILJ    : [0169]> OPERATOR [PHONE0]
12-06 23:08:28.110  2932  3261 D RILJ    : [0170]> DATA_REGISTRATION_STATE [PHONE0]
12-06 23:08:28.110  2932  3261 D RILJ    : getDataRegistrationState: overrideHalVersion=null [PHONE0]
12-06 23:08:28.110  1656  1656 D RILC    : RadioImpl_1_5::getDataRegistrationState_1_5: serial 170
12-06 23:08:28.111  2932  2932 D RILJ    : [0171]> QUERY_NETWORK_SELECTION_MODE [PHONE0]
12-06 23:08:28.111  2932  3261 D RILJ    : [0172]> VOICE_REGISTRATION_STATE [PHONE0]
12-06 23:08:28.111  2932  3261 D RILJ    : getVoiceRegistrationState: overrideHalVersion=null [PHONE0]
12-06 23:08:28.111  1656  1656 D RILC    : RadioImpl_1_5::getVoiceRegistrationState_1_5: serial 172
12-06 23:08:28.115  2932  2932 D Phone-0 : isImsCapabilityAvailable, capability=0, regTech=1, isAvailable=false
12-06 23:08:28.115  2932  2932 D Phone-0 : isImsCapabilityAvailable, capability=1, regTech=1, isAvailable=false
12-06 23:08:28.115  2932  2932 D Phone-0 : isImsCapabilityAvailable, capability=2, regTech=1, isAvailable=false
12-06 23:08:28.116  2932  2932 D Phone-0 : getImsRegistrationTechnology =-1
12-06 23:08:28.126  2932  3051 D RILJ    : [0134]< IMS_REGISTRATION_STATE {0, 1} [PHONE0]
12-06 23:08:28.128  2932  3051 D RILJ    : [0152]< IMS_REGISTRATION_STATE {0, 1} [PHONE1]
12-06 23:08:28.133  2932  3051 D RILJ    : [0133]< VOICE_REGISTRATION_STATE {.regState = NOT_REG_MT_SEARCHING_OP, .rat = UNKNOWN, .reasonForDenial = NONE, .cellIdentity = {.noinit = {}}, .registeredPlmn = , .accessTechnologySpecificInfo = {.noinit = {}}} [PHONE0]
12-06 23:08:28.133  2932  3261 D CellularNetworkService: No access tech specific info passes for RegStateResult
12-06 23:08:28.134  2932  3261 D NRM-C-0 : onRequestNetworkRegistrationInfoComplete result: 0, info: NetworkRegistrationInfo{ domain=CS transportType=WWAN registrationState=NOT_REG_SEARCHING networkRegistrationState=NOT_REG_SEARCHING roamingType=NOT_ROAMING accessNetworkTechnology=UNKNOWN rejectCause=0 emergencyEnabled=false availableServices=[] cellIdentity=null voiceSpecificInfo=VoiceSpecificRegistrationInfo { mCssSupported=false mRoamingIndicator=0 mSystemIsInPrl=0 mDefaultRoamingIndicator=0} dataSpecificInfo=null nrState=**** rRplmn= isUsingCarrierAggregation=false isNonTerrestrialNetwork=TERRESTRIAL}
12-06 23:08:28.134  2932  3051 D RILJ    : [0144]< VOICE_REGISTRATION_STATE {.regState = NOT_REG_MT_SEARCHING_OP, .rat = UNKNOWN, .reasonForDenial = NONE, .cellIdentity = {.noinit = {}}, .registeredPlmn = , .accessTechnologySpecificInfo = {.noinit = {}}} [PHONE0]
12-06 23:08:28.134  2932  3051 D RILJ    : [0146]< VOICE_REGISTRATION_STATE {.regState = NOT_REG_MT_SEARCHING_OP, .rat = UNKNOWN, .reasonForDenial = NONE, .cellIdentity = {.noinit = {}}, .registeredPlmn = , .accessTechnologySpecificInfo = {.noinit = {}}} [PHONE0]
12-06 23:08:28.134  2932  3261 D CellularNetworkService: No access tech specific info passes for RegStateResult
12-06 23:08:28.134  2932  3261 D NRM-C-0 : onRequestNetworkRegistrationInfoComplete result: 0, info: NetworkRegistrationInfo{ domain=CS transportType=WWAN registrationState=NOT_REG_SEARCHING networkRegistrationState=NOT_REG_SEARCHING roamingType=NOT_ROAMING accessNetworkTechnology=UNKNOWN rejectCause=0 emergencyEnabled=false availableServices=[] cellIdentity=null voiceSpecificInfo=VoiceSpecificRegistrationInfo { mCssSupported=false mRoamingIndicator=0 mSystemIsInPrl=0 mDefaultRoamingIndicator=0} dataSpecificInfo=null nrState=**** rRplmn= isUsingCarrierAggregation=false isNonTerrestrialNetwork=TERRESTRIAL}
12-06 23:08:28.134  2932  3261 D CellularNetworkService: No access tech specific info passes for RegStateResult
12-06 23:08:28.134  2932  3261 D NRM-C-0 : onRequestNetworkRegistrationInfoComplete result: 0, info: NetworkRegistrationInfo{ domain=CS transportType=WWAN registrationState=NOT_REG_SEARCHING networkRegistrationState=NOT_REG_SEARCHING roamingType=NOT_ROAMING accessNetworkTechnology=UNKNOWN rejectCause=0 emergencyEnabled=false availableServices=[] cellIdentity=null voiceSpecificInfo=VoiceSpecificRegistrationInfo { mCssSupported=false mRoamingIndicator=0 mSystemIsInPrl=0 mDefaultRoamingIndicator=0} dataSpecificInfo=null nrState=**** rRplmn= isUsingCarrierAggregation=false isNonTerrestrialNetwork=TERRESTRIAL}
12-06 23:08:28.134  2932  3261 D CellularNetworkService: No access tech specific info passes for RegStateResult
12-06 23:08:28.134  2932  3261 D NRM-C-0 : onRequestNetworkRegistrationInfoComplete result: 0, info: NetworkRegistrationInfo{ domain=CS transportType=WWAN registrationState=NOT_REG_SEARCHING networkRegistrationState=NOT_REG_SEARCHING roamingType=NOT_ROAMING accessNetworkTechnology=UNKNOWN rejectCause=0 emergencyEnabled=false availableServices=[] cellIdentity=null voiceSpecificInfo=VoiceSpecificRegistrationInfo { mCssSupported=false mRoamingIndicator=0 mSystemIsInPrl=0 mDefaultRoamingIndicator=0} dataSpecificInfo=null nrState=**** rRplmn= isUsingCarrierAggregation=false isNonTerrestrialNetwork=TERRESTRIAL}
12-06 23:08:28.134  2932  3051 D RILJ    : [0168]< VOICE_REGISTRATION_STATE {.regState = NOT_REG_MT_SEARCHING_OP, .rat = UNKNOWN, .reasonForDenial = NONE, .cellIdentity = {.noinit = {}}, .registeredPlmn = , .accessTechnologySpecificInfo = {.noinit = {}}} [PHONE0]
12-06 23:08:28.135  2932  3051 D RILJ    : [0172]< VOICE_REGISTRATION_STATE {.regState = NOT_REG_MT_SEARCHING_OP, .rat = UNKNOWN, .reasonForDenial = NONE, .cellIdentity = {.noinit = {}}, .registeredPlmn = , .accessTechnologySpecificInfo = {.noinit = {}}} [PHONE0]
12-06 23:08:28.135  2932  3051 D RILJ    : [0135]< VOICE_RADIO_TECH {3} [PHONE0]
12-06 23:08:28.135  2932  3261 D CellularNetworkService: No access tech specific info passes for RegStateResult
12-06 23:08:28.135  2932  3261 D NRM-C-0 : onRequestNetworkRegistrationInfoComplete result: 0, info: NetworkRegistrationInfo{ domain=CS transportType=WWAN registrationState=NOT_REG_SEARCHING networkRegistrationState=NOT_REG_SEARCHING roamingType=NOT_ROAMING accessNetworkTechnology=UNKNOWN rejectCause=0 emergencyEnabled=false availableServices=[] cellIdentity=null voiceSpecificInfo=VoiceSpecificRegistrationInfo { mCssSupported=false mRoamingIndicator=0 mSystemIsInPrl=0 mDefaultRoamingIndicator=0} dataSpecificInfo=null nrState=**** rRplmn= isUsingCarrierAggregation=false isNonTerrestrialNetwork=TERRESTRIAL}
12-06 23:08:28.135  2932  3051 D RILJ    : [0139]< OPERATOR {, , } [PHONE0]
12-06 23:08:28.136  2932  3051 D RILJ    : [0150]< VOICE_REGISTRATION_STATE {.regState = NOT_REG_MT_SEARCHING_OP, .rat = UNKNOWN, .reasonForDenial = NONE, .cellIdentity = {.noinit = {}}, .registeredPlmn = , .accessTechnologySpecificInfo = {.noinit = {}}} [PHONE1]
12-06 23:08:28.136  2932  3051 D RILJ    : [0141]< OPERATOR {, , } [PHONE0]
12-06 23:08:28.136  2932  3051 D RILJ    : [0159]< VOICE_REGISTRATION_STATE {.regState = NOT_REG_MT_SEARCHING_OP, .rat = UNKNOWN, .reasonForDenial = NONE, .cellIdentity = {.noinit = {}}, .registeredPlmn = , .accessTechnologySpecificInfo = {.noinit = {}}} [PHONE1]
12-06 23:08:28.136  2932  3051 D RILJ    : [0165]< OPERATOR {, , } [PHONE0]
12-06 23:08:28.136  2932  3051 D RILJ    : [0163]< VOICE_REGISTRATION_STATE {.regState = NOT_REG_MT_SEARCHING_OP, .rat = UNKNOWN, .reasonForDenial = NONE, .cellIdentity = {.noinit = {}}, .registeredPlmn = , .accessTechnologySpecificInfo = {.noinit = {}}} [PHONE1]
12-06 23:08:28.136  2932  3051 D RILJ    : [0169]< OPERATOR {, , } [PHONE0]
12-06 23:08:28.136  2932  3051 D RILJ    : [0153]< VOICE_RADIO_TECH {3} [PHONE1]
12-06 23:08:28.136  2932  3051 D RILJ    : [0140]< QUERY_NETWORK_SELECTION_MODE {0} [PHONE0]
12-06 23:08:28.136  2932  3051 D RILJ    : [0143]< QUERY_NETWORK_SELECTION_MODE {0} [PHONE0]
12-06 23:08:28.136  2932  3051 D RILJ    : [0166]< QUERY_NETWORK_SELECTION_MODE {0} [PHONE0]
12-06 23:08:28.136  2932  3051 D RILJ    : [0171]< QUERY_NETWORK_SELECTION_MODE {0} [PHONE0]
12-06 23:08:28.137  2932  3261 D CellularNetworkService: No access tech specific info passes for RegStateResult
12-06 23:08:28.137  2932  3261 D NRM-C-1 : onRequestNetworkRegistrationInfoComplete result: 0, info: NetworkRegistrationInfo{ domain=CS transportType=WWAN registrationState=NOT_REG_SEARCHING networkRegistrationState=NOT_REG_SEARCHING roamingType=NOT_ROAMING accessNetworkTechnology=UNKNOWN rejectCause=0 emergencyEnabled=false availableServices=[] cellIdentity=null voiceSpecificInfo=VoiceSpecificRegistrationInfo { mCssSupported=false mRoamingIndicator=0 mSystemIsInPrl=0 mDefaultRoamingIndicator=0} dataSpecificInfo=null nrState=**** rRplmn= isUsingCarrierAggregation=false isNonTerrestrialNetwork=TERRESTRIAL}
12-06 23:08:28.137  2932  3261 D CellularNetworkService: No access tech specific info passes for RegStateResult
12-06 23:08:28.137  2932  3261 D NRM-C-1 : onRequestNetworkRegistrationInfoComplete result: 0, info: NetworkRegistrationInfo{ domain=CS transportType=WWAN registrationState=NOT_REG_SEARCHING networkRegistrationState=NOT_REG_SEARCHING roamingType=NOT_ROAMING accessNetworkTechnology=UNKNOWN rejectCause=0 emergencyEnabled=false availableServices=[] cellIdentity=null voiceSpecificInfo=VoiceSpecificRegistrationInfo { mCssSupported=false mRoamingIndicator=0 mSystemIsInPrl=0 mDefaultRoamingIndicator=0} dataSpecificInfo=null nrState=**** rRplmn= isUsingCarrierAggregation=false isNonTerrestrialNetwork=TERRESTRIAL}
12-06 23:08:28.137  2932  3261 D CellularNetworkService: No access tech specific info passes for RegStateResult
12-06 23:08:28.137  2932  3261 D NRM-C-1 : onRequestNetworkRegistrationInfoComplete result: 0, info: NetworkRegistrationInfo{ domain=CS transportType=WWAN registrationState=NOT_REG_SEARCHING networkRegistrationState=NOT_REG_SEARCHING roamingType=NOT_ROAMING accessNetworkTechnology=UNKNOWN rejectCause=0 emergencyEnabled=false availableServices=[] cellIdentity=null voiceSpecificInfo=VoiceSpecificRegistrationInfo { mCssSupported=false mRoamingIndicator=0 mSystemIsInPrl=0 mDefaultRoamingIndicator=0} dataSpecificInfo=null nrState=**** rRplmn= isUsingCarrierAggregation=false isNonTerrestrialNetwork=TERRESTRIAL}
12-06 23:08:28.137  2932  3261 D CellularNetworkService: No access tech specific info passes for RegStateResult
12-06 23:08:28.137  2932  3051 D RILJ    : [0142]< DATA_REGISTRATION_STATE {.regState = NOT_REG_MT_SEARCHING_OP, .rat = UNKNOWN, .reasonForDenial = NONE, .cellIdentity = {.noinit = {}}, .registeredPlmn = , .accessTechnologySpecificInfo = {.noinit = {}}} [PHONE0]
12-06 23:08:28.137  2932  3261 D NRM-C-0 : onRequestNetworkRegistrationInfoComplete result: 0, info: NetworkRegistrationInfo{ domain=PS transportType=WWAN registrationState=NOT_REG_SEARCHING networkRegistrationState=NOT_REG_SEARCHING roamingType=NOT_ROAMING accessNetworkTechnology=UNKNOWN rejectCause=0 emergencyEnabled=false availableServices=[] cellIdentity=null voiceSpecificInfo=null dataSpecificInfo=android.telephony.DataSpecificRegistrationInfo :{ maxDataCalls = 16 isDcNrRestricted = false isNrAvailable = false isEnDcAvailable = false mLteAttachResultType = 0 mLteAttachExtraInfo = 0 LteVopsSupportInfo :  mVopsSupport = 1 mEmcBearerSupport = 1 } nrState=**** rRplmn= isUsingCarrierAggregation=false isNonTerrestrialNetwork=TERRESTRIAL}
12-06 23:08:28.140  2932  3261 D CellularNetworkService: No access tech specific info passes for RegStateResult
12-06 23:08:28.141  2932  3261 D NRM-C-0 : onRequestNetworkRegistrationInfoComplete result: 0, info: NetworkRegistrationInfo{ domain=PS transportType=WWAN registrationState=NOT_REG_SEARCHING networkRegistrationState=NOT_REG_SEARCHING roamingType=NOT_ROAMING accessNetworkTechnology=UNKNOWN rejectCause=0 emergencyEnabled=false availableServices=[] cellIdentity=null voiceSpecificInfo=null dataSpecificInfo=android.telephony.DataSpecificRegistrationInfo :{ maxDataCalls = 16 isDcNrRestricted = false isNrAvailable = false isEnDcAvailable = false mLteAttachResultType = 0 mLteAttachExtraInfo = 0 LteVopsSupportInfo :  mVopsSupport = 1 mEmcBearerSupport = 1 } nrState=**** rRplmn= isUsingCarrierAggregation=false isNonTerrestrialNetwork=TERRESTRIAL}
12-06 23:08:28.141  2932  3051 D RILJ    : [0145]< DATA_REGISTRATION_STATE {.regState = NOT_REG_MT_SEARCHING_OP, .rat = UNKNOWN, .reasonForDenial = NONE, .cellIdentity = {.noinit = {}}, .registeredPlmn = , .accessTechnologySpecificInfo = {.noinit = {}}} [PHONE0]
12-06 23:08:28.142  2932  3051 D RILJ    : [0156]< OPERATOR {, , } [PHONE1]
12-06 23:08:28.142  2932  3261 D CellularNetworkService: No access tech specific info passes for RegStateResult
12-06 23:08:28.142  2932  3051 D RILJ    : [0167]< DATA_REGISTRATION_STATE {.regState = NOT_REG_MT_SEARCHING_OP, .rat = UNKNOWN, .reasonForDenial = NONE, .cellIdentity = {.noinit = {}}, .registeredPlmn = , .accessTechnologySpecificInfo = {.noinit = {}}} [PHONE0]
