12-06 23:08:27.998  2932  2932 D DNC-0   : Data evaluation: evaluation reason:NEW_REQUEST, Data disallowed reasons: SIM_NOT_READY DATA_CONFIG_NOT_READY NO_SUITABLE_DATA_PROFILE NOT_IN_SERVICE SERVICE_OPTION_NOT_SUPPORTED, candidate profile=null, time=23:08:27.998, network type=UNKNOWN, reg state=UNKNOWN, [NetworkRequest [ REQUEST id=65, [ Capabilities: INTERNET&NOT_RESTRICTED&TRUSTED&NOT_VCN_MANAGED&NOT_BANDWIDTH_CONSTRAINED Uid: 1073 RequestorUid: 1073 RequestorPkg: com.android.networkstack UnderlyingNetworks: Null] ], mPriority=20, state=UNSATISFIED, mAttachedDataNetwork=null, created time=23:08:26.922, evaluation result=Data evaluation: evaluation reason:NEW_REQUEST, Data disallowed reasons: SIM_NOT_READY DATA_CONFIG_NOT_READY NO_SUITABLE_DATA_PROFILE NOT_IN_SERVICE SERVICE_OPTION_NOT_SUPPORTED, candidate profile=null, time=23:08:27.998]
12-06 23:08:27.998  1844  3195 W TelephonyRegistry: Pid 1844 has exceeded half the number of permissible registered listeners. Now at 38
12-06 23:08:27.998  2932  2932 D DNC-0   : onAddNetworkRequest: added [NetworkRequest [ BACKGROUND_REQUEST id=2, [ Transports: CELLULAR Capabilities: INTERNET&NOT_RESTRICTED&TRUSTED&NOT_VPN&NOT_VCN_MANAGED&NOT_BANDWIDTH_CONSTRAINED RequestorUid: 1000 RequestorPkg: android UnderlyingNetworks: Null] ], mPriority=20, state=UNSATISFIED, mAttachedDataNetwork=null, created time=23:08:26.919, evaluation result=null]
12-06 23:08:27.999  2932  2932 D DPM-0   : Can't find any data profile that can satisfy [NetworkRequest [ BACKGROUND_REQUEST id=2, [ Transports: CELLULAR Capabilities: INTERNET&NOT_RESTRICTED&TRUSTED&NOT_VPN&NOT_VCN_MANAGED&NOT_BANDWIDTH_CONSTRAINED RequestorUid: 1000 RequestorPkg: android UnderlyingNetworks: Null] ], mPriority=20, state=UNSATISFIED, mAttachedDataNetwork=null, created time=23:08:26.920, evaluation result=null]
12-06 23:08:27.999  2932  2932 D DPM-0   : Unable to find a data profile for [NetworkRequest [ BACKGROUND_REQUEST id=2, [ Transports: CELLULAR Capabilities: INTERNET&NOT_RESTRICTED&TRUSTED&NOT_VPN&NOT_VCN_MANAGED&NOT_BANDWIDTH_CONSTRAINED RequestorUid: 1000 RequestorPkg: android UnderlyingNetworks: Null] ], mPriority=20, state=UNSATISFIED, mAttachedDataNetwork=null, created time=23:08:26.919, evaluation result=null]
12-06 23:08:28.000  2932  2932 D DNC-0   : Data evaluation: evaluation reason:NEW_REQUEST, Data disallowed reasons: SIM_NOT_READY DATA_CONFIG_NOT_READY NO_SUITABLE_DATA_PROFILE NOT_IN_SERVICE SERVICE_OPTION_NOT_SUPPORTED, candidate profile=null, time=23:08:27.999, network type=UNKNOWN, reg state=UNKNOWN, [NetworkRequest [ BACKGROUND_REQUEST id=2, [ Transports: CELLULAR Capabilities: INTERNET&NOT_RESTRICTED&TRUSTED&NOT_VPN&NOT_VCN_MANAGED&NOT_BANDWIDTH_CONSTRAINED RequestorUid: 1000 RequestorPkg: android UnderlyingNetworks: Null] ], mPriority=20, state=UNSATISFIED, mAttachedDataNetwork=null, created time=23:08:26.920, evaluation result=Data evaluation: evaluation reason:NEW_REQUEST, Data disallowed reasons: SIM_NOT_READY DATA_CONFIG_NOT_READY NO_SUITABLE_DATA_PROFILE NOT_IN_SERVICE SERVICE_OPTION_NOT_SUPPORTED, candidate profile=null, time=23:08:27.999]
12-06 23:08:28.000  2932  2932 D DNC-0   : onAddNetworkRequest: added [NetworkRequest [ REQUEST id=1, [ Capabilities: INTERNET&NOT_RESTRICTED&TRUSTED&NOT_VPN&NOT_VCN_MANAGED&NOT_BANDWIDTH_CONSTRAINED RequestorUid: 1000 RequestorPkg: android UnderlyingNetworks: Null] ], mPriority=20, state=UNSATISFIED, mAttachedDataNetwork=null, created time=23:08:26.921, evaluation result=null]
12-06 23:08:28.003  2932  2932 D DPM-0   : Can't find any data profile that can satisfy [NetworkRequest [ REQUEST id=1, [ Capabilities: INTERNET&NOT_RESTRICTED&TRUSTED&NOT_VPN&NOT_VCN_MANAGED&NOT_BANDWIDTH_CONSTRAINED RequestorUid: 1000 RequestorPkg: android UnderlyingNetworks: Null] ], mPriority=20, state=UNSATISFIED, mAttachedDataNetwork=null, created time=23:08:26.920, evaluation result=null]
12-06 23:08:28.004  2932  2932 D DPM-0   : Unable to find a data profile for [NetworkRequest [ REQUEST id=1, [ Capabilities: INTERNET&NOT_RESTRICTED&TRUSTED&NOT_VPN&NOT_VCN_MANAGED&NOT_BANDWIDTH_CONSTRAINED RequestorUid: 1000 RequestorPkg: android UnderlyingNetworks: Null] ], mPriority=20, state=UNSATISFIED, mAttachedDataNetwork=null, created time=23:08:26.921, evaluation result=null]
12-06 23:08:28.004  2932  2932 D DNC-0   : Data evaluation: evaluation reason:NEW_REQUEST, Data disallowed reasons: SIM_NOT_READY DATA_CONFIG_NOT_READY NO_SUITABLE_DATA_PROFILE NOT_IN_SERVICE SERVICE_OPTION_NOT_SUPPORTED, candidate profile=null, time=23:08:28.004, network type=UNKNOWN, reg state=UNKNOWN, [NetworkRequest [ REQUEST id=1, [ Capabilities: INTERNET&NOT_RESTRICTED&TRUSTED&NOT_VPN&NOT_VCN_MANAGED&NOT_BANDWIDTH_CONSTRAINED RequestorUid: 1000 RequestorPkg: android UnderlyingNetworks: Null] ], mPriority=20, state=UNSATISFIED, mAttachedDataNetwork=null, created time=23:08:26.921, evaluation result=Data evaluation: evaluation reason:NEW_REQUEST, Data disallowed reasons: SIM_NOT_READY DATA_CONFIG_NOT_READY NO_SUITABLE_DATA_PROFILE NOT_IN_SERVICE SERVICE_OPTION_NOT_SUPPORTED, candidate profile=null, time=23:08:28.004]
12-06 23:08:28.004  2932  2932 D DNC-0   : onAddNetworkRequest: added [NetworkRequest [ REQUEST id=63, [ Capabilities: INTERNET&NOT_RESTRICTED&TRUSTED&NOT_VCN_MANAGED&NOT_BANDWIDTH_CONSTRAINED Uid: 1000 RequestorUid: 1000 RequestorPkg: android UnderlyingNetworks: Null] ], mPriority=20, state=UNSATISFIED, mAttachedDataNetwork=null, created time=23:08:26.919, evaluation result=null]
12-06 23:08:28.005  2932  2932 D DPM-0   : Can't find any data profile that can satisfy [NetworkRequest [ REQUEST id=63, [ Capabilities: INTERNET&NOT_RESTRICTED&TRUSTED&NOT_VCN_MANAGED&NOT_BANDWIDTH_CONSTRAINED Uid: 1000 RequestorUid: 1000 RequestorPkg: android UnderlyingNetworks: Null] ], mPriority=20, state=UNSATISFIED, mAttachedDataNetwork=null, created time=23:08:26.919, evaluation result=null]
12-06 23:08:28.005  2932  2932 D DPM-0   : Unable to find a data profile for [NetworkRequest [ REQUEST id=63, [ Capabilities: INTERNET&NOT_RESTRICTED&TRUSTED&NOT_VCN_MANAGED&NOT_BANDWIDTH_CONSTRAINED Uid: 1000 RequestorUid: 1000 RequestorPkg: android UnderlyingNetworks: Null] ], mPriority=20, state=UNSATISFIED, mAttachedDataNetwork=null, created time=23:08:26.919, evaluation result=null]
12-06 23:08:28.005  2932  2932 D DNC-0   : Data evaluation: evaluation reason:NEW_REQUEST, Data disallowed reasons: SIM_NOT_READY DATA_CONFIG_NOT_READY NO_SUITABLE_DATA_PROFILE NOT_IN_SERVICE SERVICE_OPTION_NOT_SUPPORTED, candidate profile=null, time=23:08:28.005, network type=UNKNOWN, reg state=UNKNOWN, [NetworkRequest [ REQUEST id=63, [ Capabilities: INTERNET&NOT_RESTRICTED&TRUSTED&NOT_VCN_MANAGED&NOT_BANDWIDTH_CONSTRAINED Uid: 1000 RequestorUid: 1000 RequestorPkg: android UnderlyingNetworks: Null] ], mPriority=20, state=UNSATISFIED, mAttachedDataNetwork=null, created time=23:08:26.919, evaluation result=Data evaluation: evaluation reason:NEW_REQUEST, Data disallowed reasons: SIM_NOT_READY DATA_CONFIG_NOT_READY NO_SUITABLE_DATA_PROFILE NOT_IN_SERVICE SERVICE_OPTION_NOT_SUPPORTED, candidate profile=null, time=23:08:28.005]
12-06 23:08:28.005  2932  2932 D DNC-0   : onAddNetworkRequest: added [NetworkRequest [ REQUEST id=55, [ Capabilities: INTERNET&NOT_RESTRICTED&TRUSTED&NOT_VCN_MANAGED&NOT_BANDWIDTH_CONSTRAINED Uid: 10545 RequestorUid: 1000 RequestorPkg: android UnderlyingNetworks: Null] ], mPriority=20, state=UNSATISFIED, mAttachedDataNetwork=null, created time=23:08:26.919, evaluation result=null]
12-06 23:08:28.006  2932  2932 D DPM-0   : Can't find any data profile that can satisfy [NetworkRequest [ REQUEST id=55, [ Capabilities: INTERNET&NOT_RESTRICTED&TRUSTED&NOT_VCN_MANAGED&NOT_BANDWIDTH_CONSTRAINED Uid: 10545 RequestorUid: 1000 RequestorPkg: android UnderlyingNetworks: Null] ], mPriority=20, state=UNSATISFIED, mAttachedDataNetwork=null, created time=23:08:26.919, evaluation result=null]
12-06 23:08:28.006  2932  2932 D DPM-0   : Unable to find a data profile for [NetworkRequest [ REQUEST id=55, [ Capabilities: INTERNET&NOT_RESTRICTED&TRUSTED&NOT_VCN_MANAGED&NOT_BANDWIDTH_CONSTRAINED Uid: 10545 RequestorUid: 1000 RequestorPkg: android UnderlyingNetworks: Null] ], mPriority=20, state=UNSATISFIED, mAttachedDataNetwork=null, created time=23:08:26.919, evaluation result=null]
12-06 23:08:28.006  2932  2932 D DNC-0   : Data evaluation: evaluation reason:NEW_REQUEST, Data disallowed reasons: SIM_NOT_READY DATA_CONFIG_NOT_READY NO_SUITABLE_DATA_PROFILE NOT_IN_SERVICE SERVICE_OPTION_NOT_SUPPORTED, candidate profile=null, time=23:08:28.006, network type=UNKNOWN, reg state=UNKNOWN, [NetworkRequest [ REQUEST id=55, [ Capabilities: INTERNET&NOT_RESTRICTED&TRUSTED&NOT_VCN_MANAGED&NOT_BANDWIDTH_CONSTRAINED Uid: 10545 RequestorUid: 1000 RequestorPkg: android UnderlyingNetworks: Null] ], mPriority=20, state=UNSATISFIED, mAttachedDataNetwork=null, created time=23:08:26.919, evaluation result=Data evaluation: evaluation reason:NEW_REQUEST, Data disallowed reasons: SIM_NOT_READY DATA_CONFIG_NOT_READY NO_SUITABLE_DATA_PROFILE NOT_IN_SERVICE SERVICE_OPTION_NOT_SUPPORTED, candidate profile=null, time=23:08:28.006]
12-06 23:08:28.008  2932  2932 D DNC-0   : onAddNetworkRequest: added [NetworkRequest [ REQUEST id=53, [ Capabilities: INTERNET&NOT_RESTRICTED&TRUSTED&NOT_VCN_MANAGED&NOT_BANDWIDTH_CONSTRAINED Uid: 10588 RequestorUid: 1000 RequestorPkg: android UnderlyingNetworks: Null] ], mPriority=20, state=UNSATISFIED, mAttachedDataNetwork=null, created time=23:08:26.923, evaluation result=null]
12-06 23:08:28.008  2932  2932 D DPM-0   : Can't find any data profile that can satisfy [NetworkRequest [ REQUEST id=53, [ Capabilities: INTERNET&NOT_RESTRICTED&TRUSTED&NOT_VCN_MANAGED&NOT_BANDWIDTH_CONSTRAINED Uid: 10588 RequestorUid: 1000 RequestorPkg: android UnderlyingNetworks: Null] ], mPriority=20, state=UNSATISFIED, mAttachedDataNetwork=null, created time=23:08:26.922, evaluation result=null]
12-06 23:08:28.009  2932  2932 D DPM-0   : Unable to find a data profile for [NetworkRequest [ REQUEST id=53, [ Capabilities: INTERNET&NOT_RESTRICTED&TRUSTED&NOT_VCN_MANAGED&NOT_BANDWIDTH_CONSTRAINED Uid: 10588 RequestorUid: 1000 RequestorPkg: android UnderlyingNetworks: Null] ], mPriority=20, state=UNSATISFIED, mAttachedDataNetwork=null, created time=23:08:26.923, evaluation result=null]
12-06 23:08:28.009  2932  2932 D DNC-0   : Data evaluation: evaluation reason:NEW_REQUEST, Data disallowed reasons: SIM_NOT_READY DATA_CONFIG_NOT_READY NO_SUITABLE_DATA_PROFILE NOT_IN_SERVICE SERVICE_OPTION_NOT_SUPPORTED, candidate profile=null, time=23:08:28.009, network type=UNKNOWN, reg state=UNKNOWN, [NetworkRequest [ REQUEST id=53, [ Capabilities: INTERNET&NOT_RESTRICTED&TRUSTED&NOT_VCN_MANAGED&NOT_BANDWIDTH_CONSTRAINED Uid: 10588 RequestorUid: 1000 RequestorPkg: android UnderlyingNetworks: Null] ], mPriority=20, state=UNSATISFIED, mAttachedDataNetwork=null, created time=23:08:26.923, evaluation result=Data evaluation: evaluation reason:NEW_REQUEST, Data disallowed reasons: SIM_NOT_READY DATA_CONFIG_NOT_READY NO_SUITABLE_DATA_PROFILE NOT_IN_SERVICE SERVICE_OPTION_NOT_SUPPORTED, candidate profile=null, time=23:08:28.009]
12-06 23:08:28.009  2932  2932 D DNC-0   : onAddNetworkRequest: added [NetworkRequest [ REQUEST id=51, [ Capabilities: INTERNET&NOT_RESTRICTED&TRUSTED&NOT_VCN_MANAGED&NOT_BANDWIDTH_CONSTRAINED Uid: 10598 RequestorUid: 1000 RequestorPkg: android UnderlyingNetworks: Null] ], mPriority=20, state=UNSATISFIED, mAttachedDataNetwork=null, created time=23:08:26.923, evaluation result=null]
12-06 23:08:28.010  2932  2932 D DPM-0   : Can't find any data profile that can satisfy [NetworkRequest [ REQUEST id=51, [ Capabilities: INTERNET&NOT_RESTRICTED&TRUSTED&NOT_VCN_MANAGED&NOT_BANDWIDTH_CONSTRAINED Uid: 10598 RequestorUid: 1000 RequestorPkg: android UnderlyingNetworks: Null] ], mPriority=20, state=UNSATISFIED, mAttachedDataNetwork=null, created time=23:08:26.923, evaluation result=null]
12-06 23:08:28.010  2932  2932 D DPM-0   : Unable to find a data profile for [NetworkRequest [ REQUEST id=51, [ Capabilities: INTERNET&NOT_RESTRICTED&TRUSTED&NOT_VCN_MANAGED&NOT_BANDWIDTH_CONSTRAINED Uid: 10598 RequestorUid: 1000 RequestorPkg: android UnderlyingNetworks: Null] ], mPriority=20, state=UNSATISFIED, mAttachedDataNetwork=null, created time=23:08:26.923, evaluation result=null]
12-06 23:08:28.010  2932  2932 D DNC-0   : Data evaluation: evaluation reason:NEW_REQUEST, Data disallowed reasons: SIM_NOT_READY DATA_CONFIG_NOT_READY NO_SUITABLE_DATA_PROFILE NOT_IN_SERVICE SERVICE_OPTION_NOT_SUPPORTED, candidate profile=null, time=23:08:28.010, network type=UNKNOWN, reg state=UNKNOWN, [NetworkRequest [ REQUEST id=51, [ Capabilities: INTERNET&NOT_RESTRICTED&TRUSTED&NOT_VCN_MANAGED&NOT_BANDWIDTH_CONSTRAINED Uid: 10598 RequestorUid: 1000 RequestorPkg: android UnderlyingNetworks: Null] ], mPriority=20, state=UNSATISFIED, mAttachedDataNetwork=null, created time=23:08:26.923, evaluation result=Data evaluation: evaluation reason:NEW_REQUEST, Data disallowed reasons: SIM_NOT_READY DATA_CONFIG_NOT_READY NO_SUITABLE_DATA_PROFILE NOT_IN_SERVICE SERVICE_OPTION_NOT_SUPPORTED, candidate profile=null, time=23:08:28.010]
12-06 23:08:28.010  2932  2932 D DNC-0   : onAddNetworkRequest: added [NetworkRequest [ REQUEST id=49, [ Capabilities: INTERNET&NOT_RESTRICTED&TRUSTED&NOT_VCN_MANAGED&NOT_BANDWIDTH_CONSTRAINED Uid: 10605 RequestorUid: 1000 RequestorPkg: android UnderlyingNetworks: Null] ], mPriority=20, state=UNSATISFIED, mAttachedDataNetwork=null, created time=23:08:26.923, evaluation result=null]
12-06 23:08:28.011  2932  2932 D DPM-0   : Can't find any data profile that can satisfy [NetworkRequest [ REQUEST id=49, [ Capabilities: INTERNET&NOT_RESTRICTED&TRUSTED&NOT_VCN_MANAGED&NOT_BANDWIDTH_CONSTRAINED Uid: 10605 RequestorUid: 1000 RequestorPkg: android UnderlyingNetworks: Null] ], mPriority=20, state=UNSATISFIED, mAttachedDataNetwork=null, created time=23:08:26.923, evaluation result=null]
12-06 23:08:28.011  2932  2932 D DPM-0   : Unable to find a data profile for [NetworkRequest [ REQUEST id=49, [ Capabilities: INTERNET&NOT_RESTRICTED&TRUSTED&NOT_VCN_MANAGED&NOT_BANDWIDTH_CONSTRAINED Uid: 10605 RequestorUid: 1000 RequestorPkg: android UnderlyingNetworks: Null] ], mPriority=20, state=UNSATISFIED, mAttachedDataNetwork=null, created time=23:08:26.923, evaluation result=null]
12-06 23:08:28.011  2932  2932 D DNC-0   : Data evaluation: evaluation reason:NEW_REQUEST, Data disallowed reasons: SIM_NOT_READY DATA_CONFIG_NOT_READY NO_SUITABLE_DATA_PROFILE NOT_IN_SERVICE SERVICE_OPTION_NOT_SUPPORTED, candidate profile=null, time=23:08:28.011, network type=UNKNOWN, reg state=UNKNOWN, [NetworkRequest [ REQUEST id=49, [ Capabilities: INTERNET&NOT_RESTRICTED&TRUSTED&NOT_VCN_MANAGED&NOT_BANDWIDTH_CONSTRAINED Uid: 10605 RequestorUid: 1000 RequestorPkg: android UnderlyingNetworks: Null] ], mPriority=20, state=UNSATISFIED, mAttachedDataNetwork=null, created time=23:08:26.923, evaluation result=Data evaluation: evaluation reason:NEW_REQUEST, Data disallowed reasons: SIM_NOT_READY DATA_CONFIG_NOT_READY NO_SUITABLE_DATA_PROFILE NOT_IN_SERVICE SERVICE_OPTION_NOT_SUPPORTED, candidate profile=null, time=23:08:28.011]
12-06 23:08:28.011  2932  2932 D DNC-0   : onAddNetworkRequest: added [NetworkRequest [ REQUEST id=57, [ Capabilities: INTERNET&NOT_RESTRICTED&TRUSTED&NOT_VCN_MANAGED&NOT_BANDWIDTH_CONSTRAINED Uid: 10609 RequestorUid: 1000 RequestorPkg: android UnderlyingNetworks: Null] ], mPriority=20, state=UNSATISFIED, mAttachedDataNetwork=null, created time=23:08:26.920, evaluation result=null]
12-06 23:08:28.012  2932  2932 D DPM-0   : Can't find any data profile that can satisfy [NetworkRequest [ REQUEST id=57, [ Capabilities: INTERNET&NOT_RESTRICTED&TRUSTED&NOT_VCN_MANAGED&NOT_BANDWIDTH_CONSTRAINED Uid: 10609 RequestorUid: 1000 RequestorPkg: android UnderlyingNetworks: Null] ], mPriority=20, state=UNSATISFIED, mAttachedDataNetwork=null, created time=23:08:26.921, evaluation result=null]
12-06 23:08:28.012  2932  2932 D DPM-0   : Unable to find a data profile for [NetworkRequest [ REQUEST id=57, [ Capabilities: INTERNET&NOT_RESTRICTED&TRUSTED&NOT_VCN_MANAGED&NOT_BANDWIDTH_CONSTRAINED Uid: 10609 RequestorUid: 1000 RequestorPkg: android UnderlyingNetworks: Null] ], mPriority=20, state=UNSATISFIED, mAttachedDataNetwork=null, created time=23:08:26.921, evaluation result=null]
12-06 23:08:28.012  2932  2932 D DNC-0   : Data evaluation: evaluation reason:NEW_REQUEST, Data disallowed reasons: SIM_NOT_READY DATA_CONFIG_NOT_READY NO_SUITABLE_DATA_PROFILE NOT_IN_SERVICE SERVICE_OPTION_NOT_SUPPORTED, candidate profile=null, time=23:08:28.012, network type=UNKNOWN, reg state=UNKNOWN, [NetworkRequest [ REQUEST id=57, [ Capabilities: INTERNET&NOT_RESTRICTED&TRUSTED&NOT_VCN_MANAGED&NOT_BANDWIDTH_CONSTRAINED Uid: 10609 RequestorUid: 1000 RequestorPkg: android UnderlyingNetworks: Null] ], mPriority=20, state=UNSATISFIED, mAttachedDataNetwork=null, created time=23:08:26.921, evaluation result=Data evaluation: evaluation reason:NEW_REQUEST, Data disallowed reasons: SIM_NOT_READY DATA_CONFIG_NOT_READY NO_SUITABLE_DATA_PROFILE NOT_IN_SERVICE SERVICE_OPTION_NOT_SUPPORTED, candidate profile=null, time=23:08:28.012]
12-06 23:08:28.017  2932  3051 D RILJ    : [0125]< VOICE_REGISTRATION_STATE {.regState = NOT_REG_MT_SEARCHING_OP, .rat = UNKNOWN, .reasonForDenial = NONE, .cellIdentity = {.noinit = {}}, .registeredPlmn = , .accessTechnologySpecificInfo = {.noinit = {}}} [PHONE1]
12-06 23:08:28.017  2932  2932 D DNC-0   : onAddNetworkRequest: added [NetworkRequest [ REQUEST id=47, [ Capabilities: INTERNET&NOT_RESTRICTED&TRUSTED&NOT_VCN_MANAGED&NOT_BANDWIDTH_CONSTRAINED Uid: 10618 RequestorUid: 1000 RequestorPkg: android UnderlyingNetworks: Null] ], mPriority=20, state=UNSATISFIED, mAttachedDataNetwork=null, created time=23:08:26.924, evaluation result=null]
12-06 23:08:28.017  2932  3261 D CellularNetworkService: No access tech specific info passes for RegStateResult
12-06 23:08:28.018  2932  3261 D NRM-C-1 : onRequestNetworkRegistrationInfoComplete result: 0, info: NetworkRegistrationInfo{ domain=CS transportType=WWAN registrationState=NOT_REG_SEARCHING networkRegistrationState=NOT_REG_SEARCHING roamingType=NOT_ROAMING accessNetworkTechnology=UNKNOWN rejectCause=0 emergencyEnabled=false availableServices=[] cellIdentity=null voiceSpecificInfo=VoiceSpecificRegistrationInfo { mCssSupported=false mRoamingIndicator=0 mSystemIsInPrl=0 mDefaultRoamingIndicator=0} dataSpecificInfo=null nrState=**** rRplmn= isUsingCarrierAggregation=false isNonTerrestrialNetwork=TERRESTRIAL}
12-06 23:08:28.018  2932  2932 D DPM-0   : Can't find any data profile that can satisfy [NetworkRequest [ REQUEST id=47, [ Capabilities: INTERNET&NOT_RESTRICTED&TRUSTED&NOT_VCN_MANAGED&NOT_BANDWIDTH_CONSTRAINED Uid: 10618 RequestorUid: 1000 RequestorPkg: android UnderlyingNetworks: Null] ], mPriority=20, state=UNSATISFIED, mAttachedDataNetwork=null, created time=23:08:26.925, evaluation result=null]
12-06 23:08:28.019  2932  2932 D DPM-0   : Unable to find a data profile for [NetworkRequest [ REQUEST id=47, [ Capabilities: INTERNET&NOT_RESTRICTED&TRUSTED&NOT_VCN_MANAGED&NOT_BANDWIDTH_CONSTRAINED Uid: 10618 RequestorUid: 1000 RequestorPkg: android UnderlyingNetworks: Null] ], mPriority=20, state=UNSATISFIED, mAttachedDataNetwork=null, created time=23:08:26.924, evaluation result=null]
12-06 23:08:28.019  2932  2932 D DNC-0   : Data evaluation: evaluation reason:NEW_REQUEST, Data disallowed reasons: SIM_NOT_READY DATA_CONFIG_NOT_READY NO_SUITABLE_DATA_PROFILE NOT_IN_SERVICE SERVICE_OPTION_NOT_SUPPORTED, candidate profile=null, time=23:08:28.019, network type=UNKNOWN, reg state=UNKNOWN, [NetworkRequest [ REQUEST id=47, [ Capabilities: INTERNET&NOT_RESTRICTED&TRUSTED&NOT_VCN_MANAGED&NOT_BANDWIDTH_CONSTRAINED Uid: 10618 RequestorUid: 1000 RequestorPkg: android UnderlyingNetworks: Null] ], mPriority=20, state=UNSATISFIED, mAttachedDataNetwork=null, created time=23:08:26.925, evaluation result=Data evaluation: evaluation reason:NEW_REQUEST, Data disallowed reasons: SIM_NOT_READY DATA_CONFIG_NOT_READY NO_SUITABLE_DATA_PROFILE NOT_IN_SERVICE SERVICE_OPTION_NOT_SUPPORTED, candidate profile=null, time=23:08:28.019]
12-06 23:08:28.019  2932  3051 D RILJ    : [0122]< QUERY_NETWORK_SELECTION_MODE {0} [PHONE1]
12-06 23:08:28.019  2932  2932 D DNC-0   : onAddNetworkRequest: added [NetworkRequest [ REQUEST id=45, [ Capabilities: INTERNET&NOT_RESTRICTED&TRUSTED&NOT_VCN_MANAGED&NOT_BANDWIDTH_CONSTRAINED Uid: 10630 RequestorUid: 1000 RequestorPkg: android UnderlyingNetworks: Null] ], mPriority=20, state=UNSATISFIED, mAttachedDataNetwork=null, created time=23:08:26.922, evaluation result=null]
12-06 23:08:28.020  2932  2932 D DPM-0   : Can't find any data profile that can satisfy [NetworkRequest [ REQUEST id=45, [ Capabilities: INTERNET&NOT_RESTRICTED&TRUSTED&NOT_VCN_MANAGED&NOT_BANDWIDTH_CONSTRAINED Uid: 10630 RequestorUid: 1000 RequestorPkg: android UnderlyingNetworks: Null] ], mPriority=20, state=UNSATISFIED, mAttachedDataNetwork=null, created time=23:08:26.922, evaluation result=null]
12-06 23:08:28.020  2932  2932 D DPM-0   : Unable to find a data profile for [NetworkRequest [ REQUEST id=45, [ Capabilities: INTERNET&NOT_RESTRICTED&TRUSTED&NOT_VCN_MANAGED&NOT_BANDWIDTH_CONSTRAINED Uid: 10630 RequestorUid: 1000 RequestorPkg: android UnderlyingNetworks: Null] ], mPriority=20, state=UNSATISFIED, mAttachedDataNetwork=null, created time=23:08:26.922, evaluation result=null]
12-06 23:08:28.020  2932  2932 D DNC-0   : Data evaluation: evaluation reason:NEW_REQUEST, Data disallowed reasons: SIM_NOT_READY DATA_CONFIG_NOT_READY NO_SUITABLE_DATA_PROFILE NOT_IN_SERVICE SERVICE_OPTION_NOT_SUPPORTED, candidate profile=null, time=23:08:28.020, network type=UNKNOWN, reg state=UNKNOWN, [NetworkRequest [ REQUEST id=45, [ Capabilities: INTERNET&NOT_RESTRICTED&TRUSTED&NOT_VCN_MANAGED&NOT_BANDWIDTH_CONSTRAINED Uid: 10630 RequestorUid: 1000 RequestorPkg: android UnderlyingNetworks: Null] ], mPriority=20, state=UNSATISFIED, mAttachedDataNetwork=null, created time=23:08:26.922, evaluation result=Data evaluation: evaluation reason:NEW_REQUEST, Data disallowed reasons: SIM_NOT_READY DATA_CONFIG_NOT_READY NO_SUITABLE_DATA_PROFILE NOT_IN_SERVICE SERVICE_OPTION_NOT_SUPPORTED, candidate profile=null, time=23:08:28.020]
12-06 23:08:28.020  2932  2932 D DNC-0   : onAddNetworkRequest: added [NetworkRequest [ REQUEST id=41, [ Capabilities: INTERNET&NOT_RESTRICTED&TRUSTED&NOT_VCN_MANAGED&NOT_BANDWIDTH_CONSTRAINED Uid: 10640 RequestorUid: 1000 RequestorPkg: android UnderlyingNetworks: Null] ], mPriority=20, state=UNSATISFIED, mAttachedDataNetwork=null, created time=23:08:26.922, evaluation result=null]
12-06 23:08:28.021  2932  3261 D CellularNetworkService: No access tech specific info passes for RegStateResult
12-06 23:08:28.021  2932  2932 D DPM-0   : Can't find any data profile that can satisfy [NetworkRequest [ REQUEST id=41, [ Capabilities: INTERNET&NOT_RESTRICTED&TRUSTED&NOT_VCN_MANAGED&NOT_BANDWIDTH_CONSTRAINED Uid: 10640 RequestorUid: 1000 RequestorPkg: android UnderlyingNetworks: Null] ], mPriority=20, state=UNSATISFIED, mAttachedDataNetwork=null, created time=23:08:26.922, evaluation result=null]
12-06 23:08:28.021  2932  3261 D NRM-C-1 : onRequestNetworkRegistrationInfoComplete result: 0, info: NetworkRegistrationInfo{ domain=PS transportType=WWAN registrationState=NOT_REG_SEARCHING networkRegistrationState=NOT_REG_SEARCHING roamingType=NOT_ROAMING accessNetworkTechnology=UNKNOWN rejectCause=0 emergencyEnabled=false availableServices=[] cellIdentity=null voiceSpecificInfo=null dataSpecificInfo=android.telephony.DataSpecificRegistrationInfo :{ maxDataCalls = 16 isDcNrRestricted = false isNrAvailable = false isEnDcAvailable = false mLteAttachResultType = 0 mLteAttachExtraInfo = 0 LteVopsSupportInfo :  mVopsSupport = 1 mEmcBearerSupport = 1 } nrState=**** rRplmn= isUsingCarrierAggregation=false isNonTerrestrialNetwork=TERRESTRIAL}
12-06 23:08:28.021  2932  2932 D DPM-0   : Unable to find a data profile for [NetworkRequest [ REQUEST id=41, [ Capabilities: INTERNET&NOT_RESTRICTED&TRUSTED&NOT_VCN_MANAGED&NOT_BANDWIDTH_CONSTRAINED Uid: 10640 RequestorUid: 1000 RequestorPkg: android UnderlyingNetworks: Null] ], mPriority=20, state=UNSATISFIED, mAttachedDataNetwork=null, created time=23:08:26.922, evaluation result=null]
12-06 23:08:28.021  2932  3051 D RILJ    : [0123]< DATA_REGISTRATION_STATE {.regState = NOT_REG_MT_SEARCHING_OP, .rat = UNKNOWN, .reasonForDenial = NONE, .cellIdentity = {.noinit = {}}, .registeredPlmn = , .accessTechnologySpecificInfo = {.noinit = {}}} [PHONE1]
12-06 23:08:28.021  2932  2932 D DNC-0   : Data evaluation: evaluation reason:NEW_REQUEST, Data disallowed reasons: SIM_NOT_READY DATA_CONFIG_NOT_READY NO_SUITABLE_DATA_PROFILE NOT_IN_SERVICE SERVICE_OPTION_NOT_SUPPORTED, candidate profile=null, time=23:08:28.021, network type=UNKNOWN, reg state=UNKNOWN, [NetworkRequest [ REQUEST id=41, [ Capabilities: INTERNET&NOT_RESTRICTED&TRUSTED&NOT_VCN_MANAGED&NOT_BANDWIDTH_CONSTRAINED Uid: 10640 RequestorUid: 1000 RequestorPkg: android UnderlyingNetworks: Null] ], mPriority=20, state=UNSATISFIED, mAttachedDataNetwork=null, created time=23:08:26.922, evaluation result=Data evaluation: evaluation reason:NEW_REQUEST, Data disallowed reasons: SIM_NOT_READY DATA_CONFIG_NOT_READY NO_SUITABLE_DATA_PROFILE NOT_IN_SERVICE SERVICE_OPTION_NOT_SUPPORTED, candidate profile=null, time=23:08:28.021]
12-06 23:08:28.021  2932  2932 D DNC-0   : onAddNetworkRequest: added [NetworkRequest [ REQUEST id=43, [ Capabilities: INTERNET&NOT_RESTRICTED&TRUSTED&NOT_VCN_MANAGED&NOT_BANDWIDTH_CONSTRAINED Uid: 10639 RequestorUid: 1000 RequestorPkg: android UnderlyingNetworks: Null] ], mPriority=20, state=UNSATISFIED, mAttachedDataNetwork=null, created time=23:08:26.924, evaluation result=null]
12-06 23:08:28.022  2932  2932 D DPM-0   : Can't find any data profile that can satisfy [NetworkRequest [ REQUEST id=43, [ Capabilities: INTERNET&NOT_RESTRICTED&TRUSTED&NOT_VCN_MANAGED&NOT_BANDWIDTH_CONSTRAINED Uid: 10639 RequestorUid: 1000 RequestorPkg: android UnderlyingNetworks: Null] ], mPriority=20, state=UNSATISFIED, mAttachedDataNetwork=null, created time=23:08:26.924, evaluation result=null]
12-06 23:08:28.022  2932  2932 D DPM-0   : Unable to find a data profile for [NetworkRequest [ REQUEST id=43, [ Capabilities: INTERNET&NOT_RESTRICTED&TRUSTED&NOT_VCN_MANAGED&NOT_BANDWIDTH_CONSTRAINED Uid: 10639 RequestorUid: 1000 RequestorPkg: android UnderlyingNetworks: Null] ], mPriority=20, state=UNSATISFIED, mAttachedDataNetwork=null, created time=23:08:26.924, evaluation result=null]
12-06 23:08:28.022  2932  2932 D DNC-0   : Data evaluation: evaluation reason:NEW_REQUEST, Data disallowed reasons: SIM_NOT_READY DATA_CONFIG_NOT_READY NO_SUITABLE_DATA_PROFILE NOT_IN_SERVICE SERVICE_OPTION_NOT_SUPPORTED, candidate profile=null, time=23:08:28.022, network type=UNKNOWN, reg state=UNKNOWN, [NetworkRequest [ REQUEST id=43, [ Capabilities: INTERNET&NOT_RESTRICTED&TRUSTED&NOT_VCN_MANAGED&NOT_BANDWIDTH_CONSTRAINED Uid: 10639 RequestorUid: 1000 RequestorPkg: android UnderlyingNetworks: Null] ], mPriority=20, state=UNSATISFIED, mAttachedDataNetwork=null, created time=23:08:26.924, evaluation result=Data evaluation: evaluation reason:NEW_REQUEST, Data disallowed reasons: SIM_NOT_READY DATA_CONFIG_NOT_READY NO_SUITABLE_DATA_PROFILE NOT_IN_SERVICE SERVICE_OPTION_NOT_SUPPORTED, candidate profile=null, time=23:08:28.022]
12-06 23:08:28.022  2932  2932 D DNC-0   : onAddNetworkRequest: added [NetworkRequest [ REQUEST id=39, [ Capabilities: INTERNET&NOT_RESTRICTED&TRUSTED&NOT_VCN_MANAGED&NOT_BANDWIDTH_CONSTRAINED Uid: 10644 RequestorUid: 1000 RequestorPkg: android UnderlyingNetworks: Null] ], mPriority=20, state=UNSATISFIED, mAttachedDataNetwork=null, created time=23:08:26.919, evaluation result=null]
12-06 23:08:28.023  2932  2932 D DPM-0   : Can't find any data profile that can satisfy [NetworkRequest [ REQUEST id=39, [ Capabilities: INTERNET&NOT_RESTRICTED&TRUSTED&NOT_VCN_MANAGED&NOT_BANDWIDTH_CONSTRAINED Uid: 10644 RequestorUid: 1000 RequestorPkg: android UnderlyingNetworks: Null] ], mPriority=20, state=UNSATISFIED, mAttachedDataNetwork=null, created time=23:08:26.919, evaluation result=null]
12-06 23:08:28.023  2932  2932 D DPM-0   : Unable to find a data profile for [NetworkRequest [ REQUEST id=39, [ Capabilities: INTERNET&NOT_RESTRICTED&TRUSTED&NOT_VCN_MANAGED&NOT_BANDWIDTH_CONSTRAINED Uid: 10644 RequestorUid: 1000 RequestorPkg: android UnderlyingNetworks: Null] ], mPriority=20, state=UNSATISFIED, mAttachedDataNetwork=null, created time=23:08:26.919, evaluation result=null]
12-06 23:08:28.023  2932  2932 D DNC-0   : Data evaluation: evaluation reason:NEW_REQUEST, Data disallowed reasons: SIM_NOT_READY DATA_CONFIG_NOT_READY NO_SUITABLE_DATA_PROFILE NOT_IN_SERVICE SERVICE_OPTION_NOT_SUPPORTED, candidate profile=null, time=23:08:28.023, network type=UNKNOWN, reg state=UNKNOWN, [NetworkRequest [ REQUEST id=39, [ Capabilities: INTERNET&NOT_RESTRICTED&TRUSTED&NOT_VCN_MANAGED&NOT_BANDWIDTH_CONSTRAINED Uid: 10644 RequestorUid: 1000 RequestorPkg: android UnderlyingNetworks: Null] ], mPriority=20, state=UNSATISFIED, mAttachedDataNetwork=null, created time=23:08:26.919, evaluation result=Data evaluation: evaluation reason:NEW_REQUEST, Data disallowed reasons: SIM_NOT_READY DATA_CONFIG_NOT_READY NO_SUITABLE_DATA_PROFILE NOT_IN_SERVICE SERVICE_OPTION_NOT_SUPPORTED, candidate profile=null, time=23:08:28.023]
12-06 23:08:28.023  2932  2932 D DNC-0   : onAddNetworkRequest: added [NetworkRequest [ REQUEST id=35, [ Capabilities: INTERNET&NOT_RESTRICTED&TRUSTED&NOT_VCN_MANAGED&NOT_BANDWIDTH_CONSTRAINED Uid: 10651 RequestorUid: 1000 RequestorPkg: android UnderlyingNetworks: Null] ], mPriority=20, state=UNSATISFIED, mAttachedDataNetwork=null, created time=23:08:26.924, evaluation result=null]
12-06 23:08:28.024  2932  2932 D DPM-0   : Can't find any data profile that can satisfy [NetworkRequest [ REQUEST id=35, [ Capabilities: INTERNET&NOT_RESTRICTED&TRUSTED&NOT_VCN_MANAGED&NOT_BANDWIDTH_CONSTRAINED Uid: 10651 RequestorUid: 1000 RequestorPkg: android UnderlyingNetworks: Null] ], mPriority=20, state=UNSATISFIED, mAttachedDataNetwork=null, created time=23:08:26.923, evaluation result=null]
12-06 23:08:28.024  2932  2932 D DPM-0   : Unable to find a data profile for [NetworkRequest [ REQUEST id=35, [ Capabilities: INTERNET&NOT_RESTRICTED&TRUSTED&NOT_VCN_MANAGED&NOT_BANDWIDTH_CONSTRAINED Uid: 10651 RequestorUid: 1000 RequestorPkg: android UnderlyingNetworks: Null] ], mPriority=20, state=UNSATISFIED, mAttachedDataNetwork=null, created time=23:08:26.924, evaluation result=null]
12-06 23:08:28.024  2932  2932 D DNC-0   : Data evaluation: evaluation reason:NEW_REQUEST, Data disallowed reasons: SIM_NOT_READY DATA_CONFIG_NOT_READY NO_SUITABLE_DATA_PROFILE NOT_IN_SERVICE SERVICE_OPTION_NOT_SUPPORTED, candidate profile=null, time=23:08:28.024, network type=UNKNOWN, reg state=UNKNOWN, [NetworkRequest [ REQUEST id=35, [ Capabilities: INTERNET&NOT_RESTRICTED&TRUSTED&NOT_VCN_MANAGED&NOT_BANDWIDTH_CONSTRAINED Uid: 10651 RequestorUid: 1000 RequestorPkg: android UnderlyingNetworks: Null] ], mPriority=20, state=UNSATISFIED, mAttachedDataNetwork=null, created time=23:08:26.924, evaluation result=Data evaluation: evaluation reason:NEW_REQUEST, Data disallowed reasons: SIM_NOT_READY DATA_CONFIG_NOT_READY NO_SUITABLE_DATA_PROFILE NOT_IN_SERVICE SERVICE_OPTION_NOT_SUPPORTED, candidate profile=null, time=23:08:28.024]
12-06 23:08:28.024  2932  2932 D DNC-0   : onAddNetworkRequest: added [NetworkRequest [ REQUEST id=37, [ Capabilities: INTERNET&NOT_RESTRICTED&TRUSTED&NOT_VCN_MANAGED&NOT_BANDWIDTH_CONSTRAINED Uid: 10650 RequestorUid: 1000 RequestorPkg: android UnderlyingNetworks: Null] ], mPriority=20, state=UNSATISFIED, mAttachedDataNetwork=null, created time=23:08:26.920, evaluation result=null]
12-06 23:08:28.025  2932  2932 D DPM-0   : Can't find any data profile that can satisfy [NetworkRequest [ REQUEST id=37, [ Capabilities: INTERNET&NOT_RESTRICTED&TRUSTED&NOT_VCN_MANAGED&NOT_BANDWIDTH_CONSTRAINED Uid: 10650 RequestorUid: 1000 RequestorPkg: android UnderlyingNetworks: Null] ], mPriority=20, state=UNSATISFIED, mAttachedDataNetwork=null, created time=23:08:26.920, evaluation result=null]
12-06 23:08:28.025  2932  2932 D DPM-0   : Unable to find a data profile for [NetworkRequest [ REQUEST id=37, [ Capabilities: INTERNET&NOT_RESTRICTED&TRUSTED&NOT_VCN_MANAGED&NOT_BANDWIDTH_CONSTRAINED Uid: 10650 RequestorUid: 1000 RequestorPkg: android UnderlyingNetworks: Null] ], mPriority=20, state=UNSATISFIED, mAttachedDataNetwork=null, created time=23:08:26.920, evaluation result=null]
12-06 23:08:28.025  2932  2932 D DNC-0   : Data evaluation: evaluation reason:NEW_REQUEST, Data disallowed reasons: SIM_NOT_READY DATA_CONFIG_NOT_READY NO_SUITABLE_DATA_PROFILE NOT_IN_SERVICE SERVICE_OPTION_NOT_SUPPORTED, candidate profile=null, time=23:08:28.025, network type=UNKNOWN, reg state=UNKNOWN, [NetworkRequest [ REQUEST id=37, [ Capabilities: INTERNET&NOT_RESTRICTED&TRUSTED&NOT_VCN_MANAGED&NOT_BANDWIDTH_CONSTRAINED Uid: 10650 RequestorUid: 1000 RequestorPkg: android UnderlyingNetworks: Null] ], mPriority=20, state=UNSATISFIED, mAttachedDataNetwork=null, created time=23:08:26.920, evaluation result=Data evaluation: evaluation reason:NEW_REQUEST, Data disallowed reasons: SIM_NOT_READY DATA_CONFIG_NOT_READY NO_SUITABLE_DATA_PROFILE NOT_IN_SERVICE SERVICE_OPTION_NOT_SUPPORTED, candidate profile=null, time=23:08:28.025]
12-06 23:08:28.025  2932  2932 D DNC-0   : onAddNetworkRequest: added [NetworkRequest [ REQUEST id=33, [ Capabilities: INTERNET&NOT_RESTRICTED&TRUSTED&NOT_VCN_MANAGED&NOT_BANDWIDTH_CONSTRAINED Uid: 10725 RequestorUid: 1000 RequestorPkg: android UnderlyingNetworks: Null] ], mPriority=20, state=UNSATISFIED, mAttachedDataNetwork=null, created time=23:08:26.921, evaluation result=null]
12-06 23:08:28.026  2932  2932 D DPM-0   : Can't find any data profile that can satisfy [NetworkRequest [ REQUEST id=33, [ Capabilities: INTERNET&NOT_RESTRICTED&TRUSTED&NOT_VCN_MANAGED&NOT_BANDWIDTH_CONSTRAINED Uid: 10725 RequestorUid: 1000 RequestorPkg: android UnderlyingNetworks: Null] ], mPriority=20, state=UNSATISFIED, mAttachedDataNetwork=null, created time=23:08:26.920, evaluation result=null]
12-06 23:08:28.026  2932  2932 D DPM-0   : Unable to find a data profile for [NetworkRequest [ REQUEST id=33, [ Capabilities: INTERNET&NOT_RESTRICTED&TRUSTED&NOT_VCN_MANAGED&NOT_BANDWIDTH_CONSTRAINED Uid: 10725 RequestorUid: 1000 RequestorPkg: android UnderlyingNetworks: Null] ], mPriority=20, state=UNSATISFIED, mAttachedDataNetwork=null, created time=23:08:26.921, evaluation result=null]
12-06 23:08:28.026  2932  2932 D DNC-0   : Data evaluation: evaluation reason:NEW_REQUEST, Data disallowed reasons: SIM_NOT_READY DATA_CONFIG_NOT_READY NO_SUITABLE_DATA_PROFILE NOT_IN_SERVICE SERVICE_OPTION_NOT_SUPPORTED, candidate profile=null, time=23:08:28.026, network type=UNKNOWN, reg state=UNKNOWN, [NetworkRequest [ REQUEST id=33, [ Capabilities: INTERNET&NOT_RESTRICTED&TRUSTED&NOT_VCN_MANAGED&NOT_BANDWIDTH_CONSTRAINED Uid: 10725 RequestorUid: 1000 RequestorPkg: android UnderlyingNetworks: Null] ], mPriority=20, state=UNSATISFIED, mAttachedDataNetwork=null, created time=23:08:26.921, evaluation result=Data evaluation: evaluation reason:NEW_REQUEST, Data disallowed reasons: SIM_NOT_READY DATA_CONFIG_NOT_READY NO_SUITABLE_DATA_PROFILE NOT_IN_SERVICE SERVICE_OPTION_NOT_SUPPORTED, candidate profile=null, time=23:08:28.026]
12-06 23:08:28.026  2932  2932 D DNC-0   : onAddNetworkRequest: added [NetworkRequest [ REQUEST id=31, [ Capabilities: INTERNET&NOT_RESTRICTED&TRUSTED&NOT_VCN_MANAGED&NOT_BANDWIDTH_CONSTRAINED Uid: 10730 RequestorUid: 1000 RequestorPkg: android UnderlyingNetworks: Null] ], mPriority=20, state=UNSATISFIED, mAttachedDataNetwork=null, created time=23:08:26.922, evaluation result=null]
12-06 23:08:28.026  2932  2932 D DPM-0   : Can't find any data profile that can satisfy [NetworkRequest [ REQUEST id=31, [ Capabilities: INTERNET&NOT_RESTRICTED&TRUSTED&NOT_VCN_MANAGED&NOT_BANDWIDTH_CONSTRAINED Uid: 10730 RequestorUid: 1000 RequestorPkg: android UnderlyingNetworks: Null] ], mPriority=20, state=UNSATISFIED, mAttachedDataNetwork=null, created time=23:08:26.921, evaluation result=null]
12-06 23:08:28.026  2932  2932 D DPM-0   : Unable to find a data profile for [NetworkRequest [ REQUEST id=31, [ Capabilities: INTERNET&NOT_RESTRICTED&TRUSTED&NOT_VCN_MANAGED&NOT_BANDWIDTH_CONSTRAINED Uid: 10730 RequestorUid: 1000 RequestorPkg: android UnderlyingNetworks: Null] ], mPriority=20, state=UNSATISFIED, mAttachedDataNetwork=null, created time=23:08:26.921, evaluation result=null]
12-06 23:08:28.027  2932  2932 D DNC-0   : Data evaluation: evaluation reason:NEW_REQUEST, Data disallowed reasons: SIM_NOT_READY DATA_CONFIG_NOT_READY NO_SUITABLE_DATA_PROFILE NOT_IN_SERVICE SERVICE_OPTION_NOT_SUPPORTED, candidate profile=null, time=23:08:28.026, network type=UNKNOWN, reg state=UNKNOWN, [NetworkRequest [ REQUEST id=31, [ Capabilities: INTERNET&NOT_RESTRICTED&TRUSTED&NOT_VCN_MANAGED&NOT_BANDWIDTH_CONSTRAINED Uid: 10730 RequestorUid: 1000 RequestorPkg: android UnderlyingNetworks: Null] ], mPriority=20, state=UNSATISFIED, mAttachedDataNetwork=null, created time=23:08:26.922, evaluation result=Data evaluation: evaluation reason:NEW_REQUEST, Data disallowed reasons: SIM_NOT_READY DATA_CONFIG_NOT_READY NO_SUITABLE_DATA_PROFILE NOT_IN_SERVICE SERVICE_OPTION_NOT_SUPPORTED, candidate profile=null, time=23:08:28.026]
12-06 23:08:28.027  2932  2932 D DNC-0   : onAddNetworkRequest: added [NetworkRequest [ REQUEST id=29, [ Capabilities: INTERNET&NOT_RESTRICTED&TRUSTED&NOT_VCN_MANAGED&NOT_BANDWIDTH_CONSTRAINED Uid: 10738 RequestorUid: 1000 RequestorPkg: android UnderlyingNetworks: Null] ], mPriority=20, state=UNSATISFIED, mAttachedDataNetwork=null, created time=23:08:26.924, evaluation result=null]
12-06 23:08:28.027  2932  2932 D DPM-0   : Can't find any data profile that can satisfy [NetworkRequest [ REQUEST id=29, [ Capabilities: INTERNET&NOT_RESTRICTED&TRUSTED&NOT_VCN_MANAGED&NOT_BANDWIDTH_CONSTRAINED Uid: 10738 RequestorUid: 1000 RequestorPkg: android UnderlyingNetworks: Null] ], mPriority=20, state=UNSATISFIED, mAttachedDataNetwork=null, created time=23:08:26.924, evaluation result=null]
12-06 23:08:28.027  2932  2932 D DPM-0   : Unable to find a data profile for [NetworkRequest [ REQUEST id=29, [ Capabilities: INTERNET&NOT_RESTRICTED&TRUSTED&NOT_VCN_MANAGED&NOT_BANDWIDTH_CONSTRAINED Uid: 10738 RequestorUid: 1000 RequestorPkg: android UnderlyingNetworks: Null] ], mPriority=20, state=UNSATISFIED, mAttachedDataNetwork=null, created time=23:08:26.923, evaluation result=null]
12-06 23:08:28.028  2932  2932 D DNC-0   : Data evaluation: evaluation reason:NEW_REQUEST, Data disallowed reasons: SIM_NOT_READY DATA_CONFIG_NOT_READY NO_SUITABLE_DATA_PROFILE NOT_IN_SERVICE SERVICE_OPTION_NOT_SUPPORTED, candidate profile=null, time=23:08:28.027, network type=UNKNOWN, reg state=UNKNOWN, [NetworkRequest [ REQUEST id=29, [ Capabilities: INTERNET&NOT_RESTRICTED&TRUSTED&NOT_VCN_MANAGED&NOT_BANDWIDTH_CONSTRAINED Uid: 10738 RequestorUid: 1000 RequestorPkg: android UnderlyingNetworks: Null] ], mPriority=20, state=UNSATISFIED, mAttachedDataNetwork=null, created time=23:08:26.924, evaluation result=Data evaluation: evaluation reason:NEW_REQUEST, Data disallowed reasons: SIM_NOT_READY DATA_CONFIG_NOT_READY NO_SUITABLE_DATA_PROFILE NOT_IN_SERVICE SERVICE_OPTION_NOT_SUPPORTED, candidate profile=null, time=23:08:28.027]
12-06 23:08:28.029  2932  2932 D DNC-0   : onAddNetworkRequest: added [NetworkRequest [ REQUEST id=61, [ Capabilities: INTERNET&NOT_RESTRICTED&TRUSTED&NOT_VCN_MANAGED&NOT_BANDWIDTH_CONSTRAINED Uid: 10719 RequestorUid: 1000 RequestorPkg: android UnderlyingNetworks: Null] ], mPriority=20, state=UNSATISFIED, mAttachedDataNetwork=null, created time=23:08:26.921, evaluation result=null]
12-06 23:08:28.030  2932  2932 D DPM-0   : Can't find any data profile that can satisfy [NetworkRequest [ REQUEST id=61, [ Capabilities: INTERNET&NOT_RESTRICTED&TRUSTED&NOT_VCN_MANAGED&NOT_BANDWIDTH_CONSTRAINED Uid: 10719 RequestorUid: 1000 RequestorPkg: android UnderlyingNetworks: Null] ], mPriority=20, state=UNSATISFIED, mAttachedDataNetwork=null, created time=23:08:26.921, evaluation result=null]
12-06 23:08:28.031  2932  2932 D DPM-0   : Unable to find a data profile for [NetworkRequest [ REQUEST id=61, [ Capabilities: INTERNET&NOT_RESTRICTED&TRUSTED&NOT_VCN_MANAGED&NOT_BANDWIDTH_CONSTRAINED Uid: 10719 RequestorUid: 1000 RequestorPkg: android UnderlyingNetworks: Null] ], mPriority=20, state=UNSATISFIED, mAttachedDataNetwork=null, created time=23:08:26.920, evaluation result=null]
12-06 23:08:28.031  2932  2932 D DNC-0   : Data evaluation: evaluation reason:NEW_REQUEST, Data disallowed reasons: SIM_NOT_READY DATA_CONFIG_NOT_READY NO_SUITABLE_DATA_PROFILE NOT_IN_SERVICE SERVICE_OPTION_NOT_SUPPORTED, candidate profile=null, time=23:08:28.031, network type=UNKNOWN, reg state=UNKNOWN, [NetworkRequest [ REQUEST id=61, [ Capabilities: INTERNET&NOT_RESTRICTED&TRUSTED&NOT_VCN_MANAGED&NOT_BANDWIDTH_CONSTRAINED Uid: 10719 RequestorUid: 1000 RequestorPkg: android UnderlyingNetworks: Null] ], mPriority=20, state=UNSATISFIED, mAttachedDataNetwork=null, created time=23:08:26.921, evaluation result=Data evaluation: evaluation reason:NEW_REQUEST, Data disallowed reasons: SIM_NOT_READY DATA_CONFIG_NOT_READY NO_SUITABLE_DATA_PROFILE NOT_IN_SERVICE SERVICE_OPTION_NOT_SUPPORTED, candidate profile=null, time=23:08:28.031]
12-06 23:08:28.031  2932  2932 D DNC-0   : onAddNetworkRequest: added [NetworkRequest [ REQUEST id=27, [ Capabilities: INTERNET&NOT_RESTRICTED&TRUSTED&NOT_VCN_MANAGED&NOT_BANDWIDTH_CONSTRAINED Uid: 10748 RequestorUid: 1000 RequestorPkg: android UnderlyingNetworks: Null] ], mPriority=20, state=UNSATISFIED, mAttachedDataNetwork=null, created time=23:08:26.923, evaluation result=null]
12-06 23:08:28.032  2932  2932 D DPM-0   : Can't find any data profile that can satisfy [NetworkRequest [ REQUEST id=27, [ Capabilities: INTERNET&NOT_RESTRICTED&TRUSTED&NOT_VCN_MANAGED&NOT_BANDWIDTH_CONSTRAINED Uid: 10748 RequestorUid: 1000 RequestorPkg: android UnderlyingNetworks: Null] ], mPriority=20, state=UNSATISFIED, mAttachedDataNetwork=null, created time=23:08:26.923, evaluation result=null]
12-06 23:08:28.033  2932  2932 D DPM-0   : Unable to find a data profile for [NetworkRequest [ REQUEST id=27, [ Capabilities: INTERNET&NOT_RESTRICTED&TRUSTED&NOT_VCN_MANAGED&NOT_BANDWIDTH_CONSTRAINED Uid: 10748 RequestorUid: 1000 RequestorPkg: android UnderlyingNetworks: Null] ], mPriority=20, state=UNSATISFIED, mAttachedDataNetwork=null, created time=23:08:26.924, evaluation result=null]
12-06 23:08:28.033  2932  2932 D DNC-0   : Data evaluation: evaluation reason:NEW_REQUEST, Data disallowed reasons: SIM_NOT_READY DATA_CONFIG_NOT_READY NO_SUITABLE_DATA_PROFILE NOT_IN_SERVICE SERVICE_OPTION_NOT_SUPPORTED, candidate profile=null, time=23:08:28.033, network type=UNKNOWN, reg state=UNKNOWN, [NetworkRequest [ REQUEST id=27, [ Capabilities: INTERNET&NOT_RESTRICTED&TRUSTED&NOT_VCN_MANAGED&NOT_BANDWIDTH_CONSTRAINED Uid: 10748 RequestorUid: 1000 RequestorPkg: android UnderlyingNetworks: Null] ], mPriority=20, state=UNSATISFIED, mAttachedDataNetwork=null, created time=23:08:26.924, evaluation result=Data evaluation: evaluation reason:NEW_REQUEST, Data disallowed reasons: SIM_NOT_READY DATA_CONFIG_NOT_READY NO_SUITABLE_DATA_PROFILE NOT_IN_SERVICE SERVICE_OPTION_NOT_SUPPORTED, candidate profile=null, time=23:08:28.033]
12-06 23:08:28.034  2932  2932 D DNC-0   : onAddNetworkRequest: added [NetworkRequest [ REQUEST id=25, [ Capabilities: INTERNET&NOT_RESTRICTED&TRUSTED&NOT_VCN_MANAGED&NOT_BANDWIDTH_CONSTRAINED Uid: 10754 RequestorUid: 1000 RequestorPkg: android UnderlyingNetworks: Null] ], mPriority=20, state=UNSATISFIED, mAttachedDataNetwork=null, created time=23:08:26.922, evaluation result=null]
12-06 23:08:28.035  2932  2932 D DPM-0   : Can't find any data profile that can satisfy [NetworkRequest [ REQUEST id=25, [ Capabilities: INTERNET&NOT_RESTRICTED&TRUSTED&NOT_VCN_MANAGED&NOT_BANDWIDTH_CONSTRAINED Uid: 10754 RequestorUid: 1000 RequestorPkg: android UnderlyingNetworks: Null] ], mPriority=20, state=UNSATISFIED, mAttachedDataNetwork=null, created time=23:08:26.922, evaluation result=null]
12-06 23:08:28.035  2932  2932 D DPM-0   : Unable to find a data profile for [NetworkRequest [ REQUEST id=25, [ Capabilities: INTERNET&NOT_RESTRICTED&TRUSTED&NOT_VCN_MANAGED&NOT_BANDWIDTH_CONSTRAINED Uid: 10754 RequestorUid: 1000 RequestorPkg: android UnderlyingNetworks: Null] ], mPriority=20, state=UNSATISFIED, mAttachedDataNetwork=null, created time=23:08:26.923, evaluation result=null]
12-06 23:08:28.035  2932  2932 D DNC-0   : Data evaluation: evaluation reason:NEW_REQUEST, Data disallowed reasons: SIM_NOT_READY DATA_CONFIG_NOT_READY NO_SUITABLE_DATA_PROFILE NOT_IN_SERVICE SERVICE_OPTION_NOT_SUPPORTED, candidate profile=null, time=23:08:28.035, network type=UNKNOWN, reg state=UNKNOWN, [NetworkRequest [ REQUEST id=25, [ Capabilities: INTERNET&NOT_RESTRICTED&TRUSTED&NOT_VCN_MANAGED&NOT_BANDWIDTH_CONSTRAINED Uid: 10754 RequestorUid: 1000 RequestorPkg: android UnderlyingNetworks: Null] ], mPriority=20, state=UNSATISFIED, mAttachedDataNetwork=null, created time=23:08:26.923, evaluation result=Data evaluation: evaluation reason:NEW_REQUEST, Data disallowed reasons: SIM_NOT_READY DATA_CONFIG_NOT_READY NO_SUITABLE_DATA_PROFILE NOT_IN_SERVICE SERVICE_OPTION_NOT_SUPPORTED, candidate profile=null, time=23:08:28.035]
12-06 23:08:28.036  2932  2932 D DNC-0   : onAddNetworkRequest: added [NetworkRequest [ REQUEST id=23, [ Capabilities: INTERNET&NOT_RESTRICTED&TRUSTED&NOT_VCN_MANAGED&NOT_BANDWIDTH_CONSTRAINED Uid: 10757 RequestorUid: 1000 RequestorPkg: android UnderlyingNetworks: Null] ], mPriority=20, state=UNSATISFIED, mAttachedDataNetwork=null, created time=23:08:26.922, evaluation result=null]
12-06 23:08:28.037  2932  2932 D DPM-0   : Can't find any data profile that can satisfy [NetworkRequest [ REQUEST id=23, [ Capabilities: INTERNET&NOT_RESTRICTED&TRUSTED&NOT_VCN_MANAGED&NOT_BANDWIDTH_CONSTRAINED Uid: 10757 RequestorUid: 1000 RequestorPkg: android UnderlyingNetworks: Null] ], mPriority=20, state=UNSATISFIED, mAttachedDataNetwork=null, created time=23:08:26.922, evaluation result=null]
12-06 23:08:28.037  2932  2932 D DPM-0   : Unable to find a data profile for [NetworkRequest [ REQUEST id=23, [ Capabilities: INTERNET&NOT_RESTRICTED&TRUSTED&NOT_VCN_MANAGED&NOT_BANDWIDTH_CONSTRAINED Uid: 10757 RequestorUid: 1000 RequestorPkg: android UnderlyingNetworks: Null] ], mPriority=20, state=UNSATISFIED, mAttachedDataNetwork=null, created time=23:08:26.922, evaluation result=null]
12-06 23:08:28.037  2932  2932 D DNC-0   : Data evaluation: evaluation reason:NEW_REQUEST, Data disallowed reasons: SIM_NOT_READY DATA_CONFIG_NOT_READY NO_SUITABLE_DATA_PROFILE NOT_IN_SERVICE SERVICE_OPTION_NOT_SUPPORTED, candidate profile=null, time=23:08:28.037, network type=UNKNOWN, reg state=UNKNOWN, [NetworkRequest [ REQUEST id=23, [ Capabilities: INTERNET&NOT_RESTRICTED&TRUSTED&NOT_VCN_MANAGED&NOT_BANDWIDTH_CONSTRAINED Uid: 10757 RequestorUid: 1000 RequestorPkg: android UnderlyingNetworks: Null] ], mPriority=20, state=UNSATISFIED, mAttachedDataNetwork=null, created time=23:08:26.921, evaluation result=Data evaluation: evaluation reason:NEW_REQUEST, Data disallowed reasons: SIM_NOT_READY DATA_CONFIG_NOT_READY NO_SUITABLE_DATA_PROFILE NOT_IN_SERVICE SERVICE_OPTION_NOT_SUPPORTED, candidate profile=null, time=23:08:28.037]
12-06 23:08:28.038  2932  2932 D DNC-0   : onAddNetworkRequest: added [NetworkRequest [ REQUEST id=21, [ Capabilities: INTERNET&NOT_RESTRICTED&TRUSTED&NOT_VCN_MANAGED&NOT_BANDWIDTH_CONSTRAINED Uid: 10761 RequestorUid: 1000 RequestorPkg: android UnderlyingNetworks: Null] ], mPriority=20, state=UNSATISFIED, mAttachedDataNetwork=null, created time=23:08:26.916, evaluation result=null]
12-06 23:08:28.039  2932  2932 D DPM-0   : Can't find any data profile that can satisfy [NetworkRequest [ REQUEST id=21, [ Capabilities: INTERNET&NOT_RESTRICTED&TRUSTED&NOT_VCN_MANAGED&NOT_BANDWIDTH_CONSTRAINED Uid: 10761 RequestorUid: 1000 RequestorPkg: android UnderlyingNetworks: Null] ], mPriority=20, state=UNSATISFIED, mAttachedDataNetwork=null, created time=23:08:26.916, evaluation result=null]
12-06 23:08:28.039  2932  2932 D DPM-0   : Unable to find a data profile for [NetworkRequest [ REQUEST id=21, [ Capabilities: INTERNET&NOT_RESTRICTED&TRUSTED&NOT_VCN_MANAGED&NOT_BANDWIDTH_CONSTRAINED Uid: 10761 RequestorUid: 1000 RequestorPkg: android UnderlyingNetworks: Null] ], mPriority=20, state=UNSATISFIED, mAttachedDataNetwork=null, created time=23:08:26.916, evaluation result=null]
12-06 23:08:28.040  2932  2932 D DNC-0   : Data evaluation: evaluation reason:NEW_REQUEST, Data disallowed reasons: SIM_NOT_READY DATA_CONFIG_NOT_READY NO_SUITABLE_DATA_PROFILE NOT_IN_SERVICE SERVICE_OPTION_NOT_SUPPORTED, candidate profile=null, time=23:08:28.039, network type=UNKNOWN, reg state=UNKNOWN, [NetworkRequest [ REQUEST id=21, [ Capabilities: INTERNET&NOT_RESTRICTED&TRUSTED&NOT_VCN_MANAGED&NOT_BANDWIDTH_CONSTRAINED Uid: 10761 RequestorUid: 1000 RequestorPkg: android UnderlyingNetworks: Null] ], mPriority=20, state=UNSATISFIED, mAttachedDataNetwork=null, created time=23:08:26.915, evaluation result=Data evaluation: evaluation reason:NEW_REQUEST, Data disallowed reasons: SIM_NOT_READY DATA_CONFIG_NOT_READY NO_SUITABLE_DATA_PROFILE NOT_IN_SERVICE SERVICE_OPTION_NOT_SUPPORTED, candidate profile=null, time=23:08:28.039]
