--------- beginning of main
10-30 20:51:53.477  5121  5745 I Finsky  : [63] com.free.vpn.super.hotspot.open: Account from first account - [P_2Ax9sqLNR1hBu6ZzCUHVJWgw95PomCrEBeeuOnQ5s]
10-30 20:51:53.478  5121  5745 I Finsky  : [63] Billing preferred account via installer for com.free.vpn.super.hotspot.open: [P_2Ax9sqLNR1hBu6ZzCUHVJWgw95PomCrEBeeuOnQ5s]
10-30 20:51:53.484   669   669 I hwservicemanager: getTransport: Cannot find entry vendor.qti.hardware.servicetracker@1.0::IServicetracker/default in either framework or device VINTF manifest.
10-30 20:51:53.484  9665  9745 I Gralloc4: Adding additional valid usage bits: 0x546c08202000
10-30 20:51:53.486  9741  9741 W droid.apps.docs: Failed to find entry 'classes.dex': Entry not found
10-30 20:51:53.486  9741  9741 W droid.apps.docs: Failed to find entry 'classes.dex': Entry not found
10-30 20:51:53.486  9741  9741 W droid.apps.docs: Failed to find entry 'classes.dex': Entry not found
10-30 20:51:53.487  9665  9794 I AdrenoGLES-0: QUALCOMM build                   : db3d445dbc, Ia06b22fa1a
10-30 20:51:53.487  9665  9794 I AdrenoGLES-0: Build Date                       : 10/04/21
10-30 20:51:53.487  9665  9794 I AdrenoGLES-0: OpenGL ES Shader Compiler Version: EV031.32.02.16
10-30 20:51:53.487  9665  9794 I AdrenoGLES-0: Local Branch                     : 
10-30 20:51:53.487  9665  9794 I AdrenoGLES-0: Remote Branch                    : 
10-30 20:51:53.487  9665  9794 I AdrenoGLES-0: Remote Branch                    : 
10-30 20:51:53.487  9665  9794 I AdrenoGLES-0: Reconstruct Branch               : 
10-30 20:51:53.487  9665  9794 I AdrenoGLES-0: Build Config                     : S P 10.0.7 AArch64
10-30 20:51:53.487  9665  9794 I AdrenoGLES-0: Driver Path                      : /vendor/lib64/egl/libGLESv2_adreno.so
10-30 20:51:53.488  9741  9741 D nativeloader: Configuring clns-9 for other apk /data/app/~~02tetgIUPKl82ryWfj9gFA==/com.google.android.apps.docs-qJ5M_xuWmzVGn7MwNU5oqg==/base.apk:/data/app/~~02tetgIUPKl82ryWfj9gFA==/com.google.android.apps.docs-qJ5M_xuWmzVGn7MwNU5oqg==/split_config.arm64_v8a.apk:/data/app/~~02tetgIUPKl82ryWfj9gFA==/com.google.android.apps.docs-qJ5M_xuWmzVGn7MwNU5oqg==/split_config.es.apk:/data/app/~~02tetgIUPKl82ryWfj9gFA==/com.google.android.apps.docs-qJ5M_xuWmzVGn7MwNU5oqg==/split_config.xxhdpi.apk. target_sdk_version=36, uses_libraries=, library_path=/data/app/~~02tetgIUPKl82ryWfj9gFA==/com.google.android.apps.docs-qJ5M_xuWmzVGn7MwNU5oqg==/lib/arm64:/data/app/~~02tetgIUPKl82ryWfj9gFA==/com.google.android.apps.docs-qJ5M_xuWmzVGn7MwNU5oqg==/base.apk!/lib/arm64-v8a:/data/app/~~02tetgIUPKl82ryWfj9gFA==/com.google.android.apps.docs-qJ5M_xuWmzVGn7MwNU5oqg==/split_config.arm64_v8a.apk!/lib/arm64-v8a:/data/app/~~02tetgIUPKl82ryWfj9gFA==/com.google.android.apps.docs-qJ5M_xuWmzVGn7MwNU5oqg==/split_config.es.apk!/lib/arm64-v8a:/data/app/~~02tet
10-30 20:51:53.491  9665  9794 I AdrenoGLES-0: PFP: 0x016dd093, ME: 0x00000000
10-30 20:51:53.496  9741  9741 I droid.apps.docs: AssetManager2(0xb400007ca1dd5518) locale list changing from [] to [es-ES]
10-30 20:51:53.499  9741  9741 E BoostFramework: BoostFramework() : Exception_1 = java.lang.ClassNotFoundException: com.qualcomm.qti.Performance
10-30 20:51:53.499  9741  9741 E BoostFramework: BoostFramework() Ux Perf: Exception = java.lang.ClassNotFoundException: com.qualcomm.qti.UxPerformance
10-30 20:51:53.499  3573  3637 I .apps.wellbeing: AssetManager2(0xb400007ca1e0bcf8) locale list changing from [] to [es-ES]
10-30 20:51:53.502  9741  9741 V GraphicsEnvironment: Currently set values for:
10-30 20:51:53.502  9741  9741 V GraphicsEnvironment:   angle_gl_driver_selection_pkgs=[com.android.angle, com.linecorp.b612.android, com.campmobile.snow, com.google.android.apps.tachyon]
10-30 20:51:53.502  9741  9741 V GraphicsEnvironment:   angle_gl_driver_selection_values=[angle, native, native, native]
10-30 20:51:53.502  9741  9741 V GraphicsEnvironment: com.google.android.apps.docs is not listed in per-application setting
10-30 20:51:53.502  9741  9741 V GraphicsEnvironment: ANGLE allowlist from config: 
10-30 20:51:53.502  9741  9741 V GraphicsEnvironment: com.google.android.apps.docs is not listed in ANGLE allowlist or settings, returning default
10-30 20:51:53.502  9741  9741 V GraphicsEnvironment: Neither updatable production driver nor prerelease driver is supported.
10-30 20:51:53.505  3573  3637 I .apps.wellbeing: AssetManager2(0xb400007ca1e07518) locale list changing from [] to [es-ES]
10-30 20:51:53.518   667   667 I lowmemorykiller: Kill 'com.alibaba.aliexpresshd:channel' (8328), uid 10723, oom_score_adj 905 to free 196724kB rss, 2872kB swap; reason: low watermark is breached
10-30 20:51:53.518  4156  6845 D BluetoothGatt: setCharacteristicNotification() - uuid: 00000016-0000-3512-2118-0009af100700 enable: true
10-30 20:51:53.550  9665  9710 E FBAudienceNetwork: Can't load Audience Network Dex. Please, check that audience_network.dex is inside of assets folder.
10-30 20:51:53.550  9665  9710 E FBAudienceNetwork: java.io.FileNotFoundException: audience_network.dex
10-30 20:51:53.550  9665  9710 E FBAudienceNetwork: 	at android.content.res.AssetManager.nativeOpenAsset(Native Method)
10-30 20:51:53.550  9665  9710 E FBAudienceNetwork: 	at android.content.res.AssetManager.open(AssetManager.java:1018)
10-30 20:51:53.550  9665  9710 E FBAudienceNetwork: 	at android.content.res.AssetManager.open(AssetManager.java:995)
10-30 20:51:53.550  9665  9710 E FBAudienceNetwork: 	at com.facebook.ads.internal.dynamicloading.DynamicLoaderFactory.createInMemoryClassLoader(Unknown Source:49)
10-30 20:51:53.550  9665  9710 E FBAudienceNetwork: 	at com.facebook.ads.internal.dynamicloading.DynamicLoaderFactory.makeAdsSdkClassLoader(Unknown Source:6)
10-30 20:51:53.550  9665  9710 E FBAudienceNetwork: 	at com.facebook.ads.internal.dynamicloading.DynamicLoaderFactory.doMakeLoader(Unknown Source:35)
10-30 20:51:53.550  9665  9710 E FBAudienceNetwork: 	at com.facebook.ads.internal.dynamicloading.DynamicLoaderFactory.access$000(Unknown Source:0)
10-30 20:51:53.550  9665  9710 E FBAudienceNetwork: 	at com.facebook.ads.internal.dynamicloading.DynamicLoaderFactory$a.run(Unknown Source:17)
10-30 20:51:53.550  9665  9710 E FBAudienceNetwork: 	at java.lang.Thread.run(Thread.java:1119)
10-30 20:51:53.553  1087  3251 I vendor.qti.bluetooth@1.0-ibs_handler: ProcessIbsCmd: Received IBS_WAKE_IND: 0xFD
10-30 20:51:53.553  1087  3251 I vendor.qti.bluetooth@1.0-ibs_handler: ProcessIbsCmd: Writing IBS_WAKE_ACK
10-30 20:51:53.562  9665  9798 I FirebaseApp: Device unlocked: initializing all Firebase APIs for app ONESIGNAL_SDK_FCM_APP_NAME
10-30 20:51:53.565   669   669 I hwservicemanager: getTransport: Cannot find entry vendor.qti.hardware.servicetracker@1.0::IServicetracker/default in either framework or device VINTF manifest.
10-30 20:51:53.586   669   669 I hwservicemanager: getTransport: Cannot find entry vendor.qti.hardware.servicetracker@1.0::IServicetracker/default in either framework or device VINTF manifest.
--------- beginning of system
10-30 20:51:53.589  1828  1843 I ActivityManager: Process com.alibaba.aliexpresshd:channel (pid 8328) has died: cch+5 CEM 
10-30 20:51:53.589  1828  2456 D ConnectivityService: releasing NetworkRequest [ REQUEST id=292, [ Capabilities: INTERNET&NOT_RESTRICTED&TRUSTED&NOT_VCN_MANAGED&NOT_BANDWIDTH_CONSTRAINED Uid: 10723 RequestorUid: 10723 RequestorPkg: com.alibaba.aliexpresshd UnderlyingNetworks: Null] ] (release request)
10-30 20:51:53.589  1828  2456 D ConnectivityService: releasing NetworkRequest [ REQUEST id=321, [ Transports: CELLULAR Capabilities: INTERNET&NOT_RESTRICTED&TRUSTED&NOT_VPN&NOT_VCN_MANAGED&NOT_BANDWIDTH_CONSTRAINED Uid: 10723 RequestorUid: 10723 RequestorPkg: com.alibaba.aliexpresshd UnderlyingNetworks: Null] ] (release request)
10-30 20:51:53.590   669   669 I hwservicemanager: getTransport: Cannot find entry vendor.qti.hardware.servicetracker@1.0::IServicetracker/default in either framework or device VINTF manifest.
10-30 20:51:53.590  1828  2456 I ConnectivityService: Update capabilities for net 101 : -FOREGROUND
10-30 20:51:53.590   929   929 I Zygote  : Process 8328 exited due to signal 9 (Killed)
10-30 20:51:53.591   669   669 I hwservicemanager: getTransport: Cannot find entry vendor.qti.hardware.servicetracker@1.0::IServicetracker/default in either framework or device VINTF manifest.
10-30 20:51:53.591   669   669 I hwservicemanager: getTransport: Cannot find entry vendor.qti.hardware.servicetracker@1.0::IServicetracker/default in either framework or device VINTF manifest.
10-30 20:51:53.594  3966  3966 V SoterService: onDestroy
10-30 20:51:53.597  1828  1861 I libprocessgroup: Removed cgroup /sys/fs/cgroup/apps/uid_10723/pid_8328
10-30 20:51:53.602  1828  1858 W ActivityManager: Rescheduling restart of crashed service cn.wps.moffice_eng/com.google.android.gms.tagmanager.TagManagerService in 9450ms for mem-pressure-event
10-30 20:51:53.602  1828  1858 W ActivityManager: Rescheduling restart of crashed service cn.wps.moffice_eng/cn.wps.moffice.main.cloud.roaming.service.WPSQingService in 29450ms for mem-pressure-event
10-30 20:51:53.602  1828  2456 D InetDiagMessage: Destroyed 0 sockets, proto=IPPROTO_TCP, family=AF_INET, states=14
10-30 20:51:53.603  1828  2456 D InetDiagMessage: Destroyed 0 sockets, proto=IPPROTO_TCP, family=AF_INET6, states=14
10-30 20:51:53.603  1828  2456 D InetDiagMessage: Destroyed live tcp sockets for uids={10723} in 2ms
10-30 20:51:53.604  1828  2456 D InetDiagMessage: Destroyed 0 sockets, proto=IPPROTO_TCP, family=AF_INET, states=14
10-30 20:51:53.605  1828  2456 D InetDiagMessage: Destroyed 0 sockets, proto=IPPROTO_TCP, family=AF_INET6, states=14
10-30 20:51:53.605  1828  2456 D InetDiagMessage: Destroyed live tcp sockets for uids={20723} in 2ms
10-30 20:51:53.612  9741  9741 W droid.apps.docs: Method void qyo.c(android.app.Activity) failed lock verification and will run slower.
10-30 20:51:53.612  9741  9741 W droid.apps.docs: Common causes for lock verification issues are non-optimized dex code
10-30 20:51:53.612  9741  9741 W droid.apps.docs: and incorrect proguard optimizations.
10-30 20:51:53.622   669   669 I hwservicemanager: getTransport: Cannot find entry vendor.qti.hardware.servicetracker@1.0::IServicetracker/default in either framework or device VINTF manifest.
10-30 20:51:53.624  9394  9722 I SyncManagerImpl: Running synclets: []
10-30 20:51:53.625  9394  9722 I SyncManagerImpl: #sync() complete
10-30 20:51:53.625  9394  9420 I SyncManagerImpl: Completed sync. Scheduling next wakeup
10-30 20:51:53.625  9394  9420 I SyncWorkManagerOneTimeS: Scheduling next onetime WorkManager workers
10-30 20:51:53.625  9741  9811 D nativeloader: Load /data/app/~~02tetgIUPKl82ryWfj9gFA==/com.google.android.apps.docs-qJ5M_xuWmzVGn7MwNU5oqg==/split_config.arm64_v8a.apk!/lib/arm64-v8a/libnative_crash_handler_jni.so using class loader ns clns-9 (caller=/data/app/~~02tetgIUPKl82ryWfj9gFA==/com.google.android.apps.docs-qJ5M_xuWmzVGn7MwNU5oqg==/base.apk!classes2.dex): ok
10-30 20:51:53.627   669   669 I hwservicemanager: getTransport: Cannot find entry vendor.qti.hardware.servicetracker@1.0::IServicetracker/default in either framework or device VINTF manifest.
10-30 20:51:53.633   669   669 I hwservicemanager: getTransport: Cannot find entry vendor.qti.hardware.servicetracker@1.0::IServicetracker/default in either framework or device VINTF manifest.
10-30 20:51:53.634  9741  9823 E DocsApplication: from onCreate Completable for sending summary about blocked SyncRequests
10-30 20:51:53.634  9741  9823 E DocsApplication: java.lang.IllegalStateException
10-30 20:51:53.634  9741  9823 E DocsApplication: 	at hao.i(PG:64)
10-30 20:51:53.634  9741  9823 E DocsApplication: 	at gnl.lambda$onCreate$2(PG:281)
10-30 20:51:53.634  9741  9823 E DocsApplication: 	at gnl.$r8$lambda$M-tqsz8QJK2QrqieVTlg-c3Lhbo(PG:1)
10-30 20:51:53.634  9741  9823 E DocsApplication: 	at gni.run(PG:290)
10-30 20:51:53.634  9741  9823 E DocsApplication: 	at zto.d(PG:13)
10-30 20:51:53.634  9741  9823 E DocsApplication: 	at zrc.e(PG:3)
10-30 20:51:53.634  9741  9823 E DocsApplication: 	at ztw$a.run(PG:3)
10-30 20:51:53.634  9741  9823 E DocsApplication: 	at zrm$a.run(PG:10)
10-30 20:51:53.634  9741  9823 E DocsApplication: 	at zxl.run(PG:14)
10-30 20:51:53.634  9741  9823 E DocsApplication: 	at zxl.call(PG:1)
10-30 20:51:53.634  9741  9823 E DocsApplication: 	at java.util.concurrent.FutureTask.run(FutureTask.java:317)
10-30 20:51:53.634  9741  9823 E DocsApplication: 	at java.util.concurrent.ScheduledThreadPoolExecutor$ScheduledFutureTask.run(ScheduledThreadPoolExecutor.java:348)
10-30 20:51:53.634  9741  9823 E DocsApplication: 	at java.util.concurrent.ThreadPoolExecutor.runWorker(ThreadPoolExecutor.java:1156)
10-30 20:51:53.634  9741  9823 E DocsApplication: 	at java.util.concurrent.ThreadPoolExecutor$Worker.run(ThreadPoolExecutor.java:651)
10-30 20:51:53.634  9741  9823 E DocsApplication: 	at java.lang.Thread.run(Thread.java:1119)
10-30 20:51:53.634  3573  3637 I .apps.wellbeing: AssetManager2(0xb400007ca1e0cfb8) locale list changing from [] to [es-ES]
10-30 20:51:53.642  9394  9423 I WM-WorkerWrapper: Worker result SUCCESS for Work [ id=0e49cc0d-9880-44ad-9a3a-db5b1be85796, tags={ com.google.apps.tiktok.contrib.work.TikTokListenableWorker,com.google.apps.tiktok.sync.impl.workmanager.SyncWorker,TikTokWorker#com.google.apps.tiktok.sync.impl.workmanager.SyncWorker } ]
10-30 20:51:53.645   669   669 I hwservicemanager: getTransport: Cannot find entry vendor.qti.hardware.servicetracker@1.0::IServicetracker/default in either framework or device VINTF manifest.
10-30 20:51:53.646  3119  3132 I FontLog : (REDACTED) Received query %s, URI %s
10-30 20:51:53.646  3119  3132 I FontLog : (REDACTED) Query [%s] resolved to %s
10-30 20:51:53.648  3119  3132 I FontLog : (REDACTED) Fetch %s end status %s
10-30 20:51:53.649   669   669 I hwservicemanager: getTransport: Cannot find entry vendor.qti.hardware.servicetracker@1.0::IServicetracker/default in either framework or device VINTF manifest.
10-30 20:51:53.649  1828  2545 D BackgroundInstallControlService: Package event received: 0
10-30 20:51:53.649   669   669 I hwservicemanager: getTransport: Cannot find entry vendor.qti.hardware.servicetracker@1.0::IServicetracker/default in either framework or device VINTF manifest.
10-30 20:51:53.651  3119  7561 I FontLog : (REDACTED) Pulling font file for id = %d, cache size = %d
10-30 20:51:53.653   669   669 I hwservicemanager: getTransport: Cannot find entry vendor.qti.hardware.servicetracker@1.0::IServicetracker/default in either framework or device VINTF manifest.
10-30 20:51:53.653  3573  3637 I .apps.wellbeing: AssetManager2(0xb400007ca1e0e8b8) locale list changing from [] to [es-ES]
10-30 20:51:53.653   669   669 I hwservicemanager: getTransport: Cannot find entry vendor.qti.hardware.servicetracker@1.0::IServicetracker/default in either framework or device VINTF manifest.
10-30 20:51:53.661  3119  3132 I FontLog : (REDACTED) Pulling font file for id = %d, cache size = %d
10-30 20:51:53.670  9741  9821 D nativeloader: Load /data/app/~~02tetgIUPKl82ryWfj9gFA==/com.google.android.apps.docs-qJ5M_xuWmzVGn7MwNU5oqg==/split_config.arm64_v8a.apk!/lib/arm64-v8a/libcello_native.so using class loader ns clns-9 (caller=/data/app/~~02tetgIUPKl82ryWfj9gFA==/com.google.android.apps.docs-qJ5M_xuWmzVGn7MwNU5oqg==/base.apk!classes2.dex): ok
10-30 20:51:53.674  1828  4002 D ConnectivityService: requestNetwork for uid/pid:10748/9741 activeRequest: null callbackRequest: 335 [NetworkRequest [ REQUEST id=336, [ Capabilities: INTERNET&NOT_RESTRICTED&TRUSTED&NOT_VCN_MANAGED&NOT_BANDWIDTH_CONSTRAINED Uid: 10748 RequestorUid: 10748 RequestorPkg: com.google.android.apps.docs UnderlyingNetworks: Null] ]] callback flags: 0 order: 2147483647 isUidTracked: false declaredMethods: AVAIL|LOST|UNAVAIL|NC
10-30 20:51:53.677  1828  2456 D ConnectivityService: NetReassign [336 : null → 100] [c 1] [a 1] [i 1]
10-30 20:51:53.677  1828  2449 D WifiNetworkFactory: got request NetworkRequest [ REQUEST id=336, [ Capabilities: INTERNET&NOT_RESTRICTED&TRUSTED&NOT_VCN_MANAGED&NOT_BANDWIDTH_CONSTRAINED Uid: 10748 RequestorUid: 10748 RequestorPkg: com.google.android.apps.docs UnderlyingNetworks: Null] ]
10-30 20:51:53.678  1828  2449 D UntrustedWifiNetworkFactory: got request NetworkRequest [ REQUEST id=336, [ Capabilities: INTERNET&NOT_RESTRICTED&TRUSTED&NOT_VCN_MANAGED&NOT_BANDWIDTH_CONSTRAINED Uid: 10748 RequestorUid: 10748 RequestorPkg: com.google.android.apps.docs UnderlyingNetworks: Null] ]
10-30 20:51:53.678  1828  2449 D OemPaidWifiNetworkFactory: got request NetworkRequest [ REQUEST id=336, [ Capabilities: INTERNET&NOT_RESTRICTED&TRUSTED&NOT_VCN_MANAGED&NOT_BANDWIDTH_CONSTRAINED Uid: 10748 RequestorUid: 10748 RequestorPkg: com.google.android.apps.docs UnderlyingNetworks: Null] ]
10-30 20:51:53.678  1828  2449 D MultiInternetWifiNetworkFactory: got request NetworkRequest [ REQUEST id=336, [ Capabilities: INTERNET&NOT_RESTRICTED&TRUSTED&NOT_VCN_MANAGED&NOT_BANDWIDTH_CONSTRAINED Uid: 10748 RequestorUid: 10748 RequestorPkg: com.google.android.apps.docs UnderlyingNetworks: Null] ]
10-30 20:51:53.686  4156  6845 D BluetoothGatt: setCharacteristicNotification() - uuid: 00000016-0000-3512-2118-0009af100700 enable: false
10-30 20:51:53.694   669   669 I hwservicemanager: getTransport: Cannot find entry vendor.qti.hardware.servicetracker@1.0::IServicetracker/default in either framework or device VINTF manifest.
10-30 20:51:53.712  9741  9809 E FilePhenotypeFlags: Config package com.google.android.gms.gmscompliance cannot use FILE backing without declarative registration. See go/phenotype-android-integration#phenotype for more information. This will lead to stale flags.
10-30 20:51:53.725   669   669 I hwservicemanager: getTransport: Cannot find entry vendor.qti.hardware.servicetracker@1.0::IServicetracker/default in either framework or device VINTF manifest.
10-30 20:51:53.729  3573  3637 I .apps.wellbeing: AssetManager2(0xb400007ca1e0a718) locale list changing from [] to [es-ES]
10-30 20:51:53.731   669   669 I hwservicemanager: getTransport: Cannot find entry vendor.qti.hardware.servicetracker@1.0::IServicetracker/default in either framework or device VINTF manifest.
10-30 20:51:53.732  3573  3637 I .apps.wellbeing: AssetManager2(0xb400007ca1dd38f8) locale list changing from [] to [es-ES]
10-30 20:51:53.741   669   669 I hwservicemanager: getTransport: Cannot find entry vendor.qti.hardware.servicetracker@1.0::IServicetracker/default in either framework or device VINTF manifest.
10-30 20:51:53.742  1828  2545 D BackgroundInstallControlService: Package event received: 0
10-30 20:51:53.742   669   669 I hwservicemanager: getTransport: Cannot find entry vendor.qti.hardware.servicetracker@1.0::IServicetracker/default in either framework or device VINTF manifest.
10-30 20:51:53.745  3573  3637 I .apps.wellbeing: AssetManager2(0xb400007ca1e0eef8) locale list changing from [] to [es-ES]
10-30 20:51:53.749  3119  7621 I .gms.persistent: AssetManager2(0xb400007ca1de13b8) locale list changing from [] to [es-ES]
10-30 20:51:53.751  3573  3637 I .apps.wellbeing: AssetManager2(0xb400007ca1dd7778) locale list changing from [] to [es-ES]
10-30 20:51:53.751   669   669 I hwservicemanager: getTransport: Cannot find entry vendor.qti.hardware.servicetracker@1.0::IServicetracker/default in either framework or device VINTF manifest.
10-30 20:51:53.752   669   669 I hwservicemanager: getTransport: Cannot find entry vendor.qti.hardware.servicetracker@1.0::IServicetracker/default in either framework or device VINTF manifest.
10-30 20:51:53.757  1828  4004 D ConnectivityService: requestNetwork for uid/pid:1000/1828 asUid: 10731 activeRequest: null callbackRequest: 337 [NetworkRequest [ REQUEST id=338, [ Capabilities: INTERNET&NOT_RESTRICTED&TRUSTED&NOT_VCN_MANAGED&NOT_BANDWIDTH_CONSTRAINED Uid: 10731 RequestorUid: 1000 RequestorPkg: android UnderlyingNetworks: Null] ]] callback flags: 0 order: 2147483647 isUidTracked: false declaredMethods: AVAIL|LOST|BLK
10-30 20:51:53.758  1828  2536 W ServiceManagerCppClient: Waited one second for stats (is service started? Number of threads started in the threadpool: 32. Are binder threads started and available?)
10-30 20:51:53.759  1828  2449 D WifiNetworkFactory: got request NetworkRequest [ REQUEST id=338, [ Capabilities: INTERNET&NOT_RESTRICTED&TRUSTED&NOT_VCN_MANAGED&NOT_BANDWIDTH_CONSTRAINED Uid: 10731 RequestorUid: 1000 RequestorPkg: android UnderlyingNetworks: Null] ]
10-30 20:51:53.759  1828  2449 D UntrustedWifiNetworkFactory: got request NetworkRequest [ REQUEST id=338, [ Capabilities: INTERNET&NOT_RESTRICTED&TRUSTED&NOT_VCN_MANAGED&NOT_BANDWIDTH_CONSTRAINED Uid: 10731 RequestorUid: 1000 RequestorPkg: android UnderlyingNetworks: Null] ]
10-30 20:51:53.759  1828  2449 D OemPaidWifiNetworkFactory: got request NetworkRequest [ REQUEST id=338, [ Capabilities: INTERNET&NOT_RESTRICTED&TRUSTED&NOT_VCN_MANAGED&NOT_BANDWIDTH_CONSTRAINED Uid: 10731 RequestorUid: 1000 RequestorPkg: android UnderlyingNetworks: Null] ]
10-30 20:51:53.759  1828  2449 D MultiInternetWifiNetworkFactory: got request NetworkRequest [ REQUEST id=338, [ Capabilities: INTERNET&NOT_RESTRICTED&TRUSTED&NOT_VCN_MANAGED&NOT_BANDWIDTH_CONSTRAINED Uid: 10731 RequestorUid: 1000 RequestorPkg: android UnderlyingNetworks: Null] ]
10-30 20:51:53.759  1828  2456 D ConnectivityService: NetReassign [338 : null → 100] [c 1] [a 0] [i 1]
10-30 20:51:53.767  9741  9845 E ashmem  : Pinning is deprecated since Android Q. Please use trim or other methods.
10-30 20:51:53.778  3573  3637 I .apps.wellbeing: AssetManager2(0xb400007ca1dd3f38) locale list changing from [] to [es-ES]
10-30 20:51:53.792   669   669 I hwservicemanager: getTransport: Cannot find entry vendor.qti.hardware.servicetracker@1.0::IServicetracker/default in either framework or device VINTF manifest.
10-30 20:51:53.796  7357  7543 W msgr.MessengerLacrimaConfig: FbErrorReportingConfig.postStartupInit
10-30 20:51:53.802  9394  9420 I SyncWorkManagerOneTimeS: Successfully scheduled next onetime workers
10-30 20:51:53.803  5720  6096 I GnpSdk  : (REDACTED) Finished executing async action [%s] in Coroutine Scope.
10-30 20:51:53.804  5720  6096 I GnpSdk  : (REDACTED) Finished Broadcast execution [%d].
10-30 20:51:53.807  3119  3197 I NearbyConnections: Client (232940293) 0p:com.google.android.gms.magictether.nearby disconnecting
10-30 20:51:53.807  3119  3197 I Nearby  : (REDACTED) Successfully shutdown executor %s.
10-30 20:51:53.809  3119  7621 I NearbyConnections: Because they unbound from our service, all state for client 232940293 will now be cleaned up.
10-30 20:51:53.813  3119  7621 I Nearby  : (REDACTED) Successfully shutdown executor %s.
10-30 20:51:53.817  3119  7621 I Nearby  : (REDACTED) Successfully shutdown executor %s.
10-30 20:51:53.819  9741  9842 I Cello   : [9842:NonCelloThread] cello.cc:952:operator() got notified of network change to online
10-30 20:51:53.820  3119  7621 I Nearby  : (REDACTED) Successfully shutdown executor %s.
10-30 20:51:53.820  3119  7621 I Nearby  : (REDACTED) Successfully shutdown executor %s.
10-30 20:51:53.820  3119  7621 I Nearby  : (REDACTED) Successfully shutdown executor %s.
10-30 20:51:53.820  3119  7621 I Nearby  : (REDACTED) Successfully shutdown executor %s.
10-30 20:51:53.820  3119  7621 I Nearby  : (REDACTED) Successfully shutdown executor %s.
10-30 20:51:53.821  3119  7621 I Nearby  : (REDACTED) Successfully shutdown executor %s.
10-30 20:51:53.821  3119  7621 I Nearby  : (REDACTED) Successfully shutdown executor %s.
10-30 20:51:53.824  3119  7621 I Nearby  : (REDACTED) Successfully shutdown executor %s.
10-30 20:51:53.825  1828  1859 V GrammaticalInflectionUtils: AttributionSource: android.content.AttributionSource@d8b4805b does not have READ_SYSTEM_GRAMMATICAL_GENDER permission.
10-30 20:51:53.833   929   929 D Zygote  : Forked child process 9856
10-30 20:51:53.834  1828  1860 I ActivityManager: Start proc 9856:com.google.android.apps.docs.editors.docs/u0a735 for broadcast {com.google.android.apps.docs.editors.docs/com.google.android.libraries.notifications.platform.entrypoints.restart.RestartReceiver}
10-30 20:51:53.834  9856  9856 E ANDR-PERF-beluga: Unable to open libskewknob_system.so: dlopen failed: library "libskewknob_system.so" not found
10-30 20:51:53.834  9856  9856 E ANDR-PERF-beluga: .
10-30 20:51:53.835  1828  1860 I ActivityManager: ProcessObserver broadcast disabled
10-30 20:51:53.844  9856  9856 I cs.editors.docs: Using CollectorTypeCC GC.
10-30 20:51:53.848  9856  9856 D nativeloader: Load libframework-connectivity-tiramisu-jni.so using APEX ns com_android_tethering for caller /apex/com.android.tethering/javalib/framework-connectivity-t.jar: ok
10-30 20:51:53.851   669   669 I hwservicemanager: getTransport: Cannot find entry vendor.qti.hardware.servicetracker@1.0::IServicetracker/default in either framework or device VINTF manifest.
10-30 20:51:53.853   669   669 I hwservicemanager: getTransport: Cannot find entry vendor.qti.hardware.servicetracker@1.0::IServicetracker/default in either framework or device VINTF manifest.
10-30 20:51:53.855  1087  3251 I vendor.qti.bluetooth@1.0-ibs_handler: ProcessIbsCmd: Received IBS_SLEEP_IND: 0xFE
10-30 20:51:53.857  1828  2900 D CompatibilityInfo: mCompatibilityFlags - 0
10-30 20:51:53.857  1828  2900 D CompatibilityInfo: applicationDensity - 440
10-30 20:51:53.857  1828  2900 D CompatibilityInfo: applicationScale - 1.0
10-30 20:51:53.861  5720  6086 I FirebaseApp: Device unlocked: initializing all Firebase APIs for app CHIME_ANDROID_SDK
10-30 20:51:53.862  9741  9842 I Cello   : [9842:NonCelloThread] content_cache.cc:287:Initialize Content cache capacity (bytes): 268435456
10-30 20:51:53.863  9741  9842 I Cello   : [9842:NonCelloThread] content_cache.cc:303:Initialize Sparse files supported: true
10-30 20:51:53.865  9856  9856 D ApplicationLoaders: Returning zygote-cached class loader: /system/framework/org.apache.http.legacy.jar
10-30 20:51:53.865  9856  9856 D ApplicationLoaders: Returning zygote-cached class loader: /system_ext/framework/androidx.window.extensions.jar
10-30 20:51:53.865  9856  9856 D ApplicationLoaders: Returning zygote-cached class loader: /system_ext/framework/androidx.window.sidecar.jar
10-30 20:51:53.865  9741  9842 I Cello   : [9842:NonCelloThread] content_cache.cc:390:InitializeOnIOThread Created new content cache dir [/data/user/0/com.google.android.apps.docs/app_cello/pablo.gounis@gmail.com/content]
10-30 20:51:53.865  7357  7544 E msgr.AppState: Returning default for firstRunInfo
10-30 20:51:53.865  7357  7544 E msgr.AppState: Returning default for firstRunInfo
10-30 20:51:53.866  9741  9842 I Cello   : [9842:NonCelloThread] content_cache.cc:425:InitializeOnIOThread Cache index at: /data/user/0/com.google.android.apps.docs/app_cello/pablo.gounis@gmail.com/content/chunks.db
10-30 20:51:53.867  7357  7544 E msgr.MobileConfigInit: MobileConfigDebug: endToEndConfigLevelConsistencyTests
10-30 20:51:53.897   667   667 I lowmemorykiller: Kill 'com.google.android.apps.youtube.music' (4121), uid 10770, oom_score_adj 905 to free 180524kB rss, 2876kB swap; reason: low watermark is breached
10-30 20:51:53.906  9856  9856 W cs.editors.docs: Failed to find entry 'classes.dex': Entry not found
10-30 20:51:53.907  9856  9856 W cs.editors.docs: Failed to find entry 'classes.dex': Entry not found
10-30 20:51:53.908  9856  9856 W cs.editors.docs: Failed to find entry 'classes.dex': Entry not found
10-30 20:51:53.911  9856  9856 D nativeloader: Configuring clns-9 for other apk /data/app/~~O69oHq1C3POfhj0Wf8aJWA==/com.google.android.apps.docs.editors.docs-lOn5v_NiWlOCqY_f4diZeg==/base.apk:/data/app/~~O69oHq1C3POfhj0Wf8aJWA==/com.google.android.apps.docs.editors.docs-lOn5v_NiWlOCqY_f4diZeg==/split_config.arm64_v8a.apk:/data/app/~~O69oHq1C3POfhj0Wf8aJWA==/com.google.android.apps.docs.editors.docs-lOn5v_NiWlOCqY_f4diZeg==/split_config.es.apk:/data/app/~~O69oHq1C3POfhj0Wf8aJWA==/com.google.android.apps.docs.editors.docs-lOn5v_NiWlOCqY_f4diZeg==/split_config.xxhdpi.apk. target_sdk_version=36, uses_libraries=, library_path=/data/app/~~O69oHq1C3POfhj0Wf8aJWA==/com.google.android.apps.docs.editors.docs-lOn5v_NiWlOCqY_f4diZeg==/lib/arm64:/data/app/~~O69oHq1C3POfhj0Wf8aJWA==/com.google.android.apps.docs.editors.docs-lOn5v_NiWlOCqY_f4diZeg==/base.apk!/lib/arm64-v8a:/data/app/~~O69oHq1C3POfhj0Wf8aJWA==/com.google.android.apps.docs.editors.docs-lOn5v_NiWlOCqY_f4diZeg==/split_config.arm64_v8a.apk!/lib/arm64-v8a:/data/app/~~O69oHq1C3POfhj0Wf8aJWA==/com.google.andr
10-30 20:51:53.926  9856  9856 I cs.editors.docs: AssetManager2(0xb400007ca1dd51f8) locale list changing from [] to [es-ES]
10-30 20:51:53.930  9856  9856 E BoostFramework: BoostFramework() : Exception_1 = java.lang.ClassNotFoundException: com.qualcomm.qti.Performance
10-30 20:51:53.930  9856  9856 E BoostFramework: BoostFramework() Ux Perf: Exception = java.lang.ClassNotFoundException: com.qualcomm.qti.UxPerformance
10-30 20:51:53.933  9856  9856 V GraphicsEnvironment: Currently set values for:
10-30 20:51:53.933  9856  9856 V GraphicsEnvironment:   angle_gl_driver_selection_pkgs=[com.android.angle, com.linecorp.b612.android, com.campmobile.snow, com.google.android.apps.tachyon]
10-30 20:51:53.933  9856  9856 V GraphicsEnvironment:   angle_gl_driver_selection_values=[angle, native, native, native]
10-30 20:51:53.933  9856  9856 V GraphicsEnvironment: com.google.android.apps.docs.editors.docs is not listed in per-application setting
10-30 20:51:53.933  9856  9856 V GraphicsEnvironment: ANGLE allowlist from config: 
10-30 20:51:53.933  9856  9856 V GraphicsEnvironment: com.google.android.apps.docs.editors.docs is not listed in ANGLE allowlist or settings, returning default
10-30 20:51:53.933  9856  9856 V GraphicsEnvironment: Neither updatable production driver nor prerelease driver is supported.
10-30 20:51:53.943   929   929 I Zygote  : Process 4121 exited due to signal 9 (Killed)
10-30 20:51:53.945  1828  1843 I ActivityManager: Process com.google.android.apps.youtube.music (pid 4121) has died: cch+5 CEM 
10-30 20:51:53.946   669   669 I hwservicemanager: getTransport: Cannot find entry vendor.qti.hardware.servicetracker@1.0::IServicetracker/default in either framework or device VINTF manifest.
10-30 20:51:53.946  1828  2456 D ConnectivityService: releasing NetworkRequest [ REQUEST id=146, [ Capabilities: INTERNET&NOT_RESTRICTED&TRUSTED&NOT_VCN_MANAGED&NOT_BANDWIDTH_CONSTRAINED Uid: 10770 RequestorUid: 10770 RequestorPkg: com.google.android.apps.youtube.music UnderlyingNetworks: Null] ] (release request)
10-30 20:51:53.946  1828  2900 I MediaSessionStack: removeSession | record: com.google.android.apps.youtube.music/YouTube playerlib/8 (userId=0)
10-30 20:51:53.946  1828  2900 D MediaSessionService: destroySessionLocked: record=com.google.android.apps.youtube.music/YouTube playerlib/8 (userId=0)
10-30 20:51:53.946  1828  2456 D ConnectivityService: releasing NetworkRequest [ REQUEST id=129, [ Capabilities: INTERNET&NOT_RESTRICTED&TRUSTED&NOT_VCN_MANAGED&NOT_BANDWIDTH_CONSTRAINED Uid: 10770 RequestorUid: 10770 RequestorPkg: com.google.android.apps.youtube.music UnderlyingNetworks: Null] ] (release request)
10-30 20:51:53.947  1828  2456 D ConnectivityService: releasing NetworkRequest [ REQUEST id=127, [ Capabilities: INTERNET&NOT_RESTRICTED&TRUSTED&NOT_VCN_MANAGED&NOT_BANDWIDTH_CONSTRAINED Uid: 10770 RequestorUid: 10770 RequestorPkg: com.google.android.apps.youtube.music UnderlyingNetworks: Null] ] (release request)
10-30 20:51:53.947  1828  4005 D ConnectivityService: requestNetwork for uid/pid:10618/5720 activeRequest: null callbackRequest: 339 [NetworkRequest [ REQUEST id=340, [ Capabilities: INTERNET&NOT_RESTRICTED&TRUSTED&NOT_VCN_MANAGED&NOT_BANDWIDTH_CONSTRAINED Uid: 10618 RequestorUid: 10618 RequestorPkg: com.google.android.googlequicksearchbox UnderlyingNetworks: Null] ]] callback flags: 0 order: 2147483647 isUidTracked: false declaredMethods: AVAIL|LOST
10-30 20:51:53.947  2760  2760 I PlayerSettingsManager: getPlayerRepeatMode: no active player
10-30 20:51:53.947  2760  2760 I PlayerSettingsManager: getPlayerShuffleMode: no active player
10-30 20:51:53.947  2760  2760 I PlayerSettingsManager: updateRemoteDevice: STATE_REPEAT_OFF, STATE_SHUFFLE_OFF
10-30 20:51:53.947  2760  2760 I bluetooth: system/btif/avrcp/avrcp_service.cc:582 SendPlayerSettingsChanged: {attribute=PlayerAttribute::REPEAT : value=PlayerRepeatValue::OFF}, {attribute=PlayerAttribute::SHUFFLE : value=PlayerShuffleValue::OFF}
10-30 20:51:53.947  1828  1861 I libprocessgroup: Removed cgroup /sys/fs/cgroup/apps/uid_10770/pid_4121
10-30 20:51:53.956  1828  2449 D WifiNetworkFactory: got request NetworkRequest [ REQUEST id=340, [ Capabilities: INTERNET&NOT_RESTRICTED&TRUSTED&NOT_VCN_MANAGED&NOT_BANDWIDTH_CONSTRAINED Uid: 10618 RequestorUid: 10618 RequestorPkg: com.google.android.googlequicksearchbox UnderlyingNetworks: Null] ]
10-30 20:51:53.956  1828  2449 D UntrustedWifiNetworkFactory: got request NetworkRequest [ REQUEST id=340, [ Capabilities: INTERNET&NOT_RESTRICTED&TRUSTED&NOT_VCN_MANAGED&NOT_BANDWIDTH_CONSTRAINED Uid: 10618 RequestorUid: 10618 RequestorPkg: com.google.android.googlequicksearchbox UnderlyingNetworks: Null] ]
10-30 20:51:53.956  1828  2449 D OemPaidWifiNetworkFactory: got request NetworkRequest [ REQUEST id=340, [ Capabilities: INTERNET&NOT_RESTRICTED&TRUSTED&NOT_VCN_MANAGED&NOT_BANDWIDTH_CONSTRAINED Uid: 10618 RequestorUid: 10618 RequestorPkg: com.google.android.googlequicksearchbox UnderlyingNetworks: Null] ]
10-30 20:51:53.956  1828  2449 D MultiInternetWifiNetworkFactory: got request NetworkRequest [ REQUEST id=340, [ Capabilities: INTERNET&NOT_RESTRICTED&TRUSTED&NOT_VCN_MANAGED&NOT_BANDWIDTH_CONSTRAINED Uid: 10618 RequestorUid: 10618 RequestorPkg: com.google.android.googlequicksearchbox UnderlyingNetworks: Null] ]
10-30 20:51:53.956  1828  2456 D ConnectivityService: NetReassign [340 : null → 100] [c 1] [a 3] [i 5]
10-30 20:51:53.959  1828  2456 D InetDiagMessage: Destroyed 0 sockets, proto=IPPROTO_TCP, family=AF_INET, states=14
10-30 20:51:53.961  1828  2456 D InetDiagMessage: Destroyed 0 sockets, proto=IPPROTO_TCP, family=AF_INET6, states=14
10-30 20:51:53.961  1828  2456 D InetDiagMessage: Destroyed live tcp sockets for uids={10770} in 4ms
10-30 20:51:53.963  1828  2456 D InetDiagMessage: Destroyed 0 sockets, proto=IPPROTO_TCP, family=AF_INET, states=14
10-30 20:51:53.964  1828  2456 D InetDiagMessage: Destroyed 0 sockets, proto=IPPROTO_TCP, family=AF_INET6, states=14
10-30 20:51:53.964  1828  2456 D InetDiagMessage: Destroyed live tcp sockets for uids={20770} in 3ms
10-30 20:51:53.980  1828  1839 I system_server: Background concurrent copying GC freed 29MB AllocSpace bytes, 33(2764KB) LOS objects, 34% free, 60MB/92MB, paused 258us,90us total 197.808ms
10-30 20:51:53.995  1828  4005 D ConnectivityService: requestNetwork for uid/pid:10731/7357 activeRequest: null callbackRequest: 341 [NetworkRequest [ REQUEST id=342, [ Capabilities: INTERNET&NOT_RESTRICTED&TRUSTED&NOT_VCN_MANAGED&NOT_BANDWIDTH_CONSTRAINED Uid: 10731 RequestorUid: 10731 RequestorPkg: com.facebook.orca UnderlyingNetworks: Null] ]] callback flags: 0 order: 2147483647 isUidTracked: false declaredMethods: AVAIL|LOST|NC|LP
10-30 20:51:53.995  3573  3637 I .apps.wellbeing: AssetManager2(0xb400007ca1dd1cd8) locale list changing from [] to [es-ES]
10-30 20:51:53.996  1828  2449 D WifiNetworkFactory: got request NetworkRequest [ REQUEST id=342, [ Capabilities: INTERNET&NOT_RESTRICTED&TRUSTED&NOT_VCN_MANAGED&NOT_BANDWIDTH_CONSTRAINED Uid: 10731 RequestorUid: 10731 RequestorPkg: com.facebook.orca UnderlyingNetworks: Null] ]
10-30 20:51:53.997  1828  2449 D UntrustedWifiNetworkFactory: got request NetworkRequest [ REQUEST id=342, [ Capabilities: INTERNET&NOT_RESTRICTED&TRUSTED&NOT_VCN_MANAGED&NOT_BANDWIDTH_CONSTRAINED Uid: 10731 RequestorUid: 10731 RequestorPkg: com.facebook.orca UnderlyingNetworks: Null] ]
10-30 20:51:53.997  1828  2449 D OemPaidWifiNetworkFactory: got request NetworkRequest [ REQUEST id=342, [ Capabilities: INTERNET&NOT_RESTRICTED&TRUSTED&NOT_VCN_MANAGED&NOT_BANDWIDTH_CONSTRAINED Uid: 10731 RequestorUid: 10731 RequestorPkg: com.facebook.orca UnderlyingNetworks: Null] ]
10-30 20:51:53.997  1828  2456 D ConnectivityService: NetReassign [342 : null → 100] [c 0] [a 1] [i 0]
10-30 20:51:53.997  1828  2449 D MultiInternetWifiNetworkFactory: got request NetworkRequest [ REQUEST id=342, [ Capabilities: INTERNET&NOT_RESTRICTED&TRUSTED&NOT_VCN_MANAGED&NOT_BANDWIDTH_CONSTRAINED Uid: 10731 RequestorUid: 10731 RequestorPkg: com.facebook.orca UnderlyingNetworks: Null] ]
10-30 20:51:54.025   669   669 I hwservicemanager: getTransport: Cannot find entry vendor.qti.hardware.servicetracker@1.0::IServicetracker/default in either framework or device VINTF manifest.
10-30 20:51:54.039  3119  4254 W PhBaseOp: Phenotype API error. Event: # hrjk@d0970644, EventCode: COMMIT_CONFIG [CONTEXT service_id=51 ]
10-30 20:51:54.039  3119  4254 W PhBaseOp: enau: 29503
10-30 20:51:54.039  3119  4254 W PhBaseOp: 	at encs.d(:com.google.android.gms@254232035@25.42.32 (260400-820822052):21)
10-30 20:51:54.039  3119  4254 W PhBaseOp: 	at encs.b(:com.google.android.gms@254232035@25.42.32 (260400-820822052):43)
10-30 20:51:54.039  3119  4254 W PhBaseOp: 	at encr.i(:com.google.android.gms@254232035@25.42.32 (260400-820822052):3)
10-30 20:51:54.039  3119  4254 W PhBaseOp: 	at encn.h(:com.google.android.gms@254232035@25.42.32 (260400-820822052):31)
10-30 20:51:54.039  3119  4254 W PhBaseOp: 	at encn.f(:com.google.android.gms@254232035@25.42.32 (260400-820822052):13)
10-30 20:51:54.039  3119  4254 W PhBaseOp: 	at cmop.fx(:com.google.android.gms@254232035@25.42.32 (260400-820822052):1)
10-30 20:51:54.039  3119  4254 W PhBaseOp: 	at cmot.run(:com.google.android.gms@254232035@25.42.32 (260400-820822052):120)
10-30 20:51:54.039  3119  4254 W PhBaseOp: 	at giym.run(:com.google.android.gms@254232035@25.42.32 (260400-820822052):19)
10-30 20:51:54.039  3119  4254 W PhBaseOp: 	at bddm.c(:com.google.android.gms@254232035@25.42.32 (260400-820822052):50)
10-30 20:51:54.039  3119  4254 W PhBaseOp: 	at bddm.run(:com.google.android.gms@254232035@25.42.32 (260400-820822052):73)
10-30 20:51:54.039  3119  4254 W PhBaseOp: 	at java.util.concurrent.ThreadPoolExecutor.runWorker(ThreadPoolExecutor.java:1156)
10-30 20:51:54.039  3119  4254 W PhBaseOp: 	at java.util.concurrent.ThreadPoolExecutor$Worker.run(ThreadPoolExecutor.java:651)
10-30 20:51:54.039  3119  4254 W PhBaseOp: 	at bdjd.run(:com.google.android.gms@254232035@25.42.32 (260400-820822052):8)
10-30 20:51:54.039  3119  4254 W PhBaseOp: 	at java.lang.Thread.run(Thread.java:1119)
10-30 20:51:54.039  3119  4254 W AsyncOperation: operation=CommitToConfigurationOperationCall, opStatusCode=29503 [CONTEXT service_id=51 ]
10-30 20:51:54.039  3119  4254 W AsyncOperation: OperationException[Status{statusCode=unknown status code: 29503, resolution=null}]
10-30 20:51:54.039  3119  4254 W AsyncOperation: 	at encn.h(:com.google.android.gms@254232035@25.42.32 (260400-820822052):61)
10-30 20:51:54.039  3119  4254 W AsyncOperation: 	at encn.f(:com.google.android.gms@254232035@25.42.32 (260400-820822052):13)
10-30 20:51:54.039  3119  4254 W AsyncOperation: 	at cmop.fx(:com.google.android.gms@254232035@25.42.32 (260400-820822052):1)
10-30 20:51:54.039  3119  4254 W AsyncOperation: 	at cmot.run(:com.google.android.gms@254232035@25.42.32 (260400-820822052):120)
10-30 20:51:54.039  3119  4254 W AsyncOperation: 	at giym.run(:com.google.android.gms@254232035@25.42.32 (260400-820822052):19)
10-30 20:51:54.039  3119  4254 W AsyncOperation: 	at bddm.c(:com.google.android.gms@254232035@25.42.32 (260400-820822052):50)
10-30 20:51:54.039  3119  4254 W AsyncOperation: 	at bddm.run(:com.google.android.gms@254232035@25.42.32 (260400-820822052):73)
10-30 20:51:54.039  3119  4254 W AsyncOperation: 	at java.util.concurrent.ThreadPoolExecutor.runWorker(ThreadPoolExecutor.java:1156)
10-30 20:51:54.039  3119  4254 W AsyncOperation: 	at java.util.concurrent.ThreadPoolExecutor$Worker.run(ThreadPoolExecutor.java:651)
10-30 20:51:54.039  3119  4254 W AsyncOperation: 	at bdjd.run(:com.google.android.gms@254232035@25.42.32 (260400-820822052):8)
10-30 20:51:54.039  3119  4254 W AsyncOperation: 	at java.lang.Thread.run(Thread.java:1119)
10-30 20:51:54.040  3119  7621 W PhBaseOp: Phenotype API error. Event: # hrjk@6ff4d400, EventCode: COMMIT_CONFIG [CONTEXT service_id=51 ]
10-30 20:51:54.040  3119  7621 W PhBaseOp: enau: 29503
10-30 20:51:54.040  3119  7621 W PhBaseOp: 	at encs.d(:com.google.android.gms@254232035@25.42.32 (260400-820822052):21)
10-30 20:51:54.040  3119  7621 W PhBaseOp: 	at encs.b(:com.google.android.gms@254232035@25.42.32 (260400-820822052):43)
10-30 20:51:54.040  3119  7621 W PhBaseOp: 	at encr.i(:com.google.android.gms@254232035@25.42.32 (260400-820822052):3)
10-30 20:51:54.040  3119  7621 W PhBaseOp: 	at encn.h(:com.google.android.gms@254232035@25.42.32 (260400-820822052):31)
10-30 20:51:54.040  3119  7621 W PhBaseOp: 	at encn.f(:com.google.android.gms@254232035@25.42.32 (260400-820822052):13)
10-30 20:51:54.040  3119  7621 W PhBaseOp: 	at cmop.fx(:com.google.android.gms@254232035@25.42.32 (260400-820822052):1)
10-30 20:51:54.040  3119  7621 W PhBaseOp: 	at cmot.run(:com.google.android.gms@254232035@25.42.32 (260400-820822052):120)
10-30 20:51:54.040  3119  7621 W PhBaseOp: 	at giym.run(:com.google.android.gms@254232035@25.42.32 (260400-820822052):19)
10-30 20:51:54.040  3119  7621 W PhBaseOp: 	at bddm.c(:com.google.android.gms@254232035@25.42.32 (260400-820822052):50)
10-30 20:51:54.040  3119  7621 W PhBaseOp: 	at bddm.run(:com.google.android.gms@254232035@25.42.32 (260400-820822052):92)
10-30 20:51:54.040  3119  7621 W PhBaseOp: 	at java.util.concurrent.ThreadPoolExecutor.runWorker(ThreadPoolExecutor.java:1156)
10-30 20:51:54.040  3119  7621 W PhBaseOp: 	at java.util.concurrent.ThreadPoolExecutor$Worker.run(ThreadPoolExecutor.java:651)
10-30 20:51:54.040  3119  7621 W PhBaseOp: 	at bdjd.run(:com.google.android.gms@254232035@25.42.32 (260400-820822052):8)
10-30 20:51:54.040  3119  7621 W PhBaseOp: 	at java.lang.Thread.run(Thread.java:1119)
10-30 20:51:54.040  3119  7621 W AsyncOperation: operation=CommitToConfigurationOperationCall, opStatusCode=29503 [CONTEXT service_id=51 ]
10-30 20:51:54.040  3119  7621 W AsyncOperation: OperationException[Status{statusCode=unknown status code: 29503, resolution=null}]
10-30 20:51:54.040  3119  7621 W AsyncOperation: 	at encn.h(:com.google.android.gms@254232035@25.42.32 (260400-820822052):61)
10-30 20:51:54.040  3119  7621 W AsyncOperation: 	at encn.f(:com.google.android.gms@254232035@25.42.32 (260400-820822052):13)
10-30 20:51:54.040  3119  7621 W AsyncOperation: 	at cmop.fx(:com.google.android.gms@254232035@25.42.32 (260400-820822052):1)
10-30 20:51:54.040  3119  7621 W AsyncOperation: 	at cmot.run(:com.google.android.gms@254232035@25.42.32 (260400-820822052):120)
10-30 20:51:54.040  3119  7621 W AsyncOperation: 	at giym.run(:com.google.android.gms@254232035@25.42.32 (260400-820822052):19)
10-30 20:51:54.040  3119  7621 W AsyncOperation: 	at bddm.c(:com.google.android.gms@254232035@25.42.32 (260400-820822052):50)
10-30 20:51:54.040  3119  7621 W AsyncOperation: 	at bddm.run(:com.google.android.gms@254232035@25.42.32 (260400-820822052):92)
10-30 20:51:54.040  3119  7621 W AsyncOperation: 	at java.util.concurrent.ThreadPoolExecutor.runWorker(ThreadPoolExecutor.java:1156)
10-30 20:51:54.040  3119  7621 W AsyncOperation: 	at java.util.concurrent.ThreadPoolExecutor$Worker.run(ThreadPoolExecutor.java:651)
10-30 20:51:54.040  3119  7621 W AsyncOperation: 	at bdjd.run(:com.google.android.gms@254232035@25.42.32 (260400-820822052):8)
10-30 20:51:54.040  3119  7621 W AsyncOperation: 	at java.lang.Thread.run(Thread.java:1119)
10-30 20:51:54.040  3119  4254 W PhBaseOp: Phenotype API error. Event: # hrjk@86b6ea90, EventCode: COMMIT_CONFIG [CONTEXT service_id=51 ]
10-30 20:51:54.040  3119  4254 W PhBaseOp: enau: 29503
10-30 20:51:54.040  3119  4254 W PhBaseOp: 	at encs.d(:com.google.android.gms@254232035@25.42.32 (260400-820822052):21)
10-30 20:51:54.040  3119  4254 W PhBaseOp: 	at encs.b(:com.google.android.gms@254232035@25.42.32 (260400-820822052):43)
10-30 20:51:54.040  3119  4254 W PhBaseOp: 	at encr.i(:com.google.android.gms@254232035@25.42.32 (260400-820822052):3)
10-30 20:51:54.040  3119  4254 W PhBaseOp: 	at encn.h(:com.google.android.gms@254232035@25.42.32 (260400-820822052):31)
10-30 20:51:54.040  3119  4254 W PhBaseOp: 	at encn.f(:com.google.android.gms@254232035@25.42.32 (260400-820822052):13)
10-30 20:51:54.040  3119  4254 W PhBaseOp: 	at cmop.fx(:com.google.android.gms@254232035@25.42.32 (260400-820822052):1)
10-30 20:51:54.040  3119  4254 W PhBaseOp: 	at cmot.run(:com.google.android.gms@254232035@25.42.32 (260400-820822052):120)
10-30 20:51:54.040  3119  4254 W PhBaseOp: 	at giym.run(:com.google.android.gms@254232035@25.42.32 (260400-820822052):19)
10-30 20:51:54.040  3119  4254 W PhBaseOp: 	at bddm.c(:com.google.android.gms@254232035@25.42.32 (260400-820822052):50)
10-30 20:51:54.040  3119  4254 W PhBaseOp: 	at bddm.run(:com.google.android.gms@254232035@25.42.32 (260400-820822052):92)
10-30 20:51:54.040  3119  4254 W PhBaseOp: 	at java.util.concurrent.ThreadPoolExecutor.runWorker(ThreadPoolExecutor.java:1156)
10-30 20:51:54.040  3119  4254 W PhBaseOp: 	at java.util.concurrent.ThreadPoolExecutor$Worker.run(ThreadPoolExecutor.java:651)
10-30 20:51:54.040  3119  4254 W PhBaseOp: 	at bdjd.run(:com.google.android.gms@254232035@25.42.32 (260400-820822052):8)
10-30 20:51:54.040  3119  4254 W PhBaseOp: 	at java.lang.Thread.run(Thread.java:1119)
10-30 20:51:54.040  3119  4254 W AsyncOperation: operation=CommitToConfigurationOperationCall, opStatusCode=29503 [CONTEXT service_id=51 ]
10-30 20:51:54.040  3119  4254 W AsyncOperation: OperationException[Status{statusCode=unknown status code: 29503, resolution=null}]
10-30 20:51:54.040  3119  4254 W AsyncOperation: 	at encn.h(:com.google.android.gms@254232035@25.42.32 (260400-820822052):61)
10-30 20:51:54.040  3119  4254 W AsyncOperation: 	at encn.f(:com.google.android.gms@254232035@25.42.32 (260400-820822052):13)
10-30 20:51:54.040  3119  4254 W AsyncOperation: 	at cmop.fx(:com.google.android.gms@254232035@25.42.32 (260400-820822052):1)
10-30 20:51:54.040  3119  4254 W AsyncOperation: 	at cmot.run(:com.google.android.gms@254232035@25.42.32 (260400-820822052):120)
10-30 20:51:54.040  3119  4254 W AsyncOperation: 	at giym.run(:com.google.android.gms@254232035@25.42.32 (260400-820822052):19)
10-30 20:51:54.040  3119  4254 W AsyncOperation: 	at bddm.c(:com.google.android.gms@254232035@25.42.32 (260400-820822052):50)
10-30 20:51:54.040  3119  4254 W AsyncOperation: 	at bddm.run(:com.google.android.gms@254232035@25.42.32 (260400-820822052):92)
10-30 20:51:54.040  3119  4254 W AsyncOperation: 	at java.util.concurrent.ThreadPoolExecutor.runWorker(ThreadPoolExecutor.java:1156)
10-30 20:51:54.040  3119  4254 W AsyncOperation: 	at java.util.concurrent.ThreadPoolExecutor$Worker.run(ThreadPoolExecutor.java:651)
10-30 20:51:54.040  3119  4254 W AsyncOperation: 	at bdjd.run(:com.google.android.gms@254232035@25.42.32 (260400-820822052):8)
10-30 20:51:54.040  3119  4254 W AsyncOperation: 	at java.lang.Thread.run(Thread.java:1119)
10-30 20:51:54.041  3119  7621 W PhBaseOp: Phenotype API error. Event: # hrjk@60df264d, EventCode: COMMIT_CONFIG [CONTEXT service_id=51 ]
10-30 20:51:54.041  3119  7621 W PhBaseOp: enau: 29503
10-30 20:51:54.041  3119  7621 W PhBaseOp: 	at encs.d(:com.google.android.gms@254232035@25.42.32 (260400-820822052):21)
10-30 20:51:54.041  3119  7621 W PhBaseOp: 	at encs.b(:com.google.android.gms@254232035@25.42.32 (260400-820822052):43)
10-30 20:51:54.041  3119  7621 W PhBaseOp: 	at encr.i(:com.google.android.gms@254232035@25.42.32 (260400-820822052):3)
10-30 20:51:54.041  3119  7621 W PhBaseOp: 	at encn.h(:com.google.android.gms@254232035@25.42.32 (260400-820822052):31)
10-30 20:51:54.041  3119  7621 W PhBaseOp: 	at encn.f(:com.google.android.gms@254232035@25.42.32 (260400-820822052):13)
10-30 20:51:54.041  3119  7621 W PhBaseOp: 	at cmop.fx(:com.google.android.gms@254232035@25.42.32 (260400-820822052):1)
10-30 20:51:54.041  3119  7621 W PhBaseOp: 	at cmot.run(:com.google.android.gms@254232035@25.42.32 (260400-820822052):120)
10-30 20:51:54.041  3119  7621 W PhBaseOp: 	at giym.run(:com.google.android.gms@254232035@25.42.32 (260400-820822052):19)
10-30 20:51:54.041  3119  7621 W PhBaseOp: 	at bddm.c(:com.google.android.gms@254232035@25.42.32 (260400-820822052):50)
10-30 20:51:54.041  3119  7621 W PhBaseOp: 	at bddm.run(:com.google.android.gms@254232035@25.42.32 (260400-820822052):92)
10-30 20:51:54.041  3119  7621 W PhBaseOp: 	at java.util.concurrent.ThreadPoolExecutor.runWorker(ThreadPoolExecutor.java:1156)
10-30 20:51:54.041  3119  7621 W PhBaseOp: 	at java.util.concurrent.ThreadPoolExecutor$Worker.run(ThreadPoolExecutor.java:651)
10-30 20:51:54.041  3119  7621 W PhBaseOp: 	at bdjd.run(:com.google.android.gms@254232035@25.42.32 (260400-820822052):8)
10-30 20:51:54.041  3119  7621 W PhBaseOp: 	at java.lang.Thread.run(Thread.java:1119)
10-30 20:51:54.041  3119  7621 W AsyncOperation: operation=CommitToConfigurationOperationCall, opStatusCode=29503 [CONTEXT service_id=51 ]
10-30 20:51:54.041  3119  7621 W AsyncOperation: OperationException[Status{statusCode=unknown status code: 29503, resolution=null}]
10-30 20:51:54.041  3119  7621 W AsyncOperation: 	at encn.h(:com.google.android.gms@254232035@25.42.32 (260400-820822052):61)
10-30 20:51:54.041  3119  7621 W AsyncOperation: 	at encn.f(:com.google.android.gms@254232035@25.42.32 (260400-820822052):13)
10-30 20:51:54.041  3119  7621 W AsyncOperation: 	at cmop.fx(:com.google.android.gms@254232035@25.42.32 (260400-820822052):1)
