11-05 15:53:57.533  7296  7296 D CAM_DragLayout: setDragEnable mDragMode : false, enable false, force : false
11-05 15:53:57.533  7296  7296 D CAM_ModeSelectViewCV: updateSelectedItem 163
11-05 15:53:57.533  7296 15686 W CAM_ImageModuleCameraManager: no consumer for this updateType: 29
11-05 15:53:57.533  7296 15686 V CAM_CameraConfigManager: setExposureMeteringMode: 1
11-05 15:53:57.533  1856  2644 D ConnectivityService: NetReassign [no changes] [c 1] [a 0] [i 2]
11-05 15:53:57.534  7296 15686 D CAM_Camera2CompatAdapter: E: initCameraCapabilitiesByCameraId(): 0
11-05 15:53:57.536  2923  2923 D BaseDepthController: mSurface is null and mCurrentBlur is: 0
11-05 15:53:57.536  7296  7296 I CAM_ AdaptiveTv: init:  mMaxFontScale :1.25
11-05 15:53:57.536  7296  7296 D CAM_ModeSelectViewCV: getHeaderOffset w = 1000, itemWidth = 148, textWidth = 80.0
11-05 15:53:57.536  7296  7296 D CAM_ModeSelectViewCV: res = {1.0 214mcc22mnc [es_ES] ldltr sw393dp w393dp h794dp 440dpi nrml long hdr widecg port night finger -keyb/v/h -nav/h winConfig={ mBounds=Rect(0, 0 - 1080, 2340) mAppBounds=Rect(0, 90 - 1080, 2274) mMaxBounds=Rect(0, 0 - 1080, 2340) mDisplayRotation=ROTATION_0 mWindowingMode=fullscreen mActivityType=standard mAlwaysOnTop=undefined mRotation=ROTATION_0} as.3 s.2 fontWeightAdjustment=0}
11-05 15:53:57.536  7296  7296 D CAM_ModeSelectViewCV: moveToPosition select pos = 4, offset = 426, mode = 163
11-05 15:53:57.536  7296  7296 D CAM_CameraUtil: hideCoveredBlackView
11-05 15:53:57.537  7296  7296 E CAM_CameraUtil: call hideCoveredBlackView failed! android.cameracovered.MiuiCameraCoveredManager
11-05 15:53:57.537  7296  7296 D CAM_FragmentTopBar: notifyDataChanged currentMode = 163
11-05 15:53:57.537  7296  7296 D CAM_FragmentTopBar: provideAnimateElement mode = 163 resetType = 4
11-05 15:53:57.537  7296  7296 D CAM_FragmentTopAlert: provideAnimateElement 4
11-05 15:53:57.537  7296  7296 D CAM_FragmentTopAlert:  setRecordingTimeState 2   mCurrentMode: 163
11-05 15:53:57.538  7296  7296 D StartTopBarAdapter: setData mode:163,resetStrikethrough: false
11-05 15:53:57.541  7296  7296 D EndTopBarAdapter: setData mode:163,resetStrikethrough: false
11-05 15:53:57.542  7296 15686 D CAM_CameraCapabilities: QuickShotDelayTime tag not defined
11-05 15:53:57.542  7296 15686 D CAM_CameraCapabilities: HQQuickShot: mFeatureMask: 0   mDelayTimeMask: 0
11-05 15:53:57.542  7296 15686 D CAM_CameraCapabilities: QuickShotDelayTimeFactor tag not defined
11-05 15:53:57.542  7296 15686 D CAM_CameraCapabilities: QuickShot: mDelayTimeFactor: 100
11-05 15:53:57.542  7296 15686 D CAM_CameraCapabilities: MiviSuperNight: mSuperNightMask: 0
11-05 15:53:57.542  7296 15686 D CAM_CameraCapabilities: QuickShotNextCaptureMask: mQuickShotNextCaptureMask: 0
11-05 15:53:57.542  7296 15686 D CAM_CameraCapabilities: getBeautyVersionData: 3 ,beautyVersion: 3 ,beautyAlgo: 1
11-05 15:53:57.542  7296 15686 D CAM_CameraCapabilities: SnapshotQuickViewStreamMask: 0
11-05 15:53:57.542  7296 15686 D CAM_Camera2CompatAdapter: X: initCameraCapabilitiesByCameraId(): 0
11-05 15:53:57.542  7296 15686 D CAM_CameraCapabilities: isSupportNormalWideLDC: true
11-05 15:53:57.542  7296 15686 V CAM_CameraConfigManager: setNormalWideLDC: false
11-05 15:53:57.542  7296 15686 V CAM_CameraConfigManager: setUltraWideLDC: false
11-05 15:53:57.542  7296 15686 W CAM_ImageModuleCameraManager: no consumer for this updateType: 8
11-05 15:53:57.542  7296 15686 D CAM_BaseModuleCameraManager: thumbnailSize=320x240
11-05 15:53:57.542  7296 15686 D CAM_BaseModule: flashMode: 0
11-05 15:53:57.542  7296 15686 V CAM_MiCamera2: setFlashMode: 0
11-05 15:53:57.542  7296  7296 D CAM_FragmentTopBar: updateConfigItem configItem = 207
11-05 15:53:57.542  7296 15686 D CAM_MiCamera2: applyFlashMode: request android.hardware.camera2.CaptureRequest$Builder@eda9643, applyType = 1
11-05 15:53:57.542  7296  7296 D CAM_FragmentTopBar: updateConfigItem configItem = 194
11-05 15:53:57.542  7296 15686 D CAM_MiCameraCompat: applyFlashMode: mode = 0
11-05 15:53:57.542  7296  7296 D EndTopBarAdapter: notifyTopBarItemChanged: 194
11-05 15:53:57.542  7296  7296 D EndTopBarAdapter: changeIndex: 0
11-05 15:53:57.543  7296 15686 D CAM_MiCamera2: applyFlashMode: flashMode = 0, mScreenLightCallback = d.c.a.q6.q8.q1@7ac94c0
11-05 15:53:57.543  7296 15686 D CAM_CaptureRequestBuilder: applyScreenLightHint(): false
11-05 15:53:57.543  7296  7296 D EndTopBarAdapter: applyChange:194
11-05 15:53:57.543  7296  7296 D CAM_FragmentTopBar: updateConfigItem configItem = 205
11-05 15:53:57.543  7296  7296 D CAM_FragmentTopBar: updateConfigItem configItem = 193
11-05 15:53:57.543  7296  7296 D StartTopBarAdapter: notifyTopBarItemChanged: 193
11-05 15:53:57.543  7296  7296 D StartTopBarAdapter: changeIndex: 0
11-05 15:53:57.543  7296 15686 V CAM_MiCameraCompat: [K_PROCESS]: applyHDRMode:2
11-05 15:53:57.543  7296 15686 V CAM_CameraConfigManager: setFocusMode: 4
11-05 15:53:57.543  7296 15686 D CAM_CaptureRequestBuilder: applyAFRegions: default 0
11-05 15:53:57.543  7296 15686 D CAM_CaptureRequestBuilder: applyAERegions: default 0
11-05 15:53:57.543  7296 15686 D CAM_CameraCapabilities: isRemoveNevusDefined request : false
11-05 15:53:57.544  7296  7296 D StartTopBarAdapter: applyChange:193
11-05 15:53:57.544  7296 15686 D CAM_Camera2Module: updateBeauty(): 3d beauty level: i:0 | ss: 0 |sf: 0 | ee: 0 | ns: 0 | rs: 0 | lp: 0 | cn: 0 | nk: 0 | se: 0 | sn: 0 | hl: 0 | solid: 0 | whiten: 0 | makeup: 0| headSlim: 0 | bodySlim: 0 | shoulderSlim: 0 | legSlim: 0 | puffy: 0| wholeBodySlim: 0 | buttSlim: 0 | makeupType: 0 | makeupLevel: 0 | beautyMode: 2 | makeupFilter: 0 | ambientLight: 0
11-05 15:53:57.544  7296 15686 W CAM_ImageModuleCameraManager: no consumer for this updateType: 41
11-05 15:53:57.544  7296 15686 D CAM_FaceView: setSkipDraw: mSkipDraw=false
11-05 15:53:57.544  7296 15686 V CAM_CameraConfigManager: startFaceDetection
11-05 15:53:57.544  7296 15686 D CAM_MiCameraCompat: applyFaceDetection: true、 faceDetectMode: 1
11-05 15:53:57.544  7296 15686 D CAM_BaseModule: antiBanding: 3
11-05 15:53:57.544  7296 15686 V CAM_CameraConfigManager: setAntiBanding: 3
11-05 15:53:57.544  7296 15686 W CAM_ImageModuleCameraManager: no consumer for this updateType: 20
11-05 15:53:57.545  7296 15686 V CAM_CameraConfigManager: setEnableOIS true
11-05 15:53:57.545  7296 15686 V CAM_CaptureRequestBuilder: EIS: off
11-05 15:53:57.545  7296 15686 V CAM_CaptureRequestBuilder: OIS: on
11-05 15:53:57.545 25883 25924 I ogle.android.gm: AssetManager2(0xb400006dab1b0198) locale list changing from [] to [es-ES]
11-05 15:53:57.545  7296 15686 D CAM_Camera2Module: SwMfnr is not supported
11-05 15:53:57.545  7296 15686 D CAM_Camera2Module: setMfnr to true
11-05 15:53:57.546  7296 15686 V CAM_MiCameraCompat: [K_PROCESS]: applyMfnrEnable: false
11-05 15:53:57.547  2923  2923 D BaseDepthController: mSurface is null and mCurrentBlur is: 0
11-05 15:53:57.547  7296  7296 D CAM_FragmentBottomPopupTips: updateTipImage mCustomRoot is null : false
11-05 15:53:57.547  7296 15686 D CAM_Camera2Module: updateDecodePreview: PreviewDecodeManager AlgorithmPreviewSize = 1440x1080
11-05 15:53:57.547  7296 15686 V CAM_MiCamera2: startPreviewCallback
11-05 15:53:57.547  7296 15686 D CAM_QRCodeDecoder: startDecode: 265589270
11-05 15:53:57.547  7296  7296 D CAM_CameraCapabilities: isRemoveNevusDefined request : false
11-05 15:53:57.548  7296 15686 D CAM_AiSceneManager: setAiSceneEffect: 0
11-05 15:53:57.548  7296  7296 D CAM_CameraCapabilities: isRemoveNevusDefined request : false
11-05 15:53:57.548  7296 15686 D CAM_EffectController: getAiColorCorrectionVersion: 2
11-05 15:53:57.548  7296  7296 D CAM_FragmentBottomPopupTips: cancelUpdateTipImage 
11-05 15:53:57.548  7296 15686 D CAM_EffectController: getAiColorCorrectionVersion: 2
11-05 15:53:57.548  7296 15686 D CAM_EffectRenderGroup: onEffectChanged: EFFECT_CHANGE_FILTER mEffectId = 66048
11-05 15:53:57.548  7296 15686 D CAM_CaptureRequestBuilder: applyASDScene: 0
11-05 15:53:57.548  7296 15686 D CAM_BaseModule: flashMode: 0
11-05 15:53:57.548  7296 15686 V CAM_MiCamera2: setFlashMode: 0
11-05 15:53:57.548  7296 15686 D CAM_MiCamera2: applyFlashMode: request android.hardware.camera2.CaptureRequest$Builder@eda9643, applyType = 1
11-05 15:53:57.548  7296 15686 D CAM_MiCameraCompat: applyFlashMode: mode = 0
11-05 15:53:57.548  7296 15686 D CAM_MiCamera2: applyFlashMode: flashMode = 0, mScreenLightCallback = d.c.a.q6.q8.q1@7ac94c0
11-05 15:53:57.548  7296 15686 D CAM_CaptureRequestBuilder: applyScreenLightHint(): false
11-05 15:53:57.549  7296 15686 D CAM_CameraCapabilities: isRemoveNevusDefined request : false
11-05 15:53:57.549  7296 15686 D CAM_Camera2Module: updateBeauty(): 3d beauty level: i:0 | ss: 0 |sf: 0 | ee: 0 | ns: 0 | rs: 0 | lp: 0 | cn: 0 | nk: 0 | se: 0 | sn: 0 | hl: 0 | solid: 0 | whiten: 0 | makeup: 0| headSlim: 0 | bodySlim: 0 | shoulderSlim: 0 | legSlim: 0 | puffy: 0| wholeBodySlim: 0 | buttSlim: 0 | makeupType: 0 | makeupLevel: 0 | beautyMode: 2 | makeupFilter: 0 | ambientLight: 0
11-05 15:53:57.549  7296 15686 W CAM_ImageModuleCameraManager: no consumer for this updateType: 73
11-05 15:53:57.549  7296 15686 W CAM_BaseModuleCameraManager: no consumer for this updateType: 73
11-05 15:53:57.549  7296 15686 W CAM_ImageModuleCameraManager: no consumer for this updateType: 37
11-05 15:53:57.549  7296 15686 D CAM_Camera2Module: SwMfnr is not supported
11-05 15:53:57.549  7296 15686 D CAM_Camera2Module: setSwMfnr to false
11-05 15:53:57.549  7296 15686 D CAM_Camera2Module: setLightingEffect: 0
11-05 15:53:57.550  7296 15686 D CAM_EffectRenderGroup: onEffectChanged: EFFECT_CHANGE_FILTER mEffectId = 66048
11-05 15:53:57.550  7296  7296 D CAM_FragmentBottomPopupTips: toggleSoftLightTip: visible=false
11-05 15:53:57.550  7296 15686 W CAM_ImageModuleCameraManager: no consumer for this updateType: 48
11-05 15:53:57.550  7296 15686 W CAM_ImageModuleCameraManager: no consumer for this updateType: 49
11-05 15:53:57.550  7296 15686 W CAM_BaseModuleCameraManager: no consumer for this updateType: 49
11-05 15:53:57.550  7296 15686 W CAM_ImageModuleCameraManager: no consumer for this updateType: 52
11-05 15:53:57.550  7296 15686 D CAM_Camera2Module: SR is disabled
11-05 15:53:57.550  7296 15686 W CAM_ImageModuleCameraManager: no consumer for this updateType: 62
11-05 15:53:57.550  7296 15686 W CAM_ImageModuleCameraManager: no consumer for this updateType: 75
11-05 15:53:57.550  7296  7296 D CAM_AbstractFragment: baseUpdateView FragmentReferenceLine, true
11-05 15:53:57.550  7296 15686 V CAM_CameraConfigManager: setHistogramStatsEnabled: false
11-05 15:53:57.551  7296 15686 V CAM_CameraConfigManager: setASDEnable: true
11-05 15:53:57.551  7296 15686 D CAM_BaseModuleCameraManager: updateASD call setASDEnable with true
11-05 15:53:57.551  7296 15686 W CAM_ImageModuleCameraManager: no consumer for this updateType: 76
11-05 15:53:57.551  7296  7296 I CAM_PerformanceManager: [P_PERFORM]: Action: A6:switch_ui_setup_163_0 takes 20 ms
11-05 15:53:57.551  7296 15686 W CAM_Camera2CompatAdapterRole: Warning: getAuxCameraId(): #init() failed, roleId=20
11-05 15:53:57.551  7296 15686 D CAM_CaptureRequestBuilder: applyDepurpleEnable: dodepurpleEnabled = true
11-05 15:53:57.551  7296 15686 W CAM_ImageModuleCameraManager: no consumer for this updateType: 78
11-05 15:53:57.551  7296 15686 W CAM_ImageModuleCameraManager: no consumer for this updateType: 77
11-05 15:53:57.551  7296 15686 D CAM_MiCamera2: sendSatFallbackDisableRequest: E. disable = false, isRepeatingRequest = true
11-05 15:53:57.551  7296  7296 D CAM_InputDeviceManager: updateZoomSegment: moduleIndex: 163, zoomSeg[0.6, 1.0, 2.0, 3.2, 5.0, 10.0]
11-05 15:53:57.551  7296 15686 D CAM_MiCameraCompat: applySatFallbackDisable: 0
11-05 15:53:57.551  7296  7296 D CAM_Camera@205499971: CameraSetupConsumer#accept: switch module done
11-05 15:53:57.551  7296 15686 D CAM_MiCamera2: sendSatFallbackDisableRequest: X.
11-05 15:53:57.551  7296  7296 I CAM_PerformanceManager: [P_PERFORM]: Action: A7:switch_setup_consumer_163_0 takes 0 ms
11-05 15:53:57.551  7296 15686 V CAM_CameraConfigManager: applyHighQualityPreferred: true
11-05 15:53:57.551  7296 15686 W CAM_ImageModuleCameraManager: no consumer for this updateType: 92
11-05 15:53:57.551  7296 15686 D CAM_CameraConfigManager: setBeautyLens 4
11-05 15:53:57.551  7296 15686 W CAM_ImageModuleCameraManager: no consumer for this updateType: 98
11-05 15:53:57.551  7296 15686 W CAM_BaseModuleCameraManager: no consumer for this updateType: 98
11-05 15:53:57.551  7296  7296 D CAM_DragLayout: setDragEnable mDragMode : false, mPromptMode : false,mBar : null,withAnim : false
11-05 15:53:57.552  7296 15686 W CAM_ImageModuleCameraManager: no consumer for this updateType: 109
11-05 15:53:57.552  7296 15686 D CAM_BaseModuleCameraManager: updateTeleFallbackMode: curCamId=0
11-05 15:53:57.552  7296 15686 V CAM_CameraConfigManager: setAperture(): 0.0
11-05 15:53:57.552  7296 15686 D CAM_CameraConfigs: aperture: 0.0
11-05 15:53:57.552  7296 15686 V CAM_CameraConfigManager: setExposureMode(): 0
11-05 15:53:57.552  7296 15686 D CAM_CameraConfigs: setExposureMode: 0
11-05 15:53:57.552  7296 15686 W CAM_ImageModuleCameraManager: no consumer for this updateType: 111
11-05 15:53:57.552  7296 15686 V CAM_CameraConfigManager: setIsZoomSpeedUp(): false
11-05 15:53:57.552  7296 15686 V CAM_CaptureRequestBuilder: applyIsZoomSpeedUp(): false
11-05 15:53:57.552  7296 15686 W CAM_ImageModuleCameraManager: no consumer for this updateType: 112
11-05 15:53:57.552  7296 15686 V CAM_CameraConfigManager: setIsZoomSpeedDown(): false
11-05 15:53:57.552  7296 15686 V CAM_CaptureRequestBuilder: applyIsZoomSpeedDown(): false
11-05 15:53:57.552  7296  7296 D StartTopBarAdapter: onBindViewHolder
11-05 15:53:57.552  7296 15686 V CAM_CameraConfigManager: setFaceAEStrategy(): 0
11-05 15:53:57.552  7296 15686 D CAM_CaptureRequestBuilder: applyFaceAEStrategyFlag: 0
11-05 15:53:57.552  7296 15686 D CAM_MiCameraCompat: applyFaceAEStrategyFlag  case = 0
11-05 15:53:57.552  7296 15686 D CAM_LiveShotManager: updateLiveShot = false
11-05 15:53:57.552  7296 15686 I CAM_PerformanceManager: [P_PERFORM]: Action: 5.2:applyPreviewSettings_163_0 takes 20 ms
11-05 15:53:57.553  7296 15686 I CAM_PerformanceManager: [P_PERFORM]: Action: 5:captureSessionReady2startPreview_163_0 takes 25 ms
11-05 15:53:57.553  7296 15686 V CAM_MiCamera2: resumePreview: cameraId=0 highSpeed=false | caller=d.c.b.p4.A0(Unknown Source:71), d.c.a.q6.r7$e.a(Unknown Source:203), d.c.a.q6.r7$e.accept(Unknown Source:2), io.reactivex.internal.observers.LambdaObserver.onNext(Unknown Source:8), 
11-05 15:53:57.553  1558 25994 D CameraService: startCameraStreamingOps: Start data delivery for uid 10586
11-05 15:53:57.554  7296  7296 D StartTopBarAdapter: updateView - anim id = 2131886459
11-05 15:53:57.554  7296 15803 V CAM_LiveShotManager: [KTP]updateLiveShot: E
11-05 15:53:57.554  7296  7296 I StartTopBarAdapter: shouldEnableAnim = false
11-05 15:53:57.554  7296  7296 D StartTopBarAdapter: showJsonAnimation - anim id = 2131886459 image view = com.android.camera2.compat.theme.custom.mm.top.StrikethroughImageView{18d66ae V.ED..C.. ......I. 0,0-116,116}
11-05 15:53:57.554  7296 15803 V CAM_LiveShotManager: [KTP]updateLiveShot: X
11-05 15:53:57.554  7296 15686 I CAM_MiCamera2: [K_PROCESS]: resumePreview: repeating sequenceId: 0
11-05 15:53:57.554  7296  7296 D EndTopBarAdapter: onBindViewHolder
11-05 15:53:57.555  7296  7296 D EndTopBarAdapter: updateView - anim id = 0
11-05 15:53:57.560  2923  2923 D BaseDepthController: mSurface is null and mCurrentBlur is: 0
11-05 15:53:57.560  7296  7296 V CAM_FaceView: mCameraDisplayOrientation=90
11-05 15:53:57.560  7296  7296 V CAM_FaceView: mMirror=false
11-05 15:53:57.561  7296  7296 D CAM_FragmentBottomPopupTips: restoreAiState: maybe restore ai scene tip:0
11-05 15:53:57.562  1856  3427 W ActivityManager: pid 1856 system sent binder code 15 with flags 0 to frozen apps and got error -32
11-05 15:53:57.562  1092  2104 E CamX    : [ERROR][SENSOR ] camxoisdata.cpp:437 CreateOISModeCmd() [OISEIS] m_MaxOisFilterX=0x1756,m_MaxOisFilterY=0x1756
11-05 15:53:57.568  1856  3427 E NFC     : NFC service dead - attempting to recover
11-05 15:53:57.568  1856  3427 E NFC     : android.os.DeadObjectException
11-05 15:53:57.568  1856  3427 E NFC     : 	at android.os.BinderProxy.transactNative(Native Method)
11-05 15:53:57.568  1856  3427 E NFC     : 	at android.os.BinderProxy.transact(BinderProxy.java:592)
11-05 15:53:57.568  1856  3427 E NFC     : 	at android.nfc.INfcAdapter$Stub$Proxy.setReaderMode(INfcAdapter.java:1408)
11-05 15:53:57.568  1856  3427 E NFC     : 	at android.nfc.NfcAdapter.lambda$setReaderModePollingEnabled$14(NfcAdapter.java:1791)
11-05 15:53:57.568  1856  3427 E NFC     : 	at android.nfc.NfcAdapter.$r8$lambda$ChHsu3zyyl-fmMSV4W6nAmsvLKQ(Unknown Source:0)
11-05 15:53:57.568  1856  3427 E NFC     : 	at android.nfc.NfcAdapter$$ExternalSyntheticLambda12.call(D8$$SyntheticClass:0)
11-05 15:53:57.568  1856  3427 E NFC     : 	at android.nfc.NfcAdapter.callService(NfcAdapter.java:2594)
11-05 15:53:57.568  1856  3427 E NFC     : 	at android.nfc.NfcAdapter.setReaderModePollingEnabled(NfcAdapter.java:1791)
11-05 15:53:57.568  1856  3427 E NFC     : 	at com.android.server.camera.CameraServiceProxy.notifyNfcService(CameraServiceProxy.java:1496)
11-05 15:53:57.568  1856  3427 E NFC     : 	at com.android.server.camera.CameraServiceProxy.updateActivityCount(CameraServiceProxy.java:1467)
11-05 15:53:57.568  1856  3427 E NFC     : 	at com.android.server.camera.CameraServiceProxy.-$$Nest$mupdateActivityCount(CameraServiceProxy.java:0)
11-05 15:53:57.568  1856  3427 E NFC     : 	at com.android.server.camera.CameraServiceProxy$2.notifyCameraState(CameraServiceProxy.java:849)
11-05 15:53:57.568  1856  3427 E NFC     : 	at android.hardware.ICameraServiceProxy$Stub.onTransact(ICameraServiceProxy.java:160)
11-05 15:53:57.568  1856  3427 E NFC     : 	at android.os.Binder.execTransactInternal(Binder.java:1426)
11-05 15:53:57.568  1856  3427 E NFC     : 	at android.os.Binder.execTransact(Binder.java:1365)
11-05 15:53:57.570  2923  2923 D BaseDepthController: mSurface is null and mCurrentBlur is: 0
11-05 15:53:57.580  2923  2923 D BaseDepthController: mSurface is null and mCurrentBlur is: 0
11-05 15:53:57.591 24718 24726 D NfcService: setReaderMode: uid=1000, packageName: android, flags: 4096
11-05 15:53:57.591 24718 24726 E NfcService: setReaderMode: called with invalid flag parameter.
11-05 15:53:57.592  2923  2923 D BaseDepthController: mSurface is null and mCurrentBlur is: 0
11-05 15:53:57.602  2923  2923 D BaseDepthController: mSurface is null and mCurrentBlur is: 0
11-05 15:53:57.614  2923  2923 D BaseDepthController: mSurface is null and mCurrentBlur is: 0
11-05 15:53:57.624  1092 25991 E libprotobuf-native: [libprotobuf ERROR external/protobuf/src/google/protobuf/message_lite.cc:123] Can't parse message of type "sns_flicker_event" because it is missing required fields: (cannot determine missing fields for lite message)
11-05 15:53:57.625  1092  2115 E libprotobuf-native: [libprotobuf ERROR external/protobuf/src/google/protobuf/message_lite.cc:123] Can't parse message of type "sns_flicker_event" because it is missing required fields: (cannot determine missing fields for lite message)
11-05 15:53:57.637 25820 26054 I CameraManagerGlobal: Connecting to camera service
11-05 15:53:57.637  2923  2923 D BaseDepthController: mSurface is null and mCurrentBlur is: 0
11-05 15:53:57.644  1558  9187 I AttributionAndPermissionUtils: checkPermission (forDataDelivery 0 startDataDelivery 0): Permission hard denied for client attribution [uid 10718, pid 25820, packageName "<unknown>"]
11-05 15:53:57.647  2923  2923 D BaseDepthController: mSurface is null and mCurrentBlur is: 0
11-05 15:53:57.648  2923  2923 D SsBaseTemplateCard: No text view can be set up
11-05 15:53:57.648  2923  2923 I SsBaseTemplateCard: setFormattedContentDescription: text=14°C, iconDescription=Lluvia, contentDescription=Lluvia, 14°C
11-05 15:53:57.648  2923  2923 D SsBaseTemplateCard: Passed-in item info is null
11-05 15:53:57.648  2923  2923 D SsBaseTemplateCard: Passed-in item info is null
11-05 15:53:57.648  2923  2923 I SsBaseTemplateCard: Secondary card pane is null
11-05 15:53:57.648  2741  2788 V WindowManagerShell: Transition animation finished (aborted=false), notifying core (#52) android.os.BinderProxy@f1a631b@0
11-05 15:53:57.650  2923  2923 D b/387844520: getOutlineOffsetX: measured width = 182, mNormalizedIconSize = 167, last updated width = 182
11-05 15:53:57.650 25820 26054 W CameraManagerGlobal: Ignoring status update of camera 0
11-05 15:53:57.650 25820 26054 W CameraManagerGlobal: Ignoring status update of camera 0
11-05 15:53:57.650 25820 26054 W CameraManagerGlobal: Ignoring status update of camera 0
11-05 15:53:57.650 25820 26054 W CameraManagerGlobal: Ignoring status update of camera 0
11-05 15:53:57.650 25820 26054 W CameraManagerGlobal: Ignoring status update of camera 0
11-05 15:53:57.650 25820 26054 W CameraManagerGlobal: Ignoring status update of camera 0
11-05 15:53:57.650 25820 26054 W CameraManagerGlobal: Ignoring status update of camera 0
11-05 15:53:57.650  1856  1893 V WindowManager: Finish Transition (#52): created at 11-05 15:53:57.066 collect-started=0.288ms request-sent=11.779ms started=13.237ms ready=40.584ms sent=43.772ms commit=13.276ms finished=583.494ms
11-05 15:53:57.650 25820 26054 W CameraManagerGlobal: Ignoring status update of camera 0
11-05 15:53:57.650 25820 26054 W CameraManagerGlobal: Ignoring status update of camera 0
11-05 15:53:57.652  2741  2788 V WindowManagerShell: Track 0 became idle
11-05 15:53:57.652  2741  2788 V WindowManagerShell: All active transition animations finished
11-05 15:53:57.652   668   668 I hwservicemanager: getTransport: Cannot find entry vendor.qti.hardware.servicetracker@1.2::IServicetracker/default in either framework or device VINTF manifest.
11-05 15:53:57.652  1856  1896 W ActivityTaskManager: servicetracker HIDL not available
11-05 15:53:57.652  1856  1896 E ActivityTaskManager: Unable to get servicetracker HAL instance
11-05 15:53:57.653   668   668 I hwservicemanager: getTransport: Cannot find entry vendor.qti.hardware.servicetracker@1.2::IServicetracker/default in either framework or device VINTF manifest.
11-05 15:53:57.653  1856  1896 W ActivityTaskManager: servicetracker HIDL not available
11-05 15:53:57.653  1856  1896 E ActivityTaskManager: Unable to get servicetracker HAL instance
11-05 15:53:57.654 25820 25832 W CameraManagerGlobal: ignore the torch status update of camera: 10
11-05 15:53:57.654 25820 25832 W CameraManagerGlobal: ignore the torch status update of camera: 2
11-05 15:53:57.654 25820 25832 W CameraManagerGlobal: ignore the torch status update of camera: 3
11-05 15:53:57.654 25820 25832 W CameraManagerGlobal: ignore the torch status update of camera: 4
11-05 15:53:57.655 25820 25833 W CameraManagerGlobal: ignore the torch status update of camera: 5
11-05 15:53:57.655 25820 25833 W CameraManagerGlobal: ignore the torch status update of camera: 6
11-05 15:53:57.655 25820 25833 W CameraManagerGlobal: ignore the torch status update of camera: 7
11-05 15:53:57.655 25820 25833 W CameraManagerGlobal: ignore the torch status update of camera: 9
11-05 15:53:57.661  1262  1262 I RefreshRateSelector: Display 4630946545580055169 policy changed
11-05 15:53:57.661  1262  1262 I RefreshRateSelector: Previous: {defaultModeId=1, allowGroupSwitching=false, primaryRanges={physical=[0.00 Hz, 120.00 Hz], render=[0.00 Hz, 120.00 Hz]}, appRequestRanges={physical=[0.00 Hz, 120.00 Hz], render=[0.00 Hz, 120.00 Hz]} idleScreenConfig=nullptr}
11-05 15:53:57.661  1262  1262 I RefreshRateSelector: Current:  DisplayManagerPolicy{defaultModeId=0, allowGroupSwitching=false, primaryRanges={physical=[60.00 Hz, 120.00 Hz], render=[60.00 Hz, 60.00 Hz]}, appRequestRanges={physical=[60.00 Hz, 120.00 Hz], render=[60.00 Hz, 60.00 Hz]} idleScreenConfig=nullptr}
11-05 15:53:57.661  1262  1262 I RefreshRateSelector: 6 mode changes were performed under the previous policy
11-05 15:53:57.661  1262  1262 D DisplayModeController: setDesiredMode 4630946545580055169 {mode={fps=60.00 Hz, modePtr={id=0, vsyncRate=60.00 Hz, peakRefreshRate=60.00 Hz}}, emitEvent=true, force=false}
11-05 15:53:57.664  1151  1832 I SDM     : HWDeviceDRM::UpdateMixerAttributes: Mixer WxH 1080x2340-0 for Peripheral
11-05 15:53:57.665  1151  1832 I SDM     : HWCDisplay::SubmitDisplayConfig: Active configuration changed to: 0
11-05 15:53:57.665  2923  2923 D VRI[NexusLauncherActivity]: visibilityChanged oldVisibility=true newVisibility=false
11-05 15:53:57.666  2923  2923 D BaseDepthController: setSurface:
11-05 15:53:57.666  2923  2923 D BaseDepthController: 	mWaitingOnSurfaceValidity: false
11-05 15:53:57.666  2923  2923 D BaseDepthController: 	mBaseSurface: null
11-05 15:53:57.667  2923  2923 D BaseDepthController: mSurface is null and mCurrentBlur is: 0
11-05 15:53:57.667  2923  2923 D StatsLog: LAUNCHER_ONSTOP
11-05 15:53:57.667  2923 14251 D GmsPlayProvider: Forcefully shut down the binder channel
11-05 15:53:57.667  2923  4617 D OneSearchSuggestProvider: Forcefully shut down the binder channel
11-05 15:53:57.668  2923  2934 I IPCThreadState: oneway function results for code 2 on binder at 0xb400006ebb23dff0 will be dropped but finished with status UNKNOWN_TRANSACTION
11-05 15:53:57.668  2923  2923 D StatsLog: LAUNCHER_GOOGLE_SEARCH_RESTORE_LIST_SIZE_AFTER_ACTIVITY_RESTART
11-05 15:53:57.669   668   668 I hwservicemanager: getTransport: Cannot find entry vendor.qti.hardware.servicetracker@1.0::IServicetracker/default in either framework or device VINTF manifest.
11-05 15:53:57.670   668   668 I hwservicemanager: getTransport: Cannot find entry vendor.qti.hardware.servicetracker@1.0::IServicetracker/default in either framework or device VINTF manifest.
11-05 15:53:57.671 23227 23227 I PlayCloudSearchChimeraS: Stopping the server
11-05 15:53:57.671 23227 23227 I PlayCloudSearchLifeCycl: Stopping the GRPC server
11-05 15:53:57.671  2923  2923 D NexusLauncherModelDelegate: notifySmartspaceEvent: SmartspaceTargetEvent{mSmartspaceTarget=null, mSmartspaceActionId='null', mEventType=7}
11-05 15:53:57.672  5415  5491 I AiAiEcho: AmbientDataPredictorImpl No tracked ambient data found for ID: null; for event type: 7, skipping event processing.
11-05 15:53:57.672  2923  2923 D BaseDepthController: mSurface is null and mCurrentBlur is: 0
11-05 15:53:57.676  2923  2923 D NexusLauncherModelDelegate: notifySmartspaceEvent: SmartspaceTargetEvent{mSmartspaceTarget=null, mSmartspaceActionId='null', mEventType=7}
11-05 15:53:57.676  1856  1896 I DisplayDeviceRepository: Display device changed render timings: "Pantalla integrada", renderFrameRate=60.000004, presentationDeadlineNanos=16666666, appVsyncOffsetNanos=1000000, frameRateOverrides=[]
11-05 15:53:57.677  1085  2333 D audio_hw_primary: adev_set_parameters: enter: screen_state=on
11-05 15:53:57.677  1085  2333 V msm8974_platform: platform_set_parameters: enter: screen_state=on
11-05 15:53:57.677  1085  2333 D audio_hw_hfp: hfp_set_parameters: enter
11-05 15:53:57.677  1085  2333 D sound_trigger_hw: handle_screen_status_change: screen on
11-05 15:53:57.677  1085  2333 D audio_hw_hfp: hfp_set_parameters: enter
11-05 15:53:57.677  1085  2333 V a2dp_offload: end of a2dp setparam
11-05 15:53:57.677  1085  2333 D audio_hw_cspl_cal: cirrus_cal_setparameters: enter 0xef4463c0
11-05 15:53:57.677  1085  2333 D audio_hw_extn: audio_extn_fm_set_parameters: Enter
11-05 15:53:57.677  1085  2333 D audio_hw_hfp: hfp_set_parameters: enter
11-05 15:53:57.677  1085  2333 V a2dp_offload: end of a2dp setparam
11-05 15:53:57.677  1085  2333 D audio_hw_primary: adev_set_parameters: exit with code(0)
11-05 15:53:57.678  5415  5491 I AiAiEcho: AmbientDataPredictorImpl No tracked ambient data found for ID: null; for event type: 7, skipping event processing.
11-05 15:53:57.679  1856  1894 D WindowManager: DeferredDisplayUpdater: partially applying DisplayInfo(1080 x 2340) immediately
11-05 15:53:57.682  1092  2111 E CamX    : [ERROR][LRME/CVP] camxcvpnode.cpp:938 GetFaceROI() Face ROI is not published
11-05 15:53:57.692   668   668 I hwservicemanager: getTransport: Cannot find entry vendor.qti.hardware.servicetracker@1.2::IServicetracker/default in either framework or device VINTF manifest.
11-05 15:53:57.692  1856  3427 W ActivityTaskManager: servicetracker HIDL not available
11-05 15:53:57.692  1856  3427 E ActivityTaskManager: Unable to get servicetracker HAL instance
11-05 15:53:57.692   668   668 I hwservicemanager: getTransport: Cannot find entry vendor.qti.hardware.servicetracker@1.2::IServicetracker/default in either framework or device VINTF manifest.
11-05 15:53:57.692  1856  3427 W ActivityTaskManager: servicetracker HIDL not available
11-05 15:53:57.692  1856  3427 E ActivityTaskManager: Unable to get servicetracker HAL instance
11-05 15:53:57.693  1856  2689 D BackgroundInstallControlService: Package event received: 0
11-05 15:53:57.696  7296  8932 D CAM_MiCamera2: onCaptureCompleted: sequenceId = 0, frameNumber = 0
11-05 15:53:57.696  7296  8932 D CAM_MiCamera2: setState: 1
11-05 15:53:57.698  7296 15749 D CAM_Camera2DataContainer: Currently user selected zoom ratio is 1.0
11-05 15:53:57.698  7296 15749 D CAM_Camera2DataContainer: getActualOpenCameraId: mode=a3, id=0->0
11-05 15:53:57.699  7296 15749 I CAM_CameraScreenNail: [K_PROCESS]: onFrameAvailable first frame arrived.
11-05 15:53:57.699  7296 15749 I CAM_PerformanceManager: [P_PERFORM]: Event: COLD_LAUNCH has no start time, ignore this stop event as take 0 ms
11-05 15:53:57.699  7296 15749 I CAM_PerformanceManager: [P_PERFORM]: Event: HOT_LAUNCH_163_0 takes 596 ms
11-05 15:53:57.699  7296 15749 I CAM_PerformanceManager: [P_PERFORM]: Event: HOT_LAUNCH takes 596 is less than 1500
11-05 15:53:57.699  7296 15749 D CAM_ActivityBase: onFrameAvailable: trackStartAppCost: 596
11-05 15:53:57.699  7296 15749 I CAM_PerformanceManager: [P_PERFORM]: Action: 6:[HAL]startPreview2firstFrame_163_0 takes 146 ms
11-05 15:53:57.700  7296 15749 D CAM_RenderEngineV1: clearAnimation
11-05 15:53:57.700  7296 15697 V CAM_PreviewImage: fillYUVDataWithoutPadding: image size=1440x1080, yBufSize=1589728, uvBufSize=794847, yRowStride=1472, uvRowStride=1472
11-05 15:53:57.700  7296 15749 I CAM_BaseModule: [K_PROCESS]: enableCameraControls: enable = true, caller: d.c.a.q6.r7.g0(Unknown Source:19), com.android.camera.Camera.ni(Unknown Source:143), com.android.camera.ActivityBase.pi(Unknown Source:313), 
11-05 15:53:57.700  7296 15749 D CAM_BaseModule: setFrameAvailable true
11-05 15:53:57.700  7296 15749 D CAM_FocusView: reset: type = 8, is draw = false, mIsTouchFocus = false
11-05 15:53:57.700  7296 15686 D CAM_Camera2Module: init preview callback type decoders, previewCallbackType: 0x2, needUpdatePreference: false
11-05 15:53:57.701  7296 15749 D CAM_InputDeviceManager: updateConnStatus: E.
11-05 15:53:57.701  7296  7296 D CAM_FragmentBottomAction: setClickEnable: true
11-05 15:53:57.701  7296  7296 D CAM_CameraSnapView: setClickEnable: true
11-05 15:53:57.701  7296 15749 D CAM_InputDeviceManager: updateConnStatus: X. cost: 0
11-05 15:53:57.701  7296 15749 D CAM_Camera2Module: notifyAfterFirstFrameArrived.m3ALocked: false
11-05 15:53:57.702  7296  7296 D CAM_BottomCV: adjustThumbBg android.widget.ImageView{585d78a VFED..... ......ID 0,0-100,100 #7f0b06f2 app:id/v9_thumbnail_image}
11-05 15:53:57.702  7296 15863 D CAM_BaseModule: isSupportAFSaliency=false
11-05 15:53:57.702  7296  7296 D CAM_FragmentModeSelector: notifyAfterFrameAvailable: dragChild's VState: 0 AlphaState: 1.0 TransLationY: 0.0
11-05 15:53:57.702  7296  7296 V CAM_FaceView: mCameraDisplayOrientation=90
11-05 15:53:57.703  7296  7296 D CAM_FocusView: onCameraOpen>>
11-05 15:53:57.703  7296  7296 W CAM_FocusView: onCameraOpen: adapter=d.c.a.r7.t1@feb98ab
11-05 15:53:57.703  7296 15697 V CAM_PreviewImage: fillYUVDataWithoutPadding: cost time = 4ms
11-05 15:53:57.703  7296  7296 D CAM_TrackFocusView: clear
11-05 15:53:57.703  7296  7296 D CAM_FragmentTopBar: setClickEnable: true
11-05 15:53:57.703  7296  7296 D CAM_FragmentTopAlert: setClickEnable: true
11-05 15:53:57.704  7296 25984 V CAM_QRCodeDecoder: decode E: previewImage is null? false
11-05 15:53:57.704  7296 25985 D CAM_MiuiCameraSound: [WTP]loadCameraSound: E
11-05 15:53:57.704  7296 25985 D CAM_MiuiCameraSound: [WTP]loadCameraSound: X
11-05 15:53:57.704  7296  7296 D CAM_ConfigChangeImpl: reCheckAiAudio:SupportAiAudioNew
11-05 15:53:57.705  7296  7296 D CAM_ConfigChangeImpl: reCheckAiAudioSingle:alertAiAudioSingleBGHint
11-05 15:53:57.706  7296  7296 D CAM_FragmentDualCameraAdjustMM: setClickEnable: true
11-05 15:53:57.706  7296  7296 D CAM_ZoomRatioToggleView: setEnabled(): true
11-05 15:53:57.706  7296  7296 D CAM_FragmentDualCameraAdjust: initZoomRatioForBackCamera(): zoom: 1.0
11-05 15:53:57.706  7296  7296 D CAM_FragmentDualCameraAdjustMM: provideAnimateElement(): initialized zoom ratio: 1.0
11-05 15:53:57.706  7296  7296 D CAM_ZoomRatioToggleView: count = 3
11-05 15:53:57.706  7296  7296 D CAM_ZoomRatioToggleView: setSuppressed(): false
11-05 15:53:57.706  7296  7296 D CAM_ZoomRatioToggleView: setSuppressed() ignored: false
11-05 15:53:57.706  7296  7296 I CAM_ZoomRatioToggleView: [U_ACTION]: setZoomRatio(): a = ZOOMING_BY_UNKNOWN_SOURCE,i = 1,z = 1.0,ti =1,tz =1.0
11-05 15:53:57.710  7296  7296 D CAM_FragmentDualCameraAdjust: initZoomRatioForBackCamera(): zoom: 1.0
11-05 15:53:57.712  7296  7296 D CAM_FragmentDualCameraAdjustMM: provideAnimateElement(): initialized zoom ratio: 1.0
11-05 15:53:57.712  7296  7296 D CAM_ZoomRatioToggleView: count = 3
11-05 15:53:57.712  7296  7296 D CAM_ZoomRatioToggleView: setSuppressed(): false
11-05 15:53:57.712  7296  7296 D CAM_ZoomRatioToggleView: setSuppressed() ignored: false
11-05 15:53:57.712  7296  7296 I CAM_ZoomRatioToggleView: [U_ACTION]: setZoomRatio(): a = ZOOMING_BY_UNKNOWN_SOURCE,i = 1,z = 1.0,ti =1,tz =1.0
11-05 15:53:57.715  7296  7296 D CAM_FragmentBottomPopupTips: setClickEnable: true
11-05 15:53:57.715  7296  7296 D CAM_FragmentReferenceLine: setClickEnable: true
11-05 15:53:57.715  7296  7296 D CAM_DispatchFragment: frameAvailable
11-05 15:53:57.717 25883 25924 I ogle.android.gm: AssetManager2(0xb400006dab1b1778) locale list changing from [] to [es-ES]
11-05 15:53:57.717  7296  7296 D CAM_BaseModule: types:86,, u@103755697: mid = 163, cid = 0, created = true, departed = false
11-05 15:53:57.717  7296  7296 D CAM_Camera2Module: setEffectFilter: 66048
11-05 15:53:57.717  7296 25984 W CAM_QRCodeDecoder: decode: failed...  
11-05 15:53:57.717  7296  7296 D CAM_EffectRenderGroup: onEffectChanged: EFFECT_CHANGE_FILTER mEffectId = 66048
11-05 15:53:57.717  7296 15686 D CAM_BaseModule: accept 86,. d.c.a.q6.r7$e@3557b31
11-05 15:53:57.717  7296  7296 D CAM_AiSceneManager: setAiSceneEffect: 0
11-05 15:53:57.717  7296 15686 D CAM_BaseModule: begin to consumePreference..
11-05 15:53:57.717  7296  7296 D CAM_EffectController: getAiColorCorrectionVersion: 2
11-05 15:53:57.717  7296 15686 D CAM_CameraConfigManager: setTrackFocusEnable false
11-05 15:53:57.718  7296  7296 D CAM_EffectController: getAiColorCorrectionVersion: 2
11-05 15:53:57.718  7296 15686 D CAM_CameraConfigManager: setTrackFocusFeatureEnable false
11-05 15:53:57.718  7296  7296 D CAM_EffectRenderGroup: onEffectChanged: EFFECT_CHANGE_FILTER mEffectId = 66048
11-05 15:53:57.718  7296 15686 D CAM_CameraConfigManager: setTrackFocusEnable false
11-05 15:53:57.718  7296  7296 D CAM_FaceView: setSkipDraw: mSkipDraw=false
11-05 15:53:57.718  7296 15686 V CAM_MiCamera2: resumePreview: cameraId=0 highSpeed=false | caller=d.c.b.p4.A0(Unknown Source:71), d.c.a.q6.r7$e.a(Unknown Source:203), d.c.a.q6.r7$e.accept(Unknown Source:2), io.reactivex.internal.observers.LambdaObserver.onNext(Unknown Source:8), 
11-05 15:53:57.718  7296  7296 D CAM_FragmentBottomPopupTips: restoreAiState: maybe restore ai scene tip:0
11-05 15:53:57.718  7296  7296 D CAM_FragmentTopAlert: camerapicker:alertParameterDescriptionTip：visible   8
11-05 15:53:57.718  7296  7296 D CAM_FragmentTopAlert: camerapicker:alertParameterDescriptionTip->DESCRIPTION_NORMAL:change imageView
11-05 15:53:57.719  7296  7296 D CAM_FragmentTopAlert: camerapicker:alertParameterDescriptionTip->DESCRIPTION_FILTER:change imageView
11-05 15:53:57.719  7296 15686 I CAM_MiCamera2: [K_PROCESS]: resumePreview: repeating sequenceId: 1
11-05 15:53:57.719  7296  7296 D CAM_Camera2CompatAdapter: E: initCameraCapabilitiesByCameraId(): 1
11-05 15:53:57.727  7296  7296 D CAM_CameraCapabilities: QuickShotDelayTime tag not defined
11-05 15:53:57.727  7296  7296 D CAM_CameraCapabilities: HQQuickShot: mFeatureMask: 0   mDelayTimeMask: 0
11-05 15:53:57.727  7296  7296 D CAM_CameraCapabilities: QuickShotDelayTimeFactor tag not defined
11-05 15:53:57.727  7296  7296 D CAM_CameraCapabilities: QuickShot: mDelayTimeFactor: 100
11-05 15:53:57.727  7296  7296 D CAM_CameraCapabilities: MiviSuperNight: mSuperNightMask: 0
11-05 15:53:57.727  7296  7296 D CAM_CameraCapabilities: QuickShotNextCaptureMask: mQuickShotNextCaptureMask: 0
11-05 15:53:57.727  7296  7296 D CAM_CameraCapabilities: getBeautyVersionData: 3 ,beautyVersion: 3 ,beautyAlgo: 1
11-05 15:53:57.727  7296  7296 D CAM_CameraCapabilities: SnapshotQuickViewStreamMask: 0
11-05 15:53:57.727  7296  7296 D CAM_Camera2CompatAdapter: X: initCameraCapabilitiesByCameraId(): 1
11-05 15:53:57.728  7296  7296 D CAM_Camera2CompatAdapter: E: initCameraCapabilitiesByCameraId(): 0
11-05 15:53:57.735  7296  7296 D CAM_CameraCapabilities: QuickShotDelayTime tag not defined
11-05 15:53:57.735  7296  7296 D CAM_CameraCapabilities: HQQuickShot: mFeatureMask: 0   mDelayTimeMask: 0
11-05 15:53:57.735  7296  7296 D CAM_CameraCapabilities: QuickShotDelayTimeFactor tag not defined
11-05 15:53:57.735  7296  7296 D CAM_CameraCapabilities: QuickShot: mDelayTimeFactor: 100
11-05 15:53:57.735  7296  7296 D CAM_CameraCapabilities: MiviSuperNight: mSuperNightMask: 0
11-05 15:53:57.735  7296  7296 D CAM_CameraCapabilities: QuickShotNextCaptureMask: mQuickShotNextCaptureMask: 0
11-05 15:53:57.735  7296  7296 D CAM_CameraCapabilities: getBeautyVersionData: 3 ,beautyVersion: 3 ,beautyAlgo: 1
11-05 15:53:57.735  7296  7296 D CAM_CameraCapabilities: SnapshotQuickViewStreamMask: 0
11-05 15:53:57.735  7296  7296 D CAM_Camera2CompatAdapter: X: initCameraCapabilitiesByCameraId(): 0
11-05 15:53:57.735  7296  7296 W CAM_CameraCapabilities: isCurrentDeviceSupportHdr10 AVAILABLE_CONFIGURATIONS is not defined
11-05 15:53:57.735  7296  7296 W CAM_CameraCapabilities: isCurrentDeviceSupportHdr10 AVAILABLE_CONFIGURATIONS is not defined
11-05 15:53:57.735  7296  7296 W CAM_CameraCapabilities: isCurrentDeviceSupportHdr10 AVAILABLE_CONFIGURATIONS is not defined
11-05 15:53:57.735  7296  7296 D CAM_SpeechShutterImpl: processingSpeechShutter false
11-05 15:53:57.735  7296  7296 D CAM_FocusView: msg=9 true
11-05 15:53:57.736  7296  7296 D CAM_V9SuspendShutterButton: init  isBACK = -1
11-05 15:53:57.736  7296  7296 D CAM_ActivityBase: dismissCoverView
11-05 15:53:57.737 25883 25924 I ogle.android.gm: AssetManager2(0xb400006dab1af1f8) locale list changing from [] to [es-ES]
11-05 15:53:57.738  7296  7296 V CAM_QRCodeDecoder: decode X: result = 
11-05 15:53:57.738 25883 25924 I ogle.android.gm: Waiting for a blocking GC ClassLinker
11-05 15:53:57.745 25820 25820 I cr_EnterpriseInfoImpl: #setCacheResult() deviceOwned:false profileOwned:false
11-05 15:53:57.745 25820 25820 I cr_EnterpriseInfo: #getManagedStateForNative() lj5@638ac87
11-05 15:53:57.751  7296  8932 D CAM_MiCamera2: processAfResult: afState changed from -1 to 0
11-05 15:53:57.751  7296  8932 W CAM_MiCamera2: isFocusLocked: 0
11-05 15:53:57.760  7296 15863 W CameraMetadataJV: Expect face scores and rectangles to be non-null
11-05 15:53:57.760  7296 15863 W CameraMetadataJV: Expect face scores and rectangles to be non-null
11-05 15:53:57.761  7296 15863 D CAM_MarshalQueryableASDScene: Expected size should be 8, but got: 0
11-05 15:53:57.761  7296 15863 D CAM_MarshalQueryableASDScene: Expected size should be 8, but got: 0
11-05 15:53:57.761  7296 15863 D CAM_MarshalQueryableASDScene: Expected size should be 8, but got: 0
11-05 15:53:57.762 25820 25820 I m.brave.browser: AssetManager2(0xb400006dab1ae898) locale list changing from [] to [es-ES]
11-05 15:53:57.765  7296  7296 W CAM_Camera2CompatAdapterRole: Warning: getAuxCameraId(): #init() failed, roleId=20
11-05 15:53:57.765  7296  7296 W CAM_Camera2CompatAdapterRole: Warning: getUltraTeleCameraId(): #init() failed, roleId=23
11-05 15:53:57.792  7296 15863 W CameraMetadataJV: Expect face scores and rectangles to be non-null
11-05 15:53:57.793  7296 15863 W CameraMetadataJV: Expect face scores and rectangles to be non-null
11-05 15:53:57.793  7296 15863 D CAM_MarshalQueryableASDScene: Expected size should be 8, but got: 0
11-05 15:53:57.793  7296 15863 D CAM_MarshalQueryableASDScene: Expected size should be 8, but got: 0
11-05 15:53:57.793  7296 15863 D CAM_MarshalQueryableASDScene: Expected size should be 8, but got: 0
11-05 15:53:57.794  7296  7296 W CAM_Camera2CompatAdapterRole: Warning: getAuxCameraId(): #init() failed, roleId=20
11-05 15:53:57.794  7296  7296 W CAM_Camera2CompatAdapterRole: Warning: getUltraTeleCameraId(): #init() failed, roleId=23
11-05 15:53:57.812 25820 25941 W cr_media: BLUETOOTH_CONNECT permission is missing.
11-05 15:53:57.812   668   668 I hwservicemanager: getTransport: Cannot find entry vendor.qti.hardware.servicetracker@1.0::IServicetracker/default in either framework or device VINTF manifest.
11-05 15:53:57.813  1856  9166 V GrammaticalInflectionUtils: AttributionSource: android.content.AttributionSource@5d31f99f does not have READ_SYSTEM_GRAMMATICAL_GENDER permission.
11-05 15:53:57.815   936   936 W Zygote  : forkRepeatedly terminated due to non-simple command
11-05 15:53:57.815   936   936 D Zygote  : mbuffer starts with 16, nice name is com.brave.browser_zygote, mEnd = 434, mNext = 215, mLinesLeft = 6, mFd = 79
11-05 15:53:57.815 25820 25941 W cr_media: getBluetoothAdapter() requires BLUETOOTH permission
11-05 15:53:57.815 25820 25941 W cr_media: registerBluetoothIntentsIfNeeded: Requires BLUETOOTH permission
11-05 15:53:57.825   936   936 D Zygote  : Forked child process 26071
11-05 15:53:57.826 26071 26071 W Zygote  : Unable to open libbeluga.so: dlopen failed: library "libbeluga.so" not found.
11-05 15:53:57.828  1856  1906 W ZygoteProcess: Got error connecting to zygote, retrying. msg= Connection refused
11-05 15:53:57.829  7296 15863 W CameraMetadataJV: Expect face scores and rectangles to be non-null
11-05 15:53:57.829  7296 15863 W CameraMetadataJV: Expect face scores and rectangles to be non-null
11-05 15:53:57.831  7296 15863 D CAM_MarshalQueryableASDScene: Expected size should be 8, but got: 0
11-05 15:53:57.831  7296 15863 D CAM_MarshalQueryableASDScene: Expected size should be 8, but got: 0
11-05 15:53:57.831  7296 15863 D CAM_MarshalQueryableASDScene: Expected size should be 8, but got: 0
11-05 15:53:57.831  7296  7296 W CAM_Camera2CompatAdapterRole: Warning: getAuxCameraId(): #init() failed, roleId=20
11-05 15:53:57.831  7296  7296 W CAM_Camera2CompatAdapterRole: Warning: getUltraTeleCameraId(): #init() failed, roleId=23
11-05 15:53:57.832   668   668 I hwservicemanager: getTransport: Cannot find entry vendor.qti.hardware.servicetracker@1.0::IServicetracker/default in either framework or device VINTF manifest.
11-05 15:53:57.833 26071 26071 I libc    : SetHeapTaggingLevel: tag level set to 0
11-05 15:53:57.840 26071 26071 I .browser_zygote: Using CollectorTypeCC GC.
11-05 15:53:57.853  1092  2115 E libprotobuf-native: [libprotobuf ERROR external/protobuf/src/google/protobuf/message_lite.cc:123] Can't parse message of type "sns_flicker_event" because it is missing required fields: (cannot determine missing fields for lite message)
11-05 15:53:57.853  1092 25991 E libprotobuf-native: [libprotobuf ERROR external/protobuf/src/google/protobuf/message_lite.cc:123] Can't parse message of type "sns_flicker_event" because it is missing required fields: (cannot determine missing fields for lite message)
11-05 15:53:57.874 25883 26025 D CompatChangeReporter: Compat change id reported: 279646685; UID 10730; state: ENABLED
11-05 15:53:57.880  1856  1906 I AppZygote: Starting application preload.
11-05 15:53:57.882 26071 26071 I AppZygoteInit: Beginning application preload for com.brave.browser
11-05 15:53:57.882 26071 26071 D ApplicationLoaders: Returning zygote-cached class loader: /system_ext/framework/androidx.window.extensions.jar
11-05 15:53:57.882 26071 26071 D ApplicationLoaders: Returning zygote-cached class loader: /system_ext/framework/androidx.window.sidecar.jar
11-05 15:53:57.886 26071 26071 D nativeloader: Configuring clns-9 for other apk /data/app/~~mMBONVgEvE75KNkgeUEdxw==/com.brave.browser-8rqUA3BWnC5fvQ-8R2gY1Q==/base.apk. target_sdk_version=36, uses_libraries=, library_path=/data/app/~~mMBONVgEvE75KNkgeUEdxw==/com.brave.browser-8rqUA3BWnC5fvQ-8R2gY1Q==/lib/arm64:/data/app/~~mMBONVgEvE75KNkgeUEdxw==/com.brave.browser-8rqUA3BWnC5fvQ-8R2gY1Q==/base.apk!/lib/arm64-v8a, permitted_path=/data:/mnt/expand
11-05 15:53:57.889 26071 26071 I cr_ZygotePreload: version=142.1.84.133 (428413324) minSdkVersion=29 isBundle=true
11-05 15:53:57.908 26071 26071 D nativeloader: Load /data/app/~~mMBONVgEvE75KNkgeUEdxw==/com.brave.browser-8rqUA3BWnC5fvQ-8R2gY1Q==/base.apk!/lib/arm64-v8a/libmonochrome_64.so using class loader ns clns-9 (caller=/data/app/~~mMBONVgEvE75KNkgeUEdxw==/com.brave.browser-8rqUA3BWnC5fvQ-8R2gY1Q==/base.apk): ok
11-05 15:53:57.910  1856  1906 I AppZygote: Application preload done.
11-05 15:53:57.910 26071 26071 I AppZygoteInit: Application preload done
11-05 15:53:57.910  7296 15863 W CameraMetadataJV: Expect face scores and rectangles to be non-null
11-05 15:53:57.911  7296 15863 W CameraMetadataJV: Expect face scores and rectangles to be non-null
11-05 15:53:57.912  7296 15863 D CAM_MarshalQueryableASDScene: Expected size should be 8, but got: 0
11-05 15:53:57.912  7296 15863 D CAM_MarshalQueryableASDScene: Expected size should be 8, but got: 0
11-05 15:53:57.912  7296 15863 D CAM_MarshalQueryableASDScene: Expected size should be 8, but got: 0
11-05 15:53:57.912  7296  7296 W CAM_Camera2CompatAdapterRole: Warning: getAuxCameraId(): #init() failed, roleId=20
11-05 15:53:57.912  7296  7296 W CAM_Camera2CompatAdapterRole: Warning: getUltraTeleCameraId(): #init() failed, roleId=23
11-05 15:53:57.919 25723 25727 W android.youtube: Suspending all threads took: 5.693ms
11-05 15:53:57.923 26071 26077 W .browser_zygote: Reducing the number of considered missed Gc histogram windows from 104 to 100
11-05 15:53:57.925 26071 26071 I Zygote  : Entering forkRepeatedly native zygote loop
11-05 15:53:57.930 26071 26071 D Zygote  : Forked child process 26084
11-05 15:53:57.931 26084 26084 W Zygote  : Unable to open libbeluga.so: dlopen failed: library "libbeluga.so" not found.
11-05 15:53:57.932  1856  1906 W ActivityManager: Slow operation: 119ms so far, now at startProcess: returned from zygote!
11-05 15:53:57.932  1856  1906 W ActivityManager: Slow operation: 119ms so far, now at startProcess: done updating battery stats
11-05 15:53:57.932  1856  1906 W ActivityManager: Slow operation: 119ms so far, now at startProcess: building log message
11-05 15:53:57.932  1856  1906 I ActivityManager: Start proc 26084:com.brave.browser:sandboxed_process0:org.chromium.content.app.SandboxedProcessService0:0/u0ai0 for  {com.brave.browser/org.chromium.content.app.SandboxedProcessService0:0}
11-05 15:53:57.932  1856  1906 W ActivityManager: Slow operation: 119ms so far, now at startProcess: starting to update pids map
11-05 15:53:57.933  1856  1906 I ActivityManager: ProcessObserver broadcast disabled
11-05 15:53:57.933  1856  1906 W ActivityManager: Slow operation: 119ms so far, now at startProcess: done updating pids map
11-05 15:53:57.933 26084 26084 E libc    : SetHeapTaggingLevel: re-enabling tagging after it was disabled is not supported
11-05 15:53:57.936 26084 26084 I ocessService0:0: Using CollectorTypeCC GC.
11-05 15:53:57.940 26084 26084 D nativeloader: Load libframework-connectivity-tiramisu-jni.so using APEX ns com_android_tethering for caller /apex/com.android.tethering/javalib/framework-connectivity-t.jar: ok
11-05 15:53:57.943  1856  9166 D CompatibilityInfo: mCompatibilityFlags - 0
11-05 15:53:57.943  1856  9166 D CompatibilityInfo: applicationDensity - 440
11-05 15:53:57.943  1856  9166 D CompatibilityInfo: applicationScale - 1.0
11-05 15:53:57.953 26084 26084 D ApplicationLoaders: Returning zygote-cached class loader: /system_ext/framework/androidx.window.extensions.jar
11-05 15:53:57.953 26084 26084 D ApplicationLoaders: Returning zygote-cached class loader: /system_ext/framework/androidx.window.sidecar.jar
11-05 15:53:57.955 26084 26084 I ocessService0:0: AssetManager2(0x6dab1ab9b8) locale list changing from [] to [es-ES]
11-05 15:53:57.958 26084 26084 I cr_SplitCompatApp: version=142.1.84.133 (428413324) minSdkVersion=29 processName=com.brave.browser:sandboxed_process0:org.chromium.content.app.SandboxedProcessService0:0 isIsolatedProcess=true splits=chrome,config.es,on_demand
11-05 15:53:57.961   668   668 I hwservicemanager: getTransport: Cannot find entry vendor.qti.hardware.servicetracker@1.0::IServicetracker/default in either framework or device VINTF manifest.
11-05 15:53:57.974 25820 25820 I cr_CompositorSurfaceMgr: Transitioning to surface with format: -1
11-05 15:53:57.984 26084 26084 I cr_ChildProcessService: Creating new ChildProcessService pid=26084
11-05 15:53:57.990  7296 15863 W CameraMetadataJV: Expect face scores and rectangles to be non-null
11-05 15:53:57.990  7296 15863 W CameraMetadataJV: Expect face scores and rectangles to be non-null
