10-30 14:13:55.075  3436  3754 W Codec2Client: query -- param skipped: index = 1107298332.
10-30 14:13:55.075  3436  3754 D CCodec  : encoding statistics level = 0
10-30 14:13:55.075  3436  3754 D CCodec  : setup formats input: AMessage(what = 0x00000000) = {
10-30 14:13:55.075  3436  3754 D CCodec  :   int32_t bitrate = 75000
10-30 14:13:55.075  3436  3754 D CCodec  :   int32_t channel-count = 1
10-30 14:13:55.075  3436  3754 D CCodec  :   int32_t max-input-size = 32768
10-30 14:13:55.075  3436  3754 D CCodec  :   string mime = "audio/vorbis"
10-30 14:13:55.075  3436  3754 D CCodec  :   int32_t sample-rate = 44100
10-30 14:13:55.075  3436  3754 D CCodec  : }
10-30 14:13:55.075  3436  3754 D CCodec  : setup formats output: AMessage(what = 0x00000000) = {
10-30 14:13:55.075  3436  3754 D CCodec  :   int32_t buffer-batch-max-output-size = 0
10-30 14:13:55.075  3436  3754 D CCodec  :   int32_t buffer-batch-threshold-output-size = 0
10-30 14:13:55.075  3436  3754 D CCodec  :   int32_t channel-count = 1
10-30 14:13:55.075  3436  3754 D CCodec  :   string mime = "audio/raw"
10-30 14:13:55.075  3436  3754 D CCodec  :   int32_t sample-rate = 44100
10-30 14:13:55.075  3436  3754 D CCodec  :   int32_t channel-mask = 1
10-30 14:13:55.075  3436  3754 D CCodec  :   int32_t android._config-pcm-encoding = 2
10-30 14:13:55.075  3436  3754 D CCodec  : }
10-30 14:13:55.075  3436  3754 I CCodecConfig: query failed after returning 8 values (BAD_INDEX)
10-30 14:13:55.076  3436  3754 W Codec2Client: query -- param skipped: index = 1342179345.
10-30 14:13:55.076  3436  3754 W Codec2Client: query -- param skipped: index = 2415921170.
10-30 14:13:55.076  3436  3758 D ReflectedParamUpdater: extent() != 1 for single value type: algo.buffers.max-count.values
10-30 14:13:55.076  3436  3754 D CCodecBufferChannel: [c2.android.vorbis.decoder#540] Created input block pool with allocatorID 16 => poolID 24 - OK (0)
10-30 14:13:55.076  3436  3758 D ReflectedParamUpdater: extent() != 1 for single value type: output.subscribed-indices.values
10-30 14:13:55.076  3436  3758 D ReflectedParamUpdater: extent() != 1 for single value type: input.buffers.allocator-ids.values
10-30 14:13:55.076  3436  3758 D ReflectedParamUpdater: extent() != 1 for single value type: output.buffers.allocator-ids.values
10-30 14:13:55.076  3436  3758 D ReflectedParamUpdater: extent() != 1 for single value type: algo.buffers.allocator-ids.values
10-30 14:13:55.076  3436  3758 D ReflectedParamUpdater: extent() != 1 for single value type: output.buffers.pool-ids.values
10-30 14:13:55.076  3436  3758 D ReflectedParamUpdater: extent() != 1 for single value type: algo.buffers.pool-ids.values
10-30 14:13:55.076  3436  3754 I CCodecBufferChannel: [c2.android.vorbis.decoder#540] Created output block pool with allocatorID 16 => poolID 333 - OK
10-30 14:13:55.076  1089 15763 D MiAILab camera_scene: snpe foward tensor name is MobilenetV1/Predictions_sigmoid:0
10-30 14:13:55.076  1089 15763 D MiAILab camera_scene: forwardnet:3.875000
10-30 14:13:55.076  1089 15763 D MiAILab camera_scene: not define _IGNORE_SCENE_COUNT_
10-30 14:13:55.076  1089 15763 D MiAILab camera_scene: scene_classify::set type = 0
10-30 14:13:55.076  3436  3754 D CCodecBufferChannel: [c2.android.vorbis.decoder#540] Configured output block pool ids 333 => OK
10-30 14:13:55.076  1089 15763 D MiAILab camera_scene: scene_classify: mHasWideAngleRecommend = false
10-30 14:13:55.077  1089 15763 D MiAILab camera_scene: scene_classify: mType:0, mLastScene:0, mSceneCounts:2, mModelType: 3, originType: 0,  mZoom:1.000000, mIso:1601
10-30 14:13:55.077  1089  2107 D MiAILab camera_scene: scene_classify::doClassify mType:0
10-30 14:13:55.077  1089  2107 D MiAILab camera_scene: ForwardCameraSceneNet1 cost:4.609131
10-30 14:13:55.077  1610 16120 E Codec2-ComponentInterface: We have a failed config
10-30 14:13:55.077  3436  3758 I CCodecConfig: query failed after returning 8 values (BAD_INDEX)
10-30 14:13:55.077  3436  3758 D CCodecConfig: c2 config diff is Dict {
10-30 14:13:55.077  3436  3758 D CCodecConfig:   c2::u32 coded.bitrate.value = 64000
10-30 14:13:55.077  3436  3758 D CCodecConfig:   c2::u32 input.buffers.max-size.value = 32768
10-30 14:13:55.077  3436  3758 D CCodecConfig:   c2::u32 input.delay.value = 0
10-30 14:13:55.077  3436  3758 D CCodecConfig:   string input.media-type.value = "audio/vorbis"
10-30 14:13:55.077  3436  3758 D CCodecConfig:   c2::u32 output.large-frame.max-size = 0
10-30 14:13:55.077  3436  3758 D CCodecConfig:   c2::u32 output.large-frame.threshold-size = 0
10-30 14:13:55.077  3436  3758 D CCodecConfig:   string output.media-type.value = "audio/raw"
10-30 14:13:55.077  3436  3758 D CCodecConfig:   c2::u32 raw.channel-count.value = 1
10-30 14:13:55.077  3436  3758 D CCodecConfig:   c2::u32 raw.sample-rate.value = 48000
10-30 14:13:55.077  3436  3758 D CCodecConfig: }
10-30 14:13:55.078  1610  3760 D SimpleC2Component: Using output block pool with poolID 333 => got 333 - 0
10-30 14:13:55.078  3436  3758 D CCodec  : [c2.android.vorbis.decoder] buffers are bound to CCodec for this session
10-30 14:13:55.078  3436  3758 D CCodecConfig: no c2 equivalents for durationUs
10-30 14:13:55.078  3436  3758 D CCodecConfig: no c2 equivalents for track-id
10-30 14:13:55.078  3436  3758 D CCodecConfig: no c2 equivalents for csd-1
10-30 14:13:55.078  3436  3758 D CCodecConfig: no c2 equivalents for flags
10-30 14:13:55.084  3436  3758 D CCodecConfig: c2 config diff is   c2::u32 coded.bitrate.value = 499821
10-30 14:13:55.084  3436  3758 D CCodecConfig:   c2::u32 raw.channel-count.value = 2
10-30 14:13:55.084  3436  3758 D CCodecConfig:   c2::u32 raw.sample-rate.value = 44100
10-30 14:13:55.085  3436  3758 W Codec2Client: query -- param skipped: index = 1107298332.
10-30 14:13:55.085  3436  3758 D CCodec  : encoding statistics level = 0
10-30 14:13:55.085  3436  3758 D CCodec  : setup formats input: AMessage(what = 0x00000000) = {
10-30 14:13:55.085  3436  3758 D CCodec  :   int32_t bitrate = 499821
10-30 14:13:55.085  3436  3758 D CCodec  :   int32_t channel-count = 2
10-30 14:13:55.085  3436  3758 D CCodec  :   int32_t max-input-size = 32768
10-30 14:13:55.085  3436  3758 D CCodec  :   string mime = "audio/vorbis"
10-30 14:13:55.085  3436  3758 D CCodec  :   int32_t sample-rate = 44100
10-30 14:13:55.085  3436  3758 D CCodec  : }
10-30 14:13:55.085  3436  3758 D CCodec  : setup formats output: AMessage(what = 0x00000000) = {
10-30 14:13:55.085  3436  3758 D CCodec  :   int32_t buffer-batch-max-output-size = 0
10-30 14:13:55.085  3436  3758 D CCodec  :   int32_t buffer-batch-threshold-output-size = 0
10-30 14:13:55.085  3436  3758 D CCodec  :   int32_t channel-count = 2
10-30 14:13:55.085  3436  3758 D CCodec  :   string mime = "audio/raw"
10-30 14:13:55.085  3436  3758 D CCodec  :   int32_t sample-rate = 44100
10-30 14:13:55.085  3436  3758 D CCodec  :   int32_t channel-mask = 3
10-30 14:13:55.085  3436  3758 D CCodec  :   int32_t android._config-pcm-encoding = 2
10-30 14:13:55.085  3436  3758 D CCodec  : }
10-30 14:13:55.085  3436  3758 I CCodecConfig: query failed after returning 8 values (BAD_INDEX)
10-30 14:13:55.085  3436  3758 W Codec2Client: query -- param skipped: index = 1342179345.
10-30 14:13:55.085  3436  3758 W Codec2Client: query -- param skipped: index = 2415921170.
10-30 14:13:55.086  3436  3758 D CCodecBufferChannel: [c2.android.vorbis.decoder#417] Created input block pool with allocatorID 16 => poolID 25 - OK (0)
10-30 14:13:55.087  3436  3758 I CCodecBufferChannel: [c2.android.vorbis.decoder#417] Created output block pool with allocatorID 16 => poolID 334 - OK
10-30 14:13:55.087  3436  3758 D CCodecBufferChannel: [c2.android.vorbis.decoder#417] Configured output block pool ids 334 => OK
10-30 14:13:55.087  1610 16120 E Codec2-ComponentInterface: We have a failed config
10-30 14:13:55.088  1610  3762 D SimpleC2Component: Using output block pool with poolID 334 => got 334 - 0
10-30 14:13:55.088  3436  3699 W CameraMetadataJV: Expect face scores and rectangles to be non-null
10-30 14:13:55.089  3436  3699 W CameraMetadataJV: Expect face scores and rectangles to be non-null
10-30 14:13:55.089  3436  3699 W CameraMetadataJV: Expect face scores and rectangles to be non-null
10-30 14:13:55.090  3436  3436 W CAM_Camera2CompatAdapterRole: Warning: getAuxCameraId(): #init() failed, roleId=20
10-30 14:13:55.090  3436  3436 W CAM_Camera2CompatAdapterRole: Warning: getUltraTeleCameraId(): #init() failed, roleId=23
10-30 14:13:55.092  3741  3741 I on.gearhead:car: Waiting for a blocking GC AddRemoveAppImageSpace
10-30 14:13:55.095  3741  3741 W on.gearhead:car: Failed to find entry 'classes.dex': Entry not found
10-30 14:13:55.095  3741  3741 W on.gearhead:car: Failed to find entry 'classes.dex': Entry not found
10-30 14:13:55.096  3741  3741 W on.gearhead:car: Failed to find entry 'classes.dex': Entry not found
10-30 14:13:55.096  3741  3741 D nativeloader: Configuring clns-9 for other apk /data/app/~~Wt9hfbTsSfYCtjeUrwQRMQ==/com.google.android.projection.gearhead-isCGndWCuOa-ZxndRbMhbQ==/base.apk:/data/app/~~Wt9hfbTsSfYCtjeUrwQRMQ==/com.google.android.projection.gearhead-isCGndWCuOa-ZxndRbMhbQ==/split_config.arm64_v8a.apk:/data/app/~~Wt9hfbTsSfYCtjeUrwQRMQ==/com.google.android.projection.gearhead-isCGndWCuOa-ZxndRbMhbQ==/split_config.es.apk:/data/app/~~Wt9hfbTsSfYCtjeUrwQRMQ==/com.google.android.projection.gearhead-isCGndWCuOa-ZxndRbMhbQ==/split_config.xxhdpi.apk. target_sdk_version=36, uses_libraries=, library_path=/data/app/~~Wt9hfbTsSfYCtjeUrwQRMQ==/com.google.android.projection.gearhead-isCGndWCuOa-ZxndRbMhbQ==/lib/arm64:/data/app/~~Wt9hfbTsSfYCtjeUrwQRMQ==/com.google.android.projection.gearhead-isCGndWCuOa-ZxndRbMhbQ==/base.apk!/lib/arm64-v8a:/data/app/~~Wt9hfbTsSfYCtjeUrwQRMQ==/com.google.android.projection.gearhead-isCGndWCuOa-ZxndRbMhbQ==/split_config.arm64_v8a.apk!/lib/arm64-v8a:/data/app/~~Wt9hfbTsSfYCtjeUrwQRMQ==/com.google.android.projection.gearhe
10-30 14:13:55.100  3741  3741 I on.gearhead:car: AssetManager2(0xb4000073810c94f8) locale list changing from [] to [es-ES]
10-30 14:13:55.102  3741  3741 E BoostFramework: BoostFramework() : Exception_1 = java.lang.ClassNotFoundException: com.qualcomm.qti.Performance
10-30 14:13:55.102  3741  3741 E BoostFramework: BoostFramework() Ux Perf: Exception = java.lang.ClassNotFoundException: com.qualcomm.qti.UxPerformance
10-30 14:13:55.103   666   666 I lowmemorykiller: Kill 'android.process.media' (1929), uid 10532, oom_score_adj 985 to free 105132kB rss, 9948kB swap; reason: low watermark is breached
10-30 14:13:55.104  3741  3741 V GraphicsEnvironment: Currently set values for:
10-30 14:13:55.104  3741  3741 V GraphicsEnvironment:   angle_gl_driver_selection_pkgs=[com.android.angle, com.linecorp.b612.android, com.campmobile.snow, com.google.android.apps.tachyon]
10-30 14:13:55.104  3741  3741 V GraphicsEnvironment:   angle_gl_driver_selection_values=[angle, native, native, native]
10-30 14:13:55.105  3741  3741 V GraphicsEnvironment: com.google.android.projection.gearhead is not listed in per-application setting
10-30 14:13:55.105  3741  3741 V GraphicsEnvironment: ANGLE allowlist from config: 
10-30 14:13:55.105  3741  3741 V GraphicsEnvironment: com.google.android.projection.gearhead is not listed in ANGLE allowlist or settings, returning default
10-30 14:13:55.105  3741  3741 V GraphicsEnvironment: Neither updatable production driver nor prerelease driver is supported.
10-30 14:13:55.112  3741  3741 I CAR.GH  : onCreate
10-30 14:13:55.122  3741  3741 I GH.PrimesMgr: transmitting to prod
10-30 14:13:55.124  3741  3741 I CAR.GH  : Process: CAR
10-30 14:13:55.124  3741  3741 I CAR.GH  : Channel: PROD
10-30 14:13:55.131  3741  3741 I CAR.GH  : onCreate completed
10-30 14:13:55.132   668   668 I hwservicemanager: getTransport: Cannot find entry vendor.qti.hardware.servicetracker@1.0::IServicetracker/default in either framework or device VINTF manifest.
10-30 14:13:55.135  1854  2690 I ActivityManager: Process android.process.media (pid 1929) has died: cch+85 CEM 
10-30 14:13:55.135  3741  3741 I GH.CAR  : onCreate
10-30 14:13:55.136   927   927 I Zygote  : Process 1929 exited due to signal 9 (Killed)
10-30 14:13:55.136   668   668 I hwservicemanager: getTransport: Cannot find entry vendor.qti.hardware.servicetracker@1.0::IServicetracker/default in either framework or device VINTF manifest.
10-30 14:13:55.138   666   666 I lowmemorykiller: Kill 'com.google.android.apps.docs' (2034), uid 10748, oom_score_adj 975 to free 178628kB rss, 9932kB swap; reason: low watermark is breached
10-30 14:13:55.138  1854  1902 I libprocessgroup: Removed cgroup /sys/fs/cgroup/apps/uid_10532/pid_1929
10-30 14:13:55.142  1089  2104 E ARCSOFT-SAT: GetAfdata():2357 sat_afdata get afData defocus:19, confidence:27
10-30 14:13:55.142  1089  2104 E ARCSOFT_DUAL_CAMERA: getLdcPara():405 failed with fpcRatio frameNum=7, base=0x808a0000
10-30 14:13:55.142  1089  2104 E ARCSOFT_DUAL_CAMERA: :782 PrepareRatioParam[ARC_SAT] PrepareRatioParam:782: (IN)
10-30 14:13:55.142  1089  2104 E ARCSOFT_DUAL_CAMERA: :819 PrepareRatioParam[ARC_SAT]PrepareRatioParam cameraName = 1 IFELimit rect[0,0,12031,9023]:
10-30 14:13:55.142  1089  2104 E ARCSOFT_DUAL_CAMERA: :825 PrepareRatioParam[ARC_SAT]PrepareRatioParam cameraName = 1  Pipeline rect[0,0,12031,9023]:
10-30 14:13:55.142  1089  2104 E ARCSOFT_DUAL_CAMERA: :831 PrepareRatioParam[ARC_SAT]PrepareRatioParam cameraName = 1  ifeResidualCrop rect[0,0,1439,1079]:
10-30 14:13:55.142  1089  2104 E ARCSOFT_DUAL_CAMERA: :833 PrepareRatioParam[ARC_SAT] PrepareRatioParam:833: (OUT)
10-30 14:13:55.142  1089  2104 E ARCSOFT_DUAL_CAMERA: :842 PrepareCameraParam[ARC_SAT] PrepareCameraParam:842: (IN)
10-30 14:13:55.142  1089  2104 E ARCSOFT_DUAL_CAMERA: :894 PrepareCameraParam[ARC_SAT] PrepareCameraParam:894: (OUT)
10-30 14:13:55.142  1089  2104 E ARCSOFT_DUAL_CAMERA: :900 GetOutputMetadata[ARC_SAT] GetOutputMetadata (IN)
10-30 14:13:55.142  1089  2104 E ARCSOFT_DUAL_CAMERA: :906 GetOutputMetadata[ARC_SAT] GetOutputMetadata m_currentMaster = 1
10-30 14:13:55.142  1089  2104 E ARCSOFT_DUAL_CAMERA: :907 GetOutputMetadata[ARC_SAT] GetOutputMetadata m_recommendedMaster = 1
10-30 14:13:55.142  1089  2104 E ARCSOFT_DUAL_CAMERA: :908 GetOutputMetadata[ARC_SAT] GetOutputMetadata masterCameraId = 0
10-30 14:13:55.142  1089  2104 E ARCSOFT_DUAL_CAMERA: :909 GetOutputMetadata[ARC_SAT] GetOutputMetadata recommendedMasterCameraId = 0
10-30 14:13:55.145   668   668 I hwservicemanager: getTransport: Cannot find entry vendor.qti.hardware.servicetracker@1.0::IServicetracker/default in either framework or device VINTF manifest.
10-30 14:13:55.147  3741  3741 I GH.CAR  : GearheadCarStartupService.onBind
10-30 14:13:55.154  1089  2110 E XIAOMI_AIASD: checkerStatus=2 
10-30 14:13:55.154  1089  2110 E xmi_high_dynamic_range MIHDRVER-2022_0111_1256_J2.G-06bc30de : mihdr, flash_mode=0, is_flash_snapshot=0
10-30 14:13:55.155  1089  2110 E xmi_high_dynamic_range MIHDRVER-2022_0111_1256_J2.G-06bc30de : miaihdrchecker, cam0,id10,sh2,W1440,H1080,S1440,rot 90,adrc 1.49,luxIndex 533.65->520.00,ae2,iso 1601,expo 8.000000e+07,dark 1.000,conf[0.00, 0.00],1.000
10-30 14:13:55.155  1089  2110 E xmi_high_dynamic_range MIHDRVER-2022_0111_1256_J2.G-06bc30de : miaihdrchecker 01082036, type 0, Num 3, [0, -12, 0, 0], auto 0,on 2, 1
10-30 14:13:55.156  1089  2110 I MIALGO_SD: LL_SD: ggq dxo param lux_index 533.653259 light 0.057731 dark ratio 0.977788 middle ratio 0.000000 bright ratio 0.000000 result 1
10-30 14:13:55.163   668   668 I hwservicemanager: getTransport: Cannot find entry vendor.qti.hardware.servicetracker@1.0::IServicetracker/default in either framework or device VINTF manifest.
10-30 14:13:55.164  3764  3764 I crash_dump64: obtaining output fd from tombstoned, type: kDebuggerdTombstoneProto
10-30 14:13:55.165   761   761 I tombstoned: received crash request for pid 3696
10-30 14:13:55.166  3764  3764 I crash_dump64: performing dump of process 3436 (target tid = 3696)
10-30 14:13:55.171   668   668 I hwservicemanager: getTransport: Cannot find entry vendor.qti.hardware.servicetracker@1.0::IServicetracker/default in either framework or device VINTF manifest.
10-30 14:13:55.172  3436  3699 W CameraMetadataJV: Expect face scores and rectangles to be non-null
10-30 14:13:55.173  3436  3699 W CameraMetadataJV: Expect face scores and rectangles to be non-null
10-30 14:13:55.173  3436  3699 W CameraMetadataJV: Expect face scores and rectangles to be non-null
10-30 14:13:55.175  3436  3436 W CAM_Camera2CompatAdapterRole: Warning: getAuxCameraId(): #init() failed, roleId=20
10-30 14:13:55.175  3436  3436 W CAM_Camera2CompatAdapterRole: Warning: getUltraTeleCameraId(): #init() failed, roleId=23
10-30 14:13:55.181  3741  3773 I GH.CAR  : gearheadCarServiceBinder in mainHandler: true
10-30 14:13:55.182  3436  3758 D CCodecBufferChannel: [c2.android.vorbis.decoder#417] MediaCodec discarded an unknown buffer
10-30 14:13:55.184  1610 16120 I hw-BpHwBinder: onLastStrongRef automatically unlinking death recipients
10-30 14:13:55.184  3436  3780 I hw-BpHwBinder: onLastStrongRef automatically unlinking death recipients
10-30 14:13:55.184  1610 16120 D BufferPoolAccessor2.0: Destruction - bufferpool2 0xb400006ec009ad78 cached: 0/0M, 0/0% in use; allocs: 0, 0% recycled; transfers: 0, 0% unfetched
10-30 14:13:55.190  3436  3702 D MediaCodecList: codecHandlesFormat: no format, so no extra checks
10-30 14:13:55.191  3436  3782 D CCodec  : allocate(c2.android.opus.decoder)
10-30 14:13:55.193  3436  3782 I CCodec  : setting up 'default' as default (vendor) store
10-30 14:13:55.195  3436  3754 D CCodecBufferChannel: [c2.android.vorbis.decoder#540] MediaCodec discarded an unknown buffer
10-30 14:13:55.195  3436  3754 D CCodecBufferChannel: [c2.android.vorbis.decoder#540] MediaCodec discarded an unknown buffer
10-30 14:13:55.195  3436  3754 D CCodecBufferChannel: [c2.android.vorbis.decoder#540] MediaCodec discarded an unknown buffer
10-30 14:13:55.196  3436  3782 I CCodec  : Created component [c2.android.opus.decoder] for [c2.android.opus.decoder]
10-30 14:13:55.196  3436  3754 I hw-BpHwBinder: onLastStrongRef automatically unlinking death recipients
10-30 14:13:55.196  1610 16120 I hw-BpHwBinder: onLastStrongRef automatically unlinking death recipients
10-30 14:13:55.196  3436  3782 D CCodecConfig: read media type: audio/opus
10-30 14:13:55.197  1610 16120 D BufferPoolAccessor2.0: Destruction - bufferpool2 0xb400006ec0098f68 cached: 0/0M, 0/0% in use; allocs: 0, 0% recycled; transfers: 0, 0% unfetched
10-30 14:13:55.198  3436  3782 D ReflectedParamUpdater: extent() != 1 for single value type: algo.buffers.max-count.values
10-30 14:13:55.198  3436  3782 D ReflectedParamUpdater: extent() != 1 for single value type: output.subscribed-indices.values
10-30 14:13:55.198  3436  3782 D ReflectedParamUpdater: extent() != 1 for single value type: input.buffers.allocator-ids.values
10-30 14:13:55.198  3436  3782 D ReflectedParamUpdater: extent() != 1 for single value type: output.buffers.allocator-ids.values
10-30 14:13:55.198  3436  3782 D ReflectedParamUpdater: extent() != 1 for single value type: algo.buffers.allocator-ids.values
10-30 14:13:55.198  3436  3782 D ReflectedParamUpdater: extent() != 1 for single value type: output.buffers.pool-ids.values
10-30 14:13:55.198  3436  3782 D ReflectedParamUpdater: extent() != 1 for single value type: algo.buffers.pool-ids.values
10-30 14:13:55.199  3436  3782 I CCodecConfig: query failed after returning 8 values (BAD_INDEX)
10-30 14:13:55.199  3436  3782 D CCodecConfig: c2 config diff is Dict {
10-30 14:13:55.199  3436  3782 D CCodecConfig:   c2::u32 coded.bitrate.value = 6000
10-30 14:13:55.199  3436  3782 D CCodecConfig:   c2::u32 input.buffers.max-size.value = 5760
10-30 14:13:55.199  3436  3782 D CCodecConfig:   c2::u32 input.delay.value = 0
10-30 14:13:55.199  3436  3782 D CCodecConfig:   string input.media-type.value = "audio/opus"
10-30 14:13:55.199  3436  3782 D CCodecConfig:   c2::u32 output.large-frame.max-size = 0
10-30 14:13:55.199  3436  3782 D CCodecConfig:   c2::u32 output.large-frame.threshold-size = 0
10-30 14:13:55.199  3436  3782 D CCodecConfig:   string output.media-type.value = "audio/raw"
10-30 14:13:55.199  3436  3782 D CCodecConfig:   c2::u32 raw.channel-count.value = 1
10-30 14:13:55.199  3436  3782 D CCodecConfig:   c2::u32 raw.sample-rate.value = 48000
10-30 14:13:55.199  3436  3782 D CCodecConfig: }
10-30 14:13:55.200  3436  3782 D CCodec  : [c2.android.opus.decoder] buffers are bound to CCodec for this session
10-30 14:13:55.200  3436  3782 D CCodecConfig: no c2 equivalents for durationUs
10-30 14:13:55.200  3436  3782 D CCodecConfig: no c2 equivalents for track-id
10-30 14:13:55.200  3436  3782 D CCodecConfig: no c2 equivalents for csd-1
10-30 14:13:55.200  3436  3782 D CCodecConfig: no c2 equivalents for csd-2
10-30 14:13:55.200  3436  3782 D CCodecConfig: no c2 equivalents for flags
10-30 14:13:55.200  3436  3782 D CCodecConfig: c2 config diff is   c2::u32 raw.channel-count.value = 2
10-30 14:13:55.200  3436  3782 W Codec2Client: query -- param skipped: index = 1107298332.
10-30 14:13:55.200  3436  3782 D CCodec  : encoding statistics level = 0
10-30 14:13:55.200  3436  3782 D CCodec  : setup formats input: AMessage(what = 0x00000000) = {
10-30 14:13:55.200  3436  3782 D CCodec  :   int32_t bitrate = 6000
10-30 14:13:55.200  3436  3782 D CCodec  :   int32_t channel-count = 2
10-30 14:13:55.200  3436  3782 D CCodec  :   int32_t max-input-size = 5760
10-30 14:13:55.200  3436  3782 D CCodec  :   string mime = "audio/opus"
10-30 14:13:55.200  3436  3782 D CCodec  :   int32_t sample-rate = 48000
10-30 14:13:55.200  3436  3782 D CCodec  : }
10-30 14:13:55.200  3436  3782 D CCodec  : setup formats output: AMessage(what = 0x00000000) = {
10-30 14:13:55.200  3436  3782 D CCodec  :   int32_t buffer-batch-max-output-size = 0
10-30 14:13:55.200  3436  3782 D CCodec  :   int32_t buffer-batch-threshold-output-size = 0
10-30 14:13:55.200  3436  3782 D CCodec  :   int32_t channel-count = 2
10-30 14:13:55.200  3436  3782 D CCodec  :   string mime = "audio/raw"
10-30 14:13:55.200  3436  3782 D CCodec  :   int32_t sample-rate = 48000
10-30 14:13:55.200  3436  3782 D CCodec  :   int32_t channel-mask = 3
10-30 14:13:55.200  3436  3782 D CCodec  :   int32_t android._config-pcm-encoding = 2
10-30 14:13:55.200  3436  3782 D CCodec  : }
10-30 14:13:55.200  3436  3782 I CCodecConfig: query failed after returning 8 values (BAD_INDEX)
10-30 14:13:55.201  3436  3782 W Codec2Client: query -- param skipped: index = 1342179345.
10-30 14:13:55.201  3436  3782 W Codec2Client: query -- param skipped: index = 2415921170.
10-30 14:13:55.201  3436  3782 D CCodecBufferChannel: [c2.android.opus.decoder#228] Created input block pool with allocatorID 16 => poolID 26 - OK (0)
10-30 14:13:55.202  3741  3773 I GH.CAR  : Using GearheadCarServiceBinder in CarMessageService.
10-30 14:13:55.202  3436  3782 I CCodecBufferChannel: [c2.android.opus.decoder#228] Created output block pool with allocatorID 16 => poolID 336 - OK
10-30 14:13:55.202  3436  3782 D CCodecBufferChannel: [c2.android.opus.decoder#228] Configured output block pool ids 336 => OK
10-30 14:13:55.202  1610  2668 E Codec2-ComponentInterface: We have a failed config
10-30 14:13:55.202  3741  3773 I GH.DelegateMngCarSvc: Retries remaining initialized to 20
10-30 14:13:55.202  3741  3773 I GH.CAR  : Using Gearhead for projection services. All aboard! 🚀
10-30 14:13:55.202  3741  3773 I GH.DelegateICarSupplier: Android is R+, so connecting to Gearhead car chimera service.
10-30 14:13:55.203  3741  3773 I GH.DelegateMngCarSvc: Skipping delegate acquisition on init().
10-30 14:13:55.203  1610  3783 D SimpleC2Component: Using output block pool with poolID 336 => got 336 - 0
10-30 14:13:55.203  3741  3773 I GH.CarService: Setting delegate: gmc@22ba396
10-30 14:13:55.203  3741  3773 I CAR.SERVICE: Setting CSB delegate, previous value null updated to hmy@4708b17
10-30 14:13:55.203  3741  3773 I GH.CAR  : Setting validator car info suppliers
10-30 14:13:55.203  3741  3773 I GH.CAR  : ICar delegate chain:
10-30 14:13:55.203  3741  3773 I GH.CAR  : 	hnt@c3ef8ed
10-30 14:13:55.203  3741  3773 I GH.CAR  : 	-> gmc@22ba396
10-30 14:13:55.203  3741  3773 I GH.CAR  : 	-> hmy@4708b17
10-30 14:13:55.209  1610  3783 I C2SoftOpusDec: Configuring decoder: 48000 Hz, 2 channels
10-30 14:13:55.211  1082  3308 I vendor.qti.bluetooth@1.0-ibs_handler: ProcessIbsCmd: Received IBS_WAKE_IND: 0xFD
10-30 14:13:55.211  1082  3308 D vendor.qti.bluetooth@1.0-ibs_handler: SerialClockVote: vote for UART CLK ON
10-30 14:13:55.211  1082  3308 D vendor.qti.bluetooth@1.0-wake_lock: Acquire wakelock is acquired 
10-30 14:13:55.211  1082  3308 I vendor.qti.bluetooth@1.0-ibs_handler: ProcessIbsCmd: Writing IBS_WAKE_ACK
10-30 14:13:55.211  3741  3773 I on.gearhead:car: AssetManager2(0xb4000073810d27d8) locale list changing from [] to [es-ES]
10-30 14:13:55.214  3741  3773 W DynamiteModule: Local module descriptor class for com.google.android.gms.googlecertificates not found.
10-30 14:13:55.215   609  1462 I NearbyMediums: Triggered instant on lost for service id : NearbySharing with hash [ 0x33 0xf7 0x07 0x5e ]
10-30 14:13:55.216   609  1459 I NearbyConnections: Processing instant lost on BlePeripheral BlePeripheral{advertisement=BleAdvertisement { version=2, socketVersion=2, isFast=true, serviceIdHash=null, data=[ 0x23 0x37 0x33 0x35 0x49 0x11 0x32 0x35 0x7a 0x91 0x52 0x4c 0xf2 0xea 0xcf 0x3c 0xbb 0x5d 0x78 0xbb 0xf4 0xd1 0x14 ], deviceToken=[ 0x9a 0x47 ], rxAdvertisement=null }, dctAdvertisement=null, address=null, psm=0, deviceToken=<ByteString@d6aca96 size=2 contents="\232G">, isSecondProfile=false, rxInstantConnectionAdv=null}.
10-30 14:13:55.217   609  1459 I NearbyConnections: Remove entry from BleAdvertisementProcessor bleEndpoints.
10-30 14:13:55.218   609  1459 I NearbyConnections: ClientProxy(257777870) reporting onEndpointLost(735I)
10-30 14:13:55.219   609  1462 I NearbySharing: NearbySharing Internal event EndpointLost(endpointId=735I)
10-30 14:13:55.221  1089  2103 E ARCSOFT-SAT: GetAfdata():2357 sat_afdata get afData defocus:-138, confidence:27
10-30 14:13:55.221  1089  2103 E ARCSOFT_DUAL_CAMERA: getLdcPara():405 failed with fpcRatio frameNum=8, base=0x808a0000
10-30 14:13:55.221  1089  2103 E ARCSOFT_DUAL_CAMERA: :782 PrepareRatioParam[ARC_SAT] PrepareRatioParam:782: (IN)
10-30 14:13:55.221  1089  2103 E ARCSOFT_DUAL_CAMERA: :819 PrepareRatioParam[ARC_SAT]PrepareRatioParam cameraName = 1 IFELimit rect[0,0,12031,9023]:
10-30 14:13:55.221  1089  2103 E ARCSOFT_DUAL_CAMERA: :825 PrepareRatioParam[ARC_SAT]PrepareRatioParam cameraName = 1  Pipeline rect[0,0,12031,9023]:
10-30 14:13:55.221  1089  2103 E ARCSOFT_DUAL_CAMERA: :831 PrepareRatioParam[ARC_SAT]PrepareRatioParam cameraName = 1  ifeResidualCrop rect[0,0,1439,1079]:
10-30 14:13:55.221  1089  2103 E ARCSOFT_DUAL_CAMERA: :833 PrepareRatioParam[ARC_SAT] PrepareRatioParam:833: (OUT)
10-30 14:13:55.221  1089  2103 E ARCSOFT_DUAL_CAMERA: :842 PrepareCameraParam[ARC_SAT] PrepareCameraParam:842: (IN)
10-30 14:13:55.221  1089  2103 E ARCSOFT_DUAL_CAMERA: :894 PrepareCameraParam[ARC_SAT] PrepareCameraParam:894: (OUT)
10-30 14:13:55.221  1089  2103 E ARCSOFT_DUAL_CAMERA: :900 GetOutputMetadata[ARC_SAT] GetOutputMetadata (IN)
10-30 14:13:55.221  1089  2103 E ARCSOFT_DUAL_CAMERA: :906 GetOutputMetadata[ARC_SAT] GetOutputMetadata m_currentMaster = 1
10-30 14:13:55.221  1089  2103 E ARCSOFT_DUAL_CAMERA: :907 GetOutputMetadata[ARC_SAT] GetOutputMetadata m_recommendedMaster = 1
10-30 14:13:55.221  1089  2103 E ARCSOFT_DUAL_CAMERA: :908 GetOutputMetadata[ARC_SAT] GetOutputMetadata masterCameraId = 0
10-30 14:13:55.221  1089  2103 E ARCSOFT_DUAL_CAMERA: :909 GetOutputMetadata[ARC_SAT] GetOutputMetadata recommendedMasterCameraId = 0
10-30 14:13:55.227  1854  3417 I ActivityManager: Process com.google.android.apps.docs (pid 2034) has died: cch+75 CEM 
10-30 14:13:55.227  1854  2551 D ConnectivityService: releasing NetworkRequest [ REQUEST id=1985, [ Capabilities: INTERNET&NOT_RESTRICTED&TRUSTED&NOT_VCN_MANAGED&NOT_BANDWIDTH_CONSTRAINED Uid: 10748 RequestorUid: 10748 RequestorPkg: com.google.android.apps.docs UnderlyingNetworks: Null] ] (release request)
10-30 14:13:55.227  1854  1902 I libprocessgroup: Removed cgroup /sys/fs/cgroup/apps/uid_10748/pid_2034
10-30 14:13:55.227   668   668 I hwservicemanager: getTransport: Cannot find entry vendor.qti.hardware.servicetracker@1.0::IServicetracker/default in either framework or device VINTF manifest.
10-30 14:13:55.227   927   927 I Zygote  : Process 2034 exited due to signal 9 (Killed)
10-30 14:13:55.229  1089  2104 E XIAOMI_AIASD: checkerStatus=2 
10-30 14:13:55.229  1089  2104 E xmi_high_dynamic_range MIHDRVER-2022_0111_1256_J2.G-06bc30de : mihdr, flash_mode=0, is_flash_snapshot=0
10-30 14:13:55.230  1089  2104 E xmi_high_dynamic_range MIHDRVER-2022_0111_1256_J2.G-06bc30de : miaihdrchecker, cam0,id10,sh2,W1440,H1080,S1440,rot 90,adrc 1.32,luxIndex 539.56->520.00,ae2,iso 1601,expo 8.000000e+07,dark 1.000,conf[0.00, 0.00],1.000
10-30 14:13:55.230  1089  2104 E xmi_high_dynamic_range MIHDRVER-2022_0111_1256_J2.G-06bc30de : miaihdrchecker 01082036, type 0, Num 3, [0, -12, 0, 0], auto 0,on 2, 1
10-30 14:13:55.230  1089  2104 D MiAILab camera_scene: scene SetZoom : 1.000000
10-30 14:13:55.230  1089  2104 D MiAILab camera_scene: scene_classify::doClassify execute >> processor: 0xb4000071f4f5f950,  w = 1440, h = 1080, orientation = 1, nv21 = 0,flag: 0, mStable: 0, mSkip: 0
10-30 14:13:55.230  1089  2104 D MiAILab camera_scene: scene_classify::doClassify Busy:0, proc:0xb4000071f4f5f950, mProc:0xb4000071f4f5f950, mComRelease:0, async:0
10-30 14:13:55.231  1089  2104 D MiAILab camera_scene: preprocess: IMAGE_SIZE(224) resize=0.234863 yuv2bgr=0.033203 rotate=0.075928 sub&scale=0.182861(ms)
10-30 14:13:55.231  1089 15763 D MiAILab camera_scene: scene_classify::processThread process release:0, cmd.proc:0xb4000071f4f5f950, mProc:0xb4000071f4f5f950, mClassifier:0xb4000071f4f98c50, busy:1
10-30 14:13:55.231  1089 15763 D MiAILab camera_scene: classifier::classify  forwardEngine
10-30 14:13:55.232  3741  3773 I DynamiteModule: Considering local module com.google.android.gms.googlecertificates:0 and remote module com.google.android.gms.googlecertificates:7
10-30 14:13:55.232  3741  3773 I DynamiteModule: Selected remote version of com.google.android.gms.googlecertificates, version >= 7
10-30 14:13:55.232  3741  3773 V DynamiteModule: Dynamite loader version >= 2, using loadModule2NoCrashUtils
10-30 14:13:55.234  1089 15763 D MiAILab camera_scene: snpe foward tensor name is MobilenetV1/Predictions_sigmoid:0
10-30 14:13:55.234  1089 15763 D MiAILab camera_scene: forwardnet:3.708008
10-30 14:13:55.234  1089 15763 D MiAILab camera_scene: not define _IGNORE_SCENE_COUNT_
10-30 14:13:55.234  1089 15763 D MiAILab camera_scene: scene_classify::set type = 0
10-30 14:13:55.234  1089 15763 D MiAILab camera_scene: scene_classify: mHasWideAngleRecommend = false
10-30 14:13:55.234  1089 15763 D MiAILab camera_scene: scene_classify: mType:0, mLastScene:0, mSceneCounts:3, mModelType: 3, originType: 0,  mZoom:1.000000, mIso:1601
10-30 14:13:55.234  1089  2104 D MiAILab camera_scene: scene_classify::doClassify mType:0
10-30 14:13:55.234  1089  2104 D MiAILab camera_scene: ForwardCameraSceneNet1 cost:4.414062
10-30 14:13:55.242   668   668 I hwservicemanager: getTransport: Cannot find entry vendor.qti.hardware.servicetracker@1.0::IServicetracker/default in either framework or device VINTF manifest.
10-30 14:13:55.243  1854  2602 D BackgroundInstallControlService: Package event received: 0
10-30 14:13:55.245   668   668 I hwservicemanager: getTransport: Cannot find entry vendor.qti.hardware.servicetracker@1.0::IServicetracker/default in either framework or device VINTF manifest.
10-30 14:13:55.246   909   909 D BoundBrokerSvc: onBind: Intent { act=com.google.android.gms.chromesync.service.firstparty.START dat=chimera-action:/... xflg=0x4 cmp=com.google.android.gms/.chimera.GmsApiService }
10-30 14:13:55.246   909   909 D BoundBrokerSvc: Loading bound service for intent: Intent { act=com.google.android.gms.chromesync.service.firstparty.START dat=chimera-action:/... xflg=0x4 cmp=com.google.android.gms/.chimera.GmsApiService }
10-30 14:13:55.247  3436  3699 W CameraMetadataJV: Expect face scores and rectangles to be non-null
10-30 14:13:55.247  3436  3699 W CameraMetadataJV: Expect face scores and rectangles to be non-null
10-30 14:13:55.247  3436  3699 W CameraMetadataJV: Expect face scores and rectangles to be non-null
10-30 14:13:55.248  3436  3436 W CAM_Camera2CompatAdapterRole: Warning: getAuxCameraId(): #init() failed, roleId=20
10-30 14:13:55.248  3436  3436 W CAM_Camera2CompatAdapterRole: Warning: getUltraTeleCameraId(): #init() failed, roleId=23
10-30 14:13:55.252  3741  3773 W System  : ClassLoader referenced unknown path: 
10-30 14:13:55.253  3741  3773 D nativeloader: Configuring clns-10 for other apk . target_sdk_version=36, uses_libraries=, library_path=/data/app/~~WV6A-BiIuYE_gsT1bsBBqw==/com.google.android.gms-WjJWURMBSAXM53cA5jWlyQ==/lib/arm64:/data/app/~~WV6A-BiIuYE_gsT1bsBBqw==/com.google.android.gms-WjJWURMBSAXM53cA5jWlyQ==/base.apk!/lib/arm64-v8a, permitted_path=/data:/mnt/expand:/data/user/0/com.google.android.gms
10-30 14:13:55.259  3741  3773 I on.gearhead:car: AssetManager2(0xb4000073810c5358) locale list changing from [] to [es-ES]
10-30 14:13:55.271   909  1456 I SyncManager: (REDACTED) Executing sync(type=%s%s)
10-30 14:13:55.272  3741  3773 I on.gearhead:car: AssetManager2(0xb4000073810d4718) locale list changing from [] to [es-ES]
10-30 14:13:55.273  3741  3773 I on.gearhead:car: AssetManager2(0xb4000073810d3a98) locale list changing from [] to [es-ES]
10-30 14:13:55.282   909  1456 I SyncManager: (REDACTED) Executing sync(type=%s) finished in %s
10-30 14:13:55.284  1089  2113 E libprotobuf-native: [libprotobuf ERROR external/protobuf/src/google/protobuf/message_lite.cc:123] Can't parse message of type "sns_flicker_event" because it is missing required fields: (cannot determine missing fields for lite message)
10-30 14:13:55.284  1089  3497 E libprotobuf-native: [libprotobuf ERROR external/protobuf/src/google/protobuf/message_lite.cc:123] Can't parse message of type "sns_flicker_event" because it is missing required fields: (cannot determine missing fields for lite message)
10-30 14:13:55.286  3436  3782 I hw-BpHwBinder: onLastStrongRef automatically unlinking death recipients
10-30 14:13:55.287  1610  2668 I hw-BpHwBinder: onLastStrongRef automatically unlinking death recipients
10-30 14:13:55.287  1610  2668 I hw-BpHwBinder: onLastStrongRef automatically unlinking death recipients
10-30 14:13:55.287  1610  2668 D BufferPoolAccessor2.0: Destruction - bufferpool2 0xb400006ec0091bc8 cached: 0/0M, 0/0% in use; allocs: 0, 0% recycled; transfers: 0, 0% unfetched
10-30 14:13:55.287  3436  3782 W AMessage: failed to deliver message as target handler 30 is gone.
10-30 14:13:55.292  1082  3308 I vendor.qti.bluetooth@1.0-ibs_handler: ProcessIbsCmd: Received IBS_SLEEP_IND: 0xFE
10-30 14:13:55.292  1082  3308 D vendor.qti.bluetooth@1.0-ibs_handler: SerialClockVote: vote for UART CLK OFF
10-30 14:13:55.302  1089  2105 E ARCSOFT-SAT: GetAfdata():2357 sat_afdata get afData defocus:-286, confidence:27
10-30 14:13:55.302  1089  2105 E ARCSOFT_DUAL_CAMERA: getLdcPara():405 failed with fpcRatio frameNum=9, base=0x808a0000
10-30 14:13:55.302  1089  2105 E ARCSOFT_DUAL_CAMERA: :782 PrepareRatioParam[ARC_SAT] PrepareRatioParam:782: (IN)
10-30 14:13:55.302  1089  2105 E ARCSOFT_DUAL_CAMERA: :819 PrepareRatioParam[ARC_SAT]PrepareRatioParam cameraName = 1 IFELimit rect[0,0,12031,9023]:
10-30 14:13:55.302  1089  2105 E ARCSOFT_DUAL_CAMERA: :825 PrepareRatioParam[ARC_SAT]PrepareRatioParam cameraName = 1  Pipeline rect[0,0,12031,9023]:
10-30 14:13:55.302  1089  2105 E ARCSOFT_DUAL_CAMERA: :831 PrepareRatioParam[ARC_SAT]PrepareRatioParam cameraName = 1  ifeResidualCrop rect[0,0,1439,1079]:
10-30 14:13:55.302  1089  2105 E ARCSOFT_DUAL_CAMERA: :833 PrepareRatioParam[ARC_SAT] PrepareRatioParam:833: (OUT)
10-30 14:13:55.302  1089  2105 E ARCSOFT_DUAL_CAMERA: :842 PrepareCameraParam[ARC_SAT] PrepareCameraParam:842: (IN)
10-30 14:13:55.302  1089  2105 E ARCSOFT_DUAL_CAMERA: :894 PrepareCameraParam[ARC_SAT] PrepareCameraParam:894: (OUT)
10-30 14:13:55.302  1089  2105 E ARCSOFT_DUAL_CAMERA: :900 GetOutputMetadata[ARC_SAT] GetOutputMetadata (IN)
10-30 14:13:55.302  1089  2105 E ARCSOFT_DUAL_CAMERA: :906 GetOutputMetadata[ARC_SAT] GetOutputMetadata m_currentMaster = 1
10-30 14:13:55.302  1089  2105 E ARCSOFT_DUAL_CAMERA: :907 GetOutputMetadata[ARC_SAT] GetOutputMetadata m_recommendedMaster = 1
10-30 14:13:55.302  1089  2105 E ARCSOFT_DUAL_CAMERA: :908 GetOutputMetadata[ARC_SAT] GetOutputMetadata masterCameraId = 0
10-30 14:13:55.302  1089  2105 E ARCSOFT_DUAL_CAMERA: :909 GetOutputMetadata[ARC_SAT] GetOutputMetadata recommendedMasterCameraId = 0
10-30 14:13:55.310  1089  2109 E XIAOMI_AIASD: checkerStatus=2 
10-30 14:13:55.310  1089  2109 E xmi_high_dynamic_range MIHDRVER-2022_0111_1256_J2.G-06bc30de : mihdr, flash_mode=0, is_flash_snapshot=0
10-30 14:13:55.311  1089  2109 E xmi_high_dynamic_range MIHDRVER-2022_0111_1256_J2.G-06bc30de : miaihdrchecker, cam0,id10,sh2,W1440,H1080,S1440,rot 90,adrc 1.26,luxIndex 543.42->520.00,ae2,iso 1601,expo 8.000000e+07,dark 1.000,conf[0.00, 0.00],1.000
10-30 14:13:55.311  1089  2109 E xmi_high_dynamic_range MIHDRVER-2022_0111_1256_J2.G-06bc30de : miaihdrchecker 01082036, type 0, Num 3, [0, -12, 0, 0], auto 0,on 2, 1
10-30 14:13:55.321  3436  3482 I CAM_STScreenNail: normalHandlerCapacity:set normal
10-30 14:13:55.323  3436  3699 W CameraMetadataJV: Expect face scores and rectangles to be non-null
10-30 14:13:55.323  3436  3699 W CameraMetadataJV: Expect face scores and rectangles to be non-null
10-30 14:13:55.323  3436  3699 W CameraMetadataJV: Expect face scores and rectangles to be non-null
10-30 14:13:55.325  3436  3436 W CAM_Camera2CompatAdapterRole: Warning: getAuxCameraId(): #init() failed, roleId=20
10-30 14:13:55.325  3436  3436 W CAM_Camera2CompatAdapterRole: Warning: getUltraTeleCameraId(): #init() failed, roleId=23
10-30 14:13:55.327   666   666 I lowmemorykiller: Kill 'com.google.android.GoogleCamera' (2405), uid 10753, oom_score_adj 975 to free 112424kB rss, 10004kB swap; reason: low watermark is breached
10-30 14:13:55.335  1854  2591 W ServiceManagerCppClient: Waited one second for stats (is service started? Number of threads started in the threadpool: 32. Are binder threads started and available?)
10-30 14:13:55.357  1082  3308 I vendor.qti.bluetooth@1.0-ibs_handler: ProcessIbsCmd: Received IBS_WAKE_IND: 0xFD
10-30 14:13:55.357  1082  3308 D vendor.qti.bluetooth@1.0-ibs_handler: SerialClockVote: vote for UART CLK ON
10-30 14:13:55.357  1082  3308 I vendor.qti.bluetooth@1.0-ibs_handler: ProcessIbsCmd: Writing IBS_WAKE_ACK
10-30 14:13:55.371  1854 10197 I ActivityManager: Process com.google.android.GoogleCamera (pid 2405) has died: cch+75 CEM 
10-30 14:13:55.371  1854  1902 I libprocessgroup: Removed cgroup /sys/fs/cgroup/apps/uid_10753/pid_2405
10-30 14:13:55.371   927   927 I Zygote  : Process 2405 exited due to signal 9 (Killed)
10-30 14:13:55.371   668   668 I hwservicemanager: getTransport: Cannot find entry vendor.qti.hardware.servicetracker@1.0::IServicetracker/default in either framework or device VINTF manifest.
10-30 14:13:55.373   666   666 I lowmemorykiller: Kill 'com.google.android.apps.work.clouddpc' (2324), uid 10635, oom_score_adj 965 to free 151144kB rss, 9988kB swap; reason: low watermark is breached
10-30 14:13:55.392  1089  2108 E ARCSOFT-SAT: GetAfdata():2357 sat_afdata get afData defocus:-122, confidence:30
10-30 14:13:55.392  1089  2108 E ARCSOFT_DUAL_CAMERA: getLdcPara():405 failed with fpcRatio frameNum=10, base=0x808a0000
10-30 14:13:55.392  1089  2108 E ARCSOFT_DUAL_CAMERA: :782 PrepareRatioParam[ARC_SAT] PrepareRatioParam:782: (IN)
10-30 14:13:55.392  1089  2108 E ARCSOFT_DUAL_CAMERA: :819 PrepareRatioParam[ARC_SAT]PrepareRatioParam cameraName = 1 IFELimit rect[0,0,12031,9023]:
10-30 14:13:55.392  1089  2108 E ARCSOFT_DUAL_CAMERA: :825 PrepareRatioParam[ARC_SAT]PrepareRatioParam cameraName = 1  Pipeline rect[0,0,12031,9023]:
10-30 14:13:55.392  1089  2108 E ARCSOFT_DUAL_CAMERA: :831 PrepareRatioParam[ARC_SAT]PrepareRatioParam cameraName = 1  ifeResidualCrop rect[0,0,1439,1079]:
10-30 14:13:55.392  1089  2108 E ARCSOFT_DUAL_CAMERA: :833 PrepareRatioParam[ARC_SAT] PrepareRatioParam:833: (OUT)
10-30 14:13:55.392  1089  2108 E ARCSOFT_DUAL_CAMERA: :842 PrepareCameraParam[ARC_SAT] PrepareCameraParam:842: (IN)
10-30 14:13:55.392  1089  2108 E ARCSOFT_DUAL_CAMERA: :894 PrepareCameraParam[ARC_SAT] PrepareCameraParam:894: (OUT)
10-30 14:13:55.392  1089  2108 E ARCSOFT_DUAL_CAMERA: :900 GetOutputMetadata[ARC_SAT] GetOutputMetadata (IN)
10-30 14:13:55.392  1089  2108 E ARCSOFT_DUAL_CAMERA: :906 GetOutputMetadata[ARC_SAT] GetOutputMetadata m_currentMaster = 1
10-30 14:13:55.392  1089  2108 E ARCSOFT_DUAL_CAMERA: :907 GetOutputMetadata[ARC_SAT] GetOutputMetadata m_recommendedMaster = 1
10-30 14:13:55.392  1089  2108 E ARCSOFT_DUAL_CAMERA: :908 GetOutputMetadata[ARC_SAT] GetOutputMetadata masterCameraId = 0
10-30 14:13:55.392  1089  2108 E ARCSOFT_DUAL_CAMERA: :909 GetOutputMetadata[ARC_SAT] GetOutputMetadata recommendedMasterCameraId = 0
10-30 14:13:55.404  1089  2109 E XIAOMI_AIASD: checkerStatus=2 
10-30 14:13:55.404  1089  2109 E xmi_high_dynamic_range MIHDRVER-2022_0111_1256_J2.G-06bc30de : mihdr, flash_mode=0, is_flash_snapshot=0
10-30 14:13:55.405  1089  2109 E xmi_high_dynamic_range MIHDRVER-2022_0111_1256_J2.G-06bc30de : miaihdrchecker, cam0,id10,sh2,W1440,H1080,S1440,rot 90,adrc 1.23,luxIndex 544.89->520.00,ae2,iso 1601,expo 8.000000e+07,dark 1.000,conf[0.00, 0.00],1.000
10-30 14:13:55.405  1089  2109 E xmi_high_dynamic_range MIHDRVER-2022_0111_1256_J2.G-06bc30de : miaihdrchecker 01082036, type 0, Num 3, [0, -12, 0, 0], auto 0,on 2, 1
10-30 14:13:55.406  1089  2109 I MIALGO_SD: LL_SD: ggq dxo param lux_index 544.885925 light 0.054839 dark ratio 0.977788 middle ratio 0.000000 bright ratio 0.000000 result 1
10-30 14:13:55.414  3436  3493 D CAM_MiCamera2: onCaptureCompleted: sequenceId = 2, frameNumber = 9
10-30 14:13:55.414  3436  3699 W CameraMetadataJV: Expect face scores and rectangles to be non-null
10-30 14:13:55.415  3436  3699 W CameraMetadataJV: Expect face scores and rectangles to be non-null
10-30 14:13:55.415  3436  3699 W CameraMetadataJV: Expect face scores and rectangles to be non-null
10-30 14:13:55.416  3436  3436 W CAM_Camera2CompatAdapterRole: Warning: getAuxCameraId(): #init() failed, roleId=20
10-30 14:13:55.416  3436  3436 W CAM_Camera2CompatAdapterRole: Warning: getUltraTeleCameraId(): #init() failed, roleId=23
10-30 14:13:55.425  1854  5063 I ActivityManager: Process com.google.android.apps.work.clouddpc (pid 2324) has died: cch+65 CEM 
10-30 14:13:55.426  1854  1902 I libprocessgroup: Removed cgroup /sys/fs/cgroup/apps/uid_10635/pid_2324
10-30 14:13:55.426   668   668 I hwservicemanager: getTransport: Cannot find entry vendor.qti.hardware.servicetracker@1.0::IServicetracker/default in either framework or device VINTF manifest.
10-30 14:13:55.426   927   927 I Zygote  : Process 2324 exited due to signal 9 (Killed)
10-30 14:13:55.438  1082  3308 I vendor.qti.bluetooth@1.0-ibs_handler: ProcessIbsCmd: Received IBS_SLEEP_IND: 0xFE
10-30 14:13:55.438  1082  3308 D vendor.qti.bluetooth@1.0-ibs_handler: SerialClockVote: vote for UART CLK OFF
10-30 14:13:55.463  1089  2110 E ARCSOFT-SAT: GetAfdata():2357 sat_afdata get afData defocus:-129, confidence:20
10-30 14:13:55.463  1089  2110 E ARCSOFT_DUAL_CAMERA: getLdcPara():405 failed with fpcRatio frameNum=11, base=0x808a0000
10-30 14:13:55.463  1089  2110 E ARCSOFT_DUAL_CAMERA: :782 PrepareRatioParam[ARC_SAT] PrepareRatioParam:782: (IN)
10-30 14:13:55.463  1089  2110 E ARCSOFT_DUAL_CAMERA: :819 PrepareRatioParam[ARC_SAT]PrepareRatioParam cameraName = 1 IFELimit rect[0,0,12031,9023]:
10-30 14:13:55.463  1089  2110 E ARCSOFT_DUAL_CAMERA: :825 PrepareRatioParam[ARC_SAT]PrepareRatioParam cameraName = 1  Pipeline rect[0,0,12031,9023]:
10-30 14:13:55.463  1089  2110 E ARCSOFT_DUAL_CAMERA: :831 PrepareRatioParam[ARC_SAT]PrepareRatioParam cameraName = 1  ifeResidualCrop rect[0,0,1439,1079]:
10-30 14:13:55.463  1089  2110 E ARCSOFT_DUAL_CAMERA: :833 PrepareRatioParam[ARC_SAT] PrepareRatioParam:833: (OUT)
10-30 14:13:55.463  1089  2110 E ARCSOFT_DUAL_CAMERA: :842 PrepareCameraParam[ARC_SAT] PrepareCameraParam:842: (IN)
10-30 14:13:55.463  1089  2110 E ARCSOFT_DUAL_CAMERA: :894 PrepareCameraParam[ARC_SAT] PrepareCameraParam:894: (OUT)
10-30 14:13:55.463  1089  2110 E ARCSOFT_DUAL_CAMERA: :900 GetOutputMetadata[ARC_SAT] GetOutputMetadata (IN)
10-30 14:13:55.463  1089  2110 E ARCSOFT_DUAL_CAMERA: :906 GetOutputMetadata[ARC_SAT] GetOutputMetadata m_currentMaster = 1
10-30 14:13:55.463  1089  2110 E ARCSOFT_DUAL_CAMERA: :907 GetOutputMetadata[ARC_SAT] GetOutputMetadata m_recommendedMaster = 1
10-30 14:13:55.463  1089  2110 E ARCSOFT_DUAL_CAMERA: :908 GetOutputMetadata[ARC_SAT] GetOutputMetadata masterCameraId = 0
10-30 14:13:55.463  1089  2110 E ARCSOFT_DUAL_CAMERA: :909 GetOutputMetadata[ARC_SAT] GetOutputMetadata recommendedMasterCameraId = 0
10-30 14:13:55.471  1089  2103 E XIAOMI_AIASD: checkerStatus=2 
10-30 14:13:55.471  1089  2103 E xmi_high_dynamic_range MIHDRVER-2022_0111_1256_J2.G-06bc30de : mihdr, flash_mode=0, is_flash_snapshot=0
10-30 14:13:55.472  1089  2103 E xmi_high_dynamic_range MIHDRVER-2022_0111_1256_J2.G-06bc30de : miaihdrchecker, cam0,id10,sh2,W1440,H1080,S1440,rot 90,adrc 1.21,luxIndex 545.98->520.00,ae2,iso 1601,expo 8.000000e+07,dark 1.000,conf[0.00, 0.00],1.000
10-30 14:13:55.472  1089  2103 E xmi_high_dynamic_range MIHDRVER-2022_0111_1256_J2.G-06bc30de : miaihdrchecker 01082036, type 0, Num 3, [0, -12, 0, 0], auto 0,on 2, 1
10-30 14:13:55.472  1089  2103 D MiAILab camera_scene: scene SetZoom : 1.000000
10-30 14:13:55.472  1089  2103 D MiAILab camera_scene: scene_c