11-05 15:53:57.173  2741  2903 E CameraManagerGlobal: Camera 9 is not present. Ignore physical camera status change
11-05 15:53:57.173 25507 25516 E CameraManagerGlobal: Camera 6 is not present. Ignore physical camera status change
11-05 15:53:57.173  6543 17474 E CameraManagerGlobal: Camera 9 is not present. Ignore physical camera status change
11-05 15:53:57.173 25507 25516 E CameraManagerGlobal: Camera 9 is not present. Ignore physical camera status change
11-05 15:53:57.173 11998 12150 W LibevQuicAsyncUDPSocket.h: setTosOrTrafficClass not implemented in LibevQuicAsyncUDPSocket
11-05 15:53:57.175  2923  2923 D BaseDepthController: mSurface is null and mCurrentBlur is: 0
11-05 15:53:57.176  5415 14769 E CameraManagerGlobal: Camera 5 is not present. Ignore physical camera status change
11-05 15:53:57.176  5415 14769 E CameraManagerGlobal: Camera 6 is not present. Ignore physical camera status change
11-05 15:53:57.176  5415 14769 E CameraManagerGlobal: Camera 9 is not present. Ignore physical camera status change
11-05 15:53:57.176  1856  4169 E CameraManagerGlobal: Camera 5 is not present. Ignore physical camera status change
11-05 15:53:57.176  1856  4169 E CameraManagerGlobal: Camera 6 is not present. Ignore physical camera status change
11-05 15:53:57.176  1856  4169 E CameraManagerGlobal: Camera 9 is not present. Ignore physical camera status change
11-05 15:53:57.178  5415 14128 I AiAiEcho: Settings changed for uri: content://settings/secure/flashlight_available
11-05 15:53:57.178  5415  5491 I AiAiEcho: Predicting[7]: { Feature:33, creation:2025-11-05T04:01:27.419Z, expiry:2025-11-05T04:31:27.419Z, isExpired: true}, { Feature:1, creation:2025-11-05T18:00:00Z, expiry:2025-11-05T18:00:00Z, isExpired: true}, { Feature:1, creation:2025-11-05T16:00:00Z, expiry:2025-11-05T16:00:00Z, isExpired: true}, { Feature:1, creation:2025-11-05T17:00:00Z, expiry:2025-11-05T17:00:00Z, isExpired: true}, { Feature:1, creation:2025-11-05T14:00:00Z, expiry:2025-11-05T15:00:00Z, isExpired: false}, { Feature:1, creation:2025-11-05T15:00:00Z, expiry:2025-11-05T15:00:00Z, isExpired: true}, { Feature:1, creation:2025-11-05T13:00:00Z, expiry:2025-11-05T14:00:00Z, isExpired: true} [CONTEXT sampling_count=5 ]
11-05 15:53:57.179  5415  5491 I AiAiEcho: EchoTargets: Feature:1
11-05 15:53:57.179  5415  5491 I AiAiEcho: Filtered by AiAi flag check: 
11-05 15:53:57.179  5415  5491 I AiAiEcho: [CONTEXT ratelimit_period="10 SECONDS" ]
11-05 15:53:57.179  7296  7296 D StartTopBarAdapter: setData mode:163,resetStrikethrough: false
11-05 15:53:57.179 11998 12150 E MvfstCallbacks.cpp: onConnectionSetupError: error=TransportError: Internal Error, Error on socket write Operation not permitted, 
11-05 15:53:57.179  5415  5491 I AiAiEcho: #weatherSubItemsTwiddler: Weather removes SubtitleSupplementalItem in surface: home [CONTEXT ratelimit_period="10 SECONDS" ]
11-05 15:53:57.179  5415  5491 I AiAiEcho: #remoteViewsTwiddler: feature disabled.
11-05 15:53:57.179 11998 12150 W LibevQuicAsyncUDPSocket.h: setTosOrTrafficClass not implemented in LibevQuicAsyncUDPSocket
11-05 15:53:57.181  7296  7296 D EndTopBarAdapter: setData mode:163,resetStrikethrough: false
11-05 15:53:57.181  5415  5491 I AiAiEcho: #postPredictionTargets: Sending updates to UISurface home with targets# 1 (types=[1])
11-05 15:53:57.183  1558  2902 I CameraProviderManager: Camera device device@3.5/legacy/0 torch status is now NOT_AVAILABLE
11-05 15:53:57.183  1558  2902 I CameraService: onTorchStatusChangedLocked: Torch status changed for cameraId=0, newStatus=0
11-05 15:53:57.183  7296  7296 D CAM_FragmentDualCameraAdjust: initZoomRatioForBackCamera(): zoom: 1.0
11-05 15:53:57.183  1558  2902 I CameraProviderManager: Camera device device@3.5/legacy/1 torch status is now NOT_AVAILABLE
11-05 15:53:57.183  1558  2902 I CameraService: onTorchStatusChangedLocked: Torch status changed for cameraId=1, newStatus=0
11-05 15:53:57.183  1558  2902 E CameraService: onTorchStatusChangedLocked: cannot get torch status of camera 1: No such file or directory (-2)
11-05 15:53:57.183  1558  2902 I CameraProviderManager: Camera device device@3.5/legacy/2 torch status is now NOT_AVAILABLE
11-05 15:53:57.183  1558  2902 I CameraService: onTorchStatusChangedLocked: Torch status changed for cameraId=2, newStatus=0
11-05 15:53:57.183  1856  9166 W CameraManagerGlobal: ignore the torch status update of camera: 2
11-05 15:53:57.183  1558  2902 I CameraProviderManager: Camera device device@3.5/legacy/3 torch status is now NOT_AVAILABLE
11-05 15:53:57.183  2741  2765 W CameraManagerGlobal: ignore the torch status update of camera: 2
11-05 15:53:57.183  5415 14128 W CameraManagerGlobal: ignore the torch status update of camera: 2
11-05 15:53:57.183  6543 17474 W CameraManagerGlobal: ignore the torch status update of camera: 2
11-05 15:53:57.183  1558  2902 I CameraService: onTorchStatusChangedLocked: Torch status changed for cameraId=3, newStatus=0
11-05 15:53:57.183  7296  7296 D CAM_FragmentDualCameraAdjustMM: provideAnimateElement(): initialized zoom ratio: 1.0
11-05 15:53:57.183  1856  3427 W CameraManagerGlobal: ignore the torch status update of camera: 3
11-05 15:53:57.183  2741  2765 W CameraManagerGlobal: ignore the torch status update of camera: 3
11-05 15:53:57.183  7296  7296 D CAM_ZoomRatioToggleView: count = 3
11-05 15:53:57.183  7296  7296 D CAM_ZoomRatioToggleView: setSuppressed(): false
11-05 15:53:57.183  7296  7296 D CAM_ZoomRatioToggleView: setSuppressed() ignored: false
11-05 15:53:57.183  6543 17474 W CameraManagerGlobal: ignore the torch status update of camera: 3
11-05 15:53:57.184 25507 25527 W CameraManagerGlobal: ignore the torch status update of camera: 2
11-05 15:53:57.184  1558  2902 I CameraProviderManager: Camera device device@3.5/legacy/4 torch status is now NOT_AVAILABLE
11-05 15:53:57.184  5415 14128 W CameraManagerGlobal: ignore the torch status update of camera: 3
11-05 15:53:57.184  1558  2902 I CameraService: onTorchStatusChangedLocked: Torch status changed for cameraId=4, newStatus=0
11-05 15:53:57.184  7296  7296 I CAM_ZoomRatioToggleView: [U_ACTION]: setZoomRatio(): a = ZOOMING_BY_UNKNOWN_SOURCE,i = 1,z = 1.0,ti =1,tz =1.0
11-05 15:53:57.184  1856  9166 W CameraManagerGlobal: ignore the torch status update of camera: 4
11-05 15:53:57.184  6543 17474 W CameraManagerGlobal: ignore the torch status update of camera: 4
11-05 15:53:57.184  5415 14128 W CameraManagerGlobal: ignore the torch status update of camera: 4
11-05 15:53:57.184  2741  2765 W CameraManagerGlobal: ignore the torch status update of camera: 4
11-05 15:53:57.184  1558  2902 I CameraProviderManager: Camera device device@3.5/legacy/5 torch status is now NOT_AVAILABLE
11-05 15:53:57.184  1558  2902 I CameraService: onTorchStatusChangedLocked: Torch status changed for cameraId=5, newStatus=0
11-05 15:53:57.184 25507 25527 W CameraManagerGlobal: ignore the torch status update of camera: 3
11-05 15:53:57.184  1856  9166 W CameraManagerGlobal: ignore the torch status update of camera: 5
11-05 15:53:57.184  6543 17474 W CameraManagerGlobal: ignore the torch status update of camera: 5
11-05 15:53:57.184  5415 14128 W CameraManagerGlobal: ignore the torch status update of camera: 5
11-05 15:53:57.184  1558  2902 I CameraProviderManager: Camera device device@3.5/legacy/6 torch status is now NOT_AVAILABLE
11-05 15:53:57.184  1558  2902 I CameraService: onTorchStatusChangedLocked: Torch status changed for cameraId=6, newStatus=0
11-05 15:53:57.184  2741  2765 W CameraManagerGlobal: ignore the torch status update of camera: 5
11-05 15:53:57.184 25507 25621 W CameraManagerGlobal: ignore the torch status update of camera: 4
11-05 15:53:57.184  2741  2765 W CameraManagerGlobal: ignore the torch status update of camera: 6
11-05 15:53:57.184  5415 14128 W CameraManagerGlobal: ignore the torch status update of camera: 6
11-05 15:53:57.184 25507 25621 W CameraManagerGlobal: ignore the torch status update of camera: 5
11-05 15:53:57.184  1558  2902 I CameraProviderManager: Camera device device@3.5/legacy/7 torch status is now NOT_AVAILABLE
11-05 15:53:57.184  1856  9166 W CameraManagerGlobal: ignore the torch status update of camera: 6
11-05 15:53:57.184  1558  2902 I CameraService: onTorchStatusChangedLocked: Torch status changed for cameraId=7, newStatus=0
11-05 15:53:57.184  6543 17474 W CameraManagerGlobal: ignore the torch status update of camera: 6
11-05 15:53:57.184 25507 25621 W CameraManagerGlobal: ignore the torch status update of camera: 6
11-05 15:53:57.184  1856  9166 W CameraManagerGlobal: ignore the torch status update of camera: 7
11-05 15:53:57.184  5415 14128 W CameraManagerGlobal: ignore the torch status update of camera: 7
11-05 15:53:57.184  1558  2902 I CameraProviderManager: Camera device device@3.5/legacy/8 torch status is now NOT_AVAILABLE
11-05 15:53:57.184 25507 25621 W CameraManagerGlobal: ignore the torch status update of camera: 7
11-05 15:53:57.184  6543 17474 W CameraManagerGlobal: ignore the torch status update of camera: 7
11-05 15:53:57.184  1558  2902 I CameraService: onTorchStatusChangedLocked: Torch status changed for cameraId=8, newStatus=0
11-05 15:53:57.184  1558  2902 E CameraService: onTorchStatusChangedLocked: cannot get torch status of camera 8: No such file or directory (-2)
11-05 15:53:57.184  1558  2902 I CameraProviderManager: Camera device device@3.5/legacy/9 torch status is now NOT_AVAILABLE
11-05 15:53:57.185  2741  2765 W CameraManagerGlobal: ignore the torch status update of camera: 7
11-05 15:53:57.185  1558  2902 I CameraService: onTorchStatusChangedLocked: Torch status changed for cameraId=9, newStatus=0
11-05 15:53:57.185  1856  3427 W CameraManagerGlobal: ignore the torch status update of camera: 9
11-05 15:53:57.185  2741  2765 W CameraManagerGlobal: ignore the torch status update of camera: 9
11-05 15:53:57.185  5415 14128 W CameraManagerGlobal: ignore the torch status update of camera: 9
11-05 15:53:57.185  6543 17474 W CameraManagerGlobal: ignore the torch status update of camera: 9
11-05 15:53:57.185 25507 25621 W CameraManagerGlobal: ignore the torch status update of camera: 9
11-05 15:53:57.185  1558  2902 I CameraProviderManager: Camera device device@3.5/legacy/10 torch status is now NOT_AVAILABLE
11-05 15:53:57.185  1558  2902 I CameraService: onTorchStatusChangedLocked: Torch status changed for cameraId=10, newStatus=0
11-05 15:53:57.185  1856  9166 W CameraManagerGlobal: ignore the torch status update of camera: 10
11-05 15:53:57.185  2741  2765 W CameraManagerGlobal: ignore the torch status update of camera: 10
11-05 15:53:57.185  5415 14128 W CameraManagerGlobal: ignore the torch status update of camera: 10
11-05 15:53:57.185 25507 25621 W CameraManagerGlobal: ignore the torch status update of camera: 10
11-05 15:53:57.185  6543 17474 W CameraManagerGlobal: ignore the torch status update of camera: 10
11-05 15:53:57.186   668   668 I hwservicemanager: getTransport: Cannot find entry vendor.display.config@1.9::IDisplayConfig/default in either framework or device VINTF manifest.
11-05 15:53:57.186  1092  1092 E CamX    : [ERROR][FORMAT ] camxdisplayconfig.cpp:124 Initialize() IDisplayConfig service is NULL, version 1.9
11-05 15:53:57.187  7296  7296 D CAM_FragmentDualCameraAdjust: initZoomRatioForBackCamera(): zoom: 1.0
11-05 15:53:57.188  1558  2902 D Camera3-Utils: Set regular priority for thread (tid 2902)
11-05 15:53:57.189  7296  7296 D CAM_FragmentDualCameraAdjustMM: provideAnimateElement(): initialized zoom ratio: 1.0
11-05 15:53:57.189  7296  7296 D CAM_ZoomRatioToggleView: count = 3
11-05 15:53:57.189  7296  7296 D CAM_ZoomRatioToggleView: setSuppressed(): false
11-05 15:53:57.189  7296  7296 D CAM_ZoomRatioToggleView: setSuppressed() ignored: false
11-05 15:53:57.189  7296  7296 I CAM_ZoomRatioToggleView: [U_ACTION]: setZoomRatio(): a = ZOOMING_BY_UNKNOWN_SOURCE,i = 1,z = 1.0,ti =1,tz =1.0
11-05 15:53:57.189  7296  8932 I CAM_OpenCameraCallable: [K_PROCESS]: openCamera: X: cid = 0
11-05 15:53:57.189  7296  8932 D CAM_OpenCameraCallable: X: cid: 0 (dur: 21)
11-05 15:53:57.189  7296  8932 D CAM_OpenCameraCallable: postCallback
11-05 15:53:57.189  7296 15686 D CAM_OpenCameraCallable: Success: cid: 0 (dur: 21)
11-05 15:53:57.190  7296  8932 I CAM_CameraStateCallback: [K_PROCESS]: onOpened: cid = 0
11-05 15:53:57.190  7296  8932 I CAM_PerformanceManager: [P_PERFORM]: Action: 2:[HAL]openCamera@0_163_0 takes 21 ms
11-05 15:53:57.190  1085  2333 D audio_hw_primary: adev_set_parameters: enter: cameraFacing=back
11-05 15:53:57.190  1085  2333 V msm8974_platform: platform_set_parameters: enter: cameraFacing=back
11-05 15:53:57.190  1085  2333 D audio_hw_hfp: hfp_set_parameters: enter
11-05 15:53:57.190  1085  2333 D audio_hw_hfp: hfp_set_parameters: enter
11-05 15:53:57.190  1085  2333 V a2dp_offload: end of a2dp setparam
11-05 15:53:57.190  1085  2333 D audio_hw_cspl_cal: cirrus_cal_setparameters: enter 0xef4463c0
11-05 15:53:57.190  1085  2333 D audio_hw_extn: audio_extn_fm_set_parameters: Enter
11-05 15:53:57.190  1085  2333 D audio_hw_hfp: hfp_set_parameters: enter
11-05 15:53:57.190  1085  2333 V a2dp_offload: end of a2dp setparam
11-05 15:53:57.190  1085  2333 D audio_hw_primary: adev_set_parameters: exit with code(0)
11-05 15:53:57.191  7296 15686 I CAM_CameraOpenObservable: [K_PROCESS]: onOpened: cid = 0, listener = 78951536
11-05 15:53:57.191  7296 15686 I CAM_Camera2OpenManager: [K_PROCESS]: onOpened: cid = 0|android.hardware.camera2.impl.CameraDeviceImpl@d95a2a3
11-05 15:53:57.191  7296 15686 D CAM_Camera2OpenManager: fire: result = d.c.a.q6.t8.b.u@d5619a0, requested cid = 0
11-05 15:53:57.191  2923  2923 D BaseDepthController: mSurface is null and mCurrentBlur is: 0
11-05 15:53:57.191  7296 15686 D CAM_Camera2OpenManager: fire: emitted
11-05 15:53:57.192  7296  7296 D CAM_FragmentBottomPopupTips: onBackEvent: 4
11-05 15:53:57.192  7296  7296 D CAM_FragmentBottomPopupTips: hideAllTipImage
11-05 15:53:57.192  7296  7296 D CAM_FragmentBottomPopupTips: cancelUpdateTipImage 
11-05 15:53:57.193  7296  7296 D CAM_FragmentBottomPopupTips: updateLeftDynamicImage show : false fallBackRoll0
11-05 15:53:57.193  7296  7296 D CAM_FragmentBottomPopupTips: updateTipImage mCustomRoot is null : false
11-05 15:53:57.193  7296  7296 D CAM_CameraCapabilities: isRemoveNevusDefined request : false
11-05 15:53:57.193  7296  7296 D CAM_CameraCapabilities: isRemoveNevusDefined request : false
11-05 15:53:57.193  7296  7296 D CAM_FragmentBottomPopupTips: cancelUpdateTipImage 
11-05 15:53:57.197  7296  7296 D CAM_FragmentBottomPopupTips: toggleSoftLightTip: visible=false
11-05 15:53:57.198  7296  7296 D CAM_FragmentBottomPopupTips: restoreAiState: maybe restore ai scene tip:0
11-05 15:53:57.198  7296  7296 V CAM_Delegate@253578071: loadModule + opts {POPUP_TIPS=[BaseOperation{type=ADD, contType=POPUP_TIPS, info= 0xFFF9, subInfo= 0xF0'}], PREVIEW_ROOT=[BaseOperation{type=ADD, contType=PREVIEW_ROOT, info= 0xFFFFFF2, subInfo= 0xF0'}], }
11-05 15:53:57.198  7296  7296 V CAM_Delegate@253578071: diffOpts : last {MAIN_CONTENT=[BaseOperation{type=ADD, contType=MAIN_CONTENT, info= 0xEC, subInfo= 0xF0'}], MID_LAYER=[BaseOperation{type=ADD, contType=MID_LAYER, info= 0xFF1, subInfo= 0xF0'}], HIGHER_LAYER=[BaseOperation{type=ADD, contType=HIGHER_LAYER, info= 0xFFFE, subInfo= 0xF0'}], }, new {}
11-05 15:53:57.198 25820 25820 I cr_SmsProviderGms: construction successfull uie@2d7cbde, rie@1b3a1bf
11-05 15:53:57.199  7296  7296 V CAM_Delegate@253578071: resetOpts : {MAIN_CONTENT=[BaseOperation{type=SHOW_AND_REMOVE_OTHERS, contType=MAIN_CONTENT, info= 0xF3, subInfo= 0xF0'}], MID_LAYER=[BaseOperation{type=CLEAR, contType=MID_LAYER, info= 0x0, subInfo= 0xF0'}], HIGHER_LAYER=[BaseOperation{type=CLEAR, contType=HIGHER_LAYER, info= 0x0, subInfo= 0xF0'}], }
11-05 15:53:57.199  7296  7296 V CAM_Delegate@253578071: clearOpts {MAIN_CONTENT=[BaseOperation{type=SHOW_AND_REMOVE_OTHERS, contType=MAIN_CONTENT, info= 0xF3, subInfo= 0xF0'}], MID_LAYER=[BaseOperation{type=CLEAR, contType=MID_LAYER, info= 0x0, subInfo= 0xF0'}], HIGHER_LAYER=[BaseOperation{type=CLEAR, contType=HIGHER_LAYER, info= 0x0, subInfo= 0xF0'}], }
11-05 15:53:57.199  7296  7296 V CAM_Delegate@253578071: loadModule + types [6, 10]
11-05 15:53:57.199  7296  7296 V CAM_Delegate@253578071: checkOperation type POPUP_TIPS, operations [BaseOperation{type=ADD, contType=POPUP_TIPS, info= 0xFFF9, subInfo= 0xF0'}], currentFragments {BOTTOM_BAR ,VState :0 , fragInfo: [0xF1], MODE_SELECTOR ,VState :0 , fragInfo: [0xF2], TOP_BAR ,VState :0 , fragInfo: [0xF4], DUAL_CAMERA ,VState :0 , fragInfo: [0xFF4], MAIN_CONTENT ,VState :0 , fragInfo: [0xF3, 0xEC], POPUP_TIPS ,VState :0 , fragInfo: [0xF0, 0xFFF9], BEAUTY_PANEL ,VState :0 , fragInfo: [0xF0], POST_VIEW ,VState :0 , fragInfo: []GALLERY , fragInfo: [0xF0], PREVIEW_ROOT ,VState :0 , fragInfo: [0xF0, 0xFFFFFF2], EXTRA_TOP_BAR , fragInfo: [0xF0], MENU_ROOT ,VState :0 , fragInfo: [0xF0], LOWER_LAYER ,VState :0 , fragInfo: [0xF0], MID_LAYER ,VState :0 , fragInfo: [0xF0, 0xFF1], HIGHER_LAYER ,VState :0 , fragInfo: [0xF0, 0xFFFE]}
11-05 15:53:57.199  7296  7296 V CAM_Delegate@253578071: checkOperation type PREVIEW_ROOT, operations [BaseOperation{type=ADD, contType=PREVIEW_ROOT, info= 0xFFFFFF2, subInfo= 0xF0'}], currentFragments {BOTTOM_BAR ,VState :0 , fragInfo: [0xF1], MODE_SELECTOR ,VState :0 , fragInfo: [0xF2], TOP_BAR ,VState :0 , fragInfo: [0xF4], DUAL_CAMERA ,VState :0 , fragInfo: [0xFF4], MAIN_CONTENT ,VState :0 , fragInfo: [0xF3, 0xEC], POPUP_TIPS ,VState :0 , fragInfo: [0xF0, 0xFFF9], BEAUTY_PANEL ,VState :0 , fragInfo: [0xF0], POST_VIEW ,VState :0 , fragInfo: []GALLERY , fragInfo: [0xF0], PREVIEW_ROOT ,VState :0 , fragInfo: [0xF0, 0xFFFFFF2], EXTRA_TOP_BAR , fragInfo: [0xF0], MENU_ROOT ,VState :0 , fragInfo: [0xF0], LOWER_LAYER ,VState :0 , fragInfo: [0xF0], MID_LAYER ,VState :0 , fragInfo: [0xF0, 0xFF1], HIGHER_LAYER ,VState :0 , fragInfo: [0xF0, 0xFFFE]}
11-05 15:53:57.199  7296  7296 V CAM_Delegate@253578071: loadModule - opts [BaseOperation{type=SHOW_AND_REMOVE_OTHERS, contType=MAIN_CONTENT, info= 0xF3, subInfo= 0xF0'}, BaseOperation{type=CLEAR, contType=MID_LAYER, info= 0x0, subInfo= 0xF0'}, BaseOperation{type=CLEAR, contType=HIGHER_LAYER, info= 0x0, subInfo= 0xF0'}]
11-05 15:53:57.199  7296  7296 D CAM_FragmentVideoPrompter: setClickEnable: false
11-05 15:53:57.199  7296  7296 D CAM_FragmentMainContentMM: setClickEnable: true
11-05 15:53:57.199  7296  7296 D CAM_FragmentAutoZoom: setClickEnable: false
11-05 15:53:57.199  7296  7296 D CAM_FragmentSubtitle: setClickEnable: false
11-05 15:53:57.199  7296  7296 V CAM_Delegate@253578071: currentFragments {BOTTOM_BAR ,VState :0 , fragInfo: [0xF1], MODE_SELECTOR ,VState :0 , fragInfo: [0xF2], TOP_BAR ,VState :0 , fragInfo: [0xF4], DUAL_CAMERA ,VState :0 , fragInfo: [0xFF4], MAIN_CONTENT ,VState :0 , fragInfo: [0xF3], POPUP_TIPS ,VState :0 , fragInfo: [0xF0, 0xFFF9], BEAUTY_PANEL ,VState :0 , fragInfo: [0xF0], POST_VIEW ,VState :0 , fragInfo: []GALLERY , fragInfo: [0xF0], PREVIEW_ROOT ,VState :0 , fragInfo: [0xF0, 0xFFFFFF2], EXTRA_TOP_BAR , fragInfo: [0xF0], MENU_ROOT ,VState :0 , fragInfo: [0xF0], LOWER_LAYER ,VState :0 , fragInfo: [0xF0], MID_LAYER ,VState :0 , fragInfo: []HIGHER_LAYER ,VState :0 , fragInfo: []}
11-05 15:53:57.199  7296  7296 D CAM_Camera@205499971: showGuide = 163  isCtsCall = false
11-05 15:53:57.199  7296  7296 I CAM_PermissionManager: getNeedCheckPermissionList() listSize =0
11-05 15:53:57.199  7296  7296 I CAM_PermissionManager: checkCameraLocationPermissions(), all on
11-05 15:53:57.199  7296  7296 I CAM_PermissionManager: getNeedCheckPermissionList() listSize =0
11-05 15:53:57.200  7296  7296 I CAM_PermissionManager: checkCameraLaunchPermissions(), all on
11-05 15:53:57.200  7296  7296 V CAM_a0  : loadDynamic opts src: [DynamicFragmentOperation{mTimeoutReset=false, mDepend=d.c.a.h6.h5.i0@51c4132} BaseOperation{type=SHOW_CONTAINER, contType=DUAL_CAMERA, info= 0x0, subInfo= 0xF0'}, DynamicFragmentOperation{mTimeoutReset=false, mDepend=d.c.a.h6.h5.i0@51c4132} BaseOperation{type=SHOW_CONTAINER, contType=BOTTOM_BAR, info= 0x0, subInfo= 0xF0'}, DynamicFragmentOperation{mTimeoutReset=false, mDepend=d.c.a.h6.h5.i0@51c4132} BaseOperation{type=SHOW_CONTAINER, contType=MODE_SELECTOR, info= 0x0, subInfo= 0xF0'}, DynamicFragmentOperation{mTimeoutReset=false, mDepend=d.c.a.h6.h5.i0@51c4132} BaseOperation{type=SHOW_CONTAINER, contType=POPUP_TIPS, info= 0x0, subInfo= 0xF0'}, DynamicFragmentOperation{mTimeoutReset=false, mDepend=d.c.a.h6.h5.i0@51c4132} BaseOperation{type=SHOW_CONTAINER, contType=BEAUTY_PANEL, info= 0x0, subInfo= 0xF0'}], dst : [DynamicFragmentOperation{mTimeoutReset=false, mDepend=d.c.a.h6.h5.i0@51c4132} BaseOperation{type=SHOW_CONTAINER, contType=DUAL_CAMERA, info= 0x0, subInfo= 0xF0'}, DynamicFragmentOperation{mTimeoutReset=false, mDepend=d.c.a.h6.h5.i0@51c4132} BaseOperation{type=SHOW_CONTAINER, contType=BOTTOM_BAR, info= 0x0, subInfo= 0xF0'}, DynamicFragmentOperation{mTimeoutReset=false, mDepend=d.c.a.h6.h5.i0@51c4132} BaseOperation{type=SHOW_CONTAINER, contType=MODE_SELECTOR, info= 0x0, subInfo= 0xF0'}, DynamicFragmentOperation{mTimeoutReset=false, mDepend=d.c.a.h6.h5.i0@51c4132} BaseOperation{type=SHOW_CONTAINER, contType=POPUP_TIPS, info= 0x0, subInfo= 0xF0'}, DynamicFragmentOperation{mTimeoutReset=false, mDepend=d.c.a.h6.h5.i0@51c4132} BaseOperation{type=SHOW_CONTAINER, contType=BEAUTY_PANEL, info= 0x0, subInfo= 0xF0'}]
11-05 15:53:57.200  7296  7296 V CAM_Delegate@253578071: currentFragments {BOTTOM_BAR ,VState :0 , fragInfo: [0xF1], MODE_SELECTOR ,VState :0 , fragInfo: [0xF2], TOP_BAR ,VState :0 , fragInfo: [0xF4], DUAL_CAMERA ,VState :0 , fragInfo: [0xFF4], MAIN_CONTENT ,VState :0 , fragInfo: [0xF3], POPUP_TIPS ,VState :0 , fragInfo: [0xF0, 0xFFF9], BEAUTY_PANEL ,VState :0 , fragInfo: [0xF0], POST_VIEW ,VState :0 , fragInfo: []GALLERY , fragInfo: [0xF0], PREVIEW_ROOT ,VState :0 , fragInfo: [0xF0, 0xFFFFFF2], EXTRA_TOP_BAR , fragInfo: [0xF0], MENU_ROOT ,VState :0 , fragInfo: [0xF0], LOWER_LAYER ,VState :0 , fragInfo: [0xF0], MID_LAYER ,VState :0 , fragInfo: []HIGHER_LAYER ,VState :0 , fragInfo: []}
11-05 15:53:57.200  7296  7296 V CAM_a0  : loadDynamic opts src: [DynamicFragmentOperation{mTimeoutReset=false, mDepend=d.c.a.h6.h5.i0@7912e83} BaseOperation{type=SHOW_AND_REMOVE_OTHERS, contType=MODE_SELECTOR, info= 0xF2, subInfo= 0xF0'}], dst : [DynamicFragmentOperation{mTimeoutReset=false, mDepend=d.c.a.h6.h5.i0@7912e83} BaseOperation{type=SHOW_AND_REMOVE_OTHERS, contType=MODE_SELECTOR, info= 0xF2, subInfo= 0xF0'}]
11-05 15:53:57.200  7296  7296 D CAM_FragmentModeSelector: setClickEnable: true
11-05 15:53:57.200  7296  7296 V CAM_Delegate@253578071: currentFragments {BOTTOM_BAR ,VState :0 , fragInfo: [0xF1], MODE_SELECTOR ,VState :0 , fragInfo: [0xF2], TOP_BAR ,VState :0 , fragInfo: [0xF4], DUAL_CAMERA ,VState :0 , fragInfo: [0xFF4], MAIN_CONTENT ,VState :0 , fragInfo: [0xF3], POPUP_TIPS ,VState :0 , fragInfo: [0xF0, 0xFFF9], BEAUTY_PANEL ,VState :0 , fragInfo: [0xF0], POST_VIEW ,VState :0 , fragInfo: []GALLERY , fragInfo: [0xF0], PREVIEW_ROOT ,VState :0 , fragInfo: [0xF0, 0xFFFFFF2], EXTRA_TOP_BAR , fragInfo: [0xF0], MENU_ROOT ,VState :0 , fragInfo: [0xF0], LOWER_LAYER ,VState :0 , fragInfo: [0xF0], MID_LAYER ,VState :0 , fragInfo: []HIGHER_LAYER ,VState :0 , fragInfo: []}
11-05 15:53:57.200  7296  7296 D CAM_DragLayout: setDragEnable mDragMode : false, mPromptMode : false,mBar : null,withAnim : false
11-05 15:53:57.204  7296  7296 I CAM_ AdaptiveTv: init:  mMaxFontScale :1.25
11-05 15:53:57.206  7296  7296 D EndTopBarAdapter: onBindViewHolder
11-05 15:53:57.206   668   668 I hwservicemanager: getTransport: Cannot find entry vendor.qti.hardware.servicetracker@1.0::IServicetracker/default in either framework or device VINTF manifest.
11-05 15:53:57.206  7296  7296 D EndTopBarAdapter: updateView - anim id = 0
11-05 15:53:57.206  1856  2689 D BackgroundInstallControlService: Package event received: 0
11-05 15:53:57.207   668   668 I hwservicemanager: getTransport: Cannot find entry vendor.qti.hardware.servicetracker@1.0::IServicetracker/default in either framework or device VINTF manifest.
11-05 15:53:57.207  2923  2923 D BaseDepthController: mSurface is null and mCurrentBlur is: 0
11-05 15:53:57.209  7296  7296 D StartTopBarAdapter: onBindViewHolder
11-05 15:53:57.209 11998 12150 E MvfstCallbacks.cpp: onConnectionSetupError: error=TransportError: Internal Error, Error on socket write Operation not permitted, 
11-05 15:53:57.210  7296  7296 D StartTopBarAdapter: updateView - anim id = 2131886459
11-05 15:53:57.210  7296  7296 I StartTopBarAdapter: shouldEnableAnim = false
11-05 15:53:57.210  7296  7296 D StartTopBarAdapter: showJsonAnimation - anim id = 2131886459 image view = com.android.camera2.compat.theme.custom.mm.top.StrikethroughImageView{18d66ae V.ED..C.. ......I. 0,0-116,116}
11-05 15:53:57.211  7296  7296 D CAM_DragLayout: setDragEnable mDragMode : false, mPromptMode : false,mBar : null,withAnim : false
11-05 15:53:57.213  7296  7296 D CAM_ModeSelectViewCV: onScrolled 0
11-05 15:53:57.213  7296  7296 D CAM_ModeSelectViewCV: updateSelectedItem 163
11-05 15:53:57.213   668   668 I hwservicemanager: getTransport: Cannot find entry vendor.qti.hardware.servicetracker@1.0::IServicetracker/default in either framework or device VINTF manifest.
11-05 15:53:57.214   668   668 I hwservicemanager: getTransport: Cannot find entry vendor.qti.hardware.servicetracker@1.0::IServicetracker/default in either framework or device VINTF manifest.
11-05 15:53:57.216   668   668 I hwservicemanager: getTransport: Cannot find entry vendor.qti.hardware.servicetracker@1.0::IServicetracker/default in either framework or device VINTF manifest.
11-05 15:53:57.216  1856  2689 D BackgroundInstallControlService: Package event received: 0
11-05 15:53:57.217   668   668 I hwservicemanager: getTransport: Cannot find entry vendor.qti.hardware.servicetracker@1.0::IServicetracker/default in either framework or device VINTF manifest.
11-05 15:53:57.218  7296  7296 D CAM_BatteryDetector: onReceive battery = 48 cutoff = false
11-05 15:53:57.218  7296  7296 D CAM_BatteryDetector: onBatteryNotification action=0 caller = d.c.a.j3.k(Unknown Source:19), d.c.a.j3.c(Unknown Source:0), d.c.a.j3$a.onReceive(Unknown Source:122), android.app.LoadedApk$ReceiverDispatcher$Args.lambda$getRunnable$0(LoadedApk.java:1839), android.app.LoadedApk$ReceiverDispatcher$Args.$r8$lambda$mcNAAl1SQ4MyJPyDg8TJ2x2h0Rk(Unknown Source:0), 
11-05 15:53:57.219  7296  7296 D CAM_ThumbnailUpdater: LoadThumbnailTask onPostExecute, thumbnail is Thumbnail{mUri=content://media/external/video/media/1000003760, mBitmap=android.graphics.Bitmap@9fa29c3, mFromFile=false, mWaitingForUri=false, mIsGif=false, gifWidth=-1, gifHeight=-1, applied=true}, not canceled, noNeedUpdateThumbnail is false
11-05 15:53:57.219  7296  7296 D CAM_ThumbnailUpdater: LoadThumbnailTask: thumbnail on task complete: Thumbnail{mUri=content://media/external/video/media/1000003760, mBitmap=android.graphics.Bitmap@9fa29c3, mFromFile=false, mWaitingForUri=false, mIsGif=false, gifWidth=-1, gifHeight=-1, applied=true}
11-05 15:53:57.219  7296  7296 D CAM_ThumbnailUpdater: setThumbnail mLastUri=content://media/external/video/media/1000003760
11-05 15:53:57.219  7296  7296 D CAM_ActivityBase: onCameraUnavailable: 0
11-05 15:53:57.219  7296  7296 D CAM_Camera@205499971: onLifeAlive module 0xa3, need anim 1, need blur false need reconfig true reset type 4
11-05 15:53:57.219  7296  7296 D CAM_Camera@205499971: isFromKeyguard: false
11-05 15:53:57.219  7296  7296 D CAM_Camera@205499971: onLifeAlive: isFromKeyguard: false, mHasFocus: false
11-05 15:53:57.219  7296  7296 I CAM_PermissionManager: getNeedCheckPermissionList() listSize =0
11-05 15:53:57.219  7296  7296 I CAM_PermissionManager: checkCameraLaunchPermissions(), all on
11-05 15:53:57.219  7296  7296 D CAM_Camera@205499971: setupCamera: E
11-05 15:53:57.219  7296  7296 D CAM_Camera@205499971: closeCameraSetup: CameraPendingSetupDisposable: X
11-05 15:53:57.219  7296  7296 D CAM_Camera@205499971: closeCameraSetup: CameraSetupDisposable: X
11-05 15:53:57.219  7296  7296 D CAM_Camera@205499971: setupCamera: CameraSetupDisposable: E
11-05 15:53:57.220  7296  7296 D CAM_Camera@205499971: setupCamera: X
11-05 15:53:57.220  7296 15686 I CAM_PermissionManager: getNeedCheckPermissionList() listSize =0
11-05 15:53:57.220  7296 15686 I CAM_PermissionManager: checkCameraLaunchPermissions(), all on
11-05 15:53:57.220  7296 15686 D CAM_FunctionCameraPrepare: reconfigureData needResetForFrontZoom:false lastCameraId:0 mResetType:4 mLastMode:162 mTargetMode:163
11-05 15:53:57.223  7296  7296 D CAM_FragmentVideoPrompter: unRegister: 
11-05 15:53:57.223  7296  7296 D CAM_FragmentSubtitle: onDestroy
11-05 15:53:57.223   668   668 I hwservicemanager: getTransport: Cannot find entry vendor.qti.hardware.servicetracker@1.0::IServicetracker/default in either framework or device VINTF manifest.
11-05 15:53:57.224   668   668 I hwservicemanager: getTransport: Cannot find entry vendor.qti.hardware.servicetracker@1.0::IServicetracker/default in either framework or device VINTF manifest.
11-05 15:53:57.226  2923  2923 D BaseDepthController: mSurface is null and mCurrentBlur is: 0
11-05 15:53:57.227  7296 15686 D CAM_ComponentRunningDualVideo: setRecordType: RecordType_MERGED
11-05 15:53:57.228  7296 15686 D CAM_LGal_GalleryContainerManager: setInTimerBurstShotting inTimerBurstShotting: false, fromComplete: false, mIsInTimerBurstShotting: false, mTimerBurstItems.size(): 0
11-05 15:53:57.228  7296 15686 D CAM_TimerBurstController: setInTimerBurstShotting: false
11-05 15:53:57.229  7296 15686 D CAM_Camera2DataContainer: Currently user selected zoom ratio is 1.0
11-05 15:53:57.229  7296 15686 D CAM_Camera2DataContainer: getActualOpenCameraId: mode=a3, id=0->0
11-05 15:53:57.230  7296 15686 D CAM_CameraCapabilities: com.xiaomi.lens.info.availableApertureModes invalid ,used default value 
11-05 15:53:57.231  7296 15686 W CAM_Camera2CompatAdapterRole: Warning: getAuxCameraId(): #init() failed, roleId=20
11-05 15:53:57.231  7296 15686 D CAM_CameraCapabilities: portraitBokehZoomMap：   PORTRAIT_BOKEH_ZOOM_RATIO_MAP is null
11-05 15:53:57.231  7296 15686 D CAM_CameraCapabilities: portraitBokehApertureAbilityMap：   PORTRAIT_BOKEH_APERTURE_ABILITY_MAP is null
11-05 15:53:57.231  7296 15686 D CAM_ComponentConfigFlash: setBanned() called with: banned = [false]
11-05 15:53:57.232  7296  7296 D CAM_Camera@205499971: isFromKeyguard: false
11-05 15:53:57.232  7296 15686 D CAM_CameraCapabilities: SupportSlowMotionCameraValue：   MULTI_LENS_SUPPORT_SLOW_MOTION is null
11-05 15:53:57.232  7296 15686 D CAM_CameraCapabilities: SupportSlowMotionCameraLens：   MULTI_LENS_SUPPORT_SLOW_MOTION is null
11-05 15:53:57.232  7296 15686 D CAM_CameraCapabilities: isExposureMeteringSupported: 0
11-05 15:53:57.232  7296 15686 D CAM_CameraCapabilities: com.xiaomi.lens.info.AVAILABLE_EXPOSURE_MODES invalid ,used default value 
11-05 15:53:57.232  7296 15686 D CAM_CameraCapabilities: com.xiaomi.lens.info.availableApertureModes invalid ,used default value 
11-05 15:53:57.232  7296 15686 W CAM_Camera2CompatAdapterRole: Warning: getAuxCameraId(): #init() failed, roleId=20
11-05 15:53:57.232  7296  7296 I CAM_Camera@205499971: [K_PROCESS]: onWindowFocusChanged: hasFocus: true, isFromKeyguard: false
11-05 15:53:57.232  7296  7296 I CAM_Camera@205499971: [K_PROCESS]: camera2Proxy=null; isCameraDisconnected=true
11-05 15:53:57.232  7296  7296 D CAM_Camera2Module: onWindowFocusChanged: true
11-05 15:53:57.233  7296  7296 V CAM_CameraBrightness: onWindowFocusChanged hasFocus=true mFirstFocusChanged=false
11-05 15:53:57.233  7296 15686 D CAM_ComponentConfigHDR10: reInit E
11-05 15:53:57.233  7296 15686 D CAM_ComponentConfigHDR10PRO: reInit E
11-05 15:53:57.233  7296 15686 D CAM_ComponentConfigTrueColour: reInit E
11-05 15:53:57.233  7296  7296 E CAM_ModuleUtil: d.c.a.q6.n8.t.k(Unknown Source:57), |device: invalid module: destroyed|alive
11-05 15:53:57.233  7296 15686 I CAM_PerformanceManager: [P_PERFORM]: Action: A2:switch_camera_prepare_163_0 takes 13 ms
11-05 15:53:57.233  7296 15686 D CAM_Camera2OpenOnSubScribe: subscribe: request to open 0
11-05 15:53:57.233  7296 15686 D CAM_Camera2DataContainer: Currently user selected zoom ratio is 1.0
11-05 15:53:57.233  7296 15686 D CAM_Camera2DataContainer: getActualOpenCameraId: mode=a3, id=0->0
11-05 15:53:57.233  7296 15686 D CAM_CameraCapabilities: isSupportReplaceSession: false
11-05 15:53:57.233  7296 15686 D CAM_Camera2OpenManager: openCamera: reusable = false
11-05 15:53:57.233  7296 15686 I CAM_Camera2OpenManager: [K_PROCESS]: cid: 0 -> 0, mid: 163 -> 163, fcc: false
11-05 15:53:57.233  7296 15686 D CAM_Camera2OpenManager: removeCameraCallables
11-05 15:53:57.233  7296 15686 D CAM_Camera2OpenManager: subscribeCameraResultObservable: E
11-05 15:53:57.233  7296  8932 D CAM_CloseCameraCallable: E: cid: null
11-05 15:53:57.234  7296  8932 I CAM_CloseCameraCallable: [K_PROCESS]: E: closeCamera: cid = null, excludes = [0]
11-05 15:53:57.234  7296 15686 D CAM_Camera2OpenOnSubScribe: onSubscribe
11-05 15:53:57.234  7296  8932 D CAM_CloseCameraCallable: closeCamera: camera '0' is excluded
11-05 15:53:57.234  7296  8932 I CAM_CloseCameraCallable: [K_PROCESS]: X: closeCamera: cid = null, excludes = [0]
11-05 15:53:57.234  7296  8932 D CAM_CloseCameraCallable: X: cid: null (dur: 0)
11-05 15:53:57.234  7296  8932 D CAM_CloseCameraCallable: postCallback
11-05 15:53:57.234  7296 15686 D CAM_Camera2OpenManager: subscribeCameraResultObservable: X
11-05 15:53:57.234  7296 15686 D CAM_CameraOpenObservable: subscribeActual: openCamera: cid = 0, listener = 149915546
11-05 15:53:57.234  7296  8932 D CAM_OpenCameraCallable: E: cid: 0
11-05 15:53:57.234  7296 15686 I CAM_PerformanceManager: [P_PERFORM]: Action: A3:switch_camera_2_open_163_0 takes 1 ms
11-05 15:53:57.234  7296  8932 D CAM_OpenCameraCallable: Camera is already opened: cid = 0
11-05 15:53:57.234  7296 15686 D CAM_CloseCameraCallable: Success: cid: null (dur: 0)
11-05 15:53:57.234  7296  8932 D CAM_MiCamera2: setCaptureBusyCallback: null
11-05 15:53:57.234  7296  8932 D CAM_CameraCapabilities: isSupportReplaceSession: false
11-05 15:53:57.234  7296  8932 I CAM_CameraStateCallback: [K_PROCESS]: onOpened: cid = 0
11-05 15:53:57.234  7296 15686 I CAM_CameraOpenObservable: [K_PROCESS]: onOpened: cid = 0, listener = 149915546
11-05 15:53:57.234  7296 15686 I CAM_Camera2OpenManager: [K_PROCESS]: onOpened: cid = 0|android.hardware.camera2.impl.CameraDeviceImpl@d95a2a3
11-05 15:53:57.234  7296 15686 D CAM_Camera2OpenManager: fire: result = d.c.a.q6.t8.b.u@92158a8, requested cid = 0
11-05 15:53:57.234  7296 15686 D CAM_Camera2OpenManager: fire: emitted
11-05 15:53:57.234  7296 15686 D CAM_Camera2OpenOnSubScribe: onNext: hasSurface = true, isCapture = true
11-05 15:53:57.234  7296  8932 D CAM_OpenCameraCallable: X: cid: 0 (dur: 1)
11-05 15:53:57.234  7296 15686 D CAM_FunctionCameraOpenResult: apply: result = 2
11-05 15:53:57.234  7296 15686 D CAM_Camera2OpenOnSubScribe: onComplete
11-05 15:53:57.234  7296 15686 D CAM_FunctionModuleSetup: apply: module isPresent = true
11-05 15:53:57.234  7296 15686 D CAM_EffectRenderGroup: onEffectChanged: EFFECT_CHANGE_FILTER mEffectId = 66048
11-05 15:53:57.235  7296 15686 I CAM_BaseModule: [K_PROCESS]: onCreate: moduleIndex->163, cameraId->0@u@103755697: mid = 163, cid = 0, created = false, departed = false
11-05 15:53:57.235  7296 15686 D CAM_Camera2DataContainer: Currently user selected zoom ratio is 1.0
11-05 15:53:57.235  7296 15686 D CAM_Camera2DataContainer: getActualOpenCameraId: mode=a3, id=0->0
11-05 15:53:57.235  7296  8932 D CAM_OpenCameraCallable: postCallback
11-05 15:53:57.235  7296 15686 D CAM_BaseModule: enumerating: null
11-05 15:53:57.235  7296 15686 D CAM_BaseModule: enumerating: d.c.b.p4@2bb36a7 - cid: 0
11-05 15:53:57.235  7296 15686 I CAM_BaseModule: setCameraDevice: d.c.b.p4@2bb36a7 - cid: 0
11-05 15:53:57.235  7296 15686 D CAM_Camera2CompatAdapter: E: initCameraCapabilitiesByCameraId(): 3
11-05 15:53:57.235  7296  7296 D CAM_Thumbnail: setBitmapApplied(content://media/external/video/media/1000003760): true
11-05 15:53:57.236  7296  7296 D CAM_FragmentBottomAction: updateThumbnail: update image: Thumbnail{mUri=content://media/external/video/media/1000003760, mBitmap=android.graphics.Bitmap@9fa29c3, mFromFile=false, mWaitingForUri=false, mIsGif=false, gifWidth=-1, gifHeight=-1, applied=true}
11-05 15:53:57.241  2923  2923 D BaseDepthController: mSurface is null and mCurrentBlur is: 0
11-05 15:53:57.242  1856  9166 I ImeTracker: system_server:cd08fa54: onRequestHide at ORIGIN_SERVER reason IME_REQUESTED_CHANGED_LISTENER fromUser false
11-05 15:53:57.242  1856  1896 I ImeTracker: system_server:cd08fa54: onCancelled at PHASE_SERVER_SHOULD_HIDE
11-05 15:53:57.243  4137  4137 W w       : onStartInput event aborted
11-05 15:53:57.243  4137  4137 W w       : mc0.t: could not obtain extracted text
11-05 15:53:57.243  4137  4137 W w       : 	at mc0.g0.H(Unknown Source:339)
11-05 15:53:57.243  4137  4137 W w       : 	at f70.y.h(Unknown Source:282)
11-05 15:53:57.243  4137  4137 W w       : 	at f70.e2.h(Unknown Source:2)
11-05 15:53:57.243  4137  4137 W w       : 	at com.touchtype.KeyboardService.onStartInput(Unknown Source:11)
11-05 15:53:57.243  4137  4137 W w       : 	at android.inputmethodservice.InputMethodService.doStartInput(InputMethodService.java:3540)
11-05 15:53:57.243  4137  4137 W w       : 	at android.inputmethodservice.InputMethodService$InputMethodImpl.startInput(InputMethodService.java:884)
11-05 15:53:57.243  4137  4137 W w       : 	at android.inputmethodservice.InputMethodService$InputMethodImpl.dispatchStartInput(InputMethodService.java:913)
11-05 15:53:57.243  4137  4137 W w       : 	at android.inputmethodservice.IInputMethodWrapper.executeMessage(IInputMethodWrapper.java:201)
11-05 15:53:57.243  4137  4137 W w       : 	at com.android.internal.os.HandlerCaller$MyHandler.handleMessage(HandlerCaller.java:44)
11-05 15:53:57.243  4137  4137 W w       : 	at android.os.Handler.dispatchMessage(Handler.java:110)
11-05 15:53:57.243  4137  4137 W w       : 	at android.os.Looper.loopOnce(Looper.java:248)
11-05 15:53:57.243  4137  4137 W w       : 	at android.os.Looper.loop(Looper.java:338)
11-05 15:53:57.243  4137  4137 W w       : 	at android.app.ActivityThread.main(ActivityThread.java:9145)
11-05 15:53:57.243  4137  4137 W w       : 	at java.lang.reflect.Method.invoke(Native Method)
11-05 15:53:57.243  4137  4137 W w       : 	at com.android.internal.os.RuntimeInit$MethodAndArgsCaller.run(RuntimeInit.java:596)
11-05 15:53:57.243  4137  4137 W w       : 	at com.android.internal.os.ZygoteInit.main(ZygoteInit.java:940)
11-05 15:53:57.247  7296 15686 D CAM_CameraCapabilities: QuickShotDelayTime tag not defined
11-05 15:53:57.247  7296 15686 D CAM_CameraCapabilities: HQQuickShot: mFeatureMask: 0   mDelayTimeMask: 0
11-05 15:53:57.247  7296 15686 D CAM_CameraCapabilities: QuickShotDelayTimeFactor tag not defined
11-05 15:53:57.247  7296 15686 D CAM_CameraCapabilities: QuickShot: mDelayTimeFactor: 100
11-05 15:53:57.247  7296 15686 D CAM_CameraCapabilities: MiviSuperNight: mSuperNightMask: 0
11-05 15:53:57.247  7296 15686 D CAM_CameraCapabilities: QuickShotNextCaptureMask: mQuickShotNextCaptureMask: 0
11-05 15:53:57.247  7296 15686 D CAM_CameraCapabilities: getBeautyVersionData: 3 ,beautyVersion: 3 ,beautyAlgo: 1
11-05 15:53:57.247  7296 15686 D CAM_CameraCapabilities: SnapshotQuickViewStreamMask: 0
11-05 15:53:57.247  7296 15686 D CAM_Camera2CompatAdapter: X: initCameraCapabilitiesByCameraId(): 3
11-05 15:53:57.247  7296 15686 D CAM_Camera2CompatAdapter: E: initCameraCapabilitiesByCameraId(): 2
11-05 15:53:57.256  7296 15686 D CAM_CameraCapabilities: QuickShotDelayTime tag not defined
11-05 15:53:57.256  7296 15686 D CAM_CameraCapabilities: HQQuickShot: mFeatureMask: 0   mDelayTimeMask: 0
11-05 15:53:57.256  7296 15686 D CAM_CameraCapabilities: QuickShotDelayTimeFactor tag not defined
11-05 15:53:57.256  7296 15686 D CAM_CameraCapabilities: QuickShot: mDelayTimeFactor: 100
11-05 15:53:57.256  7296 15686 D CAM_CameraCapabilities: MiviSuperNight: mSuperNightMask: 0
11-05 15:53:57.256  7296 15686 D CAM_CameraCapabilities: QuickShotNextCaptureMask: mQuickShotNextCaptureMask: 0
11-05 15:53:57.256  7296 15686 D CAM_CameraCapabilities: getBeautyVersionData: 3 ,beautyVersion: 3 ,beautyAlgo: 1
11-05 15:53:57.256  7296 15686 D CAM_CameraCapabilities: SnapshotQuickViewStreamMask: 0
11-05 15:53:57.256  7296 15686 D CAM_Camera2CompatAdapter: X: initCameraCapabilitiesByCameraId(): 2
11-05 15:53:57.256   668   668 I hwservicemanager: getTransport: Cannot find entry vendor.qti.hardware.servicetracker@1.0::IServicetracker/default in either framework or device VINTF manifest.
11-05 15:53:57.256  7296 15686 D CAM_BaseModule: create disposable u@103755697: mid = 163, cid = 0, created = false, departed = false 0
11-05 15:53:57.256  7296 15686 D CAM_CameraIntentManager: start activity when locked: false
11-05 15:53:57.256 23227 23227 D BoundBrokerSvc: onBind: Intent { act=com.google.android.gms.auth.account.data.service.START xflg=0x4 pkg=com.google.android.gms }
11-05 15:53:57.256 23227 23227 D BoundBrokerSvc: Loading bound service for intent: Intent { act=com.google.android.gms.auth.account.data.service.START xflg=0x4 pkg=com.google.android.gms }
11-05 15:53:57.257  7296 15686 D CAM_Camera2CompatAdapter: E: initCameraCapabilitiesByCameraId(): 3
11-05 15:53:57.259  2923  2923 D BaseDepthController: mSurface is null and mCurrentBlur is: 0
11-05 15:53:57.267  7296 15686 D CAM_CameraCapabilities: QuickShotDelayTime tag not defined
11-05 15:53:57.267  7296 15686 D CAM_CameraCapabilities: HQQuickShot: mFeatureMask: 0   mDelayTimeMask: 0
11-05 15:53:57.267  7296 15686 D CAM_CameraCapabilities: QuickShotDelayTimeFactor tag not defined
11-05 15:53:57.267  7296 15686 D CAM_CameraCapabilities: QuickShot: mDelayTimeFactor: 100
11-05 15:53:57.267  7296 15686 D CAM_CameraCapabilities: MiviSuperNight: mSuperNightMask: 0
11-05 15:53:57.267  7296 15686 D CAM_CameraCapabilities: QuickShotNextCaptureMask: mQuickShotNextCaptureMask: 0
11-05 15:53:57.267  7296 15686 D CAM_CameraCapabilities: getBeautyVersionData: 3 ,beautyVersion: 3 ,beautyAlgo: 1
11-05 15:53:57.267  7296 15686 D CAM_CameraCapabilities: SnapshotQuickViewStreamMask: 0
11-05 15:53:57.267  7296 15686 D CAM_Camera2CompatAdapter: X: initCameraCapabilitiesByCameraId(): 3
11-05 15:53:57.267  7296 15686 D CAM_ZoomManager: initEquivalentFocalLength: get equivalentFocalLength is null
11-05 15:53:57.267  7296 15686 D CAM_Camera2CompatAdapter: E: initCameraCapabilitiesByCameraId(): 0
11-05 15:53:57.275  2923  2923 D BaseDepthController: mSurface is null and mCurrentBlur is: 0
11-05 15:53:57.276  7296 15686 D CAM_CameraCapabilities: QuickShotDelayTime tag not defined
11-05 15:53:57.276  7296 15686 D CAM_CameraCapabilities: HQQuickShot: mFeatureMask: 0   mDelayTimeMask: 0
11-05 15:53:57.276  7296 15686 D CAM_CameraCapabilities: QuickShotDelayTimeFactor tag not defined
11-05 15:53:57.276  7296 15686 D CAM_CameraCapabilities: QuickShot: mDelayTimeFactor: 100
11-05 15:53:57.276  7296 15686 D CAM_CameraCapabilities: MiviSuperNight: mSuperNightMask: 0
11-05 15:53:57.276  7296 15686 D CAM_CameraCapabilities: QuickShotNextCaptureMask: mQuickShotNextCaptureMask: 0
11-05 15:53:57.276  1262  1841 D DisplayModeController: setDesiredMode 4630946545580055169 {mode={fps=90.00 Hz, modePtr={id=1, vsyncRate=90.00 Hz, peakRefreshRate=90.00 Hz}}, emitEvent=true, force=false}
11-05 15:53:57.276  7296 15686 D CAM_CameraCapabilities: getBeautyVersionData: 3 ,beautyVersion: 3 ,beautyAlgo: 1
11-05 15:53:57.276  7296 15686 D CAM_CameraCapabilities: SnapshotQuickViewStreamMask: 0
11-05 15:53:57.276  7296 15686 D CAM_Camera2CompatAdapter: X: initCameraCapabilitiesByCameraId(): 0
11-05 15:53:57.276  7296 15686 D CAM_ZoomManager: initEquivalentFocalLength: get equivalentFocalLength is null
11-05 15:53:57.276  7296 15686 D CAM_ZoomManager: initEquivalentFocalLength: mEquivalentFocalLengthValues={}
11-05 15:53:57.276  1856  1896 I DisplayDeviceRepository: Display device changed render timings: "Pantalla integrada", renderFrameRate=60.000004, presentationDeadlineNanos=16666666, appVsyncOffsetNanos=1000000, frameRateOverrides=[]
11-05 15:53:57.276  7296 15686 D CAM_ZoomManager: setZoomRatio(): 1.0
11-05 15:53:57.276  7296 15686 D CAM_ZoomManager: initializeZoomRatio zoom:1.0
11-05 15:53:57.277  7296 15686 D CAM_BaseModuleStateManager: setKeyFocusPressed: false
11-05 15:53:57.277  7296 15686 D CAM_EffectController: setAiColorCorrectionVersion: 2
11-05 15:53:57.277  7296 15686 D CAM_BaseModule: isSupportAFSaliency=false
11-05 15:53:57.278  7296 15686 D CAM_FocusManager: setCharacteristics: mFocusAreaSupported = true, mAELockOnlySupported = false
11-05 15:53:57.278  7296 15686 E CAM_FocusManagerAbstract: setRenderSize: 1080 | 1920
11-05 15:53:57.278  7296 15686 D CAM_FocusManager: setPreviewSize: 1080x1920
11-05 15:53:57.278  7296 15686 W CAM_Camera2CompatAdapterRole: Warning: getAuxCameraId(): #init() failed, roleId=20
11-05 15:53:57.278  7296 15686 W CAM_Camera2CompatAdapterRole: Warning: getUltraTeleCameraId(): #init() failed, roleId=23
11-05 15:53:57.278  7296 15686 D CAM_ZoomManager: applyZoomRatio(): apply zoom ratio to device = 1.0
11-05 15:53:57.278  7296 15686 V CAM_CameraConfigManager: setZoomRatio(): 1.0
11-05 15:53:57.278  7296 15686 D CAM_CameraConfigs: zoom ratio diff: 0.0
11-05 15:53:57.278  7296 15686 D CAM_MiCamera2: setModuleParameter: d.c.b.p4.a1(Unknown Source:11), d.c.a.q6.r7.Nk(Unknown Source:14), com.android.camera.module.Camera2Module.wi(Unknown Source:324), d.c.a.g6.b.i.u.wi(Unknown Source:0), d.c.a.q6.r7.U4(Unknown Source:0), 
11-05 15:53:57.278  7296 15686 D CAM_CaptureModule: mivi raw super night is not enabled in capture mode
11-05 15:53:57.278  7296 15686 D CAM_CaptureModule: isSatMultipleRawUseCase: isSuperNightOn = false, rawCallback=0
11-05 15:53:57.279  7296 15686 W CAM_MiCamera2: returned a null PreviewCaptureResult, mState is 0
11-05 15:53:57.279  1085  2333 D audio_hw_primary: adev_set_parameters: enter: screen_state=on
11-05 15:53:57.279  7296 15686 D CAM_Camera2Module: shouldDoMultiFrameCapture: shouldDoSR: false, isMotionExisted: false, isSuperNightSePriority: false
11-05 15:53:57.279  7296 15686 D CAM_Camera2Module: shouldDoMultiFrameCapture: false | false
11-05 15:53:57.279  1085  2333 V msm8974_platform: platform_set_parameters: enter: screen_state=on
11-05 15:53:57.279  1085  2333 D audio_hw_hfp: hfp_set_parameters: enter
11-05 15:53:57.279  7296 15686 D CAM_CaptureModule: mivi raw super night is not enabled in capture mode
11-05 15:53:57.279  1085  2333 D sound_trigger_hw: handle_screen_status_change: screen on
11-05 15:53:57.279  1085  2333 D audio_hw_hfp: hfp_set_parameters: enter
11-05 15:53:57.279  1085  2333 V a2dp_offload: end of a2dp setparam
11-05 15:53:57.279  1085  2333 D audio_hw_cspl_cal: cirrus_cal_setparameters: enter 0xef4463c0
11-05 15:53:57.279  1085  2333 D audio_hw_extn: audio_extn_fm_set_parameters: Enter
11-05 15:53:57.279  1085  2333 D audio_hw_hfp: hfp_set_parameters: enter
11-05 15:53:57.279  1085  2333 V a2dp_offload: end of a2dp setparam
11-05 15:53:57.279  1085  2333 D audio_hw_primary: adev_set_parameters: exit with code(0)
11-05 15:53:57.279  1856  1894 D WindowManager: DeferredDisplayUpdater: partially applying DisplayInfo(1080 x 2340) immediately
11-05 15:53:57.279  7296 15686 D CAM_ShotTypeHandler: capture shot type could handle
11-05 15:53:57.279  7296 15686 D CAM_Camera2Module: enableParallel=false enableShot2Gallery=false shotType=0
11-05 15:53:57.279  7296 15686 D CAM_CameraConfigManager: setShotType: type=0,success =false
11-05 15:53:57.279  7296 15686 D CAM_CameraConfigManager: setShot2Gallery: isShot2Gallery=false
11-05 15:53:57.279  7296 15686 D CAM_Camera2Module: HQQuickShot | needMixQuickShot:false, isMixQuickShotSupport:false
11-05 15:53:57.280  7296 15686 D CAM_CaptureModule: mivi raw super night is not enabled in capture mode
11-05 15:53:57.280  7296 15686 D CAM_Camera2Module: updateSize: use JPEG as preferred output image format
11-05 15:53:57.280  7296 15686 W CAM_PictureSizeMg: find normal accuracy size
11-05 15:53:57.280  7296 15686 W CAM_PictureSizeMg: find normal accuracy size
11-05 15:53:57.280  7296 15686 W CAM_PictureSizeMg: find normal accuracy size
11-05 15:53:57.280  7296 15686 W CAM_PictureSizeMg: find normal accuracy size
11-05 15:53:57.280  7296 15686 W CAM_PictureSizeMg: find normal accuracy size
11-05 15:53:57.280  7296 15686 W CAM_PictureSizeMg: find normal accuracy size
11-05 15:53:57.280 25820 25938 W InstanceID: Instance ID SDK is deprecated, com.brave.browser should update to use Firebase Instance ID
11-05 15:53:57.280  7296 15686 D CAM_CameraUtil: getOptimalPreviewSize downgrade = false, cameraId = 0, targetRatio = 1.3333333730697632, maxSize = null
11-05 15:53:57.281  7296 15686 D CAM_CameraUtil: getOptimalPreviewSize point Point(1080, 2340), width 1080
11-05 15:53:57.281  7296 15686 D CAM_CameraUtil: getOptimalPreviewSize: height:4320 width: 7680 ratio:1.7777777777777777
11-05 15:53:57.281  7296 15686 D CAM_CameraUtil: getOptimalPreviewSize: height:4512 width: 6016 ratio:1.3333333333333333
11-05 15:53:57.281  7296 15686 D CAM_CameraUtil: getOptimalPreviewSize: height:4344 width: 5792 ratio:1.3333333333333333
11-05 15:53:57.281  7296 15686 D CAM_CameraUtil: getOptimalPreviewSize: height:3384 width: 6016 ratio:1.7777777777777777
11-05 15:53:57.281  7296 15686 D CAM_CameraUtil: getOptimalPreviewSize: height:4512 width: 4512 ratio:1.0
11-05 15:53:57.281  7296 15686 D CAM_CameraUtil: getOptimalPreviewSize: height:4344 width: 4344 ratio:1.0
11-05 15:53:57.281  7296 15686 D CAM_CameraUtil: getOptimalPreviewSize: height:3240 width: 5760 ratio:1.7777777777777777
