11-28 00:35:14.951 D/Phone-0 ( 2923): [0] mPreferredUsageSetting=1, lastPreferredUsageSetting=-1, mUsageSettingFromModem=-1
11-28 00:35:14.951 E/RILJ    ( 2923): getUsageSetting not supported on service NETWORK < 2.0. [PHONE0]
11-28 00:35:14.954 D/SST     ( 2923): [0] getCarrierDisplayNameLegacy+
11-28 00:35:14.955 D/SST     ( 2923): [0] updateCarrierDisplayName: satellitePlmn=null
11-28 00:35:14.955 D/SST     ( 2923): [0] updateCarrierDisplayName: radio is off w/ showPlmn=true plmn=null
11-28 00:35:14.955 D/SST     ( 2923): [0] updateCarrierDisplayName: rawSpn = 
11-28 00:35:14.955 D/SST     ( 2923): [0] getCarrierDisplayNameLegacy-
11-28 00:35:14.955 D/SMSVC   ( 2923): setCarrierName: subId=1, carrierName=
11-28 00:35:14.956 D/SST     ( 2923): [0] notifyCarrierDisplayNameDataChanged: changed sending intent, rule=2, CarrierDisplayNameData={ spn = null, dataSpn = , showSpn = false, plmn = null, showPlmn = true, subId=1
11-28 00:35:14.958 D/SST     ( 2923): [1] SubscriptionListener.onSubscriptionInfoChanged
11-28 00:35:14.962 D/TNP     ( 2923): Subscription changed.
11-28 00:35:14.962 D/TNP     ( 2923): reevaluateNetworkRequests: subscription changed.
11-28 00:35:14.963 D/TNP     ( 2923): Request moved. phoneId -1 -> 0 [NetworkRequest [ REQUEST id=12, [ Transports: SATELLITE Capabilities: INTERNET&TRUSTED&NOT_VPN&NOT_VCN_MANAGED Uid: 10613 UnderlyingNetworks: Null] ], mPriority=0, state=UNSATISFIED, mAttachedDataNetwork=null, created time=00:35:14.179, evaluation result=null]
11-28 00:35:14.963 D/TNP     ( 2923): Request moved. phoneId -1 -> 0 [NetworkRequest [ REQUEST id=65, [ Capabilities: INTERNET&NOT_RESTRICTED&TRUSTED&NOT_VCN_MANAGED&NOT_BANDWIDTH_CONSTRAINED Uid: 1073 RequestorUid: 1073 RequestorPkg: com.android.networkstack UnderlyingNetworks: Null] ], mPriority=0, state=UNSATISFIED, mAttachedDataNetwork=null, created time=00:35:14.183, evaluation result=null]
11-28 00:35:14.963 D/TNP     ( 2923): Request moved. phoneId -1 -> 0 [NetworkRequest [ REQUEST id=1, [ Capabilities: INTERNET&NOT_RESTRICTED&TRUSTED&NOT_VPN&NOT_VCN_MANAGED&NOT_BANDWIDTH_CONSTRAINED RequestorUid: 1000 RequestorPkg: android UnderlyingNetworks: Null] ], mPriority=0, state=UNSATISFIED, mAttachedDataNetwork=null, created time=00:35:14.184, evaluation result=null]
11-28 00:35:14.963 D/TNP     ( 2923): Request moved. phoneId -1 -> 0 [NetworkRequest [ BACKGROUND_REQUEST id=2, [ Transports: CELLULAR Capabilities: INTERNET&NOT_RESTRICTED&TRUSTED&NOT_VPN&NOT_VCN_MANAGED&NOT_BANDWIDTH_CONSTRAINED RequestorUid: 1000 RequestorPkg: android UnderlyingNetworks: Null] ], mPriority=0, state=UNSATISFIED, mAttachedDataNetwork=null, created time=00:35:14.181, evaluation result=null]
11-28 00:35:14.963 D/TNP     ( 2923): Request moved. phoneId -1 -> 0 [NetworkRequest [ REQUEST id=63, [ Capabilities: INTERNET&NOT_RESTRICTED&TRUSTED&NOT_VCN_MANAGED&NOT_BANDWIDTH_CONSTRAINED Uid: 1000 RequestorUid: 1000 RequestorPkg: android UnderlyingNetworks: Null] ], mPriority=0, state=UNSATISFIED, mAttachedDataNetwork=null, created time=00:35:14.181, evaluation result=null]
11-28 00:35:14.963 D/TNP     ( 2923): Request moved. phoneId -1 -> 0 [NetworkRequest [ REQUEST id=55, [ Capabilities: INTERNET&NOT_RESTRICTED&TRUSTED&NOT_VCN_MANAGED&NOT_BANDWIDTH_CONSTRAINED Uid: 10578 RequestorUid: 1000 RequestorPkg: android UnderlyingNetworks: Null] ], mPriority=0, state=UNSATISFIED, mAttachedDataNetwork=null, created time=00:35:14.180, evaluation result=null]
11-28 00:35:14.964 D/TNP     ( 2923): Request moved. phoneId -1 -> 0 [NetworkRequest [ REQUEST id=53, [ Capabilities: INTERNET&NOT_RESTRICTED&TRUSTED&NOT_VCN_MANAGED&NOT_BANDWIDTH_CONSTRAINED Uid: 10586 RequestorUid: 1000 RequestorPkg: android UnderlyingNetworks: Null] ], mPriority=0, state=UNSATISFIED, mAttachedDataNetwork=null, created time=00:35:14.182, evaluation result=null]
11-28 00:35:14.964 D/TNP     ( 2923): Request moved. phoneId -1 -> 0 [NetworkRequest [ REQUEST id=51, [ Capabilities: INTERNET&NOT_RESTRICTED&TRUSTED&NOT_VCN_MANAGED&NOT_BANDWIDTH_CONSTRAINED Uid: 10588 RequestorUid: 1000 RequestorPkg: android UnderlyingNetworks: Null] ], mPriority=0, state=UNSATISFIED, mAttachedDataNetwork=null, created time=00:35:14.183, evaluation result=null]
11-28 00:35:14.964 D/TNP     ( 2923): Request moved. phoneId -1 -> 0 [NetworkRequest [ REQUEST id=49, [ Capabilities: INTERNET&NOT_RESTRICTED&TRUSTED&NOT_VCN_MANAGED&NOT_BANDWIDTH_CONSTRAINED Uid: 10598 RequestorUid: 1000 RequestorPkg: android UnderlyingNetworks: Null] ], mPriority=0, state=UNSATISFIED, mAttachedDataNetwork=null, created time=00:35:14.184, evaluation result=null]
11-28 00:35:14.964 D/TNP     ( 2923): Request moved. phoneId -1 -> 0 [NetworkRequest [ REQUEST id=47, [ Capabilities: INTERNET&NOT_RESTRICTED&TRUSTED&NOT_VCN_MANAGED&NOT_BANDWIDTH_CONSTRAINED Uid: 10605 RequestorUid: 1000 RequestorPkg: android UnderlyingNetworks: Null] ], mPriority=0, state=UNSATISFIED, mAttachedDataNetwork=null, created time=00:35:14.182, evaluation result=null]
11-28 00:35:14.964 D/TNP     ( 2923): Request moved. phoneId -1 -> 0 [NetworkRequest [ REQUEST id=45, [ Capabilities: INTERNET&NOT_RESTRICTED&TRUSTED&NOT_VCN_MANAGED&NOT_BANDWIDTH_CONSTRAINED Uid: 10618 RequestorUid: 1000 RequestorPkg: android UnderlyingNetworks: Null] ], mPriority=0, state=UNSATISFIED, mAttachedDataNetwork=null, created time=00:35:14.184, evaluation result=null]
11-28 00:35:14.964 D/TNP     ( 2923): Request moved. phoneId -1 -> 0 [NetworkRequest [ REQUEST id=57, [ Capabilities: INTERNET&NOT_RESTRICTED&TRUSTED&NOT_VCN_MANAGED&NOT_BANDWIDTH_CONSTRAINED Uid: 10609 RequestorUid: 1000 RequestorPkg: android UnderlyingNetworks: Null] ], mPriority=0, state=UNSATISFIED, mAttachedDataNetwork=null, created time=00:35:14.185, evaluation result=null]
11-28 00:35:14.965 D/TNP     ( 2923): Request moved. phoneId -1 -> 0 [NetworkRequest [ REQUEST id=43, [ Capabilities: INTERNET&NOT_RESTRICTED&TRUSTED&NOT_VCN_MANAGED&NOT_BANDWIDTH_CONSTRAINED Uid: 10630 RequestorUid: 1000 RequestorPkg: android UnderlyingNetworks: Null] ], mPriority=0, state=UNSATISFIED, mAttachedDataNetwork=null, created time=00:35:14.181, evaluation result=null]
11-28 00:35:14.965 D/TNP     ( 2923): Request moved. phoneId -1 -> 0 [NetworkRequest [ REQUEST id=39, [ Capabilities: INTERNET&NOT_RESTRICTED&TRUSTED&NOT_VCN_MANAGED&NOT_BANDWIDTH_CONSTRAINED Uid: 10640 RequestorUid: 1000 RequestorPkg: android UnderlyingNetworks: Null] ], mPriority=0, state=UNSATISFIED, mAttachedDataNetwork=null, created time=00:35:14.184, evaluation result=null]
11-28 00:35:14.965 D/TNP     ( 2923): Request moved. phoneId -1 -> 0 [NetworkRequest [ REQUEST id=41, [ Capabilities: INTERNET&NOT_RESTRICTED&TRUSTED&NOT_VCN_MANAGED&NOT_BANDWIDTH_CONSTRAINED Uid: 10639 RequestorUid: 1000 RequestorPkg: android UnderlyingNetworks: Null] ], mPriority=0, state=UNSATISFIED, mAttachedDataNetwork=null, created time=00:35:14.181, evaluation result=null]
11-28 00:35:14.965 D/TNP     ( 2923): Request moved. phoneId -1 -> 0 [NetworkRequest [ REQUEST id=37, [ Capabilities: INTERNET&NOT_RESTRICTED&TRUSTED&NOT_VCN_MANAGED&NOT_BANDWIDTH_CONSTRAINED Uid: 10644 RequestorUid: 1000 RequestorPkg: android UnderlyingNetworks: Null] ], mPriority=0, state=UNSATISFIED, mAttachedDataNetwork=null, created time=00:35:14.182, evaluation result=null]
11-28 00:35:14.965 D/TNP     ( 2923): Request moved. phoneId -1 -> 0 [NetworkRequest [ REQUEST id=33, [ Capabilities: INTERNET&NOT_RESTRICTED&TRUSTED&NOT_VCN_MANAGED&NOT_BANDWIDTH_CONSTRAINED Uid: 10651 RequestorUid: 1000 RequestorPkg: android UnderlyingNetworks: Null] ], mPriority=0, state=UNSATISFIED, mAttachedDataNetwork=null, created time=00:35:14.181, evaluation result=null]
11-28 00:35:14.965 D/TNP     ( 2923): Request moved. phoneId -1 -> 0 [NetworkRequest [ REQUEST id=35, [ Capabilities: INTERNET&NOT_RESTRICTED&TRUSTED&NOT_VCN_MANAGED&NOT_BANDWIDTH_CONSTRAINED Uid: 10650 RequestorUid: 1000 RequestorPkg: android UnderlyingNetworks: Null] ], mPriority=0, state=UNSATISFIED, mAttachedDataNetwork=null, created time=00:35:14.183, evaluation result=null]
11-28 00:35:14.966 D/TNP     ( 2923): Request moved. phoneId -1 -> 0 [NetworkRequest [ REQUEST id=31, [ Capabilities: INTERNET&NOT_RESTRICTED&TRUSTED&NOT_VCN_MANAGED&NOT_BANDWIDTH_CONSTRAINED Uid: 10730 RequestorUid: 1000 RequestorPkg: android UnderlyingNetworks: Null] ], mPriority=0, state=UNSATISFIED, mAttachedDataNetwork=null, created time=00:35:14.182, evaluation result=null]
11-28 00:35:14.966 D/TNP     ( 2923): Request moved. phoneId -1 -> 0 [NetworkRequest [ REQUEST id=29, [ Capabilities: INTERNET&NOT_RESTRICTED&TRUSTED&NOT_VCN_MANAGED&NOT_BANDWIDTH_CONSTRAINED Uid: 10738 RequestorUid: 1000 RequestorPkg: android UnderlyingNetworks: Null] ], mPriority=0, state=UNSATISFIED, mAttachedDataNetwork=null, created time=00:35:14.180, evaluation result=null]
11-28 00:35:14.966 D/TNP     ( 2923): Request moved. phoneId -1 -> 0 [NetworkRequest [ REQUEST id=59, [ Capabilities: INTERNET&NOT_RESTRICTED&TRUSTED&NOT_VCN_MANAGED&NOT_BANDWIDTH_CONSTRAINED Uid: 10719 RequestorUid: 1000 RequestorPkg: android UnderlyingNetworks: Null] ], mPriority=0, state=UNSATISFIED, mAttachedDataNetwork=null, created time=00:35:14.182, evaluation result=null]
11-28 00:35:14.966 D/TNP     ( 2923): Request moved. phoneId -1 -> 0 [NetworkRequest [ REQUEST id=27, [ Capabilities: INTERNET&NOT_RESTRICTED&TRUSTED&NOT_VCN_MANAGED&NOT_BANDWIDTH_CONSTRAINED Uid: 10748 RequestorUid: 1000 RequestorPkg: android UnderlyingNetworks: Null] ], mPriority=0, state=UNSATISFIED, mAttachedDataNetwork=null, created time=00:35:14.182, evaluation result=null]
11-28 00:35:14.966 D/TNP     ( 2923): Request moved. phoneId -1 -> 0 [NetworkRequest [ REQUEST id=25, [ Capabilities: INTERNET&NOT_RESTRICTED&TRUSTED&NOT_VCN_MANAGED&NOT_BANDWIDTH_CONSTRAINED Uid: 10754 RequestorUid: 1000 RequestorPkg: android UnderlyingNetworks: Null] ], mPriority=0, state=UNSATISFIED, mAttachedDataNetwork=null, created time=00:35:14.183, evaluation result=null]
11-28 00:35:14.966 D/TNP     ( 2923): Request moved. phoneId -1 -> 0 [NetworkRequest [ REQUEST id=23, [ Capabilities: INTERNET&NOT_RESTRICTED&TRUSTED&NOT_VCN_MANAGED&NOT_BANDWIDTH_CONSTRAINED Uid: 10757 RequestorUid: 1000 RequestorPkg: android UnderlyingNetworks: Null] ], mPriority=0, state=UNSATISFIED, mAttachedDataNetwork=null, created time=00:35:14.181, evaluation result=null]
11-28 00:35:14.966 D/TNP     ( 2923): Request moved. phoneId -1 -> 0 [NetworkRequest [ REQUEST id=21, [ Capabilities: INTERNET&NOT_RESTRICTED&TRUSTED&NOT_VCN_MANAGED&NOT_BANDWIDTH_CONSTRAINED Uid: 10761 RequestorUid: 1000 RequestorPkg: android UnderlyingNetworks: Null] ], mPriority=0, state=UNSATISFIED, mAttachedDataNetwork=null, created time=00:35:14.183, evaluation result=null]
11-28 00:35:14.967 D/TNP     ( 2923): Request moved. phoneId -1 -> 0 [NetworkRequest [ REQUEST id=61, [ Capabilities: INTERNET&NOT_RESTRICTED&TRUSTED&NOT_VCN_MANAGED&NOT_BANDWIDTH_CONSTRAINED Uid: 10735 RequestorUid: 1000 RequestorPkg: android UnderlyingNetworks: Null] ], mPriority=0, state=UNSATISFIED, mAttachedDataNetwork=null, created time=00:35:14.185, evaluation result=null]
11-28 00:35:14.967 D/TNP     ( 2923): Request moved. phoneId -1 -> 0 [NetworkRequest [ REQUEST id=19, [ Capabilities: INTERNET&NOT_RESTRICTED&TRUSTED&NOT_VCN_MANAGED&NOT_BANDWIDTH_CONSTRAINED Uid: 10773 RequestorUid: 1000 RequestorPkg: android UnderlyingNetworks: Null] ], mPriority=0, state=UNSATISFIED, mAttachedDataNetwork=null, created time=00:35:14.182, evaluation result=null]
11-28 00:35:14.967 D/TNP     ( 2923): Request moved. phoneId -1 -> 0 [NetworkRequest [ REQUEST id=17, [ Capabilities: INTERNET&NOT_RESTRICTED&TRUSTED&NOT_VCN_MANAGED&NOT_BANDWIDTH_CONSTRAINED Uid: 10778 RequestorUid: 1000 RequestorPkg: android UnderlyingNetworks: Null] ], mPriority=0, state=UNSATISFIED, mAttachedDataNetwork=null, created time=00:35:14.181, evaluation result=null]
11-28 00:35:14.967 D/TNP     ( 2923): Request moved. phoneId -1 -> 0 [NetworkRequest [ REQUEST id=84, [ Capabilities: INTERNET&NOT_RESTRICTED&TRUSTED&NOT_VCN_MANAGED&NOT_BANDWIDTH_CONSTRAINED Uid: 10678 RequestorUid: 10678 RequestorPkg: com.android.systemui UnderlyingNetworks: Null] ], mPriority=0, state=UNSATISFIED, mAttachedDataNetwork=null, created time=00:35:14.185, evaluation result=null]
11-28 00:35:14.967 D/TNP     ( 2923): Request moved. phoneId -1 -> 0 [NetworkRequest [ REQUEST id=89, [ Capabilities: INTERNET&NOT_RESTRICTED&TRUSTED&NOT_VCN_MANAGED&NOT_BANDWIDTH_CONSTRAINED Uid: 10678 RequestorUid: 10678 RequestorPkg: com.android.systemui UnderlyingNetworks: Null] ], mPriority=0, state=UNSATISFIED, mAttachedDataNetwork=null, created time=00:35:14.472, evaluation result=null]
11-28 00:35:14.967 D/TNP     ( 2923): Request moved. phoneId -1 -> 0 [NetworkRequest [ REQUEST id=93, [ Capabilities: INTERNET&NOT_RESTRICTED&TRUSTED&NOT_VCN_MANAGED&NOT_BANDWIDTH_CONSTRAINED Uid: 10678 RequestorUid: 10678 RequestorPkg: com.android.systemui UnderlyingNetworks: Null] ], mPriority=0, state=UNSATISFIED, mAttachedDataNetwork=null, created time=00:35:14.675, evaluation result=null]
11-28 00:35:14.968 D/TNP     ( 2923): Request moved. phoneId -1 -> 0 [NetworkRequest [ REQUEST id=95, [ Capabilities: INTERNET&NOT_RESTRICTED&TRUSTED&NOT_VCN_MANAGED&NOT_BANDWIDTH_CONSTRAINED Uid: 10678 RequestorUid: 10678 RequestorPkg: com.android.systemui UnderlyingNetworks: Null] ], mPriority=0, state=UNSATISFIED, mAttachedDataNetwork=null, created time=00:35:14.675, evaluation result=null]
11-28 00:35:14.968 D/TNP     ( 2923): Request moved. phoneId -1 -> 0 [NetworkRequest [ REQUEST id=75, [ Capabilities: INTERNET&NOT_RESTRICTED&TRUSTED&NOT_VCN_MANAGED&NOT_BANDWIDTH_CONSTRAINED Uid: 1001 RequestorUid: 1001 RequestorPkg: com.android.phone UnderlyingNetworks: Null] ], mPriority=0, state=UNSATISFIED, mAttachedDataNetwork=null, created time=00:35:14.184, evaluation result=null]
11-28 00:35:14.968 D/TNP     ( 2923): Request moved. phoneId -1 -> 0 [NetworkRequest [ REQUEST id=80, [ Capabilities: INTERNET&NOT_RESTRICTED&TRUSTED&NOT_VCN_MANAGED&NOT_BANDWIDTH_CONSTRAINED Uid: 1001 RequestorUid: 1001 RequestorPkg: com.android.phone UnderlyingNetworks: Null] ], mPriority=0, state=UNSATISFIED, mAttachedDataNetwork=null, created time=00:35:14.181, evaluation result=null]
11-28 00:35:14.968 D/TNP     ( 2923): Request moved. phoneId -1 -> 0 [NetworkRequest [ REQUEST id=82, [ Capabilities: INTERNET&NOT_RESTRICTED&TRUSTED&NOT_VCN_MANAGED&NOT_BANDWIDTH_CONSTRAINED Uid: 1001 RequestorUid: 1001 RequestorPkg: com.android.phone UnderlyingNetworks: Null] ], mPriority=0, state=UNSATISFIED, mAttachedDataNetwork=null, created time=00:35:14.183, evaluation result=null]
11-28 00:35:14.970 W/TelephonyRegistry( 1764): Pid 2923 has exceeded half the number of permissible registered listeners. Now at 81
11-28 00:35:14.975 D/Phone-0 ( 2923): isImsRegistered =false
11-28 00:35:14.984 D/Phone-0 ( 2923): getImsRegistrationTechnology =-1
11-28 00:35:15.016 D/RILJ    ( 2923): [0067]< SET_LINK_CAPACITY_REPORTING_CRITERIA error 6 [PHONE1]
11-28 00:35:15.016 D/RilRequest( 2923): [0067]< SET_LINK_CAPACITY_REPORTING_CRITERIA error: com.android.internal.telephony.CommandException: REQUEST_NOT_SUPPORTED ret= result=null
11-28 00:35:15.044 D/ImsManagerIM [0]( 2923): ImsService not up yet - timeout waiting for connection.
11-28 00:35:15.071 D/DSMGR-0 ( 2923): mIsDataEnabled=true, prevDataEnabled=false
11-28 00:35:15.071 D/DSMGR-0 ( 2923): notifyDataEnabledChanged: enabled=true, reason=USER, callingPackage=com.android.phone
11-28 00:35:15.072 D/SST     ( 2923): [0] SubscriptionListener.onSubscriptionInfoChanged
11-28 00:35:15.072 D/SST     ( 2923): [1] SubscriptionListener.onSubscriptionInfoChanged
11-28 00:35:15.072 D/TNP     ( 2923): Subscription changed.
11-28 00:35:15.072 D/TNP     ( 2923): reevaluateNetworkRequests: subscription changed.
11-28 00:35:15.078 D/Phone-0 ( 2923): isImsRegistered =false
11-28 00:35:15.082 D/RILJ    ( 2923): [0037]< SET_LINK_CAPACITY_REPORTING_CRITERIA error 6 [PHONE0]
11-28 00:35:15.082 D/RilRequest( 2923): [0037]< SET_LINK_CAPACITY_REPORTING_CRITERIA error: com.android.internal.telephony.CommandException: REQUEST_NOT_SUPPORTED ret= result=null
11-28 00:35:15.091 D/Phone-0 ( 2923): getImsRegistrationTechnology =-1
11-28 00:35:15.131 D/RILJ    ( 2923): [0068]< SET_LINK_CAPACITY_REPORTING_CRITERIA  [PHONE1]
11-28 00:35:15.144 D/ImsManagerIM [0]( 2923): ImsService not up yet - timeout waiting for connection.
11-28 00:35:15.151 D/RILJ    ( 2923): [0038]< SET_LINK_CAPACITY_REPORTING_CRITERIA  [PHONE0]
11-28 00:35:15.169 D/RILJ    ( 2923): Unsol response received; Sending ack to ril.cpp [PHONE0]
11-28 00:35:15.169 D/RILJ    ( 2923): [UNSL]< UNSOL_RESPONSE_NETWORK_STATE_CHANGED [PHONE0]
11-28 00:35:15.169 D/NRM-C-0 ( 2923): onNetworkStateChanged
11-28 00:35:15.175 D/SMSDispatcher( 2923): Received broadcast android.intent.action.SIM_STATE_CHANGED
11-28 00:35:15.175 D/SMSDispatcher( 2923): Received broadcast android.intent.action.SIM_STATE_CHANGED
11-28 00:35:15.175 D/SMSDispatcher( 2923): Received broadcast android.intent.action.SIM_STATE_CHANGED
11-28 00:35:15.175 D/SMSDispatcher( 2923): Received broadcast android.intent.action.SIM_STATE_CHANGED
11-28 00:35:15.175 D/SMSDispatcher( 2923): Received broadcast android.intent.action.SIM_STATE_CHANGED
11-28 00:35:15.175 D/SMSDispatcher( 2923): Received broadcast android.intent.action.SIM_STATE_CHANGED
11-28 00:35:15.177 D/SST     ( 2923): [1] pollState: modemTriggered=true, radioState=0
11-28 00:35:15.178 D/RILJ    ( 2923): [0104]> OPERATOR [PHONE1]
11-28 00:35:15.178 D/RILJ    ( 2923): [0105]> QUERY_NETWORK_SELECTION_MODE [PHONE1]
11-28 00:35:15.178 E/RILQ    ( 1712): (0/1712): RIL[0][(1712,1762)] get_ecc_property_name: ecc list name : ril.ecclist.
11-28 00:35:15.179 D/RILJ    ( 2923): [UNSL]< UNSOL_EMERGENCY_NUMBER_LIST [[EmergencyNumber: 112, countryIso=, mnc=, src=sim , routing=unknown, categories=, urns=], [EmergencyNumber: 911, countryIso=, mnc=, src=sim , routing=unknown, categories=, urns=]] [PHONE0]
11-28 00:35:15.182 D/RILJ    ( 2923): [0106]> DATA_REGISTRATION_STATE [PHONE1]
11-28 00:35:15.182 D/RILJ    ( 2923): getDataRegistrationState: overrideHalVersion=null [PHONE1]
11-28 00:35:15.182 D/RILC    ( 1815): RadioImpl_1_5::getDataRegistrationState_1_5: serial 106
11-28 00:35:15.182 D/RILJ    ( 2923): [0107]> VOICE_REGISTRATION_STATE [PHONE1]
11-28 00:35:15.182 D/RILJ    ( 2923): getVoiceRegistrationState: overrideHalVersion=null [PHONE1]
11-28 00:35:15.183 D/RILC    ( 1815): RadioImpl_1_5::getVoiceRegistrationState_1_5: serial 107
11-28 00:35:15.184 D/UiccPkcs15( 2923): handleMessage: 1
11-28 00:35:15.184 D/UiccPkcs15( 2923): select pkcs15 failed: com.android.internal.telephony.CommandException: NO_SUCH_ELEMENT
11-28 00:35:15.185 D/RILJ    ( 2923): [0099]< OPERATOR {, , } [PHONE0]
11-28 00:35:15.185 D/GsmCdmaPhone( 2923): [0] EVENT_SUBSCRIPTIONS_CHANGED
11-28 00:35:15.186 I/NullCipherNotifier( 2923): Ignoring setSubscriptionMapping. Notifier is disabled.
11-28 00:35:15.187 D/RILJ    ( 2923): [0069]< SET_LINK_CAPACITY_REPORTING_CRITERIA  [PHONE1]
11-28 00:35:15.187 D/RILJ    ( 2923): [0070]< SET_LINK_CAPACITY_REPORTING_CRITERIA error 6 [PHONE1]
11-28 00:35:15.187 D/RilRequest( 2923): [0070]< SET_LINK_CAPACITY_REPORTING_CRITERIA error: com.android.internal.telephony.CommandException: REQUEST_NOT_SUPPORTED ret= result=null
11-28 00:35:15.188 D/LocaleTracker-0( 2923): updateLocale: countryIso = , countryIsoDebugInfo = radio off
11-28 00:35:15.188 D/LocaleTracker-0( 2923): updateLocale: timeZoneCountryIso = , timeZoneCountryIsoDebugInfo = radio off
11-28 00:35:15.188 D/NitzStateMachineImpl( 2923): handleCountryUnavailable: mLatestNitzSignal=null
11-28 00:35:15.188 D/NitzStateMachineImpl( 2923): doTimeZoneDetection: countryIsoCode=null, nitzSignal=null, suggestion=TelephonyTimeZoneSuggestion{mSlotIndex=0, mZoneId='null', mMatchType=0, mQuality=0, mDebugInfo=[getTimeZoneSuggestion: nitzSignal=null, countryIsoCode=null, Detection reason=handleCountryUnavailable]}, reason=handleCountryUnavailable
11-28 00:35:15.188 D/ImsPhone( 2923): [0] handleMessage what=83
11-28 00:35:15.190 D/Phone-0 ( 2923): isImsCapabilityAvailable, capability=0, regTech=1, isAvailable=false
11-28 00:35:15.192 D/Phone-0 ( 2923): isImsCapabilityAvailable, capability=1, regTech=1, isAvailable=false
11-28 00:35:15.194 D/Phone-0 ( 2923): isImsCapabilityAvailable, capability=2, regTech=1, isAvailable=false
11-28 00:35:15.201 D/Phone-0 ( 2923): getImsRegistrationTechnology =-1
11-28 00:35:15.202 D/RILJ    ( 2923): Unsol response received; Sending ack to ril.cpp [PHONE1]
11-28 00:35:15.202 D/RILJ    ( 2923): [UNSL]< UNSOL_RESPONSE_NETWORK_STATE_CHANGED [PHONE1]
11-28 00:35:15.202 D/NRM-C-1 ( 2923): onNetworkStateChanged
11-28 00:35:15.202 D/RILJ    ( 2923): [0055]< SET_SIGNAL_STRENGTH_REPORTING_CRITERIA  [PHONE1]
11-28 00:35:15.202 E/RILJ    ( 2923): processResponse: Unexpected response! serial: 55, error: 0 [PHONE1]
11-28 00:35:15.202 W/Phone-0 ( 2923): Unexpected failure to retrieve usage setting com.android.internal.telephony.CommandException: REQUEST_NOT_SUPPORTED
11-28 00:35:15.203 E/RILJ    ( 2923): processResponse: Unexpected response! serial: 55, error: 0 [PHONE1]
11-28 00:35:15.203 E/RILJ    ( 2923): processResponse: Unexpected response! serial: 55, error: 0 [PHONE1]
11-28 00:35:15.203 E/RILJ    ( 2923): processResponse: Unexpected response! serial: 55, error: 0 [PHONE1]
11-28 00:35:15.203 E/RILJ    ( 2923): processResponse: Unexpected response! serial: 55, error: 0 [PHONE1]
11-28 00:35:15.203 E/RILJ    ( 2923): processResponse: Unexpected response! serial: 55, error: 0 [PHONE1]
11-28 00:35:15.203 E/RILJ    ( 2923): processResponse: Unexpected response! serial: 55, error: 0 [PHONE1]
11-28 00:35:15.203 E/RILJ    ( 2923): processResponse: Unexpected response! serial: 55, error: 0 [PHONE1]
11-28 00:35:15.203 E/RILJ    ( 2923): processResponse: Unexpected response! serial: 55, error: 44 [PHONE1]
11-28 00:35:15.203 D/RILJ    ( 2923): [0056]< SET_SIGNAL_STRENGTH_REPORTING_CRITERIA  [PHONE1]
11-28 00:35:15.203 E/RILJ    ( 2923): processResponse: Unexpected response! serial: 56, error: 0 [PHONE1]
11-28 00:35:15.203 E/RILJ    ( 2923): processResponse: Unexpected response! serial: 56, error: 0 [PHONE1]
11-28 00:35:15.203 E/RILJ    ( 2923): processResponse: Unexpected response! serial: 56, error: 0 [PHONE1]
11-28 00:35:15.203 E/RILJ    ( 2923): processResponse: Unexpected response! serial: 56, error: 0 [PHONE1]
11-28 00:35:15.203 E/RILJ    ( 2923): processResponse: Unexpected response! serial: 56, error: 0 [PHONE1]
11-28 00:35:15.203 E/RILJ    ( 2923): processResponse: Unexpected response! serial: 56, error: 0 [PHONE1]
11-28 00:35:15.203 E/RILJ    ( 2923): processResponse: Unexpected response! serial: 56, error: 0 [PHONE1]
11-28 00:35:15.203 E/RILJ    ( 2923): processResponse: Unexpected response! serial: 56, error: 0 [PHONE1]
11-28 00:35:15.203 E/RILJ    ( 2923): processResponse: Unexpected response! serial: 56, error: 44 [PHONE1]
11-28 00:35:15.205 D/SMSVC   ( 2923): updateUserIdToAvailableSubs: {-10000=[1]}
11-28 00:35:15.205 E/RILQ    ( 1815): (1/1815): RIL[1][(1815,1881)] get_ecc_property_name: ecc list name : ril.ecclist1.
11-28 00:35:15.206 D/RILJ    ( 2923): [UNSL]< UNSOL_EMERGENCY_NUMBER_LIST [[EmergencyNumber: 112, countryIso=, mnc=, src=sim , routing=unknown, categories=, urns=], [EmergencyNumber: 911, countryIso=, mnc=, src=sim , routing=unknown, categories=, urns=]] [PHONE1]
11-28 00:35:15.216 D/RILJ    ( 2923): [0039]< SET_LINK_CAPACITY_REPORTING_CRITERIA  [PHONE0]
11-28 00:35:15.216 D/RILJ    ( 2923): [0040]< SET_LINK_CAPACITY_REPORTING_CRITERIA error 6 [PHONE0]
11-28 00:35:15.217 D/RilRequest( 2923): [0040]< SET_LINK_CAPACITY_REPORTING_CRITERIA error: com.android.internal.telephony.CommandException: REQUEST_NOT_SUPPORTED ret= result=null
11-28 00:35:15.217 D/PhoneSwitcher( 2923): SIM refresh, notify dds change
11-28 00:35:15.218 D/TelephonyAnalyticsSubId( 2923): SubId = 1SlotIndex = 0
11-28 00:35:15.221 W/TelephonyRegistry( 1764): Pid 1764 has exceeded half the number of permissible registered listeners. Now at 38
11-28 00:35:15.221 E/RILQ    ( 1815): (1/1815): RIL[1][(1815,1881)] get_ecc_property_name: ecc list name : ril.ecclist1.
11-28 00:35:15.223 D/RILJ    ( 2923): [UNSL]< UNSOL_EMERGENCY_NUMBER_LIST [[EmergencyNumber: 112, countryIso=, mnc=, src=sim , routing=unknown, categories=, urns=], [EmergencyNumber: 911, countryIso=, mnc=, src=sim , routing=unknown, categories=, urns=]] [PHONE1]
11-28 00:35:15.224 D/ImsProvisioningController( 2923): MmTelFeatureListener[0] subId is not changed
11-28 00:35:15.224 D/ImsProvisioningController( 2923): MmTelFeatureListener[1] subId is not changed
11-28 00:35:15.224 D/ImsProvisioningController( 2923): RcsFeatureListener[0] subId is not changed
11-28 00:35:15.224 D/ImsProvisioningController( 2923): RcsFeatureListener[1] subId is not changed
11-28 00:35:15.224 D/ImsProvisioningController( 2923): ProvisioningCallbackManager[0] subId is not changed 
11-28 00:35:15.224 D/ImsProvisioningController( 2923): ProvisioningCallbackManager[1] subId is not changed 
11-28 00:35:15.224 D/CellularNetworkService( 2923): No access tech specific info passes for RegStateResult
11-28 00:35:15.224 E/TelephonyAnalyticsSubId( 2923): Null Pointer Exception Caught
11-28 00:35:15.224 D/RILJ    ( 2923): [0101]< DATA_REGISTRATION_STATE {.regState = NOT_REG_MT_SEARCHING_OP, .rat = UNKNOWN, .reasonForDenial = NONE, .cellIdentity = {.noinit = {}}, .registeredPlmn = , .accessTechnologySpecificInfo = {.noinit = {}}} [PHONE0]
11-28 00:35:15.225 D/NRM-C-0 ( 2923): onRequestNetworkRegistrationInfoComplete result: 0, info: NetworkRegistrationInfo{ domain=PS transportType=WWAN registrationState=NOT_REG_SEARCHING networkRegistrationState=NOT_REG_SEARCHING roamingType=NOT_ROAMING accessNetworkTechnology=UNKNOWN rejectCause=0 emergencyEnabled=false availableServices=[] cellIdentity=null voiceSpecificInfo=null dataSpecificInfo=android.telephony.DataSpecificRegistrationInfo :{ maxDataCalls = 16 isDcNrRestricted = false isNrAvailable = false isEnDcAvailable = false mLteAttachResultType = 0 mLteAttachExtraInfo = 0 LteVopsSupportInfo :  mVopsSupport = 1 mEmcBearerSupport = 1 } nrState=**** rRplmn= isUsingCarrierAggregation=false isNonTerrestrialNetwork=TERRESTRIAL}
11-28 00:35:15.225 D/PhoneSwitcher( 2923): notifyPreferredDataSubIdChanged to 1
11-28 00:35:15.225 D/RILJ    ( 2923): [0104]< OPERATOR {, , } [PHONE1]
11-28 00:35:15.225 D/TelephonyRegistry( 1764): notifyActiveDataSubIdChanged: activeDataSubId=1
11-28 00:35:15.226 D/PhoneSwitcher( 2923): evaluating due to subscription changed phone[0] -1->1
11-28 00:35:15.226 D/PhoneSwitcher( 2923): sendRilCommands: setPreferredDataModem - phoneId: 0
11-28 00:35:15.226 D/RadioConfig( 2923): [0109]> SET_PREFERRED_DATA_MODEM 0
11-28 00:35:15.226 D/DNC-0   ( 2923): onAddNetworkRequest: added [NetworkRequest [ REQUEST id=12, [ Transports: SATELLITE Capabilities: INTERNET&TRUSTED&NOT_VPN&NOT_VCN_MANAGED Uid: 10613 UnderlyingNetworks: Null] ], mPriority=20, state=UNSATISFIED, mAttachedDataNetwork=null, created time=00:35:14.179, evaluation result=null]
11-28 00:35:15.229 D/DPM-0   ( 2923): Can't find any data profile that can satisfy [NetworkRequest [ REQUEST id=12, [ Transports: SATELLITE Capabilities: INTERNET&TRUSTED&NOT_VPN&NOT_VCN_MANAGED Uid: 10613 UnderlyingNetworks: Null] ], mPriority=20, state=UNSATISFIED, mAttachedDataNetwork=null, created time=00:35:14.179, evaluation result=null]
11-28 00:35:15.230 D/DPM-0   ( 2923): Unable to find a data profile for [NetworkRequest [ REQUEST id=12, [ Transports: SATELLITE Capabilities: INTERNET&TRUSTED&NOT_VPN&NOT_VCN_MANAGED Uid: 10613 UnderlyingNetworks: Null] ], mPriority=20, state=UNSATISFIED, mAttachedDataNetwork=null, created time=00:35:14.178, evaluation result=null]
11-28 00:35:15.230 D/DNC-0   ( 2923): Data evaluation: evaluation reason:NEW_REQUEST, Data disallowed reasons: NOT_IN_SERVICE SERVICE_OPTION_NOT_SUPPORTED NO_SUITABLE_DATA_PROFILE DATA_CONFIG_NOT_READY RADIO_POWER_OFF SIM_NOT_READY DATA_NETWORK_TRANSPORT_NOT_ALLOWED, candidate profile=null, time=00:35:15.230, network type=UNKNOWN, reg state=UNKNOWN, [NetworkRequest [ REQUEST id=12, [ Transports: SATELLITE Capabilities: INTERNET&TRUSTED&NOT_VPN&NOT_VCN_MANAGED Uid: 10613 UnderlyingNetworks: Null] ], mPriority=20, state=UNSATISFIED, mAttachedDataNetwork=null, created time=00:35:14.179, evaluation result=Data evaluation: evaluation reason:NEW_REQUEST, Data disallowed reasons: NOT_IN_SERVICE SERVICE_OPTION_NOT_SUPPORTED NO_SUITABLE_DATA_PROFILE DATA_CONFIG_NOT_READY RADIO_POWER_OFF SIM_NOT_READY DATA_NETWORK_TRANSPORT_NOT_ALLOWED, candidate profile=null, time=00:35:15.230]
11-28 00:35:15.230 D/DNC-0   ( 2923): onAddNetworkRequest: added [NetworkRequest [ REQUEST id=65, [ Capabilities: INTERNET&NOT_RESTRICTED&TRUSTED&NOT_VCN_MANAGED&NOT_BANDWIDTH_CONSTRAINED Uid: 1073 RequestorUid: 1073 RequestorPkg: com.android.networkstack UnderlyingNetworks: Null] ], mPriority=20, state=UNSATISFIED, mAttachedDataNetwork=null, created time=00:35:14.183, evaluation result=null]
11-28 00:35:15.230 D/DPM-0   ( 2923): Can't find any data profile that can satisfy [NetworkRequest [ REQUEST id=65, [ Capabilities: INTERNET&NOT_RESTRICTED&TRUSTED&NOT_VCN_MANAGED&NOT_BANDWIDTH_CONSTRAINED Uid: 1073 RequestorUid: 1073 RequestorPkg: com.android.networkstack UnderlyingNetworks: Null] ], mPriority=20, state=UNSATISFIED, mAttachedDataNetwork=null, created time=00:35:14.183, evaluation result=null]
11-28 00:35:15.230 D/DPM-0   ( 2923): Unable to find a data profile for [NetworkRequest [ REQUEST id=65, [ Capabilities: INTERNET&NOT_RESTRICTED&TRUSTED&NOT_VCN_MANAGED&NOT_BANDWIDTH_CONSTRAINED Uid: 1073 RequestorUid: 1073 RequestorPkg: com.android.networkstack UnderlyingNetworks: Null] ], mPriority=20, state=UNSATISFIED, mAttachedDataNetwork=null, created time=00:35:14.183, evaluation result=null]
11-28 00:35:15.231 D/DNC-0   ( 2923): Data evaluation: evaluation reason:NEW_REQUEST, Data disallowed reasons: NOT_IN_SERVICE SERVICE_OPTION_NOT_SUPPORTED NO_SUITABLE_DATA_PROFILE DATA_CONFIG_NOT_READY RADIO_POWER_OFF SIM_NOT_READY, candidate profile=null, time=00:35:15.230, network type=UNKNOWN, reg state=UNKNOWN, [NetworkRequest [ REQUEST id=65, [ Capabilities: INTERNET&NOT_RESTRICTED&TRUSTED&NOT_VCN_MANAGED&NOT_BANDWIDTH_CONSTRAINED Uid: 1073 RequestorUid: 1073 RequestorPkg: com.android.networkstack UnderlyingNetworks: Null] ], mPriority=20, state=UNSATISFIED, mAttachedDataNetwork=null, created time=00:35:14.182, evaluation result=Data evaluation: evaluation reason:NEW_REQUEST, Data disallowed reasons: NOT_IN_SERVICE SERVICE_OPTION_NOT_SUPPORTED NO_SUITABLE_DATA_PROFILE DATA_CONFIG_NOT_READY RADIO_POWER_OFF SIM_NOT_READY, candidate profile=null, time=00:35:15.230]
11-28 00:35:15.231 D/DNC-0   ( 2923): onAddNetworkRequest: added [NetworkRequest [ REQUEST id=1, [ Capabilities: INTERNET&NOT_RESTRICTED&TRUSTED&NOT_VPN&NOT_VCN_MANAGED&NOT_BANDWIDTH_CONSTRAINED RequestorUid: 1000 RequestorPkg: android UnderlyingNetworks: Null] ], mPriority=20, state=UNSATISFIED, mAttachedDataNetwork=null, created time=00:35:14.184, evaluation result=null]
11-28 00:35:15.231 D/DPM-0   ( 2923): Can't find any data profile that can satisfy [NetworkRequest [ REQUEST id=1, [ Capabilities: INTERNET&NOT_RESTRICTED&TRUSTED&NOT_VPN&NOT_VCN_MANAGED&NOT_BANDWIDTH_CONSTRAINED RequestorUid: 1000 RequestorPkg: android UnderlyingNetworks: Null] ], mPriority=20, state=UNSATISFIED, mAttachedDataNetwork=null, created time=00:35:14.184, evaluation result=null]
11-28 00:35:15.231 D/DPM-0   ( 2923): Unable to find a data profile for [NetworkRequest [ REQUEST id=1, [ Capabilities: INTERNET&NOT_RESTRICTED&TRUSTED&NOT_VPN&NOT_VCN_MANAGED&NOT_BANDWIDTH_CONSTRAINED RequestorUid: 1000 RequestorPkg: android UnderlyingNetworks: Null] ], mPriority=20, state=UNSATISFIED, mAttachedDataNetwork=null, created time=00:35:14.184, evaluation result=null]
11-28 00:35:15.231 D/DNC-0   ( 2923): Data evaluation: evaluation reason:NEW_REQUEST, Data disallowed reasons: NOT_IN_SERVICE SERVICE_OPTION_NOT_SUPPORTED NO_SUITABLE_DATA_PROFILE DATA_CONFIG_NOT_READY RADIO_POWER_OFF SIM_NOT_READY, candidate profile=null, time=00:35:15.231, network type=UNKNOWN, reg state=UNKNOWN, [NetworkRequest [ REQUEST id=1, [ Capabilities: INTERNET&NOT_RESTRICTED&TRUSTED&NOT_VPN&NOT_VCN_MANAGED&NOT_BANDWIDTH_CONSTRAINED RequestorUid: 1000 RequestorPkg: android UnderlyingNetworks: Null] ], mPriority=20, state=UNSATISFIED, mAttachedDataNetwork=null, created time=00:35:14.184, evaluation result=Data evaluation: evaluation reason:NEW_REQUEST, Data disallowed reasons: NOT_IN_SERVICE SERVICE_OPTION_NOT_SUPPORTED NO_SUITABLE_DATA_PROFILE DATA_CONFIG_NOT_READY RADIO_POWER_OFF SIM_NOT_READY, candidate profile=null, time=00:35:15.231]
11-28 00:35:15.231 D/DNC-0   ( 2923): onAddNetworkRequest: added [NetworkRequest [ BACKGROUND_REQUEST id=2, [ Transports: CELLULAR Capabilities: INTERNET&NOT_RESTRICTED&TRUSTED&NOT_VPN&NOT_VCN_MANAGED&NOT_BANDWIDTH_CONSTRAINED RequestorUid: 1000 RequestorPkg: android UnderlyingNetworks: Null] ], mPriority=20, state=UNSATISFIED, mAttachedDataNetwork=null, created time=00:35:14.181, evaluation result=null]
11-28 00:35:15.233 D/DPM-0   ( 2923): Can't find any data profile that can satisfy [NetworkRequest [ BACKGROUND_REQUEST id=2, [ Transports: CELLULAR Capabilities: INTERNET&NOT_RESTRICTED&TRUSTED&NOT_VPN&NOT_VCN_MANAGED&NOT_BANDWIDTH_CONSTRAINED RequestorUid: 1000 RequestorPkg: android UnderlyingNetworks: Null] ], mPriority=20, state=UNSATISFIED, mAttachedDataNetwork=null, created time=00:35:14.181, evaluation result=null]
11-28 00:35:15.233 D/DPM-0   ( 2923): Unable to find a data profile for [NetworkRequest [ BACKGROUND_REQUEST id=2, [ Transports: CELLULAR Capabilities: INTERNET&NOT_RESTRICTED&TRUSTED&NOT_VPN&NOT_VCN_MANAGED&NOT_BANDWIDTH_CONSTRAINED RequestorUid: 1000 RequestorPkg: android UnderlyingNetworks: Null] ], mPriority=20, state=UNSATISFIED, mAttachedDataNetwork=null, created time=00:35:14.181, evaluation result=null]
11-28 00:35:15.233 D/DNC-0   ( 2923): Data evaluation: evaluation reason:NEW_REQUEST, Data disallowed reasons: NOT_IN_SERVICE SERVICE_OPTION_NOT_SUPPORTED NO_SUITABLE_DATA_PROFILE DATA_CONFIG_NOT_READY RADIO_POWER_OFF SIM_NOT_READY, candidate profile=null, time=00:35:15.233, network type=UNKNOWN, reg state=UNKNOWN, [NetworkRequest [ BACKGROUND_REQUEST id=2, [ Transports: CELLULAR Capabilities: INTERNET&NOT_RESTRICTED&TRUSTED&NOT_VPN&NOT_VCN_MANAGED&NOT_BANDWIDTH_CONSTRAINED RequestorUid: 1000 RequestorPkg: android UnderlyingNetworks: Null] ], mPriority=20, state=UNSATISFIED, mAttachedDataNetwork=null, created time=00:35:14.181, evaluation result=Data evaluation: evaluation reason:NEW_REQUEST, Data disallowed reasons: NOT_IN_SERVICE SERVICE_OPTION_NOT_SUPPORTED NO_SUITABLE_DATA_PROFILE DATA_CONFIG_NOT_READY RADIO_POWER_OFF SIM_NOT_READY, candidate profile=null, time=00:35:15.233]
11-28 00:35:15.233 D/DNC-0   ( 2923): onAddNetworkRequest: added [NetworkRequest [ REQUEST id=63, [ Capabilities: INTERNET&NOT_RESTRICTED&TRUSTED&NOT_VCN_MANAGED&NOT_BANDWIDTH_CONSTRAINED Uid: 1000 RequestorUid: 1000 RequestorPkg: android UnderlyingNetworks: Null] ], mPriority=20, state=UNSATISFIED, mAttachedDataNetwork=null, created time=00:35:14.181, evaluation result=null]
11-28 00:35:15.233 D/DPM-0   ( 2923): Can't find any data profile that can satisfy [NetworkRequest [ REQUEST id=63, [ Capabilities: INTERNET&NOT_RESTRICTED&TRUSTED&NOT_VCN_MANAGED&NOT_BANDWIDTH_CONSTRAINED Uid: 1000 RequestorUid: 1000 RequestorPkg: android UnderlyingNetworks: Null] ], mPriority=20, state=UNSATISFIED, mAttachedDataNetwork=null, created time=00:35:14.180, evaluation result=null]
11-28 00:35:15.234 D/DPM-0   ( 2923): Unable to find a data profile for [NetworkRequest [ REQUEST id=63, [ Capabilities: INTERNET&NOT_RESTRICTED&TRUSTED&NOT_VCN_MANAGED&NOT_BANDWIDTH_CONSTRAINED Uid: 1000 RequestorUid: 1000 RequestorPkg: android UnderlyingNetworks: Null] ], mPriority=20, state=UNSATISFIED, mAttachedDataNetwork=null, created time=00:35:14.180, evaluation result=null]
11-28 00:35:15.237 D/DNC-0   ( 2923): Data evaluation: evaluation reason:NEW_REQUEST, Data disallowed reasons: NOT_IN_SERVICE SERVICE_OPTION_NOT_SUPPORTED NO_SUITABLE_DATA_PROFILE DATA_CONFIG_NOT_READY RADIO_POWER_OFF SIM_NOT_READY, candidate profile=null, time=00:35:15.234, network type=UNKNOWN, reg state=UNKNOWN, [NetworkRequest [ REQUEST id=63, [ Capabilities: INTERNET&NOT_RESTRICTED&TRUSTED&NOT_VCN_MANAGED&NOT_BANDWIDTH_CONSTRAINED Uid: 1000 RequestorUid: 1000 RequestorPkg: android UnderlyingNetworks: Null] ], mPriority=20, state=UNSATISFIED, mAttachedDataNetwork=null, created time=00:35:14.181, evaluation result=Data evaluation: evaluation reason:NEW_REQUEST, Data disallowed reasons: NOT_IN_SERVICE SERVICE_OPTION_NOT_SUPPORTED NO_SUITABLE_DATA_PROFILE DATA_CONFIG_NOT_READY RADIO_POWER_OFF SIM_NOT_READY, candidate profile=null, time=00:35:15.234]
11-28 00:35:15.238 D/DNC-0   ( 2923): onAddNetworkRequest: added [NetworkRequest [ REQUEST id=55, [ Capabilities: INTERNET&NOT_RESTRICTED&TRUSTED&NOT_VCN_MANAGED&NOT_BANDWIDTH_CONSTRAINED Uid: 10578 RequestorUid: 1000 RequestorPkg: android UnderlyingNetworks: Null] ], mPriority=20, state=UNSATISFIED, mAttachedDataNetwork=null, created time=00:35:14.180, evaluation result=null]
11-28 00:35:15.240 D/DPM-0   ( 2923): Can't find any data profile that can satisfy [NetworkRequest [ REQUEST id=55, [ Capabilities: INTERNET&NOT_RESTRICTED&TRUSTED&NOT_VCN_MANAGED&NOT_BANDWIDTH_CONSTRAINED Uid: 10578 RequestorUid: 1000 RequestorPkg: android UnderlyingNetworks: Null] ], mPriority=20, state=UNSATISFIED, mAttachedDataNetwork=null, created time=00:35:14.179, evaluation result=null]
11-28 00:35:15.240 D/DPM-0   ( 2923): Unable to find a data profile for [NetworkRequest [ REQUEST id=55, [ Capabilities: INTERNET&NOT_RESTRICTED&TRUSTED&NOT_VCN_MANAGED&NOT_BANDWIDTH_CONSTRAINED Uid: 10578 RequestorUid: 1000 RequestorPkg: android UnderlyingNetworks: Null] ], mPriority=20, state=UNSATISFIED, mAttachedDataNetwork=null, created time=00:35:14.180, evaluation result=null]
11-28 00:35:15.241 D/DNC-0   ( 2923): Data evaluation: evaluation reason:NEW_REQUEST, Data disallowed reasons: NOT_IN_SERVICE SERVICE_OPTION_NOT_SUPPORTED NO_SUITABLE_DATA_PROFILE DATA_CONFIG_NOT_READY RADIO_POWER_OFF SIM_NOT_READY, candidate profile=null, time=00:35:15.240, network type=UNKNOWN, reg state=UNKNOWN, [NetworkRequest [ REQUEST id=55, [ Capabilities: INTERNET&NOT_RESTRICTED&TRUSTED&NOT_VCN_MANAGED&NOT_BANDWIDTH_CONSTRAINED Uid: 10578 RequestorUid: 1000 RequestorPkg: android UnderlyingNetworks: Null] ], mPriority=20, state=UNSATISFIED, mAttachedDataNetwork=null, created time=00:35:14.180, evaluation result=Data evaluation: evaluation reason:NEW_REQUEST, Data disallowed reasons: NOT_IN_SERVICE SERVICE_OPTION_NOT_SUPPORTED NO_SUITABLE_DATA_PROFILE DATA_CONFIG_NOT_READY RADIO_POWER_OFF SIM_NOT_READY, candidate profile=null, time=00:35:15.240]
11-28 00:35:15.241 D/DNC-0   ( 2923): onAddNetworkRequest: added [NetworkRequest [ REQUEST id=53, [ Capabilities: INTERNET&NOT_RESTRICTED&TRUSTED&NOT_VCN_MANAGED&NOT_BANDWIDTH_CONSTRAINED Uid: 10586 RequestorUid: 1000 RequestorPkg: android UnderlyingNetworks: Null] ], mPriority=20, state=UNSATISFIED, mAttachedDataNetwork=null, created time=00:35:14.183, evaluation result=null]
11-28 00:35:15.242 D/RILJ    ( 2923): [0071]< SET_LINK_CAPACITY_REPORTING_CRITERIA  [PHONE1]
11-28 00:35:15.242 D/RILJ    ( 2923): [0076]< SET_LINK_CAPACITY_REPORTING_CRITERIA error 6 [PHONE1]
11-28 00:35:15.242 D/RilRequest( 2923): [0076]< SET_LINK_CAPACITY_REPORTING_CRITERIA error: com.android.internal.telephony.CommandException: REQUEST_NOT_SUPPORTED ret= result=null
11-28 00:35:15.243 D/DPM-0   ( 2923): Can't find any data profile that can satisfy [NetworkRequest [ REQUEST id=53, [ Capabilities: INTERNET&NOT_RESTRICTED&TRUSTED&NOT_VCN_MANAGED&NOT_BANDWIDTH_CONSTRAINED Uid: 10586 RequestorUid: 1000 RequestorPkg: android UnderlyingNetworks: Null] ], mPriority=20, state=UNSATISFIED, mAttachedDataNetwork=null, created time=00:35:14.183, evaluation result=null]
11-28 00:35:15.243 D/DPM-0   ( 2923): Unable to find a data profile for [NetworkRequest [ REQUEST id=53, [ Capabilities: INTERNET&NOT_RESTRICTED&TRUSTED&NOT_VCN_MANAGED&NOT_BANDWIDTH_CONSTRAINED Uid: 10586 RequestorUid: 1000 RequestorPkg: android UnderlyingNetworks: Null] ], mPriority=20, state=UNSATISFIED, mAttachedDataNetwork=null, created time=00:35:14.183, evaluation result=null]
11-28 00:35:15.244 D/DNC-0   ( 2923): Data evaluation: evaluation reason:NEW_REQUEST, Data disallowed reasons: NOT_IN_SERVICE SERVICE_OPTION_NOT_SUPPORTED NO_SUITABLE_DATA_PROFILE DATA_CONFIG_NOT_READY RADIO_POWER_OFF SIM_NOT_READY, candidate profile=null, time=00:35:15.243, network type=UNKNOWN, reg state=UNKNOWN, [NetworkRequest [ REQUEST id=53, [ Capabilities: INTERNET&NOT_RESTRICTED&TRUSTED&NOT_VCN_MANAGED&NOT_BANDWIDTH_CONSTRAINED Uid: 10586 RequestorUid: 1000 RequestorPkg: android UnderlyingNetworks: Null] ], mPriority=20, state=UNSATISFIED, mAttachedDataNetwork=null, created time=00:35:14.183, evaluation result=Data evaluation: evaluation reason:NEW_REQUEST, Data disallowed reasons: NOT_IN_SERVICE SERVICE_OPTION_NOT_SUPPORTED NO_SUITABLE_DATA_PROFILE DATA_CONFIG_NOT_READY RADIO_POWER_OFF SIM_NOT_READY, candidate profile=null, time=00:35:15.243]
11-28 00:35:15.244 D/DNC-0   ( 2923): onAddNetworkRequest: added [NetworkRequest [ REQUEST id=51, [ Capabilities: INTERNET&NOT_RESTRICTED&TRUSTED&NOT_VCN_MANAGED&NOT_BANDWIDTH_CONSTRAINED Uid: 10588 RequestorUid: 1000 RequestorPkg: android UnderlyingNetworks: Null] ], mPriority=20, state=UNSATISFIED, mAttachedDataNetwork=null, created time=00:35:14.183, evaluation result=null]
11-28 00:35:15.245 D/DPM-0   ( 2923): Can't find any data profile that can satisfy [NetworkRequest [ REQUEST id=51, [ Capabilities: INTERNET&NOT_RESTRICTED&TRUSTED&NOT_VCN_MANAGED&NOT_BANDWIDTH_CONSTRAINED Uid: 10588 RequestorUid: 1000 RequestorPkg: android UnderlyingNetworks: Null] ], mPriority=20, state=UNSATISFIED, mAttachedDataNetwork=null, created time=00:35:14.183, evaluation result=null]
11-28 00:35:15.245 D/DPM-0   ( 2923): Unable to find a data profile for [NetworkRequest [ REQUEST id=51, [ Capabilities: INTERNET&NOT_RESTRICTED&TRUSTED&NOT_VCN_MANAGED&NOT_BANDWIDTH_CONSTRAINED Uid: 10588 RequestorUid: 1000 RequestorPkg: android UnderlyingNetworks: Null] ], mPriority=20, state=UNSATISFIED, mAttachedDataNetwork=null, created time=00:35:14.183, evaluation result=null]
11-28 00:35:15.245 D/DNC-0   ( 2923): Data evaluation: evaluation reason:NEW_REQUEST, Data disallowed reasons: NOT_IN_SERVICE SERVICE_OPTION_NOT_SUPPORTED NO_SUITABLE_DATA_PROFILE DATA_CONFIG_NOT_READY RADIO_POWER_OFF SIM_NOT_READY, candidate profile=null, time=00:35:15.245, network type=UNKNOWN, reg state=UNKNOWN, [NetworkRequest [ REQUEST id=51, [ Capabilities: INTERNET&NOT_RESTRICTED&TRUSTED&NOT_VCN_MANAGED&NOT_BANDWIDTH_CONSTRAINED Uid: 10588 RequestorUid: 1000 RequestorPkg: android UnderlyingNetworks: Null] ], mPriority=20, state=UNSATISFIED, mAttachedDataNetwork=null, created time=00:35:14.183, evaluation result=Data evaluation: evaluation reason:NEW_REQUEST, Data disallowed reasons: NOT_IN_SERVICE SERVICE_OPTION_NOT_SUPPORTED NO_SUITABLE_DATA_PROFILE DATA_CONFIG_NOT_READY RADIO_POWER_OFF SIM_NOT_READY, candidate profile=null, time=00:35:15.245]
11-28 00:35:15.245 D/DNC-0   ( 2923): onAddNetworkRequest: added [NetworkRequest [ REQUEST id=49, [ Capabilities: INTERNET&NOT_RESTRICTED&TRUSTED&NOT_VCN_MANAGED&NOT_BANDWIDTH_CONSTRAINED Uid: 10598 RequestorUid: 1000 RequestorPkg: android UnderlyingNetworks: Null] ], mPriority=20, state=UNSATISFIED, mAttachedDataNetwork=null, created time=00:35:14.183, evaluation result=null]
11-28 00:35:15.246 D/DPM-0   ( 2923): Can't find any data profile that can satisfy [NetworkRequest [ REQUEST id=49, [ Capabilities: INTERNET&NOT_RESTRICTED&TRUSTED&NOT_VCN_MANAGED&NOT_BANDWIDTH_CONSTRAINED Uid: 10598 RequestorUid: 1000 RequestorPkg: android UnderlyingNetworks: Null] ], mPriority=20, state=UNSATISFIED, mAttachedDataNetwork=null, created time=00:35:14.184, evaluation result=null]
11-28 00:35:15.247 D/DPM-0   ( 2923): Unable to find a data profile for [NetworkRequest [ REQUEST id=49, [ Capabilities: INTERNET&NOT_RESTRICTED&TRUSTED&NOT_VCN_MANAGED&NOT_BANDWIDTH_CONSTRAINED Uid: 10598 RequestorUid: 1000 RequestorPkg: android UnderlyingNetworks: Null] ], mPriority=20, state=UNSATISFIED, mAttachedDataNetwork=null, created time=00:35:14.183, evaluation result=null]
11-28 00:35:15.247 D/DNC-0   ( 2923): Data evaluation: evaluation reason:NEW_REQUEST, Data disallowed reasons: NOT_IN_SERVICE SERVICE_OPTION_NOT_SUPPORTED NO_SUITABLE_DATA_PROFILE DATA_CONFIG_NOT_READY RADIO_POWER_OFF SIM_NOT_READY, candidate profile=null, time=00:35:15.247, network type=UNKNOWN, reg state=UNKNOWN, [NetworkRequest [ REQUEST id=49, [ Capabilities: INTERNET&NOT_RESTRICTED&TRUSTED&NOT_VCN_MANAGED&NOT_BANDWIDTH_CONSTRAINED Uid: 10598 RequestorUid: 1000 RequestorPkg: android UnderlyingNetworks: Null] ], mPriority=20, state=UNSATISFIED, mAttachedDataNetwork=null, created time=00:35:14.184, evaluation result=Data evaluation: evaluation reason:NEW_REQUEST, Data disallowed reasons: NOT_IN_SERVICE SERVICE_OPTION_NOT_SUPPORTED NO_SUITABLE_DATA_PROFILE DATA_CONFIG_NOT_READY RADIO_POWER_OFF SIM_NOT_READY, candidate profile=null, time=00:35:15.247]
11-28 00:35:15.250 D/DNC-0   ( 2923): onAddNetworkRequest: added [NetworkRequest [ REQUEST id=47, [ Capabilities: INTERNET&NOT_RESTRICTED&TRUSTED&NOT_VCN_MANAGED&NOT_BANDWIDTH_CONSTRAINED Uid: 10605 RequestorUid: 1000 RequestorPkg: android UnderlyingNetworks: Null] ], mPriority=20, state=UNSATISFIED, mAttachedDataNetwork=null, created time=00:35:14.182, evaluation result=null]
11-28 00:35:15.250 D/DPM-0   ( 2923): Can't find any data profile that can satisfy [NetworkRequest [ REQUEST id=47, [ Capabilities: INTERNET&NOT_RESTRICTED&TRUSTED&NOT_VCN_MANAGED&NOT_BANDWIDTH_CONSTRAINED Uid: 10605 RequestorUid: 1000 RequestorPkg: android UnderlyingNetworks: Null] ], mPriority=20, state=UNSATISFIED, mAttachedDataNetwork=null, created time=00:35:14.182, evaluation result=null]
11-28 00:35:15.251 D/DPM-0   ( 2923): Unable to find a data profile for [NetworkRequest [ REQUEST id=47, [ Capabilities: INTERNET&NOT_RESTRICTED&TRUSTED&NOT_VCN_MANAGED&NOT_BANDWIDTH_CONSTRAINED Uid: 10605 RequestorUid: 1000 RequestorPkg: android UnderlyingNetworks: Null] ], mPriority=20, state=UNSATISFIED, mAttachedDataNetwork=null, created time=00:35:14.182, evaluation result=null]
11-28 00:35:15.251 D/DNC-0   ( 2923): Data evaluation: evaluation reason:NEW_REQUEST, Data disallowed reasons: NOT_IN_SERVICE SERVICE_OPTION_NOT_SUPPORTED NO_SUITABLE_DATA_PROFILE DATA_CONFIG_NOT_READY RADIO_POWER_OFF SIM_NOT_READY, candidate profile=null, time=00:35:15.251, network type=UNKNOWN, reg state=UNKNOWN, [NetworkRequest [ REQUEST id=47, [ Capabilities: INTERNET&NOT_RESTRICTED&TRUSTED&NOT_VCN_MANAGED&NOT_BANDWIDTH_CONSTRAINED Uid: 10605 RequestorUid: 1000 RequestorPkg: android UnderlyingNetworks: Null] ], mPriority=20, state=UNSATISFIED, mAttachedDataNetwork=null, created time=00:35:14.182, evaluation result=Data evaluation: evaluation reason:NEW_REQUEST, Data disallowed reasons: NOT_IN_SERVICE SERVICE_OPTION_NOT_SUPPORTED NO_SUITABLE_DATA_PROFILE DATA_CONFIG_NOT_READY RADIO_POWER_OFF SIM_NOT_READY, candidate profile=null, time=00:35:15.251]
11-28 00:35:15.251 E/RILQ    ( 1712): (0/1712): RIL[0][(1712,1762)] get_ecc_property_name: ecc list name : ril.ecclist.
11-28 00:35:15.252 D/DNC-0   ( 2923): onAddNetworkRequest: added [NetworkRequest [ REQUEST id=45, [ Capabilities: INTERNET&NOT_RESTRICTED&TRUSTED&NOT_VCN_MANAGED&NOT_BANDWIDTH_CONSTRAINED Uid: 10618 RequestorUid: 1000 RequestorPkg: android UnderlyingNetworks: Null] ], mPriority=20, state=UNSATISFIED, mAttachedDataNetwork=null, created time=00:35:14.183, evaluation result=null]
11-28 00:35:15.252 D/RILJ    ( 2923): [0102]< VOICE_REGISTRATION_STATE {.regState = NOT_REG_MT_SEARCHING_OP, .rat = UNKNOWN, .reasonForDenial = NONE, .cellIdentity = {.noinit = {}}, .registeredPlmn = , .accessTechnologySpecificInfo = {.noinit = {}}} [PHONE0]
11-28 00:35:15.253 D/DPM-0   ( 2923): Can't find any data profile that can satisfy [NetworkRequest [ REQUEST id=45, [ Capabilities: INTERNET&NOT_RESTRICTED&TRUSTED&NOT_VCN_MANAGED&NOT_BANDWIDTH_CONSTRAINED Uid: 10618 RequestorUid: 1000 RequestorPkg: android UnderlyingNetworks: Null] ], mPriority=20, state=UNSATISFIED, mAttachedDataNetwork=null, created time=00:35:14.184, evaluation result=null]
11-28 00:35:15.253 D/DPM-0   ( 2923): Unable to find a data profile for [NetworkRequest [ REQUEST id=45, [ Capabilities: INTERNET&NOT_RESTRICTED&TRUSTED&NOT_VCN_MANAGED&NOT_BANDWIDTH_CONSTRAINED Uid: 10618 RequestorUid: 1000 RequestorPkg: android UnderlyingNetworks: Null] ], mPriority=20, state=UNSATISFIED, mAttachedDataNetwork=null, created time=00:35:14.184, evaluation result=null]
11-28 00:35:15.253 D/CellularNetworkService( 2923): No access tech specific info passes for RegStateResult
