11-28 00:35:15.290 D/DPM-0   ( 2923): Unable to find a data profile for [NetworkRequest [ REQUEST id=80, [ Capabilities: INTERNET&NOT_RESTRICTED&TRUSTED&NOT_VCN_MANAGED&NOT_BANDWIDTH_CONSTRAINED Uid: 1001 RequestorUid: 1001 RequestorPkg: com.android.phone UnderlyingNetworks: Null] ], mPriority=20, state=UNSATISFIED, mAttachedDataNetwork=null, created time=00:35:14.181, evaluation result=null]
11-28 00:35:15.290 D/DNC-0   ( 2923): Data evaluation: evaluation reason:NEW_REQUEST, Data disallowed reasons: NOT_IN_SERVICE SERVICE_OPTION_NOT_SUPPORTED NO_SUITABLE_DATA_PROFILE DATA_CONFIG_NOT_READY SIM_NOT_READY, candidate profile=null, time=00:35:15.290, network type=UNKNOWN, reg state=UNKNOWN, [NetworkRequest [ REQUEST id=80, [ Capabilities: INTERNET&NOT_RESTRICTED&TRUSTED&NOT_VCN_MANAGED&NOT_BANDWIDTH_CONSTRAINED Uid: 1001 RequestorUid: 1001 RequestorPkg: com.android.phone UnderlyingNetworks: Null] ], mPriority=20, state=UNSATISFIED, mAttachedDataNetwork=null, created time=00:35:14.181, evaluation result=Data evaluation: evaluation reason:NEW_REQUEST, Data disallowed reasons: NOT_IN_SERVICE SERVICE_OPTION_NOT_SUPPORTED NO_SUITABLE_DATA_PROFILE DATA_CONFIG_NOT_READY SIM_NOT_READY, candidate profile=null, time=00:35:15.290]
11-28 00:35:15.290 D/DNC-0   ( 2923): onAddNetworkRequest: added [NetworkRequest [ REQUEST id=82, [ Capabilities: INTERNET&NOT_RESTRICTED&TRUSTED&NOT_VCN_MANAGED&NOT_BANDWIDTH_CONSTRAINED Uid: 1001 RequestorUid: 1001 RequestorPkg: com.android.phone UnderlyingNetworks: Null] ], mPriority=20, state=UNSATISFIED, mAttachedDataNetwork=null, created time=00:35:14.183, evaluation result=null]
11-28 00:35:15.291 D/DPM-0   ( 2923): Can't find any data profile that can satisfy [NetworkRequest [ REQUEST id=82, [ Capabilities: INTERNET&NOT_RESTRICTED&TRUSTED&NOT_VCN_MANAGED&NOT_BANDWIDTH_CONSTRAINED Uid: 1001 RequestorUid: 1001 RequestorPkg: com.android.phone UnderlyingNetworks: Null] ], mPriority=20, state=UNSATISFIED, mAttachedDataNetwork=null, created time=00:35:14.183, evaluation result=null]
11-28 00:35:15.291 D/DPM-0   ( 2923): Unable to find a data profile for [NetworkRequest [ REQUEST id=82, [ Capabilities: INTERNET&NOT_RESTRICTED&TRUSTED&NOT_VCN_MANAGED&NOT_BANDWIDTH_CONSTRAINED Uid: 1001 RequestorUid: 1001 RequestorPkg: com.android.phone UnderlyingNetworks: Null] ], mPriority=20, state=UNSATISFIED, mAttachedDataNetwork=null, created time=00:35:14.183, evaluation result=null]
11-28 00:35:15.291 D/DNC-0   ( 2923): Data evaluation: evaluation reason:NEW_REQUEST, Data disallowed reasons: NOT_IN_SERVICE SERVICE_OPTION_NOT_SUPPORTED NO_SUITABLE_DATA_PROFILE DATA_CONFIG_NOT_READY SIM_NOT_READY, candidate profile=null, time=00:35:15.291, network type=UNKNOWN, reg state=UNKNOWN, [NetworkRequest [ REQUEST id=82, [ Capabilities: INTERNET&NOT_RESTRICTED&TRUSTED&NOT_VCN_MANAGED&NOT_BANDWIDTH_CONSTRAINED Uid: 1001 RequestorUid: 1001 RequestorPkg: com.android.phone UnderlyingNetworks: Null] ], mPriority=20, state=UNSATISFIED, mAttachedDataNetwork=null, created time=00:35:14.183, evaluation result=Data evaluation: evaluation reason:NEW_REQUEST, Data disallowed reasons: NOT_IN_SERVICE SERVICE_OPTION_NOT_SUPPORTED NO_SUITABLE_DATA_PROFILE DATA_CONFIG_NOT_READY SIM_NOT_READY, candidate profile=null, time=00:35:15.291]
11-28 00:35:15.291 D/GsmCdmaPhone( 2923): [1] EVENT_SUBSCRIPTIONS_CHANGED
11-28 00:35:15.291 I/NullCipherNotifier( 2923): Ignoring setSubscriptionMapping. Notifier is disabled.
11-28 00:35:15.300 D/Phone-1 ( 2923): [1] notifyCarrierRoamingNtnSignalStrengthChanged: ntnSignalStrength=0
11-28 00:35:15.302 D/SSCtr   ( 2923): clearSignalStrengthUpdateRequest subId=1 callingUid=1002 request=SignalStrengthUpdateRequest{mSignalThresholdInfos=[] mIsReportingRequestedWhileIdle=false mIsSystemThresholdReportingRequestedWhileIdle=true mLiveTokenandroid.os.BinderProxy@3dbb9d}
11-28 00:35:15.302 D/DNC-0   ( 2923): onDataConfigUpdated: mSubId changed from -1 to 1
11-28 00:35:15.306 D/DNC-0   ( 2923): Subscription plans initialized: []
11-28 00:35:15.306 D/ImsPhoneCallTracker( 2923): [0] onDataEnabledChanged: enabled=true, reason=0
11-28 00:35:15.306 D/ImsPhoneCallTracker( 2923): [0] Ignore data enabled - carrier policy indicates that data is not metered for ViLTE calls.
11-28 00:35:15.306 D/DSRM-0  ( 2923): onMobileDataEnabledChanged: DataEnabled:true,DataStalled:false
11-28 00:35:15.306 D/DNC-0   ( 2923): onDataEnabledChanged: enabled=true
11-28 00:35:15.307 D/GsmCdmaPhone( 2923): [1] EVENT_SUBSCRIPTIONS_CHANGED
11-28 00:35:15.307 I/NullCipherNotifier( 2923): Ignoring setSubscriptionMapping. Notifier is disabled.
11-28 00:35:15.307 D/GsmCdmaPhone( 2923): [0] EVENT_SUBSCRIPTIONS_CHANGED
11-28 00:35:15.307 I/NullCipherNotifier( 2923): Ignoring setSubscriptionMapping. Notifier is disabled.
11-28 00:35:15.307 D/SST     ( 2923): [0] pollState: modemTriggered=true, radioState=1
11-28 00:35:15.307 D/RILJ    ( 2923): [0077]< SET_LINK_CAPACITY_REPORTING_CRITERIA  [PHONE1]
11-28 00:35:15.307 D/RILJ    ( 2923): [0112]> OPERATOR [PHONE0]
11-28 00:35:15.308 D/RILJ    ( 2923): [0113]> QUERY_NETWORK_SELECTION_MODE [PHONE0]
11-28 00:35:15.309 D/RILJ    ( 2923): [0114]> DATA_REGISTRATION_STATE [PHONE0]
11-28 00:35:15.309 D/RILJ    ( 2923): getDataRegistrationState: overrideHalVersion=null [PHONE0]
11-28 00:35:15.309 D/RILC    ( 1712): RadioImpl_1_5::getDataRegistrationState_1_5: serial 114
11-28 00:35:15.311 D/Phone-0 ( 2923): isImsCapabilityAvailable, capability=0, regTech=1, isAvailable=false
11-28 00:35:15.311 D/Phone-0 ( 2923): isImsCapabilityAvailable, capability=1, regTech=1, isAvailable=false
11-28 00:35:15.312 D/Phone-0 ( 2923): isImsCapabilityAvailable, capability=2, regTech=1, isAvailable=false
11-28 00:35:15.315 D/Phone-0 ( 2923): getImsRegistrationTechnology =-1
11-28 00:35:15.319 D/RILJ    ( 2923): [0115]> VOICE_REGISTRATION_STATE [PHONE0]
11-28 00:35:15.319 D/RILJ    ( 2923): getVoiceRegistrationState: overrideHalVersion=null [PHONE0]
11-28 00:35:15.319 D/RILC    ( 1712): RadioImpl_1_5::getVoiceRegistrationState_1_5: serial 115
11-28 00:35:15.323 D/RILJ    ( 2923): [0106]< DATA_REGISTRATION_STATE {.regState = NOT_REG_MT_SEARCHING_OP, .rat = UNKNOWN, .reasonForDenial = NONE, .cellIdentity = {.noinit = {}}, .registeredPlmn = , .accessTechnologySpecificInfo = {.noinit = {}}} [PHONE1]
11-28 00:35:15.323 D/CellularNetworkService( 2923): No access tech specific info passes for RegStateResult
11-28 00:35:15.323 D/RILJ    ( 2923): [0105]< QUERY_NETWORK_SELECTION_MODE {0} [PHONE1]
11-28 00:35:15.323 D/NRM-C-1 ( 2923): onRequestNetworkRegistrationInfoComplete result: 0, info: NetworkRegistrationInfo{ domain=PS transportType=WWAN registrationState=NOT_REG_SEARCHING networkRegistrationState=NOT_REG_SEARCHING roamingType=NOT_ROAMING accessNetworkTechnology=UNKNOWN rejectCause=0 emergencyEnabled=false availableServices=[] cellIdentity=null voiceSpecificInfo=null dataSpecificInfo=android.telephony.DataSpecificRegistrationInfo :{ maxDataCalls = 16 isDcNrRestricted = false isNrAvailable = false isEnDcAvailable = false mLteAttachResultType = 0 mLteAttachExtraInfo = 0 LteVopsSupportInfo :  mVopsSupport = 1 mEmcBearerSupport = 1 } nrState=**** rRplmn= isUsingCarrierAggregation=false isNonTerrestrialNetwork=TERRESTRIAL}
11-28 00:35:15.325 D/RILJ    ( 2923): [0057]< RADIO_POWER  [PHONE1]
11-28 00:35:15.330 D/RILC    ( 1815): radioStateChangedInd: radioState 10
11-28 00:35:15.332 D/RILJ    ( 2923): Unsol response received; Sending ack to ril.cpp [PHONE1]
11-28 00:35:15.332 D/RILJ    ( 2923): [UNSL]< UNSOL_RESPONSE_RADIO_STATE_CHANGED radioStateChanged: 1 [PHONE1]
11-28 00:35:15.333 D/RILJ    ( 2923): Unsol response received; Sending ack to ril.cpp [PHONE1]
11-28 00:35:15.333 D/RILJ    ( 2923): [UNSL]< UNSOL_RESPONSE_NETWORK_STATE_CHANGED [PHONE1]
11-28 00:35:15.333 D/NRM-C-1 ( 2923): onNetworkStateChanged
11-28 00:35:15.345 D/RILJ    ( 2923): [0112]< OPERATOR {, , } [PHONE0]
11-28 00:35:15.345 D/RILJ    ( 2923): [0113]< QUERY_NETWORK_SELECTION_MODE {0} [PHONE0]
11-28 00:35:15.355 D/RILJ    ( 2923): [0047]< SET_LINK_CAPACITY_REPORTING_CRITERIA  [PHONE0]
11-28 00:35:15.366 D/ImsManagerIM [0]( 2923): ImsService not up yet - timeout waiting for connection.
11-28 00:35:15.382 D/RILJ    ( 2923): [0078]< SET_LINK_CAPACITY_REPORTING_CRITERIA  [PHONE1]
11-28 00:35:15.383 D/CellularNetworkService( 2923): No access tech specific info passes for RegStateResult
11-28 00:35:15.383 D/NRM-C-0 ( 2923): onRequestNetworkRegistrationInfoComplete result: 0, info: NetworkRegistrationInfo{ domain=PS transportType=WWAN registrationState=NOT_REG_SEARCHING networkRegistrationState=NOT_REG_SEARCHING roamingType=NOT_ROAMING accessNetworkTechnology=UNKNOWN rejectCause=0 emergencyEnabled=false availableServices=[] cellIdentity=null voiceSpecificInfo=null dataSpecificInfo=android.telephony.DataSpecificRegistrationInfo :{ maxDataCalls = 16 isDcNrRestricted = false isNrAvailable = false isEnDcAvailable = false mLteAttachResultType = 0 mLteAttachExtraInfo = 0 LteVopsSupportInfo :  mVopsSupport = 1 mEmcBearerSupport = 1 } nrState=**** rRplmn= isUsingCarrierAggregation=false isNonTerrestrialNetwork=TERRESTRIAL}
11-28 00:35:15.383 D/RILJ    ( 2923): [0114]< DATA_REGISTRATION_STATE {.regState = NOT_REG_MT_SEARCHING_OP, .rat = UNKNOWN, .reasonForDenial = NONE, .cellIdentity = {.noinit = {}}, .registeredPlmn = , .accessTechnologySpecificInfo = {.noinit = {}}} [PHONE0]
11-28 00:35:15.383 D/RILJ    ( 2923): [0079]< SET_LINK_CAPACITY_REPORTING_CRITERIA error 6 [PHONE1]
11-28 00:35:15.383 D/RilRequest( 2923): [0079]< SET_LINK_CAPACITY_REPORTING_CRITERIA error: com.android.internal.telephony.CommandException: REQUEST_NOT_SUPPORTED ret= result=null
11-28 00:35:15.398 D/RILJ    ( 2923): [0048]< SET_LINK_CAPACITY_REPORTING_CRITERIA  [PHONE0]
11-28 00:35:15.399 D/RILJ    ( 2923): [0049]< SET_LINK_CAPACITY_REPORTING_CRITERIA error 6 [PHONE0]
11-28 00:35:15.399 D/RilRequest( 2923): [0049]< SET_LINK_CAPACITY_REPORTING_CRITERIA error: com.android.internal.telephony.CommandException: REQUEST_NOT_SUPPORTED ret= result=null
11-28 00:35:15.404 D/RILJ    ( 2923): [0115]< VOICE_REGISTRATION_STATE {.regState = NOT_REG_MT_SEARCHING_OP, .rat = UNKNOWN, .reasonForDenial = NONE, .cellIdentity = {.noinit = {}}, .registeredPlmn = , .accessTechnologySpecificInfo = {.noinit = {}}} [PHONE0]
11-28 00:35:15.404 D/CellularNetworkService( 2923): No access tech specific info passes for RegStateResult
11-28 00:35:15.405 D/RILJ    ( 2923): [0030]< RADIO_POWER  [PHONE0]
11-28 00:35:15.405 D/NRM-C-0 ( 2923): onRequestNetworkRegistrationInfoComplete result: 0, info: NetworkRegistrationInfo{ domain=CS transportType=WWAN registrationState=NOT_REG_SEARCHING networkRegistrationState=NOT_REG_SEARCHING roamingType=NOT_ROAMING accessNetworkTechnology=UNKNOWN rejectCause=0 emergencyEnabled=false availableServices=[] cellIdentity=null voiceSpecificInfo=VoiceSpecificRegistrationInfo { mCssSupported=false mRoamingIndicator=0 mSystemIsInPrl=0 mDefaultRoamingIndicator=0} dataSpecificInfo=null nrState=**** rRplmn= isUsingCarrierAggregation=false isNonTerrestrialNetwork=TERRESTRIAL}
11-28 00:35:15.405 E/CarrierActionAgent( 2923): [0]Unsupported action: 7
11-28 00:35:15.405 D/GsmCdmaPhone( 2923): mBroadcastReceiver: action android.telephony.action.SIM_APPLICATION_STATE_CHANGED
11-28 00:35:15.405 D/EmergencyNumberTracker( 2923): [0]updateRadioEmergencyNumberListAndNotify(): receiving [[EmergencyNumber: 112, countryIso=, mnc=, src=sim , routing=unknown, categories=, urns=], [EmergencyNumber: 911, countryIso=, mnc=, src=sim , routing=unknown, categories=, urns=]]
11-28 00:35:15.405 D/GsmCdmaPhone( 2923): mBroadcastReceiver: action android.telephony.action.SIM_APPLICATION_STATE_CHANGED
11-28 00:35:15.406 D/RILJ    ( 2923): [0060]< RADIO_POWER  [PHONE1]
11-28 00:35:15.406 D/PhoneSwitcher( 2923): mSimStateIntentReceiver: slotIndex = 0 state = 2
11-28 00:35:15.406 D/RILC    ( 1712): radioStateChangedInd: radioState 10
11-28 00:35:15.407 D/RILC    ( 1815): radioStateChangedInd: radioState 10
11-28 00:35:15.408 D/RILJ    ( 2923): Unsol response received; Sending ack to ril.cpp [PHONE0]
11-28 00:35:15.408 D/RILJ    ( 2923): [UNSL]< UNSOL_RESPONSE_RADIO_STATE_CHANGED radioStateChanged: 1 [PHONE0]
11-28 00:35:15.409 D/SST     ( 2923): [1] pollState: modemTriggered=true, radioState=1
11-28 00:35:15.409 D/RILJ    ( 2923): [0120]> OPERATOR [PHONE1]
11-28 00:35:15.410 D/RILJ    ( 2923): [0121]> DATA_REGISTRATION_STATE [PHONE1]
11-28 00:35:15.410 D/RILJ    ( 2923): getDataRegistrationState: overrideHalVersion=null [PHONE1]
11-28 00:35:15.410 D/RILJ    ( 2923): [0122]> VOICE_REGISTRATION_STATE [PHONE1]
11-28 00:35:15.410 D/RILJ    ( 2923): getVoiceRegistrationState: overrideHalVersion=null [PHONE1]
11-28 00:35:15.410 D/RILC    ( 1815): RadioImpl_1_5::getDataRegistrationState_1_5: serial 121
11-28 00:35:15.410 D/RILC    ( 1815): RadioImpl_1_5::getVoiceRegistrationState_1_5: serial 122
11-28 00:35:15.411 D/RILJ    ( 2923): [0123]> QUERY_NETWORK_SELECTION_MODE [PHONE1]
11-28 00:35:15.411 D/SatelliteEntitlementController( 2923): handleCarrierConfigChanged(): slotIndex(1), subId(-1), carrierId(-1), specificCarrierId(-1)
11-28 00:35:15.412 D/SatelliteEntitlementController( 2923): processSimChanged prev subId:-1
11-28 00:35:15.414 D/RILJ    ( 2923): Unsol response received; Sending ack to ril.cpp [PHONE1]
11-28 00:35:15.414 D/RILJ    ( 2923): [UNSL]< UNSOL_RESPONSE_RADIO_STATE_CHANGED radioStateChanged: 1 [PHONE1]
11-28 00:35:15.415 D/EmergencyNumberTracker( 2923): [1]updateRadioEmergencyNumberListAndNotify(): receiving [[EmergencyNumber: 112, countryIso=, mnc=, src=sim , routing=unknown, categories=, urns=], [EmergencyNumber: 911, countryIso=, mnc=, src=sim , routing=unknown, categories=, urns=]]
11-28 00:35:15.415 D/SST     ( 2923): [0] SubscriptionListener.onSubscriptionInfoChanged
11-28 00:35:15.415 D/SST     ( 2923): [1] SubscriptionListener.onSubscriptionInfoChanged
11-28 00:35:15.415 D/TNP     ( 2923): Subscription changed.
11-28 00:35:15.415 D/TNP     ( 2923): reevaluateNetworkRequests: subscription changed.
11-28 00:35:15.415 D/RILJ    ( 2923): Unsol response received; Sending ack to ril.cpp [PHONE0]
11-28 00:35:15.415 D/RILJ    ( 2923): [UNSL]< UNSOL_RESPONSE_NETWORK_STATE_CHANGED [PHONE0]
11-28 00:35:15.416 D/NRM-C-0 ( 2923): onNetworkStateChanged
11-28 00:35:15.422 D/RILJ    ( 2923): Unsol response received; Sending ack to ril.cpp [PHONE1]
11-28 00:35:15.422 D/RILJ    ( 2923): [UNSL]< UNSOL_RESPONSE_NETWORK_STATE_CHANGED [PHONE1]
11-28 00:35:15.422 D/NRM-C-1 ( 2923): onNetworkStateChanged
11-28 00:35:15.422 D/RILJ    ( 2923): [0120]< OPERATOR {, , } [PHONE1]
11-28 00:35:15.431 D/Phone-0 ( 2923): isImsRegistered =false
11-28 00:35:15.434 D/Phone-0 ( 2923): getImsRegistrationTechnology =-1
11-28 00:35:15.431 I/auditd  ( 1764): type=1400 audit(0.0:38): avc:  denied  { read } for  comm="android.fg" name="android.hardware.graphics.mapper@4.0-impl-qti-display-xiaomi.so" dev="dm-1" ino=22788701 scontext=u:r:system_server:s0 tcontext=u:object_r:vendor_file:s0 tclass=file permissive=0
11-28 00:35:15.437 D/CellularNetworkService( 2923): No access tech specific info passes for RegStateResult
11-28 00:35:15.437 D/NRM-C-1 ( 2923): onRequestNetworkRegistrationInfoComplete result: 0, info: NetworkRegistrationInfo{ domain=PS transportType=WWAN registrationState=NOT_REG_SEARCHING networkRegistrationState=NOT_REG_SEARCHING roamingType=NOT_ROAMING accessNetworkTechnology=UNKNOWN rejectCause=0 emergencyEnabled=false availableServices=[] cellIdentity=null voiceSpecificInfo=null dataSpecificInfo=android.telephony.DataSpecificRegistrationInfo :{ maxDataCalls = 16 isDcNrRestricted = false isNrAvailable = false isEnDcAvailable = false mLteAttachResultType = 0 mLteAttachExtraInfo = 0 LteVopsSupportInfo :  mVopsSupport = 1 mEmcBearerSupport = 1 } nrState=**** rRplmn= isUsingCarrierAggregation=false isNonTerrestrialNetwork=TERRESTRIAL}
11-28 00:35:15.438 D/RILJ    ( 2923): [0121]< DATA_REGISTRATION_STATE {.regState = NOT_REG_MT_SEARCHING_OP, .rat = UNKNOWN, .reasonForDenial = NONE, .cellIdentity = {.noinit = {}}, .registeredPlmn = , .accessTechnologySpecificInfo = {.noinit = {}}} [PHONE1]
11-28 00:35:15.459 D/RILJ    ( 2923): [0080]< SET_LINK_CAPACITY_REPORTING_CRITERIA  [PHONE1]
11-28 00:35:15.461 D/RILJ    ( 2923): [0050]< SET_LINK_CAPACITY_REPORTING_CRITERIA  [PHONE0]
11-28 00:35:15.462 D/RadioConfigResponse( 2923): [0085]< SET_PREFERRED_DATA_MODEM
11-28 00:35:15.470 D/RILJ    ( 2923): [0123]< QUERY_NETWORK_SELECTION_MODE {0} [PHONE1]
11-28 00:35:15.470 D/RILJ    ( 2923): [0122]< VOICE_REGISTRATION_STATE {.regState = NOT_REG_MT_SEARCHING_OP, .rat = UNKNOWN, .reasonForDenial = NONE, .cellIdentity = {.noinit = {}}, .registeredPlmn = , .accessTechnologySpecificInfo = {.noinit = {}}} [PHONE1]
11-28 00:35:15.470 D/CellularNetworkService( 2923): No access tech specific info passes for RegStateResult
11-28 00:35:15.470 D/NRM-C-1 ( 2923): onRequestNetworkRegistrationInfoComplete result: 0, info: NetworkRegistrationInfo{ domain=CS transportType=WWAN registrationState=NOT_REG_SEARCHING networkRegistrationState=NOT_REG_SEARCHING roamingType=NOT_ROAMING accessNetworkTechnology=UNKNOWN rejectCause=0 emergencyEnabled=false availableServices=[] cellIdentity=null voiceSpecificInfo=VoiceSpecificRegistrationInfo { mCssSupported=false mRoamingIndicator=0 mSystemIsInPrl=0 mDefaultRoamingIndicator=0} dataSpecificInfo=null nrState=**** rRplmn= isUsingCarrierAggregation=false isNonTerrestrialNetwork=TERRESTRIAL}
11-28 00:35:15.484 D/ImsManagerIM [0]( 2923): ImsService not up yet - timeout waiting for connection.
11-28 00:35:15.500 D/EmergencyNumberTracker( 2923): [1]updateRadioEmergencyNumberListAndNotify(): receiving [[EmergencyNumber: 112, countryIso=, mnc=, src=sim , routing=unknown, categories=, urns=], [EmergencyNumber: 911, countryIso=, mnc=, src=sim , routing=unknown, categories=, urns=]]
11-28 00:35:15.501 D/EmergencyNumberTracker( 2923): [0]updateRadioEmergencyNumberListAndNotify(): receiving [[EmergencyNumber: 112, countryIso=, mnc=, src=sim , routing=unknown, categories=, urns=], [EmergencyNumber: 911, countryIso=, mnc=, src=sim , routing=unknown, categories=, urns=]]
11-28 00:35:15.501 D/SST     ( 2923): [0] EVENT_POLL_STATE_NETWORK_SELECTION_MODE
11-28 00:35:15.501 D/GsmCdmaPhone( 2923): [0] EVENT EVENT_RADIO_STATE_CHANGED
11-28 00:35:15.501 D/GsmCdmaPhone( 2923): handleRadioPowerStateChange, state= 1
11-28 00:35:15.504 D/SST     ( 2923): [0] setPowerStateToDesired: mDeviceShuttingDown=false, mDesiredPowerState=true, getRadioState=1, mRadioPowerOffReasons=[], IMS reg state=false, pending radio off=false
11-28 00:35:15.505 D/SST     ( 2923): [0] pollState: modemTriggered=true, radioState=1
11-28 00:35:15.506 D/RILJ    ( 2923): [0126]> OPERATOR [PHONE0]
11-28 00:35:15.507 D/RILJ    ( 2923): [0127]> QUERY_NETWORK_SELECTION_MODE [PHONE0]
11-28 00:35:15.507 D/RILJ    ( 2923): [0126]< OPERATOR {, , } [PHONE0]
11-28 00:35:15.508 D/RILJ    ( 2923): [0128]> DATA_REGISTRATION_STATE [PHONE0]
11-28 00:35:15.508 D/RILJ    ( 2923): getDataRegistrationState: overrideHalVersion=null [PHONE0]
11-28 00:35:15.508 D/RILJ    ( 2923): [0127]< QUERY_NETWORK_SELECTION_MODE {0} [PHONE0]
11-28 00:35:15.508 D/RILC    ( 1712): RadioImpl_1_5::getDataRegistrationState_1_5: serial 128
11-28 00:35:15.508 D/RILJ    ( 2923): [0130]> VOICE_REGISTRATION_STATE [PHONE0]
11-28 00:35:15.508 D/RILJ    ( 2923): getVoiceRegistrationState: overrideHalVersion=null [PHONE0]
11-28 00:35:15.509 D/RILC    ( 1712): RadioImpl_1_5::getVoiceRegistrationState_1_5: serial 130
11-28 00:35:15.509 D/RILJ    ( 2923): [0129]> GET_CURRENT_CALLS [PHONE0]
11-28 00:35:15.510 D/RILJ    ( 2923): [0131]> IMS_REGISTRATION_STATE [PHONE0]
11-28 00:35:15.510 D/GsmCdmaPhone( 2923): [0] Event EVENT_RADIO_ON Received
11-28 00:35:15.510 D/RILJ    ( 2923): [0132]> VOICE_RADIO_TECH [PHONE0]
11-28 00:35:15.510 D/SSCtr   ( 2923): onDeviceIdleStateChanged isDeviceIdle=false
11-28 00:35:15.512 D/RILJ    ( 2923): [0133]> SET_UNSOLICITED_RESPONSE_FILTER 127 [PHONE0]
11-28 00:35:15.512 D/RILJ    ( 2923): [0134]> GET_BARRING_INFO [PHONE0]
11-28 00:35:15.512 D/DRM-0   ( 2923): Remove all retry and throttling entries, reason=RADIO_ON
11-28 00:35:15.513 D/PhoneSwitcher( 2923): evaluating due to EVENT_RADIO_ON
11-28 00:35:15.513 D/PhoneSwitcher( 2923): sendRilCommands: setPreferredDataModem - phoneId: 0
11-28 00:35:15.513 D/RadioConfig( 2923): [0135]> SET_PREFERRED_DATA_MODEM 0
11-28 00:35:15.513 D/SST     ( 2923): [0] pollState: modemTriggered=true, radioState=1
11-28 00:35:15.514 D/RILJ    ( 2923): [0134]< GET_BARRING_INFO error 6 [PHONE0]
11-28 00:35:15.514 D/RILJ    ( 2923): [0136]> OPERATOR [PHONE0]
11-28 00:35:15.514 D/RilRequest( 2923): [0134]< GET_BARRING_INFO error: com.android.internal.telephony.CommandException: REQUEST_NOT_SUPPORTED ret=BarringInfo {mCellIdentity=null, mBarringServiceInfos={}} result=null
11-28 00:35:15.518 D/RILJ    ( 2923): [0137]> QUERY_NETWORK_SELECTION_MODE [PHONE0]
11-28 00:35:15.519 D/RILJ    ( 2923): [0138]> DATA_REGISTRATION_STATE [PHONE0]
11-28 00:35:15.519 D/RILJ    ( 2923): getDataRegistrationState: overrideHalVersion=null [PHONE0]
11-28 00:35:15.521 D/RILC    ( 1712): RadioImpl_1_5::getDataRegistrationState_1_5: serial 138
11-28 00:35:15.521 D/RILJ    ( 2923): [0139]> SET_SIGNAL_STRENGTH_REPORTING_CRITERIA [PHONE0]
11-28 00:35:15.522 D/SSCtr   ( 2923): setSignalStrengthReportingCriteria consolidatedSignalThresholdInfos=[SignalThresholdInfo{mRan=1 mSignalMeasurementType=1 mHysteresisMs=3000 mHysteresisDb=2 mThresholds=[-107, -103, -97, -89] mIsEnabled=true}, SignalThresholdInfo{mRan=2 mSignalMeasurementType=2 mHysteresisMs=3000 mHysteresisDb=2 mThresholds=[-115, -105, -95, -85] mIsEnabled=true}, SignalThresholdInfo{mRan=3 mSignalMeasurementType=3 mHysteresisMs=3000 mHysteresisDb=2 mThresholds=[-128, -118, -108, -98] mIsEnabled=true}, SignalThresholdInfo{mRan=3 mSignalMeasurementType=4 mHysteresisMs=3000 mHysteresisDb=2 mThresholds=[] mIsEnabled=false}, SignalThresholdInfo{mRan=3 mSignalMeasurementType=5 mHysteresisMs=3000 mHysteresisDb=2 mThresholds=[] mIsEnabled=false}, SignalThresholdInfo{mRan=6 mSignalMeasurementType=6 mHysteresisMs=3000 mHysteresisDb=2 mThresholds=[-110, -90, -80, -65] mIsEnabled=true}, SignalThresholdInfo{mRan=6 mSignalMeasurementType=7 mHysteresisMs=3000 mHysteresisDb=2 mThresholds=[] mIsEnabled=false}, SignalThresholdInfo{mRan=6 mSignalMeasurementType=8 mHysteresisMs=3000 mHysteresisDb=2 mThresholds=[] mIsEnabled=false}, SignalThresholdInfo{mRan=2 mSignalMeasurementType=9 mHysteresisMs=3000 mHysteresisDb=2 mThresholds=[] mIsEnabled=false}]
11-28 00:35:15.523 D/RILJ    ( 2923): [0140]> VOICE_REGISTRATION_STATE [PHONE0]
11-28 00:35:15.524 D/RILJ    ( 2923): getVoiceRegistrationState: overrideHalVersion=null [PHONE0]
11-28 00:35:15.525 D/RILJ    ( 2923): [0128]< DATA_REGISTRATION_STATE {.regState = NOT_REG_MT_SEARCHING_OP, .rat = UNKNOWN, .reasonForDenial = NONE, .cellIdentity = {.noinit = {}}, .registeredPlmn = , .accessTechnologySpecificInfo = {.noinit = {}}} [PHONE0]
11-28 00:35:15.525 D/CellularNetworkService( 2923): No access tech specific info passes for RegStateResult
11-28 00:35:15.525 D/RILJ    ( 2923): [0138]< DATA_REGISTRATION_STATE {.regState = NOT_REG_MT_SEARCHING_OP, .rat = UNKNOWN, .reasonForDenial = NONE, .cellIdentity = {.noinit = {}}, .registeredPlmn = , .accessTechnologySpecificInfo = {.noinit = {}}} [PHONE0]
11-28 00:35:15.525 D/NRM-C-0 ( 2923): onRequestNetworkRegistrationInfoComplete result: 0, info: NetworkRegistrationInfo{ domain=PS transportType=WWAN registrationState=NOT_REG_SEARCHING networkRegistrationState=NOT_REG_SEARCHING roamingType=NOT_ROAMING accessNetworkTechnology=UNKNOWN rejectCause=0 emergencyEnabled=false availableServices=[] cellIdentity=null voiceSpecificInfo=null dataSpecificInfo=android.telephony.DataSpecificRegistrationInfo :{ maxDataCalls = 16 isDcNrRestricted = false isNrAvailable = false isEnDcAvailable = false mLteAttachResultType = 0 mLteAttachExtraInfo = 0 LteVopsSupportInfo :  mVopsSupport = 1 mEmcBearerSupport = 1 } nrState=**** rRplmn= isUsingCarrierAggregation=false isNonTerrestrialNetwork=TERRESTRIAL}
11-28 00:35:15.525 D/CellularNetworkService( 2923): No access tech specific info passes for RegStateResult
11-28 00:35:15.525 D/NRM-C-0 ( 2923): onRequestNetworkRegistrationInfoComplete result: 0, info: NetworkRegistrationInfo{ domain=PS transportType=WWAN registrationState=NOT_REG_SEARCHING networkRegistrationState=NOT_REG_SEARCHING roamingType=NOT_ROAMING accessNetworkTechnology=UNKNOWN rejectCause=0 emergencyEnabled=false availableServices=[] cellIdentity=null voiceSpecificInfo=null dataSpecificInfo=android.telephony.DataSpecificRegistrationInfo :{ maxDataCalls = 16 isDcNrRestricted = false isNrAvailable = false isEnDcAvailable = false mLteAttachResultType = 0 mLteAttachExtraInfo = 0 LteVopsSupportInfo :  mVopsSupport = 1 mEmcBearerSupport = 1 } nrState=**** rRplmn= isUsingCarrierAggregation=false isNonTerrestrialNetwork=TERRESTRIAL}
11-28 00:35:15.526 D/DNC-0   ( 2923): Re-evaluating 35 unsatisfied network requests in 4 groups, [INTERNET|TRUSTED|NOT_VPN|NOT_VCN_MANAGED]-SATELLITE, [INTERNET|NOT_RESTRICTED|TRUSTED|NOT_VCN_MANAGED|NOT_BANDWIDTH_CONSTRAINED]-, [INTERNET|NOT_RESTRICTED|TRUSTED|NOT_VPN|NOT_VCN_MANAGED|NOT_BANDWIDTH_CONSTRAINED]-, [INTERNET|NOT_RESTRICTED|TRUSTED|NOT_VPN|NOT_VCN_MANAGED|NOT_BANDWIDTH_CONSTRAINED]-CELLULAR due to DATA_ENABLED_CHANGED
11-28 00:35:15.526 D/RILC    ( 1712): RadioImpl_1_5::getVoiceRegistrationState_1_5: serial 140
11-28 00:35:15.528 D/DPM-0   ( 2923): Can't find any data profile that can satisfy [NetworkRequest [ REQUEST id=12, [ Transports: SATELLITE Capabilities: INTERNET&TRUSTED&NOT_VPN&NOT_VCN_MANAGED Uid: 10613 UnderlyingNetworks: Null] ], mPriority=20, state=UNSATISFIED, mAttachedDataNetwork=null, created time=00:35:14.179, evaluation result=Data evaluation: evaluation reason:NEW_REQUEST, Data disallowed reasons: NOT_IN_SERVICE SERVICE_OPTION_NOT_SUPPORTED NO_SUITABLE_DATA_PROFILE DATA_CONFIG_NOT_READY RADIO_POWER_OFF SIM_NOT_READY DATA_NETWORK_TRANSPORT_NOT_ALLOWED, candidate profile=null, time=00:35:15.230]
11-28 00:35:15.528 D/RILJ    ( 2923): [0129]< GET_CURRENT_CALLS {} [PHONE0]
11-28 00:35:15.528 D/DPM-0   ( 2923): Unable to find a data profile for [NetworkRequest [ REQUEST id=12, [ Transports: SATELLITE Capabilities: INTERNET&TRUSTED&NOT_VPN&NOT_VCN_MANAGED Uid: 10613 UnderlyingNetworks: Null] ], mPriority=20, state=UNSATISFIED, mAttachedDataNetwork=null, created time=00:35:14.179, evaluation result=Data evaluation: evaluation reason:NEW_REQUEST, Data disallowed reasons: NOT_IN_SERVICE SERVICE_OPTION_NOT_SUPPORTED NO_SUITABLE_DATA_PROFILE DATA_CONFIG_NOT_READY RADIO_POWER_OFF SIM_NOT_READY DATA_NETWORK_TRANSPORT_NOT_ALLOWED, candidate profile=null, time=00:35:15.230]
11-28 00:35:15.528 D/DNC-0   ( 2923): Data evaluation: evaluation reason:DATA_ENABLED_CHANGED, Data disallowed reasons: NOT_IN_SERVICE SERVICE_OPTION_NOT_SUPPORTED NO_SUITABLE_DATA_PROFILE DATA_CONFIG_NOT_READY SIM_NOT_READY DATA_NETWORK_TRANSPORT_NOT_ALLOWED, candidate profile=null, time=00:35:15.528, network type=UNKNOWN, reg state=UNKNOWN, [NetworkRequest [ REQUEST id=12, [ Transports: SATELLITE Capabilities: INTERNET&TRUSTED&NOT_VPN&NOT_VCN_MANAGED Uid: 10613 UnderlyingNetworks: Null] ], mPriority=20, state=UNSATISFIED, mAttachedDataNetwork=null, created time=00:35:14.179, evaluation result=Data evaluation: evaluation reason:DATA_ENABLED_CHANGED, Data disallowed reasons: NOT_IN_SERVICE SERVICE_OPTION_NOT_SUPPORTED NO_SUITABLE_DATA_PROFILE DATA_CONFIG_NOT_READY SIM_NOT_READY DATA_NETWORK_TRANSPORT_NOT_ALLOWED, candidate profile=null, time=00:35:15.528]
11-28 00:35:15.529 D/NRM-I-1 ( 2923): onNetworkStateChanged
11-28 00:35:15.529 D/DPM-0   ( 2923): Can't find any data profile that can satisfy [NetworkRequest [ REQUEST id=65, [ Capabilities: INTERNET&NOT_RESTRICTED&TRUSTED&NOT_VCN_MANAGED&NOT_BANDWIDTH_CONSTRAINED Uid: 1073 RequestorUid: 1073 RequestorPkg: com.android.networkstack UnderlyingNetworks: Null] ], mPriority=20, state=UNSATISFIED, mAttachedDataNetwork=null, created time=00:35:14.183, evaluation result=Data evaluation: evaluation reason:NEW_REQUEST, Data disallowed reasons: NOT_IN_SERVICE SERVICE_OPTION_NOT_SUPPORTED NO_SUITABLE_DATA_PROFILE DATA_CONFIG_NOT_READY RADIO_POWER_OFF SIM_NOT_READY, candidate profile=null, time=00:35:15.230]
11-28 00:35:15.529 D/DPM-0   ( 2923): Unable to find a data profile for [NetworkRequest [ REQUEST id=65, [ Capabilities: INTERNET&NOT_RESTRICTED&TRUSTED&NOT_VCN_MANAGED&NOT_BANDWIDTH_CONSTRAINED Uid: 1073 RequestorUid: 1073 RequestorPkg: com.android.networkstack UnderlyingNetworks: Null] ], mPriority=20, state=UNSATISFIED, mAttachedDataNetwork=null, created time=00:35:14.183, evaluation result=Data evaluation: evaluation reason:NEW_REQUEST, Data disallowed reasons: NOT_IN_SERVICE SERVICE_OPTION_NOT_SUPPORTED NO_SUITABLE_DATA_PROFILE DATA_CONFIG_NOT_READY RADIO_POWER_OFF SIM_NOT_READY, candidate profile=null, time=00:35:15.230]
11-28 00:35:15.529 D/DNC-0   ( 2923): Data evaluation: evaluation reason:DATA_ENABLED_CHANGED, Data disallowed reasons: NOT_IN_SERVICE SERVICE_OPTION_NOT_SUPPORTED NO_SUITABLE_DATA_PROFILE DATA_CONFIG_NOT_READY SIM_NOT_READY, candidate profile=null, time=00:35:15.529, network type=UNKNOWN, reg state=UNKNOWN, [NetworkRequest [ REQUEST id=65, [ Capabilities: INTERNET&NOT_RESTRICTED&TRUSTED&NOT_VCN_MANAGED&NOT_BANDWIDTH_CONSTRAINED Uid: 1073 RequestorUid: 1073 RequestorPkg: com.android.networkstack UnderlyingNetworks: Null] ], mPriority=20, state=UNSATISFIED, mAttachedDataNetwork=null, created time=00:35:14.182, evaluation result=Data evaluation: evaluation reason:DATA_ENABLED_CHANGED, Data disallowed reasons: NOT_IN_SERVICE SERVICE_OPTION_NOT_SUPPORTED NO_SUITABLE_DATA_PROFILE DATA_CONFIG_NOT_READY SIM_NOT_READY, candidate profile=null, time=00:35:15.529]
11-28 00:35:15.530 D/DPM-0   ( 2923): Can't find any data profile that can satisfy [NetworkRequest [ REQUEST id=1, [ Capabilities: INTERNET&NOT_RESTRICTED&TRUSTED&NOT_VPN&NOT_VCN_MANAGED&NOT_BANDWIDTH_CONSTRAINED RequestorUid: 1000 RequestorPkg: android UnderlyingNetworks: Null] ], mPriority=20, state=UNSATISFIED, mAttachedDataNetwork=null, created time=00:35:14.184, evaluation result=Data evaluation: evaluation reason:NEW_REQUEST, Data disallowed reasons: NOT_IN_SERVICE SERVICE_OPTION_NOT_SUPPORTED NO_SUITABLE_DATA_PROFILE DATA_CONFIG_NOT_READY RADIO_POWER_OFF SIM_NOT_READY, candidate profile=null, time=00:35:15.231]
11-28 00:35:15.530 D/DPM-0   ( 2923): Unable to find a data profile for [NetworkRequest [ REQUEST id=1, [ Capabilities: INTERNET&NOT_RESTRICTED&TRUSTED&NOT_VPN&NOT_VCN_MANAGED&NOT_BANDWIDTH_CONSTRAINED RequestorUid: 1000 RequestorPkg: android UnderlyingNetworks: Null] ], mPriority=20, state=UNSATISFIED, mAttachedDataNetwork=null, created time=00:35:14.184, evaluation result=Data evaluation: evaluation reason:NEW_REQUEST, Data disallowed reasons: NOT_IN_SERVICE SERVICE_OPTION_NOT_SUPPORTED NO_SUITABLE_DATA_PROFILE DATA_CONFIG_NOT_READY RADIO_POWER_OFF SIM_NOT_READY, candidate profile=null, time=00:35:15.231]
11-28 00:35:15.530 D/DNC-0   ( 2923): Data evaluation: evaluation reason:DATA_ENABLED_CHANGED, Data disallowed reasons: NOT_IN_SERVICE SERVICE_OPTION_NOT_SUPPORTED NO_SUITABLE_DATA_PROFILE DATA_CONFIG_NOT_READY SIM_NOT_READY, candidate profile=null, time=00:35:15.530, network type=UNKNOWN, reg state=UNKNOWN, [NetworkRequest [ REQUEST id=1, [ Capabilities: INTERNET&NOT_RESTRICTED&TRUSTED&NOT_VPN&NOT_VCN_MANAGED&NOT_BANDWIDTH_CONSTRAINED RequestorUid: 1000 RequestorPkg: android UnderlyingNetworks: Null] ], mPriority=20, state=UNSATISFIED, mAttachedDataNetwork=null, created time=00:35:14.184, evaluation result=Data evaluation: evaluation reason:DATA_ENABLED_CHANGED, Data disallowed reasons: NOT_IN_SERVICE SERVICE_OPTION_NOT_SUPPORTED NO_SUITABLE_DATA_PROFILE DATA_CONFIG_NOT_READY SIM_NOT_READY, candidate profile=null, time=00:35:15.530]
11-28 00:35:15.531 D/DPM-0   ( 2923): Can't find any data profile that can satisfy [NetworkRequest [ BACKGROUND_REQUEST id=2, [ Transports: CELLULAR Capabilities: INTERNET&NOT_RESTRICTED&TRUSTED&NOT_VPN&NOT_VCN_MANAGED&NOT_BANDWIDTH_CONSTRAINED RequestorUid: 1000 RequestorPkg: android UnderlyingNetworks: Null] ], mPriority=20, state=UNSATISFIED, mAttachedDataNetwork=null, created time=00:35:14.181, evaluation result=Data evaluation: evaluation reason:NEW_REQUEST, Data disallowed reasons: NOT_IN_SERVICE SERVICE_OPTION_NOT_SUPPORTED NO_SUITABLE_DATA_PROFILE DATA_CONFIG_NOT_READY RADIO_POWER_OFF SIM_NOT_READY, candidate profile=null, time=00:35:15.233]
11-28 00:35:15.531 D/DPM-0   ( 2923): Unable to find a data profile for [NetworkRequest [ BACKGROUND_REQUEST id=2, [ Transports: CELLULAR Capabilities: INTERNET&NOT_RESTRICTED&TRUSTED&NOT_VPN&NOT_VCN_MANAGED&NOT_BANDWIDTH_CONSTRAINED RequestorUid: 1000 RequestorPkg: android UnderlyingNetworks: Null] ], mPriority=20, state=UNSATISFIED, mAttachedDataNetwork=null, created time=00:35:14.181, evaluation result=Data evaluation: evaluation reason:NEW_REQUEST, Data disallowed reasons: NOT_IN_SERVICE SERVICE_OPTION_NOT_SUPPORTED NO_SUITABLE_DATA_PROFILE DATA_CONFIG_NOT_READY RADIO_POWER_OFF SIM_NOT_READY, candidate profile=null, time=00:35:15.233]
11-28 00:35:15.531 D/DNC-0   ( 2923): Data evaluation: evaluation reason:DATA_ENABLED_CHANGED, Data disallowed reasons: NOT_IN_SERVICE SERVICE_OPTION_NOT_SUPPORTED NO_SUITABLE_DATA_PROFILE DATA_CONFIG_NOT_READY SIM_NOT_READY, candidate profile=null, time=00:35:15.531, network type=UNKNOWN, reg state=UNKNOWN, [NetworkRequest [ BACKGROUND_REQUEST id=2, [ Transports: CELLULAR Capabilities: INTERNET&NOT_RESTRICTED&TRUSTED&NOT_VPN&NOT_VCN_MANAGED&NOT_BANDWIDTH_CONSTRAINED RequestorUid: 1000 RequestorPkg: android UnderlyingNetworks: Null] ], mPriority=20, state=UNSATISFIED, mAttachedDataNetwork=null, created time=00:35:14.181, evaluation result=Data evaluation: evaluation reason:DATA_ENABLED_CHANGED, Data disallowed reasons: NOT_IN_SERVICE SERVICE_OPTION_NOT_SUPPORTED NO_SUITABLE_DATA_PROFILE DATA_CONFIG_NOT_READY SIM_NOT_READY, candidate profile=null, time=00:35:15.531]
11-28 00:35:15.531 D/SST     ( 2923): [1] EVENT_POLL_STATE_NETWORK_SELECTION_MODE
11-28 00:35:15.532 D/TNP     ( 2923): onNetworkNeeded: phoneId=0, [NetworkRequest [ REQUEST id=98, [ Capabilities: INTERNET&NOT_RESTRICTED&TRUSTED&NOT_VCN_MANAGED&NOT_BANDWIDTH_CONSTRAINED Uid: 10659 RequestorUid: 10678 RequestorPkg: com.android.systemui UnderlyingNetworks: Null] ], mPriority=0, state=UNSATISFIED, mAttachedDataNetwork=null, created time=00:35:15.532, evaluation result=null]
11-28 00:35:15.532 D/GsmCdmaPhone( 2923): [1] EVENT EVENT_RADIO_STATE_CHANGED
11-28 00:35:15.532 D/GsmCdmaPhone( 2923): handleRadioPowerStateChange, state= 1
11-28 00:35:15.533 D/SST     ( 2923): [1] setPowerStateToDesired: mDeviceShuttingDown=false, mDesiredPowerState=true, getRadioState=1, mRadioPowerOffReasons=[], IMS reg state=false, pending radio off=false
11-28 00:35:15.533 D/SST     ( 2923): [1] pollState: modemTriggered=true, radioState=1
11-28 00:35:15.535 D/RILJ    ( 2923): [0141]> OPERATOR [PHONE1]
11-28 00:35:15.536 D/RILJ    ( 2923): [0142]> QUERY_NETWORK_SELECTION_MODE [PHONE1]
11-28 00:35:15.537 D/RILJ    ( 2923): [0143]> DATA_REGISTRATION_STATE [PHONE1]
11-28 00:35:15.537 D/RILJ    ( 2923): getDataRegistrationState: overrideHalVersion=null [PHONE1]
11-28 00:35:15.537 D/RILC    ( 1815): RadioImpl_1_5::getDataRegistrationState_1_5: serial 143
11-28 00:35:15.537 D/RILJ    ( 2923): [0145]> VOICE_REGISTRATION_STATE [PHONE1]
11-28 00:35:15.537 D/RILJ    ( 2923): getVoiceRegistrationState: overrideHalVersion=null [PHONE1]
11-28 00:35:15.537 D/RILC    ( 1815): RadioImpl_1_5::getVoiceRegistrationState_1_5: serial 145
11-28 00:35:15.537 D/RILJ    ( 2923): [0144]> GET_CURRENT_CALLS [PHONE1]
11-28 00:35:15.538 D/RILJ    ( 2923): [0146]> IMS_REGISTRATION_STATE [PHONE1]
11-28 00:35:15.538 D/GsmCdmaPhone( 2923): [1] Event EVENT_RADIO_ON Received
11-28 00:35:15.539 D/RILJ    ( 2923): [0147]> VOICE_RADIO_TECH [PHONE1]
11-28 00:35:15.539 D/SSCtr   ( 2923): onDeviceIdleStateChanged isDeviceIdle=false
11-28 00:35:15.540 D/RILJ    ( 2923): [0148]> SET_UNSOLICITED_RESPONSE_FILTER 127 [PHONE1]
11-28 00:35:15.540 D/RILJ    ( 2923): [0149]> GET_BARRING_INFO [PHONE1]
11-28 00:35:15.540 D/DRM-1   ( 2923): Remove all retry and throttling entries, reason=RADIO_ON
11-28 00:35:15.540 D/SST     ( 2923): [1] pollState: modemTriggered=true, radioState=1
11-28 00:35:15.540 D/RILJ    ( 2923): [0149]< GET_BARRING_INFO error 6 [PHONE1]
11-28 00:35:15.541 D/RilRequest( 2923): [0149]< GET_BARRING_INFO error: com.android.internal.telephony.CommandException: REQUEST_NOT_SUPPORTED ret=BarringInfo {mCellIdentity=null, mBarringServiceInfos={}} result=null
11-28 00:35:15.541 D/RILJ    ( 2923): [0150]> OPERATOR [PHONE1]
11-28 00:35:15.541 D/RILJ    ( 2923): [0151]> QUERY_NETWORK_SELECTION_MODE [PHONE1]
11-28 00:35:15.541 D/SST     ( 2923): [0] EVENT_POLL_STATE_NETWORK_SELECTION_MODE
11-28 00:35:15.541 D/PinStorage( 2923): SIM card/application changed[0]: PIN_REQUIRED
11-28 00:35:15.542 D/DNC-0   ( 2923): onSimStateChanged: state=PIN_REQUIRED
11-28 00:35:15.542 D/RILJ    ( 2923): [0152]> DATA_REGISTRATION_STATE [PHONE1]
11-28 00:35:15.542 D/RILJ    ( 2923): getDataRegistrationState: overrideHalVersion=null [PHONE1]
11-28 00:35:15.542 D/UiccProfile( 2923): handleMessage: Received CARRIER_PRIVILEGES_LOADED for phoneId 0
11-28 00:35:15.543 D/RILC    ( 1815): RadioImpl_1_5::getDataRegistrationState_1_5: serial 152
11-28 00:35:15.543 D/RILJ    ( 2923): [0153]> VOICE_REGISTRATION_STATE [PHONE1]
11-28 00:35:15.543 D/RILJ    ( 2923): getVoiceRegistrationState: overrideHalVersion=null [PHONE1]
11-28 00:35:15.543 D/RILC    ( 1815): RadioImpl_1_5::getVoiceRegistrationState_1_5: serial 153
11-28 00:35:15.547 D/UiccProfile( 2923): setExternalState: !override and newstate unchanged from PIN_REQUIRED
11-28 00:35:15.548 D/CarrierSignalAgent( 2923): [1]Loading carrier config: carrier_app_wake_signal_config
11-28 00:35:15.548 D/CarrierSignalAgent( 2923): [1]Loading carrier config: carrier_app_no_wake_signal_config
11-28 00:35:15.548 E/SSCtr   ( 2923): Invalid parameters for NR RSRP boost
11-28 00:35:15.549 D/RILJ    ( 2923): [0154]> SET_SIGNAL_STRENGTH_REPORTING_CRITERIA [PHONE1]
11-28 00:35:15.549 D/SSCtr   ( 2923): setSignalStrengthReportingCriteria consolidatedSignalThresholdInfos=[SignalThresholdInfo{mRan=1 mSignalMeasurementType=1 mHysteresisMs=3000 mHysteresisDb=2 mThresholds=[-107, -103, -97, -89] mIsEnabled=true}, SignalThresholdInfo{mRan=2 mSignalMeasurementType=2 mHysteresisMs=3000 mHysteresisDb=2 mThresholds=[-115, -105, -95, -85] mIsEnabled=true}, SignalThresholdInfo{mRan=3 mSignalMeasurementType=3 mHysteresisMs=3000 mHysteresisDb=2 mThresholds=[-128, -118, -108, -98] mIsEnabled=true}, SignalThresholdInfo{mRan=3 mSignalMeasurementType=4 mHysteresisMs=3000 mHysteresisDb=2 mThresholds=[] mIsEnabled=false}, SignalThresholdInfo{mRan=3 mSignalMeasurementType=5 mHysteresisMs=3000 mHysteresisDb=2 mThresholds=[] mIsEnabled=false}, SignalThresholdInfo{mRan=6 mSignalMeasurementType=6 mHysteresisMs=3000 mHysteresisDb=2 mThresholds=[-110, -90, -80, -65] mIsEnabled=true}, SignalThresholdInfo{mRan=6 mSignalMeasurementType=7 mHysteresisMs=3000 mHysteresisDb=2 mThresholds=[] mIsEnabled=false}, SignalThresholdInfo{mRan=6 mSignalMeasurementType=8 mHysteresisMs=3000 mHysteresisDb=2 mThresholds=[] mIsEnabled=false}, SignalThresholdInfo{mRan=2 mSignalMeasurementType=9 mHysteresisMs=3000 mHysteresisDb=2 mThresholds=[] mIsEnabled=false}]
11-28 00:35:15.550 D/SST     ( 2923): [1] CarrierConfigChange PersistableBundle[{imsvoice.voice_on_default_bearer_supported_bool=false, imsvoice.rtp_inactivity_time_threshold_millis_long=5000, imsss.ut_transport_type_int=1, imsemergency.emergency_call_setup_timer_on_current_network_sec_int=0, carrier_volte_provisioned_bool=false, support_cdma_1x_voice_calls_bool=true, support_ss_over_cdma_bool=false, disable_charge_indication_bool=false, ims.sip_timer_t4_millis_int=17000, support_tdscdma_bool=false, httpSocketTimeout=60000, allowed_initial_attach_apn_types_string_array=[ia, default], disable_supplementary_services_in_airplane_mode_bool=false, call_barring_default_service_class_int=1, call_redirection_service_component_name_string=null, carrier_wfc_supports_wifi_only_bool=false, carrier_default_actions_on_default_network_available_string_array=[false: 7, true: 8], imsvoice.minimum_session_expires_timer_sec_int=90, vonr_on_by_default_bool=true, iwlan_handover_policy_string_array=[source=GERAN|UTRAN|EUTRAN|NGRAN|IWLAN, target=GERAN|UTRAN|EUTRAN|NGRAN|IWLAN, type=allowed], operator_selection_expand_bool=true, disable_cdma_activation_code_bool=false, simplified_network_settings_bool=false, imsemergency.emergency_registration_timer_millis_int=10000, call_forwarding_when_unanswered_supported_bool=true, imsvt.h264_payload_description_bundle=PersistableBundle[{99=PersistableBundle[{}], 100=PersistableBundle[{imsvt.video_codec_attribute_packetization_mode_int=0}]}], support_tdscdma_roaming_networks_string_array=null, opportunistic.5g_data_switch_hysteresis_time_long=2000, ims.sip_timer_d_millis_int=130000, gps.lpp_profile=2, call_barring_visibility_bool=true, gba_mode_int=1, ims.registration_subscribe_expiry_timer_sec_int=600000, gps.es_extension_sec=0, enable_apps_string_array=null, 5g_icon_display_secondary_grace_period_string=, carrier_default_wfc_ims_roaming_enabled_bool=false, cdma_nonroaming_networks_string_array=null, imsss.ut_as_server_fqdn_string=, imsemergency.emergency_lte_preferred_after_nr_failed_bool=false, signal_strength_nr_nsa_use_lte_as_primary_bool=true, 5g_ultra_wideband_icon_nsa_band_mode=2147483647, aliasMinChars=2, fdn_number_length_limit_int=20, support_ims_call_forwarding_while_roaming_bool=true, wfc_data_spn_format_idx_int=0, hide_sim_lock_settings_bool=false, premium_capability_network_setup_time_millis_long=300000, satellite_esos_supported_bool=false, drop_video_call_when_answering_audio_call_bool=false, data_stall_recovery_timers_long_array=[180000, 180000, 180000, 180000], satellite_connection_hysteresis_sec_int=180, opportunistic_esim_download_via_wifi_only_bool=false, imsss.xcap_over_ut_supported_rats_int_array=[3, 5, 6], ci_action_on_sys_update_bool=false, carrier_certificate_string_array=[], convert_cdma_caller_id_mmi_codes_while_roaming_on_3gpp_bool=false, support_enhanced_call_blocking_bool=true, iwlan.ike_rekey_hard_timer_in_sec=14400, vvm_port_number_int=0, premium_capability_notification_display_timeout_millis_long=1800000, wifi_connectivity_extend_cell_delay=-1, imsemergency.emergency_requires_ims_registration_bool=false, carrier_default_wfc_ims_enabled_bool=false, iwlan.ike_session_encryption_aes_ctr_key_size_int_array=[128, 192, 256], dial_string_replace_string_array=null, opportunistic_network_entry_threshold_bandwidth_int=1024, imsemergency.emergency_requires_volte_enabled_bool=false, opportunistic_network_data_switch_exit_hysteresis_time_long=3000, imsss.use_csfb_on_xcap_over_ut_failure_bool=true, gsm_nonroaming_networks_string_array=null, imsserviceentitlement.ims_provisioning_bool=false, wifi.avoid_5ghz_softap_for_laa_bool=false, hide_ims_apn_bool=false, carrier_network_service_wlan_class_override_string=, vvm_destination_number_string=, ims.ipsec_encryption_algorithms_int_array=[0, 1, 2], opportunistic.5g_backoff_time_long=10000, enable_cross_sim_calling_on_opportunistic_data_bool=false, vonr_setting_visibility_bool=true, imssms.sms_over_ims_supported_bool=true, dtmf_type_enabled_bool=false, ims.sip_timer_f_millis_int=128000, allow_video_calling_fallback_bool=true, nr_advanced_threshold_
11-28 00:35:15.550 E/Phone-1 ( 2923): getCallForwardingIndicatorFromSharedPref: invalid subId -1
11-28 00:35:15.550 E/Phone-1 ( 2923): getCallForwardingIndicatorFromSharedPref: invalid subId -1
11-28 00:35:15.550 V/Phone-1 ( 2923): getCallForwardingIndicator: iccForwardingFlag=null, sharedPrefFlag=0
11-28 00:35:15.550 D/DefaultPhoneNotifier( 2923): notifyCallForwardingChanged: subId=-1, isCFActive=false
11-28 00:35:15.550 E/Phone-1 ( 2923): getCallForwardingIndicatorFromSharedPref: invalid subId -1
11-28 00:35:15.550 E/Phone-1 ( 2923): getCallForwardingIndicatorFromSharedPref: invalid subId -1
11-28 00:35:15.550 V/Phone-1 ( 2923): getCallForwardingIndicator: iccForwardingFlag=null, sharedPrefFlag=0
11-28 00:35:15.550 D/SST     ( 2923): [1] pollState: modemTriggered=false, radioState=1
11-28 00:35:15.551 D/RILJ    ( 2923): [0155]> OPERATOR [PHONE1]
11-28 00:35:15.552 D/RILJ    ( 2923): [0156]> DATA_REGISTRATION_STATE [PHONE1]
11-28 00:35:15.553 D/RILJ    ( 2923): getDataRegistrationState: overrideHalVersion=null [PHONE1]
11-28 00:35:15.553 D/RILC    ( 1815): RadioImpl_1_5::getDataRegistrationState_1_5: serial 156
11-28 00:35:15.553 D/RILJ    ( 2923): [0157]> QUERY_NETWORK_SELECTION_MODE [PHONE1]
11-28 00:35:15.553 D/RILJ    ( 2923): [0158]> VOICE_REGISTRATION_STATE [PHONE1]
11-28 00:35:15.553 D/RILJ    ( 2923): getVoiceRegistrationState: overrideHalVersion=null [PHONE1]
11-28 00:35:15.553 D/NRM-I-1 ( 2923): Carrier config changed. Try to bind network service.
11-28 00:35:15.553 D/RILC    ( 1815): RadioImpl_1_5::getVoiceRegistrationState_1_5: serial 158
11-28 00:35:15.554 D/NRM-I-1 ( 2923): Service vendor.qti.iwlan already bound or being bound.
11-28 00:35:15.554 D/CSST    ( 2923): onCarrierConfigChanged: slotIndex=1, subId=-1, carrierId=-1
11-28 00:35:15.554 I/CSST    ( 2923): reading time to delay notification pref network: -1
11-28 00:35:15.554 I/CSST    ( 2923): reading enabled notification pref network: true
11-28 00:35:15.554 I/CSST    ( 2923): reading time to delay notification emergency: -1
11-28 00:35:15.555 D/Phone-1 ( 2923): [1] SubId-1,get allowed network types user: value = GPRS|EDGE|UMTS|CDMA|CDMA - EvDo rev. 0|CDMA - EvDo rev. A|CDMA - 1xRTT|HSDPA|HSUPA|HSPA|CDMA - EvDo rev. B|LTE|CDMA - eHRPD|HSPA+|GSM|TD_SCDMA|LTE_CA
11-28 00:35:15.555 D/PhoneFactory( 2923): calculatePreferredNetworkType: phoneId = 1 networkType = 392191
11-28 00:35:15.555 D/Phone-0 ( 2923): [0] Allowed network types for 'carrier' reason is changed by carrier config = GPRS|EDGE|UMTS|CDMA|CDMA - EvDo rev. 0|CDMA - EvDo rev. A|CDMA - 1xRTT|HSDPA|HSUPA|HSPA|CDMA - EvDo rev. B|LTE|CDMA - eHRPD|HSPA+|GSM|TD_SCDMA|LTE_CA
11-28 00:35:15.555 D/Phone-0 ( 2923): [0] SubId1,get allowed network types carrier: value = GPRS|EDGE|UMTS|CDMA|CDMA - EvDo rev. 0|CDMA - EvDo rev. A|CDMA - 1xRTT|HSDPA|HSUPA|HSPA|CDMA - EvDo rev. B|LTE|CDMA - eHRPD|HSPA+|GSM|TD_SCDMA|LTE_CA
11-28 00:35:15.555 I/CSST    ( 2923): isNrSupported:  carrierConfigEnabled: true, AccessFamilySupported: true, isNrNetworkTypeAllowed: false
11-28 00:35:15.555 I/CSST    ( 2923): PrefNetworkNotification: sendMessage() w/values: ,true,false,-1,false,true
11-28 00:35:15.555 I/CSST    ( 2923): canceling notifications: 1000
11-28 00:35:15.555 D/Phone-1 ( 2923): isWifiCallingEnabled =false
11-28 00:35:15.555 D/CSST    ( 2923): isPhoneRegisteredForWifiCalling: false
11-28 00:35:15.555 D/Phone-1 ( 2923): isWifiCallingEnabled =false
11-28 00:35:15.555 I/CSST    ( 2923): EmergencyNetworkNotification: sendMessage() w/values: ,-1,false,true
11-28 00:35:15.555 I/CSST    ( 2923): canceling notifications: 1001
11-28 00:35:15.555 D/DSM-I-1 ( 2923): Carrier config changed. Try to bind data service.
11-28 00:35:15.557 E/DSM-I-1 ( 2923): Can't find the binding package
11-28 00:35:15.557 D/DSM-C-1 ( 2923): Carrier config changed. Try to bind data service.
11-28 00:35:15.557 D/DSM-C-1 ( 2923): Service com.android.phone already bound or being bound.
11-28 00:35:15.558 D/DIC-1   ( 2923): Carrier configs updated: PersistableBundle[{carrier_config_applied_bool=false, show_roaming_indicator_bool=true, carrier_config_version_string=}]
11-28 00:35:15.558 D/ImsPhoneCallTracker( 2923): [0] onReceive: Skipping indication for other phoneId: 1
11-28 00:35:15.558 D/NRM-C-1 ( 2923): Carrier config changed. Try to bind network service.
11-28 00:35:15.558 D/NRM-C-1 ( 2923): Service com.android.phone already bound or being bound.
11-28 00:35:15.558 D/ImsPhoneCallTracker( 2923): [1] onReceive: caching carrier config until ImsService connects for subId: -1
11-28 00:35:15.558 D/NetworkTypeController( 2923): [1] LegacyState: process EVENT_CARRIER_CONFIG_CHANGED
11-28 00:35:15.558 D/NetworkTypeController( 2923): [1] Reset timers since NR is not allowed.
11-28 00:35:15.558 D/NetworkTypeController( 2923): [1] DefaultState: process EVENT_CARRIER_CONFIG_CHANGED
11-28 00:35:15.558 D/NetworkTypeController( 2923): [1] mOverrideTimerRules: {connected={mState=connected, mOverrideType=NR_NSA, mPrimaryTimers={}, mSecondaryTimers={}}, not_restricted_rrc_con={mState=not_restricted_rrc_con, mOverrideType=NR_NSA, mPrimaryTimers={}, mSecondaryTimers={}}, legacy={mState=legacy, mOverrideType=NONE, mPrimaryTimers={}, mSecondaryTimers={}}, not_restricted_rrc_idle={mState=not_restricted_rrc_idle, mOverrideType=NR_NSA, mPrimaryTimers={}, mSecondaryTimers={}}, restricted={mState=restricted, mOverrideType=NONE, mPrimaryTimers={}, mSecondaryTimers={}}, connected_mmwave={mState=connected_mmwave, mOverrideType=NR_NSA, mPrimaryTimers={}, mSecondaryTimers={}}, connected_rrc_idle={mState=connected_rrc_idle, mOverrideType=NR_NSA, mPrimaryTimers={}, mSecondaryTimers={}}}
11-28 00:35:15.558 D/NetworkTypeController( 2923): [1] Physical channel configs updated: anchorNrCell=-1, nrBandwidths=0, nrBands=[], configs=null
11-28 00:35:15.558 D/NetworkTypeController( 2923): [1] Reset timers since carrier configurations changed.
11-28 00:35:15.559 D/ANM-1   ( 2923): bind to com.android.qns
11-28 00:35:15.559 E/ANM-1   ( 2923): Cannot bind to the qualified networks service.
11-28 00:35:15.559 D/DCM-1   ( 2923): EVENT_CARRIER_CONFIG_CHANGED
11-28 00:35:15.562 D/DCM-1   ( 2923): Carrier config updated. Config is not carrier specific.
11-28 00:35:15.564 D/GsmCdmaPhone( 2923): [0] EVENT_SUBSCRIPTIONS_CHANGED
