11-28 00:35:15.565 I/NullCipherNotifier( 2923): Ignoring setSubscriptionMapping. Notifier is disabled.
11-28 00:35:15.565 D/GsmCdmaPhone( 2923): [1] EVENT_SUBSCRIPTIONS_CHANGED
11-28 00:35:15.565 I/NullCipherNotifier( 2923): Ignoring setSubscriptionMapping. Notifier is disabled.
11-28 00:35:15.565 D/SST     ( 2923): [0] pollState: modemTriggered=true, radioState=1
11-28 00:35:15.565 D/RILJ    ( 2923): [0159]> OPERATOR [PHONE0]
11-28 00:35:15.566 D/RILJ    ( 2923): [0160]> QUERY_NETWORK_SELECTION_MODE [PHONE0]
11-28 00:35:15.566 D/SST     ( 2923): [1] pollState: modemTriggered=true, radioState=1
11-28 00:35:15.567 D/RILJ    ( 2923): [0161]> DATA_REGISTRATION_STATE [PHONE0]
11-28 00:35:15.567 D/RILJ    ( 2923): getDataRegistrationState: overrideHalVersion=null [PHONE0]
11-28 00:35:15.567 D/RILJ    ( 2923): [0162]> OPERATOR [PHONE1]
11-28 00:35:15.567 D/RILC    ( 1712): RadioImpl_1_5::getDataRegistrationState_1_5: serial 161
11-28 00:35:15.567 D/RILJ    ( 2923): [0163]> VOICE_REGISTRATION_STATE [PHONE0]
11-28 00:35:15.567 D/RILJ    ( 2923): getVoiceRegistrationState: overrideHalVersion=null [PHONE0]
11-28 00:35:15.567 D/RILC    ( 1712): RadioImpl_1_5::getVoiceRegistrationState_1_5: serial 163
11-28 00:35:15.568 D/RILJ    ( 2923): [0164]> QUERY_NETWORK_SELECTION_MODE [PHONE1]
11-28 00:35:15.568 D/RILJ    ( 2923): [0165]> DATA_REGISTRATION_STATE [PHONE1]
11-28 00:35:15.568 D/RILJ    ( 2923): getDataRegistrationState: overrideHalVersion=null [PHONE1]
11-28 00:35:15.568 D/RILC    ( 1815): RadioImpl_1_5::getDataRegistrationState_1_5: serial 165
11-28 00:35:15.569 D/GsmCdmaPhone( 2923): mBroadcastReceiver: action android.telephony.action.CARRIER_CONFIG_CHANGED
11-28 00:35:15.569 D/GsmCdmaPhone( 2923): mBroadcastReceiver: action android.telephony.action.CARRIER_CONFIG_CHANGED
11-28 00:35:15.569 D/RILJ    ( 2923): [0166]> VOICE_REGISTRATION_STATE [PHONE1]
11-28 00:35:15.569 D/RILJ    ( 2923): getVoiceRegistrationState: overrideHalVersion=null [PHONE1]
11-28 00:35:15.569 D/RILC    ( 1815): RadioImpl_1_5::getVoiceRegistrationState_1_5: serial 166
11-28 00:35:15.569 E/ImsStateCallbackController( 2923): onReceive ACTION_CARRIER_CONFIG_CHANGED invalid subId
11-28 00:35:15.570 D/DPM-0   ( 2923): Can't find any data profile that can satisfy [NetworkRequest [ NONE id=0, [ Capabilities: INTERNET&NOT_RESTRICTED&TRUSTED&NOT_VPN&NOT_VCN_MANAGED&NOT_BANDWIDTH_CONSTRAINED Uid: 1001 UnderlyingNetworks: Null] ], mPriority=20, state=UNSATISFIED, mAttachedDataNetwork=null, created time=00:35:15.570, evaluation result=null]
11-28 00:35:15.570 D/DPM-0   ( 2923): Unable to find a data profile for [NetworkRequest [ NONE id=0, [ Capabilities: INTERNET&NOT_RESTRICTED&TRUSTED&NOT_VPN&NOT_VCN_MANAGED&NOT_BANDWIDTH_CONSTRAINED Uid: 1001 UnderlyingNetworks: Null] ], mPriority=20, state=UNSATISFIED, mAttachedDataNetwork=null, created time=00:35:15.570, evaluation result=null]
11-28 00:35:15.571 D/PhoneSwitcher( 2923): onDdsSwitchResponse: DDS switch success on phoneId = 0
11-28 00:35:15.571 D/PhoneSwitcher( 2923): notifyPreferredDataSubIdChanged to 1
11-28 00:35:15.571 D/TelephonyRegistry( 1764): notifyActiveDataSubIdChanged: activeDataSubId=1
11-28 00:35:15.573 D/SST     ( 2923): [1] EVENT_POLL_STATE_NETWORK_SELECTION_MODE
11-28 00:35:15.578 D/Phone-0 ( 2923): isImsCapabilityAvailable, capability=0, regTech=1, isAvailable=false
11-28 00:35:15.578 D/Phone-0 ( 2923): isImsCapabilityAvailable, capability=1, regTech=1, isAvailable=false
11-28 00:35:15.578 D/Phone-0 ( 2923): isImsCapabilityAvailable, capability=2, regTech=1, isAvailable=false
11-28 00:35:15.579 D/Phone-0 ( 2923): getImsRegistrationTechnology =-1
11-28 00:35:15.590 D/RILJ    ( 2923): [0130]< VOICE_REGISTRATION_STATE {.regState = NOT_REG_MT_SEARCHING_OP, .rat = UNKNOWN, .reasonForDenial = NONE, .cellIdentity = {.noinit = {}}, .registeredPlmn = , .accessTechnologySpecificInfo = {.noinit = {}}} [PHONE0]
11-28 00:35:15.590 D/CellularNetworkService( 2923): No access tech specific info passes for RegStateResult
11-28 00:35:15.590 D/NRM-C-0 ( 2923): onRequestNetworkRegistrationInfoComplete result: 0, info: NetworkRegistrationInfo{ domain=CS transportType=WWAN registrationState=NOT_REG_SEARCHING networkRegistrationState=NOT_REG_SEARCHING roamingType=NOT_ROAMING accessNetworkTechnology=UNKNOWN rejectCause=0 emergencyEnabled=false availableServices=[] cellIdentity=null voiceSpecificInfo=VoiceSpecificRegistrationInfo { mCssSupported=false mRoamingIndicator=0 mSystemIsInPrl=0 mDefaultRoamingIndicator=0} dataSpecificInfo=null nrState=**** rRplmn= isUsingCarrierAggregation=false isNonTerrestrialNetwork=TERRESTRIAL}
11-28 00:35:15.590 D/CellularNetworkService( 2923): No access tech specific info passes for RegStateResult
11-28 00:35:15.590 D/NRM-C-0 ( 2923): onRequestNetworkRegistrationInfoComplete result: 0, info: NetworkRegistrationInfo{ domain=CS transportType=WWAN registrationState=NOT_REG_SEARCHING networkRegistrationState=NOT_REG_SEARCHING roamingType=NOT_ROAMING accessNetworkTechnology=UNKNOWN rejectCause=0 emergencyEnabled=false availableServices=[] cellIdentity=null voiceSpecificInfo=VoiceSpecificRegistrationInfo { mCssSupported=false mRoamingIndicator=0 mSystemIsInPrl=0 mDefaultRoamingIndicator=0} dataSpecificInfo=null nrState=**** rRplmn= isUsingCarrierAggregation=false isNonTerrestrialNetwork=TERRESTRIAL}
11-28 00:35:15.590 D/RILJ    ( 2923): [0140]< VOICE_REGISTRATION_STATE {.regState = NOT_REG_MT_SEARCHING_OP, .rat = UNKNOWN, .reasonForDenial = NONE, .cellIdentity = {.noinit = {}}, .registeredPlmn = , .accessTechnologySpecificInfo = {.noinit = {}}} [PHONE0]
11-28 00:35:15.591 D/RILJ    ( 2923): [0163]< VOICE_REGISTRATION_STATE {.regState = NOT_REG_MT_SEARCHING_OP, .rat = UNKNOWN, .reasonForDenial = NONE, .cellIdentity = {.noinit = {}}, .registeredPlmn = , .accessTechnologySpecificInfo = {.noinit = {}}} [PHONE0]
11-28 00:35:15.591 D/RILJ    ( 2923): [0131]< IMS_REGISTRATION_STATE {0, 1} [PHONE0]
11-28 00:35:15.591 D/RILJ    ( 2923): [0132]< VOICE_RADIO_TECH {3} [PHONE0]
11-28 00:35:15.592 D/CellularNetworkService( 2923): No access tech specific info passes for RegStateResult
11-28 00:35:15.592 D/NRM-C-0 ( 2923): onRequestNetworkRegistrationInfoComplete result: 0, info: NetworkRegistrationInfo{ domain=CS transportType=WWAN registrationState=NOT_REG_SEARCHING networkRegistrationState=NOT_REG_SEARCHING roamingType=NOT_ROAMING accessNetworkTechnology=UNKNOWN rejectCause=0 emergencyEnabled=false availableServices=[] cellIdentity=null voiceSpecificInfo=VoiceSpecificRegistrationInfo { mCssSupported=false mRoamingIndicator=0 mSystemIsInPrl=0 mDefaultRoamingIndicator=0} dataSpecificInfo=null nrState=**** rRplmn= isUsingCarrierAggregation=false isNonTerrestrialNetwork=TERRESTRIAL}
11-28 00:35:15.592 D/RILJ    ( 2923): [0136]< OPERATOR {, , } [PHONE0]
11-28 00:35:15.593 D/RILJ    ( 2923): [0159]< OPERATOR {, , } [PHONE0]
11-28 00:35:15.596 D/RILJ    ( 2923): [0137]< QUERY_NETWORK_SELECTION_MODE {0} [PHONE0]
11-28 00:35:15.597 D/RILJ    ( 2923): [0160]< QUERY_NETWORK_SELECTION_MODE {0} [PHONE0]
11-28 00:35:15.617 D/RILJ    ( 2923): [0167]> GSM_SET_BROADCAST_CONFIG with 9 configs :  [PHONE0]
11-28 00:35:15.617 D/RILJ    ( 2923): SmsBroadcastConfigInfo: Id [4352,4354] Code [0,255] ENABLED [PHONE0]
11-28 00:35:15.617 D/RILJ    ( 2923): SmsBroadcastConfigInfo: Id [4355,4355] Code [0,255] DISABLED [PHONE0]
11-28 00:35:15.617 D/RILJ    ( 2923): SmsBroadcastConfigInfo: Id [4356,4356] Code [0,255] ENABLED [PHONE0]
11-28 00:35:15.617 D/RILJ    ( 2923): SmsBroadcastConfigInfo: Id [4370,4370] Code [0,255] ENABLED [PHONE0]
11-28 00:35:15.617 D/RILJ    ( 2923): SmsBroadcastConfigInfo: Id [4371,4372] Code [0,255] DISABLED [PHONE0]
11-28 00:35:15.617 D/RILJ    ( 2923): SmsBroadcastConfigInfo: Id [4380,4380] Code [0,255] DISABLED [PHONE0]
11-28 00:35:15.617 D/RILJ    ( 2923): SmsBroadcastConfigInfo: Id [4383,4383] Code [0,255] ENABLED [PHONE0]
11-28 00:35:15.617 D/RILJ    ( 2923): SmsBroadcastConfigInfo: Id [4384,4385] Code [0,255] DISABLED [PHONE0]
11-28 00:35:15.617 D/RILJ    ( 2923): SmsBroadcastConfigInfo: Id [4393,4393] Code [0,255] DISABLED [PHONE0]
11-28 00:35:15.629 D/ImsManagerIM [0]( 2923): ImsService not up yet - timeout waiting for connection.
11-28 00:35:15.637 D/SST     ( 2923): [0] EVENT_POLL_STATE_NETWORK_SELECTION_MODE
11-28 00:35:15.638 D/RILJ    ( 2923): [0168]> SET_SIGNAL_STRENGTH_REPORTING_CRITERIA [PHONE0]
11-28 00:35:15.639 D/SSCtr   ( 2923): setSignalStrengthReportingCriteria consolidatedSignalThresholdInfos=[SignalThresholdInfo{mRan=1 mSignalMeasurementType=1 mHysteresisMs=3000 mHysteresisDb=2 mThresholds=[-107, -103, -97, -89] mIsEnabled=true}, SignalThresholdInfo{mRan=2 mSignalMeasurementType=2 mHysteresisMs=3000 mHysteresisDb=2 mThresholds=[-115, -105, -95, -85] mIsEnabled=true}, SignalThresholdInfo{mRan=3 mSignalMeasurementType=3 mHysteresisMs=3000 mHysteresisDb=2 mThresholds=[-128, -118, -108, -98] mIsEnabled=true}, SignalThresholdInfo{mRan=3 mSignalMeasurementType=4 mHysteresisMs=3000 mHysteresisDb=2 mThresholds=[] mIsEnabled=false}, SignalThresholdInfo{mRan=3 mSignalMeasurementType=5 mHysteresisMs=3000 mHysteresisDb=2 mThresholds=[] mIsEnabled=false}, SignalThresholdInfo{mRan=6 mSignalMeasurementType=6 mHysteresisMs=3000 mHysteresisDb=2 mThresholds=[-110, -90, -80, -65] mIsEnabled=true}, SignalThresholdInfo{mRan=6 mSignalMeasurementType=7 mHysteresisMs=3000 mHysteresisDb=2 mThresholds=[] mIsEnabled=false}, SignalThresholdInfo{mRan=6 mSignalMeasurementType=8 mHysteresisMs=3000 mHysteresisDb=2 mThresholds=[] mIsEnabled=false}, SignalThresholdInfo{mRan=2 mSignalMeasurementType=9 mHysteresisMs=3000 mHysteresisDb=2 mThresholds=[] mIsEnabled=false}]
11-28 00:35:15.640 D/GsmCdmaCallTracker( 2923): [0] update phone state, old=IDLE new=IDLE
11-28 00:35:15.640 D/SST     ( 2923): [1] pollState: modemTriggered=true, radioState=1
11-28 00:35:15.641 D/RILJ    ( 2923): [0169]> OPERATOR [PHONE1]
11-28 00:35:15.643 D/RILJ    ( 2923): [0036]< SET_UNSOLICITED_RESPONSE_FILTER  [PHONE0]
11-28 00:35:15.644 D/RILJ    ( 2923): [0170]> QUERY_NETWORK_SELECTION_MODE [PHONE1]
11-28 00:35:15.644 D/DNC-0   ( 2923): onAddNetworkRequest: added [NetworkRequest [ REQUEST id=98, [ Capabilities: INTERNET&NOT_RESTRICTED&TRUSTED&NOT_VCN_MANAGED&NOT_BANDWIDTH_CONSTRAINED Uid: 10659 RequestorUid: 10678 RequestorPkg: com.android.systemui UnderlyingNetworks: Null] ], mPriority=20, state=UNSATISFIED, mAttachedDataNetwork=null, created time=00:35:15.532, evaluation result=null]
11-28 00:35:15.644 D/RILJ    ( 2923): [0171]> DATA_REGISTRATION_STATE [PHONE1]
11-28 00:35:15.644 D/RILJ    ( 2923): getDataRegistrationState: overrideHalVersion=null [PHONE1]
11-28 00:35:15.645 D/DPM-0   ( 2923): Can't find any data profile that can satisfy [NetworkRequest [ REQUEST id=98, [ Capabilities: INTERNET&NOT_RESTRICTED&TRUSTED&NOT_VCN_MANAGED&NOT_BANDWIDTH_CONSTRAINED Uid: 10659 RequestorUid: 10678 RequestorPkg: com.android.systemui UnderlyingNetworks: Null] ], mPriority=20, state=UNSATISFIED, mAttachedDataNetwork=null, created time=00:35:15.532, evaluation result=null]
11-28 00:35:15.645 D/DPM-0   ( 2923): Unable to find a data profile for [NetworkRequest [ REQUEST id=98, [ Capabilities: INTERNET&NOT_RESTRICTED&TRUSTED&NOT_VCN_MANAGED&NOT_BANDWIDTH_CONSTRAINED Uid: 10659 RequestorUid: 10678 RequestorPkg: com.android.systemui UnderlyingNetworks: Null] ], mPriority=20, state=UNSATISFIED, mAttachedDataNetwork=null, created time=00:35:15.532, evaluation result=null]
11-28 00:35:15.645 D/RILC    ( 1815): RadioImpl_1_5::getDataRegistrationState_1_5: serial 171
11-28 00:35:15.645 D/DNC-0   ( 2923): Data evaluation: evaluation reason:NEW_REQUEST, Data disallowed reasons: NOT_IN_SERVICE SERVICE_OPTION_NOT_SUPPORTED NO_SUITABLE_DATA_PROFILE DATA_CONFIG_NOT_READY SIM_NOT_READY, candidate profile=null, time=00:35:15.645, network type=UNKNOWN, reg state=UNKNOWN, [NetworkRequest [ REQUEST id=98, [ Capabilities: INTERNET&NOT_RESTRICTED&TRUSTED&NOT_VCN_MANAGED&NOT_BANDWIDTH_CONSTRAINED Uid: 10659 RequestorUid: 10678 RequestorPkg: com.android.systemui UnderlyingNetworks: Null] ], mPriority=20, state=UNSATISFIED, mAttachedDataNetwork=null, created time=00:35:15.532, evaluation result=Data evaluation: evaluation reason:NEW_REQUEST, Data disallowed reasons: NOT_IN_SERVICE SERVICE_OPTION_NOT_SUPPORTED NO_SUITABLE_DATA_PROFILE DATA_CONFIG_NOT_READY SIM_NOT_READY, candidate profile=null, time=00:35:15.645]
11-28 00:35:15.645 D/RILJ    ( 2923): [0172]> VOICE_REGISTRATION_STATE [PHONE1]
11-28 00:35:15.645 D/RILJ    ( 2923): getVoiceRegistrationState: overrideHalVersion=null [PHONE1]
11-28 00:35:15.645 D/RILC    ( 1815): RadioImpl_1_5::getVoiceRegistrationState_1_5: serial 172
11-28 00:35:15.646 D/NRM-I-1 ( 2923): onRequestNetworkRegistrationInfoComplete result: 0, info: NetworkRegistrationInfo{ domain=PS transportType=WLAN registrationState=NOT_REG_OR_SEARCHING networkRegistrationState=NOT_REG_OR_SEARCHING roamingType=NOT_ROAMING accessNetworkTechnology=IWLAN rejectCause=0 emergencyEnabled=false availableServices=[] cellIdentity=null voiceSpecificInfo=null dataSpecificInfo=null nrState=**** rRplmn= isUsingCarrierAggregation=false isNonTerrestrialNetwork=TERRESTRIAL}
11-28 00:35:15.650 D/RILJ    ( 2923): [0173]> SET_SIGNAL_STRENGTH_REPORTING_CRITERIA [PHONE1]
11-28 00:35:15.650 D/SSCtr   ( 2923): setSignalStrengthReportingCriteria consolidatedSignalThresholdInfos=[SignalThresholdInfo{mRan=1 mSignalMeasurementType=1 mHysteresisMs=3000 mHysteresisDb=2 mThresholds=[-107, -103, -97, -89] mIsEnabled=true}, SignalThresholdInfo{mRan=2 mSignalMeasurementType=2 mHysteresisMs=3000 mHysteresisDb=2 mThresholds=[-115, -105, -95, -85] mIsEnabled=true}, SignalThresholdInfo{mRan=3 mSignalMeasurementType=3 mHysteresisMs=3000 mHysteresisDb=2 mThresholds=[-128, -118, -108, -98] mIsEnabled=true}, SignalThresholdInfo{mRan=3 mSignalMeasurementType=4 mHysteresisMs=3000 mHysteresisDb=2 mThresholds=[] mIsEnabled=false}, SignalThresholdInfo{mRan=3 mSignalMeasurementType=5 mHysteresisMs=3000 mHysteresisDb=2 mThresholds=[] mIsEnabled=false}, SignalThresholdInfo{mRan=6 mSignalMeasurementType=6 mHysteresisMs=3000 mHysteresisDb=2 mThresholds=[-110, -90, -80, -65] mIsEnabled=true}, SignalThresholdInfo{mRan=6 mSignalMeasurementType=7 mHysteresisMs=3000 mHysteresisDb=2 mThresholds=[] mIsEnabled=false}, SignalThresholdInfo{mRan=6 mSignalMeasurementType=8 mHysteresisMs=3000 mHysteresisDb=2 mThresholds=[] mIsEnabled=false}, SignalThresholdInfo{mRan=2 mSignalMeasurementType=9 mHysteresisMs=3000 mHysteresisDb=2 mThresholds=[] mIsEnabled=false}]
11-28 00:35:15.653 D/DPM-1   ( 2923): Update data profiles due to carrier config updated.
11-28 00:35:15.656 D/NRM-I-0 ( 2923): onNetworkStateChanged
11-28 00:35:15.670 D/DPM-1   ( 2923): Added default EIMS data profile.
11-28 00:35:15.670 D/DPM-1   ( 2923): Found 1 data profiles. profiles = [[DataProfile=[ApnSetting] DEFAULT EIMS, 0, null, sos, null, null, null, null, null, 0, emergency, IPV4V6, IPV4V6, true, 0, false, 0, 0, 0, 0, 0, null, null, false, UNKNOWN, UNKNOWN, -1, -1, -1, false, 3, 961, false, UNEDITED, TrafficDescriptor={mDnn=sos, null}, preferred=false]]
11-28 00:35:15.670 D/DPM-1   ( 2923): Data profiles changed.
11-28 00:35:15.672 D/DPM-1   ( 2923): getPreferredDataProfileSetId: cursor is null
11-28 00:35:15.672 D/DPM-1   ( 2923): updateDataProfilesAtModem: set 1 data profiles.
11-28 00:35:15.672 D/DSM-C-1 ( 2923): setDataProfile
11-28 00:35:15.673 D/DPM-1   ( 2923): Initial attach data profile updated as null or forceUpdateIa= true
11-28 00:35:15.673 D/DRM-1   ( 2923): Remove all retry and throttling entries, reason=DATA_CONFIG_CHANGED
11-28 00:35:15.673 D/DRM-1   ( 2923): onDataConfigUpdated: mDataSetupRetryRuleList=[[DataSetupRetryRule: Network capabilities:[EIMS], Fail causes={}, Retry intervals=[1000], Maximum retries=20], [DataSetupRetryRule: Network capabilities:[], Fail causes=[32, 65537, 33, -3, 35, 65538, -5, -6, 65543, 8, 65547, 2252, 2253, 2254, 111, 50, 51, 27, 28, 29, 30], Retry intervals=[2500], Maximum retries=10], [DataSetupRetryRule: Network capabilities:[MMS|SUPL|CBS|RCS], Fail causes={}, Retry intervals=[2000], Maximum retries=10], [DataSetupRetryRule: Network capabilities:[DUN|PRIORITIZE_LATENCY|FOTA|PRIORITIZE_BANDWIDTH|IMS|MCX|XCAP|INTERNET|ENTERPRISE], Fail causes={}, Retry intervals=[2500, 3000, 5000, 10000, 15000, 20000, 40000, 60000, 120000, 240000, 600000, 1200000, 1800000], Maximum retries=20]], mDataHandoverRetryRuleList=[[DataHandoverRetryRule: Retry intervals=[1000, 2000, 4000, 8000, 16000], Fail causes={}, Maximum retries=5]]
11-28 00:35:15.673 D/DSRM-1  ( 2923): Enabled actions is null
11-28 00:35:15.673 D/DSRM-1  ( 2923): Duration millis is null
11-28 00:35:15.673 D/DNC-1   ( 2923): onCarrierConfigUpdated: config is not carrier specific. mSimState=ABSENT
11-28 00:35:15.673 D/DNC-1   ( 2923): Re-evaluating 0 unsatisfied network requests in 0 groups,  due to DATA_CONFIG_CHANGED
11-28 00:35:15.674 D/RILJ    ( 2923): [0174]> SET_DATA_PROFILE with data profiles :  [PHONE1]
11-28 00:35:15.675 D/RILJ    ( 2923): [DataProfile=[ApnSetting] DEFAULT EIMS, 0, null, sos, null, null, null, null, null, 0, emergency, IPV4V6, IPV4V6, true, 0, false, 0, 0, 0, 0, 0, null, null, false, UNKNOWN, UNKNOWN, -1, -1, -1, false, 3, 961, false, UNEDITED, TrafficDescriptor={mDnn=sos, null}, preferred=false] [PHONE1]
11-28 00:35:15.677 D/RILJ    ( 2923): [0175]> VOICE_RADIO_TECH [PHONE1]
11-28 00:35:15.678 D/GsmCdmaPhone( 2923): [1] broadcastEmergencyCallStateChanges = false
11-28 00:35:15.679 D/GsmCdmaPhone( 2923): [1] cdma_roaming_mode is going to changed to 2
11-28 00:35:15.679 D/RILJ    ( 2923): [0176]> GET_RADIO_CAPABILITY [PHONE1]
11-28 00:35:15.679 D/TNP     ( 2923): Preferred data sub phone id changed to 0
11-28 00:35:15.680 D/TNP     ( 2923): reevaluateNetworkRequests: Preferred data subscription changed.
11-28 00:35:15.680 D/SmsDispatchersController( 2923): IMS registration state: false format: 3gpp
11-28 00:35:15.680 D/GsmCdmaPhone( 2923): [0] EVENT_REQUEST_VOICE_RADIO_TECH_DONE: newVoiceTech=3
11-28 00:35:15.680 D/GsmCdmaPhone( 2923): [0] phoneObjectUpdater: newVoiceRadioTech=3
11-28 00:35:15.680 D/GsmCdmaPhone( 2923): [0] phoneObjectUpdater: no-op as CDMA cleanup flag is set
11-28 00:35:15.680 D/SST     ( 2923): [0] Could not set ServiceState channel number. CellIdentity null
11-28 00:35:15.680 D/SST     ( 2923): [0] handlePollStateResultMessage: CS cellular. NetworkRegistrationInfo{ domain=CS transportType=WWAN registrationState=NOT_REG_SEARCHING networkRegistrationState=NOT_REG_SEARCHING roamingType=NOT_ROAMING accessNetworkTechnology=UNKNOWN rejectCause=0 emergencyEnabled=false availableServices=[] cellIdentity=null voiceSpecificInfo=VoiceSpecificRegistrationInfo { mCssSupported=false mRoamingIndicator=0 mSystemIsInPrl=0 mDefaultRoamingIndicator=0} dataSpecificInfo=null nrState=**** rRplmn= isUsingCarrierAggregation=false isNonTerrestrialNetwork=TERRESTRIAL}
11-28 00:35:15.680 D/SST     ( 2923): [0] EVENT_POLL_STATE_NETWORK_SELECTION_MODE
11-28 00:35:15.680 D/SST     ( 2923): [0] EVENT_POLL_STATE_NETWORK_SELECTION_MODE
11-28 00:35:15.739 D/SSCtr   ( 2923): clearSignalStrengthUpdateRequest subId=1 callingUid=1002 request=SignalStrengthUpdateRequest{mSignalThresholdInfos=[] mIsReportingRequestedWhileIdle=false mIsSystemThresholdReportingRequestedWhileIdle=true mLiveTokenandroid.os.BinderProxy@3dbb9d}
11-28 00:35:15.739 D/SST     ( 2923): [0] pollState: modemTriggered=true, radioState=1
11-28 00:35:15.740 D/RILJ    ( 2923): [0177]> OPERATOR [PHONE0]
11-28 00:35:15.740 D/RILJ    ( 2923): [0178]> DATA_REGISTRATION_STATE [PHONE0]
11-28 00:35:15.740 D/RILJ    ( 2923): getDataRegistrationState: overrideHalVersion=null [PHONE0]
11-28 00:35:15.740 D/RILC    ( 1712): RadioImpl_1_5::getDataRegistrationState_1_5: serial 178
11-28 00:35:15.741 D/RILJ    ( 2923): [0179]> VOICE_REGISTRATION_STATE [PHONE0]
11-28 00:35:15.741 D/RILJ    ( 2923): getVoiceRegistrationState: overrideHalVersion=null [PHONE0]
11-28 00:35:15.741 D/RILC    ( 1712): RadioImpl_1_5::getVoiceRegistrationState_1_5: serial 179
11-28 00:35:15.742 D/RILJ    ( 2923): [0180]> QUERY_NETWORK_SELECTION_MODE [PHONE0]
11-28 00:35:15.743 D/DRM-1   ( 2923): Remove all retry and throttling entries, reason=DATA_PROFILES_CHANGED
11-28 00:35:15.752 D/RILJ    ( 2923): [0181]> SET_SIGNAL_STRENGTH_REPORTING_CRITERIA [PHONE0]
11-28 00:35:15.752 D/SSCtr   ( 2923): setSignalStrengthReportingCriteria consolidatedSignalThresholdInfos=[SignalThresholdInfo{mRan=1 mSignalMeasurementType=1 mHysteresisMs=3000 mHysteresisDb=2 mThresholds=[-107, -103, -97, -89] mIsEnabled=true}, SignalThresholdInfo{mRan=2 mSignalMeasurementType=2 mHysteresisMs=3000 mHysteresisDb=2 mThresholds=[-115, -105, -95, -85] mIsEnabled=true}, SignalThresholdInfo{mRan=3 mSignalMeasurementType=3 mHysteresisMs=3000 mHysteresisDb=2 mThresholds=[-128, -118, -108, -98] mIsEnabled=true}, SignalThresholdInfo{mRan=3 mSignalMeasurementType=4 mHysteresisMs=3000 mHysteresisDb=2 mThresholds=[] mIsEnabled=false}, SignalThresholdInfo{mRan=3 mSignalMeasurementType=5 mHysteresisMs=3000 mHysteresisDb=2 mThresholds=[] mIsEnabled=false}, SignalThresholdInfo{mRan=6 mSignalMeasurementType=6 mHysteresisMs=3000 mHysteresisDb=2 mThresholds=[-110, -90, -80, -65] mIsEnabled=true}, SignalThresholdInfo{mRan=6 mSignalMeasurementType=7 mHysteresisMs=3000 mHysteresisDb=2 mThresholds=[] mIsEnabled=false}, SignalThresholdInfo{mRan=6 mSignalMeasurementType=8 mHysteresisMs=3000 mHysteresisDb=2 mThresholds=[] mIsEnabled=false}, SignalThresholdInfo{mRan=2 mSignalMeasurementType=9 mHysteresisMs=3000 mHysteresisDb=2 mThresholds=[] mIsEnabled=false}]
11-28 00:35:15.752 D/SMSVC   ( 2923): updateSubscriptionByCarrierConfig: phoneId=0, configPackageName=com.android.carrierconfig
11-28 00:35:15.754 D/FeatureConnector( 2923): [ImsStateCallbackController, 1] imsFeatureCreated: FeatureContainer{imsFeature=android.os.BinderProxy@542a1a9, imsConfig=android.telephony.ims.aidl.IImsConfig$Stub$Proxy@c56832e, imsRegistration=android.telephony.ims.aidl.IImsRegistration$Stub$Proxy@620ecf, sipTransport=null, state=UNAVAILABLE, capabilities = capabilities={ EMERGENCY_OVER_MMTEL }}, subId: -1
11-28 00:35:15.754 D/FeatureConnector( 2923): [ImsStateCallbackController, 1] imsStatusChanged: status=UNAVAILABLE
11-28 00:35:15.754 D/FeatureConnector( 2923): [ImsStateCallbackController, 1] imsStatusChanged: ready didn't change, ignore
11-28 00:35:15.754 D/FeatureConnector( 2923): [ImsProvisioningController, 1] imsFeatureCreated: FeatureContainer{imsFeature=android.os.BinderProxy@542a1a9, imsConfig=android.telephony.ims.aidl.IImsConfig$Stub$Proxy@c56832e, imsRegistration=android.telephony.ims.aidl.IImsRegistration$Stub$Proxy@620ecf, sipTransport=null, state=UNAVAILABLE, capabilities = capabilities={ EMERGENCY_OVER_MMTEL }}, subId: -1
11-28 00:35:15.754 D/FeatureConnector( 2923): [ImsProvisioningController, 1] imsStatusChanged: status=UNAVAILABLE
11-28 00:35:15.754 E/SMSVC   ( 2923): calculateUsageSetting: Invalid usage setting!-1
11-28 00:35:15.754 D/FeatureConnector( 2923): [ImsProvisioningController, 1] imsStatusChanged: ready didn't change, ignore
11-28 00:35:15.754 D/FeatureConnector( 2923): [ImsSmsDispatcher, 1] imsFeatureCreated: FeatureContainer{imsFeature=android.os.BinderProxy@542a1a9, imsConfig=android.telephony.ims.aidl.IImsConfig$Stub$Proxy@c56832e, imsRegistration=android.telephony.ims.aidl.IImsRegistration$Stub$Proxy@620ecf, sipTransport=null, state=UNAVAILABLE, capabilities = capabilities={ EMERGENCY_OVER_MMTEL }}, subId: -1
11-28 00:35:15.754 D/FeatureConnector( 2923): [ImsSmsDispatcher, 1] imsStatusChanged: status=UNAVAILABLE
11-28 00:35:15.754 D/FeatureConnector( 2923): [ImsSmsDispatcher, 1] imsStatusChanged: ready didn't change, ignore
11-28 00:35:15.754 D/FeatureConnector( 2923): [ImsPhoneCallTracker, 1] imsFeatureCreated: FeatureContainer{imsFeature=android.os.BinderProxy@542a1a9, imsConfig=android.telephony.ims.aidl.IImsConfig$Stub$Proxy@c56832e, imsRegistration=android.telephony.ims.aidl.IImsRegistration$Stub$Proxy@620ecf, sipTransport=null, state=UNAVAILABLE, capabilities = capabilities={ EMERGENCY_OVER_MMTEL }}, subId: -1
11-28 00:35:15.754 D/FeatureConnector( 2923): [ImsPhoneCallTracker, 1] imsStatusChanged: status=UNAVAILABLE
11-28 00:35:15.754 D/FeatureConnector( 2923): [ImsPhoneCallTracker, 1] imsStatusChanged: ready didn't change, ignore
11-28 00:35:15.755 D/DNC-1   ( 2923): onReevaluateExistingDataNetworks: No existing data networks to re-evaluate.
11-28 00:35:15.755 D/DNC-1   ( 2923): Re-evaluating 0 unsatisfied network requests in 0 groups,  due to DATA_PROFILES_CHANGED
11-28 00:35:15.757 D/SatelliteEntitlementController( 2923): handleCarrierConfigChanged(): slotIndex(0), subId(1), carrierId(-1), specificCarrierId(-1)
11-28 00:35:15.757 D/SatelliteEntitlementController( 2923): processSimChanged prev subId:-1
11-28 00:35:15.757 D/SatelliteEntitlementController( 2923): processSimChanged resetEntitlementQueryPerSubId
11-28 00:35:15.757 D/SatelliteEntitlementController( 2923): resetEntitlementQueryPerSubId: -1
11-28 00:35:15.758 D/SatelliteEntitlementController( 2923): shouldStartQueryEntitlement 1
11-28 00:35:15.758 D/FeatureConnector( 2923): [ImsStateCallbackController, 1] imsStatusChanged: status=UNAVAILABLE
11-28 00:35:15.758 D/FeatureConnector( 2923): [ImsStateCallbackController, 1] imsStatusChanged: ready didn't change, ignore
11-28 00:35:15.758 D/FeatureConnector( 2923): [ImsProvisioningController, 1] imsStatusChanged: status=UNAVAILABLE
11-28 00:35:15.758 D/FeatureConnector( 2923): [ImsProvisioningController, 1] imsStatusChanged: ready didn't change, ignore
11-28 00:35:15.760 D/SatelliteEntitlementController( 2923): Doesn't support entitlement query for satellite.
11-28 00:35:15.760 D/SatelliteEntitlementController( 2923): resetEntitlementQueryPerSubId: 1
11-28 00:35:15.761 D/FeatureConnector( 2923): [ImsSmsDispatcher, 1] imsStatusChanged: status=UNAVAILABLE
11-28 00:35:15.761 D/FeatureConnector( 2923): [ImsSmsDispatcher, 1] imsStatusChanged: ready didn't change, ignore
11-28 00:35:15.761 D/FeatureConnector( 2923): [ImsPhoneCallTracker, 1] imsStatusChanged: status=UNAVAILABLE
11-28 00:35:15.761 D/FeatureConnector( 2923): [ImsPhoneCallTracker, 1] imsStatusChanged: ready didn't change, ignore
11-28 00:35:15.761 D/FeatureConnector( 2923): [ImsStateCallbackController, 0] imsFeatureCreated: FeatureContainer{imsFeature=android.os.BinderProxy@668661d, imsConfig=android.telephony.ims.aidl.IImsConfig$Stub$Proxy@fe8092, imsRegistration=android.telephony.ims.aidl.IImsRegistration$Stub$Proxy@a756a63, sipTransport=null, state=UNAVAILABLE, capabilities = capabilities={ EMERGENCY_OVER_MMTEL }}, subId: -1
11-28 00:35:15.761 D/FeatureConnector( 2923): [ImsStateCallbackController, 0] imsStatusChanged: status=UNAVAILABLE
11-28 00:35:15.761 D/FeatureConnector( 2923): [ImsStateCallbackController, 0] imsStatusChanged: ready didn't change, ignore
11-28 00:35:15.762 D/FeatureConnector( 2923): [ImsProvisioningController, 0] imsFeatureCreated: FeatureContainer{imsFeature=android.os.BinderProxy@668661d, imsConfig=android.telephony.ims.aidl.IImsConfig$Stub$Proxy@fe8092, imsRegistration=android.telephony.ims.aidl.IImsRegistration$Stub$Proxy@a756a63, sipTransport=null, state=UNAVAILABLE, capabilities = capabilities={ EMERGENCY_OVER_MMTEL }}, subId: -1
11-28 00:35:15.762 D/FeatureConnector( 2923): [ImsProvisioningController, 0] imsStatusChanged: status=UNAVAILABLE
11-28 00:35:15.762 D/FeatureConnector( 2923): [ImsProvisioningController, 0] imsStatusChanged: ready didn't change, ignore
11-28 00:35:15.762 D/FeatureConnector( 2923): [ImsSmsDispatcher, 0] imsFeatureCreated: FeatureContainer{imsFeature=android.os.BinderProxy@668661d, imsConfig=android.telephony.ims.aidl.IImsConfig$Stub$Proxy@fe8092, imsRegistration=android.telephony.ims.aidl.IImsRegistration$Stub$Proxy@a756a63, sipTransport=null, state=UNAVAILABLE, capabilities = capabilities={ EMERGENCY_OVER_MMTEL }}, subId: -1
11-28 00:35:15.762 D/FeatureConnector( 2923): [ImsSmsDispatcher, 0] imsStatusChanged: status=UNAVAILABLE
11-28 00:35:15.762 D/FeatureConnector( 2923): [ImsSmsDispatcher, 0] imsStatusChanged: ready didn't change, ignore
11-28 00:35:15.762 D/FeatureConnector( 2923): [ImsPhoneCallTracker, 0] imsFeatureCreated: FeatureContainer{imsFeature=android.os.BinderProxy@668661d, imsConfig=android.telephony.ims.aidl.IImsConfig$Stub$Proxy@fe8092, imsRegistration=android.telephony.ims.aidl.IImsRegistration$Stub$Proxy@a756a63, sipTransport=null, state=UNAVAILABLE, capabilities = capabilities={ EMERGENCY_OVER_MMTEL }}, subId: -1
11-28 00:35:15.762 D/FeatureConnector( 2923): [ImsPhoneCallTracker, 0] imsStatusChanged: status=UNAVAILABLE
11-28 00:35:15.762 D/FeatureConnector( 2923): [ImsPhoneCallTracker, 0] imsStatusChanged: ready didn't change, ignore
11-28 00:35:15.762 D/FeatureConnector( 2923): [InstanceManager, 0] imsFeatureCreated: FeatureContainer{imsFeature=android.os.BinderProxy@668661d, imsConfig=android.telephony.ims.aidl.IImsConfig$Stub$Proxy@fe8092, imsRegistration=android.telephony.ims.aidl.IImsRegistration$Stub$Proxy@a756a63, sipTransport=null, state=UNAVAILABLE, capabilities = capabilities={ EMERGENCY_OVER_MMTEL }}, subId: -1
11-28 00:35:15.762 D/FeatureConnector( 2923): [InstanceManager, 0] imsStatusChanged: status=UNAVAILABLE
11-28 00:35:15.762 D/FeatureConnector( 2923): [ImsStateCallbackController, 0] imsStatusChanged: status=UNAVAILABLE
11-28 00:35:15.763 D/FeatureConnector( 2923): [ImsStateCallbackController, 0] imsStatusChanged: ready didn't change, ignore
11-28 00:35:15.763 D/FeatureConnector( 2923): [ImsProvisioningController, 0] imsStatusChanged: status=UNAVAILABLE
11-28 00:35:15.763 D/FeatureConnector( 2923): [ImsProvisioningController, 0] imsStatusChanged: ready didn't change, ignore
11-28 00:35:15.763 D/FeatureConnector( 2923): [ImsSmsDispatcher, 0] imsStatusChanged: status=UNAVAILABLE
11-28 00:35:15.763 D/FeatureConnector( 2923): [ImsSmsDispatcher, 0] imsStatusChanged: ready didn't change, ignore
11-28 00:35:15.763 D/FeatureConnector( 2923): [ImsPhoneCallTracker, 0] imsStatusChanged: status=UNAVAILABLE
11-28 00:35:15.763 D/FeatureConnector( 2923): [ImsPhoneCallTracker, 0] imsStatusChanged: ready didn't change, ignore
11-28 00:35:15.763 D/FeatureConnector( 2923): [InstanceManager, 0] imsStatusChanged: status=UNAVAILABLE
11-28 00:35:15.763 D/FeatureConnector( 2923): [InstanceManager, 0] imsStatusChanged: ready didn't change, ignore
11-28 00:35:15.764 D/RILJ    ( 2923): [0161]< DATA_REGISTRATION_STATE {.regState = NOT_REG_MT_SEARCHING_OP, .rat = UNKNOWN, .reasonForDenial = NONE, .cellIdentity = {.noinit = {}}, .registeredPlmn = , .accessTechnologySpecificInfo = {.noinit = {}}} [PHONE0]
11-28 00:35:15.764 D/CellularNetworkService( 2923): No access tech specific info passes for RegStateResult
11-28 00:35:15.764 D/NRM-C-0 ( 2923): onRequestNetworkRegistrationInfoComplete result: 0, info: NetworkRegistrationInfo{ domain=PS transportType=WWAN registrationState=NOT_REG_SEARCHING networkRegistrationState=NOT_REG_SEARCHING roamingType=NOT_ROAMING accessNetworkTechnology=UNKNOWN rejectCause=0 emergencyEnabled=false availableServices=[] cellIdentity=null voiceSpecificInfo=null dataSpecificInfo=android.telephony.DataSpecificRegistrationInfo :{ maxDataCalls = 16 isDcNrRestricted = false isNrAvailable = false isEnDcAvailable = false mLteAttachResultType = 0 mLteAttachExtraInfo = 0 LteVopsSupportInfo :  mVopsSupport = 1 mEmcBearerSupport = 1 } nrState=**** rRplmn= isUsingCarrierAggregation=false isNonTerrestrialNetwork=TERRESTRIAL}
11-28 00:35:15.764 D/CellularNetworkService( 2923): No access tech specific info passes for RegStateResult
11-28 00:35:15.764 D/RILJ    ( 2923): [0178]< DATA_REGISTRATION_STATE {.regState = NOT_REG_MT_SEARCHING_OP, .rat = UNKNOWN, .reasonForDenial = NONE, .cellIdentity = {.noinit = {}}, .registeredPlmn = , .accessTechnologySpecificInfo = {.noinit = {}}} [PHONE0]
11-28 00:35:15.765 D/NRM-C-0 ( 2923): onRequestNetworkRegistrationInfoComplete result: 0, info: NetworkRegistrationInfo{ domain=PS transportType=WWAN registrationState=NOT_REG_SEARCHING networkRegistrationState=NOT_REG_SEARCHING roamingType=NOT_ROAMING accessNetworkTechnology=UNKNOWN rejectCause=0 emergencyEnabled=false availableServices=[] cellIdentity=null voiceSpecificInfo=null dataSpecificInfo=android.telephony.DataSpecificRegistrationInfo :{ maxDataCalls = 16 isDcNrRestricted = false isNrAvailable = false isEnDcAvailable = false mLteAttachResultType = 0 mLteAttachExtraInfo = 0 LteVopsSupportInfo :  mVopsSupport = 1 mEmcBearerSupport = 1 } nrState=**** rRplmn= isUsingCarrierAggregation=false isNonTerrestrialNetwork=TERRESTRIAL}
11-28 00:35:15.769 D/Phone-0 ( 2923): [0] notifyCarrierRoamingNtnAvailableServicesChanged availableServices:[]
11-28 00:35:15.770 I/ImsManagerIM [0]( 2923): connectionReady, subId: -1
11-28 00:35:15.770 D/Phone-0 ( 2923): [0] setSatellitePlmn: simSlot=0 carrierPlmnList=[] allSatellitePlmnList=[302723, 310830, 73029, 44055, 53013, 255707, 50511, 50559]
11-28 00:35:15.770 D/RILJ    ( 2923): setSatellitePlmn: SatelliteModemInterface is used. [PHONE0]
11-28 00:35:15.771 D/Phone-0 ( 2923): [0] setSatelliteEnabledForCarrier: simSlot=0 satelliteEnabled=false
11-28 00:35:15.771 D/RILJ    ( 2923): setSatelliteEnabledForCarrier: SatelliteModemInterface is used. [PHONE0]
11-28 00:35:15.771 D/RILJ    ( 2923): isSatelliteEnabledForCarrier: SatelliteModemInterface is used. [PHONE0]
11-28 00:35:15.773 D/NRM-I-0 ( 2923): Carrier config changed. Try to bind network service.
11-28 00:35:15.775 D/NRM-I-0 ( 2923): Service vendor.qti.iwlan already bound or being bound.
11-28 00:35:15.779 E/SSCtr   ( 2923): Invalid parameters for NR RSRP boost
11-28 00:35:15.780 D/RILJ    ( 2923): [0182]> SET_SIGNAL_STRENGTH_REPORTING_CRITERIA [PHONE0]
11-28 00:35:15.780 D/SSCtr   ( 2923): setSignalStrengthReportingCriteria consolidatedSignalThresholdInfos=[SignalThresholdInfo{mRan=1 mSignalMeasurementType=1 mHysteresisMs=3000 mHysteresisDb=2 mThresholds=[-107, -103, -97, -89] mIsEnabled=true}, SignalThresholdInfo{mRan=2 mSignalMeasurementType=2 mHysteresisMs=3000 mHysteresisDb=2 mThresholds=[-115, -105, -95, -85] mIsEnabled=true}, SignalThresholdInfo{mRan=3 mSignalMeasurementType=3 mHysteresisMs=3000 mHysteresisDb=2 mThresholds=[-128, -118, -108, -98] mIsEnabled=true}, SignalThresholdInfo{mRan=3 mSignalMeasurementType=4 mHysteresisMs=3000 mHysteresisDb=2 mThresholds=[] mIsEnabled=false}, SignalThresholdInfo{mRan=3 mSignalMeasurementType=5 mHysteresisMs=3000 mHysteresisDb=2 mThresholds=[] mIsEnabled=false}, SignalThresholdInfo{mRan=6 mSignalMeasurementType=6 mHysteresisMs=3000 mHysteresisDb=2 mThresholds=[-110, -90, -80, -65] mIsEnabled=true}, SignalThresholdInfo{mRan=6 mSignalMeasurementType=7 mHysteresisMs=3000 mHysteresisDb=2 mThresholds=[] mIsEnabled=false}, SignalThresholdInfo{mRan=6 mSignalMeasurementType=8 mHysteresisMs=3000 mHysteresisDb=2 mThresholds=[] mIsEnabled=false}, SignalThresholdInfo{mRan=2 mSignalMeasurementType=9 mHysteresisMs=3000 mHysteresisDb=2 mThresholds=[] mIsEnabled=false}]
11-28 00:35:15.781 D/DSM-I-0 ( 2923): Carrier config changed. Try to bind data service.
11-28 00:35:15.784 E/DSM-I-0 ( 2923): Can't find the binding package
11-28 00:35:15.784 D/DCM-0   ( 2923): EVENT_CARRIER_CONFIG_CHANGED
11-28 00:35:15.787 D/DCM-0   ( 2923): Carrier config updated. Config is carrier specific.
11-28 00:35:15.787 D/NRM-C-0 ( 2923): Carrier config changed. Try to bind network service.
11-28 00:35:15.788 D/NRM-C-0 ( 2923): Service com.android.phone already bound or being bound.
11-28 00:35:15.788 D/CSST    ( 2923): onCarrierConfigChanged: slotIndex=0, subId=1, carrierId=-1
11-28 00:35:15.788 I/CSST    ( 2923): reading time to delay notification pref network: -1
11-28 00:35:15.788 I/CSST    ( 2923): reading enabled notification pref network: true
11-28 00:35:15.788 I/CSST    ( 2923): reading time to delay notification emergency: -1
11-28 00:35:15.788 D/Phone-0 ( 2923): [0] SubId1,get allowed network types user: value = GPRS|EDGE|UMTS|CDMA|CDMA - EvDo rev. 0|CDMA - EvDo rev. A|CDMA - 1xRTT|HSDPA|HSUPA|HSPA|CDMA - EvDo rev. B|LTE|CDMA - eHRPD|HSPA+|GSM|TD_SCDMA|LTE_CA
11-28 00:35:15.788 D/PhoneFactory( 2923): calculatePreferredNetworkType: phoneId = 0 networkType = 392191
11-28 00:35:15.789 D/Phone-0 ( 2923): [0] Allowed network types for 'carrier' reason is changed by carrier config = GPRS|EDGE|UMTS|CDMA|CDMA - EvDo rev. 0|CDMA - EvDo rev. A|CDMA - 1xRTT|HSDPA|HSUPA|HSPA|CDMA - EvDo rev. B|LTE|CDMA - eHRPD|HSPA+|GSM|TD_SCDMA|LTE_CA
11-28 00:35:15.789 D/Phone-0 ( 2923): [0] SubId1,get allowed network types carrier: value = GPRS|EDGE|UMTS|CDMA|CDMA - EvDo rev. 0|CDMA - EvDo rev. A|CDMA - 1xRTT|HSDPA|HSUPA|HSPA|CDMA - EvDo rev. B|LTE|CDMA - eHRPD|HSPA+|GSM|TD_SCDMA|LTE_CA
11-28 00:35:15.789 I/CSST    ( 2923): isNrSupported:  carrierConfigEnabled: true, AccessFamilySupported: true, isNrNetworkTypeAllowed: false
11-28 00:35:15.789 I/CSST    ( 2923): PrefNetworkNotification: sendMessage() w/values: ,true,false,-1,false,true
11-28 00:35:15.789 I/CSST    ( 2923): canceling notifications: 1000
11-28 00:35:15.789 D/Phone-0 ( 2923): isWifiCallingEnabled =false
11-28 00:35:15.789 D/CSST    ( 2923): isPhoneRegisteredForWifiCalling: false
11-28 00:35:15.789 D/Phone-0 ( 2923): isWifiCallingEnabled =false
11-28 00:35:15.789 I/CSST    ( 2923): EmergencyNetworkNotification: sendMessage() w/values: ,-1,false,true
11-28 00:35:15.790 I/CSST    ( 2923): canceling notifications: 1001
11-28 00:35:15.790 D/ANM-0   ( 2923): bind to com.android.qns
11-28 00:35:15.791 E/ANM-0   ( 2923): Cannot bind to the qualified networks service.
11-28 00:35:15.792 D/SST     ( 2923): [0] CarrierConfigChange PersistableBundle[{imsvoice.voice_on_default_bearer_supported_bool=false, remove_modify_call_capability=false, imsvoice.rtp_inactivity_time_threshold_millis_long=5000, imsss.ut_transport_type_int=1, imsemergency.emergency_call_setup_timer_on_current_network_sec_int=0, carrier_volte_provisioned_bool=false, support_cdma_1x_voice_calls_bool=true, support_ss_over_cdma_bool=false, disable_charge_indication_bool=false, ims.sip_timer_t4_millis_int=17000, config_call_forwarding_CFNRc_visibility_bool=true, support_tdscdma_bool=false, config_video_supp_service=false, httpSocketTimeout=60000, allowed_initial_attach_apn_types_string_array=[ia, default], disable_supplementary_services_in_airplane_mode_bool=false, call_barring_default_service_class_int=1, call_redirection_service_component_name_string=null, carrier_wfc_supports_wifi_only_bool=false, carrier_default_actions_on_default_network_available_string_array=[false: 7, true: 8], imsvoice.minimum_session_expires_timer_sec_int=90, vonr_on_by_default_bool=true, iwlan_handover_policy_string_array=[source=GERAN|UTRAN|EUTRAN|NGRAN|IWLAN, target=GERAN|UTRAN|EUTRAN|NGRAN|IWLAN, type=allowed], operator_selection_expand_bool=true, disable_cdma_activation_code_bool=false, simplified_network_settings_bool=false, imsemergency.emergency_registration_timer_millis_int=10000, call_forwarding_when_unanswered_supported_bool=true, imsvt.h264_payload_description_bundle=PersistableBundle[{99=PersistableBundle[{}], 100=PersistableBundle[{imsvt.video_codec_attribute_packetization_mode_int=0}]}], config_cota_carrier_customize_for_stk_feature=false, support_tdscdma_roaming_networks_string_array=null, opportunistic.5g_data_switch_hysteresis_time_long=2000, ims.sip_timer_d_millis_int=130000, gps.lpp_profile=2, call_barring_visibility_bool=true, gba_mode_int=1, ims.registration_subscribe_expiry_timer_sec_int=600000, gps.es_extension_sec=0, enable_apps_string_array=null, 5g_icon_display_secondary_grace_period_string=, carrier_default_wfc_ims_roaming_enabled_bool=false, cdma_nonroaming_networks_string_array=null, imsss.ut_as_server_fqdn_string=, imsemergency.emergency_lte_preferred_after_nr_failed_bool=false, signal_strength_nr_nsa_use_lte_as_primary_bool=true, 5g_ultra_wideband_icon_nsa_band_mode=2147483647, aliasMinChars=2, fdn_number_length_limit_int=20, support_ims_call_forwarding_while_roaming_bool=true, wfc_data_spn_format_idx_int=0, hide_sim_lock_settings_bool=false, premium_capability_network_setup_time_millis_long=300000, satellite_esos_supported_bool=false, drop_video_call_when_answering_audio_call_bool=false, data_stall_recovery_timers_long_array=[180000, 180000, 180000, 180000], satellite_connection_hysteresis_sec_int=180, opportunistic_esim_download_via_wifi_only_bool=false, imsss.xcap_over_ut_supported_rats_int_array=[3, 5, 6], ci_action_on_sys_update_bool=false, carrier_certificate_string_array=[], convert_cdma_caller_id_mmi_codes_while_roaming_on_3gpp_bool=false, support_enhanced_call_blocking_bool=true, iwlan.ike_rekey_hard_timer_in_sec=14400, vvm_port_number_int=0, premium_capability_notification_display_timeout_millis_long=1800000, wifi_connectivity_extend_cell_delay=-1, imsemergency.emergency_requires_ims_registration_bool=false, carrier_default_wfc_ims_enabled_bool=false, iwlan.ike_session_encryption_aes_ctr_key_size_int_array=[128, 192, 256], dial_string_replace_string_array=null, opportunistic_network_entry_threshold_bandwidth_int=1024, imsemergency.emergency_requires_volte_enabled_bool=false, opportunistic_network_data_switch_exit_hysteresis_time_long=3000, imsss.use_csfb_on_xcap_over_ut_failure_bool=true, gsm_nonroaming_networks_string_array=null, imsserviceentitlement.ims_provisioning_bool=false, wifi.avoid_5ghz_softap_for_laa_bool=false, hide_ims_apn_bool=false, carrier_network_service_wlan_class_override_string=, vvm_destination_number_string=, ims.ipsec_encryption_algorithms_int_array=[0, 1, 2], opportunistic.5g_backoff_time_long=10000, enable_cross_sim_calling_on_opportunistic_data_bool=false, vonr_setting_visibility_bool=
11-28 00:35:15.792 D/Phone-0 ( 2923): getCallForwardingIndicatorFromSharedPref: for subId 1= -1
11-28 00:35:15.792 D/Phone-0 ( 2923): getCallForwardingIndicatorFromSharedPref: for subId 1= -1
11-28 00:35:15.792 V/Phone-0 ( 2923): getCallForwardingIndicator: iccForwardingFlag=-1, sharedPrefFlag=-1
11-28 00:35:15.792 D/DefaultPhoneNotifier( 2923): notifyCallForwardingChanged: subId=1, isCFActive=false
11-28 00:35:15.792 D/Phone-0 ( 2923): getCallForwardingIndicatorFromSharedPref: for subId 1= -1
11-28 00:35:15.792 D/Phone-0 ( 2923): getCallForwardingIndicatorFromSharedPref: for subId 1= -1
11-28 00:35:15.792 V/Phone-0 ( 2923): getCallForwardingIndicator: iccForwardingFlag=-1, sharedPrefFlag=-1
11-28 00:35:15.795 D/NRM-I-1 ( 2923): onRequestNetworkRegistrationInfoComplete result: 0, info: NetworkRegistrationInfo{ domain=PS transportType=WLAN registrationState=NOT_REG_OR_SEARCHING networkRegistrationState=NOT_REG_OR_SEARCHING roamingType=NOT_ROAMING accessNetworkTechnology=IWLAN rejectCause=0 emergencyEnabled=false availableServices=[] cellIdentity=null voiceSpecificInfo=null dataSpecificInfo=null nrState=**** rRplmn= isUsingCarrierAggregation=false isNonTerrestrialNetwork=TERRESTRIAL}
11-28 00:35:15.795 D/NRM-I-1 ( 2923): onRequestNetworkRegistrationInfoComplete result: 0, info: NetworkRegistrationInfo{ domain=PS transportType=WLAN registrationState=NOT_REG_OR_SEARCHING networkRegistrationState=NOT_REG_OR_SEARCHING roamingType=NOT_ROAMING accessNetworkTechnology=IWLAN rejectCause=0 emergencyEnabled=false availableServices=[] cellIdentity=null voiceSpecificInfo=null dataSpecificInfo=null nrState=**** rRplmn= isUsingCarrierAggregation=false isNonTerrestrialNetwork=TERRESTRIAL}
11-28 00:35:15.795 D/RILJ    ( 2923): [0066]< SET_UNSOLICITED_RESPONSE_FILTER  [PHONE1]
11-28 00:35:15.795 D/RILJ    ( 2923): [0075]< SET_UNSOLICITED_RESPONSE_FILTER  [PHONE1]
11-28 00:35:15.796 D/SST     ( 2923): [0] pollState: modemTriggered=false, radioState=1
11-28 00:35:15.796 D/NRM-I-1 ( 2923): onRequestNetworkRegistrationInfoComplete result: 0, info: NetworkRegistrationInfo{ domain=PS transportType=WLAN registrationState=NOT_REG_OR_SEARCHING networkRegistrationState=NOT_REG_OR_SEARCHING roamingType=NOT_ROAMING accessNetworkTechnology=IWLAN rejectCause=0 emergencyEnabled=false availableServices=[] cellIdentity=null voiceSpecificInfo=null dataSpecificInfo=null nrState=**** rRplmn= isUsingCarrierAggregation=false isNonTerrestrialNetwork=TERRESTRIAL}
11-28 00:35:15.796 D/NRM-I-1 ( 2923): onRequestNetworkRegistrationInfoComplete result: 0, info: NetworkRegistrationInfo{ domain=PS transportType=WLAN registrationState=NOT_REG_OR_SEARCHING networkRegistrationState=NOT_REG_OR_SEARCHING roamingType=NOT_ROAMING accessNetworkTechnology=IWLAN rejectCause=0 emergencyEnabled=false availableServices=[] cellIdentity=null voiceSpecificInfo=null dataSpecificInfo=null nrState=**** rRplmn= isUsingCarrierAggregation=false isNonTerrestrialNetwork=TERRESTRIAL}
11-28 00:35:15.796 D/NRM-I-1 ( 2923): onRequestNetworkRegistrationInfoComplete result: 0, info: NetworkRegistrationInfo{ domain=PS transportType=WLAN registrationState=NOT_REG_OR_SEARCHING networkRegistrationState=NOT_REG_OR_SEARCHING roamingType=NOT_ROAMING accessNetworkTechnology=IWLAN rejectCause=0 emergencyEnabled=false availableServices=[] cellIdentity=null voiceSpecificInfo=null dataSpecificInfo=null nrState=**** rRplmn= isUsingCarrierAggregation=false isNonTerrestrialNetwork=TERRESTRIAL}
11-28 00:35:15.796 D/NRM-I-1 ( 2923): onRequestNetworkRegistrationInfoComplete result: 0, info: NetworkRegistrationInfo{ domain=PS transportType=WLAN registrationState=NOT_REG_OR_SEARCHING networkRegistrationState=NOT_REG_OR_SEARCHING roamingType=NOT_ROAMING accessNetworkTechnology=IWLAN rejectCause=0 emergencyEnabled=false availableServices=[] cellIdentity=null voiceSpecificInfo=null dataSpecificInfo=null nrState=**** rRplmn= isUsingCarrierAggregation=false isNonTerrestrialNetwork=TERRESTRIAL}
11-28 00:35:15.797 D/RILJ    ( 2923): [0183]> OPERATOR [PHONE0]
11-28 00:35:15.800 D/RILJ    ( 2923): [0184]> DATA_REGISTRATION_STATE [PHONE0]
11-28 00:35:15.800 D/RILJ    ( 2923): getDataRegistrationState: overrideHalVersion=null [PHONE0]
11-28 00:35:15.800 D/RILC    ( 1712): RadioImpl_1_5::getDataRegistrationState_1_5: serial 184
11-28 00:35:15.800 D/RILJ    ( 2923): [0186]> VOICE_REGISTRATION_STATE [PHONE0]
11-28 00:35:15.801 D/RILJ    ( 2923): getVoiceRegistrationState: overrideHalVersion=null [PHONE0]
11-28 00:35:15.801 D/RILC    ( 1712): RadioImpl_1_5::getVoiceRegistrationState_1_5: serial 186
11-28 00:35:15.802 D/RILJ    ( 2923): [0185]> QUERY_NETWORK_SELECTION_MODE [PHONE0]
11-28 00:35:15.803 D/ImsPhoneCallTracker( 2923): [0] onReceive: caching carrier config until ImsService connects for subId: 1
11-28 00:35:15.803 D/ImsPhoneCallTracker( 2923): [1] onReceive: Skipping indication for other phoneId: 0
11-28 00:35:15.803 D/NetworkTypeController( 2923): [0] LegacyState: process EVENT_CARRIER_CONFIG_CHANGED
11-28 00:35:15.803 D/NetworkTypeController( 2923): [0] Reset timers since NR is not allowed.
11-28 00:35:15.803 D/NetworkTypeController( 2923): [0] DefaultState: process EVENT_CARRIER_CONFIG_CHANGED
11-28 00:35:15.803 D/NetworkTypeController( 2923): [0] mOverrideTimerRules: {connected={mState=connected, mOverrideType=NR_NSA, mPrimaryTimers={}, mSecondaryTimers={}}, not_restricted_rrc_con={mState=not_restricted_rrc_con, mOverrideType=NR_NSA, mPrimaryTimers={}, mSecondaryTimers={}}, legacy={mState=legacy, mOverrideType=NONE, mPrimaryTimers={}, mSecondaryTimers={}}, not_restricted_rrc_idle={mState=not_restricted_rrc_idle, mOverrideType=NR_NSA, mPrimaryTimers={}, mSecondaryTimers={}}, restricted={mState=restricted, mOverrideType=NONE, mPrimaryTimers={}, mSecondaryTimers={}}, connected_mmwave={mState=connected_mmwave, mOverrideType=NR_NSA, mPrimaryTimers={}, mSecondaryTimers={}}, connected_rrc_idle={mState=connected_rrc_idle, mOverrideType=NR_NSA, mPrimaryTimers={}, mSecondaryTimers={}}}
11-28 00:35:15.803 D/NetworkTypeController( 2923): [0] Physical channel configs updated: anchorNrCell=-1, nrBandwidths=0, nrBands=[], configs=null
11-28 00:35:15.803 D/NetworkTypeController( 2923): [0] Reset timers since carrier configurations changed.
11-28 00:35:15.804 D/UiccProfile( 2923): onCarrierConfigChanged: slotIndex=0, subId=1, carrierId=-1
11-28 00:35:15.805 D/CarrierSignalAgent( 2923): [0]Loading carrier config: carrier_app_wake_signal_config
11-28 00:35:15.805 D/CarrierSignalAgent( 2923): [0]Loading carrier config: carrier_app_no_wake_signal_config
11-28 00:35:15.806 D/DIC-0   ( 2923): Carrier configs updated: PersistableBundle[{carrier_config_applied_bool=true, show_roaming_indicator_bool=true, carrier_config_version_string=}]
11-28 00:35:15.806 D/DSM-C-0 ( 2923): Carrier config changed. Try to bind data service.
11-28 00:35:15.806 D/DSM-C-0 ( 2923): Service com.android.phone already bound or being bound.
11-28 00:35:15.809 D/Phone-0 ( 2923): isImsCapabilityAvailable, capability=0, regTech=1, isAvailable=false
11-28 00:35:15.809 D/Phone-0 ( 2923): isImsCapabilityAvailable, capability=1, regTech=1, isAvailable=false
11-28 00:35:15.809 D/Phone-0 ( 2923): isImsCapabilityAvailable, capability=2, regTech=1, isAvailable=false
11-28 00:35:15.810 D/Phone-0 ( 2923): getImsRegistrationTechnology =-1
11-28 00:35:15.813 D/GsmCdmaPhone( 2923): mBroadcastReceiver: action android.telephony.action.CARRIER_CONFIG_CHANGED
11-28 00:35:15.813 D/GsmCdmaPhone( 2923): mBroadcastReceiver: action android.telephony.action.CARRIER_CONFIG_CHANGED
11-28 00:35:15.813 D/ImsStateCallbackController( 2923): onCarrierConfigChanged slotId=0
11-28 00:35:15.814 I/RcsProvisioningMonitor( 2923): notify default messaging app for sub:1 with capability:3
11-28 00:35:15.817 D/DPM-0   ( 2923): Can't find any data profile that can satisfy [NetworkRequest [ NONE id=0, [ Capabilities: INTERNET&NOT_RESTRICTED&TRUSTED&NOT_VPN&NOT_VCN_MANAGED&NOT_BANDWIDTH_CONSTRAINED Uid: 1001 UnderlyingNetworks: Null] ], mPriority=20, state=UNSATISFIED, mAttachedDataNetwork=null, created time=00:35:15.817, evaluation result=null]
