11-28 00:35:16.747 D/ImsProvisioningController( 2923): MmTelFeatureListener[0] subId is not changed
11-28 00:35:16.747 D/ImsProvisioningController( 2923): MmTelFeatureListener[1] subId is not changed
11-28 00:35:16.747 D/ImsProvisioningController( 2923): RcsFeatureListener[0] subId is not changed
11-28 00:35:16.747 D/ImsProvisioningController( 2923): RcsFeatureListener[1] subId is not changed
11-28 00:35:16.747 D/ImsProvisioningController( 2923): ProvisioningCallbackManager[0] subId is not changed 
11-28 00:35:16.747 D/ImsProvisioningController( 2923): ProvisioningCallbackManager[1] subId is not changed 
11-28 00:35:16.748 D/TelephonyAnalyticsSubId( 2923): SubId = 1SlotIndex = 0
11-28 00:35:16.749 W/TelephonyRegistry( 1764): Pid 1764 has exceeded half the number of permissible registered listeners. Now at 38
11-28 00:35:16.751 D/LocaleTracker-0( 2923): updateLocale: countryIso = , countryIsoDebugInfo = empty as default
11-28 00:35:16.751 D/LocaleTracker-0( 2923): updateLocale: timeZoneCountryIso = , timeZoneCountryIsoDebugInfo = empty as default
11-28 00:35:16.751 D/NitzStateMachineImpl( 2923): handleCountryUnavailable: mLatestNitzSignal=null
11-28 00:35:16.751 D/NitzStateMachineImpl( 2923): doTimeZoneDetection: countryIsoCode=null, nitzSignal=null, suggestion=TelephonyTimeZoneSuggestion{mSlotIndex=0, mZoneId='null', mMatchType=0, mQuality=0, mDebugInfo=[getTimeZoneSuggestion: nitzSignal=null, countryIsoCode=null, Detection reason=handleCountryUnavailable]}, reason=handleCountryUnavailable
11-28 00:35:16.751 D/LocaleTracker-0( 2923): Starting LocaleTracker
11-28 00:35:16.751 D/ImsPhone( 2923): [0] handleMessage what=83
11-28 00:35:16.752 D/ImsManager [0]( 2923): Capability Callback registered for subscription.
11-28 00:35:16.752 D/Phone-0 ( 2923): isImsCapabilityAvailable, capability=0, regTech=1, isAvailable=false
11-28 00:35:16.752 D/Phone-0 ( 2923): isImsCapabilityAvailable, capability=1, regTech=1, isAvailable=false
11-28 00:35:16.752 D/Phone-0 ( 2923): isImsCapabilityAvailable, capability=2, regTech=1, isAvailable=false
11-28 00:35:16.753 D/Phone-0 ( 2923): getImsRegistrationTechnology =-1
11-28 00:35:16.754 D/UiccCardApplication( 2923): parsePinPukErrorResult: attemptsRemaining=3
11-28 00:35:16.756 D/DPM-0   ( 2923): Can't find any data profile that can satisfy [NetworkRequest [ NONE id=0, [ Capabilities: INTERNET&NOT_RESTRICTED&TRUSTED&NOT_VPN&NOT_VCN_MANAGED&NOT_BANDWIDTH_CONSTRAINED Uid: 1001 UnderlyingNetworks: Null] ], mPriority=20, state=UNSATISFIED, mAttachedDataNetwork=null, created time=00:35:16.755, evaluation result=null]
11-28 00:35:16.757 D/DPM-0   ( 2923): Unable to find a data profile for [NetworkRequest [ NONE id=0, [ Capabilities: INTERNET&NOT_RESTRICTED&TRUSTED&NOT_VPN&NOT_VCN_MANAGED&NOT_BANDWIDTH_CONSTRAINED Uid: 1001 UnderlyingNetworks: Null] ], mPriority=20, state=UNSATISFIED, mAttachedDataNetwork=null, created time=00:35:16.755, evaluation result=null]
11-28 00:35:16.757 D/ImsPhone( 2923): [0] handleMessage what=82
11-28 00:35:16.757 D/ImsPhone( 2923): [0] EVENT_DEFAULT_PHONE_DATA_STATE_CHANGED
11-28 00:35:16.757 D/ImsPhone( 2923): [0] updateDataServiceState: defSs = {mVoiceRegState=1(OUT_OF_SERVICE), mDataRegState=1(OUT_OF_SERVICE), mChannelNumber=-1, duplexMode()=0, mCellBandwidths=[], mOperatorAlphaLong=, mOperatorAlphaShort=, isManualNetworkSelection=false(automatic), getRilVoiceRadioTechnology=0(Unknown), getRilDataRadioTechnology=0(Unknown), mCssIndicator=unsupported, mNetworkId=-1, mSystemId=-1, mCdmaRoamingIndicator=-1, mCdmaDefaultRoamingIndicator=-1, mIsEmergencyOnly=false, isUsingCarrierAggregation=false, mArfcnRsrpBoost=0, mNetworkRegistrationInfos=[NetworkRegistrationInfo{ domain=PS transportType=WLAN registrationState=NOT_REG_OR_SEARCHING networkRegistrationState=NOT_REG_OR_SEARCHING roamingType=NOT_ROAMING accessNetworkTechnology=IWLAN rejectCause=0 emergencyEnabled=false availableServices=[] cellIdentity=null voiceSpecificInfo=null dataSpecificInfo=null nrState=**** rRplmn= isUsingCarrierAggregation=false isNonTerrestrialNetwork=TERRESTRIAL}, NetworkRegistrationInfo{ domain=CS transportType=WWAN registrationState=NOT_REG_SEARCHING networkRegistrationState=NOT_REG_SEARCHING roamingType=NOT_ROAMING accessNetworkTechnology=UNKNOWN rejectCause=0 emergencyEnabled=false availableServices=[] cellIdentity=null voiceSpecificInfo=VoiceSpecificRegistrationInfo { mCssSupported=false mRoamingIndicator=0 mSystemIsInPrl=0 mDefaultRoamingIndicator=0} dataSpecificInfo=null nrState=**** rRplmn= isUsingCarrierAggregation=false isNonTerrestrialNetwork=TERRESTRIAL}, NetworkRegistrationInfo{ domain=PS transportType=WWAN registrationState=NOT_REG_SEARCHING networkRegistrationState=NOT_REG_SEARCHING roamingType=NOT_ROAMING accessNetworkTechnology=UNKNOWN rejectCause=0 emergencyEnabled=false availableServices=[] cellIdentity=null voiceSpecificInfo=null dataSpecificInfo=android.telephony.DataSpecificRegistrationInfo :{ maxDataCalls = 16 isDcNrRestricted = false isNrAvailable = false isEnDcAvailable = false mLteAttachResultType = 0 mLteAttachExtraInfo = 0 LteVopsSupportInfo :  mVopsSupport = 1 mEmcBearerSupport = 1 } nrState=**** rRplmn= isUsingCarrierAggregation=false isNonTerrestrialNetwork=TERRESTRIAL}], mNrFrequencyRange=0, mOperatorAlphaLongRaw=, mOperatorAlphaShortRaw=, mIsDataRoamingFromRegistration=false, mIsIwlanPreferred=false, mIsUsingNonTerrestrialNetwork=false} imsSs = {mVoiceRegState=1(OUT_OF_SERVICE), mDataRegState=1(OUT_OF_SERVICE), mChannelNumber=-1, duplexMode()=0, mCellBandwidths=[], mOperatorAlphaLong=null, mOperatorAlphaShort=null, isManualNetworkSelection=false(automatic), getRilVoiceRadioTechnology=0(Unknown), getRilDataRadioTechnology=0(Unknown), mCssIndicator=unsupported, mNetworkId=-1, mSystemId=-1, mCdmaRoamingIndicator=-1, mCdmaDefaultRoamingIndicator=-1, mIsEmergencyOnly=false, isUsingCarrierAggregation=false, mArfcnRsrpBoost=0, mNetworkRegistrationInfos=[NetworkRegistrationInfo{ domain=CS transportType=WWAN registrationState=UNKNOWN networkRegistrationState=UNKNOWN roamingType=NOT_ROAMING accessNetworkTechnology=UNKNOWN rejectCause=0 emergencyEnabled=false availableServices=[] cellIdentity=null voiceSpecificInfo=null dataSpecificInfo=null nrState=**** rRplmn= isUsingCarrierAggregation=false isNonTerrestrialNetwork=TERRESTRIAL}, NetworkRegistrationInfo{ domain=PS transportType=WLAN registrationState=NOT_REG_OR_SEARCHING networkRegistrationState=NOT_REG_OR_SEARCHING roamingType=NOT_ROAMING accessNetworkTechnology=IWLAN rejectCause=0 emergencyEnabled=false availableServices=[] cellIdentity=null voiceSpecificInfo=null dataSpecificInfo=null nrState=**** rRplmn= isUsingCarrierAggregation=false isNonTerrestrialNetwork=TERRESTRIAL}, NetworkRegistrationInfo{ domain=PS transportType=WWAN registrationState=NOT_REG_SEARCHING networkRegistrationState=NOT_REG_SEARCHING roamingType=NOT_ROAMING accessNetworkTechnology=UNKNOWN rejectCause=0 emergencyEnabled=false availableServices=[] cellIdentity=null voiceSpecificInfo=null dataSpecificInfo=android.telephony.DataSpecificRegistrationInfo :{ maxDataCalls = 16 isDcNrRestricted = false isNrAvailable = false isEnDcAvailable = false mLteAttachResultType = 0 mLteAt
11-28 00:35:16.757 D/ImsPhone( 2923): [0] handleMessage what=82
11-28 00:35:16.757 D/ImsPhone( 2923): [0] EVENT_DEFAULT_PHONE_DATA_STATE_CHANGED
11-28 00:35:16.758 D/ImsPhone( 2923): [0] updateDataServiceState: defSs = {mVoiceRegState=1(OUT_OF_SERVICE), mDataRegState=1(OUT_OF_SERVICE), mChannelNumber=-1, duplexMode()=0, mCellBandwidths=[], mOperatorAlphaLong=, mOperatorAlphaShort=, isManualNetworkSelection=false(automatic), getRilVoiceRadioTechnology=0(Unknown), getRilDataRadioTechnology=0(Unknown), mCssIndicator=unsupported, mNetworkId=-1, mSystemId=-1, mCdmaRoamingIndicator=-1, mCdmaDefaultRoamingIndicator=-1, mIsEmergencyOnly=false, isUsingCarrierAggregation=false, mArfcnRsrpBoost=0, mNetworkRegistrationInfos=[NetworkRegistrationInfo{ domain=PS transportType=WLAN registrationState=NOT_REG_OR_SEARCHING networkRegistrationState=NOT_REG_OR_SEARCHING roamingType=NOT_ROAMING accessNetworkTechnology=IWLAN rejectCause=0 emergencyEnabled=false availableServices=[] cellIdentity=null voiceSpecificInfo=null dataSpecificInfo=null nrState=**** rRplmn= isUsingCarrierAggregation=false isNonTerrestrialNetwork=TERRESTRIAL}, NetworkRegistrationInfo{ domain=CS transportType=WWAN registrationState=NOT_REG_SEARCHING networkRegistrationState=NOT_REG_SEARCHING roamingType=NOT_ROAMING accessNetworkTechnology=UNKNOWN rejectCause=0 emergencyEnabled=false availableServices=[] cellIdentity=null voiceSpecificInfo=VoiceSpecificRegistrationInfo { mCssSupported=false mRoamingIndicator=0 mSystemIsInPrl=0 mDefaultRoamingIndicator=0} dataSpecificInfo=null nrState=**** rRplmn= isUsingCarrierAggregation=false isNonTerrestrialNetwork=TERRESTRIAL}, NetworkRegistrationInfo{ domain=PS transportType=WWAN registrationState=NOT_REG_SEARCHING networkRegistrationState=NOT_REG_SEARCHING roamingType=NOT_ROAMING accessNetworkTechnology=UNKNOWN rejectCause=0 emergencyEnabled=false availableServices=[] cellIdentity=null voiceSpecificInfo=null dataSpecificInfo=android.telephony.DataSpecificRegistrationInfo :{ maxDataCalls = 16 isDcNrRestricted = false isNrAvailable = false isEnDcAvailable = false mLteAttachResultType = 0 mLteAttachExtraInfo = 0 LteVopsSupportInfo :  mVopsSupport = 1 mEmcBearerSupport = 1 } nrState=**** rRplmn= isUsingCarrierAggregation=false isNonTerrestrialNetwork=TERRESTRIAL}], mNrFrequencyRange=0, mOperatorAlphaLongRaw=, mOperatorAlphaShortRaw=, mIsDataRoamingFromRegistration=false, mIsIwlanPreferred=false, mIsUsingNonTerrestrialNetwork=false} imsSs = {mVoiceRegState=1(OUT_OF_SERVICE), mDataRegState=1(OUT_OF_SERVICE), mChannelNumber=-1, duplexMode()=0, mCellBandwidths=[], mOperatorAlphaLong=null, mOperatorAlphaShort=null, isManualNetworkSelection=false(automatic), getRilVoiceRadioTechnology=0(Unknown), getRilDataRadioTechnology=0(Unknown), mCssIndicator=unsupported, mNetworkId=-1, mSystemId=-1, mCdmaRoamingIndicator=-1, mCdmaDefaultRoamingIndicator=-1, mIsEmergencyOnly=false, isUsingCarrierAggregation=false, mArfcnRsrpBoost=0, mNetworkRegistrationInfos=[NetworkRegistrationInfo{ domain=CS transportType=WWAN registrationState=UNKNOWN networkRegistrationState=UNKNOWN roamingType=NOT_ROAMING accessNetworkTechnology=UNKNOWN rejectCause=0 emergencyEnabled=false availableServices=[] cellIdentity=null voiceSpecificInfo=null dataSpecificInfo=null nrState=**** rRplmn= isUsingCarrierAggregation=false isNonTerrestrialNetwork=TERRESTRIAL}, NetworkRegistrationInfo{ domain=PS transportType=WLAN registrationState=NOT_REG_OR_SEARCHING networkRegistrationState=NOT_REG_OR_SEARCHING roamingType=NOT_ROAMING accessNetworkTechnology=IWLAN rejectCause=0 emergencyEnabled=false availableServices=[] cellIdentity=null voiceSpecificInfo=null dataSpecificInfo=null nrState=**** rRplmn= isUsingCarrierAggregation=false isNonTerrestrialNetwork=TERRESTRIAL}, NetworkRegistrationInfo{ domain=PS transportType=WWAN registrationState=NOT_REG_SEARCHING networkRegistrationState=NOT_REG_SEARCHING roamingType=NOT_ROAMING accessNetworkTechnology=UNKNOWN rejectCause=0 emergencyEnabled=false availableServices=[] cellIdentity=null voiceSpecificInfo=null dataSpecificInfo=android.telephony.DataSpecificRegistrationInfo :{ maxDataCalls = 16 isDcNrRestricted = false isNrAvailable = false isEnDcAvailable = false mLteAttachResultType = 0 mLteAt
11-28 00:35:16.758 D/GsmCdmaPhone( 2923): [0] onVoiceRegStateOrRatChanged
11-28 00:35:16.758 D/GsmCdmaPhone( 2923): [0] getCsCallRadioTech, current vrs=1, vrat=0
11-28 00:35:16.758 D/GsmCdmaPhone( 2923): [0] getCsCallRadioTech, result calcVrat=0
11-28 00:35:16.759 D/DNC-0   ( 2923): onReevaluateExistingDataNetworks: No existing data networks to re-evaluate.
11-28 00:35:16.761 D/DNC-0   ( 2923): Re-evaluating 36 unsatisfied network requests in 4 groups, [INTERNET|TRUSTED|NOT_VPN|NOT_VCN_MANAGED]-SATELLITE, [INTERNET|NOT_RESTRICTED|TRUSTED|NOT_VCN_MANAGED|NOT_BANDWIDTH_CONSTRAINED]-, [INTERNET|NOT_RESTRICTED|TRUSTED|NOT_VPN|NOT_VCN_MANAGED|NOT_BANDWIDTH_CONSTRAINED]-, [INTERNET|NOT_RESTRICTED|TRUSTED|NOT_VPN|NOT_VCN_MANAGED|NOT_BANDWIDTH_CONSTRAINED]-CELLULAR due to DATA_SERVICE_STATE_CHANGED
11-28 00:35:16.761 D/DPM-0   ( 2923): Can't find any data profile that can satisfy [NetworkRequest [ REQUEST id=12, [ Transports: SATELLITE Capabilities: INTERNET&TRUSTED&NOT_VPN&NOT_VCN_MANAGED Uid: 10613 UnderlyingNetworks: Null] ], mPriority=20, state=UNSATISFIED, mAttachedDataNetwork=null, created time=00:35:14.179, evaluation result=Data evaluation: evaluation reason:DATA_PROFILES_CHANGED, Data disallowed reasons: NOT_IN_SERVICE SERVICE_OPTION_NOT_SUPPORTED NO_SUITABLE_DATA_PROFILE SIM_NOT_READY DATA_NETWORK_TRANSPORT_NOT_ALLOWED, candidate profile=null, time=00:35:16.101]
11-28 00:35:16.761 D/DPM-0   ( 2923): Unable to find a data profile for [NetworkRequest [ REQUEST id=12, [ Transports: SATELLITE Capabilities: INTERNET&TRUSTED&NOT_VPN&NOT_VCN_MANAGED Uid: 10613 UnderlyingNetworks: Null] ], mPriority=20, state=UNSATISFIED, mAttachedDataNetwork=null, created time=00:35:14.179, evaluation result=Data evaluation: evaluation reason:DATA_PROFILES_CHANGED, Data disallowed reasons: NOT_IN_SERVICE SERVICE_OPTION_NOT_SUPPORTED NO_SUITABLE_DATA_PROFILE SIM_NOT_READY DATA_NETWORK_TRANSPORT_NOT_ALLOWED, candidate profile=null, time=00:35:16.101]
11-28 00:35:16.762 D/DNC-0   ( 2923): Data evaluation: evaluation reason:DATA_SERVICE_STATE_CHANGED, Data disallowed reasons: NOT_IN_SERVICE SERVICE_OPTION_NOT_SUPPORTED NO_SUITABLE_DATA_PROFILE SIM_NOT_READY DATA_NETWORK_TRANSPORT_NOT_ALLOWED, candidate profile=null, time=00:35:16.761, network type=UNKNOWN, reg state=NOT_REG_SEARCHING, [NetworkRequest [ REQUEST id=12, [ Transports: SATELLITE Capabilities: INTERNET&TRUSTED&NOT_VPN&NOT_VCN_MANAGED Uid: 10613 UnderlyingNetworks: Null] ], mPriority=20, state=UNSATISFIED, mAttachedDataNetwork=null, created time=00:35:14.179, evaluation result=Data evaluation: evaluation reason:DATA_SERVICE_STATE_CHANGED, Data disallowed reasons: NOT_IN_SERVICE SERVICE_OPTION_NOT_SUPPORTED NO_SUITABLE_DATA_PROFILE SIM_NOT_READY DATA_NETWORK_TRANSPORT_NOT_ALLOWED, candidate profile=null, time=00:35:16.761]
11-28 00:35:16.762 D/DPM-0   ( 2923): Can't find any data profile that can satisfy [NetworkRequest [ REQUEST id=65, [ Capabilities: INTERNET&NOT_RESTRICTED&TRUSTED&NOT_VCN_MANAGED&NOT_BANDWIDTH_CONSTRAINED Uid: 1073 RequestorUid: 1073 RequestorPkg: com.android.networkstack UnderlyingNetworks: Null] ], mPriority=20, state=UNSATISFIED, mAttachedDataNetwork=null, created time=00:35:14.183, evaluation result=Data evaluation: evaluation reason:DATA_PROFILES_CHANGED, Data disallowed reasons: NOT_IN_SERVICE SERVICE_OPTION_NOT_SUPPORTED NO_SUITABLE_DATA_PROFILE SIM_NOT_READY, candidate profile=null, time=00:35:16.102]
11-28 00:35:16.763 D/DPM-0   ( 2923): Unable to find a data profile for [NetworkRequest [ REQUEST id=65, [ Capabilities: INTERNET&NOT_RESTRICTED&TRUSTED&NOT_VCN_MANAGED&NOT_BANDWIDTH_CONSTRAINED Uid: 1073 RequestorUid: 1073 RequestorPkg: com.android.networkstack UnderlyingNetworks: Null] ], mPriority=20, state=UNSATISFIED, mAttachedDataNetwork=null, created time=00:35:14.182, evaluation result=Data evaluation: evaluation reason:DATA_PROFILES_CHANGED, Data disallowed reasons: NOT_IN_SERVICE SERVICE_OPTION_NOT_SUPPORTED NO_SUITABLE_DATA_PROFILE SIM_NOT_READY, candidate profile=null, time=00:35:16.102]
11-28 00:35:16.763 D/DNC-0   ( 2923): Data evaluation: evaluation reason:DATA_SERVICE_STATE_CHANGED, Data disallowed reasons: NOT_IN_SERVICE SERVICE_OPTION_NOT_SUPPORTED NO_SUITABLE_DATA_PROFILE SIM_NOT_READY, candidate profile=null, time=00:35:16.763, network type=UNKNOWN, reg state=NOT_REG_SEARCHING, [NetworkRequest [ REQUEST id=65, [ Capabilities: INTERNET&NOT_RESTRICTED&TRUSTED&NOT_VCN_MANAGED&NOT_BANDWIDTH_CONSTRAINED Uid: 1073 RequestorUid: 1073 RequestorPkg: com.android.networkstack UnderlyingNetworks: Null] ], mPriority=20, state=UNSATISFIED, mAttachedDataNetwork=null, created time=00:35:14.183, evaluation result=Data evaluation: evaluation reason:DATA_SERVICE_STATE_CHANGED, Data disallowed reasons: NOT_IN_SERVICE SERVICE_OPTION_NOT_SUPPORTED NO_SUITABLE_DATA_PROFILE SIM_NOT_READY, candidate profile=null, time=00:35:16.763]
11-28 00:35:16.763 D/DPM-0   ( 2923): Can't find any data profile that can satisfy [NetworkRequest [ REQUEST id=1, [ Capabilities: INTERNET&NOT_RESTRICTED&TRUSTED&NOT_VPN&NOT_VCN_MANAGED&NOT_BANDWIDTH_CONSTRAINED RequestorUid: 1000 RequestorPkg: android UnderlyingNetworks: Null] ], mPriority=20, state=UNSATISFIED, mAttachedDataNetwork=null, created time=00:35:14.184, evaluation result=Data evaluation: evaluation reason:DATA_PROFILES_CHANGED, Data disallowed reasons: NOT_IN_SERVICE SERVICE_OPTION_NOT_SUPPORTED NO_SUITABLE_DATA_PROFILE SIM_NOT_READY, candidate profile=null, time=00:35:16.102]
11-28 00:35:16.763 D/DPM-0   ( 2923): Unable to find a data profile for [NetworkRequest [ REQUEST id=1, [ Capabilities: INTERNET&NOT_RESTRICTED&TRUSTED&NOT_VPN&NOT_VCN_MANAGED&NOT_BANDWIDTH_CONSTRAINED RequestorUid: 1000 RequestorPkg: android UnderlyingNetworks: Null] ], mPriority=20, state=UNSATISFIED, mAttachedDataNetwork=null, created time=00:35:14.184, evaluation result=Data evaluation: evaluation reason:DATA_PROFILES_CHANGED, Data disallowed reasons: NOT_IN_SERVICE SERVICE_OPTION_NOT_SUPPORTED NO_SUITABLE_DATA_PROFILE SIM_NOT_READY, candidate profile=null, time=00:35:16.102]
11-28 00:35:16.764 D/DNC-0   ( 2923): Data evaluation: evaluation reason:DATA_SERVICE_STATE_CHANGED, Data disallowed reasons: NOT_IN_SERVICE SERVICE_OPTION_NOT_SUPPORTED NO_SUITABLE_DATA_PROFILE SIM_NOT_READY, candidate profile=null, time=00:35:16.763, network type=UNKNOWN, reg state=NOT_REG_SEARCHING, [NetworkRequest [ REQUEST id=1, [ Capabilities: INTERNET&NOT_RESTRICTED&TRUSTED&NOT_VPN&NOT_VCN_MANAGED&NOT_BANDWIDTH_CONSTRAINED RequestorUid: 1000 RequestorPkg: android UnderlyingNetworks: Null] ], mPriority=20, state=UNSATISFIED, mAttachedDataNetwork=null, created time=00:35:14.183, evaluation result=Data evaluation: evaluation reason:DATA_SERVICE_STATE_CHANGED, Data disallowed reasons: NOT_IN_SERVICE SERVICE_OPTION_NOT_SUPPORTED NO_SUITABLE_DATA_PROFILE SIM_NOT_READY, candidate profile=null, time=00:35:16.763]
11-28 00:35:16.764 D/DPM-0   ( 2923): Can't find any data profile that can satisfy [NetworkRequest [ BACKGROUND_REQUEST id=2, [ Transports: CELLULAR Capabilities: INTERNET&NOT_RESTRICTED&TRUSTED&NOT_VPN&NOT_VCN_MANAGED&NOT_BANDWIDTH_CONSTRAINED RequestorUid: 1000 RequestorPkg: android UnderlyingNetworks: Null] ], mPriority=20, state=UNSATISFIED, mAttachedDataNetwork=null, created time=00:35:14.181, evaluation result=Data evaluation: evaluation reason:DATA_PROFILES_CHANGED, Data disallowed reasons: NOT_IN_SERVICE SERVICE_OPTION_NOT_SUPPORTED NO_SUITABLE_DATA_PROFILE SIM_NOT_READY, candidate profile=null, time=00:35:16.103]
11-28 00:35:16.764 D/DPM-0   ( 2923): Unable to find a data profile for [NetworkRequest [ BACKGROUND_REQUEST id=2, [ Transports: CELLULAR Capabilities: INTERNET&NOT_RESTRICTED&TRUSTED&NOT_VPN&NOT_VCN_MANAGED&NOT_BANDWIDTH_CONSTRAINED RequestorUid: 1000 RequestorPkg: android UnderlyingNetworks: Null] ], mPriority=20, state=UNSATISFIED, mAttachedDataNetwork=null, created time=00:35:14.181, evaluation result=Data evaluation: evaluation reason:DATA_PROFILES_CHANGED, Data disallowed reasons: NOT_IN_SERVICE SERVICE_OPTION_NOT_SUPPORTED NO_SUITABLE_DATA_PROFILE SIM_NOT_READY, candidate profile=null, time=00:35:16.103]
11-28 00:35:16.764 D/DNC-0   ( 2923): Data evaluation: evaluation reason:DATA_SERVICE_STATE_CHANGED, Data disallowed reasons: NOT_IN_SERVICE SERVICE_OPTION_NOT_SUPPORTED NO_SUITABLE_DATA_PROFILE SIM_NOT_READY, candidate profile=null, time=00:35:16.764, network type=UNKNOWN, reg state=NOT_REG_SEARCHING, [NetworkRequest [ BACKGROUND_REQUEST id=2, [ Transports: CELLULAR Capabilities: INTERNET&NOT_RESTRICTED&TRUSTED&NOT_VPN&NOT_VCN_MANAGED&NOT_BANDWIDTH_CONSTRAINED RequestorUid: 1000 RequestorPkg: android UnderlyingNetworks: Null] ], mPriority=20, state=UNSATISFIED, mAttachedDataNetwork=null, created time=00:35:14.181, evaluation result=Data evaluation: evaluation reason:DATA_SERVICE_STATE_CHANGED, Data disallowed reasons: NOT_IN_SERVICE SERVICE_OPTION_NOT_SUPPORTED NO_SUITABLE_DATA_PROFILE SIM_NOT_READY, candidate profile=null, time=00:35:16.764]
11-28 00:35:16.766 D/SST     ( 2923): [0] SubscriptionListener.onSubscriptionInfoChanged
11-28 00:35:16.766 D/SST     ( 2923): [1] SubscriptionListener.onSubscriptionInfoChanged
11-28 00:35:16.766 D/TNP     ( 2923): Subscription changed.
11-28 00:35:16.766 D/TNP     ( 2923): reevaluateNetworkRequests: subscription changed.
11-28 00:35:16.775 D/Phone-0 ( 2923): isImsRegistered =false
11-28 00:35:16.778 D/Phone-0 ( 2923): getImsRegistrationTechnology =-1
11-28 00:35:16.790 D/ImsManager [0]( 2923): Capability Callback registered for subscription.
11-28 00:35:16.790 D/ImsManager [0]( 2923): Registration Callback registered.
11-28 00:35:16.791 D/SSCtr   ( 2923): clearSignalStrengthUpdateRequest subId=1 callingUid=1002 request=SignalStrengthUpdateRequest{mSignalThresholdInfos=[] mIsReportingRequestedWhileIdle=false mIsSystemThresholdReportingRequestedWhileIdle=true mLiveTokenandroid.os.BinderProxy@3dbb9d}
11-28 00:35:16.791 D/RILJ    ( 2923): [0210]> GET_CELL_INFO_LIST [PHONE0]
11-28 00:35:16.792 D/GsmCdmaPhone( 2923): [1] EVENT_SUBSCRIPTIONS_CHANGED
11-28 00:35:16.792 I/NullCipherNotifier( 2923): Ignoring setSubscriptionMapping. Notifier is disabled.
11-28 00:35:16.793 D/ImsManager [0]( 2923): Capability Callback registered for subscription.
11-28 00:35:16.794 D/Phone-0 ( 2923): isImsCapabilityAvailable, capability=0, regTech=1, isAvailable=false
11-28 00:35:16.794 D/Phone-0 ( 2923): isImsCapabilityAvailable, capability=1, regTech=1, isAvailable=false
11-28 00:35:16.794 D/Phone-0 ( 2923): isImsCapabilityAvailable, capability=2, regTech=1, isAvailable=false
11-28 00:35:16.795 D/Phone-0 ( 2923): getImsRegistrationTechnology =-1
11-28 00:35:16.803 D/Phone-0 ( 2923): getImsRegistrationTechnology =-1
11-28 00:35:16.803 D/GsmCdmaPhone( 2923): [0] EVENT_SUBSCRIPTIONS_CHANGED
11-28 00:35:16.803 I/NullCipherNotifier( 2923): Ignoring setSubscriptionMapping. Notifier is disabled.
11-28 00:35:16.804 D/RILJ    ( 2923): [0211]> SET_SIGNAL_STRENGTH_REPORTING_CRITERIA [PHONE0]
11-28 00:35:16.804 D/SSCtr   ( 2923): setSignalStrengthReportingCriteria consolidatedSignalThresholdInfos=[SignalThresholdInfo{mRan=1 mSignalMeasurementType=1 mHysteresisMs=3000 mHysteresisDb=2 mThresholds=[-107, -103, -97, -89] mIsEnabled=true}, SignalThresholdInfo{mRan=2 mSignalMeasurementType=2 mHysteresisMs=3000 mHysteresisDb=2 mThresholds=[-115, -105, -95, -85] mIsEnabled=true}, SignalThresholdInfo{mRan=3 mSignalMeasurementType=3 mHysteresisMs=3000 mHysteresisDb=2 mThresholds=[-128, -118, -108, -98] mIsEnabled=true}, SignalThresholdInfo{mRan=3 mSignalMeasurementType=4 mHysteresisMs=3000 mHysteresisDb=2 mThresholds=[] mIsEnabled=false}, SignalThresholdInfo{mRan=3 mSignalMeasurementType=5 mHysteresisMs=3000 mHysteresisDb=2 mThresholds=[] mIsEnabled=false}, SignalThresholdInfo{mRan=6 mSignalMeasurementType=6 mHysteresisMs=3000 mHysteresisDb=2 mThresholds=[-110, -90, -80, -65] mIsEnabled=true}, SignalThresholdInfo{mRan=6 mSignalMeasurementType=7 mHysteresisMs=3000 mHysteresisDb=2 mThresholds=[] mIsEnabled=false}, SignalThresholdInfo{mRan=6 mSignalMeasurementType=8 mHysteresisMs=3000 mHysteresisDb=2 mThresholds=[] mIsEnabled=false}, SignalThresholdInfo{mRan=2 mSignalMeasurementType=9 mHysteresisMs=3000 mHysteresisDb=2 mThresholds=[] mIsEnabled=false}]
11-28 00:35:16.806 D/Phone-0 ( 2923): getImsRegistrationTechnology =-1
11-28 00:35:16.806 D/RILJ    ( 2923): [0210]< GET_CELL_INFO_LIST [] [PHONE0]
11-28 00:35:16.807 D/LocaleTracker-0( 2923): processCellInfo: cell info=[]
11-28 00:35:16.807 D/LocaleTracker-0( 2923): updateLocale: countryIso = , countryIsoDebugInfo = empty as default
11-28 00:35:16.807 D/LocaleTracker-0( 2923): updateLocale: timeZoneCountryIso = , timeZoneCountryIsoDebugInfo = empty as default
11-28 00:35:16.807 D/NitzStateMachineImpl( 2923): handleCountryUnavailable: mLatestNitzSignal=null
11-28 00:35:16.807 D/NitzStateMachineImpl( 2923): doTimeZoneDetection: countryIsoCode=null, nitzSignal=null, suggestion=TelephonyTimeZoneSuggestion{mSlotIndex=0, mZoneId='null', mMatchType=0, mQuality=0, mDebugInfo=[getTimeZoneSuggestion: nitzSignal=null, countryIsoCode=null, Detection reason=handleCountryUnavailable]}, reason=handleCountryUnavailable
11-28 00:35:16.807 D/LocaleTracker-0( 2923): processCellInfo: cell info=[]
11-28 00:35:16.807 D/LocaleTracker-0( 2923): updateLocale: countryIso = , countryIsoDebugInfo = empty as default
11-28 00:35:16.807 D/LocaleTracker-0( 2923): updateLocale: timeZoneCountryIso = , timeZoneCountryIsoDebugInfo = empty as default
11-28 00:35:16.807 D/NitzStateMachineImpl( 2923): handleCountryUnavailable: mLatestNitzSignal=null
11-28 00:35:16.807 D/NitzStateMachineImpl( 2923): doTimeZoneDetection: countryIsoCode=null, nitzSignal=null, suggestion=TelephonyTimeZoneSuggestion{mSlotIndex=0, mZoneId='null', mMatchType=0, mQuality=0, mDebugInfo=[getTimeZoneSuggestion: nitzSignal=null, countryIsoCode=null, Detection reason=handleCountryUnavailable]}, reason=handleCountryUnavailable
11-28 00:35:16.807 D/LocaleTracker-0( 2923): Can't get cell info. Try again in 2 secs.
11-28 00:35:16.845 D/RILJ    ( 2923): [0211]< SET_SIGNAL_STRENGTH_REPORTING_CRITERIA  [PHONE0]
11-28 00:35:16.850 E/RILJ    ( 2923): processResponse: Unexpected response! serial: 211, error: 0 [PHONE0]
11-28 00:35:16.852 E/RILJ    ( 2923): processResponse: Unexpected response! serial: 211, error: 0 [PHONE0]
11-28 00:35:16.854 E/RILJ    ( 2923): processResponse: Unexpected response! serial: 211, error: 0 [PHONE0]
11-28 00:35:16.857 E/RILJ    ( 2923): processResponse: Unexpected response! serial: 211, error: 0 [PHONE0]
11-28 00:35:16.873 E/RILJ    ( 2923): processResponse: Unexpected response! serial: 211, error: 0 [PHONE0]
11-28 00:35:16.875 E/RILJ    ( 2923): processResponse: Unexpected response! serial: 211, error: 0 [PHONE0]
11-28 00:35:16.878 E/RILJ    ( 2923): processResponse: Unexpected response! serial: 211, error: 0 [PHONE0]
11-28 00:35:16.880 E/RILJ    ( 2923): processResponse: Unexpected response! serial: 211, error: 44 [PHONE0]
11-28 00:35:18.206 D/RILJ    ( 2923): [0212]> GET_CELL_INFO_LIST [PHONE1]
11-28 00:35:18.255 I/sf_stop_bootanim( 1258): 35778
11-28 00:35:18.260 D/RILJ    ( 2923): [0212]< GET_CELL_INFO_LIST [] [PHONE1]
11-28 00:35:18.261 D/LocaleTracker-1( 2923): processCellInfo: cell info=[]
11-28 00:35:18.261 D/LocaleTracker-1( 2923): updateLocale: countryIso = , countryIsoDebugInfo = empty as default
11-28 00:35:18.261 D/LocaleTracker-1( 2923): updateLocale: timeZoneCountryIso = , timeZoneCountryIsoDebugInfo = empty as default
11-28 00:35:18.261 D/NitzStateMachineImpl( 2923): handleCountryUnavailable: mLatestNitzSignal=null
11-28 00:35:18.261 D/NitzStateMachineImpl( 2923): doTimeZoneDetection: countryIsoCode=null, nitzSignal=null, suggestion=TelephonyTimeZoneSuggestion{mSlotIndex=1, mZoneId='null', mMatchType=0, mQuality=0, mDebugInfo=[getTimeZoneSuggestion: nitzSignal=null, countryIsoCode=null, Detection reason=handleCountryUnavailable]}, reason=handleCountryUnavailable
11-28 00:35:18.261 D/LocaleTracker-1( 2923): processCellInfo: cell info=[]
11-28 00:35:18.261 D/LocaleTracker-1( 2923): updateLocale: countryIso = , countryIsoDebugInfo = empty as default
11-28 00:35:18.261 D/LocaleTracker-1( 2923): updateLocale: timeZoneCountryIso = , timeZoneCountryIsoDebugInfo = empty as default
11-28 00:35:18.261 D/NitzStateMachineImpl( 2923): handleCountryUnavailable: mLatestNitzSignal=null
11-28 00:35:18.261 D/NitzStateMachineImpl( 2923): doTimeZoneDetection: countryIsoCode=null, nitzSignal=null, suggestion=TelephonyTimeZoneSuggestion{mSlotIndex=1, mZoneId='null', mMatchType=0, mQuality=0, mDebugInfo=[getTimeZoneSuggestion: nitzSignal=null, countryIsoCode=null, Detection reason=handleCountryUnavailable]}, reason=handleCountryUnavailable
11-28 00:35:18.261 D/LocaleTracker-1( 2923): Can't get cell info. Try again in 4 secs.
11-28 00:35:18.282 I/input_focus( 1764): [Focus entering c448e48 NotificationShade,reason=setFocusedWindow]
11-28 00:35:18.562 W/TelephonyRegistry( 1764): Pid 2923 has exceeded half the number of permissible registered listeners. Now at 82
11-28 00:35:18.562 D/TelephonyRegistry( 1764): listen ooscl: hasNotifyOpptSubInfoChangedOccurred==false no callback
11-28 00:35:18.569 W/TelephonyRegistry( 1764): Pid 2923 has exceeded half the number of permissible registered listeners. Now at 83
11-28 00:35:18.570 D/TNP     ( 2923): onNetworkNeeded: phoneId=0, [NetworkRequest [ REQUEST id=101, [ Capabilities: INTERNET&NOT_RESTRICTED&TRUSTED&NOT_VCN_MANAGED&NOT_BANDWIDTH_CONSTRAINED Uid: 10569 RequestorUid: 10569 RequestorPkg: com.qualcomm.qti.cne UnderlyingNetworks: Null] ], mPriority=0, state=UNSATISFIED, mAttachedDataNetwork=null, created time=00:35:18.570, evaluation result=null]
11-28 00:35:18.571 D/DNC-0   ( 2923): onAddNetworkRequest: added [NetworkRequest [ REQUEST id=101, [ Capabilities: INTERNET&NOT_RESTRICTED&TRUSTED&NOT_VCN_MANAGED&NOT_BANDWIDTH_CONSTRAINED Uid: 10569 RequestorUid: 10569 RequestorPkg: com.qualcomm.qti.cne UnderlyingNetworks: Null] ], mPriority=20, state=UNSATISFIED, mAttachedDataNetwork=null, created time=00:35:18.570, evaluation result=null]
11-28 00:35:18.571 D/DPM-0   ( 2923): Can't find any data profile that can satisfy [NetworkRequest [ REQUEST id=101, [ Capabilities: INTERNET&NOT_RESTRICTED&TRUSTED&NOT_VCN_MANAGED&NOT_BANDWIDTH_CONSTRAINED Uid: 10569 RequestorUid: 10569 RequestorPkg: com.qualcomm.qti.cne UnderlyingNetworks: Null] ], mPriority=20, state=UNSATISFIED, mAttachedDataNetwork=null, created time=00:35:18.570, evaluation result=null]
11-28 00:35:18.571 D/DPM-0   ( 2923): Unable to find a data profile for [NetworkRequest [ REQUEST id=101, [ Capabilities: INTERNET&NOT_RESTRICTED&TRUSTED&NOT_VCN_MANAGED&NOT_BANDWIDTH_CONSTRAINED Uid: 10569 RequestorUid: 10569 RequestorPkg: com.qualcomm.qti.cne UnderlyingNetworks: Null] ], mPriority=20, state=UNSATISFIED, mAttachedDataNetwork=null, created time=00:35:18.570, evaluation result=null]
11-28 00:35:18.571 D/DNC-0   ( 2923): Data evaluation: evaluation reason:NEW_REQUEST, Data disallowed reasons: NOT_IN_SERVICE SERVICE_OPTION_NOT_SUPPORTED NO_SUITABLE_DATA_PROFILE SIM_NOT_READY, candidate profile=null, time=00:35:18.571, network type=UNKNOWN, reg state=NOT_REG_SEARCHING, [NetworkRequest [ REQUEST id=101, [ Capabilities: INTERNET&NOT_RESTRICTED&TRUSTED&NOT_VCN_MANAGED&NOT_BANDWIDTH_CONSTRAINED Uid: 10569 RequestorUid: 10569 RequestorPkg: com.qualcomm.qti.cne UnderlyingNetworks: Null] ], mPriority=20, state=UNSATISFIED, mAttachedDataNetwork=null, created time=00:35:18.570, evaluation result=Data evaluation: evaluation reason:NEW_REQUEST, Data disallowed reasons: NOT_IN_SERVICE SERVICE_OPTION_NOT_SUPPORTED NO_SUITABLE_DATA_PROFILE SIM_NOT_READY, candidate profile=null, time=00:35:18.571]
11-28 00:35:18.668 I/auditd  (  667): avc:  denied  { find } for pid=751 uid=0 name=android.frameworks.stats.IStats/default scontext=u:r:hal_power_default:s0 tcontext=u:object_r:fwk_stats_service:s0 tclass=service_manager permissive=0
11-28 00:35:18.670 I/auditd  (  667): avc:  denied  { find } for pid=751 uid=0 name=android.hardware.thermal.IThermal/default scontext=u:r:hal_power_default:s0 tcontext=u:object_r:hal_thermal_service:s0 tclass=service_manager permissive=0
11-28 00:35:18.739 I/auditd  ( 3585): type=1400 audit(0.0:39): avc:  denied  { write } for  comm="init.qcom.post_" name="page-cluster" dev="proc" ino=53368 scontext=u:r:vendor_qti_init_shell:s0 tcontext=u:object_r:proc_page_cluster:s0 tclass=file permissive=0
11-28 00:35:18.809 D/RILJ    ( 2923): [0213]> GET_CELL_INFO_LIST [PHONE0]
11-28 00:35:18.853 D/RILJ    ( 2923): [0213]< GET_CELL_INFO_LIST [] [PHONE0]
11-28 00:35:18.854 D/LocaleTracker-0( 2923): processCellInfo: cell info=[]
11-28 00:35:18.854 D/LocaleTracker-0( 2923): updateLocale: countryIso = , countryIsoDebugInfo = empty as default
11-28 00:35:18.854 D/LocaleTracker-0( 2923): updateLocale: timeZoneCountryIso = , timeZoneCountryIsoDebugInfo = empty as default
11-28 00:35:18.854 D/NitzStateMachineImpl( 2923): handleCountryUnavailable: mLatestNitzSignal=null
11-28 00:35:18.854 D/NitzStateMachineImpl( 2923): doTimeZoneDetection: countryIsoCode=null, nitzSignal=null, suggestion=TelephonyTimeZoneSuggestion{mSlotIndex=0, mZoneId='null', mMatchType=0, mQuality=0, mDebugInfo=[getTimeZoneSuggestion: nitzSignal=null, countryIsoCode=null, Detection reason=handleCountryUnavailable]}, reason=handleCountryUnavailable
11-28 00:35:18.855 D/LocaleTracker-0( 2923): processCellInfo: cell info=[]
11-28 00:35:18.855 D/LocaleTracker-0( 2923): updateLocale: countryIso = , countryIsoDebugInfo = empty as default
11-28 00:35:18.855 D/LocaleTracker-0( 2923): updateLocale: timeZoneCountryIso = , timeZoneCountryIsoDebugInfo = empty as default
11-28 00:35:18.855 D/NitzStateMachineImpl( 2923): handleCountryUnavailable: mLatestNitzSignal=null
11-28 00:35:18.855 D/NitzStateMachineImpl( 2923): doTimeZoneDetection: countryIsoCode=null, nitzSignal=null, suggestion=TelephonyTimeZoneSuggestion{mSlotIndex=0, mZoneId='null', mMatchType=0, mQuality=0, mDebugInfo=[getTimeZoneSuggestion: nitzSignal=null, countryIsoCode=null, Detection reason=handleCountryUnavailable]}, reason=handleCountryUnavailable
11-28 00:35:18.855 D/LocaleTracker-0( 2923): Can't get cell info. Try again in 4 secs.
11-28 00:35:19.420 D/TNP     ( 2923): onNetworkNeeded: phoneId=0, [NetworkRequest [ REQUEST id=107, [ Capabilities: INTERNET&NOT_RESTRICTED&TRUSTED&NOT_VCN_MANAGED&NOT_BANDWIDTH_CONSTRAINED Uid: 10609 RequestorUid: 10609 RequestorPkg: com.google.android.gms UnderlyingNetworks: Null] ], mPriority=0, state=UNSATISFIED, mAttachedDataNetwork=null, created time=00:35:19.420, evaluation result=null]
11-28 00:35:19.421 D/DNC-0   ( 2923): onAddNetworkRequest: added [NetworkRequest [ REQUEST id=107, [ Capabilities: INTERNET&NOT_RESTRICTED&TRUSTED&NOT_VCN_MANAGED&NOT_BANDWIDTH_CONSTRAINED Uid: 10609 RequestorUid: 10609 RequestorPkg: com.google.android.gms UnderlyingNetworks: Null] ], mPriority=20, state=UNSATISFIED, mAttachedDataNetwork=null, created time=00:35:19.420, evaluation result=null]
11-28 00:35:19.422 D/DPM-0   ( 2923): Can't find any data profile that can satisfy [NetworkRequest [ REQUEST id=107, [ Capabilities: INTERNET&NOT_RESTRICTED&TRUSTED&NOT_VCN_MANAGED&NOT_BANDWIDTH_CONSTRAINED Uid: 10609 RequestorUid: 10609 RequestorPkg: com.google.android.gms UnderlyingNetworks: Null] ], mPriority=20, state=UNSATISFIED, mAttachedDataNetwork=null, created time=00:35:19.420, evaluation result=null]
11-28 00:35:19.422 D/DPM-0   ( 2923): Unable to find a data profile for [NetworkRequest [ REQUEST id=107, [ Capabilities: INTERNET&NOT_RESTRICTED&TRUSTED&NOT_VCN_MANAGED&NOT_BANDWIDTH_CONSTRAINED Uid: 10609 RequestorUid: 10609 RequestorPkg: com.google.android.gms UnderlyingNetworks: Null] ], mPriority=20, state=UNSATISFIED, mAttachedDataNetwork=null, created time=00:35:19.420, evaluation result=null]
11-28 00:35:19.422 D/DNC-0   ( 2923): Data evaluation: evaluation reason:NEW_REQUEST, Data disallowed reasons: NOT_IN_SERVICE SERVICE_OPTION_NOT_SUPPORTED NO_SUITABLE_DATA_PROFILE SIM_NOT_READY, candidate profile=null, time=00:35:19.422, network type=UNKNOWN, reg state=NOT_REG_SEARCHING, [NetworkRequest [ REQUEST id=107, [ Capabilities: INTERNET&NOT_RESTRICTED&TRUSTED&NOT_VCN_MANAGED&NOT_BANDWIDTH_CONSTRAINED Uid: 10609 RequestorUid: 10609 RequestorPkg: com.google.android.gms UnderlyingNetworks: Null] ], mPriority=20, state=UNSATISFIED, mAttachedDataNetwork=null, created time=00:35:19.420, evaluation result=Data evaluation: evaluation reason:NEW_REQUEST, Data disallowed reasons: NOT_IN_SERVICE SERVICE_OPTION_NOT_SUPPORTED NO_SUITABLE_DATA_PROFILE SIM_NOT_READY, candidate profile=null, time=00:35:19.422]
11-28 00:35:22.248 W/XIAOMI_QCRIL( 1712): RIL[0][xiaomi_qcril_display.cc:1267] xiaomi_qcril_display_init: function entry ------------->
11-28 00:35:22.248 W/XIAOMI_QCRIL( 1712): RIL[0][xiaomi_qcril_cmn.cc:231] xiaomi_qcril_get_property_value: persist.radio.display_mipi_init_num: 111
11-28 00:35:22.260 W/XIAOMI_QCRIL( 1712): RIL[0][xiaomi_qcril_cmn.cc:231] xiaomi_qcril_get_property_value: persist.vendor.radio.print_prop: 1
11-28 00:35:22.260 W/XIAOMI_QCRIL( 1712): RIL[0][xiaomi_qcril_cmn.cc:980] xiaomi_qcril_print_property_value: prop print is started
11-28 00:35:22.260 W/XIAOMI_QCRIL( 1712): RIL[0][xiaomi_qcril_cmn.cc:1009] xiaomi_qcril_print_property_value: persist.radio.display_mipi_init_num: 112
11-28 00:35:22.262 W/XIAOMI_QCRIL( 1712): RIL[0][xiaomi_qcril_cmn.cc:1009] xiaomi_qcril_print_property_value: persist.radio.display_mipi_set_num: 0
11-28 00:35:22.262 W/XIAOMI_QCRIL( 1712): RIL[0][xiaomi_qcril_cmn.cc:231] xiaomi_qcril_get_property_value: persist.radio.display_mipi_set_num: 0
11-28 00:35:22.263 W/XIAOMI_QCRIL( 1712): RIL[0][xiaomi_qcril_cmn.cc:1009] xiaomi_qcril_print_property_value: persist.radio.display_mipi_cur: 0
11-28 00:35:22.263 W/XIAOMI_QCRIL( 1712): RIL[0][xiaomi_qcril_cmn.cc:796] xiaomi_qcril_is_factory_version: non factory version
11-28 00:35:22.263 W/XIAOMI_QCRIL( 1712): RIL[0][xiaomi_qcril_cmn.cc:231] xiaomi_qcril_get_property_value: persist.vendor.radio.display_mipi: false
11-28 00:35:22.263 W/XIAOMI_QCRIL( 1712): RIL[0][xiaomi_qcril_display.cc:148] xiaomi_qcril_display_mipi_is_open: display mipi feature is closed
11-28 00:35:22.263 E/XIAOMI_QCRIL( 1712): RIL[0][xiaomi_qcril_display.cc:1293] xiaomi_qcril_display_init: xiaomi_qcril_display_init do nothing
11-28 00:35:22.263 W/XIAOMI_QCRIL( 1712): RIL[0][xiaomi_qcril_display.cc:1324] xiaomi_qcril_display_init: function exit <-------------
11-28 00:35:22.273 D/RILJ    ( 2923): [0214]> GET_CELL_INFO_LIST [PHONE1]
11-28 00:35:22.294 D/RILJ    ( 2923): [0214]< GET_CELL_INFO_LIST [] [PHONE1]
11-28 00:35:22.295 D/LocaleTracker-1( 2923): processCellInfo: cell info=[]
11-28 00:35:22.295 D/LocaleTracker-1( 2923): updateLocale: countryIso = , countryIsoDebugInfo = empty as default
11-28 00:35:22.295 D/LocaleTracker-1( 2923): updateLocale: timeZoneCountryIso = , timeZoneCountryIsoDebugInfo = empty as default
11-28 00:35:22.295 D/NitzStateMachineImpl( 2923): handleCountryUnavailable: mLatestNitzSignal=null
11-28 00:35:22.295 D/NitzStateMachineImpl( 2923): doTimeZoneDetection: countryIsoCode=null, nitzSignal=null, suggestion=TelephonyTimeZoneSuggestion{mSlotIndex=1, mZoneId='null', mMatchType=0, mQuality=0, mDebugInfo=[getTimeZoneSuggestion: nitzSignal=null, countryIsoCode=null, Detection reason=handleCountryUnavailable]}, reason=handleCountryUnavailable
11-28 00:35:22.295 D/LocaleTracker-1( 2923): processCellInfo: cell info=[]
11-28 00:35:22.295 D/LocaleTracker-1( 2923): updateLocale: countryIso = , countryIsoDebugInfo = empty as default
11-28 00:35:22.295 D/LocaleTracker-1( 2923): updateLocale: timeZoneCountryIso = , timeZoneCountryIsoDebugInfo = empty as default
11-28 00:35:22.295 D/NitzStateMachineImpl( 2923): handleCountryUnavailable: mLatestNitzSignal=null
11-28 00:35:22.296 D/NitzStateMachineImpl( 2923): doTimeZoneDetection: countryIsoCode=null, nitzSignal=null, suggestion=TelephonyTimeZoneSuggestion{mSlotIndex=1, mZoneId='null', mMatchType=0, mQuality=0, mDebugInfo=[getTimeZoneSuggestion: nitzSignal=null, countryIsoCode=null, Detection reason=handleCountryUnavailable]}, reason=handleCountryUnavailable
11-28 00:35:22.296 D/LocaleTracker-1( 2923): Can't get cell info. Try again in 8 secs.
11-28 00:35:22.344 D/RILJ    ( 2923): Unsol response received; Sending ack to ril.cpp [PHONE0]
11-28 00:35:22.344 D/RILJ    ( 2923): [UNSL]< UNSOL_RESPONSE_NETWORK_STATE_CHANGED [PHONE0]
11-28 00:35:22.344 D/NRM-C-0 ( 2923): onNetworkStateChanged
11-28 00:35:22.344 D/SST     ( 2923): [0] pollState: modemTriggered=true, radioState=1
11-28 00:35:22.346 D/RILJ    ( 2923): [0216]> OPERATOR [PHONE0]
11-28 00:35:22.347 D/RILJ    ( 2923): [0217]> DATA_REGISTRATION_STATE [PHONE0]
11-28 00:35:22.347 D/RILJ    ( 2923): getDataRegistrationState: overrideHalVersion=null [PHONE0]
11-28 00:35:22.348 D/RILC    ( 1712): RadioImpl_1_5::getDataRegistrationState_1_5: serial 217
11-28 00:35:22.348 D/RILJ    ( 2923): [0218]> QUERY_NETWORK_SELECTION_MODE [PHONE0]
11-28 00:35:22.349 D/RILJ    ( 2923): [0219]> VOICE_REGISTRATION_STATE [PHONE0]
11-28 00:35:22.349 D/RILJ    ( 2923): getVoiceRegistrationState: overrideHalVersion=null [PHONE0]
11-28 00:35:22.349 D/RILC    ( 1712): RadioImpl_1_5::getVoiceRegistrationState_1_5: serial 219
11-28 00:35:22.368 E/RILQ    ( 1712): (0/1712): RIL[0][(1712,1762)] get_ecc_property_name: ecc list name : ril.ecclist.
11-28 00:35:22.369 D/RILJ    ( 2923): [UNSL]< UNSOL_EMERGENCY_NUMBER_LIST [[EmergencyNumber: 112, countryIso=, mnc=, src=sim , routing=unknown, categories=, urns=], [EmergencyNumber: 911, countryIso=, mnc=, src=sim , routing=unknown, categories=, urns=]] [PHONE0]
11-28 00:35:22.370 D/EmergencyNumberTracker( 2923): [0]updateRadioEmergencyNumberListAndNotify(): receiving [[EmergencyNumber: 112, countryIso=, mnc=, src=sim , routing=unknown, categories=, urns=], [EmergencyNumber: 911, countryIso=, mnc=, src=sim , routing=unknown, categories=, urns=]]
11-28 00:35:22.379 D/NRM-I-0 ( 2923): onRequestNetworkRegistrationInfoComplete result: 0, info: NetworkRegistrationInfo{ domain=PS transportType=WLAN registrationState=NOT_REG_OR_SEARCHING networkRegistrationState=NOT_REG_OR_SEARCHING roamingType=NOT_ROAMING accessNetworkTechnology=IWLAN rejectCause=0 emergencyEnabled=false availableServices=[] cellIdentity=null voiceSpecificInfo=null dataSpecificInfo=null nrState=**** rRplmn= isUsingCarrierAggregation=false isNonTerrestrialNetwork=TERRESTRIAL}
11-28 00:35:22.380 D/SST     ( 2923): [0] handlePollStateResultMessage: PS IWLAN. NetworkRegistrationInfo{ domain=PS transportType=WLAN registrationState=NOT_REG_OR_SEARCHING networkRegistrationState=NOT_REG_OR_SEARCHING roamingType=NOT_ROAMING accessNetworkTechnology=IWLAN rejectCause=0 emergencyEnabled=false availableServices=[] cellIdentity=null voiceSpecificInfo=null dataSpecificInfo=null nrState=**** rRplmn= isUsingCarrierAggregation=false isNonTerrestrialNetwork=TERRESTRIAL}
11-28 00:35:22.394 D/RILJ    ( 2923): Unsol response received; Sending ack to ril.cpp [PHONE0]
11-28 00:35:22.394 D/RILJ    ( 2923): [UNSL]< UNSOL_RESPONSE_NETWORK_STATE_CHANGED [PHONE0]
11-28 00:35:22.395 D/NRM-C-0 ( 2923): onNetworkStateChanged
11-28 00:35:22.395 D/SST     ( 2923): [0] pollState: modemTriggered=true, radioState=1
11-28 00:35:22.396 E/RILQ    ( 1712): (0/1712): RIL[0][(1712,1762)] get_ecc_property_name: ecc list name : ril.ecclist.
11-28 00:35:22.396 D/RILJ    ( 2923): [0221]> OPERATOR [PHONE0]
11-28 00:35:22.397 D/RILJ    ( 2923): [UNSL]< UNSOL_EMERGENCY_NUMBER_LIST [[EmergencyNumber: 112, countryIso=, mnc=, src=sim , routing=unknown, categories=, urns=], [EmergencyNumber: 911, countryIso=, mnc=, src=sim , routing=unknown, categories=, urns=]] [PHONE0]
11-28 00:35:22.397 D/RILJ    ( 2923): [0222]> DATA_REGISTRATION_STATE [PHONE0]
11-28 00:35:22.397 D/RILJ    ( 2923): getDataRegistrationState: overrideHalVersion=null [PHONE0]
11-28 00:35:22.397 D/RILC    ( 1712): RadioImpl_1_5::getDataRegistrationState_1_5: serial 222
11-28 00:35:22.398 D/RILJ    ( 2923): [0224]> VOICE_REGISTRATION_STATE [PHONE0]
11-28 00:35:22.398 D/RILJ    ( 2923): getVoiceRegistrationState: overrideHalVersion=null [PHONE0]
11-28 00:35:22.399 D/RILC    ( 1712): RadioImpl_1_5::getVoiceRegistrationState_1_5: serial 224
11-28 00:35:22.399 D/NRM-I-0 ( 2923): onRequestNetworkRegistrationInfoComplete result: 0, info: NetworkRegistrationInfo{ domain=PS transportType=WLAN registrationState=NOT_REG_OR_SEARCHING networkRegistrationState=NOT_REG_OR_SEARCHING roamingType=NOT_ROAMING accessNetworkTechnology=IWLAN rejectCause=0 emergencyEnabled=false availableServices=[] cellIdentity=null voiceSpecificInfo=null dataSpecificInfo=null nrState=**** rRplmn= isUsingCarrierAggregation=false isNonTerrestrialNetwork=TERRESTRIAL}
11-28 00:35:22.399 D/RILJ    ( 2923): [0223]> QUERY_NETWORK_SELECTION_MODE [PHONE0]
11-28 00:35:22.400 D/EmergencyNumberTracker( 2923): [0]updateRadioEmergencyNumberListAndNotify(): receiving [[EmergencyNumber: 112, countryIso=, mnc=, src=sim , routing=unknown, categories=, urns=], [EmergencyNumber: 911, countryIso=, mnc=, src=sim , routing=unknown, categories=, urns=]]
11-28 00:35:22.400 D/SST     ( 2923): [0] handlePollStateResultMessage: PS IWLAN. NetworkRegistrationInfo{ domain=PS transportType=WLAN registrationState=NOT_REG_OR_SEARCHING networkRegistrationState=NOT_REG_OR_SEARCHING roamingType=NOT_ROAMING accessNetworkTechnology=IWLAN rejectCause=0 emergencyEnabled=false availableServices=[] cellIdentity=null voiceSpecificInfo=null dataSpecificInfo=null nrState=**** rRplmn= isUsingCarrierAggregation=false isNonTerrestrialNetwork=TERRESTRIAL}
11-28 00:35:22.400 D/RILJ    ( 2923): [0216]< OPERATOR {, , } [PHONE0]
11-28 00:35:22.401 I/AnomalyReporter( 2923): reportAnomaly: Received anomaly event report with eventId= 918f0970-9aa9-4bcd-a28e-e49a83fe77d5 and description= RIL reported invalid PCC (HIDL)
11-28 00:35:22.402 E/RILJ    ( 2923): Invalid PhysicalChannelConfig java.lang.IllegalArgumentException: Physical cell ID 30677 is over limit. [PHONE0]
11-28 00:35:22.402 D/RILJ    ( 2923): [0221]< OPERATOR {, , } [PHONE0]
11-28 00:35:22.416 D/RILJ    ( 2923): [0218]< QUERY_NETWORK_SELECTION_MODE {0} [PHONE0]
11-28 00:35:22.416 D/SST     ( 2923): [0] EVENT_POLL_STATE_NETWORK_SELECTION_MODE
11-28 00:35:22.416 D/CellularNetworkService( 2923): No access tech specific info passes for RegStateResult
11-28 00:35:22.417 D/RILJ    ( 2923): [0219]< VOICE_REGISTRATION_STATE {.regState = NOT_REG_MT_SEARCHING_OP_EM, .rat = UMTS, .reasonForDenial = NONE, .cellIdentity = {.wcdma = {.base = {.base = {.mcc = 214, .mnc = 03, .lac = 12102, .cid = 155416533, .psc = 427, .uarfcn = 2959}, .operatorNames = {.alphaLong = Orange, .alphaShort = ESPRT}}, .additionalPlmns = [], .optionalCsgInfo = {.noinit = {}}}}, .registeredPlmn = 21403, .accessTechnologySpecificInfo = {.noinit = {}}} [PHONE0]
11-28 00:35:22.417 D/NRM-C-0 ( 2923): onRequestNetworkRegistrationInfoComplete result: 0, info: NetworkRegistrationInfo{ domain=CS transportType=WWAN registrationState=NOT_REG_SEARCHING networkRegistrationState=NOT_REG_SEARCHING roamingType=NOT_ROAMING accessNetworkTechnology=UMTS rejectCause=0 emergencyEnabled=true availableServices=[EMERGENCY] cellIdentity=CellIdentityWcdma:{ mLac=12102 mCid=155416533 mPsc=427 mUarfcn=2959 mMcc=214 mMnc=03 mAlphaLong=Orange mAlphaShort=ESPRT mAdditionalPlmns={} mCsgInfo=null} voiceSpecificInfo=VoiceSpecificRegistrationInfo { mCssSupported=false mRoamingIndicator=0 mSystemIsInPrl=0 mDefaultRoamingIndicator=0} dataSpecificInfo=null nrState=**** rRplmn=21403 isUsingCarrierAggregation=false isNonTerrestrialNetwork=TERRESTRIAL}
11-28 00:35:22.417 D/RILJ    ( 2923): [0223]< QUERY_NETWORK_SELECTION_MODE {0} [PHONE0]
11-28 00:35:22.417 D/SST     ( 2923): [0] EVENT_POLL_STATE_NETWORK_SELECTION_MODE
11-28 00:35:22.417 D/RILJ    ( 2923): [0224]< VOICE_REGISTRATION_STATE {.regState = NOT_REG_MT_SEARCHING_OP_EM, .rat = UMTS, .reasonForDenial = NONE, .cellIdentity = {.wcdma = {.base = {.base = {.mcc = 214, .mnc = 03, .lac = 12102, .cid = 155416533, .psc = 427, .uarfcn = 2959}, .operatorNames = {.alphaLong = Orange, .alphaShort = ESPRT}}, .additionalPlmns = [], .optionalCsgInfo = {.noinit = {}}}}, .registeredPlmn = 21403, .accessTechnologySpecificInfo = {.noinit = {}}} [PHONE0]
11-28 00:35:22.418 D/CellularNetworkService( 2923): No access tech specific info passes for RegStateResult
11-28 00:35:22.418 D/NRM-C-0 ( 2923): onRequestNetworkRegistrationInfoComplete result: 0, info: NetworkRegistrationInfo{ domain=CS transportType=WWAN registrationState=NOT_REG_SEARCHING networkRegistrationState=NOT_REG_SEARCHING roamingType=NOT_ROAMING accessNetworkTechnology=UMTS rejectCause=0 emergencyEnabled=true availableServices=[EMERGENCY] cellIdentity=CellIdentityWcdma:{ mLac=12102 mCid=155416533 mPsc=427 mUarfcn=2959 mMcc=214 mMnc=03 mAlphaLong=Orange mAlphaShort=ESPRT mAdditionalPlmns={} mCsgInfo=null} voiceSpecificInfo=VoiceSpecificRegistrationInfo { mCssSupported=false mRoamingIndicator=0 mSystemIsInPrl=0 mDefaultRoamingIndicator=0} dataSpecificInfo=null nrState=**** rRplmn=21403 isUsingCarrierAggregation=false isNonTerrestrialNetwork=TERRESTRIAL}
11-28 00:35:22.418 D/SST     ( 2923): [0] handlePollStateResultMessage: CS cellular. NetworkRegistrationInfo{ domain=CS transportType=WWAN registrationState=NOT_REG_SEARCHING networkRegistrationState=NOT_REG_SEARCHING roamingType=NOT_ROAMING accessNetworkTechnology=UMTS rejectCause=0 emergencyEnabled=true availableServices=[EMERGENCY] cellIdentity=CellIdentityWcdma:{ mLac=12102 mCid=155416533 mPsc=427 mUarfcn=2959 mMcc=214 mMnc=03 mAlphaLong=Orange mAlphaShort=ESPRT mAdditionalPlmns={} mCsgInfo=null} voiceSpecificInfo=VoiceSpecificRegistrationInfo { mCssSupported=false mRoamingIndicator=0 mSystemIsInPrl=0 mDefaultRoamingIndicator=0} dataSpecificInfo=null nrState=**** rRplmn=21403 isUsingCarrierAggregation=false isNonTerrestrialNetwork=TERRESTRIAL}
11-28 00:35:22.432 D/CellularNetworkService( 2923): No access tech specific info passes for RegStateResult
11-28 00:35:22.432 D/RILJ    ( 2923): [0217]< DATA_REGISTRATION_STATE {.regState = NOT_REG_MT_SEARCHING_OP_EM, .rat = HSPA, .reasonForDenial = NONE, .cellIdentity = {.wcdma = {.base = {.base = {.mcc = 214, .mnc = 03, .lac = 12102, .cid = 155416533, .psc = 427, .uarfcn = 2959}, .operatorNames = {.alphaLong = Orange, .alphaShort = ESPRT}}, .additionalPlmns = [], .optionalCsgInfo = {.noinit = {}}}}, .registeredPlmn = 21403, .accessTechnologySpecificInfo = {.noinit = {}}} [PHONE0]
