11-07 12:29:27.300 D/CCodecConfig( 1561):   c2::u32 raw.size.height = 16
11-07 12:29:27.300 D/CCodecConfig( 1561):   c2::u32 raw.size.width = 16
11-07 12:29:27.300 D/CCodecConfig( 1561): }
11-07 12:29:27.303 E/StagefrightRecorder( 1561): Failed to create video encoder
11-07 12:29:27.306 W/StagefrightRecorder( 1561): stop while neither recording nor paused
11-07 12:29:27.307 W/StagefrightRecorder( 1561): stop while neither recording nor paused
11-07 12:29:27.308 W/StagefrightRecorder( 1561): stop while neither recording nor paused
11-07 12:29:27.579 D/CCodec  (26459): hidl based PersistentSurface created
11-07 12:29:27.579 W/StagefrightRecorder( 1561): stop while neither recording nor paused
11-07 12:29:27.586 W/StagefrightRecorder( 1561): Max file duration is not positive: 0 us. Disabling duration limit.
11-07 12:29:27.586 W/StagefrightRecorder( 1561): Target duration (0 us) too short to be respected
11-07 12:29:27.586 E/StagefrightRecorder( 1561): setParameter: failed to find key video-param-encoding-bframe
11-07 12:29:27.591 D/CCodec  ( 1561): allocate(c2.android.avc.encoder)
11-07 12:29:27.595 I/CCodec  ( 1561): Created component [c2.android.avc.encoder] for [c2.android.avc.encoder]
11-07 12:29:27.596 D/CCodecConfig( 1561): read media type: video/avc
11-07 12:29:27.603 D/CCodecConfig( 1561): ignoring local param raw.color (0xc2001809) as it is already supported
11-07 12:29:27.605 I/CCodecConfig( 1561): query failed after returning 13 values (BAD_INDEX)
11-07 12:29:27.605 D/CCodecConfig( 1561): c2 config diff is Dict {
11-07 12:29:27.605 D/CCodecConfig( 1561):   c2::u32 algo.bitrate-mode.value = 3
11-07 12:29:27.605 D/CCodecConfig( 1561):   c2::i32 coded.average-qp.value = 0
11-07 12:29:27.605 D/CCodecConfig( 1561):   c2::u32 coded.bitrate.value = 64000
11-07 12:29:27.605 D/CCodecConfig( 1561):   c2::float coded.frame-rate.value = 1
11-07 12:29:27.605 D/CCodecConfig( 1561):   c2::u32 coded.picture-type.value = 0
11-07 12:29:27.605 D/CCodecConfig( 1561):   c2::u32 coded.pl.level = 20492
11-07 12:29:27.605 D/CCodecConfig( 1561):   c2::u32 coded.pl.profile = 20481
11-07 12:29:27.605 D/CCodecConfig( 1561):   c2::u32 coded.vui.color.matrix = 0
11-07 12:29:27.605 D/CCodecConfig( 1561):   c2::u32 coded.vui.color.primaries = 0
11-07 12:29:27.605 D/CCodecConfig( 1561):   c2::u32 coded.vui.color.range = 0
11-07 12:29:27.605 D/CCodecConfig( 1561):   c2::u32 coded.vui.color.transfer = 0
11-07 12:29:27.605 D/CCodecConfig( 1561):   c2::u32 coding.intra-refresh.mode = 0
11-07 12:29:27.605 D/CCodecConfig( 1561):   c2::float coding.intra-refresh.period = 0
11-07 12:29:27.605 D/CCodecConfig( 1561):   c2::u32 coding.request-sync-frame.value = 0
11-07 12:29:27.605 D/CCodecConfig( 1561):   c2::i64 coding.sync-frame-interval.value = 1000000
11-07 12:29:27.605 D/CCodecConfig( 1561):   c2::u32 input.delay.value = 0
11-07 12:29:27.605 D/CCodecConfig( 1561):   string input.media-type.value = "video/raw"
11-07 12:29:27.605 D/CCodecConfig( 1561):   string output.media-type.value = "video/avc"
11-07 12:29:27.605 D/CCodecConfig( 1561):   c2::u32 raw.color.matrix = 0
11-07 12:29:27.605 D/CCodecConfig( 1561):   c2::u32 raw.color.primaries = 0
11-07 12:29:27.605 D/CCodecConfig( 1561):   c2::u32 raw.color.range = 0
11-07 12:29:27.605 D/CCodecConfig( 1561):   c2::u32 raw.color.transfer = 0
11-07 12:29:27.605 D/CCodecConfig( 1561):   c2::u32 raw.size.height = 16
11-07 12:29:27.605 D/CCodecConfig( 1561):   c2::u32 raw.size.width = 16
11-07 12:29:27.605 D/CCodecConfig( 1561): }
11-07 12:29:27.607 D/CCodec  ( 1561): [c2.android.avc.encoder] buffers are bound to CCodec for this session
11-07 12:29:27.607 D/CCodecConfig( 1561): no c2 equivalents for stride
11-07 12:29:27.607 D/CCodecConfig( 1561): no c2 equivalents for slice-height
11-07 12:29:27.607 D/CCodecConfig( 1561): no c2 equivalents for color-format
11-07 12:29:27.607 D/CCodecConfig( 1561): no c2 equivalents for create-input-buffers-suspended
11-07 12:29:27.607 D/CCodecConfig( 1561): no c2 equivalents for flags
11-07 12:29:27.607 D/CCodecConfig( 1561): no c2 equivalents for encoder
11-07 12:29:27.608 D/CCodecConfig( 1561): Bad parameter value
11-07 12:29:27.608 D/CCodecConfig( 1561): c2 config diff is   c2::u32 coded.bitrate.value = 50000000
11-07 12:29:27.608 D/CCodecConfig( 1561):   c2::float coded.frame-rate.value = 30
11-07 12:29:27.608 D/CCodecConfig( 1561):   c2::u32 coded.pl.profile = 20482
11-07 12:29:27.608 D/CCodecConfig( 1561):   c2::u32 raw.size.height = 2160
11-07 12:29:27.609 W/CCodec  ( 1561): failed to configure c2 params
11-07 12:29:27.612 D/CCodec  ( 1561): allocate(c2.android.avc.encoder)
11-07 12:29:27.614 I/CCodec  ( 1561): Created component [c2.android.avc.encoder] for [c2.android.avc.encoder]
11-07 12:29:27.614 D/CCodecConfig( 1561): read media type: video/avc
11-07 12:29:27.619 D/CCodecConfig( 1561): ignoring local param raw.color (0xc2001809) as it is already supported
11-07 12:29:27.621 I/CCodecConfig( 1561): query failed after returning 13 values (BAD_INDEX)
11-07 12:29:27.621 D/CCodecConfig( 1561): c2 config diff is Dict {
11-07 12:29:27.621 D/CCodecConfig( 1561):   c2::u32 algo.bitrate-mode.value = 3
11-07 12:29:27.621 D/CCodecConfig( 1561):   c2::i32 coded.average-qp.value = 0
11-07 12:29:27.621 D/CCodecConfig( 1561):   c2::u32 coded.bitrate.value = 64000
11-07 12:29:27.621 D/CCodecConfig( 1561):   c2::float coded.frame-rate.value = 1
11-07 12:29:27.621 D/CCodecConfig( 1561):   c2::u32 coded.picture-type.value = 0
11-07 12:29:27.621 D/CCodecConfig( 1561):   c2::u32 coded.pl.level = 20492
11-07 12:29:27.621 D/CCodecConfig( 1561):   c2::u32 coded.pl.profile = 20481
11-07 12:29:27.621 D/CCodecConfig( 1561):   c2::u32 coded.vui.color.matrix = 0
11-07 12:29:27.621 D/CCodecConfig( 1561):   c2::u32 coded.vui.color.primaries = 0
11-07 12:29:27.621 D/CCodecConfig( 1561):   c2::u32 coded.vui.color.range = 0
11-07 12:29:27.621 D/CCodecConfig( 1561):   c2::u32 coded.vui.color.transfer = 0
11-07 12:29:27.621 D/CCodecConfig( 1561):   c2::u32 coding.intra-refresh.mode = 0
11-07 12:29:27.621 D/CCodecConfig( 1561):   c2::float coding.intra-refresh.period = 0
11-07 12:29:27.621 D/CCodecConfig( 1561):   c2::u32 coding.request-sync-frame.value = 0
11-07 12:29:27.621 D/CCodecConfig( 1561):   c2::i64 coding.sync-frame-interval.value = 1000000
11-07 12:29:27.621 D/CCodecConfig( 1561):   c2::u32 input.delay.value = 0
11-07 12:29:27.621 D/CCodecConfig( 1561):   string input.media-type.value = "video/raw"
11-07 12:29:27.621 D/CCodecConfig( 1561):   string output.media-type.value = "video/avc"
11-07 12:29:27.621 D/CCodecConfig( 1561):   c2::u32 raw.color.matrix = 0
11-07 12:29:27.621 D/CCodecConfig( 1561):   c2::u32 raw.color.primaries = 0
11-07 12:29:27.621 D/CCodecConfig( 1561):   c2::u32 raw.color.range = 0
11-07 12:29:27.621 D/CCodecConfig( 1561):   c2::u32 raw.color.transfer = 0
11-07 12:29:27.621 D/CCodecConfig( 1561):   c2::u32 raw.size.height = 16
11-07 12:29:27.621 D/CCodecConfig( 1561):   c2::u32 raw.size.width = 16
11-07 12:29:27.621 D/CCodecConfig( 1561): }
11-07 12:29:27.626 E/StagefrightRecorder( 1561): Failed to create video encoder
11-07 12:29:27.630 W/StagefrightRecorder( 1561): stop while neither recording nor paused
11-07 12:29:27.631 W/StagefrightRecorder( 1561): stop while neither recording nor paused
11-07 12:29:27.631 W/StagefrightRecorder( 1561): stop while neither recording nor paused
11-07 12:29:27.959 D/CCodec  (26459): hidl based PersistentSurface created
11-07 12:29:27.959 W/StagefrightRecorder( 1561): stop while neither recording nor paused
11-07 12:29:27.964 W/StagefrightRecorder( 1561): Max file duration is not positive: 0 us. Disabling duration limit.
11-07 12:29:27.964 W/StagefrightRecorder( 1561): Target duration (0 us) too short to be respected
11-07 12:29:27.964 E/StagefrightRecorder( 1561): setParameter: failed to find key video-param-encoding-bframe
11-07 12:29:27.969 D/CCodec  ( 1561): allocate(c2.android.avc.encoder)
11-07 12:29:27.972 I/CCodec  ( 1561): Created component [c2.android.avc.encoder] for [c2.android.avc.encoder]
11-07 12:29:27.972 D/CCodecConfig( 1561): read media type: video/avc
11-07 12:29:27.978 D/CCodecConfig( 1561): ignoring local param raw.color (0xc2001809) as it is already supported
11-07 12:29:27.980 I/CCodecConfig( 1561): query failed after returning 13 values (BAD_INDEX)
11-07 12:29:27.980 D/CCodecConfig( 1561): c2 config diff is Dict {
11-07 12:29:27.980 D/CCodecConfig( 1561):   c2::u32 algo.bitrate-mode.value = 3
11-07 12:29:27.980 D/CCodecConfig( 1561):   c2::i32 coded.average-qp.value = 0
11-07 12:29:27.980 D/CCodecConfig( 1561):   c2::u32 coded.bitrate.value = 64000
11-07 12:29:27.980 D/CCodecConfig( 1561):   c2::float coded.frame-rate.value = 1
11-07 12:29:27.980 D/CCodecConfig( 1561):   c2::u32 coded.picture-type.value = 0
11-07 12:29:27.980 D/CCodecConfig( 1561):   c2::u32 coded.pl.level = 20492
11-07 12:29:27.980 D/CCodecConfig( 1561):   c2::u32 coded.pl.profile = 20481
11-07 12:29:27.980 D/CCodecConfig( 1561):   c2::u32 coded.vui.color.matrix = 0
11-07 12:29:27.980 D/CCodecConfig( 1561):   c2::u32 coded.vui.color.primaries = 0
11-07 12:29:27.980 D/CCodecConfig( 1561):   c2::u32 coded.vui.color.range = 0
11-07 12:29:27.980 D/CCodecConfig( 1561):   c2::u32 coded.vui.color.transfer = 0
11-07 12:29:27.980 D/CCodecConfig( 1561):   c2::u32 coding.intra-refresh.mode = 0
11-07 12:29:27.980 D/CCodecConfig( 1561):   c2::float coding.intra-refresh.period = 0
11-07 12:29:27.980 D/CCodecConfig( 1561):   c2::u32 coding.request-sync-frame.value = 0
11-07 12:29:27.980 D/CCodecConfig( 1561):   c2::i64 coding.sync-frame-interval.value = 1000000
11-07 12:29:27.980 D/CCodecConfig( 1561):   c2::u32 input.delay.value = 0
11-07 12:29:27.980 D/CCodecConfig( 1561):   string input.media-type.value = "video/raw"
11-07 12:29:27.980 D/CCodecConfig( 1561):   string output.media-type.value = "video/avc"
11-07 12:29:27.980 D/CCodecConfig( 1561):   c2::u32 raw.color.matrix = 0
11-07 12:29:27.980 D/CCodecConfig( 1561):   c2::u32 raw.color.primaries = 0
11-07 12:29:27.980 D/CCodecConfig( 1561):   c2::u32 raw.color.range = 0
11-07 12:29:27.980 D/CCodecConfig( 1561):   c2::u32 raw.color.transfer = 0
11-07 12:29:27.980 D/CCodecConfig( 1561):   c2::u32 raw.size.height = 16
11-07 12:29:27.980 D/CCodecConfig( 1561):   c2::u32 raw.size.width = 16
11-07 12:29:27.980 D/CCodecConfig( 1561): }
11-07 12:29:27.985 D/CCodec  ( 1561): [c2.android.avc.encoder] buffers are bound to CCodec for this session
11-07 12:29:27.985 D/CCodecConfig( 1561): no c2 equivalents for stride
11-07 12:29:27.985 D/CCodecConfig( 1561): no c2 equivalents for slice-height
11-07 12:29:27.985 D/CCodecConfig( 1561): no c2 equivalents for color-format
11-07 12:29:27.985 D/CCodecConfig( 1561): no c2 equivalents for create-input-buffers-suspended
11-07 12:29:27.985 D/CCodecConfig( 1561): no c2 equivalents for flags
11-07 12:29:27.985 D/CCodecConfig( 1561): no c2 equivalents for encoder
11-07 12:29:27.986 D/CCodecConfig( 1561): Bad parameter value
11-07 12:29:27.986 D/CCodecConfig( 1561): c2 config diff is   c2::u32 coded.bitrate.value = 50000000
11-07 12:29:27.986 D/CCodecConfig( 1561):   c2::float coded.frame-rate.value = 30
11-07 12:29:27.986 D/CCodecConfig( 1561):   c2::u32 coded.pl.profile = 20482
11-07 12:29:27.986 D/CCodecConfig( 1561):   c2::u32 raw.size.height = 2160
11-07 12:29:27.987 W/CCodec  ( 1561): failed to configure c2 params
11-07 12:29:27.989 D/CCodec  ( 1561): allocate(c2.android.avc.encoder)
11-07 12:29:27.993 I/CCodec  ( 1561): Created component [c2.android.avc.encoder] for [c2.android.avc.encoder]
11-07 12:29:27.993 D/CCodecConfig( 1561): read media type: video/avc
11-07 12:29:28.000 D/CCodecConfig( 1561): ignoring local param raw.color (0xc2001809) as it is already supported
11-07 12:29:28.002 I/CCodecConfig( 1561): query failed after returning 13 values (BAD_INDEX)
11-07 12:29:28.002 D/CCodecConfig( 1561): c2 config diff is Dict {
11-07 12:29:28.002 D/CCodecConfig( 1561):   c2::u32 algo.bitrate-mode.value = 3
11-07 12:29:28.002 D/CCodecConfig( 1561):   c2::i32 coded.average-qp.value = 0
11-07 12:29:28.002 D/CCodecConfig( 1561):   c2::u32 coded.bitrate.value = 64000
11-07 12:29:28.002 D/CCodecConfig( 1561):   c2::float coded.frame-rate.value = 1
11-07 12:29:28.002 D/CCodecConfig( 1561):   c2::u32 coded.picture-type.value = 0
11-07 12:29:28.002 D/CCodecConfig( 1561):   c2::u32 coded.pl.level = 20492
11-07 12:29:28.002 D/CCodecConfig( 1561):   c2::u32 coded.pl.profile = 20481
11-07 12:29:28.002 D/CCodecConfig( 1561):   c2::u32 coded.vui.color.matrix = 0
11-07 12:29:28.002 D/CCodecConfig( 1561):   c2::u32 coded.vui.color.primaries = 0
11-07 12:29:28.002 D/CCodecConfig( 1561):   c2::u32 coded.vui.color.range = 0
11-07 12:29:28.002 D/CCodecConfig( 1561):   c2::u32 coded.vui.color.transfer = 0
11-07 12:29:28.002 D/CCodecConfig( 1561):   c2::u32 coding.intra-refresh.mode = 0
11-07 12:29:28.002 D/CCodecConfig( 1561):   c2::float coding.intra-refresh.period = 0
11-07 12:29:28.002 D/CCodecConfig( 1561):   c2::u32 coding.request-sync-frame.value = 0
11-07 12:29:28.002 D/CCodecConfig( 1561):   c2::i64 coding.sync-frame-interval.value = 1000000
11-07 12:29:28.002 D/CCodecConfig( 1561):   c2::u32 input.delay.value = 0
11-07 12:29:28.002 D/CCodecConfig( 1561):   string input.media-type.value = "video/raw"
11-07 12:29:28.002 D/CCodecConfig( 1561):   string output.media-type.value = "video/avc"
11-07 12:29:28.002 D/CCodecConfig( 1561):   c2::u32 raw.color.matrix = 0
11-07 12:29:28.002 D/CCodecConfig( 1561):   c2::u32 raw.color.primaries = 0
11-07 12:29:28.002 D/CCodecConfig( 1561):   c2::u32 raw.color.range = 0
11-07 12:29:28.002 D/CCodecConfig( 1561):   c2::u32 raw.color.transfer = 0
11-07 12:29:28.002 D/CCodecConfig( 1561):   c2::u32 raw.size.height = 16
11-07 12:29:28.002 D/CCodecConfig( 1561):   c2::u32 raw.size.width = 16
11-07 12:29:28.002 D/CCodecConfig( 1561): }
11-07 12:29:28.006 E/StagefrightRecorder( 1561): Failed to create video encoder
11-07 12:29:28.009 W/StagefrightRecorder( 1561): stop while neither recording nor paused
11-07 12:29:28.009 W/StagefrightRecorder( 1561): stop while neither recording nor paused
11-07 12:29:28.010 W/StagefrightRecorder( 1561): stop while neither recording nor paused
11-07 12:29:28.375 D/CCodec  (26459): hidl based PersistentSurface created
11-07 12:29:28.375 W/StagefrightRecorder( 1561): stop while neither recording nor paused
11-07 12:29:28.380 W/StagefrightRecorder( 1561): Max file duration is not positive: 0 us. Disabling duration limit.
11-07 12:29:28.381 W/StagefrightRecorder( 1561): Target duration (0 us) too short to be respected
11-07 12:29:28.381 E/StagefrightRecorder( 1561): setParameter: failed to find key video-param-encoding-bframe
11-07 12:29:28.384 D/CCodec  ( 1561): allocate(c2.android.avc.encoder)
11-07 12:29:28.389 I/CCodec  ( 1561): Created component [c2.android.avc.encoder] for [c2.android.avc.encoder]
11-07 12:29:28.389 D/CCodecConfig( 1561): read media type: video/avc
11-07 12:29:28.395 D/CCodecConfig( 1561): ignoring local param raw.color (0xc2001809) as it is already supported
11-07 12:29:28.397 I/CCodecConfig( 1561): query failed after returning 13 values (BAD_INDEX)
11-07 12:29:28.397 D/CCodecConfig( 1561): c2 config diff is Dict {
11-07 12:29:28.397 D/CCodecConfig( 1561):   c2::u32 algo.bitrate-mode.value = 3
11-07 12:29:28.397 D/CCodecConfig( 1561):   c2::i32 coded.average-qp.value = 0
11-07 12:29:28.397 D/CCodecConfig( 1561):   c2::u32 coded.bitrate.value = 64000
11-07 12:29:28.397 D/CCodecConfig( 1561):   c2::float coded.frame-rate.value = 1
11-07 12:29:28.397 D/CCodecConfig( 1561):   c2::u32 coded.picture-type.value = 0
11-07 12:29:28.397 D/CCodecConfig( 1561):   c2::u32 coded.pl.level = 20492
11-07 12:29:28.397 D/CCodecConfig( 1561):   c2::u32 coded.pl.profile = 20481
11-07 12:29:28.397 D/CCodecConfig( 1561):   c2::u32 coded.vui.color.matrix = 0
11-07 12:29:28.397 D/CCodecConfig( 1561):   c2::u32 coded.vui.color.primaries = 0
11-07 12:29:28.397 D/CCodecConfig( 1561):   c2::u32 coded.vui.color.range = 0
11-07 12:29:28.397 D/CCodecConfig( 1561):   c2::u32 coded.vui.color.transfer = 0
11-07 12:29:28.397 D/CCodecConfig( 1561):   c2::u32 coding.intra-refresh.mode = 0
11-07 12:29:28.397 D/CCodecConfig( 1561):   c2::float coding.intra-refresh.period = 0
11-07 12:29:28.397 D/CCodecConfig( 1561):   c2::u32 coding.request-sync-frame.value = 0
11-07 12:29:28.397 D/CCodecConfig( 1561):   c2::i64 coding.sync-frame-interval.value = 1000000
11-07 12:29:28.397 D/CCodecConfig( 1561):   c2::u32 input.delay.value = 0
11-07 12:29:28.397 D/CCodecConfig( 1561):   string input.media-type.value = "video/raw"
11-07 12:29:28.397 D/CCodecConfig( 1561):   string output.media-type.value = "video/avc"
11-07 12:29:28.397 D/CCodecConfig( 1561):   c2::u32 raw.color.matrix = 0
11-07 12:29:28.397 D/CCodecConfig( 1561):   c2::u32 raw.color.primaries = 0
11-07 12:29:28.397 D/CCodecConfig( 1561):   c2::u32 raw.color.range = 0
11-07 12:29:28.397 D/CCodecConfig( 1561):   c2::u32 raw.color.transfer = 0
11-07 12:29:28.397 D/CCodecConfig( 1561):   c2::u32 raw.size.height = 16
11-07 12:29:28.397 D/CCodecConfig( 1561):   c2::u32 raw.size.width = 16
11-07 12:29:28.397 D/CCodecConfig( 1561): }
11-07 12:29:28.399 D/CCodec  ( 1561): [c2.android.avc.encoder] buffers are bound to CCodec for this session
11-07 12:29:28.399 D/CCodecConfig( 1561): no c2 equivalents for stride
11-07 12:29:28.399 D/CCodecConfig( 1561): no c2 equivalents for slice-height
11-07 12:29:28.399 D/CCodecConfig( 1561): no c2 equivalents for color-format
11-07 12:29:28.399 D/CCodecConfig( 1561): no c2 equivalents for create-input-buffers-suspended
11-07 12:29:28.399 D/CCodecConfig( 1561): no c2 equivalents for flags
11-07 12:29:28.399 D/CCodecConfig( 1561): no c2 equivalents for encoder
11-07 12:29:28.400 D/CCodecConfig( 1561): Bad parameter value
11-07 12:29:28.401 D/CCodecConfig( 1561): c2 config diff is   c2::u32 coded.bitrate.value = 50000000
11-07 12:29:28.401 D/CCodecConfig( 1561):   c2::float coded.frame-rate.value = 30
11-07 12:29:28.401 D/CCodecConfig( 1561):   c2::u32 coded.pl.profile = 20482
11-07 12:29:28.401 D/CCodecConfig( 1561):   c2::u32 raw.size.height = 2160
11-07 12:29:28.402 W/CCodec  ( 1561): failed to configure c2 params
11-07 12:29:28.404 D/CCodec  ( 1561): allocate(c2.android.avc.encoder)
11-07 12:29:28.408 I/CCodec  ( 1561): Created component [c2.android.avc.encoder] for [c2.android.avc.encoder]
11-07 12:29:28.408 D/CCodecConfig( 1561): read media type: video/avc
11-07 12:29:28.414 D/CCodecConfig( 1561): ignoring local param raw.color (0xc2001809) as it is already supported
11-07 12:29:28.415 I/CCodecConfig( 1561): query failed after returning 13 values (BAD_INDEX)
11-07 12:29:28.415 D/CCodecConfig( 1561): c2 config diff is Dict {
11-07 12:29:28.415 D/CCodecConfig( 1561):   c2::u32 algo.bitrate-mode.value = 3
11-07 12:29:28.415 D/CCodecConfig( 1561):   c2::i32 coded.average-qp.value = 0
11-07 12:29:28.415 D/CCodecConfig( 1561):   c2::u32 coded.bitrate.value = 64000
11-07 12:29:28.415 D/CCodecConfig( 1561):   c2::float coded.frame-rate.value = 1
11-07 12:29:28.415 D/CCodecConfig( 1561):   c2::u32 coded.picture-type.value = 0
11-07 12:29:28.415 D/CCodecConfig( 1561):   c2::u32 coded.pl.level = 20492
11-07 12:29:28.415 D/CCodecConfig( 1561):   c2::u32 coded.pl.profile = 20481
11-07 12:29:28.415 D/CCodecConfig( 1561):   c2::u32 coded.vui.color.matrix = 0
11-07 12:29:28.415 D/CCodecConfig( 1561):   c2::u32 coded.vui.color.primaries = 0
11-07 12:29:28.415 D/CCodecConfig( 1561):   c2::u32 coded.vui.color.range = 0
11-07 12:29:28.415 D/CCodecConfig( 1561):   c2::u32 coded.vui.color.transfer = 0
11-07 12:29:28.415 D/CCodecConfig( 1561):   c2::u32 coding.intra-refresh.mode = 0
11-07 12:29:28.415 D/CCodecConfig( 1561):   c2::float coding.intra-refresh.period = 0
11-07 12:29:28.415 D/CCodecConfig( 1561):   c2::u32 coding.request-sync-frame.value = 0
11-07 12:29:28.415 D/CCodecConfig( 1561):   c2::i64 coding.sync-frame-interval.value = 1000000
11-07 12:29:28.415 D/CCodecConfig( 1561):   c2::u32 input.delay.value = 0
11-07 12:29:28.415 D/CCodecConfig( 1561):   string input.media-type.value = "video/raw"
11-07 12:29:28.415 D/CCodecConfig( 1561):   string output.media-type.value = "video/avc"
11-07 12:29:28.415 D/CCodecConfig( 1561):   c2::u32 raw.color.matrix = 0
11-07 12:29:28.415 D/CCodecConfig( 1561):   c2::u32 raw.color.primaries = 0
11-07 12:29:28.415 D/CCodecConfig( 1561):   c2::u32 raw.color.range = 0
11-07 12:29:28.415 D/CCodecConfig( 1561):   c2::u32 raw.color.transfer = 0
11-07 12:29:28.415 D/CCodecConfig( 1561):   c2::u32 raw.size.height = 16
11-07 12:29:28.415 D/CCodecConfig( 1561):   c2::u32 raw.size.width = 16
11-07 12:29:28.415 D/CCodecConfig( 1561): }
11-07 12:29:28.421 E/StagefrightRecorder( 1561): Failed to create video encoder
11-07 12:29:28.424 W/StagefrightRecorder( 1561): stop while neither recording nor paused
11-07 12:29:28.425 W/StagefrightRecorder( 1561): stop while neither recording nor paused
11-07 12:29:28.427 W/StagefrightRecorder( 1561): stop while neither recording nor paused
11-07 12:29:28.801 D/CCodec  (26459): hidl based PersistentSurface created
11-07 12:29:28.802 W/StagefrightRecorder( 1561): stop while neither recording nor paused
11-07 12:29:28.807 W/StagefrightRecorder( 1561): Max file duration is not positive: 0 us. Disabling duration limit.
11-07 12:29:28.807 W/StagefrightRecorder( 1561): Target duration (0 us) too short to be respected
11-07 12:29:28.808 E/StagefrightRecorder( 1561): setParameter: failed to find key video-param-encoding-bframe
11-07 12:29:28.812 D/CCodec  ( 1561): allocate(c2.android.avc.encoder)
11-07 12:29:28.816 I/CCodec  ( 1561): Created component [c2.android.avc.encoder] for [c2.android.avc.encoder]
11-07 12:29:28.816 D/CCodecConfig( 1561): read media type: video/avc
11-07 12:29:28.822 D/CCodecConfig( 1561): ignoring local param raw.color (0xc2001809) as it is already supported
11-07 12:29:28.824 I/CCodecConfig( 1561): query failed after returning 13 values (BAD_INDEX)
11-07 12:29:28.824 D/CCodecConfig( 1561): c2 config diff is Dict {
11-07 12:29:28.824 D/CCodecConfig( 1561):   c2::u32 algo.bitrate-mode.value = 3
11-07 12:29:28.824 D/CCodecConfig( 1561):   c2::i32 coded.average-qp.value = 0
11-07 12:29:28.824 D/CCodecConfig( 1561):   c2::u32 coded.bitrate.value = 64000
11-07 12:29:28.824 D/CCodecConfig( 1561):   c2::float coded.frame-rate.value = 1
11-07 12:29:28.824 D/CCodecConfig( 1561):   c2::u32 coded.picture-type.value = 0
11-07 12:29:28.824 D/CCodecConfig( 1561):   c2::u32 coded.pl.level = 20492
11-07 12:29:28.824 D/CCodecConfig( 1561):   c2::u32 coded.pl.profile = 20481
11-07 12:29:28.824 D/CCodecConfig( 1561):   c2::u32 coded.vui.color.matrix = 0
11-07 12:29:28.824 D/CCodecConfig( 1561):   c2::u32 coded.vui.color.primaries = 0
11-07 12:29:28.824 D/CCodecConfig( 1561):   c2::u32 coded.vui.color.range = 0
11-07 12:29:28.824 D/CCodecConfig( 1561):   c2::u32 coded.vui.color.transfer = 0
11-07 12:29:28.824 D/CCodecConfig( 1561):   c2::u32 coding.intra-refresh.mode = 0
11-07 12:29:28.824 D/CCodecConfig( 1561):   c2::float coding.intra-refresh.period = 0
11-07 12:29:28.824 D/CCodecConfig( 1561):   c2::u32 coding.request-sync-frame.value = 0
11-07 12:29:28.824 D/CCodecConfig( 1561):   c2::i64 coding.sync-frame-interval.value = 1000000
11-07 12:29:28.824 D/CCodecConfig( 1561):   c2::u32 input.delay.value = 0
11-07 12:29:28.824 D/CCodecConfig( 1561):   string input.media-type.value = "video/raw"
11-07 12:29:28.824 D/CCodecConfig( 1561):   string output.media-type.value = "video/avc"
11-07 12:29:28.824 D/CCodecConfig( 1561):   c2::u32 raw.color.matrix = 0
11-07 12:29:28.824 D/CCodecConfig( 1561):   c2::u32 raw.color.primaries = 0
11-07 12:29:28.824 D/CCodecConfig( 1561):   c2::u32 raw.color.range = 0
11-07 12:29:28.824 D/CCodecConfig( 1561):   c2::u32 raw.color.transfer = 0
11-07 12:29:28.824 D/CCodecConfig( 1561):   c2::u32 raw.size.height = 16
11-07 12:29:28.824 D/CCodecConfig( 1561):   c2::u32 raw.size.width = 16
11-07 12:29:28.824 D/CCodecConfig( 1561): }
11-07 12:29:28.826 D/CCodec  ( 1561): [c2.android.avc.encoder] buffers are bound to CCodec for this session
11-07 12:29:28.827 D/CCodecConfig( 1561): no c2 equivalents for stride
11-07 12:29:28.827 D/CCodecConfig( 1561): no c2 equivalents for slice-height
11-07 12:29:28.827 D/CCodecConfig( 1561): no c2 equivalents for color-format
11-07 12:29:28.827 D/CCodecConfig( 1561): no c2 equivalents for create-input-buffers-suspended
11-07 12:29:28.827 D/CCodecConfig( 1561): no c2 equivalents for flags
11-07 12:29:28.827 D/CCodecConfig( 1561): no c2 equivalents for encoder
11-07 12:29:28.827 D/CCodecConfig( 1561): Bad parameter value
11-07 12:29:28.828 D/CCodecConfig( 1561): c2 config diff is   c2::u32 coded.bitrate.value = 50000000
11-07 12:29:28.828 D/CCodecConfig( 1561):   c2::float coded.frame-rate.value = 30
11-07 12:29:28.828 D/CCodecConfig( 1561):   c2::u32 coded.pl.profile = 20482
11-07 12:29:28.828 D/CCodecConfig( 1561):   c2::u32 raw.size.height = 2160
11-07 12:29:28.828 W/CCodec  ( 1561): failed to configure c2 params
11-07 12:29:28.831 D/CCodec  ( 1561): allocate(c2.android.avc.encoder)
11-07 12:29:28.834 I/CCodec  ( 1561): Created component [c2.android.avc.encoder] for [c2.android.avc.encoder]
11-07 12:29:28.835 D/CCodecConfig( 1561): read media type: video/avc
11-07 12:29:28.841 D/CCodecConfig( 1561): ignoring local param raw.color (0xc2001809) as it is already supported
11-07 12:29:28.843 I/CCodecConfig( 1561): query failed after returning 13 values (BAD_INDEX)
11-07 12:29:28.843 D/CCodecConfig( 1561): c2 config diff is Dict {
11-07 12:29:28.843 D/CCodecConfig( 1561):   c2::u32 algo.bitrate-mode.value = 3
11-07 12:29:28.843 D/CCodecConfig( 1561):   c2::i32 coded.average-qp.value = 0
11-07 12:29:28.843 D/CCodecConfig( 1561):   c2::u32 coded.bitrate.value = 64000
11-07 12:29:28.843 D/CCodecConfig( 1561):   c2::float coded.frame-rate.value = 1
11-07 12:29:28.843 D/CCodecConfig( 1561):   c2::u32 coded.picture-type.value = 0
11-07 12:29:28.843 D/CCodecConfig( 1561):   c2::u32 coded.pl.level = 20492
11-07 12:29:28.843 D/CCodecConfig( 1561):   c2::u32 coded.pl.profile = 20481
11-07 12:29:28.843 D/CCodecConfig( 1561):   c2::u32 coded.vui.color.matrix = 0
11-07 12:29:28.843 D/CCodecConfig( 1561):   c2::u32 coded.vui.color.primaries = 0
11-07 12:29:28.843 D/CCodecConfig( 1561):   c2::u32 coded.vui.color.range = 0
11-07 12:29:28.843 D/CCodecConfig( 1561):   c2::u32 coded.vui.color.transfer = 0
11-07 12:29:28.843 D/CCodecConfig( 1561):   c2::u32 coding.intra-refresh.mode = 0
11-07 12:29:28.843 D/CCodecConfig( 1561):   c2::float coding.intra-refresh.period = 0
11-07 12:29:28.843 D/CCodecConfig( 1561):   c2::u32 coding.request-sync-frame.value = 0
11-07 12:29:28.843 D/CCodecConfig( 1561):   c2::i64 coding.sync-frame-interval.value = 1000000
11-07 12:29:28.843 D/CCodecConfig( 1561):   c2::u32 input.delay.value = 0
11-07 12:29:28.843 D/CCodecConfig( 1561):   string input.media-type.value = "video/raw"
11-07 12:29:28.843 D/CCodecConfig( 1561):   string output.media-type.value = "video/avc"
11-07 12:29:28.843 D/CCodecConfig( 1561):   c2::u32 raw.color.matrix = 0
11-07 12:29:28.843 D/CCodecConfig( 1561):   c2::u32 raw.color.primaries = 0
11-07 12:29:28.843 D/CCodecConfig( 1561):   c2::u32 raw.color.range = 0
11-07 12:29:28.843 D/CCodecConfig( 1561):   c2::u32 raw.color.transfer = 0
11-07 12:29:28.843 D/CCodecConfig( 1561):   c2::u32 raw.size.height = 16
11-07 12:29:28.843 D/CCodecConfig( 1561):   c2::u32 raw.size.width = 16
11-07 12:29:28.843 D/CCodecConfig( 1561): }
11-07 12:29:28.846 E/StagefrightRecorder( 1561): Failed to create video encoder
11-07 12:29:28.850 W/StagefrightRecorder( 1561): stop while neither recording nor paused
11-07 12:29:28.850 W/StagefrightRecorder( 1561): stop while neither recording nor paused
11-07 12:29:28.850 W/StagefrightRecorder( 1561): stop while neither recording nor paused
11-07 12:29:29.212 D/CCodec  (26459): hidl based PersistentSurface created
11-07 12:29:29.212 W/StagefrightRecorder( 1561): stop while neither recording nor paused
11-07 12:29:29.218 W/StagefrightRecorder( 1561): Max file duration is not positive: 0 us. Disabling duration limit.
11-07 12:29:29.218 W/StagefrightRecorder( 1561): Target duration (0 us) too short to be respected
11-07 12:29:29.218 E/StagefrightRecorder( 1561): setParameter: failed to find key video-param-encoding-bframe
11-07 12:29:29.222 D/CCodec  ( 1561): allocate(c2.android.avc.encoder)
11-07 12:29:29.228 I/CCodec  ( 1561): Created component [c2.android.avc.encoder] for [c2.android.avc.encoder]
11-07 12:29:29.228 D/CCodecConfig( 1561): read media type: video/avc
11-07 12:29:29.235 D/CCodecConfig( 1561): ignoring local param raw.color (0xc2001809) as it is already supported
11-07 12:29:29.238 I/CCodecConfig( 1561): query failed after returning 13 values (BAD_INDEX)
11-07 12:29:29.238 D/CCodecConfig( 1561): c2 config diff is Dict {
11-07 12:29:29.238 D/CCodecConfig( 1561):   c2::u32 algo.bitrate-mode.value = 3
11-07 12:29:29.238 D/CCodecConfig( 1561):   c2::i32 coded.average-qp.value = 0
11-07 12:29:29.238 D/CCodecConfig( 1561):   c2::u32 coded.bitrate.value = 64000
11-07 12:29:29.238 D/CCodecConfig( 1561):   c2::float coded.frame-rate.value = 1
11-07 12:29:29.238 D/CCodecConfig( 1561):   c2::u32 coded.picture-type.value = 0
11-07 12:29:29.238 D/CCodecConfig( 1561):   c2::u32 coded.pl.level = 20492
11-07 12:29:29.238 D/CCodecConfig( 1561):   c2::u32 coded.pl.profile = 20481
11-07 12:29:29.238 D/CCodecConfig( 1561):   c2::u32 coded.vui.color.matrix = 0
11-07 12:29:29.238 D/CCodecConfig( 1561):   c2::u32 coded.vui.color.primaries = 0
11-07 12:29:29.238 D/CCodecConfig( 1561):   c2::u32 coded.vui.color.range = 0
11-07 12:29:29.238 D/CCodecConfig( 1561):   c2::u32 coded.vui.color.transfer = 0
11-07 12:29:29.238 D/CCodecConfig( 1561):   c2::u32 coding.intra-refresh.mode = 0
11-07 12:29:29.238 D/CCodecConfig( 1561):   c2::float coding.intra-refresh.period = 0
11-07 12:29:29.238 D/CCodecConfig( 1561):   c2::u32 coding.request-sync-frame.value = 0
11-07 12:29:29.238 D/CCodecConfig( 1561):   c2::i64 coding.sync-frame-interval.value = 1000000
11-07 12:29:29.238 D/CCodecConfig( 1561):   c2::u32 input.delay.value = 0
11-07 12:29:29.238 D/CCodecConfig( 1561):   string input.media-type.value = "video/raw"
11-07 12:29:29.238 D/CCodecConfig( 1561):   string output.media-type.value = "video/avc"
11-07 12:29:29.238 D/CCodecConfig( 1561):   c2::u32 raw.color.matrix = 0
11-07 12:29:29.238 D/CCodecConfig( 1561):   c2::u32 raw.color.primaries = 0
11-07 12:29:29.238 D/CCodecConfig( 1561):   c2::u32 raw.color.range = 0
11-07 12:29:29.238 D/CCodecConfig( 1561):   c2::u32 raw.color.transfer = 0
11-07 12:29:29.238 D/CCodecConfig( 1561):   c2::u32 raw.size.height = 16
11-07 12:29:29.238 D/CCodecConfig( 1561):   c2::u32 raw.size.width = 16
11-07 12:29:29.238 D/CCodecConfig( 1561): }
11-07 12:29:29.240 D/CCodec  ( 1561): [c2.android.avc.encoder] buffers are bound to CCodec for this session
11-07 12:29:29.241 D/CCodecConfig( 1561): no c2 equivalents for stride
11-07 12:29:29.241 D/CCodecConfig( 1561): no c2 equivalents for slice-height
11-07 12:29:29.241 D/CCodecConfig( 1561): no c2 equivalents for color-format
11-07 12:29:29.241 D/CCodecConfig( 1561): no c2 equivalents for create-input-buffers-suspended
11-07 12:29:29.241 D/CCodecConfig( 1561): no c2 equivalents for flags
11-07 12:29:29.241 D/CCodecConfig( 1561): no c2 equivalents for encoder
11-07 12:29:29.242 D/CCodecConfig( 1561): Bad parameter value
11-07 12:29:29.242 D/CCodecConfig( 1561): c2 config diff is   c2::u32 coded.bitrate.value = 50000000
11-07 12:29:29.242 D/CCodecConfig( 1561):   c2::float coded.frame-rate.value = 30
11-07 12:29:29.242 D/CCodecConfig( 1561):   c2::u32 coded.pl.profile = 20482
11-07 12:29:29.242 D/CCodecConfig( 1561):   c2::u32 raw.size.height = 2160
11-07 12:29:29.243 W/CCodec  ( 1561): failed to configure c2 params
11-07 12:29:29.245 D/CCodec  ( 1561): allocate(c2.android.avc.encoder)
11-07 12:29:29.248 I/CCodec  ( 1561): Created component [c2.android.avc.encoder] for [c2.android.avc.encoder]
11-07 12:29:29.248 D/CCodecConfig( 1561): read media type: video/avc
11-07 12:29:29.254 D/CCodecConfig( 1561): ignoring local param raw.color (0xc2001809) as it is already supported
11-07 12:29:29.255 I/CCodecConfig( 1561): query failed after returning 13 values (BAD_INDEX)
11-07 12:29:29.255 D/CCodecConfig( 1561): c2 config diff is Dict {
11-07 12:29:29.255 D/CCodecConfig( 1561):   c2::u32 algo.bitrate-mode.value = 3
11-07 12:29:29.255 D/CCodecConfig( 1561):   c2::i32 coded.average-qp.value = 0
11-07 12:29:29.255 D/CCodecConfig( 1561):   c2::u32 coded.bitrate.value = 64000
11-07 12:29:29.255 D/CCodecConfig( 1561):   c2::float coded.frame-rate.value = 1
11-07 12:29:29.255 D/CCodecConfig( 1561):   c2::u32 coded.picture-type.value = 0
11-07 12:29:29.255 D/CCodecConfig( 1561):   c2::u32 coded.pl.level = 20492
11-07 12:29:29.255 D/CCodecConfig( 1561):   c2::u32 coded.pl.profile = 20481
11-07 12:29:29.255 D/CCodecConfig( 1561):   c2::u32 coded.vui.color.matrix = 0
11-07 12:29:29.255 D/CCodecConfig( 1561):   c2::u32 coded.vui.color.primaries = 0
11-07 12:29:29.255 D/CCodecConfig( 1561):   c2::u32 coded.vui.color.range = 0
11-07 12:29:29.255 D/CCodecConfig( 1561):   c2::u32 coded.vui.color.transfer = 0
11-07 12:29:29.255 D/CCodecConfig( 1561):   c2::u32 coding.intra-refresh.mode = 0
11-07 12:29:29.255 D/CCodecConfig( 1561):   c2::float coding.intra-refresh.period = 0
11-07 12:29:29.255 D/CCodecConfig( 1561):   c2::u32 coding.request-sync-frame.value = 0
11-07 12:29:29.255 D/CCodecConfig( 1561):   c2::i64 coding.sync-frame-interval.value = 1000000
11-07 12:29:29.255 D/CCodecConfig( 1561):   c2::u32 input.delay.value = 0
11-07 12:29:29.255 D/CCodecConfig( 1561):   string input.media-type.value = "video/raw"
11-07 12:29:29.255 D/CCodecConfig( 1561):   string output.media-type.value = "video/avc"
11-07 12:29:29.255 D/CCodecConfig( 1561):   c2::u32 raw.color.matrix = 0
11-07 12:29:29.255 D/CCodecConfig( 1561):   c2::u32 raw.color.primaries = 0
11-07 12:29:29.255 D/CCodecConfig( 1561):   c2::u32 raw.color.range = 0
11-07 12:29:29.255 D/CCodecConfig( 1561):   c2::u32 raw.color.transfer = 0
11-07 12:29:29.255 D/CCodecConfig( 1561):   c2::u32 raw.size.height = 16
11-07 12:29:29.255 D/CCodecConfig( 1561):   c2::u32 raw.size.width = 16
11-07 12:29:29.255 D/CCodecConfig( 1561): }
11-07 12:29:29.260 E/StagefrightRecorder( 1561): Failed to create video encoder
11-07 12:29:29.263 W/StagefrightRecorder( 1561): stop while neither recording nor paused
11-07 12:29:29.263 W/StagefrightRecorder( 1561): stop while neither recording nor paused
11-07 12:29:29.263 W/StagefrightRecorder( 1561): stop while neither recording nor paused
11-07 12:29:29.550 D/CCodec  (26459): hidl based PersistentSurface created
11-07 12:29:29.550 W/StagefrightRecorder( 1561): stop while neither recording nor paused
11-07 12:29:29.555 W/StagefrightRecorder( 1561): Max file duration is not positive: 0 us. Disabling duration limit.
11-07 12:29:29.555 W/StagefrightRecorder( 1561): Target duration (0 us) too short to be respected
11-07 12:29:29.555 E/StagefrightRecorder( 1561): setParameter: failed to find key video-param-encoding-bframe
11-07 12:29:29.559 D/CCodec  ( 1561): allocate(c2.android.avc.encoder)
11-07 12:29:29.563 I/CCodec  ( 1561): Created component [c2.android.avc.encoder] for [c2.android.avc.encoder]
11-07 12:29:29.563 D/CCodecConfig( 1561): read media type: video/avc
11-07 12:29:29.568 D/CCodecConfig( 1561): ignoring local param raw.color (0xc2001809) as it is already supported
11-07 12:29:29.570 I/CCodecConfig( 1561): query failed after returning 13 values (BAD_INDEX)
11-07 12:29:29.570 D/CCodecConfig( 1561): c2 config diff is Dict {
11-07 12:29:29.570 D/CCodecConfig( 1561):   c2::u32 algo.bitrate-mode.value = 3
11-07 12:29:29.570 D/CCodecConfig( 1561):   c2::i32 coded.average-qp.value = 0
11-07 12:29:29.570 D/CCodecConfig( 1561):   c2::u32 coded.bitrate.value = 64000
11-07 12:29:29.570 D/CCodecConfig( 1561):   c2::float coded.frame-rate.value = 1
11-07 12:29:29.570 D/CCodecConfig( 1561):   c2::u32 coded.picture-type.value = 0
11-07 12:29:29.570 D/CCodecConfig( 1561):   c2::u32 coded.pl.level = 20492
11-07 12:29:29.570 D/CCodecConfig( 1561):   c2::u32 coded.pl.profile = 20481
11-07 12:29:29.570 D/CCodecConfig( 1561):   c2::u32 coded.vui.color.matrix = 0
11-07 12:29:29.570 D/CCodecConfig( 1561):   c2::u32 coded.vui.color.primaries = 0
11-07 12:29:29.570 D/CCodecConfig( 1561):   c2::u32 coded.vui.color.range = 0
11-07 12:29:29.570 D/CCodecConfig( 1561):   c2::u32 coded.vui.color.transfer = 0
11-07 12:29:29.570 D/CCodecConfig( 1561):   c2::u32 coding.intra-refresh.mode = 0
11-07 12:29:29.570 D/CCodecConfig( 1561):   c2::float coding.intra-refresh.period = 0
11-07 12:29:29.570 D/CCodecConfig( 1561):   c2::u32 coding.request-sync-frame.value = 0
11-07 12:29:29.570 D/CCodecConfig( 1561):   c2::i64 coding.sync-frame-interval.value = 1000000
11-07 12:29:29.570 D/CCodecConfig( 1561):   c2::u32 input.delay.value = 0
11-07 12:29:29.570 D/CCodecConfig( 1561):   string input.media-type.value = "video/raw"
11-07 12:29:29.570 D/CCodecConfig( 1561):   string output.media-type.value = "video/avc"
11-07 12:29:29.570 D/CCodecConfig( 1561):   c2::u32 raw.color.matrix = 0
11-07 12:29:29.570 D/CCodecConfig( 1561):   c2::u32 raw.color.primaries = 0
11-07 12:29:29.570 D/CCodecConfig( 1561):   c2::u32 raw.color.range = 0
11-07 12:29:29.570 D/CCodecConfig( 1561):   c2::u32 raw.color.transfer = 0
11-07 12:29:29.570 D/CCodecConfig( 1561):   c2::u32 raw.size.height = 16
11-07 12:29:29.570 D/CCodecConfig( 1561):   c2::u32 raw.size.width = 16
11-07 12:29:29.570 D/CCodecConfig( 1561): }
11-07 12:29:29.577 D/CCodec  ( 1561): [c2.android.avc.encoder] buffers are bound to CCodec for this session
11-07 12:29:29.578 D/CCodecConfig( 1561): no c2 equivalents for stride
11-07 12:29:29.578 D/CCodecConfig( 1561): no c2 equivalents for slice-height
11-07 12:29:29.578 D/CCodecConfig( 1561): no c2 equivalents for color-format
11-07 12:29:29.578 D/CCodecConfig( 1561): no c2 equivalents for create-input-buffers-suspended
11-07 12:29:29.578 D/CCodecConfig( 1561): no c2 equivalents for flags
11-07 12:29:29.578 D/CCodecConfig( 1561): no c2 equivalents for encoder
11-07 12:29:29.579 D/CCodecConfig( 1561): Bad parameter value
11-07 12:29:29.579 D/CCodecConfig( 1561): c2 config diff is   c2::u32 coded.bitrate.value = 50000000
11-07 12:29:29.579 D/CCodecConfig( 1561):   c2::float coded.frame-rate.value = 30
11-07 12:29:29.579 D/CCodecConfig( 1561):   c2::u32 coded.pl.profile = 20482
11-07 12:29:29.579 D/CCodecConfig( 1561):   c2::u32 raw.size.height = 2160
11-07 12:29:29.580 W/CCodec  ( 1561): failed to configure c2 params
11-07 12:29:29.582 D/CCodec  ( 1561): allocate(c2.android.avc.encoder)
11-07 12:29:29.586 I/CCodec  ( 1561): Created component [c2.android.avc.encoder] for [c2.android.avc.encoder]
11-07 12:29:29.586 D/CCodecConfig( 1561): read media type: video/avc
11-07 12:29:29.593 D/CCodecConfig( 1561): ignoring local param raw.color (0xc2001809) as it is already supported
11-07 12:29:29.594 I/CCodecConfig( 1561): query failed after returning 13 values (BAD_INDEX)
11-07 12:29:29.595 D/CCodecConfig( 1561): c2 config diff is Dict {
11-07 12:29:29.595 D/CCodecConfig( 1561):   c2::u32 algo.bitrate-mode.value = 3
11-07 12:29:29.595 D/CCodecConfig( 1561):   c2::i32 coded.average-qp.value = 0
11-07 12:29:29.595 D/CCodecConfig( 1561):   c2::u32 coded.bitrate.value = 64000
11-07 12:29:29.595 D/CCodecConfig( 1561):   c2::float coded.frame-rate.value = 1
11-07 12:29:29.595 D/CCodecConfig( 1561):   c2::u32 coded.picture-type.value = 0
11-07 12:29:29.595 D/CCodecConfig( 1561):   c2::u32 coded.pl.level = 20492
11-07 12:29:29.595 D/CCodecConfig( 1561):   c2::u32 coded.pl.profile = 20481
11-07 12:29:29.595 D/CCodecConfig( 1561):   c2::u32 coded.vui.color.matrix = 0
11-07 12:29:29.595 D/CCodecConfig( 1561):   c2::u32 coded.vui.color.primaries = 0
11-07 12:29:29.595 D/CCodecConfig( 1561):   c2::u32 coded.vui.color.range = 0
11-07 12:29:29.595 D/CCodecConfig( 1561):   c2::u32 coded.vui.color.transfer = 0
11-07 12:29:29.595 D/CCodecConfig( 1561):   c2::u32 coding.intra-refresh.mode = 0
11-07 12:29:29.595 D/CCodecConfig( 1561):   c2::float coding.intra-refresh.period = 0
11-07 12:29:29.595 D/CCodecConfig( 1561):   c2::u32 coding.request-sync-frame.value = 0
11-07 12:29:29.595 D/CCodecConfig( 1561):   c2::i64 coding.sync-frame-interval.value = 1000000
11-07 12:29:29.595 D/CCodecConfig( 1561):   c2::u32 input.delay.value = 0
11-07 12:29:29.595 D/CCodecConfig( 1561):   string input.media-type.value = "video/raw"
11-07 12:29:29.595 D/CCodecConfig( 1561):   string output.media-type.value = "video/avc"
11-07 12:29:29.595 D/CCodecConfig( 1561):   c2::u32 raw.color.matrix = 0
11-07 12:29:29.595 D/CCodecConfig( 1561):   c2::u32 raw.color.primaries = 0
11-07 12:29:29.595 D/CCodecConfig( 1561):   c2::u32 raw.color.range = 0
11-07 12:29:29.595 D/CCodecConfig( 1561):   c2::u32 raw.color.transfer = 0
11-07 12:29:29.595 D/CCodecConfig( 1561):   c2::u32 raw.size.height = 16
11-07 12:29:29.595 D/CCodecConfig( 1561):   c2::u32 raw.size.width = 16
11-07 12:29:29.595 D/CCodecConfig( 1561): }
11-07 12:29:29.599 E/StagefrightRecorder( 1561): Failed to create video encoder
11-07 12:29:29.602 W/StagefrightRecorder( 1561): stop while neither recording nor paused
11-07 12:29:29.602 W/StagefrightRecorder( 1561): stop while neither recording nor paused
11-07 12:29:29.602 W/StagefrightRecorder( 1561): stop while neither recording nor paused
11-07 12:29:29.848 D/CCodec  (26459): hidl based PersistentSurface created
11-07 12:29:29.848 W/StagefrightRecorder( 1561): stop while neither recording nor paused
11-07 12:29:29.853 W/StagefrightRecorder( 1561): Max file duration is not positive: 0 us. Disabling duration limit.
11-07 12:29:29.853 W/StagefrightRecorder( 1561): Target duration (0 us) too short to be respected
11-07 12:29:29.853 E/StagefrightRecorder( 1561): setParameter: failed to find key video-param-encoding-bframe
11-07 12:29:29.858 D/CCodec  ( 1561): allocate(c2.android.avc.encoder)
11-07 12:29:29.862 I/CCodec  ( 1561): Created component [c2.android.avc.encoder] for [c2.android.avc.encoder]
11-07 12:29:29.862 D/CCodecConfig( 1561): read media type: video/avc
11-07 12:29:29.867 D/CCodecConfig( 1561): ignoring local param raw.color (0xc2001809) as it is already supported
11-07 12:29:29.868 I/CCodecConfig( 1561): query failed after returning 13 values (BAD_INDEX)
11-07 12:29:29.869 D/CCodecConfig( 1561): c2 config diff is Dict {
11-07 12:29:29.869 D/CCodecConfig( 1561):   c2::u32 algo.bitrate-mode.value = 3
11-07 12:29:29.869 D/CCodecConfig( 1561):   c2::i32 coded.average-qp.value = 0
11-07 12:29:29.869 D/CCodecConfig( 1561):   c2::u32 coded.bitrate.value = 64000
11-07 12:29:29.869 D/CCodecConfig( 1561):   c2::float coded.frame-rate.value = 1
11-07 12:29:29.869 D/CCodecConfig( 1561):   c2::u32 coded.picture-type.value = 0
11-07 12:29:29.869 D/CCodecConfig( 1561):   c2::u32 coded.pl.level = 20492
11-07 12:29:29.869 D/CCodecConfig( 1561):   c2::u32 coded.pl.profile = 20481
11-07 12:29:29.869 D/CCodecConfig( 1561):   c2::u32 coded.vui.color.matrix = 0
11-07 12:29:29.869 D/CCodecConfig( 1561):   c2::u32 coded.vui.color.primaries = 0
11-07 12:29:29.869 D/CCodecConfig( 1561):   c2::u32 coded.vui.color.range = 0
11-07 12:29:29.869 D/CCodecConfig( 1561):   c2::u32 coded.vui.color.transfer = 0
11-07 12:29:29.869 D/CCodecConfig( 1561):   c2::u32 coding.intra-refresh.mode = 0
11-07 12:29:29.869 D/CCodecConfig( 1561):   c2::float coding.intra-refresh.period = 0
11-07 12:29:29.869 D/CCodecConfig( 1561):   c2::u32 coding.request-sync-frame.value = 0
11-07 12:29:29.869 D/CCodecConfig( 1561):   c2::i64 coding.sync-frame-interval.value = 1000000
11-07 12:29:29.869 D/CCodecConfig( 1561):   c2::u32 input.delay.value = 0
11-07 12:29:29.869 D/CCodecConfig( 1561):   string input.media-type.value = "video/raw"
11-07 12:29:29.869 D/CCodecConfig( 1561):   string output.media-type.value = "video/avc"
11-07 12:29:29.869 D/CCodecConfig( 1561):   c2::u32 raw.color.matrix = 0
11-07 12:29:29.869 D/CCodecConfig( 1561):   c2::u32 raw.color.primaries = 0
11-07 12:29:29.869 D/CCodecConfig( 1561):   c2::u32 raw.color.range = 0
11-07 12:29:29.869 D/CCodecConfig( 1561):   c2::u32 raw.color.transfer = 0
11-07 12:29:29.869 D/CCodecConfig( 1561):   c2::u32 raw.size.height = 16
11-07 12:29:29.869 D/CCodecConfig( 1561):   c2::u32 raw.size.width = 16
11-07 12:29:29.869 D/CCodecConfig( 1561): }
11-07 12:29:29.872 D/CCodec  ( 1561): [c2.android.avc.encoder] buffers are bound to CCodec for this session
11-07 12:29:29.872 D/CCodecConfig( 1561): no c2 equivalents for stride
11-07 12:29:29.872 D/CCodecConfig( 1561): no c2 equivalents for slice-height
11-07 12:29:29.872 D/CCodecConfig( 1561): no c2 equivalents for color-format
11-07 12:29:29.872 D/CCodecConfig( 1561): no c2 equivalents for create-input-buffers-suspended
11-07 12:29:29.872 D/CCodecConfig( 1561): no c2 equivalents for flags
11-07 12:29:29.872 D/CCodecConfig( 1561): no c2 equivalents for encoder
11-07 12:29:29.872 D/CCodecConfig( 1561): Bad parameter value
11-07 12:29:29.873 D/CCodecConfig( 1561): c2 config diff is   c2::u32 coded.bitrate.value = 50000000
11-07 12:29:29.873 D/CCodecConfig( 1561):   c2::float coded.frame-rate.value = 30
11-07 12:29:29.873 D/CCodecConfig( 1561):   c2::u32 coded.pl.profile = 20482
11-07 12:29:29.873 D/CCodecConfig( 1561):   c2::u32 raw.size.height = 2160
11-07 12:29:29.874 W/CCodec  ( 1561): failed to configure c2 params
11-07 12:29:29.880 D/CCodec  ( 1561): allocate(c2.android.avc.encoder)
11-07 12:29:29.884 I/CCodec  ( 1561): Created component [c2.android.avc.encoder] for [c2.android.avc.encoder]
11-07 12:29:29.884 D/CCodecConfig( 1561): read media type: video/avc
11-07 12:29:29.890 D/CCodecConfig( 1561): ignoring local param raw.color (0xc2001809) as it is already supported
11-07 12:29:29.891 I/CCodecConfig( 1561): query failed after returning 13 values (BAD_INDEX)
11-07 12:29:29.892 D/CCodecConfig( 1561): c2 config diff is Dict {
11-07 12:29:29.892 D/CCodecConfig( 1561):   c2::u32 algo.bitrate-mode.value = 3
11-07 12:29:29.892 D/CCodecConfig( 1561):   c2::i32 coded.average-qp.value = 0
11-07 12:29:29.892 D/CCodecConfig( 1561):   c2::u32 coded.bitrate.value = 64000
11-07 12:29:29.892 D/CCodecConfig( 1561):   c2::float coded.frame-rate.value = 1
11-07 12:29:29.892 D/CCodecConfig( 1561):   c2::u32 coded.picture-type.value = 0
11-07 12:29:29.892 D/CCodecConfig( 1561):   c2::u32 coded.pl.level = 20492
11-07 12:29:29.892 D/CCodecConfig( 1561):   c2::u32 coded.pl.profile = 20481
11-07 12:29:29.892 D/CCodecConfig( 1561):   c2::u32 coded.vui.color.matrix = 0
11-07 12:29:29.892 D/CCodecConfig( 1561):   c2::u32 coded.vui.color.primaries = 0
11-07 12:29:29.892 D/CCodecConfig( 1561):   c2::u32 coded.vui.color.range = 0
11-07 12:29:29.892 D/CCodecConfig( 1561):   c2::u32 coded.vui.color.transfer = 0
11-07 12:29:29.892 D/CCodecConfig( 1561):   c2::u32 coding.intra-refresh.mode = 0
11-07 12:29:29.892 D/CCodecConfig( 1561):   c2::float coding.intra-refresh.period = 0
11-07 12:29:29.892 D/CCodecConfig( 1561):   c2::u32 coding.request-sync-frame.value = 0
11-07 12:29:29.892 D/CCodecConfig( 1561):   c2::i64 coding.sync-frame-interval.value = 1000000
11-07 12:29:29.892 D/CCodecConfig( 1561):   c2::u32 input.delay.value = 0
11-07 12:29:29.892 D/CCodecConfig( 1561):   string input.media-type.value = "video/raw"
11-07 12:29:29.892 D/CCodecConfig( 1561):   string output.media-type.value = "video/avc"
11-07 12:29:29.892 D/CCodecConfig( 1561):   c2::u32 raw.color.matrix = 0
11-07 12:29:29.892 D/CCodecConfig( 1561):   c2::u32 raw.color.primaries = 0
11-07 12:29:29.892 D/CCodecConfig( 1561):   c2::u32 raw.color.range = 0
11-07 12:29:29.892 D/CCodecConfig( 1561):   c2::u32 raw.color.transfer = 0
11-07 12:29:29.892 D/CCodecConfig( 1561):   c2::u32 raw.size.height = 16
11-07 12:29:29.892 D/CCodecConfig( 1561):   c2::u32 raw.size.width = 16
11-07 12:29:29.892 D/CCodecConfig( 1561): }
11-07 12:29:29.897 E/StagefrightRecorder( 1561): Failed to create video encoder
11-07 12:29:29.903 W/StagefrightRecorder( 1561): stop while neither recording nor paused
11-07 12:29:29.903 W/StagefrightRecorder( 1561): stop while neither recording nor paused
11-07 12:29:29.903 W/StagefrightRecorder( 1561): stop while neither recording nor paused
11-07 12:29:30.151 D/CCodec  (26459): hidl based PersistentSurface created
11-07 12:29:30.151 W/StagefrightRecorder( 1561): stop while neither recording nor paused
11-07 12:29:30.156 W/StagefrightRecorder( 1561): Max file duration is not positive: 0 us. Disabling duration limit.
11-07 12:29:30.157 W/StagefrightRecorder( 1561): Target duration (0 us) too short to be respected
11-07 12:29:30.157 E/StagefrightRecorder( 1561): setParameter: failed to find key video-param-encoding-bframe
11-07 12:29:30.160 D/CCodec  ( 1561): allocate(c2.android.avc.encoder)
11-07 12:29:30.161 I/CCodec  ( 1561): Created component [c2.android.avc.encoder] for [c2.android.avc.encoder]
11-07 12:29:30.161 D/CCodecConfig( 1561): read media type: video/avc
11-07 12:29:30.164 D/CCodecConfig( 1561): ignoring local param raw.color (0xc2001809) as it is already supported
11-07 12:29:30.165 I/CCodecConfig( 1561): query failed after returning 13 values (BAD_INDEX)
11-07 12:29:30.165 D/CCodecConfig( 1561): c2 config diff is Dict {
11-07 12:29:30.165 D/CCodecConfig( 1561):   c2::u32 algo.bitrate-mode.value = 3
11-07 12:29:30.165 D/CCodecConfig( 1561):   c2::i32 coded.average-qp.value = 0
11-07 12:29:30.165 D/CCodecConfig( 1561):   c2::u32 coded.bitrate.value = 64000
11-07 12:29:30.165 D/CCodecConfig( 1561):   c2::float coded.frame-rate.value = 1
11-07 12:29:30.165 D/CCodecConfig( 1561):   c2::u32 coded.picture-type.value = 0
11-07 12:29:30.165 D/CCodecConfig( 1561):   c2::u32 coded.pl.level = 20492
11-07 12:29:30.165 D/CCodecConfig( 1561):   c2::u32 coded.pl.profile = 20481
