--------- beginning of main
11-06 23:02:30.529 I/vendor.qti.bluetooth@1.0-ibs_handler( 1092): ProcessIbsCmd: Received IBS_SLEEP_IND: 0xFE
11-06 23:02:30.530 D/vendor.qti.bluetooth@1.0-ibs_handler( 1092): SerialClockVote: vote for UART CLK OFF
11-06 23:02:30.680 D/vendor.qti.bluetooth@1.0-wake_lock( 1092): Release wakelock is released 
11-06 23:02:30.795 W/ServiceManagerCppClient( 1254): Waited one second for stats (is service started? Number of threads started in the threadpool: 6. Are binder threads started and available?)
11-06 23:02:30.797 W/ServiceManagerCppClient( 1566): Waited one second for stats (is service started? Number of threads started in the threadpool: 17. Are binder threads started and available?)
11-06 23:02:30.818 W/ServiceManagerCppClient( 1820): Waited one second for stats (is service started? Number of threads started in the threadpool: 32. Are binder threads started and available?)
11-06 23:02:30.945 I/bt_shim_advertiser( 2759): system/main/shim/le_advertising_manager.cc:80 Unregister: in shim layer
11-06 23:02:30.945 I/bluetooth_core::gatt::server::isolation_manager( 2759): removing server (if any) associated with advertiser AdvertiserId(0)
11-06 23:02:30.947 D/vendor.qti.bluetooth@1.0-ibs_handler( 1092): SerialClockVote: vote for UART CLK ON
11-06 23:02:30.947 D/vendor.qti.bluetooth@1.0-wake_lock( 1092): Acquire wakelock is acquired 
11-06 23:02:30.947 I/vendor.qti.bluetooth@1.0-ibs_handler( 1092): DeviceWakeUp: Writing IBS_WAKE_IND
11-06 23:02:30.948 I/vendor.qti.bluetooth@1.0-ibs_handler( 1092): ProcessIbsCmd: Received IBS_WAKE_ACK: 0xFC
11-06 23:02:30.948 I/vendor.qti.bluetooth@1.0-ibs_handler( 1092): ProcessIbsCmd: Signal wack_cond_
11-06 23:02:30.948 D/vendor.qti.bluetooth@1.0-ibs_handler( 1092): DeviceWakeUp: Unblocked from waiting for FC, pthread_cond_timedwait ret = 0
11-06 23:02:30.952 I/vendor.qti.bluetooth@1.0-ibs_handler( 1092): ProcessIbsCmd: Received IBS_WAKE_IND: 0xFD
11-06 23:02:30.952 I/vendor.qti.bluetooth@1.0-ibs_handler( 1092): ProcessIbsCmd: Writing IBS_WAKE_ACK
11-06 23:02:31.046 I/vendor.qti.bluetooth@1.0-ibs_handler( 1092): ProcessIbsCmd: Received IBS_SLEEP_IND: 0xFE
11-06 23:02:31.238 I/vendor.qti.bluetooth@1.0-ibs_handler( 1092): ProcessIbsCmd: Received IBS_WAKE_IND: 0xFD
11-06 23:02:31.238 I/vendor.qti.bluetooth@1.0-ibs_handler( 1092): ProcessIbsCmd: Writing IBS_WAKE_ACK
11-06 23:02:31.307 W/presshd:support(16779): Suspending all threads took: 16.251ms
11-06 23:02:31.319 I/vendor.qti.bluetooth@1.0-ibs_handler( 1092): ProcessIbsCmd: Received IBS_SLEEP_IND: 0xFE
11-06 23:02:31.458 W/presshd:channel(16798): Suspending all threads took: 15.796ms
11-06 23:02:31.506 I/vendor.qti.bluetooth@1.0-ibs_handler( 1092): ProcessIbsCmd: Received IBS_WAKE_IND: 0xFD
11-06 23:02:31.507 I/vendor.qti.bluetooth@1.0-ibs_handler( 1092): ProcessIbsCmd: Writing IBS_WAKE_ACK
11-06 23:02:31.549 D/BufferPoolAccessor2.0( 1606): evictor expired: 1, evicted: 0
11-06 23:02:31.588 I/vendor.qti.bluetooth@1.0-ibs_handler( 1092): ProcessIbsCmd: Received IBS_SLEEP_IND: 0xFE
11-06 23:02:31.610 D/audio_hw_primary( 1083): out_standby: enter: stream (0xe7b84330) usecase(1: low-latency-playback)
11-06 23:02:31.710 D/audio_hw_primary( 1083): stop_output_stream: enter: usecase(1: low-latency-playback)
11-06 23:02:31.711 V/send_data_to_xlog( 1083): send_audio_bigdata_to_xlog
11-06 23:02:31.711 D/audio_hw_primary( 1083): disable_audio_route: reset and update mixer path: low-latency-playback speaker
11-06 23:02:31.713 D/audio_hw_primary( 1083): [force reset] del low-latency-playback speaker 1
11-06 23:02:31.713 E/soundtrigger( 1083): audio_extn_sound_trigger_update_stream_status: invalid input device 0x0, for event 2
11-06 23:02:31.713 D/soundtrigger( 1083): audio_extn_sound_trigger_update_stream_status: uc_info->id 1 of type 0 for Event 2, with Raise=0
11-06 23:02:31.713 D/msm8974_platform( 1083): platform_split_snd_device: snd_device(2) num devices(0) new_snd_devices(0)
11-06 23:02:31.713 I/msm8974_platform( 1083): platform_get_custom_mtmx_params: no matching param with id 0 ip_ch 2 op_ch 2 uc_id 1 snd_dev 2
11-06 23:02:31.713 D/hardware_info( 1083): hw_info_append_hw_type : device_name = speaker
11-06 23:02:31.713 D/audio_hw_primary( 1083): disable_snd_device: device ref cnt is 1[2]
11-06 23:02:31.713 D/audio_hw_primary( 1083): disable_snd_device: snd_device(2: speaker)[SND_DEVICE_OUT_SPEAKER]
11-06 23:02:31.713 D/msm8974_platform( 1083): platform_split_snd_device: snd_device(2) num devices(0) new_snd_devices(0)
11-06 23:02:31.726 I/soundtrigger( 1083): audio_extn_sound_trigger_update_device_status: device 0x2 of type 0 for Event 0, with Raise=0
11-06 23:02:31.727 D/audio_hw_primary( 1083): stop_output_stream: exit: status(0)
11-06 23:02:31.727 D/audio_hw_primary( 1083): out_standby: exit
--------- beginning of system
11-06 23:02:31.768 D/LoadedApk(16798): Service not registered: m7.vd@63ff740
11-06 23:02:31.778 I/vendor.qti.bluetooth@1.0-ibs_handler( 1092): ProcessIbsCmd: Received IBS_WAKE_IND: 0xFD
11-06 23:02:31.778 I/vendor.qti.bluetooth@1.0-ibs_handler( 1092): ProcessIbsCmd: Writing IBS_WAKE_ACK
11-06 23:02:31.797 W/ServiceManagerCppClient( 1254): Waited one second for stats (is service started? Number of threads started in the threadpool: 6. Are binder threads started and available?)
11-06 23:02:31.798 W/ServiceManagerCppClient( 1566): Waited one second for stats (is service started? Number of threads started in the threadpool: 17. Are binder threads started and available?)
11-06 23:02:31.819 W/ServiceManagerCppClient( 1820): Waited one second for stats (is service started? Number of threads started in the threadpool: 32. Are binder threads started and available?)
11-06 23:02:31.859 I/vendor.qti.bluetooth@1.0-ibs_handler( 1092): ProcessIbsCmd: Received IBS_SLEEP_IND: 0xFE
11-06 23:02:31.879 D/CompatChangeReporter(16798): Compat change id reported: 279646685; UID 10723; state: ENABLED
11-06 23:02:31.883 D/CompatChangeReporter(16798): Compat change id reported: 63938206; UID 10723; state: ENABLED
11-06 23:02:31.905 D/nativeloader(16798): Load /data/app/~~WJZ2BeVPvx5ZsAbIRv9Sbg==/com.alibaba.aliexpresshd-UVD_VLcVal-8YKYsI8QPnA==/lib/arm64/libavif_android.so using class loader ns clns-9 (caller=/data/app/~~WJZ2BeVPvx5ZsAbIRv9Sbg==/com.alibaba.aliexpresshd-UVD_VLcVal-8YKYsI8QPnA==/base.apk!classes5.dex): ok
11-06 23:02:31.907 D/ConnectivityService( 1820): requestNetwork for uid/pid:10723/16798 activeRequest: null callbackRequest: 2230 [NetworkRequest [ REQUEST id=2231, [ Capabilities: INTERNET&NOT_RESTRICTED&TRUSTED&NOT_VCN_MANAGED&NOT_BANDWIDTH_CONSTRAINED Uid: 10723 RequestorUid: 10723 RequestorPkg: com.alibaba.aliexpresshd UnderlyingNetworks: Null] ]] callback flags: 0 order: 2147483647 isUidTracked: false declaredMethods: AVAIL|LOST
11-06 23:02:31.910 D/ConnectivityService( 1820): NetReassign [2231 : null → 100] [c 0] [a 0] [i 2]
11-06 23:02:31.910 D/WifiNetworkFactory( 1820): got request NetworkRequest [ REQUEST id=2231, [ Capabilities: INTERNET&NOT_RESTRICTED&TRUSTED&NOT_VCN_MANAGED&NOT_BANDWIDTH_CONSTRAINED Uid: 10723 RequestorUid: 10723 RequestorPkg: com.alibaba.aliexpresshd UnderlyingNetworks: Null] ]
11-06 23:02:31.910 D/UntrustedWifiNetworkFactory( 1820): got request NetworkRequest [ REQUEST id=2231, [ Capabilities: INTERNET&NOT_RESTRICTED&TRUSTED&NOT_VCN_MANAGED&NOT_BANDWIDTH_CONSTRAINED Uid: 10723 RequestorUid: 10723 RequestorPkg: com.alibaba.aliexpresshd UnderlyingNetworks: Null] ]
11-06 23:02:31.911 D/OemPaidWifiNetworkFactory( 1820): got request NetworkRequest [ REQUEST id=2231, [ Capabilities: INTERNET&NOT_RESTRICTED&TRUSTED&NOT_VCN_MANAGED&NOT_BANDWIDTH_CONSTRAINED Uid: 10723 RequestorUid: 10723 RequestorPkg: com.alibaba.aliexpresshd UnderlyingNetworks: Null] ]
11-06 23:02:31.911 D/MultiInternetWifiNetworkFactory( 1820): got request NetworkRequest [ REQUEST id=2231, [ Capabilities: INTERNET&NOT_RESTRICTED&TRUSTED&NOT_VCN_MANAGED&NOT_BANDWIDTH_CONSTRAINED Uid: 10723 RequestorUid: 10723 RequestorPkg: com.alibaba.aliexpresshd UnderlyingNetworks: Null] ]
11-06 23:02:31.912 D/CompatChangeReporter(16798): Compat change id reported: 352594277; UID 10723; state: ENABLED
11-06 23:02:31.918 D/CompatChangeReporter(16798): Compat change id reported: 349153669; UID 10723; state: ENABLED
11-06 23:02:31.925 I/DisplayManager(16798): Implicitly registering for refresh rate
11-06 23:02:31.927 V/DisplayManagerService( 1820): FrozenStateChangeCallback not supported for pid 16798
11-06 23:02:31.934 W/WindowManager( 1820): Attempted to add presentation window to a non-suitable display.  Aborting.
11-06 23:02:31.936 E/WindowManager(16798): Couldn't add view: com.alibaba.aliexpresshd.notification.headsup.view.HeadsUpSwipeContainer{34ec9f6 V.E...... ......I. 0,0-0,0}
11-06 23:02:31.936 E/WindowManager(16798): android.view.WindowManager$InvalidDisplayException: Unable to add window android.view.ViewRootImpl$W@4b82691 -- the specified display can not be found
11-06 23:02:31.936 E/WindowManager(16798): 	at android.view.ViewRootImpl.setView(ViewRootImpl.java:1761)
11-06 23:02:31.936 E/WindowManager(16798): 	at android.view.WindowManagerGlobal.addView(WindowManagerGlobal.java:537)
11-06 23:02:31.936 E/WindowManager(16798): 	at android.view.WindowManagerImpl.addView(WindowManagerImpl.java:161)
11-06 23:02:31.936 E/WindowManager(16798): 	at com.uflo.windowmanager.b.a(SourceFile:28)
11-06 23:02:31.936 E/WindowManager(16798): 	at com.uflo.windowmanager.f.a(SourceFile:306)
11-06 23:02:31.936 E/WindowManager(16798): 	at com.alibaba.aliexpresshd.notification.headsup.HeadsUpNotificationManager.e(SourceFile:164)
11-06 23:02:31.936 E/WindowManager(16798): 	at fi.a$a.run(SourceFile:116)
11-06 23:02:31.936 E/WindowManager(16798): 	at android.os.Handler.handleCallback(Handler.java:995)
11-06 23:02:31.936 E/WindowManager(16798): 	at android.os.Handler.dispatchMessage(Handler.java:103)
11-06 23:02:31.936 E/WindowManager(16798): 	at android.os.Looper.loopOnce(Looper.java:248)
11-06 23:02:31.936 E/WindowManager(16798): 	at android.os.Looper.loop(Looper.java:338)
11-06 23:02:31.936 E/WindowManager(16798): 	at android.app.ActivityThread.main(ActivityThread.java:9145)
11-06 23:02:31.936 E/WindowManager(16798): 	at java.lang.reflect.Method.invoke(Native Method)
11-06 23:02:31.936 E/WindowManager(16798): 	at com.android.internal.os.RuntimeInit$MethodAndArgsCaller.run(RuntimeInit.java:596)
11-06 23:02:31.936 E/WindowManager(16798): 	at com.android.internal.os.ZygoteInit.main(ZygoteInit.java:940)
11-06 23:02:31.938 W/System.err(16798): android.view.WindowManager$InvalidDisplayException: Unable to add window android.view.ViewRootImpl$W@4b82691 -- the specified display can not be found
11-06 23:02:31.938 W/System.err(16798): 	at android.view.ViewRootImpl.setView(ViewRootImpl.java:1761)
11-06 23:02:31.938 W/System.err(16798): 	at android.view.WindowManagerGlobal.addView(WindowManagerGlobal.java:537)
11-06 23:02:31.938 W/System.err(16798): 	at android.view.WindowManagerImpl.addView(WindowManagerImpl.java:161)
11-06 23:02:31.938 W/System.err(16798): 	at com.uflo.windowmanager.b.a(SourceFile:28)
11-06 23:02:31.938 W/System.err(16798): 	at com.uflo.windowmanager.f.a(SourceFile:306)
11-06 23:02:31.938 W/System.err(16798): 	at com.alibaba.aliexpresshd.notification.headsup.HeadsUpNotificationManager.e(SourceFile:164)
11-06 23:02:31.938 W/System.err(16798): 	at fi.a$a.run(SourceFile:116)
11-06 23:02:31.938 W/System.err(16798): 	at android.os.Handler.handleCallback(Handler.java:995)
11-06 23:02:31.938 W/System.err(16798): 	at android.os.Handler.dispatchMessage(Handler.java:103)
11-06 23:02:31.938 W/System.err(16798): 	at android.os.Looper.loopOnce(Looper.java:248)
11-06 23:02:31.938 W/System.err(16798): 	at android.os.Looper.loop(Looper.java:338)
11-06 23:02:31.938 W/System.err(16798): 	at android.app.ActivityThread.main(ActivityThread.java:9145)
11-06 23:02:31.938 W/System.err(16798): 	at java.lang.reflect.Method.invoke(Native Method)
11-06 23:02:31.938 W/System.err(16798): 	at com.android.internal.os.RuntimeInit$MethodAndArgsCaller.run(RuntimeInit.java:596)
11-06 23:02:31.938 W/System.err(16798): 	at com.android.internal.os.ZygoteInit.main(ZygoteInit.java:940)
11-06 23:02:31.954 I/vendor.qti.bluetooth@1.0-ibs_handler( 1092): DeviceSleep: TX Awake, Sending SLEEP_IND
11-06 23:02:31.954 D/vendor.qti.bluetooth@1.0-ibs_handler( 1092): SerialClockVote: vote for UART CLK OFF
11-06 23:02:31.993 D/InetDiagMessage( 1820): Destroyed 1 sockets, proto=IPPROTO_TCP, family=AF_INET, states=14
11-06 23:02:31.994 D/InetDiagMessage( 1820): Destroyed 0 sockets, proto=IPPROTO_TCP, family=AF_INET6, states=14
11-06 23:02:31.994 D/InetDiagMessage( 1820): Destroyed live tcp sockets for uids={10719} in 4ms
11-06 23:02:31.996 D/InetDiagMessage( 1820): Destroyed 0 sockets, proto=IPPROTO_TCP, family=AF_INET, states=14
11-06 23:02:31.997 D/InetDiagMessage( 1820): Destroyed 0 sockets, proto=IPPROTO_TCP, family=AF_INET6, states=14
11-06 23:02:31.997 D/InetDiagMessage( 1820): Destroyed live tcp sockets for uids={20719} in 3ms
11-06 23:02:32.005 W/msys    (23328): W[N WA]WAJMNSStreamImplForceDisconnectSync(509)=>WAJMNSStream/impl/disconnect/force/p=0xb4000074bb90bf50 (bytesSent=1550)(bytesRecv=691)
11-06 23:02:32.007 W/msys    (23328): W[I wam]_WAMTransportPrivateLogUploadMessageWithDefaultLevel(52)=>privatestats/wameta/transport/connection_unavailable - stopping timer
11-06 23:02:32.049 I/vendor.qti.bluetooth@1.0-ibs_handler( 1092): ProcessIbsCmd: Received IBS_WAKE_IND: 0xFD
11-06 23:02:32.049 D/vendor.qti.bluetooth@1.0-ibs_handler( 1092): SerialClockVote: vote for UART CLK ON
11-06 23:02:32.049 I/vendor.qti.bluetooth@1.0-ibs_handler( 1092): ProcessIbsCmd: Writing IBS_WAKE_ACK
11-06 23:02:32.130 I/vendor.qti.bluetooth@1.0-ibs_handler( 1092): ProcessIbsCmd: Received IBS_SLEEP_IND: 0xFE
11-06 23:02:32.130 D/vendor.qti.bluetooth@1.0-ibs_handler( 1092): SerialClockVote: vote for UART CLK OFF
11-06 23:02:32.280 D/vendor.qti.bluetooth@1.0-wake_lock( 1092): Release wakelock is released 
11-06 23:02:32.294 E/libnfc_nci(16953): nfc_mode_set_ntf_timeout
11-06 23:02:32.294 D/libnfc_nci(16953): RoutingManager::nfaEeCallback: NFA_EE_MODE_SET_EVT; status=0x0003  handle=0x04FF  
11-06 23:02:32.342 I/vendor.qti.bluetooth@1.0-ibs_handler( 1092): ProcessIbsCmd: Received IBS_WAKE_IND: 0xFD
11-06 23:02:32.343 D/vendor.qti.bluetooth@1.0-ibs_handler( 1092): SerialClockVote: vote for UART CLK ON
11-06 23:02:32.343 D/vendor.qti.bluetooth@1.0-wake_lock( 1092): Acquire wakelock is acquired 
11-06 23:02:32.343 I/vendor.qti.bluetooth@1.0-ibs_handler( 1092): ProcessIbsCmd: Writing IBS_WAKE_ACK
11-06 23:02:32.424 I/vendor.qti.bluetooth@1.0-ibs_handler( 1092): ProcessIbsCmd: Received IBS_SLEEP_IND: 0xFE
11-06 23:02:32.424 D/vendor.qti.bluetooth@1.0-ibs_handler( 1092): SerialClockVote: vote for UART CLK OFF
11-06 23:02:32.533 D/QtiCarrierConfigHelper( 2814): WARNING, no carrier configs on phone Id: 1
11-06 23:02:32.534 D/LoadedApk( 1820): Receiver not registered: com.android.server.UiModeManagerService$8@874a5bf
11-06 23:02:32.538 D/BackgroundInstallControlService( 1820): Package event received: 0
11-06 23:02:32.574 D/vendor.qti.bluetooth@1.0-wake_lock( 1092): Release wakelock is released 
11-06 23:02:32.616 I/vendor.qti.bluetooth@1.0-ibs_handler( 1092): ProcessIbsCmd: Received IBS_WAKE_IND: 0xFD
11-06 23:02:32.616 D/vendor.qti.bluetooth@1.0-ibs_handler( 1092): SerialClockVote: vote for UART CLK ON
11-06 23:02:32.617 D/vendor.qti.bluetooth@1.0-wake_lock( 1092): Acquire wakelock is acquired 
11-06 23:02:32.617 I/vendor.qti.bluetooth@1.0-ibs_handler( 1092): ProcessIbsCmd: Writing IBS_WAKE_ACK
11-06 23:02:32.699 I/vendor.qti.bluetooth@1.0-ibs_handler( 1092): ProcessIbsCmd: Received IBS_SLEEP_IND: 0xFE
11-06 23:02:32.699 D/vendor.qti.bluetooth@1.0-ibs_handler( 1092): SerialClockVote: vote for UART CLK OFF
11-06 23:02:32.734 I/s.nexuslauncher( 2880): AssetManager2(0xb40000735b838b18) locale list changing from [] to [es-ES]
11-06 23:02:32.736 D/b/387844520( 2880): getOutlineOffsetX: measured width = 182, mNormalizedIconSize = 167, last updated width = 182
11-06 23:02:32.740 I/hwservicemanager(  669): getTransport: Cannot find entry vendor.qti.hardware.servicetracker@1.2::IServicetracker/default in either framework or device VINTF manifest.
11-06 23:02:32.740 W/ActivityTaskManager( 1820): servicetracker HIDL not available
11-06 23:02:32.740 E/ActivityTaskManager( 1820): Unable to get servicetracker HAL instance
11-06 23:02:32.741 I/hwservicemanager(  669): getTransport: Cannot find entry vendor.qti.hardware.servicetracker@1.2::IServicetracker/default in either framework or device VINTF manifest.
11-06 23:02:32.741 W/ActivityTaskManager( 1820): servicetracker HIDL not available
11-06 23:02:32.741 E/ActivityTaskManager( 1820): Unable to get servicetracker HAL instance
11-06 23:02:32.741 V/GrammaticalInflectionUtils( 1820): AttributionSource: android.content.AttributionSource@c32a0007 does not have READ_SYSTEM_GRAMMATICAL_GENDER permission.
11-06 23:02:32.743 E/BoostFramework( 1820): BoostFramework() : Exception_1 = java.lang.ClassNotFoundException: com.qualcomm.qti.Performance
11-06 23:02:32.743 E/BoostFramework( 1820): BoostFramework() Ux Perf: Exception = java.lang.ClassNotFoundException: com.qualcomm.qti.UxPerformance
11-06 23:02:32.744 E/BoostFramework( 1820): BoostFramework() : Exception_1 = java.lang.ClassNotFoundException: com.qualcomm.qti.Performance
11-06 23:02:32.744 E/BoostFramework( 1820): BoostFramework() Ux Perf: Exception = java.lang.ClassNotFoundException: com.qualcomm.qti.UxPerformance
11-06 23:02:32.745 W/ProcessFreezerManager( 1820):   unbale to freeze binder: app info: uid=99007, pid=4551, adj=201, frozen=false, services=1, proc name=com.google.android.webview:sandboxed_process0:org.chromium.content.app.SandboxedProcessService0:0
11-06 23:02:32.745 D/ProcessFreezerManager( 1820):  *skip freeze process: skip reason: unable to freeze process's binder. app info: uid=99007, pid=4551, adj=201, frozen=false, services=1, proc name=com.google.android.webview:sandboxed_process0:org.chromium.content.app.SandboxedProcessService0:0
11-06 23:02:32.745 W/ProcessFreezerManager( 1820):   unbale to freeze binder: app info: uid=10749, pid=14323, adj=900, frozen=false, services=0, proc name=com.ghisler.android.TotalCommander
11-06 23:02:32.745 D/ProcessFreezerManager( 1820):  *skip freeze process: skip reason: unable to freeze process's binder. app info: uid=10749, pid=14323, adj=900, frozen=false, services=0, proc name=com.ghisler.android.TotalCommander
11-06 23:02:32.745 W/ProcessFreezerManager( 1820):   unbale to freeze binder: app info: uid=10723, pid=16779, adj=935, frozen=false, services=0, proc name=com.alibaba.aliexpresshd:support
11-06 23:02:32.745 D/ProcessFreezerManager( 1820):  *skip freeze process: skip reason: unable to freeze process's binder. app info: uid=10723, pid=16779, adj=935, frozen=false, services=0, proc name=com.alibaba.aliexpresshd:support
11-06 23:02:32.746 W/ProcessFreezerManager( 1820):   unbale to freeze binder: app info: uid=10723, pid=16798, adj=905, frozen=false, services=0, proc name=com.alibaba.aliexpresshd:channel
11-06 23:02:32.746 D/ProcessFreezerManager( 1820):  *skip freeze process: skip reason: unable to freeze process's binder. app info: uid=10723, pid=16798, adj=905, frozen=false, services=0, proc name=com.alibaba.aliexpresshd:channel
11-06 23:02:32.746 W/ProcessFreezerManager( 1820):   unbale to freeze binder: app info: uid=10719, pid=23328, adj=915, frozen=false, services=1, proc name=com.whatsapp
11-06 23:02:32.746 D/ProcessFreezerManager( 1820):  *skip freeze process: skip reason: unable to freeze process's binder. app info: uid=10719, pid=23328, adj=915, frozen=false, services=1, proc name=com.whatsapp
11-06 23:02:32.754 D/ActivityTrigger( 1820): ActivityTrigger activityPauseTrigger 
11-06 23:02:32.755 I/hwservicemanager(  669): getTransport: Cannot find entry vendor.qti.hardware.servicetracker@1.2::IServicetracker/default in either framework or device VINTF manifest.
11-06 23:02:32.755 W/ActivityTaskManager( 1820): servicetracker HIDL not available
11-06 23:02:32.755 E/ActivityTaskManager( 1820): Unable to get servicetracker HAL instance
11-06 23:02:32.757 I/ndroid.systemui( 2614): AssetManager2(0xb40000735b896718) locale list changing from [] to [es-ES]
11-06 23:02:32.759 I/ActivityTaskManager( 1820): START u0 {act=android.intent.action.MAIN cat=[android.intent.category.LAUNCHER] flg=0x10200000 xflg=0x4 cmp=com.android.camera/.Camera bnds=[823,1788][1005,1993]} with LAUNCH_SINGLE_TOP from uid 10659 (sr=174577648) (BAL_ALLOW_VISIBLE_WINDOW) result code=0
11-06 23:02:32.760 V/GrammaticalInflectionUtils( 1820): AttributionSource: android.content.AttributionSource@c32a0007 does not have READ_SYSTEM_GRAMMATICAL_GENDER permission.
11-06 23:02:32.760 D/StatsLog( 2880): LAUNCHER_APP_LAUNCH_TAP
11-06 23:02:32.760 D/StatsLog( 2880): LAUNCHER_HOTSEAT_RANKED
11-06 23:02:32.763 W/SplitSelectStateCtor( 2880): Missing session instanceIds
11-06 23:02:32.763 D/StatsLog( 2880): LAUNCHER_SPLIT_SELECTION_EXIT_INTERRUPTED
11-06 23:02:32.764 D/QuickstepModelDelegate( 2880): notifyAppTargetEvent action=1 launchLocation=predictions/hotseat
11-06 23:02:32.764 I/hwservicemanager(  669): getTransport: Cannot find entry vendor.qti.hardware.servicetracker@1.2::IServicetracker/default in either framework or device VINTF manifest.
11-06 23:02:32.765 W/ActivityTaskManager( 1820): servicetracker HIDL not available
11-06 23:02:32.765 E/ActivityTaskManager( 1820): Unable to get servicetracker HAL instance
11-06 23:02:32.766 E/BoostFramework( 1820): BoostFramework() : Exception_1 = java.lang.ClassNotFoundException: com.qualcomm.qti.Performance
11-06 23:02:32.766 E/BoostFramework( 1820): BoostFramework() Ux Perf: Exception = java.lang.ClassNotFoundException: com.qualcomm.qti.UxPerformance
11-06 23:02:32.766 D/BackgroundInstallControlService( 1820): Package event received: 0
11-06 23:02:32.766 D/ProcessFreezerManager( 1820): Already triggered freeze for com.android.camera
11-06 23:02:32.767 D/ProcessFreezerManager( 1820): Already triggered freeze for com.android.camera
11-06 23:02:32.768 D/WindowManagerShell( 2614): setLauncherKeepClearAreaHeight: visible=false, height=552
11-06 23:02:32.769 V/WindowManagerShell( 2614): Transition requested (#197): android.os.BinderProxy@d8f53e TransitionRequestInfo { type = OPEN, triggerTask = TaskInfo{userId=0 taskId=414 effectiveUid=10586 displayId=0 isRunning=true baseIntent=Intent { act=android.intent.action.MAIN cat=[android.intent.category.LAUNCHER] flg=0x10200000 cmp=com.android.camera/.Camera } baseActivity=ComponentInfo{com.android.camera/com.android.camera.Camera} topActivity=ComponentInfo{com.android.camera/com.android.camera.Camera} origActivity=null realActivity=ComponentInfo{com.android.camera/com.android.camera.Camera} numActivities=1 lastActiveTime=21758033 supportsMultiWindow=true resizeMode=0 isResizeable=true minWidth=-1 minHeight=-1 defaultMinSize=220 token=WCT{android.window.IWindowContainerToken$Stub$Proxy@30d7f9f} topActivityType=1 pictureInPictureParams=null shouldDockBigOverlays=false launchIntoPipHostTaskId=-1 lastParentTaskIdBeforePip=-1 displayCutoutSafeInsets=Rect(0, 90 - 0, 0) topActivityInfo=ActivityInfo{d9bf8ec com.android.camera.Camera} launchCookies=[android.os.BinderProxy@3c914b5] positionInParent=Point(0, 0) parentTaskId=-1 isFocused=false isVisible=false isVisibleRequested=false isTopActivityNoDisplay=false isSleeping=false locusId=null displayAreaFeatureId=1 isTopActivityTransparent=false isActivityStackTransparent=false lastNonFullscreenBounds=Rect(273, 642 - 807, 1722) capturedLink=null capturedLinkTimestamp=0 requestedVisibleTypes=-9 topActivityRequestOpenInBrowserEducationTimestamp=0 appCompatTaskInfo=AppCompatTaskInfo { topActivityInSizeCompat=false eligibleForLetterboxEducation= false isLetterboxEducationEnabled= false isLetterboxDoubleTapEnabled= false eligibleForUserAspectRatioButton= false topActivityBoundsLetterboxed= false isFromLetterboxDoubleTap= false topActivityLetterboxVerticalPosition= -1 topActivityLetterboxHorizontalPosition= -1 topActivityLetterboxWidth=-1 topActivityLetterboxHeight=-1 topActivityAppBounds=Rect(0, 90 - 1080, 2274) isUserFullscreenOverrideEnabled=false isSystemFullscreenOverrideEnabled=false hasMinAspectRatioOverride=false topActivityLetterboxBounds=null cameraCompatTaskInfo=CameraCompatTaskInfo { freeformCameraCompatMode=inactive}} topActivityMainWindowFrame=null}, pipChange = null, remoteTransition = RemoteTransition { remoteTransition = android.window.IRemoteTransition$Stub$Proxy@9eb274a, appThread = android.app.IApplicationThread$Stub$Proxy@c5476bb, debugName = QuickstepLaunch }, displayChange = null, flags = 0, debugId = 197 }
11-06 23:02:32.770 D/ShellSplitScreen( 2614): logExit: no-op, mLoggerSessionId is null
11-06 23:02:32.770 V/WindowManagerShell( 2614): RemoteTransition directly requested for (#197) android.os.BinderProxy@d8f53e: RemoteTransition { remoteTransition = android.window.IRemoteTransition$Stub$Proxy@9eb274a, appThread = android.app.IApplicationThread$Stub$Proxy@c5476bb, debugName = QuickstepLaunch }
11-06 23:02:32.770 V/WindowManagerShell( 2614): Transition (#197): request handled by DefaultMixedHandler
11-06 23:02:32.770 D/Zygote  (  927): Forked child process 17028
11-06 23:02:32.770 I/ActivityManager( 1820): Start proc 17028:com.android.camera/u0a586 for next-top-activity {com.android.camera/com.android.camera.Camera}
11-06 23:02:32.771 W/Zygote  (17028): Unable to open libbeluga.so: dlopen failed: library "libbeluga.so" not found.
11-06 23:02:32.773 I/ActivityManager( 1820): ProcessObserver broadcast disabled
11-06 23:02:32.787 V/WindowManagerShell( 2614): onTransitionReady(transaction=7816840490884)
11-06 23:02:32.787 V/WindowManagerShell( 2614): onTransitionReady (#197) android.os.BinderProxy@d8f53e: {id=197 t=OPEN f=0x0 trk=0 r=[0@Point(0, 0)] c=[
11-06 23:02:32.787 V/WindowManagerShell( 2614):         {m=OPEN f=NONE leash=Surface(name=Task=414)/@0xf4a88c6 sb=Rect(0, 0 - 1080, 2340) eb=Rect(0, 0 - 1080, 2340) epz=Point(1080, 2340) d=0 taskParent=-1},
11-06 23:02:32.787 V/WindowManagerShell( 2614):         {m=TO_BACK f=SHOW_WALLPAPER leash=Surface(name=Task=1)/@0x78cc087 sb=Rect(0, 0 - 1080, 2340) eb=Rect(0, 0 - 1080, 2340) epz=Point(1080, 2340) d=0 taskParent=-1},
11-06 23:02:32.787 V/WindowManagerShell( 2614):         {m=TO_BACK f=IS_WALLPAPER leash=Surface(name=WallpaperWindowToken{a99b75 showWhenLocked=false})/@0x9014bb4 sb=Rect(0, 0 - 1080, 2340) eb=Rect(0, 0 - 1080, 2340) epz=Point(1080, 2340) d=0}
11-06 23:02:32.787 V/WindowManagerShell( 2614):     ]}
11-06 23:02:32.788 V/WindowManager( 1820): Sent Transition (#197) createdAt=11-06 23:02:32.744 via request=TransitionRequestInfo { type = OPEN, triggerTask = TaskInfo{userId=0 taskId=414 effectiveUid=10586 displayId=0 isRunning=true baseIntent=Intent { act=android.intent.action.MAIN cat=[android.intent.category.LAUNCHER] flg=0x10200000 cmp=com.android.camera/.Camera } baseActivity=ComponentInfo{com.android.camera/com.android.camera.Camera} topActivity=ComponentInfo{com.android.camera/com.android.camera.Camera} origActivity=null realActivity=ComponentInfo{com.android.camera/com.android.camera.Camera} numActivities=1 lastActiveTime=21758033 supportsMultiWindow=true resizeMode=0 isResizeable=true minWidth=-1 minHeight=-1 defaultMinSize=220 token=WCT{RemoteToken{5a11d09 Task{78c070c #414 type=standard A=10586:com.android.camera}}} topActivityType=1 pictureInPictureParams=null shouldDockBigOverlays=false launchIntoPipHostTaskId=-1 lastParentTaskIdBeforePip=-1 displayCutoutSafeInsets=Rect(0, 90 - 0, 0) topActivityInfo=ActivityInfo{1a692f com.android.camera.Camera} launchCookies=[android.os.BinderProxy@a54b3c] positionInParent=Point(0, 0) parentTaskId=-1 isFocused=false isVisible=false isVisibleRequested=false isTopActivityNoDisplay=false isSleeping=false locusId=null displayAreaFeatureId=1 isTopActivityTransparent=false isActivityStackTransparent=false lastNonFullscreenBounds=Rect(273, 642 - 807, 1722) capturedLink=null capturedLinkTimestamp=0 requestedVisibleTypes=-9 topActivityRequestOpenInBrowserEducationTimestamp=0 appCompatTaskInfo=AppCompatTaskInfo { topActivityInSizeCompat=false eligibleForLetterboxEducation= false isLetterboxEducationEnabled= false isLetterboxDoubleTapEnabled= false eligibleForUserAspectRatioButton= false topActivityBoundsLetterboxed= false isFromLetterboxDoubleTap= false topActivityLetterboxVerticalPosition= -1 topActivityLetterboxHorizontalPosition= -1 topActivityLetterboxWidth=-1 topActivityLetterboxHeight=-1 topActivityAppBounds=Rect(0, 90 - 1080, 2274) isUserFullscreenOverrideEnabled=false isSystemFullscreenOverrideEnabled=false hasMinAspectRatioOverride=false topActivityLetterboxBounds=null cameraCompatTaskInfo=CameraCompatTaskInfo { freeformCameraCompatMode=inactive}} topActivityMainWindowFrame=null}, pipChange = null, remoteTransition = RemoteTransition { remoteTransition = android.window.IRemoteTransition$Stub$Proxy@ae20a1a, appThread = android.app.IApplicationThread$Stub$Proxy@b6e694b, debugName = QuickstepLaunch }, displayChange = null, flags = 0, debugId = 197 }
11-06 23:02:32.788 V/WindowManager( 1820):     startWCT=WindowContainerTransaction { changes= {} hops= [] errorCallbackToken=null taskFragmentOrganizer=null }
11-06 23:02:32.788 V/WindowManagerShell( 2614): Playing animation for (#197) android.os.BinderProxy@d8f53e@0
11-06 23:02:32.788 V/WindowManagerShell( 2614):  try firstHandler com.android.wm.shell.transition.DefaultMixedHandler@db22b41
11-06 23:02:32.788 V/WindowManager( 1820):     info={id=197 t=OPEN f=0x0 trk=0 r=[0@Point(0, 0)] c=[
11-06 23:02:32.788 V/WindowManager( 1820):         {WCT{RemoteToken{5a11d09 Task{78c070c #414 type=standard A=10586:com.android.camera}}} m=OPEN f=NONE leash=Surface(name=Task=414)/@0xb98bd0d sb=Rect(0, 0 - 1080, 2340) eb=Rect(0, 0 - 1080, 2340) epz=Point(1080, 2340) d=0 taskParent=-1},
11-06 23:02:32.788 V/WindowManager( 1820):         {WCT{RemoteToken{98f6a3a Task{534148f #1 type=home}}} m=TO_BACK f=SHOW_WALLPAPER leash=Surface(name=Task=1)/@0x864d54f sb=Rect(0, 0 - 1080, 2340) eb=Rect(0, 0 - 1080, 2340) epz=Point(1080, 2340) d=0 taskParent=-1},
11-06 23:02:32.788 V/WindowManager( 1820):         {m=TO_BACK f=IS_WALLPAPER leash=Surface(name=WallpaperWindowToken{a99b75 showWhenLocked=false})/@0xb256429 sb=Rect(0, 0 - 1080, 2340) eb=Rect(0, 0 - 1080, 2340) epz=Point(1080, 2340) d=0}
11-06 23:02:32.788 V/WindowManager( 1820):     ]}
11-06 23:02:32.788 V/WindowManagerShell( 2614): Mixed transition for opening an intent with a remote transition and PIP or Desktop #197
11-06 23:02:32.788 V/WindowManagerShell( 2614): tryAnimateOpenIntentWithRemoteAndPipOrDesktop
11-06 23:02:32.788 V/WindowManagerShell( 2614):  Delegate animation for (#197) to RemoteTransition { remoteTransition = android.window.IRemoteTransition$Stub$Proxy@9eb274a, appThread = android.app.IApplicationThread$Stub$Proxy@c5476bb, debugName = QuickstepLaunch }
11-06 23:02:32.788 V/WindowManagerShell( 2614):  animated by firstHandler
11-06 23:02:32.792 D/BaseDepthController( 2880): mSurface is null and mCurrentBlur is: 0
11-06 23:02:32.792 D/BaseDepthController( 2880): mSurface is null and mCurrentBlur is: 0
11-06 23:02:32.794 D/BaseDepthController( 2880): mSurface is null and mCurrentBlur is: 0
11-06 23:02:32.795 I/.android.camera(17028): Using CollectorTypeCC GC.
11-06 23:02:32.799 W/ServiceManagerCppClient( 1566): Waited one second for stats (is service started? Number of threads started in the threadpool: 17. Are binder threads started and available?)
11-06 23:02:32.799 W/ServiceManagerCppClient( 1254): Waited one second for stats (is service started? Number of threads started in the threadpool: 6. Are binder threads started and available?)
11-06 23:02:32.803 D/nativeloader(17028): Load libframework-connectivity-tiramisu-jni.so using APEX ns com_android_tethering for caller /apex/com.android.tethering/javalib/framework-connectivity-t.jar: ok
11-06 23:02:32.806 D/CompatibilityInfo( 1820): mCompatibilityFlags - 0
11-06 23:02:32.806 D/CompatibilityInfo( 1820): applicationDensity - 440
11-06 23:02:32.806 D/CompatibilityInfo( 1820): applicationScale - 1.0
11-06 23:02:32.809 D/BackgroundInstallControlService( 1820): Package event received: 0
11-06 23:02:32.815 I/eetp    ( 3859): (REDACTED) appOpsListener %s %s
11-06 23:02:32.815 I/eetp    ( 3859): (REDACTED) Ignoring irrelevant audio permission changes for package %s
11-06 23:02:32.821 W/ServiceManagerCppClient( 1820): Waited one second for stats (is service started? Number of threads started in the threadpool: 32. Are binder threads started and available?)
11-06 23:02:32.844 D/BaseDepthController( 2880): mSurface is null and mCurrentBlur is: 0
11-06 23:02:32.848 D/nativeloader(17028): Configuring clns-shared-9 for other apk /system/priv-app/MiuiCamera/MiuiCamera.apk. target_sdk_version=33, uses_libraries=libSNPE.so:libOpenCL.so:libcdsprpc.so, library_path=/system/priv-app/MiuiCamera/lib/arm64:/system/priv-app/MiuiCamera/MiuiCamera.apk!/lib/arm64-v8a:/system/lib64:/system_ext/lib64, permitted_path=/data:/mnt/expand:/data/user/0/com.android.camera:/system/priv-app/MiuiCamera:/system/lib64:/system_ext/lib64
11-06 23:02:32.850 D/vendor.qti.bluetooth@1.0-wake_lock( 1092): Release wakelock is released 
11-06 23:02:32.856 I/.android.camera(17028): AssetManager2(0xb40000735b815258) locale list changing from [] to [es-ES]
11-06 23:02:32.859 E/BoostFramework(17028): BoostFramework() : Exception_1 = java.lang.ClassNotFoundException: com.qualcomm.qti.Performance
11-06 23:02:32.859 E/BoostFramework(17028): BoostFramework() Ux Perf: Exception = java.lang.ClassNotFoundException: com.qualcomm.qti.UxPerformance
11-06 23:02:32.859 V/GraphicsEnvironment(17028): Currently set values for:
11-06 23:02:32.859 V/GraphicsEnvironment(17028):   angle_gl_driver_selection_pkgs=[com.android.angle, com.linecorp.b612.android, com.campmobile.snow, com.google.android.apps.tachyon]
11-06 23:02:32.859 V/GraphicsEnvironment(17028):   angle_gl_driver_selection_values=[angle, native, native, native]
11-06 23:02:32.859 V/GraphicsEnvironment(17028): com.android.camera is not listed in per-application setting
11-06 23:02:32.859 V/GraphicsEnvironment(17028): ANGLE allowlist from config: 
11-06 23:02:32.859 V/GraphicsEnvironment(17028): com.android.camera is not listed in ANGLE allowlist or settings, returning default
11-06 23:02:32.859 V/GraphicsEnvironment(17028): Neither updatable production driver nor prerelease driver is supported.
11-06 23:02:32.861 D/BaseDepthController( 2880): mSurface is null and mCurrentBlur is: 0
11-06 23:02:32.862 I/ndroid.systemui( 2614): Explicit concurrent copying GC freed 2362KB AllocSpace bytes, 4(80KB) LOS objects, 44% free, 40MB/72MB, paused 221us,31us total 174.231ms
11-06 23:02:32.865 D/CAM_DataItemFeature(17028): this is ro.boot.camera.config 1
11-06 23:02:32.866 E/BoostFramework(17028): BoostFramework() : Exception_1 = java.lang.ClassNotFoundException: com.qualcomm.qti.Performance
11-06 23:02:32.866 E/BoostFramework(17028): BoostFramework() Ux Perf: Exception = java.lang.ClassNotFoundException: com.qualcomm.qti.UxPerformance
11-06 23:02:32.867 D/CAM_BoostFrameworkImpl(17028): startBoost: duration = 300, scene = 6
11-06 23:02:32.867 D/CAM_BoostFrameworkImpl(17028): ready to boost
11-06 23:02:32.868 E/CAM_CameraAppImpl(17028): setFootprintFlag failed:NoSuchMethodException:android.app.ActivityThread.setFootprintFlag [boolean]
11-06 23:02:32.868 W/libc    (17028): Access denied finding property "vendor.panel.display"
11-06 23:02:32.869 D/CAM_CameraUtil(17028): could not get packageManager of maintenance mode
11-06 23:02:32.870 D/CompatChangeReporter(17028): Compat change id reported: 183155436; UID 10586; state: ENABLED
11-06 23:02:32.872 D/CAM_HalCloudDataManager(17028): requestCloudDataAsync| Start async request
11-06 23:02:32.874 D/CAM_BoostFrameworkImpl(17028): stopBoost
11-06 23:02:32.874 D/CAM_BoostFrameworkImpl(17028): ready to stop boost
11-06 23:02:32.875 D/CAM_CRE_MIGLDump(17028): setDumpRootDir:  /storage/emulated/0/Android/data/com.android.camera/files/dump_files
11-06 23:02:32.875 D/CAM_CameraAppImpl(17028): attachBaseContext: cost = 13
11-06 23:02:32.877 I/CAM_SplashProvider(17028): onCreate: 
11-06 23:02:32.877 D/BaseDepthController( 2880): mSurface is null and mCurrentBlur is: 0
11-06 23:02:32.878 V/CAM_ParallelProcessProvider(17028): onCreate
11-06 23:02:32.880 D/CAM_CameraUtil(17028): boostAdj: [600, 0]
11-06 23:02:32.880 D/CAM_BoostFrameworkImpl(17028): startBoost: duration = 300, scene = 6
11-06 23:02:32.880 D/CAM_BoostFrameworkImpl(17028): ready to boost
11-06 23:02:32.882 E/ashmem  (17028): Pinning is deprecated since Android Q. Please use trim or other methods.
11-06 23:02:32.882 W/System.err(17028): android.provider.Settings$SettingNotFoundException: device_posture
11-06 23:02:32.882 W/System.err(17028): 	at android.provider.Settings.parseIntSetting(Settings.java:4123)
11-06 23:02:32.882 W/System.err(17028): 	at android.provider.Settings.-$$Nest$smparseIntSetting(Unknown Source:0)
11-06 23:02:32.882 W/System.err(17028): 	at android.provider.Settings$Global.getInt(Settings.java:20487)
11-06 23:02:32.882 W/System.err(17028): 	at d.c.a.a6.f.k.a(Unknown Source:10)
11-06 23:02:32.882 W/System.err(17028): 	at d.c.a.a6.b.q0(Unknown Source:160)
11-06 23:02:32.882 W/System.err(17028): 	at d.c.a.a6.b.<clinit>(Unknown Source:21)
11-06 23:02:32.882 W/System.err(17028): 	at d.c.a.c3.a(Unknown Source:4)
11-06 23:02:32.882 W/System.err(17028): 	at com.android.camera.CameraAppImpl.onCreate(Unknown Source:51)
11-06 23:02:32.882 W/System.err(17028): 	at android.app.Instrumentation.callApplicationOnCreate(Instrumentation.java:1405)
11-06 23:02:32.882 W/System.err(17028): 	at android.app.ActivityThread.handleBindApplication(ActivityThread.java:7880)
11-06 23:02:32.882 W/System.err(17028): 	at android.app.ActivityThread.-$$Nest$mhandleBindApplication(Unknown Source:0)
11-06 23:02:32.882 W/System.err(17028): 	at android.app.ActivityThread$H.handleMessage(ActivityThread.java:2574)
11-06 23:02:32.882 W/System.err(17028): 	at android.os.Handler.dispatchMessage(Handler.java:110)
11-06 23:02:32.882 W/System.err(17028): 	at android.os.Looper.loopOnce(Looper.java:248)
11-06 23:02:32.882 W/System.err(17028): 	at android.os.Looper.loop(Looper.java:338)
11-06 23:02:32.882 W/System.err(17028): 	at android.app.ActivityThread.main(ActivityThread.java:9145)
11-06 23:02:32.882 W/System.err(17028): 	at java.lang.reflect.Method.invoke(Native Method)
11-06 23:02:32.882 W/System.err(17028): 	at com.android.internal.os.RuntimeInit$MethodAndArgsCaller.run(RuntimeInit.java:596)
11-06 23:02:32.882 W/System.err(17028): 	at com.android.internal.os.ZygoteInit.main(ZygoteInit.java:940)
11-06 23:02:32.883 I/CAM_Display(17028): init appBoundSize by feature config.
11-06 23:02:32.883 V/CAM_Display(17028): StatusBarHeight=72
11-06 23:02:32.883 D/CAM_DisplayAdapter(17028): DisplayParameter appBoundWidth:1080,appBoundHeight:2340,isNotchDevice:true,statusBarHeight:72,isInMultiWindow:false,displayMode:0, type = a
11-06 23:02:32.883 I/CAM_Display(17028): appBoundSize=1080x2340 windowSize=1080x2340 density=2.7500 ori=false mw=true dp=0
11-06 23:02:32.883 W/System.err(17028): android.provider.Settings$SettingNotFoundException: device_posture
11-06 23:02:32.883 W/System.err(17028): 	at android.provider.Settings.parseIntSetting(Settings.java:4123)
11-06 23:02:32.883 W/System.err(17028): 	at android.provider.Settings.-$$Nest$smparseIntSetting(Unknown Source:0)
11-06 23:02:32.883 W/System.err(17028): 	at android.provider.Settings$Global.getInt(Settings.java:20487)
11-06 23:02:32.883 W/System.err(17028): 	at d.c.a.a6.f.k.a(Unknown Source:10)
11-06 23:02:32.883 W/System.err(17028): 	at d.c.a.a6.b.q0(Unknown Source:160)
11-06 23:02:32.883 W/System.err(17028): 	at d.c.a.c3.a(Unknown Source:4)
11-06 23:02:32.883 W/System.err(17028): 	at com.android.camera.CameraAppImpl.onCreate(Unknown Source:51)
11-06 23:02:32.883 W/System.err(17028): 	at android.app.Instrumentation.callApplicationOnCreate(Instrumentation.java:1405)
11-06 23:02:32.883 W/System.err(17028): 	at android.app.ActivityThread.handleBindApplication(ActivityThread.java:7880)
11-06 23:02:32.883 W/System.err(17028): 	at android.app.ActivityThread.-$$Nest$mhandleBindApplication(Unknown Source:0)
11-06 23:02:32.883 W/System.err(17028): 	at android.app.ActivityThread$H.handleMessage(ActivityThread.java:2574)
11-06 23:02:32.883 W/System.err(17028): 	at android.os.Handler.dispatchMessage(Handler.java:110)
11-06 23:02:32.883 W/System.err(17028): 	at android.os.Looper.loopOnce(Looper.java:248)
11-06 23:02:32.883 W/System.err(17028): 	at android.os.Looper.loop(Looper.java:338)
11-06 23:02:32.883 W/System.err(17028): 	at android.app.ActivityThread.main(ActivityThread.java:9145)
11-06 23:02:32.883 W/System.err(17028): 	at java.lang.reflect.Method.invoke(Native Method)
11-06 23:02:32.883 W/System.err(17028): 	at com.android.internal.os.RuntimeInit$MethodAndArgsCaller.run(RuntimeInit.java:596)
11-06 23:02:32.883 W/System.err(17028): 	at com.android.internal.os.ZygoteInit.main(ZygoteInit.java:940)
11-06 23:02:32.883 I/CAM_Display(17028): init appBoundSize by feature config.
11-06 23:02:32.883 W/CAM_Display(17028): initialize skip. caz check screen size , windowSize = 1080x2340, appBoundSize = 1080x2340, devicePosture = 0
11-06 23:02:32.885 I/vendor.qti.bluetooth@1.0-ibs_handler( 1092): ProcessIbsCmd: Received IBS_WAKE_IND: 0xFD
11-06 23:02:32.885 D/vendor.qti.bluetooth@1.0-ibs_handler( 1092): SerialClockVote: vote for UART CLK ON
11-06 23:02:32.885 D/vendor.qti.bluetooth@1.0-wake_lock( 1092): Acquire wakelock is acquired 
11-06 23:02:32.885 I/vendor.qti.bluetooth@1.0-ibs_handler( 1092): ProcessIbsCmd: Writing IBS_WAKE_ACK
11-06 23:02:32.887 D/CAM_ApplicationInit(17028): <application init> consume time:7
11-06 23:02:32.888 D/CAM_CameraAppImpl(17028): Track init start
11-06 23:02:32.889 D/OneTrackSdk(17028): updateDebugSwitch sEnable: false sDebugMode：false sDebugProperty：false
11-06 23:02:32.889 D/OneTrackSdk(17028): updateTestSwitch sTestEnable: false sTestMode：false sTestProperty：false
11-06 23:02:32.889 D/OneTrackSdk(17028): log on: false, quick upload on: false
11-06 23:02:32.890 D/OneTrackImp(17028): OneTrackImp init : Configuration{appId='31*******85', pluginId='null', channel='umi', international=false, region='null', overrideMiuiRegionSetting=false, mode=APP, GAIDEnable=true, IMSIEnable=true, IMEIEnable=true, ExceptionCatcherEnable=true, instanceId=null}
11-06 23:02:32.890 D/OneTrackImp(17028): OneTrackImp sdk ver : 2.0.3
11-06 23:02:32.890 D/OneTrackSdk(17028): updateDebugSwitch sEnable: false sDebugMode：false sDebugProperty：false
11-06 23:02:32.890 D/OneTrackSdk(17028): updateTestSwitch sTestEnable: false sTestMode：false sTestProperty：false
11-06 23:02:32.890 D/CAM_CameraAppImpl(17028): markAllDepartedTask>>com.android.camera_17028
11-06 23:02:32.893 D/CAM_CameraAppImpl(17028): markAllDepartedTask<<
11-06 23:02:32.893 I/CAM_PermissionManager(17028): getNeedCheckPermissionList() listSize =0
11-06 23:02:32.893 I/CAM_PermissionManager(17028): checkCameraPermissions(), all on
11-06 23:02:32.893 D/CAM_Camera2CompatAdapterRole(17028): E: init()
11-06 23:02:32.893 D/CAM_Camera2CompatAdapterRole(17028): E: reset()
11-06 23:02:32.894 D/BaseDepthController( 2880): mSurface is null and mCurrentBlur is: 0
11-06 23:02:32.894 D/CAM_Camera2CompatAdapterRole(17028): X: reset()
11-06 23:02:32.894 I/CameraManagerGlobal(17028): Connecting to camera service
11-06 23:02:32.896 D/AutoDensity(17028): autodensity debugEnable = 
11-06 23:02:32.899 I/AttributionAndPermissionUtils( 1555): checkPermission (forDataDelivery 0 startDataDelivery 0): Permission hard denied for client attribution [uid 10586, pid 17028, packageName "<unknown>"]
11-06 23:02:32.899 I/.android.camera(17028): AssetManager2(0xb40000735b80bf78) locale list changing from [] to [es-ES]
11-06 23:02:32.899 D/CAM_BoostFrameworkImpl(17028): stopBoost
11-06 23:02:32.899 D/CAM_BoostFrameworkImpl(17028): ready to stop boost
11-06 23:02:32.900 D/CAM_CameraAppImpl(17028): onCreate: cost = 21
11-06 23:02:32.901 D/BroadcastExecutor(17028): initIfNeeded : 113
11-06 23:02:32.901 I/CAM_Camera2CompatAdapterRole(17028): [K_PROCESS]: All available camera ids: [0, 1, 2, 3, 4, 5, 6, 7, 8, 9, 10]
11-06 23:02:32.903 I/hwservicemanager(  669): getTransport: Cannot find entry vendor.qti.hardware.servicetracker@1.2::IServicetracker/default in either framework or device VINTF manifest.
11-06 23:02:32.903 W/ActivityTaskManager( 1820): servicetracker HIDL not available
11-06 23:02:32.903 E/ActivityTaskManager( 1820): Unable to get servicetracker HAL instance
11-06 23:02:32.903 D/DesktopModeFlags(17028): Toggle override initialized to: OVERRIDE_UNSET
11-06 23:02:32.904 V/CAM_CameraAppImpl(17028): delete inner task
11-06 23:02:32.907 D/BackgroundInstallControlService( 1820): Package event received: 0
11-06 23:02:32.907 D/BackgroundInstallControlService( 1820): Package event received: 0
11-06 23:02:32.908 E/VendorTagDescriptor(17028): lookupTag: Tag name 'cameraIds' does not exist.
11-06 23:02:32.909 E/VendorTagDescriptor(17028): lookupTag: Tag name 'cameraIds' does not exist.
11-06 23:02:32.909 E/VendorTagDescriptor(17028): lookupTag: Tag name 'cameraIds' does not exist.
11-06 23:02:32.910 E/VendorTagDescriptor(17028): lookupTag: Tag name 'cameraIds' does not exist.
11-06 23:02:32.911 D/BaseDepthController( 2880): mSurface is null and mCurrentBlur is: 0
11-06 23:02:32.911 E/VendorTagDescriptor(17028): lookupTag: Tag name 'cameraIds' does not exist.
11-06 23:02:32.913 D/nativeloader(17028): Load /system/priv-app/MiuiCamera/MiuiCamera.apk!/lib/arm64-v8a/libxcrash.so using class loader ns clns-shared-9 (caller=/system/priv-app/MiuiCamera/MiuiCamera.apk!classes6.dex): ok
11-06 23:02:32.914 I/.android.camera(17028): AssetManager2(0xb40000735b8193f8) locale list changing from [] to [es-ES]
11-06 23:02:32.915 I/DisplayManager(17028): Choreographer implicitly registered for the refresh rate.
11-06 23:02:32.915 V/DisplayManagerService( 1820): FrozenStateChangeCallback not supported for pid 17028
11-06 23:02:32.916 I/AdrenoGLES-0(17028): QUALCOMM build                   : db3d445dbc, Ia06b22fa1a
11-06 23:02:32.916 I/AdrenoGLES-0(17028): Build Date                       : 10/04/21
11-06 23:02:32.916 I/AdrenoGLES-0(17028): OpenGL ES Shader Compiler Version: EV031.32.02.16
11-06 23:02:32.916 I/AdrenoGLES-0(17028): Local Branch                     : 
11-06 23:02:32.916 I/AdrenoGLES-0(17028): Remote Branch                    : 
11-06 23:02:32.916 I/AdrenoGLES-0(17028): Remote Branch                    : 
11-06 23:02:32.916 I/AdrenoGLES-0(17028): Reconstruct Branch               : 
11-06 23:02:32.916 I/AdrenoGLES-0(17028): Build Config                     : S P 10.0.7 AArch64
11-06 23:02:32.916 I/AdrenoGLES-0(17028): Driver Path                      : /vendor/lib64/egl/libGLESv2_adreno.so
11-06 23:02:32.916 D/CAM_ActivityBase(17028): onCreate + 123830004
11-06 23:02:32.916 I/CAM_Camera@123830004(17028): [K_PROCESS]: onCreate start 123830004
11-06 23:02:32.916 D/CAM_BoostFrameworkImpl(17028): startBoost: duration = 500, scene = 6
11-06 23:02:32.916 D/CAM_BoostFrameworkImpl(17028): ready to boost
11-06 23:02:32.916 I/CAM_PerformanceManager(17028): [P_PERFORM]: Event: COLD_LAUNCH start
11-06 23:02:32.917 I/CAM_Camera@123830004(17028): onCreate: intent-> Intent { act=android.intent.action.MAIN cat=[android.intent.category.LAUNCHER] flg=0x10200000 xflg=0x4 cmp=com.android.camera/.Camera bnds=[823,1788][1005,1993] }
11-06 23:02:32.917 V/CameraIntentManager(17028): dumpIntent is not enable on this device.
11-06 23:02:32.917 W/System.err(17028): android.provider.Settings$SettingNotFoundException: device_posture
11-06 23:02:32.917 W/System.err(17028): 	at android.provider.Settings.parseIntSetting(Settings.java:4123)
11-06 23:02:32.917 W/System.err(17028): 	at android.provider.Settings.-$$Nest$smparseIntSetting(Unknown Source:0)
11-06 23:02:32.917 W/System.err(17028): 	at android.provider.Settings$Global.getInt(Settings.java:20487)
11-06 23:02:32.917 W/System.err(17028): 	at d.c.a.a6.f.k.a(Unknown Source:10)
11-06 23:02:32.917 W/System.err(17028): 	at d.c.a.a6.b.q0(Unknown Source:160)
11-06 23:02:32.917 W/System.err(17028): 	at com.android.camera.Camera.hb(Unknown Source:175)
11-06 23:02:32.917 W/System.err(17028): 	at com.android.camera.ActivityBase.onCreate(Unknown Source:29)
11-06 23:02:32.917 W/System.err(17028): 	at android.app.Activity.performCreate(Activity.java:9155)
11-06 23:02:32.917 W/System.err(17028): 	at android.app.Activity.performCreate(Activity.java:9133)
11-06 23:02:32.917 W/System.err(17028): 	at android.app.Instrumentation.callActivityOnCreate(Instrumentation.java:1545)
11-06 23:02:32.917 W/System.err(17028): 	at android.app.ActivityThread.performLaunchActivity(ActivityThread.java:4272)
11-06 23:02:32.917 W/System.err(17028): 	at android.app.ActivityThread.handleLaunchActivity(ActivityThread.java:4477)
11-06 23:02:32.917 W/System.err(17028): 	at android.app.servertransaction.LaunchActivityItem.execute(LaunchActivityItem.java:222)
11-06 23:02:32.917 W/System.err(17028): 	at android.app.servertransaction.TransactionExecutor.executeNonLifecycleItem(TransactionExecutor.java:133)
11-06 23:02:32.917 W/System.err(17028): 	at android.app.servertransaction.TransactionExecutor.executeTransactionItems(TransactionExecutor.java:103)
11-06 23:02:32.917 W/System.err(17028): 	at android.app.servertransaction.TransactionExecutor.execute(TransactionExecutor.java:80)
11-06 23:02:32.917 W/System.err(17028): 	at android.app.ActivityThread$H.handleMessage(ActivityThread.java:2833)
11-06 23:02:32.917 W/System.err(17028): 	at android.os.Handler.dispatchMessage(Handler.java:110)
11-06 23:02:32.917 W/System.err(17028): 	at android.os.Looper.loopOnce(Looper.java:248)
11-06 23:02:32.917 W/System.err(17028): 	at android.os.Looper.loop(Looper.java:338)
