11-06 23:02:34.363 W/HapticCompat(17028): 	at com.android.camera.ui.ModeSelectView.v(Unknown Source:76)
11-06 23:02:34.363 W/HapticCompat(17028): 	at com.android.camera.ui.ModeSelectView.w(Unknown Source:5)
11-06 23:02:34.363 W/HapticCompat(17028): 	at com.android.camera.ui.ModeSelectView.onScrolled(Unknown Source:75)
11-06 23:02:34.363 W/HapticCompat(17028): 	at androidx.recyclerview.widget.RecyclerView.dispatchOnScrolled(Unknown Source:21)
11-06 23:02:34.363 W/HapticCompat(17028): 	at androidx.recyclerview.widget.RecyclerView.dispatchLayoutStep3(Unknown Source:221)
11-06 23:02:34.363 W/HapticCompat(17028): 	at androidx.recyclerview.widget.RecyclerView.dispatchLayout(Unknown Source:124)
11-06 23:02:34.363 W/HapticCompat(17028): 	at androidx.recyclerview.widget.RecyclerView.onLayout(Unknown Source:5)
11-06 23:02:34.363 W/HapticCompat(17028): 	at android.view.View.layout(View.java:25639)
11-06 23:02:34.363 W/HapticCompat(17028): 	at android.view.ViewGroup.layout(ViewGroup.java:6462)
11-06 23:02:34.363 W/HapticCompat(17028): 	at android.widget.FrameLayout.layoutChildren(FrameLayout.java:332)
11-06 23:02:34.363 W/HapticCompat(17028): 	at android.widget.FrameLayout.onLayout(FrameLayout.java:270)
11-06 23:02:34.363 W/HapticCompat(17028): 	at android.view.View.layout(View.java:25639)
11-06 23:02:34.363 W/HapticCompat(17028): 	at android.view.ViewGroup.layout(ViewGroup.java:6462)
11-06 23:02:34.363 W/HapticCompat(17028): 	at android.widget.FrameLayout.layoutChildren(FrameLayout.java:332)
11-06 23:02:34.363 W/HapticCompat(17028): 	at android.widget.FrameLayout.onLayout(FrameLayout.java:270)
11-06 23:02:34.363 W/HapticCompat(17028): 	at android.view.View.layout(View.java:25639)
11-06 23:02:34.363 W/HapticCompat(17028): 	at android.view.ViewGroup.layout(ViewGroup.java:6462)
11-06 23:02:34.363 W/HapticCompat(17028): 	at android.widget.FrameLayout.layoutChildren(FrameLayout.java:332)
11-06 23:02:34.363 W/HapticCompat(17028): 	at android.widget.FrameLayout.onLayout(FrameLayout.java:270)
11-06 23:02:34.363 W/HapticCompat(17028): 	at android.view.View.layout(View.java:25639)
11-06 23:02:34.363 W/HapticCompat(17028): 	at android.view.ViewGroup.layout(ViewGroup.java:6462)
11-06 23:02:34.363 W/HapticCompat(17028): 	at android.widget.FrameLayout.layoutChildren(FrameLayout.java:332)
11-06 23:02:34.363 W/HapticCompat(17028): 	at android.widget.FrameLayout.onLayout(FrameLayout.java:270)
11-06 23:02:34.363 W/HapticCompat(17028): 	at com.android.camera.ui.DragLayout.onLayout(Unknown Source:0)
11-06 23:02:34.363 W/HapticCompat(17028): 	at android.view.View.layout(View.java:25639)
11-06 23:02:34.363 W/HapticCompat(17028): 	at android.view.ViewGroup.layout(ViewGroup.java:6462)
11-06 23:02:34.363 W/HapticCompat(17028): 	at android.widget.FrameLayout.layoutChildren(FrameLayout.java:332)
11-06 23:02:34.363 W/HapticCompat(17028): 	at android.widget.FrameLayout.onLayout(FrameLayout.java:270)
11-06 23:02:34.363 W/HapticCompat(17028): 	at android.view.View.layout(View.java:25639)
11-06 23:02:34.363 W/HapticCompat(17028): 	at android.view.ViewGroup.layout(ViewGroup.java:6462)
11-06 23:02:34.363 W/HapticCompat(17028): 	at android.widget.FrameLayout.layoutChildren(FrameLayout.java:332)
11-06 23:02:34.363 W/HapticCompat(17028): 	at android.widget.FrameLayout.onLayout(FrameLayout.java:270)
11-06 23:02:34.363 W/HapticCompat(17028): 	at com.android.camera.ui.CameraRootView.onLayout(Unknown Source:5)
11-06 23:02:34.363 W/HapticCompat(17028): 	at android.view.View.layout(View.java:25639)
11-06 23:02:34.363 W/HapticCompat(17028): 	at android.view.ViewGroup.layout(ViewGroup.java:6462)
11-06 23:02:34.363 W/HapticCompat(17028): 	at android.widget.FrameLayout.layoutChildren(FrameLayout.java:332)
11-06 23:02:34.363 W/HapticCompat(17028): 	at android.widget.FrameLayout.onLayout(FrameLayout.java:270)
11-06 23:02:34.363 W/HapticCompat(17028): 	at android.view.View.layout(View.java:25639)
11-06 23:02:34.363 W/HapticCompat(17028): 	at android.view.ViewGroup.layout(ViewGroup.java:6462)
11-06 23:02:34.363 W/HapticCompat(17028): 	at android.widget.FrameLayout.layoutChildren(FrameLayout.java:332)
11-06 23:02:34.363 W/HapticCompat(17028): 	at android.widget.FrameLayout.onLayout(FrameLayout.java:270)
11-06 23:02:34.363 W/HapticCompat(17028): 	at miuix.appcompat.internal.app.widget.ActionBarOverlayLayout.onLayout(Unknown Source:0)
11-06 23:02:34.363 W/HapticCompat(17028): 	at android.view.View.layout(View.java:25639)
11-06 23:02:34.363 W/HapticCompat(17028): 	at android.view.ViewGroup.layout(ViewGroup.java:6462)
11-06 23:02:34.363 W/HapticCompat(17028): 	at android.widget.FrameLayout.layoutChildren(FrameLayout.java:332)
11-06 23:02:34.363 W/HapticCompat(17028): 	at android.widget.FrameLayout.onLayout(FrameLayout.java:270)
11-06 23:02:34.363 W/HapticCompat(17028): 	at android.view.View.layout(View.java:25639)
11-06 23:02:34.363 W/HapticCompat(17028): 	at android.view.ViewGroup.layout(ViewGroup.java:6462)
11-06 23:02:34.363 W/HapticCompat(17028): 	at android.widget.LinearLayout.setChildFrame(LinearLayout.java:1891)
11-06 23:02:34.363 W/HapticCompat(17028): 	at android.widget.LinearLayout.layoutVertical(LinearLayout.java:1729)
11-06 23:02:34.363 W/HapticCompat(17028): 	at android.widget.LinearLayout.onLayout(LinearLayout.java:1638)
11-06 23:02:34.363 W/HapticCompat(17028): 	at android.view.View.layout(View.java:25639)
11-06 23:02:34.363 W/HapticCompat(17028): 	at android.view.ViewGroup.layout(ViewGroup.java:6462)
11-06 23:02:34.363 W/HapticCompat(17028): 	at android.widget.FrameLayout.layoutChildren(FrameLayout.java:332)
11-06 23:02:34.363 W/HapticCompat(17028): 	at android.widget.FrameLayout.onLayout(FrameLayout.java:270)
11-06 23:02:34.363 W/HapticCompat(17028): 	at com.android.internal.policy.DecorView.onLayout(DecorView.java:775)
11-06 23:02:34.363 W/HapticCompat(17028): 	at android.view.View.layout(View.java:25639)
11-06 23:02:34.363 W/HapticCompat(17028): 	at android.view.ViewGroup.layout(ViewGroup.java:6462)
11-06 23:02:34.363 W/HapticCompat(17028): 	at android.view.ViewRootImpl.performLayout(ViewRootImpl.java:5124)
11-06 23:02:34.363 W/HapticCompat(17028): 	at android.view.ViewRootImpl.performTraversals(ViewRootImpl.java:4268)
11-06 23:02:34.363 W/HapticCompat(17028): 	at android.view.ViewRootImpl.doTraversal(ViewRootImpl.java:3124)
11-06 23:02:34.363 W/HapticCompat(17028): 	at android.view.ViewRootImpl$TraversalRunnable.run(ViewRootImpl.java:10715)
11-06 23:02:34.363 W/HapticCompat(17028): 	at android.view.Choreographer$CallbackRecord.run(Choreographer.java:1594)
11-06 23:02:34.363 W/HapticCompat(17028): 	at android.view.Choreographer$CallbackRecord.run(Choreographer.java:1603)
11-06 23:02:34.363 W/HapticCompat(17028): 	at android.view.Choreographer.doCallbacks(Choreographer.java:1202)
11-06 23:02:34.363 W/HapticCompat(17028): 	at android.view.Choreographer.doFrame(Choreographer.java:1128)
11-06 23:02:34.363 W/HapticCompat(17028): 	at android.view.Choreographer$FrameDisplayEventReceiver.run(Choreographer.java:1577)
11-06 23:02:34.363 W/HapticCompat(17028): 	at android.os.Handler.handleCallback(Handler.java:995)
11-06 23:02:34.363 W/HapticCompat(17028): 	at android.os.Handler.dispatchMessage(Handler.java:103)
11-06 23:02:34.363 W/HapticCompat(17028): 	at android.os.Looper.loopOnce(Looper.java:248)
11-06 23:02:34.363 W/HapticCompat(17028): 	at android.os.Looper.loop(Looper.java:338)
11-06 23:02:34.363 W/HapticCompat(17028): 	at android.app.ActivityThread.main(ActivityThread.java:9145)
11-06 23:02:34.363 W/HapticCompat(17028): 	at java.lang.reflect.Method.invoke(Native Method)
11-06 23:02:34.363 W/HapticCompat(17028): 	at com.android.internal.os.RuntimeInit$MethodAndArgsCaller.run(RuntimeInit.java:596)
11-06 23:02:34.363 W/HapticCompat(17028): 	at com.android.internal.os.ZygoteInit.main(ZygoteInit.java:940)
11-06 23:02:34.363 W/HapticCompat(17028): Caused by: java.lang.ClassNotFoundException: miui.util.HapticFeedbackUtil
11-06 23:02:34.363 W/HapticCompat(17028): 	... 86 more
11-06 23:02:34.363 I/HapticCompat(17028): Platform version: -1.
11-06 23:02:34.363 W/HapticCompat(17028): MIUI Haptic Implementation not found.
11-06 23:02:34.363 W/HapticCompat(17028): java.lang.ClassNotFoundException: miui.util.HapticFeedbackUtil
11-06 23:02:34.363 W/HapticCompat(17028): 	at java.lang.Class.classForName(Native Method)
11-06 23:02:34.363 W/HapticCompat(17028): 	at java.lang.Class.forName(Class.java:597)
11-06 23:02:34.363 W/HapticCompat(17028): 	at java.lang.Class.forName(Class.java:502)
11-06 23:02:34.363 W/HapticCompat(17028): 	at miuix.view.PlatformConstants.<clinit>(Unknown Source:88)
11-06 23:02:34.363 W/HapticCompat(17028): 	at h.i0.b.<clinit>(Unknown Source:10)
11-06 23:02:34.363 W/HapticCompat(17028): 	at com.mi.config.DataItemFeature.za(Unknown Source:4)
11-06 23:02:34.363 W/HapticCompat(17028): 	at d.c.f.e.<init>(Unknown Source:7)
11-06 23:02:34.363 W/HapticCompat(17028): 	at d.c.f.e.r(Unknown Source:13)
11-06 23:02:34.363 W/HapticCompat(17028): 	at com.android.camera.ui.ModeSelectView.q(Unknown Source:25)
11-06 23:02:34.363 W/HapticCompat(17028): 	at com.android.camera.ui.ModeSelectView.r(Unknown Source:0)
11-06 23:02:34.363 W/HapticCompat(17028): 	at d.c.a.r7.j0.a(Unknown Source:4)
11-06 23:02:34.363 W/HapticCompat(17028): 	at com.android.camera.ui.ModeSelectView.v(Unknown Source:76)
11-06 23:02:34.363 W/HapticCompat(17028): 	at com.android.camera.ui.ModeSelectView.w(Unknown Source:5)
11-06 23:02:34.363 W/HapticCompat(17028): 	at com.android.camera.ui.ModeSelectView.onScrolled(Unknown Source:75)
11-06 23:02:34.363 W/HapticCompat(17028): 	at androidx.recyclerview.widget.RecyclerView.dispatchOnScrolled(Unknown Source:21)
11-06 23:02:34.363 W/HapticCompat(17028): 	at androidx.recyclerview.widget.RecyclerView.dispatchLayoutStep3(Unknown Source:221)
11-06 23:02:34.363 W/HapticCompat(17028): 	at androidx.recyclerview.widget.RecyclerView.dispatchLayout(Unknown Source:124)
11-06 23:02:34.363 W/HapticCompat(17028): 	at androidx.recyclerview.widget.RecyclerView.onLayout(Unknown Source:5)
11-06 23:02:34.363 W/HapticCompat(17028): 	at android.view.View.layout(View.java:25639)
11-06 23:02:34.363 W/HapticCompat(17028): 	at android.view.ViewGroup.layout(ViewGroup.java:6462)
11-06 23:02:34.363 W/HapticCompat(17028): 	at android.widget.FrameLayout.layoutChildren(FrameLayout.java:332)
11-06 23:02:34.363 W/HapticCompat(17028): 	at android.widget.FrameLayout.onLayout(FrameLayout.java:270)
11-06 23:02:34.363 W/HapticCompat(17028): 	at android.view.View.layout(View.java:25639)
11-06 23:02:34.363 W/HapticCompat(17028): 	at android.view.ViewGroup.layout(ViewGroup.java:6462)
11-06 23:02:34.363 W/HapticCompat(17028): 	at android.widget.FrameLayout.layoutChildren(FrameLayout.java:332)
11-06 23:02:34.363 W/HapticCompat(17028): 	at android.widget.FrameLayout.onLayout(FrameLayout.java:270)
11-06 23:02:34.363 W/HapticCompat(17028): 	at android.view.View.layout(View.java:25639)
11-06 23:02:34.363 W/HapticCompat(17028): 	at android.view.ViewGroup.layout(ViewGroup.java:6462)
11-06 23:02:34.363 W/HapticCompat(17028): 	at android.widget.FrameLayout.layoutChildren(FrameLayout.java:332)
11-06 23:02:34.363 W/HapticCompat(17028): 	at android.widget.FrameLayout.onLayout(FrameLayout.java:270)
11-06 23:02:34.363 W/HapticCompat(17028): 	at android.view.View.layout(View.java:25639)
11-06 23:02:34.363 W/HapticCompat(17028): 	at android.view.ViewGroup.layout(ViewGroup.java:6462)
11-06 23:02:34.363 W/HapticCompat(17028): 	at android.widget.FrameLayout.layoutChildren(FrameLayout.java:332)
11-06 23:02:34.363 W/HapticCompat(17028): 	at android.widget.FrameLayout.onLayout(FrameLayout.java:270)
11-06 23:02:34.363 W/HapticCompat(17028): 	at com.android.camera.ui.DragLayout.onLayout(Unknown Source:0)
11-06 23:02:34.363 W/HapticCompat(17028): 	at android.view.View.layout(View.java:25639)
11-06 23:02:34.363 W/HapticCompat(17028): 	at android.view.ViewGroup.layout(ViewGroup.java:6462)
11-06 23:02:34.363 W/HapticCompat(17028): 	at android.widget.FrameLayout.layoutChildren(FrameLayout.java:332)
11-06 23:02:34.363 W/HapticCompat(17028): 	at android.widget.FrameLayout.onLayout(FrameLayout.java:270)
11-06 23:02:34.363 W/HapticCompat(17028): 	at android.view.View.layout(View.java:25639)
11-06 23:02:34.363 W/HapticCompat(17028): 	at android.view.ViewGroup.layout(ViewGroup.java:6462)
11-06 23:02:34.363 W/HapticCompat(17028): 	at android.widget.FrameLayout.layoutChildren(FrameLayout.java:332)
11-06 23:02:34.363 W/HapticCompat(17028): 	at android.widget.FrameLayout.onLayout(FrameLayout.java:270)
11-06 23:02:34.363 W/HapticCompat(17028): 	at com.android.camera.ui.CameraRootView.onLayout(Unknown Source:5)
11-06 23:02:34.363 W/HapticCompat(17028): 	at android.view.View.layout(View.java:25639)
11-06 23:02:34.363 W/HapticCompat(17028): 	at android.view.ViewGroup.layout(ViewGroup.java:6462)
11-06 23:02:34.363 W/HapticCompat(17028): 	at android.widget.FrameLayout.layoutChildren(FrameLayout.java:332)
11-06 23:02:34.363 W/HapticCompat(17028): 	at android.widget.FrameLayout.onLayout(FrameLayout.java:270)
11-06 23:02:34.363 W/HapticCompat(17028): 	at android.view.View.layout(View.java:25639)
11-06 23:02:34.363 W/HapticCompat(17028): 	at android.view.ViewGroup.layout(ViewGroup.java:6462)
11-06 23:02:34.363 W/HapticCompat(17028): 	at android.widget.FrameLayout.layoutChildren(FrameLayout.java:332)
11-06 23:02:34.363 W/HapticCompat(17028): 	at android.widget.FrameLayout.onLayout(FrameLayout.java:270)
11-06 23:02:34.363 W/HapticCompat(17028): 	at miuix.appcompat.internal.app.widget.ActionBarOverlayLayout.onLayout(Unknown Source:0)
11-06 23:02:34.363 W/HapticCompat(17028): 	at android.view.View.layout(View.java:25639)
11-06 23:02:34.363 W/HapticCompat(17028): 	at android.view.ViewGroup.layout(ViewGroup.java:6462)
11-06 23:02:34.363 W/HapticCompat(17028): 	at android.widget.FrameLayout.layoutChildren(FrameLayout.java:332)
11-06 23:02:34.363 W/HapticCompat(17028): 	at android.widget.FrameLayout.onLayout(FrameLayout.java:270)
11-06 23:02:34.363 W/HapticCompat(17028): 	at android.view.View.layout(View.java:25639)
11-06 23:02:34.363 W/HapticCompat(17028): 	at android.view.ViewGroup.layout(ViewGroup.java:6462)
11-06 23:02:34.363 W/HapticCompat(17028): 	at android.widget.LinearLayout.setChildFrame(LinearLayout.java:1891)
11-06 23:02:34.363 W/HapticCompat(17028): 	at android.widget.LinearLayout.layoutVertical(LinearLayout.java:1729)
11-06 23:02:34.363 W/HapticCompat(17028): 	at android.widget.LinearLayout.onLayout(LinearLayout.java:1638)
11-06 23:02:34.363 W/HapticCompat(17028): 	at android.view.View.layout(View.java:25639)
11-06 23:02:34.363 W/HapticCompat(17028): 	at android.view.ViewGroup.layout(ViewGroup.java:6462)
11-06 23:02:34.363 W/HapticCompat(17028): 	at android.widget.FrameLayout.layoutChildren(FrameLayout.java:332)
11-06 23:02:34.363 W/HapticCompat(17028): 	at android.widget.FrameLayout.onLayout(FrameLayout.java:270)
11-06 23:02:34.364 W/HapticCompat(17028): 	at com.android.internal.policy.DecorView.onLayout(DecorView.java:775)
11-06 23:02:34.364 W/HapticCompat(17028): 	at android.view.View.layout(View.java:25639)
11-06 23:02:34.364 W/HapticCompat(17028): 	at android.view.ViewGroup.layout(ViewGroup.java:6462)
11-06 23:02:34.364 W/HapticCompat(17028): 	at android.view.ViewRootImpl.performLayout(ViewRootImpl.java:5124)
11-06 23:02:34.364 W/HapticCompat(17028): 	at android.view.ViewRootImpl.performTraversals(ViewRootImpl.java:4268)
11-06 23:02:34.364 W/HapticCompat(17028): 	at android.view.ViewRootImpl.doTraversal(ViewRootImpl.java:3124)
11-06 23:02:34.364 W/HapticCompat(17028): 	at android.view.ViewRootImpl$TraversalRunnable.run(ViewRootImpl.java:10715)
11-06 23:02:34.364 W/HapticCompat(17028): 	at android.view.Choreographer$CallbackRecord.run(Choreographer.java:1594)
11-06 23:02:34.364 W/HapticCompat(17028): 	at android.view.Choreographer$CallbackRecord.run(Choreographer.java:1603)
11-06 23:02:34.364 W/HapticCompat(17028): 	at android.view.Choreographer.doCallbacks(Choreographer.java:1202)
11-06 23:02:34.364 W/HapticCompat(17028): 	at android.view.Choreographer.doFrame(Choreographer.java:1128)
11-06 23:02:34.364 W/HapticCompat(17028): 	at android.view.Choreographer$FrameDisplayEventReceiver.run(Choreographer.java:1577)
11-06 23:02:34.364 W/HapticCompat(17028): 	at android.os.Handler.handleCallback(Handler.java:995)
11-06 23:02:34.364 W/HapticCompat(17028): 	at android.os.Handler.dispatchMessage(Handler.java:103)
11-06 23:02:34.364 W/HapticCompat(17028): 	at android.os.Looper.loopOnce(Looper.java:248)
11-06 23:02:34.364 W/HapticCompat(17028): 	at android.os.Looper.loop(Looper.java:338)
11-06 23:02:34.364 W/HapticCompat(17028): 	at android.app.ActivityThread.main(ActivityThread.java:9145)
11-06 23:02:34.364 W/HapticCompat(17028): 	at java.lang.reflect.Method.invoke(Native Method)
11-06 23:02:34.364 W/HapticCompat(17028): 	at com.android.internal.os.RuntimeInit$MethodAndArgsCaller.run(RuntimeInit.java:596)
11-06 23:02:34.364 W/HapticCompat(17028): 	at com.android.internal.os.ZygoteInit.main(ZygoteInit.java:940)
11-06 23:02:34.364 W/HapticCompat(17028): Caused by: java.lang.ClassNotFoundException: miui.util.HapticFeedbackUtil
11-06 23:02:34.364 W/HapticCompat(17028): 	... 86 more
11-06 23:02:34.364 I/HapticCompat(17028): Rom haptic version: 1.0
11-06 23:02:34.364 W/HapticFeedbackCompat(17028): MiuiHapticFeedbackConstants not found or not compatible for LinearVibrator.
11-06 23:02:34.364 D/CAM_VibratorContext(17028): performModeSwitch: 
11-06 23:02:34.365 W/View    (17028): requestLayout() improperly called by com.android.camera.ui.AdaptiveMarqueeTextView{ca016c9 V.ED..... ..SP..ID 0,0-104,136 #7f0b047d app:id/mode_select_item} during layout: running second layout pass
11-06 23:02:34.365 D/CAM_DragLayout(17028): setDragEnable mDragMode : false, mPromptMode : false,mBar : null,withAnim : false
11-06 23:02:34.368 D/CAM_Camera2ModuleHandler(17028): onMessage MSG_ABANDON_HANDLER setActivity null
11-06 23:02:34.368 D/CAM_BaseModule(17028): setActivity, activity: null, d.c.a.q6.r7.ok(Unknown Source:23), d.c.a.q6.q8.g1.handleMessage(Unknown Source:28), android.os.Handler.dispatchMessage(Handler.java:110), 
11-06 23:02:34.372 D/CAM_AbstractFragment(17028): baseUpdateView FragmentVideoPrompter, true
11-06 23:02:34.373 D/CAM_AbstractFragment(17028): baseUpdateView FragmentAutoZoom, true
11-06 23:02:34.374 D/CAM_AbstractFragment(17028): baseUpdateView FragmentSubtitle, true
11-06 23:02:34.374 D/CAM_FragmentVideoPrompter(17028): onResume: 
11-06 23:02:34.374 V/CAM_c0  (17028): skip request caz invalid already removed.
11-06 23:02:34.374 I/CAM_SettingUiState(17028): FucName videoTag  mode: 162 isFront:false
11-06 23:02:34.374 D/CAM_TipLocationManager(17028): getCurrentLimitRect: add tip, type = VIDEO_TAG, orientation = 0, location =72
11-06 23:02:34.374 D/CAM_TipLocationManager(17028): getCurrentLimitRect: mCurrentLimitRect = Rect(40, 286 - 1040, 1376)
11-06 23:02:34.377 V/CAM_a0  (17028): loadDynamic opts src: [DynamicFragmentOperation{mTimeoutReset=false, mDepend=d.c.a.h6.h5.i0@1c0caf} BaseOperation{type=SHOW_CONTAINER, contType=DUAL_CAMERA, info= 0x0, subInfo= 0xF0'}, DynamicFragmentOperation{mTimeoutReset=false, mDepend=d.c.a.h6.h5.i0@1c0caf} BaseOperation{type=SHOW_CONTAINER, contType=BOTTOM_BAR, info= 0x0, subInfo= 0xF0'}, DynamicFragmentOperation{mTimeoutReset=false, mDepend=d.c.a.h6.h5.i0@1c0caf} BaseOperation{type=SHOW_CONTAINER, contType=MODE_SELECTOR, info= 0x0, subInfo= 0xF0'}, DynamicFragmentOperation{mTimeoutReset=false, mDepend=d.c.a.h6.h5.i0@1c0caf} BaseOperation{type=SHOW_CONTAINER, contType=POPUP_TIPS, info= 0x0, subInfo= 0xF0'}, DynamicFragmentOperation{mTimeoutReset=false, mDepend=d.c.a.h6.h5.i0@1c0caf} BaseOperation{type=SHOW_CONTAINER, contType=BEAUTY_PANEL, info= 0x0, subInfo= 0xF0'}], dst : [DynamicFragmentOperation{mTimeoutReset=false, mDepend=d.c.a.h6.h5.i0@1c0caf} BaseOperation{type=SHOW_CONTAINER, contType=DUAL_CAMERA, info= 0x0, subInfo= 0xF0'}, DynamicFragmentOperation{mTimeoutReset=false, mDepend=d.c.a.h6.h5.i0@1c0caf} BaseOperation{type=SHOW_CONTAINER, contType=BOTTOM_BAR, info= 0x0, subInfo= 0xF0'}, DynamicFragmentOperation{mTimeoutReset=false, mDepend=d.c.a.h6.h5.i0@1c0caf} BaseOperation{type=SHOW_CONTAINER, contType=MODE_SELECTOR, info= 0x0, subInfo= 0xF0'}, DynamicFragmentOperation{mTimeoutReset=false, mDepend=d.c.a.h6.h5.i0@1c0caf} BaseOperation{type=SHOW_CONTAINER, contType=POPUP_TIPS, info= 0x0, subInfo= 0xF0'}, DynamicFragmentOperation{mTimeoutReset=false, mDepend=d.c.a.h6.h5.i0@1c0caf} BaseOperation{type=SHOW_CONTAINER, contType=BEAUTY_PANEL, info= 0x0, subInfo= 0xF0'}]
11-06 23:02:34.377 V/CAM_Delegate@166674310(17028): currentFragments {BOTTOM_BAR ,VState :0 , fragInfo: [0xF1], MODE_SELECTOR ,VState :0 , fragInfo: [0xF2], TOP_BAR ,VState :0 , fragInfo: [0xF4], DUAL_CAMERA ,VState :0 , fragInfo: [0xFF4], MAIN_CONTENT ,VState :0 , fragInfo: [0xF3, 0xEC], POPUP_TIPS ,VState :0 , fragInfo: [0xF0, 0xFFF9], BEAUTY_PANEL ,VState :0 , fragInfo: [0xF0], POST_VIEW ,VState :0 , fragInfo: [0xF0], GALLERY , fragInfo: [0xF0], PREVIEW_ROOT ,VState :0 , fragInfo: [0xF0, 0xFFFFFF2], EXTRA_TOP_BAR , fragInfo: [0xF0], MENU_ROOT ,VState :0 , fragInfo: [0xF0], LOWER_LAYER ,VState :0 , fragInfo: [0xF0], MID_LAYER ,VState :0 , fragInfo: [0xF0, 0xFF1], HIGHER_LAYER ,VState :0 , fragInfo: [0xF0, 0xFFFE]}
11-06 23:02:34.383 E/CamX    ( 1094): [ERROR][STATS_AEC] camxcaecstatsprocessor.cpp:6641 DoFlickerFFTProcess() DoFlickerFFTProcess exit
11-06 23:02:34.385 E/CHIUSECASE( 1094): ~MiNodeBase: [Eeee] CurrentNodeType=1000
11-06 23:02:34.389 E/libprotobuf-native( 1094): [libprotobuf ERROR external/protobuf/src/google/protobuf/message_lite.cc:123] Can't parse message of type "sns_flicker_event" because it is missing required fields: (cannot determine missing fields for lite message)
11-06 23:02:34.409 I/hwservicemanager(  669): getTransport: Cannot find entry vendor.qti.hardware.servicetracker@1.0::IServicetracker/default in either framework or device VINTF manifest.
11-06 23:02:34.411 I/hwservicemanager(  669): getTransport: Cannot find entry vendor.qti.hardware.servicetracker@1.0::IServicetracker/default in either framework or device VINTF manifest.
11-06 23:02:34.414 V/GrammaticalInflectionUtils( 1820): AttributionSource: android.content.AttributionSource@acf1ed1e does not have READ_SYSTEM_GRAMMATICAL_GENDER permission.
11-06 23:02:34.421 I/hwservicemanager(  669): getTransport: Cannot find entry vendor.qti.hardware.servicetracker@1.0::IServicetracker/default in either framework or device VINTF manifest.
11-06 23:02:34.424 D/Zygote  (  927): Forked child process 17202
11-06 23:02:34.424 I/ActivityManager( 1820): Start proc 17202:com.alibaba.aliexpresshd:tool/u0a723 for content provider {com.alibaba.aliexpresshd/com.aidc.immortal.ToolProvider}
11-06 23:02:34.424 I/ActivityManager( 1820): ProcessObserver broadcast disabled
11-06 23:02:34.425 W/Zygote  (17202): Unable to open libbeluga.so: dlopen failed: library "libbeluga.so" not found.
11-06 23:02:34.433 I/hwservicemanager(  669): getTransport: Cannot find entry vendor.qti.hardware.servicetracker@1.0::IServicetracker/default in either framework or device VINTF manifest.
11-06 23:02:34.435 I/libc    (17202): SetHeapTaggingLevel: tag level set to 0
11-06 23:02:34.439 I/CVP     ( 1094): File: vendor/qcom/proprietary/cv-noship/cvp/2.0/src/cpu/cvpPvtUtils.cpp Line: 138 Function: cvpSetPower() Msg: Update power to KMD
11-06 23:02:34.439 I/CVP     ( 1094): File: vendor/qcom/proprietary/cv-noship/cvp/2.0/src/cpu/cvpPower.cpp Line: 85 Function: cvpPrintPower() Msg: Actual      Clock: Fdu 0, Ica 0, Od 0, Mpu 0, Fw 0
11-06 23:02:34.439 I/CVP     ( 1094): File: vendor/qcom/proprietary/cv-noship/cvp/2.0/src/cpu/cvpPower.cpp Line: 89 Function: cvpPrintPower() Msg: Operational Clock: Fdu 0, Ica 0, Od 0, Mpu 0, Fw 0
11-06 23:02:34.439 I/CVP     ( 1094): File: vendor/qcom/proprietary/cv-noship/cvp/2.0/src/cpu/cvpPower.cpp Line: 91 Function: cvpPrintPower() Msg: Actual     Bw: Ddr 0, SysCache 0
11-06 23:02:34.439 I/CVP     ( 1094): File: vendor/qcom/proprietary/cv-noship/cvp/2.0/src/cpu/cvpPower.cpp Line: 93 Function: cvpPrintPower() Msg: Opeational Bw: Ddr 0, SysCache 0
11-06 23:02:34.439 I/CVP     ( 1094): File: vendor/qcom/proprietary/cv-noship/cvp/2.0/src/cpu/cvpPower.cpp Line: 1636 Function: cvpDeaggreatePower() Msg: After deaggregation
11-06 23:02:34.439 I/CVP     ( 1094): File: vendor/qcom/proprietary/cv-noship/cvp/2.0/src/cpu/cvpPower.cpp Line: 85 Function: cvpPrintPower() Msg: Actual      Clock: Fdu 0, Ica 0, Od 0, Mpu 0, Fw 0
11-06 23:02:34.439 I/CVP     ( 1094): File: vendor/qcom/proprietary/cv-noship/cvp/2.0/src/cpu/cvpPower.cpp Line: 89 Function: cvpPrintPower() Msg: Operational Clock: Fdu 0, Ica 0, Od 0, Mpu 0, Fw 0
11-06 23:02:34.439 I/CVP     ( 1094): File: vendor/qcom/proprietary/cv-noship/cvp/2.0/src/cpu/cvpPower.cpp Line: 91 Function: cvpPrintPower() Msg: Actual     Bw: Ddr 0, SysCache 0
11-06 23:02:34.439 I/CVP     ( 1094): File: vendor/qcom/proprietary/cv-noship/cvp/2.0/src/cpu/cvpPower.cpp Line: 93 Function: cvpPrintPower() Msg: Opeational Bw: Ddr 0, SysCache 0
11-06 23:02:34.440 V/SYNX-UMD( 1094): Synx Uninit!
11-06 23:02:34.440 V/SYNX-UMD( 1094): Flush of dispatch job called!
11-06 23:02:34.441 V/SYNX-UMD( 1094): Joining hPollThread = 518851795968
11-06 23:02:34.441 V/SYNX-UMD( 1094): Exiting!
11-06 23:02:34.441 V/SYNX-UMD( 1094): Thread killed
11-06 23:02:34.441 V/SYNX-UMD( 1094): Completed Synx FW tear down
11-06 23:02:34.448 I/iexpresshd:tool(17202): Using CollectorTypeCC GC.
11-06 23:02:34.449 I/CameraProviderManager( 1555): Camera device device@3.5/legacy/0 torch status is now AVAILABLE_OFF
11-06 23:02:34.449 I/CameraService( 1555): onTorchStatusChangedLocked: Torch status changed for cameraId=0, newStatus=1
11-06 23:02:34.450 I/CameraProviderManager( 1555): Camera device device@3.5/legacy/1 torch status is now AVAILABLE_OFF
11-06 23:02:34.450 I/CameraService( 1555): onTorchStatusChangedLocked: Torch status changed for cameraId=1, newStatus=1
11-06 23:02:34.450 E/CameraService( 1555): onTorchStatusChangedLocked: cannot get torch status of camera 1: No such file or directory (-2)
11-06 23:02:34.450 D/FlashlightController( 2614): dispatchAvailabilityChanged(true)
11-06 23:02:34.450 I/CameraProviderManager( 1555): Camera device device@3.5/legacy/2 torch status is now AVAILABLE_OFF
11-06 23:02:34.450 I/CameraService( 1555): onTorchStatusChangedLocked: Torch status changed for cameraId=2, newStatus=1
11-06 23:02:34.450 I/AiAiEcho( 3844): Predicting[7]: { Feature:1, creation:2025-11-07T02:00:00Z, expiry:2025-11-07T02:00:00Z, isExpired: true}, { Feature:1, creation:2025-11-07T00:00:00Z, expiry:2025-11-07T00:00:00Z, isExpired: true}, { Feature:1, creation:2025-11-07T01:00:00Z, expiry:2025-11-07T01:00:00Z, isExpired: true}, { Feature:1, creation:2025-11-06T22:00:00Z, expiry:2025-11-06T23:00:00Z, isExpired: false}, { Feature:61, creation:2025-11-06T19:30:31.710Z, expiry:2025-11-06T22:59:59.999Z, isExpired: false}, { Feature:1, creation:2025-11-06T23:00:00Z, expiry:2025-11-06T23:00:00Z, isExpired: true}, { Feature:1, creation:2025-11-06T21:00:00Z, expiry:2025-11-06T22:00:00Z, isExpired: true} [CONTEXT sampling_count=5 ]
11-06 23:02:34.451 W/CameraManagerGlobal( 3844): ignore the torch status update of camera: 2
11-06 23:02:34.451 W/CameraManagerGlobal( 2614): ignore the torch status update of camera: 2
11-06 23:02:34.451 W/CameraManagerGlobal( 1820): ignore the torch status update of camera: 2
11-06 23:02:34.451 I/AiAiEcho( 3844): Settings changed for uri: content://settings/secure/flashlight_available
11-06 23:02:34.451 W/CameraManagerGlobal( 4150): ignore the torch status update of camera: 2
11-06 23:02:34.451 I/AiAiEcho( 3844): EchoTargets: Feature:1, Feature:61
11-06 23:02:34.451 I/AiAiEcho( 3844): Filtered by AiAi flag check: 
11-06 23:02:34.451 I/AiAiEcho( 3844): [CONTEXT ratelimit_period="10 SECONDS" ]
11-06 23:02:34.451 I/CameraProviderManager( 1555): Camera device device@3.5/legacy/3 torch status is now AVAILABLE_OFF
11-06 23:02:34.451 I/CameraService( 1555): onTorchStatusChangedLocked: Torch status changed for cameraId=3, newStatus=1
11-06 23:02:34.451 W/CameraManagerGlobal( 1820): ignore the torch status update of camera: 3
11-06 23:02:34.451 W/CameraManagerGlobal( 4150): ignore the torch status update of camera: 3
11-06 23:02:34.452 W/CameraManagerGlobal( 6085): ignore the torch status update of camera: 2
11-06 23:02:34.452 W/CameraManagerGlobal( 6085): ignore the torch status update of camera: 3
11-06 23:02:34.452 W/CameraManagerGlobal( 2614): ignore the torch status update of camera: 3
11-06 23:02:34.452 I/AiAiEcho( 3844): #tapActionTwiddler: keeps UiSurface.ALL TapAction for: PrimaryItem in the surface: home for the cardId: WEATHER_TOMORROW_FORECAST-20399
11-06 23:02:34.452 I/CameraProviderManager( 1555): Camera device device@3.5/legacy/4 torch status is now AVAILABLE_OFF
11-06 23:02:34.452 I/CameraService( 1555): onTorchStatusChangedLocked: Torch status changed for cameraId=4, newStatus=1
11-06 23:02:34.452 I/AiAiEcho( 3844): #weatherSubItemsTwiddler: Weather removes SubtitleSupplementalItem in surface: home [CONTEXT ratelimit_period="10 SECONDS" ]
11-06 23:02:34.452 W/CameraManagerGlobal( 1820): ignore the torch status update of camera: 4
11-06 23:02:34.452 W/CameraManagerGlobal( 6085): ignore the torch status update of camera: 4
11-06 23:02:34.452 I/AiAiEcho( 3844): #remoteViewsTwiddler: feature disabled.
11-06 23:02:34.452 W/CameraManagerGlobal( 4150): ignore the torch status update of camera: 4
11-06 23:02:34.452 W/CameraManagerGlobal( 2614): ignore the torch status update of camera: 4
11-06 23:02:34.452 I/CameraProviderManager( 1555): Camera device device@3.5/legacy/5 torch status is now AVAILABLE_OFF
11-06 23:02:34.452 I/CameraService( 1555): onTorchStatusChangedLocked: Torch status changed for cameraId=5, newStatus=1
11-06 23:02:34.452 W/CameraManagerGlobal( 2614): ignore the torch status update of camera: 5
11-06 23:02:34.452 W/CameraManagerGlobal( 4150): ignore the torch status update of camera: 5
11-06 23:02:34.452 W/CameraManagerGlobal( 6085): ignore the torch status update of camera: 5
11-06 23:02:34.452 W/CameraManagerGlobal( 1820): ignore the torch status update of camera: 5
11-06 23:02:34.452 I/CameraProviderManager( 1555): Camera device device@3.5/legacy/6 torch status is now AVAILABLE_OFF
11-06 23:02:34.452 I/AiAiEcho( 3844): Predicting[7]: { Feature:1, creation:2025-11-07T02:00:00Z, expiry:2025-11-07T02:00:00Z, isExpired: true}, { Feature:1, creation:2025-11-07T00:00:00Z, expiry:2025-11-07T00:00:00Z, isExpired: true}, { Feature:1, creation:2025-11-07T01:00:00Z, expiry:2025-11-07T01:00:00Z, isExpired: true}, { Feature:1, creation:2025-11-06T22:00:00Z, expiry:2025-11-06T23:00:00Z, isExpired: false}, { Feature:61, creation:2025-11-06T19:30:31.710Z, expiry:2025-11-06T22:59:59.999Z, isExpired: false}, { Feature:1, creation:2025-11-06T23:00:00Z, expiry:2025-11-06T23:00:00Z, isExpired: true}, { Feature:1, creation:2025-11-06T21:00:00Z, expiry:2025-11-06T22:00:00Z, isExpired: true} [CONTEXT sampling_count=5 ]
11-06 23:02:34.452 I/CameraService( 1555): onTorchStatusChangedLocked: Torch status changed for cameraId=6, newStatus=1
11-06 23:02:34.453 W/CameraManagerGlobal( 1820): ignore the torch status update of camera: 6
11-06 23:02:34.453 W/CameraManagerGlobal( 2614): ignore the torch status update of camera: 6
11-06 23:02:34.453 W/CameraManagerGlobal( 6085): ignore the torch status update of camera: 6
11-06 23:02:34.453 W/CameraManagerGlobal( 4150): ignore the torch status update of camera: 6
11-06 23:02:34.453 I/CameraProviderManager( 1555): Camera device device@3.5/legacy/7 torch status is now AVAILABLE_OFF
11-06 23:02:34.453 I/CameraService( 1555): onTorchStatusChangedLocked: Torch status changed for cameraId=7, newStatus=1
11-06 23:02:34.453 W/CameraManagerGlobal( 2614): ignore the torch status update of camera: 7
11-06 23:02:34.453 W/CameraManagerGlobal( 1820): ignore the torch status update of camera: 7
11-06 23:02:34.453 W/CameraManagerGlobal( 6085): ignore the torch status update of camera: 7
11-06 23:02:34.453 W/CameraManagerGlobal( 4150): ignore the torch status update of camera: 7
11-06 23:02:34.453 I/CameraProviderManager( 1555): Camera device device@3.5/legacy/8 torch status is now AVAILABLE_OFF
11-06 23:02:34.453 I/CameraService( 1555): onTorchStatusChangedLocked: Torch status changed for cameraId=8, newStatus=1
11-06 23:02:34.453 E/CameraService( 1555): onTorchStatusChangedLocked: cannot get torch status of camera 8: No such file or directory (-2)
11-06 23:02:34.453 I/AiAiEcho( 3844): EchoTargets: Feature:1, Feature:61
11-06 23:02:34.453 I/AiAiEcho( 3844): Filtered by AiAi flag check: 
11-06 23:02:34.453 I/AiAiEcho( 3844): [CONTEXT ratelimit_period="10 SECONDS" ]
11-06 23:02:34.453 I/CameraProviderManager( 1555): Camera device device@3.5/legacy/9 torch status is now AVAILABLE_OFF
11-06 23:02:34.453 I/CameraService( 1555): onTorchStatusChangedLocked: Torch status changed for cameraId=9, newStatus=1
11-06 23:02:34.453 W/CameraManagerGlobal( 1820): ignore the torch status update of camera: 9
11-06 23:02:34.453 W/CameraManagerGlobal( 6085): ignore the torch status update of camera: 9
11-06 23:02:34.453 W/CameraManagerGlobal( 2614): ignore the torch status update of camera: 9
11-06 23:02:34.453 W/CameraManagerGlobal( 4150): ignore the torch status update of camera: 9
11-06 23:02:34.453 I/CameraProviderManager( 1555): Camera device device@3.5/legacy/10 torch status is now AVAILABLE_OFF
11-06 23:02:34.453 I/CameraService( 1555): onTorchStatusChangedLocked: Torch status changed for cameraId=10, newStatus=1
11-06 23:02:34.453 W/CameraManagerGlobal( 3844): ignore the torch status update of camera: 3
11-06 23:02:34.454 W/CameraManagerGlobal( 1820): ignore the torch status update of camera: 10
11-06 23:02:34.454 W/CameraManagerGlobal( 3844): ignore the torch status update of camera: 4
11-06 23:02:34.454 W/CameraManagerGlobal( 2614): ignore the torch status update of camera: 10
11-06 23:02:34.454 I/AiAiEcho( 3844): #tapActionTwiddler: keeps UiSurface.ALL TapAction for: PrimaryItem in the surface: home for the cardId: WEATHER_TOMORROW_FORECAST-20399
11-06 23:02:34.454 W/CameraManagerGlobal( 6085): ignore the torch status update of camera: 10
11-06 23:02:34.454 W/CameraManagerGlobal( 3844): ignore the torch status update of camera: 5
11-06 23:02:34.454 W/CameraManagerGlobal( 4150): ignore the torch status update of camera: 10
11-06 23:02:34.454 I/AiAiEcho( 3844): #weatherSubItemsTwiddler: Weather removes SubtitleSupplementalItem in surface: home [CONTEXT ratelimit_period="10 SECONDS" ]
11-06 23:02:34.454 W/CameraManagerGlobal( 3844): ignore the torch status update of camera: 6
11-06 23:02:34.454 I/AiAiEcho( 3844): #remoteViewsTwiddler: feature disabled.
11-06 23:02:34.454 W/CameraManagerGlobal( 3844): ignore the torch status update of camera: 7
11-06 23:02:34.454 W/CameraManagerGlobal( 3844): ignore the torch status update of camera: 9
11-06 23:02:34.454 W/CameraManagerGlobal( 3844): ignore the torch status update of camera: 10
11-06 23:02:34.456 D/nativeloader(17202): Load libframework-connectivity-tiramisu-jni.so using APEX ns com_android_tethering for caller /apex/com.android.tethering/javalib/framework-connectivity-t.jar: ok
11-06 23:02:34.457 I/AiAiEcho( 3844): #postPredictionTargets: Sending updates to UISurface home with targets# 2 (types=[1, 61])
11-06 23:02:34.457 I/CameraLatencyHistogram( 1555): Stream 0 dequeueBuffer latency histogram (17) samples:
11-06 23:02:34.457 I/CameraLatencyHistogram( 1555):         5     10     15     20     25     30     35     40     45    inf (max ms)
11-06 23:02:34.457 I/CameraLatencyHistogram( 1555):      100.00   0.00   0.00   0.00   0.00   0.00   0.00   0.00   0.00   0.00 (%)
11-06 23:02:34.458 I/CameraLatencyHistogram( 1555): Stream 2 dequeueBuffer latency histogram (17) samples:
11-06 23:02:34.458 I/CameraLatencyHistogram( 1555):         5     10     15     20     25     30     35     40     45    inf (max ms)
11-06 23:02:34.458 I/CameraLatencyHistogram( 1555):      94.12   5.88   0.00   0.00   0.00   0.00   0.00   0.00   0.00   0.00 (%)
11-06 23:02:34.458 I/Camera3-Device( 1555): disconnectImpl: X
11-06 23:02:34.459 I/CameraService( 1555): disconnect: Disconnected client for camera 0 for PID 17028
11-06 23:02:34.459 E/CameraManagerGlobal( 1820): Camera 5 is not present. Ignore physical camera status change
11-06 23:02:34.459 E/CameraManagerGlobal( 1820): Camera 6 is not present. Ignore physical camera status change
11-06 23:02:34.459 E/CameraManagerGlobal( 2614): Camera 5 is not present. Ignore physical camera status change
11-06 23:02:34.459 E/CameraManagerGlobal( 3844): Camera 5 is not present. Ignore physical camera status change
11-06 23:02:34.459 E/CameraManagerGlobal( 1820): Camera 9 is not present. Ignore physical camera status change
11-06 23:02:34.459 E/CameraManagerGlobal( 3844): Camera 6 is not present. Ignore physical camera status change
11-06 23:02:34.459 E/CameraManagerGlobal( 2614): Camera 6 is not present. Ignore physical camera status change
11-06 23:02:34.459 E/CameraManagerGlobal( 3844): Camera 9 is not present. Ignore physical camera status change
11-06 23:02:34.459 E/CameraManagerGlobal( 2614): Camera 9 is not present. Ignore physical camera status change
11-06 23:02:34.459 E/CameraManagerGlobal( 6085): Camera 5 is not present. Ignore physical camera status change
11-06 23:02:34.459 E/CameraManagerGlobal( 6085): Camera 6 is not present. Ignore physical camera status change
11-06 23:02:34.459 E/CameraManagerGlobal( 4150): Camera 5 is not present. Ignore physical camera status change
11-06 23:02:34.460 E/CameraManagerGlobal( 6085): Camera 9 is not present. Ignore physical camera status change
11-06 23:02:34.460 E/CameraManagerGlobal( 4150): Camera 6 is not present. Ignore physical camera status change
11-06 23:02:34.460 E/CameraManagerGlobal( 4150): Camera 9 is not present. Ignore physical camera status change
11-06 23:02:34.460 D/CompatibilityInfo( 1820): mCompatibilityFlags - 0
11-06 23:02:34.460 D/CompatibilityInfo( 1820): applicationDensity - 440
11-06 23:02:34.460 D/CompatibilityInfo( 1820): applicationScale - 1.0
11-06 23:02:34.460 I/AiAiEcho( 3844): #postPredictionTargets: Sending updates to UISurface home with targets# 2 (types=[1, 61])
11-06 23:02:34.461 D/SsBaseTemplateCard( 2880): No text view can be set up
11-06 23:02:34.461 I/SsBaseTemplateCard( 2880): setFormattedContentDescription: text=10°C, iconDescription=Mayormente nublado, contentDescription=Mayormente nublado, 10°C
11-06 23:02:34.461 D/SsBaseTemplateCard( 2880): Passed-in item info is null
11-06 23:02:34.461 D/SsBaseTemplateCard( 2880): Passed-in item info is null
11-06 23:02:34.461 I/SsBaseTemplateCard( 2880): Secondary card pane is null
11-06 23:02:34.461 I/SsBaseTemplateCard( 2880): setFormattedContentDescription: text=Lluvias de poca intensidad, iconDescription=Lluvias de poca intensidad, contentDescription=Lluvias de poca intensidad, Lluvias de poca intensidad
11-06 23:02:34.462 D/SsBaseTemplateCard( 2880): Passed-in item info is null
11-06 23:02:34.462 D/SsBaseTemplateCard( 2880): Passed-in item info is null
11-06 23:02:34.462 D/CAM_ActivityBase(17028): onCameraAvailable: 0
11-06 23:02:34.463 I/CAM_PerformanceManager(17028): [P_PERFORM]: Event: CAMERA_CLOSE_162_0 takes 118 ms
11-06 23:02:34.463 I/CAM_PerformanceManager(17028): [P_PERFORM]: Event: CAMERA_CLOSE takes 118 is less than 2000
11-06 23:02:34.463 D/CAM_MiCameraSurfaceManager(17028): close imageReader android.media.ImageReader@b7709d7
11-06 23:02:34.463 V/CAM_MiCamera2(17028): E: reset
11-06 23:02:34.463 V/CAM_MiCamera2(17028): reset: hashcode:null
11-06 23:02:34.463 V/CAM_MiCamera2(17028): X: reset
11-06 23:02:34.463 I/CAM_MiCamera2(17028): [K_PROCESS]: X: close: cameraId = 0
11-06 23:02:34.463 I/CAM_CloseCameraCallable(17028): [K_PROCESS]: X: closeCamera: cid = null, excludes = []
11-06 23:02:34.463 D/CAM_CloseCameraCallable(17028): X: cid: null (dur: 130)
11-06 23:02:34.463 D/CAM_CloseCameraCallable(17028): postCallback
11-06 23:02:34.463 D/CAM_OpenCameraCallable(17028): E: cid: 0
11-06 23:02:34.463 D/CAM_CloseCameraCallable(17028): Success: cid: null (dur: 130)
11-06 23:02:34.463 I/CAM_OpenCameraCallable(17028): [K_PROCESS]: Busy in closing 0, postpone open request 0
11-06 23:02:34.464 D/CAM_OpenCameraCallable(17028): X: cid: 0 (dur: 0)
11-06 23:02:34.464 D/CAM_OpenCameraCallable(17028): postCallback
11-06 23:02:34.464 D/CAM_OpenCameraCallable(17028): Success: cid: 0 (dur: 1)
11-06 23:02:34.464 I/CAM_CameraStateCallback(17028): [K_PROCESS]: onClosed: cid = 0, closing = true
11-06 23:02:34.464 D/CAM_OpenCameraCallable(17028): E: cid: 0
11-06 23:02:34.464 D/CAM_CameraOpenObservable(17028): onClosed: cid = 0, listener = 61941725
11-06 23:02:34.464 D/CAM_Camera2OpenManager(17028): onClosed: cid = 0|android.hardware.camera2.impl.CameraDeviceImpl@ec2a357
11-06 23:02:34.464 I/CAM_PerformanceManager(17028): [P_PERFORM]: Action: 1:createActivity2openCamera has never call startAction before
11-06 23:02:34.464 I/CAM_OpenCameraCallable(17028): [K_PROCESS]: openCamera: retries = 0
11-06 23:02:34.464 I/CAM_OpenCameraCallable(17028): [K_PROCESS]: openCamera: E: cid = 0
11-06 23:02:34.466 D/Camera3-Utils( 1555): Set real time priority for thread (tid 3983)
11-06 23:02:34.466 I/CameraService( 1555): CameraService::connect call (PID 17028 "com.android.camera", camera ID 0) and Camera API version 2
11-06 23:02:34.467 I/Camera2ClientBase( 1555): Camera 0: Opened. Client: com.android.camera (PID 17028, UID 10586)
11-06 23:02:34.467 I/CameraDeviceClient( 1555): CameraDeviceClient 0: Opened
11-06 23:02:34.467 I/CameraService( 1555): makeClient: Camera2 API, rotationOverride 0
11-06 23:02:34.467 D/CameraService( 1555): notifyCameraOpening: Bypassing checkOp for uid 10586
11-06 23:02:34.468 I/CameraService( 1555): onTorchStatusChangedLocked: Torch status changed for cameraId=0, newStatus=0
11-06 23:02:34.468 E/CameraManagerGlobal( 1820): Camera 5 is not present. Ignore physical camera status change
11-06 23:02:34.468 E/CameraManagerGlobal( 3844): Camera 5 is not present. Ignore physical camera status change
11-06 23:02:34.468 E/CameraManagerGlobal( 1820): Camera 6 is not present. Ignore physical camera status change
11-06 23:02:34.468 E/CameraManagerGlobal( 3844): Camera 6 is not present. Ignore physical camera status change
11-06 23:02:34.468 E/CameraManagerGlobal( 1820): Camera 9 is not present. Ignore physical camera status change
11-06 23:02:34.468 E/CameraManagerGlobal( 2614): Camera 5 is not present. Ignore physical camera status change
11-06 23:02:34.468 E/CameraManagerGlobal( 3844): Camera 9 is not present. Ignore physical camera status change
11-06 23:02:34.468 E/CameraManagerGlobal( 2614): Camera 6 is not present. Ignore physical camera status change
11-06 23:02:34.468 E/CameraManagerGlobal( 2614): Camera 9 is not present. Ignore physical camera status change
11-06 23:02:34.468 E/CameraManagerGlobal( 4150): Camera 5 is not present. Ignore physical camera status change
11-06 23:02:34.468 E/CameraManagerGlobal( 4150): Camera 6 is not present. Ignore physical camera status change
11-06 23:02:34.468 E/CameraManagerGlobal( 6085): Camera 5 is not present. Ignore physical camera status change
11-06 23:02:34.468 E/CameraManagerGlobal( 4150): Camera 9 is not present. Ignore physical camera status change
11-06 23:02:34.468 E/CameraManagerGlobal( 6085): Camera 6 is not present. Ignore physical camera status change
11-06 23:02:34.468 E/CameraManagerGlobal( 6085): Camera 9 is not present. Ignore physical camera status change
11-06 23:02:34.469 D/CAM_ActivityBase(17028): onCameraUnavailable: 0
11-06 23:02:34.469 D/FlashlightController( 2614): dispatchAvailabilityChanged(false)
11-06 23:02:34.470 I/AiAiEcho( 3844): Settings changed for uri: content://settings/secure/flashlight_available
11-06 23:02:34.471 I/AiAiEcho( 3844): Predicting[7]: { Feature:1, creation:2025-11-07T02:00:00Z, expiry:2025-11-07T02:00:00Z, isExpired: true}, { Feature:1, creation:2025-11-07T00:00:00Z, expiry:2025-11-07T00:00:00Z, isExpired: true}, { Feature:1, creation:2025-11-07T01:00:00Z, expiry:2025-11-07T01:00:00Z, isExpired: true}, { Feature:1, creation:2025-11-06T22:00:00Z, expiry:2025-11-06T23:00:00Z, isExpired: false}, { Feature:61, creation:2025-11-06T19:30:31.710Z, expiry:2025-11-06T22:59:59.999Z, isExpired: false}, { Feature:1, creation:2025-11-06T23:00:00Z, expiry:2025-11-06T23:00:00Z, isExpired: true}, { Feature:1, creation:2025-11-06T21:00:00Z, expiry:2025-11-06T22:00:00Z, isExpired: true} [CONTEXT sampling_count=5 ]
11-06 23:02:34.472 I/AiAiEcho( 3844): EchoTargets: Feature:1, Feature:61
11-06 23:02:34.472 I/AiAiEcho( 3844): Filtered by AiAi flag check: 
11-06 23:02:34.472 I/AiAiEcho( 3844): [CONTEXT ratelimit_period="10 SECONDS" ]
11-06 23:02:34.473 D/ApplicationLoaders(17202): Returning zygote-cached class loader: /system_ext/framework/androidx.window.extensions.jar
11-06 23:02:34.473 D/ApplicationLoaders(17202): Returning zygote-cached class loader: /system_ext/framework/androidx.window.sidecar.jar
11-06 23:02:34.473 D/ApplicationLoaders(17202): Returning zygote-cached class loader: /system/framework/org.apache.http.legacy.jar
11-06 23:02:34.473 I/AiAiEcho( 3844): #tapActionTwiddler: keeps UiSurface.ALL TapAction for: PrimaryItem in the surface: home for the cardId: WEATHER_TOMORROW_FORECAST-20399
11-06 23:02:34.473 I/AiAiEcho( 3844): #weatherSubItemsTwiddler: Weather removes SubtitleSupplementalItem in surface: home [CONTEXT ratelimit_period="10 SECONDS" ]
11-06 23:02:34.473 I/AiAiEcho( 3844): #remoteViewsTwiddler: feature disabled.
11-06 23:02:34.474 D/SsBaseTemplateCard( 2880): No text view can be set up
11-06 23:02:34.475 I/SsBaseTemplateCard( 2880): setFormattedContentDescription: text=10°C, iconDescription=Mayormente nublado, contentDescription=Mayormente nublado, 10°C
11-06 23:02:34.475 D/SsBaseTemplateCard( 2880): Passed-in item info is null
11-06 23:02:34.475 D/SsBaseTemplateCard( 2880): Passed-in item info is null
11-06 23:02:34.475 I/SsBaseTemplateCard( 2880): Secondary card pane is null
11-06 23:02:34.475 I/SsBaseTemplateCard( 2880): setFormattedContentDescription: text=Lluvias de poca intensidad, iconDescription=Lluvias de poca intensidad, contentDescription=Lluvias de poca intensidad, Lluvias de poca intensidad
11-06 23:02:34.475 D/SsBaseTemplateCard( 2880): Passed-in item info is null
11-06 23:02:34.475 D/SsBaseTemplateCard( 2880): Passed-in item info is null
11-06 23:02:34.476 I/AiAiEcho( 3844): #postPredictionTargets: Sending updates to UISurface home with targets# 2 (types=[1, 61])
11-06 23:02:34.483 I/CameraProviderManager( 1555): Camera device device@3.5/legacy/0 torch status is now NOT_AVAILABLE
11-06 23:02:34.483 I/CameraService( 1555): onTorchStatusChangedLocked: Torch status changed for cameraId=0, newStatus=0
11-06 23:02:34.483 I/CameraProviderManager( 1555): Camera device device@3.5/legacy/1 torch status is now NOT_AVAILABLE
11-06 23:02:34.483 I/CameraService( 1555): onTorchStatusChangedLocked: Torch status changed for cameraId=1, newStatus=0
11-06 23:02:34.483 E/CameraService( 1555): onTorchStatusChangedLocked: cannot get torch status of camera 1: No such file or directory (-2)
11-06 23:02:34.483 I/CameraProviderManager( 1555): Camera device device@3.5/legacy/2 torch status is now NOT_AVAILABLE
11-06 23:02:34.483 I/CameraService( 1555): onTorchStatusChangedLocked: Torch status changed for cameraId=2, newStatus=0
11-06 23:02:34.483 W/CameraManagerGlobal( 2614): ignore the torch status update of camera: 2
11-06 23:02:34.483 I/CameraProviderManager( 1555): Camera device device@3.5/legacy/3 torch status is now NOT_AVAILABLE
11-06 23:02:34.483 I/CameraService( 1555): onTorchStatusChangedLocked: Torch status changed for cameraId=3, newStatus=0
11-06 23:02:34.483 W/CameraManagerGlobal( 2614): ignore the torch status update of camera: 3
11-06 23:02:34.483 W/CameraManagerGlobal( 4150): ignore the torch status update of camera: 2
11-06 23:02:34.483 W/CameraManagerGlobal( 6085): ignore the torch status update of camera: 2
11-06 23:02:34.484 I/CameraProviderManager( 1555): Camera device device@3.5/legacy/4 torch status is now NOT_AVAILABLE
11-06 23:02:34.484 W/CameraManagerGlobal( 6085): ignore the torch status update of camera: 3
11-06 23:02:34.484 W/CameraManagerGlobal( 3844): ignore the torch status update of camera: 2
11-06 23:02:34.484 W/CameraManagerGlobal( 1820): ignore the torch status update of camera: 2
11-06 23:02:34.484 I/CameraService( 1555): onTorchStatusChangedLocked: Torch status changed for cameraId=4, newStatus=0
11-06 23:02:34.484 W/CameraManagerGlobal( 4150): ignore the torch status update of camera: 3
11-06 23:02:34.484 W/CameraManagerGlobal( 1820): ignore the torch status update of camera: 3
11-06 23:02:34.484 W/CameraManagerGlobal( 3844): ignore the torch status update of camera: 3
11-06 23:02:34.484 W/CameraManagerGlobal( 1820): ignore the torch status update of camera: 4
11-06 23:02:34.484 W/CameraManagerGlobal( 3844): ignore the torch status update of camera: 4
11-06 23:02:34.484 W/CameraManagerGlobal( 6085): ignore the torch status update of camera: 4
11-06 23:02:34.484 I/CameraProviderManager( 1555): Camera device device@3.5/legacy/5 torch status is now NOT_AVAILABLE
11-06 23:02:34.484 I/CameraService( 1555): onTorchStatusChangedLocked: Torch status changed for cameraId=5, newStatus=0
11-06 23:02:34.484 W/CameraManagerGlobal( 2614): ignore the torch status update of camera: 4
11-06 23:02:34.484 W/CameraManagerGlobal( 4150): ignore the torch status update of camera: 4
11-06 23:02:34.484 W/CameraManagerGlobal( 2614): ignore the torch status update of camera: 5
11-06 23:02:34.484 W/CameraManagerGlobal( 3844): ignore the torch status update of camera: 5
11-06 23:02:34.484 W/CameraManagerGlobal( 1820): ignore the torch status update of camera: 5
11-06 23:02:34.484 W/CameraManagerGlobal( 4150): ignore the torch status update of camera: 5
