11-07 12:29:21.944 D/CCodecConfig( 1561):   c2::u32 coding.request-sync-frame.value = 0
11-07 12:29:21.944 D/CCodecConfig( 1561):   c2::i64 coding.sync-frame-interval.value = 1000000
11-07 12:29:21.944 D/CCodecConfig( 1561):   c2::u32 input.delay.value = 0
11-07 12:29:21.944 D/CCodecConfig( 1561):   string input.media-type.value = "video/raw"
11-07 12:29:21.944 D/CCodecConfig( 1561):   string output.media-type.value = "video/avc"
11-07 12:29:21.944 D/CCodecConfig( 1561):   c2::u32 raw.color.matrix = 0
11-07 12:29:21.944 D/CCodecConfig( 1561):   c2::u32 raw.color.primaries = 0
11-07 12:29:21.944 D/CCodecConfig( 1561):   c2::u32 raw.color.range = 0
11-07 12:29:21.944 D/CCodecConfig( 1561):   c2::u32 raw.color.transfer = 0
11-07 12:29:21.944 D/CCodecConfig( 1561):   c2::u32 raw.size.height = 16
11-07 12:29:21.944 D/CCodecConfig( 1561):   c2::u32 raw.size.width = 16
11-07 12:29:21.944 D/CCodecConfig( 1561): }
11-07 12:29:21.947 D/CCodec  ( 1561): [c2.android.avc.encoder] buffers are bound to CCodec for this session
11-07 12:29:21.947 D/CCodecConfig( 1561): no c2 equivalents for stride
11-07 12:29:21.947 D/CCodecConfig( 1561): no c2 equivalents for slice-height
11-07 12:29:21.947 D/CCodecConfig( 1561): no c2 equivalents for color-format
11-07 12:29:21.947 D/CCodecConfig( 1561): no c2 equivalents for create-input-buffers-suspended
11-07 12:29:21.947 D/CCodecConfig( 1561): no c2 equivalents for flags
11-07 12:29:21.947 D/CCodecConfig( 1561): no c2 equivalents for encoder
11-07 12:29:21.948 D/CCodecConfig( 1561): Bad parameter value
11-07 12:29:21.948 D/CCodecConfig( 1561): c2 config diff is   c2::u32 coded.bitrate.value = 50000000
11-07 12:29:21.948 D/CCodecConfig( 1561):   c2::float coded.frame-rate.value = 30
11-07 12:29:21.948 D/CCodecConfig( 1561):   c2::u32 coded.pl.profile = 20482
11-07 12:29:21.948 D/CCodecConfig( 1561):   c2::u32 raw.size.height = 2160
11-07 12:29:21.949 W/CCodec  ( 1561): failed to configure c2 params
11-07 12:29:21.951 D/CCodec  ( 1561): allocate(c2.android.avc.encoder)
11-07 12:29:21.952 I/CCodec  ( 1561): Created component [c2.android.avc.encoder] for [c2.android.avc.encoder]
11-07 12:29:21.952 D/CCodecConfig( 1561): read media type: video/avc
11-07 12:29:21.957 D/CCodecConfig( 1561): ignoring local param raw.color (0xc2001809) as it is already supported
11-07 12:29:21.958 I/CCodecConfig( 1561): query failed after returning 13 values (BAD_INDEX)
11-07 12:29:21.959 D/CCodecConfig( 1561): c2 config diff is Dict {
11-07 12:29:21.959 D/CCodecConfig( 1561):   c2::u32 algo.bitrate-mode.value = 3
11-07 12:29:21.959 D/CCodecConfig( 1561):   c2::i32 coded.average-qp.value = 0
11-07 12:29:21.959 D/CCodecConfig( 1561):   c2::u32 coded.bitrate.value = 64000
11-07 12:29:21.959 D/CCodecConfig( 1561):   c2::float coded.frame-rate.value = 1
11-07 12:29:21.959 D/CCodecConfig( 1561):   c2::u32 coded.picture-type.value = 0
11-07 12:29:21.959 D/CCodecConfig( 1561):   c2::u32 coded.pl.level = 20492
11-07 12:29:21.959 D/CCodecConfig( 1561):   c2::u32 coded.pl.profile = 20481
11-07 12:29:21.959 D/CCodecConfig( 1561):   c2::u32 coded.vui.color.matrix = 0
11-07 12:29:21.959 D/CCodecConfig( 1561):   c2::u32 coded.vui.color.primaries = 0
11-07 12:29:21.959 D/CCodecConfig( 1561):   c2::u32 coded.vui.color.range = 0
11-07 12:29:21.959 D/CCodecConfig( 1561):   c2::u32 coded.vui.color.transfer = 0
11-07 12:29:21.959 D/CCodecConfig( 1561):   c2::u32 coding.intra-refresh.mode = 0
11-07 12:29:21.959 D/CCodecConfig( 1561):   c2::float coding.intra-refresh.period = 0
11-07 12:29:21.959 D/CCodecConfig( 1561):   c2::u32 coding.request-sync-frame.value = 0
11-07 12:29:21.959 D/CCodecConfig( 1561):   c2::i64 coding.sync-frame-interval.value = 1000000
11-07 12:29:21.959 D/CCodecConfig( 1561):   c2::u32 input.delay.value = 0
11-07 12:29:21.959 D/CCodecConfig( 1561):   string input.media-type.value = "video/raw"
11-07 12:29:21.959 D/CCodecConfig( 1561):   string output.media-type.value = "video/avc"
11-07 12:29:21.959 D/CCodecConfig( 1561):   c2::u32 raw.color.matrix = 0
11-07 12:29:21.959 D/CCodecConfig( 1561):   c2::u32 raw.color.primaries = 0
11-07 12:29:21.959 D/CCodecConfig( 1561):   c2::u32 raw.color.range = 0
11-07 12:29:21.959 D/CCodecConfig( 1561):   c2::u32 raw.color.transfer = 0
11-07 12:29:21.959 D/CCodecConfig( 1561):   c2::u32 raw.size.height = 16
11-07 12:29:21.959 D/CCodecConfig( 1561):   c2::u32 raw.size.width = 16
11-07 12:29:21.959 D/CCodecConfig( 1561): }
11-07 12:29:21.964 E/StagefrightRecorder( 1561): Failed to create video encoder
11-07 12:29:21.967 W/StagefrightRecorder( 1561): stop while neither recording nor paused
11-07 12:29:21.968 W/StagefrightRecorder( 1561): stop while neither recording nor paused
11-07 12:29:21.968 W/StagefrightRecorder( 1561): stop while neither recording nor paused
11-07 12:29:22.272 D/CCodec  (26459): hidl based PersistentSurface created
11-07 12:29:22.272 W/StagefrightRecorder( 1561): stop while neither recording nor paused
11-07 12:29:22.280 W/StagefrightRecorder( 1561): Max file duration is not positive: 0 us. Disabling duration limit.
11-07 12:29:22.280 W/StagefrightRecorder( 1561): Target duration (0 us) too short to be respected
11-07 12:29:22.280 E/StagefrightRecorder( 1561): setParameter: failed to find key video-param-encoding-bframe
11-07 12:29:22.287 D/CCodec  ( 1561): allocate(c2.android.avc.encoder)
11-07 12:29:22.291 I/CCodec  ( 1561): Created component [c2.android.avc.encoder] for [c2.android.avc.encoder]
11-07 12:29:22.292 D/CCodecConfig( 1561): read media type: video/avc
11-07 12:29:22.298 D/CCodecConfig( 1561): ignoring local param raw.color (0xc2001809) as it is already supported
11-07 12:29:22.300 I/CCodecConfig( 1561): query failed after returning 13 values (BAD_INDEX)
11-07 12:29:22.300 D/CCodecConfig( 1561): c2 config diff is Dict {
11-07 12:29:22.300 D/CCodecConfig( 1561):   c2::u32 algo.bitrate-mode.value = 3
11-07 12:29:22.300 D/CCodecConfig( 1561):   c2::i32 coded.average-qp.value = 0
11-07 12:29:22.300 D/CCodecConfig( 1561):   c2::u32 coded.bitrate.value = 64000
11-07 12:29:22.300 D/CCodecConfig( 1561):   c2::float coded.frame-rate.value = 1
11-07 12:29:22.300 D/CCodecConfig( 1561):   c2::u32 coded.picture-type.value = 0
11-07 12:29:22.300 D/CCodecConfig( 1561):   c2::u32 coded.pl.level = 20492
11-07 12:29:22.300 D/CCodecConfig( 1561):   c2::u32 coded.pl.profile = 20481
11-07 12:29:22.300 D/CCodecConfig( 1561):   c2::u32 coded.vui.color.matrix = 0
11-07 12:29:22.300 D/CCodecConfig( 1561):   c2::u32 coded.vui.color.primaries = 0
11-07 12:29:22.300 D/CCodecConfig( 1561):   c2::u32 coded.vui.color.range = 0
11-07 12:29:22.300 D/CCodecConfig( 1561):   c2::u32 coded.vui.color.transfer = 0
11-07 12:29:22.300 D/CCodecConfig( 1561):   c2::u32 coding.intra-refresh.mode = 0
11-07 12:29:22.300 D/CCodecConfig( 1561):   c2::float coding.intra-refresh.period = 0
11-07 12:29:22.300 D/CCodecConfig( 1561):   c2::u32 coding.request-sync-frame.value = 0
11-07 12:29:22.300 D/CCodecConfig( 1561):   c2::i64 coding.sync-frame-interval.value = 1000000
11-07 12:29:22.300 D/CCodecConfig( 1561):   c2::u32 input.delay.value = 0
11-07 12:29:22.300 D/CCodecConfig( 1561):   string input.media-type.value = "video/raw"
11-07 12:29:22.300 D/CCodecConfig( 1561):   string output.media-type.value = "video/avc"
11-07 12:29:22.300 D/CCodecConfig( 1561):   c2::u32 raw.color.matrix = 0
11-07 12:29:22.300 D/CCodecConfig( 1561):   c2::u32 raw.color.primaries = 0
11-07 12:29:22.300 D/CCodecConfig( 1561):   c2::u32 raw.color.range = 0
11-07 12:29:22.300 D/CCodecConfig( 1561):   c2::u32 raw.color.transfer = 0
11-07 12:29:22.300 D/CCodecConfig( 1561):   c2::u32 raw.size.height = 16
11-07 12:29:22.300 D/CCodecConfig( 1561):   c2::u32 raw.size.width = 16
11-07 12:29:22.300 D/CCodecConfig( 1561): }
11-07 12:29:22.305 D/CCodec  ( 1561): [c2.android.avc.encoder] buffers are bound to CCodec for this session
11-07 12:29:22.305 D/CCodecConfig( 1561): no c2 equivalents for stride
11-07 12:29:22.305 D/CCodecConfig( 1561): no c2 equivalents for slice-height
11-07 12:29:22.305 D/CCodecConfig( 1561): no c2 equivalents for color-format
11-07 12:29:22.305 D/CCodecConfig( 1561): no c2 equivalents for create-input-buffers-suspended
11-07 12:29:22.305 D/CCodecConfig( 1561): no c2 equivalents for flags
11-07 12:29:22.305 D/CCodecConfig( 1561): no c2 equivalents for encoder
11-07 12:29:22.306 D/CCodecConfig( 1561): Bad parameter value
11-07 12:29:22.306 D/CCodecConfig( 1561): c2 config diff is   c2::u32 coded.bitrate.value = 50000000
11-07 12:29:22.306 D/CCodecConfig( 1561):   c2::float coded.frame-rate.value = 30
11-07 12:29:22.306 D/CCodecConfig( 1561):   c2::u32 coded.pl.profile = 20482
11-07 12:29:22.306 D/CCodecConfig( 1561):   c2::u32 raw.size.height = 2160
11-07 12:29:22.307 W/CCodec  ( 1561): failed to configure c2 params
11-07 12:29:22.310 D/CCodec  ( 1561): allocate(c2.android.avc.encoder)
11-07 12:29:22.313 I/CCodec  ( 1561): Created component [c2.android.avc.encoder] for [c2.android.avc.encoder]
11-07 12:29:22.314 D/CCodecConfig( 1561): read media type: video/avc
11-07 12:29:22.319 D/CCodecConfig( 1561): ignoring local param raw.color (0xc2001809) as it is already supported
11-07 12:29:22.320 I/CCodecConfig( 1561): query failed after returning 13 values (BAD_INDEX)
11-07 12:29:22.321 D/CCodecConfig( 1561): c2 config diff is Dict {
11-07 12:29:22.321 D/CCodecConfig( 1561):   c2::u32 algo.bitrate-mode.value = 3
11-07 12:29:22.321 D/CCodecConfig( 1561):   c2::i32 coded.average-qp.value = 0
11-07 12:29:22.321 D/CCodecConfig( 1561):   c2::u32 coded.bitrate.value = 64000
11-07 12:29:22.321 D/CCodecConfig( 1561):   c2::float coded.frame-rate.value = 1
11-07 12:29:22.321 D/CCodecConfig( 1561):   c2::u32 coded.picture-type.value = 0
11-07 12:29:22.321 D/CCodecConfig( 1561):   c2::u32 coded.pl.level = 20492
11-07 12:29:22.321 D/CCodecConfig( 1561):   c2::u32 coded.pl.profile = 20481
11-07 12:29:22.321 D/CCodecConfig( 1561):   c2::u32 coded.vui.color.matrix = 0
11-07 12:29:22.321 D/CCodecConfig( 1561):   c2::u32 coded.vui.color.primaries = 0
11-07 12:29:22.321 D/CCodecConfig( 1561):   c2::u32 coded.vui.color.range = 0
11-07 12:29:22.321 D/CCodecConfig( 1561):   c2::u32 coded.vui.color.transfer = 0
11-07 12:29:22.321 D/CCodecConfig( 1561):   c2::u32 coding.intra-refresh.mode = 0
11-07 12:29:22.321 D/CCodecConfig( 1561):   c2::float coding.intra-refresh.period = 0
11-07 12:29:22.321 D/CCodecConfig( 1561):   c2::u32 coding.request-sync-frame.value = 0
11-07 12:29:22.321 D/CCodecConfig( 1561):   c2::i64 coding.sync-frame-interval.value = 1000000
11-07 12:29:22.321 D/CCodecConfig( 1561):   c2::u32 input.delay.value = 0
11-07 12:29:22.321 D/CCodecConfig( 1561):   string input.media-type.value = "video/raw"
11-07 12:29:22.321 D/CCodecConfig( 1561):   string output.media-type.value = "video/avc"
11-07 12:29:22.321 D/CCodecConfig( 1561):   c2::u32 raw.color.matrix = 0
11-07 12:29:22.321 D/CCodecConfig( 1561):   c2::u32 raw.color.primaries = 0
11-07 12:29:22.321 D/CCodecConfig( 1561):   c2::u32 raw.color.range = 0
11-07 12:29:22.321 D/CCodecConfig( 1561):   c2::u32 raw.color.transfer = 0
11-07 12:29:22.321 D/CCodecConfig( 1561):   c2::u32 raw.size.height = 16
11-07 12:29:22.321 D/CCodecConfig( 1561):   c2::u32 raw.size.width = 16
11-07 12:29:22.321 D/CCodecConfig( 1561): }
11-07 12:29:22.324 E/StagefrightRecorder( 1561): Failed to create video encoder
11-07 12:29:22.330 W/StagefrightRecorder( 1561): stop while neither recording nor paused
11-07 12:29:22.332 W/StagefrightRecorder( 1561): stop while neither recording nor paused
11-07 12:29:22.332 W/StagefrightRecorder( 1561): stop while neither recording nor paused
11-07 12:29:22.629 D/CCodec  (26459): hidl based PersistentSurface created
11-07 12:29:22.630 W/StagefrightRecorder( 1561): stop while neither recording nor paused
11-07 12:29:22.636 W/StagefrightRecorder( 1561): Max file duration is not positive: 0 us. Disabling duration limit.
11-07 12:29:22.636 W/StagefrightRecorder( 1561): Target duration (0 us) too short to be respected
11-07 12:29:22.636 E/StagefrightRecorder( 1561): setParameter: failed to find key video-param-encoding-bframe
11-07 12:29:22.639 D/CCodec  ( 1561): allocate(c2.android.avc.encoder)
11-07 12:29:22.644 I/CCodec  ( 1561): Created component [c2.android.avc.encoder] for [c2.android.avc.encoder]
11-07 12:29:22.644 D/CCodecConfig( 1561): read media type: video/avc
11-07 12:29:22.647 D/CCodecConfig( 1561): ignoring local param raw.color (0xc2001809) as it is already supported
11-07 12:29:22.647 I/CCodecConfig( 1561): query failed after returning 13 values (BAD_INDEX)
11-07 12:29:22.647 D/CCodecConfig( 1561): c2 config diff is Dict {
11-07 12:29:22.647 D/CCodecConfig( 1561):   c2::u32 algo.bitrate-mode.value = 3
11-07 12:29:22.647 D/CCodecConfig( 1561):   c2::i32 coded.average-qp.value = 0
11-07 12:29:22.647 D/CCodecConfig( 1561):   c2::u32 coded.bitrate.value = 64000
11-07 12:29:22.647 D/CCodecConfig( 1561):   c2::float coded.frame-rate.value = 1
11-07 12:29:22.647 D/CCodecConfig( 1561):   c2::u32 coded.picture-type.value = 0
11-07 12:29:22.647 D/CCodecConfig( 1561):   c2::u32 coded.pl.level = 20492
11-07 12:29:22.647 D/CCodecConfig( 1561):   c2::u32 coded.pl.profile = 20481
11-07 12:29:22.647 D/CCodecConfig( 1561):   c2::u32 coded.vui.color.matrix = 0
11-07 12:29:22.647 D/CCodecConfig( 1561):   c2::u32 coded.vui.color.primaries = 0
11-07 12:29:22.647 D/CCodecConfig( 1561):   c2::u32 coded.vui.color.range = 0
11-07 12:29:22.647 D/CCodecConfig( 1561):   c2::u32 coded.vui.color.transfer = 0
11-07 12:29:22.647 D/CCodecConfig( 1561):   c2::u32 coding.intra-refresh.mode = 0
11-07 12:29:22.647 D/CCodecConfig( 1561):   c2::float coding.intra-refresh.period = 0
11-07 12:29:22.647 D/CCodecConfig( 1561):   c2::u32 coding.request-sync-frame.value = 0
11-07 12:29:22.647 D/CCodecConfig( 1561):   c2::i64 coding.sync-frame-interval.value = 1000000
11-07 12:29:22.647 D/CCodecConfig( 1561):   c2::u32 input.delay.value = 0
11-07 12:29:22.647 D/CCodecConfig( 1561):   string input.media-type.value = "video/raw"
11-07 12:29:22.647 D/CCodecConfig( 1561):   string output.media-type.value = "video/avc"
11-07 12:29:22.647 D/CCodecConfig( 1561):   c2::u32 raw.color.matrix = 0
11-07 12:29:22.647 D/CCodecConfig( 1561):   c2::u32 raw.color.primaries = 0
11-07 12:29:22.647 D/CCodecConfig( 1561):   c2::u32 raw.color.range = 0
11-07 12:29:22.647 D/CCodecConfig( 1561):   c2::u32 raw.color.transfer = 0
11-07 12:29:22.647 D/CCodecConfig( 1561):   c2::u32 raw.size.height = 16
11-07 12:29:22.647 D/CCodecConfig( 1561):   c2::u32 raw.size.width = 16
11-07 12:29:22.647 D/CCodecConfig( 1561): }
11-07 12:29:22.649 D/CCodec  ( 1561): [c2.android.avc.encoder] buffers are bound to CCodec for this session
11-07 12:29:22.649 D/CCodecConfig( 1561): no c2 equivalents for stride
11-07 12:29:22.649 D/CCodecConfig( 1561): no c2 equivalents for slice-height
11-07 12:29:22.649 D/CCodecConfig( 1561): no c2 equivalents for color-format
11-07 12:29:22.649 D/CCodecConfig( 1561): no c2 equivalents for create-input-buffers-suspended
11-07 12:29:22.649 D/CCodecConfig( 1561): no c2 equivalents for flags
11-07 12:29:22.649 D/CCodecConfig( 1561): no c2 equivalents for encoder
11-07 12:29:22.650 D/CCodecConfig( 1561): Bad parameter value
11-07 12:29:22.650 D/CCodecConfig( 1561): c2 config diff is   c2::u32 coded.bitrate.value = 50000000
11-07 12:29:22.650 D/CCodecConfig( 1561):   c2::float coded.frame-rate.value = 30
11-07 12:29:22.650 D/CCodecConfig( 1561):   c2::u32 coded.pl.profile = 20482
11-07 12:29:22.650 D/CCodecConfig( 1561):   c2::u32 raw.size.height = 2160
11-07 12:29:22.651 W/CCodec  ( 1561): failed to configure c2 params
11-07 12:29:22.655 D/CCodec  ( 1561): allocate(c2.android.avc.encoder)
11-07 12:29:22.659 I/CCodec  ( 1561): Created component [c2.android.avc.encoder] for [c2.android.avc.encoder]
11-07 12:29:22.659 D/CCodecConfig( 1561): read media type: video/avc
11-07 12:29:22.662 D/CCodecConfig( 1561): ignoring local param raw.color (0xc2001809) as it is already supported
11-07 12:29:22.663 I/CCodecConfig( 1561): query failed after returning 13 values (BAD_INDEX)
11-07 12:29:22.663 D/CCodecConfig( 1561): c2 config diff is Dict {
11-07 12:29:22.663 D/CCodecConfig( 1561):   c2::u32 algo.bitrate-mode.value = 3
11-07 12:29:22.663 D/CCodecConfig( 1561):   c2::i32 coded.average-qp.value = 0
11-07 12:29:22.663 D/CCodecConfig( 1561):   c2::u32 coded.bitrate.value = 64000
11-07 12:29:22.663 D/CCodecConfig( 1561):   c2::float coded.frame-rate.value = 1
11-07 12:29:22.663 D/CCodecConfig( 1561):   c2::u32 coded.picture-type.value = 0
11-07 12:29:22.663 D/CCodecConfig( 1561):   c2::u32 coded.pl.level = 20492
11-07 12:29:22.663 D/CCodecConfig( 1561):   c2::u32 coded.pl.profile = 20481
11-07 12:29:22.663 D/CCodecConfig( 1561):   c2::u32 coded.vui.color.matrix = 0
11-07 12:29:22.663 D/CCodecConfig( 1561):   c2::u32 coded.vui.color.primaries = 0
11-07 12:29:22.663 D/CCodecConfig( 1561):   c2::u32 coded.vui.color.range = 0
11-07 12:29:22.663 D/CCodecConfig( 1561):   c2::u32 coded.vui.color.transfer = 0
11-07 12:29:22.663 D/CCodecConfig( 1561):   c2::u32 coding.intra-refresh.mode = 0
11-07 12:29:22.663 D/CCodecConfig( 1561):   c2::float coding.intra-refresh.period = 0
11-07 12:29:22.663 D/CCodecConfig( 1561):   c2::u32 coding.request-sync-frame.value = 0
11-07 12:29:22.663 D/CCodecConfig( 1561):   c2::i64 coding.sync-frame-interval.value = 1000000
11-07 12:29:22.663 D/CCodecConfig( 1561):   c2::u32 input.delay.value = 0
11-07 12:29:22.663 D/CCodecConfig( 1561):   string input.media-type.value = "video/raw"
11-07 12:29:22.663 D/CCodecConfig( 1561):   string output.media-type.value = "video/avc"
11-07 12:29:22.663 D/CCodecConfig( 1561):   c2::u32 raw.color.matrix = 0
11-07 12:29:22.663 D/CCodecConfig( 1561):   c2::u32 raw.color.primaries = 0
11-07 12:29:22.663 D/CCodecConfig( 1561):   c2::u32 raw.color.range = 0
11-07 12:29:22.663 D/CCodecConfig( 1561):   c2::u32 raw.color.transfer = 0
11-07 12:29:22.663 D/CCodecConfig( 1561):   c2::u32 raw.size.height = 16
11-07 12:29:22.663 D/CCodecConfig( 1561):   c2::u32 raw.size.width = 16
11-07 12:29:22.663 D/CCodecConfig( 1561): }
11-07 12:29:22.667 E/StagefrightRecorder( 1561): Failed to create video encoder
11-07 12:29:22.670 W/StagefrightRecorder( 1561): stop while neither recording nor paused
11-07 12:29:22.671 W/StagefrightRecorder( 1561): stop while neither recording nor paused
11-07 12:29:22.671 W/StagefrightRecorder( 1561): stop while neither recording nor paused
11-07 12:29:22.960 D/CCodec  (26459): hidl based PersistentSurface created
11-07 12:29:22.960 W/StagefrightRecorder( 1561): stop while neither recording nor paused
11-07 12:29:22.967 W/StagefrightRecorder( 1561): Max file duration is not positive: 0 us. Disabling duration limit.
11-07 12:29:22.967 W/StagefrightRecorder( 1561): Target duration (0 us) too short to be respected
11-07 12:29:22.967 E/StagefrightRecorder( 1561): setParameter: failed to find key video-param-encoding-bframe
11-07 12:29:22.973 D/CCodec  ( 1561): allocate(c2.android.avc.encoder)
11-07 12:29:22.977 I/CCodec  ( 1561): Created component [c2.android.avc.encoder] for [c2.android.avc.encoder]
11-07 12:29:22.977 D/CCodecConfig( 1561): read media type: video/avc
11-07 12:29:22.984 D/CCodecConfig( 1561): ignoring local param raw.color (0xc2001809) as it is already supported
11-07 12:29:22.985 I/CCodecConfig( 1561): query failed after returning 13 values (BAD_INDEX)
11-07 12:29:22.985 D/CCodecConfig( 1561): c2 config diff is Dict {
11-07 12:29:22.985 D/CCodecConfig( 1561):   c2::u32 algo.bitrate-mode.value = 3
11-07 12:29:22.985 D/CCodecConfig( 1561):   c2::i32 coded.average-qp.value = 0
11-07 12:29:22.985 D/CCodecConfig( 1561):   c2::u32 coded.bitrate.value = 64000
11-07 12:29:22.985 D/CCodecConfig( 1561):   c2::float coded.frame-rate.value = 1
11-07 12:29:22.985 D/CCodecConfig( 1561):   c2::u32 coded.picture-type.value = 0
11-07 12:29:22.985 D/CCodecConfig( 1561):   c2::u32 coded.pl.level = 20492
11-07 12:29:22.985 D/CCodecConfig( 1561):   c2::u32 coded.pl.profile = 20481
11-07 12:29:22.985 D/CCodecConfig( 1561):   c2::u32 coded.vui.color.matrix = 0
11-07 12:29:22.985 D/CCodecConfig( 1561):   c2::u32 coded.vui.color.primaries = 0
11-07 12:29:22.985 D/CCodecConfig( 1561):   c2::u32 coded.vui.color.range = 0
11-07 12:29:22.985 D/CCodecConfig( 1561):   c2::u32 coded.vui.color.transfer = 0
11-07 12:29:22.985 D/CCodecConfig( 1561):   c2::u32 coding.intra-refresh.mode = 0
11-07 12:29:22.985 D/CCodecConfig( 1561):   c2::float coding.intra-refresh.period = 0
11-07 12:29:22.985 D/CCodecConfig( 1561):   c2::u32 coding.request-sync-frame.value = 0
11-07 12:29:22.985 D/CCodecConfig( 1561):   c2::i64 coding.sync-frame-interval.value = 1000000
11-07 12:29:22.985 D/CCodecConfig( 1561):   c2::u32 input.delay.value = 0
11-07 12:29:22.985 D/CCodecConfig( 1561):   string input.media-type.value = "video/raw"
11-07 12:29:22.985 D/CCodecConfig( 1561):   string output.media-type.value = "video/avc"
11-07 12:29:22.985 D/CCodecConfig( 1561):   c2::u32 raw.color.matrix = 0
11-07 12:29:22.985 D/CCodecConfig( 1561):   c2::u32 raw.color.primaries = 0
11-07 12:29:22.985 D/CCodecConfig( 1561):   c2::u32 raw.color.range = 0
11-07 12:29:22.985 D/CCodecConfig( 1561):   c2::u32 raw.color.transfer = 0
11-07 12:29:22.985 D/CCodecConfig( 1561):   c2::u32 raw.size.height = 16
11-07 12:29:22.985 D/CCodecConfig( 1561):   c2::u32 raw.size.width = 16
11-07 12:29:22.985 D/CCodecConfig( 1561): }
11-07 12:29:22.988 D/CCodec  ( 1561): [c2.android.avc.encoder] buffers are bound to CCodec for this session
11-07 12:29:22.988 D/CCodecConfig( 1561): no c2 equivalents for stride
11-07 12:29:22.988 D/CCodecConfig( 1561): no c2 equivalents for slice-height
11-07 12:29:22.988 D/CCodecConfig( 1561): no c2 equivalents for color-format
11-07 12:29:22.988 D/CCodecConfig( 1561): no c2 equivalents for create-input-buffers-suspended
11-07 12:29:22.988 D/CCodecConfig( 1561): no c2 equivalents for flags
11-07 12:29:22.988 D/CCodecConfig( 1561): no c2 equivalents for encoder
11-07 12:29:22.989 D/CCodecConfig( 1561): Bad parameter value
11-07 12:29:22.989 D/CCodecConfig( 1561): c2 config diff is   c2::u32 coded.bitrate.value = 50000000
11-07 12:29:22.989 D/CCodecConfig( 1561):   c2::float coded.frame-rate.value = 30
11-07 12:29:22.989 D/CCodecConfig( 1561):   c2::u32 coded.pl.profile = 20482
11-07 12:29:22.989 D/CCodecConfig( 1561):   c2::u32 raw.size.height = 2160
11-07 12:29:22.990 W/CCodec  ( 1561): failed to configure c2 params
11-07 12:29:22.992 D/CCodec  ( 1561): allocate(c2.android.avc.encoder)
11-07 12:29:22.994 I/CCodec  ( 1561): Created component [c2.android.avc.encoder] for [c2.android.avc.encoder]
11-07 12:29:22.995 D/CCodecConfig( 1561): read media type: video/avc
11-07 12:29:23.000 D/CCodecConfig( 1561): ignoring local param raw.color (0xc2001809) as it is already supported
11-07 12:29:23.002 I/CCodecConfig( 1561): query failed after returning 13 values (BAD_INDEX)
11-07 12:29:23.002 D/CCodecConfig( 1561): c2 config diff is Dict {
11-07 12:29:23.002 D/CCodecConfig( 1561):   c2::u32 algo.bitrate-mode.value = 3
11-07 12:29:23.002 D/CCodecConfig( 1561):   c2::i32 coded.average-qp.value = 0
11-07 12:29:23.002 D/CCodecConfig( 1561):   c2::u32 coded.bitrate.value = 64000
11-07 12:29:23.002 D/CCodecConfig( 1561):   c2::float coded.frame-rate.value = 1
11-07 12:29:23.002 D/CCodecConfig( 1561):   c2::u32 coded.picture-type.value = 0
11-07 12:29:23.002 D/CCodecConfig( 1561):   c2::u32 coded.pl.level = 20492
11-07 12:29:23.002 D/CCodecConfig( 1561):   c2::u32 coded.pl.profile = 20481
11-07 12:29:23.002 D/CCodecConfig( 1561):   c2::u32 coded.vui.color.matrix = 0
11-07 12:29:23.002 D/CCodecConfig( 1561):   c2::u32 coded.vui.color.primaries = 0
11-07 12:29:23.002 D/CCodecConfig( 1561):   c2::u32 coded.vui.color.range = 0
11-07 12:29:23.002 D/CCodecConfig( 1561):   c2::u32 coded.vui.color.transfer = 0
11-07 12:29:23.002 D/CCodecConfig( 1561):   c2::u32 coding.intra-refresh.mode = 0
11-07 12:29:23.002 D/CCodecConfig( 1561):   c2::float coding.intra-refresh.period = 0
11-07 12:29:23.002 D/CCodecConfig( 1561):   c2::u32 coding.request-sync-frame.value = 0
11-07 12:29:23.002 D/CCodecConfig( 1561):   c2::i64 coding.sync-frame-interval.value = 1000000
11-07 12:29:23.002 D/CCodecConfig( 1561):   c2::u32 input.delay.value = 0
11-07 12:29:23.002 D/CCodecConfig( 1561):   string input.media-type.value = "video/raw"
11-07 12:29:23.002 D/CCodecConfig( 1561):   string output.media-type.value = "video/avc"
11-07 12:29:23.002 D/CCodecConfig( 1561):   c2::u32 raw.color.matrix = 0
11-07 12:29:23.002 D/CCodecConfig( 1561):   c2::u32 raw.color.primaries = 0
11-07 12:29:23.002 D/CCodecConfig( 1561):   c2::u32 raw.color.range = 0
11-07 12:29:23.002 D/CCodecConfig( 1561):   c2::u32 raw.color.transfer = 0
11-07 12:29:23.002 D/CCodecConfig( 1561):   c2::u32 raw.size.height = 16
11-07 12:29:23.002 D/CCodecConfig( 1561):   c2::u32 raw.size.width = 16
11-07 12:29:23.002 D/CCodecConfig( 1561): }
11-07 12:29:23.006 E/StagefrightRecorder( 1561): Failed to create video encoder
11-07 12:29:23.010 W/StagefrightRecorder( 1561): stop while neither recording nor paused
11-07 12:29:23.011 W/StagefrightRecorder( 1561): stop while neither recording nor paused
11-07 12:29:23.013 W/StagefrightRecorder( 1561): stop while neither recording nor paused
11-07 12:29:23.375 D/CCodec  (26459): hidl based PersistentSurface created
11-07 12:29:23.375 W/StagefrightRecorder( 1561): stop while neither recording nor paused
11-07 12:29:23.381 W/StagefrightRecorder( 1561): Max file duration is not positive: 0 us. Disabling duration limit.
11-07 12:29:23.381 W/StagefrightRecorder( 1561): Target duration (0 us) too short to be respected
11-07 12:29:23.381 E/StagefrightRecorder( 1561): setParameter: failed to find key video-param-encoding-bframe
11-07 12:29:23.384 D/CCodec  ( 1561): allocate(c2.android.avc.encoder)
11-07 12:29:23.389 I/CCodec  ( 1561): Created component [c2.android.avc.encoder] for [c2.android.avc.encoder]
11-07 12:29:23.389 D/CCodecConfig( 1561): read media type: video/avc
11-07 12:29:23.394 D/CCodecConfig( 1561): ignoring local param raw.color (0xc2001809) as it is already supported
11-07 12:29:23.395 I/CCodecConfig( 1561): query failed after returning 13 values (BAD_INDEX)
11-07 12:29:23.396 D/CCodecConfig( 1561): c2 config diff is Dict {
11-07 12:29:23.396 D/CCodecConfig( 1561):   c2::u32 algo.bitrate-mode.value = 3
11-07 12:29:23.396 D/CCodecConfig( 1561):   c2::i32 coded.average-qp.value = 0
11-07 12:29:23.396 D/CCodecConfig( 1561):   c2::u32 coded.bitrate.value = 64000
11-07 12:29:23.396 D/CCodecConfig( 1561):   c2::float coded.frame-rate.value = 1
11-07 12:29:23.396 D/CCodecConfig( 1561):   c2::u32 coded.picture-type.value = 0
11-07 12:29:23.396 D/CCodecConfig( 1561):   c2::u32 coded.pl.level = 20492
11-07 12:29:23.396 D/CCodecConfig( 1561):   c2::u32 coded.pl.profile = 20481
11-07 12:29:23.396 D/CCodecConfig( 1561):   c2::u32 coded.vui.color.matrix = 0
11-07 12:29:23.396 D/CCodecConfig( 1561):   c2::u32 coded.vui.color.primaries = 0
11-07 12:29:23.396 D/CCodecConfig( 1561):   c2::u32 coded.vui.color.range = 0
11-07 12:29:23.396 D/CCodecConfig( 1561):   c2::u32 coded.vui.color.transfer = 0
11-07 12:29:23.396 D/CCodecConfig( 1561):   c2::u32 coding.intra-refresh.mode = 0
11-07 12:29:23.396 D/CCodecConfig( 1561):   c2::float coding.intra-refresh.period = 0
11-07 12:29:23.396 D/CCodecConfig( 1561):   c2::u32 coding.request-sync-frame.value = 0
11-07 12:29:23.396 D/CCodecConfig( 1561):   c2::i64 coding.sync-frame-interval.value = 1000000
11-07 12:29:23.396 D/CCodecConfig( 1561):   c2::u32 input.delay.value = 0
11-07 12:29:23.396 D/CCodecConfig( 1561):   string input.media-type.value = "video/raw"
11-07 12:29:23.396 D/CCodecConfig( 1561):   string output.media-type.value = "video/avc"
11-07 12:29:23.396 D/CCodecConfig( 1561):   c2::u32 raw.color.matrix = 0
11-07 12:29:23.396 D/CCodecConfig( 1561):   c2::u32 raw.color.primaries = 0
11-07 12:29:23.396 D/CCodecConfig( 1561):   c2::u32 raw.color.range = 0
11-07 12:29:23.396 D/CCodecConfig( 1561):   c2::u32 raw.color.transfer = 0
11-07 12:29:23.396 D/CCodecConfig( 1561):   c2::u32 raw.size.height = 16
11-07 12:29:23.396 D/CCodecConfig( 1561):   c2::u32 raw.size.width = 16
11-07 12:29:23.396 D/CCodecConfig( 1561): }
11-07 12:29:23.398 D/CCodec  ( 1561): [c2.android.avc.encoder] buffers are bound to CCodec for this session
11-07 12:29:23.399 D/CCodecConfig( 1561): no c2 equivalents for stride
11-07 12:29:23.399 D/CCodecConfig( 1561): no c2 equivalents for slice-height
11-07 12:29:23.399 D/CCodecConfig( 1561): no c2 equivalents for color-format
11-07 12:29:23.399 D/CCodecConfig( 1561): no c2 equivalents for create-input-buffers-suspended
11-07 12:29:23.399 D/CCodecConfig( 1561): no c2 equivalents for flags
11-07 12:29:23.399 D/CCodecConfig( 1561): no c2 equivalents for encoder
11-07 12:29:23.399 D/CCodecConfig( 1561): Bad parameter value
11-07 12:29:23.400 D/CCodecConfig( 1561): c2 config diff is   c2::u32 coded.bitrate.value = 50000000
11-07 12:29:23.400 D/CCodecConfig( 1561):   c2::float coded.frame-rate.value = 30
11-07 12:29:23.400 D/CCodecConfig( 1561):   c2::u32 coded.pl.profile = 20482
11-07 12:29:23.400 D/CCodecConfig( 1561):   c2::u32 raw.size.height = 2160
11-07 12:29:23.400 W/CCodec  ( 1561): failed to configure c2 params
11-07 12:29:23.403 D/CCodec  ( 1561): allocate(c2.android.avc.encoder)
11-07 12:29:23.406 I/CCodec  ( 1561): Created component [c2.android.avc.encoder] for [c2.android.avc.encoder]
11-07 12:29:23.407 D/CCodecConfig( 1561): read media type: video/avc
11-07 12:29:23.412 D/CCodecConfig( 1561): ignoring local param raw.color (0xc2001809) as it is already supported
11-07 12:29:23.412 I/CCodecConfig( 1561): query failed after returning 13 values (BAD_INDEX)
11-07 12:29:23.413 D/CCodecConfig( 1561): c2 config diff is Dict {
11-07 12:29:23.413 D/CCodecConfig( 1561):   c2::u32 algo.bitrate-mode.value = 3
11-07 12:29:23.413 D/CCodecConfig( 1561):   c2::i32 coded.average-qp.value = 0
11-07 12:29:23.413 D/CCodecConfig( 1561):   c2::u32 coded.bitrate.value = 64000
11-07 12:29:23.413 D/CCodecConfig( 1561):   c2::float coded.frame-rate.value = 1
11-07 12:29:23.413 D/CCodecConfig( 1561):   c2::u32 coded.picture-type.value = 0
11-07 12:29:23.413 D/CCodecConfig( 1561):   c2::u32 coded.pl.level = 20492
11-07 12:29:23.413 D/CCodecConfig( 1561):   c2::u32 coded.pl.profile = 20481
11-07 12:29:23.413 D/CCodecConfig( 1561):   c2::u32 coded.vui.color.matrix = 0
11-07 12:29:23.413 D/CCodecConfig( 1561):   c2::u32 coded.vui.color.primaries = 0
11-07 12:29:23.413 D/CCodecConfig( 1561):   c2::u32 coded.vui.color.range = 0
11-07 12:29:23.413 D/CCodecConfig( 1561):   c2::u32 coded.vui.color.transfer = 0
11-07 12:29:23.413 D/CCodecConfig( 1561):   c2::u32 coding.intra-refresh.mode = 0
11-07 12:29:23.413 D/CCodecConfig( 1561):   c2::float coding.intra-refresh.period = 0
11-07 12:29:23.413 D/CCodecConfig( 1561):   c2::u32 coding.request-sync-frame.value = 0
11-07 12:29:23.413 D/CCodecConfig( 1561):   c2::i64 coding.sync-frame-interval.value = 1000000
11-07 12:29:23.413 D/CCodecConfig( 1561):   c2::u32 input.delay.value = 0
11-07 12:29:23.413 D/CCodecConfig( 1561):   string input.media-type.value = "video/raw"
11-07 12:29:23.413 D/CCodecConfig( 1561):   string output.media-type.value = "video/avc"
11-07 12:29:23.413 D/CCodecConfig( 1561):   c2::u32 raw.color.matrix = 0
11-07 12:29:23.413 D/CCodecConfig( 1561):   c2::u32 raw.color.primaries = 0
11-07 12:29:23.413 D/CCodecConfig( 1561):   c2::u32 raw.color.range = 0
11-07 12:29:23.413 D/CCodecConfig( 1561):   c2::u32 raw.color.transfer = 0
11-07 12:29:23.413 D/CCodecConfig( 1561):   c2::u32 raw.size.height = 16
11-07 12:29:23.413 D/CCodecConfig( 1561):   c2::u32 raw.size.width = 16
11-07 12:29:23.413 D/CCodecConfig( 1561): }
11-07 12:29:23.418 E/StagefrightRecorder( 1561): Failed to create video encoder
11-07 12:29:23.422 W/StagefrightRecorder( 1561): stop while neither recording nor paused
11-07 12:29:23.422 W/StagefrightRecorder( 1561): stop while neither recording nor paused
11-07 12:29:23.422 W/StagefrightRecorder( 1561): stop while neither recording nor paused
11-07 12:29:23.804 D/CCodec  (26459): hidl based PersistentSurface created
11-07 12:29:23.804 W/StagefrightRecorder( 1561): stop while neither recording nor paused
11-07 12:29:23.809 W/StagefrightRecorder( 1561): Max file duration is not positive: 0 us. Disabling duration limit.
11-07 12:29:23.809 W/StagefrightRecorder( 1561): Target duration (0 us) too short to be respected
11-07 12:29:23.810 E/StagefrightRecorder( 1561): setParameter: failed to find key video-param-encoding-bframe
11-07 12:29:23.813 D/CCodec  ( 1561): allocate(c2.android.avc.encoder)
11-07 12:29:23.818 I/CCodec  ( 1561): Created component [c2.android.avc.encoder] for [c2.android.avc.encoder]
11-07 12:29:23.818 D/CCodecConfig( 1561): read media type: video/avc
11-07 12:29:23.825 D/CCodecConfig( 1561): ignoring local param raw.color (0xc2001809) as it is already supported
11-07 12:29:23.827 I/CCodecConfig( 1561): query failed after returning 13 values (BAD_INDEX)
11-07 12:29:23.827 D/CCodecConfig( 1561): c2 config diff is Dict {
11-07 12:29:23.827 D/CCodecConfig( 1561):   c2::u32 algo.bitrate-mode.value = 3
11-07 12:29:23.827 D/CCodecConfig( 1561):   c2::i32 coded.average-qp.value = 0
11-07 12:29:23.827 D/CCodecConfig( 1561):   c2::u32 coded.bitrate.value = 64000
11-07 12:29:23.827 D/CCodecConfig( 1561):   c2::float coded.frame-rate.value = 1
11-07 12:29:23.827 D/CCodecConfig( 1561):   c2::u32 coded.picture-type.value = 0
11-07 12:29:23.827 D/CCodecConfig( 1561):   c2::u32 coded.pl.level = 20492
11-07 12:29:23.827 D/CCodecConfig( 1561):   c2::u32 coded.pl.profile = 20481
11-07 12:29:23.827 D/CCodecConfig( 1561):   c2::u32 coded.vui.color.matrix = 0
11-07 12:29:23.827 D/CCodecConfig( 1561):   c2::u32 coded.vui.color.primaries = 0
11-07 12:29:23.827 D/CCodecConfig( 1561):   c2::u32 coded.vui.color.range = 0
11-07 12:29:23.827 D/CCodecConfig( 1561):   c2::u32 coded.vui.color.transfer = 0
11-07 12:29:23.827 D/CCodecConfig( 1561):   c2::u32 coding.intra-refresh.mode = 0
11-07 12:29:23.827 D/CCodecConfig( 1561):   c2::float coding.intra-refresh.period = 0
11-07 12:29:23.827 D/CCodecConfig( 1561):   c2::u32 coding.request-sync-frame.value = 0
11-07 12:29:23.827 D/CCodecConfig( 1561):   c2::i64 coding.sync-frame-interval.value = 1000000
11-07 12:29:23.827 D/CCodecConfig( 1561):   c2::u32 input.delay.value = 0
11-07 12:29:23.827 D/CCodecConfig( 1561):   string input.media-type.value = "video/raw"
11-07 12:29:23.827 D/CCodecConfig( 1561):   string output.media-type.value = "video/avc"
11-07 12:29:23.827 D/CCodecConfig( 1561):   c2::u32 raw.color.matrix = 0
11-07 12:29:23.827 D/CCodecConfig( 1561):   c2::u32 raw.color.primaries = 0
11-07 12:29:23.827 D/CCodecConfig( 1561):   c2::u32 raw.color.range = 0
11-07 12:29:23.827 D/CCodecConfig( 1561):   c2::u32 raw.color.transfer = 0
11-07 12:29:23.827 D/CCodecConfig( 1561):   c2::u32 raw.size.height = 16
11-07 12:29:23.827 D/CCodecConfig( 1561):   c2::u32 raw.size.width = 16
11-07 12:29:23.827 D/CCodecConfig( 1561): }
11-07 12:29:23.829 D/CCodec  ( 1561): [c2.android.avc.encoder] buffers are bound to CCodec for this session
11-07 12:29:23.829 D/CCodecConfig( 1561): no c2 equivalents for stride
11-07 12:29:23.829 D/CCodecConfig( 1561): no c2 equivalents for slice-height
11-07 12:29:23.829 D/CCodecConfig( 1561): no c2 equivalents for color-format
11-07 12:29:23.829 D/CCodecConfig( 1561): no c2 equivalents for create-input-buffers-suspended
11-07 12:29:23.829 D/CCodecConfig( 1561): no c2 equivalents for flags
11-07 12:29:23.829 D/CCodecConfig( 1561): no c2 equivalents for encoder
11-07 12:29:23.830 D/CCodecConfig( 1561): Bad parameter value
11-07 12:29:23.830 D/CCodecConfig( 1561): c2 config diff is   c2::u32 coded.bitrate.value = 50000000
11-07 12:29:23.830 D/CCodecConfig( 1561):   c2::float coded.frame-rate.value = 30
11-07 12:29:23.830 D/CCodecConfig( 1561):   c2::u32 coded.pl.profile = 20482
11-07 12:29:23.830 D/CCodecConfig( 1561):   c2::u32 raw.size.height = 2160
11-07 12:29:23.831 W/CCodec  ( 1561): failed to configure c2 params
11-07 12:29:23.834 D/CCodec  ( 1561): allocate(c2.android.avc.encoder)
11-07 12:29:23.837 I/CCodec  ( 1561): Created component [c2.android.avc.encoder] for [c2.android.avc.encoder]
11-07 12:29:23.837 D/CCodecConfig( 1561): read media type: video/avc
11-07 12:29:23.842 D/CCodecConfig( 1561): ignoring local param raw.color (0xc2001809) as it is already supported
11-07 12:29:23.844 I/CCodecConfig( 1561): query failed after returning 13 values (BAD_INDEX)
11-07 12:29:23.844 D/CCodecConfig( 1561): c2 config diff is Dict {
11-07 12:29:23.844 D/CCodecConfig( 1561):   c2::u32 algo.bitrate-mode.value = 3
11-07 12:29:23.844 D/CCodecConfig( 1561):   c2::i32 coded.average-qp.value = 0
11-07 12:29:23.844 D/CCodecConfig( 1561):   c2::u32 coded.bitrate.value = 64000
11-07 12:29:23.844 D/CCodecConfig( 1561):   c2::float coded.frame-rate.value = 1
11-07 12:29:23.844 D/CCodecConfig( 1561):   c2::u32 coded.picture-type.value = 0
11-07 12:29:23.844 D/CCodecConfig( 1561):   c2::u32 coded.pl.level = 20492
11-07 12:29:23.844 D/CCodecConfig( 1561):   c2::u32 coded.pl.profile = 20481
11-07 12:29:23.844 D/CCodecConfig( 1561):   c2::u32 coded.vui.color.matrix = 0
11-07 12:29:23.844 D/CCodecConfig( 1561):   c2::u32 coded.vui.color.primaries = 0
11-07 12:29:23.844 D/CCodecConfig( 1561):   c2::u32 coded.vui.color.range = 0
11-07 12:29:23.844 D/CCodecConfig( 1561):   c2::u32 coded.vui.color.transfer = 0
11-07 12:29:23.844 D/CCodecConfig( 1561):   c2::u32 coding.intra-refresh.mode = 0
11-07 12:29:23.844 D/CCodecConfig( 1561):   c2::float coding.intra-refresh.period = 0
11-07 12:29:23.844 D/CCodecConfig( 1561):   c2::u32 coding.request-sync-frame.value = 0
11-07 12:29:23.844 D/CCodecConfig( 1561):   c2::i64 coding.sync-frame-interval.value = 1000000
11-07 12:29:23.844 D/CCodecConfig( 1561):   c2::u32 input.delay.value = 0
11-07 12:29:23.844 D/CCodecConfig( 1561):   string input.media-type.value = "video/raw"
11-07 12:29:23.844 D/CCodecConfig( 1561):   string output.media-type.value = "video/avc"
11-07 12:29:23.844 D/CCodecConfig( 1561):   c2::u32 raw.color.matrix = 0
11-07 12:29:23.844 D/CCodecConfig( 1561):   c2::u32 raw.color.primaries = 0
11-07 12:29:23.844 D/CCodecConfig( 1561):   c2::u32 raw.color.range = 0
11-07 12:29:23.844 D/CCodecConfig( 1561):   c2::u32 raw.color.transfer = 0
11-07 12:29:23.844 D/CCodecConfig( 1561):   c2::u32 raw.size.height = 16
11-07 12:29:23.844 D/CCodecConfig( 1561):   c2::u32 raw.size.width = 16
11-07 12:29:23.844 D/CCodecConfig( 1561): }
11-07 12:29:23.847 E/StagefrightRecorder( 1561): Failed to create video encoder
11-07 12:29:23.852 W/StagefrightRecorder( 1561): stop while neither recording nor paused
11-07 12:29:23.852 W/StagefrightRecorder( 1561): stop while neither recording nor paused
11-07 12:29:23.853 W/StagefrightRecorder( 1561): stop while neither recording nor paused
11-07 12:29:24.153 D/CCodec  (26459): hidl based PersistentSurface created
11-07 12:29:24.153 W/StagefrightRecorder( 1561): stop while neither recording nor paused
11-07 12:29:24.159 W/StagefrightRecorder( 1561): Max file duration is not positive: 0 us. Disabling duration limit.
11-07 12:29:24.159 W/StagefrightRecorder( 1561): Target duration (0 us) too short to be respected
11-07 12:29:24.159 E/StagefrightRecorder( 1561): setParameter: failed to find key video-param-encoding-bframe
11-07 12:29:24.163 D/CCodec  ( 1561): allocate(c2.android.avc.encoder)
11-07 12:29:24.167 I/CCodec  ( 1561): Created component [c2.android.avc.encoder] for [c2.android.avc.encoder]
11-07 12:29:24.168 D/CCodecConfig( 1561): read media type: video/avc
11-07 12:29:24.174 D/CCodecConfig( 1561): ignoring local param raw.color (0xc2001809) as it is already supported
11-07 12:29:24.177 I/CCodecConfig( 1561): query failed after returning 13 values (BAD_INDEX)
11-07 12:29:24.177 D/CCodecConfig( 1561): c2 config diff is Dict {
11-07 12:29:24.177 D/CCodecConfig( 1561):   c2::u32 algo.bitrate-mode.value = 3
11-07 12:29:24.177 D/CCodecConfig( 1561):   c2::i32 coded.average-qp.value = 0
11-07 12:29:24.177 D/CCodecConfig( 1561):   c2::u32 coded.bitrate.value = 64000
11-07 12:29:24.177 D/CCodecConfig( 1561):   c2::float coded.frame-rate.value = 1
11-07 12:29:24.177 D/CCodecConfig( 1561):   c2::u32 coded.picture-type.value = 0
11-07 12:29:24.177 D/CCodecConfig( 1561):   c2::u32 coded.pl.level = 20492
11-07 12:29:24.177 D/CCodecConfig( 1561):   c2::u32 coded.pl.profile = 20481
11-07 12:29:24.177 D/CCodecConfig( 1561):   c2::u32 coded.vui.color.matrix = 0
11-07 12:29:24.177 D/CCodecConfig( 1561):   c2::u32 coded.vui.color.primaries = 0
11-07 12:29:24.177 D/CCodecConfig( 1561):   c2::u32 coded.vui.color.range = 0
11-07 12:29:24.177 D/CCodecConfig( 1561):   c2::u32 coded.vui.color.transfer = 0
11-07 12:29:24.177 D/CCodecConfig( 1561):   c2::u32 coding.intra-refresh.mode = 0
11-07 12:29:24.177 D/CCodecConfig( 1561):   c2::float coding.intra-refresh.period = 0
11-07 12:29:24.177 D/CCodecConfig( 1561):   c2::u32 coding.request-sync-frame.value = 0
11-07 12:29:24.177 D/CCodecConfig( 1561):   c2::i64 coding.sync-frame-interval.value = 1000000
11-07 12:29:24.177 D/CCodecConfig( 1561):   c2::u32 input.delay.value = 0
11-07 12:29:24.177 D/CCodecConfig( 1561):   string input.media-type.value = "video/raw"
11-07 12:29:24.177 D/CCodecConfig( 1561):   string output.media-type.value = "video/avc"
11-07 12:29:24.177 D/CCodecConfig( 1561):   c2::u32 raw.color.matrix = 0
11-07 12:29:24.177 D/CCodecConfig( 1561):   c2::u32 raw.color.primaries = 0
11-07 12:29:24.177 D/CCodecConfig( 1561):   c2::u32 raw.color.range = 0
11-07 12:29:24.177 D/CCodecConfig( 1561):   c2::u32 raw.color.transfer = 0
11-07 12:29:24.177 D/CCodecConfig( 1561):   c2::u32 raw.size.height = 16
11-07 12:29:24.177 D/CCodecConfig( 1561):   c2::u32 raw.size.width = 16
11-07 12:29:24.177 D/CCodecConfig( 1561): }
11-07 12:29:24.181 D/CCodec  ( 1561): [c2.android.avc.encoder] buffers are bound to CCodec for this session
11-07 12:29:24.182 D/CCodecConfig( 1561): no c2 equivalents for stride
11-07 12:29:24.182 D/CCodecConfig( 1561): no c2 equivalents for slice-height
11-07 12:29:24.182 D/CCodecConfig( 1561): no c2 equivalents for color-format
11-07 12:29:24.182 D/CCodecConfig( 1561): no c2 equivalents for create-input-buffers-suspended
11-07 12:29:24.182 D/CCodecConfig( 1561): no c2 equivalents for flags
11-07 12:29:24.182 D/CCodecConfig( 1561): no c2 equivalents for encoder
11-07 12:29:24.184 D/CCodecConfig( 1561): Bad parameter value
11-07 12:29:24.184 D/CCodecConfig( 1561): c2 config diff is   c2::u32 coded.bitrate.value = 50000000
11-07 12:29:24.184 D/CCodecConfig( 1561):   c2::float coded.frame-rate.value = 30
11-07 12:29:24.184 D/CCodecConfig( 1561):   c2::u32 coded.pl.profile = 20482
11-07 12:29:24.184 D/CCodecConfig( 1561):   c2::u32 raw.size.height = 2160
11-07 12:29:24.185 W/CCodec  ( 1561): failed to configure c2 params
11-07 12:29:24.187 D/CCodec  ( 1561): allocate(c2.android.avc.encoder)
11-07 12:29:24.191 I/CCodec  ( 1561): Created component [c2.android.avc.encoder] for [c2.android.avc.encoder]
11-07 12:29:24.191 D/CCodecConfig( 1561): read media type: video/avc
11-07 12:29:24.196 D/CCodecConfig( 1561): ignoring local param raw.color (0xc2001809) as it is already supported
11-07 12:29:24.198 I/CCodecConfig( 1561): query failed after returning 13 values (BAD_INDEX)
11-07 12:29:24.198 D/CCodecConfig( 1561): c2 config diff is Dict {
11-07 12:29:24.198 D/CCodecConfig( 1561):   c2::u32 algo.bitrate-mode.value = 3
11-07 12:29:24.198 D/CCodecConfig( 1561):   c2::i32 coded.average-qp.value = 0
11-07 12:29:24.198 D/CCodecConfig( 1561):   c2::u32 coded.bitrate.value = 64000
11-07 12:29:24.198 D/CCodecConfig( 1561):   c2::float coded.frame-rate.value = 1
11-07 12:29:24.198 D/CCodecConfig( 1561):   c2::u32 coded.picture-type.value = 0
11-07 12:29:24.198 D/CCodecConfig( 1561):   c2::u32 coded.pl.level = 20492
11-07 12:29:24.198 D/CCodecConfig( 1561):   c2::u32 coded.pl.profile = 20481
11-07 12:29:24.198 D/CCodecConfig( 1561):   c2::u32 coded.vui.color.matrix = 0
11-07 12:29:24.198 D/CCodecConfig( 1561):   c2::u32 coded.vui.color.primaries = 0
11-07 12:29:24.198 D/CCodecConfig( 1561):   c2::u32 coded.vui.color.range = 0
11-07 12:29:24.198 D/CCodecConfig( 1561):   c2::u32 coded.vui.color.transfer = 0
11-07 12:29:24.198 D/CCodecConfig( 1561):   c2::u32 coding.intra-refresh.mode = 0
11-07 12:29:24.198 D/CCodecConfig( 1561):   c2::float coding.intra-refresh.period = 0
11-07 12:29:24.198 D/CCodecConfig( 1561):   c2::u32 coding.request-sync-frame.value = 0
11-07 12:29:24.198 D/CCodecConfig( 1561):   c2::i64 coding.sync-frame-interval.value = 1000000
11-07 12:29:24.198 D/CCodecConfig( 1561):   c2::u32 input.delay.value = 0
11-07 12:29:24.198 D/CCodecConfig( 1561):   string input.media-type.value = "video/raw"
11-07 12:29:24.198 D/CCodecConfig( 1561):   string output.media-type.value = "video/avc"
11-07 12:29:24.198 D/CCodecConfig( 1561):   c2::u32 raw.color.matrix = 0
11-07 12:29:24.198 D/CCodecConfig( 1561):   c2::u32 raw.color.primaries = 0
11-07 12:29:24.198 D/CCodecConfig( 1561):   c2::u32 raw.color.range = 0
11-07 12:29:24.198 D/CCodecConfig( 1561):   c2::u32 raw.color.transfer = 0
11-07 12:29:24.198 D/CCodecConfig( 1561):   c2::u32 raw.size.height = 16
11-07 12:29:24.198 D/CCodecConfig( 1561):   c2::u32 raw.size.width = 16
11-07 12:29:24.198 D/CCodecConfig( 1561): }
11-07 12:29:24.201 E/StagefrightRecorder( 1561): Failed to create video encoder
11-07 12:29:24.205 W/StagefrightRecorder( 1561): stop while neither recording nor paused
11-07 12:29:24.206 W/StagefrightRecorder( 1561): stop while neither recording nor paused
11-07 12:29:24.206 W/StagefrightRecorder( 1561): stop while neither recording nor paused
11-07 12:29:24.491 D/CCodec  (26459): hidl based PersistentSurface created
11-07 12:29:24.491 W/StagefrightRecorder( 1561): stop while neither recording nor paused
11-07 12:29:24.500 W/StagefrightRecorder( 1561): Max file duration is not positive: 0 us. Disabling duration limit.
11-07 12:29:24.500 W/StagefrightRecorder( 1561): Target duration (0 us) too short to be respected
11-07 12:29:24.500 E/StagefrightRecorder( 1561): setParameter: failed to find key video-param-encoding-bframe
11-07 12:29:24.504 D/CCodec  ( 1561): allocate(c2.android.avc.encoder)
11-07 12:29:24.508 I/CCodec  ( 1561): Created component [c2.android.avc.encoder] for [c2.android.avc.encoder]
11-07 12:29:24.508 D/CCodecConfig( 1561): read media type: video/avc
11-07 12:29:24.514 D/CCodecConfig( 1561): ignoring local param raw.color (0xc2001809) as it is already supported
11-07 12:29:24.516 I/CCodecConfig( 1561): query failed after returning 13 values (BAD_INDEX)
11-07 12:29:24.516 D/CCodecConfig( 1561): c2 config diff is Dict {
11-07 12:29:24.516 D/CCodecConfig( 1561):   c2::u32 algo.bitrate-mode.value = 3
11-07 12:29:24.516 D/CCodecConfig( 1561):   c2::i32 coded.average-qp.value = 0
11-07 12:29:24.516 D/CCodecConfig( 1561):   c2::u32 coded.bitrate.value = 64000
11-07 12:29:24.516 D/CCodecConfig( 1561):   c2::float coded.frame-rate.value = 1
11-07 12:29:24.516 D/CCodecConfig( 1561):   c2::u32 coded.picture-type.value = 0
11-07 12:29:24.516 D/CCodecConfig( 1561):   c2::u32 coded.pl.level = 20492
11-07 12:29:24.516 D/CCodecConfig( 1561):   c2::u32 coded.pl.profile = 20481
11-07 12:29:24.516 D/CCodecConfig( 1561):   c2::u32 coded.vui.color.matrix = 0
11-07 12:29:24.516 D/CCodecConfig( 1561):   c2::u32 coded.vui.color.primaries = 0
11-07 12:29:24.516 D/CCodecConfig( 1561):   c2::u32 coded.vui.color.range = 0
11-07 12:29:24.516 D/CCodecConfig( 1561):   c2::u32 coded.vui.color.transfer = 0
11-07 12:29:24.516 D/CCodecConfig( 1561):   c2::u32 coding.intra-refresh.mode = 0
11-07 12:29:24.516 D/CCodecConfig( 1561):   c2::float coding.intra-refresh.period = 0
11-07 12:29:24.516 D/CCodecConfig( 1561):   c2::u32 coding.request-sync-frame.value = 0
11-07 12:29:24.516 D/CCodecConfig( 1561):   c2::i64 coding.sync-frame-interval.value = 1000000
11-07 12:29:24.516 D/CCodecConfig( 1561):   c2::u32 input.delay.value = 0
11-07 12:29:24.516 D/CCodecConfig( 1561):   string input.media-type.value = "video/raw"
11-07 12:29:24.516 D/CCodecConfig( 1561):   string output.media-type.value = "video/avc"
11-07 12:29:24.516 D/CCodecConfig( 1561):   c2::u32 raw.color.matrix = 0
11-07 12:29:24.516 D/CCodecConfig( 1561):   c2::u32 raw.color.primaries = 0
11-07 12:29:24.516 D/CCodecConfig( 1561):   c2::u32 raw.color.range = 0
11-07 12:29:24.516 D/CCodecConfig( 1561):   c2::u32 raw.color.transfer = 0
11-07 12:29:24.516 D/CCodecConfig( 1561):   c2::u32 raw.size.height = 16
11-07 12:29:24.516 D/CCodecConfig( 1561):   c2::u32 raw.size.width = 16
11-07 12:29:24.516 D/CCodecConfig( 1561): }
11-07 12:29:24.519 D/CCodec  ( 1561): [c2.android.avc.encoder] buffers are bound to CCodec for this session
11-07 12:29:24.519 D/CCodecConfig( 1561): no c2 equivalents for stride
11-07 12:29:24.519 D/CCodecConfig( 1561): no c2 equivalents for slice-height
11-07 12:29:24.519 D/CCodecConfig( 1561): no c2 equivalents for color-format
11-07 12:29:24.519 D/CCodecConfig( 1561): no c2 equivalents for create-input-buffers-suspended
11-07 12:29:24.519 D/CCodecConfig( 1561): no c2 equivalents for flags
11-07 12:29:24.519 D/CCodecConfig( 1561): no c2 equivalents for encoder
11-07 12:29:24.520 D/CCodecConfig( 1561): Bad parameter value
11-07 12:29:24.520 D/CCodecConfig( 1561): c2 config diff is   c2::u32 coded.bitrate.value = 50000000
11-07 12:29:24.520 D/CCodecConfig( 1561):   c2::float coded.frame-rate.value = 30
11-07 12:29:24.520 D/CCodecConfig( 1561):   c2::u32 coded.pl.profile = 20482
11-07 12:29:24.520 D/CCodecConfig( 1561):   c2::u32 raw.size.height = 2160
11-07 12:29:24.521 W/CCodec  ( 1561): failed to configure c2 params
11-07 12:29:24.524 D/CCodec  ( 1561): allocate(c2.android.avc.encoder)
11-07 12:29:24.527 I/CCodec  ( 1561): Created component [c2.android.avc.encoder] for [c2.android.avc.encoder]
