11-06 23:02:33.378 D/CAM_RenderEngineV1(17028): V1: setSurfaceTextureDataSpaceTranslator: not supported
11-06 23:02:33.378 D/CAM_EffectController(17028): setRenderEngine: d.c.a.r7.p2.s@1553a07 this:com.android.camera2.compat.theme.custom.cv.filter.EffectControllerCv@1620734
11-06 23:02:33.378 I/CAM_MiCamera2(17028): [K_PROCESS]: onConfigured: is mDeferOutputConfigurations null: false
11-06 23:02:33.378 D/CAM_RenderEngineV1(17028): V1: setTextureColorSpace: SRGB
11-06 23:02:33.378 D/CAM_MiCamera2(17028): E: updateDeferPreviewSession
11-06 23:02:33.378 D/CAM_STScreenNail(17028): setTextureColorSpace: SRGB
11-06 23:02:33.378 D/CAM_RenderEngineV1(17028): V1: setDisplayColorSpace: SRGB
11-06 23:02:33.378 D/CAM_CameraRenderEngine(17028): setDisplayColorSpace: SRGB
11-06 23:02:33.378 D/CAM_BaseModule(17028): onRenderEngineCreate, engine = d.c.a.r7.p2.s@1553a07, ColorSpace.Description(tex: SRGB, dpy: SRGB)
11-06 23:02:33.378 D/CAM_CameraRenderEngine(17028): setDisplayColorSpace: nothing change.
11-06 23:02:33.378 D/CAM_CaptureModule(17028): onRenderEngineCreate camId:0
11-06 23:02:33.378 D/CAM_BaseModule(17028): registerProtocol
11-06 23:02:33.378 I/CAM_BaseModule(17028): onResume: u@25274026: mid = 163, cid = 0, created = true, departed = false
11-06 23:02:33.378 D/CAM_SocketController(17028): onResume: 
11-06 23:02:33.378 W/cameraserver( 1555): createConfiguredSurface: Camera 0 with consumer usage flag: 256: Forcing asynchronous mode forstream
11-06 23:02:33.381 D/CAM_SocketManager(17028): addEventListener: 123384567
11-06 23:02:33.381 I/CAM_PerformanceManager(17028): [P_PERFORM]: Action: A4:switch_module_setup_163_0 takes 322 ms
11-06 23:02:33.381 D/CAM_DataItemGlobal(17028): reInit: mLastCameraId = 0, currentCameraId = 0
11-06 23:02:33.381 I/CAM_PerformanceManager(17028): [P_PERFORM]: Action: A5:switch_data_setup_163_0 takes 0 ms
11-06 23:02:33.381 V/CAM_CameraConfigManager(17028): setDeviceOrientation: 0
11-06 23:02:33.382 D/CAM_Camera@123830004(17028): showGuide = 163  isCtsCall = false
11-06 23:02:33.382 I/CAM_PermissionManager(17028): getNeedCheckPermissionList() listSize =0
11-06 23:02:33.382 I/CAM_PermissionManager(17028): checkCameraLocationPermissions(), all on
11-06 23:02:33.382 I/CAM_PermissionManager(17028): getNeedCheckPermissionList() listSize =0
11-06 23:02:33.382 I/CAM_PermissionManager(17028): checkCameraLaunchPermissions(), all on
11-06 23:02:33.382 V/CAM_BaseModule(17028): onPreviewLayoutChanged: Rect(0, 246 - 1080, 1686)
11-06 23:02:33.382 D/CAM_STScreenNail(17028): setDisplayArea Rect(0, 246 - 1080, 1686)
11-06 23:02:33.382 D/CAM_CameraScreenNail(17028): setPreviewFrameLayoutSize: 1080x1440
11-06 23:02:33.382 V/CAM_STScreenNail(17028): updateReadPixelsSize: 720x960
11-06 23:02:33.382 D/ConnectivityService( 1820): NetReassign [no changes] [c 0] [a 1] [i 0]
11-06 23:02:33.383 E/CAM_FocusManagerAbstract(17028): setRenderSize: 1080 | 1440
11-06 23:02:33.383 D/CAM_FocusManager(17028): setPreviewSize: 1080x1440
11-06 23:02:33.383 I/CAM_ AdaptiveTv(17028): init:  mMaxFontScale :1.25
11-06 23:02:33.383 D/CAM_ModeSelectViewCV(17028): getHeaderOffset w = 1000, itemWidth = 148, textWidth = 80.0
11-06 23:02:33.384 D/CAM_ModeSelectViewCV(17028): res = {1.0 214mcc22mnc [es_ES] ldltr sw393dp w393dp h794dp 440dpi nrml long hdr widecg port night finger -keyb/v/h -nav/h winConfig={ mBounds=Rect(0, 0 - 1080, 2340) mAppBounds=Rect(0, 90 - 1080, 2274) mMaxBounds=Rect(0, 0 - 1080, 2340) mDisplayRotation=ROTATION_0 mWindowingMode=fullscreen mActivityType=standard mAlwaysOnTop=undefined mRotation=ROTATION_0} as.3 s.2 fontWeightAdjustment=0}
11-06 23:02:33.384 D/CAM_ModeSelectViewCV(17028): moveToPosition select pos = 4, offset = 426, mode = 163
11-06 23:02:33.384 D/CAM_FragmentModeSelector(17028): switchMoreMode open: true, style: 0, mCurrentMode: 163
11-06 23:02:33.384 D/CAM_DragLayout(17028): disableAllMode
11-06 23:02:33.384 D/CAM_DragLayout(17028): setDragEnable mDragMode : false, enable false, force : false
11-06 23:02:33.384 D/CAM_ModeSelectViewCV(17028): updateSelectedItem 163
11-06 23:02:33.389 I/CAM_ AdaptiveTv(17028): init:  mMaxFontScale :1.25
11-06 23:02:33.389 D/CAM_ModeSelectViewCV(17028): getHeaderOffset w = 1000, itemWidth = 148, textWidth = 80.0
11-06 23:02:33.390 D/CAM_ModeSelectViewCV(17028): res = {1.0 214mcc22mnc [es_ES] ldltr sw393dp w393dp h794dp 440dpi nrml long hdr widecg port night finger -keyb/v/h -nav/h winConfig={ mBounds=Rect(0, 0 - 1080, 2340) mAppBounds=Rect(0, 90 - 1080, 2274) mMaxBounds=Rect(0, 0 - 1080, 2340) mDisplayRotation=ROTATION_0 mWindowingMode=fullscreen mActivityType=standard mAlwaysOnTop=undefined mRotation=ROTATION_0} as.3 s.2 fontWeightAdjustment=0}
11-06 23:02:33.390 D/CAM_ModeSelectViewCV(17028): moveToPosition select pos = 4, offset = 426, mode = 163
11-06 23:02:33.390 D/CAM_FragmentTopBar(17028): notifyDataChanged currentMode = 163
11-06 23:02:33.390 D/CAM_FragmentTopBar(17028): updateConfigItem configItem = 207
11-06 23:02:33.390 D/CAM_FragmentTopBar(17028): updateConfigItem configItem = 194
11-06 23:02:33.390 D/EndTopBarAdapter(17028): notifyTopBarItemChanged: 194
11-06 23:02:33.390 D/EndTopBarAdapter(17028): changeIndex: 0
11-06 23:02:33.390 D/EndTopBarAdapter(17028): applyChange:194
11-06 23:02:33.391 D/CAM_FragmentTopBar(17028): updateConfigItem configItem = 205
11-06 23:02:33.391 D/CAM_FragmentTopBar(17028): updateConfigItem configItem = 193
11-06 23:02:33.391 D/StartTopBarAdapter(17028): notifyTopBarItemChanged: 193
11-06 23:02:33.391 D/StartTopBarAdapter(17028): changeIndex: 0
11-06 23:02:33.391 D/vendor.qti.bluetooth@1.0-wake_lock( 1092): Release wakelock is released 
11-06 23:02:33.393 W/cameraserver( 1555): createConfiguredSurface: Camera 0: Overriding format 0x1 to IMPLEMENTATION_DEFINED
11-06 23:02:33.393 D/StartTopBarAdapter(17028): applyChange:193
11-06 23:02:33.393 D/CAM_FragmentBottomPopupTips(17028): updateTipImage mCustomRoot is null : false
11-06 23:02:33.393 D/CAM_MiCamera2(17028): updateDeferPreviewSession: finalizeOutputConfigurations success
11-06 23:02:33.393 E/CAM_ImageReaderSurface(17028): getValueFromSparseArray: no original values
11-06 23:02:33.393 D/CAM_Camera2Module(17028): onPreviewSessionSuccess: j u@25274026: mid = 163, cid = 0, created = true, departed = false
11-06 23:02:33.394 D/CAM_BaseModuleCameraManager(17028): setCameraState: 1
11-06 23:02:33.394 D/CAM_CameraCapabilities(17028): isRemoveNevusDefined request : false
11-06 23:02:33.394 D/CAM_BaseModule(17028): types:24,2,26,27,28,29,46,47,7,8,10,11,14,4,13,41,5,9,20,34,23,36,73,37,42,43,48,49,52,56,30,61,62,66,60,75,70,76,78,77,84,92,94,98,109,104,114,111,112,113,, u@25274026: mid = 163, cid = 0, created = true, departed = false
11-06 23:02:33.394 D/CAM_MiCamera2(17028): X: updateDeferPreviewSession
11-06 23:02:33.394 D/CAM_BaseModule(17028): accept 24,2,26,27,28,29,46,47,7,8,10,11,14,4,13,41,5,9,20,34,23,36,73,37,42,43,48,49,52,56,30,61,62,66,60,75,70,76,78,77,84,92,94,98,109,104,114,111,112,113,. d.c.a.q6.r7$e@9ef09ef
11-06 23:02:33.394 D/CAM_CameraCapabilities(17028): isRemoveNevusDefined request : false
11-06 23:02:33.394 D/CAM_BaseModule(17028): begin to consumePreference..
11-06 23:02:33.394 D/CAM_FragmentBottomPopupTips(17028): cancelUpdateTipImage 
11-06 23:02:33.394 W/CAM_Camera2CompatAdapterRole(17028): Warning: getAuxCameraId(): #init() failed, roleId=20
11-06 23:02:33.394 W/CAM_Camera2CompatAdapterRole(17028): Warning: getUltraTeleCameraId(): #init() failed, roleId=23
11-06 23:02:33.394 D/CAM_ZoomManager(17028): applyZoomRatio(): apply zoom ratio to device = 1.0
11-06 23:02:33.394 V/CAM_CameraConfigManager(17028): setZoomRatio(): 1.0
11-06 23:02:33.394 D/CAM_CameraConfigs(17028): zoom ratio diff: 0.0
11-06 23:02:33.394 D/CAM_HybridZoomingSystem(17028): toCropRegion(): zoom ratio = 1.0, crop region = Rect(0, 0 - 6016, 4512)
11-06 23:02:33.394 D/CAM_RequestVendorTag(17028): applyCropRegion: rect = Rect(0, 0 - 6016, 4512)
11-06 23:02:33.394 V/CAM_CaptureRequestBuilder(17028): applyZoomRatio(): cameraId = 0, zoomRatio = 1.0, activeArraySize = Rect(0, 0 - 6016, 4512), cropRegion = Rect(0, 0 - 6016, 4512)
11-06 23:02:33.394 D/CAM_Camera2Module(17028): setEffectFilter: 66048
11-06 23:02:33.394 D/CAM_EffectRenderGroup(17028): onEffectChanged: EFFECT_CHANGE_FILTER mEffectId = 66048
11-06 23:02:33.394 D/CAM_AiSceneManager(17028): setAiSceneEffect: 0
11-06 23:02:33.394 D/CAM_EffectController(17028): getAiColorCorrectionVersion: 2
11-06 23:02:33.394 D/CAM_EffectController(17028): getAiColorCorrectionVersion: 2
11-06 23:02:33.394 D/CAM_EffectRenderGroup(17028): onEffectChanged: EFFECT_CHANGE_FILTER mEffectId = 66048
11-06 23:02:33.394 V/CAM_CameraConfigManager(17028): setContrast: 5
11-06 23:02:33.395 V/CAM_CameraConfigManager(17028): setSaturation: 3
11-06 23:02:33.395 V/CAM_CameraConfigManager(17028): setSharpness: 1
11-06 23:02:33.395 W/CAM_ImageModuleCameraManager(17028): no consumer for this updateType: 29
11-06 23:02:33.395 V/CAM_CameraConfigManager(17028): setExposureMeteringMode: 1
11-06 23:02:33.395 D/CAM_CameraCapabilities(17028): isSupportNormalWideLDC: true
11-06 23:02:33.395 V/CAM_CameraConfigManager(17028): setNormalWideLDC: false
11-06 23:02:33.395 V/CAM_CameraConfigManager(17028): setUltraWideLDC: false
11-06 23:02:33.395 W/CAM_ImageModuleCameraManager(17028): no consumer for this updateType: 8
11-06 23:02:33.395 D/CAM_BaseModuleCameraManager(17028): thumbnailSize=320x240
11-06 23:02:33.395 D/CAM_BaseModule(17028): flashMode: 0
11-06 23:02:33.395 V/CAM_MiCamera2(17028): setFlashMode: 0
11-06 23:02:33.395 D/CAM_MiCamera2(17028): applyFlashMode: request android.hardware.camera2.CaptureRequest$Builder@ba875ad, applyType = 1
11-06 23:02:33.396 D/CAM_MiCameraCompat(17028): applyFlashMode: mode = 0
11-06 23:02:33.396 D/CAM_MiCamera2(17028): applyFlashMode: flashMode = 0, mScreenLightCallback = d.c.a.q6.q8.q1@b6300e2
11-06 23:02:33.396 D/CAM_CaptureRequestBuilder(17028): applyScreenLightHint(): false
11-06 23:02:33.398 E/libprotobuf-native( 1094): [libprotobuf ERROR external/protobuf/src/google/protobuf/message_lite.cc:123] Can't parse message of type "sns_flicker_event" because it is missing required fields: (cannot determine missing fields for lite message)
11-06 23:02:33.398 E/libprotobuf-native( 1094): [libprotobuf ERROR external/protobuf/src/google/protobuf/message_lite.cc:123] Can't parse message of type "sns_flicker_event" because it is missing required fields: (cannot determine missing fields for lite message)
11-06 23:02:33.399 D/CAM_FragmentBottomPopupTips(17028): toggleSoftLightTip: visible=false
11-06 23:02:33.400 D/CAM_AbstractFragment(17028): baseUpdateView FragmentReferenceLine, true
11-06 23:02:33.400 I/CAM_PerformanceManager(17028): [P_PERFORM]: Action: A6:switch_ui_setup_163_0 takes 18 ms
11-06 23:02:33.401 I/CAM_Qigsaw(17028): init currentProcessName = com.android.camera
11-06 23:02:33.402 V/CAM_MiCameraCompat(17028): [K_PROCESS]: applyHDRMode:2
11-06 23:02:33.402 V/CAM_CameraConfigManager(17028): setFocusMode: 4
11-06 23:02:33.402 D/CAM_CaptureRequestBuilder(17028): applyAFRegions: default 0
11-06 23:02:33.402 D/CAM_CaptureRequestBuilder(17028): applyAERegions: default 0
11-06 23:02:33.402 I/CAM_SplitInfoVersionManager(17028): No new split info version, just use default version.
11-06 23:02:33.402 W/System  (17028): ClassLoader referenced unknown path: 
11-06 23:02:33.402 D/CAM_CameraCapabilities(17028): isRemoveNevusDefined request : false
11-06 23:02:33.402 W/.android.camera(17028): Unsupported class loader: java.lang.Class<com.iqiyi.android.qigsaw.core.splitload.SplitDelegateClassloader>
11-06 23:02:33.402 D/CAM_Camera2Module(17028): updateBeauty(): 3d beauty level: i:0 | ss: 0 |sf: 0 | ee: 0 | ns: 0 | rs: 0 | lp: 0 | cn: 0 | nk: 0 | se: 0 | sn: 0 | hl: 0 | solid: 0 | whiten: 0 | makeup: 0| headSlim: 0 | bodySlim: 0 | shoulderSlim: 0 | legSlim: 0 | puffy: 0| wholeBodySlim: 0 | buttSlim: 0 | makeupType: 0 | makeupLevel: 0 | beautyMode: 2 | makeupFilter: 0 | ambientLight: 0
11-06 23:02:33.402 D/CAM_FML (17028): init: split attach cost 1ms
11-06 23:02:33.402 D/CAM_SplitAABInfoProvider(17028): App has no fused modules.
11-06 23:02:33.402 D/CAM_SplitAABInfoProvider(17028): Split names are: []
11-06 23:02:33.403 I/CAM_Split:MultiDex(17028): VM with version 2.1.0 has multidex support
11-06 23:02:33.404 W/CAM_ImageModuleCameraManager(17028): no consumer for this updateType: 41
11-06 23:02:33.404 D/CAM_FaceView(17028): setSkipDraw: mSkipDraw=false
11-06 23:02:33.404 V/CAM_CameraConfigManager(17028): startFaceDetection
11-06 23:02:33.404 D/CAM_MiCameraCompat(17028): applyFaceDetection: true、 faceDetectMode: 1
11-06 23:02:33.404 D/CAM_BaseModule(17028): antiBanding: 3
11-06 23:02:33.404 V/CAM_CameraConfigManager(17028): setAntiBanding: 3
11-06 23:02:33.404 W/CAM_ImageModuleCameraManager(17028): no consumer for this updateType: 20
11-06 23:02:33.404 V/CAM_CameraConfigManager(17028): setEnableOIS true
11-06 23:02:33.404 V/CAM_CaptureRequestBuilder(17028): EIS: off
11-06 23:02:33.404 V/CAM_CaptureRequestBuilder(17028): OIS: on
11-06 23:02:33.404 D/CAM_Camera2Module(17028): SwMfnr is not supported
11-06 23:02:33.404 D/CAM_Camera2Module(17028): setMfnr to true
11-06 23:02:33.404 V/CAM_MiCameraCompat(17028): [K_PROCESS]: applyMfnrEnable: false
11-06 23:02:33.405 D/CAM_Camera2Module(17028): updateDecodePreview: PreviewDecodeManager AlgorithmPreviewSize = 1440x1080
11-06 23:02:33.405 V/CAM_MiCamera2(17028): startPreviewCallback
11-06 23:02:33.405 D/CAM_SplitInstallSupervisor(17028): No splits need to uninstall!
11-06 23:02:33.405 I/CAM_SplitInfoManagerImpl(17028): currentVersion : 5.0.0.0_2.0 defaultVersion : 5.0.0.0_2.0
11-06 23:02:33.405 D/CAM_QRCodeDecoder(17028): startDecode: 82725747
11-06 23:02:33.405 I/CAM_SplitInfoManagerImpl(17028): Default split file name: qigsaw_5.0.0.0_2.0.json
11-06 23:02:33.405 D/CAM_AiSceneManager(17028): setAiSceneEffect: 0
11-06 23:02:33.405 D/CAM_EffectController(17028): getAiColorCorrectionVersion: 2
11-06 23:02:33.405 D/CAM_EffectController(17028): getAiColorCorrectionVersion: 2
11-06 23:02:33.405 D/CAM_EffectRenderGroup(17028): onEffectChanged: EFFECT_CHANGE_FILTER mEffectId = 66048
11-06 23:02:33.405 D/CAM_CaptureRequestBuilder(17028): applyASDScene: 0
11-06 23:02:33.405 D/CAM_BaseModule(17028): flashMode: 0
11-06 23:02:33.405 V/CAM_MiCamera2(17028): setFlashMode: 0
11-06 23:02:33.406 D/CAM_MiCamera2(17028): applyFlashMode: request android.hardware.camera2.CaptureRequest$Builder@ba875ad, applyType = 1
11-06 23:02:33.406 D/CAM_MiCameraCompat(17028): applyFlashMode: mode = 0
11-06 23:02:33.406 D/CAM_MiCamera2(17028): applyFlashMode: flashMode = 0, mScreenLightCallback = d.c.a.q6.q8.q1@b6300e2
11-06 23:02:33.406 D/CAM_CaptureRequestBuilder(17028): applyScreenLightHint(): false
11-06 23:02:33.406 D/CAM_CameraCapabilities(17028): isRemoveNevusDefined request : false
11-06 23:02:33.406 I/CAM_SplitInfoManagerImpl(17028): Cost 1 mil-second to parse default split info
11-06 23:02:33.406 D/CAM_Camera2Module(17028): updateBeauty(): 3d beauty level: i:0 | ss: 0 |sf: 0 | ee: 0 | ns: 0 | rs: 0 | lp: 0 | cn: 0 | nk: 0 | se: 0 | sn: 0 | hl: 0 | solid: 0 | whiten: 0 | makeup: 0| headSlim: 0 | bodySlim: 0 | shoulderSlim: 0 | legSlim: 0 | puffy: 0| wholeBodySlim: 0 | buttSlim: 0 | makeupType: 0 | makeupLevel: 0 | beautyMode: 2 | makeupFilter: 0 | ambientLight: 0
11-06 23:02:33.406 W/CAM_ImageModuleCameraManager(17028): no consumer for this updateType: 73
11-06 23:02:33.406 W/CAM_BaseModuleCameraManager(17028): no consumer for this updateType: 73
11-06 23:02:33.406 W/CAM_ImageModuleCameraManager(17028): no consumer for this updateType: 37
11-06 23:02:33.406 D/CAM_Camera2Module(17028): SwMfnr is not supported
11-06 23:02:33.406 D/CAM_Camera2Module(17028): setSwMfnr to false
11-06 23:02:33.406 D/CAM_Camera2Module(17028): setLightingEffect: 0
11-06 23:02:33.406 D/CAM_EffectRenderGroup(17028): onEffectChanged: EFFECT_CHANGE_FILTER mEffectId = 66048
11-06 23:02:33.406 W/CAM_ImageModuleCameraManager(17028): no consumer for this updateType: 48
11-06 23:02:33.406 W/CAM_ImageModuleCameraManager(17028): no consumer for this updateType: 49
11-06 23:02:33.406 I/CAM_SplitLoadManager(17028): Split mimojifu will work in process com.android.camera, but it is not installed
11-06 23:02:33.406 W/CAM_BaseModuleCameraManager(17028): no consumer for this updateType: 49
11-06 23:02:33.407 W/CAM_ImageModuleCameraManager(17028): no consumer for this updateType: 52
11-06 23:02:33.407 D/CAM_Camera2Module(17028): SR is disabled
11-06 23:02:33.407 W/CAM_ImageModuleCameraManager(17028): no consumer for this updateType: 62
11-06 23:02:33.407 W/CAM_ImageModuleCameraManager(17028): no consumer for this updateType: 75
11-06 23:02:33.407 V/CAM_CameraConfigManager(17028): setHistogramStatsEnabled: false
11-06 23:02:33.407 V/CAM_CameraConfigManager(17028): setASDEnable: true
11-06 23:02:33.407 D/CAM_BaseModuleCameraManager(17028): updateASD call setASDEnable with true
11-06 23:02:33.407 W/CAM_ImageModuleCameraManager(17028): no consumer for this updateType: 76
11-06 23:02:33.407 W/CAM_Camera2CompatAdapterRole(17028): Warning: getAuxCameraId(): #init() failed, roleId=20
11-06 23:02:33.407 D/CAM_CaptureRequestBuilder(17028): applyDepurpleEnable: dodepurpleEnabled = true
11-06 23:02:33.407 W/CAM_ImageModuleCameraManager(17028): no consumer for this updateType: 78
11-06 23:02:33.407 W/CAM_ImageModuleCameraManager(17028): no consumer for this updateType: 77
11-06 23:02:33.407 D/CAM_MiCamera2(17028): sendSatFallbackDisableRequest: E. disable = false, isRepeatingRequest = true
11-06 23:02:33.407 D/CAM_MiCameraCompat(17028): applySatFallbackDisable: 0
11-06 23:02:33.407 D/CAM_MiCamera2(17028): sendSatFallbackDisableRequest: X.
11-06 23:02:33.407 V/CAM_CameraConfigManager(17028): applyHighQualityPreferred: true
11-06 23:02:33.407 W/CAM_ImageModuleCameraManager(17028): no consumer for this updateType: 92
11-06 23:02:33.408 D/CAM_CameraConfigManager(17028): setBeautyLens 4
11-06 23:02:33.408 W/CAM_ImageModuleCameraManager(17028): no consumer for this updateType: 98
11-06 23:02:33.408 W/CAM_BaseModuleCameraManager(17028): no consumer for this updateType: 98
11-06 23:02:33.408 W/CAM_ImageModuleCameraManager(17028): no consumer for this updateType: 109
11-06 23:02:33.408 D/CAM_BaseModuleCameraManager(17028): updateTeleFallbackMode: curCamId=0
11-06 23:02:33.408 V/CAM_CameraConfigManager(17028): setAperture(): 0.0
11-06 23:02:33.408 D/CAM_CameraConfigs(17028): aperture: 0.0
11-06 23:02:33.408 V/CAM_CameraConfigManager(17028): setExposureMode(): 0
11-06 23:02:33.408 D/CAM_CameraConfigs(17028): setExposureMode: 0
11-06 23:02:33.408 W/CAM_ImageModuleCameraManager(17028): no consumer for this updateType: 111
11-06 23:02:33.408 V/CAM_CameraConfigManager(17028): setIsZoomSpeedUp(): false
11-06 23:02:33.408 V/CAM_CaptureRequestBuilder(17028): applyIsZoomSpeedUp(): false
11-06 23:02:33.408 W/CAM_ImageModuleCameraManager(17028): no consumer for this updateType: 112
11-06 23:02:33.408 V/CAM_CameraConfigManager(17028): setIsZoomSpeedDown(): false
11-06 23:02:33.408 V/CAM_CaptureRequestBuilder(17028): applyIsZoomSpeedDown(): false
11-06 23:02:33.408 V/CAM_CameraConfigManager(17028): setFaceAEStrategy(): 0
11-06 23:02:33.408 D/CAM_CaptureRequestBuilder(17028): applyFaceAEStrategyFlag: 0
11-06 23:02:33.408 D/CAM_MiCameraCompat(17028): applyFaceAEStrategyFlag  case = 0
11-06 23:02:33.408 D/CAM_LiveShotManager(17028): updateLiveShot = false
11-06 23:02:33.408 I/CAM_SplitLoadManager(17028): Split mimojifu2 will work in process com.android.camera, but it is not installed
11-06 23:02:33.409 I/CAM_PerformanceManager(17028): [P_PERFORM]: Action: 5.2:applyPreviewSettings_163_0 takes 15 ms
11-06 23:02:33.409 I/CAM_SplitLoadManager(17028): Split milive will work in process com.android.camera, but it is not installed
11-06 23:02:33.409 I/CAM_PerformanceManager(17028): [P_PERFORM]: Action: 5:captureSessionReady2startPreview_163_0 takes 31 ms
11-06 23:02:33.409 V/CAM_LiveShotManager(17028): [KTP]updateLiveShot: E
11-06 23:02:33.409 V/CAM_MiCamera2(17028): resumePreview: cameraId=0 highSpeed=false | caller=d.c.b.p4.A0(Unknown Source:71), d.c.a.q6.r7$e.a(Unknown Source:203), d.c.a.q6.r7$e.accept(Unknown Source:2), io.reactivex.internal.observers.LambdaObserver.onNext(Unknown Source:8), 
11-06 23:02:33.409 V/CAM_LiveShotManager(17028): [KTP]updateLiveShot: X
11-06 23:02:33.409 I/CAM_SplitLoadManager(17028): Split panorama will work in process com.android.camera, but it is not installed
11-06 23:02:33.410 D/CameraService( 1555): startCameraStreamingOps: Start data delivery for uid 10586
11-06 23:02:33.410 I/CAM_SplitLoadManager(17028): Split ambilight will work in process com.android.camera, but it is not installed
11-06 23:02:33.410 I/CAM_MiCamera2(17028): [K_PROCESS]: resumePreview: repeating sequenceId: 0
11-06 23:02:33.410 I/CAM_SplitLoadManager(17028): Split mimojias will work in process com.android.camera, but it is not installed
11-06 23:02:33.410 I/CAM_SplitLoadManager(17028): Split vlog2 will work in process com.android.camera, but it is not installed
11-06 23:02:33.411 I/CAM_SplitLoadManager(17028): Split clone will work in process com.android.camera, but it is not installed
11-06 23:02:33.412 I/CAM_SplitLoadManager(17028): Split videosky will work in process com.android.camera, but it is not installed
11-06 23:02:33.413 I/CAM_SplitLoadManager(17028): Split movielens will work in process com.android.camera, but it is not installed
11-06 23:02:33.413 W/CAM_SplitLoadManager(17028): There are no installed splits!
11-06 23:02:33.414 D/SplitInstallManagerImpl(17028): App has no fused modules.
11-06 23:02:33.414 D/SplitInstallManagerImpl(17028): Split names are: []
11-06 23:02:33.414 D/CAM_ComponentConfigVideoQuality(17028): checkValueValid: invalid value: 8
11-06 23:02:33.414 W/ActivityManager( 1820): pid 1820 system sent binder code 15 with flags 0 to frozen apps and got error -32
11-06 23:02:33.414 E/CAM_ComponentConfigVideoQuality(17028): reset invalid value 8
11-06 23:02:33.415 D/CAM_InputDeviceManager(17028): updateZoomSegment: moduleIndex: 163, zoomSeg[0.6, 1.0, 2.0, 3.2, 5.0, 10.0]
11-06 23:02:33.415 D/CAM_Camera@123830004(17028): CameraSetupConsumer#accept: switch module done
11-06 23:02:33.415 E/NFC     ( 1820): NFC service dead - attempting to recover
11-06 23:02:33.415 E/NFC     ( 1820): android.os.DeadObjectException
11-06 23:02:33.415 E/NFC     ( 1820): 	at android.os.BinderProxy.transactNative(Native Method)
11-06 23:02:33.415 E/NFC     ( 1820): 	at android.os.BinderProxy.transact(BinderProxy.java:592)
11-06 23:02:33.415 E/NFC     ( 1820): 	at android.nfc.INfcAdapter$Stub$Proxy.setReaderMode(INfcAdapter.java:1408)
11-06 23:02:33.415 E/NFC     ( 1820): 	at android.nfc.NfcAdapter.lambda$setReaderModePollingEnabled$14(NfcAdapter.java:1791)
11-06 23:02:33.415 E/NFC     ( 1820): 	at android.nfc.NfcAdapter.$r8$lambda$ChHsu3zyyl-fmMSV4W6nAmsvLKQ(Unknown Source:0)
11-06 23:02:33.415 E/NFC     ( 1820): 	at android.nfc.NfcAdapter$$ExternalSyntheticLambda12.call(D8$$SyntheticClass:0)
11-06 23:02:33.415 E/NFC     ( 1820): 	at android.nfc.NfcAdapter.callService(NfcAdapter.java:2594)
11-06 23:02:33.415 E/NFC     ( 1820): 	at android.nfc.NfcAdapter.setReaderModePollingEnabled(NfcAdapter.java:1791)
11-06 23:02:33.415 E/NFC     ( 1820): 	at com.android.server.camera.CameraServiceProxy.notifyNfcService(CameraServiceProxy.java:1496)
11-06 23:02:33.415 E/NFC     ( 1820): 	at com.android.server.camera.CameraServiceProxy.updateActivityCount(CameraServiceProxy.java:1467)
11-06 23:02:33.415 E/NFC     ( 1820): 	at com.android.server.camera.CameraServiceProxy.-$$Nest$mupdateActivityCount(CameraServiceProxy.java:0)
11-06 23:02:33.415 E/NFC     ( 1820): 	at com.android.server.camera.CameraServiceProxy$2.notifyCameraState(CameraServiceProxy.java:849)
11-06 23:02:33.415 E/NFC     ( 1820): 	at android.hardware.ICameraServiceProxy$Stub.onTransact(ICameraServiceProxy.java:160)
11-06 23:02:33.415 E/NFC     ( 1820): 	at android.os.Binder.execTransactInternal(Binder.java:1426)
11-06 23:02:33.415 E/NFC     ( 1820): 	at android.os.Binder.execTransact(Binder.java:1365)
11-06 23:02:33.415 I/CAM_PerformanceManager(17028): [P_PERFORM]: Action: A7:switch_setup_consumer_163_0 takes 15 ms
11-06 23:02:33.415 D/CAM_DragLayout(17028): setDragEnable mDragMode : false, mPromptMode : false,mBar : null,withAnim : false
11-06 23:02:33.417 E/CamX    ( 1094): [ERROR][SENSOR ] camxoisdata.cpp:437 CreateOISModeCmd() [OISEIS] m_MaxOisFilterX=0x1756,m_MaxOisFilterY=0x1756
11-06 23:02:33.417 I/RefreshRateSelector( 1259): Display 4630946545580055169 policy changed
11-06 23:02:33.417 I/RefreshRateSelector( 1259): Previous: {defaultModeId=1, allowGroupSwitching=false, primaryRanges={physical=[0.00 Hz, 120.00 Hz], render=[0.00 Hz, 120.00 Hz]}, appRequestRanges={physical=[0.00 Hz, 120.00 Hz], render=[0.00 Hz, 120.00 Hz]} idleScreenConfig=nullptr}
11-06 23:02:33.417 I/RefreshRateSelector( 1259): Current:  DisplayManagerPolicy{defaultModeId=0, allowGroupSwitching=false, primaryRanges={physical=[60.00 Hz, 120.00 Hz], render=[60.00 Hz, 60.00 Hz]}, appRequestRanges={physical=[60.00 Hz, 120.00 Hz], render=[60.00 Hz, 60.00 Hz]} idleScreenConfig=nullptr}
11-06 23:02:33.417 I/RefreshRateSelector( 1259): 2 mode changes were performed under the previous policy
11-06 23:02:33.417 D/DisplayModeController( 1259): setDesiredMode 4630946545580055169 {mode={fps=60.00 Hz, modePtr={id=0, vsyncRate=60.00 Hz, peakRefreshRate=60.00 Hz}}, emitEvent=true, force=false}
11-06 23:02:33.419 I/CAM_ AdaptiveTv(17028): init:  mMaxFontScale :1.25
11-06 23:02:33.419 D/StartTopBarAdapter(17028): onBindViewHolder
11-06 23:02:33.420 D/NfcService(16953): setReaderMode: uid=1000, packageName: android, flags: 4096
11-06 23:02:33.420 D/StartTopBarAdapter(17028): updateView - anim id = 2131886459
11-06 23:02:33.420 I/StartTopBarAdapter(17028): shouldEnableAnim = false
11-06 23:02:33.421 E/NfcService(16953): setReaderMode: called with invalid flag parameter.
11-06 23:02:33.421 D/StartTopBarAdapter(17028): showJsonAnimation - anim id = 2131886459 image view = com.android.camera2.compat.theme.custom.mm.top.StrikethroughImageView{6c3d5e0 V.ED..C.. ......I. 0,0-116,116}
11-06 23:02:33.421 D/EndTopBarAdapter(17028): onBindViewHolder
11-06 23:02:33.421 D/EndTopBarAdapter(17028): updateView - anim id = 0
11-06 23:02:33.423 I/DisplayDeviceRepository( 1820): Display device changed render timings: "Pantalla integrada", renderFrameRate=60.000004, presentationDeadlineNanos=16666666, appVsyncOffsetNanos=1000000, frameRateOverrides=[]
11-06 23:02:33.429 D/audio_hw_primary( 1083): adev_set_parameters: enter: screen_state=on
11-06 23:02:33.429 V/msm8974_platform( 1083): platform_set_parameters: enter: screen_state=on
11-06 23:02:33.429 D/audio_hw_hfp( 1083): hfp_set_parameters: enter
11-06 23:02:33.429 D/sound_trigger_hw( 1083): handle_screen_status_change: screen on
11-06 23:02:33.429 D/audio_hw_hfp( 1083): hfp_set_parameters: enter
11-06 23:02:33.429 V/a2dp_offload( 1083): end of a2dp setparam
11-06 23:02:33.429 D/audio_hw_cspl_cal( 1083): cirrus_cal_setparameters: enter 0xe9502d60
11-06 23:02:33.429 D/audio_hw_extn( 1083): audio_extn_fm_set_parameters: Enter
11-06 23:02:33.429 D/audio_hw_hfp( 1083): hfp_set_parameters: enter
11-06 23:02:33.429 V/a2dp_offload( 1083): end of a2dp setparam
11-06 23:02:33.429 D/audio_hw_primary( 1083): adev_set_parameters: exit with code(0)
11-06 23:02:33.429 D/WindowManager( 1820): DeferredDisplayUpdater: partially applying DisplayInfo(1080 x 2340) immediately
11-06 23:02:33.430 D/CAM_AbstractFragment(17028): baseUpdateView FragmentTopAlert, true
11-06 23:02:33.432 I/vendor.qti.bluetooth@1.0-ibs_handler( 1092): ProcessIbsCmd: Received IBS_WAKE_IND: 0xFD
11-06 23:02:33.432 D/vendor.qti.bluetooth@1.0-ibs_handler( 1092): SerialClockVote: vote for UART CLK ON
11-06 23:02:33.432 D/vendor.qti.bluetooth@1.0-wake_lock( 1092): Acquire wakelock is acquired 
11-06 23:02:33.432 I/vendor.qti.bluetooth@1.0-ibs_handler( 1092): ProcessIbsCmd: Writing IBS_WAKE_ACK
11-06 23:02:33.432 D/CAM_FragmentTopAlert(17028): onStart
11-06 23:02:33.432 V/CAM_FaceView(17028): mCameraDisplayOrientation=90
11-06 23:02:33.432 V/CAM_FaceView(17028): mMirror=false
11-06 23:02:33.432 D/CAM_FragmentBottomPopupTips(17028): restoreAiState: maybe restore ai scene tip:0
11-06 23:02:33.448 I/hwservicemanager(  669): getTransport: Cannot find entry vendor.qti.hardware.servicetracker@1.0::IServicetracker/default in either framework or device VINTF manifest.
11-06 23:02:33.450 I/hwservicemanager(  669): getTransport: Cannot find entry vendor.qti.hardware.servicetracker@1.0::IServicetracker/default in either framework or device VINTF manifest.
11-06 23:02:33.513 I/vendor.qti.bluetooth@1.0-ibs_handler( 1092): ProcessIbsCmd: Received IBS_SLEEP_IND: 0xFE
11-06 23:02:33.513 D/vendor.qti.bluetooth@1.0-ibs_handler( 1092): SerialClockVote: vote for UART CLK OFF
11-06 23:02:33.555 D/CAM_Camera2DataContainer(17028): Currently user selected zoom ratio is 1.0
11-06 23:02:33.555 D/CAM_MiCamera2(17028): onCaptureCompleted: sequenceId = 0, frameNumber = 0
11-06 23:02:33.555 D/CAM_Camera2DataContainer(17028): getActualOpenCameraId: mode=a3, id=0->0
11-06 23:02:33.555 D/CAM_MiCamera2(17028): setState: 1
11-06 23:02:33.555 I/CAM_CameraScreenNail(17028): [K_PROCESS]: onFrameAvailable first frame arrived.
11-06 23:02:33.555 I/CAM_PerformanceManager(17028): [P_PERFORM]: Event: COLD_LAUNCH_163_0 takes 639 ms
11-06 23:02:33.555 I/CAM_PerformanceManager(17028): [P_PERFORM]: Event: HOT_LAUNCH has no start time, ignore this stop event as take 0 ms
11-06 23:02:33.555 I/CAM_PerformanceManager(17028): [P_PERFORM]: Event: COLD_LAUNCH takes 639 is less than 2000
11-06 23:02:33.555 D/CAM_ActivityBase(17028): onFrameAvailable: trackStartAppCost: 639
11-06 23:02:33.556 I/CAM_PerformanceManager(17028): [P_PERFORM]: Action: 6:[HAL]startPreview2firstFrame_163_0 takes 147 ms
11-06 23:02:33.556 D/CAM_RenderEngineV1(17028): clearAnimation
11-06 23:02:33.556 I/CAM_BaseModule(17028): [K_PROCESS]: enableCameraControls: enable = true, caller: d.c.a.q6.r7.g0(Unknown Source:19), com.android.camera.Camera.ni(Unknown Source:143), com.android.camera.ActivityBase.pi(Unknown Source:313), 
11-06 23:02:33.556 D/CAM_BaseModule(17028): setFrameAvailable true
11-06 23:02:33.556 D/CAM_FocusView(17028): reset: type = 8, is draw = false, mIsTouchFocus = false
11-06 23:02:33.556 D/CAM_InputDeviceManager(17028): addCustomInputDevices: E
11-06 23:02:33.557 D/CAM_Camera2Module(17028): init preview callback type decoders, previewCallbackType: 0x2, needUpdatePreference: false
11-06 23:02:33.557 D/CAM_InputDeviceManager(17028): addCustomInputDevices: X
11-06 23:02:33.557 D/CAM_InputDeviceManager(17028): updateConnStatus: E.
11-06 23:02:33.557 V/CAM_PreviewImage(17028): fillYUVDataWithoutPadding: image size=1440x1080, yBufSize=1589728, uvBufSize=794847, yRowStride=1472, uvRowStride=1472
11-06 23:02:33.558 D/CAM_FragmentBottomAction(17028): setClickEnable: true
11-06 23:02:33.558 D/CAM_CameraSnapView(17028): setClickEnable: true
11-06 23:02:33.559 D/CAM_BottomCV(17028): adjustThumbBg android.widget.ImageView{f5e8d73 VFED..... ......ID 0,0-100,100 #7f0b06f2 app:id/v9_thumbnail_image}
11-06 23:02:33.559 D/CAM_FragmentModeSelector(17028): setClickEnable: true
11-06 23:02:33.560 D/CAM_FragmentModeSelector(17028): notifyAfterFrameAvailable: dragChild's VState: 0 AlphaState: 1.0 TransLationY: 0.0
11-06 23:02:33.560 D/CAM_FragmentMainContentMM(17028): setClickEnable: true
11-06 23:02:33.560 D/CAM_InputDeviceManager(17028): updateConnStatus: X. cost: 3
11-06 23:02:33.560 V/CAM_FaceView(17028): mCameraDisplayOrientation=90
11-06 23:02:33.560 D/CAM_Camera2Module(17028): notifyAfterFirstFrameArrived.m3ALocked: false
11-06 23:02:33.560 D/CAM_FocusView(17028): onCameraOpen>>
11-06 23:02:33.560 W/CAM_FocusView(17028): onCameraOpen: adapter=d.c.a.r7.t1@9c5c6e4
11-06 23:02:33.560 D/CAM_MiuiCameraSound(17028): [WTP]loadCameraSound: E
11-06 23:02:33.560 D/CAM_MiuiCameraSound(17028): init SoundPool
11-06 23:02:33.560 D/CAM_TrackFocusView(17028): clear
11-06 23:02:33.560 D/CAM_FragmentTopBar(17028): setClickEnable: true
11-06 23:02:33.560 V/CAM_PreviewImage(17028): fillYUVDataWithoutPadding: cost time = 4ms
11-06 23:02:33.560 D/CAM_FragmentTopAlert(17028): setClickEnable: true
11-06 23:02:33.560 V/CAM_QRCodeDecoder(17028): decode E: previewImage is null? false
11-06 23:02:33.561 D/AudioSystem(17028): onNewService: media.audio_policy service obtained 0xb4000072cb881be0
11-06 23:02:33.562 D/AudioSystem(17028): getService: checking for service media.audio_policy: 0xb4000072cb881be0
11-06 23:02:33.568 D/CAM_ConfigChangeImpl(17028): reCheckAiAudio:SupportAiAudioNew
11-06 23:02:33.568 D/CAM_ConfigChangeImpl(17028): reCheckAiAudioSingle:alertAiAudioSingleBGHint
11-06 23:02:33.568 W/CAM_QRCodeDecoder(17028): decode: failed...  
11-06 23:02:33.569 D/CAM_BaseModule(17028): isSupportAFSaliency=false
11-06 23:02:33.571 D/CAM_FragmentDualCameraAdjustMM(17028): setClickEnable: true
11-06 23:02:33.571 D/CAM_ZoomRatioToggleView(17028): setEnabled(): true
11-06 23:02:33.571 D/CAM_MiuiCameraSound(17028): [WTP]loadCameraSound: X
11-06 23:02:33.571 D/CAM_FragmentDualCameraAdjust(17028): initZoomRatioForBackCamera(): zoom: 1.0
11-06 23:02:33.571 D/CAM_ComponentConfigVideoQuality(17028): checkValueValid: invalid value: 8
11-06 23:02:33.571 E/CAM_ComponentConfigVideoQuality(17028): reset invalid value 8
11-06 23:02:33.571 D/CAM_FragmentDualCameraAdjustMM(17028): provideAnimateElement(): initialized zoom ratio: 1.0
11-06 23:02:33.572 D/CAM_ZoomRatioToggleView(17028): count = 3
11-06 23:02:33.572 D/CAM_ZoomRatioToggleView(17028): setSuppressed(): false
11-06 23:02:33.572 D/CAM_ZoomRatioToggleView(17028): setSuppressed() ignored: false
11-06 23:02:33.572 I/CAM_ZoomRatioToggleView(17028): [U_ACTION]: setZoomRatio(): a = ZOOMING_BY_UNKNOWN_SOURCE,i = 1,z = 1.0,ti =1,tz =1.0
11-06 23:02:33.575 D/CAM_FragmentDualCameraAdjust(17028): initZoomRatioForBackCamera(): zoom: 1.0
11-06 23:02:33.575 D/CAM_ComponentConfigVideoQuality(17028): checkValueValid: invalid value: 8
11-06 23:02:33.575 E/CAM_ComponentConfigVideoQuality(17028): reset invalid value 8
11-06 23:02:33.575 D/MediaCodecList(17028): codecHandlesFormat: no format, so no extra checks
11-06 23:02:33.576 D/CAM_ComponentConfigVideoQuality(17028): checkValueValid: invalid value: 8
11-06 23:02:33.576 E/CAM_ComponentConfigVideoQuality(17028): reset invalid value 8
11-06 23:02:33.576 D/CAM_FragmentDualCameraAdjustMM(17028): provideAnimateElement(): initialized zoom ratio: 1.0
11-06 23:02:33.576 D/CAM_ZoomRatioToggleView(17028): count = 3
11-06 23:02:33.576 D/CAM_ZoomRatioToggleView(17028): setSuppressed(): false
11-06 23:02:33.576 D/CAM_ZoomRatioToggleView(17028): setSuppressed() ignored: false
11-06 23:02:33.576 I/CAM_ZoomRatioToggleView(17028): [U_ACTION]: setZoomRatio(): a = ZOOMING_BY_UNKNOWN_SOURCE,i = 1,z = 1.0,ti =1,tz =1.0
11-06 23:02:33.576 D/MediaCodecList(17028): codecHandlesFormat: no format, so no extra checks
11-06 23:02:33.577 D/CCodec  (17028): allocate(c2.android.vorbis.decoder)
11-06 23:02:33.577 D/CCodec  (17028): allocate(c2.android.vorbis.decoder)
11-06 23:02:33.578 I/ApexCodecsLazy(17028): Failed to load libcom.android.media.swcodec.apexcodecs.so: dlopen failed: library "libcom.android.media.swcodec.apexcodecs.so" not found
11-06 23:02:33.578 I/Codec2Client(17028): Available Codec2 services: "default" "software"
11-06 23:02:33.579 D/CAM_DispatchFragment(17028): frameAvailable
11-06 23:02:33.580 D/CAM_BaseModule(17028): types:86,, u@25274026: mid = 163, cid = 0, created = true, departed = false
11-06 23:02:33.580 D/CAM_Camera2Module(17028): setEffectFilter: 66048
11-06 23:02:33.580 D/CAM_EffectRenderGroup(17028): onEffectChanged: EFFECT_CHANGE_FILTER mEffectId = 66048
11-06 23:02:33.580 D/CAM_AiSceneManager(17028): setAiSceneEffect: 0
11-06 23:02:33.580 D/CAM_BaseModule(17028): accept 86,. d.c.a.q6.r7$e@9ef09ef
11-06 23:02:33.580 D/CAM_EffectController(17028): getAiColorCorrectionVersion: 2
11-06 23:02:33.580 D/CAM_BaseModule(17028): begin to consumePreference..
11-06 23:02:33.580 D/CAM_EffectController(17028): getAiColorCorrectionVersion: 2
11-06 23:02:33.580 D/CAM_CameraConfigManager(17028): setTrackFocusEnable false
11-06 23:02:33.580 D/CAM_EffectRenderGroup(17028): onEffectChanged: EFFECT_CHANGE_FILTER mEffectId = 66048
11-06 23:02:33.580 D/CAM_CameraConfigManager(17028): setTrackFocusFeatureEnable false
11-06 23:02:33.580 D/CAM_FaceView(17028): setSkipDraw: mSkipDraw=false
11-06 23:02:33.580 D/CAM_CameraConfigManager(17028): setTrackFocusEnable false
11-06 23:02:33.580 D/CAM_FragmentBottomPopupTips(17028): restoreAiState: maybe restore ai scene tip:0
11-06 23:02:33.580 V/CAM_MiCamera2(17028): resumePreview: cameraId=0 highSpeed=false | caller=d.c.b.p4.A0(Unknown Source:71), d.c.a.q6.r7$e.a(Unknown Source:203), d.c.a.q6.r7$e.accept(Unknown Source:2), io.reactivex.internal.observers.LambdaObserver.onNext(Unknown Source:8), 
11-06 23:02:33.581 I/CCodec  (17028): setting up 'default' as default (vendor) store
11-06 23:02:33.581 I/CCodec  (17028): setting up 'default' as default (vendor) store
11-06 23:02:33.581 D/CAM_FragmentTopAlert(17028): camerapicker:alertParameterDescriptionTip：visible   8
11-06 23:02:33.581 D/CAM_FragmentTopAlert(17028): camerapicker:alertParameterDescriptionTip->DESCRIPTION_NORMAL:change imageView
11-06 23:02:33.582 I/CAM_MiCamera2(17028): [K_PROCESS]: resumePreview: repeating sequenceId: 1
11-06 23:02:33.582 D/CAM_FragmentTopAlert(17028): camerapicker:alertParameterDescriptionTip->DESCRIPTION_FILTER:change imageView
11-06 23:02:33.582 D/CAM_CameraIDManager(17028): getGridWindowConfig:[ConfigItem{mLayoutType=PATCH_0, mDescription='1X', mPresentZoom=1.0, mCameraId=0, mRelativeZoom=1.0}, ConfigItem{mLayoutType=PATCH_3, mDescription='front', mPresentZoom=1.0, mCameraId=1, mRelativeZoom=1.0}, ConfigItem{mLayoutType=PATCH_1, mDescription='2X', mPresentZoom=2.0, mCameraId=0, mRelativeZoom=1.0}, ConfigItem{mLayoutType=PATCH_2, mDescription='5X', mPresentZoom=5.0, mCameraId=0, mRelativeZoom=1.0}]
11-06 23:02:33.583 D/CAM_Camera2CompatAdapter(17028): E: initCameraCapabilitiesByCameraId(): 1
11-06 23:02:33.586 W/WindowOnBackDispatcher( 2614): sendCancelIfRunning: isInProgress=false callback=android.view.ViewRootImpl$$ExternalSyntheticLambda13@b5b8e8f
11-06 23:02:33.587 I/RefreshRateSelector( 1259): Display 4630946545580055169 policy changed
11-06 23:02:33.587 I/RefreshRateSelector( 1259): Previous: {defaultModeId=0, allowGroupSwitching=false, primaryRanges={physical=[60.00 Hz, 120.00 Hz], render=[60.00 Hz, 60.00 Hz]}, appRequestRanges={physical=[60.00 Hz, 120.00 Hz], render=[60.00 Hz, 60.00 Hz]} idleScreenConfig=nullptr}
11-06 23:02:33.587 I/RefreshRateSelector( 1259): Current:  DisplayManagerPolicy{defaultModeId=1, allowGroupSwitching=false, primaryRanges={physical=[0.00 Hz, 120.00 Hz], render=[0.00 Hz, 120.00 Hz]}, appRequestRanges={physical=[0.00 Hz, 120.00 Hz], render=[0.00 Hz, 120.00 Hz]} idleScreenConfig=nullptr}
11-06 23:02:33.587 I/RefreshRateSelector( 1259): 0 mode changes were performed under the previous policy
11-06 23:02:33.587 D/DisplayModeController( 1259): setDesiredMode 4630946545580055169 {mode={fps=60.00 Hz, modePtr={id=0, vsyncRate=60.00 Hz, peakRefreshRate=60.00 Hz}}, emitEvent=true, force=false}
11-06 23:02:33.590 D/BufferPoolAccessor2.0( 1569): bufferpool2 0xf27405c8 : 0(0 size) total buffers - 0(0 size) used buffers - 876/881 (recycle/alloc) - 6/1752 (fetch/transfer)
11-06 23:02:33.591 D/BufferPoolAccessor2.0( 1569): Destruction - bufferpool2 0xf27405c8 cached: 0/0M, 0/0% in use; allocs: 881, 99% recycled; transfers: 1752, 100% unfetched
11-06 23:02:33.591 D/CAM_CameraCapabilities(17028): QuickShotDelayTime tag not defined
11-06 23:02:33.591 I/CCodec  (17028): Created component [c2.android.vorbis.decoder] for [c2.android.vorbis.decoder]
11-06 23:02:33.591 D/CAM_CameraCapabilities(17028): HQQuickShot: mFeatureMask: 0   mDelayTimeMask: 0
11-06 23:02:33.591 D/CAM_CameraCapabilities(17028): QuickShotDelayTimeFactor tag not defined
11-06 23:02:33.591 D/CAM_CameraCapabilities(17028): QuickShot: mDelayTimeFactor: 100
11-06 23:02:33.591 D/CAM_CameraCapabilities(17028): MiviSuperNight: mSuperNightMask: 0
11-06 23:02:33.591 D/CAM_CameraCapabilities(17028): QuickShotNextCaptureMask: mQuickShotNextCaptureMask: 0
11-06 23:02:33.591 D/CAM_CameraCapabilities(17028): getBeautyVersionData: 3 ,beautyVersion: 3 ,beautyAlgo: 1
11-06 23:02:33.591 D/CAM_CameraCapabilities(17028): SnapshotQuickViewStreamMask: 0
11-06 23:02:33.591 D/CCodecConfig(17028): read media type: audio/vorbis
11-06 23:02:33.591 D/CAM_Camera2CompatAdapter(17028): X: initCameraCapabilitiesByCameraId(): 1
11-06 23:02:33.592 D/CAM_Camera2CompatAdapter(17028): E: initCameraCapabilitiesByCameraId(): 0
11-06 23:02:33.593 D/ReflectedParamUpdater(17028): extent() != 1 for single value type: algo.buffers.max-count.values
11-06 23:02:33.593 D/ReflectedParamUpdater(17028): extent() != 1 for single value type: output.subscribed-indices.values
11-06 23:02:33.593 D/ReflectedParamUpdater(17028): extent() != 1 for single value type: input.buffers.allocator-ids.values
11-06 23:02:33.593 D/ReflectedParamUpdater(17028): extent() != 1 for single value type: output.buffers.allocator-ids.values
11-06 23:02:33.593 D/ReflectedParamUpdater(17028): extent() != 1 for single value type: algo.buffers.allocator-ids.values
11-06 23:02:33.593 D/ReflectedParamUpdater(17028): extent() != 1 for single value type: output.buffers.pool-ids.values
11-06 23:02:33.593 D/ReflectedParamUpdater(17028): extent() != 1 for single value type: algo.buffers.pool-ids.values
11-06 23:02:33.594 I/CCodecConfig(17028): query failed after returning 8 values (BAD_INDEX)
11-06 23:02:33.594 D/CCodecConfig(17028): c2 config diff is Dict {
11-06 23:02:33.594 D/CCodecConfig(17028):   c2::u32 coded.bitrate.value = 64000
11-06 23:02:33.594 D/CCodecConfig(17028):   c2::u32 input.buffers.max-size.value = 32768
11-06 23:02:33.594 D/CCodecConfig(17028):   c2::u32 input.delay.value = 0
11-06 23:02:33.594 D/CCodecConfig(17028):   string input.media-type.value = "audio/vorbis"
11-06 23:02:33.594 D/CCodecConfig(17028):   c2::u32 output.large-frame.max-size = 0
11-06 23:02:33.594 D/CCodecConfig(17028):   c2::u32 output.large-frame.threshold-size = 0
11-06 23:02:33.594 D/CCodecConfig(17028):   string output.media-type.value = "audio/raw"
11-06 23:02:33.594 D/CCodecConfig(17028):   c2::u32 raw.channel-count.value = 1
11-06 23:02:33.594 D/CCodecConfig(17028):   c2::u32 raw.sample-rate.value = 48000
11-06 23:02:33.594 D/CCodecConfig(17028): }
11-06 23:02:33.595 D/CCodec  (17028): [c2.android.vorbis.decoder] buffers are bound to CCodec for this session
11-06 23:02:33.595 D/CCodecConfig(17028): no c2 equivalents for durationUs
11-06 23:02:33.595 D/CCodecConfig(17028): no c2 equivalents for track-id
11-06 23:02:33.595 D/CCodecConfig(17028): no c2 equivalents for csd-1
11-06 23:02:33.595 D/CCodecConfig(17028): no c2 equivalents for flags
11-06 23:02:33.595 I/CCodec  (17028): Created component [c2.android.vorbis.decoder] for [c2.android.vorbis.decoder]
11-06 23:02:33.595 D/CCodecConfig(17028): c2 config diff is   c2::u32 coded.bitrate.value = 499821
11-06 23:02:33.595 D/CCodecConfig(17028):   c2::u32 raw.channel-count.value = 2
11-06 23:02:33.595 D/CCodecConfig(17028):   c2::u32 raw.sample-rate.value = 44100
11-06 23:02:33.595 D/CCodecConfig(17028): read media type: audio/vorbis
11-06 23:02:33.595 W/Codec2Client(17028): query -- param skipped: index = 1107298332.
11-06 23:02:33.595 D/CCodec  (17028): encoding statistics level = 0
11-06 23:02:33.595 D/CCodec  (17028): setup formats input: AMessage(what = 0x00000000) = {
11-06 23:02:33.595 D/CCodec  (17028):   int32_t bitrate = 499821
11-06 23:02:33.595 D/CCodec  (17028):   int32_t channel-count = 2
11-06 23:02:33.595 D/CCodec  (17028):   int32_t max-input-size = 32768
11-06 23:02:33.595 D/CCodec  (17028):   string mime = "audio/vorbis"
11-06 23:02:33.595 D/CCodec  (17028):   int32_t sample-rate = 44100
11-06 23:02:33.595 D/CCodec  (17028): }
11-06 23:02:33.595 D/CCodec  (17028): setup formats output: AMessage(what = 0x00000000) = {
11-06 23:02:33.595 D/CCodec  (17028):   int32_t buffer-batch-max-output-size = 0
11-06 23:02:33.595 D/CCodec  (17028):   int32_t buffer-batch-threshold-output-size = 0
11-06 23:02:33.595 D/CCodec  (17028):   int32_t channel-count = 2
11-06 23:02:33.595 D/CCodec  (17028):   string mime = "audio/raw"
11-06 23:02:33.595 D/CCodec  (17028):   int32_t sample-rate = 44100
11-06 23:02:33.595 D/CCodec  (17028):   int32_t channel-mask = 3
11-06 23:02:33.595 D/CCodec  (17028):   int32_t android._config-pcm-encoding = 2
11-06 23:02:33.595 D/CCodec  (17028): }
11-06 23:02:33.595 I/CCodecConfig(17028): query failed after returning 8 values (BAD_INDEX)
11-06 23:02:33.598 W/Codec2Client(17028): query -- param skipped: index = 1342179345.
11-06 23:02:33.598 W/Codec2Client(17028): query -- param skipped: index = 2415921170.
11-06 23:02:33.598 D/C2Store (17028): Using ION
11-06 23:02:33.598 D/DisplayModeController( 1259): setDesiredMode 4630946545580055169 {mode={fps=90.00 Hz, modePtr={id=1, vsyncRate=90.00 Hz, peakRefreshRate=90.00 Hz}}, emitEvent=true, force=false}
11-06 23:02:33.598 D/CCodecBufferChannel(17028): [c2.android.vorbis.decoder#351] Created input block pool with allocatorID 16 => poolID 17 - OK (0)
11-06 23:02:33.599 W/InteractionJankMonitor(17028): Initializing without READ_DEVICE_CONFIG permission. enabled=false, interval=1, missedFrameThreshold=3, frameTimeThreshold=64, package=com.android.camera
11-06 23:02:33.599 I/CCodecBufferChannel(17028): [c2.android.vorbis.decoder#351] Created output block pool with allocatorID 16 => poolID 555 - OK
11-06 23:02:33.599 D/CAM_CameraCapabilities(17028): QuickShotDelayTime tag not defined
11-06 23:02:33.599 D/CCodecBufferChannel(17028): [c2.android.vorbis.decoder#351] Configured output block pool ids 555 => OK
11-06 23:02:33.599 D/CAM_CameraCapabilities(17028): HQQuickShot: mFeatureMask: 0   mDelayTimeMask: 0
11-06 23:02:33.599 D/CAM_CameraCapabilities(17028): QuickShotDelayTimeFactor tag not defined
11-06 23:02:33.599 D/CAM_CameraCapabilities(17028): QuickShot: mDelayTimeFactor: 100
11-06 23:02:33.599 E/Codec2-ComponentInterface( 1606): We have a failed config
11-06 23:02:33.599 D/CAM_CameraCapabilities(17028): MiviSuperNight: mSuperNightMask: 0
11-06 23:02:33.599 D/CAM_CameraCapabilities(17028): QuickShotNextCaptureMask: mQuickShotNextCaptureMask: 0
11-06 23:02:33.599 D/CAM_CameraCapabilities(17028): getBeautyVersionData: 3 ,beautyVersion: 3 ,beautyAlgo: 1
11-06 23:02:33.599 D/CAM_CameraCapabilities(17028): SnapshotQuickViewStreamMask: 0
11-06 23:02:33.599 D/CAM_Camera2CompatAdapter(17028): X: initCameraCapabilitiesByCameraId(): 0
11-06 23:02:33.599 W/CAM_CameraCapabilities(17028): isCurrentDeviceSupportHdr10 AVAILABLE_CONFIGURATIONS is not defined
11-06 23:02:33.600 W/CAM_CameraCapabilities(17028): isCurrentDeviceSupportHdr10 AVAILABLE_CONFIGURATIONS is not defined
11-06 23:02:33.600 W/CAM_CameraCapabilities(17028): isCurrentDeviceSupportHdr10 AVAILABLE_CONFIGURATIONS is not defined
11-06 23:02:33.600 D/CAM_SpeechShutterImpl(17028): processingSpeechShutter false
11-06 23:02:33.600 D/SimpleC2Component( 1606): Using output block pool with poolID 555 => got 555 - 0
11-06 23:02:33.600 D/CAM_FocusView(17028): msg=9 true
11-06 23:02:33.602 D/CAM_V9SuspendShutterButton(17028): init  isBACK = -1
11-06 23:02:33.603 D/ReflectedParamUpdater(17028): extent() != 1 for single value type: algo.buffers.max-count.values
11-06 23:02:33.603 D/ReflectedParamUpdater(17028): extent() != 1 for single value type: output.subscribed-indices.values
11-06 23:02:33.603 D/ReflectedParamUpdater(17028): extent() != 1 for single value type: input.buffers.allocator-ids.values
11-06 23:02:33.603 D/ReflectedParamUpdater(17028): extent() != 1 for single value type: output.buffers.allocator-ids.values
11-06 23:02:33.603 D/ReflectedParamUpdater(17028): extent() != 1 for single value type: algo.buffers.allocator-ids.values
11-06 23:02:33.603 D/ReflectedParamUpdater(17028): extent() != 1 for single value type: output.buffers.pool-ids.values
11-06 23:02:33.603 D/ReflectedParamUpdater(17028): extent() != 1 for single value type: algo.buffers.pool-ids.values
11-06 23:02:33.605 I/CCodecConfig(17028): query failed after returning 8 values (BAD_INDEX)
11-06 23:02:33.605 D/CAM_ActivityBase(17028): dismissCoverView
11-06 23:02:33.605 D/CCodecConfig(17028): c2 config diff is Dict {
11-06 23:02:33.605 D/CCodecConfig(17028):   c2::u32 coded.bitrate.value = 64000
11-06 23:02:33.605 D/CCodecConfig(17028):   c2::u32 input.buffers.max-size.value = 32768
11-06 23:02:33.605 D/CCodecConfig(17028):   c2::u32 input.delay.value = 0
11-06 23:02:33.605 D/CCodecConfig(17028):   string input.media-type.value = "audio/vorbis"
11-06 23:02:33.605 D/CCodecConfig(17028):   c2::u32 output.large-frame.max-size = 0
11-06 23:02:33.605 D/CCodecConfig(17028):   c2::u32 output.large-frame.threshold-size = 0
11-06 23:02:33.605 D/CCodecConfig(17028):   string output.media-type.value = "audio/raw"
11-06 23:02:33.605 D/CCodecConfig(17028):   c2::u32 raw.channel-count.value = 1
11-06 23:02:33.605 D/CCodecConfig(17028):   c2::u32 raw.sample-rate.value = 48000
11-06 23:02:33.605 D/CCodecConfig(17028): }
11-06 23:02:33.605 V/CAM_QRCodeDecoder(17028): decode X: result = 
11-06 23:02:33.606 D/CCodec  (17028): [c2.android.vorbis.decoder] buffers are bound to CCodec for this session
11-06 23:02:33.606 D/CCodecConfig(17028): no c2 equivalents for durationUs
11-06 23:02:33.606 D/CCodecConfig(17028): no c2 equivalents for track-id
11-06 23:02:33.606 D/CCodecConfig(17028): no c2 equivalents for csd-1
11-06 23:02:33.606 D/CCodecConfig(17028): no c2 equivalents for flags
11-06 23:02:33.606 D/CCodecConfig(17028): c2 config diff is   c2::u32 coded.bitrate.value = 112000
11-06 23:02:33.606 D/CCodecConfig(17028):   c2::u32 raw.channel-count.value = 2
