11-06 23:02:34.484 I/CameraProviderManager( 1555): Camera device device@3.5/legacy/6 torch status is now NOT_AVAILABLE
11-06 23:02:34.484 I/CameraService( 1555): onTorchStatusChangedLocked: Torch status changed for cameraId=6, newStatus=0
11-06 23:02:34.484 W/CameraManagerGlobal( 1820): ignore the torch status update of camera: 6
11-06 23:02:34.484 W/CameraManagerGlobal( 2614): ignore the torch status update of camera: 6
11-06 23:02:34.484 W/CameraManagerGlobal( 3844): ignore the torch status update of camera: 6
11-06 23:02:34.484 W/CameraManagerGlobal( 6085): ignore the torch status update of camera: 5
11-06 23:02:34.484 W/CameraManagerGlobal( 4150): ignore the torch status update of camera: 6
11-06 23:02:34.485 I/CameraProviderManager( 1555): Camera device device@3.5/legacy/7 torch status is now NOT_AVAILABLE
11-06 23:02:34.485 I/CameraService( 1555): onTorchStatusChangedLocked: Torch status changed for cameraId=7, newStatus=0
11-06 23:02:34.485 W/CameraManagerGlobal( 6085): ignore the torch status update of camera: 6
11-06 23:02:34.485 W/CameraManagerGlobal( 1820): ignore the torch status update of camera: 7
11-06 23:02:34.485 W/CameraManagerGlobal( 2614): ignore the torch status update of camera: 7
11-06 23:02:34.485 W/CameraManagerGlobal( 6085): ignore the torch status update of camera: 7
11-06 23:02:34.485 W/CameraManagerGlobal( 4150): ignore the torch status update of camera: 7
11-06 23:02:34.485 I/CameraProviderManager( 1555): Camera device device@3.5/legacy/8 torch status is now NOT_AVAILABLE
11-06 23:02:34.485 I/CameraService( 1555): onTorchStatusChangedLocked: Torch status changed for cameraId=8, newStatus=0
11-06 23:02:34.485 E/CameraService( 1555): onTorchStatusChangedLocked: cannot get torch status of camera 8: No such file or directory (-2)
11-06 23:02:34.485 I/CameraProviderManager( 1555): Camera device device@3.5/legacy/9 torch status is now NOT_AVAILABLE
11-06 23:02:34.485 I/CameraService( 1555): onTorchStatusChangedLocked: Torch status changed for cameraId=9, newStatus=0
11-06 23:02:34.485 W/CameraManagerGlobal( 3844): ignore the torch status update of camera: 7
11-06 23:02:34.485 W/CameraManagerGlobal( 2614): ignore the torch status update of camera: 9
11-06 23:02:34.485 W/CameraManagerGlobal( 1820): ignore the torch status update of camera: 9
11-06 23:02:34.485 W/CameraManagerGlobal( 6085): ignore the torch status update of camera: 9
11-06 23:02:34.485 W/CameraManagerGlobal( 4150): ignore the torch status update of camera: 9
11-06 23:02:34.485 W/CameraManagerGlobal( 3844): ignore the torch status update of camera: 9
11-06 23:02:34.486 I/CameraProviderManager( 1555): Camera device device@3.5/legacy/10 torch status is now NOT_AVAILABLE
11-06 23:02:34.486 I/CameraService( 1555): onTorchStatusChangedLocked: Torch status changed for cameraId=10, newStatus=0
11-06 23:02:34.486 W/CameraManagerGlobal( 1820): ignore the torch status update of camera: 10
11-06 23:02:34.486 W/CameraManagerGlobal( 2614): ignore the torch status update of camera: 10
11-06 23:02:34.486 W/CameraManagerGlobal( 4150): ignore the torch status update of camera: 10
11-06 23:02:34.486 W/CameraManagerGlobal( 6085): ignore the torch status update of camera: 10
11-06 23:02:34.486 W/CameraManagerGlobal( 3844): ignore the torch status update of camera: 10
11-06 23:02:34.486 I/hwservicemanager(  669): getTransport: Cannot find entry vendor.display.config@1.9::IDisplayConfig/default in either framework or device VINTF manifest.
11-06 23:02:34.486 E/CamX    ( 1094): [ERROR][FORMAT ] camxdisplayconfig.cpp:124 Initialize() IDisplayConfig service is NULL, version 1.9
11-06 23:02:34.490 D/SsBaseTemplateCard( 2880): No text view can be set up
11-06 23:02:34.490 I/SsBaseTemplateCard( 2880): setFormattedContentDescription: text=10°C, iconDescription=Mayormente nublado, contentDescription=Mayormente nublado, 10°C
11-06 23:02:34.490 D/SsBaseTemplateCard( 2880): Passed-in item info is null
11-06 23:02:34.490 D/SsBaseTemplateCard( 2880): Passed-in item info is null
11-06 23:02:34.490 I/SsBaseTemplateCard( 2880): Secondary card pane is null
11-06 23:02:34.490 I/SsBaseTemplateCard( 2880): setFormattedContentDescription: text=Lluvias de poca intensidad, iconDescription=Lluvias de poca intensidad, contentDescription=Lluvias de poca intensidad, Lluvias de poca intensidad
11-06 23:02:34.491 D/SsBaseTemplateCard( 2880): Passed-in item info is null
11-06 23:02:34.491 D/SsBaseTemplateCard( 2880): Passed-in item info is null
11-06 23:02:34.495 D/Camera3-Utils( 1555): Set regular priority for thread (tid 3983)
11-06 23:02:34.495 D/audio_hw_primary( 1083): adev_set_parameters: enter: cameraFacing=back
11-06 23:02:34.495 V/msm8974_platform( 1083): platform_set_parameters: enter: cameraFacing=back
11-06 23:02:34.496 I/CAM_OpenCameraCallable(17028): [K_PROCESS]: openCamera: X: cid = 0
11-06 23:02:34.496 D/CAM_OpenCameraCallable(17028): X: cid: 0 (dur: 31)
11-06 23:02:34.496 D/audio_hw_hfp( 1083): hfp_set_parameters: enter
11-06 23:02:34.496 D/CAM_OpenCameraCallable(17028): postCallback
11-06 23:02:34.496 D/audio_hw_hfp( 1083): hfp_set_parameters: enter
11-06 23:02:34.496 V/a2dp_offload( 1083): end of a2dp setparam
11-06 23:02:34.496 D/audio_hw_cspl_cal( 1083): cirrus_cal_setparameters: enter 0xe9502d60
11-06 23:02:34.496 D/audio_hw_extn( 1083): audio_extn_fm_set_parameters: Enter
11-06 23:02:34.496 D/CAM_OpenCameraCallable(17028): Success: cid: 0 (dur: 32)
11-06 23:02:34.496 D/audio_hw_hfp( 1083): hfp_set_parameters: enter
11-06 23:02:34.496 I/CAM_CameraStateCallback(17028): [K_PROCESS]: onOpened: cid = 0
11-06 23:02:34.496 V/a2dp_offload( 1083): end of a2dp setparam
11-06 23:02:34.496 D/audio_hw_primary( 1083): adev_set_parameters: exit with code(0)
11-06 23:02:34.496 I/CAM_PerformanceManager(17028): [P_PERFORM]: Action: 2:[HAL]openCamera@0_162_0 takes 32 ms
11-06 23:02:34.496 I/CAM_CameraOpenObservable(17028): [K_PROCESS]: onOpened: cid = 0, listener = 130893676
11-06 23:02:34.496 I/CAM_Camera2OpenManager(17028): [K_PROCESS]: onOpened: cid = 0|android.hardware.camera2.impl.CameraDeviceImpl@a6c4cb
11-06 23:02:34.496 D/CAM_Camera2OpenManager(17028): fire: result = d.c.a.q6.t8.b.u@6f9d4a8, requested cid = 0
11-06 23:02:34.496 W/iexpresshd:tool(17202): Failed to find entry 'classes.dex': Entry not found
11-06 23:02:34.496 D/CAM_Camera2OpenManager(17028): fire: emitted
11-06 23:02:34.496 D/CAM_Camera@123830004(17028): onLifeAlive module 0xa2, need anim 2, need blur true need reconfig true reset type 8
11-06 23:02:34.496 D/CAM_Camera@123830004(17028): isFromKeyguard: false
11-06 23:02:34.496 D/CAM_Camera@123830004(17028): onLifeAlive: isFromKeyguard: false, mHasFocus: true
11-06 23:02:34.496 W/iexpresshd:tool(17202): Failed to find entry 'classes.dex': Entry not found
11-06 23:02:34.497 I/CAM_PermissionManager(17028): getNeedCheckPermissionList() listSize =0
11-06 23:02:34.497 I/CAM_PermissionManager(17028): checkCameraLaunchPermissions(), all on
11-06 23:02:34.497 D/CAM_Camera@123830004(17028): setupCamera: E
11-06 23:02:34.497 D/CAM_Camera@123830004(17028): closeCameraSetup: CameraPendingSetupDisposable: X
11-06 23:02:34.497 D/CAM_Camera@123830004(17028): closeCameraSetup: CameraSetupDisposable: X
11-06 23:02:34.497 D/CAM_Camera@123830004(17028): setupCamera: CameraSetupDisposable: E
11-06 23:02:34.497 D/CAM_Camera@123830004(17028): setupCamera: X
11-06 23:02:34.497 I/CAM_PermissionManager(17028): getNeedCheckPermissionList() listSize =0
11-06 23:02:34.497 I/CAM_PermissionManager(17028): checkCameraLaunchPermissions(), all on
11-06 23:02:34.497 D/CAM_FunctionCameraPrepare(17028): reconfigureData needResetForFrontZoom:false lastCameraId:0 mResetType:8 mLastMode:163 mTargetMode:162
11-06 23:02:34.500 D/CAM_DataItemGlobal(17028): setCameraIdTransient: mLastCameraId = 0, cameraId = 0
11-06 23:02:34.500 I/CAM_PerformanceManager(17028): [P_PERFORM]: Action: A2:switch_camera_prepare_162_0 takes 3 ms
11-06 23:02:34.500 D/CAM_Camera2OpenOnSubScribe(17028): subscribe: request to open 0
11-06 23:02:34.500 D/CAM_CameraSettings(17028): isVhdrOn: hdr component not init or empty
11-06 23:02:34.500 D/CAM_Camera2DataContainer(17028): Currently user selected zoom ratio is 1.0
11-06 23:02:34.500 W/iexpresshd:tool(17202): Failed to find entry 'classes.dex': Entry not found
11-06 23:02:34.500 D/CAM_Camera2DataContainer(17028): Use main camera when no supportVideoSATForVideoQuality
11-06 23:02:34.500 D/CAM_Camera2DataContainer(17028): getActualOpenCameraId: mode=a2, id=0->0
11-06 23:02:34.501 D/CAM_CameraCapabilities(17028): isSupportReplaceSession: false
11-06 23:02:34.501 D/CAM_Camera2OpenManager(17028): openCamera: reusable = false
11-06 23:02:34.501 W/iexpresshd:tool(17202): Failed to find entry 'classes.dex': Entry not found
11-06 23:02:34.501 I/CAM_Camera2OpenManager(17028): [K_PROCESS]: cid: 0 -> 0, mid: 162 -> 162, fcc: false
11-06 23:02:34.501 D/CAM_Camera2OpenManager(17028): removeCameraCallables
11-06 23:02:34.501 D/CAM_Camera2OpenManager(17028): subscribeCameraResultObservable: E
11-06 23:02:34.501 D/CAM_CloseCameraCallable(17028): E: cid: null
11-06 23:02:34.501 D/CAM_Camera2OpenOnSubScribe(17028): onSubscribe
11-06 23:02:34.501 I/CAM_CloseCameraCallable(17028): [K_PROCESS]: E: closeCamera: cid = null, excludes = [0]
11-06 23:02:34.501 W/iexpresshd:tool(17202): Failed to find entry 'classes.dex': Entry not found
11-06 23:02:34.501 D/CAM_CloseCameraCallable(17028): closeCamera: camera '0' is excluded
11-06 23:02:34.501 I/CAM_CloseCameraCallable(17028): [K_PROCESS]: X: closeCamera: cid = null, excludes = [0]
11-06 23:02:34.501 D/CAM_CloseCameraCallable(17028): X: cid: null (dur: 0)
11-06 23:02:34.501 D/CAM_Camera2OpenManager(17028): subscribeCameraResultObservable: X
11-06 23:02:34.501 D/CAM_CameraOpenObservable(17028): subscribeActual: openCamera: cid = 0, listener = 9998528
11-06 23:02:34.501 D/CAM_CloseCameraCallable(17028): postCallback
11-06 23:02:34.501 W/iexpresshd:tool(17202): Failed to find entry 'classes.dex': Entry not found
11-06 23:02:34.501 I/CAM_PerformanceManager(17028): [P_PERFORM]: Action: A3:switch_camera_2_open_162_0 takes 1 ms
11-06 23:02:34.501 D/CAM_CloseCameraCallable(17028): Success: cid: null (dur: 0)
11-06 23:02:34.501 D/CAM_OpenCameraCallable(17028): E: cid: 0
11-06 23:02:34.501 D/CAM_OpenCameraCallable(17028): Camera is already opened: cid = 0
11-06 23:02:34.501 D/CAM_MiCamera2(17028): setCaptureBusyCallback: null
11-06 23:02:34.501 D/CAM_CameraCapabilities(17028): isSupportReplaceSession: false
11-06 23:02:34.501 I/CAM_CameraStateCallback(17028): [K_PROCESS]: onOpened: cid = 0
11-06 23:02:34.501 D/CAM_OpenCameraCallable(17028): X: cid: 0 (dur: 0)
11-06 23:02:34.501 I/CAM_CameraOpenObservable(17028): [K_PROCESS]: onOpened: cid = 0, listener = 9998528
11-06 23:02:34.501 W/iexpresshd:tool(17202): Failed to find entry 'classes.dex': Entry not found
11-06 23:02:34.501 D/CAM_OpenCameraCallable(17028): postCallback
11-06 23:02:34.502 I/CAM_Camera2OpenManager(17028): [K_PROCESS]: onOpened: cid = 0|android.hardware.camera2.impl.CameraDeviceImpl@a6c4cb
11-06 23:02:34.502 D/CAM_Camera2OpenManager(17028): fire: result = d.c.a.q6.t8.b.u@302f53e, requested cid = 0
11-06 23:02:34.502 D/CAM_Camera2OpenManager(17028): fire: emitted
11-06 23:02:34.502 W/iexpresshd:tool(17202): Failed to find entry 'classes.dex': Entry not found
11-06 23:02:34.502 D/CAM_OpenCameraCallable(17028): Success: cid: 0 (dur: 1)
11-06 23:02:34.502 W/iexpresshd:tool(17202): Failed to find entry 'classes.dex': Entry not found
11-06 23:02:34.502 W/iexpresshd:tool(17202): Failed to find entry 'classes.dex': Entry not found
11-06 23:02:34.503 W/iexpresshd:tool(17202): Failed to find entry 'classes.dex': Entry not found
11-06 23:02:34.503 W/iexpresshd:tool(17202): Failed to find entry 'classes.dex': Entry not found
11-06 23:02:34.504 W/iexpresshd:tool(17202): Failed to find entry 'classes.dex': Entry not found
11-06 23:02:34.504 W/iexpresshd:tool(17202): Failed to find entry 'classes.dex': Entry not found
11-06 23:02:34.505 W/iexpresshd:tool(17202): Failed to find entry 'classes.dex': Entry not found
11-06 23:02:34.505 D/nativeloader(17202): Configuring clns-9 for other apk /data/app/~~WJZ2BeVPvx5ZsAbIRv9Sbg==/com.alibaba.aliexpresshd-UVD_VLcVal-8YKYsI8QPnA==/base.apk:/data/app/~~WJZ2BeVPvx5ZsAbIRv9Sbg==/com.alibaba.aliexpresshd-UVD_VLcVal-8YKYsI8QPnA==/split_aeocr.apk:/data/app/~~WJZ2BeVPvx5ZsAbIRv9Sbg==/com.alibaba.aliexpresshd-UVD_VLcVal-8YKYsI8QPnA==/split_aeocr.config.arm64_v8a.apk:/data/app/~~WJZ2BeVPvx5ZsAbIRv9Sbg==/com.alibaba.aliexpresshd-UVD_VLcVal-8YKYsI8QPnA==/split_aeocr.config.xxhdpi.apk:/data/app/~~WJZ2BeVPvx5ZsAbIRv9Sbg==/com.alibaba.aliexpresshd-UVD_VLcVal-8YKYsI8QPnA==/split_aiFoundation.apk:/data/app/~~WJZ2BeVPvx5ZsAbIRv9Sbg==/com.alibaba.aliexpresshd-UVD_VLcVal-8YKYsI8QPnA==/split_aiFoundation.config.arm64_v8a.apk:/data/app/~~WJZ2BeVPvx5ZsAbIRv9Sbg==/com.alibaba.aliexpresshd-UVD_VLcVal-8YKYsI8QPnA==/split_aiFoundation.config.xxhdpi.apk:/data/app/~~WJZ2BeVPvx5ZsAbIRv9Sbg==/com.alibaba.aliexpresshd-UVD_VLcVal-8YKYsI8QPnA==/split_config.arm64_v8a.apk:/data/app/~~WJZ2BeVPvx5ZsAbIRv9Sbg==/com.alibaba.aliexpresshd-UVD_VLcVal-8YKYsI
11-06 23:02:34.507 D/CompatChangeReporter(17202): Compat change id reported: 202956589; UID 10723; state: ENABLED
11-06 23:02:34.509 D/CAM_Camera2OpenOnSubScribe(17028): onNext: hasSurface = true, isCapture = false
11-06 23:02:34.509 D/CAM_FunctionCameraOpenResult(17028): apply: result = 2
11-06 23:02:34.509 D/CAM_Camera2OpenOnSubScribe(17028): onComplete
11-06 23:02:34.509 D/CAM_FunctionModuleSetup(17028): apply: module isPresent = true
11-06 23:02:34.509 D/CAM_EffectRenderGroup(17028): onEffectChanged: EFFECT_CHANGE_FILTER mEffectId = 66048
11-06 23:02:34.509 I/CAM_BaseModule(17028): [K_PROCESS]: onCreate: moduleIndex->162, cameraId->0@k8@162948399: mid = 162, cid = 0, created = false, departed = false
11-06 23:02:34.509 D/CAM_CameraSettings(17028): isVhdrOn: hdr component not init or empty
11-06 23:02:34.510 D/CAM_Camera2DataContainer(17028): Currently user selected zoom ratio is 1.0
11-06 23:02:34.510 D/CAM_Camera2DataContainer(17028): Use main camera when no supportVideoSATForVideoQuality
11-06 23:02:34.510 D/CAM_Camera2DataContainer(17028): getActualOpenCameraId: mode=a2, id=0->0
11-06 23:02:34.510 D/CAM_BaseModule(17028): enumerating: d.c.b.p4@37b14b5 - cid: 0
11-06 23:02:34.510 I/CAM_BaseModule(17028): setCameraDevice: d.c.b.p4@37b14b5 - cid: 0
11-06 23:02:34.510 D/CAM_Camera2CompatAdapter(17028): E: initCameraCapabilitiesByCameraId(): 3
11-06 23:02:34.512 I/iexpresshd:tool(17202): AssetManager2(0x735b8177d8) locale list changing from [] to [es-ES]
11-06 23:02:34.514 E/BoostFramework(17202): BoostFramework() : Exception_1 = java.lang.ClassNotFoundException: com.qualcomm.qti.Performance
11-06 23:02:34.514 E/BoostFramework(17202): BoostFramework() Ux Perf: Exception = java.lang.ClassNotFoundException: com.qualcomm.qti.UxPerformance
11-06 23:02:34.514 I/vendor.qti.bluetooth@1.0-ibs_handler( 1092): ProcessIbsCmd: Received IBS_WAKE_IND: 0xFD
11-06 23:02:34.515 D/vendor.qti.bluetooth@1.0-ibs_handler( 1092): SerialClockVote: vote for UART CLK ON
11-06 23:02:34.515 V/GraphicsEnvironment(17202): Currently set values for:
11-06 23:02:34.515 V/GraphicsEnvironment(17202):   angle_gl_driver_selection_pkgs=[com.android.angle, com.linecorp.b612.android, com.campmobile.snow, com.google.android.apps.tachyon]
11-06 23:02:34.515 V/GraphicsEnvironment(17202):   angle_gl_driver_selection_values=[angle, native, native, native]
11-06 23:02:34.515 D/vendor.qti.bluetooth@1.0-wake_lock( 1092): Acquire wakelock is acquired 
11-06 23:02:34.515 V/GraphicsEnvironment(17202): com.alibaba.aliexpresshd is not listed in per-application setting
11-06 23:02:34.515 I/vendor.qti.bluetooth@1.0-ibs_handler( 1092): ProcessIbsCmd: Writing IBS_WAKE_ACK
11-06 23:02:34.515 V/GraphicsEnvironment(17202): ANGLE allowlist from config: 
11-06 23:02:34.515 V/GraphicsEnvironment(17202): com.alibaba.aliexpresshd is not listed in ANGLE allowlist or settings, returning default
11-06 23:02:34.515 V/GraphicsEnvironment(17202): Neither updatable production driver nor prerelease driver is supported.
11-06 23:02:34.517 I/LoadedApk(17202): No resource references to update in package com.alibaba.aliexpresshd.push
11-06 23:02:34.517 I/LoadedApk(17202): No resource references to update in package com.alibaba.aliexpresshd.widget
11-06 23:02:34.517 I/LoadedApk(17202): No resource references to update in package com.alibaba.aliexpresshd.ugc
11-06 23:02:34.518 I/LoadedApk(17202): No resource references to update in package com.alibaba.aliexpresshd.aeocr
11-06 23:02:34.518 I/LoadedApk(17202): No resource references to update in package com.alibaba.aliexpresshd.wallet
11-06 23:02:34.518 D/CAM_CameraCapabilities(17028): QuickShotDelayTime tag not defined
11-06 23:02:34.518 D/CAM_CameraCapabilities(17028): HQQuickShot: mFeatureMask: 0   mDelayTimeMask: 0
11-06 23:02:34.518 D/CAM_CameraCapabilities(17028): QuickShotDelayTimeFactor tag not defined
11-06 23:02:34.518 D/CAM_CameraCapabilities(17028): QuickShot: mDelayTimeFactor: 100
11-06 23:02:34.518 D/CAM_CameraCapabilities(17028): MiviSuperNight: mSuperNightMask: 0
11-06 23:02:34.518 D/CAM_CameraCapabilities(17028): QuickShotNextCaptureMask: mQuickShotNextCaptureMask: 0
11-06 23:02:34.518 D/CAM_CameraCapabilities(17028): getBeautyVersionData: 3 ,beautyVersion: 3 ,beautyAlgo: 1
11-06 23:02:34.518 D/CAM_CameraCapabilities(17028): SnapshotQuickViewStreamMask: 0
11-06 23:02:34.518 D/CAM_Camera2CompatAdapter(17028): X: initCameraCapabilitiesByCameraId(): 3
11-06 23:02:34.519 I/CAM_UserRecordSetting(17028): needChooseVideoBeauty false 162
11-06 23:02:34.519 D/CAM_Camera2CompatAdapter(17028): E: initCameraCapabilitiesByCameraId(): 0
11-06 23:02:34.520 I/System.out(17202): PerfLogger::PerfLogger: setMainProcess: false
11-06 23:02:34.523 I/iexpresshd:tool(17202): AssetManager2(0x735b818458) locale list changing from [] to [es-ES]
11-06 23:02:34.523 I/iexpresshd:tool(17202): AssetManager2(0x735b80d878) locale list changing from [] to [es-ES]
11-06 23:02:34.523 I/System.out(17202): UCChildProcessOptimize init cost time:0, com.alibaba.aliexpresshd:tool
11-06 23:02:34.526 D/CAM_CameraCapabilities(17028): QuickShotDelayTime tag not defined
11-06 23:02:34.526 D/CAM_CameraCapabilities(17028): HQQuickShot: mFeatureMask: 0   mDelayTimeMask: 0
11-06 23:02:34.527 D/CAM_CameraCapabilities(17028): QuickShotDelayTimeFactor tag not defined
11-06 23:02:34.527 D/CAM_CameraCapabilities(17028): QuickShot: mDelayTimeFactor: 100
11-06 23:02:34.527 D/CAM_CameraCapabilities(17028): MiviSuperNight: mSuperNightMask: 0
11-06 23:02:34.527 D/CAM_CameraCapabilities(17028): QuickShotNextCaptureMask: mQuickShotNextCaptureMask: 0
11-06 23:02:34.527 D/CAM_CameraCapabilities(17028): getBeautyVersionData: 3 ,beautyVersion: 3 ,beautyAlgo: 1
11-06 23:02:34.527 D/CAM_CameraCapabilities(17028): SnapshotQuickViewStreamMask: 0
11-06 23:02:34.527 D/CAM_Camera2CompatAdapter(17028): X: initCameraCapabilitiesByCameraId(): 0
11-06 23:02:34.527 W/CAM_CameraCapabilities(17028): isCurrentQualitySupportEis.support is null
11-06 23:02:34.527 D/CompatibilityUtils(17028): isAndroidS sdk 36 preview sdk 0
11-06 23:02:34.527 I/CAM_UserRecordSetting(17028): default eis
11-06 23:02:34.527 D/CompatibilityUtils(17028): isAndroidS sdk 36 preview sdk 0
11-06 23:02:34.527 D/CAM_CameraCapabilities(17028): is4K60FpsEISSupported: 0
11-06 23:02:34.527 W/CAM_CameraCapabilities(17028): isCurrentQualitySupportEis.support is null
11-06 23:02:34.527 I/CAM_UserRecordSetting(17028): needChooseVideoBeauty false 162
11-06 23:02:34.527 I/CAM_VideoModuleDevice(17028): pure eis
11-06 23:02:34.527 D/CAM_ModuleDevice(17028): getOperatingMode: 8004
11-06 23:02:34.527 D/CAM_CameraCapabilities(17028): isFovcSupported: 1
11-06 23:02:34.528 D/CAM_Camera2CompatAdapter(17028): E: initCameraCapabilitiesByCameraId(): 2
11-06 23:02:34.528 D/nativeloader(17202): Load /data/app/~~WJZ2BeVPvx5ZsAbIRv9Sbg==/com.alibaba.aliexpresshd-UVD_VLcVal-8YKYsI8QPnA==/lib/arm64/liblauncher_perf.so using class loader ns clns-9 (caller=/data/app/~~WJZ2BeVPvx5ZsAbIRv9Sbg==/com.alibaba.aliexpresshd-UVD_VLcVal-8YKYsI8QPnA==/base.apk!classes3.dex): ok
11-06 23:02:34.535 D/CAM_CameraCapabilities(17028): QuickShotDelayTime tag not defined
11-06 23:02:34.535 D/CAM_CameraCapabilities(17028): HQQuickShot: mFeatureMask: 0   mDelayTimeMask: 0
11-06 23:02:34.535 D/CAM_CameraCapabilities(17028): QuickShotDelayTimeFactor tag not defined
11-06 23:02:34.535 D/CAM_CameraCapabilities(17028): QuickShot: mDelayTimeFactor: 100
11-06 23:02:34.535 D/CAM_CameraCapabilities(17028): MiviSuperNight: mSuperNightMask: 0
11-06 23:02:34.535 D/CAM_CameraCapabilities(17028): QuickShotNextCaptureMask: mQuickShotNextCaptureMask: 0
11-06 23:02:34.535 D/CAM_CameraCapabilities(17028): getBeautyVersionData: 3 ,beautyVersion: 3 ,beautyAlgo: 1
11-06 23:02:34.535 D/CAM_CameraCapabilities(17028): SnapshotQuickViewStreamMask: 0
11-06 23:02:34.535 D/CAM_Camera2CompatAdapter(17028): X: initCameraCapabilitiesByCameraId(): 2
11-06 23:02:34.535 I/CAM_UserRecordSetting(17028): needChooseVideoBeauty false 162
11-06 23:02:34.535 D/CAM_Camera2CompatAdapter(17028): E: initCameraCapabilitiesByCameraId(): 0
11-06 23:02:34.543 D/CAM_CameraCapabilities(17028): QuickShotDelayTime tag not defined
11-06 23:02:34.543 D/CAM_CameraCapabilities(17028): HQQuickShot: mFeatureMask: 0   mDelayTimeMask: 0
11-06 23:02:34.543 D/CAM_CameraCapabilities(17028): QuickShotDelayTimeFactor tag not defined
11-06 23:02:34.543 D/CAM_CameraCapabilities(17028): QuickShot: mDelayTimeFactor: 100
11-06 23:02:34.543 D/CAM_CameraCapabilities(17028): MiviSuperNight: mSuperNightMask: 0
11-06 23:02:34.543 D/CAM_CameraCapabilities(17028): QuickShotNextCaptureMask: mQuickShotNextCaptureMask: 0
11-06 23:02:34.543 D/CAM_CameraCapabilities(17028): getBeautyVersionData: 3 ,beautyVersion: 3 ,beautyAlgo: 1
11-06 23:02:34.543 D/CAM_CameraCapabilities(17028): SnapshotQuickViewStreamMask: 0
11-06 23:02:34.543 D/CAM_Camera2CompatAdapter(17028): X: initCameraCapabilitiesByCameraId(): 0
11-06 23:02:34.543 W/CAM_CameraCapabilities(17028): isCurrentQualitySupportEis.support is null
11-06 23:02:34.543 D/CompatibilityUtils(17028): isAndroidS sdk 36 preview sdk 0
11-06 23:02:34.543 I/CAM_UserRecordSetting(17028): default eis
11-06 23:02:34.543 D/CompatibilityUtils(17028): isAndroidS sdk 36 preview sdk 0
11-06 23:02:34.543 D/CAM_CameraCapabilities(17028): is4K60FpsEISSupported: 0
11-06 23:02:34.543 W/CAM_CameraCapabilities(17028): isCurrentQualitySupportEis.support is null
11-06 23:02:34.543 I/CAM_UserRecordSetting(17028): needChooseVideoBeauty false 162
11-06 23:02:34.544 I/CAM_VideoModuleDevice(17028): pure eis
11-06 23:02:34.544 D/CAM_ModuleDevice(17028): getOperatingMode: 8004
11-06 23:02:34.544 D/CAM_CameraCapabilities(17028): isFovcSupported: 1
11-06 23:02:34.544 D/CAM_BaseModule(17028): create disposable k8@162948399: mid = 162, cid = 0, created = false, departed = false 0
11-06 23:02:34.544 D/CAM_EffectRenderGroup(17028): onEffectChanged: EFFECT_CHANGE_FILTER mEffectId = 66048
11-06 23:02:34.544 I/CAM_BaseModule(17028): [K_PROCESS]: enableCameraControls: enable = false, caller: d.c.a.q6.r7.g0(Unknown Source:19), d.c.a.q6.k8.Xj(Unknown Source:69), d.c.a.q6.r7.f5(Unknown Source:4), 
11-06 23:02:34.544 D/CAM_k8  (17028): onCameraOpened: E
11-06 23:02:34.544 I/CAM_UserRecordSetting(17028): needChooseVideoBeauty false 162
11-06 23:02:34.544 W/CAM_CameraCapabilities(17028): isCurrentQualitySupportEis.support is null
11-06 23:02:34.544 D/CompatibilityUtils(17028): isAndroidS sdk 36 preview sdk 0
11-06 23:02:34.544 I/CAM_UserRecordSetting(17028): default eis
11-06 23:02:34.544 D/CompatibilityUtils(17028): isAndroidS sdk 36 preview sdk 0
11-06 23:02:34.544 D/CAM_CameraCapabilities(17028): is4K60FpsEISSupported: 0
11-06 23:02:34.544 W/CAM_CameraCapabilities(17028): isCurrentQualitySupportEis.support is null
11-06 23:02:34.544 D/nativeloader(16779): Load /data/app/~~WJZ2BeVPvx5ZsAbIRv9Sbg==/com.alibaba.aliexpresshd-UVD_VLcVal-8YKYsI8QPnA==/lib/arm64/libcore_daemon.so using class loader ns clns-9 (caller=/data/app/~~WJZ2BeVPvx5ZsAbIRv9Sbg==/com.alibaba.aliexpresshd-UVD_VLcVal-8YKYsI8QPnA==/base.apk): ok
11-06 23:02:34.544 I/CAM_UserRecordSetting(17028): needChooseVideoBeauty false 162
11-06 23:02:34.544 I/CAM_VideoModuleDevice(17028): pure eis
11-06 23:02:34.544 D/CAM_ModuleDevice(17028): getOperatingMode: 8004
11-06 23:02:34.544 D/CAM_CameraCapabilities(17028): isFovcSupported: 1
11-06 23:02:34.544 I/Immortal(16779): nativeHoldFileLock lock success!
11-06 23:02:34.545 I/Immortal(16779): nativeHoldFileLock lock success!
11-06 23:02:34.545 D/CAM_Camera2CompatAdapter(17028): E: initCameraCapabilitiesByCameraId(): 3
11-06 23:02:34.545 I/Immortal(16779): nativeHoldFileLock lock success!
11-06 23:02:34.545 I/Immortal(16779): nativeHoldFileLock lock success!
11-06 23:02:34.553 D/CAM_CameraCapabilities(17028): QuickShotDelayTime tag not defined
11-06 23:02:34.553 D/CAM_CameraCapabilities(17028): HQQuickShot: mFeatureMask: 0   mDelayTimeMask: 0
11-06 23:02:34.553 D/CAM_CameraCapabilities(17028): QuickShotDelayTimeFactor tag not defined
11-06 23:02:34.553 D/CAM_CameraCapabilities(17028): QuickShot: mDelayTimeFactor: 100
11-06 23:02:34.553 D/CAM_CameraCapabilities(17028): MiviSuperNight: mSuperNightMask: 0
11-06 23:02:34.553 D/CAM_CameraCapabilities(17028): QuickShotNextCaptureMask: mQuickShotNextCaptureMask: 0
11-06 23:02:34.553 D/CAM_CameraCapabilities(17028): getBeautyVersionData: 3 ,beautyVersion: 3 ,beautyAlgo: 1
11-06 23:02:34.553 D/CAM_CameraCapabilities(17028): SnapshotQuickViewStreamMask: 0
11-06 23:02:34.553 D/CAM_Camera2CompatAdapter(17028): X: initCameraCapabilitiesByCameraId(): 3
11-06 23:02:34.553 D/CAM_ZoomManager(17028): initEquivalentFocalLength: get equivalentFocalLength is null
11-06 23:02:34.553 D/CAM_Camera2CompatAdapter(17028): E: initCameraCapabilitiesByCameraId(): 0
11-06 23:02:34.560 D/CAM_CameraCapabilities(17028): QuickShotDelayTime tag not defined
11-06 23:02:34.560 D/CAM_CameraCapabilities(17028): HQQuickShot: mFeatureMask: 0   mDelayTimeMask: 0
11-06 23:02:34.560 D/CAM_CameraCapabilities(17028): QuickShotDelayTimeFactor tag not defined
11-06 23:02:34.560 D/CAM_CameraCapabilities(17028): QuickShot: mDelayTimeFactor: 100
11-06 23:02:34.560 D/CAM_CameraCapabilities(17028): MiviSuperNight: mSuperNightMask: 0
11-06 23:02:34.560 D/CAM_CameraCapabilities(17028): QuickShotNextCaptureMask: mQuickShotNextCaptureMask: 0
11-06 23:02:34.560 D/CAM_CameraCapabilities(17028): getBeautyVersionData: 3 ,beautyVersion: 3 ,beautyAlgo: 1
11-06 23:02:34.560 D/CAM_CameraCapabilities(17028): SnapshotQuickViewStreamMask: 0
11-06 23:02:34.560 D/CAM_Camera2CompatAdapter(17028): X: initCameraCapabilitiesByCameraId(): 0
11-06 23:02:34.560 D/CAM_ZoomManager(17028): initEquivalentFocalLength: get equivalentFocalLength is null
11-06 23:02:34.560 D/CAM_ZoomManager(17028): initEquivalentFocalLength: mEquivalentFocalLengthValues={}
11-06 23:02:34.560 D/CAM_ZoomManager(17028): setZoomRatio(): 1.0
11-06 23:02:34.560 W/CAM_Camera2CompatAdapterRole(17028): Warning: getAuxCameraId(): #init() failed, roleId=20
11-06 23:02:34.560 W/CAM_Camera2CompatAdapterRole(17028): Warning: getUltraTeleCameraId(): #init() failed, roleId=23
11-06 23:02:34.560 D/CAM_ZoomManager(17028): initializeZoomRatio zoom:1.0
11-06 23:02:34.560 D/CAM_BaseModuleStateManager(17028): setKeyFocusPressed: false
11-06 23:02:34.560 I/CAM_SettingUiState(17028): FucName videoTag  mode: 162 isFront:false
11-06 23:02:34.561 V/CAM_CameraUtil(17028): getRotation: sensorOrientation:90,orientation:0
11-06 23:02:34.561 D/CAM_UserRecordSetting(17028): getQuality: quality = 8
11-06 23:02:34.561 W/CAM_CameraCapabilities(17028): isCurrentDeviceSupportHdr10 AVAILABLE_CONFIGURATIONS is not defined
11-06 23:02:34.561 W/CAM_CameraCapabilities(17028): isCurrentDeviceSupportHdr10 AVAILABLE_CONFIGURATIONS is not defined
11-06 23:02:34.561 W/CAM_CameraCapabilities(17028): isCurrentDeviceSupportHdr10 AVAILABLE_CONFIGURATIONS is not defined
11-06 23:02:34.561 D/CAM_UserRecordSetting(17028): frameRate=30 profileSize=3840x2160 codec=2
11-06 23:02:34.561 D/CAM_CameraCapabilities(17028): addStreamConfigurationToList: xiaomi.scaler.availableLimitStreamConfigurations: size = 251
11-06 23:02:34.562 D/CAM_UserRecordSetting(17028): initVideoSize: 3840x2160
11-06 23:02:34.562 D/CAM_UserRecordSetting(17028): initVideoOrientation: 90
11-06 23:02:34.562 D/CompatibilityUtils(17028): isAndroidS sdk 36 preview sdk 0
11-06 23:02:34.562 D/CAM_TAG (17028): boostCameraByThreshold 2202010
11-06 23:02:34.562 D/CAM_CameraUtil(17028): modeValue 162
11-06 23:02:34.562 E/CAM_CameraUtil(17028): Failed to reclaimMemoryForCamera miui.process.ProcessManager
11-06 23:02:34.562 D/CAM_BaseModule(17028): isSupportAFSaliency=false
11-06 23:02:34.563 D/CAM_FocusManager(17028): setCharacteristics: mFocusAreaSupported = true, mAELockOnlySupported = false
11-06 23:02:34.563 E/CAM_FocusManagerAbstract(17028): setRenderSize: 1080 | 1440
11-06 23:02:34.563 D/CAM_FocusManager(17028): setPreviewSize: 1080x1440
11-06 23:02:34.563 D/CAM_ComponentConfigHDR10(17028): reInit E
11-06 23:02:34.563 D/CAM_ComponentConfigHDR10(17028): isTagMutex hdr10, current id not support, id 0
11-06 23:02:34.563 D/CAM_ComponentConfigHDR10(17028): isTagMutex hdr10+, current id not support, id 0
11-06 23:02:34.563 W/CAM_CameraCapabilities(17028): isCurrentDeviceSupportHdr10 AVAILABLE_CONFIGURATIONS is not defined
11-06 23:02:34.563 W/CAM_CameraCapabilities(17028): isCurrentDeviceSupportHdr10 AVAILABLE_CONFIGURATIONS is not defined
11-06 23:02:34.563 D/CAM_ComponentConfigHDR10(17028): reInit X, isVideoHdrModeSupported mSupportedArray {} mIsTagMutexEnableArray {}
11-06 23:02:34.563 W/CAM_Camera2CompatAdapterRole(17028): Warning: getAuxCameraId(): #init() failed, roleId=20
11-06 23:02:34.563 W/CAM_Camera2CompatAdapterRole(17028): Warning: getUltraTeleCameraId(): #init() failed, roleId=23
11-06 23:02:34.563 D/CAM_ZoomManager(17028): applyZoomRatio(): apply zoom ratio to device = 1.0
11-06 23:02:34.563 V/CAM_CameraConfigManager(17028): setZoomRatio(): 1.0
11-06 23:02:34.563 D/CAM_CameraConfigs(17028): zoom ratio diff: 0.0
11-06 23:02:34.563 D/CAM_MiCamera2(17028): setModuleParameter: d.c.b.p4.a1(Unknown Source:11), d.c.a.q6.r7.Nk(Unknown Source:14), d.c.a.q6.k8.wi(Unknown Source:163), d.c.a.q6.r7.U4(Unknown Source:0), d.c.a.q6.k8.Vj(Unknown Source:85), 
11-06 23:02:34.563 D/CAM_CameraCapabilities(17028): is30fpsDynamicSupported: false
11-06 23:02:34.563 D/CAM_CameraCapabilities(17028): is60fpsDynamicSupported: 0
11-06 23:02:34.563 D/CAM_BaseModuleCameraManager(17028): updateFpsRange: available fps:[10, 10]
11-06 23:02:34.563 D/CAM_BaseModuleCameraManager(17028): updateFpsRange: available fps:[12, 12]
11-06 23:02:34.563 D/CAM_BaseModuleCameraManager(17028): updateFpsRange: available fps:[15, 15]
11-06 23:02:34.563 D/CAM_BaseModuleCameraManager(17028): updateFpsRange: available fps:[24, 24]
11-06 23:02:34.564 D/CAM_BaseModuleCameraManager(17028): updateFpsRange: available fps:[25, 25]
11-06 23:02:34.564 D/CAM_BaseModuleCameraManager(17028): updateFpsRange: available fps:[10, 30]
11-06 23:02:34.564 D/CAM_BaseModuleCameraManager(17028): updateFpsRange: available fps:[12, 30]
11-06 23:02:34.564 D/CAM_BaseModuleCameraManager(17028): updateFpsRange: available fps:[30, 30]
11-06 23:02:34.564 D/CAM_BaseModuleCameraManager(17028): bestRange = [30, 30]
11-06 23:02:34.564 V/CAM_CameraConfigManager(17028): setFpsRange: [30, 30]
11-06 23:02:34.564 I/CAM_CameraConfigManager(17028): [K_PROCESS]: setVideoFpsRange: [30, 30]
11-06 23:02:34.564 D/CAM_CameraCapabilities(17028): addStreamConfigurationToList: xiaomi.scaler.availableLimitStreamConfigurations: size = 251
11-06 23:02:34.565 I/CAM_k8  (17028): [K_PROCESS]: videoSize: 3840x2160
11-06 23:02:34.565 I/CAM_k8  (17028): [K_PROCESS]: pictureSize: 3840x2160
11-06 23:02:34.565 D/CAM_k8  (17028): updateCameraScreenNailSize: 1920x1080
11-06 23:02:34.565 V/CAM_STScreenNail(17028): updateReadPixelsSize: 720x960
11-06 23:02:34.565 D/CAM_STScreenNail(17028): setDefaultBufferSize: 1920 | 1080
11-06 23:02:34.566 V/CAM_CameraConfigManager(17028): setCinematicVideoEnabled: false
11-06 23:02:34.566 V/CAM_CameraConfigManager(17028): setExposureCompensation: 0
11-06 23:02:34.566 D/CAM_k8  (17028): [DynamicFpsConfig] not support dynamicfps config
11-06 23:02:34.566 D/CAM_CameraConfigManager(17028): setTrackFocusEnable false
11-06 23:02:34.566 D/CAM_CameraConfigManager(17028): setTrackFocusFeatureEnable false
11-06 23:02:34.566 I/CAM_UserRecordSetting(17028): needChooseVideoBeauty false 162
11-06 23:02:34.566 W/CAM_CameraCapabilities(17028): isCurrentQualitySupportEis.support is null
11-06 23:02:34.566 D/CompatibilityUtils(17028): isAndroidS sdk 36 preview sdk 0
11-06 23:02:34.566 I/CAM_UserRecordSetting(17028): default eis
11-06 23:02:34.566 D/CAM_k8  (17028): updateVideoStabilization: eisOn = true, forceOISOn = false
11-06 23:02:34.566 D/CAM_k8  (17028): videoStabilization: EIS
11-06 23:02:34.566 V/CAM_CameraConfigManager(17028): setEnableOIS false
11-06 23:02:34.566 V/CAM_CameraConfigManager(17028): setEnableEIS: true
11-06 23:02:34.566 D/CAM_CameraCapabilities(17028): isEISPreviewSupported: 1
11-06 23:02:34.566 V/CAM_CameraConfigManager(17028): setAperture(): 0.0
11-06 23:02:34.566 D/CAM_CameraConfigs(17028): aperture: 0.0
11-06 23:02:34.566 V/CAM_CameraConfigManager(17028): setExposureMode(): 0
11-06 23:02:34.566 D/CAM_CameraConfigs(17028): setExposureMode: 0
11-06 23:02:34.566 V/CAM_CameraConfigManager(17028): setIsZoomSpeedUp(): false
11-06 23:02:34.566 V/CAM_CameraConfigManager(17028): setIsZoomSpeedDown(): false
11-06 23:02:34.566 V/CAM_CameraUtil(17028): getRotation: sensorOrientation:90,orientation:0
11-06 23:02:34.566 D/CAM_UserRecordSetting(17028): initVideoOrientation: 90
11-06 23:02:34.566 D/CAM_RecorderController(17028): initializeRecorder>>startRecorder = false
11-06 23:02:34.567 D/CCodec  (17028): hidl based PersistentSurface created
11-06 23:02:34.567 D/CAM_RecorderController(17028): createRecordSurface: Surface(name=null mNativeObject=-5476376645788247520)/@0xca66e16
11-06 23:02:34.567 W/StagefrightRecorder( 1569): stop while neither recording nor paused
11-06 23:02:34.568 D/CAM_RecorderController(17028): initializeRecorder: init android.media.MediaRecorder@36bc397
11-06 23:02:34.568 D/CAM_AiAudioController(17028): initializeRecorder: prorecord
11-06 23:02:34.568 D/CAM_AiAudioParameterManager(17028): init AiAudioParamManager = false
11-06 23:02:34.568 D/CAM_RecorderController(17028): setupRecorder: videoSize = 3840x2160
11-06 23:02:34.568 D/CAM_RecorderController(17028): setupRecorder: profile videoFrameRate = 30
11-06 23:02:34.568 D/CAM_RecorderController(17028): setupRecorder: H264 bitrate = 50000000
11-06 23:02:34.568 D/CAM_RecorderController(17028): setupRecorder: maxDuration = 0
11-06 23:02:34.568 I/CAM_Storage(17028): getLeftSpace() return 55382859776
11-06 23:02:34.568 V/CAM_RecorderController(17028): setupRecorder: maxFileSize = 3670016000
11-06 23:02:34.574 W/StagefrightRecorder( 1569): Max file duration is not positive: 0 us. Disabling duration limit.
11-06 23:02:34.574 W/StagefrightRecorder( 1569): Target duration (0 us) too short to be respected
11-06 23:02:34.574 E/StagefrightRecorder( 1569): setParameter: failed to find key video-param-encoding-bframe
11-06 23:02:34.574 E/MediaRecorder(17028): setParameters(video-param-encoding-bframe=0) failed: -22
11-06 23:02:34.574 E/CAM_k8  (17028): setParameterExtra(video-param-encoding-bframe=0) failed:null
11-06 23:02:34.574 D/CompatibilityUtils(17028): isAndroidS sdk 36 preview sdk 0
11-06 23:02:34.574 W/CAM_CameraCapabilities(17028): isCurrentDeviceSupportHdr10 AVAILABLE_CONFIGURATIONS is not defined
11-06 23:02:34.574 W/CAM_CameraCapabilities(17028): isCurrentDeviceSupportHdr10 AVAILABLE_CONFIGURATIONS is not defined
11-06 23:02:34.574 W/CAM_CameraCapabilities(17028): isCurrentDeviceSupportHdr10 AVAILABLE_CONFIGURATIONS is not defined
11-06 23:02:34.575 I/CAM_k8  (17028): [K_PROCESS]: genContentValues: path=/storage/emulated/0/DCIM/Camera/VID_20251106_230234.mp4 isStartRecorder=false 
11-06 23:02:34.576 D/CAM_VideoFile(17028): setMediaRecorderOutput temp path -> /data/user/0/com.android.camera/cache/VID_20251106_230234.mp4
11-06 23:02:34.577 I/hwservicemanager(  669): TokenManager tokens count added by (uid: 10586, pid: 17028), now: 1
11-06 23:02:34.577 I/hwservicemanager(  669): TokenManager tokens count removed by (uid: 1013, pid: 1569), now: 0
11-06 23:02:34.578 D/MPEG4Writer( 1569): PreAllocation enabled
11-06 23:02:34.578 D/MediaCodecList( 1569): codecHandlesFormat: no format, so no extra checks
11-06 23:02:34.578 D/MediaCodecList( 1569): codecHandlesFormat: no format, so no extra checks
11-06 23:02:34.578 D/CCodec  ( 1569): allocate(c2.android.avc.encoder)
11-06 23:02:34.580 I/CCodec  ( 1569): setting up 'default' as default (vendor) store
11-06 23:02:34.582 I/mediaswcodec( 1606): missing struct descriptor #Param::CoreIndex(--004) for field values of struct #Param::CoreIndex(F-12004)
11-06 23:02:34.582 I/mediaswcodec( 1606): missing struct descriptor #Param::CoreIndex(--1812) for field values of struct #Param::CoreIndex(F-11812)
11-06 23:02:34.583 I/mediaswcodec( 1606): missing struct descriptor #Param::CoreIndex(--004) for field values of struct #Param::CoreIndex(F-12004)
11-06 23:02:34.583 I/mediaswcodec( 1606): missing struct descriptor #Param::CoreIndex(--1812) for field values of struct #Param::CoreIndex(F-11812)
11-06 23:02:34.584 I/CCodec  ( 1569): Created component [c2.android.avc.encoder] for [c2.android.avc.encoder]
11-06 23:02:34.584 D/CCodecConfig( 1569): read media type: video/avc
11-06 23:02:34.586 D/ReflectedParamUpdater( 1569): extent() != 1 for single value type: algo.buffers.max-count.values
11-06 23:02:34.586 D/ReflectedParamUpdater( 1569): extent() != 1 for single value type: output.subscribed-indices.values
11-06 23:02:34.587 D/ReflectedParamUpdater( 1569): extent() != 1 for single value type: input.buffers.allocator-ids.values
11-06 23:02:34.587 D/ReflectedParamUpdater( 1569): extent() != 1 for single value type: output.buffers.allocator-ids.values
11-06 23:02:34.587 D/ReflectedParamUpdater( 1569): extent() != 1 for single value type: algo.buffers.allocator-ids.values
11-06 23:02:34.587 D/ReflectedParamUpdater( 1569): extent() != 1 for single value type: output.buffers.pool-ids.values
11-06 23:02:34.587 D/ReflectedParamUpdater( 1569): extent() != 1 for single value type: algo.buffers.pool-ids.values
11-06 23:02:34.589 D/ReflectedParamUpdater( 1569): ignored struct field coding.gop.values
11-06 23:02:34.589 D/ReflectedParamUpdater( 1569): ignored struct field coding.qp.values
11-06 23:02:34.589 D/CCodecConfig( 1569): ignoring local param raw.color (0xc2001809) as it is already supported
11-06 23:02:34.591 I/CCodecConfig( 1569): query failed after returning 13 values (BAD_INDEX)
11-06 23:02:34.592 D/CCodecConfig( 1569): c2 config diff is Dict {
11-06 23:02:34.592 D/CCodecConfig( 1569):   c2::u32 algo.bitrate-mode.value = 3
11-06 23:02:34.592 D/CCodecConfig( 1569):   c2::i32 coded.average-qp.value = 0
11-06 23:02:34.592 D/CCodecConfig( 1569):   c2::u32 coded.bitrate.value = 64000
11-06 23:02:34.592 D/CCodecConfig( 1569):   c2::float coded.frame-rate.value = 1
11-06 23:02:34.592 D/CCodecConfig( 1569):   c2::u32 coded.picture-type.value = 0
11-06 23:02:34.592 D/CCodecConfig( 1569):   c2::u32 coded.pl.level = 20492
11-06 23:02:34.592 D/CCodecConfig( 1569):   c2::u32 coded.pl.profile = 20481
11-06 23:02:34.592 D/CCodecConfig( 1569):   c2::u32 coded.vui.color.matrix = 0
11-06 23:02:34.592 D/CCodecConfig( 1569):   c2::u32 coded.vui.color.primaries = 0
11-06 23:02:34.592 D/CCodecConfig( 1569):   c2::u32 coded.vui.color.range = 0
11-06 23:02:34.592 D/CCodecConfig( 1569):   c2::u32 coded.vui.color.transfer = 0
11-06 23:02:34.592 D/CCodecConfig( 1569):   c2::u32 coding.intra-refresh.mode = 0
11-06 23:02:34.592 D/CCodecConfig( 1569):   c2::float coding.intra-refresh.period = 0
11-06 23:02:34.592 D/CCodecConfig( 1569):   c2::u32 coding.request-sync-frame.value = 0
11-06 23:02:34.592 D/CCodecConfig( 1569):   c2::i64 coding.sync-frame-interval.value = 1000000
11-06 23:02:34.592 D/CCodecConfig( 1569):   c2::u32 input.delay.value = 0
11-06 23:02:34.592 D/CCodecConfig( 1569):   string input.media-type.value = "video/raw"
11-06 23:02:34.592 D/CCodecConfig( 1569):   string output.media-type.value = "video/avc"
11-06 23:02:34.592 D/CCodecConfig( 1569):   c2::u32 raw.color.matrix = 0
11-06 23:02:34.592 D/CCodecConfig( 1569):   c2::u32 raw.color.primaries = 0
11-06 23:02:34.592 D/CCodecConfig( 1569):   c2::u32 raw.color.range = 0
11-06 23:02:34.592 D/CCodecConfig( 1569):   c2::u32 raw.color.transfer = 0
11-06 23:02:34.592 D/CCodecConfig( 1569):   c2::u32 raw.size.height = 16
11-06 23:02:34.592 D/CCodecConfig( 1569):   c2::u32 raw.size.width = 16
11-06 23:02:34.592 D/CCodecConfig( 1569): }
11-06 23:02:34.592 W/ColorUtils( 1569): expected specified color aspects (0:0:0:0)
11-06 23:02:34.593 I/MediaCodec( 1569): MediaCodec will operate in async mode
11-06 23:02:34.593 D/VQApply ( 1569): minquality: 3840x2160 outside of shaping range
11-06 23:02:34.593 D/MediaCodec( 1569): shapeMediaFormat: deltas(1): AMessage(what = 0x00000000) = {
11-06 23:02:34.593 D/MediaCodec( 1569):     int32_t android._encoding-quality-level = 0
11-06 23:02:34.593 D/MediaCodec( 1569):   }
11-06 23:02:34.594 D/CCodec  ( 1569): [c2.android.avc.encoder] buffers are bound to CCodec for this session
11-06 23:02:34.594 D/CCodecConfig( 1569): no c2 equivalents for stride
11-06 23:02:34.594 D/CCodecConfig( 1569): no c2 equivalents for slice-height
11-06 23:02:34.594 D/CCodecConfig( 1569): no c2 equivalents for color-format
11-06 23:02:34.594 D/CCodecConfig( 1569): no c2 equivalents for create-input-buffers-suspended
11-06 23:02:34.594 D/CCodecConfig( 1569): no c2 equivalents for flags
11-06 23:02:34.594 D/CCodecConfig( 1569): no c2 equivalents for encoder
11-06 23:02:34.595 D/C2SoftAvcEnc( 1606): Given level 0 does not cover current configuration: adjusting to 5002
11-06 23:02:34.595 D/C2SoftAvcEnc( 1606): Given level 5002 does not cover current configuration: adjusting to 500c
11-06 23:02:34.595 D/CCodecConfig( 1569): Bad parameter value
11-06 23:02:34.595 I/vendor.qti.bluetooth@1.0-ibs_handler( 1092): ProcessIbsCmd: Received IBS_SLEEP_IND: 0xFE
11-06 23:02:34.595 D/vendor.qti.bluetooth@1.0-ibs_handler( 1092): SerialClockVote: vote for UART CLK OFF
11-06 23:02:34.595 D/CCodecConfig( 1569): c2 config diff is   c2::u32 coded.bitrate.value = 50000000
11-06 23:02:34.595 D/CCodecConfig( 1569):   c2::float coded.frame-rate.value = 30
11-06 23:02:34.595 D/CCodecConfig( 1569):   c2::u32 coded.pl.profile = 20482
11-06 23:02:34.595 D/CCodecConfig( 1569):   c2::u32 raw.size.height = 2160
11-06 23:02:34.596 W/ColorUtils( 1569): expected specified color aspects (0:0:0:0)
11-06 23:02:34.596 W/CCodec  ( 1569): failed to configure c2 params
11-06 23:02:34.596 E/MediaCodec( 1569): Codec reported err 0xffffffea/BAD_VALUE, actionCode 0, while in state 3/CONFIGURING
11-06 23:02:34.597 E/MediaCodec( 1569): configure failed with err 0xffffffea, resetting...
11-06 23:02:34.598 I/hw-BpHwBinder( 1569): onLastStrongRef automatically unlinking death recipients
11-06 23:02:34.598 I/hw-BpHwBinder( 1606): onLastStrongRef automatically unlinking death recipients
11-06 23:02:34.598 D/CCodec  ( 1569): allocate(c2.android.avc.encoder)
11-06 23:02:34.600 I/CCodec  ( 1569): setting up 'default' as default (vendor) store
11-06 23:02:34.601 I/mediaswcodec( 1606): missing struct descriptor #Param::CoreIndex(--004) for field values of struct #Param::CoreIndex(F-12004)
11-06 23:02:34.601 I/mediaswcodec( 1606): missing struct descriptor #Param::CoreIndex(--1812) for field values of struct #Param::CoreIndex(F-11812)
11-06 23:02:34.602 I/mediaswcodec( 1606): missing struct descriptor #Param::CoreIndex(--004) for field values of struct #Param::CoreIndex(F-12004)
11-06 23:02:34.602 I/mediaswcodec( 1606): missing struct descriptor #Param::CoreIndex(--1812) for field values of struct #Param::CoreIndex(F-11812)
11-06 23:02:34.603 I/CCodec  ( 1569): Created component [c2.android.avc.encoder] for [c2.android.avc.encoder]
11-06 23:02:34.603 D/CCodecConfig( 1569): read media type: video/avc
11-06 23:02:34.606 D/ReflectedParamUpdater( 1569): extent() != 1 for single value type: algo.buffers.max-count.values
11-06 23:02:34.606 D/ReflectedParamUpdater( 1569): extent() != 1 for single value type: output.subscribed-indices.values
11-06 23:02:34.606 D/ReflectedParamUpdater( 1569): extent() != 1 for single value type: input.buffers.allocator-ids.values
11-06 23:02:34.606 D/ReflectedParamUpdater( 1569): extent() != 1 for single value type: output.buffers.allocator-ids.values
11-06 23:02:34.607 D/ReflectedParamUpdater( 1569): extent() != 1 for single value type: algo.buffers.allocator-ids.values
11-06 23:02:34.607 D/ReflectedParamUpdater( 1569): extent() != 1 for single value type: output.buffers.pool-ids.values
11-06 23:02:34.607 D/ReflectedParamUpdater( 1569): extent() != 1 for single value type: algo.buffers.pool-ids.values
11-06 23:02:34.609 D/ReflectedParamUpdater( 1569): ignored struct field coding.gop.values
11-06 23:02:34.609 D/ReflectedParamUpdater( 1569): ignored struct field coding.qp.values
11-06 23:02:34.610 D/CCodecConfig( 1569): ignoring local param raw.color (0xc2001809) as it is already supported
11-06 23:02:34.611 I/CCodecConfig( 1569): query failed after returning 13 values (BAD_INDEX)
11-06 23:02:34.612 D/CCodecConfig( 1569): c2 config diff is Dict {
11-06 23:02:34.612 D/CCodecConfig( 1569):   c2::u32 algo.bitrate-mode.value = 3
11-06 23:02:34.612 D/CCodecConfig( 1569):   c2::i32 coded.average-qp.value = 0
11-06 23:02:34.612 D/CCodecConfig( 1569):   c2::u32 coded.bitrate.value = 64000
11-06 23:02:34.612 D/CCodecConfig( 1569):   c2::float coded.frame-rate.value = 1
11-06 23:02:34.612 D/CCodecConfig( 1569):   c2::u32 coded.picture-type.value = 0
11-06 23:02:34.612 D/CCodecConfig( 1569):   c2::u32 coded.pl.level = 20492
11-06 23:02:34.612 D/CCodecConfig( 1569):   c2::u32 coded.pl.profile = 20481
11-06 23:02:34.612 D/CCodecConfig( 1569):   c2::u32 coded.vui.color.matrix = 0
11-06 23:02:34.612 D/CCodecConfig( 1569):   c2::u32 coded.vui.color.primaries = 0
11-06 23:02:34.612 D/CCodecConfig( 1569):   c2::u32 coded.vui.color.range = 0
11-06 23:02:34.612 D/CCodecConfig( 1569):   c2::u32 coded.vui.color.transfer = 0
11-06 23:02:34.612 D/CCodecConfig( 1569):   c2::u32 coding.intra-refresh.mode = 0
11-06 23:02:34.612 D/CCodecConfig( 1569):   c2::float coding.intra-refresh.period = 0
11-06 23:02:34.612 D/CCodecConfig( 1569):   c2::u32 coding.request-sync-frame.value = 0
11-06 23:02:34.612 D/CCodecConfig( 1569):   c2::i64 coding.sync-frame-interval.value = 1000000
11-06 23:02:34.612 D/CCodecConfig( 1569):   c2::u32 input.delay.value = 0
11-06 23:02:34.612 D/CCodecConfig( 1569):   string input.media-type.value = "video/raw"
11-06 23:02:34.612 D/CCodecConfig( 1569):   string output.media-type.value = "video/avc"
11-06 23:02:34.612 D/CCodecConfig( 1569):   c2::u32 raw.color.matrix = 0
11-06 23:02:34.612 D/CCodecConfig( 1569):   c2::u32 raw.color.primaries = 0
11-06 23:02:34.612 D/CCodecConfig( 1569):   c2::u32 raw.color.range = 0
11-06 23:02:34.612 D/CCodecConfig( 1569):   c2::u32 raw.color.transfer = 0
11-06 23:02:34.612 D/CCodecConfig( 1569):   c2::u32 raw.size.height = 16
11-06 23:02:34.612 D/CCodecConfig( 1569):   c2::u32 raw.size.width = 16
11-06 23:02:34.612 D/CCodecConfig( 1569): }
11-06 23:02:34.612 W/ColorUtils( 1569): expected specified color aspects (0:0:0:0)
11-06 23:02:34.613 I/MediaCodec( 1569): MediaCodec will operate in async mode
11-06 23:02:34.614 I/hw-BpHwBinder( 1569): onLastStrongRef automatically unlinking death recipients
11-06 23:02:34.614 I/hw-BpHwBinder( 1606): onLastStrongRef automatically unlinking death recipients
11-06 23:02:34.616 D/CCodec  ( 1569): allocate(c2.qti.avc.encoder)
11-06 23:02:34.618 I/CCodec  ( 1569): setting up 'default' as default (vendor) store
11-06 23:02:34.620 E/VendorCaps( 1604): Failed to read platform LTR max count
11-06 23:02:34.620 I/VendorCaps( 1604): LTR Max Count - 0
11-06 23:02:34.620 E/VendorCaps( 1604): Failed to read platform VT driver version
11-06 23:02:34.620 I/VendorCaps( 1604): VT Driver Version - 0
11-06 23:02:34.620 I/vendor.qti.media.c2@1.0-service( 1604): missing struct descriptor #Param::CoreIndex(-V801f) for field ubwcStats of struct #Param::CoreIndex(-V8020)
11-06 23:02:34.620 I/vendor.qti.media.c2@1.0-service( 1604): missing struct descriptor #Param::CoreIndex(--002) for field mastering of struct #Param::CoreIndex(--180a)
11-06 23:02:34.621 E/VendorCaps( 1604): Failed to read platform preprocess max downscale factor
11-06 23:02:34.621 I/VendorCaps( 1604): Preprocess Max Down Scale Factor - 0
11-06 23:02:34.621 E/VendorCaps( 1604): Failed to read platform preprocess rotation
11-06 23:02:34.621 I/VendorCaps( 1604): Preprocess Rotation - 0
11-06 23:02:34.621 E/StandardCaps( 1604): Failed to read platform linear color format
11-06 23:02:34.621 I/vendor.qti.media.c2@1.0-service( 1604): missing struct descriptor #Param::CoreIndex(--004) for field values of struct #Param::CoreIndex(F-12004)
11-06 23:02:34.621 I/QC2Comp ( 1604): Create: Allocated component[69] for name c2.qti.avc.encoder : [32 bit]
11-06 23:02:34.621 I/QC2CompStore( 1604): Created component(c2.qti.avc.encoder) id(69)
11-06 23:02:34.621 E/QC2Interface( 1604): Failed to query parameters
11-06 23:02:34.623 I/CCodec  ( 1569): Created component [c2.qti.avc.encoder] for [c2.qti.avc.encoder]
11-06 23:02:34.623 E/QC2Interface( 1604): Failed to query parameters
11-06 23:02:34.624 D/CCodecConfig( 1569): read media type: video/avc
11-06 23:02:34.627 D/ReflectedParamUpdater( 1569): extent() != 1 for single value type: vendor.qti-ext-enc-info-ltr.ltrinfo
