11-07 12:29:24.528 D/CCodecConfig( 1561): read media type: video/avc
11-07 12:29:24.532 D/CCodecConfig( 1561): ignoring local param raw.color (0xc2001809) as it is already supported
11-07 12:29:24.534 I/CCodecConfig( 1561): query failed after returning 13 values (BAD_INDEX)
11-07 12:29:24.534 D/CCodecConfig( 1561): c2 config diff is Dict {
11-07 12:29:24.534 D/CCodecConfig( 1561):   c2::u32 algo.bitrate-mode.value = 3
11-07 12:29:24.534 D/CCodecConfig( 1561):   c2::i32 coded.average-qp.value = 0
11-07 12:29:24.534 D/CCodecConfig( 1561):   c2::u32 coded.bitrate.value = 64000
11-07 12:29:24.534 D/CCodecConfig( 1561):   c2::float coded.frame-rate.value = 1
11-07 12:29:24.534 D/CCodecConfig( 1561):   c2::u32 coded.picture-type.value = 0
11-07 12:29:24.534 D/CCodecConfig( 1561):   c2::u32 coded.pl.level = 20492
11-07 12:29:24.534 D/CCodecConfig( 1561):   c2::u32 coded.pl.profile = 20481
11-07 12:29:24.534 D/CCodecConfig( 1561):   c2::u32 coded.vui.color.matrix = 0
11-07 12:29:24.534 D/CCodecConfig( 1561):   c2::u32 coded.vui.color.primaries = 0
11-07 12:29:24.534 D/CCodecConfig( 1561):   c2::u32 coded.vui.color.range = 0
11-07 12:29:24.534 D/CCodecConfig( 1561):   c2::u32 coded.vui.color.transfer = 0
11-07 12:29:24.534 D/CCodecConfig( 1561):   c2::u32 coding.intra-refresh.mode = 0
11-07 12:29:24.534 D/CCodecConfig( 1561):   c2::float coding.intra-refresh.period = 0
11-07 12:29:24.534 D/CCodecConfig( 1561):   c2::u32 coding.request-sync-frame.value = 0
11-07 12:29:24.534 D/CCodecConfig( 1561):   c2::i64 coding.sync-frame-interval.value = 1000000
11-07 12:29:24.534 D/CCodecConfig( 1561):   c2::u32 input.delay.value = 0
11-07 12:29:24.534 D/CCodecConfig( 1561):   string input.media-type.value = "video/raw"
11-07 12:29:24.534 D/CCodecConfig( 1561):   string output.media-type.value = "video/avc"
11-07 12:29:24.534 D/CCodecConfig( 1561):   c2::u32 raw.color.matrix = 0
11-07 12:29:24.534 D/CCodecConfig( 1561):   c2::u32 raw.color.primaries = 0
11-07 12:29:24.534 D/CCodecConfig( 1561):   c2::u32 raw.color.range = 0
11-07 12:29:24.534 D/CCodecConfig( 1561):   c2::u32 raw.color.transfer = 0
11-07 12:29:24.534 D/CCodecConfig( 1561):   c2::u32 raw.size.height = 16
11-07 12:29:24.534 D/CCodecConfig( 1561):   c2::u32 raw.size.width = 16
11-07 12:29:24.534 D/CCodecConfig( 1561): }
11-07 12:29:24.538 E/StagefrightRecorder( 1561): Failed to create video encoder
11-07 12:29:24.542 W/StagefrightRecorder( 1561): stop while neither recording nor paused
11-07 12:29:24.542 W/StagefrightRecorder( 1561): stop while neither recording nor paused
11-07 12:29:24.542 W/StagefrightRecorder( 1561): stop while neither recording nor paused
11-07 12:29:24.927 D/CCodec  (26459): hidl based PersistentSurface created
11-07 12:29:24.927 W/StagefrightRecorder( 1561): stop while neither recording nor paused
11-07 12:29:24.932 W/StagefrightRecorder( 1561): Max file duration is not positive: 0 us. Disabling duration limit.
11-07 12:29:24.932 W/StagefrightRecorder( 1561): Target duration (0 us) too short to be respected
11-07 12:29:24.933 E/StagefrightRecorder( 1561): setParameter: failed to find key video-param-encoding-bframe
11-07 12:29:24.936 D/CCodec  ( 1561): allocate(c2.android.avc.encoder)
11-07 12:29:24.941 I/CCodec  ( 1561): Created component [c2.android.avc.encoder] for [c2.android.avc.encoder]
11-07 12:29:24.941 D/CCodecConfig( 1561): read media type: video/avc
11-07 12:29:24.946 D/CCodecConfig( 1561): ignoring local param raw.color (0xc2001809) as it is already supported
11-07 12:29:24.948 I/CCodecConfig( 1561): query failed after returning 13 values (BAD_INDEX)
11-07 12:29:24.948 D/CCodecConfig( 1561): c2 config diff is Dict {
11-07 12:29:24.948 D/CCodecConfig( 1561):   c2::u32 algo.bitrate-mode.value = 3
11-07 12:29:24.948 D/CCodecConfig( 1561):   c2::i32 coded.average-qp.value = 0
11-07 12:29:24.948 D/CCodecConfig( 1561):   c2::u32 coded.bitrate.value = 64000
11-07 12:29:24.948 D/CCodecConfig( 1561):   c2::float coded.frame-rate.value = 1
11-07 12:29:24.948 D/CCodecConfig( 1561):   c2::u32 coded.picture-type.value = 0
11-07 12:29:24.948 D/CCodecConfig( 1561):   c2::u32 coded.pl.level = 20492
11-07 12:29:24.948 D/CCodecConfig( 1561):   c2::u32 coded.pl.profile = 20481
11-07 12:29:24.948 D/CCodecConfig( 1561):   c2::u32 coded.vui.color.matrix = 0
11-07 12:29:24.948 D/CCodecConfig( 1561):   c2::u32 coded.vui.color.primaries = 0
11-07 12:29:24.948 D/CCodecConfig( 1561):   c2::u32 coded.vui.color.range = 0
11-07 12:29:24.948 D/CCodecConfig( 1561):   c2::u32 coded.vui.color.transfer = 0
11-07 12:29:24.948 D/CCodecConfig( 1561):   c2::u32 coding.intra-refresh.mode = 0
11-07 12:29:24.948 D/CCodecConfig( 1561):   c2::float coding.intra-refresh.period = 0
11-07 12:29:24.948 D/CCodecConfig( 1561):   c2::u32 coding.request-sync-frame.value = 0
11-07 12:29:24.948 D/CCodecConfig( 1561):   c2::i64 coding.sync-frame-interval.value = 1000000
11-07 12:29:24.948 D/CCodecConfig( 1561):   c2::u32 input.delay.value = 0
11-07 12:29:24.948 D/CCodecConfig( 1561):   string input.media-type.value = "video/raw"
11-07 12:29:24.948 D/CCodecConfig( 1561):   string output.media-type.value = "video/avc"
11-07 12:29:24.948 D/CCodecConfig( 1561):   c2::u32 raw.color.matrix = 0
11-07 12:29:24.948 D/CCodecConfig( 1561):   c2::u32 raw.color.primaries = 0
11-07 12:29:24.948 D/CCodecConfig( 1561):   c2::u32 raw.color.range = 0
11-07 12:29:24.948 D/CCodecConfig( 1561):   c2::u32 raw.color.transfer = 0
11-07 12:29:24.948 D/CCodecConfig( 1561):   c2::u32 raw.size.height = 16
11-07 12:29:24.948 D/CCodecConfig( 1561):   c2::u32 raw.size.width = 16
11-07 12:29:24.948 D/CCodecConfig( 1561): }
11-07 12:29:24.951 D/CCodec  ( 1561): [c2.android.avc.encoder] buffers are bound to CCodec for this session
11-07 12:29:24.951 D/CCodecConfig( 1561): no c2 equivalents for stride
11-07 12:29:24.951 D/CCodecConfig( 1561): no c2 equivalents for slice-height
11-07 12:29:24.951 D/CCodecConfig( 1561): no c2 equivalents for color-format
11-07 12:29:24.951 D/CCodecConfig( 1561): no c2 equivalents for create-input-buffers-suspended
11-07 12:29:24.951 D/CCodecConfig( 1561): no c2 equivalents for flags
11-07 12:29:24.951 D/CCodecConfig( 1561): no c2 equivalents for encoder
11-07 12:29:24.951 D/CCodecConfig( 1561): Bad parameter value
11-07 12:29:24.951 D/CCodecConfig( 1561): c2 config diff is   c2::u32 coded.bitrate.value = 50000000
11-07 12:29:24.951 D/CCodecConfig( 1561):   c2::float coded.frame-rate.value = 30
11-07 12:29:24.951 D/CCodecConfig( 1561):   c2::u32 coded.pl.profile = 20482
11-07 12:29:24.951 D/CCodecConfig( 1561):   c2::u32 raw.size.height = 2160
11-07 12:29:24.952 W/CCodec  ( 1561): failed to configure c2 params
11-07 12:29:24.955 D/CCodec  ( 1561): allocate(c2.android.avc.encoder)
11-07 12:29:24.957 I/CCodec  ( 1561): Created component [c2.android.avc.encoder] for [c2.android.avc.encoder]
11-07 12:29:24.958 D/CCodecConfig( 1561): read media type: video/avc
11-07 12:29:24.961 D/CCodecConfig( 1561): ignoring local param raw.color (0xc2001809) as it is already supported
11-07 12:29:24.962 I/CCodecConfig( 1561): query failed after returning 13 values (BAD_INDEX)
11-07 12:29:24.962 D/CCodecConfig( 1561): c2 config diff is Dict {
11-07 12:29:24.962 D/CCodecConfig( 1561):   c2::u32 algo.bitrate-mode.value = 3
11-07 12:29:24.962 D/CCodecConfig( 1561):   c2::i32 coded.average-qp.value = 0
11-07 12:29:24.962 D/CCodecConfig( 1561):   c2::u32 coded.bitrate.value = 64000
11-07 12:29:24.962 D/CCodecConfig( 1561):   c2::float coded.frame-rate.value = 1
11-07 12:29:24.962 D/CCodecConfig( 1561):   c2::u32 coded.picture-type.value = 0
11-07 12:29:24.962 D/CCodecConfig( 1561):   c2::u32 coded.pl.level = 20492
11-07 12:29:24.962 D/CCodecConfig( 1561):   c2::u32 coded.pl.profile = 20481
11-07 12:29:24.962 D/CCodecConfig( 1561):   c2::u32 coded.vui.color.matrix = 0
11-07 12:29:24.962 D/CCodecConfig( 1561):   c2::u32 coded.vui.color.primaries = 0
11-07 12:29:24.962 D/CCodecConfig( 1561):   c2::u32 coded.vui.color.range = 0
11-07 12:29:24.962 D/CCodecConfig( 1561):   c2::u32 coded.vui.color.transfer = 0
11-07 12:29:24.962 D/CCodecConfig( 1561):   c2::u32 coding.intra-refresh.mode = 0
11-07 12:29:24.962 D/CCodecConfig( 1561):   c2::float coding.intra-refresh.period = 0
11-07 12:29:24.962 D/CCodecConfig( 1561):   c2::u32 coding.request-sync-frame.value = 0
11-07 12:29:24.962 D/CCodecConfig( 1561):   c2::i64 coding.sync-frame-interval.value = 1000000
11-07 12:29:24.962 D/CCodecConfig( 1561):   c2::u32 input.delay.value = 0
11-07 12:29:24.962 D/CCodecConfig( 1561):   string input.media-type.value = "video/raw"
11-07 12:29:24.962 D/CCodecConfig( 1561):   string output.media-type.value = "video/avc"
11-07 12:29:24.962 D/CCodecConfig( 1561):   c2::u32 raw.color.matrix = 0
11-07 12:29:24.962 D/CCodecConfig( 1561):   c2::u32 raw.color.primaries = 0
11-07 12:29:24.962 D/CCodecConfig( 1561):   c2::u32 raw.color.range = 0
11-07 12:29:24.962 D/CCodecConfig( 1561):   c2::u32 raw.color.transfer = 0
11-07 12:29:24.962 D/CCodecConfig( 1561):   c2::u32 raw.size.height = 16
11-07 12:29:24.962 D/CCodecConfig( 1561):   c2::u32 raw.size.width = 16
11-07 12:29:24.962 D/CCodecConfig( 1561): }
11-07 12:29:24.965 E/StagefrightRecorder( 1561): Failed to create video encoder
11-07 12:29:24.968 W/StagefrightRecorder( 1561): stop while neither recording nor paused
11-07 12:29:24.968 W/StagefrightRecorder( 1561): stop while neither recording nor paused
11-07 12:29:24.968 W/StagefrightRecorder( 1561): stop while neither recording nor paused
11-07 12:29:25.222 D/CCodec  (26459): hidl based PersistentSurface created
11-07 12:29:25.223 W/StagefrightRecorder( 1561): stop while neither recording nor paused
11-07 12:29:25.228 W/StagefrightRecorder( 1561): Max file duration is not positive: 0 us. Disabling duration limit.
11-07 12:29:25.228 W/StagefrightRecorder( 1561): Target duration (0 us) too short to be respected
11-07 12:29:25.228 E/StagefrightRecorder( 1561): setParameter: failed to find key video-param-encoding-bframe
11-07 12:29:25.232 D/CCodec  ( 1561): allocate(c2.android.avc.encoder)
11-07 12:29:25.237 I/CCodec  ( 1561): Created component [c2.android.avc.encoder] for [c2.android.avc.encoder]
11-07 12:29:25.237 D/CCodecConfig( 1561): read media type: video/avc
11-07 12:29:25.244 D/CCodecConfig( 1561): ignoring local param raw.color (0xc2001809) as it is already supported
11-07 12:29:25.246 I/CCodecConfig( 1561): query failed after returning 13 values (BAD_INDEX)
11-07 12:29:25.246 D/CCodecConfig( 1561): c2 config diff is Dict {
11-07 12:29:25.246 D/CCodecConfig( 1561):   c2::u32 algo.bitrate-mode.value = 3
11-07 12:29:25.246 D/CCodecConfig( 1561):   c2::i32 coded.average-qp.value = 0
11-07 12:29:25.246 D/CCodecConfig( 1561):   c2::u32 coded.bitrate.value = 64000
11-07 12:29:25.246 D/CCodecConfig( 1561):   c2::float coded.frame-rate.value = 1
11-07 12:29:25.246 D/CCodecConfig( 1561):   c2::u32 coded.picture-type.value = 0
11-07 12:29:25.246 D/CCodecConfig( 1561):   c2::u32 coded.pl.level = 20492
11-07 12:29:25.246 D/CCodecConfig( 1561):   c2::u32 coded.pl.profile = 20481
11-07 12:29:25.246 D/CCodecConfig( 1561):   c2::u32 coded.vui.color.matrix = 0
11-07 12:29:25.246 D/CCodecConfig( 1561):   c2::u32 coded.vui.color.primaries = 0
11-07 12:29:25.246 D/CCodecConfig( 1561):   c2::u32 coded.vui.color.range = 0
11-07 12:29:25.246 D/CCodecConfig( 1561):   c2::u32 coded.vui.color.transfer = 0
11-07 12:29:25.246 D/CCodecConfig( 1561):   c2::u32 coding.intra-refresh.mode = 0
11-07 12:29:25.246 D/CCodecConfig( 1561):   c2::float coding.intra-refresh.period = 0
11-07 12:29:25.246 D/CCodecConfig( 1561):   c2::u32 coding.request-sync-frame.value = 0
11-07 12:29:25.246 D/CCodecConfig( 1561):   c2::i64 coding.sync-frame-interval.value = 1000000
11-07 12:29:25.246 D/CCodecConfig( 1561):   c2::u32 input.delay.value = 0
11-07 12:29:25.246 D/CCodecConfig( 1561):   string input.media-type.value = "video/raw"
11-07 12:29:25.246 D/CCodecConfig( 1561):   string output.media-type.value = "video/avc"
11-07 12:29:25.246 D/CCodecConfig( 1561):   c2::u32 raw.color.matrix = 0
11-07 12:29:25.246 D/CCodecConfig( 1561):   c2::u32 raw.color.primaries = 0
11-07 12:29:25.246 D/CCodecConfig( 1561):   c2::u32 raw.color.range = 0
11-07 12:29:25.246 D/CCodecConfig( 1561):   c2::u32 raw.color.transfer = 0
11-07 12:29:25.246 D/CCodecConfig( 1561):   c2::u32 raw.size.height = 16
11-07 12:29:25.246 D/CCodecConfig( 1561):   c2::u32 raw.size.width = 16
11-07 12:29:25.246 D/CCodecConfig( 1561): }
11-07 12:29:25.248 D/CCodec  ( 1561): [c2.android.avc.encoder] buffers are bound to CCodec for this session
11-07 12:29:25.248 D/CCodecConfig( 1561): no c2 equivalents for stride
11-07 12:29:25.249 D/CCodecConfig( 1561): no c2 equivalents for slice-height
11-07 12:29:25.249 D/CCodecConfig( 1561): no c2 equivalents for color-format
11-07 12:29:25.249 D/CCodecConfig( 1561): no c2 equivalents for create-input-buffers-suspended
11-07 12:29:25.249 D/CCodecConfig( 1561): no c2 equivalents for flags
11-07 12:29:25.249 D/CCodecConfig( 1561): no c2 equivalents for encoder
11-07 12:29:25.249 D/CCodecConfig( 1561): Bad parameter value
11-07 12:29:25.250 D/CCodecConfig( 1561): c2 config diff is   c2::u32 coded.bitrate.value = 50000000
11-07 12:29:25.250 D/CCodecConfig( 1561):   c2::float coded.frame-rate.value = 30
11-07 12:29:25.250 D/CCodecConfig( 1561):   c2::u32 coded.pl.profile = 20482
11-07 12:29:25.250 D/CCodecConfig( 1561):   c2::u32 raw.size.height = 2160
11-07 12:29:25.251 W/CCodec  ( 1561): failed to configure c2 params
11-07 12:29:25.253 D/CCodec  ( 1561): allocate(c2.android.avc.encoder)
11-07 12:29:25.257 I/CCodec  ( 1561): Created component [c2.android.avc.encoder] for [c2.android.avc.encoder]
11-07 12:29:25.257 D/CCodecConfig( 1561): read media type: video/avc
11-07 12:29:25.263 D/CCodecConfig( 1561): ignoring local param raw.color (0xc2001809) as it is already supported
11-07 12:29:25.264 I/CCodecConfig( 1561): query failed after returning 13 values (BAD_INDEX)
11-07 12:29:25.264 D/CCodecConfig( 1561): c2 config diff is Dict {
11-07 12:29:25.264 D/CCodecConfig( 1561):   c2::u32 algo.bitrate-mode.value = 3
11-07 12:29:25.264 D/CCodecConfig( 1561):   c2::i32 coded.average-qp.value = 0
11-07 12:29:25.264 D/CCodecConfig( 1561):   c2::u32 coded.bitrate.value = 64000
11-07 12:29:25.264 D/CCodecConfig( 1561):   c2::float coded.frame-rate.value = 1
11-07 12:29:25.264 D/CCodecConfig( 1561):   c2::u32 coded.picture-type.value = 0
11-07 12:29:25.264 D/CCodecConfig( 1561):   c2::u32 coded.pl.level = 20492
11-07 12:29:25.264 D/CCodecConfig( 1561):   c2::u32 coded.pl.profile = 20481
11-07 12:29:25.264 D/CCodecConfig( 1561):   c2::u32 coded.vui.color.matrix = 0
11-07 12:29:25.264 D/CCodecConfig( 1561):   c2::u32 coded.vui.color.primaries = 0
11-07 12:29:25.264 D/CCodecConfig( 1561):   c2::u32 coded.vui.color.range = 0
11-07 12:29:25.264 D/CCodecConfig( 1561):   c2::u32 coded.vui.color.transfer = 0
11-07 12:29:25.264 D/CCodecConfig( 1561):   c2::u32 coding.intra-refresh.mode = 0
11-07 12:29:25.264 D/CCodecConfig( 1561):   c2::float coding.intra-refresh.period = 0
11-07 12:29:25.264 D/CCodecConfig( 1561):   c2::u32 coding.request-sync-frame.value = 0
11-07 12:29:25.264 D/CCodecConfig( 1561):   c2::i64 coding.sync-frame-interval.value = 1000000
11-07 12:29:25.264 D/CCodecConfig( 1561):   c2::u32 input.delay.value = 0
11-07 12:29:25.264 D/CCodecConfig( 1561):   string input.media-type.value = "video/raw"
11-07 12:29:25.264 D/CCodecConfig( 1561):   string output.media-type.value = "video/avc"
11-07 12:29:25.264 D/CCodecConfig( 1561):   c2::u32 raw.color.matrix = 0
11-07 12:29:25.264 D/CCodecConfig( 1561):   c2::u32 raw.color.primaries = 0
11-07 12:29:25.264 D/CCodecConfig( 1561):   c2::u32 raw.color.range = 0
11-07 12:29:25.264 D/CCodecConfig( 1561):   c2::u32 raw.color.transfer = 0
11-07 12:29:25.264 D/CCodecConfig( 1561):   c2::u32 raw.size.height = 16
11-07 12:29:25.264 D/CCodecConfig( 1561):   c2::u32 raw.size.width = 16
11-07 12:29:25.264 D/CCodecConfig( 1561): }
11-07 12:29:25.271 E/StagefrightRecorder( 1561): Failed to create video encoder
11-07 12:29:25.278 W/StagefrightRecorder( 1561): stop while neither recording nor paused
11-07 12:29:25.279 W/StagefrightRecorder( 1561): stop while neither recording nor paused
11-07 12:29:25.279 W/StagefrightRecorder( 1561): stop while neither recording nor paused
11-07 12:29:25.632 D/CCodec  (26459): hidl based PersistentSurface created
11-07 12:29:25.633 W/StagefrightRecorder( 1561): stop while neither recording nor paused
11-07 12:29:25.639 W/StagefrightRecorder( 1561): Max file duration is not positive: 0 us. Disabling duration limit.
11-07 12:29:25.639 W/StagefrightRecorder( 1561): Target duration (0 us) too short to be respected
11-07 12:29:25.639 E/StagefrightRecorder( 1561): setParameter: failed to find key video-param-encoding-bframe
11-07 12:29:25.643 D/CCodec  ( 1561): allocate(c2.android.avc.encoder)
11-07 12:29:25.647 I/CCodec  ( 1561): Created component [c2.android.avc.encoder] for [c2.android.avc.encoder]
11-07 12:29:25.647 D/CCodecConfig( 1561): read media type: video/avc
11-07 12:29:25.653 D/CCodecConfig( 1561): ignoring local param raw.color (0xc2001809) as it is already supported
11-07 12:29:25.655 I/CCodecConfig( 1561): query failed after returning 13 values (BAD_INDEX)
11-07 12:29:25.655 D/CCodecConfig( 1561): c2 config diff is Dict {
11-07 12:29:25.655 D/CCodecConfig( 1561):   c2::u32 algo.bitrate-mode.value = 3
11-07 12:29:25.655 D/CCodecConfig( 1561):   c2::i32 coded.average-qp.value = 0
11-07 12:29:25.655 D/CCodecConfig( 1561):   c2::u32 coded.bitrate.value = 64000
11-07 12:29:25.655 D/CCodecConfig( 1561):   c2::float coded.frame-rate.value = 1
11-07 12:29:25.655 D/CCodecConfig( 1561):   c2::u32 coded.picture-type.value = 0
11-07 12:29:25.655 D/CCodecConfig( 1561):   c2::u32 coded.pl.level = 20492
11-07 12:29:25.655 D/CCodecConfig( 1561):   c2::u32 coded.pl.profile = 20481
11-07 12:29:25.655 D/CCodecConfig( 1561):   c2::u32 coded.vui.color.matrix = 0
11-07 12:29:25.655 D/CCodecConfig( 1561):   c2::u32 coded.vui.color.primaries = 0
11-07 12:29:25.655 D/CCodecConfig( 1561):   c2::u32 coded.vui.color.range = 0
11-07 12:29:25.655 D/CCodecConfig( 1561):   c2::u32 coded.vui.color.transfer = 0
11-07 12:29:25.655 D/CCodecConfig( 1561):   c2::u32 coding.intra-refresh.mode = 0
11-07 12:29:25.655 D/CCodecConfig( 1561):   c2::float coding.intra-refresh.period = 0
11-07 12:29:25.655 D/CCodecConfig( 1561):   c2::u32 coding.request-sync-frame.value = 0
11-07 12:29:25.655 D/CCodecConfig( 1561):   c2::i64 coding.sync-frame-interval.value = 1000000
11-07 12:29:25.655 D/CCodecConfig( 1561):   c2::u32 input.delay.value = 0
11-07 12:29:25.655 D/CCodecConfig( 1561):   string input.media-type.value = "video/raw"
11-07 12:29:25.655 D/CCodecConfig( 1561):   string output.media-type.value = "video/avc"
11-07 12:29:25.655 D/CCodecConfig( 1561):   c2::u32 raw.color.matrix = 0
11-07 12:29:25.655 D/CCodecConfig( 1561):   c2::u32 raw.color.primaries = 0
11-07 12:29:25.655 D/CCodecConfig( 1561):   c2::u32 raw.color.range = 0
11-07 12:29:25.655 D/CCodecConfig( 1561):   c2::u32 raw.color.transfer = 0
11-07 12:29:25.655 D/CCodecConfig( 1561):   c2::u32 raw.size.height = 16
11-07 12:29:25.655 D/CCodecConfig( 1561):   c2::u32 raw.size.width = 16
11-07 12:29:25.655 D/CCodecConfig( 1561): }
11-07 12:29:25.658 D/CCodec  ( 1561): [c2.android.avc.encoder] buffers are bound to CCodec for this session
11-07 12:29:25.658 D/CCodecConfig( 1561): no c2 equivalents for stride
11-07 12:29:25.658 D/CCodecConfig( 1561): no c2 equivalents for slice-height
11-07 12:29:25.658 D/CCodecConfig( 1561): no c2 equivalents for color-format
11-07 12:29:25.658 D/CCodecConfig( 1561): no c2 equivalents for create-input-buffers-suspended
11-07 12:29:25.658 D/CCodecConfig( 1561): no c2 equivalents for flags
11-07 12:29:25.658 D/CCodecConfig( 1561): no c2 equivalents for encoder
11-07 12:29:25.659 D/CCodecConfig( 1561): Bad parameter value
11-07 12:29:25.659 D/CCodecConfig( 1561): c2 config diff is   c2::u32 coded.bitrate.value = 50000000
11-07 12:29:25.659 D/CCodecConfig( 1561):   c2::float coded.frame-rate.value = 30
11-07 12:29:25.659 D/CCodecConfig( 1561):   c2::u32 coded.pl.profile = 20482
11-07 12:29:25.659 D/CCodecConfig( 1561):   c2::u32 raw.size.height = 2160
11-07 12:29:25.660 W/CCodec  ( 1561): failed to configure c2 params
11-07 12:29:25.662 D/CCodec  ( 1561): allocate(c2.android.avc.encoder)
11-07 12:29:25.665 I/CCodec  ( 1561): Created component [c2.android.avc.encoder] for [c2.android.avc.encoder]
11-07 12:29:25.665 D/CCodecConfig( 1561): read media type: video/avc
11-07 12:29:25.670 D/CCodecConfig( 1561): ignoring local param raw.color (0xc2001809) as it is already supported
11-07 12:29:25.672 I/CCodecConfig( 1561): query failed after returning 13 values (BAD_INDEX)
11-07 12:29:25.672 D/CCodecConfig( 1561): c2 config diff is Dict {
11-07 12:29:25.672 D/CCodecConfig( 1561):   c2::u32 algo.bitrate-mode.value = 3
11-07 12:29:25.672 D/CCodecConfig( 1561):   c2::i32 coded.average-qp.value = 0
11-07 12:29:25.672 D/CCodecConfig( 1561):   c2::u32 coded.bitrate.value = 64000
11-07 12:29:25.672 D/CCodecConfig( 1561):   c2::float coded.frame-rate.value = 1
11-07 12:29:25.672 D/CCodecConfig( 1561):   c2::u32 coded.picture-type.value = 0
11-07 12:29:25.672 D/CCodecConfig( 1561):   c2::u32 coded.pl.level = 20492
11-07 12:29:25.672 D/CCodecConfig( 1561):   c2::u32 coded.pl.profile = 20481
11-07 12:29:25.672 D/CCodecConfig( 1561):   c2::u32 coded.vui.color.matrix = 0
11-07 12:29:25.672 D/CCodecConfig( 1561):   c2::u32 coded.vui.color.primaries = 0
11-07 12:29:25.672 D/CCodecConfig( 1561):   c2::u32 coded.vui.color.range = 0
11-07 12:29:25.672 D/CCodecConfig( 1561):   c2::u32 coded.vui.color.transfer = 0
11-07 12:29:25.672 D/CCodecConfig( 1561):   c2::u32 coding.intra-refresh.mode = 0
11-07 12:29:25.672 D/CCodecConfig( 1561):   c2::float coding.intra-refresh.period = 0
11-07 12:29:25.672 D/CCodecConfig( 1561):   c2::u32 coding.request-sync-frame.value = 0
11-07 12:29:25.672 D/CCodecConfig( 1561):   c2::i64 coding.sync-frame-interval.value = 1000000
11-07 12:29:25.672 D/CCodecConfig( 1561):   c2::u32 input.delay.value = 0
11-07 12:29:25.672 D/CCodecConfig( 1561):   string input.media-type.value = "video/raw"
11-07 12:29:25.672 D/CCodecConfig( 1561):   string output.media-type.value = "video/avc"
11-07 12:29:25.672 D/CCodecConfig( 1561):   c2::u32 raw.color.matrix = 0
11-07 12:29:25.672 D/CCodecConfig( 1561):   c2::u32 raw.color.primaries = 0
11-07 12:29:25.672 D/CCodecConfig( 1561):   c2::u32 raw.color.range = 0
11-07 12:29:25.672 D/CCodecConfig( 1561):   c2::u32 raw.color.transfer = 0
11-07 12:29:25.672 D/CCodecConfig( 1561):   c2::u32 raw.size.height = 16
11-07 12:29:25.672 D/CCodecConfig( 1561):   c2::u32 raw.size.width = 16
11-07 12:29:25.672 D/CCodecConfig( 1561): }
11-07 12:29:25.677 E/StagefrightRecorder( 1561): Failed to create video encoder
11-07 12:29:25.681 W/StagefrightRecorder( 1561): stop while neither recording nor paused
11-07 12:29:25.682 W/StagefrightRecorder( 1561): stop while neither recording nor paused
11-07 12:29:25.682 W/StagefrightRecorder( 1561): stop while neither recording nor paused
11-07 12:29:26.021 D/CCodec  (26459): hidl based PersistentSurface created
11-07 12:29:26.022 W/StagefrightRecorder( 1561): stop while neither recording nor paused
11-07 12:29:26.028 W/StagefrightRecorder( 1561): Max file duration is not positive: 0 us. Disabling duration limit.
11-07 12:29:26.028 W/StagefrightRecorder( 1561): Target duration (0 us) too short to be respected
11-07 12:29:26.028 E/StagefrightRecorder( 1561): setParameter: failed to find key video-param-encoding-bframe
11-07 12:29:26.031 D/CCodec  ( 1561): allocate(c2.android.avc.encoder)
11-07 12:29:26.036 I/CCodec  ( 1561): Created component [c2.android.avc.encoder] for [c2.android.avc.encoder]
11-07 12:29:26.037 D/CCodecConfig( 1561): read media type: video/avc
11-07 12:29:26.044 D/CCodecConfig( 1561): ignoring local param raw.color (0xc2001809) as it is already supported
11-07 12:29:26.046 I/CCodecConfig( 1561): query failed after returning 13 values (BAD_INDEX)
11-07 12:29:26.046 D/CCodecConfig( 1561): c2 config diff is Dict {
11-07 12:29:26.046 D/CCodecConfig( 1561):   c2::u32 algo.bitrate-mode.value = 3
11-07 12:29:26.046 D/CCodecConfig( 1561):   c2::i32 coded.average-qp.value = 0
11-07 12:29:26.046 D/CCodecConfig( 1561):   c2::u32 coded.bitrate.value = 64000
11-07 12:29:26.046 D/CCodecConfig( 1561):   c2::float coded.frame-rate.value = 1
11-07 12:29:26.046 D/CCodecConfig( 1561):   c2::u32 coded.picture-type.value = 0
11-07 12:29:26.046 D/CCodecConfig( 1561):   c2::u32 coded.pl.level = 20492
11-07 12:29:26.046 D/CCodecConfig( 1561):   c2::u32 coded.pl.profile = 20481
11-07 12:29:26.046 D/CCodecConfig( 1561):   c2::u32 coded.vui.color.matrix = 0
11-07 12:29:26.046 D/CCodecConfig( 1561):   c2::u32 coded.vui.color.primaries = 0
11-07 12:29:26.046 D/CCodecConfig( 1561):   c2::u32 coded.vui.color.range = 0
11-07 12:29:26.046 D/CCodecConfig( 1561):   c2::u32 coded.vui.color.transfer = 0
11-07 12:29:26.046 D/CCodecConfig( 1561):   c2::u32 coding.intra-refresh.mode = 0
11-07 12:29:26.046 D/CCodecConfig( 1561):   c2::float coding.intra-refresh.period = 0
11-07 12:29:26.046 D/CCodecConfig( 1561):   c2::u32 coding.request-sync-frame.value = 0
11-07 12:29:26.046 D/CCodecConfig( 1561):   c2::i64 coding.sync-frame-interval.value = 1000000
11-07 12:29:26.046 D/CCodecConfig( 1561):   c2::u32 input.delay.value = 0
11-07 12:29:26.046 D/CCodecConfig( 1561):   string input.media-type.value = "video/raw"
11-07 12:29:26.046 D/CCodecConfig( 1561):   string output.media-type.value = "video/avc"
11-07 12:29:26.046 D/CCodecConfig( 1561):   c2::u32 raw.color.matrix = 0
11-07 12:29:26.046 D/CCodecConfig( 1561):   c2::u32 raw.color.primaries = 0
11-07 12:29:26.046 D/CCodecConfig( 1561):   c2::u32 raw.color.range = 0
11-07 12:29:26.046 D/CCodecConfig( 1561):   c2::u32 raw.color.transfer = 0
11-07 12:29:26.046 D/CCodecConfig( 1561):   c2::u32 raw.size.height = 16
11-07 12:29:26.046 D/CCodecConfig( 1561):   c2::u32 raw.size.width = 16
11-07 12:29:26.046 D/CCodecConfig( 1561): }
11-07 12:29:26.048 D/CCodec  ( 1561): [c2.android.avc.encoder] buffers are bound to CCodec for this session
11-07 12:29:26.049 D/CCodecConfig( 1561): no c2 equivalents for stride
11-07 12:29:26.049 D/CCodecConfig( 1561): no c2 equivalents for slice-height
11-07 12:29:26.049 D/CCodecConfig( 1561): no c2 equivalents for color-format
11-07 12:29:26.049 D/CCodecConfig( 1561): no c2 equivalents for create-input-buffers-suspended
11-07 12:29:26.049 D/CCodecConfig( 1561): no c2 equivalents for flags
11-07 12:29:26.049 D/CCodecConfig( 1561): no c2 equivalents for encoder
11-07 12:29:26.049 D/CCodecConfig( 1561): Bad parameter value
11-07 12:29:26.050 D/CCodecConfig( 1561): c2 config diff is   c2::u32 coded.bitrate.value = 50000000
11-07 12:29:26.050 D/CCodecConfig( 1561):   c2::float coded.frame-rate.value = 30
11-07 12:29:26.050 D/CCodecConfig( 1561):   c2::u32 coded.pl.profile = 20482
11-07 12:29:26.050 D/CCodecConfig( 1561):   c2::u32 raw.size.height = 2160
11-07 12:29:26.051 W/CCodec  ( 1561): failed to configure c2 params
11-07 12:29:26.053 D/CCodec  ( 1561): allocate(c2.android.avc.encoder)
11-07 12:29:26.057 I/CCodec  ( 1561): Created component [c2.android.avc.encoder] for [c2.android.avc.encoder]
11-07 12:29:26.058 D/CCodecConfig( 1561): read media type: video/avc
11-07 12:29:26.063 D/CCodecConfig( 1561): ignoring local param raw.color (0xc2001809) as it is already supported
11-07 12:29:26.065 I/CCodecConfig( 1561): query failed after returning 13 values (BAD_INDEX)
11-07 12:29:26.065 D/CCodecConfig( 1561): c2 config diff is Dict {
11-07 12:29:26.065 D/CCodecConfig( 1561):   c2::u32 algo.bitrate-mode.value = 3
11-07 12:29:26.065 D/CCodecConfig( 1561):   c2::i32 coded.average-qp.value = 0
11-07 12:29:26.065 D/CCodecConfig( 1561):   c2::u32 coded.bitrate.value = 64000
11-07 12:29:26.065 D/CCodecConfig( 1561):   c2::float coded.frame-rate.value = 1
11-07 12:29:26.065 D/CCodecConfig( 1561):   c2::u32 coded.picture-type.value = 0
11-07 12:29:26.065 D/CCodecConfig( 1561):   c2::u32 coded.pl.level = 20492
11-07 12:29:26.065 D/CCodecConfig( 1561):   c2::u32 coded.pl.profile = 20481
11-07 12:29:26.065 D/CCodecConfig( 1561):   c2::u32 coded.vui.color.matrix = 0
11-07 12:29:26.065 D/CCodecConfig( 1561):   c2::u32 coded.vui.color.primaries = 0
11-07 12:29:26.065 D/CCodecConfig( 1561):   c2::u32 coded.vui.color.range = 0
11-07 12:29:26.065 D/CCodecConfig( 1561):   c2::u32 coded.vui.color.transfer = 0
11-07 12:29:26.065 D/CCodecConfig( 1561):   c2::u32 coding.intra-refresh.mode = 0
11-07 12:29:26.065 D/CCodecConfig( 1561):   c2::float coding.intra-refresh.period = 0
11-07 12:29:26.065 D/CCodecConfig( 1561):   c2::u32 coding.request-sync-frame.value = 0
11-07 12:29:26.065 D/CCodecConfig( 1561):   c2::i64 coding.sync-frame-interval.value = 1000000
11-07 12:29:26.065 D/CCodecConfig( 1561):   c2::u32 input.delay.value = 0
11-07 12:29:26.065 D/CCodecConfig( 1561):   string input.media-type.value = "video/raw"
11-07 12:29:26.065 D/CCodecConfig( 1561):   string output.media-type.value = "video/avc"
11-07 12:29:26.065 D/CCodecConfig( 1561):   c2::u32 raw.color.matrix = 0
11-07 12:29:26.065 D/CCodecConfig( 1561):   c2::u32 raw.color.primaries = 0
11-07 12:29:26.065 D/CCodecConfig( 1561):   c2::u32 raw.color.range = 0
11-07 12:29:26.065 D/CCodecConfig( 1561):   c2::u32 raw.color.transfer = 0
11-07 12:29:26.065 D/CCodecConfig( 1561):   c2::u32 raw.size.height = 16
11-07 12:29:26.065 D/CCodecConfig( 1561):   c2::u32 raw.size.width = 16
11-07 12:29:26.065 D/CCodecConfig( 1561): }
11-07 12:29:26.069 E/StagefrightRecorder( 1561): Failed to create video encoder
11-07 12:29:26.074 W/StagefrightRecorder( 1561): stop while neither recording nor paused
11-07 12:29:26.074 W/StagefrightRecorder( 1561): stop while neither recording nor paused
11-07 12:29:26.074 W/StagefrightRecorder( 1561): stop while neither recording nor paused
11-07 12:29:26.430 D/CCodec  (26459): hidl based PersistentSurface created
11-07 12:29:26.431 W/StagefrightRecorder( 1561): stop while neither recording nor paused
11-07 12:29:26.437 W/StagefrightRecorder( 1561): Max file duration is not positive: 0 us. Disabling duration limit.
11-07 12:29:26.437 W/StagefrightRecorder( 1561): Target duration (0 us) too short to be respected
11-07 12:29:26.437 E/StagefrightRecorder( 1561): setParameter: failed to find key video-param-encoding-bframe
11-07 12:29:26.440 D/CCodec  ( 1561): allocate(c2.android.avc.encoder)
11-07 12:29:26.446 I/CCodec  ( 1561): Created component [c2.android.avc.encoder] for [c2.android.avc.encoder]
11-07 12:29:26.446 D/CCodecConfig( 1561): read media type: video/avc
11-07 12:29:26.452 D/CCodecConfig( 1561): ignoring local param raw.color (0xc2001809) as it is already supported
11-07 12:29:26.453 I/CCodecConfig( 1561): query failed after returning 13 values (BAD_INDEX)
11-07 12:29:26.454 D/CCodecConfig( 1561): c2 config diff is Dict {
11-07 12:29:26.454 D/CCodecConfig( 1561):   c2::u32 algo.bitrate-mode.value = 3
11-07 12:29:26.454 D/CCodecConfig( 1561):   c2::i32 coded.average-qp.value = 0
11-07 12:29:26.454 D/CCodecConfig( 1561):   c2::u32 coded.bitrate.value = 64000
11-07 12:29:26.454 D/CCodecConfig( 1561):   c2::float coded.frame-rate.value = 1
11-07 12:29:26.454 D/CCodecConfig( 1561):   c2::u32 coded.picture-type.value = 0
11-07 12:29:26.454 D/CCodecConfig( 1561):   c2::u32 coded.pl.level = 20492
11-07 12:29:26.454 D/CCodecConfig( 1561):   c2::u32 coded.pl.profile = 20481
11-07 12:29:26.454 D/CCodecConfig( 1561):   c2::u32 coded.vui.color.matrix = 0
11-07 12:29:26.454 D/CCodecConfig( 1561):   c2::u32 coded.vui.color.primaries = 0
11-07 12:29:26.454 D/CCodecConfig( 1561):   c2::u32 coded.vui.color.range = 0
11-07 12:29:26.454 D/CCodecConfig( 1561):   c2::u32 coded.vui.color.transfer = 0
11-07 12:29:26.454 D/CCodecConfig( 1561):   c2::u32 coding.intra-refresh.mode = 0
11-07 12:29:26.454 D/CCodecConfig( 1561):   c2::float coding.intra-refresh.period = 0
11-07 12:29:26.454 D/CCodecConfig( 1561):   c2::u32 coding.request-sync-frame.value = 0
11-07 12:29:26.454 D/CCodecConfig( 1561):   c2::i64 coding.sync-frame-interval.value = 1000000
11-07 12:29:26.454 D/CCodecConfig( 1561):   c2::u32 input.delay.value = 0
11-07 12:29:26.454 D/CCodecConfig( 1561):   string input.media-type.value = "video/raw"
11-07 12:29:26.454 D/CCodecConfig( 1561):   string output.media-type.value = "video/avc"
11-07 12:29:26.454 D/CCodecConfig( 1561):   c2::u32 raw.color.matrix = 0
11-07 12:29:26.454 D/CCodecConfig( 1561):   c2::u32 raw.color.primaries = 0
11-07 12:29:26.454 D/CCodecConfig( 1561):   c2::u32 raw.color.range = 0
11-07 12:29:26.454 D/CCodecConfig( 1561):   c2::u32 raw.color.transfer = 0
11-07 12:29:26.454 D/CCodecConfig( 1561):   c2::u32 raw.size.height = 16
11-07 12:29:26.454 D/CCodecConfig( 1561):   c2::u32 raw.size.width = 16
11-07 12:29:26.454 D/CCodecConfig( 1561): }
11-07 12:29:26.456 D/CCodec  ( 1561): [c2.android.avc.encoder] buffers are bound to CCodec for this session
11-07 12:29:26.456 D/CCodecConfig( 1561): no c2 equivalents for stride
11-07 12:29:26.456 D/CCodecConfig( 1561): no c2 equivalents for slice-height
11-07 12:29:26.456 D/CCodecConfig( 1561): no c2 equivalents for color-format
11-07 12:29:26.456 D/CCodecConfig( 1561): no c2 equivalents for create-input-buffers-suspended
11-07 12:29:26.456 D/CCodecConfig( 1561): no c2 equivalents for flags
11-07 12:29:26.456 D/CCodecConfig( 1561): no c2 equivalents for encoder
11-07 12:29:26.457 D/CCodecConfig( 1561): Bad parameter value
11-07 12:29:26.457 D/CCodecConfig( 1561): c2 config diff is   c2::u32 coded.bitrate.value = 50000000
11-07 12:29:26.457 D/CCodecConfig( 1561):   c2::float coded.frame-rate.value = 30
11-07 12:29:26.457 D/CCodecConfig( 1561):   c2::u32 coded.pl.profile = 20482
11-07 12:29:26.457 D/CCodecConfig( 1561):   c2::u32 raw.size.height = 2160
11-07 12:29:26.458 W/CCodec  ( 1561): failed to configure c2 params
11-07 12:29:26.461 D/CCodec  ( 1561): allocate(c2.android.avc.encoder)
11-07 12:29:26.464 I/CCodec  ( 1561): Created component [c2.android.avc.encoder] for [c2.android.avc.encoder]
11-07 12:29:26.465 D/CCodecConfig( 1561): read media type: video/avc
11-07 12:29:26.470 D/CCodecConfig( 1561): ignoring local param raw.color (0xc2001809) as it is already supported
11-07 12:29:26.470 I/CCodecConfig( 1561): query failed after returning 13 values (BAD_INDEX)
11-07 12:29:26.471 D/CCodecConfig( 1561): c2 config diff is Dict {
11-07 12:29:26.471 D/CCodecConfig( 1561):   c2::u32 algo.bitrate-mode.value = 3
11-07 12:29:26.471 D/CCodecConfig( 1561):   c2::i32 coded.average-qp.value = 0
11-07 12:29:26.471 D/CCodecConfig( 1561):   c2::u32 coded.bitrate.value = 64000
11-07 12:29:26.471 D/CCodecConfig( 1561):   c2::float coded.frame-rate.value = 1
11-07 12:29:26.471 D/CCodecConfig( 1561):   c2::u32 coded.picture-type.value = 0
11-07 12:29:26.471 D/CCodecConfig( 1561):   c2::u32 coded.pl.level = 20492
11-07 12:29:26.471 D/CCodecConfig( 1561):   c2::u32 coded.pl.profile = 20481
11-07 12:29:26.471 D/CCodecConfig( 1561):   c2::u32 coded.vui.color.matrix = 0
11-07 12:29:26.471 D/CCodecConfig( 1561):   c2::u32 coded.vui.color.primaries = 0
11-07 12:29:26.471 D/CCodecConfig( 1561):   c2::u32 coded.vui.color.range = 0
11-07 12:29:26.471 D/CCodecConfig( 1561):   c2::u32 coded.vui.color.transfer = 0
11-07 12:29:26.471 D/CCodecConfig( 1561):   c2::u32 coding.intra-refresh.mode = 0
11-07 12:29:26.471 D/CCodecConfig( 1561):   c2::float coding.intra-refresh.period = 0
11-07 12:29:26.471 D/CCodecConfig( 1561):   c2::u32 coding.request-sync-frame.value = 0
11-07 12:29:26.471 D/CCodecConfig( 1561):   c2::i64 coding.sync-frame-interval.value = 1000000
11-07 12:29:26.471 D/CCodecConfig( 1561):   c2::u32 input.delay.value = 0
11-07 12:29:26.471 D/CCodecConfig( 1561):   string input.media-type.value = "video/raw"
11-07 12:29:26.471 D/CCodecConfig( 1561):   string output.media-type.value = "video/avc"
11-07 12:29:26.471 D/CCodecConfig( 1561):   c2::u32 raw.color.matrix = 0
11-07 12:29:26.471 D/CCodecConfig( 1561):   c2::u32 raw.color.primaries = 0
11-07 12:29:26.471 D/CCodecConfig( 1561):   c2::u32 raw.color.range = 0
11-07 12:29:26.471 D/CCodecConfig( 1561):   c2::u32 raw.color.transfer = 0
11-07 12:29:26.471 D/CCodecConfig( 1561):   c2::u32 raw.size.height = 16
11-07 12:29:26.471 D/CCodecConfig( 1561):   c2::u32 raw.size.width = 16
11-07 12:29:26.471 D/CCodecConfig( 1561): }
11-07 12:29:26.473 E/StagefrightRecorder( 1561): Failed to create video encoder
11-07 12:29:26.476 W/StagefrightRecorder( 1561): stop while neither recording nor paused
11-07 12:29:26.476 W/StagefrightRecorder( 1561): stop while neither recording nor paused
11-07 12:29:26.477 W/StagefrightRecorder( 1561): stop while neither recording nor paused
11-07 12:29:26.828 D/CCodec  (26459): hidl based PersistentSurface created
11-07 12:29:26.828 W/StagefrightRecorder( 1561): stop while neither recording nor paused
11-07 12:29:26.834 W/StagefrightRecorder( 1561): Max file duration is not positive: 0 us. Disabling duration limit.
11-07 12:29:26.834 W/StagefrightRecorder( 1561): Target duration (0 us) too short to be respected
11-07 12:29:26.834 E/StagefrightRecorder( 1561): setParameter: failed to find key video-param-encoding-bframe
11-07 12:29:26.840 D/CCodec  ( 1561): allocate(c2.android.avc.encoder)
11-07 12:29:26.847 I/CCodec  ( 1561): Created component [c2.android.avc.encoder] for [c2.android.avc.encoder]
11-07 12:29:26.847 D/CCodecConfig( 1561): read media type: video/avc
11-07 12:29:26.853 D/CCodecConfig( 1561): ignoring local param raw.color (0xc2001809) as it is already supported
11-07 12:29:26.855 I/CCodecConfig( 1561): query failed after returning 13 values (BAD_INDEX)
11-07 12:29:26.855 D/CCodecConfig( 1561): c2 config diff is Dict {
11-07 12:29:26.855 D/CCodecConfig( 1561):   c2::u32 algo.bitrate-mode.value = 3
11-07 12:29:26.855 D/CCodecConfig( 1561):   c2::i32 coded.average-qp.value = 0
11-07 12:29:26.855 D/CCodecConfig( 1561):   c2::u32 coded.bitrate.value = 64000
11-07 12:29:26.855 D/CCodecConfig( 1561):   c2::float coded.frame-rate.value = 1
11-07 12:29:26.855 D/CCodecConfig( 1561):   c2::u32 coded.picture-type.value = 0
11-07 12:29:26.855 D/CCodecConfig( 1561):   c2::u32 coded.pl.level = 20492
11-07 12:29:26.855 D/CCodecConfig( 1561):   c2::u32 coded.pl.profile = 20481
11-07 12:29:26.855 D/CCodecConfig( 1561):   c2::u32 coded.vui.color.matrix = 0
11-07 12:29:26.855 D/CCodecConfig( 1561):   c2::u32 coded.vui.color.primaries = 0
11-07 12:29:26.855 D/CCodecConfig( 1561):   c2::u32 coded.vui.color.range = 0
11-07 12:29:26.855 D/CCodecConfig( 1561):   c2::u32 coded.vui.color.transfer = 0
11-07 12:29:26.855 D/CCodecConfig( 1561):   c2::u32 coding.intra-refresh.mode = 0
11-07 12:29:26.855 D/CCodecConfig( 1561):   c2::float coding.intra-refresh.period = 0
11-07 12:29:26.855 D/CCodecConfig( 1561):   c2::u32 coding.request-sync-frame.value = 0
11-07 12:29:26.855 D/CCodecConfig( 1561):   c2::i64 coding.sync-frame-interval.value = 1000000
11-07 12:29:26.855 D/CCodecConfig( 1561):   c2::u32 input.delay.value = 0
11-07 12:29:26.855 D/CCodecConfig( 1561):   string input.media-type.value = "video/raw"
11-07 12:29:26.855 D/CCodecConfig( 1561):   string output.media-type.value = "video/avc"
11-07 12:29:26.855 D/CCodecConfig( 1561):   c2::u32 raw.color.matrix = 0
11-07 12:29:26.855 D/CCodecConfig( 1561):   c2::u32 raw.color.primaries = 0
11-07 12:29:26.855 D/CCodecConfig( 1561):   c2::u32 raw.color.range = 0
11-07 12:29:26.855 D/CCodecConfig( 1561):   c2::u32 raw.color.transfer = 0
11-07 12:29:26.855 D/CCodecConfig( 1561):   c2::u32 raw.size.height = 16
11-07 12:29:26.855 D/CCodecConfig( 1561):   c2::u32 raw.size.width = 16
11-07 12:29:26.855 D/CCodecConfig( 1561): }
11-07 12:29:26.858 D/CCodec  ( 1561): [c2.android.avc.encoder] buffers are bound to CCodec for this session
11-07 12:29:26.858 D/CCodecConfig( 1561): no c2 equivalents for stride
11-07 12:29:26.858 D/CCodecConfig( 1561): no c2 equivalents for slice-height
11-07 12:29:26.858 D/CCodecConfig( 1561): no c2 equivalents for color-format
11-07 12:29:26.858 D/CCodecConfig( 1561): no c2 equivalents for create-input-buffers-suspended
11-07 12:29:26.858 D/CCodecConfig( 1561): no c2 equivalents for flags
11-07 12:29:26.858 D/CCodecConfig( 1561): no c2 equivalents for encoder
11-07 12:29:26.860 D/CCodecConfig( 1561): Bad parameter value
11-07 12:29:26.861 D/CCodecConfig( 1561): c2 config diff is   c2::u32 coded.bitrate.value = 50000000
11-07 12:29:26.861 D/CCodecConfig( 1561):   c2::float coded.frame-rate.value = 30
11-07 12:29:26.861 D/CCodecConfig( 1561):   c2::u32 coded.pl.profile = 20482
11-07 12:29:26.861 D/CCodecConfig( 1561):   c2::u32 raw.size.height = 2160
11-07 12:29:26.862 W/CCodec  ( 1561): failed to configure c2 params
11-07 12:29:26.864 D/CCodec  ( 1561): allocate(c2.android.avc.encoder)
11-07 12:29:26.868 I/CCodec  ( 1561): Created component [c2.android.avc.encoder] for [c2.android.avc.encoder]
11-07 12:29:26.869 D/CCodecConfig( 1561): read media type: video/avc
11-07 12:29:26.874 D/CCodecConfig( 1561): ignoring local param raw.color (0xc2001809) as it is already supported
11-07 12:29:26.875 I/CCodecConfig( 1561): query failed after returning 13 values (BAD_INDEX)
11-07 12:29:26.875 D/CCodecConfig( 1561): c2 config diff is Dict {
11-07 12:29:26.875 D/CCodecConfig( 1561):   c2::u32 algo.bitrate-mode.value = 3
11-07 12:29:26.875 D/CCodecConfig( 1561):   c2::i32 coded.average-qp.value = 0
11-07 12:29:26.875 D/CCodecConfig( 1561):   c2::u32 coded.bitrate.value = 64000
11-07 12:29:26.875 D/CCodecConfig( 1561):   c2::float coded.frame-rate.value = 1
11-07 12:29:26.875 D/CCodecConfig( 1561):   c2::u32 coded.picture-type.value = 0
11-07 12:29:26.875 D/CCodecConfig( 1561):   c2::u32 coded.pl.level = 20492
11-07 12:29:26.875 D/CCodecConfig( 1561):   c2::u32 coded.pl.profile = 20481
11-07 12:29:26.875 D/CCodecConfig( 1561):   c2::u32 coded.vui.color.matrix = 0
11-07 12:29:26.875 D/CCodecConfig( 1561):   c2::u32 coded.vui.color.primaries = 0
11-07 12:29:26.875 D/CCodecConfig( 1561):   c2::u32 coded.vui.color.range = 0
11-07 12:29:26.875 D/CCodecConfig( 1561):   c2::u32 coded.vui.color.transfer = 0
11-07 12:29:26.875 D/CCodecConfig( 1561):   c2::u32 coding.intra-refresh.mode = 0
11-07 12:29:26.875 D/CCodecConfig( 1561):   c2::float coding.intra-refresh.period = 0
11-07 12:29:26.875 D/CCodecConfig( 1561):   c2::u32 coding.request-sync-frame.value = 0
11-07 12:29:26.875 D/CCodecConfig( 1561):   c2::i64 coding.sync-frame-interval.value = 1000000
11-07 12:29:26.875 D/CCodecConfig( 1561):   c2::u32 input.delay.value = 0
11-07 12:29:26.875 D/CCodecConfig( 1561):   string input.media-type.value = "video/raw"
11-07 12:29:26.875 D/CCodecConfig( 1561):   string output.media-type.value = "video/avc"
11-07 12:29:26.875 D/CCodecConfig( 1561):   c2::u32 raw.color.matrix = 0
11-07 12:29:26.875 D/CCodecConfig( 1561):   c2::u32 raw.color.primaries = 0
11-07 12:29:26.875 D/CCodecConfig( 1561):   c2::u32 raw.color.range = 0
11-07 12:29:26.875 D/CCodecConfig( 1561):   c2::u32 raw.color.transfer = 0
11-07 12:29:26.875 D/CCodecConfig( 1561):   c2::u32 raw.size.height = 16
11-07 12:29:26.875 D/CCodecConfig( 1561):   c2::u32 raw.size.width = 16
11-07 12:29:26.875 D/CCodecConfig( 1561): }
11-07 12:29:26.880 E/StagefrightRecorder( 1561): Failed to create video encoder
11-07 12:29:26.883 W/StagefrightRecorder( 1561): stop while neither recording nor paused
11-07 12:29:26.883 W/StagefrightRecorder( 1561): stop while neither recording nor paused
11-07 12:29:26.884 W/StagefrightRecorder( 1561): stop while neither recording nor paused
11-07 12:29:27.256 D/CCodec  (26459): hidl based PersistentSurface created
11-07 12:29:27.257 W/StagefrightRecorder( 1561): stop while neither recording nor paused
11-07 12:29:27.263 W/StagefrightRecorder( 1561): Max file duration is not positive: 0 us. Disabling duration limit.
11-07 12:29:27.263 W/StagefrightRecorder( 1561): Target duration (0 us) too short to be respected
11-07 12:29:27.264 E/StagefrightRecorder( 1561): setParameter: failed to find key video-param-encoding-bframe
11-07 12:29:27.269 D/CCodec  ( 1561): allocate(c2.android.avc.encoder)
11-07 12:29:27.272 I/CCodec  ( 1561): Created component [c2.android.avc.encoder] for [c2.android.avc.encoder]
11-07 12:29:27.273 D/CCodecConfig( 1561): read media type: video/avc
11-07 12:29:27.279 D/CCodecConfig( 1561): ignoring local param raw.color (0xc2001809) as it is already supported
11-07 12:29:27.282 I/CCodecConfig( 1561): query failed after returning 13 values (BAD_INDEX)
11-07 12:29:27.283 D/CCodecConfig( 1561): c2 config diff is Dict {
11-07 12:29:27.283 D/CCodecConfig( 1561):   c2::u32 algo.bitrate-mode.value = 3
11-07 12:29:27.283 D/CCodecConfig( 1561):   c2::i32 coded.average-qp.value = 0
11-07 12:29:27.283 D/CCodecConfig( 1561):   c2::u32 coded.bitrate.value = 64000
11-07 12:29:27.283 D/CCodecConfig( 1561):   c2::float coded.frame-rate.value = 1
11-07 12:29:27.283 D/CCodecConfig( 1561):   c2::u32 coded.picture-type.value = 0
11-07 12:29:27.283 D/CCodecConfig( 1561):   c2::u32 coded.pl.level = 20492
11-07 12:29:27.283 D/CCodecConfig( 1561):   c2::u32 coded.pl.profile = 20481
11-07 12:29:27.283 D/CCodecConfig( 1561):   c2::u32 coded.vui.color.matrix = 0
11-07 12:29:27.283 D/CCodecConfig( 1561):   c2::u32 coded.vui.color.primaries = 0
11-07 12:29:27.283 D/CCodecConfig( 1561):   c2::u32 coded.vui.color.range = 0
11-07 12:29:27.283 D/CCodecConfig( 1561):   c2::u32 coded.vui.color.transfer = 0
11-07 12:29:27.283 D/CCodecConfig( 1561):   c2::u32 coding.intra-refresh.mode = 0
11-07 12:29:27.283 D/CCodecConfig( 1561):   c2::float coding.intra-refresh.period = 0
11-07 12:29:27.283 D/CCodecConfig( 1561):   c2::u32 coding.request-sync-frame.value = 0
11-07 12:29:27.283 D/CCodecConfig( 1561):   c2::i64 coding.sync-frame-interval.value = 1000000
11-07 12:29:27.283 D/CCodecConfig( 1561):   c2::u32 input.delay.value = 0
11-07 12:29:27.283 D/CCodecConfig( 1561):   string input.media-type.value = "video/raw"
11-07 12:29:27.283 D/CCodecConfig( 1561):   string output.media-type.value = "video/avc"
11-07 12:29:27.283 D/CCodecConfig( 1561):   c2::u32 raw.color.matrix = 0
11-07 12:29:27.283 D/CCodecConfig( 1561):   c2::u32 raw.color.primaries = 0
11-07 12:29:27.283 D/CCodecConfig( 1561):   c2::u32 raw.color.range = 0
11-07 12:29:27.283 D/CCodecConfig( 1561):   c2::u32 raw.color.transfer = 0
11-07 12:29:27.283 D/CCodecConfig( 1561):   c2::u32 raw.size.height = 16
11-07 12:29:27.283 D/CCodecConfig( 1561):   c2::u32 raw.size.width = 16
11-07 12:29:27.283 D/CCodecConfig( 1561): }
11-07 12:29:27.285 D/CCodec  ( 1561): [c2.android.avc.encoder] buffers are bound to CCodec for this session
11-07 12:29:27.286 D/CCodecConfig( 1561): no c2 equivalents for stride
11-07 12:29:27.286 D/CCodecConfig( 1561): no c2 equivalents for slice-height
11-07 12:29:27.286 D/CCodecConfig( 1561): no c2 equivalents for color-format
11-07 12:29:27.286 D/CCodecConfig( 1561): no c2 equivalents for create-input-buffers-suspended
11-07 12:29:27.286 D/CCodecConfig( 1561): no c2 equivalents for flags
11-07 12:29:27.286 D/CCodecConfig( 1561): no c2 equivalents for encoder
11-07 12:29:27.286 D/CCodecConfig( 1561): Bad parameter value
11-07 12:29:27.287 D/CCodecConfig( 1561): c2 config diff is   c2::u32 coded.bitrate.value = 50000000
11-07 12:29:27.287 D/CCodecConfig( 1561):   c2::float coded.frame-rate.value = 30
11-07 12:29:27.287 D/CCodecConfig( 1561):   c2::u32 coded.pl.profile = 20482
11-07 12:29:27.287 D/CCodecConfig( 1561):   c2::u32 raw.size.height = 2160
11-07 12:29:27.288 W/CCodec  ( 1561): failed to configure c2 params
11-07 12:29:27.290 D/CCodec  ( 1561): allocate(c2.android.avc.encoder)
11-07 12:29:27.292 I/CCodec  ( 1561): Created component [c2.android.avc.encoder] for [c2.android.avc.encoder]
11-07 12:29:27.293 D/CCodecConfig( 1561): read media type: video/avc
11-07 12:29:27.298 D/CCodecConfig( 1561): ignoring local param raw.color (0xc2001809) as it is already supported
11-07 12:29:27.299 I/CCodecConfig( 1561): query failed after returning 13 values (BAD_INDEX)
11-07 12:29:27.300 D/CCodecConfig( 1561): c2 config diff is Dict {
11-07 12:29:27.300 D/CCodecConfig( 1561):   c2::u32 algo.bitrate-mode.value = 3
11-07 12:29:27.300 D/CCodecConfig( 1561):   c2::i32 coded.average-qp.value = 0
11-07 12:29:27.300 D/CCodecConfig( 1561):   c2::u32 coded.bitrate.value = 64000
11-07 12:29:27.300 D/CCodecConfig( 1561):   c2::float coded.frame-rate.value = 1
11-07 12:29:27.300 D/CCodecConfig( 1561):   c2::u32 coded.picture-type.value = 0
11-07 12:29:27.300 D/CCodecConfig( 1561):   c2::u32 coded.pl.level = 20492
11-07 12:29:27.300 D/CCodecConfig( 1561):   c2::u32 coded.pl.profile = 20481
11-07 12:29:27.300 D/CCodecConfig( 1561):   c2::u32 coded.vui.color.matrix = 0
11-07 12:29:27.300 D/CCodecConfig( 1561):   c2::u32 coded.vui.color.primaries = 0
11-07 12:29:27.300 D/CCodecConfig( 1561):   c2::u32 coded.vui.color.range = 0
11-07 12:29:27.300 D/CCodecConfig( 1561):   c2::u32 coded.vui.color.transfer = 0
11-07 12:29:27.300 D/CCodecConfig( 1561):   c2::u32 coding.intra-refresh.mode = 0
11-07 12:29:27.300 D/CCodecConfig( 1561):   c2::float coding.intra-refresh.period = 0
11-07 12:29:27.300 D/CCodecConfig( 1561):   c2::u32 coding.request-sync-frame.value = 0
11-07 12:29:27.300 D/CCodecConfig( 1561):   c2::i64 coding.sync-frame-interval.value = 1000000
11-07 12:29:27.300 D/CCodecConfig( 1561):   c2::u32 input.delay.value = 0
11-07 12:29:27.300 D/CCodecConfig( 1561):   string input.media-type.value = "video/raw"
11-07 12:29:27.300 D/CCodecConfig( 1561):   string output.media-type.value = "video/avc"
11-07 12:29:27.300 D/CCodecConfig( 1561):   c2::u32 raw.color.matrix = 0
11-07 12:29:27.300 D/CCodecConfig( 1561):   c2::u32 raw.color.primaries = 0
11-07 12:29:27.300 D/CCodecConfig( 1561):   c2::u32 raw.color.range = 0
11-07 12:29:27.300 D/CCodecConfig( 1561):   c2::u32 raw.color.transfer = 0
