11-07 12:29:19.387 W/StagefrightRecorder( 1561): stop while neither recording nor paused
11-07 12:29:19.650 D/CCodec  (26459): hidl based PersistentSurface created
11-07 12:29:19.650 W/StagefrightRecorder( 1561): stop while neither recording nor paused
11-07 12:29:19.655 W/StagefrightRecorder( 1561): Max file duration is not positive: 0 us. Disabling duration limit.
11-07 12:29:19.655 W/StagefrightRecorder( 1561): Target duration (0 us) too short to be respected
11-07 12:29:19.655 E/StagefrightRecorder( 1561): setParameter: failed to find key video-param-encoding-bframe
11-07 12:29:19.659 D/CCodec  ( 1561): allocate(c2.android.avc.encoder)
11-07 12:29:19.665 I/CCodec  ( 1561): Created component [c2.android.avc.encoder] for [c2.android.avc.encoder]
11-07 12:29:19.665 D/CCodecConfig( 1561): read media type: video/avc
11-07 12:29:19.671 D/CCodecConfig( 1561): ignoring local param raw.color (0xc2001809) as it is already supported
11-07 12:29:19.672 I/CCodecConfig( 1561): query failed after returning 13 values (BAD_INDEX)
11-07 12:29:19.673 D/CCodecConfig( 1561): c2 config diff is Dict {
11-07 12:29:19.673 D/CCodecConfig( 1561):   c2::u32 algo.bitrate-mode.value = 3
11-07 12:29:19.673 D/CCodecConfig( 1561):   c2::i32 coded.average-qp.value = 0
11-07 12:29:19.673 D/CCodecConfig( 1561):   c2::u32 coded.bitrate.value = 64000
11-07 12:29:19.673 D/CCodecConfig( 1561):   c2::float coded.frame-rate.value = 1
11-07 12:29:19.673 D/CCodecConfig( 1561):   c2::u32 coded.picture-type.value = 0
11-07 12:29:19.673 D/CCodecConfig( 1561):   c2::u32 coded.pl.level = 20492
11-07 12:29:19.673 D/CCodecConfig( 1561):   c2::u32 coded.pl.profile = 20481
11-07 12:29:19.673 D/CCodecConfig( 1561):   c2::u32 coded.vui.color.matrix = 0
11-07 12:29:19.673 D/CCodecConfig( 1561):   c2::u32 coded.vui.color.primaries = 0
11-07 12:29:19.673 D/CCodecConfig( 1561):   c2::u32 coded.vui.color.range = 0
11-07 12:29:19.673 D/CCodecConfig( 1561):   c2::u32 coded.vui.color.transfer = 0
11-07 12:29:19.673 D/CCodecConfig( 1561):   c2::u32 coding.intra-refresh.mode = 0
11-07 12:29:19.673 D/CCodecConfig( 1561):   c2::float coding.intra-refresh.period = 0
11-07 12:29:19.673 D/CCodecConfig( 1561):   c2::u32 coding.request-sync-frame.value = 0
11-07 12:29:19.673 D/CCodecConfig( 1561):   c2::i64 coding.sync-frame-interval.value = 1000000
11-07 12:29:19.673 D/CCodecConfig( 1561):   c2::u32 input.delay.value = 0
11-07 12:29:19.673 D/CCodecConfig( 1561):   string input.media-type.value = "video/raw"
11-07 12:29:19.673 D/CCodecConfig( 1561):   string output.media-type.value = "video/avc"
11-07 12:29:19.673 D/CCodecConfig( 1561):   c2::u32 raw.color.matrix = 0
11-07 12:29:19.673 D/CCodecConfig( 1561):   c2::u32 raw.color.primaries = 0
11-07 12:29:19.673 D/CCodecConfig( 1561):   c2::u32 raw.color.range = 0
11-07 12:29:19.673 D/CCodecConfig( 1561):   c2::u32 raw.color.transfer = 0
11-07 12:29:19.673 D/CCodecConfig( 1561):   c2::u32 raw.size.height = 16
11-07 12:29:19.673 D/CCodecConfig( 1561):   c2::u32 raw.size.width = 16
11-07 12:29:19.673 D/CCodecConfig( 1561): }
11-07 12:29:19.677 D/CCodec  ( 1561): [c2.android.avc.encoder] buffers are bound to CCodec for this session
11-07 12:29:19.677 D/CCodecConfig( 1561): no c2 equivalents for stride
11-07 12:29:19.677 D/CCodecConfig( 1561): no c2 equivalents for slice-height
11-07 12:29:19.677 D/CCodecConfig( 1561): no c2 equivalents for color-format
11-07 12:29:19.677 D/CCodecConfig( 1561): no c2 equivalents for create-input-buffers-suspended
11-07 12:29:19.677 D/CCodecConfig( 1561): no c2 equivalents for flags
11-07 12:29:19.677 D/CCodecConfig( 1561): no c2 equivalents for encoder
11-07 12:29:19.678 D/CCodecConfig( 1561): Bad parameter value
11-07 12:29:19.678 D/CCodecConfig( 1561): c2 config diff is   c2::u32 coded.bitrate.value = 50000000
11-07 12:29:19.678 D/CCodecConfig( 1561):   c2::float coded.frame-rate.value = 30
11-07 12:29:19.678 D/CCodecConfig( 1561):   c2::u32 coded.pl.profile = 20482
11-07 12:29:19.678 D/CCodecConfig( 1561):   c2::u32 raw.size.height = 2160
11-07 12:29:19.679 W/CCodec  ( 1561): failed to configure c2 params
11-07 12:29:19.682 D/CCodec  ( 1561): allocate(c2.android.avc.encoder)
11-07 12:29:19.686 I/CCodec  ( 1561): Created component [c2.android.avc.encoder] for [c2.android.avc.encoder]
11-07 12:29:19.686 D/CCodecConfig( 1561): read media type: video/avc
11-07 12:29:19.692 D/CCodecConfig( 1561): ignoring local param raw.color (0xc2001809) as it is already supported
11-07 12:29:19.693 I/CCodecConfig( 1561): query failed after returning 13 values (BAD_INDEX)
11-07 12:29:19.693 D/CCodecConfig( 1561): c2 config diff is Dict {
11-07 12:29:19.693 D/CCodecConfig( 1561):   c2::u32 algo.bitrate-mode.value = 3
11-07 12:29:19.693 D/CCodecConfig( 1561):   c2::i32 coded.average-qp.value = 0
11-07 12:29:19.693 D/CCodecConfig( 1561):   c2::u32 coded.bitrate.value = 64000
11-07 12:29:19.693 D/CCodecConfig( 1561):   c2::float coded.frame-rate.value = 1
11-07 12:29:19.693 D/CCodecConfig( 1561):   c2::u32 coded.picture-type.value = 0
11-07 12:29:19.693 D/CCodecConfig( 1561):   c2::u32 coded.pl.level = 20492
11-07 12:29:19.693 D/CCodecConfig( 1561):   c2::u32 coded.pl.profile = 20481
11-07 12:29:19.693 D/CCodecConfig( 1561):   c2::u32 coded.vui.color.matrix = 0
11-07 12:29:19.693 D/CCodecConfig( 1561):   c2::u32 coded.vui.color.primaries = 0
11-07 12:29:19.693 D/CCodecConfig( 1561):   c2::u32 coded.vui.color.range = 0
11-07 12:29:19.693 D/CCodecConfig( 1561):   c2::u32 coded.vui.color.transfer = 0
11-07 12:29:19.693 D/CCodecConfig( 1561):   c2::u32 coding.intra-refresh.mode = 0
11-07 12:29:19.693 D/CCodecConfig( 1561):   c2::float coding.intra-refresh.period = 0
11-07 12:29:19.693 D/CCodecConfig( 1561):   c2::u32 coding.request-sync-frame.value = 0
11-07 12:29:19.693 D/CCodecConfig( 1561):   c2::i64 coding.sync-frame-interval.value = 1000000
11-07 12:29:19.693 D/CCodecConfig( 1561):   c2::u32 input.delay.value = 0
11-07 12:29:19.693 D/CCodecConfig( 1561):   string input.media-type.value = "video/raw"
11-07 12:29:19.693 D/CCodecConfig( 1561):   string output.media-type.value = "video/avc"
11-07 12:29:19.693 D/CCodecConfig( 1561):   c2::u32 raw.color.matrix = 0
11-07 12:29:19.693 D/CCodecConfig( 1561):   c2::u32 raw.color.primaries = 0
11-07 12:29:19.693 D/CCodecConfig( 1561):   c2::u32 raw.color.range = 0
11-07 12:29:19.693 D/CCodecConfig( 1561):   c2::u32 raw.color.transfer = 0
11-07 12:29:19.693 D/CCodecConfig( 1561):   c2::u32 raw.size.height = 16
11-07 12:29:19.693 D/CCodecConfig( 1561):   c2::u32 raw.size.width = 16
11-07 12:29:19.693 D/CCodecConfig( 1561): }
11-07 12:29:19.699 E/StagefrightRecorder( 1561): Failed to create video encoder
11-07 12:29:19.702 W/StagefrightRecorder( 1561): stop while neither recording nor paused
11-07 12:29:19.703 W/StagefrightRecorder( 1561): stop while neither recording nor paused
11-07 12:29:19.703 W/StagefrightRecorder( 1561): stop while neither recording nor paused
11-07 12:29:19.971 D/CCodec  (26459): hidl based PersistentSurface created
11-07 12:29:19.972 W/StagefrightRecorder( 1561): stop while neither recording nor paused
11-07 12:29:19.978 W/StagefrightRecorder( 1561): Max file duration is not positive: 0 us. Disabling duration limit.
11-07 12:29:19.978 W/StagefrightRecorder( 1561): Target duration (0 us) too short to be respected
11-07 12:29:19.978 E/StagefrightRecorder( 1561): setParameter: failed to find key video-param-encoding-bframe
11-07 12:29:19.981 D/CCodec  ( 1561): allocate(c2.android.avc.encoder)
11-07 12:29:19.986 I/CCodec  ( 1561): Created component [c2.android.avc.encoder] for [c2.android.avc.encoder]
11-07 12:29:19.987 D/CCodecConfig( 1561): read media type: video/avc
11-07 12:29:19.992 D/CCodecConfig( 1561): ignoring local param raw.color (0xc2001809) as it is already supported
11-07 12:29:19.994 I/CCodecConfig( 1561): query failed after returning 13 values (BAD_INDEX)
11-07 12:29:19.994 D/CCodecConfig( 1561): c2 config diff is Dict {
11-07 12:29:19.994 D/CCodecConfig( 1561):   c2::u32 algo.bitrate-mode.value = 3
11-07 12:29:19.994 D/CCodecConfig( 1561):   c2::i32 coded.average-qp.value = 0
11-07 12:29:19.994 D/CCodecConfig( 1561):   c2::u32 coded.bitrate.value = 64000
11-07 12:29:19.994 D/CCodecConfig( 1561):   c2::float coded.frame-rate.value = 1
11-07 12:29:19.994 D/CCodecConfig( 1561):   c2::u32 coded.picture-type.value = 0
11-07 12:29:19.994 D/CCodecConfig( 1561):   c2::u32 coded.pl.level = 20492
11-07 12:29:19.994 D/CCodecConfig( 1561):   c2::u32 coded.pl.profile = 20481
11-07 12:29:19.994 D/CCodecConfig( 1561):   c2::u32 coded.vui.color.matrix = 0
11-07 12:29:19.994 D/CCodecConfig( 1561):   c2::u32 coded.vui.color.primaries = 0
11-07 12:29:19.994 D/CCodecConfig( 1561):   c2::u32 coded.vui.color.range = 0
11-07 12:29:19.994 D/CCodecConfig( 1561):   c2::u32 coded.vui.color.transfer = 0
11-07 12:29:19.994 D/CCodecConfig( 1561):   c2::u32 coding.intra-refresh.mode = 0
11-07 12:29:19.994 D/CCodecConfig( 1561):   c2::float coding.intra-refresh.period = 0
11-07 12:29:19.994 D/CCodecConfig( 1561):   c2::u32 coding.request-sync-frame.value = 0
11-07 12:29:19.994 D/CCodecConfig( 1561):   c2::i64 coding.sync-frame-interval.value = 1000000
11-07 12:29:19.994 D/CCodecConfig( 1561):   c2::u32 input.delay.value = 0
11-07 12:29:19.994 D/CCodecConfig( 1561):   string input.media-type.value = "video/raw"
11-07 12:29:19.994 D/CCodecConfig( 1561):   string output.media-type.value = "video/avc"
11-07 12:29:19.994 D/CCodecConfig( 1561):   c2::u32 raw.color.matrix = 0
11-07 12:29:19.994 D/CCodecConfig( 1561):   c2::u32 raw.color.primaries = 0
11-07 12:29:19.994 D/CCodecConfig( 1561):   c2::u32 raw.color.range = 0
11-07 12:29:19.994 D/CCodecConfig( 1561):   c2::u32 raw.color.transfer = 0
11-07 12:29:19.994 D/CCodecConfig( 1561):   c2::u32 raw.size.height = 16
11-07 12:29:19.994 D/CCodecConfig( 1561):   c2::u32 raw.size.width = 16
11-07 12:29:19.994 D/CCodecConfig( 1561): }
11-07 12:29:19.996 D/CCodec  ( 1561): [c2.android.avc.encoder] buffers are bound to CCodec for this session
11-07 12:29:19.996 D/CCodecConfig( 1561): no c2 equivalents for stride
11-07 12:29:19.996 D/CCodecConfig( 1561): no c2 equivalents for slice-height
11-07 12:29:19.996 D/CCodecConfig( 1561): no c2 equivalents for color-format
11-07 12:29:19.997 D/CCodecConfig( 1561): no c2 equivalents for create-input-buffers-suspended
11-07 12:29:19.997 D/CCodecConfig( 1561): no c2 equivalents for flags
11-07 12:29:19.997 D/CCodecConfig( 1561): no c2 equivalents for encoder
11-07 12:29:19.997 D/CCodecConfig( 1561): Bad parameter value
11-07 12:29:19.997 D/CCodecConfig( 1561): c2 config diff is   c2::u32 coded.bitrate.value = 50000000
11-07 12:29:19.997 D/CCodecConfig( 1561):   c2::float coded.frame-rate.value = 30
11-07 12:29:19.997 D/CCodecConfig( 1561):   c2::u32 coded.pl.profile = 20482
11-07 12:29:19.997 D/CCodecConfig( 1561):   c2::u32 raw.size.height = 2160
11-07 12:29:19.998 W/CCodec  ( 1561): failed to configure c2 params
11-07 12:29:20.001 D/CCodec  ( 1561): allocate(c2.android.avc.encoder)
11-07 12:29:20.005 I/CCodec  ( 1561): Created component [c2.android.avc.encoder] for [c2.android.avc.encoder]
11-07 12:29:20.005 D/CCodecConfig( 1561): read media type: video/avc
11-07 12:29:20.009 D/CCodecConfig( 1561): ignoring local param raw.color (0xc2001809) as it is already supported
11-07 12:29:20.010 I/CCodecConfig( 1561): query failed after returning 13 values (BAD_INDEX)
11-07 12:29:20.010 D/CCodecConfig( 1561): c2 config diff is Dict {
11-07 12:29:20.010 D/CCodecConfig( 1561):   c2::u32 algo.bitrate-mode.value = 3
11-07 12:29:20.010 D/CCodecConfig( 1561):   c2::i32 coded.average-qp.value = 0
11-07 12:29:20.010 D/CCodecConfig( 1561):   c2::u32 coded.bitrate.value = 64000
11-07 12:29:20.010 D/CCodecConfig( 1561):   c2::float coded.frame-rate.value = 1
11-07 12:29:20.010 D/CCodecConfig( 1561):   c2::u32 coded.picture-type.value = 0
11-07 12:29:20.010 D/CCodecConfig( 1561):   c2::u32 coded.pl.level = 20492
11-07 12:29:20.010 D/CCodecConfig( 1561):   c2::u32 coded.pl.profile = 20481
11-07 12:29:20.010 D/CCodecConfig( 1561):   c2::u32 coded.vui.color.matrix = 0
11-07 12:29:20.010 D/CCodecConfig( 1561):   c2::u32 coded.vui.color.primaries = 0
11-07 12:29:20.010 D/CCodecConfig( 1561):   c2::u32 coded.vui.color.range = 0
11-07 12:29:20.010 D/CCodecConfig( 1561):   c2::u32 coded.vui.color.transfer = 0
11-07 12:29:20.010 D/CCodecConfig( 1561):   c2::u32 coding.intra-refresh.mode = 0
11-07 12:29:20.010 D/CCodecConfig( 1561):   c2::float coding.intra-refresh.period = 0
11-07 12:29:20.010 D/CCodecConfig( 1561):   c2::u32 coding.request-sync-frame.value = 0
11-07 12:29:20.010 D/CCodecConfig( 1561):   c2::i64 coding.sync-frame-interval.value = 1000000
11-07 12:29:20.010 D/CCodecConfig( 1561):   c2::u32 input.delay.value = 0
11-07 12:29:20.010 D/CCodecConfig( 1561):   string input.media-type.value = "video/raw"
11-07 12:29:20.010 D/CCodecConfig( 1561):   string output.media-type.value = "video/avc"
11-07 12:29:20.010 D/CCodecConfig( 1561):   c2::u32 raw.color.matrix = 0
11-07 12:29:20.010 D/CCodecConfig( 1561):   c2::u32 raw.color.primaries = 0
11-07 12:29:20.010 D/CCodecConfig( 1561):   c2::u32 raw.color.range = 0
11-07 12:29:20.010 D/CCodecConfig( 1561):   c2::u32 raw.color.transfer = 0
11-07 12:29:20.010 D/CCodecConfig( 1561):   c2::u32 raw.size.height = 16
11-07 12:29:20.010 D/CCodecConfig( 1561):   c2::u32 raw.size.width = 16
11-07 12:29:20.010 D/CCodecConfig( 1561): }
11-07 12:29:20.014 E/StagefrightRecorder( 1561): Failed to create video encoder
11-07 12:29:20.018 W/StagefrightRecorder( 1561): stop while neither recording nor paused
11-07 12:29:20.018 W/StagefrightRecorder( 1561): stop while neither recording nor paused
11-07 12:29:20.019 W/StagefrightRecorder( 1561): stop while neither recording nor paused
11-07 12:29:20.262 D/CCodec  (26459): hidl based PersistentSurface created
11-07 12:29:20.262 W/StagefrightRecorder( 1561): stop while neither recording nor paused
11-07 12:29:20.269 W/StagefrightRecorder( 1561): Max file duration is not positive: 0 us. Disabling duration limit.
11-07 12:29:20.269 W/StagefrightRecorder( 1561): Target duration (0 us) too short to be respected
11-07 12:29:20.269 E/StagefrightRecorder( 1561): setParameter: failed to find key video-param-encoding-bframe
11-07 12:29:20.273 D/CCodec  ( 1561): allocate(c2.android.avc.encoder)
11-07 12:29:20.278 I/CCodec  ( 1561): Created component [c2.android.avc.encoder] for [c2.android.avc.encoder]
11-07 12:29:20.279 D/CCodecConfig( 1561): read media type: video/avc
11-07 12:29:20.286 D/CCodecConfig( 1561): ignoring local param raw.color (0xc2001809) as it is already supported
11-07 12:29:20.288 I/CCodecConfig( 1561): query failed after returning 13 values (BAD_INDEX)
11-07 12:29:20.288 D/CCodecConfig( 1561): c2 config diff is Dict {
11-07 12:29:20.288 D/CCodecConfig( 1561):   c2::u32 algo.bitrate-mode.value = 3
11-07 12:29:20.288 D/CCodecConfig( 1561):   c2::i32 coded.average-qp.value = 0
11-07 12:29:20.288 D/CCodecConfig( 1561):   c2::u32 coded.bitrate.value = 64000
11-07 12:29:20.288 D/CCodecConfig( 1561):   c2::float coded.frame-rate.value = 1
11-07 12:29:20.288 D/CCodecConfig( 1561):   c2::u32 coded.picture-type.value = 0
11-07 12:29:20.288 D/CCodecConfig( 1561):   c2::u32 coded.pl.level = 20492
11-07 12:29:20.288 D/CCodecConfig( 1561):   c2::u32 coded.pl.profile = 20481
11-07 12:29:20.288 D/CCodecConfig( 1561):   c2::u32 coded.vui.color.matrix = 0
11-07 12:29:20.288 D/CCodecConfig( 1561):   c2::u32 coded.vui.color.primaries = 0
11-07 12:29:20.288 D/CCodecConfig( 1561):   c2::u32 coded.vui.color.range = 0
11-07 12:29:20.288 D/CCodecConfig( 1561):   c2::u32 coded.vui.color.transfer = 0
11-07 12:29:20.288 D/CCodecConfig( 1561):   c2::u32 coding.intra-refresh.mode = 0
11-07 12:29:20.288 D/CCodecConfig( 1561):   c2::float coding.intra-refresh.period = 0
11-07 12:29:20.288 D/CCodecConfig( 1561):   c2::u32 coding.request-sync-frame.value = 0
11-07 12:29:20.288 D/CCodecConfig( 1561):   c2::i64 coding.sync-frame-interval.value = 1000000
11-07 12:29:20.288 D/CCodecConfig( 1561):   c2::u32 input.delay.value = 0
11-07 12:29:20.288 D/CCodecConfig( 1561):   string input.media-type.value = "video/raw"
11-07 12:29:20.288 D/CCodecConfig( 1561):   string output.media-type.value = "video/avc"
11-07 12:29:20.288 D/CCodecConfig( 1561):   c2::u32 raw.color.matrix = 0
11-07 12:29:20.288 D/CCodecConfig( 1561):   c2::u32 raw.color.primaries = 0
11-07 12:29:20.288 D/CCodecConfig( 1561):   c2::u32 raw.color.range = 0
11-07 12:29:20.288 D/CCodecConfig( 1561):   c2::u32 raw.color.transfer = 0
11-07 12:29:20.288 D/CCodecConfig( 1561):   c2::u32 raw.size.height = 16
11-07 12:29:20.288 D/CCodecConfig( 1561):   c2::u32 raw.size.width = 16
11-07 12:29:20.288 D/CCodecConfig( 1561): }
11-07 12:29:20.290 D/CCodec  ( 1561): [c2.android.avc.encoder] buffers are bound to CCodec for this session
11-07 12:29:20.290 D/CCodecConfig( 1561): no c2 equivalents for stride
11-07 12:29:20.290 D/CCodecConfig( 1561): no c2 equivalents for slice-height
11-07 12:29:20.290 D/CCodecConfig( 1561): no c2 equivalents for color-format
11-07 12:29:20.290 D/CCodecConfig( 1561): no c2 equivalents for create-input-buffers-suspended
11-07 12:29:20.290 D/CCodecConfig( 1561): no c2 equivalents for flags
11-07 12:29:20.290 D/CCodecConfig( 1561): no c2 equivalents for encoder
11-07 12:29:20.291 D/CCodecConfig( 1561): Bad parameter value
11-07 12:29:20.291 D/CCodecConfig( 1561): c2 config diff is   c2::u32 coded.bitrate.value = 50000000
11-07 12:29:20.291 D/CCodecConfig( 1561):   c2::float coded.frame-rate.value = 30
11-07 12:29:20.291 D/CCodecConfig( 1561):   c2::u32 coded.pl.profile = 20482
11-07 12:29:20.291 D/CCodecConfig( 1561):   c2::u32 raw.size.height = 2160
11-07 12:29:20.292 W/CCodec  ( 1561): failed to configure c2 params
11-07 12:29:20.294 D/CCodec  ( 1561): allocate(c2.android.avc.encoder)
11-07 12:29:20.298 I/CCodec  ( 1561): Created component [c2.android.avc.encoder] for [c2.android.avc.encoder]
11-07 12:29:20.298 D/CCodecConfig( 1561): read media type: video/avc
11-07 12:29:20.304 D/CCodecConfig( 1561): ignoring local param raw.color (0xc2001809) as it is already supported
11-07 12:29:20.306 I/CCodecConfig( 1561): query failed after returning 13 values (BAD_INDEX)
11-07 12:29:20.306 D/CCodecConfig( 1561): c2 config diff is Dict {
11-07 12:29:20.306 D/CCodecConfig( 1561):   c2::u32 algo.bitrate-mode.value = 3
11-07 12:29:20.306 D/CCodecConfig( 1561):   c2::i32 coded.average-qp.value = 0
11-07 12:29:20.306 D/CCodecConfig( 1561):   c2::u32 coded.bitrate.value = 64000
11-07 12:29:20.306 D/CCodecConfig( 1561):   c2::float coded.frame-rate.value = 1
11-07 12:29:20.306 D/CCodecConfig( 1561):   c2::u32 coded.picture-type.value = 0
11-07 12:29:20.306 D/CCodecConfig( 1561):   c2::u32 coded.pl.level = 20492
11-07 12:29:20.306 D/CCodecConfig( 1561):   c2::u32 coded.pl.profile = 20481
11-07 12:29:20.306 D/CCodecConfig( 1561):   c2::u32 coded.vui.color.matrix = 0
11-07 12:29:20.306 D/CCodecConfig( 1561):   c2::u32 coded.vui.color.primaries = 0
11-07 12:29:20.306 D/CCodecConfig( 1561):   c2::u32 coded.vui.color.range = 0
11-07 12:29:20.306 D/CCodecConfig( 1561):   c2::u32 coded.vui.color.transfer = 0
11-07 12:29:20.306 D/CCodecConfig( 1561):   c2::u32 coding.intra-refresh.mode = 0
11-07 12:29:20.306 D/CCodecConfig( 1561):   c2::float coding.intra-refresh.period = 0
11-07 12:29:20.306 D/CCodecConfig( 1561):   c2::u32 coding.request-sync-frame.value = 0
11-07 12:29:20.306 D/CCodecConfig( 1561):   c2::i64 coding.sync-frame-interval.value = 1000000
11-07 12:29:20.306 D/CCodecConfig( 1561):   c2::u32 input.delay.value = 0
11-07 12:29:20.306 D/CCodecConfig( 1561):   string input.media-type.value = "video/raw"
11-07 12:29:20.306 D/CCodecConfig( 1561):   string output.media-type.value = "video/avc"
11-07 12:29:20.306 D/CCodecConfig( 1561):   c2::u32 raw.color.matrix = 0
11-07 12:29:20.306 D/CCodecConfig( 1561):   c2::u32 raw.color.primaries = 0
11-07 12:29:20.306 D/CCodecConfig( 1561):   c2::u32 raw.color.range = 0
11-07 12:29:20.306 D/CCodecConfig( 1561):   c2::u32 raw.color.transfer = 0
11-07 12:29:20.306 D/CCodecConfig( 1561):   c2::u32 raw.size.height = 16
11-07 12:29:20.306 D/CCodecConfig( 1561):   c2::u32 raw.size.width = 16
11-07 12:29:20.306 D/CCodecConfig( 1561): }
11-07 12:29:20.309 E/StagefrightRecorder( 1561): Failed to create video encoder
11-07 12:29:20.313 W/StagefrightRecorder( 1561): stop while neither recording nor paused
11-07 12:29:20.314 W/StagefrightRecorder( 1561): stop while neither recording nor paused
11-07 12:29:20.314 W/StagefrightRecorder( 1561): stop while neither recording nor paused
11-07 12:29:20.596 D/CCodec  (26459): hidl based PersistentSurface created
11-07 12:29:20.597 W/StagefrightRecorder( 1561): stop while neither recording nor paused
11-07 12:29:20.601 W/StagefrightRecorder( 1561): Max file duration is not positive: 0 us. Disabling duration limit.
11-07 12:29:20.601 W/StagefrightRecorder( 1561): Target duration (0 us) too short to be respected
11-07 12:29:20.602 E/StagefrightRecorder( 1561): setParameter: failed to find key video-param-encoding-bframe
11-07 12:29:20.607 D/CCodec  ( 1561): allocate(c2.android.avc.encoder)
11-07 12:29:20.610 I/CCodec  ( 1561): Created component [c2.android.avc.encoder] for [c2.android.avc.encoder]
11-07 12:29:20.611 D/CCodecConfig( 1561): read media type: video/avc
11-07 12:29:20.617 D/CCodecConfig( 1561): ignoring local param raw.color (0xc2001809) as it is already supported
11-07 12:29:20.618 I/CCodecConfig( 1561): query failed after returning 13 values (BAD_INDEX)
11-07 12:29:20.618 D/CCodecConfig( 1561): c2 config diff is Dict {
11-07 12:29:20.618 D/CCodecConfig( 1561):   c2::u32 algo.bitrate-mode.value = 3
11-07 12:29:20.618 D/CCodecConfig( 1561):   c2::i32 coded.average-qp.value = 0
11-07 12:29:20.618 D/CCodecConfig( 1561):   c2::u32 coded.bitrate.value = 64000
11-07 12:29:20.618 D/CCodecConfig( 1561):   c2::float coded.frame-rate.value = 1
11-07 12:29:20.618 D/CCodecConfig( 1561):   c2::u32 coded.picture-type.value = 0
11-07 12:29:20.618 D/CCodecConfig( 1561):   c2::u32 coded.pl.level = 20492
11-07 12:29:20.618 D/CCodecConfig( 1561):   c2::u32 coded.pl.profile = 20481
11-07 12:29:20.618 D/CCodecConfig( 1561):   c2::u32 coded.vui.color.matrix = 0
11-07 12:29:20.618 D/CCodecConfig( 1561):   c2::u32 coded.vui.color.primaries = 0
11-07 12:29:20.618 D/CCodecConfig( 1561):   c2::u32 coded.vui.color.range = 0
11-07 12:29:20.618 D/CCodecConfig( 1561):   c2::u32 coded.vui.color.transfer = 0
11-07 12:29:20.618 D/CCodecConfig( 1561):   c2::u32 coding.intra-refresh.mode = 0
11-07 12:29:20.618 D/CCodecConfig( 1561):   c2::float coding.intra-refresh.period = 0
11-07 12:29:20.618 D/CCodecConfig( 1561):   c2::u32 coding.request-sync-frame.value = 0
11-07 12:29:20.618 D/CCodecConfig( 1561):   c2::i64 coding.sync-frame-interval.value = 1000000
11-07 12:29:20.618 D/CCodecConfig( 1561):   c2::u32 input.delay.value = 0
11-07 12:29:20.618 D/CCodecConfig( 1561):   string input.media-type.value = "video/raw"
11-07 12:29:20.618 D/CCodecConfig( 1561):   string output.media-type.value = "video/avc"
11-07 12:29:20.618 D/CCodecConfig( 1561):   c2::u32 raw.color.matrix = 0
11-07 12:29:20.618 D/CCodecConfig( 1561):   c2::u32 raw.color.primaries = 0
11-07 12:29:20.618 D/CCodecConfig( 1561):   c2::u32 raw.color.range = 0
11-07 12:29:20.618 D/CCodecConfig( 1561):   c2::u32 raw.color.transfer = 0
11-07 12:29:20.618 D/CCodecConfig( 1561):   c2::u32 raw.size.height = 16
11-07 12:29:20.618 D/CCodecConfig( 1561):   c2::u32 raw.size.width = 16
11-07 12:29:20.618 D/CCodecConfig( 1561): }
11-07 12:29:20.621 D/CCodec  ( 1561): [c2.android.avc.encoder] buffers are bound to CCodec for this session
11-07 12:29:20.621 D/CCodecConfig( 1561): no c2 equivalents for stride
11-07 12:29:20.621 D/CCodecConfig( 1561): no c2 equivalents for slice-height
11-07 12:29:20.621 D/CCodecConfig( 1561): no c2 equivalents for color-format
11-07 12:29:20.622 D/CCodecConfig( 1561): no c2 equivalents for create-input-buffers-suspended
11-07 12:29:20.622 D/CCodecConfig( 1561): no c2 equivalents for flags
11-07 12:29:20.622 D/CCodecConfig( 1561): no c2 equivalents for encoder
11-07 12:29:20.622 D/CCodecConfig( 1561): Bad parameter value
11-07 12:29:20.622 D/CCodecConfig( 1561): c2 config diff is   c2::u32 coded.bitrate.value = 50000000
11-07 12:29:20.622 D/CCodecConfig( 1561):   c2::float coded.frame-rate.value = 30
11-07 12:29:20.622 D/CCodecConfig( 1561):   c2::u32 coded.pl.profile = 20482
11-07 12:29:20.622 D/CCodecConfig( 1561):   c2::u32 raw.size.height = 2160
11-07 12:29:20.623 W/CCodec  ( 1561): failed to configure c2 params
11-07 12:29:20.626 D/CCodec  ( 1561): allocate(c2.android.avc.encoder)
11-07 12:29:20.628 I/CCodec  ( 1561): Created component [c2.android.avc.encoder] for [c2.android.avc.encoder]
11-07 12:29:20.628 D/CCodecConfig( 1561): read media type: video/avc
11-07 12:29:20.633 D/CCodecConfig( 1561): ignoring local param raw.color (0xc2001809) as it is already supported
11-07 12:29:20.635 I/CCodecConfig( 1561): query failed after returning 13 values (BAD_INDEX)
11-07 12:29:20.635 D/CCodecConfig( 1561): c2 config diff is Dict {
11-07 12:29:20.635 D/CCodecConfig( 1561):   c2::u32 algo.bitrate-mode.value = 3
11-07 12:29:20.635 D/CCodecConfig( 1561):   c2::i32 coded.average-qp.value = 0
11-07 12:29:20.635 D/CCodecConfig( 1561):   c2::u32 coded.bitrate.value = 64000
11-07 12:29:20.635 D/CCodecConfig( 1561):   c2::float coded.frame-rate.value = 1
11-07 12:29:20.635 D/CCodecConfig( 1561):   c2::u32 coded.picture-type.value = 0
11-07 12:29:20.635 D/CCodecConfig( 1561):   c2::u32 coded.pl.level = 20492
11-07 12:29:20.635 D/CCodecConfig( 1561):   c2::u32 coded.pl.profile = 20481
11-07 12:29:20.635 D/CCodecConfig( 1561):   c2::u32 coded.vui.color.matrix = 0
11-07 12:29:20.635 D/CCodecConfig( 1561):   c2::u32 coded.vui.color.primaries = 0
11-07 12:29:20.635 D/CCodecConfig( 1561):   c2::u32 coded.vui.color.range = 0
11-07 12:29:20.635 D/CCodecConfig( 1561):   c2::u32 coded.vui.color.transfer = 0
11-07 12:29:20.635 D/CCodecConfig( 1561):   c2::u32 coding.intra-refresh.mode = 0
11-07 12:29:20.635 D/CCodecConfig( 1561):   c2::float coding.intra-refresh.period = 0
11-07 12:29:20.635 D/CCodecConfig( 1561):   c2::u32 coding.request-sync-frame.value = 0
11-07 12:29:20.635 D/CCodecConfig( 1561):   c2::i64 coding.sync-frame-interval.value = 1000000
11-07 12:29:20.635 D/CCodecConfig( 1561):   c2::u32 input.delay.value = 0
11-07 12:29:20.635 D/CCodecConfig( 1561):   string input.media-type.value = "video/raw"
11-07 12:29:20.635 D/CCodecConfig( 1561):   string output.media-type.value = "video/avc"
11-07 12:29:20.635 D/CCodecConfig( 1561):   c2::u32 raw.color.matrix = 0
11-07 12:29:20.635 D/CCodecConfig( 1561):   c2::u32 raw.color.primaries = 0
11-07 12:29:20.635 D/CCodecConfig( 1561):   c2::u32 raw.color.range = 0
11-07 12:29:20.635 D/CCodecConfig( 1561):   c2::u32 raw.color.transfer = 0
11-07 12:29:20.635 D/CCodecConfig( 1561):   c2::u32 raw.size.height = 16
11-07 12:29:20.635 D/CCodecConfig( 1561):   c2::u32 raw.size.width = 16
11-07 12:29:20.635 D/CCodecConfig( 1561): }
11-07 12:29:20.639 E/StagefrightRecorder( 1561): Failed to create video encoder
11-07 12:29:20.642 W/StagefrightRecorder( 1561): stop while neither recording nor paused
11-07 12:29:20.643 W/StagefrightRecorder( 1561): stop while neither recording nor paused
11-07 12:29:20.643 W/StagefrightRecorder( 1561): stop while neither recording nor paused
11-07 12:29:20.908 D/CCodec  (26459): hidl based PersistentSurface created
11-07 12:29:20.908 W/StagefrightRecorder( 1561): stop while neither recording nor paused
11-07 12:29:20.914 W/StagefrightRecorder( 1561): Max file duration is not positive: 0 us. Disabling duration limit.
11-07 12:29:20.914 W/StagefrightRecorder( 1561): Target duration (0 us) too short to be respected
11-07 12:29:20.914 E/StagefrightRecorder( 1561): setParameter: failed to find key video-param-encoding-bframe
11-07 12:29:20.922 D/CCodec  ( 1561): allocate(c2.android.avc.encoder)
11-07 12:29:20.927 I/CCodec  ( 1561): Created component [c2.android.avc.encoder] for [c2.android.avc.encoder]
11-07 12:29:20.927 D/CCodecConfig( 1561): read media type: video/avc
11-07 12:29:20.933 D/CCodecConfig( 1561): ignoring local param raw.color (0xc2001809) as it is already supported
11-07 12:29:20.935 I/CCodecConfig( 1561): query failed after returning 13 values (BAD_INDEX)
11-07 12:29:20.935 D/CCodecConfig( 1561): c2 config diff is Dict {
11-07 12:29:20.935 D/CCodecConfig( 1561):   c2::u32 algo.bitrate-mode.value = 3
11-07 12:29:20.935 D/CCodecConfig( 1561):   c2::i32 coded.average-qp.value = 0
11-07 12:29:20.935 D/CCodecConfig( 1561):   c2::u32 coded.bitrate.value = 64000
11-07 12:29:20.935 D/CCodecConfig( 1561):   c2::float coded.frame-rate.value = 1
11-07 12:29:20.935 D/CCodecConfig( 1561):   c2::u32 coded.picture-type.value = 0
11-07 12:29:20.935 D/CCodecConfig( 1561):   c2::u32 coded.pl.level = 20492
11-07 12:29:20.935 D/CCodecConfig( 1561):   c2::u32 coded.pl.profile = 20481
11-07 12:29:20.935 D/CCodecConfig( 1561):   c2::u32 coded.vui.color.matrix = 0
11-07 12:29:20.935 D/CCodecConfig( 1561):   c2::u32 coded.vui.color.primaries = 0
11-07 12:29:20.935 D/CCodecConfig( 1561):   c2::u32 coded.vui.color.range = 0
11-07 12:29:20.935 D/CCodecConfig( 1561):   c2::u32 coded.vui.color.transfer = 0
11-07 12:29:20.935 D/CCodecConfig( 1561):   c2::u32 coding.intra-refresh.mode = 0
11-07 12:29:20.935 D/CCodecConfig( 1561):   c2::float coding.intra-refresh.period = 0
11-07 12:29:20.935 D/CCodecConfig( 1561):   c2::u32 coding.request-sync-frame.value = 0
11-07 12:29:20.935 D/CCodecConfig( 1561):   c2::i64 coding.sync-frame-interval.value = 1000000
11-07 12:29:20.935 D/CCodecConfig( 1561):   c2::u32 input.delay.value = 0
11-07 12:29:20.935 D/CCodecConfig( 1561):   string input.media-type.value = "video/raw"
11-07 12:29:20.935 D/CCodecConfig( 1561):   string output.media-type.value = "video/avc"
11-07 12:29:20.935 D/CCodecConfig( 1561):   c2::u32 raw.color.matrix = 0
11-07 12:29:20.935 D/CCodecConfig( 1561):   c2::u32 raw.color.primaries = 0
11-07 12:29:20.935 D/CCodecConfig( 1561):   c2::u32 raw.color.range = 0
11-07 12:29:20.935 D/CCodecConfig( 1561):   c2::u32 raw.color.transfer = 0
11-07 12:29:20.935 D/CCodecConfig( 1561):   c2::u32 raw.size.height = 16
11-07 12:29:20.935 D/CCodecConfig( 1561):   c2::u32 raw.size.width = 16
11-07 12:29:20.935 D/CCodecConfig( 1561): }
11-07 12:29:20.937 D/CCodec  ( 1561): [c2.android.avc.encoder] buffers are bound to CCodec for this session
11-07 12:29:20.938 D/CCodecConfig( 1561): no c2 equivalents for stride
11-07 12:29:20.938 D/CCodecConfig( 1561): no c2 equivalents for slice-height
11-07 12:29:20.938 D/CCodecConfig( 1561): no c2 equivalents for color-format
11-07 12:29:20.938 D/CCodecConfig( 1561): no c2 equivalents for create-input-buffers-suspended
11-07 12:29:20.938 D/CCodecConfig( 1561): no c2 equivalents for flags
11-07 12:29:20.938 D/CCodecConfig( 1561): no c2 equivalents for encoder
11-07 12:29:20.939 D/CCodecConfig( 1561): Bad parameter value
11-07 12:29:20.939 D/CCodecConfig( 1561): c2 config diff is   c2::u32 coded.bitrate.value = 50000000
11-07 12:29:20.939 D/CCodecConfig( 1561):   c2::float coded.frame-rate.value = 30
11-07 12:29:20.939 D/CCodecConfig( 1561):   c2::u32 coded.pl.profile = 20482
11-07 12:29:20.939 D/CCodecConfig( 1561):   c2::u32 raw.size.height = 2160
11-07 12:29:20.940 W/CCodec  ( 1561): failed to configure c2 params
11-07 12:29:20.942 D/CCodec  ( 1561): allocate(c2.android.avc.encoder)
11-07 12:29:20.946 I/CCodec  ( 1561): Created component [c2.android.avc.encoder] for [c2.android.avc.encoder]
11-07 12:29:20.946 D/CCodecConfig( 1561): read media type: video/avc
11-07 12:29:20.952 D/CCodecConfig( 1561): ignoring local param raw.color (0xc2001809) as it is already supported
11-07 12:29:20.953 I/CCodecConfig( 1561): query failed after returning 13 values (BAD_INDEX)
11-07 12:29:20.954 D/CCodecConfig( 1561): c2 config diff is Dict {
11-07 12:29:20.954 D/CCodecConfig( 1561):   c2::u32 algo.bitrate-mode.value = 3
11-07 12:29:20.954 D/CCodecConfig( 1561):   c2::i32 coded.average-qp.value = 0
11-07 12:29:20.954 D/CCodecConfig( 1561):   c2::u32 coded.bitrate.value = 64000
11-07 12:29:20.954 D/CCodecConfig( 1561):   c2::float coded.frame-rate.value = 1
11-07 12:29:20.954 D/CCodecConfig( 1561):   c2::u32 coded.picture-type.value = 0
11-07 12:29:20.954 D/CCodecConfig( 1561):   c2::u32 coded.pl.level = 20492
11-07 12:29:20.954 D/CCodecConfig( 1561):   c2::u32 coded.pl.profile = 20481
11-07 12:29:20.954 D/CCodecConfig( 1561):   c2::u32 coded.vui.color.matrix = 0
11-07 12:29:20.954 D/CCodecConfig( 1561):   c2::u32 coded.vui.color.primaries = 0
11-07 12:29:20.954 D/CCodecConfig( 1561):   c2::u32 coded.vui.color.range = 0
11-07 12:29:20.954 D/CCodecConfig( 1561):   c2::u32 coded.vui.color.transfer = 0
11-07 12:29:20.954 D/CCodecConfig( 1561):   c2::u32 coding.intra-refresh.mode = 0
11-07 12:29:20.954 D/CCodecConfig( 1561):   c2::float coding.intra-refresh.period = 0
11-07 12:29:20.954 D/CCodecConfig( 1561):   c2::u32 coding.request-sync-frame.value = 0
11-07 12:29:20.954 D/CCodecConfig( 1561):   c2::i64 coding.sync-frame-interval.value = 1000000
11-07 12:29:20.954 D/CCodecConfig( 1561):   c2::u32 input.delay.value = 0
11-07 12:29:20.954 D/CCodecConfig( 1561):   string input.media-type.value = "video/raw"
11-07 12:29:20.954 D/CCodecConfig( 1561):   string output.media-type.value = "video/avc"
11-07 12:29:20.954 D/CCodecConfig( 1561):   c2::u32 raw.color.matrix = 0
11-07 12:29:20.954 D/CCodecConfig( 1561):   c2::u32 raw.color.primaries = 0
11-07 12:29:20.954 D/CCodecConfig( 1561):   c2::u32 raw.color.range = 0
11-07 12:29:20.954 D/CCodecConfig( 1561):   c2::u32 raw.color.transfer = 0
11-07 12:29:20.954 D/CCodecConfig( 1561):   c2::u32 raw.size.height = 16
11-07 12:29:20.954 D/CCodecConfig( 1561):   c2::u32 raw.size.width = 16
11-07 12:29:20.954 D/CCodecConfig( 1561): }
11-07 12:29:20.958 E/StagefrightRecorder( 1561): Failed to create video encoder
11-07 12:29:20.962 W/StagefrightRecorder( 1561): stop while neither recording nor paused
11-07 12:29:20.962 W/StagefrightRecorder( 1561): stop while neither recording nor paused
11-07 12:29:20.963 W/StagefrightRecorder( 1561): stop while neither recording nor paused
11-07 12:29:21.271 D/CCodec  (26459): hidl based PersistentSurface created
11-07 12:29:21.271 W/StagefrightRecorder( 1561): stop while neither recording nor paused
11-07 12:29:21.278 W/StagefrightRecorder( 1561): Max file duration is not positive: 0 us. Disabling duration limit.
11-07 12:29:21.278 W/StagefrightRecorder( 1561): Target duration (0 us) too short to be respected
11-07 12:29:21.278 E/StagefrightRecorder( 1561): setParameter: failed to find key video-param-encoding-bframe
11-07 12:29:21.281 D/CCodec  ( 1561): allocate(c2.android.avc.encoder)
11-07 12:29:21.286 I/CCodec  ( 1561): Created component [c2.android.avc.encoder] for [c2.android.avc.encoder]
11-07 12:29:21.287 D/CCodecConfig( 1561): read media type: video/avc
11-07 12:29:21.292 D/CCodecConfig( 1561): ignoring local param raw.color (0xc2001809) as it is already supported
11-07 12:29:21.294 I/CCodecConfig( 1561): query failed after returning 13 values (BAD_INDEX)
11-07 12:29:21.294 D/CCodecConfig( 1561): c2 config diff is Dict {
11-07 12:29:21.294 D/CCodecConfig( 1561):   c2::u32 algo.bitrate-mode.value = 3
11-07 12:29:21.294 D/CCodecConfig( 1561):   c2::i32 coded.average-qp.value = 0
11-07 12:29:21.294 D/CCodecConfig( 1561):   c2::u32 coded.bitrate.value = 64000
11-07 12:29:21.294 D/CCodecConfig( 1561):   c2::float coded.frame-rate.value = 1
11-07 12:29:21.294 D/CCodecConfig( 1561):   c2::u32 coded.picture-type.value = 0
11-07 12:29:21.294 D/CCodecConfig( 1561):   c2::u32 coded.pl.level = 20492
11-07 12:29:21.294 D/CCodecConfig( 1561):   c2::u32 coded.pl.profile = 20481
11-07 12:29:21.294 D/CCodecConfig( 1561):   c2::u32 coded.vui.color.matrix = 0
11-07 12:29:21.294 D/CCodecConfig( 1561):   c2::u32 coded.vui.color.primaries = 0
11-07 12:29:21.294 D/CCodecConfig( 1561):   c2::u32 coded.vui.color.range = 0
11-07 12:29:21.294 D/CCodecConfig( 1561):   c2::u32 coded.vui.color.transfer = 0
11-07 12:29:21.294 D/CCodecConfig( 1561):   c2::u32 coding.intra-refresh.mode = 0
11-07 12:29:21.294 D/CCodecConfig( 1561):   c2::float coding.intra-refresh.period = 0
11-07 12:29:21.294 D/CCodecConfig( 1561):   c2::u32 coding.request-sync-frame.value = 0
11-07 12:29:21.294 D/CCodecConfig( 1561):   c2::i64 coding.sync-frame-interval.value = 1000000
11-07 12:29:21.294 D/CCodecConfig( 1561):   c2::u32 input.delay.value = 0
11-07 12:29:21.294 D/CCodecConfig( 1561):   string input.media-type.value = "video/raw"
11-07 12:29:21.294 D/CCodecConfig( 1561):   string output.media-type.value = "video/avc"
11-07 12:29:21.294 D/CCodecConfig( 1561):   c2::u32 raw.color.matrix = 0
11-07 12:29:21.294 D/CCodecConfig( 1561):   c2::u32 raw.color.primaries = 0
11-07 12:29:21.294 D/CCodecConfig( 1561):   c2::u32 raw.color.range = 0
11-07 12:29:21.294 D/CCodecConfig( 1561):   c2::u32 raw.color.transfer = 0
11-07 12:29:21.294 D/CCodecConfig( 1561):   c2::u32 raw.size.height = 16
11-07 12:29:21.294 D/CCodecConfig( 1561):   c2::u32 raw.size.width = 16
11-07 12:29:21.294 D/CCodecConfig( 1561): }
11-07 12:29:21.297 D/CCodec  ( 1561): [c2.android.avc.encoder] buffers are bound to CCodec for this session
11-07 12:29:21.298 D/CCodecConfig( 1561): no c2 equivalents for stride
11-07 12:29:21.298 D/CCodecConfig( 1561): no c2 equivalents for slice-height
11-07 12:29:21.298 D/CCodecConfig( 1561): no c2 equivalents for color-format
11-07 12:29:21.298 D/CCodecConfig( 1561): no c2 equivalents for create-input-buffers-suspended
11-07 12:29:21.298 D/CCodecConfig( 1561): no c2 equivalents for flags
11-07 12:29:21.298 D/CCodecConfig( 1561): no c2 equivalents for encoder
11-07 12:29:21.298 D/CCodecConfig( 1561): Bad parameter value
11-07 12:29:21.299 D/CCodecConfig( 1561): c2 config diff is   c2::u32 coded.bitrate.value = 50000000
11-07 12:29:21.299 D/CCodecConfig( 1561):   c2::float coded.frame-rate.value = 30
11-07 12:29:21.299 D/CCodecConfig( 1561):   c2::u32 coded.pl.profile = 20482
11-07 12:29:21.299 D/CCodecConfig( 1561):   c2::u32 raw.size.height = 2160
11-07 12:29:21.300 W/CCodec  ( 1561): failed to configure c2 params
11-07 12:29:21.301 D/CCodec  ( 1561): allocate(c2.android.avc.encoder)
11-07 12:29:21.306 I/CCodec  ( 1561): Created component [c2.android.avc.encoder] for [c2.android.avc.encoder]
11-07 12:29:21.306 D/CCodecConfig( 1561): read media type: video/avc
11-07 12:29:21.312 D/CCodecConfig( 1561): ignoring local param raw.color (0xc2001809) as it is already supported
11-07 12:29:21.314 I/CCodecConfig( 1561): query failed after returning 13 values (BAD_INDEX)
11-07 12:29:21.314 D/CCodecConfig( 1561): c2 config diff is Dict {
11-07 12:29:21.314 D/CCodecConfig( 1561):   c2::u32 algo.bitrate-mode.value = 3
11-07 12:29:21.314 D/CCodecConfig( 1561):   c2::i32 coded.average-qp.value = 0
11-07 12:29:21.314 D/CCodecConfig( 1561):   c2::u32 coded.bitrate.value = 64000
11-07 12:29:21.314 D/CCodecConfig( 1561):   c2::float coded.frame-rate.value = 1
11-07 12:29:21.314 D/CCodecConfig( 1561):   c2::u32 coded.picture-type.value = 0
11-07 12:29:21.314 D/CCodecConfig( 1561):   c2::u32 coded.pl.level = 20492
11-07 12:29:21.314 D/CCodecConfig( 1561):   c2::u32 coded.pl.profile = 20481
11-07 12:29:21.314 D/CCodecConfig( 1561):   c2::u32 coded.vui.color.matrix = 0
11-07 12:29:21.314 D/CCodecConfig( 1561):   c2::u32 coded.vui.color.primaries = 0
11-07 12:29:21.314 D/CCodecConfig( 1561):   c2::u32 coded.vui.color.range = 0
11-07 12:29:21.314 D/CCodecConfig( 1561):   c2::u32 coded.vui.color.transfer = 0
11-07 12:29:21.314 D/CCodecConfig( 1561):   c2::u32 coding.intra-refresh.mode = 0
11-07 12:29:21.314 D/CCodecConfig( 1561):   c2::float coding.intra-refresh.period = 0
11-07 12:29:21.314 D/CCodecConfig( 1561):   c2::u32 coding.request-sync-frame.value = 0
11-07 12:29:21.314 D/CCodecConfig( 1561):   c2::i64 coding.sync-frame-interval.value = 1000000
11-07 12:29:21.314 D/CCodecConfig( 1561):   c2::u32 input.delay.value = 0
11-07 12:29:21.314 D/CCodecConfig( 1561):   string input.media-type.value = "video/raw"
11-07 12:29:21.314 D/CCodecConfig( 1561):   string output.media-type.value = "video/avc"
11-07 12:29:21.314 D/CCodecConfig( 1561):   c2::u32 raw.color.matrix = 0
11-07 12:29:21.314 D/CCodecConfig( 1561):   c2::u32 raw.color.primaries = 0
11-07 12:29:21.314 D/CCodecConfig( 1561):   c2::u32 raw.color.range = 0
11-07 12:29:21.314 D/CCodecConfig( 1561):   c2::u32 raw.color.transfer = 0
11-07 12:29:21.314 D/CCodecConfig( 1561):   c2::u32 raw.size.height = 16
11-07 12:29:21.314 D/CCodecConfig( 1561):   c2::u32 raw.size.width = 16
11-07 12:29:21.314 D/CCodecConfig( 1561): }
11-07 12:29:21.320 E/StagefrightRecorder( 1561): Failed to create video encoder
11-07 12:29:21.322 W/StagefrightRecorder( 1561): stop while neither recording nor paused
11-07 12:29:21.322 W/StagefrightRecorder( 1561): stop while neither recording nor paused
11-07 12:29:21.322 W/StagefrightRecorder( 1561): stop while neither recording nor paused
11-07 12:29:21.562 D/CCodec  (26459): hidl based PersistentSurface created
11-07 12:29:21.562 W/StagefrightRecorder( 1561): stop while neither recording nor paused
11-07 12:29:21.567 W/StagefrightRecorder( 1561): Max file duration is not positive: 0 us. Disabling duration limit.
11-07 12:29:21.567 W/StagefrightRecorder( 1561): Target duration (0 us) too short to be respected
11-07 12:29:21.567 E/StagefrightRecorder( 1561): setParameter: failed to find key video-param-encoding-bframe
11-07 12:29:21.571 D/CCodec  ( 1561): allocate(c2.android.avc.encoder)
11-07 12:29:21.576 I/CCodec  ( 1561): Created component [c2.android.avc.encoder] for [c2.android.avc.encoder]
11-07 12:29:21.577 D/CCodecConfig( 1561): read media type: video/avc
11-07 12:29:21.583 D/CCodecConfig( 1561): ignoring local param raw.color (0xc2001809) as it is already supported
11-07 12:29:21.585 I/CCodecConfig( 1561): query failed after returning 13 values (BAD_INDEX)
11-07 12:29:21.586 D/CCodecConfig( 1561): c2 config diff is Dict {
11-07 12:29:21.586 D/CCodecConfig( 1561):   c2::u32 algo.bitrate-mode.value = 3
11-07 12:29:21.586 D/CCodecConfig( 1561):   c2::i32 coded.average-qp.value = 0
11-07 12:29:21.586 D/CCodecConfig( 1561):   c2::u32 coded.bitrate.value = 64000
11-07 12:29:21.586 D/CCodecConfig( 1561):   c2::float coded.frame-rate.value = 1
11-07 12:29:21.586 D/CCodecConfig( 1561):   c2::u32 coded.picture-type.value = 0
11-07 12:29:21.586 D/CCodecConfig( 1561):   c2::u32 coded.pl.level = 20492
11-07 12:29:21.586 D/CCodecConfig( 1561):   c2::u32 coded.pl.profile = 20481
11-07 12:29:21.586 D/CCodecConfig( 1561):   c2::u32 coded.vui.color.matrix = 0
11-07 12:29:21.586 D/CCodecConfig( 1561):   c2::u32 coded.vui.color.primaries = 0
11-07 12:29:21.586 D/CCodecConfig( 1561):   c2::u32 coded.vui.color.range = 0
11-07 12:29:21.586 D/CCodecConfig( 1561):   c2::u32 coded.vui.color.transfer = 0
11-07 12:29:21.586 D/CCodecConfig( 1561):   c2::u32 coding.intra-refresh.mode = 0
11-07 12:29:21.586 D/CCodecConfig( 1561):   c2::float coding.intra-refresh.period = 0
11-07 12:29:21.586 D/CCodecConfig( 1561):   c2::u32 coding.request-sync-frame.value = 0
11-07 12:29:21.586 D/CCodecConfig( 1561):   c2::i64 coding.sync-frame-interval.value = 1000000
11-07 12:29:21.586 D/CCodecConfig( 1561):   c2::u32 input.delay.value = 0
11-07 12:29:21.586 D/CCodecConfig( 1561):   string input.media-type.value = "video/raw"
11-07 12:29:21.586 D/CCodecConfig( 1561):   string output.media-type.value = "video/avc"
11-07 12:29:21.586 D/CCodecConfig( 1561):   c2::u32 raw.color.matrix = 0
11-07 12:29:21.586 D/CCodecConfig( 1561):   c2::u32 raw.color.primaries = 0
11-07 12:29:21.586 D/CCodecConfig( 1561):   c2::u32 raw.color.range = 0
11-07 12:29:21.586 D/CCodecConfig( 1561):   c2::u32 raw.color.transfer = 0
11-07 12:29:21.586 D/CCodecConfig( 1561):   c2::u32 raw.size.height = 16
11-07 12:29:21.586 D/CCodecConfig( 1561):   c2::u32 raw.size.width = 16
11-07 12:29:21.586 D/CCodecConfig( 1561): }
11-07 12:29:21.588 D/CCodec  ( 1561): [c2.android.avc.encoder] buffers are bound to CCodec for this session
11-07 12:29:21.588 D/CCodecConfig( 1561): no c2 equivalents for stride
11-07 12:29:21.588 D/CCodecConfig( 1561): no c2 equivalents for slice-height
11-07 12:29:21.588 D/CCodecConfig( 1561): no c2 equivalents for color-format
11-07 12:29:21.588 D/CCodecConfig( 1561): no c2 equivalents for create-input-buffers-suspended
11-07 12:29:21.588 D/CCodecConfig( 1561): no c2 equivalents for flags
11-07 12:29:21.588 D/CCodecConfig( 1561): no c2 equivalents for encoder
11-07 12:29:21.589 D/CCodecConfig( 1561): Bad parameter value
11-07 12:29:21.589 D/CCodecConfig( 1561): c2 config diff is   c2::u32 coded.bitrate.value = 50000000
11-07 12:29:21.589 D/CCodecConfig( 1561):   c2::float coded.frame-rate.value = 30
11-07 12:29:21.589 D/CCodecConfig( 1561):   c2::u32 coded.pl.profile = 20482
11-07 12:29:21.589 D/CCodecConfig( 1561):   c2::u32 raw.size.height = 2160
11-07 12:29:21.590 W/CCodec  ( 1561): failed to configure c2 params
11-07 12:29:21.593 D/CCodec  ( 1561): allocate(c2.android.avc.encoder)
11-07 12:29:21.597 I/CCodec  ( 1561): Created component [c2.android.avc.encoder] for [c2.android.avc.encoder]
11-07 12:29:21.597 D/CCodecConfig( 1561): read media type: video/avc
11-07 12:29:21.602 D/CCodecConfig( 1561): ignoring local param raw.color (0xc2001809) as it is already supported
11-07 12:29:21.603 I/CCodecConfig( 1561): query failed after returning 13 values (BAD_INDEX)
11-07 12:29:21.604 D/CCodecConfig( 1561): c2 config diff is Dict {
11-07 12:29:21.604 D/CCodecConfig( 1561):   c2::u32 algo.bitrate-mode.value = 3
11-07 12:29:21.604 D/CCodecConfig( 1561):   c2::i32 coded.average-qp.value = 0
11-07 12:29:21.604 D/CCodecConfig( 1561):   c2::u32 coded.bitrate.value = 64000
11-07 12:29:21.604 D/CCodecConfig( 1561):   c2::float coded.frame-rate.value = 1
11-07 12:29:21.604 D/CCodecConfig( 1561):   c2::u32 coded.picture-type.value = 0
11-07 12:29:21.604 D/CCodecConfig( 1561):   c2::u32 coded.pl.level = 20492
11-07 12:29:21.604 D/CCodecConfig( 1561):   c2::u32 coded.pl.profile = 20481
11-07 12:29:21.604 D/CCodecConfig( 1561):   c2::u32 coded.vui.color.matrix = 0
11-07 12:29:21.604 D/CCodecConfig( 1561):   c2::u32 coded.vui.color.primaries = 0
11-07 12:29:21.604 D/CCodecConfig( 1561):   c2::u32 coded.vui.color.range = 0
11-07 12:29:21.604 D/CCodecConfig( 1561):   c2::u32 coded.vui.color.transfer = 0
11-07 12:29:21.604 D/CCodecConfig( 1561):   c2::u32 coding.intra-refresh.mode = 0
11-07 12:29:21.604 D/CCodecConfig( 1561):   c2::float coding.intra-refresh.period = 0
11-07 12:29:21.604 D/CCodecConfig( 1561):   c2::u32 coding.request-sync-frame.value = 0
11-07 12:29:21.604 D/CCodecConfig( 1561):   c2::i64 coding.sync-frame-interval.value = 1000000
11-07 12:29:21.604 D/CCodecConfig( 1561):   c2::u32 input.delay.value = 0
11-07 12:29:21.604 D/CCodecConfig( 1561):   string input.media-type.value = "video/raw"
11-07 12:29:21.604 D/CCodecConfig( 1561):   string output.media-type.value = "video/avc"
11-07 12:29:21.604 D/CCodecConfig( 1561):   c2::u32 raw.color.matrix = 0
11-07 12:29:21.604 D/CCodecConfig( 1561):   c2::u32 raw.color.primaries = 0
11-07 12:29:21.604 D/CCodecConfig( 1561):   c2::u32 raw.color.range = 0
11-07 12:29:21.604 D/CCodecConfig( 1561):   c2::u32 raw.color.transfer = 0
11-07 12:29:21.604 D/CCodecConfig( 1561):   c2::u32 raw.size.height = 16
11-07 12:29:21.604 D/CCodecConfig( 1561):   c2::u32 raw.size.width = 16
11-07 12:29:21.604 D/CCodecConfig( 1561): }
11-07 12:29:21.613 E/StagefrightRecorder( 1561): Failed to create video encoder
11-07 12:29:21.616 W/StagefrightRecorder( 1561): stop while neither recording nor paused
11-07 12:29:21.616 W/StagefrightRecorder( 1561): stop while neither recording nor paused
11-07 12:29:21.616 W/StagefrightRecorder( 1561): stop while neither recording nor paused
11-07 12:29:21.912 D/CCodec  (26459): hidl based PersistentSurface created
11-07 12:29:21.912 W/StagefrightRecorder( 1561): stop while neither recording nor paused
11-07 12:29:21.918 W/StagefrightRecorder( 1561): Max file duration is not positive: 0 us. Disabling duration limit.
11-07 12:29:21.918 W/StagefrightRecorder( 1561): Target duration (0 us) too short to be respected
11-07 12:29:21.918 E/StagefrightRecorder( 1561): setParameter: failed to find key video-param-encoding-bframe
11-07 12:29:21.921 D/CCodec  ( 1561): allocate(c2.android.avc.encoder)
11-07 12:29:21.927 I/CCodec  ( 1561): Created component [c2.android.avc.encoder] for [c2.android.avc.encoder]
11-07 12:29:21.927 D/CCodecConfig( 1561): read media type: video/avc
11-07 12:29:21.940 D/CCodecConfig( 1561): ignoring local param raw.color (0xc2001809) as it is already supported
11-07 12:29:21.943 I/CCodecConfig( 1561): query failed after returning 13 values (BAD_INDEX)
11-07 12:29:21.944 D/CCodecConfig( 1561): c2 config diff is Dict {
11-07 12:29:21.944 D/CCodecConfig( 1561):   c2::u32 algo.bitrate-mode.value = 3
11-07 12:29:21.944 D/CCodecConfig( 1561):   c2::i32 coded.average-qp.value = 0
11-07 12:29:21.944 D/CCodecConfig( 1561):   c2::u32 coded.bitrate.value = 64000
11-07 12:29:21.944 D/CCodecConfig( 1561):   c2::float coded.frame-rate.value = 1
11-07 12:29:21.944 D/CCodecConfig( 1561):   c2::u32 coded.picture-type.value = 0
11-07 12:29:21.944 D/CCodecConfig( 1561):   c2::u32 coded.pl.level = 20492
11-07 12:29:21.944 D/CCodecConfig( 1561):   c2::u32 coded.pl.profile = 20481
11-07 12:29:21.944 D/CCodecConfig( 1561):   c2::u32 coded.vui.color.matrix = 0
11-07 12:29:21.944 D/CCodecConfig( 1561):   c2::u32 coded.vui.color.primaries = 0
11-07 12:29:21.944 D/CCodecConfig( 1561):   c2::u32 coded.vui.color.range = 0
11-07 12:29:21.944 D/CCodecConfig( 1561):   c2::u32 coded.vui.color.transfer = 0
11-07 12:29:21.944 D/CCodecConfig( 1561):   c2::u32 coding.intra-refresh.mode = 0
11-07 12:29:21.944 D/CCodecConfig( 1561):   c2::float coding.intra-refresh.period = 0
