11-17 19:20:47.943  1085  2080 E CamX    : [ERROR][MEMMGR ] camximagebuffermanager.cpp:793 BindBufferManagerImageBuffer() [Video4kEIS3PreviewEIS2_IPE_OutputPort_9] Failed in binding imported buffer, result=CamxResultEFailed
11-17 19:20:47.943  1085  2080 E CamX    : [ERROR][CORE   ] camxnode.cpp:9493 BindInputOutputBuffers() Node::Video4kEIS3PreviewEIS2_IPE1 Output[0] Batch[0] : Failed in binding buffer to ImageBuffer, result=CamxResultEFailed
11-17 19:20:47.943  1085  2080 E CamX    : [ERROR][CORE   ] camxnode.cpp:1880 ProcessRequest() Node::Video4kEIS3PreviewEIS2_IPE1 Req[91] processSequenceId[1] Failed in Binding backing buffers to input, output ImageBuffers, result=CamxResultEFailed
11-17 19:20:47.943  1085  2080 E CamX    : [ERROR][DRQ    ] camxdeferredrequestqueue.cpp:985 UpdateDependency() Failure to update: property: 00000000 , fence: 00000000(00000000), request: 91...result willbe an error
11-17 19:20:47.943  1085  2080 E CamX    : [ERROR][CORE   ] camxnode.cpp:1941 ProcessRequest() An Error occured with RequestId 91 Sequence 1 for Node: Video4kEIS3PreviewEIS2_IPE1 inErrorState: 0 ExecuteProcessRequest returned with CamxResultEFailed.
11-17 19:20:47.943  1085  2080 E CamX    : [ERROR][CORE   ] camxdeferredrequestqueue.cpp:400 DeferredWorkerWrapper() DeferredWorker failed with result CamxResultEFailed
11-17 19:20:47.944  1085  1270 E CamX    : [ERROR][CORE   ] camxnode.cpp:4783 CSLFenceCallback() Node::Video4kEIS3PreviewEIS2_IPE1 : Type 65538 portId=9 Fence 185 signaled with failure 1 in node fence handler FOR 91
11-17 19:20:47.944  1085  2084 E CamX    : [ERROR][PPROC  ] camxipenode.cpp:10712 NotifyRequestProcessingError() Fence failure for output port 9 req 91 enableDump 0
11-17 19:20:47.944  1085  2084 E CamX    : [ERROR][DRQ    ] camxdeferredrequestqueue.cpp:985 UpdateDependency() Failure to update: property: ffffffff , fence: cb8ca5f0(000000b9), request: 91...result willbe an error
11-17 19:20:47.944  1085  1270 E CamX    : [ERROR][CORE   ] camxnode.cpp:4783 CSLFenceCallback() Node::Video4kEIS3PreviewEIS2_ChiNodeWrapper2 : Type 255 portId=0 Fence 184 signaled with failure 1 in node fence handler FOR 91
11-17 19:20:47.946  1085  2080 E CamX    : [ERROR][MEMMGR ] camximagebuffer.cpp:532 Import() [Video4kEIS3PreviewEIS2_com.mi.node.mimovie_OutputPort_0][0xb4000079fbd85de0] Failed in importing Gralloc Buffer type=0, BufferHandle=0xb400007a2b98e5f8, offset=0, size=15728640, flags=0x8, deviceCount=0, WxH 3840x2160, format 3
11-17 19:20:47.946  1085  2080 E CamX    : [ERROR][CORE   ] camxnode.cpp:3052 SetupRequestOutputPorts() Import failed
11-17 19:20:47.946  1085  2080 E CamX    : [ERROR][MEMMGR ] camximagebuffer.cpp:532 Import() [Video4kEIS3PreviewEIS2_IPE_OutputPort_9][0xb4000079fbc073d0] Failed in importing Gralloc Buffer type=0, BufferHandle=0xb400007a2b98e5f8, offset=0, size=15728640, flags=0x809, deviceCount=1, WxH 3840x2160, format 3
11-17 19:20:47.946  1085  2080 E CamX    : [ERROR][CORE   ] camxnode.cpp:3052 SetupRequestOutputPorts() Import failed
11-17 19:20:47.949 19045 19045 W CAM_Camera2CompatAdapterRole: Warning: getAuxCameraId(): #init() failed, roleId=20
11-17 19:20:47.949 19045 19045 W CAM_Camera2CompatAdapterRole: Warning: getUltraTeleCameraId(): #init() failed, roleId=23
11-17 19:20:47.976  1085  2084 E CamX    : [ERROR][CSL    ] camxosutilslinux.cpp:753 MemMap() mmap() failed! errno=22, bufferFD=-5476376622896512671, bufferLength=15728640 offset=0
11-17 19:20:47.977  1085  2084 E CamX    : [ERROR][CSL    ] camxcslhwinternal.cpp:3849 CSLHwAddBuffer() mmap() failed!
11-17 19:20:47.978  1085  2084 E CamX    : [ERROR][CSL    ] camxcslhw.cpp:2433 CSLMapBufferHW() CSLHwAddBuffer failed, result = 1
11-17 19:20:47.978  1085  2084 E CamX    : [ERROR][MEMMGR ] camximagebuffer.cpp:648 ImportGrallocBuffer() [Video4kEIS3PreviewEIS2_IPE_OutputPort_9][0xb4000079fbbe7db0] CSLMapNativeBuffer failed with CamxResultEFailed
11-17 19:20:47.978  1085  2084 E CamX    : [ERROR][MEMMGR ] camximagebuffer.cpp:1233 BindImportedBuffer() [Video4kEIS3PreviewEIS2_IPE_OutputPort_9][0xb4000079fbbe7db0] Failed in binding imported Gralloc buffer [0xb400007a2ba8cff8], result=CamxResultEFailed
11-17 19:20:47.978  1085  2084 E CamX    : [ERROR][MEMMGR ] camximagebuffermanager.cpp:793 BindBufferManagerImageBuffer() [Video4kEIS3PreviewEIS2_IPE_OutputPort_9] Failed in binding imported buffer, result=CamxResultEFailed
11-17 19:20:47.978  1085  2084 E CamX    : [ERROR][CORE   ] camxnode.cpp:9493 BindInputOutputBuffers() Node::Video4kEIS3PreviewEIS2_IPE1 Output[0] Batch[0] : Failed in binding buffer to ImageBuffer, result=CamxResultEFailed
11-17 19:20:47.978  1085  2084 E CamX    : [ERROR][CORE   ] camxnode.cpp:1880 ProcessRequest() Node::Video4kEIS3PreviewEIS2_IPE1 Req[92] processSequenceId[1] Failed in Binding backing buffers to input, output ImageBuffers, result=CamxResultEFailed
11-17 19:20:47.978  1085  2084 E CamX    : [ERROR][DRQ    ] camxdeferredrequestqueue.cpp:985 UpdateDependency() Failure to update: property: 00000000 , fence: 00000000(00000000), request: 92...result willbe an error
11-17 19:20:47.978  1085  1270 E CamX    : [ERROR][CORE   ] camxnode.cpp:4783 CSLFenceCallback() Node::Video4kEIS3PreviewEIS2_IPE1 : Type 65538 portId=9 Fence 187 signaled with failure 1 in node fence handler FOR 92
11-17 19:20:47.978  1085  2084 E CamX    : [ERROR][CORE   ] camxnode.cpp:1941 ProcessRequest() An Error occured with RequestId 92 Sequence 1 for Node: Video4kEIS3PreviewEIS2_IPE1 inErrorState: 0 ExecuteProcessRequest returned with CamxResultEFailed.
11-17 19:20:47.978  1085  2084 E CamX    : [ERROR][CORE   ] camxdeferredrequestqueue.cpp:400 DeferredWorkerWrapper() DeferredWorker failed with result CamxResultEFailed
11-17 19:20:47.978  1085  2077 E CamX    : [ERROR][PPROC  ] camxipenode.cpp:10712 NotifyRequestProcessingError() Fence failure for output port 9 req 92 enableDump 0
11-17 19:20:47.978  1085  2077 E CamX    : [ERROR][DRQ    ] camxdeferredrequestqueue.cpp:985 UpdateDependency() Failure to update: property: ffffffff , fence: cb8ca650(000000bb), request: 92...result willbe an error
11-17 19:20:47.978  1085  1270 E CamX    : [ERROR][CORE   ] camxnode.cpp:4783 CSLFenceCallback() Node::Video4kEIS3PreviewEIS2_ChiNodeWrapper2 : Type 255 portId=0 Fence 186 signaled with failure 1 in node fence handler FOR 92
11-17 19:20:47.981  1085  2080 E CamX    : [ERROR][MEMMGR ] camximagebuffer.cpp:532 Import() [Video4kEIS3PreviewEIS2_com.mi.node.mimovie_OutputPort_0][0xb4000079fbd4f260] Failed in importing Gralloc Buffer type=0, BufferHandle=0xb400007a2ba89e48, offset=0, size=15728640, flags=0x8, deviceCount=0, WxH 3840x2160, format 3
11-17 19:20:47.981  1085  2080 E CamX    : [ERROR][CORE   ] camxnode.cpp:3052 SetupRequestOutputPorts() Import failed
11-17 19:20:47.981  1085  2080 E CamX    : [ERROR][MEMMGR ] camximagebuffer.cpp:532 Import() [Video4kEIS3PreviewEIS2_IPE_OutputPort_9][0xb4000079fbbe7db0] Failed in importing Gralloc Buffer type=0, BufferHandle=0xb400007a2ba89e48, offset=0, size=15728640, flags=0x809, deviceCount=1, WxH 3840x2160, format 3
11-17 19:20:47.981  1085  2080 E CamX    : [ERROR][CORE   ] camxnode.cpp:3052 SetupRequestOutputPorts() Import failed
11-17 19:20:47.984 19045 19045 W CAM_Camera2CompatAdapterRole: Warning: getAuxCameraId(): #init() failed, roleId=20
11-17 19:20:47.984 19045 19045 W CAM_Camera2CompatAdapterRole: Warning: getUltraTeleCameraId(): #init() failed, roleId=23
11-17 19:20:48.010  1085  2082 E CamX    : [ERROR][CSL    ] camxosutilslinux.cpp:753 MemMap() mmap() failed! errno=22, bufferFD=355, bufferLength=15728640 offset=0
11-17 19:20:48.010  1085  2082 E CamX    : [ERROR][CSL    ] camxcslhwinternal.cpp:3849 CSLHwAddBuffer() mmap() failed!
11-17 19:20:48.010  1085  2082 E CamX    : [ERROR][CSL    ] camxcslhw.cpp:2433 CSLMapBufferHW() CSLHwAddBuffer failed, result = 1
11-17 19:20:48.010  1085  2082 E CamX    : [ERROR][MEMMGR ] camximagebuffer.cpp:648 ImportGrallocBuffer() [Video4kEIS3PreviewEIS2_IPE_OutputPort_9][0xb4000079fbd74f80] CSLMapNativeBuffer failed with CamxResultEFailed
11-17 19:20:48.010  1085  2082 E CamX    : [ERROR][MEMMGR ] camximagebuffer.cpp:1233 BindImportedBuffer() [Video4kEIS3PreviewEIS2_IPE_OutputPort_9][0xb4000079fbd74f80] Failed in binding imported Gralloc buffer [0xb400007a2ba8def8], result=CamxResultEFailed
11-17 19:20:48.010  1085  2082 E CamX    : [ERROR][MEMMGR ] camximagebuffermanager.cpp:793 BindBufferManagerImageBuffer() [Video4kEIS3PreviewEIS2_IPE_OutputPort_9] Failed in binding imported buffer, result=CamxResultEFailed
11-17 19:20:48.010  1085  2082 E CamX    : [ERROR][CORE   ] camxnode.cpp:9493 BindInputOutputBuffers() Node::Video4kEIS3PreviewEIS2_IPE1 Output[0] Batch[0] : Failed in binding buffer to ImageBuffer, result=CamxResultEFailed
11-17 19:20:48.010  1085  2082 E CamX    : [ERROR][CORE   ] camxnode.cpp:1880 ProcessRequest() Node::Video4kEIS3PreviewEIS2_IPE1 Req[93] processSequenceId[1] Failed in Binding backing buffers to input, output ImageBuffers, result=CamxResultEFailed
11-17 19:20:48.010  1085  2082 E CamX    : [ERROR][DRQ    ] camxdeferredrequestqueue.cpp:985 UpdateDependency() Failure to update: property: 00000000 , fence: 00000000(00000000), request: 93...result willbe an error
11-17 19:20:48.010  1085  1270 E CamX    : [ERROR][CORE   ] camxnode.cpp:4783 CSLFenceCallback() Node::Video4kEIS3PreviewEIS2_IPE1 : Type 65538 portId=9 Fence 189 signaled with failure 1 in node fence handler FOR 93
11-17 19:20:48.011  1085  2082 E CamX    : [ERROR][CORE   ] camxnode.cpp:1941 ProcessRequest() An Error occured with RequestId 93 Sequence 1 for Node: Video4kEIS3PreviewEIS2_IPE1 inErrorState: 0 ExecuteProcessRequest returned with CamxResultEFailed.
11-17 19:20:48.011  1085  2082 E CamX    : [ERROR][CORE   ] camxdeferredrequestqueue.cpp:400 DeferredWorkerWrapper() DeferredWorker failed with result CamxResultEFailed
11-17 19:20:48.011  1085  2080 E CamX    : [ERROR][PPROC  ] camxipenode.cpp:10712 NotifyRequestProcessingError() Fence failure for output port 9 req 93 enableDump 0
11-17 19:20:48.011  1085  2080 E CamX    : [ERROR][DRQ    ] camxdeferredrequestqueue.cpp:985 UpdateDependency() Failure to update: property: ffffffff , fence: cb8ca6b0(000000bd), request: 93...result willbe an error
11-17 19:20:48.011  1085  1270 E CamX    : [ERROR][CORE   ] camxnode.cpp:4783 CSLFenceCallback() Node::Video4kEIS3PreviewEIS2_ChiNodeWrapper2 : Type 255 portId=0 Fence 188 signaled with failure 1 in node fence handler FOR 93
11-17 19:20:48.015  1085  2082 E CamX    : [ERROR][MEMMGR ] camximagebuffer.cpp:532 Import() [Video4kEIS3PreviewEIS2_com.mi.node.mimovie_OutputPort_0][0xb4000079fbbea450] Failed in importing Gralloc Buffer type=0, BufferHandle=0xb400007a2ba8cff8, offset=0, size=15728640, flags=0x8, deviceCount=0, WxH 3840x2160, format 3
11-17 19:20:48.015  1085  2082 E CamX    : [ERROR][CORE   ] camxnode.cpp:3052 SetupRequestOutputPorts() Import failed
11-17 19:20:48.015  1085  2082 E CamX    : [ERROR][MEMMGR ] camximagebuffer.cpp:532 Import() [Video4kEIS3PreviewEIS2_IPE_OutputPort_9][0xb4000079fbd74f80] Failed in importing Gralloc Buffer type=0, BufferHandle=0xb400007a2ba8cff8, offset=0, size=15728640, flags=0x809, deviceCount=1, WxH 3840x2160, format 3
11-17 19:20:48.015  1085  2082 E CamX    : [ERROR][CORE   ] camxnode.cpp:3052 SetupRequestOutputPorts() Import failed
11-17 19:20:48.017 19045 19045 W CAM_Camera2CompatAdapterRole: Warning: getAuxCameraId(): #init() failed, roleId=20
11-17 19:20:48.017 19045 19045 W CAM_Camera2CompatAdapterRole: Warning: getUltraTeleCameraId(): #init() failed, roleId=23
11-17 19:20:48.036  1085  2081 E CamX    : [ERROR][NCS    ] camxoissensorintf.cpp:651 OISPollThread() FillOISSensorData,Failure polling the nData count is 0!!!!!!!
11-17 19:20:48.042  1085  2080 E CamX    : [ERROR][CSL    ] camxosutilslinux.cpp:753 MemMap() mmap() failed! errno=22, bufferFD=357, bufferLength=15728640 offset=0
11-17 19:20:48.042  1085  2080 E CamX    : [ERROR][CSL    ] camxcslhwinternal.cpp:3849 CSLHwAddBuffer() mmap() failed!
11-17 19:20:48.042  1085  2080 E CamX    : [ERROR][CSL    ] camxcslhw.cpp:2433 CSLMapBufferHW() CSLHwAddBuffer failed, result = 1
11-17 19:20:48.042  1085  2080 E CamX    : [ERROR][MEMMGR ] camximagebuffer.cpp:648 ImportGrallocBuffer() [Video4kEIS3PreviewEIS2_IPE_OutputPort_9][0xb4000079fbd8ab20] CSLMapNativeBuffer failed with CamxResultEFailed
11-17 19:20:48.042  1085  2080 E CamX    : [ERROR][MEMMGR ] camximagebuffer.cpp:1233 BindImportedBuffer() [Video4kEIS3PreviewEIS2_IPE_OutputPort_9][0xb4000079fbd8ab20] Failed in binding imported Gralloc buffer [0xb400007a2ba7fee8], result=CamxResultEFailed
11-17 19:20:48.042  1085  2080 E CamX    : [ERROR][MEMMGR ] camximagebuffermanager.cpp:793 BindBufferManagerImageBuffer() [Video4kEIS3PreviewEIS2_IPE_OutputPort_9] Failed in binding imported buffer, result=CamxResultEFailed
11-17 19:20:48.042  1085  2080 E CamX    : [ERROR][CORE   ] camxnode.cpp:9493 BindInputOutputBuffers() Node::Video4kEIS3PreviewEIS2_IPE1 Output[0] Batch[0] : Failed in binding buffer to ImageBuffer, result=CamxResultEFailed
11-17 19:20:48.042  1085  2080 E CamX    : [ERROR][CORE   ] camxnode.cpp:1880 ProcessRequest() Node::Video4kEIS3PreviewEIS2_IPE1 Req[94] processSequenceId[1] Failed in Binding backing buffers to input, output ImageBuffers, result=CamxResultEFailed
11-17 19:20:48.042  1085  1270 E CamX    : [ERROR][CORE   ] camxnode.cpp:4783 CSLFenceCallback() Node::Video4kEIS3PreviewEIS2_IPE1 : Type 65538 portId=9 Fence 191 signaled with failure 1 in node fence handler FOR 94
11-17 19:20:48.042  1085  2080 E CamX    : [ERROR][DRQ    ] camxdeferredrequestqueue.cpp:985 UpdateDependency() Failure to update: property: 00000000 , fence: 00000000(00000000), request: 94...result willbe an error
11-17 19:20:48.042  1085  2080 E CamX    : [ERROR][CORE   ] camxnode.cpp:1941 ProcessRequest() An Error occured with RequestId 94 Sequence 1 for Node: Video4kEIS3PreviewEIS2_IPE1 inErrorState: 0 ExecuteProcessRequest returned with CamxResultEFailed.
11-17 19:20:48.042  1085  2077 E CamX    : [ERROR][PPROC  ] camxipenode.cpp:10712 NotifyRequestProcessingError() Fence failure for output port 9 req 94 enableDump 0
11-17 19:20:48.042  1085  2080 E CamX    : [ERROR][CORE   ] camxdeferredrequestqueue.cpp:400 DeferredWorkerWrapper() DeferredWorker failed with result CamxResultEFailed
11-17 19:20:48.042  1085  2077 E CamX    : [ERROR][DRQ    ] camxdeferredrequestqueue.cpp:985 UpdateDependency() Failure to update: property: ffffffff , fence: cb8ca710(000000bf), request: 94...result willbe an error
11-17 19:20:48.043  1085  1270 E CamX    : [ERROR][CORE   ] camxnode.cpp:4783 CSLFenceCallback() Node::Video4kEIS3PreviewEIS2_ChiNodeWrapper2 : Type 255 portId=0 Fence 190 signaled with failure 1 in node fence handler FOR 94
11-17 19:20:48.045  1085  2080 E CamX    : [ERROR][MEMMGR ] camximagebuffer.cpp:532 Import() [Video4kEIS3PreviewEIS2_com.mi.node.mimovie_OutputPort_0][0xb4000079fbd42460] Failed in importing Gralloc Buffer type=0, BufferHandle=0xb400007a2ba8def8, offset=0, size=15728640, flags=0x8, deviceCount=0, WxH 3840x2160, format 3
11-17 19:20:48.046  1085  2080 E CamX    : [ERROR][CORE   ] camxnode.cpp:3052 SetupRequestOutputPorts() Import failed
11-17 19:20:48.046  1085  2080 E CamX    : [ERROR][MEMMGR ] camximagebuffer.cpp:532 Import() [Video4kEIS3PreviewEIS2_IPE_OutputPort_9][0xb4000079fbd8ab20] Failed in importing Gralloc Buffer type=0, BufferHandle=0xb400007a2ba8def8, offset=0, size=15728640, flags=0x809, deviceCount=1, WxH 3840x2160, format 3
11-17 19:20:48.046  1085  2080 E CamX    : [ERROR][CORE   ] camxnode.cpp:3052 SetupRequestOutputPorts() Import failed
11-17 19:20:48.048 19045 19045 W CAM_Camera2CompatAdapterRole: Warning: getAuxCameraId(): #init() failed, roleId=20
11-17 19:20:48.048 19045 19045 W CAM_Camera2CompatAdapterRole: Warning: getUltraTeleCameraId(): #init() failed, roleId=23
11-17 19:20:48.075  1085  2086 E CamX    : [ERROR][CSL    ] camxosutilslinux.cpp:753 MemMap() mmap() failed! errno=22, bufferFD=359, bufferLength=15728640 offset=0
11-17 19:20:48.075  1085  2086 E CamX    : [ERROR][CSL    ] camxcslhwinternal.cpp:3849 CSLHwAddBuffer() mmap() failed!
11-17 19:20:48.076  1085  2086 E CamX    : [ERROR][CSL    ] camxcslhw.cpp:2433 CSLMapBufferHW() CSLHwAddBuffer failed, result = 1
11-17 19:20:48.076  1085  2086 E CamX    : [ERROR][MEMMGR ] camximagebuffer.cpp:648 ImportGrallocBuffer() [Video4kEIS3PreviewEIS2_IPE_OutputPort_9][0xb4000079fbd897d0] CSLMapNativeBuffer failed with CamxResultEFailed
11-17 19:20:48.076  1085  2086 E CamX    : [ERROR][MEMMGR ] camximagebuffer.cpp:1233 BindImportedBuffer() [Video4kEIS3PreviewEIS2_IPE_OutputPort_9][0xb4000079fbd897d0] Failed in binding imported Gralloc buffer [0xb400007a2ba8b948], result=CamxResultEFailed
11-17 19:20:48.076  1085  2086 E CamX    : [ERROR][MEMMGR ] camximagebuffermanager.cpp:793 BindBufferManagerImageBuffer() [Video4kEIS3PreviewEIS2_IPE_OutputPort_9] Failed in binding imported buffer, result=CamxResultEFailed
11-17 19:20:48.076  1085  2086 E CamX    : [ERROR][CORE   ] camxnode.cpp:9493 BindInputOutputBuffers() Node::Video4kEIS3PreviewEIS2_IPE1 Output[0] Batch[0] : Failed in binding buffer to ImageBuffer, result=CamxResultEFailed
11-17 19:20:48.076  1085  2086 E CamX    : [ERROR][CORE   ] camxnode.cpp:1880 ProcessRequest() Node::Video4kEIS3PreviewEIS2_IPE1 Req[95] processSequenceId[1] Failed in Binding backing buffers to input, output ImageBuffers, result=CamxResultEFailed
11-17 19:20:48.076  1085  2086 E CamX    : [ERROR][DRQ    ] camxdeferredrequestqueue.cpp:985 UpdateDependency() Failure to update: property: 00000000 , fence: 00000000(00000000), request: 95...result willbe an error
11-17 19:20:48.076  1085  2086 E CamX    : [ERROR][CORE   ] camxnode.cpp:1941 ProcessRequest() An Error occured with RequestId 95 Sequence 1 for Node: Video4kEIS3PreviewEIS2_IPE1 inErrorState: 0 ExecuteProcessRequest returned with CamxResultEFailed.
11-17 19:20:48.076  1085  2086 E CamX    : [ERROR][CORE   ] camxdeferredrequestqueue.cpp:400 DeferredWorkerWrapper() DeferredWorker failed with result CamxResultEFailed
11-17 19:20:48.076  1085  1270 E CamX    : [ERROR][CORE   ] camxnode.cpp:4783 CSLFenceCallback() Node::Video4kEIS3PreviewEIS2_IPE1 : Type 65538 portId=9 Fence 200 signaled with failure 1 in node fence handler FOR 95
11-17 19:20:48.077  1085  2085 E CamX    : [ERROR][PPROC  ] camxipenode.cpp:10712 NotifyRequestProcessingError() Fence failure for output port 9 req 95 enableDump 0
11-17 19:20:48.077  1085  2085 E CamX    : [ERROR][DRQ    ] camxdeferredrequestqueue.cpp:985 UpdateDependency() Failure to update: property: ffffffff , fence: cb8ca770(000000c8), request: 95...result willbe an error
11-17 19:20:48.077  1085  1270 E CamX    : [ERROR][CORE   ] camxnode.cpp:4783 CSLFenceCallback() Node::Video4kEIS3PreviewEIS2_ChiNodeWrapper2 : Type 255 portId=0 Fence 199 signaled with failure 1 in node fence handler FOR 95
11-17 19:20:48.077 19045 19045 W CAM_Camera2CompatAdapterRole: Warning: getAuxCameraId(): #init() failed, roleId=20
11-17 19:20:48.077 19045 19045 W CAM_Camera2CompatAdapterRole: Warning: getUltraTeleCameraId(): #init() failed, roleId=23
11-17 19:20:48.083  1085  2083 E CamX    : [ERROR][MEMMGR ] camximagebuffer.cpp:532 Import() [Video4kEIS3PreviewEIS2_com.mi.node.mimovie_OutputPort_0][0xb4000079fbd7b010] Failed in importing Gralloc Buffer type=0, BufferHandle=0xb400007a2ba7fee8, offset=0, size=15728640, flags=0x8, deviceCount=0, WxH 3840x2160, format 3
11-17 19:20:48.083  1085  2083 E CamX    : [ERROR][CORE   ] camxnode.cpp:3052 SetupRequestOutputPorts() Import failed
11-17 19:20:48.083  1085  2083 E CamX    : [ERROR][MEMMGR ] camximagebuffer.cpp:532 Import() [Video4kEIS3PreviewEIS2_IPE_OutputPort_9][0xb4000079fbd897d0] Failed in importing Gralloc Buffer type=0, BufferHandle=0xb400007a2ba7fee8, offset=0, size=15728640, flags=0x809, deviceCount=1, WxH 3840x2160, format 3
11-17 19:20:48.083  1085  2083 E CamX    : [ERROR][CORE   ] camxnode.cpp:3052 SetupRequestOutputPorts() Import failed
11-17 19:20:48.110  1085  2077 E CamX    : [ERROR][CSL    ] camxosutilslinux.cpp:753 MemMap() mmap() failed! errno=22, bufferFD=-5476376622896512661, bufferLength=15728640 offset=0
11-17 19:20:48.110  1085  2077 E CamX    : [ERROR][CSL    ] camxcslhwinternal.cpp:3849 CSLHwAddBuffer() mmap() failed!
11-17 19:20:48.111  1085  2077 E CamX    : [ERROR][CSL    ] camxcslhw.cpp:2433 CSLMapBufferHW() CSLHwAddBuffer failed, result = 1
11-17 19:20:48.111  1085  2077 E CamX    : [ERROR][MEMMGR ] camximagebuffer.cpp:648 ImportGrallocBuffer() [Video4kEIS3PreviewEIS2_IPE_OutputPort_9][0xb4000079fbd64120] CSLMapNativeBuffer failed with CamxResultEFailed
11-17 19:20:48.111  1085  2077 E CamX    : [ERROR][MEMMGR ] camximagebuffer.cpp:1233 BindImportedBuffer() [Video4kEIS3PreviewEIS2_IPE_OutputPort_9][0xb4000079fbd64120] Failed in binding imported Gralloc buffer [0xb400007a2ba8ef48], result=CamxResultEFailed
11-17 19:20:48.111  1085  2077 E CamX    : [ERROR][MEMMGR ] camximagebuffermanager.cpp:793 BindBufferManagerImageBuffer() [Video4kEIS3PreviewEIS2_IPE_OutputPort_9] Failed in binding imported buffer, result=CamxResultEFailed
11-17 19:20:48.111  1085  2077 E CamX    : [ERROR][CORE   ] camxnode.cpp:9493 BindInputOutputBuffers() Node::Video4kEIS3PreviewEIS2_IPE1 Output[0] Batch[0] : Failed in binding buffer to ImageBuffer, result=CamxResultEFailed
11-17 19:20:48.111  1085  2077 E CamX    : [ERROR][CORE   ] camxnode.cpp:1880 ProcessRequest() Node::Video4kEIS3PreviewEIS2_IPE1 Req[96] processSequenceId[1] Failed in Binding backing buffers to input, output ImageBuffers, result=CamxResultEFailed
11-17 19:20:48.111  1085  2077 E CamX    : [ERROR][DRQ    ] camxdeferredrequestqueue.cpp:985 UpdateDependency() Failure to update: property: 00000000 , fence: 00000000(00000000), request: 96...result willbe an error
11-17 19:20:48.111  1085  2077 E CamX    : [ERROR][CORE   ] camxnode.cpp:1941 ProcessRequest() An Error occured with RequestId 96 Sequence 1 for Node: Video4kEIS3PreviewEIS2_IPE1 inErrorState: 0 ExecuteProcessRequest returned with CamxResultEFailed.
11-17 19:20:48.111  1085  2077 E CamX    : [ERROR][CORE   ] camxdeferredrequestqueue.cpp:400 DeferredWorkerWrapper() DeferredWorker failed with result CamxResultEFailed
11-17 19:20:48.113  1085  1270 E CamX    : [ERROR][CORE   ] camxnode.cpp:4783 CSLFenceCallback() Node::Video4kEIS3PreviewEIS2_IPE1 : Type 65538 portId=9 Fence 209 signaled with failure 1 in node fence handler FOR 96
11-17 19:20:48.113 19045 19045 W CAM_Camera2CompatAdapterRole: Warning: getAuxCameraId(): #init() failed, roleId=20
11-17 19:20:48.113  1085  2080 E CamX    : [ERROR][PPROC  ] camxipenode.cpp:10712 NotifyRequestProcessingError() Fence failure for output port 9 req 96 enableDump 0
11-17 19:20:48.113 19045 19045 W CAM_Camera2CompatAdapterRole: Warning: getUltraTeleCameraId(): #init() failed, roleId=23
11-17 19:20:48.113  1085  2080 E CamX    : [ERROR][DRQ    ] camxdeferredrequestqueue.cpp:985 UpdateDependency() Failure to update: property: ffffffff , fence: cb8ca7d0(000000d1), request: 96...result willbe an error
11-17 19:20:48.113  1085  1270 E CamX    : [ERROR][CORE   ] camxnode.cpp:4783 CSLFenceCallback() Node::Video4kEIS3PreviewEIS2_ChiNodeWrapper2 : Type 255 portId=0 Fence 208 signaled with failure 1 in node fence handler FOR 96
11-17 19:20:48.116  1085  2082 E CamX    : [ERROR][MEMMGR ] camximagebuffer.cpp:532 Import() [Video4kEIS3PreviewEIS2_com.mi.node.mimovie_OutputPort_0][0xb4000079fbd5ed70] Failed in importing Gralloc Buffer type=0, BufferHandle=0xb400007a2ba8b948, offset=0, size=15728640, flags=0x8, deviceCount=0, WxH 3840x2160, format 3
11-17 19:20:48.116  1085  2082 E CamX    : [ERROR][CORE   ] camxnode.cpp:3052 SetupRequestOutputPorts() Import failed
11-17 19:20:48.116  1085  2082 E CamX    : [ERROR][MEMMGR ] camximagebuffer.cpp:532 Import() [Video4kEIS3PreviewEIS2_IPE_OutputPort_9][0xb4000079fbd64120] Failed in importing Gralloc Buffer type=0, BufferHandle=0xb400007a2ba8b948, offset=0, size=15728640, flags=0x809, deviceCount=1, WxH 3840x2160, format 3
11-17 19:20:48.116  1085  2082 E CamX    : [ERROR][CORE   ] camxnode.cpp:3052 SetupRequestOutputPorts() Import failed
11-17 19:20:48.144  1085  2084 E CamX    : [ERROR][CSL    ] camxosutilslinux.cpp:753 MemMap() mmap() failed! errno=22, bufferFD=-5476376622896512657, bufferLength=15728640 offset=0
11-17 19:20:48.144  1085  2084 E CamX    : [ERROR][CSL    ] camxcslhwinternal.cpp:3849 CSLHwAddBuffer() mmap() failed!
11-17 19:20:48.145  1085  2084 E CamX    : [ERROR][CSL    ] camxcslhw.cpp:2433 CSLMapBufferHW() CSLHwAddBuffer failed, result = 1
11-17 19:20:48.145  1085  2084 E CamX    : [ERROR][MEMMGR ] camximagebuffer.cpp:648 ImportGrallocBuffer() [Video4kEIS3PreviewEIS2_IPE_OutputPort_9][0xb4000079fbd823f0] CSLMapNativeBuffer failed with CamxResultEFailed
11-17 19:20:48.145  1085  2084 E CamX    : [ERROR][MEMMGR ] camximagebuffer.cpp:1233 BindImportedBuffer() [Video4kEIS3PreviewEIS2_IPE_OutputPort_9][0xb4000079fbd823f0] Failed in binding imported Gralloc buffer [0xb400007a2ba75478], result=CamxResultEFailed
11-17 19:20:48.145  1085  2084 E CamX    : [ERROR][MEMMGR ] camximagebuffermanager.cpp:793 BindBufferManagerImageBuffer() [Video4kEIS3PreviewEIS2_IPE_OutputPort_9] Failed in binding imported buffer, result=CamxResultEFailed
11-17 19:20:48.145  1085  2084 E CamX    : [ERROR][CORE   ] camxnode.cpp:9493 BindInputOutputBuffers() Node::Video4kEIS3PreviewEIS2_IPE1 Output[0] Batch[0] : Failed in binding buffer to ImageBuffer, result=CamxResultEFailed
11-17 19:20:48.145  1085  2084 E CamX    : [ERROR][CORE   ] camxnode.cpp:1880 ProcessRequest() Node::Video4kEIS3PreviewEIS2_IPE1 Req[97] processSequenceId[1] Failed in Binding backing buffers to input, output ImageBuffers, result=CamxResultEFailed
11-17 19:20:48.145  1085  2084 E CamX    : [ERROR][DRQ    ] camxdeferredrequestqueue.cpp:985 UpdateDependency() Failure to update: property: 00000000 , fence: 00000000(00000000), request: 97...result willbe an error
11-17 19:20:48.145  1085  2084 E CamX    : [ERROR][CORE   ] camxnode.cpp:1941 ProcessRequest() An Error occured with RequestId 97 Sequence 1 for Node: Video4kEIS3PreviewEIS2_IPE1 inErrorState: 0 ExecuteProcessRequest returned with CamxResultEFailed.
11-17 19:20:48.145  1085  2084 E CamX    : [ERROR][CORE   ] camxdeferredrequestqueue.cpp:400 DeferredWorkerWrapper() DeferredWorker failed with result CamxResultEFailed
11-17 19:20:48.145  1085  1270 E CamX    : [ERROR][CORE   ] camxnode.cpp:4783 CSLFenceCallback() Node::Video4kEIS3PreviewEIS2_IPE1 : Type 65538 portId=9 Fence 218 signaled with failure 1 in node fence handler FOR 97
11-17 19:20:48.145  1085  2080 E CamX    : [ERROR][PPROC  ] camxipenode.cpp:10712 NotifyRequestProcessingError() Fence failure for output port 9 req 97 enableDump 0
11-17 19:20:48.145  1085  2080 E CamX    : [ERROR][DRQ    ] camxdeferredrequestqueue.cpp:985 UpdateDependency() Failure to update: property: ffffffff , fence: cb8ca830(000000da), request: 97...result willbe an error
11-17 19:20:48.146  1085  1270 E CamX    : [ERROR][CORE   ] camxnode.cpp:4783 CSLFenceCallback() Node::Video4kEIS3PreviewEIS2_ChiNodeWrapper2 : Type 255 portId=0 Fence 217 signaled with failure 1 in node fence handler FOR 97
11-17 19:20:48.148  1085  2082 E CamX    : [ERROR][MEMMGR ] camximagebuffer.cpp:532 Import() [Video4kEIS3PreviewEIS2_com.mi.node.mimovie_OutputPort_0][0xb4000079fbd8b800] Failed in importing Gralloc Buffer type=0, BufferHandle=0xb400007a2ba8ef48, offset=0, size=15728640, flags=0x8, deviceCount=0, WxH 3840x2160, format 3
11-17 19:20:48.148  1085  2082 E CamX    : [ERROR][CORE   ] camxnode.cpp:3052 SetupRequestOutputPorts() Import failed
11-17 19:20:48.148  1085  2082 E CamX    : [ERROR][MEMMGR ] camximagebuffer.cpp:532 Import() [Video4kEIS3PreviewEIS2_IPE_OutputPort_9][0xb4000079fbd823f0] Failed in importing Gralloc Buffer type=0, BufferHandle=0xb400007a2ba8ef48, offset=0, size=15728640, flags=0x809, deviceCount=1, WxH 3840x2160, format 3
11-17 19:20:48.148  1085  2082 E CamX    : [ERROR][CORE   ] camxnode.cpp:3052 SetupRequestOutputPorts() Import failed
11-17 19:20:48.150 19045 19045 W CAM_Camera2CompatAdapterRole: Warning: getAuxCameraId(): #init() failed, roleId=20
11-17 19:20:48.150 19045 19045 W CAM_Camera2CompatAdapterRole: Warning: getUltraTeleCameraId(): #init() failed, roleId=23
11-17 19:20:48.175  1085  2085 E CamX    : [ERROR][CSL    ] camxosutilslinux.cpp:753 MemMap() mmap() failed! errno=22, bufferFD=371, bufferLength=15728640 offset=0
11-17 19:20:48.175  1085  2085 E CamX    : [ERROR][CSL    ] camxcslhwinternal.cpp:3849 CSLHwAddBuffer() mmap() failed!
11-17 19:20:48.176  1085  2085 E CamX    : [ERROR][CSL    ] camxcslhw.cpp:2433 CSLMapBufferHW() CSLHwAddBuffer failed, result = 1
11-17 19:20:48.176  1085  2085 E CamX    : [ERROR][MEMMGR ] camximagebuffer.cpp:648 ImportGrallocBuffer() [Video4kEIS3PreviewEIS2_IPE_OutputPort_9][0xb4000079fbd67b10] CSLMapNativeBuffer failed with CamxResultEFailed
11-17 19:20:48.176  1085  2085 E CamX    : [ERROR][MEMMGR ] camximagebuffer.cpp:1233 BindImportedBuffer() [Video4kEIS3PreviewEIS2_IPE_OutputPort_9][0xb4000079fbd67b10] Failed in binding imported Gralloc buffer [0xb400007a2ba59248], result=CamxResultEFailed
11-17 19:20:48.176  1085  2085 E CamX    : [ERROR][MEMMGR ] camximagebuffermanager.cpp:793 BindBufferManagerImageBuffer() [Video4kEIS3PreviewEIS2_IPE_OutputPort_9] Failed in binding imported buffer, result=CamxResultEFailed
11-17 19:20:48.176  1085  2085 E CamX    : [ERROR][CORE   ] camxnode.cpp:9493 BindInputOutputBuffers() Node::Video4kEIS3PreviewEIS2_IPE1 Output[0] Batch[0] : Failed in binding buffer to ImageBuffer, result=CamxResultEFailed
11-17 19:20:48.176  1085  2085 E CamX    : [ERROR][CORE   ] camxnode.cpp:1880 ProcessRequest() Node::Video4kEIS3PreviewEIS2_IPE1 Req[98] processSequenceId[1] Failed in Binding backing buffers to input, output ImageBuffers, result=CamxResultEFailed
11-17 19:20:48.176  1085  2085 E CamX    : [ERROR][DRQ    ] camxdeferredrequestqueue.cpp:985 UpdateDependency() Failure to update: property: 00000000 , fence: 00000000(00000000), request: 98...result willbe an error
11-17 19:20:48.176  1085  2085 E CamX    : [ERROR][CORE   ] camxnode.cpp:1941 ProcessRequest() An Error occured with RequestId 98 Sequence 1 for Node: Video4kEIS3PreviewEIS2_IPE1 inErrorState: 0 ExecuteProcessRequest returned with CamxResultEFailed.
11-17 19:20:48.176  1085  2085 E CamX    : [ERROR][CORE   ] camxdeferredrequestqueue.cpp:400 DeferredWorkerWrapper() DeferredWorker failed with result CamxResultEFailed
11-17 19:20:48.176  1085  1270 E CamX    : [ERROR][CORE   ] camxnode.cpp:4783 CSLFenceCallback() Node::Video4kEIS3PreviewEIS2_IPE1 : Type 65538 portId=9 Fence 227 signaled with failure 1 in node fence handler FOR 98
11-17 19:20:48.176  1085  2077 E CamX    : [ERROR][PPROC  ] camxipenode.cpp:10712 NotifyRequestProcessingError() Fence failure for output port 9 req 98 enableDump 0
11-17 19:20:48.176  1085  2077 E CamX    : [ERROR][DRQ    ] camxdeferredrequestqueue.cpp:985 UpdateDependency() Failure to update: property: ffffffff , fence: cb8ca890(000000e3), request: 98...result willbe an error
11-17 19:20:48.177  1085  1270 E CamX    : [ERROR][CORE   ] camxnode.cpp:4783 CSLFenceCallback() Node::Video4kEIS3PreviewEIS2_ChiNodeWrapper2 : Type 255 portId=0 Fence 226 signaled with failure 1 in node fence handler FOR 98
11-17 19:20:48.182 19045 19045 W CAM_Camera2CompatAdapterRole: Warning: getAuxCameraId(): #init() failed, roleId=20
11-17 19:20:48.182 19045 19045 W CAM_Camera2CompatAdapterRole: Warning: getUltraTeleCameraId(): #init() failed, roleId=23
11-17 19:20:48.184  1085  2078 E CamX    : [ERROR][MEMMGR ] camximagebuffer.cpp:532 Import() [Video4kEIS3PreviewEIS2_com.mi.node.mimovie_OutputPort_0][0xb4000079fbd64790] Failed in importing Gralloc Buffer type=0, BufferHandle=0xb400007a2ba75478, offset=0, size=15728640, flags=0x8, deviceCount=0, WxH 3840x2160, format 3
11-17 19:20:48.184  1085  2078 E CamX    : [ERROR][CORE   ] camxnode.cpp:3052 SetupRequestOutputPorts() Import failed
11-17 19:20:48.184  1085  2078 E CamX    : [ERROR][MEMMGR ] camximagebuffer.cpp:532 Import() [Video4kEIS3PreviewEIS2_IPE_OutputPort_9][0xb4000079fbd67b10] Failed in importing Gralloc Buffer type=0, BufferHandle=0xb400007a2ba75478, offset=0, size=15728640, flags=0x809, deviceCount=1, WxH 3840x2160, format 3
11-17 19:20:48.184  1085  2078 E CamX    : [ERROR][CORE   ] camxnode.cpp:3052 SetupRequestOutputPorts() Import failed
11-17 19:20:48.208  1085  2077 E CamX    : [ERROR][CSL    ] camxosutilslinux.cpp:753 MemMap() mmap() failed! errno=22, bufferFD=375, bufferLength=15728640 offset=0
11-17 19:20:48.208  1085  2077 E CamX    : [ERROR][CSL    ] camxcslhwinternal.cpp:3849 CSLHwAddBuffer() mmap() failed!
11-17 19:20:48.209  1085  2077 E CamX    : [ERROR][CSL    ] camxcslhw.cpp:2433 CSLMapBufferHW() CSLHwAddBuffer failed, result = 1
11-17 19:20:48.209  1085  2077 E CamX    : [ERROR][MEMMGR ] camximagebuffer.cpp:648 ImportGrallocBuffer() [Video4kEIS3PreviewEIS2_IPE_OutputPort_9][0xb4000079fbd82a60] CSLMapNativeBuffer failed with CamxResultEFailed
11-17 19:20:48.209  1085  2077 E CamX    : [ERROR][MEMMGR ] camximagebuffer.cpp:1233 BindImportedBuffer() [Video4kEIS3PreviewEIS2_IPE_OutputPort_9][0xb4000079fbd82a60] Failed in binding imported Gralloc buffer [0xb400007a2ba8b978], result=CamxResultEFailed
11-17 19:20:48.209  1085  2077 E CamX    : [ERROR][MEMMGR ] camximagebuffermanager.cpp:793 BindBufferManagerImageBuffer() [Video4kEIS3PreviewEIS2_IPE_OutputPort_9] Failed in binding imported buffer, result=CamxResultEFailed
11-17 19:20:48.209  1085  2077 E CamX    : [ERROR][CORE   ] camxnode.cpp:9493 BindInputOutputBuffers() Node::Video4kEIS3PreviewEIS2_IPE1 Output[0] Batch[0] : Failed in binding buffer to ImageBuffer, result=CamxResultEFailed
11-17 19:20:48.209  1085  2077 E CamX    : [ERROR][CORE   ] camxnode.cpp:1880 ProcessRequest() Node::Video4kEIS3PreviewEIS2_IPE1 Req[99] processSequenceId[1] Failed in Binding backing buffers to input, output ImageBuffers, result=CamxResultEFailed
11-17 19:20:48.209  1085  2077 E CamX    : [ERROR][DRQ    ] camxdeferredrequestqueue.cpp:985 UpdateDependency() Failure to update: property: 00000000 , fence: 00000000(00000000), request: 99...result willbe an error
11-17 19:20:48.209  1085  2077 E CamX    : [ERROR][CORE   ] camxnode.cpp:1941 ProcessRequest() An Error occured with RequestId 99 Sequence 1 for Node: Video4kEIS3PreviewEIS2_IPE1 inErrorState: 0 ExecuteProcessRequest returned with CamxResultEFailed.
11-17 19:20:48.209  1085  1270 E CamX    : [ERROR][CORE   ] camxnode.cpp:4783 CSLFenceCallback() Node::Video4kEIS3PreviewEIS2_IPE1 : Type 65538 portId=9 Fence 236 signaled with failure 1 in node fence handler FOR 99
11-17 19:20:48.209  1085  2077 E CamX    : [ERROR][CORE   ] camxdeferredrequestqueue.cpp:400 DeferredWorkerWrapper() DeferredWorker failed with result CamxResultEFailed
11-17 19:20:48.209  1085  2085 E CamX    : [ERROR][PPROC  ] camxipenode.cpp:10712 NotifyRequestProcessingError() Fence failure for output port 9 req 99 enableDump 0
11-17 19:20:48.209  1085  2085 E CamX    : [ERROR][DRQ    ] camxdeferredrequestqueue.cpp:985 UpdateDependency() Failure to update: property: ffffffff , fence: cb8ca8f0(000000ec), request: 99...result willbe an error
11-17 19:20:48.209  1085  1270 E CamX    : [ERROR][CORE   ] camxnode.cpp:4783 CSLFenceCallback() Node::Video4kEIS3PreviewEIS2_ChiNodeWrapper2 : Type 255 portId=0 Fence 235 signaled with failure 1 in node fence handler FOR 99
11-17 19:20:48.215  1085  2086 E CamX    : [ERROR][MEMMGR ] camximagebuffer.cpp:532 Import() [Video4kEIS3PreviewEIS2_com.mi.node.mimovie_OutputPort_0][0xb4000079fbd8dea0] Failed in importing Gralloc Buffer type=0, BufferHandle=0xb400007a2ba59248, offset=0, size=15728640, flags=0x8, deviceCount=0, WxH 3840x2160, format 3
11-17 19:20:48.215  1085  2086 E CamX    : [ERROR][CORE   ] camxnode.cpp:3052 SetupRequestOutputPorts() Import failed
11-17 19:20:48.215  1085  2086 E CamX    : [ERROR][MEMMGR ] camximagebuffer.cpp:532 Import() [Video4kEIS3PreviewEIS2_IPE_OutputPort_9][0xb4000079fbd82a60] Failed in importing Gralloc Buffer type=0, BufferHandle=0xb400007a2ba59248, offset=0, size=15728640, flags=0x809, deviceCount=1, WxH 3840x2160, format 3
11-17 19:20:48.215  1085  2086 E CamX    : [ERROR][CORE   ] camxnode.cpp:3052 SetupRequestOutputPorts() Import failed
11-17 19:20:48.216 19045 19045 W CAM_Camera2CompatAdapterRole: Warning: getAuxCameraId(): #init() failed, roleId=20
11-17 19:20:48.217 19045 19045 W CAM_Camera2CompatAdapterRole: Warning: getUltraTeleCameraId(): #init() failed, roleId=23
11-17 19:20:48.243  1085  2078 E CamX    : [ERROR][CSL    ] camxosutilslinux.cpp:753 MemMap() mmap() failed! errno=22, bufferFD=379, bufferLength=15728640 offset=0
11-17 19:20:48.243  1085  2078 E CamX    : [ERROR][CSL    ] camxcslhwinternal.cpp:3849 CSLHwAddBuffer() mmap() failed!
11-17 19:20:48.244  1085  2078 E CamX    : [ERROR][CSL    ] camxcslhw.cpp:2433 CSLMapBufferHW() CSLHwAddBuffer failed, result = 1
11-17 19:20:48.244  1085  2078 E CamX    : [ERROR][MEMMGR ] camximagebuffer.cpp:648 ImportGrallocBuffer() [Video4kEIS3PreviewEIS2_IPE_OutputPort_9][0xb4000079fbd40aa0] CSLMapNativeBuffer failed with CamxResultEFailed
11-17 19:20:48.244  1085  2078 E CamX    : [ERROR][MEMMGR ] camximagebuffer.cpp:1233 BindImportedBuffer() [Video4kEIS3PreviewEIS2_IPE_OutputPort_9][0xb4000079fbd40aa0] Failed in binding imported Gralloc buffer [0xb400007a2ba63328], result=CamxResultEFailed
11-17 19:20:48.244  1085  2078 E CamX    : [ERROR][MEMMGR ] camximagebuffermanager.cpp:793 BindBufferManagerImageBuffer() [Video4kEIS3PreviewEIS2_IPE_OutputPort_9] Failed in binding imported buffer, result=CamxResultEFailed
11-17 19:20:48.244  1085  2078 E CamX    : [ERROR][CORE   ] camxnode.cpp:9493 BindInputOutputBuffers() Node::Video4kEIS3PreviewEIS2_IPE1 Output[0] Batch[0] : Failed in binding buffer to ImageBuffer, result=CamxResultEFailed
11-17 19:20:48.244  1085  2078 E CamX    : [ERROR][CORE   ] camxnode.cpp:1880 ProcessRequest() Node::Video4kEIS3PreviewEIS2_IPE1 Req[100] processSequenceId[1] Failed in Binding backing buffers to input, output ImageBuffers, result=CamxResultEFailed
11-17 19:20:48.244  1085  2078 E CamX    : [ERROR][DRQ    ] camxdeferredrequestqueue.cpp:985 UpdateDependency() Failure to update: property: 00000000 , fence: 00000000(00000000), request: 100...result willbe an error
11-17 19:20:48.244  1085  2078 E CamX    : [ERROR][CORE   ] camxnode.cpp:1941 ProcessRequest() An Error occured with RequestId 100 Sequence 1 for Node: Video4kEIS3PreviewEIS2_IPE1 inErrorState: 0 ExecuteProcessRequest returned with CamxResultEFailed.
11-17 19:20:48.244  1085  2078 E CamX    : [ERROR][CORE   ] camxdeferredrequestqueue.cpp:400 DeferredWorkerWrapper() DeferredWorker failed with result CamxResultEFailed
11-17 19:20:48.244  1085  1270 E CamX    : [ERROR][CORE   ] camxnode.cpp:4783 CSLFenceCallback() Node::Video4kEIS3PreviewEIS2_IPE1 : Type 65538 portId=9 Fence 245 signaled with failure 1 in node fence handler FOR 100
11-17 19:20:48.245  1085  2083 E CamX    : [ERROR][PPROC  ] camxipenode.cpp:10712 NotifyRequestProcessingError() Fence failure for output port 9 req 100 enableDump 0
11-17 19:20:48.245  1085  2083 E CamX    : [ERROR][DRQ    ] camxdeferredrequestqueue.cpp:985 UpdateDependency() Failure to update: property: ffffffff , fence: cb8ca950(000000f5), request: 100...result willbe an error
11-17 19:20:48.247  1085  1270 E CamX    : [ERROR][CORE   ] camxnode.cpp:4783 CSLFenceCallback() Node::Video4kEIS3PreviewEIS2_ChiNodeWrapper2 : Type 255 portId=0 Fence 244 signaled with failure 1 in node fence handler FOR 100
11-17 19:20:48.248 19045 19045 W CAM_Camera2CompatAdapterRole: Warning: getAuxCameraId(): #init() failed, roleId=20
11-17 19:20:48.248 19045 19045 W CAM_Camera2CompatAdapterRole: Warning: getUltraTeleCameraId(): #init() failed, roleId=23
11-17 19:20:48.250  1085  2078 E CamX    : [ERROR][MEMMGR ] camximagebuffer.cpp:532 Import() [Video4kEIS3PreviewEIS2_com.mi.node.mimovie_OutputPort_0][0xb4000079fbd43e20] Failed in importing Gralloc Buffer type=0, BufferHandle=0xb400007a2ba8b978, offset=0, size=15728640, flags=0x8, deviceCount=0, WxH 3840x2160, format 3
11-17 19:20:48.250  1085  2078 E CamX    : [ERROR][CORE   ] camxnode.cpp:3052 SetupRequestOutputPorts() Import failed
11-17 19:20:48.250  1085  2078 E CamX    : [ERROR][MEMMGR ] camximagebuffer.cpp:532 Import() [Video4kEIS3PreviewEIS2_IPE_OutputPort_9][0xb4000079fbd40aa0] Failed in importing Gralloc Buffer type=0, BufferHandle=0xb400007a2ba8b978, offset=0, size=15728640, flags=0x809, deviceCount=1, WxH 3840x2160, format 3
11-17 19:20:48.250  1085  2078 E CamX    : [ERROR][CORE   ] camxnode.cpp:3052 SetupRequestOutputPorts() Import failed
11-17 19:20:48.276  1085  2083 E CamX    : [ERROR][CSL    ] camxosutilslinux.cpp:753 MemMap() mmap() failed! errno=22, bufferFD=383, bufferLength=15728640 offset=0
11-17 19:20:48.276  1085  2083 E CamX    : [ERROR][CSL    ] camxcslhwinternal.cpp:3849 CSLHwAddBuffer() mmap() failed!
11-17 19:20:48.277  1085  2083 E CamX    : [ERROR][CSL    ] camxcslhw.cpp:2433 CSLMapBufferHW() CSLHwAddBuffer failed, result = 1
11-17 19:20:48.277  1085  2083 E CamX    : [ERROR][MEMMGR ] camximagebuffer.cpp:648 ImportGrallocBuffer() [Video4kEIS3PreviewEIS2_IPE_OutputPort_9][0xb4000079fbd4b200] CSLMapNativeBuffer failed with CamxResultEFailed
11-17 19:20:48.277  1085  2083 E CamX    : [ERROR][MEMMGR ] camximagebuffer.cpp:1233 BindImportedBuffer() [Video4kEIS3PreviewEIS2_IPE_OutputPort_9][0xb4000079fbd4b200] Failed in binding imported Gralloc buffer [0xb400007a2ba8a598], result=CamxResultEFailed
11-17 19:20:48.277  1085  2083 E CamX    : [ERROR][MEMMGR ] camximagebuffermanager.cpp:793 BindBufferManagerImageBuffer() [Video4kEIS3PreviewEIS2_IPE_OutputPort_9] Failed in binding imported buffer, result=CamxResultEFailed
11-17 19:20:48.277  1085  2083 E CamX    : [ERROR][CORE   ] camxnode.cpp:9493 BindInputOutputBuffers() Node::Video4kEIS3PreviewEIS2_IPE1 Output[0] Batch[0] : Failed in binding buffer to ImageBuffer, result=CamxResultEFailed
11-17 19:20:48.277  1085  2083 E CamX    : [ERROR][CORE   ] camxnode.cpp:1880 ProcessRequest() Node::Video4kEIS3PreviewEIS2_IPE1 Req[101] processSequenceId[1] Failed in Binding backing buffers to input, output ImageBuffers, result=CamxResultEFailed
11-17 19:20:48.277  1085  2083 E CamX    : [ERROR][DRQ    ] camxdeferredrequestqueue.cpp:985 UpdateDependency() Failure to update: property: 00000000 , fence: 00000000(00000000), request: 101...result willbe an error
11-17 19:20:48.277  1085  2083 E CamX    : [ERROR][CORE   ] camxnode.cpp:1941 ProcessRequest() An Error occured with RequestId 101 Sequence 1 for Node: Video4kEIS3PreviewEIS2_IPE1 inErrorState: 0 ExecuteProcessRequest returned with CamxResultEFailed.
11-17 19:20:48.277  1085  2083 E CamX    : [ERROR][CORE   ] camxdeferredrequestqueue.cpp:400 DeferredWorkerWrapper() DeferredWorker failed with result CamxResultEFailed
11-17 19:20:48.277  1085  1270 E CamX    : [ERROR][CORE   ] camxnode.cpp:4783 CSLFenceCallback() Node::Video4kEIS3PreviewEIS2_IPE1 : Type 65538 portId=9 Fence 254 signaled with failure 1 in node fence handler FOR 101
11-17 19:20:48.278  1085  2084 E CamX    : [ERROR][PPROC  ] camxipenode.cpp:10712 NotifyRequestProcessingError() Fence failure for output port 9 req 101 enableDump 0
11-17 19:20:48.278  1085  2084 E CamX    : [ERROR][DRQ    ] camxdeferredrequestqueue.cpp:985 UpdateDependency() Failure to update: property: ffffffff , fence: cb8ca9b0(000000fe), request: 101...result willbe an error
11-17 19:20:48.278  1085  1270 E CamX    : [ERROR][CORE   ] camxnode.cpp:4783 CSLFenceCallback() Node::Video4kEIS3PreviewEIS2_ChiNodeWrapper2 : Type 255 portId=0 Fence 253 signaled with failure 1 in node fence handler FOR 101
11-17 19:20:48.280 19045 19045 W CAM_Camera2CompatAdapterRole: Warning: getAuxCameraId(): #init() failed, roleId=20
11-17 19:20:48.280 19045 19045 W CAM_Camera2CompatAdapterRole: Warning: getUltraTeleCameraId(): #init() failed, roleId=23
11-17 19:20:48.282  1085  2084 E CamX    : [ERROR][MEMMGR ] camximagebuffer.cpp:532 Import() [Video4kEIS3PreviewEIS2_com.mi.node.mimovie_OutputPort_0][0xb4000079fbd57320] Failed in importing Gralloc Buffer type=0, BufferHandle=0xb400007a2ba63328, offset=0, size=15728640, flags=0x8, deviceCount=0, WxH 3840x2160, format 3
11-17 19:20:48.282  1085  2084 E CamX    : [ERROR][CORE   ] camxnode.cpp:3052 SetupRequestOutputPorts() Import failed
11-17 19:20:48.282  1085  2084 E CamX    : [ERROR][MEMMGR ] camximagebuffer.cpp:532 Import() [Video4kEIS3PreviewEIS2_IPE_OutputPort_9][0xb4000079fbd4b200] Failed in importing Gralloc Buffer type=0, BufferHandle=0xb400007a2ba63328, offset=0, size=15728640, flags=0x809, deviceCount=1, WxH 3840x2160, format 3
11-17 19:20:48.282  1085  2084 E CamX    : [ERROR][CORE   ] camxnode.cpp:3052 SetupRequestOutputPorts() Import failed
11-17 19:20:48.308  1085  2084 E CamX    : [ERROR][CSL    ] camxosutilslinux.cpp:753 MemMap() mmap() failed! errno=22, bufferFD=-5476376622896512637, bufferLength=15728640 offset=0
11-17 19:20:48.308  1085  2084 E CamX    : [ERROR][CSL    ] camxcslhwinternal.cpp:3849 CSLHwAddBuffer() mmap() failed!
11-17 19:20:48.308  1085  2084 E CamX    : [ERROR][CSL    ] camxcslhw.cpp:2433 CSLMapBufferHW() CSLHwAddBuffer failed, result = 1
11-17 19:20:48.308  1085  2084 E CamX    : [ERROR][MEMMGR ] camximagebuffer.cpp:648 ImportGrallocBuffer() [Video4kEIS3PreviewEIS2_IPE_OutputPort_9][0xb4000079fbd60da0] CSLMapNativeBuffer failed with CamxResultEFailed
11-17 19:20:48.308  1085  2084 E CamX    : [ERROR][MEMMGR ] camximagebuffer.cpp:1233 BindImportedBuffer() [Video4kEIS3PreviewEIS2_IPE_OutputPort_9][0xb4000079fbd60da0] Failed in binding imported Gralloc buffer [0xb400007a2ba63808], result=CamxResultEFailed
11-17 19:20:48.308  1085  2084 E CamX    : [ERROR][MEMMGR ] camximagebuffermanager.cpp:793 BindBufferManagerImageBuffer() [Video4kEIS3PreviewEIS2_IPE_OutputPort_9] Failed in binding imported buffer, result=CamxResultEFailed
11-17 19:20:48.308  1085  2084 E CamX    : [ERROR][CORE   ] camxnode.cpp:9493 BindInputOutputBuffers() Node::Video4kEIS3PreviewEIS2_IPE1 Output[0] Batch[0] : Failed in binding buffer to ImageBuffer, result=CamxResultEFailed
11-17 19:20:48.308  1085  2084 E CamX    : [ERROR][CORE   ] camxnode.cpp:1880 ProcessRequest() Node::Video4kEIS3PreviewEIS2_IPE1 Req[102] processSequenceId[1] Failed in Binding backing buffers to input, output ImageBuffers, result=CamxResultEFailed
11-17 19:20:48.308  1085  2084 E CamX    : [ERROR][DRQ    ] camxdeferredrequestqueue.cpp:985 UpdateDependency() Failure to update: property: 00000000 , fence: 00000000(00000000), request: 102...result willbe an error
11-17 19:20:48.308  1085  1270 E CamX    : [ERROR][CORE   ] camxnode.cpp:4783 CSLFenceCallback() Node::Video4kEIS3PreviewEIS2_IPE1 : Type 65538 portId=9 Fence 263 signaled with failure 1 in node fence handler FOR 102
11-17 19:20:48.308  1085  2084 E CamX    : [ERROR][CORE   ] camxnode.cpp:1941 ProcessRequest() An Error occured with RequestId 102 Sequence 1 for Node: Video4kEIS3PreviewEIS2_IPE1 inErrorState: 0 ExecuteProcessRequest returned with CamxResultEFailed.
11-17 19:20:48.308  1085  2084 E CamX    : [ERROR][CORE   ] camxdeferredrequestqueue.cpp:400 DeferredWorkerWrapper() DeferredWorker failed with result CamxResultEFailed
11-17 19:20:48.308  1085  2080 E CamX    : [ERROR][PPROC  ] camxipenode.cpp:10712 NotifyRequestProcessingError() Fence failure for output port 9 req 102 enableDump 0
11-17 19:20:48.308  1085  2080 E CamX    : [ERROR][DRQ    ] camxdeferredrequestqueue.cpp:985 UpdateDependency() Failure to update: property: ffffffff , fence: cb8caa10(00000107), request: 102...result willbe an error
11-17 19:20:48.309  1085  1270 E CamX    : [ERROR][CORE   ] camxnode.cpp:4783 CSLFenceCallback() Node::Video4kEIS3PreviewEIS2_ChiNodeWrapper2 : Type 255 portId=0 Fence 262 signaled with failure 1 in node fence handler FOR 102
11-17 19:20:48.314 19045 19045 W CAM_Camera2CompatAdapterRole: Warning: getAuxCameraId(): #init() failed, roleId=20
11-17 19:20:48.314 19045 19045 W CAM_Camera2CompatAdapterRole: Warning: getUltraTeleCameraId(): #init() failed, roleId=23
11-17 19:20:48.314  1085  2078 E CamX    : [ERROR][MEMMGR ] camximagebuffer.cpp:532 Import() [Video4kEIS3PreviewEIS2_com.mi.node.mimovie_OutputPort_0][0xb4000079fbd76940] Failed in importing Gralloc Buffer type=0, BufferHandle=0xb400007a2ba8a598, offset=0, size=15728640, flags=0x8, deviceCount=0, WxH 3840x2160, format 3
11-17 19:20:48.314  1085  2078 E CamX    : [ERROR][CORE   ] camxnode.cpp:3052 SetupRequestOutputPorts() Import failed
11-17 19:20:48.314  1085  2078 E CamX    : [ERROR][MEMMGR ] camximagebuffer.cpp:532 Import() [Video4kEIS3PreviewEIS2_IPE_OutputPort_9][0xb4000079fbd60da0] Failed in importing Gralloc Buffer type=0, BufferHandle=0xb400007a2ba8a598, offset=0, size=15728640, flags=0x809, deviceCount=1, WxH 3840x2160, format 3
11-17 19:20:48.314  1085  2078 E CamX    : [ERROR][CORE   ] camxnode.cpp:3052 SetupRequestOutputPorts() Import failed
11-17 19:20:48.344  1085  2083 E CamX    : [ERROR][CSL    ] camxosutilslinux.cpp:753 MemMap() mmap() failed! errno=22, bufferFD=-5476376622896512633, bufferLength=15728640 offset=0
11-17 19:20:48.344  1085  2083 E CamX    : [ERROR][CSL    ] camxcslhwinternal.cpp:3849 CSLHwAddBuffer() mmap() failed!
11-17 19:20:48.344  1085  2083 E CamX    : [ERROR][CSL    ] camxcslhw.cpp:2433 CSLMapBufferHW() CSLHwAddBuffer failed, result = 1
11-17 19:20:48.344  1085  2083 E CamX    : [ERROR][MEMMGR ] camximagebuffer.cpp:648 ImportGrallocBuffer() [Video4kEIS3PreviewEIS2_IPE_OutputPort_9][0xb4000079fbd525e0] CSLMapNativeBuffer failed with CamxResultEFailed
11-17 19:20:48.344  1085  2083 E CamX    : [ERROR][MEMMGR ] camximagebuffer.cpp:1233 BindImportedBuffer() [Video4kEIS3PreviewEIS2_IPE_OutputPort_9][0xb4000079fbd525e0] Failed in binding imported Gralloc buffer [0xb400007a2ba83a88], result=CamxResultEFailed
