11-17 19:20:49.541  1085  2082 E CamX    : [ERROR][MEMMGR ] camximagebuffermanager.cpp:793 BindBufferManagerImageBuffer() [Video4kEIS3PreviewEIS2_IPE_OutputPort_9] Failed in binding imported buffer, result=CamxResultEFailed
11-17 19:20:49.541  1085  2082 E CamX    : [ERROR][CORE   ] camxnode.cpp:9493 BindInputOutputBuffers() Node::Video4kEIS3PreviewEIS2_IPE1 Output[0] Batch[0] : Failed in binding buffer to ImageBuffer, result=CamxResultEFailed
11-17 19:20:49.541  1085  2082 E CamX    : [ERROR][CORE   ] camxnode.cpp:1880 ProcessRequest() Node::Video4kEIS3PreviewEIS2_IPE1 Req[139] processSequenceId[1] Failed in Binding backing buffers to input, output ImageBuffers, result=CamxResultEFailed
11-17 19:20:49.541  1085  2082 E CamX    : [ERROR][DRQ    ] camxdeferredrequestqueue.cpp:985 UpdateDependency() Failure to update: property: 00000000 , fence: 00000000(00000000), request: 139...result willbe an error
11-17 19:20:49.541  1085  1270 E CamX    : [ERROR][CORE   ] camxnode.cpp:4783 CSLFenceCallback() Node::Video4kEIS3PreviewEIS2_IPE1 : Type 65538 portId=9 Fence 201 signaled with failure 1 in node fence handler FOR 139
11-17 19:20:49.541  1085  2082 E CamX    : [ERROR][CORE   ] camxnode.cpp:1941 ProcessRequest() An Error occured with RequestId 139 Sequence 1 for Node: Video4kEIS3PreviewEIS2_IPE1 inErrorState: 0 ExecuteProcessRequest returned with CamxResultEFailed.
11-17 19:20:49.541  1085  2082 E CamX    : [ERROR][CORE   ] camxdeferredrequestqueue.cpp:400 DeferredWorkerWrapper() DeferredWorker failed with result CamxResultEFailed
11-17 19:20:49.541  1085  2086 E CamX    : [ERROR][PPROC  ] camxipenode.cpp:10712 NotifyRequestProcessingError() Fence failure for output port 9 req 139 enableDump 0
11-17 19:20:49.541  1085  2086 E CamX    : [ERROR][DRQ    ] camxdeferredrequestqueue.cpp:985 UpdateDependency() Failure to update: property: ffffffff , fence: cb8ca8f0(000000c9), request: 139...result willbe an error
11-17 19:20:49.542  1085  1270 E CamX    : [ERROR][CORE   ] camxnode.cpp:4783 CSLFenceCallback() Node::Video4kEIS3PreviewEIS2_ChiNodeWrapper2 : Type 255 portId=0 Fence 198 signaled with failure 1 in node fence handler FOR 139
11-17 19:20:49.548 19045 19045 W CAM_Camera2CompatAdapterRole: Warning: getAuxCameraId(): #init() failed, roleId=20
11-17 19:20:49.548 19045 19045 W CAM_Camera2CompatAdapterRole: Warning: getUltraTeleCameraId(): #init() failed, roleId=23
11-17 19:20:49.548  1085  2077 E CamX    : [ERROR][MEMMGR ] camximagebuffer.cpp:532 Import() [Video4kEIS3PreviewEIS2_com.mi.node.mimovie_OutputPort_0][0xb4000079fbd4c550] Failed in importing Gralloc Buffer type=0, BufferHandle=0xb400007a2ba63808, offset=0, size=15728640, flags=0x8, deviceCount=0, WxH 3840x2160, format 3
11-17 19:20:49.548  1085  2077 E CamX    : [ERROR][CORE   ] camxnode.cpp:3052 SetupRequestOutputPorts() Import failed
11-17 19:20:49.548  1085  2077 E CamX    : [ERROR][MEMMGR ] camximagebuffer.cpp:532 Import() [Video4kEIS3PreviewEIS2_IPE_OutputPort_9][0xb4000079fbd95f60] Failed in importing Gralloc Buffer type=0, BufferHandle=0xb400007a2ba63808, offset=0, size=15728640, flags=0x809, deviceCount=1, WxH 3840x2160, format 3
11-17 19:20:49.548  1085  2077 E CamX    : [ERROR][CORE   ] camxnode.cpp:3052 SetupRequestOutputPorts() Import failed
11-17 19:20:49.574  1085  2083 E CamX    : [ERROR][CSL    ] camxosutilslinux.cpp:753 MemMap() mmap() failed! errno=22, bufferFD=395, bufferLength=15728640 offset=0
11-17 19:20:49.574  1085  2083 E CamX    : [ERROR][CSL    ] camxcslhwinternal.cpp:3849 CSLHwAddBuffer() mmap() failed!
11-17 19:20:49.575  1085  2083 E CamX    : [ERROR][CSL    ] camxcslhw.cpp:2433 CSLMapBufferHW() CSLHwAddBuffer failed, result = 1
11-17 19:20:49.575  1085  2083 E CamX    : [ERROR][MEMMGR ] camximagebuffer.cpp:648 ImportGrallocBuffer() [Video4kEIS3PreviewEIS2_IPE_OutputPort_9][0xb4000079fbda33d0] CSLMapNativeBuffer failed with CamxResultEFailed
11-17 19:20:49.575  1085  2083 E CamX    : [ERROR][MEMMGR ] camximagebuffer.cpp:1233 BindImportedBuffer() [Video4kEIS3PreviewEIS2_IPE_OutputPort_9][0xb4000079fbda33d0] Failed in binding imported Gralloc buffer [0xb400007a2ba80458], result=CamxResultEFailed
11-17 19:20:49.575  1085  2083 E CamX    : [ERROR][MEMMGR ] camximagebuffermanager.cpp:793 BindBufferManagerImageBuffer() [Video4kEIS3PreviewEIS2_IPE_OutputPort_9] Failed in binding imported buffer, result=CamxResultEFailed
11-17 19:20:49.575  1085  2083 E CamX    : [ERROR][CORE   ] camxnode.cpp:9493 BindInputOutputBuffers() Node::Video4kEIS3PreviewEIS2_IPE1 Output[0] Batch[0] : Failed in binding buffer to ImageBuffer, result=CamxResultEFailed
11-17 19:20:49.575  1085  2083 E CamX    : [ERROR][CORE   ] camxnode.cpp:1880 ProcessRequest() Node::Video4kEIS3PreviewEIS2_IPE1 Req[140] processSequenceId[1] Failed in Binding backing buffers to input, output ImageBuffers, result=CamxResultEFailed
11-17 19:20:49.575  1085  2083 E CamX    : [ERROR][DRQ    ] camxdeferredrequestqueue.cpp:985 UpdateDependency() Failure to update: property: 00000000 , fence: 00000000(00000000), request: 140...result willbe an error
11-17 19:20:49.575  1085  1270 E CamX    : [ERROR][CORE   ] camxnode.cpp:4783 CSLFenceCallback() Node::Video4kEIS3PreviewEIS2_IPE1 : Type 65538 portId=9 Fence 245 signaled with failure 1 in node fence handler FOR 140
11-17 19:20:49.575  1085  2083 E CamX    : [ERROR][CORE   ] camxnode.cpp:1941 ProcessRequest() An Error occured with RequestId 140 Sequence 1 for Node: Video4kEIS3PreviewEIS2_IPE1 inErrorState: 0 ExecuteProcessRequest returned with CamxResultEFailed.
11-17 19:20:49.575  1085  2083 E CamX    : [ERROR][CORE   ] camxdeferredrequestqueue.cpp:400 DeferredWorkerWrapper() DeferredWorker failed with result CamxResultEFailed
11-17 19:20:49.575  1085  2078 E CamX    : [ERROR][PPROC  ] camxipenode.cpp:10712 NotifyRequestProcessingError() Fence failure for output port 9 req 140 enableDump 0
11-17 19:20:49.575  1085  2078 E CamX    : [ERROR][DRQ    ] camxdeferredrequestqueue.cpp:985 UpdateDependency() Failure to update: property: ffffffff , fence: cb8ca950(000000f5), request: 140...result willbe an error
11-17 19:20:49.576  1085  1270 E CamX    : [ERROR][CORE   ] camxnode.cpp:4783 CSLFenceCallback() Node::Video4kEIS3PreviewEIS2_ChiNodeWrapper2 : Type 255 portId=0 Fence 381 signaled with failure 1 in node fence handler FOR 140
11-17 19:20:49.579 19045 19045 W CAM_Camera2CompatAdapterRole: Warning: getAuxCameraId(): #init() failed, roleId=20
11-17 19:20:49.579 19045 19045 W CAM_Camera2CompatAdapterRole: Warning: getUltraTeleCameraId(): #init() failed, roleId=23
11-17 19:20:49.580  1085  2080 E CamX    : [ERROR][MEMMGR ] camximagebuffer.cpp:532 Import() [Video4kEIS3PreviewEIS2_com.mi.node.mimovie_OutputPort_0][0xb4000079fbd62760] Failed in importing Gralloc Buffer type=0, BufferHandle=0xb400007a2ba83a88, offset=0, size=15728640, flags=0x8, deviceCount=0, WxH 3840x2160, format 3
11-17 19:20:49.580  1085  2080 E CamX    : [ERROR][CORE   ] camxnode.cpp:3052 SetupRequestOutputPorts() Import failed
11-17 19:20:49.581  1085  2080 E CamX    : [ERROR][MEMMGR ] camximagebuffer.cpp:532 Import() [Video4kEIS3PreviewEIS2_IPE_OutputPort_9][0xb4000079fbda33d0] Failed in importing Gralloc Buffer type=0, BufferHandle=0xb400007a2ba83a88, offset=0, size=15728640, flags=0x809, deviceCount=1, WxH 3840x2160, format 3
11-17 19:20:49.581  1085  2080 E CamX    : [ERROR][CORE   ] camxnode.cpp:3052 SetupRequestOutputPorts() Import failed
11-17 19:20:49.608  1085  2078 E CamX    : [ERROR][CSL    ] camxosutilslinux.cpp:753 MemMap() mmap() failed! errno=22, bufferFD=399, bufferLength=15728640 offset=0
11-17 19:20:49.608  1085  2078 E CamX    : [ERROR][CSL    ] camxcslhwinternal.cpp:3849 CSLHwAddBuffer() mmap() failed!
11-17 19:20:49.608  1085  2078 E CamX    : [ERROR][CSL    ] camxcslhw.cpp:2433 CSLMapBufferHW() CSLHwAddBuffer failed, result = 1
11-17 19:20:49.608  1085  2078 E CamX    : [ERROR][MEMMGR ] camximagebuffer.cpp:648 ImportGrallocBuffer() [Video4kEIS3PreviewEIS2_IPE_OutputPort_9][0xb4000079fbda2d60] CSLMapNativeBuffer failed with CamxResultEFailed
11-17 19:20:49.608  1085  2078 E CamX    : [ERROR][MEMMGR ] camximagebuffer.cpp:1233 BindImportedBuffer() [Video4kEIS3PreviewEIS2_IPE_OutputPort_9][0xb4000079fbda2d60] Failed in binding imported Gralloc buffer [0xb400007a2ba614c8], result=CamxResultEFailed
11-17 19:20:49.608  1085  2078 E CamX    : [ERROR][MEMMGR ] camximagebuffermanager.cpp:793 BindBufferManagerImageBuffer() [Video4kEIS3PreviewEIS2_IPE_OutputPort_9] Failed in binding imported buffer, result=CamxResultEFailed
11-17 19:20:49.608  1085  2078 E CamX    : [ERROR][CORE   ] camxnode.cpp:9493 BindInputOutputBuffers() Node::Video4kEIS3PreviewEIS2_IPE1 Output[0] Batch[0] : Failed in binding buffer to ImageBuffer, result=CamxResultEFailed
11-17 19:20:49.608  1085  2078 E CamX    : [ERROR][CORE   ] camxnode.cpp:1880 ProcessRequest() Node::Video4kEIS3PreviewEIS2_IPE1 Req[141] processSequenceId[1] Failed in Binding backing buffers to input, output ImageBuffers, result=CamxResultEFailed
11-17 19:20:49.608  1085  2078 E CamX    : [ERROR][DRQ    ] camxdeferredrequestqueue.cpp:985 UpdateDependency() Failure to update: property: 00000000 , fence: 00000000(00000000), request: 141...result willbe an error
11-17 19:20:49.608  1085  2078 E CamX    : [ERROR][CORE   ] camxnode.cpp:1941 ProcessRequest() An Error occured with RequestId 141 Sequence 1 for Node: Video4kEIS3PreviewEIS2_IPE1 inErrorState: 0 ExecuteProcessRequest returned with CamxResultEFailed.
11-17 19:20:49.608  1085  2078 E CamX    : [ERROR][CORE   ] camxdeferredrequestqueue.cpp:400 DeferredWorkerWrapper() DeferredWorker failed with result CamxResultEFailed
11-17 19:20:49.611 19045 19045 W CAM_Camera2CompatAdapterRole: Warning: getAuxCameraId(): #init() failed, roleId=20
11-17 19:20:49.611 19045 19045 W CAM_Camera2CompatAdapterRole: Warning: getUltraTeleCameraId(): #init() failed, roleId=23
11-17 19:20:49.611  1085  1270 E CamX    : [ERROR][CORE   ] camxnode.cpp:4783 CSLFenceCallback() Node::Video4kEIS3PreviewEIS2_IPE1 : Type 65538 portId=9 Fence 244 signaled with failure 1 in node fence handler FOR 141
11-17 19:20:49.611  1085  2083 E CamX    : [ERROR][PPROC  ] camxipenode.cpp:10712 NotifyRequestProcessingError() Fence failure for output port 9 req 141 enableDump 0
11-17 19:20:49.611  1085  2083 E CamX    : [ERROR][DRQ    ] camxdeferredrequestqueue.cpp:985 UpdateDependency() Failure to update: property: ffffffff , fence: cb8ca9b0(000000f4), request: 141...result willbe an error
11-17 19:20:49.612  1085  1270 E CamX    : [ERROR][CORE   ] camxnode.cpp:4783 CSLFenceCallback() Node::Video4kEIS3PreviewEIS2_ChiNodeWrapper2 : Type 255 portId=0 Fence 241 signaled with failure 1 in node fence handler FOR 141
11-17 19:20:49.615  1085  2085 E CamX    : [ERROR][MEMMGR ] camximagebuffer.cpp:532 Import() [Video4kEIS3PreviewEIS2_com.mi.node.mimovie_OutputPort_0][0xb4000079fbd972b0] Failed in importing Gralloc Buffer type=0, BufferHandle=0xb400007a2ba80458, offset=0, size=15728640, flags=0x8, deviceCount=0, WxH 3840x2160, format 3
11-17 19:20:49.615  1085  2085 E CamX    : [ERROR][CORE   ] camxnode.cpp:3052 SetupRequestOutputPorts() Import failed
11-17 19:20:49.615  1085  2085 E CamX    : [ERROR][MEMMGR ] camximagebuffer.cpp:532 Import() [Video4kEIS3PreviewEIS2_IPE_OutputPort_9][0xb4000079fbda2d60] Failed in importing Gralloc Buffer type=0, BufferHandle=0xb400007a2ba80458, offset=0, size=15728640, flags=0x809, deviceCount=1, WxH 3840x2160, format 3
11-17 19:20:49.615  1085  2085 E CamX    : [ERROR][CORE   ] camxnode.cpp:3052 SetupRequestOutputPorts() Import failed
11-17 19:20:49.640  1085  2077 E CamX    : [ERROR][CSL    ] camxosutilslinux.cpp:753 MemMap() mmap() failed! errno=22, bufferFD=403, bufferLength=15728640 offset=0
11-17 19:20:49.641  1085  2077 E CamX    : [ERROR][CSL    ] camxcslhwinternal.cpp:3849 CSLHwAddBuffer() mmap() failed!
11-17 19:20:49.641  1085  2077 E CamX    : [ERROR][CSL    ] camxcslhw.cpp:2433 CSLMapBufferHW() CSLHwAddBuffer failed, result = 1
11-17 19:20:49.641  1085  2077 E CamX    : [ERROR][MEMMGR ] camximagebuffer.cpp:648 ImportGrallocBuffer() [Video4kEIS3PreviewEIS2_IPE_OutputPort_9][0xb4000079fbd86ac0] CSLMapNativeBuffer failed with CamxResultEFailed
11-17 19:20:49.641  1085  2077 E CamX    : [ERROR][MEMMGR ] camximagebuffer.cpp:1233 BindImportedBuffer() [Video4kEIS3PreviewEIS2_IPE_OutputPort_9][0xb4000079fbd86ac0] Failed in binding imported Gralloc buffer [0xb400007a2ba6b008], result=CamxResultEFailed
11-17 19:20:49.641  1085  2077 E CamX    : [ERROR][MEMMGR ] camximagebuffermanager.cpp:793 BindBufferManagerImageBuffer() [Video4kEIS3PreviewEIS2_IPE_OutputPort_9] Failed in binding imported buffer, result=CamxResultEFailed
11-17 19:20:49.641  1085  2077 E CamX    : [ERROR][CORE   ] camxnode.cpp:9493 BindInputOutputBuffers() Node::Video4kEIS3PreviewEIS2_IPE1 Output[0] Batch[0] : Failed in binding buffer to ImageBuffer, result=CamxResultEFailed
11-17 19:20:49.641  1085  2077 E CamX    : [ERROR][CORE   ] camxnode.cpp:1880 ProcessRequest() Node::Video4kEIS3PreviewEIS2_IPE1 Req[142] processSequenceId[1] Failed in Binding backing buffers to input, output ImageBuffers, result=CamxResultEFailed
11-17 19:20:49.641  1085  2077 E CamX    : [ERROR][DRQ    ] camxdeferredrequestqueue.cpp:985 UpdateDependency() Failure to update: property: 00000000 , fence: 00000000(00000000), request: 142...result willbe an error
11-17 19:20:49.641  1085  2077 E CamX    : [ERROR][CORE   ] camxnode.cpp:1941 ProcessRequest() An Error occured with RequestId 142 Sequence 1 for Node: Video4kEIS3PreviewEIS2_IPE1 inErrorState: 0 ExecuteProcessRequest returned with CamxResultEFailed.
11-17 19:20:49.641  1085  2077 E CamX    : [ERROR][CORE   ] camxdeferredrequestqueue.cpp:400 DeferredWorkerWrapper() DeferredWorker failed with result CamxResultEFailed
11-17 19:20:49.641  1085  1270 E CamX    : [ERROR][CORE   ] camxnode.cpp:4783 CSLFenceCallback() Node::Video4kEIS3PreviewEIS2_IPE1 : Type 65538 portId=9 Fence 263 signaled with failure 1 in node fence handler FOR 142
11-17 19:20:49.641  1085  2080 E CamX    : [ERROR][PPROC  ] camxipenode.cpp:10712 NotifyRequestProcessingError() Fence failure for output port 9 req 142 enableDump 0
11-17 19:20:49.641  1085  2080 E CamX    : [ERROR][DRQ    ] camxdeferredrequestqueue.cpp:985 UpdateDependency() Failure to update: property: ffffffff , fence: cb8caa10(00000107), request: 142...result willbe an error
11-17 19:20:49.644 19045 19045 W CAM_Camera2CompatAdapterRole: Warning: getAuxCameraId(): #init() failed, roleId=20
11-17 19:20:49.644 19045 19045 W CAM_Camera2CompatAdapterRole: Warning: getUltraTeleCameraId(): #init() failed, roleId=23
11-17 19:20:49.645  1085  1270 E CamX    : [ERROR][CORE   ] camxnode.cpp:4783 CSLFenceCallback() Node::Video4kEIS3PreviewEIS2_ChiNodeWrapper2 : Type 255 portId=0 Fence 366 signaled with failure 1 in node fence handler FOR 142
11-17 19:20:49.648  1085  2082 E CamX    : [ERROR][MEMMGR ] camximagebuffer.cpp:532 Import() [Video4kEIS3PreviewEIS2_com.mi.node.mimovie_OutputPort_0][0xb4000079fbd81d80] Failed in importing Gralloc Buffer type=0, BufferHandle=0xb400007a2ba614c8, offset=0, size=15728640, flags=0x8, deviceCount=0, WxH 3840x2160, format 3
11-17 19:20:49.648  1085  2082 E CamX    : [ERROR][CORE   ] camxnode.cpp:3052 SetupRequestOutputPorts() Import failed
11-17 19:20:49.648  1085  2082 E CamX    : [ERROR][MEMMGR ] camximagebuffer.cpp:532 Import() [Video4kEIS3PreviewEIS2_IPE_OutputPort_9][0xb4000079fbd86ac0] Failed in importing Gralloc Buffer type=0, BufferHandle=0xb400007a2ba614c8, offset=0, size=15728640, flags=0x809, deviceCount=1, WxH 3840x2160, format 3
11-17 19:20:49.648  1085  2082 E CamX    : [ERROR][CORE   ] camxnode.cpp:3052 SetupRequestOutputPorts() Import failed
11-17 19:20:49.672  1085  2086 E CamX    : [ERROR][CSL    ] camxosutilslinux.cpp:753 MemMap() mmap() failed! errno=22, bufferFD=407, bufferLength=15728640 offset=0
11-17 19:20:49.673  1085  2086 E CamX    : [ERROR][CSL    ] camxcslhwinternal.cpp:3849 CSLHwAddBuffer() mmap() failed!
11-17 19:20:49.673  1085  2086 E CamX    : [ERROR][CSL    ] camxcslhw.cpp:2433 CSLMapBufferHW() CSLHwAddBuffer failed, result = 1
11-17 19:20:49.673  1085  2086 E CamX    : [ERROR][MEMMGR ] camximagebuffer.cpp:648 ImportGrallocBuffer() [Video4kEIS3PreviewEIS2_IPE_OutputPort_9][0xb4000079fbd6fbd0] CSLMapNativeBuffer failed with CamxResultEFailed
11-17 19:20:49.673  1085  2086 E CamX    : [ERROR][MEMMGR ] camximagebuffer.cpp:1233 BindImportedBuffer() [Video4kEIS3PreviewEIS2_IPE_OutputPort_9][0xb4000079fbd6fbd0] Failed in binding imported Gralloc buffer [0xb400007a2ba7a428], result=CamxResultEFailed
11-17 19:20:49.673  1085  2086 E CamX    : [ERROR][MEMMGR ] camximagebuffermanager.cpp:793 BindBufferManagerImageBuffer() [Video4kEIS3PreviewEIS2_IPE_OutputPort_9] Failed in binding imported buffer, result=CamxResultEFailed
11-17 19:20:49.673  1085  2086 E CamX    : [ERROR][CORE   ] camxnode.cpp:9493 BindInputOutputBuffers() Node::Video4kEIS3PreviewEIS2_IPE1 Output[0] Batch[0] : Failed in binding buffer to ImageBuffer, result=CamxResultEFailed
11-17 19:20:49.673  1085  2086 E CamX    : [ERROR][CORE   ] camxnode.cpp:1880 ProcessRequest() Node::Video4kEIS3PreviewEIS2_IPE1 Req[143] processSequenceId[1] Failed in Binding backing buffers to input, output ImageBuffers, result=CamxResultEFailed
11-17 19:20:49.673  1085  2086 E CamX    : [ERROR][DRQ    ] camxdeferredrequestqueue.cpp:985 UpdateDependency() Failure to update: property: 00000000 , fence: 00000000(00000000), request: 143...result willbe an error
11-17 19:20:49.673  1085  2086 E CamX    : [ERROR][CORE   ] camxnode.cpp:1941 ProcessRequest() An Error occured with RequestId 143 Sequence 1 for Node: Video4kEIS3PreviewEIS2_IPE1 inErrorState: 0 ExecuteProcessRequest returned with CamxResultEFailed.
11-17 19:20:49.673  1085  2086 E CamX    : [ERROR][CORE   ] camxdeferredrequestqueue.cpp:400 DeferredWorkerWrapper() DeferredWorker failed with result CamxResultEFailed
11-17 19:20:49.674  1085  1270 E CamX    : [ERROR][CORE   ] camxnode.cpp:4783 CSLFenceCallback() Node::Video4kEIS3PreviewEIS2_IPE1 : Type 65538 portId=9 Fence 272 signaled with failure 1 in node fence handler FOR 143
11-17 19:20:49.674  1085  2078 E CamX    : [ERROR][PPROC  ] camxipenode.cpp:10712 NotifyRequestProcessingError() Fence failure for output port 9 req 143 enableDump 0
11-17 19:20:49.674  1085  2078 E CamX    : [ERROR][DRQ    ] camxdeferredrequestqueue.cpp:985 UpdateDependency() Failure to update: property: ffffffff , fence: cb8caa70(00000110), request: 143...result willbe an error
11-17 19:20:49.674  1085  1270 E CamX    : [ERROR][CORE   ] camxnode.cpp:4783 CSLFenceCallback() Node::Video4kEIS3PreviewEIS2_ChiNodeWrapper2 : Type 255 portId=0 Fence 393 signaled with failure 1 in node fence handler FOR 143
11-17 19:20:49.677  1085  2086 E CamX    : [ERROR][MEMMGR ] camximagebuffer.cpp:532 Import() [Video4kEIS3PreviewEIS2_com.mi.node.mimovie_OutputPort_0][0xb4000079fbd71590] Failed in importing Gralloc Buffer type=0, BufferHandle=0xb400007a2ba6b008, offset=0, size=15728640, flags=0x8, deviceCount=0, WxH 3840x2160, format 3
11-17 19:20:49.677  1085  2086 E CamX    : [ERROR][CORE   ] camxnode.cpp:3052 SetupRequestOutputPorts() Import failed
11-17 19:20:49.677  1085  2086 E CamX    : [ERROR][MEMMGR ] camximagebuffer.cpp:532 Import() [Video4kEIS3PreviewEIS2_IPE_OutputPort_9][0xb4000079fbd6fbd0] Failed in importing Gralloc Buffer type=0, BufferHandle=0xb400007a2ba6b008, offset=0, size=15728640, flags=0x809, deviceCount=1, WxH 3840x2160, format 3
11-17 19:20:49.677  1085  2086 E CamX    : [ERROR][CORE   ] camxnode.cpp:3052 SetupRequestOutputPorts() Import failed
11-17 19:20:49.680 19045 19045 W CAM_Camera2CompatAdapterRole: Warning: getAuxCameraId(): #init() failed, roleId=20
11-17 19:20:49.680 19045 19045 W CAM_Camera2CompatAdapterRole: Warning: getUltraTeleCameraId(): #init() failed, roleId=23
11-17 19:20:49.706  1085  2084 E CamX    : [ERROR][CSL    ] camxosutilslinux.cpp:753 MemMap() mmap() failed! errno=22, bufferFD=411, bufferLength=15728640 offset=0
11-17 19:20:49.706  1085  2084 E CamX    : [ERROR][CSL    ] camxcslhwinternal.cpp:3849 CSLHwAddBuffer() mmap() failed!
11-17 19:20:49.706  1085  2084 E CamX    : [ERROR][CSL    ] camxcslhw.cpp:2433 CSLMapBufferHW() CSLHwAddBuffer failed, result = 1
11-17 19:20:49.706  1085  2084 E CamX    : [ERROR][MEMMGR ] camximagebuffer.cpp:648 ImportGrallocBuffer() [Video4kEIS3PreviewEIS2_IPE_OutputPort_9][0xb4000079fbd66150] CSLMapNativeBuffer failed with CamxResultEFailed
11-17 19:20:49.706  1085  2084 E CamX    : [ERROR][MEMMGR ] camximagebuffer.cpp:1233 BindImportedBuffer() [Video4kEIS3PreviewEIS2_IPE_OutputPort_9][0xb4000079fbd66150] Failed in binding imported Gralloc buffer [0xb400007a2ba7b0e8], result=CamxResultEFailed
11-17 19:20:49.706  1085  2084 E CamX    : [ERROR][MEMMGR ] camximagebuffermanager.cpp:793 BindBufferManagerImageBuffer() [Video4kEIS3PreviewEIS2_IPE_OutputPort_9] Failed in binding imported buffer, result=CamxResultEFailed
11-17 19:20:49.706  1085  2084 E CamX    : [ERROR][CORE   ] camxnode.cpp:9493 BindInputOutputBuffers() Node::Video4kEIS3PreviewEIS2_IPE1 Output[0] Batch[0] : Failed in binding buffer to ImageBuffer, result=CamxResultEFailed
11-17 19:20:49.706  1085  2084 E CamX    : [ERROR][CORE   ] camxnode.cpp:1880 ProcessRequest() Node::Video4kEIS3PreviewEIS2_IPE1 Req[144] processSequenceId[1] Failed in Binding backing buffers to input, output ImageBuffers, result=CamxResultEFailed
11-17 19:20:49.706  1085  2084 E CamX    : [ERROR][DRQ    ] camxdeferredrequestqueue.cpp:985 UpdateDependency() Failure to update: property: 00000000 , fence: 00000000(00000000), request: 144...result willbe an error
11-17 19:20:49.706  1085  1270 E CamX    : [ERROR][CORE   ] camxnode.cpp:4783 CSLFenceCallback() Node::Video4kEIS3PreviewEIS2_IPE1 : Type 65538 portId=9 Fence 281 signaled with failure 1 in node fence handler FOR 144
11-17 19:20:49.707  1085  2084 E CamX    : [ERROR][CORE   ] camxnode.cpp:1941 ProcessRequest() An Error occured with RequestId 144 Sequence 1 for Node: Video4kEIS3PreviewEIS2_IPE1 inErrorState: 0 ExecuteProcessRequest returned with CamxResultEFailed.
11-17 19:20:49.707  1085  2084 E CamX    : [ERROR][CORE   ] camxdeferredrequestqueue.cpp:400 DeferredWorkerWrapper() DeferredWorker failed with result CamxResultEFailed
11-17 19:20:49.707  1085  2084 E CamX    : [ERROR][PPROC  ] camxipenode.cpp:10712 NotifyRequestProcessingError() Fence failure for output port 9 req 144 enableDump 0
11-17 19:20:49.707  1085  2084 E CamX    : [ERROR][DRQ    ] camxdeferredrequestqueue.cpp:985 UpdateDependency() Failure to update: property: ffffffff , fence: cb8caad0(00000119), request: 144...result willbe an error
11-17 19:20:49.707  1085  1270 E CamX    : [ERROR][CORE   ] camxnode.cpp:4783 CSLFenceCallback() Node::Video4kEIS3PreviewEIS2_ChiNodeWrapper2 : Type 255 portId=0 Fence 376 signaled with failure 1 in node fence handler FOR 144
11-17 19:20:49.711  1085  2082 E CamX    : [ERROR][MEMMGR ] camximagebuffer.cpp:532 Import() [Video4kEIS3PreviewEIS2_com.mi.node.mimovie_OutputPort_0][0xb4000079fbd96c40] Failed in importing Gralloc Buffer type=0, BufferHandle=0xb400007a2ba7a428, offset=0, size=15728640, flags=0x8, deviceCount=0, WxH 3840x2160, format 3
11-17 19:20:49.711  1085  2082 E CamX    : [ERROR][CORE   ] camxnode.cpp:3052 SetupRequestOutputPorts() Import failed
11-17 19:20:49.712  1085  2082 E CamX    : [ERROR][MEMMGR ] camximagebuffer.cpp:532 Import() [Video4kEIS3PreviewEIS2_IPE_OutputPort_9][0xb4000079fbd66150] Failed in importing Gralloc Buffer type=0, BufferHandle=0xb400007a2ba7a428, offset=0, size=15728640, flags=0x809, deviceCount=1, WxH 3840x2160, format 3
11-17 19:20:49.712  1085  2082 E CamX    : [ERROR][CORE   ] camxnode.cpp:3052 SetupRequestOutputPorts() Import failed
11-17 19:20:49.714 19045 19045 W CAM_Camera2CompatAdapterRole: Warning: getAuxCameraId(): #init() failed, roleId=20
11-17 19:20:49.714 19045 19045 W CAM_Camera2CompatAdapterRole: Warning: getUltraTeleCameraId(): #init() failed, roleId=23
11-17 19:20:49.740  1085  2077 E CamX    : [ERROR][CSL    ] camxosutilslinux.cpp:753 MemMap() mmap() failed! errno=22, bufferFD=415, bufferLength=15728640 offset=0
11-17 19:20:49.740  1085  2077 E CamX    : [ERROR][CSL    ] camxcslhwinternal.cpp:3849 CSLHwAddBuffer() mmap() failed!
11-17 19:20:49.740  1085  2077 E CamX    : [ERROR][CSL    ] camxcslhw.cpp:2433 CSLMapBufferHW() CSLHwAddBuffer failed, result = 1
11-17 19:20:49.741  1085  2077 E CamX    : [ERROR][MEMMGR ] camximagebuffer.cpp:648 ImportGrallocBuffer() [Video4kEIS3PreviewEIS2_IPE_OutputPort_9][0xb4000079fbd65ae0] CSLMapNativeBuffer failed with CamxResultEFailed
11-17 19:20:49.741  1085  2077 E CamX    : [ERROR][MEMMGR ] camximagebuffer.cpp:1233 BindImportedBuffer() [Video4kEIS3PreviewEIS2_IPE_OutputPort_9][0xb4000079fbd65ae0] Failed in binding imported Gralloc buffer [0xb400007a2ba69b98], result=CamxResultEFailed
11-17 19:20:49.741  1085  2077 E CamX    : [ERROR][MEMMGR ] camximagebuffermanager.cpp:793 BindBufferManagerImageBuffer() [Video4kEIS3PreviewEIS2_IPE_OutputPort_9] Failed in binding imported buffer, result=CamxResultEFailed
11-17 19:20:49.741  1085  2077 E CamX    : [ERROR][CORE   ] camxnode.cpp:9493 BindInputOutputBuffers() Node::Video4kEIS3PreviewEIS2_IPE1 Output[0] Batch[0] : Failed in binding buffer to ImageBuffer, result=CamxResultEFailed
11-17 19:20:49.741  1085  2077 E CamX    : [ERROR][CORE   ] camxnode.cpp:1880 ProcessRequest() Node::Video4kEIS3PreviewEIS2_IPE1 Req[145] processSequenceId[1] Failed in Binding backing buffers to input, output ImageBuffers, result=CamxResultEFailed
11-17 19:20:49.741  1085  2077 E CamX    : [ERROR][DRQ    ] camxdeferredrequestqueue.cpp:985 UpdateDependency() Failure to update: property: 00000000 , fence: 00000000(00000000), request: 145...result willbe an error
11-17 19:20:49.741  1085  2077 E CamX    : [ERROR][CORE   ] camxnode.cpp:1941 ProcessRequest() An Error occured with RequestId 145 Sequence 1 for Node: Video4kEIS3PreviewEIS2_IPE1 inErrorState: 0 ExecuteProcessRequest returned with CamxResultEFailed.
11-17 19:20:49.741  1085  2077 E CamX    : [ERROR][CORE   ] camxdeferredrequestqueue.cpp:400 DeferredWorkerWrapper() DeferredWorker failed with result CamxResultEFailed
11-17 19:20:49.741  1085  1270 E CamX    : [ERROR][CORE   ] camxnode.cpp:4783 CSLFenceCallback() Node::Video4kEIS3PreviewEIS2_IPE1 : Type 65538 portId=9 Fence 223 signaled with failure 1 in node fence handler FOR 145
11-17 19:20:49.741  1085  2083 E CamX    : [ERROR][PPROC  ] camxipenode.cpp:10712 NotifyRequestProcessingError() Fence failure for output port 9 req 145 enableDump 0
11-17 19:20:49.741  1085  2083 E CamX    : [ERROR][DRQ    ] camxdeferredrequestqueue.cpp:985 UpdateDependency() Failure to update: property: ffffffff , fence: cb8cab30(000000df), request: 145...result willbe an error
11-17 19:20:49.741  1085  1270 E CamX    : [ERROR][CORE   ] camxnode.cpp:4783 CSLFenceCallback() Node::Video4kEIS3PreviewEIS2_ChiNodeWrapper2 : Type 255 portId=0 Fence 20 signaled with failure 1 in node fence handler FOR 145
11-17 19:20:49.744  1085  2083 E CamX    : [ERROR][MEMMGR ] camximagebuffer.cpp:532 Import() [Video4kEIS3PreviewEIS2_com.mi.node.mimovie_OutputPort_0][0xb4000079fbd6f560] Failed in importing Gralloc Buffer type=0, BufferHandle=0xb400007a2ba7b0e8, offset=0, size=15728640, flags=0x8, deviceCount=0, WxH 3840x2160, format 3
11-17 19:20:49.744  1085  2083 E CamX    : [ERROR][CORE   ] camxnode.cpp:3052 SetupRequestOutputPorts() Import failed
11-17 19:20:49.744  1085  2083 E CamX    : [ERROR][MEMMGR ] camximagebuffer.cpp:532 Import() [Video4kEIS3PreviewEIS2_IPE_OutputPort_9][0xb4000079fbd65ae0] Failed in importing Gralloc Buffer type=0, BufferHandle=0xb400007a2ba7b0e8, offset=0, size=15728640, flags=0x809, deviceCount=1, WxH 3840x2160, format 3
11-17 19:20:49.744  1085  2083 E CamX    : [ERROR][CORE   ] camxnode.cpp:3052 SetupRequestOutputPorts() Import failed
11-17 19:20:49.747 19045 19045 W CAM_Camera2CompatAdapterRole: Warning: getAuxCameraId(): #init() failed, roleId=20
11-17 19:20:49.747 19045 19045 W CAM_Camera2CompatAdapterRole: Warning: getUltraTeleCameraId(): #init() failed, roleId=23
11-17 19:20:49.773  1085  2078 E CamX    : [ERROR][CSL    ] camxosutilslinux.cpp:753 MemMap() mmap() failed! errno=22, bufferFD=-5476376622896512605, bufferLength=15728640 offset=0
11-17 19:20:49.773  1085  2078 E CamX    : [ERROR][CSL    ] camxcslhwinternal.cpp:3849 CSLHwAddBuffer() mmap() failed!
11-17 19:20:49.773  1085  2078 E CamX    : [ERROR][CSL    ] camxcslhw.cpp:2433 CSLMapBufferHW() CSLHwAddBuffer failed, result = 1
11-17 19:20:49.773  1085  2078 E CamX    : [ERROR][MEMMGR ] camximagebuffer.cpp:648 ImportGrallocBuffer() [Video4kEIS3PreviewEIS2_IPE_OutputPort_9][0xb4000079fbd1f450] CSLMapNativeBuffer failed with CamxResultEFailed
11-17 19:20:49.773  1085  2078 E CamX    : [ERROR][MEMMGR ] camximagebuffer.cpp:1233 BindImportedBuffer() [Video4kEIS3PreviewEIS2_IPE_OutputPort_9][0xb4000079fbd1f450] Failed in binding imported Gralloc buffer [0xb400007a2ba72988], result=CamxResultEFailed
11-17 19:20:49.773  1085  2078 E CamX    : [ERROR][MEMMGR ] camximagebuffermanager.cpp:793 BindBufferManagerImageBuffer() [Video4kEIS3PreviewEIS2_IPE_OutputPort_9] Failed in binding imported buffer, result=CamxResultEFailed
11-17 19:20:49.773  1085  2078 E CamX    : [ERROR][CORE   ] camxnode.cpp:9493 BindInputOutputBuffers() Node::Video4kEIS3PreviewEIS2_IPE1 Output[0] Batch[0] : Failed in binding buffer to ImageBuffer, result=CamxResultEFailed
11-17 19:20:49.773  1085  2078 E CamX    : [ERROR][CORE   ] camxnode.cpp:1880 ProcessRequest() Node::Video4kEIS3PreviewEIS2_IPE1 Req[146] processSequenceId[1] Failed in Binding backing buffers to input, output ImageBuffers, result=CamxResultEFailed
11-17 19:20:49.773  1085  2078 E CamX    : [ERROR][DRQ    ] camxdeferredrequestqueue.cpp:985 UpdateDependency() Failure to update: property: 00000000 , fence: 00000000(00000000), request: 146...result willbe an error
11-17 19:20:49.773  1085  2078 E CamX    : [ERROR][CORE   ] camxnode.cpp:1941 ProcessRequest() An Error occured with RequestId 146 Sequence 1 for Node: Video4kEIS3PreviewEIS2_IPE1 inErrorState: 0 ExecuteProcessRequest returned with CamxResultEFailed.
11-17 19:20:49.773  1085  2078 E CamX    : [ERROR][CORE   ] camxdeferredrequestqueue.cpp:400 DeferredWorkerWrapper() DeferredWorker failed with result CamxResultEFailed
11-17 19:20:49.773  1085  1270 E CamX    : [ERROR][CORE   ] camxnode.cpp:4783 CSLFenceCallback() Node::Video4kEIS3PreviewEIS2_IPE1 : Type 65538 portId=9 Fence 265 signaled with failure 1 in node fence handler FOR 146
11-17 19:20:49.773  1085  2083 E CamX    : [ERROR][PPROC  ] camxipenode.cpp:10712 NotifyRequestProcessingError() Fence failure for output port 9 req 146 enableDump 0
11-17 19:20:49.774  1085  2083 E CamX    : [ERROR][DRQ    ] camxdeferredrequestqueue.cpp:985 UpdateDependency() Failure to update: property: ffffffff , fence: cb8cab90(00000109), request: 146...result willbe an error
11-17 19:20:49.774  1085  1270 E CamX    : [ERROR][CORE   ] camxnode.cpp:4783 CSLFenceCallback() Node::Video4kEIS3PreviewEIS2_ChiNodeWrapper2 : Type 255 portId=0 Fence 264 signaled with failure 1 in node fence handler FOR 146
11-17 19:20:49.776 19045 19045 W CAM_Camera2CompatAdapterRole: Warning: getAuxCameraId(): #init() failed, roleId=20
11-17 19:20:49.776 19045 19045 W CAM_Camera2CompatAdapterRole: Warning: getUltraTeleCameraId(): #init() failed, roleId=23
11-17 19:20:49.777  1085  2078 E CamX    : [ERROR][MEMMGR ] camximagebuffer.cpp:532 Import() [Video4kEIS3PreviewEIS2_com.mi.node.mimovie_OutputPort_0][0xb4000079fbd79650] Failed in importing Gralloc Buffer type=0, BufferHandle=0xb400007a2ba69b98, offset=0, size=15728640, flags=0x8, deviceCount=0, WxH 3840x2160, format 3
11-17 19:20:49.777  1085  2078 E CamX    : [ERROR][CORE   ] camxnode.cpp:3052 SetupRequestOutputPorts() Import failed
11-17 19:20:49.777  1085  2078 E CamX    : [ERROR][MEMMGR ] camximagebuffer.cpp:532 Import() [Video4kEIS3PreviewEIS2_IPE_OutputPort_9][0xb4000079fbd1f450] Failed in importing Gralloc Buffer type=0, BufferHandle=0xb400007a2ba69b98, offset=0, size=15728640, flags=0x809, deviceCount=1, WxH 3840x2160, format 3
11-17 19:20:49.777  1085  2078 E CamX    : [ERROR][CORE   ] camxnode.cpp:3052 SetupRequestOutputPorts() Import failed
11-17 19:20:49.808  1085  2082 E CamX    : [ERROR][CSL    ] camxosutilslinux.cpp:753 MemMap() mmap() failed! errno=22, bufferFD=423, bufferLength=15728640 offset=0
11-17 19:20:49.808  1085  2082 E CamX    : [ERROR][CSL    ] camxcslhwinternal.cpp:3849 CSLHwAddBuffer() mmap() failed!
11-17 19:20:49.808  1085  2082 E CamX    : [ERROR][CSL    ] camxcslhw.cpp:2433 CSLMapBufferHW() CSLHwAddBuffer failed, result = 1
11-17 19:20:49.808  1085  2082 E CamX    : [ERROR][MEMMGR ] camximagebuffer.cpp:648 ImportGrallocBuffer() [Video4kEIS3PreviewEIS2_IPE_OutputPort_9][0xb4000079fbd50c20] CSLMapNativeBuffer failed with CamxResultEFailed
11-17 19:20:49.808  1085  2082 E CamX    : [ERROR][MEMMGR ] camximagebuffer.cpp:1233 BindImportedBuffer() [Video4kEIS3PreviewEIS2_IPE_OutputPort_9][0xb4000079fbd50c20] Failed in binding imported Gralloc buffer [0xb400007a2ba80d58], result=CamxResultEFailed
11-17 19:20:49.808  1085  2082 E CamX    : [ERROR][MEMMGR ] camximagebuffermanager.cpp:793 BindBufferManagerImageBuffer() [Video4kEIS3PreviewEIS2_IPE_OutputPort_9] Failed in binding imported buffer, result=CamxResultEFailed
11-17 19:20:49.808  1085  2082 E CamX    : [ERROR][CORE   ] camxnode.cpp:9493 BindInputOutputBuffers() Node::Video4kEIS3PreviewEIS2_IPE1 Output[0] Batch[0] : Failed in binding buffer to ImageBuffer, result=CamxResultEFailed
11-17 19:20:49.808  1085  2082 E CamX    : [ERROR][CORE   ] camxnode.cpp:1880 ProcessRequest() Node::Video4kEIS3PreviewEIS2_IPE1 Req[147] processSequenceId[1] Failed in Binding backing buffers to input, output ImageBuffers, result=CamxResultEFailed
11-17 19:20:49.808  1085  2082 E CamX    : [ERROR][DRQ    ] camxdeferredrequestqueue.cpp:985 UpdateDependency() Failure to update: property: 00000000 , fence: 00000000(00000000), request: 147...result willbe an error
11-17 19:20:49.808  1085  1270 E CamX    : [ERROR][CORE   ] camxnode.cpp:4783 CSLFenceCallback() Node::Video4kEIS3PreviewEIS2_IPE1 : Type 65538 portId=9 Fence 250 signaled with failure 1 in node fence handler FOR 147
11-17 19:20:49.808  1085  2082 E CamX    : [ERROR][CORE   ] camxnode.cpp:1941 ProcessRequest() An Error occured with RequestId 147 Sequence 1 for Node: Video4kEIS3PreviewEIS2_IPE1 inErrorState: 0 ExecuteProcessRequest returned with CamxResultEFailed.
11-17 19:20:49.808  1085  2082 E CamX    : [ERROR][CORE   ] camxdeferredrequestqueue.cpp:400 DeferredWorkerWrapper() DeferredWorker failed with result CamxResultEFailed
11-17 19:20:49.808  1085  2078 E CamX    : [ERROR][PPROC  ] camxipenode.cpp:10712 NotifyRequestProcessingError() Fence failure for output port 9 req 147 enableDump 0
11-17 19:20:49.808  1085  2078 E CamX    : [ERROR][DRQ    ] camxdeferredrequestqueue.cpp:985 UpdateDependency() Failure to update: property: ffffffff , fence: cb8cabf0(000000fa), request: 147...result willbe an error
11-17 19:20:49.809  1085  1270 E CamX    : [ERROR][CORE   ] camxnode.cpp:4783 CSLFenceCallback() Node::Video4kEIS3PreviewEIS2_ChiNodeWrapper2 : Type 255 portId=0 Fence 17 signaled with failure 1 in node fence handler FOR 147
11-17 19:20:49.810 19045 19045 W CAM_Camera2CompatAdapterRole: Warning: getAuxCameraId(): #init() failed, roleId=20
11-17 19:20:49.810 19045 19045 W CAM_Camera2CompatAdapterRole: Warning: getUltraTeleCameraId(): #init() failed, roleId=23
11-17 19:20:49.812  1085  2084 E CamX    : [ERROR][MEMMGR ] camximagebuffer.cpp:532 Import() [Video4kEIS3PreviewEIS2_com.mi.node.mimovie_OutputPort_0][0xb4000079fbd64e00] Failed in importing Gralloc Buffer type=0, BufferHandle=0xb400007a2ba72988, offset=0, size=15728640, flags=0x8, deviceCount=0, WxH 3840x2160, format 3
11-17 19:20:49.812  1085  2084 E CamX    : [ERROR][CORE   ] camxnode.cpp:3052 SetupRequestOutputPorts() Import failed
11-17 19:20:49.812  1085  2084 E CamX    : [ERROR][MEMMGR ] camximagebuffer.cpp:532 Import() [Video4kEIS3PreviewEIS2_IPE_OutputPort_9][0xb4000079fbd50c20] Failed in importing Gralloc Buffer type=0, BufferHandle=0xb400007a2ba72988, offset=0, size=15728640, flags=0x809, deviceCount=1, WxH 3840x2160, format 3
11-17 19:20:49.812  1085  2084 E CamX    : [ERROR][CORE   ] camxnode.cpp:3052 SetupRequestOutputPorts() Import failed
11-17 19:20:49.840  1085  2077 E CamX    : [ERROR][CSL    ] camxosutilslinux.cpp:753 MemMap() mmap() failed! errno=22, bufferFD=427, bufferLength=15728640 offset=0
11-17 19:20:49.840  1085  2077 E CamX    : [ERROR][CSL    ] camxcslhwinternal.cpp:3849 CSLHwAddBuffer() mmap() failed!
11-17 19:20:49.840  1085  2077 E CamX    : [ERROR][CSL    ] camxcslhw.cpp:2433 CSLMapBufferHW() CSLHwAddBuffer failed, result = 1
11-17 19:20:49.840  1085  2077 E CamX    : [ERROR][MEMMGR ] camximagebuffer.cpp:648 ImportGrallocBuffer() [Video4kEIS3PreviewEIS2_IPE_OutputPort_9][0xb4000079fbd98c70] CSLMapNativeBuffer failed with CamxResultEFailed
11-17 19:20:49.840  1085  2077 E CamX    : [ERROR][MEMMGR ] camximagebuffer.cpp:1233 BindImportedBuffer() [Video4kEIS3PreviewEIS2_IPE_OutputPort_9][0xb4000079fbd98c70] Failed in binding imported Gralloc buffer [0xb400007a2ba82a08], result=CamxResultEFailed
11-17 19:20:49.840  1085  2077 E CamX    : [ERROR][MEMMGR ] camximagebuffermanager.cpp:793 BindBufferManagerImageBuffer() [Video4kEIS3PreviewEIS2_IPE_OutputPort_9] Failed in binding imported buffer, result=CamxResultEFailed
11-17 19:20:49.840  1085  2077 E CamX    : [ERROR][CORE   ] camxnode.cpp:9493 BindInputOutputBuffers() Node::Video4kEIS3PreviewEIS2_IPE1 Output[0] Batch[0] : Failed in binding buffer to ImageBuffer, result=CamxResultEFailed
11-17 19:20:49.840  1085  2077 E CamX    : [ERROR][CORE   ] camxnode.cpp:1880 ProcessRequest() Node::Video4kEIS3PreviewEIS2_IPE1 Req[148] processSequenceId[1] Failed in Binding backing buffers to input, output ImageBuffers, result=CamxResultEFailed
11-17 19:20:49.840  1085  2077 E CamX    : [ERROR][DRQ    ] camxdeferredrequestqueue.cpp:985 UpdateDependency() Failure to update: property: 00000000 , fence: 00000000(00000000), request: 148...result willbe an error
11-17 19:20:49.840  1085  2077 E CamX    : [ERROR][CORE   ] camxnode.cpp:1941 ProcessRequest() An Error occured with RequestId 148 Sequence 1 for Node: Video4kEIS3PreviewEIS2_IPE1 inErrorState: 0 ExecuteProcessRequest returned with CamxResultEFailed.
11-17 19:20:49.840  1085  1270 E CamX    : [ERROR][CORE   ] camxnode.cpp:4783 CSLFenceCallback() Node::Video4kEIS3PreviewEIS2_IPE1 : Type 65538 portId=9 Fence 317 signaled with failure 1 in node fence handler FOR 148
11-17 19:20:49.840  1085  2077 E CamX    : [ERROR][CORE   ] camxdeferredrequestqueue.cpp:400 DeferredWorkerWrapper() DeferredWorker failed with result CamxResultEFailed
11-17 19:20:49.840  1085  2077 E CamX    : [ERROR][PPROC  ] camxipenode.cpp:10712 NotifyRequestProcessingError() Fence failure for output port 9 req 148 enableDump 0
11-17 19:20:49.840  1085  2077 E CamX    : [ERROR][DRQ    ] camxdeferredrequestqueue.cpp:985 UpdateDependency() Failure to update: property: ffffffff , fence: cb8cac50(0000013d), request: 148...result willbe an error
11-17 19:20:49.840  1085  1270 E CamX    : [ERROR][CORE   ] camxnode.cpp:4783 CSLFenceCallback() Node::Video4kEIS3PreviewEIS2_ChiNodeWrapper2 : Type 255 portId=0 Fence 331 signaled with failure 1 in node fence handler FOR 148
11-17 19:20:49.843  1085  2084 E CamX    : [ERROR][MEMMGR ] camximagebuffer.cpp:532 Import() [Video4kEIS3PreviewEIS2_com.mi.node.mimovie_OutputPort_0][0xb4000079fbd43140] Failed in importing Gralloc Buffer type=0, BufferHandle=0xb400007a2ba80d58, offset=0, size=15728640, flags=0x8, deviceCount=0, WxH 3840x2160, format 3
11-17 19:20:49.843  1085  2084 E CamX    : [ERROR][CORE   ] camxnode.cpp:3052 SetupRequestOutputPorts() Import failed
11-17 19:20:49.843  1085  2084 E CamX    : [ERROR][MEMMGR ] camximagebuffer.cpp:532 Import() [Video4kEIS3PreviewEIS2_IPE_OutputPort_9][0xb4000079fbd98c70] Failed in importing Gralloc Buffer type=0, BufferHandle=0xb400007a2ba80d58, offset=0, size=15728640, flags=0x809, deviceCount=1, WxH 3840x2160, format 3
11-17 19:20:49.843  1085  2084 E CamX    : [ERROR][CORE   ] camxnode.cpp:3052 SetupRequestOutputPorts() Import failed
11-17 19:20:49.844 19045 19045 W CAM_Camera2CompatAdapterRole: Warning: getAuxCameraId(): #init() failed, roleId=20
11-17 19:20:49.844 19045 19045 W CAM_Camera2CompatAdapterRole: Warning: getUltraTeleCameraId(): #init() failed, roleId=23
11-17 19:20:49.872  1085  2077 E CamX    : [ERROR][CSL    ] camxosutilslinux.cpp:753 MemMap() mmap() failed! errno=22, bufferFD=431, bufferLength=15728640 offset=0
11-17 19:20:49.873  1085  2077 E CamX    : [ERROR][CSL    ] camxcslhwinternal.cpp:3849 CSLHwAddBuffer() mmap() failed!
11-17 19:20:49.873  1085  2077 E CamX    : [ERROR][CSL    ] camxcslhw.cpp:2433 CSLMapBufferHW() CSLHwAddBuffer failed, result = 1
11-17 19:20:49.873  1085  2077 E CamX    : [ERROR][MEMMGR ] camximagebuffer.cpp:648 ImportGrallocBuffer() [Video4kEIS3PreviewEIS2_IPE_OutputPort_9][0xb4000079fbd965d0] CSLMapNativeBuffer failed with CamxResultEFailed
11-17 19:20:49.873  1085  2077 E CamX    : [ERROR][MEMMGR ] camximagebuffer.cpp:1233 BindImportedBuffer() [Video4kEIS3PreviewEIS2_IPE_OutputPort_9][0xb4000079fbd965d0] Failed in binding imported Gralloc buffer [0xb400007a2ba63778], result=CamxResultEFailed
11-17 19:20:49.873  1085  2077 E CamX    : [ERROR][MEMMGR ] camximagebuffermanager.cpp:793 BindBufferManagerImageBuffer() [Video4kEIS3PreviewEIS2_IPE_OutputPort_9] Failed in binding imported buffer, result=CamxResultEFailed
11-17 19:20:49.873  1085  2077 E CamX    : [ERROR][CORE   ] camxnode.cpp:9493 BindInputOutputBuffers() Node::Video4kEIS3PreviewEIS2_IPE1 Output[0] Batch[0] : Failed in binding buffer to ImageBuffer, result=CamxResultEFailed
11-17 19:20:49.873  1085  2077 E CamX    : [ERROR][CORE   ] camxnode.cpp:1880 ProcessRequest() Node::Video4kEIS3PreviewEIS2_IPE1 Req[149] processSequenceId[1] Failed in Binding backing buffers to input, output ImageBuffers, result=CamxResultEFailed
11-17 19:20:49.873  1085  2077 E CamX    : [ERROR][DRQ    ] camxdeferredrequestqueue.cpp:985 UpdateDependency() Failure to update: property: 00000000 , fence: 00000000(00000000), request: 149...result willbe an error
11-17 19:20:49.873  1085  2077 E CamX    : [ERROR][CORE   ] camxnode.cpp:1941 ProcessRequest() An Error occured with RequestId 149 Sequence 1 for Node: Video4kEIS3PreviewEIS2_IPE1 inErrorState: 0 ExecuteProcessRequest returned with CamxResultEFailed.
11-17 19:20:49.873  1085  2077 E CamX    : [ERROR][CORE   ] camxdeferredrequestqueue.cpp:400 DeferredWorkerWrapper() DeferredWorker failed with result CamxResultEFailed
11-17 19:20:49.874  1085  1270 E CamX    : [ERROR][CORE   ] camxnode.cpp:4783 CSLFenceCallback() Node::Video4kEIS3PreviewEIS2_IPE1 : Type 65538 portId=9 Fence 326 signaled with failure 1 in node fence handler FOR 149
11-17 19:20:49.874  1085  2078 E CamX    : [ERROR][PPROC  ] camxipenode.cpp:10712 NotifyRequestProcessingError() Fence failure for output port 9 req 149 enableDump 0
11-17 19:20:49.874  1085  2078 E CamX    : [ERROR][DRQ    ] camxdeferredrequestqueue.cpp:985 UpdateDependency() Failure to update: property: ffffffff , fence: cb8cacb0(00000146), request: 149...result willbe an error
11-17 19:20:49.874  1085  1270 E CamX    : [ERROR][CORE   ] camxnode.cpp:4783 CSLFenceCallback() Node::Video4kEIS3PreviewEIS2_ChiNodeWrapper2 : Type 255 portId=0 Fence 392 signaled with failure 1 in node fence handler FOR 149
11-17 19:20:49.877  1085  2077 E CamX    : [ERROR][MEMMGR ] camximagebuffer.cpp:532 Import() [Video4kEIS3PreviewEIS2_com.mi.node.mimovie_OutputPort_0][0xb4000079fbd708b0] Failed in importing Gralloc Buffer type=0, BufferHandle=0xb400007a2ba82a08, offset=0, size=15728640, flags=0x8, deviceCount=0, WxH 3840x2160, format 3
11-17 19:20:49.877  1085  2077 E CamX    : [ERROR][CORE   ] camxnode.cpp:3052 SetupRequestOutputPorts() Import failed
11-17 19:20:49.877  1085  2077 E CamX    : [ERROR][MEMMGR ] camximagebuffer.cpp:532 Import() [Video4kEIS3PreviewEIS2_IPE_OutputPort_9][0xb4000079fbd965d0] Failed in importing Gralloc Buffer type=0, BufferHandle=0xb400007a2ba82a08, offset=0, size=15728640, flags=0x809, deviceCount=1, WxH 3840x2160, format 3
11-17 19:20:49.877  1085  2077 E CamX    : [ERROR][CORE   ] camxnode.cpp:3052 SetupRequestOutputPorts() Import failed
11-17 19:20:49.879 19045 19045 W CAM_Camera2CompatAdapterRole: Warning: getAuxCameraId(): #init() failed, roleId=20
11-17 19:20:49.879 19045 19045 W CAM_Camera2CompatAdapterRole: Warning: getUltraTeleCameraId(): #init() failed, roleId=23
11-17 19:20:49.909  1811  2565 E WifiStaIfaceAidlImpl: getCachedScanData failed with service-specific exception: android.os.ServiceSpecificException:  (code 4)
11-17 19:20:49.911  1085  2085 E CamX    : [ERROR][CSL    ] camxosutilslinux.cpp:753 MemMap() mmap() failed! errno=22, bufferFD=434, bufferLength=15728640 offset=0
11-17 19:20:49.912  1085  2085 E CamX    : [ERROR][CSL    ] camxcslhwinternal.cpp:3849 CSLHwAddBuffer() mmap() failed!
11-17 19:20:49.912  1085  2085 E CamX    : [ERROR][CSL    ] camxcslhw.cpp:2433 CSLMapBufferHW() CSLHwAddBuffer failed, result = 1
11-17 19:20:49.912  1085  2085 E CamX    : [ERROR][MEMMGR ] camximagebuffer.cpp:648 ImportGrallocBuffer() [Video4kEIS3PreviewEIS2_IPE_OutputPort_9][0xb4000079fbd9e020] CSLMapNativeBuffer failed with CamxResultEFailed
11-17 19:20:49.912  1085  2085 E CamX    : [ERROR][MEMMGR ] camximagebuffer.cpp:1233 BindImportedBuffer() [Video4kEIS3PreviewEIS2_IPE_OutputPort_9][0xb4000079fbd9e020] Failed in binding imported Gralloc buffer [0xb400007a2ba6f268], result=CamxResultEFailed
11-17 19:20:49.912  1085  2085 E CamX    : [ERROR][MEMMGR ] camximagebuffermanager.cpp:793 BindBufferManagerImageBuffer() [Video4kEIS3PreviewEIS2_IPE_OutputPort_9] Failed in binding imported buffer, result=CamxResultEFailed
11-17 19:20:49.912  1085  2085 E CamX    : [ERROR][CORE   ] camxnode.cpp:9493 BindInputOutputBuffers() Node::Video4kEIS3PreviewEIS2_IPE1 Output[0] Batch[0] : Failed in binding buffer to ImageBuffer, result=CamxResultEFailed
11-17 19:20:49.912  1085  2085 E CamX    : [ERROR][CORE   ] camxnode.cpp:1880 ProcessRequest() Node::Video4kEIS3PreviewEIS2_IPE1 Req[150] processSequenceId[1] Failed in Binding backing buffers to input, output ImageBuffers, result=CamxResultEFailed
11-17 19:20:49.912  1085  1270 E CamX    : [ERROR][CORE   ] camxnode.cpp:4783 CSLFenceCallback() Node::Video4kEIS3PreviewEIS2_IPE1 : Type 65538 portId=9 Fence 335 signaled with failure 1 in node fence handler FOR 150
11-17 19:20:49.912  1085  2085 E CamX    : [ERROR][DRQ    ] camxdeferredrequestqueue.cpp:985 UpdateDependency() Failure to update: property: 00000000 , fence: 00000000(00000000), request: 150...result willbe an error
11-17 19:20:49.912  1085  2085 E CamX    : [ERROR][CORE   ] camxnode.cpp:1941 ProcessRequest() An Error occured with RequestId 150 Sequence 1 for Node: Video4kEIS3PreviewEIS2_IPE1 inErrorState: 0 ExecuteProcessRequest returned with CamxResultEFailed.
11-17 19:20:49.912  1085  2085 E CamX    : [ERROR][CORE   ] camxdeferredrequestqueue.cpp:400 DeferredWorkerWrapper() DeferredWorker failed with result CamxResultEFailed
11-17 19:20:49.912  1085  2080 E CamX    : [ERROR][PPROC  ] camxipenode.cpp:10712 NotifyRequestProcessingError() Fence failure for output port 9 req 150 enableDump 0
11-17 19:20:49.912  1085  2080 E CamX    : [ERROR][DRQ    ] camxdeferredrequestqueue.cpp:985 UpdateDependency() Failure to update: property: ffffffff , fence: cb8cad10(0000014f), request: 150...result willbe an error
11-17 19:20:49.913  1085  1270 E CamX    : [ERROR][CORE   ] camxnode.cpp:4783 CSLFenceCallback() Node::Video4kEIS3PreviewEIS2_ChiNodeWrapper2 : Type 255 portId=0 Fence 379 signaled with failure 1 in node fence handler FOR 150
11-17 19:20:49.914 19045 19045 W CAM_Camera2CompatAdapterRole: Warning: getAuxCameraId(): #init() failed, roleId=20
11-17 19:20:49.914 19045 19045 W CAM_Camera2CompatAdapterRole: Warning: getUltraTeleCameraId(): #init() failed, roleId=23
11-17 19:20:49.938 19045 19045 W CAM_Camera2CompatAdapterRole: Warning: getAuxCameraId(): #init() failed, roleId=20
11-17 19:20:49.938 19045 19045 W CAM_Camera2CompatAdapterRole: Warning: getUltraTeleCameraId(): #init() failed, roleId=23
11-17 19:20:49.938  1085  2085 E CamX    : [ERROR][CSL    ] camxosutilslinux.cpp:753 MemMap() mmap() failed! errno=22, bufferFD=438, bufferLength=15728640 offset=0
11-17 19:20:49.939  1085  2085 E CamX    : [ERROR][CSL    ] camxcslhwinternal.cpp:3849 CSLHwAddBuffer() mmap() failed!
11-17 19:20:49.939  1085  2085 E CamX    : [ERROR][CSL    ] camxcslhw.cpp:2433 CSLMapBufferHW() CSLHwAddBuffer failed, result = 1
11-17 19:20:49.939  1085  2085 E CamX    : [ERROR][MEMMGR ] camximagebuffer.cpp:648 ImportGrallocBuffer() [Video4kEIS3PreviewEIS2_IPE_OutputPort_9][0xb4000079fbd80a30] CSLMapNativeBuffer failed with CamxResultEFailed
11-17 19:20:49.939  1085  2085 E CamX    : [ERROR][MEMMGR ] camximagebuffer.cpp:1233 BindImportedBuffer() [Video4kEIS3PreviewEIS2_IPE_OutputPort_9][0xb4000079fbd80a30] Failed in binding imported Gralloc buffer [0xb400007a2ba6d408], result=CamxResultEFailed
11-17 19:20:49.939  1085  2085 E CamX    : [ERROR][MEMMGR ] camximagebuffermanager.cpp:793 BindBufferManagerImageBuffer() [Video4kEIS3PreviewEIS2_IPE_OutputPort_9] Failed in binding imported buffer, result=CamxResultEFailed
11-17 19:20:49.939  1085  2085 E CamX    : [ERROR][CORE   ] camxnode.cpp:9493 BindInputOutputBuffers() Node::Video4kEIS3PreviewEIS2_IPE1 Output[0] Batch[0] : Failed in binding buffer to ImageBuffer, result=CamxResultEFailed
