11-17 19:20:49.939  1085  2085 E CamX    : [ERROR][CORE   ] camxnode.cpp:1880 ProcessRequest() Node::Video4kEIS3PreviewEIS2_IPE1 Req[151] processSequenceId[1] Failed in Binding backing buffers to input, output ImageBuffers, result=CamxResultEFailed
11-17 19:20:49.939  1085  2085 E CamX    : [ERROR][DRQ    ] camxdeferredrequestqueue.cpp:985 UpdateDependency() Failure to update: property: 00000000 , fence: 00000000(00000000), request: 151...result willbe an error
11-17 19:20:49.939  1085  2085 E CamX    : [ERROR][CORE   ] camxnode.cpp:1941 ProcessRequest() An Error occured with RequestId 151 Sequence 1 for Node: Video4kEIS3PreviewEIS2_IPE1 inErrorState: 0 ExecuteProcessRequest returned with CamxResultEFailed.
11-17 19:20:49.939  1085  1270 E CamX    : [ERROR][CORE   ] camxnode.cpp:4783 CSLFenceCallback() Node::Video4kEIS3PreviewEIS2_IPE1 : Type 65538 portId=9 Fence 261 signaled with failure 1 in node fence handler FOR 151
11-17 19:20:49.939  1085  2085 E CamX    : [ERROR][CORE   ] camxdeferredrequestqueue.cpp:400 DeferredWorkerWrapper() DeferredWorker failed with result CamxResultEFailed
11-17 19:20:49.939  1085  2085 E CamX    : [ERROR][PPROC  ] camxipenode.cpp:10712 NotifyRequestProcessingError() Fence failure for output port 9 req 151 enableDump 0
11-17 19:20:49.939  1085  2085 E CamX    : [ERROR][DRQ    ] camxdeferredrequestqueue.cpp:985 UpdateDependency() Failure to update: property: ffffffff , fence: cb8cad70(00000105), request: 151...result willbe an error
11-17 19:20:49.939  1085  1270 E CamX    : [ERROR][CORE   ] camxnode.cpp:4783 CSLFenceCallback() Node::Video4kEIS3PreviewEIS2_ChiNodeWrapper2 : Type 255 portId=0 Fence 257 signaled with failure 1 in node fence handler FOR 151
11-17 19:20:49.972  1085  2085 E CamX    : [ERROR][CSL    ] camxosutilslinux.cpp:753 MemMap() mmap() failed! errno=22, bufferFD=442, bufferLength=15728640 offset=0
11-17 19:20:49.972  1085  2085 E CamX    : [ERROR][CSL    ] camxcslhwinternal.cpp:3849 CSLHwAddBuffer() mmap() failed!
11-17 19:20:49.973  1085  2085 E CamX    : [ERROR][CSL    ] camxcslhw.cpp:2433 CSLMapBufferHW() CSLHwAddBuffer failed, result = 1
11-17 19:20:49.973  1085  2085 E CamX    : [ERROR][MEMMGR ] camximagebuffer.cpp:648 ImportGrallocBuffer() [Video4kEIS3PreviewEIS2_IPE_OutputPort_9][0xb4000079fbd7c360] CSLMapNativeBuffer failed with CamxResultEFailed
11-17 19:20:49.973  1085  2085 E CamX    : [ERROR][MEMMGR ] camximagebuffer.cpp:1233 BindImportedBuffer() [Video4kEIS3PreviewEIS2_IPE_OutputPort_9][0xb4000079fbd7c360] Failed in binding imported Gralloc buffer [0xb400007a2ba5a988], result=CamxResultEFailed
11-17 19:20:49.973  1085  2085 E CamX    : [ERROR][MEMMGR ] camximagebuffermanager.cpp:793 BindBufferManagerImageBuffer() [Video4kEIS3PreviewEIS2_IPE_OutputPort_9] Failed in binding imported buffer, result=CamxResultEFailed
11-17 19:20:49.973  1085  2085 E CamX    : [ERROR][CORE   ] camxnode.cpp:9493 BindInputOutputBuffers() Node::Video4kEIS3PreviewEIS2_IPE1 Output[0] Batch[0] : Failed in binding buffer to ImageBuffer, result=CamxResultEFailed
11-17 19:20:49.973  1085  2085 E CamX    : [ERROR][CORE   ] camxnode.cpp:1880 ProcessRequest() Node::Video4kEIS3PreviewEIS2_IPE1 Req[152] processSequenceId[1] Failed in Binding backing buffers to input, output ImageBuffers, result=CamxResultEFailed
11-17 19:20:49.973  1085  2085 E CamX    : [ERROR][DRQ    ] camxdeferredrequestqueue.cpp:985 UpdateDependency() Failure to update: property: 00000000 , fence: 00000000(00000000), request: 152...result willbe an error
11-17 19:20:49.973  1085  2085 E CamX    : [ERROR][CORE   ] camxnode.cpp:1941 ProcessRequest() An Error occured with RequestId 152 Sequence 1 for Node: Video4kEIS3PreviewEIS2_IPE1 inErrorState: 0 ExecuteProcessRequest returned with CamxResultEFailed.
11-17 19:20:49.973  1085  2085 E CamX    : [ERROR][CORE   ] camxdeferredrequestqueue.cpp:400 DeferredWorkerWrapper() DeferredWorker failed with result CamxResultEFailed
11-17 19:20:49.973  1085  1270 E CamX    : [ERROR][CORE   ] camxnode.cpp:4783 CSLFenceCallback() Node::Video4kEIS3PreviewEIS2_IPE1 : Type 65538 portId=9 Fence 315 signaled with failure 1 in node fence handler FOR 152
11-17 19:20:49.973  1085  2083 E CamX    : [ERROR][PPROC  ] camxipenode.cpp:10712 NotifyRequestProcessingError() Fence failure for output port 9 req 152 enableDump 0
11-17 19:20:49.973  1085  2083 E CamX    : [ERROR][DRQ    ] camxdeferredrequestqueue.cpp:985 UpdateDependency() Failure to update: property: ffffffff , fence: cb8cadd0(0000013b), request: 152...result willbe an error
11-17 19:20:49.973  1085  1270 E CamX    : [ERROR][CORE   ] camxnode.cpp:4783 CSLFenceCallback() Node::Video4kEIS3PreviewEIS2_ChiNodeWrapper2 : Type 255 portId=0 Fence 314 signaled with failure 1 in node fence handler FOR 152
11-17 19:20:49.981 19045 19045 W CAM_Camera2CompatAdapterRole: Warning: getAuxCameraId(): #init() failed, roleId=20
11-17 19:20:49.981 19045 19045 W CAM_Camera2CompatAdapterRole: Warning: getUltraTeleCameraId(): #init() failed, roleId=23
11-17 19:20:50.004  1085  2082 E CamX    : [ERROR][CSL    ] camxosutilslinux.cpp:753 MemMap() mmap() failed! errno=22, bufferFD=446, bufferLength=15728640 offset=0
11-17 19:20:50.004  1085  2082 E CamX    : [ERROR][CSL    ] camxcslhwinternal.cpp:3849 CSLHwAddBuffer() mmap() failed!
11-17 19:20:50.004  1085  2082 E CamX    : [ERROR][CSL    ] camxcslhw.cpp:2433 CSLMapBufferHW() CSLHwAddBuffer failed, result = 1
11-17 19:20:50.004  1085  2082 E CamX    : [ERROR][MEMMGR ] camximagebuffer.cpp:648 ImportGrallocBuffer() [Video4kEIS3PreviewEIS2_IPE_OutputPort_9][0xb4000079fbd8fed0] CSLMapNativeBuffer failed with CamxResultEFailed
11-17 19:20:50.004  1085  2082 E CamX    : [ERROR][MEMMGR ] camximagebuffer.cpp:1233 BindImportedBuffer() [Video4kEIS3PreviewEIS2_IPE_OutputPort_9][0xb4000079fbd8fed0] Failed in binding imported Gralloc buffer [0xb400007a2ba80f68], result=CamxResultEFailed
11-17 19:20:50.004  1085  2082 E CamX    : [ERROR][MEMMGR ] camximagebuffermanager.cpp:793 BindBufferManagerImageBuffer() [Video4kEIS3PreviewEIS2_IPE_OutputPort_9] Failed in binding imported buffer, result=CamxResultEFailed
11-17 19:20:50.004  1085  2082 E CamX    : [ERROR][CORE   ] camxnode.cpp:9493 BindInputOutputBuffers() Node::Video4kEIS3PreviewEIS2_IPE1 Output[0] Batch[0] : Failed in binding buffer to ImageBuffer, result=CamxResultEFailed
11-17 19:20:50.004  1085  2082 E CamX    : [ERROR][CORE   ] camxnode.cpp:1880 ProcessRequest() Node::Video4kEIS3PreviewEIS2_IPE1 Req[153] processSequenceId[1] Failed in Binding backing buffers to input, output ImageBuffers, result=CamxResultEFailed
11-17 19:20:50.004  1085  2082 E CamX    : [ERROR][DRQ    ] camxdeferredrequestqueue.cpp:985 UpdateDependency() Failure to update: property: 00000000 , fence: 00000000(00000000), request: 153...result willbe an error
11-17 19:20:50.004  1085  2082 E CamX    : [ERROR][CORE   ] camxnode.cpp:1941 ProcessRequest() An Error occured with RequestId 153 Sequence 1 for Node: Video4kEIS3PreviewEIS2_IPE1 inErrorState: 0 ExecuteProcessRequest returned with CamxResultEFailed.
11-17 19:20:50.004  1085  2082 E CamX    : [ERROR][CORE   ] camxdeferredrequestqueue.cpp:400 DeferredWorkerWrapper() DeferredWorker failed with result CamxResultEFailed
11-17 19:20:50.004  1085  1270 E CamX    : [ERROR][CORE   ] camxnode.cpp:4783 CSLFenceCallback() Node::Video4kEIS3PreviewEIS2_IPE1 : Type 65538 portId=9 Fence 86 signaled with failure 1 in node fence handler FOR 153
11-17 19:20:50.005  1085  2080 E CamX    : [ERROR][PPROC  ] camxipenode.cpp:10712 NotifyRequestProcessingError() Fence failure for output port 9 req 153 enableDump 0
11-17 19:20:50.005  1085  2080 E CamX    : [ERROR][DRQ    ] camxdeferredrequestqueue.cpp:985 UpdateDependency() Failure to update: property: ffffffff , fence: cb8cae30(00000056), request: 153...result willbe an error
11-17 19:20:50.005  1085  1270 E CamX    : [ERROR][CORE   ] camxnode.cpp:4783 CSLFenceCallback() Node::Video4kEIS3PreviewEIS2_ChiNodeWrapper2 : Type 255 portId=0 Fence 21 signaled with failure 1 in node fence handler FOR 153
11-17 19:20:50.006 19045 19045 W CAM_Camera2CompatAdapterRole: Warning: getAuxCameraId(): #init() failed, roleId=20
11-17 19:20:50.006 19045 19045 W CAM_Camera2CompatAdapterRole: Warning: getUltraTeleCameraId(): #init() failed, roleId=23
11-17 19:20:50.039  1085  2083 E CamX    : [ERROR][CSL    ] camxosutilslinux.cpp:753 MemMap() mmap() failed! errno=22, bufferFD=450, bufferLength=15728640 offset=0
11-17 19:20:50.039  1085  2083 E CamX    : [ERROR][CSL    ] camxcslhwinternal.cpp:3849 CSLHwAddBuffer() mmap() failed!
11-17 19:20:50.040  1085  2083 E CamX    : [ERROR][CSL    ] camxcslhw.cpp:2433 CSLMapBufferHW() CSLHwAddBuffer failed, result = 1
11-17 19:20:50.040  1085  2083 E CamX    : [ERROR][MEMMGR ] camximagebuffer.cpp:648 ImportGrallocBuffer() [Video4kEIS3PreviewEIS2_IPE_OutputPort_9][0xb4000079fbd90540] CSLMapNativeBuffer failed with CamxResultEFailed
11-17 19:20:50.040  1085  2083 E CamX    : [ERROR][MEMMGR ] camximagebuffer.cpp:1233 BindImportedBuffer() [Video4kEIS3PreviewEIS2_IPE_OutputPort_9][0xb4000079fbd90540] Failed in binding imported Gralloc buffer [0xb400007a2ba8e5e8], result=CamxResultEFailed
11-17 19:20:50.040  1085  2083 E CamX    : [ERROR][MEMMGR ] camximagebuffermanager.cpp:793 BindBufferManagerImageBuffer() [Video4kEIS3PreviewEIS2_IPE_OutputPort_9] Failed in binding imported buffer, result=CamxResultEFailed
11-17 19:20:50.040  1085  2083 E CamX    : [ERROR][CORE   ] camxnode.cpp:9493 BindInputOutputBuffers() Node::Video4kEIS3PreviewEIS2_IPE1 Output[0] Batch[0] : Failed in binding buffer to ImageBuffer, result=CamxResultEFailed
11-17 19:20:50.040  1085  2083 E CamX    : [ERROR][CORE   ] camxnode.cpp:1880 ProcessRequest() Node::Video4kEIS3PreviewEIS2_IPE1 Req[154] processSequenceId[1] Failed in Binding backing buffers to input, output ImageBuffers, result=CamxResultEFailed
11-17 19:20:50.040  1085  2083 E CamX    : [ERROR][DRQ    ] camxdeferredrequestqueue.cpp:985 UpdateDependency() Failure to update: property: 00000000 , fence: 00000000(00000000), request: 154...result willbe an error
11-17 19:20:50.040  1085  2083 E CamX    : [ERROR][CORE   ] camxnode.cpp:1941 ProcessRequest() An Error occured with RequestId 154 Sequence 1 for Node: Video4kEIS3PreviewEIS2_IPE1 inErrorState: 0 ExecuteProcessRequest returned with CamxResultEFailed.
11-17 19:20:50.040  1085  1270 E CamX    : [ERROR][CORE   ] camxnode.cpp:4783 CSLFenceCallback() Node::Video4kEIS3PreviewEIS2_IPE1 : Type 65538 portId=9 Fence 362 signaled with failure 1 in node fence handler FOR 154
11-17 19:20:50.040  1085  2083 E CamX    : [ERROR][CORE   ] camxdeferredrequestqueue.cpp:400 DeferredWorkerWrapper() DeferredWorker failed with result CamxResultEFailed
11-17 19:20:50.040  1085  2083 E CamX    : [ERROR][PPROC  ] camxipenode.cpp:10712 NotifyRequestProcessingError() Fence failure for output port 9 req 154 enableDump 0
11-17 19:20:50.040  1085  2083 E CamX    : [ERROR][DRQ    ] camxdeferredrequestqueue.cpp:985 UpdateDependency() Failure to update: property: ffffffff , fence: cb8cae90(0000016a), request: 154...result willbe an error
11-17 19:20:50.040  1085  1270 E CamX    : [ERROR][CORE   ] camxnode.cpp:4783 CSLFenceCallback() Node::Video4kEIS3PreviewEIS2_ChiNodeWrapper2 : Type 255 portId=0 Fence 338 signaled with failure 1 in node fence handler FOR 154
11-17 19:20:50.044 19045 19045 W CAM_Camera2CompatAdapterRole: Warning: getAuxCameraId(): #init() failed, roleId=20
11-17 19:20:50.044 19045 19045 W CAM_Camera2CompatAdapterRole: Warning: getUltraTeleCameraId(): #init() failed, roleId=23
11-17 19:20:50.073  1085  2086 E CamX    : [ERROR][CSL    ] camxosutilslinux.cpp:753 MemMap() mmap() failed! errno=22, bufferFD=454, bufferLength=15728640 offset=0
11-17 19:20:50.073  1085  2086 E CamX    : [ERROR][CSL    ] camxcslhwinternal.cpp:3849 CSLHwAddBuffer() mmap() failed!
11-17 19:20:50.073  1085  2086 E CamX    : [ERROR][CSL    ] camxcslhw.cpp:2433 CSLMapBufferHW() CSLHwAddBuffer failed, result = 1
11-17 19:20:50.073  1085  2086 E CamX    : [ERROR][MEMMGR ] camximagebuffer.cpp:648 ImportGrallocBuffer() [Video4kEIS3PreviewEIS2_IPE_OutputPort_9][0xb4000079fbd9d340] CSLMapNativeBuffer failed with CamxResultEFailed
11-17 19:20:50.073  1085  2086 E CamX    : [ERROR][MEMMGR ] camximagebuffer.cpp:1233 BindImportedBuffer() [Video4kEIS3PreviewEIS2_IPE_OutputPort_9][0xb4000079fbd9d340] Failed in binding imported Gralloc buffer [0xb400007a2ba64078], result=CamxResultEFailed
11-17 19:20:50.073  1085  2086 E CamX    : [ERROR][MEMMGR ] camximagebuffermanager.cpp:793 BindBufferManagerImageBuffer() [Video4kEIS3PreviewEIS2_IPE_OutputPort_9] Failed in binding imported buffer, result=CamxResultEFailed
11-17 19:20:50.073  1085  2086 E CamX    : [ERROR][CORE   ] camxnode.cpp:9493 BindInputOutputBuffers() Node::Video4kEIS3PreviewEIS2_IPE1 Output[0] Batch[0] : Failed in binding buffer to ImageBuffer, result=CamxResultEFailed
11-17 19:20:50.073  1085  2086 E CamX    : [ERROR][CORE   ] camxnode.cpp:1880 ProcessRequest() Node::Video4kEIS3PreviewEIS2_IPE1 Req[155] processSequenceId[1] Failed in Binding backing buffers to input, output ImageBuffers, result=CamxResultEFailed
11-17 19:20:50.073  1085  2086 E CamX    : [ERROR][DRQ    ] camxdeferredrequestqueue.cpp:985 UpdateDependency() Failure to update: property: 00000000 , fence: 00000000(00000000), request: 155...result willbe an error
11-17 19:20:50.073  1085  2086 E CamX    : [ERROR][CORE   ] camxnode.cpp:1941 ProcessRequest() An Error occured with RequestId 155 Sequence 1 for Node: Video4kEIS3PreviewEIS2_IPE1 inErrorState: 0 ExecuteProcessRequest returned with CamxResultEFailed.
11-17 19:20:50.073  1085  1270 E CamX    : [ERROR][CORE   ] camxnode.cpp:4783 CSLFenceCallback() Node::Video4kEIS3PreviewEIS2_IPE1 : Type 65538 portId=9 Fence 380 signaled with failure 1 in node fence handler FOR 155
11-17 19:20:50.073  1085  2086 E CamX    : [ERROR][CORE   ] camxdeferredrequestqueue.cpp:400 DeferredWorkerWrapper() DeferredWorker failed with result CamxResultEFailed
11-17 19:20:50.073  1085  2086 E CamX    : [ERROR][PPROC  ] camxipenode.cpp:10712 NotifyRequestProcessingError() Fence failure for output port 9 req 155 enableDump 0
11-17 19:20:50.074  1085  2086 E CamX    : [ERROR][DRQ    ] camxdeferredrequestqueue.cpp:985 UpdateDependency() Failure to update: property: ffffffff , fence: cb8caef0(0000017c), request: 155...result willbe an error
11-17 19:20:50.074  1085  1270 E CamX    : [ERROR][CORE   ] camxnode.cpp:4783 CSLFenceCallback() Node::Video4kEIS3PreviewEIS2_ChiNodeWrapper2 : Type 255 portId=0 Fence 383 signaled with failure 1 in node fence handler FOR 155
11-17 19:20:50.080 19045 19045 W CAM_Camera2CompatAdapterRole: Warning: getAuxCameraId(): #init() failed, roleId=20
11-17 19:20:50.080 19045 19045 W CAM_Camera2CompatAdapterRole: Warning: getUltraTeleCameraId(): #init() failed, roleId=23
11-17 19:20:50.105  1085  2082 E CamX    : [ERROR][CSL    ] camxosutilslinux.cpp:753 MemMap() mmap() failed! errno=22, bufferFD=458, bufferLength=15728640 offset=0
11-17 19:20:50.105  1085  2082 E CamX    : [ERROR][CSL    ] camxcslhwinternal.cpp:3849 CSLHwAddBuffer() mmap() failed!
11-17 19:20:50.106  1085  2082 E CamX    : [ERROR][CSL    ] camxcslhw.cpp:2433 CSLMapBufferHW() CSLHwAddBuffer failed, result = 1
11-17 19:20:50.106  1085  2082 E CamX    : [ERROR][MEMMGR ] camximagebuffer.cpp:648 ImportGrallocBuffer() [Video4kEIS3PreviewEIS2_IPE_OutputPort_9][0xb4000079fbd674a0] CSLMapNativeBuffer failed with CamxResultEFailed
11-17 19:20:50.106  1085  2082 E CamX    : [ERROR][MEMMGR ] camximagebuffer.cpp:1233 BindImportedBuffer() [Video4kEIS3PreviewEIS2_IPE_OutputPort_9][0xb4000079fbd674a0] Failed in binding imported Gralloc buffer [0xb400007a2ba8d088], result=CamxResultEFailed
11-17 19:20:50.106  1085  2082 E CamX    : [ERROR][MEMMGR ] camximagebuffermanager.cpp:793 BindBufferManagerImageBuffer() [Video4kEIS3PreviewEIS2_IPE_OutputPort_9] Failed in binding imported buffer, result=CamxResultEFailed
11-17 19:20:50.106  1085  2082 E CamX    : [ERROR][CORE   ] camxnode.cpp:9493 BindInputOutputBuffers() Node::Video4kEIS3PreviewEIS2_IPE1 Output[0] Batch[0] : Failed in binding buffer to ImageBuffer, result=CamxResultEFailed
11-17 19:20:50.106  1085  2082 E CamX    : [ERROR][CORE   ] camxnode.cpp:1880 ProcessRequest() Node::Video4kEIS3PreviewEIS2_IPE1 Req[156] processSequenceId[1] Failed in Binding backing buffers to input, output ImageBuffers, result=CamxResultEFailed
11-17 19:20:50.106  1085  2082 E CamX    : [ERROR][DRQ    ] camxdeferredrequestqueue.cpp:985 UpdateDependency() Failure to update: property: 00000000 , fence: 00000000(00000000), request: 156...result willbe an error
11-17 19:20:50.106  1085  2082 E CamX    : [ERROR][CORE   ] camxnode.cpp:1941 ProcessRequest() An Error occured with RequestId 156 Sequence 1 for Node: Video4kEIS3PreviewEIS2_IPE1 inErrorState: 0 ExecuteProcessRequest returned with CamxResultEFailed.
11-17 19:20:50.106  1085  2082 E CamX    : [ERROR][CORE   ] camxdeferredrequestqueue.cpp:400 DeferredWorkerWrapper() DeferredWorker failed with result CamxResultEFailed
11-17 19:20:50.106  1085  1270 E CamX    : [ERROR][CORE   ] camxnode.cpp:4783 CSLFenceCallback() Node::Video4kEIS3PreviewEIS2_IPE1 : Type 65538 portId=9 Fence 389 signaled with failure 1 in node fence handler FOR 156
11-17 19:20:50.106  1085  2085 E CamX    : [ERROR][PPROC  ] camxipenode.cpp:10712 NotifyRequestProcessingError() Fence failure for output port 9 req 156 enableDump 0
11-17 19:20:50.106  1085  2085 E CamX    : [ERROR][DRQ    ] camxdeferredrequestqueue.cpp:985 UpdateDependency() Failure to update: property: ffffffff , fence: cb8caf50(00000185), request: 156...result willbe an error
11-17 19:20:50.106  1085  1270 E CamX    : [ERROR][CORE   ] camxnode.cpp:4783 CSLFenceCallback() Node::Video4kEIS3PreviewEIS2_ChiNodeWrapper2 : Type 255 portId=0 Fence 401 signaled with failure 1 in node fence handler FOR 156
11-17 19:20:50.111 19045 19045 W CAM_Camera2CompatAdapterRole: Warning: getAuxCameraId(): #init() failed, roleId=20
11-17 19:20:50.111 19045 19045 W CAM_Camera2CompatAdapterRole: Warning: getUltraTeleCameraId(): #init() failed, roleId=23
11-17 19:20:50.138  1085  2077 E CamX    : [ERROR][CSL    ] camxosutilslinux.cpp:753 MemMap() mmap() failed! errno=22, bufferFD=462, bufferLength=15728640 offset=0
11-17 19:20:50.138  1085  2077 E CamX    : [ERROR][CSL    ] camxcslhwinternal.cpp:3849 CSLHwAddBuffer() mmap() failed!
11-17 19:20:50.139  1085  2077 E CamX    : [ERROR][CSL    ] camxcslhw.cpp:2433 CSLMapBufferHW() CSLHwAddBuffer failed, result = 1
11-17 19:20:50.139  1085  2077 E CamX    : [ERROR][MEMMGR ] camximagebuffer.cpp:648 ImportGrallocBuffer() [Video4kEIS3PreviewEIS2_IPE_OutputPort_9][0xb4000079fbc0ee20] CSLMapNativeBuffer failed with CamxResultEFailed
11-17 19:20:50.139  1085  2077 E CamX    : [ERROR][MEMMGR ] camximagebuffer.cpp:1233 BindImportedBuffer() [Video4kEIS3PreviewEIS2_IPE_OutputPort_9][0xb4000079fbc0ee20] Failed in binding imported Gralloc buffer [0xb400007a2ba71ab8], result=CamxResultEFailed
11-17 19:20:50.139  1085  2077 E CamX    : [ERROR][MEMMGR ] camximagebuffermanager.cpp:793 BindBufferManagerImageBuffer() [Video4kEIS3PreviewEIS2_IPE_OutputPort_9] Failed in binding imported buffer, result=CamxResultEFailed
11-17 19:20:50.139  1085  2077 E CamX    : [ERROR][CORE   ] camxnode.cpp:9493 BindInputOutputBuffers() Node::Video4kEIS3PreviewEIS2_IPE1 Output[0] Batch[0] : Failed in binding buffer to ImageBuffer, result=CamxResultEFailed
11-17 19:20:50.139  1085  2077 E CamX    : [ERROR][CORE   ] camxnode.cpp:1880 ProcessRequest() Node::Video4kEIS3PreviewEIS2_IPE1 Req[157] processSequenceId[1] Failed in Binding backing buffers to input, output ImageBuffers, result=CamxResultEFailed
11-17 19:20:50.139  1085  2077 E CamX    : [ERROR][DRQ    ] camxdeferredrequestqueue.cpp:985 UpdateDependency() Failure to update: property: 00000000 , fence: 00000000(00000000), request: 157...result willbe an error
11-17 19:20:50.139  1085  2077 E CamX    : [ERROR][CORE   ] camxnode.cpp:1941 ProcessRequest() An Error occured with RequestId 157 Sequence 1 for Node: Video4kEIS3PreviewEIS2_IPE1 inErrorState: 0 ExecuteProcessRequest returned with CamxResultEFailed.
11-17 19:20:50.139  1085  2077 E CamX    : [ERROR][CORE   ] camxdeferredrequestqueue.cpp:400 DeferredWorkerWrapper() DeferredWorker failed with result CamxResultEFailed
11-17 19:20:50.139  1085  1270 E CamX    : [ERROR][CORE   ] camxnode.cpp:4783 CSLFenceCallback() Node::Video4kEIS3PreviewEIS2_IPE1 : Type 65538 portId=9 Fence 398 signaled with failure 1 in node fence handler FOR 157
11-17 19:20:50.139  1085  2086 E CamX    : [ERROR][PPROC  ] camxipenode.cpp:10712 NotifyRequestProcessingError() Fence failure for output port 9 req 157 enableDump 0
11-17 19:20:50.140  1085  2086 E CamX    : [ERROR][DRQ    ] camxdeferredrequestqueue.cpp:985 UpdateDependency() Failure to update: property: ffffffff , fence: cb8cafb0(0000018e), request: 157...result willbe an error
11-17 19:20:50.140  1085  1270 E CamX    : [ERROR][CORE   ] camxnode.cpp:4783 CSLFenceCallback() Node::Video4kEIS3PreviewEIS2_ChiNodeWrapper2 : Type 255 portId=0 Fence 360 signaled with failure 1 in node fence handler FOR 157
11-17 19:20:50.157 19045 19045 W CAM_Camera2CompatAdapterRole: Warning: getAuxCameraId(): #init() failed, roleId=20
11-17 19:20:50.157 19045 19045 W CAM_Camera2CompatAdapterRole: Warning: getUltraTeleCameraId(): #init() failed, roleId=23
11-17 19:20:50.171  1085  2084 E CamX    : [ERROR][CSL    ] camxosutilslinux.cpp:753 MemMap() mmap() failed! errno=22, bufferFD=466, bufferLength=15728640 offset=0
11-17 19:20:50.171  1085  2084 E CamX    : [ERROR][CSL    ] camxcslhwinternal.cpp:3849 CSLHwAddBuffer() mmap() failed!
11-17 19:20:50.171  1085  2084 E CamX    : [ERROR][CSL    ] camxcslhw.cpp:2433 CSLMapBufferHW() CSLHwAddBuffer failed, result = 1
11-17 19:20:50.171  1085  2084 E CamX    : [ERROR][MEMMGR ] camximagebuffer.cpp:648 ImportGrallocBuffer() [Video4kEIS3PreviewEIS2_IPE_OutputPort_9][0xb4000079fbc11b30] CSLMapNativeBuffer failed with CamxResultEFailed
11-17 19:20:50.171  1085  2084 E CamX    : [ERROR][MEMMGR ] camximagebuffer.cpp:1233 BindImportedBuffer() [Video4kEIS3PreviewEIS2_IPE_OutputPort_9][0xb4000079fbc11b30] Failed in binding imported Gralloc buffer [0xb400007a2ba953f8], result=CamxResultEFailed
11-17 19:20:50.171  1085  2084 E CamX    : [ERROR][MEMMGR ] camximagebuffermanager.cpp:793 BindBufferManagerImageBuffer() [Video4kEIS3PreviewEIS2_IPE_OutputPort_9] Failed in binding imported buffer, result=CamxResultEFailed
11-17 19:20:50.171  1085  2084 E CamX    : [ERROR][CORE   ] camxnode.cpp:9493 BindInputOutputBuffers() Node::Video4kEIS3PreviewEIS2_IPE1 Output[0] Batch[0] : Failed in binding buffer to ImageBuffer, result=CamxResultEFailed
11-17 19:20:50.171  1085  2084 E CamX    : [ERROR][CORE   ] camxnode.cpp:1880 ProcessRequest() Node::Video4kEIS3PreviewEIS2_IPE1 Req[158] processSequenceId[1] Failed in Binding backing buffers to input, output ImageBuffers, result=CamxResultEFailed
11-17 19:20:50.171  1085  2084 E CamX    : [ERROR][DRQ    ] camxdeferredrequestqueue.cpp:985 UpdateDependency() Failure to update: property: 00000000 , fence: 00000000(00000000), request: 158...result willbe an error
11-17 19:20:50.171  1085  1270 E CamX    : [ERROR][CORE   ] camxnode.cpp:4783 CSLFenceCallback() Node::Video4kEIS3PreviewEIS2_IPE1 : Type 65538 portId=9 Fence 318 signaled with failure 1 in node fence handler FOR 158
11-17 19:20:50.171  1085  2084 E CamX    : [ERROR][CORE   ] camxnode.cpp:1941 ProcessRequest() An Error occured with RequestId 158 Sequence 1 for Node: Video4kEIS3PreviewEIS2_IPE1 inErrorState: 0 ExecuteProcessRequest returned with CamxResultEFailed.
11-17 19:20:50.171  1085  2084 E CamX    : [ERROR][CORE   ] camxdeferredrequestqueue.cpp:400 DeferredWorkerWrapper() DeferredWorker failed with result CamxResultEFailed
11-17 19:20:50.171  1085  2077 E CamX    : [ERROR][PPROC  ] camxipenode.cpp:10712 NotifyRequestProcessingError() Fence failure for output port 9 req 158 enableDump 0
11-17 19:20:50.171  1085  2077 E CamX    : [ERROR][DRQ    ] camxdeferredrequestqueue.cpp:985 UpdateDependency() Failure to update: property: ffffffff , fence: cb8cb010(0000013e), request: 158...result willbe an error
11-17 19:20:50.172  1085  1270 E CamX    : [ERROR][CORE   ] camxnode.cpp:4783 CSLFenceCallback() Node::Video4kEIS3PreviewEIS2_ChiNodeWrapper2 : Type 255 portId=0 Fence 312 signaled with failure 1 in node fence handler FOR 158
11-17 19:20:50.172 19045 19045 W CAM_Camera2CompatAdapterRole: Warning: getAuxCameraId(): #init() failed, roleId=20
11-17 19:20:50.172 19045 19045 W CAM_Camera2CompatAdapterRole: Warning: getUltraTeleCameraId(): #init() failed, roleId=23
11-17 19:20:50.206  1085  2080 E CamX    : [ERROR][CSL    ] camxosutilslinux.cpp:753 MemMap() mmap() failed! errno=22, bufferFD=314, bufferLength=15728640 offset=0
11-17 19:20:50.206  1085  2080 E CamX    : [ERROR][CSL    ] camxcslhwinternal.cpp:3849 CSLHwAddBuffer() mmap() failed!
11-17 19:20:50.207  1085  2080 E CamX    : [ERROR][CSL    ] camxcslhw.cpp:2433 CSLMapBufferHW() CSLHwAddBuffer failed, result = 1
11-17 19:20:50.207  1085  2080 E CamX    : [ERROR][MEMMGR ] camximagebuffer.cpp:648 ImportGrallocBuffer() [Video4kEIS3PreviewEIS2_IPE_OutputPort_9][0xb4000079fbc06d60] CSLMapNativeBuffer failed with CamxResultEFailed
11-17 19:20:50.207  1085  2080 E CamX    : [ERROR][MEMMGR ] camximagebuffer.cpp:1233 BindImportedBuffer() [Video4kEIS3PreviewEIS2_IPE_OutputPort_9][0xb4000079fbc06d60] Failed in binding imported Gralloc buffer [0xb400007a2ba5a568], result=CamxResultEFailed
11-17 19:20:50.207  1085  2080 E CamX    : [ERROR][MEMMGR ] camximagebuffermanager.cpp:793 BindBufferManagerImageBuffer() [Video4kEIS3PreviewEIS2_IPE_OutputPort_9] Failed in binding imported buffer, result=CamxResultEFailed
11-17 19:20:50.207  1085  2080 E CamX    : [ERROR][CORE   ] camxnode.cpp:9493 BindInputOutputBuffers() Node::Video4kEIS3PreviewEIS2_IPE1 Output[0] Batch[0] : Failed in binding buffer to ImageBuffer, result=CamxResultEFailed
11-17 19:20:50.207  1085  2080 E CamX    : [ERROR][CORE   ] camxnode.cpp:1880 ProcessRequest() Node::Video4kEIS3PreviewEIS2_IPE1 Req[159] processSequenceId[1] Failed in Binding backing buffers to input, output ImageBuffers, result=CamxResultEFailed
11-17 19:20:50.207  1085  2080 E CamX    : [ERROR][DRQ    ] camxdeferredrequestqueue.cpp:985 UpdateDependency() Failure to update: property: 00000000 , fence: 00000000(00000000), request: 159...result willbe an error
11-17 19:20:50.207  1085  2080 E CamX    : [ERROR][CORE   ] camxnode.cpp:1941 ProcessRequest() An Error occured with RequestId 159 Sequence 1 for Node: Video4kEIS3PreviewEIS2_IPE1 inErrorState: 0 ExecuteProcessRequest returned with CamxResultEFailed.
11-17 19:20:50.207  1085  2080 E CamX    : [ERROR][CORE   ] camxdeferredrequestqueue.cpp:400 DeferredWorkerWrapper() DeferredWorker failed with result CamxResultEFailed
11-17 19:20:50.207  1085  1270 E CamX    : [ERROR][CORE   ] camxnode.cpp:4783 CSLFenceCallback() Node::Video4kEIS3PreviewEIS2_IPE1 : Type 65538 portId=9 Fence 403 signaled with failure 1 in node fence handler FOR 159
11-17 19:20:50.208  1085  2078 E CamX    : [ERROR][PPROC  ] camxipenode.cpp:10712 NotifyRequestProcessingError() Fence failure for output port 9 req 159 enableDump 0
11-17 19:20:50.208  1085  2078 E CamX    : [ERROR][DRQ    ] camxdeferredrequestqueue.cpp:985 UpdateDependency() Failure to update: property: ffffffff , fence: cb8cb070(00000193), request: 159...result willbe an error
11-17 19:20:50.208  1085  1270 E CamX    : [ERROR][CORE   ] camxnode.cpp:4783 CSLFenceCallback() Node::Video4kEIS3PreviewEIS2_ChiNodeWrapper2 : Type 255 portId=0 Fence 402 signaled with failure 1 in node fence handler FOR 159
11-17 19:20:50.212 19045 19045 W CAM_Camera2CompatAdapterRole: Warning: getAuxCameraId(): #init() failed, roleId=20
11-17 19:20:50.212 19045 19045 W CAM_Camera2CompatAdapterRole: Warning: getUltraTeleCameraId(): #init() failed, roleId=23
11-17 19:20:50.239  1085  2077 E CamX    : [ERROR][CSL    ] camxosutilslinux.cpp:753 MemMap() mmap() failed! errno=22, bufferFD=316, bufferLength=15728640 offset=0
11-17 19:20:50.239  1085  2077 E CamX    : [ERROR][CSL    ] camxcslhwinternal.cpp:3849 CSLHwAddBuffer() mmap() failed!
11-17 19:20:50.239  1085  2077 E CamX    : [ERROR][CSL    ] camxcslhw.cpp:2433 CSLMapBufferHW() CSLHwAddBuffer failed, result = 1
11-17 19:20:50.239  1085  2077 E CamX    : [ERROR][MEMMGR ] camximagebuffer.cpp:648 ImportGrallocBuffer() [Video4kEIS3PreviewEIS2_IPE_OutputPort_9][0xb4000079fbc080b0] CSLMapNativeBuffer failed with CamxResultEFailed
11-17 19:20:50.239  1085  2077 E CamX    : [ERROR][MEMMGR ] camximagebuffer.cpp:1233 BindImportedBuffer() [Video4kEIS3PreviewEIS2_IPE_OutputPort_9][0xb4000079fbc080b0] Failed in binding imported Gralloc buffer [0xb400007a2ba73e58], result=CamxResultEFailed
11-17 19:20:50.239  1085  2077 E CamX    : [ERROR][MEMMGR ] camximagebuffermanager.cpp:793 BindBufferManagerImageBuffer() [Video4kEIS3PreviewEIS2_IPE_OutputPort_9] Failed in binding imported buffer, result=CamxResultEFailed
11-17 19:20:50.239  1085  2077 E CamX    : [ERROR][CORE   ] camxnode.cpp:9493 BindInputOutputBuffers() Node::Video4kEIS3PreviewEIS2_IPE1 Output[0] Batch[0] : Failed in binding buffer to ImageBuffer, result=CamxResultEFailed
11-17 19:20:50.239  1085  2077 E CamX    : [ERROR][CORE   ] camxnode.cpp:1880 ProcessRequest() Node::Video4kEIS3PreviewEIS2_IPE1 Req[160] processSequenceId[1] Failed in Binding backing buffers to input, output ImageBuffers, result=CamxResultEFailed
11-17 19:20:50.239  1085  2077 E CamX    : [ERROR][DRQ    ] camxdeferredrequestqueue.cpp:985 UpdateDependency() Failure to update: property: 00000000 , fence: 00000000(00000000), request: 160...result willbe an error
11-17 19:20:50.240  1085  2077 E CamX    : [ERROR][CORE   ] camxnode.cpp:1941 ProcessRequest() An Error occured with RequestId 160 Sequence 1 for Node: Video4kEIS3PreviewEIS2_IPE1 inErrorState: 0 ExecuteProcessRequest returned with CamxResultEFailed.
11-17 19:20:50.240  1085  2077 E CamX    : [ERROR][CORE   ] camxdeferredrequestqueue.cpp:400 DeferredWorkerWrapper() DeferredWorker failed with result CamxResultEFailed
11-17 19:20:50.240  1085  1270 E CamX    : [ERROR][CORE   ] camxnode.cpp:4783 CSLFenceCallback() Node::Video4kEIS3PreviewEIS2_IPE1 : Type 65538 portId=9 Fence 339 signaled with failure 1 in node fence handler FOR 160
11-17 19:20:50.240  1085  2082 E CamX    : [ERROR][PPROC  ] camxipenode.cpp:10712 NotifyRequestProcessingError() Fence failure for output port 9 req 160 enableDump 0
11-17 19:20:50.240  1085  2082 E CamX    : [ERROR][DRQ    ] camxdeferredrequestqueue.cpp:985 UpdateDependency() Failure to update: property: ffffffff , fence: cb8ca1d0(00000153), request: 160...result willbe an error
11-17 19:20:50.241  1085  1270 E CamX    : [ERROR][CORE   ] camxnode.cpp:4783 CSLFenceCallback() Node::Video4kEIS3PreviewEIS2_ChiNodeWrapper2 : Type 255 portId=0 Fence 337 signaled with failure 1 in node fence handler FOR 160
11-17 19:20:50.247 19045 19045 W CAM_Camera2CompatAdapterRole: Warning: getAuxCameraId(): #init() failed, roleId=20
11-17 19:20:50.247 19045 19045 W CAM_Camera2CompatAdapterRole: Warning: getUltraTeleCameraId(): #init() failed, roleId=23
11-17 19:20:50.271  1085  2080 E CamX    : [ERROR][CSL    ] camxosutilslinux.cpp:753 MemMap() mmap() failed! errno=22, bufferFD=-5476376622896512677, bufferLength=15728640 offset=0
11-17 19:20:50.271  1085  2080 E CamX    : [ERROR][CSL    ] camxcslhwinternal.cpp:3849 CSLHwAddBuffer() mmap() failed!
11-17 19:20:50.271  1085  2080 E CamX    : [ERROR][CSL    ] camxcslhw.cpp:2433 CSLMapBufferHW() CSLHwAddBuffer failed, result = 1
11-17 19:20:50.272  1085  2080 E CamX    : [ERROR][MEMMGR ] camximagebuffer.cpp:648 ImportGrallocBuffer() [Video4kEIS3PreviewEIS2_IPE_OutputPort_9][0xb4000079fbc073d0] CSLMapNativeBuffer failed with CamxResultEFailed
11-17 19:20:50.272  1085  2080 E CamX    : [ERROR][MEMMGR ] camximagebuffer.cpp:1233 BindImportedBuffer() [Video4kEIS3PreviewEIS2_IPE_OutputPort_9][0xb4000079fbc073d0] Failed in binding imported Gralloc buffer [0xb400007a2ba789b8], result=CamxResultEFailed
11-17 19:20:50.272  1085  2080 E CamX    : [ERROR][MEMMGR ] camximagebuffermanager.cpp:793 BindBufferManagerImageBuffer() [Video4kEIS3PreviewEIS2_IPE_OutputPort_9] Failed in binding imported buffer, result=CamxResultEFailed
11-17 19:20:50.272  1085  2080 E CamX    : [ERROR][CORE   ] camxnode.cpp:9493 BindInputOutputBuffers() Node::Video4kEIS3PreviewEIS2_IPE1 Output[0] Batch[0] : Failed in binding buffer to ImageBuffer, result=CamxResultEFailed
11-17 19:20:50.272  1085  2080 E CamX    : [ERROR][CORE   ] camxnode.cpp:1880 ProcessRequest() Node::Video4kEIS3PreviewEIS2_IPE1 Req[161] processSequenceId[1] Failed in Binding backing buffers to input, output ImageBuffers, result=CamxResultEFailed
11-17 19:20:50.272  1085  2080 E CamX    : [ERROR][DRQ    ] camxdeferredrequestqueue.cpp:985 UpdateDependency() Failure to update: property: 00000000 , fence: 00000000(00000000), request: 161...result willbe an error
11-17 19:20:50.272  1085  1270 E CamX    : [ERROR][CORE   ] camxnode.cpp:4783 CSLFenceCallback() Node::Video4kEIS3PreviewEIS2_IPE1 : Type 65538 portId=9 Fence 385 signaled with failure 1 in node fence handler FOR 161
11-17 19:20:50.272  1085  2080 E CamX    : [ERROR][CORE   ] camxnode.cpp:1941 ProcessRequest() An Error occured with RequestId 161 Sequence 1 for Node: Video4kEIS3PreviewEIS2_IPE1 inErrorState: 0 ExecuteProcessRequest returned with CamxResultEFailed.
11-17 19:20:50.272  1085  2080 E CamX    : [ERROR][CORE   ] camxdeferredrequestqueue.cpp:400 DeferredWorkerWrapper() DeferredWorker failed with result CamxResultEFailed
11-17 19:20:50.272  1085  2080 E CamX    : [ERROR][PPROC  ] camxipenode.cpp:10712 NotifyRequestProcessingError() Fence failure for output port 9 req 161 enableDump 0
11-17 19:20:50.272  1085  2080 E CamX    : [ERROR][DRQ    ] camxdeferredrequestqueue.cpp:985 UpdateDependency() Failure to update: property: ffffffff , fence: cb8ca230(00000181), request: 161...result willbe an error
11-17 19:20:50.272  1085  1270 E CamX    : [ERROR][CORE   ] camxnode.cpp:4783 CSLFenceCallback() Node::Video4kEIS3PreviewEIS2_ChiNodeWrapper2 : Type 255 portId=0 Fence 378 signaled with failure 1 in node fence handler FOR 161
11-17 19:20:50.277 19045 19045 W CAM_Camera2CompatAdapterRole: Warning: getAuxCameraId(): #init() failed, roleId=20
11-17 19:20:50.277 19045 19045 W CAM_Camera2CompatAdapterRole: Warning: getUltraTeleCameraId(): #init() failed, roleId=23
11-17 19:20:50.308  1085  2086 E CamX    : [ERROR][CSL    ] camxosutilslinux.cpp:753 MemMap() mmap() failed! errno=22, bufferFD=349, bufferLength=15728640 offset=0
11-17 19:20:50.308  1085  2086 E CamX    : [ERROR][CSL    ] camxcslhwinternal.cpp:3849 CSLHwAddBuffer() mmap() failed!
11-17 19:20:50.308  1085  2086 E CamX    : [ERROR][CSL    ] camxcslhw.cpp:2433 CSLMapBufferHW() CSLHwAddBuffer failed, result = 1
11-17 19:20:50.308  1085  2086 E CamX    : [ERROR][MEMMGR ] camximagebuffer.cpp:648 ImportGrallocBuffer() [Video4kEIS3PreviewEIS2_IPE_OutputPort_9][0xb4000079fbbe7db0] CSLMapNativeBuffer failed with CamxResultEFailed
11-17 19:20:50.308  1085  2086 E CamX    : [ERROR][MEMMGR ] camximagebuffer.cpp:1233 BindImportedBuffer() [Video4kEIS3PreviewEIS2_IPE_OutputPort_9][0xb4000079fbbe7db0] Failed in binding imported Gralloc buffer [0xb400007a2b98e5f8], result=CamxResultEFailed
11-17 19:20:50.308  1085  2086 E CamX    : [ERROR][MEMMGR ] camximagebuffermanager.cpp:793 BindBufferManagerImageBuffer() [Video4kEIS3PreviewEIS2_IPE_OutputPort_9] Failed in binding imported buffer, result=CamxResultEFailed
11-17 19:20:50.308  1085  2086 E CamX    : [ERROR][CORE   ] camxnode.cpp:9493 BindInputOutputBuffers() Node::Video4kEIS3PreviewEIS2_IPE1 Output[0] Batch[0] : Failed in binding buffer to ImageBuffer, result=CamxResultEFailed
11-17 19:20:50.308  1085  2086 E CamX    : [ERROR][CORE   ] camxnode.cpp:1880 ProcessRequest() Node::Video4kEIS3PreviewEIS2_IPE1 Req[162] processSequenceId[1] Failed in Binding backing buffers to input, output ImageBuffers, result=CamxResultEFailed
11-17 19:20:50.308  1085  2086 E CamX    : [ERROR][DRQ    ] camxdeferredrequestqueue.cpp:985 UpdateDependency() Failure to update: property: 00000000 , fence: 00000000(00000000), request: 162...result willbe an error
11-17 19:20:50.308  1085  2086 E CamX    : [ERROR][CORE   ] camxnode.cpp:1941 ProcessRequest() An Error occured with RequestId 162 Sequence 1 for Node: Video4kEIS3PreviewEIS2_IPE1 inErrorState: 0 ExecuteProcessRequest returned with CamxResultEFailed.
11-17 19:20:50.308  1085  2086 E CamX    : [ERROR][CORE   ] camxdeferredrequestqueue.cpp:400 DeferredWorkerWrapper() DeferredWorker failed with result CamxResultEFailed
11-17 19:20:50.308  1085  1270 E CamX    : [ERROR][CORE   ] camxnode.cpp:4783 CSLFenceCallback() Node::Video4kEIS3PreviewEIS2_IPE1 : Type 65538 portId=9 Fence 101 signaled with failure 1 in node fence handler FOR 162
11-17 19:20:50.308  1085  2083 E CamX    : [ERROR][PPROC  ] camxipenode.cpp:10712 NotifyRequestProcessingError() Fence failure for output port 9 req 162 enableDump 0
11-17 19:20:50.309  1085  2083 E CamX    : [ERROR][DRQ    ] camxdeferredrequestqueue.cpp:985 UpdateDependency() Failure to update: property: ffffffff , fence: cb8ca290(00000065), request: 162...result willbe an error
11-17 19:20:50.309  1085  1270 E CamX    : [ERROR][CORE   ] camxnode.cpp:4783 CSLFenceCallback() Node::Video4kEIS3PreviewEIS2_ChiNodeWrapper2 : Type 255 portId=0 Fence 405 signaled with failure 1 in node fence handler FOR 162
11-17 19:20:50.310 19045 19045 W CAM_Camera2CompatAdapterRole: Warning: getAuxCameraId(): #init() failed, roleId=20
11-17 19:20:50.311 19045 19045 W CAM_Camera2CompatAdapterRole: Warning: getUltraTeleCameraId(): #init() failed, roleId=23
11-17 19:20:50.340  1085  2083 E CamX    : [ERROR][CSL    ] camxosutilslinux.cpp:753 MemMap() mmap() failed! errno=22, bufferFD=-5476376622896512673, bufferLength=15728640 offset=0
11-17 19:20:50.340  1085  2083 E CamX    : [ERROR][CSL    ] camxcslhwinternal.cpp:3849 CSLHwAddBuffer() mmap() failed!
11-17 19:20:50.340  1085  2083 E CamX    : [ERROR][CSL    ] camxcslhw.cpp:2433 CSLMapBufferHW() CSLHwAddBuffer failed, result = 1
11-17 19:20:50.340  1085  2083 E CamX    : [ERROR][MEMMGR ] camximagebuffer.cpp:648 ImportGrallocBuffer() [Video4kEIS3PreviewEIS2_IPE_OutputPort_9][0xb4000079fbd74f80] CSLMapNativeBuffer failed with CamxResultEFailed
11-17 19:20:50.340  1085  2083 E CamX    : [ERROR][MEMMGR ] camximagebuffer.cpp:1233 BindImportedBuffer() [Video4kEIS3PreviewEIS2_IPE_OutputPort_9][0xb4000079fbd74f80] Failed in binding imported Gralloc buffer [0xb400007a2ba89e48], result=CamxResultEFailed
11-17 19:20:50.340  1085  2083 E CamX    : [ERROR][MEMMGR ] camximagebuffermanager.cpp:793 BindBufferManagerImageBuffer() [Video4kEIS3PreviewEIS2_IPE_OutputPort_9] Failed in binding imported buffer, result=CamxResultEFailed
11-17 19:20:50.340  1085  2083 E CamX    : [ERROR][CORE   ] camxnode.cpp:9493 BindInputOutputBuffers() Node::Video4kEIS3PreviewEIS2_IPE1 Output[0] Batch[0] : Failed in binding buffer to ImageBuffer, result=CamxResultEFailed
11-17 19:20:50.340  1085  2083 E CamX    : [ERROR][CORE   ] camxnode.cpp:1880 ProcessRequest() Node::Video4kEIS3PreviewEIS2_IPE1 Req[163] processSequenceId[1] Failed in Binding backing buffers to input, output ImageBuffers, result=CamxResultEFailed
11-17 19:20:50.340  1085  2083 E CamX    : [ERROR][DRQ    ] camxdeferredrequestqueue.cpp:985 UpdateDependency() Failure to update: property: 00000000 , fence: 00000000(00000000), request: 163...result willbe an error
11-17 19:20:50.340  1085  2083 E CamX    : [ERROR][CORE   ] camxnode.cpp:1941 ProcessRequest() An Error occured with RequestId 163 Sequence 1 for Node: Video4kEIS3PreviewEIS2_IPE1 inErrorState: 0 ExecuteProcessRequest returned with CamxResultEFailed.
11-17 19:20:50.340  1085  2083 E CamX    : [ERROR][CORE   ] camxdeferredrequestqueue.cpp:400 DeferredWorkerWrapper() DeferredWorker failed with result CamxResultEFailed
11-17 19:20:50.340  1085  1270 E CamX    : [ERROR][CORE   ] camxnode.cpp:4783 CSLFenceCallback() Node::Video4kEIS3PreviewEIS2_IPE1 : Type 65538 portId=9 Fence 256 signaled with failure 1 in node fence handler FOR 163
11-17 19:20:50.341  1085  2086 E CamX    : [ERROR][PPROC  ] camxipenode.cpp:10712 NotifyRequestProcessingError() Fence failure for output port 9 req 163 enableDump 0
11-17 19:20:50.341  1085  2086 E CamX    : [ERROR][DRQ    ] camxdeferredrequestqueue.cpp:985 UpdateDependency() Failure to update: property: ffffffff , fence: cb8ca2f0(00000100), request: 163...result willbe an error
11-17 19:20:50.341  1085  1270 E CamX    : [ERROR][CORE   ] camxnode.cpp:4783 CSLFenceCallback() Node::Video4kEIS3PreviewEIS2_ChiNodeWrapper2 : Type 255 portId=0 Fence 255 signaled with failure 1 in node fence handler FOR 163
11-17 19:20:50.343 19045 19045 W CAM_Camera2CompatAdapterRole: Warning: getAuxCameraId(): #init() failed, roleId=20
11-17 19:20:50.343 19045 19045 W CAM_Camera2CompatAdapterRole: Warning: getUltraTeleCameraId(): #init() failed, roleId=23
11-17 19:20:50.373  1085  2080 E CamX    : [ERROR][CSL    ] camxosutilslinux.cpp:753 MemMap() mmap() failed! errno=22, bufferFD=353, bufferLength=15728640 offset=0
11-17 19:20:50.373  1085  2080 E CamX    : [ERROR][CSL    ] camxcslhwinternal.cpp:3849 CSLHwAddBuffer() mmap() failed!
11-17 19:20:50.373  1085  2080 E CamX    : [ERROR][CSL    ] camxcslhw.cpp:2433 CSLMapBufferHW() CSLHwAddBuffer failed, result = 1
11-17 19:20:50.373  1085  2080 E CamX    : [ERROR][MEMMGR ] camximagebuffer.cpp:648 ImportGrallocBuffer() [Video4kEIS3PreviewEIS2_IPE_OutputPort_9][0xb4000079fbd8ab20] CSLMapNativeBuffer failed with CamxResultEFailed
11-17 19:20:50.373  1085  2080 E CamX    : [ERROR][MEMMGR ] camximagebuffer.cpp:1233 BindImportedBuffer() [Video4kEIS3PreviewEIS2_IPE_OutputPort_9][0xb4000079fbd8ab20] Failed in binding imported Gralloc buffer [0xb400007a2ba8cff8], result=CamxResultEFailed
11-17 19:20:50.373  1085  2080 E CamX    : [ERROR][MEMMGR ] camximagebuffermanager.cpp:793 BindBufferManagerImageBuffer() [Video4kEIS3PreviewEIS2_IPE_OutputPort_9] Failed in binding imported buffer, result=CamxResultEFailed
11-17 19:20:50.373  1085  2080 E CamX    : [ERROR][CORE   ] camxnode.cpp:9493 BindInputOutputBuffers() Node::Video4kEIS3PreviewEIS2_IPE1 Output[0] Batch[0] : Failed in binding buffer to ImageBuffer, result=CamxResultEFailed
11-17 19:20:50.373  1085  2080 E CamX    : [ERROR][CORE   ] camxnode.cpp:1880 ProcessRequest() Node::Video4kEIS3PreviewEIS2_IPE1 Req[164] processSequenceId[1] Failed in Binding backing buffers to input, output ImageBuffers, result=CamxResultEFailed
11-17 19:20:50.373  1085  2080 E CamX    : [ERROR][DRQ    ] camxdeferredrequestqueue.cpp:985 UpdateDependency() Failure to update: property: 00000000 , fence: 00000000(00000000), request: 164...result willbe an error
11-17 19:20:50.373  1085  2080 E CamX    : [ERROR][CORE   ] camxnode.cpp:1941 ProcessRequest() An Error occured with RequestId 164 Sequence 1 for Node: Video4kEIS3PreviewEIS2_IPE1 inErrorState: 0 ExecuteProcessRequest returned with CamxResultEFailed.
11-17 19:20:50.373  1085  2080 E CamX    : [ERROR][CORE   ] camxdeferredrequestqueue.cpp:400 DeferredWorkerWrapper() DeferredWorker failed with result CamxResultEFailed
11-17 19:20:50.373  1085  1270 E CamX    : [ERROR][CORE   ] camxnode.cpp:4783 CSLFenceCallback() Node::Video4kEIS3PreviewEIS2_IPE1 : Type 65538 portId=9 Fence 311 signaled with failure 1 in node fence handler FOR 164
11-17 19:20:50.373  1085  2078 E CamX    : [ERROR][PPROC  ] camxipenode.cpp:10712 NotifyRequestProcessingError() Fence failure for output port 9 req 164 enableDump 0
11-17 19:20:50.373  1085  2078 E CamX    : [ERROR][DRQ    ] camxdeferredrequestqueue.cpp:985 UpdateDependency() Failure to update: property: ffffffff , fence: cb8ca350(00000137), request: 164...result willbe an error
11-17 19:20:50.374  1085  1270 E CamX    : [ERROR][CORE   ] camxnode.cpp:4783 CSLFenceCallback() Node::Video4kEIS3PreviewEIS2_ChiNodeWrapper2 : Type 255 portId=0 Fence 15 signaled with failure 1 in node fence handler FOR 164
11-17 19:20:50.382 19045 19045 W CAM_Camera2CompatAdapterRole: Warning: getAuxCameraId(): #init() failed, roleId=20
11-17 19:20:50.382 19045 19045 W CAM_Camera2CompatAdapterRole: Warning: getUltraTeleCameraId(): #init() failed, roleId=23
11-17 19:20:50.406  1085  2077 E CamX    : [ERROR][CSL    ] camxosutilslinux.cpp:753 MemMap() mmap() failed! errno=22, bufferFD=-5476376622896512669, bufferLength=15728640 offset=0
11-17 19:20:50.406  1085  2077 E CamX    : [ERROR][CSL    ] camxcslhwinternal.cpp:3849 CSLHwAddBuffer() mmap() failed!
11-17 19:20:50.407  1085  2077 E CamX    : [ERROR][CSL    ] camxcslhw.cpp:2433 CSLMapBufferHW() CSLHwAddBuffer failed, result = 1
11-17 19:20:50.407  1085  2077 E CamX    : [ERROR][MEMMGR ] camximagebuffer.cpp:648 ImportGrallocBuffer() [Video4kEIS3PreviewEIS2_IPE_OutputPort_9][0xb4000079fbd897d0] CSLMapNativeBuffer failed with CamxResultEFailed
11-17 19:20:50.407  1085  2077 E CamX    : [ERROR][MEMMGR ] camximagebuffer.cpp:1233 BindImportedBuffer() [Video4kEIS3PreviewEIS2_IPE_OutputPort_9][0xb4000079fbd897d0] Failed in binding imported Gralloc buffer [0xb400007a2ba8def8], result=CamxResultEFailed
11-17 19:20:50.407  1085  2077 E CamX    : [ERROR][MEMMGR ] camximagebuffermanager.cpp:793 BindBufferManagerImageBuffer() [Video4kEIS3PreviewEIS2_IPE_OutputPort_9] Failed in binding imported buffer, result=CamxResultEFailed
11-17 19:20:50.407  1085  2077 E CamX    : [ERROR][CORE   ] camxnode.cpp:9493 BindInputOutputBuffers() Node::Video4kEIS3PreviewEIS2_IPE1 Output[0] Batch[0] : Failed in binding buffer to ImageBuffer, result=CamxResultEFailed
11-17 19:20:50.407  1085  2077 E CamX    : [ERROR][CORE   ] camxnode.cpp:1880 ProcessRequest() Node::Video4kEIS3PreviewEIS2_IPE1 Req[165] processSequenceId[1] Failed in Binding backing buffers to input, output ImageBuffers, result=CamxResultEFailed
11-17 19:20:50.407  1085  2077 E CamX    : [ERROR][DRQ    ] camxdeferredrequestqueue.cpp:985 UpdateDependency() Failure to update: property: 00000000 , fence: 00000000(00000000), request: 165...result willbe an error
11-17 19:20:50.407  1085  1270 E CamX    : [ERROR][CORE   ] camxnode.cpp:4783 CSLFenceCallback() Node::Video4kEIS3PreviewEIS2_IPE1 : Type 65538 portId=9 Fence 42 signaled with failure 1 in node fence handler FOR 165
11-17 19:20:50.407  1085  2077 E CamX    : [ERROR][CORE   ] camxnode.cpp:1941 ProcessRequest() An Error occured with RequestId 165 Sequence 1 for Node: Video4kEIS3PreviewEIS2_IPE1 inErrorState: 0 ExecuteProcessRequest returned with CamxResultEFailed.
11-17 19:20:50.407  1085  2077 E CamX    : [ERROR][CORE   ] camxdeferredrequestqueue.cpp:400 DeferredWorkerWrapper() DeferredWorker failed with result CamxResultEFailed
11-17 19:20:50.407  1085  2077 E CamX    : [ERROR][PPROC  ] camxipenode.cpp:10712 NotifyRequestProcessingError() Fence failure for output port 9 req 165 enableDump 0
11-17 19:20:50.407  1085  2077 E CamX    : [ERROR][DRQ    ] camxdeferredrequestqueue.cpp:985 UpdateDependency() Failure to update: property: ffffffff , fence: cb8ca3b0(0000002a), request: 165...result willbe an error
11-17 19:20:50.409 19045 19045 W CAM_Camera2CompatAdapterRole: Warning: getAuxCameraId(): #init() failed, roleId=20
11-17 19:20:50.409 19045 19045 W CAM_Camera2CompatAdapterRole: Warning: getUltraTeleCameraId(): #init() failed, roleId=23
11-17 19:20:50.410  1085  1270 E CamX    : [ERROR][CORE   ] camxnode.cpp:4783 CSLFenceCallback() Node::Video4kEIS3PreviewEIS2_ChiNodeWrapper2 : Type 255 portId=0 Fence 396 signaled with failure 1 in node fence handler FOR 165
11-17 19:20:50.440  1085  2084 E CamX    : [ERROR][CSL    ] camxosutilslinux.cpp:753 MemMap() mmap() failed! errno=22, bufferFD=357, bufferLength=15728640 offset=0
11-17 19:20:50.440  1085  2084 E CamX    : [ERROR][CSL    ] camxcslhwinternal.cpp:3849 CSLHwAddBuffer() mmap() failed!
11-17 19:20:50.441  1085  2084 E CamX    : [ERROR][CSL    ] camxcslhw.cpp:2433 CSLMapBufferHW() CSLHwAddBuffer failed, result = 1
11-17 19:20:50.441  1085  2084 E CamX    : [ERROR][MEMMGR ] camximagebuffer.cpp:648 ImportGrallocBuffer() [Video4kEIS3PreviewEIS2_IPE_OutputPort_9][0xb4000079fbd64120] CSLMapNativeBuffer failed with CamxResultEFailed
11-17 19:20:50.441  1085  2084 E CamX    : [ERROR][MEMMGR ] camximagebuffer.cpp:1233 BindImportedBuffer() [Video4kEIS3PreviewEIS2_IPE_OutputPort_9][0xb4000079fbd64120] Failed in binding imported Gralloc buffer [0xb400007a2ba7fee8], result=CamxResultEFailed
11-17 19:20:50.441  1085  2084 E CamX    : [ERROR][MEMMGR ] camximagebuffermanager.cpp:793 BindBufferManagerImageBuffer() [Video4kEIS3PreviewEIS2_IPE_OutputPort_9] Failed in binding imported buffer, result=CamxResultEFailed
11-17 19:20:50.441  1085  2084 E CamX    : [ERROR][CORE   ] camxnode.cpp:9493 BindInputOutputBuffers() Node::Video4kEIS3PreviewEIS2_IPE1 Output[0] Batch[0] : Failed in binding buffer to ImageBuffer, result=CamxResultEFailed
11-17 19:20:50.441  1085  2084 E CamX    : [ERROR][CORE   ] camxnode.cpp:1880 ProcessRequest() Node::Video4kEIS3PreviewEIS2_IPE1 Req[166] processSequenceId[1] Failed in Binding backing buffers to input, output ImageBuffers, result=CamxResultEFailed
11-17 19:20:50.441  1085  2084 E CamX    : [ERROR][DRQ    ] camxdeferredrequestqueue.cpp:985 UpdateDependency() Failure to update: property: 00000000 , fence: 00000000(00000000), request: 166...result willbe an error
11-17 19:20:50.441  1085  2084 E CamX    : [ERROR][CORE   ] camxnode.cpp:1941 ProcessRequest() An Error occured with RequestId 166 Sequence 1 for Node: Video4kEIS3PreviewEIS2_IPE1 inErrorState: 0 ExecuteProcessRequest returned with CamxResultEFailed.
11-17 19:20:50.441  1085  2084 E CamX    : [ERROR][CORE   ] camxdeferredrequestqueue.cpp:400 DeferredWorkerWrapper() DeferredWorker failed with result CamxResultEFailed
