11-17 19:20:49.140  1085  2080 E CamX    : [ERROR][MEMMGR ] camximagebuffermanager.cpp:793 BindBufferManagerImageBuffer() [Video4kEIS3PreviewEIS2_IPE_OutputPort_9] Failed in binding imported buffer, result=CamxResultEFailed
11-17 19:20:49.140  1085  2080 E CamX    : [ERROR][CORE   ] camxnode.cpp:9493 BindInputOutputBuffers() Node::Video4kEIS3PreviewEIS2_IPE1 Output[0] Batch[0] : Failed in binding buffer to ImageBuffer, result=CamxResultEFailed
11-17 19:20:49.140  1085  2080 E CamX    : [ERROR][CORE   ] camxnode.cpp:1880 ProcessRequest() Node::Video4kEIS3PreviewEIS2_IPE1 Req[127] processSequenceId[1] Failed in Binding backing buffers to input, output ImageBuffers, result=CamxResultEFailed
11-17 19:20:49.140  1085  2080 E CamX    : [ERROR][DRQ    ] camxdeferredrequestqueue.cpp:985 UpdateDependency() Failure to update: property: 00000000 , fence: 00000000(00000000), request: 127...result willbe an error
11-17 19:20:49.140  1085  2080 E CamX    : [ERROR][CORE   ] camxnode.cpp:1941 ProcessRequest() An Error occured with RequestId 127 Sequence 1 for Node: Video4kEIS3PreviewEIS2_IPE1 inErrorState: 0 ExecuteProcessRequest returned with CamxResultEFailed.
11-17 19:20:49.140  1085  2080 E CamX    : [ERROR][CORE   ] camxdeferredrequestqueue.cpp:400 DeferredWorkerWrapper() DeferredWorker failed with result CamxResultEFailed
11-17 19:20:49.140  1085  1270 E CamX    : [ERROR][CORE   ] camxnode.cpp:4783 CSLFenceCallback() Node::Video4kEIS3PreviewEIS2_IPE1 : Type 65538 portId=9 Fence 84 signaled with failure 1 in node fence handler FOR 127
11-17 19:20:49.140  1085  2084 E CamX    : [ERROR][PPROC  ] camxipenode.cpp:10712 NotifyRequestProcessingError() Fence failure for output port 9 req 127 enableDump 0
11-17 19:20:49.140  1085  2084 E CamX    : [ERROR][DRQ    ] camxdeferredrequestqueue.cpp:985 UpdateDependency() Failure to update: property: ffffffff , fence: cb8ca470(00000054), request: 127...result willbe an error
11-17 19:20:49.141  1085  1270 E CamX    : [ERROR][CORE   ] camxnode.cpp:4783 CSLFenceCallback() Node::Video4kEIS3PreviewEIS2_ChiNodeWrapper2 : Type 255 portId=0 Fence 2 signaled with failure 1 in node fence handler FOR 127
11-17 19:20:49.143  1085  2086 E CamX    : [ERROR][MEMMGR ] camximagebuffer.cpp:532 Import() [Video4kEIS3PreviewEIS2_com.mi.node.mimovie_OutputPort_0][0xb4000079fbd4f260] Failed in importing Gralloc Buffer type=0, BufferHandle=0xb400007a2b98e5f8, offset=0, size=15728640, flags=0x8, deviceCount=0, WxH 3840x2160, format 3
11-17 19:20:49.143  1085  2086 E CamX    : [ERROR][CORE   ] camxnode.cpp:3052 SetupRequestOutputPorts() Import failed
11-17 19:20:49.143  1085  2086 E CamX    : [ERROR][MEMMGR ] camximagebuffer.cpp:532 Import() [Video4kEIS3PreviewEIS2_IPE_OutputPort_9][0xb4000079fbbe7db0] Failed in importing Gralloc Buffer type=0, BufferHandle=0xb400007a2b98e5f8, offset=0, size=15728640, flags=0x809, deviceCount=1, WxH 3840x2160, format 3
11-17 19:20:49.143  1085  2086 E CamX    : [ERROR][CORE   ] camxnode.cpp:3052 SetupRequestOutputPorts() Import failed
11-17 19:20:49.147 19045 19045 W CAM_Camera2CompatAdapterRole: Warning: getAuxCameraId(): #init() failed, roleId=20
11-17 19:20:49.147 19045 19045 W CAM_Camera2CompatAdapterRole: Warning: getUltraTeleCameraId(): #init() failed, roleId=23
11-17 19:20:49.179  1085  2083 E CamX    : [ERROR][CSL    ] camxosutilslinux.cpp:753 MemMap() mmap() failed! errno=22, bufferFD=353, bufferLength=15728640 offset=0
11-17 19:20:49.180  1085  2083 E CamX    : [ERROR][CSL    ] camxcslhwinternal.cpp:3849 CSLHwAddBuffer() mmap() failed!
11-17 19:20:49.180  1085  2083 E CamX    : [ERROR][CSL    ] camxcslhw.cpp:2433 CSLMapBufferHW() CSLHwAddBuffer failed, result = 1
11-17 19:20:49.180  1085  2083 E CamX    : [ERROR][MEMMGR ] camximagebuffer.cpp:648 ImportGrallocBuffer() [Video4kEIS3PreviewEIS2_IPE_OutputPort_9][0xb4000079fbd74f80] CSLMapNativeBuffer failed with CamxResultEFailed
11-17 19:20:49.180  1085  2083 E CamX    : [ERROR][MEMMGR ] camximagebuffer.cpp:1233 BindImportedBuffer() [Video4kEIS3PreviewEIS2_IPE_OutputPort_9][0xb4000079fbd74f80] Failed in binding imported Gralloc buffer [0xb400007a2ba8cff8], result=CamxResultEFailed
11-17 19:20:49.180  1085  2083 E CamX    : [ERROR][MEMMGR ] camximagebuffermanager.cpp:793 BindBufferManagerImageBuffer() [Video4kEIS3PreviewEIS2_IPE_OutputPort_9] Failed in binding imported buffer, result=CamxResultEFailed
11-17 19:20:49.180  1085  2083 E CamX    : [ERROR][CORE   ] camxnode.cpp:9493 BindInputOutputBuffers() Node::Video4kEIS3PreviewEIS2_IPE1 Output[0] Batch[0] : Failed in binding buffer to ImageBuffer, result=CamxResultEFailed
11-17 19:20:49.180  1085  2083 E CamX    : [ERROR][CORE   ] camxnode.cpp:1880 ProcessRequest() Node::Video4kEIS3PreviewEIS2_IPE1 Req[128] processSequenceId[1] Failed in Binding backing buffers to input, output ImageBuffers, result=CamxResultEFailed
11-17 19:20:49.180  1085  1270 E CamX    : [ERROR][CORE   ] camxnode.cpp:4783 CSLFenceCallback() Node::Video4kEIS3PreviewEIS2_IPE1 : Type 65538 portId=9 Fence 37 signaled with failure 1 in node fence handler FOR 128
11-17 19:20:49.180  1085  2083 E CamX    : [ERROR][DRQ    ] camxdeferredrequestqueue.cpp:985 UpdateDependency() Failure to update: property: 00000000 , fence: 00000000(00000000), request: 128...result willbe an error
11-17 19:20:49.180  1085  2083 E CamX    : [ERROR][CORE   ] camxnode.cpp:1941 ProcessRequest() An Error occured with RequestId 128 Sequence 1 for Node: Video4kEIS3PreviewEIS2_IPE1 inErrorState: 0 ExecuteProcessRequest returned with CamxResultEFailed.
11-17 19:20:49.180  1085  2083 E CamX    : [ERROR][CORE   ] camxdeferredrequestqueue.cpp:400 DeferredWorkerWrapper() DeferredWorker failed with result CamxResultEFailed
11-17 19:20:49.180  1085  2086 E CamX    : [ERROR][PPROC  ] camxipenode.cpp:10712 NotifyRequestProcessingError() Fence failure for output port 9 req 128 enableDump 0
11-17 19:20:49.180  1085  2086 E CamX    : [ERROR][DRQ    ] camxdeferredrequestqueue.cpp:985 UpdateDependency() Failure to update: property: ffffffff , fence: cb8ca4d0(00000025), request: 128...result willbe an error
11-17 19:20:49.181  1085  1270 E CamX    : [ERROR][CORE   ] camxnode.cpp:4783 CSLFenceCallback() Node::Video4kEIS3PreviewEIS2_ChiNodeWrapper2 : Type 255 portId=0 Fence 10 signaled with failure 1 in node fence handler FOR 128
11-17 19:20:49.182 19045 19045 W CAM_Camera2CompatAdapterRole: Warning: getAuxCameraId(): #init() failed, roleId=20
11-17 19:20:49.182 19045 19045 W CAM_Camera2CompatAdapterRole: Warning: getUltraTeleCameraId(): #init() failed, roleId=23
11-17 19:20:49.184  1085  2078 E CamX    : [ERROR][MEMMGR ] camximagebuffer.cpp:532 Import() [Video4kEIS3PreviewEIS2_com.mi.node.mimovie_OutputPort_0][0xb4000079fbbea450] Failed in importing Gralloc Buffer type=0, BufferHandle=0xb400007a2ba89e48, offset=0, size=15728640, flags=0x8, deviceCount=0, WxH 3840x2160, format 3
11-17 19:20:49.184  1085  2078 E CamX    : [ERROR][CORE   ] camxnode.cpp:3052 SetupRequestOutputPorts() Import failed
11-17 19:20:49.184  1085  2078 E CamX    : [ERROR][MEMMGR ] camximagebuffer.cpp:532 Import() [Video4kEIS3PreviewEIS2_IPE_OutputPort_9][0xb4000079fbd74f80] Failed in importing Gralloc Buffer type=0, BufferHandle=0xb400007a2ba89e48, offset=0, size=15728640, flags=0x809, deviceCount=1, WxH 3840x2160, format 3
11-17 19:20:49.184  1085  2078 E CamX    : [ERROR][CORE   ] camxnode.cpp:3052 SetupRequestOutputPorts() Import failed
11-17 19:20:49.210  1085  2083 E CamX    : [ERROR][CSL    ] camxosutilslinux.cpp:753 MemMap() mmap() failed! errno=22, bufferFD=-5476376622896512669, bufferLength=15728640 offset=0
11-17 19:20:49.210  1085  2083 E CamX    : [ERROR][CSL    ] camxcslhwinternal.cpp:3849 CSLHwAddBuffer() mmap() failed!
11-17 19:20:49.210  1085  2083 E CamX    : [ERROR][CSL    ] camxcslhw.cpp:2433 CSLMapBufferHW() CSLHwAddBuffer failed, result = 1
11-17 19:20:49.210  1085  2083 E CamX    : [ERROR][MEMMGR ] camximagebuffer.cpp:648 ImportGrallocBuffer() [Video4kEIS3PreviewEIS2_IPE_OutputPort_9][0xb4000079fbd8ab20] CSLMapNativeBuffer failed with CamxResultEFailed
11-17 19:20:49.210  1085  2083 E CamX    : [ERROR][MEMMGR ] camximagebuffer.cpp:1233 BindImportedBuffer() [Video4kEIS3PreviewEIS2_IPE_OutputPort_9][0xb4000079fbd8ab20] Failed in binding imported Gralloc buffer [0xb400007a2ba8def8], result=CamxResultEFailed
11-17 19:20:49.210  1085  2083 E CamX    : [ERROR][MEMMGR ] camximagebuffermanager.cpp:793 BindBufferManagerImageBuffer() [Video4kEIS3PreviewEIS2_IPE_OutputPort_9] Failed in binding imported buffer, result=CamxResultEFailed
11-17 19:20:49.210  1085  2083 E CamX    : [ERROR][CORE   ] camxnode.cpp:9493 BindInputOutputBuffers() Node::Video4kEIS3PreviewEIS2_IPE1 Output[0] Batch[0] : Failed in binding buffer to ImageBuffer, result=CamxResultEFailed
11-17 19:20:49.210  1085  2083 E CamX    : [ERROR][CORE   ] camxnode.cpp:1880 ProcessRequest() Node::Video4kEIS3PreviewEIS2_IPE1 Req[129] processSequenceId[1] Failed in Binding backing buffers to input, output ImageBuffers, result=CamxResultEFailed
11-17 19:20:49.210  1085  2083 E CamX    : [ERROR][DRQ    ] camxdeferredrequestqueue.cpp:985 UpdateDependency() Failure to update: property: 00000000 , fence: 00000000(00000000), request: 129...result willbe an error
11-17 19:20:49.210  1085  2083 E CamX    : [ERROR][CORE   ] camxnode.cpp:1941 ProcessRequest() An Error occured with RequestId 129 Sequence 1 for Node: Video4kEIS3PreviewEIS2_IPE1 inErrorState: 0 ExecuteProcessRequest returned with CamxResultEFailed.
11-17 19:20:49.211  1085  2083 E CamX    : [ERROR][CORE   ] camxdeferredrequestqueue.cpp:400 DeferredWorkerWrapper() DeferredWorker failed with result CamxResultEFailed
11-17 19:20:49.211  1085  1270 E CamX    : [ERROR][CORE   ] camxnode.cpp:4783 CSLFenceCallback() Node::Video4kEIS3PreviewEIS2_IPE1 : Type 65538 portId=9 Fence 181 signaled with failure 1 in node fence handler FOR 129
11-17 19:20:49.211  1085  2086 E CamX    : [ERROR][PPROC  ] camxipenode.cpp:10712 NotifyRequestProcessingError() Fence failure for output port 9 req 129 enableDump 0
11-17 19:20:49.211  1085  2086 E CamX    : [ERROR][DRQ    ] camxdeferredrequestqueue.cpp:985 UpdateDependency() Failure to update: property: ffffffff , fence: cb8ca530(000000b5), request: 129...result willbe an error
11-17 19:20:49.211  1085  1270 E CamX    : [ERROR][CORE   ] camxnode.cpp:4783 CSLFenceCallback() Node::Video4kEIS3PreviewEIS2_ChiNodeWrapper2 : Type 255 portId=0 Fence 395 signaled with failure 1 in node fence handler FOR 129
11-17 19:20:49.215 19045 19045 W CAM_Camera2CompatAdapterRole: Warning: getAuxCameraId(): #init() failed, roleId=20
11-17 19:20:49.215 19045 19045 W CAM_Camera2CompatAdapterRole: Warning: getUltraTeleCameraId(): #init() failed, roleId=23
11-17 19:20:49.216  1085  2080 E CamX    : [ERROR][MEMMGR ] camximagebuffer.cpp:532 Import() [Video4kEIS3PreviewEIS2_com.mi.node.mimovie_OutputPort_0][0xb4000079fbd42460] Failed in importing Gralloc Buffer type=0, BufferHandle=0xb400007a2ba8cff8, offset=0, size=15728640, flags=0x8, deviceCount=0, WxH 3840x2160, format 3
11-17 19:20:49.216  1085  2080 E CamX    : [ERROR][CORE   ] camxnode.cpp:3052 SetupRequestOutputPorts() Import failed
11-17 19:20:49.216  1085  2080 E CamX    : [ERROR][MEMMGR ] camximagebuffer.cpp:532 Import() [Video4kEIS3PreviewEIS2_IPE_OutputPort_9][0xb4000079fbd8ab20] Failed in importing Gralloc Buffer type=0, BufferHandle=0xb400007a2ba8cff8, offset=0, size=15728640, flags=0x809, deviceCount=1, WxH 3840x2160, format 3
11-17 19:20:49.216  1085  2080 E CamX    : [ERROR][CORE   ] camxnode.cpp:3052 SetupRequestOutputPorts() Import failed
11-17 19:20:49.240  1085  2086 E CamX    : [ERROR][CSL    ] camxosutilslinux.cpp:753 MemMap() mmap() failed! errno=22, bufferFD=357, bufferLength=15728640 offset=0
11-17 19:20:49.240  1085  2086 E CamX    : [ERROR][CSL    ] camxcslhwinternal.cpp:3849 CSLHwAddBuffer() mmap() failed!
11-17 19:20:49.240  1085  2086 E CamX    : [ERROR][CSL    ] camxcslhw.cpp:2433 CSLMapBufferHW() CSLHwAddBuffer failed, result = 1
11-17 19:20:49.240  1085  2086 E CamX    : [ERROR][MEMMGR ] camximagebuffer.cpp:648 ImportGrallocBuffer() [Video4kEIS3PreviewEIS2_IPE_OutputPort_9][0xb4000079fbd897d0] CSLMapNativeBuffer failed with CamxResultEFailed
11-17 19:20:49.240  1085  2086 E CamX    : [ERROR][MEMMGR ] camximagebuffer.cpp:1233 BindImportedBuffer() [Video4kEIS3PreviewEIS2_IPE_OutputPort_9][0xb4000079fbd897d0] Failed in binding imported Gralloc buffer [0xb400007a2ba7fee8], result=CamxResultEFailed
11-17 19:20:49.240  1085  2086 E CamX    : [ERROR][MEMMGR ] camximagebuffermanager.cpp:793 BindBufferManagerImageBuffer() [Video4kEIS3PreviewEIS2_IPE_OutputPort_9] Failed in binding imported buffer, result=CamxResultEFailed
11-17 19:20:49.240  1085  2086 E CamX    : [ERROR][CORE   ] camxnode.cpp:9493 BindInputOutputBuffers() Node::Video4kEIS3PreviewEIS2_IPE1 Output[0] Batch[0] : Failed in binding buffer to ImageBuffer, result=CamxResultEFailed
11-17 19:20:49.240  1085  2086 E CamX    : [ERROR][CORE   ] camxnode.cpp:1880 ProcessRequest() Node::Video4kEIS3PreviewEIS2_IPE1 Req[130] processSequenceId[1] Failed in Binding backing buffers to input, output ImageBuffers, result=CamxResultEFailed
11-17 19:20:49.240  1085  2086 E CamX    : [ERROR][DRQ    ] camxdeferredrequestqueue.cpp:985 UpdateDependency() Failure to update: property: 00000000 , fence: 00000000(00000000), request: 130...result willbe an error
11-17 19:20:49.240  1085  2086 E CamX    : [ERROR][CORE   ] camxnode.cpp:1941 ProcessRequest() An Error occured with RequestId 130 Sequence 1 for Node: Video4kEIS3PreviewEIS2_IPE1 inErrorState: 0 ExecuteProcessRequest returned with CamxResultEFailed.
11-17 19:20:49.240  1085  2086 E CamX    : [ERROR][CORE   ] camxdeferredrequestqueue.cpp:400 DeferredWorkerWrapper() DeferredWorker failed with result CamxResultEFailed
11-17 19:20:49.240  1085  1270 E CamX    : [ERROR][CORE   ] camxnode.cpp:4783 CSLFenceCallback() Node::Video4kEIS3PreviewEIS2_IPE1 : Type 65538 portId=9 Fence 183 signaled with failure 1 in node fence handler FOR 130
11-17 19:20:49.240  1085  2080 E CamX    : [ERROR][PPROC  ] camxipenode.cpp:10712 NotifyRequestProcessingError() Fence failure for output port 9 req 130 enableDump 0
11-17 19:20:49.240  1085  2080 E CamX    : [ERROR][DRQ    ] camxdeferredrequestqueue.cpp:985 UpdateDependency() Failure to update: property: ffffffff , fence: cb8ca590(000000b7), request: 130...result willbe an error
11-17 19:20:49.241  1085  1270 E CamX    : [ERROR][CORE   ] camxnode.cpp:4783 CSLFenceCallback() Node::Video4kEIS3PreviewEIS2_ChiNodeWrapper2 : Type 255 portId=0 Fence 313 signaled with failure 1 in node fence handler FOR 130
11-17 19:20:49.243  1085  2086 E CamX    : [ERROR][MEMMGR ] camximagebuffer.cpp:532 Import() [Video4kEIS3PreviewEIS2_com.mi.node.mimovie_OutputPort_0][0xb4000079fbd7b010] Failed in importing Gralloc Buffer type=0, BufferHandle=0xb400007a2ba8def8, offset=0, size=15728640, flags=0x8, deviceCount=0, WxH 3840x2160, format 3
11-17 19:20:49.243  1085  2086 E CamX    : [ERROR][CORE   ] camxnode.cpp:3052 SetupRequestOutputPorts() Import failed
11-17 19:20:49.243  1085  2086 E CamX    : [ERROR][MEMMGR ] camximagebuffer.cpp:532 Import() [Video4kEIS3PreviewEIS2_IPE_OutputPort_9][0xb4000079fbd897d0] Failed in importing Gralloc Buffer type=0, BufferHandle=0xb400007a2ba8def8, offset=0, size=15728640, flags=0x809, deviceCount=1, WxH 3840x2160, format 3
11-17 19:20:49.243  1085  2086 E CamX    : [ERROR][CORE   ] camxnode.cpp:3052 SetupRequestOutputPorts() Import failed
11-17 19:20:49.247 19045 19045 W CAM_Camera2CompatAdapterRole: Warning: getAuxCameraId(): #init() failed, roleId=20
11-17 19:20:49.247 19045 19045 W CAM_Camera2CompatAdapterRole: Warning: getUltraTeleCameraId(): #init() failed, roleId=23
11-17 19:20:49.273  1085  2086 E CamX    : [ERROR][CSL    ] camxosutilslinux.cpp:753 MemMap() mmap() failed! errno=22, bufferFD=359, bufferLength=15728640 offset=0
11-17 19:20:49.273  1085  2086 E CamX    : [ERROR][CSL    ] camxcslhwinternal.cpp:3849 CSLHwAddBuffer() mmap() failed!
11-17 19:20:49.274  1085  2086 E CamX    : [ERROR][CSL    ] camxcslhw.cpp:2433 CSLMapBufferHW() CSLHwAddBuffer failed, result = 1
11-17 19:20:49.274  1085  2086 E CamX    : [ERROR][MEMMGR ] camximagebuffer.cpp:648 ImportGrallocBuffer() [Video4kEIS3PreviewEIS2_IPE_OutputPort_9][0xb4000079fbd64120] CSLMapNativeBuffer failed with CamxResultEFailed
11-17 19:20:49.274  1085  2086 E CamX    : [ERROR][MEMMGR ] camximagebuffer.cpp:1233 BindImportedBuffer() [Video4kEIS3PreviewEIS2_IPE_OutputPort_9][0xb4000079fbd64120] Failed in binding imported Gralloc buffer [0xb400007a2ba8b948], result=CamxResultEFailed
11-17 19:20:49.274  1085  2086 E CamX    : [ERROR][MEMMGR ] camximagebuffermanager.cpp:793 BindBufferManagerImageBuffer() [Video4kEIS3PreviewEIS2_IPE_OutputPort_9] Failed in binding imported buffer, result=CamxResultEFailed
11-17 19:20:49.274  1085  2086 E CamX    : [ERROR][CORE   ] camxnode.cpp:9493 BindInputOutputBuffers() Node::Video4kEIS3PreviewEIS2_IPE1 Output[0] Batch[0] : Failed in binding buffer to ImageBuffer, result=CamxResultEFailed
11-17 19:20:49.274  1085  2086 E CamX    : [ERROR][CORE   ] camxnode.cpp:1880 ProcessRequest() Node::Video4kEIS3PreviewEIS2_IPE1 Req[131] processSequenceId[1] Failed in Binding backing buffers to input, output ImageBuffers, result=CamxResultEFailed
11-17 19:20:49.274  1085  1270 E CamX    : [ERROR][CORE   ] camxnode.cpp:4783 CSLFenceCallback() Node::Video4kEIS3PreviewEIS2_IPE1 : Type 65538 portId=9 Fence 185 signaled with failure 1 in node fence handler FOR 131
11-17 19:20:49.274  1085  2086 E CamX    : [ERROR][DRQ    ] camxdeferredrequestqueue.cpp:985 UpdateDependency() Failure to update: property: 00000000 , fence: 00000000(00000000), request: 131...result willbe an error
11-17 19:20:49.274  1085  2086 E CamX    : [ERROR][CORE   ] camxnode.cpp:1941 ProcessRequest() An Error occured with RequestId 131 Sequence 1 for Node: Video4kEIS3PreviewEIS2_IPE1 inErrorState: 0 ExecuteProcessRequest returned with CamxResultEFailed.
11-17 19:20:49.274  1085  2086 E CamX    : [ERROR][CORE   ] camxdeferredrequestqueue.cpp:400 DeferredWorkerWrapper() DeferredWorker failed with result CamxResultEFailed
11-17 19:20:49.274  1085  2082 E CamX    : [ERROR][PPROC  ] camxipenode.cpp:10712 NotifyRequestProcessingError() Fence failure for output port 9 req 131 enableDump 0
11-17 19:20:49.274  1085  2082 E CamX    : [ERROR][DRQ    ] camxdeferredrequestqueue.cpp:985 UpdateDependency() Failure to update: property: ffffffff , fence: cb8ca5f0(000000b9), request: 131...result willbe an error
11-17 19:20:49.275  1085  1270 E CamX    : [ERROR][CORE   ] camxnode.cpp:4783 CSLFenceCallback() Node::Video4kEIS3PreviewEIS2_ChiNodeWrapper2 : Type 255 portId=0 Fence 373 signaled with failure 1 in node fence handler FOR 131
11-17 19:20:49.281  1085  2083 E CamX    : [ERROR][MEMMGR ] camximagebuffer.cpp:532 Import() [Video4kEIS3PreviewEIS2_com.mi.node.mimovie_OutputPort_0][0xb4000079fbd5ed70] Failed in importing Gralloc Buffer type=0, BufferHandle=0xb400007a2ba7fee8, offset=0, size=15728640, flags=0x8, deviceCount=0, WxH 3840x2160, format 3
11-17 19:20:49.281  1085  2083 E CamX    : [ERROR][CORE   ] camxnode.cpp:3052 SetupRequestOutputPorts() Import failed
11-17 19:20:49.281  1085  2083 E CamX    : [ERROR][MEMMGR ] camximagebuffer.cpp:532 Import() [Video4kEIS3PreviewEIS2_IPE_OutputPort_9][0xb4000079fbd64120] Failed in importing Gralloc Buffer type=0, BufferHandle=0xb400007a2ba7fee8, offset=0, size=15728640, flags=0x809, deviceCount=1, WxH 3840x2160, format 3
11-17 19:20:49.281  1085  2083 E CamX    : [ERROR][CORE   ] camxnode.cpp:3052 SetupRequestOutputPorts() Import failed
11-17 19:20:49.282 19045 19045 W CAM_Camera2CompatAdapterRole: Warning: getAuxCameraId(): #init() failed, roleId=20
11-17 19:20:49.283 19045 19045 W CAM_Camera2CompatAdapterRole: Warning: getUltraTeleCameraId(): #init() failed, roleId=23
11-17 19:20:49.308 19045 19045 W CAM_Camera2CompatAdapterRole: Warning: getAuxCameraId(): #init() failed, roleId=20
11-17 19:20:49.308 19045 19045 W CAM_Camera2CompatAdapterRole: Warning: getUltraTeleCameraId(): #init() failed, roleId=23
11-17 19:20:49.309  1085  2084 E CamX    : [ERROR][CSL    ] camxosutilslinux.cpp:753 MemMap() mmap() failed! errno=22, bufferFD=363, bufferLength=15728640 offset=0
11-17 19:20:49.309  1085  2084 E CamX    : [ERROR][CSL    ] camxcslhwinternal.cpp:3849 CSLHwAddBuffer() mmap() failed!
11-17 19:20:49.309  1085  2084 E CamX    : [ERROR][CSL    ] camxcslhw.cpp:2433 CSLMapBufferHW() CSLHwAddBuffer failed, result = 1
11-17 19:20:49.309  1085  2084 E CamX    : [ERROR][MEMMGR ] camximagebuffer.cpp:648 ImportGrallocBuffer() [Video4kEIS3PreviewEIS2_IPE_OutputPort_9][0xb4000079fbd823f0] CSLMapNativeBuffer failed with CamxResultEFailed
11-17 19:20:49.309  1085  2084 E CamX    : [ERROR][MEMMGR ] camximagebuffer.cpp:1233 BindImportedBuffer() [Video4kEIS3PreviewEIS2_IPE_OutputPort_9][0xb4000079fbd823f0] Failed in binding imported Gralloc buffer [0xb400007a2ba8ef48], result=CamxResultEFailed
11-17 19:20:49.309  1085  2084 E CamX    : [ERROR][MEMMGR ] camximagebuffermanager.cpp:793 BindBufferManagerImageBuffer() [Video4kEIS3PreviewEIS2_IPE_OutputPort_9] Failed in binding imported buffer, result=CamxResultEFailed
11-17 19:20:49.309  1085  2084 E CamX    : [ERROR][CORE   ] camxnode.cpp:9493 BindInputOutputBuffers() Node::Video4kEIS3PreviewEIS2_IPE1 Output[0] Batch[0] : Failed in binding buffer to ImageBuffer, result=CamxResultEFailed
11-17 19:20:49.309  1085  2084 E CamX    : [ERROR][CORE   ] camxnode.cpp:1880 ProcessRequest() Node::Video4kEIS3PreviewEIS2_IPE1 Req[132] processSequenceId[1] Failed in Binding backing buffers to input, output ImageBuffers, result=CamxResultEFailed
11-17 19:20:49.309  1085  2084 E CamX    : [ERROR][DRQ    ] camxdeferredrequestqueue.cpp:985 UpdateDependency() Failure to update: property: 00000000 , fence: 00000000(00000000), request: 132...result willbe an error
11-17 19:20:49.310  1085  2084 E CamX    : [ERROR][CORE   ] camxnode.cpp:1941 ProcessRequest() An Error occured with RequestId 132 Sequence 1 for Node: Video4kEIS3PreviewEIS2_IPE1 inErrorState: 0 ExecuteProcessRequest returned with CamxResultEFailed.
11-17 19:20:49.310  1085  2084 E CamX    : [ERROR][CORE   ] camxdeferredrequestqueue.cpp:400 DeferredWorkerWrapper() DeferredWorker failed with result CamxResultEFailed
11-17 19:20:49.310  1085  1270 E CamX    : [ERROR][CORE   ] camxnode.cpp:4783 CSLFenceCallback() Node::Video4kEIS3PreviewEIS2_IPE1 : Type 65538 portId=9 Fence 187 signaled with failure 1 in node fence handler FOR 132
11-17 19:20:49.310  1085  2082 E CamX    : [ERROR][PPROC  ] camxipenode.cpp:10712 NotifyRequestProcessingError() Fence failure for output port 9 req 132 enableDump 0
11-17 19:20:49.310  1085  2082 E CamX    : [ERROR][DRQ    ] camxdeferredrequestqueue.cpp:985 UpdateDependency() Failure to update: property: ffffffff , fence: cb8ca650(000000bb), request: 132...result willbe an error
11-17 19:20:49.310  1085  1270 E CamX    : [ERROR][CORE   ] camxnode.cpp:4783 CSLFenceCallback() Node::Video4kEIS3PreviewEIS2_ChiNodeWrapper2 : Type 255 portId=0 Fence 382 signaled with failure 1 in node fence handler FOR 132
11-17 19:20:49.313  1085  2085 E CamX    : [ERROR][MEMMGR ] camximagebuffer.cpp:532 Import() [Video4kEIS3PreviewEIS2_com.mi.node.mimovie_OutputPort_0][0xb4000079fbd8b800] Failed in importing Gralloc Buffer type=0, BufferHandle=0xb400007a2ba8b948, offset=0, size=15728640, flags=0x8, deviceCount=0, WxH 3840x2160, format 3
11-17 19:20:49.313  1085  2085 E CamX    : [ERROR][CORE   ] camxnode.cpp:3052 SetupRequestOutputPorts() Import failed
11-17 19:20:49.313  1085  2085 E CamX    : [ERROR][MEMMGR ] camximagebuffer.cpp:532 Import() [Video4kEIS3PreviewEIS2_IPE_OutputPort_9][0xb4000079fbd823f0] Failed in importing Gralloc Buffer type=0, BufferHandle=0xb400007a2ba8b948, offset=0, size=15728640, flags=0x809, deviceCount=1, WxH 3840x2160, format 3
11-17 19:20:49.313  1085  2085 E CamX    : [ERROR][CORE   ] camxnode.cpp:3052 SetupRequestOutputPorts() Import failed
11-17 19:20:49.341  1085  2077 E CamX    : [ERROR][CSL    ] camxosutilslinux.cpp:753 MemMap() mmap() failed! errno=22, bufferFD=367, bufferLength=15728640 offset=0
11-17 19:20:49.341  1085  2077 E CamX    : [ERROR][CSL    ] camxcslhwinternal.cpp:3849 CSLHwAddBuffer() mmap() failed!
11-17 19:20:49.342  1085  2077 E CamX    : [ERROR][CSL    ] camxcslhw.cpp:2433 CSLMapBufferHW() CSLHwAddBuffer failed, result = 1
11-17 19:20:49.342  1085  2077 E CamX    : [ERROR][MEMMGR ] camximagebuffer.cpp:648 ImportGrallocBuffer() [Video4kEIS3PreviewEIS2_IPE_OutputPort_9][0xb4000079fbd67b10] CSLMapNativeBuffer failed with CamxResultEFailed
11-17 19:20:49.342  1085  2077 E CamX    : [ERROR][MEMMGR ] camximagebuffer.cpp:1233 BindImportedBuffer() [Video4kEIS3PreviewEIS2_IPE_OutputPort_9][0xb4000079fbd67b10] Failed in binding imported Gralloc buffer [0xb400007a2ba75478], result=CamxResultEFailed
11-17 19:20:49.342  1085  2077 E CamX    : [ERROR][MEMMGR ] camximagebuffermanager.cpp:793 BindBufferManagerImageBuffer() [Video4kEIS3PreviewEIS2_IPE_OutputPort_9] Failed in binding imported buffer, result=CamxResultEFailed
11-17 19:20:49.342  1085  2077 E CamX    : [ERROR][CORE   ] camxnode.cpp:9493 BindInputOutputBuffers() Node::Video4kEIS3PreviewEIS2_IPE1 Output[0] Batch[0] : Failed in binding buffer to ImageBuffer, result=CamxResultEFailed
11-17 19:20:49.342  1085  2077 E CamX    : [ERROR][CORE   ] camxnode.cpp:1880 ProcessRequest() Node::Video4kEIS3PreviewEIS2_IPE1 Req[133] processSequenceId[1] Failed in Binding backing buffers to input, output ImageBuffers, result=CamxResultEFailed
11-17 19:20:49.342  1085  2077 E CamX    : [ERROR][DRQ    ] camxdeferredrequestqueue.cpp:985 UpdateDependency() Failure to update: property: 00000000 , fence: 00000000(00000000), request: 133...result willbe an error
11-17 19:20:49.342  1085  2077 E CamX    : [ERROR][CORE   ] camxnode.cpp:1941 ProcessRequest() An Error occured with RequestId 133 Sequence 1 for Node: Video4kEIS3PreviewEIS2_IPE1 inErrorState: 0 ExecuteProcessRequest returned with CamxResultEFailed.
11-17 19:20:49.342  1085  2077 E CamX    : [ERROR][CORE   ] camxdeferredrequestqueue.cpp:400 DeferredWorkerWrapper() DeferredWorker failed with result CamxResultEFailed
11-17 19:20:49.344  1085  1270 E CamX    : [ERROR][CORE   ] camxnode.cpp:4783 CSLFenceCallback() Node::Video4kEIS3PreviewEIS2_IPE1 : Type 65538 portId=9 Fence 189 signaled with failure 1 in node fence handler FOR 133
11-17 19:20:49.345  1085  2078 E CamX    : [ERROR][PPROC  ] camxipenode.cpp:10712 NotifyRequestProcessingError() Fence failure for output port 9 req 133 enableDump 0
11-17 19:20:49.345  1085  2078 E CamX    : [ERROR][DRQ    ] camxdeferredrequestqueue.cpp:985 UpdateDependency() Failure to update: property: ffffffff , fence: cb8ca6b0(000000bd), request: 133...result willbe an error
11-17 19:20:49.345  1085  1270 E CamX    : [ERROR][CORE   ] camxnode.cpp:4783 CSLFenceCallback() Node::Video4kEIS3PreviewEIS2_ChiNodeWrapper2 : Type 255 portId=0 Fence 226 signaled with failure 1 in node fence handler FOR 133
11-17 19:20:49.349  1085  2085 E CamX    : [ERROR][MEMMGR ] camximagebuffer.cpp:532 Import() [Video4kEIS3PreviewEIS2_com.mi.node.mimovie_OutputPort_0][0xb4000079fbd64790] Failed in importing Gralloc Buffer type=0, BufferHandle=0xb400007a2ba8ef48, offset=0, size=15728640, flags=0x8, deviceCount=0, WxH 3840x2160, format 3
11-17 19:20:49.349  1085  2085 E CamX    : [ERROR][CORE   ] camxnode.cpp:3052 SetupRequestOutputPorts() Import failed
11-17 19:20:49.349 19045 19045 W CAM_Camera2CompatAdapterRole: Warning: getAuxCameraId(): #init() failed, roleId=20
11-17 19:20:49.349 19045 19045 W CAM_Camera2CompatAdapterRole: Warning: getUltraTeleCameraId(): #init() failed, roleId=23
11-17 19:20:49.349  1085  2085 E CamX    : [ERROR][MEMMGR ] camximagebuffer.cpp:532 Import() [Video4kEIS3PreviewEIS2_IPE_OutputPort_9][0xb4000079fbd67b10] Failed in importing Gralloc Buffer type=0, BufferHandle=0xb400007a2ba8ef48, offset=0, size=15728640, flags=0x809, deviceCount=1, WxH 3840x2160, format 3
11-17 19:20:49.349  1085  2085 E CamX    : [ERROR][CORE   ] camxnode.cpp:3052 SetupRequestOutputPorts() Import failed
11-17 19:20:49.373  1085  2083 E CamX    : [ERROR][CSL    ] camxosutilslinux.cpp:753 MemMap() mmap() failed! errno=22, bufferFD=371, bufferLength=15728640 offset=0
11-17 19:20:49.373  1085  2083 E CamX    : [ERROR][CSL    ] camxcslhwinternal.cpp:3849 CSLHwAddBuffer() mmap() failed!
11-17 19:20:49.373  1085  2083 E CamX    : [ERROR][CSL    ] camxcslhw.cpp:2433 CSLMapBufferHW() CSLHwAddBuffer failed, result = 1
11-17 19:20:49.373  1085  2083 E CamX    : [ERROR][MEMMGR ] camximagebuffer.cpp:648 ImportGrallocBuffer() [Video4kEIS3PreviewEIS2_IPE_OutputPort_9][0xb4000079fbd82a60] CSLMapNativeBuffer failed with CamxResultEFailed
11-17 19:20:49.373  1085  2083 E CamX    : [ERROR][MEMMGR ] camximagebuffer.cpp:1233 BindImportedBuffer() [Video4kEIS3PreviewEIS2_IPE_OutputPort_9][0xb4000079fbd82a60] Failed in binding imported Gralloc buffer [0xb400007a2ba59248], result=CamxResultEFailed
11-17 19:20:49.373  1085  2083 E CamX    : [ERROR][MEMMGR ] camximagebuffermanager.cpp:793 BindBufferManagerImageBuffer() [Video4kEIS3PreviewEIS2_IPE_OutputPort_9] Failed in binding imported buffer, result=CamxResultEFailed
11-17 19:20:49.373  1085  2083 E CamX    : [ERROR][CORE   ] camxnode.cpp:9493 BindInputOutputBuffers() Node::Video4kEIS3PreviewEIS2_IPE1 Output[0] Batch[0] : Failed in binding buffer to ImageBuffer, result=CamxResultEFailed
11-17 19:20:49.373  1085  2083 E CamX    : [ERROR][CORE   ] camxnode.cpp:1880 ProcessRequest() Node::Video4kEIS3PreviewEIS2_IPE1 Req[134] processSequenceId[1] Failed in Binding backing buffers to input, output ImageBuffers, result=CamxResultEFailed
11-17 19:20:49.373  1085  2083 E CamX    : [ERROR][DRQ    ] camxdeferredrequestqueue.cpp:985 UpdateDependency() Failure to update: property: 00000000 , fence: 00000000(00000000), request: 134...result willbe an error
11-17 19:20:49.373  1085  1270 E CamX    : [ERROR][CORE   ] camxnode.cpp:4783 CSLFenceCallback() Node::Video4kEIS3PreviewEIS2_IPE1 : Type 65538 portId=9 Fence 191 signaled with failure 1 in node fence handler FOR 134
11-17 19:20:49.373  1085  2083 E CamX    : [ERROR][CORE   ] camxnode.cpp:1941 ProcessRequest() An Error occured with RequestId 134 Sequence 1 for Node: Video4kEIS3PreviewEIS2_IPE1 inErrorState: 0 ExecuteProcessRequest returned with CamxResultEFailed.
11-17 19:20:49.374  1085  2083 E CamX    : [ERROR][CORE   ] camxdeferredrequestqueue.cpp:400 DeferredWorkerWrapper() DeferredWorker failed with result CamxResultEFailed
11-17 19:20:49.374  1085  2078 E CamX    : [ERROR][PPROC  ] camxipenode.cpp:10712 NotifyRequestProcessingError() Fence failure for output port 9 req 134 enableDump 0
11-17 19:20:49.374  1085  2078 E CamX    : [ERROR][DRQ    ] camxdeferredrequestqueue.cpp:985 UpdateDependency() Failure to update: property: ffffffff , fence: cb8ca710(000000bf), request: 134...result willbe an error
11-17 19:20:49.374  1085  1270 E CamX    : [ERROR][CORE   ] camxnode.cpp:4783 CSLFenceCallback() Node::Video4kEIS3PreviewEIS2_ChiNodeWrapper2 : Type 255 portId=0 Fence 286 signaled with failure 1 in node fence handler FOR 134
11-17 19:20:49.380  1085  2077 E CamX    : [ERROR][MEMMGR ] camximagebuffer.cpp:532 Import() [Video4kEIS3PreviewEIS2_com.mi.node.mimovie_OutputPort_0][0xb4000079fbd8dea0] Failed in importing Gralloc Buffer type=0, BufferHandle=0xb400007a2ba75478, offset=0, size=15728640, flags=0x8, deviceCount=0, WxH 3840x2160, format 3
11-17 19:20:49.380  1085  2077 E CamX    : [ERROR][CORE   ] camxnode.cpp:3052 SetupRequestOutputPorts() Import failed
11-17 19:20:49.380  1085  2077 E CamX    : [ERROR][MEMMGR ] camximagebuffer.cpp:532 Import() [Video4kEIS3PreviewEIS2_IPE_OutputPort_9][0xb4000079fbd82a60] Failed in importing Gralloc Buffer type=0, BufferHandle=0xb400007a2ba75478, offset=0, size=15728640, flags=0x809, deviceCount=1, WxH 3840x2160, format 3
11-17 19:20:49.380  1085  2077 E CamX    : [ERROR][CORE   ] camxnode.cpp:3052 SetupRequestOutputPorts() Import failed
11-17 19:20:49.381 19045 19045 W CAM_Camera2CompatAdapterRole: Warning: getAuxCameraId(): #init() failed, roleId=20
11-17 19:20:49.381 19045 19045 W CAM_Camera2CompatAdapterRole: Warning: getUltraTeleCameraId(): #init() failed, roleId=23
11-17 19:20:49.406  1085  2083 E CamX    : [ERROR][CSL    ] camxosutilslinux.cpp:753 MemMap() mmap() failed! errno=22, bufferFD=375, bufferLength=15728640 offset=0
11-17 19:20:49.406  1085  2083 E CamX    : [ERROR][CSL    ] camxcslhwinternal.cpp:3849 CSLHwAddBuffer() mmap() failed!
11-17 19:20:49.406  1085  2083 E CamX    : [ERROR][CSL    ] camxcslhw.cpp:2433 CSLMapBufferHW() CSLHwAddBuffer failed, result = 1
11-17 19:20:49.406  1085  2083 E CamX    : [ERROR][MEMMGR ] camximagebuffer.cpp:648 ImportGrallocBuffer() [Video4kEIS3PreviewEIS2_IPE_OutputPort_9][0xb4000079fbd40aa0] CSLMapNativeBuffer failed with CamxResultEFailed
11-17 19:20:49.406  1085  2083 E CamX    : [ERROR][MEMMGR ] camximagebuffer.cpp:1233 BindImportedBuffer() [Video4kEIS3PreviewEIS2_IPE_OutputPort_9][0xb4000079fbd40aa0] Failed in binding imported Gralloc buffer [0xb400007a2ba8b978], result=CamxResultEFailed
11-17 19:20:49.406  1085  2083 E CamX    : [ERROR][MEMMGR ] camximagebuffermanager.cpp:793 BindBufferManagerImageBuffer() [Video4kEIS3PreviewEIS2_IPE_OutputPort_9] Failed in binding imported buffer, result=CamxResultEFailed
11-17 19:20:49.406  1085  2083 E CamX    : [ERROR][CORE   ] camxnode.cpp:9493 BindInputOutputBuffers() Node::Video4kEIS3PreviewEIS2_IPE1 Output[0] Batch[0] : Failed in binding buffer to ImageBuffer, result=CamxResultEFailed
11-17 19:20:49.406  1085  2083 E CamX    : [ERROR][CORE   ] camxnode.cpp:1880 ProcessRequest() Node::Video4kEIS3PreviewEIS2_IPE1 Req[135] processSequenceId[1] Failed in Binding backing buffers to input, output ImageBuffers, result=CamxResultEFailed
11-17 19:20:49.406  1085  2083 E CamX    : [ERROR][DRQ    ] camxdeferredrequestqueue.cpp:985 UpdateDependency() Failure to update: property: 00000000 , fence: 00000000(00000000), request: 135...result willbe an error
11-17 19:20:49.406  1085  2083 E CamX    : [ERROR][CORE   ] camxnode.cpp:1941 ProcessRequest() An Error occured with RequestId 135 Sequence 1 for Node: Video4kEIS3PreviewEIS2_IPE1 inErrorState: 0 ExecuteProcessRequest returned with CamxResultEFailed.
11-17 19:20:49.406  1085  1270 E CamX    : [ERROR][CORE   ] camxnode.cpp:4783 CSLFenceCallback() Node::Video4kEIS3PreviewEIS2_IPE1 : Type 65538 portId=9 Fence 200 signaled with failure 1 in node fence handler FOR 135
11-17 19:20:49.406  1085  2083 E CamX    : [ERROR][CORE   ] camxdeferredrequestqueue.cpp:400 DeferredWorkerWrapper() DeferredWorker failed with result CamxResultEFailed
11-17 19:20:49.407  1085  2077 E CamX    : [ERROR][PPROC  ] camxipenode.cpp:10712 NotifyRequestProcessingError() Fence failure for output port 9 req 135 enableDump 0
11-17 19:20:49.407  1085  2077 E CamX    : [ERROR][DRQ    ] camxdeferredrequestqueue.cpp:985 UpdateDependency() Failure to update: property: ffffffff , fence: cb8ca770(000000c8), request: 135...result willbe an error
11-17 19:20:49.407  1085  1270 E CamX    : [ERROR][CORE   ] camxnode.cpp:4783 CSLFenceCallback() Node::Video4kEIS3PreviewEIS2_ChiNodeWrapper2 : Type 255 portId=0 Fence 259 signaled with failure 1 in node fence handler FOR 135
11-17 19:20:49.407 19045 19045 W CAM_Camera2CompatAdapterRole: Warning: getAuxCameraId(): #init() failed, roleId=20
11-17 19:20:49.407 19045 19045 W CAM_Camera2CompatAdapterRole: Warning: getUltraTeleCameraId(): #init() failed, roleId=23
11-17 19:20:49.409  1085  2078 E CamX    : [ERROR][MEMMGR ] camximagebuffer.cpp:532 Import() [Video4kEIS3PreviewEIS2_com.mi.node.mimovie_OutputPort_0][0xb4000079fbd43e20] Failed in importing Gralloc Buffer type=0, BufferHandle=0xb400007a2ba59248, offset=0, size=15728640, flags=0x8, deviceCount=0, WxH 3840x2160, format 3
11-17 19:20:49.409  1085  2078 E CamX    : [ERROR][CORE   ] camxnode.cpp:3052 SetupRequestOutputPorts() Import failed
11-17 19:20:49.409  1085  2078 E CamX    : [ERROR][MEMMGR ] camximagebuffer.cpp:532 Import() [Video4kEIS3PreviewEIS2_IPE_OutputPort_9][0xb4000079fbd40aa0] Failed in importing Gralloc Buffer type=0, BufferHandle=0xb400007a2ba59248, offset=0, size=15728640, flags=0x809, deviceCount=1, WxH 3840x2160, format 3
11-17 19:20:49.409  1085  2078 E CamX    : [ERROR][CORE   ] camxnode.cpp:3052 SetupRequestOutputPorts() Import failed
11-17 19:20:49.440  1085  2077 E CamX    : [ERROR][CSL    ] camxosutilslinux.cpp:753 MemMap() mmap() failed! errno=22, bufferFD=379, bufferLength=15728640 offset=0
11-17 19:20:49.441  1085  2077 E CamX    : [ERROR][CSL    ] camxcslhwinternal.cpp:3849 CSLHwAddBuffer() mmap() failed!
11-17 19:20:49.441  1085  2077 E CamX    : [ERROR][CSL    ] camxcslhw.cpp:2433 CSLMapBufferHW() CSLHwAddBuffer failed, result = 1
11-17 19:20:49.441  1085  2077 E CamX    : [ERROR][MEMMGR ] camximagebuffer.cpp:648 ImportGrallocBuffer() [Video4kEIS3PreviewEIS2_IPE_OutputPort_9][0xb4000079fbd4b200] CSLMapNativeBuffer failed with CamxResultEFailed
11-17 19:20:49.441  1085  2077 E CamX    : [ERROR][MEMMGR ] camximagebuffer.cpp:1233 BindImportedBuffer() [Video4kEIS3PreviewEIS2_IPE_OutputPort_9][0xb4000079fbd4b200] Failed in binding imported Gralloc buffer [0xb400007a2ba63328], result=CamxResultEFailed
11-17 19:20:49.441  1085  2077 E CamX    : [ERROR][MEMMGR ] camximagebuffermanager.cpp:793 BindBufferManagerImageBuffer() [Video4kEIS3PreviewEIS2_IPE_OutputPort_9] Failed in binding imported buffer, result=CamxResultEFailed
11-17 19:20:49.441  1085  2077 E CamX    : [ERROR][CORE   ] camxnode.cpp:9493 BindInputOutputBuffers() Node::Video4kEIS3PreviewEIS2_IPE1 Output[0] Batch[0] : Failed in binding buffer to ImageBuffer, result=CamxResultEFailed
11-17 19:20:49.441  1085  2077 E CamX    : [ERROR][CORE   ] camxnode.cpp:1880 ProcessRequest() Node::Video4kEIS3PreviewEIS2_IPE1 Req[136] processSequenceId[1] Failed in Binding backing buffers to input, output ImageBuffers, result=CamxResultEFailed
11-17 19:20:49.441  1085  2077 E CamX    : [ERROR][DRQ    ] camxdeferredrequestqueue.cpp:985 UpdateDependency() Failure to update: property: 00000000 , fence: 00000000(00000000), request: 136...result willbe an error
11-17 19:20:49.441  1085  2077 E CamX    : [ERROR][CORE   ] camxnode.cpp:1941 ProcessRequest() An Error occured with RequestId 136 Sequence 1 for Node: Video4kEIS3PreviewEIS2_IPE1 inErrorState: 0 ExecuteProcessRequest returned with CamxResultEFailed.
11-17 19:20:49.441  1085  2077 E CamX    : [ERROR][CORE   ] camxdeferredrequestqueue.cpp:400 DeferredWorkerWrapper() DeferredWorker failed with result CamxResultEFailed
11-17 19:20:49.441  1085  1270 E CamX    : [ERROR][CORE   ] camxnode.cpp:4783 CSLFenceCallback() Node::Video4kEIS3PreviewEIS2_IPE1 : Type 65538 portId=9 Fence 209 signaled with failure 1 in node fence handler FOR 136
11-17 19:20:49.441  1085  2082 E CamX    : [ERROR][PPROC  ] camxipenode.cpp:10712 NotifyRequestProcessingError() Fence failure for output port 9 req 136 enableDump 0
11-17 19:20:49.441  1085  2082 E CamX    : [ERROR][DRQ    ] camxdeferredrequestqueue.cpp:985 UpdateDependency() Failure to update: property: ffffffff , fence: cb8ca7d0(000000d1), request: 136...result willbe an error
11-17 19:20:49.443 19045 19045 W CAM_Camera2CompatAdapterRole: Warning: getAuxCameraId(): #init() failed, roleId=20
11-17 19:20:49.443 19045 19045 W CAM_Camera2CompatAdapterRole: Warning: getUltraTeleCameraId(): #init() failed, roleId=23
11-17 19:20:49.445  1085  1270 E CamX    : [ERROR][CORE   ] camxnode.cpp:4783 CSLFenceCallback() Node::Video4kEIS3PreviewEIS2_ChiNodeWrapper2 : Type 255 portId=0 Fence 384 signaled with failure 1 in node fence handler FOR 136
11-17 19:20:49.448  1085  2077 E CamX    : [ERROR][MEMMGR ] camximagebuffer.cpp:532 Import() [Video4kEIS3PreviewEIS2_com.mi.node.mimovie_OutputPort_0][0xb4000079fbd57320] Failed in importing Gralloc Buffer type=0, BufferHandle=0xb400007a2ba8b978, offset=0, size=15728640, flags=0x8, deviceCount=0, WxH 3840x2160, format 3
11-17 19:20:49.448  1085  2077 E CamX    : [ERROR][CORE   ] camxnode.cpp:3052 SetupRequestOutputPorts() Import failed
11-17 19:20:49.448  1085  2077 E CamX    : [ERROR][MEMMGR ] camximagebuffer.cpp:532 Import() [Video4kEIS3PreviewEIS2_IPE_OutputPort_9][0xb4000079fbd4b200] Failed in importing Gralloc Buffer type=0, BufferHandle=0xb400007a2ba8b978, offset=0, size=15728640, flags=0x809, deviceCount=1, WxH 3840x2160, format 3
11-17 19:20:49.448  1085  2077 E CamX    : [ERROR][CORE   ] camxnode.cpp:3052 SetupRequestOutputPorts() Import failed
11-17 19:20:49.474  1085  2086 E CamX    : [ERROR][CSL    ] camxosutilslinux.cpp:753 MemMap() mmap() failed! errno=22, bufferFD=383, bufferLength=15728640 offset=0
11-17 19:20:49.474  1085  2086 E CamX    : [ERROR][CSL    ] camxcslhwinternal.cpp:3849 CSLHwAddBuffer() mmap() failed!
11-17 19:20:49.475  1085  2086 E CamX    : [ERROR][CSL    ] camxcslhw.cpp:2433 CSLMapBufferHW() CSLHwAddBuffer failed, result = 1
11-17 19:20:49.475  1085  2086 E CamX    : [ERROR][MEMMGR ] camximagebuffer.cpp:648 ImportGrallocBuffer() [Video4kEIS3PreviewEIS2_IPE_OutputPort_9][0xb4000079fbd60da0] CSLMapNativeBuffer failed with CamxResultEFailed
11-17 19:20:49.475  1085  2086 E CamX    : [ERROR][MEMMGR ] camximagebuffer.cpp:1233 BindImportedBuffer() [Video4kEIS3PreviewEIS2_IPE_OutputPort_9][0xb4000079fbd60da0] Failed in binding imported Gralloc buffer [0xb400007a2ba8a598], result=CamxResultEFailed
11-17 19:20:49.475  1085  2086 E CamX    : [ERROR][MEMMGR ] camximagebuffermanager.cpp:793 BindBufferManagerImageBuffer() [Video4kEIS3PreviewEIS2_IPE_OutputPort_9] Failed in binding imported buffer, result=CamxResultEFailed
11-17 19:20:49.475  1085  2086 E CamX    : [ERROR][CORE   ] camxnode.cpp:9493 BindInputOutputBuffers() Node::Video4kEIS3PreviewEIS2_IPE1 Output[0] Batch[0] : Failed in binding buffer to ImageBuffer, result=CamxResultEFailed
11-17 19:20:49.475  1085  2086 E CamX    : [ERROR][CORE   ] camxnode.cpp:1880 ProcessRequest() Node::Video4kEIS3PreviewEIS2_IPE1 Req[137] processSequenceId[1] Failed in Binding backing buffers to input, output ImageBuffers, result=CamxResultEFailed
11-17 19:20:49.475  1085  2086 E CamX    : [ERROR][DRQ    ] camxdeferredrequestqueue.cpp:985 UpdateDependency() Failure to update: property: 00000000 , fence: 00000000(00000000), request: 137...result willbe an error
11-17 19:20:49.475  1085  2086 E CamX    : [ERROR][CORE   ] camxnode.cpp:1941 ProcessRequest() An Error occured with RequestId 137 Sequence 1 for Node: Video4kEIS3PreviewEIS2_IPE1 inErrorState: 0 ExecuteProcessRequest returned with CamxResultEFailed.
11-17 19:20:49.475  1085  2086 E CamX    : [ERROR][CORE   ] camxdeferredrequestqueue.cpp:400 DeferredWorkerWrapper() DeferredWorker failed with result CamxResultEFailed
11-17 19:20:49.475  1085  1270 E CamX    : [ERROR][CORE   ] camxnode.cpp:4783 CSLFenceCallback() Node::Video4kEIS3PreviewEIS2_IPE1 : Type 65538 portId=9 Fence 218 signaled with failure 1 in node fence handler FOR 137
11-17 19:20:49.476  1085  2078 E CamX    : [ERROR][PPROC  ] camxipenode.cpp:10712 NotifyRequestProcessingError() Fence failure for output port 9 req 137 enableDump 0
11-17 19:20:49.476  1085  2078 E CamX    : [ERROR][DRQ    ] camxdeferredrequestqueue.cpp:985 UpdateDependency() Failure to update: property: ffffffff , fence: cb8ca830(000000da), request: 137...result willbe an error
11-17 19:20:49.476  1085  1270 E CamX    : [ERROR][CORE   ] camxnode.cpp:4783 CSLFenceCallback() Node::Video4kEIS3PreviewEIS2_ChiNodeWrapper2 : Type 255 portId=0 Fence 394 signaled with failure 1 in node fence handler FOR 137
11-17 19:20:49.481 19045 19045 W CAM_Camera2CompatAdapterRole: Warning: getAuxCameraId(): #init() failed, roleId=20
11-17 19:20:49.481 19045 19045 W CAM_Camera2CompatAdapterRole: Warning: getUltraTeleCameraId(): #init() failed, roleId=23
11-17 19:20:49.482  1085  2080 E CamX    : [ERROR][MEMMGR ] camximagebuffer.cpp:532 Import() [Video4kEIS3PreviewEIS2_com.mi.node.mimovie_OutputPort_0][0xb4000079fbd76940] Failed in importing Gralloc Buffer type=0, BufferHandle=0xb400007a2ba63328, offset=0, size=15728640, flags=0x8, deviceCount=0, WxH 3840x2160, format 3
11-17 19:20:49.482  1085  2080 E CamX    : [ERROR][CORE   ] camxnode.cpp:3052 SetupRequestOutputPorts() Import failed
11-17 19:20:49.482  1085  2080 E CamX    : [ERROR][MEMMGR ] camximagebuffer.cpp:532 Import() [Video4kEIS3PreviewEIS2_IPE_OutputPort_9][0xb4000079fbd60da0] Failed in importing Gralloc Buffer type=0, BufferHandle=0xb400007a2ba63328, offset=0, size=15728640, flags=0x809, deviceCount=1, WxH 3840x2160, format 3
11-17 19:20:49.482  1085  2080 E CamX    : [ERROR][CORE   ] camxnode.cpp:3052 SetupRequestOutputPorts() Import failed
11-17 19:20:49.508  1085  2082 E CamX    : [ERROR][CSL    ] camxosutilslinux.cpp:753 MemMap() mmap() failed! errno=22, bufferFD=-5476376622896512637, bufferLength=15728640 offset=0
11-17 19:20:49.508  1085  2082 E CamX    : [ERROR][CSL    ] camxcslhwinternal.cpp:3849 CSLHwAddBuffer() mmap() failed!
11-17 19:20:49.508  1085  2082 E CamX    : [ERROR][CSL    ] camxcslhw.cpp:2433 CSLMapBufferHW() CSLHwAddBuffer failed, result = 1
11-17 19:20:49.508  1085  2082 E CamX    : [ERROR][MEMMGR ] camximagebuffer.cpp:648 ImportGrallocBuffer() [Video4kEIS3PreviewEIS2_IPE_OutputPort_9][0xb4000079fbd525e0] CSLMapNativeBuffer failed with CamxResultEFailed
11-17 19:20:49.508  1085  2082 E CamX    : [ERROR][MEMMGR ] camximagebuffer.cpp:1233 BindImportedBuffer() [Video4kEIS3PreviewEIS2_IPE_OutputPort_9][0xb4000079fbd525e0] Failed in binding imported Gralloc buffer [0xb400007a2ba63808], result=CamxResultEFailed
11-17 19:20:49.508  1085  2082 E CamX    : [ERROR][MEMMGR ] camximagebuffermanager.cpp:793 BindBufferManagerImageBuffer() [Video4kEIS3PreviewEIS2_IPE_OutputPort_9] Failed in binding imported buffer, result=CamxResultEFailed
11-17 19:20:49.508  1085  2082 E CamX    : [ERROR][CORE   ] camxnode.cpp:9493 BindInputOutputBuffers() Node::Video4kEIS3PreviewEIS2_IPE1 Output[0] Batch[0] : Failed in binding buffer to ImageBuffer, result=CamxResultEFailed
11-17 19:20:49.508  1085  2082 E CamX    : [ERROR][CORE   ] camxnode.cpp:1880 ProcessRequest() Node::Video4kEIS3PreviewEIS2_IPE1 Req[138] processSequenceId[1] Failed in Binding backing buffers to input, output ImageBuffers, result=CamxResultEFailed
11-17 19:20:49.509  1085  2082 E CamX    : [ERROR][DRQ    ] camxdeferredrequestqueue.cpp:985 UpdateDependency() Failure to update: property: 00000000 , fence: 00000000(00000000), request: 138...result willbe an error
11-17 19:20:49.509  1085  2082 E CamX    : [ERROR][CORE   ] camxnode.cpp:1941 ProcessRequest() An Error occured with RequestId 138 Sequence 1 for Node: Video4kEIS3PreviewEIS2_IPE1 inErrorState: 0 ExecuteProcessRequest returned with CamxResultEFailed.
11-17 19:20:49.509  1085  1270 E CamX    : [ERROR][CORE   ] camxnode.cpp:4783 CSLFenceCallback() Node::Video4kEIS3PreviewEIS2_IPE1 : Type 65538 portId=9 Fence 227 signaled with failure 1 in node fence handler FOR 138
11-17 19:20:49.509  1085  2082 E CamX    : [ERROR][CORE   ] camxdeferredrequestqueue.cpp:400 DeferredWorkerWrapper() DeferredWorker failed with result CamxResultEFailed
11-17 19:20:49.509  1085  2082 E CamX    : [ERROR][PPROC  ] camxipenode.cpp:10712 NotifyRequestProcessingError() Fence failure for output port 9 req 138 enableDump 0
11-17 19:20:49.509 19045 19045 W CAM_Camera2CompatAdapterRole: Warning: getAuxCameraId(): #init() failed, roleId=20
11-17 19:20:49.509 19045 19045 W CAM_Camera2CompatAdapterRole: Warning: getUltraTeleCameraId(): #init() failed, roleId=23
11-17 19:20:49.509  1085  2082 E CamX    : [ERROR][DRQ    ] camxdeferredrequestqueue.cpp:985 UpdateDependency() Failure to update: property: ffffffff , fence: cb8ca890(000000e3), request: 138...result willbe an error
11-17 19:20:49.509  1085  1270 E CamX    : [ERROR][CORE   ] camxnode.cpp:4783 CSLFenceCallback() Node::Video4kEIS3PreviewEIS2_ChiNodeWrapper2 : Type 255 portId=0 Fence 377 signaled with failure 1 in node fence handler FOR 138
11-17 19:20:49.512  1085  2078 E CamX    : [ERROR][MEMMGR ] camximagebuffer.cpp:532 Import() [Video4kEIS3PreviewEIS2_com.mi.node.mimovie_OutputPort_0][0xb4000079fbd958f0] Failed in importing Gralloc Buffer type=0, BufferHandle=0xb400007a2ba8a598, offset=0, size=15728640, flags=0x8, deviceCount=0, WxH 3840x2160, format 3
11-17 19:20:49.512  1085  2078 E CamX    : [ERROR][CORE   ] camxnode.cpp:3052 SetupRequestOutputPorts() Import failed
11-17 19:20:49.512  1085  2078 E CamX    : [ERROR][MEMMGR ] camximagebuffer.cpp:532 Import() [Video4kEIS3PreviewEIS2_IPE_OutputPort_9][0xb4000079fbd525e0] Failed in importing Gralloc Buffer type=0, BufferHandle=0xb400007a2ba8a598, offset=0, size=15728640, flags=0x809, deviceCount=1, WxH 3840x2160, format 3
11-17 19:20:49.512  1085  2078 E CamX    : [ERROR][CORE   ] camxnode.cpp:3052 SetupRequestOutputPorts() Import failed
11-17 19:20:49.541  1085  2082 E CamX    : [ERROR][CSL    ] camxosutilslinux.cpp:753 MemMap() mmap() failed! errno=22, bufferFD=391, bufferLength=15728640 offset=0
11-17 19:20:49.541  1085  2082 E CamX    : [ERROR][CSL    ] camxcslhwinternal.cpp:3849 CSLHwAddBuffer() mmap() failed!
11-17 19:20:49.541  1085  2082 E CamX    : [ERROR][CSL    ] camxcslhw.cpp:2433 CSLMapBufferHW() CSLHwAddBuffer failed, result = 1
11-17 19:20:49.541  1085  2082 E CamX    : [ERROR][MEMMGR ] camximagebuffer.cpp:648 ImportGrallocBuffer() [Video4kEIS3PreviewEIS2_IPE_OutputPort_9][0xb4000079fbd95f60] CSLMapNativeBuffer failed with CamxResultEFailed
11-17 19:20:49.541  1085  2082 E CamX    : [ERROR][MEMMGR ] camximagebuffer.cpp:1233 BindImportedBuffer() [Video4kEIS3PreviewEIS2_IPE_OutputPort_9][0xb4000079fbd95f60] Failed in binding imported Gralloc buffer [0xb400007a2ba83a88], result=CamxResultEFailed
