--------- beginning of main
11-17 19:28:29.148 D/MiuiGallery2_BatteryMonitor(24251): [main] - ACTION_BATTERY_CHANGED, plugged:true
11-17 19:28:29.149 D/MiuiGallery2_BatteryMonitor(24251): [main] - power is connected
11-17 19:28:29.169 D/vendor.qti.bluetooth@1.0-wake_lock( 1083): Release wakelock is released 
11-17 19:28:29.173 E/WifiHAL ( 1132): wifi_get_cached_scan_results: Wifi Cached Scan Result not supported by driver
11-17 19:28:29.174 E/WifiStaIfaceAidlImpl( 1811): getCachedScanData failed with service-specific exception: android.os.ServiceSpecificException:  (code 4)
11-17 19:28:29.628 D/QtiCarrierConfigHelper( 2840): WARNING, no carrier configs on phone Id: 1
--------- beginning of system
11-17 19:28:29.629 D/LoadedApk( 1811): Receiver not registered: com.android.server.UiModeManagerService$8@dd23f36
11-17 19:28:29.631 W/ServiceManagerCppClient( 1250): Waited one second for stats (is service started? Number of threads started in the threadpool: 6. Are binder threads started and available?)
11-17 19:28:29.631 W/ServiceManagerCppClient( 1529): Waited one second for stats (is service started? Number of threads started in the threadpool: 17. Are binder threads started and available?)
11-17 19:28:29.814 W/ServiceManagerCppClient( 1811): Waited one second for stats (is service started? Number of threads started in the threadpool: 32. Are binder threads started and available?)
11-17 19:28:30.132 D/MiuiGallery2_BatteryMonitor(24251): [main] - ACTION_BATTERY_CHANGED, plugged:true
11-17 19:28:30.132 D/MiuiGallery2_BatteryMonitor(24251): [main] - power is connected
11-17 19:28:30.445 D/WM-DelayedWorkTracker(16874): Scheduling work 729fd8a8-85ff-4256-90bc-736d1da89b69
11-17 19:28:30.446 D/WM-GreedyScheduler(16874): Starting tracking for 729fd8a8-85ff-4256-90bc-736d1da89b69
11-17 19:28:30.450 D/WM-ConstraintTracker(16874): 9nx: initial state = NetworkState(isConnected=true, isValidated=true, isMetered=true, isNotRoaming=true)
11-17 19:28:30.450 D/WM-NetworkStateTracker(16874): Registering network callback
11-17 19:28:30.452 D/ConnectivityService( 1811): requestNetwork for uid/pid:10719/16874 activeRequest: null callbackRequest: 1615 [NetworkRequest [ REQUEST id=1616, [ Capabilities: INTERNET&NOT_RESTRICTED&TRUSTED&NOT_VCN_MANAGED&NOT_BANDWIDTH_CONSTRAINED Uid: 10719 RequestorUid: 10719 RequestorPkg: com.whatsapp UnderlyingNetworks: Null] ]] callback flags: 0 order: 2147483647 isUidTracked: false declaredMethods: AVAIL|LOST|NC
11-17 19:28:30.453 D/WM-GreedyScheduler(16874): Constraints met: Scheduling work ID WorkGenerationalId(workSpecId=729fd8a8-85ff-4256-90bc-736d1da89b69, generation=0)
11-17 19:28:30.455 D/WM-NetworkStateTracker(16874): Network capabilities changed: [ Transports: CELLULAR Capabilities: SUPL&INTERNET&NOT_RESTRICTED&TRUSTED&NOT_VPN&VALIDATED&NOT_ROAMING&FOREGROUND&NOT_CONGESTED&NOT_SUSPENDED&NOT_VCN_MANAGED&NOT_BANDWIDTH_CONSTRAINED LinkUpBandwidth>=18000Kbps LinkDnBandwidth>=23149Kbps Specifier: <TelephonyNetworkSpecifier [mSubId = 1]> SubscriptionIds: {1} UnderlyingNetworks: Null]
11-17 19:28:30.456 D/WifiNetworkFactory( 1811): got request NetworkRequest [ REQUEST id=1616, [ Capabilities: INTERNET&NOT_RESTRICTED&TRUSTED&NOT_VCN_MANAGED&NOT_BANDWIDTH_CONSTRAINED Uid: 10719 RequestorUid: 10719 RequestorPkg: com.whatsapp UnderlyingNetworks: Null] ]
11-17 19:28:30.456 D/UntrustedWifiNetworkFactory( 1811): got request NetworkRequest [ REQUEST id=1616, [ Capabilities: INTERNET&NOT_RESTRICTED&TRUSTED&NOT_VCN_MANAGED&NOT_BANDWIDTH_CONSTRAINED Uid: 10719 RequestorUid: 10719 RequestorPkg: com.whatsapp UnderlyingNetworks: Null] ]
11-17 19:28:30.456 D/OemPaidWifiNetworkFactory( 1811): got request NetworkRequest [ REQUEST id=1616, [ Capabilities: INTERNET&NOT_RESTRICTED&TRUSTED&NOT_VCN_MANAGED&NOT_BANDWIDTH_CONSTRAINED Uid: 10719 RequestorUid: 10719 RequestorPkg: com.whatsapp UnderlyingNetworks: Null] ]
11-17 19:28:30.456 D/MultiInternetWifiNetworkFactory( 1811): got request NetworkRequest [ REQUEST id=1616, [ Capabilities: INTERNET&NOT_RESTRICTED&TRUSTED&NOT_VCN_MANAGED&NOT_BANDWIDTH_CONSTRAINED Uid: 10719 RequestorUid: 10719 RequestorPkg: com.whatsapp UnderlyingNetworks: Null] ]
11-17 19:28:30.456 D/WM-Processor(16874): 9o3: processing WorkGenerationalId(workSpecId=729fd8a8-85ff-4256-90bc-736d1da89b69, generation=0)
11-17 19:28:30.456 D/ConnectivityService( 1811): NetReassign [1616 : null → 100] [c 1] [a 0] [i 3]
11-17 19:28:30.463 D/WM-WorkerWrapper(16874): Starting work for com.whatsapp.stickers.stickerpack.FetchDiscoveryPackWorker
11-17 19:28:30.511 E/com.whatsapp(16874): hiddenapi: Accessing hidden method Lcom/android/org/conscrypt/OpenSSLSocketImpl;->setUseSessionTickets(Z)V (runtime_flags=CorePlatformApi, domain=core-platform, api=max-target-q,core-platform-api) from LX/B82; (domain=app) using reflection: denied
11-17 19:28:30.511 E/com.whatsapp(16874): hiddenapi: Accessing hidden method Lcom/android/org/conscrypt/AbstractConscryptSocket;->setUseSessionTickets(Z)V (runtime_flags=0, domain=core-platform, api=max-target-q) from LX/B82; (domain=app) using reflection: denied
11-17 19:28:30.536 W/LibevQuicAsyncUDPSocket.h(  315): setTosOrTrafficClass not implemented in LibevQuicAsyncUDPSocket
11-17 19:28:30.546 E/MvfstCallbacks.cpp(  315): onConnectionSetupError: error=TransportError: Internal Error, Error on socket write Operation not permitted, 
11-17 19:28:30.632 W/ServiceManagerCppClient( 1529): Waited one second for stats (is service started? Number of threads started in the threadpool: 17. Are binder threads started and available?)
11-17 19:28:30.632 W/ServiceManagerCppClient( 1250): Waited one second for stats (is service started? Number of threads started in the threadpool: 6. Are binder threads started and available?)
11-17 19:28:30.792 I/WM-WorkerWrapper(16874): Worker result SUCCESS for Work [ id=729fd8a8-85ff-4256-90bc-736d1da89b69, tags={ com.whatsapp.stickers.stickerpack.FetchDiscoveryPackWorker } ]
11-17 19:28:30.795 D/WM-Processor(16874): 9o3 729fd8a8-85ff-4256-90bc-736d1da89b69 executed; reschedule = false
11-17 19:28:30.796 D/WM-GreedyScheduler(16874): Stopping tracking for WorkGenerationalId(workSpecId=729fd8a8-85ff-4256-90bc-736d1da89b69, generation=0)
11-17 19:28:30.809 D/WM-GreedyScheduler(16874): Cancelling work ID 729fd8a8-85ff-4256-90bc-736d1da89b69
11-17 19:28:30.813 D/WM-NetworkStateTracker(16874): Unregistering network callback
11-17 19:28:30.816 W/ServiceManagerCppClient( 1811): Waited one second for stats (is service started? Number of threads started in the threadpool: 32. Are binder threads started and available?)
11-17 19:28:31.203 I/.gms.persistent( 3129): Explicit concurrent copying GC freed 1547KB AllocSpace bytes, 1(16KB) LOS objects, 50% free, 26MB/53MB, paused 272us,34us total 181.967ms
11-17 19:28:31.238 I/hwservicemanager(  668): getTransport: Cannot find entry vendor.qti.hardware.servicetracker@1.0::IServicetracker/default in either framework or device VINTF manifest.
11-17 19:28:31.435 W/LibevQuicAsyncUDPSocket.h(  315): setTosOrTrafficClass not implemented in LibevQuicAsyncUDPSocket
11-17 19:28:31.449 E/MvfstCallbacks.cpp(  315): onConnectionSetupError: error=TransportError: Internal Error, Error on socket write Operation not permitted, 
11-17 19:28:31.606 E/u4native(24048): [InfoLevelMessage] [INFO:not_a_file.cc(0)] BrowserIOThread heartbeat, pid/tid: 24048/24401, interval/index: 30s/9, ucCoreSoImplVersion: 5.12.11.0_250212150536
11-17 19:28:31.634 W/ServiceManagerCppClient( 1250): Waited one second for stats (is service started? Number of threads started in the threadpool: 6. Are binder threads started and available?)
11-17 19:28:31.634 W/ServiceManagerCppClient( 1529): Waited one second for stats (is service started? Number of threads started in the threadpool: 17. Are binder threads started and available?)
11-17 19:28:31.690 E/u4native(24048): [InfoLevelMessage] [INFO:not_a_file.cc(0)] NetworkServiceThread heartbeat, pid/tid: 24048/24420, interval/index: 30s/9
11-17 19:28:31.703 D/b/387844520( 2937): getOutlineOffsetX: measured width = 182, mNormalizedIconSize = 167, last updated width = 182
11-17 19:28:31.713 I/s.nexuslauncher( 2937): AssetManager2(0xb400007bd19e22f8) locale list changing from [] to [es-ES]
11-17 19:28:31.716 I/hwservicemanager(  668): getTransport: Cannot find entry vendor.qti.hardware.servicetracker@1.2::IServicetracker/default in either framework or device VINTF manifest.
11-17 19:28:31.716 W/ActivityTaskManager( 1811): servicetracker HIDL not available
11-17 19:28:31.716 E/ActivityTaskManager( 1811): Unable to get servicetracker HAL instance
11-17 19:28:31.717 I/hwservicemanager(  668): getTransport: Cannot find entry vendor.qti.hardware.servicetracker@1.2::IServicetracker/default in either framework or device VINTF manifest.
11-17 19:28:31.717 W/ActivityTaskManager( 1811): servicetracker HIDL not available
11-17 19:28:31.717 E/ActivityTaskManager( 1811): Unable to get servicetracker HAL instance
11-17 19:28:31.718 V/GrammaticalInflectionUtils( 1811): AttributionSource: android.content.AttributionSource@abbede52 does not have READ_SYSTEM_GRAMMATICAL_GENDER permission.
11-17 19:28:31.720 E/BoostFramework( 1811): BoostFramework() : Exception_1 = java.lang.ClassNotFoundException: com.qualcomm.qti.Performance
11-17 19:28:31.720 E/BoostFramework( 1811): BoostFramework() Ux Perf: Exception = java.lang.ClassNotFoundException: com.qualcomm.qti.UxPerformance
11-17 19:28:31.720 E/BoostFramework( 1811): BoostFramework() : Exception_1 = java.lang.ClassNotFoundException: com.qualcomm.qti.Performance
11-17 19:28:31.720 E/BoostFramework( 1811): BoostFramework() Ux Perf: Exception = java.lang.ClassNotFoundException: com.qualcomm.qti.UxPerformance
11-17 19:28:31.722 W/ProcessFreezerManager( 1811):   unbale to freeze binder: app info: uid=10738, pid=315, adj=915, frozen=false, services=1, proc name=com.instagram.android
11-17 19:28:31.722 D/ProcessFreezerManager( 1811):  *skip freeze process: skip reason: unable to freeze process's binder. app info: uid=10738, pid=315, adj=915, frozen=false, services=1, proc name=com.instagram.android
11-17 19:28:31.722 W/ProcessFreezerManager( 1811):   unbale to freeze binder: app info: uid=1000, pid=6823, adj=965, frozen=false, services=0, proc name=com.android.settings
11-17 19:28:31.722 D/ProcessFreezerManager( 1811):  *skip freeze process: skip reason: unable to freeze process's binder. app info: uid=1000, pid=6823, adj=965, frozen=false, services=0, proc name=com.android.settings
11-17 19:28:31.722 W/ProcessFreezerManager( 1811):   unbale to freeze binder: app info: uid=10598, pid=8859, adj=935, frozen=false, services=0, proc name=com.google.android.apps.safetyhub
11-17 19:28:31.722 D/ProcessFreezerManager( 1811):  *skip freeze process: skip reason: unable to freeze process's binder. app info: uid=10598, pid=8859, adj=935, frozen=false, services=0, proc name=com.google.android.apps.safetyhub
11-17 19:28:31.722 W/ProcessFreezerManager( 1811):   unbale to freeze binder: app info: uid=10609, pid=12327, adj=945, frozen=false, services=0, proc name=com.google.android.gms
11-17 19:28:31.723 D/ProcessFreezerManager( 1811):  *skip freeze process: skip reason: unable to freeze process's binder. app info: uid=10609, pid=12327, adj=945, frozen=false, services=0, proc name=com.google.android.gms
11-17 19:28:31.723 W/ProcessFreezerManager( 1811):   unbale to freeze binder: app info: uid=10719, pid=16874, adj=500, frozen=false, services=2, proc name=com.whatsapp
11-17 19:28:31.723 D/ProcessFreezerManager( 1811):  *skip freeze process: skip reason: unable to freeze process's binder. app info: uid=10719, pid=16874, adj=500, frozen=false, services=2, proc name=com.whatsapp
11-17 19:28:31.723 W/ProcessFreezerManager( 1811):   unbale to freeze binder: app info: uid=10757, pid=23123, adj=925, frozen=false, services=1, proc name=com.google.android.apps.tachyon
11-17 19:28:31.723 D/ProcessFreezerManager( 1811):  *skip freeze process: skip reason: unable to freeze process's binder. app info: uid=10757, pid=23123, adj=925, frozen=false, services=1, proc name=com.google.android.apps.tachyon
11-17 19:28:31.723 W/ProcessFreezerManager( 1811):   unbale to freeze binder: app info: uid=10723, pid=23154, adj=945, frozen=false, services=3, proc name=com.alibaba.aliexpresshd
11-17 19:28:31.723 D/ProcessFreezerManager( 1811):  *skip freeze process: skip reason: unable to freeze process's binder. app info: uid=10723, pid=23154, adj=945, frozen=false, services=3, proc name=com.alibaba.aliexpresshd
11-17 19:28:31.723 W/ProcessFreezerManager( 1811):   unbale to freeze binder: app info: uid=10723, pid=23317, adj=935, frozen=false, services=6, proc name=com.alibaba.aliexpresshd:channel
11-17 19:28:31.723 D/ProcessFreezerManager( 1811):  *skip freeze process: skip reason: unable to freeze process's binder. app info: uid=10723, pid=23317, adj=935, frozen=false, services=6, proc name=com.alibaba.aliexpresshd:channel
11-17 19:28:31.723 W/ProcessFreezerManager( 1811):   unbale to freeze binder: app info: uid=10723, pid=23367, adj=985, frozen=false, services=0, proc name=com.alibaba.aliexpresshd:tool
11-17 19:28:31.723 D/ProcessFreezerManager( 1811):  *skip freeze process: skip reason: unable to freeze process's binder. app info: uid=10723, pid=23367, adj=985, frozen=false, services=0, proc name=com.alibaba.aliexpresshd:tool
11-17 19:28:31.723 W/ProcessFreezerManager( 1811):   unbale to freeze binder: app info: uid=10723, pid=23475, adj=975, frozen=false, services=0, proc name=com.alibaba.aliexpresshd:support
11-17 19:28:31.723 D/ProcessFreezerManager( 1811):  *skip freeze process: skip reason: unable to freeze process's binder. app info: uid=10723, pid=23475, adj=975, frozen=false, services=0, proc name=com.alibaba.aliexpresshd:support
11-17 19:28:31.723 W/ProcessFreezerManager( 1811):   unbale to freeze binder: app info: uid=10728, pid=23656, adj=915, frozen=false, services=2, proc name=com.facebook.katana
11-17 19:28:31.723 D/ProcessFreezerManager( 1811):  *skip freeze process: skip reason: unable to freeze process's binder. app info: uid=10728, pid=23656, adj=915, frozen=false, services=2, proc name=com.facebook.katana
11-17 19:28:31.723 W/ProcessFreezerManager( 1811):   unbale to freeze binder: app info: uid=10723, pid=23671, adj=955, frozen=false, services=1, proc name=com.alibaba.aliexpresshd:sandboxed_privilege_process0
11-17 19:28:31.724 D/ProcessFreezerManager( 1811):  *skip freeze process: skip reason: unable to freeze process's binder. app info: uid=10723, pid=23671, adj=955, frozen=false, services=1, proc name=com.alibaba.aliexpresshd:sandboxed_privilege_process0
11-17 19:28:31.724 W/ProcessFreezerManager( 1811):   unbale to freeze binder: app info: uid=10723, pid=24048, adj=955, frozen=false, services=1, proc name=com.alibaba.aliexpresshd:pushservice
11-17 19:28:31.724 D/ProcessFreezerManager( 1811):  *skip freeze process: skip reason: unable to freeze process's binder. app info: uid=10723, pid=24048, adj=955, frozen=false, services=1, proc name=com.alibaba.aliexpresshd:pushservice
11-17 19:28:31.724 W/ProcessFreezerManager( 1811):   unbale to freeze binder: app info: uid=10800, pid=24251, adj=905, frozen=false, services=0, proc name=com.miui.gallery
11-17 19:28:31.724 D/ProcessFreezerManager( 1811):  *skip freeze process: skip reason: unable to freeze process's binder. app info: uid=10800, pid=24251, adj=905, frozen=false, services=0, proc name=com.miui.gallery
11-17 19:28:31.724 W/ProcessFreezerManager( 1811):   unbale to freeze binder: app info: uid=10800, pid=24523, adj=905, frozen=false, services=1, proc name=com.miui.gallery:appcustom
11-17 19:28:31.724 D/ProcessFreezerManager( 1811):  *skip freeze process: skip reason: unable to freeze process's binder. app info: uid=10800, pid=24523, adj=905, frozen=false, services=1, proc name=com.miui.gallery:appcustom
11-17 19:28:31.724 W/ProcessFreezerManager( 1811):   unbale to freeze binder: app info: uid=10530, pid=25551, adj=905, frozen=false, services=0, proc name=android.process.acore
11-17 19:28:31.724 D/ProcessFreezerManager( 1811):  *skip freeze process: skip reason: unable to freeze process's binder. app info: uid=10530, pid=25551, adj=905, frozen=false, services=0, proc name=android.process.acore
11-17 19:28:31.724 W/ProcessFreezerManager( 1811):   unbale to freeze binder: app info: uid=10602, pid=25889, adj=965, frozen=false, services=0, proc name=com.google.android.apps.nbu.files
11-17 19:28:31.724 D/ProcessFreezerManager( 1811):  *skip freeze process: skip reason: unable to freeze process's binder. app info: uid=10602, pid=25889, adj=965, frozen=false, services=0, proc name=com.google.android.apps.nbu.files
11-17 19:28:31.731 D/ActivityTrigger( 1811): ActivityTrigger activityPauseTrigger 
11-17 19:28:31.732 I/hwservicemanager(  668): getTransport: Cannot find entry vendor.qti.hardware.servicetracker@1.2::IServicetracker/default in either framework or device VINTF manifest.
11-17 19:28:31.732 W/ActivityTaskManager( 1811): servicetracker HIDL not available
11-17 19:28:31.732 E/ActivityTaskManager( 1811): Unable to get servicetracker HAL instance
11-17 19:28:31.735 I/ActivityTaskManager( 1811): START u0 {act=android.intent.action.MAIN cat=[android.intent.category.LAUNCHER] flg=0x10200000 xflg=0x4 cmp=com.android.camera/.Camera bnds=[823,1788][1005,1993]} with LAUNCH_SINGLE_TOP from uid 10659 (sr=87309611) (BAL_ALLOW_VISIBLE_WINDOW) result code=0
11-17 19:28:31.736 D/StatsLog( 2937): LAUNCHER_APP_LAUNCH_TAP
11-17 19:28:31.736 D/StatsLog( 2937): LAUNCHER_HOTSEAT_RANKED
11-17 19:28:31.737 V/GrammaticalInflectionUtils( 1811): AttributionSource: android.content.AttributionSource@abbede52 does not have READ_SYSTEM_GRAMMATICAL_GENDER permission.
11-17 19:28:31.737 D/QuickstepModelDelegate( 2937): notifyAppTargetEvent action=1 launchLocation=predictions/hotseat
11-17 19:28:31.739 I/ndroid.systemui( 2668): AssetManager2(0xb400007bd1a49e58) locale list changing from [] to [es-ES]
11-17 19:28:31.744 D/Zygote  (  932): Forked child process 9081
11-17 19:28:31.744 W/SplitSelectStateCtor( 2937): Missing session instanceIds
11-17 19:28:31.744 D/StatsLog( 2937): LAUNCHER_SPLIT_SELECTION_EXIT_INTERRUPTED
11-17 19:28:31.745 I/hwservicemanager(  668): getTransport: Cannot find entry vendor.qti.hardware.servicetracker@1.2::IServicetracker/default in either framework or device VINTF manifest.
11-17 19:28:31.745 W/ActivityTaskManager( 1811): servicetracker HIDL not available
11-17 19:28:31.745 E/ActivityTaskManager( 1811): Unable to get servicetracker HAL instance
11-17 19:28:31.746 D/BackgroundInstallControlService( 1811): Package event received: 0
11-17 19:28:31.746 E/BoostFramework( 1811): BoostFramework() : Exception_1 = java.lang.ClassNotFoundException: com.qualcomm.qti.Performance
11-17 19:28:31.746 E/BoostFramework( 1811): BoostFramework() Ux Perf: Exception = java.lang.ClassNotFoundException: com.qualcomm.qti.UxPerformance
11-17 19:28:31.746 D/ProcessFreezerManager( 1811): Already triggered freeze for com.android.camera
11-17 19:28:31.747 I/ActivityManager( 1811): Start proc 9081:com.android.camera/u0a586 for next-top-activity {com.android.camera/com.android.camera.Camera}
11-17 19:28:31.747 D/ProcessFreezerManager( 1811): Already triggered freeze for com.android.camera
11-17 19:28:31.758 I/ActivityManager( 1811): ProcessObserver broadcast disabled
11-17 19:28:31.768 I/.android.camera( 9081): Using CollectorTypeCC GC.
11-17 19:28:31.774 D/nativeloader( 9081): Load libframework-connectivity-tiramisu-jni.so using APEX ns com_android_tethering for caller /apex/com.android.tethering/javalib/framework-connectivity-t.jar: ok
11-17 19:28:31.776 V/WindowManager( 1811): Sent Transition (#238) createdAt=11-17 19:28:31.720 via request=TransitionRequestInfo { type = OPEN, triggerTask = TaskInfo{userId=0 taskId=1062 effectiveUid=10586 displayId=0 isRunning=true baseIntent=Intent { act=android.intent.action.MAIN cat=[android.intent.category.LAUNCHER] flg=0x10200000 cmp=com.android.camera/.Camera } baseActivity=ComponentInfo{com.android.camera/com.android.camera.Camera} topActivity=ComponentInfo{com.android.camera/com.android.camera.Camera} origActivity=null realActivity=ComponentInfo{com.android.camera/com.android.camera.Camera} numActivities=1 lastActiveTime=16143878 supportsMultiWindow=true resizeMode=0 isResizeable=true minWidth=-1 minHeight=-1 defaultMinSize=220 token=WCT{RemoteToken{8540b5a Task{e2b2677 #1062 type=standard A=10586:com.android.camera}}} topActivityType=1 pictureInPictureParams=null shouldDockBigOverlays=false launchIntoPipHostTaskId=-1 lastParentTaskIdBeforePip=-1 displayCutoutSafeInsets=Rect(0, 90 - 0, 0) topActivityInfo=ActivityInfo{8da718b com.android.camera.Camera} launchCookies=[android.os.BinderProxy@1ce268] positionInParent=Point(0, 0) parentTaskId=-1 isFocused=false isVisible=false isVisibleRequested=false isTopActivityNoDisplay=false isSleeping=false locusId=null displayAreaFeatureId=1 isTopActivityTransparent=false isActivityStackTransparent=false lastNonFullscreenBounds=Rect(273, 642 - 807, 1722) capturedLink=null capturedLinkTimestamp=0 requestedVisibleTypes=-9 topActivityRequestOpenInBrowserEducationTimestamp=0 appCompatTaskInfo=AppCompatTaskInfo { topActivityInSizeCompat=false eligibleForLetterboxEducation= false isLetterboxEducationEnabled= false isLetterboxDoubleTapEnabled= false eligibleForUserAspectRatioButton= false topActivityBoundsLetterboxed= false isFromLetterboxDoubleTap= false topActivityLetterboxVerticalPosition= -1 topActivityLetterboxHorizontalPosition= -1 topActivityLetterboxWidth=-1 topActivityLetterboxHeight=-1 topActivityAppBounds=Rect(0, 90 - 1080, 2274) isUserFullscreenOverrideEnabled=false isSystemFullscreenOverrideEnabled=false hasMinAspectRatioOverride=false topActivityLetterboxBounds=null cameraCompatTaskInfo=CameraCompatTaskInfo { freeformCameraCompatMode=inactive}} topActivityMainWindowFrame=null}, pipChange = null, remoteTransition = RemoteTransition { remoteTransition = android.window.IRemoteTransition$Stub$Proxy@e7c9b67, appThread = android.app.IApplicationThread$Stub$Proxy@b11bd14, debugName = QuickstepLaunch }, displayChange = null, flags = 0, debugId = 238 }
11-17 19:28:31.776 V/WindowManager( 1811):     startWCT=WindowContainerTransaction { changes= {} hops= [] errorCallbackToken=null taskFragmentOrganizer=null }
11-17 19:28:31.776 V/WindowManager( 1811):     info={id=238 t=OPEN f=0x0 trk=0 r=[0@Point(0, 0)] c=[
11-17 19:28:31.776 V/WindowManager( 1811):         {WCT{RemoteToken{8540b5a Task{e2b2677 #1062 type=standard A=10586:com.android.camera}}} m=OPEN f=NONE leash=Surface(name=Task=1062)/@0x8029a7c sb=Rect(0, 0 - 1080, 2340) eb=Rect(0, 0 - 1080, 2340) epz=Point(1080, 2340) d=0 taskParent=-1},
11-17 19:28:31.776 V/WindowManager( 1811):         {WCT{RemoteToken{f3bc632 Task{3a700a0 #1 type=home}}} m=TO_BACK f=SHOW_WALLPAPER leash=Surface(name=Task=1)/@0xb0c0f4 sb=Rect(0, 0 - 1080, 2340) eb=Rect(0, 0 - 1080, 2340) epz=Point(1080, 2340) d=0 taskParent=-1},
11-17 19:28:31.776 V/WindowManager( 1811):         {m=TO_BACK f=IS_WALLPAPER leash=Surface(name=WallpaperWindowToken{30f8fd1 showWhenLocked=false})/@0x279f811 sb=Rect(0, 0 - 1080, 2340) eb=Rect(0, 0 - 1080, 2340) epz=Point(1080, 2340) d=0}
11-17 19:28:31.776 V/WindowManager( 1811):     ]}
11-17 19:28:31.778 D/CompatibilityInfo( 1811): mCompatibilityFlags - 0
11-17 19:28:31.778 D/CompatibilityInfo( 1811): applicationDensity - 440
11-17 19:28:31.778 D/CompatibilityInfo( 1811): applicationScale - 1.0
11-17 19:28:31.780 D/BackgroundInstallControlService( 1811): Package event received: 0
11-17 19:28:31.781 D/BaseDepthController( 2937): mSurface is null and mCurrentBlur is: 0
11-17 19:28:31.781 D/BaseDepthController( 2937): mSurface is null and mCurrentBlur is: 0
11-17 19:28:31.785 D/BaseDepthController( 2937): mSurface is null and mCurrentBlur is: 0
11-17 19:28:31.785 I/efjc    ( 3972): (REDACTED) appOpsListener %s %s
11-17 19:28:31.786 I/efjc    ( 3972): (REDACTED) Ignoring irrelevant audio permission changes for package %s
11-17 19:28:31.817 W/ServiceManagerCppClient( 1811): Waited one second for stats (is service started? Number of threads started in the threadpool: 32. Are binder threads started and available?)
11-17 19:28:31.831 D/nativeloader( 9081): Configuring clns-shared-9 for other apk /system/priv-app/MiuiCamera/MiuiCamera.apk. target_sdk_version=33, uses_libraries=libSNPE.so:libOpenCL.so:libcdsprpc.so, library_path=/system/priv-app/MiuiCamera/lib/arm64:/system/priv-app/MiuiCamera/MiuiCamera.apk!/lib/arm64-v8a:/system/lib64:/system_ext/lib64, permitted_path=/data:/mnt/expand:/data/user/0/com.android.camera:/system/priv-app/MiuiCamera:/system/lib64:/system_ext/lib64
11-17 19:28:31.834 D/BaseDepthController( 2937): mSurface is null and mCurrentBlur is: 0
11-17 19:28:31.838 I/.android.camera( 9081): AssetManager2(0xb400007bd1958af8) locale list changing from [] to [es-ES]
11-17 19:28:31.840 E/BoostFramework( 9081): BoostFramework() : Exception_1 = java.lang.ClassNotFoundException: com.qualcomm.qti.Performance
11-17 19:28:31.840 E/BoostFramework( 9081): BoostFramework() Ux Perf: Exception = java.lang.ClassNotFoundException: com.qualcomm.qti.UxPerformance
11-17 19:28:31.841 V/GraphicsEnvironment( 9081): Currently set values for:
11-17 19:28:31.841 V/GraphicsEnvironment( 9081):   angle_gl_driver_selection_pkgs=[com.android.angle, com.linecorp.b612.android, com.campmobile.snow, com.google.android.apps.tachyon]
11-17 19:28:31.841 V/GraphicsEnvironment( 9081):   angle_gl_driver_selection_values=[angle, native, native, native]
11-17 19:28:31.841 V/GraphicsEnvironment( 9081): com.android.camera is not listed in per-application setting
11-17 19:28:31.841 V/GraphicsEnvironment( 9081): ANGLE allowlist from config: 
11-17 19:28:31.841 V/GraphicsEnvironment( 9081): com.android.camera is not listed in ANGLE allowlist or settings, returning default
11-17 19:28:31.841 V/GraphicsEnvironment( 9081): Neither updatable production driver nor prerelease driver is supported.
11-17 19:28:31.846 D/CAM_DataItemFeature( 9081): this is ro.boot.camera.config 1
11-17 19:28:31.846 E/BoostFramework( 9081): BoostFramework() : Exception_1 = java.lang.ClassNotFoundException: com.qualcomm.qti.Performance
11-17 19:28:31.847 E/BoostFramework( 9081): BoostFramework() Ux Perf: Exception = java.lang.ClassNotFoundException: com.qualcomm.qti.UxPerformance
11-17 19:28:31.848 D/CAM_BoostFrameworkImpl( 9081): startBoost: duration = 300, scene = 6
11-17 19:28:31.848 D/CAM_BoostFrameworkImpl( 9081): ready to boost
11-17 19:28:31.848 E/CAM_CameraAppImpl( 9081): setFootprintFlag failed:NoSuchMethodException:android.app.ActivityThread.setFootprintFlag [boolean]
11-17 19:28:31.849 W/libc    ( 9081): Access denied finding property "vendor.panel.display"
11-17 19:28:31.849 D/CAM_CameraUtil( 9081): could not get packageManager of maintenance mode
11-17 19:28:31.851 D/CompatChangeReporter( 9081): Compat change id reported: 183155436; UID 10586; state: ENABLED
11-17 19:28:31.851 D/BaseDepthController( 2937): mSurface is null and mCurrentBlur is: 0
11-17 19:28:31.853 D/CAM_HalCloudDataManager( 9081): requestCloudDataAsync| Start async request
11-17 19:28:31.855 D/CAM_BoostFrameworkImpl( 9081): stopBoost
11-17 19:28:31.855 D/CAM_BoostFrameworkImpl( 9081): ready to stop boost
11-17 19:28:31.855 D/CAM_CRE_MIGLDump( 9081): setDumpRootDir:  /storage/emulated/0/Android/data/com.android.camera/files/dump_files
11-17 19:28:31.855 D/CAM_CameraAppImpl( 9081): attachBaseContext: cost = 12
11-17 19:28:31.857 I/CAM_SplashProvider( 9081): onCreate: 
11-17 19:28:31.858 V/CAM_ParallelProcessProvider( 9081): onCreate
11-17 19:28:31.860 D/CAM_CameraUtil( 9081): boostAdj: [600, 0]
11-17 19:28:31.860 D/CAM_BoostFrameworkImpl( 9081): startBoost: duration = 300, scene = 6
11-17 19:28:31.860 D/CAM_BoostFrameworkImpl( 9081): ready to boost
11-17 19:28:31.862 E/ashmem  ( 9081): Pinning is deprecated since Android Q. Please use trim or other methods.
11-17 19:28:31.862 W/System.err( 9081): android.provider.Settings$SettingNotFoundException: device_posture
11-17 19:28:31.862 W/System.err( 9081): 	at android.provider.Settings.parseIntSetting(Settings.java:4123)
11-17 19:28:31.862 W/System.err( 9081): 	at android.provider.Settings.-$$Nest$smparseIntSetting(Unknown Source:0)
11-17 19:28:31.862 W/System.err( 9081): 	at android.provider.Settings$Global.getInt(Settings.java:20480)
11-17 19:28:31.862 W/System.err( 9081): 	at d.c.a.a6.f.k.a(Unknown Source:10)
11-17 19:28:31.862 W/System.err( 9081): 	at d.c.a.a6.b.q0(Unknown Source:160)
11-17 19:28:31.862 W/System.err( 9081): 	at d.c.a.a6.b.<clinit>(Unknown Source:21)
11-17 19:28:31.862 W/System.err( 9081): 	at d.c.a.c3.a(Unknown Source:4)
11-17 19:28:31.862 W/System.err( 9081): 	at com.android.camera.CameraAppImpl.onCreate(Unknown Source:51)
11-17 19:28:31.862 W/System.err( 9081): 	at android.app.Instrumentation.callApplicationOnCreate(Instrumentation.java:1405)
11-17 19:28:31.862 W/System.err( 9081): 	at android.app.ActivityThread.handleBindApplication(ActivityThread.java:7880)
11-17 19:28:31.862 W/System.err( 9081): 	at android.app.ActivityThread.-$$Nest$mhandleBindApplication(Unknown Source:0)
11-17 19:28:31.862 W/System.err( 9081): 	at android.app.ActivityThread$H.handleMessage(ActivityThread.java:2574)
11-17 19:28:31.862 W/System.err( 9081): 	at android.os.Handler.dispatchMessage(Handler.java:110)
11-17 19:28:31.862 W/System.err( 9081): 	at android.os.Looper.loopOnce(Looper.java:248)
11-17 19:28:31.862 W/System.err( 9081): 	at android.os.Looper.loop(Looper.java:338)
11-17 19:28:31.862 W/System.err( 9081): 	at android.app.ActivityThread.main(ActivityThread.java:9145)
11-17 19:28:31.862 W/System.err( 9081): 	at java.lang.reflect.Method.invoke(Native Method)
11-17 19:28:31.862 W/System.err( 9081): 	at com.android.internal.os.RuntimeInit$MethodAndArgsCaller.run(RuntimeInit.java:596)
11-17 19:28:31.862 W/System.err( 9081): 	at com.android.internal.os.ZygoteInit.main(ZygoteInit.java:940)
11-17 19:28:31.863 I/CAM_Display( 9081): init appBoundSize by feature config.
11-17 19:28:31.863 V/CAM_Display( 9081): StatusBarHeight=72
11-17 19:28:31.863 D/CAM_DisplayAdapter( 9081): DisplayParameter appBoundWidth:1080,appBoundHeight:2340,isNotchDevice:true,statusBarHeight:72,isInMultiWindow:false,displayMode:0, type = a
11-17 19:28:31.863 I/CAM_Display( 9081): appBoundSize=1080x2340 windowSize=1080x2340 density=2.7500 ori=false mw=true dp=0
11-17 19:28:31.863 W/System.err( 9081): android.provider.Settings$SettingNotFoundException: device_posture
11-17 19:28:31.863 W/System.err( 9081): 	at android.provider.Settings.parseIntSetting(Settings.java:4123)
11-17 19:28:31.863 W/System.err( 9081): 	at android.provider.Settings.-$$Nest$smparseIntSetting(Unknown Source:0)
11-17 19:28:31.863 W/System.err( 9081): 	at android.provider.Settings$Global.getInt(Settings.java:20480)
11-17 19:28:31.863 W/System.err( 9081): 	at d.c.a.a6.f.k.a(Unknown Source:10)
11-17 19:28:31.863 W/System.err( 9081): 	at d.c.a.a6.b.q0(Unknown Source:160)
11-17 19:28:31.863 W/System.err( 9081): 	at d.c.a.c3.a(Unknown Source:4)
11-17 19:28:31.863 W/System.err( 9081): 	at com.android.camera.CameraAppImpl.onCreate(Unknown Source:51)
11-17 19:28:31.863 W/System.err( 9081): 	at android.app.Instrumentation.callApplicationOnCreate(Instrumentation.java:1405)
11-17 19:28:31.863 W/System.err( 9081): 	at android.app.ActivityThread.handleBindApplication(ActivityThread.java:7880)
11-17 19:28:31.863 W/System.err( 9081): 	at android.app.ActivityThread.-$$Nest$mhandleBindApplication(Unknown Source:0)
11-17 19:28:31.863 W/System.err( 9081): 	at android.app.ActivityThread$H.handleMessage(ActivityThread.java:2574)
11-17 19:28:31.863 W/System.err( 9081): 	at android.os.Handler.dispatchMessage(Handler.java:110)
11-17 19:28:31.863 W/System.err( 9081): 	at android.os.Looper.loopOnce(Looper.java:248)
11-17 19:28:31.863 W/System.err( 9081): 	at android.os.Looper.loop(Looper.java:338)
11-17 19:28:31.863 W/System.err( 9081): 	at android.app.ActivityThread.main(ActivityThread.java:9145)
11-17 19:28:31.863 W/System.err( 9081): 	at java.lang.reflect.Method.invoke(Native Method)
11-17 19:28:31.863 W/System.err( 9081): 	at com.android.internal.os.RuntimeInit$MethodAndArgsCaller.run(RuntimeInit.java:596)
11-17 19:28:31.863 W/System.err( 9081): 	at com.android.internal.os.ZygoteInit.main(ZygoteInit.java:940)
11-17 19:28:31.863 I/CAM_Display( 9081): init appBoundSize by feature config.
11-17 19:28:31.863 W/CAM_Display( 9081): initialize skip. caz check screen size , windowSize = 1080x2340, appBoundSize = 1080x2340, devicePosture = 0
11-17 19:28:31.867 D/BaseDepthController( 2937): mSurface is null and mCurrentBlur is: 0
11-17 19:28:31.870 D/CAM_ApplicationInit( 9081): <application init> consume time:10
11-17 19:28:31.871 D/CAM_CameraAppImpl( 9081): Track init start
11-17 19:28:31.871 D/OneTrackSdk( 9081): updateDebugSwitch sEnable: false sDebugMode：false sDebugProperty：false
11-17 19:28:31.871 D/OneTrackSdk( 9081): updateTestSwitch sTestEnable: false sTestMode：false sTestProperty：false
11-17 19:28:31.871 D/OneTrackSdk( 9081): log on: false, quick upload on: false
11-17 19:28:31.873 D/OneTrackImp( 9081): OneTrackImp init : Configuration{appId='31*******85', pluginId='null', channel='umi', international=false, region='null', overrideMiuiRegionSetting=false, mode=APP, GAIDEnable=true, IMSIEnable=true, IMEIEnable=true, ExceptionCatcherEnable=true, instanceId=null}
11-17 19:28:31.873 D/OneTrackImp( 9081): OneTrackImp sdk ver : 2.0.3
11-17 19:28:31.873 D/OneTrackSdk( 9081): updateDebugSwitch sEnable: false sDebugMode：false sDebugProperty：false
11-17 19:28:31.873 D/OneTrackSdk( 9081): updateTestSwitch sTestEnable: false sTestMode：false sTestProperty：false
11-17 19:28:31.873 D/CAM_CameraAppImpl( 9081): markAllDepartedTask>>com.android.camera_9081
11-17 19:28:31.874 D/BroadcastExecutor( 9081): initIfNeeded : 104
11-17 19:28:31.877 D/AutoDensity( 9081): autodensity debugEnable = 
11-17 19:28:31.879 I/.android.camera( 9081): AssetManager2(0xb400007bd194cf78) locale list changing from [] to [es-ES]
11-17 19:28:31.879 D/CAM_BoostFrameworkImpl( 9081): stopBoost
11-17 19:28:31.879 D/CAM_BoostFrameworkImpl( 9081): ready to stop boost
11-17 19:28:31.879 D/CAM_CameraAppImpl( 9081): onCreate: cost = 19
11-17 19:28:31.881 I/hwservicemanager(  668): getTransport: Cannot find entry vendor.qti.hardware.servicetracker@1.2::IServicetracker/default in either framework or device VINTF manifest.
11-17 19:28:31.882 D/CAM_CameraAppImpl( 9081): markAllDepartedTask<<
11-17 19:28:31.882 W/ActivityTaskManager( 1811): servicetracker HIDL not available
11-17 19:28:31.882 E/ActivityTaskManager( 1811): Unable to get servicetracker HAL instance
11-17 19:28:31.882 I/CAM_PermissionManager( 9081): getNeedCheckPermissionList() listSize =0
11-17 19:28:31.882 I/CAM_PermissionManager( 9081): checkCameraPermissions(), all on
11-17 19:28:31.882 D/CAM_Camera2CompatAdapterRole( 9081): E: init()
11-17 19:28:31.882 D/CAM_Camera2CompatAdapterRole( 9081): E: reset()
11-17 19:28:31.882 D/CAM_Camera2CompatAdapterRole( 9081): X: reset()
11-17 19:28:31.882 I/CameraManagerGlobal( 9081): Connecting to camera service
11-17 19:28:31.882 V/CAM_CameraAppImpl( 9081): delete inner task
11-17 19:28:31.884 I/AttributionAndPermissionUtils( 1520): checkPermission (forDataDelivery 0 startDataDelivery 0): Permission hard denied for client attribution [uid 10586, pid 9081, packageName "<unknown>"]
11-17 19:28:31.884 D/BaseDepthController( 2937): mSurface is null and mCurrentBlur is: 0
11-17 19:28:31.885 I/CAM_Camera2CompatAdapterRole( 9081): [K_PROCESS]: All available camera ids: [0, 1, 2, 3, 4, 5, 6, 7, 8, 9, 10]
11-17 19:28:31.887 D/DesktopModeFlags( 9081): Toggle override initialized to: OVERRIDE_UNSET
11-17 19:28:31.888 D/BackgroundInstallControlService( 1811): Package event received: 0
11-17 19:28:31.888 D/BackgroundInstallControlService( 1811): Package event received: 0
11-17 19:28:31.890 I/.android.camera( 9081): AssetManager2(0xb400007bd1951a78) locale list changing from [] to [es-ES]
11-17 19:28:31.892 D/CAM_ActivityBase( 9081): onCreate + 146827184
11-17 19:28:31.892 I/CAM_Camera@146827184( 9081): [K_PROCESS]: onCreate start 146827184
11-17 19:28:31.892 D/CAM_BoostFrameworkImpl( 9081): startBoost: duration = 500, scene = 6
11-17 19:28:31.892 D/CAM_BoostFrameworkImpl( 9081): ready to boost
11-17 19:28:31.893 I/CAM_PerformanceManager( 9081): [P_PERFORM]: Event: COLD_LAUNCH start
11-17 19:28:31.893 I/CAM_Camera@146827184( 9081): onCreate: intent-> Intent { act=android.intent.action.MAIN cat=[android.intent.category.LAUNCHER] flg=0x10200000 xflg=0x4 cmp=com.android.camera/.Camera bnds=[823,1788][1005,1993] }
11-17 19:28:31.893 V/CameraIntentManager( 9081): dumpIntent is not enable on this device.
11-17 19:28:31.893 W/System.err( 9081): android.provider.Settings$SettingNotFoundException: device_posture
11-17 19:28:31.893 W/System.err( 9081): 	at android.provider.Settings.parseIntSetting(Settings.java:4123)
11-17 19:28:31.893 W/System.err( 9081): 	at android.provider.Settings.-$$Nest$smparseIntSetting(Unknown Source:0)
11-17 19:28:31.893 W/System.err( 9081): 	at android.provider.Settings$Global.getInt(Settings.java:20480)
11-17 19:28:31.893 W/System.err( 9081): 	at d.c.a.a6.f.k.a(Unknown Source:10)
11-17 19:28:31.893 W/System.err( 9081): 	at d.c.a.a6.b.q0(Unknown Source:160)
11-17 19:28:31.893 W/System.err( 9081): 	at com.android.camera.Camera.hb(Unknown Source:175)
11-17 19:28:31.893 W/System.err( 9081): 	at com.android.camera.ActivityBase.onCreate(Unknown Source:29)
11-17 19:28:31.893 W/System.err( 9081): 	at android.app.Activity.performCreate(Activity.java:9155)
11-17 19:28:31.893 W/System.err( 9081): 	at android.app.Activity.performCreate(Activity.java:9133)
11-17 19:28:31.893 W/System.err( 9081): 	at android.app.Instrumentation.callActivityOnCreate(Instrumentation.java:1545)
11-17 19:28:31.893 W/System.err( 9081): 	at android.app.ActivityThread.performLaunchActivity(ActivityThread.java:4272)
11-17 19:28:31.893 D/nativeloader( 9081): Load /system/priv-app/MiuiCamera/MiuiCamera.apk!/lib/arm64-v8a/libxcrash.so using class loader ns clns-shared-9 (caller=/system/priv-app/MiuiCamera/MiuiCamera.apk!classes6.dex): ok
11-17 19:28:31.893 W/System.err( 9081): 	at android.app.ActivityThread.handleLaunchActivity(ActivityThread.java:4477)
11-17 19:28:31.893 W/System.err( 9081): 	at android.app.servertransaction.LaunchActivityItem.execute(LaunchActivityItem.java:222)
11-17 19:28:31.893 W/System.err( 9081): 	at android.app.servertransaction.TransactionExecutor.executeNonLifecycleItem(TransactionExecutor.java:133)
11-17 19:28:31.893 W/System.err( 9081): 	at android.app.servertransaction.TransactionExecutor.executeTransactionItems(TransactionExecutor.java:103)
11-17 19:28:31.893 W/System.err( 9081): 	at android.app.servertransaction.TransactionExecutor.execute(TransactionExecutor.java:80)
11-17 19:28:31.893 W/System.err( 9081): 	at android.app.ActivityThread$H.handleMessage(ActivityThread.java:2833)
11-17 19:28:31.893 W/System.err( 9081): 	at android.os.Handler.dispatchMessage(Handler.java:110)
11-17 19:28:31.893 W/System.err( 9081): 	at android.os.Looper.loopOnce(Looper.java:248)
11-17 19:28:31.894 W/System.err( 9081): 	at android.os.Looper.loop(Looper.java:338)
11-17 19:28:31.894 W/System.err( 9081): 	at android.app.ActivityThread.main(ActivityThread.java:9145)
11-17 19:28:31.894 W/System.err( 9081): 	at java.lang.reflect.Method.invoke(Native Method)
11-17 19:28:31.894 W/System.err( 9081): 	at com.android.internal.os.RuntimeInit$MethodAndArgsCaller.run(RuntimeInit.java:596)
11-17 19:28:31.894 W/System.err( 9081): 	at com.android.internal.os.ZygoteInit.main(ZygoteInit.java:940)
11-17 19:28:31.894 W/CAM_Display( 9081): initialize skip. caz check screen size , windowSize = 1080x2340, appBoundSize = 1080x2340, devicePosture = 0
11-17 19:28:31.894 I/CAM_Camera@146827184( 9081): [P_PERFORM]: checkPermissionAndCTA E
11-17 19:28:31.895 I/DisplayManager( 9081): Choreographer implicitly registered for the refresh rate.
11-17 19:28:31.895 V/DisplayManagerService( 1811): FrozenStateChangeCallback not supported for pid 9081
11-17 19:28:31.895 I/CAM_PermissionManager( 9081): getNeedCheckPermissionList() listSize =0
11-17 19:28:31.895 I/CAM_PermissionManager( 9081): checkCameraLaunchPermissions(), all on
11-17 19:28:31.896 I/CAM_PermissionManager( 9081): getNeedCheckPermissionList() listSize =0
11-17 19:28:31.896 I/CAM_PermissionManager( 9081): checkCameraLocationPermissions(), all on
11-17 19:28:31.896 I/CAM_PermissionManager( 9081): getNeedCheckPermissionList() listSize =0
11-17 19:28:31.896 E/VendorTagDescriptor( 9081): lookupTag: Tag name 'cameraIds' does not exist.
11-17 19:28:31.896 I/CAM_PermissionManager( 9081): checkCameraLocationPermissions(), all on
11-17 19:28:31.896 D/CAM_Camera@146827184( 9081): onCreate(): prefixCamera2Setup
11-17 19:28:31.896 D/CAM_CameraIntentManager( 9081): The caller:null
11-17 19:28:31.896 D/CAM_CameraIntentManager( 9081): start activity when locked: false
11-17 19:28:31.896 I/CAM_Camera@146827184( 9081): [P_PERFORM]: checkPermissionAndCTA X
11-17 19:28:31.896 D/CAM_CameraIntentManager( 9081): camera_launch_source = null
11-17 19:28:31.896 D/CAM_PreFixCamera2Setup( 9081): mModuleChanged true LastMode is null
11-17 19:28:31.896 D/CAM_PreFixCamera2Setup( 9081): subscribe: mIntent = Intent { act=android.intent.action.MAIN cat=[android.intent.category.LAUNCHER] flg=0x10200000 xflg=0x4 cmp=com.android.camera/.Camera bnds=[823,1788][1005,1993] }
11-17 19:28:31.896 D/CAM_CameraIntentManager( 9081): start activity when locked: false
11-17 19:28:31.897 E/VendorTagDescriptor( 9081): lookupTag: Tag name 'cameraIds' does not exist.
11-17 19:28:31.897 E/VendorTagDescriptor( 9081): lookupTag: Tag name 'cameraIds' does not exist.
11-17 19:28:31.898 E/VendorTagDescriptor( 9081): lookupTag: Tag name 'cameraIds' does not exist.
11-17 19:28:31.898 E/VendorTagDescriptor( 9081): lookupTag: Tag name 'cameraIds' does not exist.
11-17 19:28:31.899 E/VendorTagDescriptor( 9081): lookupTag: Tag name 'cameraIds' does not exist.
11-17 19:28:31.899 E/VendorTagDescriptor( 9081): lookupTag: Tag name 'cameraIds' does not exist.
11-17 19:28:31.900 E/VendorTagDescriptor( 9081): lookupTag: Tag name 'cameraIds' does not exist.
11-17 19:28:31.900 E/VendorTagDescriptor( 9081): lookupTag: Tag name 'cameraIds' does not exist.
11-17 19:28:31.901 D/BaseDepthController( 2937): mSurface is null and mCurrentBlur is: 0
11-17 19:28:31.902 E/VendorTagDescriptor( 9081): lookupTag: Tag name 'cameraIds' does not exist.
11-17 19:28:31.902 I/AdrenoGLES-0( 9081): QUALCOMM build                   : db3d445dbc, Ia06b22fa1a
11-17 19:28:31.902 I/AdrenoGLES-0( 9081): Build Date                       : 10/04/21
11-17 19:28:31.902 I/AdrenoGLES-0( 9081): OpenGL ES Shader Compiler Version: EV031.32.02.16
11-17 19:28:31.902 I/AdrenoGLES-0( 9081): Local Branch                     : 
11-17 19:28:31.902 I/AdrenoGLES-0( 9081): Remote Branch                    : 
11-17 19:28:31.902 I/AdrenoGLES-0( 9081): Remote Branch                    : 
11-17 19:28:31.902 I/AdrenoGLES-0( 9081): Reconstruct Branch               : 
11-17 19:28:31.902 I/AdrenoGLES-0( 9081): Build Config                     : S P 10.0.7 AArch64
11-17 19:28:31.902 I/AdrenoGLES-0( 9081): Driver Path                      : /vendor/lib64/egl/libGLESv2_adreno.so
11-17 19:28:31.903 E/VendorTagDescriptor( 9081): lookupTag: Tag name 'cameraIds' does not exist.
11-17 19:28:31.903 D/CAM_CameraUtil( 9081): boostAdj: [800, 0]
11-17 19:28:31.903 D/CAM_CameraIntentManager( 9081): start activity when locked: false
11-17 19:28:31.903 D/CAM_Camera2CompatAdapterRole( 9081): E: initCameraCapabilitiesAsync()
11-17 19:28:31.903 D/CAM_Camera2CompatAdapterRole( 9081): X: init()
11-17 19:28:31.903 I/CAM_CameraAppImpl( 9081): [K_PROCESS]: load +
11-17 19:28:31.903 D/CAM_Camera2CompatAdapter( 9081): E: initCameraCapabilitiesByCameraId(): 0
11-17 19:28:31.904 D/CAM_DataItemGlobal( 9081): parseIntent timeOut = true, intentChanged = false, action = android.intent.action.MAIN, pendingOpenId = 0, pendingOpenModule = 163, intentCameraId = -1, intentType = 0, launchSource = null
11-17 19:28:31.904 I/CAM_PerformanceManager( 9081): [P_PERFORM]: Action: feature load_162_0 takes 1 ms
11-17 19:28:31.905 I/CAM_CameraAppImpl( 9081): [K_PROCESS]: load -
11-17 19:28:31.905 D/CAM_CRE_GlHandlerThread( 9081): new Instance with thread id:9117 name:CameraRenderThread
11-17 19:28:31.905 D/CAM_CameraRenderEngine( 9081): init CameraRenderEngine hash:234965924
11-17 19:28:31.905 D/CAM_CRE_GlHandlerThread( 9081): new egl Instance
11-17 19:28:31.905 D/CAM_CRE_EglCore( 9081): new Instance
11-17 19:28:31.905 D/CAM_RenderEngineV1( 9081): Created 
11-17 19:28:31.905 D/CAM_RCS_StreamingController( 9081): WindowBounds: Rect(0, 0 - 1080, 2340)
11-17 19:28:31.905 D/CAM_RCS_StreamingController( 9081): Device naturally portrait? true
11-17 19:28:31.907 D/CAM_Camera2DataContainer( 9081): Currently user selected zoom ratio is 1.0
11-17 19:28:31.907 D/CAM_Camera2DataContainer( 9081): getActualOpenCameraId: mode=a3, id=0->0
11-17 19:28:31.907 D/CAM_Camera2CompatAdapter( 9081): E: initCameraCapabilitiesByCameraId(): 0
11-17 19:28:31.907 D/CAM_DataItemFeature( 9081): this is ro.boot.camera.config 1
11-17 19:28:31.908 D/CAM_Camera@146827184( 9081): isFromKeyguard: false
11-17 19:28:31.909 D/CAM_DataItemFeature( 9081): this is ro.boot.camera.config 1
11-17 19:28:31.909 D/CAM_WaterMarkUtil2( 9081): getWaterMarkId: all = back_umi_global_mi_10
11-17 19:28:31.911 D/CAM_RenderEngineV1( 9081): initCameraScreenNail
11-17 19:28:31.911 D/CAM_Camera@146827184( 9081): IsMultiCamera: false
11-17 19:28:31.912 D/CAM_FML ( 9081): registerProtocol: Thread name = main
11-17 19:28:31.912 D/CAM_WaterMarkUtil2( 9081): getWaterMarkId: find third = back_umi
11-17 19:28:31.918 D/AudioSystem( 9081): onNewServiceWithAdapter: media.audio_flinger service obtained 0xb400007b8199cff0
11-17 19:28:31.918 D/BaseDepthController( 2937): mSurface is null and mCurrentBlur is: 0
11-17 19:28:31.918 D/AudioSystem( 9081): getService: checking for service media.audio_flinger: 0xb400007b219db760
11-17 19:28:31.918 D/CAM_CameraCapabilities( 9081): QuickShotDelayTime tag not defined
11-17 19:28:31.918 D/CAM_CameraCapabilities( 9081): HQQuickShot: mFeatureMask: 0   mDelayTimeMask: 0
11-17 19:28:31.918 D/CAM_CameraCapabilities( 9081): QuickShotDelayTimeFactor tag not defined
11-17 19:28:31.918 D/CAM_CameraCapabilities( 9081): QuickShot: mDelayTimeFactor: 100
11-17 19:28:31.918 D/audio_hw_primary( 1073): adev_get_parameters:audio_camera_loopback_support
11-17 19:28:31.918 D/CAM_CameraCapabilities( 9081): MiviSuperNight: mSuperNightMask: 0
11-17 19:28:31.918 D/CAM_CameraCapabilities( 9081): QuickShotNextCaptureMask: mQuickShotNextCaptureMask: 0
11-17 19:28:31.918 I/audio_karaoke( 1073): get para : audio_camera_loopback_support = false
11-17 19:28:31.918 D/soundtrigger( 1073): audio_extn_sound_trigger_get_parameters input string<audio_camera_loopback_support=>
11-17 19:28:31.918 D/soundtrigger( 1073): extract_sm_handle input string <audio_camera_loopback_support=> param string <audio_camera_loopback_support=>
11-17 19:28:31.918 D/audio_hw_extn( 1073): audio_extn_fm_get_parameters: Enter
11-17 19:28:31.918 D/audio_hw_extn( 1073): audio_extn_get_parameters: returns audio_camera_loopback_support=false
11-17 19:28:31.918 V/msm8974_platform( 1073): platform_get_parameters: exit: returns - audio_camera_loopback_support=false
11-17 19:28:31.918 D/audio_hw_primary( 1073): adev_get_parameters: exit: returns - audio_camera_loopback_support=false
11-17 19:28:31.919 D/CAM_CameraCapabilities( 9081): QuickShotDelayTime tag not defined
11-17 19:28:31.919 D/CAM_CameraCapabilities( 9081): HQQuickShot: mFeatureMask: 0   mDelayTimeMask: 0
11-17 19:28:31.919 D/CAM_CameraCapabilities( 9081): QuickShotDelayTimeFactor tag not defined
11-17 19:28:31.919 D/CAM_CameraCapabilities( 9081): QuickShot: mDelayTimeFactor: 100
11-17 19:28:31.919 D/CAM_CameraCapabilities( 9081): MiviSuperNight: mSuperNightMask: 0
11-17 19:28:31.919 D/CAM_CameraCapabilities( 9081): QuickShotNextCaptureMask: mQuickShotNextCaptureMask: 0
11-17 19:28:31.919 D/CAM_CameraCapabilities( 9081): getBeautyVersionData: 3 ,beautyVersion: 3 ,beautyAlgo: 1
11-17 19:28:31.920 D/CAM_CameraCapabilities( 9081): getBeautyVersionData: 3 ,beautyVersion: 3 ,beautyAlgo: 1
11-17 19:28:31.920 D/CAM_CameraCapabilities( 9081): SnapshotQuickViewStreamMask: 0
11-17 19:28:31.920 D/CAM_CameraCapabilities( 9081): SnapshotQuickViewStreamMask: 0
11-17 19:28:31.920 D/CAM_Camera2CompatAdapter( 9081): X: initCameraCapabilitiesByCameraId(): 0
11-17 19:28:31.920 D/CAM_Camera2CompatAdapter( 9081): X: initCameraCapabilitiesByCameraId(): 0
11-17 19:28:31.920 D/CAM_CameraCapabilities( 9081): isSupportReplaceSession: false
11-17 19:28:31.920 D/CAM_Camera2OpenManager( 9081): openCamera: reusable = false
11-17 19:28:31.920 D/CAM_Camera2CompatAdapter( 9081): E: initCameraCapabilitiesByCameraId(): 1
11-17 19:28:31.920 D/CAM_Camera2CompatAdapter( 9081): E: initCameraCapabilitiesByCameraId(): 0
11-17 19:28:31.922 I/AdrenoGLES-0( 9081): PFP: 0x016dd093, ME: 0x00000000
