11-17 19:28:33.883 D/CAM_CaptureRequestBuilder( 9081): applyAERegions: default 0
11-17 19:28:33.883 D/CAM_MiCameraCompat( 9081): applyFaceDetection: false、 faceDetectMode: 0
11-17 19:28:33.883 D/CAM_CaptureRequestBuilder( 9081): applyExposureCompensation: 0
11-17 19:28:33.883 D/CAM_HybridZoomingSystem( 9081): toCropRegion(): zoom ratio = 1.0, crop region = Rect(0, 0 - 6016, 4512)
11-17 19:28:33.883 D/CAM_RequestVendorTag( 9081): applyCropRegion: rect = Rect(0, 0 - 6016, 4512)
11-17 19:28:33.884 V/CAM_CaptureRequestBuilder( 9081): applyZoomRatio(): cameraId = 0, zoomRatio = 1.0, activeArraySize = Rect(0, 0 - 6016, 4512), cropRegion = Rect(0, 0 - 6016, 4512)
11-17 19:28:33.884 V/CAM_CaptureRequestBuilder( 9081): EIS: on
11-17 19:28:33.884 V/CAM_CaptureRequestBuilder( 9081): OIS: off
11-17 19:28:33.884 D/CAM_CaptureRequestBuilder( 9081): applyAELock: false
11-17 19:28:33.884 D/CAM_CaptureRequestBuilder( 9081): applyVideoFpsRange: fpsRange = [30, 30]
11-17 19:28:33.884 D/CAM_CaptureRequestBuilder( 9081): applyFrontMirror: false
11-17 19:28:33.885 D/CAM_CaptureRequestBuilder( 9081): applyDeviceOrientation: -1
11-17 19:28:33.885 D/CAM_CameraCapabilities( 9081): isSupportUltraWideLDC: true
11-17 19:28:33.885 D/CAM_MiCameraCompat( 9081): applyUltraWideLDC: false
11-17 19:28:33.885 D/CAM_CaptureRequestBuilder( 9081): applyMacroMode: false
11-17 19:28:33.885 D/CAM_MiCameraCompat( 9081): applyVideoBokehBackLevel -1
11-17 19:28:33.885 D/CAM_MiCameraCompat( 9081): HDR10VideoMode: 0
11-17 19:28:33.885 D/CAM_CaptureRequestBuilder( 9081): applyTrackFocus: false
11-17 19:28:33.885 D/CAM_RequestVendorTag( 9081): applyTrackFocusEnable: value = false
11-17 19:28:33.885 D/CAM_CaptureRequestBuilder( 9081): applyCinematicVideo: false
11-17 19:28:33.885 D/CAM_CameraCapabilities( 9081): FAST_MOTION_FOCUS_DRIFT_COMPENSATION：   FAST_MOTION_FOCUS_DRIFT_COMPENSATION is null
11-17 19:28:33.886 D/CAM_CaptureRequestBuilder( 9081): applyFpsRange: fpsRange = [30, 30]
11-17 19:28:33.886 D/CAM_CaptureRequestBuilder( 9081): applyTrackFocus: false
11-17 19:28:33.886 D/CAM_RequestVendorTag( 9081): applyTrackFocusEnable: value = false
11-17 19:28:33.886 D/CAM_MiCamera2( 9081): startRecordSession: reset session null
11-17 19:28:33.886 I/CAM_MiCamera2( 9081): [K_PROCESS]: startRecordSession: add PreviewSurface configuration: format=0x22 size=1920x1080
11-17 19:28:33.886 I/CAM_MiCamera2( 9081): [K_PROCESS]: startRecordSession: add RecordSurface configuration: format=0x22 size=3840x2160
11-17 19:28:33.886 I/CAM_MiCamera2( 9081): [K_PROCESS]: startRecordSession: add VideoSnapshotImageReader configuration: format=0x100 size=3840x2160
11-17 19:28:33.886 I/CAM_MiCamera2( 9081): [K_PROCESS]: startRecordSession: setup output configuration number: 3
11-17 19:28:33.887 D/CAM_CaptureRequestBuilder( 9081): applyCinematicVideo: false
11-17 19:28:33.887 D/CAM_CaptureRequestBuilder( 9081): applyExposureCompensation: 0
11-17 19:28:33.887 I/CAM_PerformanceManager( 9081): [P_PERFORM]: Action: 3:cameraOpened2createCaptureSession@0_162_0 takes 241 ms
11-17 19:28:33.887 W/cameraserver( 1520): createConfiguredSurface: Camera 0 with consumer usage flag: 256: Forcing asynchronous mode forstream
11-17 19:28:33.888 W/cameraserver( 1520): createConfiguredSurface: Camera 0: Overriding format 0x1 to IMPLEMENTATION_DEFINED
11-17 19:28:33.890 I/cameraserver( 1520): Bypass roundBufferDimensionNearest for privilegedClient YUV streams width 3840 height 2160 for format 33
11-17 19:28:33.891 D/Camera3-Utils( 1520): Set real time priority for thread (tid 14997)
11-17 19:28:33.891 E/CHIUSECASE( 1085): [ERROR  ] chxutils.cpp:1656 GetClientName() failed to find tag clientName
11-17 19:28:33.891 E/CHIUSECASE( 1085): [ERROR  ] chxutils.cpp:1661 GetClientName() failed get clientName
11-17 19:28:33.896 E/CHIUSECASE( 1085): [ERROR  ] chxutils.cpp:1656 GetClientName() failed to find tag clientName
11-17 19:28:33.896 E/CHIUSECASE( 1085): [ERROR  ] chxutils.cpp:1661 GetClientName() failed get clientName
11-17 19:28:33.898 E/CHIEISV2( 1085): EISV2NodeCreate():531 target super eisv2 for usecase is 0
11-17 19:28:33.898 E/CHIEISV2( 1085): EISV2NodeCreate():543 eisv2 heightMarginxwidthMargin = 0.400000 x 0.200000
11-17 19:28:33.898 E/CHIEISV2( 1085): 
11-17 19:28:33.900 E/CHIEISV3( 1085): EISV3NodeCreate():568 target super eis for usecase is 0
11-17 19:28:33.900 E/CHIEISV3( 1085): EISV3NodeCreate():580 eisv3 heightMarginxwidthMargin = 0.400000 x 0.200000
11-17 19:28:33.900 E/CHIEISV3( 1085): 
11-17 19:28:33.901 E/CHIEISV3( 1085): GetTotalMarginsAndFrameDelay():5789 Target fps is 30
11-17 19:28:33.905 V/SYNX-UMD( 1085): Synx Init!
11-17 19:28:33.906 V/SYNX-UMD( 1085): Creating hPollThread = 517337938944
11-17 19:28:33.906 V/SYNX-UMD( 1085): Polling ...
11-17 19:28:33.906 V/SYNX-UMD( 1085): Completed Synx Init
11-17 19:28:33.906 V/SYNX-UMD( 1085): Synx Init!
11-17 19:28:33.906 V/SYNX-UMD( 1085): Initialized /dev/synx_device
11-17 19:28:33.908 E/CHIUSECASE( 1085): [ERROR  ] chxsensorselectmode.cpp:784 FindBestSensorMode() ***FORCING SENSOR MODE 2  -  W=5792 H=4344
11-17 19:28:33.921 E/CamX    ( 1085): [ERROR][SENSOR ] camxsensornode.cpp:3381 ProcessingNodeFinalizeInitialization() camera 0, has ois data umi_ois, has dependency 0 on 
11-17 19:28:33.941 E/CamX    ( 1085): [ERROR][SENSOR ] camxpdafdata.cpp:119 PDAFInit() videomode = 1 tuning mode 2
11-17 19:28:33.959 E/CamX    ( 1085): [ERROR][NCS    ] camxncsintfqsee.cpp:2262 FillCaps() Sensor 6 probe failed during boot
11-17 19:28:33.959 E/CamX    ( 1085): [ERROR][STATS_AEC] camxcaecstatsprocessor.cpp:5324 SetupNCSLinkForSensor() CAECLaser: Unable to Query caps sensor type 6 error CamxResultEFailed
11-17 19:28:33.959 E/CamX    ( 1085): [ERROR][STATS_AEC] camxcaecstatsprocessor.cpp:5267 SetupNCSLink() CAECLaser: Unable to Setup NCS Link For Laser Sensor
11-17 19:28:33.959 E/CamX    ( 1085): [ERROR][STATS_AEC] camxcaecstatsprocessor.cpp:5246 Initialize() CAECLaser: Failed setting up NCS link
11-17 19:28:33.959 E/CamX    ( 1085): [ERROR][STATS_AEC] camxcaecstatsprocessor.cpp:215 Initialize() Failed to Initialize Laser
11-17 19:28:33.959 E/CamX    ( 1085): [ERROR][STATS_AEC] camxcaecstatsprocessor.cpp:6635 DoFlickerFFTProcess() DoFlickerFFTProcess enter
11-17 19:28:33.960 I/sscrpcd (  713): vendor/qcom/proprietary/adsprpc/src/apps_std_imp.c:848: Successfully opened file /sys/class/backlight/panel0-backlight/brightness
11-17 19:28:33.970 E/CamX    ( 1085): [ERROR][NCS    ] camxoissensorintf.cpp:333 StartPollThread() Starting the polling thread for OIS
11-17 19:28:33.970 E/CamX    ( 1085): [ERROR][NCS    ] camxoissensorintf.cpp:651 OISPollThread() FillOISSensorData,Failure polling the nData count is 0!!!!!!!
11-17 19:28:33.970 W/IS_ALGO ( 1085): IS1026: V2: is_valid_init_input(794): iFOVC configuration mismatch. is_ifovc_enabled is false but iFOVC frequency is not zero - 120
11-17 19:28:33.971 W/IS_ALGO ( 1085): IS1026: V3: is_valid_init_input(794): iFOVC configuration mismatch. is_ifovc_enabled is false but iFOVC frequency is not zero - 120
11-17 19:28:33.971 E/IS_ALGO ( 1085): IS1026: V3: is_valid_init_input(994): ois_center_command_enable is true for EIS 3.x, it is recommended that it will be enabled only for EIS 2.x. OIS centering command configuration should be connected only in EIS 2.x node.
11-17 19:28:33.978 E/CamX    ( 1085): [ERROR][NCS    ] camxoissensorintf.cpp:651 OISPollThread() FillOISSensorData,Failure polling the nData count is 0!!!!!!!
11-17 19:28:33.985 E/CamX    ( 1085): [ERROR][NCS    ] camxoissensorintf.cpp:651 OISPollThread() FillOISSensorData,Failure polling the nData count is 0!!!!!!!
11-17 19:28:33.992 E/CamX    ( 1085): [ERROR][NCS    ] camxoissensorintf.cpp:651 OISPollThread() FillOISSensorData,Failure polling the nData count is 0!!!!!!!
11-17 19:28:33.999 E/CamX    ( 1085): [ERROR][NCS    ] camxoissensorintf.cpp:651 OISPollThread() FillOISSensorData,Failure polling the nData count is 0!!!!!!!
11-17 19:28:34.002 I/CVP     ( 1085): File: vendor/qcom/proprietary/cv-noship/cvp/2.0/src/cpu/platform/android/cvpSession.cpp Line: 173 Function: cvpGetDebugEnable() Msg:  CVP Debug Logs Disabled 
11-17 19:28:34.004 I/CVP     ( 1085): File: vendor/qcom/proprietary/cv-noship/cvp/2.0/src/cpu/cvpPower.cpp Line: 621 Function: cvpEstimatePowerDme() Msg: DME Voting
11-17 19:28:34.004 I/CVP     ( 1085): File: vendor/qcom/proprietary/cv-noship/cvp/2.0/src/cpu/cvpPower.cpp Line: 1573 Function: cvpAggreatePower() Msg: After aggregation
11-17 19:28:34.004 I/CVP     ( 1085): File: vendor/qcom/proprietary/cv-noship/cvp/2.0/src/cpu/cvpPower.cpp Line: 85 Function: cvpPrintPower() Msg: Actual      Clock: Fdu 20196660, Ica 7956480, Od 0, Mpu 0, Fw 50400000
11-17 19:28:34.004 I/CVP     ( 1085): File: vendor/qcom/proprietary/cv-noship/cvp/2.0/src/cpu/cvpPower.cpp Line: 89 Function: cvpPrintPower() Msg: Operational Clock: Fdu 20196660, Ica 7956480, Od 0, Mpu 0, Fw 50400000
11-17 19:28:34.004 I/CVP     ( 1085): File: vendor/qcom/proprietary/cv-noship/cvp/2.0/src/cpu/cvpPower.cpp Line: 91 Function: cvpPrintPower() Msg: Actual     Bw: Ddr 96814080, SysCache 0
11-17 19:28:34.004 I/CVP     ( 1085): File: vendor/qcom/proprietary/cv-noship/cvp/2.0/src/cpu/cvpPower.cpp Line: 93 Function: cvpPrintPower() Msg: Opeational Bw: Ddr 96814080, SysCache 0
11-17 19:28:34.004 I/CVP     ( 1085): File: vendor/qcom/proprietary/cv-noship/cvp/2.0/src/cpu/cvpPvtUtils.cpp Line: 138 Function: cvpSetPower() Msg: Update power to KMD
11-17 19:28:34.004 I/CVP     ( 1085): File: vendor/qcom/proprietary/cv-noship/cvp/2.0/src/cpu/cvpPower.cpp Line: 85 Function: cvpPrintPower() Msg: Actual      Clock: Fdu 20196660, Ica 7956480, Od 0, Mpu 0, Fw 50400000
11-17 19:28:34.004 I/CVP     ( 1085): File: vendor/qcom/proprietary/cv-noship/cvp/2.0/src/cpu/cvpPower.cpp Line: 89 Function: cvpPrintPower() Msg: Operational Clock: Fdu 20196660, Ica 7956480, Od 0, Mpu 0, Fw 50400000
11-17 19:28:34.004 I/CVP     ( 1085): File: vendor/qcom/proprietary/cv-noship/cvp/2.0/src/cpu/cvpPower.cpp Line: 91 Function: cvpPrintPower() Msg: Actual     Bw: Ddr 96814080, SysCache 0
11-17 19:28:34.004 I/CVP     ( 1085): File: vendor/qcom/proprietary/cv-noship/cvp/2.0/src/cpu/cvpPower.cpp Line: 93 Function: cvpPrintPower() Msg: Opeational Bw: Ddr 96814080, SysCache 0
11-17 19:28:34.006 I/CVP     ( 1085): File: vendor/qcom/proprietary/cv-noship/cvp/2.0/src/cpu/platform/android/cvpSession.cpp Line: 173 Function: cvpGetDebugEnable() Msg:  CVP Debug Logs Disabled 
11-17 19:28:34.006 E/CamX    ( 1085): [ERROR][NCS    ] camxoissensorintf.cpp:651 OISPollThread() FillOISSensorData,Failure polling the nData count is 0!!!!!!!
11-17 19:28:34.011 I/CVP     ( 1085): File: vendor/qcom/proprietary/cv-noship/cvp/2.0/src/cpu/cvpPower.cpp Line: 621 Function: cvpEstimatePowerDme() Msg: DME Voting
11-17 19:28:34.011 I/CVP     ( 1085): File: vendor/qcom/proprietary/cv-noship/cvp/2.0/src/cpu/cvpPower.cpp Line: 1573 Function: cvpAggreatePower() Msg: After aggregation
11-17 19:28:34.011 I/CVP     ( 1085): File: vendor/qcom/proprietary/cv-noship/cvp/2.0/src/cpu/cvpPower.cpp Line: 85 Function: cvpPrintPower() Msg: Actual      Clock: Fdu 30341250, Ica 32256000, Od 0, Mpu 0, Fw 50400000
11-17 19:28:34.011 I/CVP     ( 1085): File: vendor/qcom/proprietary/cv-noship/cvp/2.0/src/cpu/cvpPower.cpp Line: 89 Function: cvpPrintPower() Msg: Operational Clock: Fdu 30341250, Ica 32256000, Od 0, Mpu 0, Fw 50400000
11-17 19:28:34.011 I/CVP     ( 1085): File: vendor/qcom/proprietary/cv-noship/cvp/2.0/src/cpu/cvpPower.cpp Line: 91 Function: cvpPrintPower() Msg: Actual     Bw: Ddr 210910110, SysCache 0
11-17 19:28:34.011 I/CVP     ( 1085): File: vendor/qcom/proprietary/cv-noship/cvp/2.0/src/cpu/cvpPower.cpp Line: 93 Function: cvpPrintPower() Msg: Opeational Bw: Ddr 210910110, SysCache 0
11-17 19:28:34.011 I/CVP     ( 1085): File: vendor/qcom/proprietary/cv-noship/cvp/2.0/src/cpu/cvpPvtUtils.cpp Line: 138 Function: cvpSetPower() Msg: Update power to KMD
11-17 19:28:34.011 I/CVP     ( 1085): File: vendor/qcom/proprietary/cv-noship/cvp/2.0/src/cpu/cvpPower.cpp Line: 85 Function: cvpPrintPower() Msg: Actual      Clock: Fdu 30341250, Ica 32256000, Od 0, Mpu 0, Fw 50400000
11-17 19:28:34.011 I/CVP     ( 1085): File: vendor/qcom/proprietary/cv-noship/cvp/2.0/src/cpu/cvpPower.cpp Line: 89 Function: cvpPrintPower() Msg: Operational Clock: Fdu 30341250, Ica 32256000, Od 0, Mpu 0, Fw 50400000
11-17 19:28:34.011 I/CVP     ( 1085): File: vendor/qcom/proprietary/cv-noship/cvp/2.0/src/cpu/cvpPower.cpp Line: 91 Function: cvpPrintPower() Msg: Actual     Bw: Ddr 210910110, SysCache 0
11-17 19:28:34.011 I/CVP     ( 1085): File: vendor/qcom/proprietary/cv-noship/cvp/2.0/src/cpu/cvpPower.cpp Line: 93 Function: cvpPrintPower() Msg: Opeational Bw: Ddr 210910110, SysCache 0
11-17 19:28:34.013 E/CamX    ( 1085): [ERROR][NCS    ] camxoissensorintf.cpp:651 OISPollThread() FillOISSensorData,Failure polling the nData count is 0!!!!!!!
11-17 19:28:34.021 E/CamX    ( 1085): [ERROR][NCS    ] camxoissensorintf.cpp:651 OISPollThread() FillOISSensorData,Failure polling the nData count is 0!!!!!!!
11-17 19:28:34.028 E/CamX    ( 1085): [ERROR][NCS    ] camxoissensorintf.cpp:651 OISPollThread() FillOISSensorData,Failure polling the nData count is 0!!!!!!!
11-17 19:28:34.035 E/CamX    ( 1085): [ERROR][NCS    ] camxoissensorintf.cpp:651 OISPollThread() FillOISSensorData,Failure polling the nData count is 0!!!!!!!
11-17 19:28:34.042 E/CamX    ( 1085): [ERROR][NCS    ] camxoissensorintf.cpp:651 OISPollThread() FillOISSensorData,Failure polling the nData count is 0!!!!!!!
11-17 19:28:34.049 E/CamX    ( 1085): [ERROR][NCS    ] camxoissensorintf.cpp:651 OISPollThread() FillOISSensorData,Failure polling the nData count is 0!!!!!!!
11-17 19:28:34.056 E/CamX    ( 1085): [ERROR][NCS    ] camxoissensorintf.cpp:651 OISPollThread() FillOISSensorData,Failure polling the nData count is 0!!!!!!!
11-17 19:28:34.064 E/CamX    ( 1085): [ERROR][NCS    ] camxoissensorintf.cpp:651 OISPollThread() FillOISSensorData,Failure polling the nData count is 0!!!!!!!
11-17 19:28:34.071 E/CamX    ( 1085): [ERROR][NCS    ] camxoissensorintf.cpp:651 OISPollThread() FillOISSensorData,Failure polling the nData count is 0!!!!!!!
11-17 19:28:34.077 E/libprotobuf-native( 1085): [libprotobuf ERROR external/protobuf/src/google/protobuf/message_lite.cc:123] Can't parse message of type "sns_flicker_event" because it is missing required fields: (cannot determine missing fields for lite message)
11-17 19:28:34.078 E/libprotobuf-native( 1085): [libprotobuf ERROR external/protobuf/src/google/protobuf/message_lite.cc:123] Can't parse message of type "sns_flicker_event" because it is missing required fields: (cannot determine missing fields for lite message)
11-17 19:28:34.078 E/CamX    ( 1085): [ERROR][NCS    ] camxoissensorintf.cpp:651 OISPollThread() FillOISSensorData,Failure polling the nData count is 0!!!!!!!
11-17 19:28:34.085 E/CamX    ( 1085): [ERROR][NCS    ] camxoissensorintf.cpp:651 OISPollThread() FillOISSensorData,Failure polling the nData count is 0!!!!!!!
11-17 19:28:34.145 D/Camera3-Device( 1520): Set real time priority for request queue thread (tid 9260)
11-17 19:28:34.145 D/Camera3-Utils( 1520): Set regular priority for thread (tid 14997)
11-17 19:28:34.146 I/CAM_MiCamera2( 9081): [K_PROCESS]: onConfigured: id = 1, session = android.hardware.camera2.impl.CameraCaptureSessionImpl@3ec39c, Reprocessable = false
11-17 19:28:34.146 I/CAM_PerformanceManager( 9081): [P_PERFORM]: Action: 4:[HAL]createCaptureSession@0_162_0 takes 259 ms
11-17 19:28:34.146 V/CAM_FocusManager( 9081): setFocusState: 0
11-17 19:28:34.146 I/CAM_MiCamera2( 9081): [K_PROCESS]: onConfigured: is mDeferOutputConfigurations null: true
11-17 19:28:34.146 D/CAM_k8  ( 9081): onPreviewSessionSuccess: android.hardware.camera2.impl.CameraCaptureSessionImpl@3ec39c
11-17 19:28:34.146 D/CAM_k8  ( 9081): onPreviewSessionSuccess: session=android.hardware.camera2.impl.CameraCaptureSessionImpl@3ec39c
11-17 19:28:34.146 D/CAM_BaseModule( 9081): types:24,29,13,35,19,47,5,9,10,14,52,67,68,69,60,75,65,80,81,85,70,96,103,104,114,111,112,109,, k8@248719514: mid = 162, cid = 0, created = true, departed = false
11-17 19:28:34.146 I/CAM_BaseModule( 9081): [K_PROCESS]: enableCameraControls: enable = true, caller: d.c.a.q6.r7.g0(Unknown Source:19), d.c.a.q6.k8.o1(Unknown Source:67), d.c.b.p4$g.b(Unknown Source:40), 
11-17 19:28:34.146 D/audio_hw_primary( 1073): adev_get_parameters:audio_camera_gain_support
11-17 19:28:34.146 I/audio_karaoke( 1073): get para : audio_camera_gain_support = false
11-17 19:28:34.147 D/soundtrigger( 1073): audio_extn_sound_trigger_get_parameters input string<audio_camera_gain_support=>
11-17 19:28:34.147 D/soundtrigger( 1073): extract_sm_handle input string <audio_camera_gain_support=> param string <audio_camera_gain_support=>
11-17 19:28:34.147 D/audio_hw_extn( 1073): audio_extn_fm_get_parameters: Enter
11-17 19:28:34.147 D/audio_hw_extn( 1073): audio_extn_get_parameters: returns audio_camera_gain_support=false
11-17 19:28:34.147 V/msm8974_platform( 1073): platform_get_parameters: exit: returns - audio_camera_gain_support=false
11-17 19:28:34.147 W/.android.camera( 9081): Long monitor contention with owner CameraSetup (9115) at void android.hardware.camera2.impl.CameraDeviceImpl.waitUntilIdle()(CameraDeviceImpl.java:1750) waiters=0 in void android.hardware.camera2.impl.CameraDeviceImpl$6.run() for 260ms
11-17 19:28:34.147 D/audio_hw_primary( 1073): adev_get_parameters: exit: returns - audio_camera_gain_support=false
11-17 19:28:34.149 D/CAM_k8  ( 9081): onCameraOpened: X
11-17 19:28:34.149 D/CAM_RenderEngineV1( 9081): V1: setSurfaceTextureDataSpaceTranslator: not supported
11-17 19:28:34.149 D/CAM_EffectController( 9081): setRenderEngine: d.c.a.r7.p2.s@abda0fa this:com.android.camera2.compat.theme.custom.cv.filter.EffectControllerCv@525e6ab
11-17 19:28:34.149 D/CAM_BaseModule( 9081): onRenderEngineCreate, engine = d.c.a.r7.p2.s@abda0fa, ColorSpace.Description(tex: SRGB, dpy: SRGB)
11-17 19:28:34.149 D/CAM_EffectRenderGroup( 9081): onEffectChanged: EFFECT_CHANGE_FILTER mEffectId = 66048
11-17 19:28:34.149 D/CAM_BaseModule( 9081): registerProtocol
11-17 19:28:34.149 I/CAM_BaseModule( 9081): onResume: k8@248719514: mid = 162, cid = 0, created = true, departed = false
11-17 19:28:34.149 I/CAM_PermissionManager( 9081): getNeedCheckPermissionList() listSize =0
11-17 19:28:34.149 I/CAM_PermissionManager( 9081): checkCameraLaunchPermissions(), all on
11-17 19:28:34.150 D/NativePermissionController( 1248): checkPermission: missing 13 for 10586
11-17 19:28:34.150 D/NativePermissionController( 1248): checkPermission: missing 13 for 10586
11-17 19:28:34.151 D/NativePermissionController( 1248): checkPermission: missing 13 for 10586
11-17 19:28:34.151 D/NativePermissionController( 1248): checkPermission: missing 13 for 10586
11-17 19:28:34.151 D/CAM_AudioManagerAudioDeviceCallback( 9081): Audio device added or removed: Mi 10 type: 1 isAdd: true canBreakFlag: true
11-17 19:28:34.151 D/CAM_CameraUtil( 9081): isWiredAudioHeadset.type: 1
11-17 19:28:34.151 D/CAM_AudioManagerAudioDeviceCallback( 9081): Audio device added or removed: Mi 10 type: 2 isAdd: true canBreakFlag: true
11-17 19:28:34.151 D/CAM_CameraUtil( 9081): isWiredAudioHeadset.type: 2
11-17 19:28:34.151 D/CAM_AudioManagerAudioDeviceCallback( 9081): Audio device added or removed: Mi 10 type: 18 isAdd: true canBreakFlag: true
11-17 19:28:34.151 D/CAM_CameraUtil( 9081): isWiredAudioHeadset.type: 18
11-17 19:28:34.151 D/CAM_AudioManagerAudioDeviceCallback( 9081): Audio device added or removed: Mi 10 type: 15 isAdd: true canBreakFlag: true
11-17 19:28:34.151 D/CAM_CameraUtil( 9081): isWiredAudioHeadset.type: 15
11-17 19:28:34.151 D/CAM_AudioManagerAudioDeviceCallback( 9081): Audio device added or removed: Mi 10 type: 18 isAdd: true canBreakFlag: true
11-17 19:28:34.151 D/CAM_CameraUtil( 9081): isWiredAudioHeadset.type: 18
11-17 19:28:34.151 D/CAM_AudioManagerAudioDeviceCallback( 9081): Audio device added or removed: Mi 10 type: 15 isAdd: true canBreakFlag: true
11-17 19:28:34.151 D/CAM_CameraUtil( 9081): isWiredAudioHeadset.type: 15
11-17 19:28:34.151 D/CAM_AudioManagerAudioDeviceCallback( 9081): Audio device added or removed: Mi 10 type: 25 isAdd: true canBreakFlag: true
11-17 19:28:34.151 D/CAM_CameraUtil( 9081): isWiredAudioHeadset.type: 25
11-17 19:28:34.151 D/CAM_AudioManagerAudioDeviceCallback( 9081): Audio device added or removed: Mi 10 type: 16 isAdd: true canBreakFlag: true
11-17 19:28:34.151 D/CAM_CameraUtil( 9081): isWiredAudioHeadset.type: 16
11-17 19:28:34.151 D/CAM_AudioManagerAudioDeviceCallback( 9081): onAudioDevicesAddedOrRemoved: false
11-17 19:28:34.152 I/CAM_PerformanceManager( 9081): [P_PERFORM]: Action: A4:switch_module_setup_162_0 takes 492 ms
11-17 19:28:34.152 W/CAM_BaseModule( 9081): aiAudioV3State:params null,listen is returning.
11-17 19:28:34.152 D/CAM_DataItemGlobal( 9081): reInit: mLastCameraId = 0, currentCameraId = 0
11-17 19:28:34.152 I/CAM_PerformanceManager( 9081): [P_PERFORM]: Action: A5:switch_data_setup_162_0 takes 0 ms
11-17 19:28:34.152 D/CAM_BaseModule( 9081): accept 24,29,13,35,19,47,5,9,10,14,52,67,68,69,60,75,65,80,81,85,70,96,103,104,114,111,112,109,. d.c.a.q6.r7$e@cbf1321
11-17 19:28:34.152 D/CAM_Camera@146827184( 9081): showGuide = 162  isCtsCall = false
11-17 19:28:34.152 D/CAM_BaseModule( 9081): begin to consumePreference..
11-17 19:28:34.152 D/CAM_Camera@146827184( 9081): removeNewBie = null
11-17 19:28:34.152 W/CAM_Camera2CompatAdapterRole( 9081): Warning: getAuxCameraId(): #init() failed, roleId=20
11-17 19:28:34.152 W/CAM_Camera2CompatAdapterRole( 9081): Warning: getUltraTeleCameraId(): #init() failed, roleId=23
11-17 19:28:34.152 I/CAM_PermissionManager( 9081): getNeedCheckPermissionList() listSize =0
11-17 19:28:34.152 I/CAM_PermissionManager( 9081): checkCameraLaunchPermissions(), all on
11-17 19:28:34.152 D/CAM_ZoomManager( 9081): applyZoomRatio(): apply zoom ratio to device = 1.0
11-17 19:28:34.152 V/CAM_BaseModule( 9081): onPreviewLayoutChanged: Rect(0, 246 - 1080, 2166)
11-17 19:28:34.152 V/CAM_CameraConfigManager( 9081): setZoomRatio(): 1.0
11-17 19:28:34.152 D/CAM_CameraConfigs( 9081): zoom ratio diff: 0.0
11-17 19:28:34.152 D/CAM_STScreenNail( 9081): setDisplayArea Rect(0, 246 - 1080, 2166)
11-17 19:28:34.152 D/CAM_HybridZoomingSystem( 9081): toCropRegion(): zoom ratio = 1.0, crop region = Rect(0, 0 - 6016, 4512)
11-17 19:28:34.153 V/CAM_STScreenNail( 9081): updateReadPixelsSize: 720x960
11-17 19:28:34.153 D/CAM_RequestVendorTag( 9081): applyCropRegion: rect = Rect(0, 0 - 6016, 4512)
11-17 19:28:34.153 V/CAM_CaptureRequestBuilder( 9081): applyZoomRatio(): cameraId = 0, zoomRatio = 1.0, activeArraySize = Rect(0, 0 - 6016, 4512), cropRegion = Rect(0, 0 - 6016, 4512)
11-17 19:28:34.153 V/CAM_CameraConfigManager( 9081): setExposureMeteringMode: 1
11-17 19:28:34.153 V/CAM_CameraConfigManager( 9081): setDeviceOrientation: 0
11-17 19:28:34.153 D/CAM_CaptureRequestBuilder( 9081): applyDeviceOrientation: 0
11-17 19:28:34.153 D/CAM_CameraCapabilities( 9081): is30fpsDynamicSupported: false
11-17 19:28:34.153 D/CAM_CameraCapabilities( 9081): is60fpsDynamicSupported: 0
11-17 19:28:34.153 D/CAM_BaseModuleCameraManager( 9081): updateFpsRange: available fps:[10, 10]
11-17 19:28:34.153 D/CAM_BaseModuleCameraManager( 9081): updateFpsRange: available fps:[12, 12]
11-17 19:28:34.153 D/CAM_BaseModuleCameraManager( 9081): updateFpsRange: available fps:[15, 15]
11-17 19:28:34.153 D/CAM_BaseModuleCameraManager( 9081): updateFpsRange: available fps:[24, 24]
11-17 19:28:34.153 D/CAM_BaseModuleCameraManager( 9081): updateFpsRange: available fps:[25, 25]
11-17 19:28:34.153 D/CAM_BaseModuleCameraManager( 9081): updateFpsRange: available fps:[10, 30]
11-17 19:28:34.153 D/CAM_BaseModuleCameraManager( 9081): updateFpsRange: available fps:[12, 30]
11-17 19:28:34.153 D/CAM_BaseModuleCameraManager( 9081): updateFpsRange: available fps:[30, 30]
11-17 19:28:34.154 D/CAM_BaseModuleCameraManager( 9081): bestRange = [30, 30]
11-17 19:28:34.154 V/CAM_CameraConfigManager( 9081): setFpsRange: [30, 30]
11-17 19:28:34.154 D/CAM_CaptureRequestBuilder( 9081): applyFpsRange: fpsRange = [30, 30]
11-17 19:28:34.154 I/CAM_CameraConfigManager( 9081): [K_PROCESS]: setVideoFpsRange: [30, 30]
11-17 19:28:34.154 D/CAM_FaceView( 9081): setSkipDraw: mSkipDraw=false
11-17 19:28:34.154 V/CAM_CameraConfigManager( 9081): startFaceDetection
11-17 19:28:34.154 D/CAM_MiCameraCompat( 9081): applyFaceDetection: true、 faceDetectMode: 1
11-17 19:28:34.154 D/CAM_BaseModule( 9081): antiBanding: 3
11-17 19:28:34.154 V/CAM_CameraConfigManager( 9081): setAntiBanding: 3
11-17 19:28:34.154 D/CAM_BaseModule( 9081): flashMode: 0
11-17 19:28:34.154 V/CAM_MiCamera2( 9081): setFlashMode: 0
11-17 19:28:34.154 D/CAM_MiCamera2( 9081): applyFlashMode: request android.hardware.camera2.CaptureRequest$Builder@f0f346e, applyType = 1
11-17 19:28:34.154 D/CAM_MiCameraCompat( 9081): applyFlashMode: mode = 0
11-17 19:28:34.154 D/CAM_MiCamera2( 9081): applyFlashMode: flashMode = 0, mScreenLightCallback = null
11-17 19:28:34.154 D/CAM_CaptureRequestBuilder( 9081): applyScreenLightHint(): false
11-17 19:28:34.154 V/CAM_CameraConfigManager( 9081): setFocusMode: 3
11-17 19:28:34.154 D/CAM_CaptureRequestBuilder( 9081): applyAFRegions: default 0
11-17 19:28:34.154 D/CAM_CaptureRequestBuilder( 9081): applyAERegions: default 0
11-17 19:28:34.154 I/CAM_BaseModuleCameraManager( 9081): backVideoBokeh: 0
11-17 19:28:34.154 D/CAM_MiCameraCompat( 9081): applyVideoBokehBackLevel 0
11-17 19:28:34.155 V/CAM_CameraConfigManager( 9081): setCinematicVideoEnabled: false
11-17 19:28:34.155 D/CAM_CaptureRequestBuilder( 9081): applyCinematicVideo: false
11-17 19:28:34.155 V/CAM_CameraConfigManager( 9081): setHistogramStatsEnabled: false
11-17 19:28:34.155 I/CAM_BaseModuleCameraManager( 9081): backVideoBokeh: 0
11-17 19:28:34.155 D/CAM_MiCameraCompat( 9081): applyVideoBokehBackLevel 0
11-17 19:28:34.155 D/CAM_k8  ( 9081): Video ASD = false
11-17 19:28:34.155 V/CAM_CameraConfigManager( 9081): setASDEnable: false
11-17 19:28:34.155 D/CAM_BaseModuleCameraManager( 9081): updateASD call setASDEnable with false
11-17 19:28:34.155 D/CAM_k8  ( 9081): setMotionDetectionArea11: 
11-17 19:28:34.155 V/CAM_CameraConfigManager( 9081): setAperture(): 0.0
11-17 19:28:34.156 D/CAM_CameraConfigs( 9081): aperture: 0.0
11-17 19:28:34.156 V/CAM_CameraConfigManager( 9081): setExposureMode(): 0
11-17 19:28:34.156 D/CAM_CameraConfigs( 9081): setExposureMode: 0
11-17 19:28:34.156 V/CAM_CameraConfigManager( 9081): setIsZoomSpeedUp(): false
11-17 19:28:34.156 V/CAM_CaptureRequestBuilder( 9081): applyIsZoomSpeedUp(): false
11-17 19:28:34.156 V/CAM_CameraConfigManager( 9081): setIsZoomSpeedDown(): false
11-17 19:28:34.156 V/CAM_CaptureRequestBuilder( 9081): applyIsZoomSpeedDown(): false
11-17 19:28:34.156 D/CAM_BaseModuleCameraManager( 9081): updateTeleFallbackMode: curCamId=0
11-17 19:28:34.156 I/CAM_PerformanceManager( 9081): [P_PERFORM]: Action: 5.2:applyPreviewSettings_162_0 takes 4 ms
11-17 19:28:34.156 I/CAM_PerformanceManager( 9081): [P_PERFORM]: Action: 5:captureSessionReady2startPreview_162_0 takes 10 ms
11-17 19:28:34.156 V/CAM_MiCamera2( 9081): resumePreview: cameraId=0 highSpeed=false | caller=d.c.b.p4.A0(Unknown Source:71), d.c.a.q6.r7$e.a(Unknown Source:203), d.c.a.q6.r7$e.accept(Unknown Source:2), io.reactivex.internal.observers.LambdaObserver.onNext(Unknown Source:8), 
11-17 19:28:34.157 D/CameraService( 1520): startCameraStreamingOps: Start data delivery for uid 10586
11-17 19:28:34.157 I/CAM_MiCamera2( 9081): [K_PROCESS]: resumePreview: repeating sequenceId: 0
11-17 19:28:34.163 D/CAM_CameraScreenNail( 9081): setPreviewFrameLayoutSize: 1080x1920
11-17 19:28:34.163 V/CAM_STScreenNail( 9081): updateReadPixelsSize: 720x1280
11-17 19:28:34.163 E/CAM_FocusManagerAbstract( 9081): setRenderSize: 1080 | 1920
11-17 19:28:34.163 D/CAM_FocusManager( 9081): setPreviewSize: 1080x1920
11-17 19:28:34.163 D/CAM_FragmentModeSelector( 9081): switchMoreMode open: true, style: 0, mCurrentMode: 162
11-17 19:28:34.163 D/CAM_DragLayout( 9081): disableAllMode
11-17 19:28:34.163 D/CAM_DragLayout( 9081): setDragEnable mDragMode : false, enable false, force : false
11-17 19:28:34.163 D/CAM_ModeSelectViewCV( 9081): updateSelectedItem 162
11-17 19:28:34.163 E/CamX    ( 1085): [ERROR][SENSOR ] camxoisdata.cpp:437 CreateOISModeCmd() [OISEIS] m_MaxOisFilterX=0x1756,m_MaxOisFilterY=0x1756
11-17 19:28:34.163 D/CAM_RenderEngineV1( 9081): V1: setTextureColorSpace: SRGB
11-17 19:28:34.163 D/CAM_STScreenNail( 9081): setTextureColorSpace: SRGB
11-17 19:28:34.163 D/CAM_RenderEngineV1( 9081): V1: setDisplayColorSpace: SRGB
11-17 19:28:34.163 D/CAM_CameraRenderEngine( 9081): setDisplayColorSpace: SRGB
11-17 19:28:34.163 D/CAM_CameraRenderEngine( 9081): setDisplayColorSpace: nothing change.
11-17 19:28:34.166 I/CAM_ AdaptiveTv( 9081): init:  mMaxFontScale :1.25
11-17 19:28:34.166 D/CAM_ModeSelectViewCV( 9081): getHeaderOffset w = 1000, itemWidth = 172, textWidth = 104.0
11-17 19:28:34.166 D/CAM_ModeSelectViewCV( 9081): res = {1.0 214mcc22mnc [es_ES] ldltr sw393dp w393dp h794dp 440dpi nrml long hdr widecg port night finger -keyb/v/h -nav/h winConfig={ mBounds=Rect(0, 0 - 1080, 2340) mAppBounds=Rect(0, 90 - 1080, 2274) mMaxBounds=Rect(0, 0 - 1080, 2340) mDisplayRotation=ROTATION_0 mWindowingMode=fullscreen mActivityType=standard mAlwaysOnTop=undefined mRotation=ROTATION_0} as.3 s.2 fontWeightAdjustment=0}
11-17 19:28:34.166 D/CAM_ModeSelectViewCV( 9081): moveToPosition select pos = 3, offset = 414, mode = 162
11-17 19:28:34.166 D/CAM_CameraUtil( 9081): hideCoveredBlackView
11-17 19:28:34.166 E/CAM_CameraUtil( 9081): call hideCoveredBlackView failed! android.cameracovered.MiuiCameraCoveredManager
11-17 19:28:34.166 D/CAM_FragmentTopBar( 9081): notifyDataChanged currentMode = 162
11-17 19:28:34.166 D/CAM_FragmentTopBar( 9081): updateConfigItem configItem = 208
11-17 19:28:34.166 D/EndTopBarAdapter( 9081): notifyTopBarItemChanged: 208
11-17 19:28:34.166 D/EndTopBarAdapter( 9081): changeIndex: 0
11-17 19:28:34.166 D/EndTopBarAdapter( 9081): applyChange:208
11-17 19:28:34.166 D/CAM_FragmentTopBar( 9081): updateConfigItem configItem = 207
11-17 19:28:34.166 D/CAM_FragmentTopBar( 9081): updateConfigItem configItem = 194
11-17 19:28:34.166 D/CAM_FragmentTopBar( 9081): updateConfigItem configItem = 205
11-17 19:28:34.166 D/CAM_FragmentTopBar( 9081): updateConfigItem configItem = 193
11-17 19:28:34.166 D/StartTopBarAdapter( 9081): notifyTopBarItemChanged: 193
11-17 19:28:34.166 D/StartTopBarAdapter( 9081): changeIndex: 0
11-17 19:28:34.167 D/StartTopBarAdapter( 9081): applyChange:193
11-17 19:28:34.171 D/CAM_FragmentBottomPopupTips( 9081): updateTipImage mCustomRoot is null : false
11-17 19:28:34.171 D/CAM_FragmentBottomPopupTips( 9081): cancelUpdateTipImage 
11-17 19:28:34.172 D/CAM_FragmentBottomPopupTips( 9081): toggleSoftLightTip: visible=false
11-17 19:28:34.173 D/CAM_AbstractFragment( 9081): baseUpdateView FragmentReferenceLine, true
11-17 19:28:34.173 I/CAM_PerformanceManager( 9081): [P_PERFORM]: Action: A6:switch_ui_setup_162_0 takes 21 ms
11-17 19:28:34.175 D/NfcService(23814): setReaderMode: uid=1000, packageName: android, flags: 4096
11-17 19:28:34.175 E/NfcService(23814): setReaderMode: called with invalid flag parameter.
11-17 19:28:34.176 I/RefreshRateSelector( 1254): Display 4630946545580055169 policy changed
11-17 19:28:34.176 I/RefreshRateSelector( 1254): Previous: {defaultModeId=1, allowGroupSwitching=false, primaryRanges={physical=[0.00 Hz, 120.00 Hz], render=[0.00 Hz, 120.00 Hz]}, appRequestRanges={physical=[0.00 Hz, 120.00 Hz], render=[0.00 Hz, 120.00 Hz]} idleScreenConfig=nullptr}
11-17 19:28:34.176 I/RefreshRateSelector( 1254): Current:  DisplayManagerPolicy{defaultModeId=0, allowGroupSwitching=false, primaryRanges={physical=[60.00 Hz, 120.00 Hz], render=[60.00 Hz, 60.00 Hz]}, appRequestRanges={physical=[60.00 Hz, 120.00 Hz], render=[60.00 Hz, 60.00 Hz]} idleScreenConfig=nullptr}
11-17 19:28:34.176 I/RefreshRateSelector( 1254): 0 mode changes were performed under the previous policy
11-17 19:28:34.176 D/DisplayModeController( 1254): setDesiredMode 4630946545580055169 {mode={fps=60.00 Hz, modePtr={id=0, vsyncRate=60.00 Hz, peakRefreshRate=60.00 Hz}}, emitEvent=true, force=false}
11-17 19:28:34.179 D/CAM_CameraSettings( 9081): isVhdrOn: hdr component not init or empty
11-17 19:28:34.179 D/CAM_InputDeviceManager( 9081): updateZoomSegment: moduleIndex: 162, zoomSeg[0.6, 1.0, 2.0]
11-17 19:28:34.179 D/CAM_Camera@146827184( 9081): CameraSetupConsumer#accept: switch module done
11-17 19:28:34.179 I/CAM_PerformanceManager( 9081): [P_PERFORM]: Action: A7:switch_setup_consumer_162_0 takes 6 ms
11-17 19:28:34.180 D/CAM_DragLayout( 9081): setDragEnable mDragMode : false, mPromptMode : false,mBar : null,withAnim : false
11-17 19:28:34.180 D/StartTopBarAdapter( 9081): onBindViewHolder
11-17 19:28:34.181 D/StartTopBarAdapter( 9081): updateView - anim id = 2131886459
11-17 19:28:34.181 I/StartTopBarAdapter( 9081): shouldEnableAnim = false
11-17 19:28:34.181 D/StartTopBarAdapter( 9081): showJsonAnimation - anim id = 2131886459 image view = com.android.camera2.compat.theme.custom.mm.top.StrikethroughImageView{c9d6eb V.ED..C.. ......I. 0,0-116,116}
11-17 19:28:34.181 D/EndTopBarAdapter( 9081): onBindViewHolder
11-17 19:28:34.181 D/EndTopBarAdapter( 9081): updateView - anim id = 0
11-17 19:28:34.323 I/QC2Comp ( 1563): [avcE_44] Stats: Works: Q: 0/Done 0|Work-Rate: Q(0.0/s Avg=0.0/s) Done(0.000/s Avg=0.000/s)| Stream: 30.00fps 0.0Kbps 0x0| Pending(0) i/p-done(0)
11-17 19:28:34.328 E/libprotobuf-native( 1085): [libprotobuf ERROR external/protobuf/src/google/protobuf/message_lite.cc:123] Can't parse message of type "sns_flicker_event" because it is missing required fields: (cannot determine missing fields for lite message)
11-17 19:28:34.328 E/libprotobuf-native( 1085): [libprotobuf ERROR external/protobuf/src/google/protobuf/message_lite.cc:123] Can't parse message of type "sns_flicker_event" because it is missing required fields: (cannot determine missing fields for lite message)
11-17 19:28:34.330 V/CAM_CameraRenderEngine( 9081): onDrawFrame rendering count:66
11-17 19:28:34.404 E/CHIEISV3( 1085): UpdateMetaData():5588 Algo has no output for request id 1
11-17 19:28:34.407 E/CamX    ( 1085): [ERROR][STATS_AEC] chistogramtargetcalculator.cpp:1294: calculateTarget Video AEC : m_luxIndex 505.245789 lux_e 0.000000 m_nodeDRCgain 1.000000 DRC gain 1.000000 
11-17 19:28:34.417 D/CAM_MiCamera2( 9081): processAfResult: afState changed from -1 to 0
11-17 19:28:34.417 W/CAM_MiCamera2( 9081): isFocusLocked: 0
11-17 19:28:34.424 D/CAM_MiCamera2( 9081): onCaptureCompleted: sequenceId = 0, frameNumber = 0
11-17 19:28:34.424 D/CAM_MiCamera2( 9081): setState: 1
11-17 19:28:34.432 D/CAM_CameraSettings( 9081): isVhdrOn: hdr component not init or empty
11-17 19:28:34.433 D/CAM_Camera2DataContainer( 9081): Currently user selected zoom ratio is 1.0
11-17 19:28:34.433 D/CAM_Camera2DataContainer( 9081): Use main camera when no supportVideoSATForVideoQuality
11-17 19:28:34.433 D/CAM_Camera2DataContainer( 9081): getActualOpenCameraId: mode=a2, id=0->0
11-17 19:28:34.433 I/CAM_CameraScreenNail( 9081): [K_PROCESS]: onFrameAvailable first frame arrived.
11-17 19:28:34.433 D/CAM_ActivityBase( 9081): onFrameAvailable: trackModeSwitchCost: 963
11-17 19:28:34.434 I/CAM_PerformanceManager( 9081): [P_PERFORM]: Event: SWITCH_MODULE_162_0 takes 964 ms
11-17 19:28:34.434 I/CAM_PerformanceManager( 9081): [P_PERFORM]: Event: SWITCH_MODULE takes 964 is less than 1000
11-17 19:28:34.434 I/CAM_PerformanceManager( 9081): [P_PERFORM]: Action: 6:[HAL]startPreview2firstFrame_162_0 takes 278 ms
11-17 19:28:34.434 D/CAM_RenderEngineV1( 9081): clearAnimation
11-17 19:28:34.434 D/CAM_FragmentBottomAction( 9081): setClickEnable: true
11-17 19:28:34.434 D/CAM_CameraSnapView( 9081): setClickEnable: true
11-17 19:28:34.434 I/CAM_BaseModule( 9081): [K_PROCESS]: enableCameraControls: enable = true, caller: d.c.a.q6.r7.g0(Unknown Source:19), com.android.camera.Camera.ni(Unknown Source:143), com.android.camera.ActivityBase.pi(Unknown Source:313), 
11-17 19:28:34.434 D/CAM_BaseModule( 9081): setFrameAvailable true
11-17 19:28:34.434 D/CAM_FocusView( 9081): reset: type = 8, is draw = false, mIsTouchFocus = false
11-17 19:28:34.435 D/CAM_InputDeviceManager( 9081): updateConnStatus: E.
11-17 19:28:34.435 D/CAM_InputDeviceManager( 9081): updateConnStatus: X. cost: 0
11-17 19:28:34.435 D/CAM_k8  ( 9081): notifyAfterFirstFrameArrived.m3ALocked: false
11-17 19:28:34.436 D/CAM_BottomCV( 9081): adjustThumbBg android.widget.ImageView{4c645ac VFED..... ......ID 0,0-100,100 #7f0b06f2 app:id/v9_thumbnail_image}
11-17 19:28:34.436 D/CAM_FragmentModeSelector( 9081): setClickEnable: true
11-17 19:28:34.436 D/CAM_FragmentModeSelector( 9081): notifyAfterFrameAvailable: dragChild's VState: 0 AlphaState: 1.0 TransLationY: 0.0
11-17 19:28:34.436 D/CAM_FragmentMainContentMM( 9081): setClickEnable: true
11-17 19:28:34.436 V/CAM_FaceView( 9081): mCameraDisplayOrientation=90
11-17 19:28:34.437 D/CAM_FocusView( 9081): onCameraOpen>>
11-17 19:28:34.437 W/CAM_FocusView( 9081): onCameraOpen: adapter=d.c.a.r7.t1@e278f1b
11-17 19:28:34.437 D/CAM_TrackFocusView( 9081): clear
11-17 19:28:34.437 D/CAM_FragmentTopBar( 9081): setClickEnable: true
11-17 19:28:34.437 D/CAM_FragmentTopAlert( 9081): setClickEnable: true
11-17 19:28:34.437 D/CAM_FragmentTopBar( 9081): updateConfigItem configItem = 193
11-17 19:28:34.437 D/StartTopBarAdapter( 9081): notifyTopBarItemChanged: 193
11-17 19:28:34.437 D/StartTopBarAdapter( 9081): changeIndex: 0
11-17 19:28:34.438 D/StartTopBarAdapter( 9081): applyChange:193
11-17 19:28:34.438 D/CAM_ConfigChangeImpl( 9081): reCheckAiAudio:SupportAiAudioNew
11-17 19:28:34.439 D/CAM_ConfigChangeImpl( 9081): reCheckAiAudioSingle:alertAiAudioSingleBGHint
11-17 19:28:34.440 D/CAM_FragmentDualCameraAdjustMM( 9081): setClickEnable: true
11-17 19:28:34.440 D/CAM_ZoomRatioToggleView( 9081): setEnabled(): true
11-17 19:28:34.440 D/CAM_FragmentDualCameraAdjust( 9081): initZoomRatioForBackCamera(): zoom: 1.0
11-17 19:28:34.440 D/CAM_CameraSettings( 9081): isVhdrOn: hdr component not init or empty
11-17 19:28:34.440 D/CAM_FragmentDualCameraAdjustMM( 9081): provideAnimateElement(): initialized zoom ratio: 1.0
11-17 19:28:34.441 D/CAM_ZoomRatioToggleView( 9081): count = 3
11-17 19:28:34.441 D/CAM_ZoomRatioToggleView( 9081): setSuppressed(): false
11-17 19:28:34.441 D/CAM_ZoomRatioToggleView( 9081): setSuppressed() ignored: false
11-17 19:28:34.441 I/CAM_ZoomRatioToggleView( 9081): [U_ACTION]: setZoomRatio(): a = ZOOMING_BY_UNKNOWN_SOURCE,i = 1,z = 1.0,ti =1,tz =1.0
11-17 19:28:34.444 D/CAM_BaseModule( 9081): isSupportAFSaliency=false
11-17 19:28:34.448 D/CAM_FragmentDualCameraAdjust( 9081): initZoomRatioForBackCamera(): zoom: 1.0
11-17 19:28:34.449 D/CAM_CameraSettings( 9081): isVhdrOn: hdr component not init or empty
11-17 19:28:34.449 D/CAM_CameraScreenNail( 9081): clearAnimation: state=33
11-17 19:28:34.450 D/CAM_CameraSettings( 9081): isVhdrOn: hdr component not init or empty
11-17 19:28:34.450 D/CAM_FragmentDualCameraAdjustMM( 9081): provideAnimateElement(): initialized zoom ratio: 1.0
11-17 19:28:34.450 D/CAM_ZoomRatioToggleView( 9081): count = 3
11-17 19:28:34.450 D/CAM_ZoomRatioToggleView( 9081): setSuppressed(): false
11-17 19:28:34.450 D/CAM_ZoomRatioToggleView( 9081): setSuppressed() ignored: false
11-17 19:28:34.450 I/CAM_ZoomRatioToggleView( 9081): [U_ACTION]: setZoomRatio(): a = ZOOMING_BY_UNKNOWN_SOURCE,i = 1,z = 1.0,ti =1,tz =1.0
11-17 19:28:34.455 W/IS_ALGO ( 1085): IS1028: V2: is_valid_frame_times(362): Frame drop was detected. (# of missing frames, current frame SOF, previous frame SOF): 1, 16150664929, 16150598388
11-17 19:28:34.456 D/CAM_FragmentBottomPopupTips( 9081): setClickEnable: true
11-17 19:28:34.456 D/CAM_FragmentReferenceLine( 9081): setClickEnable: true
11-17 19:28:34.456 D/CAM_DispatchFragment( 9081): frameAvailable
11-17 19:28:34.456 D/CAM_FragmentTopAlert( 9081): camerapicker:alertParameterDescriptionTip：visible   8
11-17 19:28:34.456 D/CAM_FragmentTopAlert( 9081): camerapicker:alertParameterDescriptionTip->DESCRIPTION_NORMAL:change imageView
11-17 19:28:34.456 D/CAM_FragmentTopAlert( 9081): camerapicker:alertParameterDescriptionTip->DESCRIPTION_FILTER:change imageView
11-17 19:28:34.457 D/CAM_Camera2CompatAdapter( 9081): E: initCameraCapabilitiesByCameraId(): 1
11-17 19:28:34.465 D/CAM_CameraCapabilities( 9081): QuickShotDelayTime tag not defined
11-17 19:28:34.465 D/CAM_CameraCapabilities( 9081): HQQuickShot: mFeatureMask: 0   mDelayTimeMask: 0
11-17 19:28:34.465 D/CAM_CameraCapabilities( 9081): QuickShotDelayTimeFactor tag not defined
11-17 19:28:34.465 D/CAM_CameraCapabilities( 9081): QuickShot: mDelayTimeFactor: 100
11-17 19:28:34.465 D/CAM_CameraCapabilities( 9081): MiviSuperNight: mSuperNightMask: 0
11-17 19:28:34.465 D/CAM_CameraCapabilities( 9081): QuickShotNextCaptureMask: mQuickShotNextCaptureMask: 0
11-17 19:28:34.465 D/CAM_CameraCapabilities( 9081): getBeautyVersionData: 3 ,beautyVersion: 3 ,beautyAlgo: 1
11-17 19:28:34.465 D/CAM_CameraCapabilities( 9081): SnapshotQuickViewStreamMask: 0
11-17 19:28:34.465 D/CAM_Camera2CompatAdapter( 9081): X: initCameraCapabilitiesByCameraId(): 1
11-17 19:28:34.465 D/CAM_Camera2CompatAdapter( 9081): E: initCameraCapabilitiesByCameraId(): 0
11-17 19:28:34.470 E/CHIEISV3( 1085): UpdateMetaData():5588 Algo has no output for request id 2
11-17 19:28:34.472 E/CamX    ( 1085): [ERROR][STATS_AEC] chistogramtargetcalculator.cpp:1294: calculateTarget Video AEC : m_luxIndex 505.245789 lux_e 0.000000 m_nodeDRCgain 1.000000 DRC gain 1.000000 
11-17 19:28:34.474 D/CAM_CameraCapabilities( 9081): QuickShotDelayTime tag not defined
11-17 19:28:34.474 D/CAM_CameraCapabilities( 9081): HQQuickShot: mFeatureMask: 0   mDelayTimeMask: 0
11-17 19:28:34.474 D/CAM_CameraCapabilities( 9081): QuickShotDelayTimeFactor tag not defined
11-17 19:28:34.474 D/CAM_CameraCapabilities( 9081): QuickShot: mDelayTimeFactor: 100
11-17 19:28:34.474 D/CAM_CameraCapabilities( 9081): MiviSuperNight: mSuperNightMask: 0
11-17 19:28:34.474 D/CAM_CameraCapabilities( 9081): QuickShotNextCaptureMask: mQuickShotNextCaptureMask: 0
11-17 19:28:34.474 D/CAM_CameraCapabilities( 9081): getBeautyVersionData: 3 ,beautyVersion: 3 ,beautyAlgo: 1
11-17 19:28:34.474 D/CAM_CameraCapabilities( 9081): SnapshotQuickViewStreamMask: 0
11-17 19:28:34.474 D/CAM_Camera2CompatAdapter( 9081): X: initCameraCapabilitiesByCameraId(): 0
11-17 19:28:34.474 W/CAM_CameraCapabilities( 9081): isCurrentDeviceSupportHdr10 AVAILABLE_CONFIGURATIONS is not defined
11-17 19:28:34.474 W/CAM_CameraCapabilities( 9081): isCurrentDeviceSupportHdr10 AVAILABLE_CONFIGURATIONS is not defined
11-17 19:28:34.474 W/CAM_CameraCapabilities( 9081): isCurrentDeviceSupportHdr10 AVAILABLE_CONFIGURATIONS is not defined
11-17 19:28:34.474 D/CAM_SpeechShutterImpl( 9081): processingSpeechShutter false
11-17 19:28:34.474 D/CAM_FocusView( 9081): msg=9 true
11-17 19:28:34.475 D/StartTopBarAdapter( 9081): onBindViewHolder
11-17 19:28:34.476 D/StartTopBarAdapter( 9081): updateView - anim id = 2131886459
11-17 19:28:34.476 I/StartTopBarAdapter( 9081): shouldEnableAnim = false
11-17 19:28:34.476 D/StartTopBarAdapter( 9081): showJsonAnimation - anim id = 2131886459 image view = com.android.camera2.compat.theme.custom.mm.top.StrikethroughImageView{c9d6eb V.ED..C.. ......I. 0,0-116,116}
11-17 19:28:34.480 W/IS_ALGO ( 1085): IS1028: V2: is_valid_frame_times(362): Frame drop was detected. (# of missing frames, current frame SOF, previous frame SOF): 1, 16150664929, 16150598388
11-17 19:28:34.480 W/IS_ALGO ( 1085): IS1028: V2: is_valid_frame_times(362): Frame drop was detected. (# of missing frames, current frame SOF, previous frame SOF): 1, 16150664929, 16150598388
11-17 19:28:34.486 W/CameraMetadataJV( 9081): Expect face scores and rectangles to be non-null
11-17 19:28:34.486 W/CameraMetadataJV( 9081): Expect face scores and rectangles to be non-null
11-17 19:28:34.487 W/CAM_Camera2CompatAdapterRole( 9081): Warning: getAuxCameraId(): #init() failed, roleId=20
11-17 19:28:34.487 W/CAM_Camera2CompatAdapterRole( 9081): Warning: getUltraTeleCameraId(): #init() failed, roleId=23
11-17 19:28:34.504 E/CHIEISV3( 1085): UpdateMetaData():5588 Algo has no output for request id 3
11-17 19:28:34.506 E/CamX    ( 1085): [ERROR][STATS_AEC] chistogramtargetcalculator.cpp:1294: calculateTarget Video AEC : m_luxIndex 505.245789 lux_e 0.000000 m_nodeDRCgain 1.000000 DRC gain 1.000000 
11-17 19:28:34.522 W/CameraMetadataJV( 9081): Expect face scores and rectangles to be non-null
11-17 19:28:34.523 W/CameraMetadataJV( 9081): Expect face scores and rectangles to be non-null
11-17 19:28:34.523 W/CAM_Camera2CompatAdapterRole( 9081): Warning: getAuxCameraId(): #init() failed, roleId=20
11-17 19:28:34.523 W/CAM_Camera2CompatAdapterRole( 9081): Warning: getUltraTeleCameraId(): #init() failed, roleId=23
11-17 19:28:34.529 D/CAM_GalleryHelper( 9081): bind service: camera = com.android.camera.Camera@8c067b0, mIsGalleryServiceBound = false
11-17 19:28:34.529 D/CAM_BoostFrameworkImpl( 9081): startBoost: duration = 100, scene = 6
11-17 19:28:34.529 D/CAM_BoostFrameworkImpl( 9081): ready to boost
11-17 19:28:34.531 I/hwservicemanager(  668): getTransport: Cannot find entry vendor.qti.hardware.servicetracker@1.0::IServicetracker/default in either framework or device VINTF manifest.
11-17 19:28:34.533 I/hwservicemanager(  668): getTransport: Cannot find entry vendor.qti.hardware.servicetracker@1.0::IServicetracker/default in either framework or device VINTF manifest.
11-17 19:28:34.533 D/MiuiGallery2_photoPageStartup(24251): [main] - GalleryBackgroundService onCreate 
11-17 19:28:34.534 D/MiuiGallery2_BootFrameWorkUtil(24251): [main] - gallery has started and should not boost again
11-17 19:28:34.534 D/MiuiGallery2_photoPageStartup(24251): [main] - GalleryBackgroundService onBind
11-17 19:28:34.536 V/CAM_GalleryHelper( 9081): connected: ComponentInfo{com.miui.gallery/com.miui.gallery.util.GalleryBackgroundService}
11-17 19:28:34.537 E/CHIEISV3( 1085): UpdateMetaData():5588 Algo has no output for request id 4
11-17 19:28:34.539 D/BackgroundInstallControlService( 1811): Package event received: 0
11-17 19:28:34.539 E/CamX    ( 1085): [ERROR][STATS_AEC] chistogramtargetcalculator.cpp:1294: calculateTarget Video AEC : m_luxIndex 522.506287 lux_e 0.000000 m_nodeDRCgain 1.000000 DRC gain 1.000000 
11-17 19:28:34.543 I/system_server( 1811): AssetManager2(0xb400007bd1a1c638) l