11-17 19:28:33.376 E/libprotobuf-native( 1085): [libprotobuf ERROR external/protobuf/src/google/protobuf/message_lite.cc:123] Can't parse message of type "sns_flicker_event" because it is missing required fields: (cannot determine missing fields for lite message)
11-17 19:28:33.377 E/libprotobuf-native( 1085): [libprotobuf ERROR external/protobuf/src/google/protobuf/message_lite.cc:123] Can't parse message of type "sns_flicker_event" because it is missing required fields: (cannot determine missing fields for lite message)
11-17 19:28:33.416 D/CAM_Camera@146827184( 9081): onUserInteraction
11-17 19:28:33.417 V/CAM_DragLayout( 9081): dispatchTouchEvent 0, mDragMode = false, mPromptMode = false,mState 3
11-17 19:28:33.426 W/CameraMetadataJV( 9081): Expect face scores and rectangles to be non-null
11-17 19:28:33.426 W/CameraMetadataJV( 9081): Expect face scores and rectangles to be non-null
11-17 19:28:33.427 D/CAM_MarshalQueryableASDScene( 9081): Expected size should be 8, but got: 0
11-17 19:28:33.427 D/CAM_MarshalQueryableASDScene( 9081): Expected size should be 8, but got: 0
11-17 19:28:33.427 D/CAM_MarshalQueryableASDScene( 9081): Expected size should be 8, but got: 0
11-17 19:28:33.427 W/CAM_Camera2CompatAdapterRole( 9081): Warning: getAuxCameraId(): #init() failed, roleId=20
11-17 19:28:33.427 W/CAM_Camera2CompatAdapterRole( 9081): Warning: getUltraTeleCameraId(): #init() failed, roleId=23
11-17 19:28:33.469 V/CAM_DragLayout( 9081): dispatchTouchEvent 1, mDragMode = false, mPromptMode = false,mState 3
11-17 19:28:33.470 D/CAM_FragmentModeSelector( 9081): getTargetModeView mModeSelectRoot
11-17 19:28:33.470 D/CAM_ModeSelectViewCV( 9081): click to change mode, mCurMode = 163, newMode = 162
11-17 19:28:33.470 D/CAM_BoostFrameworkImpl( 9081): startBoost: duration = 1000, scene = 6
11-17 19:28:33.470 D/CAM_BoostFrameworkImpl( 9081): ready to boost
11-17 19:28:33.470 I/CAM_Camera@146827184( 9081): [U_ACTION]: onModeSelected from 0xa3 to 0xa2, ScreenSlideOff = false, facing = 0
11-17 19:28:33.470 I/CAM_PerformanceManager( 9081): [P_PERFORM]: Event: SWITCH_MODULE start
11-17 19:28:33.471 D/CAM_Camera@146827184( 9081): closeCameraSetup: CameraPendingSetupDisposable: X
11-17 19:28:33.471 D/CAM_Camera@146827184( 9081): closeCameraSetup: CameraSetupDisposable: X
11-17 19:28:33.471 I/CAM_PermissionManager( 9081): getNeedCheckPermissionList() listSize =0
11-17 19:28:33.471 I/CAM_PermissionManager( 9081): checkCameraPermissions(), all on
11-17 19:28:33.471 D/CAM_FragmentBottomAction( 9081): setClickEnable: false
11-17 19:28:33.471 D/CAM_CameraSnapView( 9081): setClickEnable: false
11-17 19:28:33.471 D/CAM_CaptureModule( 9081): checkDragBurstEnable: reset and dispose
11-17 19:28:33.471 D/CAM_FragmentModeSelector( 9081): setClickEnable: false
11-17 19:28:33.471 D/CAM_FragmentMainContentMM( 9081): setClickEnable: false
11-17 19:28:33.471 D/CAM_FragmentTopBar( 9081): setClickEnable: false
11-17 19:28:33.471 D/CAM_FragmentTopAlert( 9081): setClickEnable: false
11-17 19:28:33.471 D/CAM_FragmentDualCameraAdjustMM( 9081): setClickEnable: false
11-17 19:28:33.471 D/CAM_ZoomRatioToggleView( 9081): setEnabled(): false
11-17 19:28:33.471 D/CAM_FragmentBottomPopupTips( 9081): setClickEnable: false
11-17 19:28:33.471 D/CAM_FragmentReferenceLine( 9081): setClickEnable: false
11-17 19:28:33.471 D/CAM_BaseModule( 9081): setDeparted
11-17 19:28:33.472 D/CAM_BaseModule( 9081): setActivity, activity: com.android.camera.Camera@8c067b0, d.c.a.q6.r7.ok(Unknown Source:23), d.c.a.q6.j8.ok(Unknown Source:0), d.c.a.q6.r7.g4(Unknown Source:4), 
11-17 19:28:33.472 D/CAM_RenderEngineV1( 9081): V1: setTextureColorSpace: SRGB
11-17 19:28:33.472 I/CAM_Camera@146827184( 9081): create new module instantiated: k8@248719514: mid = 162, cid = 0, created = false, departed = false
11-17 19:28:33.472 D/CAM_STScreenNail( 9081): setTextureColorSpace: SRGB
11-17 19:28:33.472 D/CAM_DataItemRunning( 9081): setDummyEnablefalse
11-17 19:28:33.472 D/CAM_RenderEngineV1( 9081): V1: setDisplayColorSpace: SRGB
11-17 19:28:33.472 D/CAM_CameraRenderEngine( 9081): setDisplayColorSpace: SRGB
11-17 19:28:33.472 I/CAM_PermissionManager( 9081): getNeedCheckPermissionList() listSize =0
11-17 19:28:33.472 D/CAM_CameraRenderEngine( 9081): setDisplayColorSpace: nothing change.
11-17 19:28:33.473 I/CAM_PermissionManager( 9081): checkCameraLaunchPermissions(), all on
11-17 19:28:33.473 D/CAM_Camera@146827184( 9081): CameraPendingSetupDisposable: E
11-17 19:28:33.473 D/CAM_PreDataSetup( 9081): reInit ,  resetType = 8
11-17 19:28:33.473 D/CAM_ComponentConfigVideoQuality( 9081): checkValueValid: invalid value: 8
11-17 19:28:33.473 E/CAM_ComponentConfigVideoQuality( 9081): reset invalid value 8
11-17 19:28:33.473 D/CAM_ComponentConfigVideoQuality( 9081): checkValueValid: invalid value: 8
11-17 19:28:33.473 E/CAM_ComponentConfigVideoQuality( 9081): reset invalid value 8
11-17 19:28:33.474 D/CAM_ComponentConfigVideoQuality( 9081): checkValueValid: invalid value: 8
11-17 19:28:33.474 E/CAM_ComponentConfigVideoQuality( 9081): reset invalid value 8
11-17 19:28:33.474 D/CAM_Camera2DataContainer( 9081): Currently user selected zoom ratio is 1.0
11-17 19:28:33.474 D/CAM_ComponentConfigVideoQuality( 9081): checkValueValid: invalid value: 8
11-17 19:28:33.474 E/CAM_ComponentConfigVideoQuality( 9081): reset invalid value 8
11-17 19:28:33.474 D/CAM_ComponentConfigVideoQuality( 9081): checkValueValid: invalid value: 8
11-17 19:28:33.474 E/CAM_ComponentConfigVideoQuality( 9081): reset invalid value 8
11-17 19:28:33.474 D/CAM_ComponentConfigVideoQuality( 9081): checkValueValid: invalid value: 8
11-17 19:28:33.474 E/CAM_ComponentConfigVideoQuality( 9081): reset invalid value 8
11-17 19:28:33.474 D/CAM_ComponentConfigVideoQuality( 9081): checkValueValid: invalid value: 8
11-17 19:28:33.474 E/CAM_ComponentConfigVideoQuality( 9081): reset invalid value 8
11-17 19:28:33.474 D/CAM_Camera2DataContainer( 9081): Use main camera when no supportVideoSATForVideoQuality
11-17 19:28:33.474 D/CAM_Camera2DataContainer( 9081): getActualOpenCameraId: mode=a2, id=0->0
11-17 19:28:33.475 D/CAM_CameraCapabilities( 9081): com.xiaomi.lens.info.availableApertureModes invalid ,used default value 
11-17 19:28:33.476 W/CAM_Camera2CompatAdapterRole( 9081): Warning: getAuxCameraId(): #init() failed, roleId=20
11-17 19:28:33.476 D/CAM_CameraCapabilities( 9081): portraitBokehZoomMap：   PORTRAIT_BOKEH_ZOOM_RATIO_MAP is null
11-17 19:28:33.476 D/CAM_CameraCapabilities( 9081): portraitBokehApertureAbilityMap：   PORTRAIT_BOKEH_APERTURE_ABILITY_MAP is null
11-17 19:28:33.476 D/CAM_ComponentConfigFlash( 9081): setBanned() called with: banned = [false]
11-17 19:28:33.476 D/CAM_CameraCapabilities( 9081): SupportSlowMotionCameraValue：   MULTI_LENS_SUPPORT_SLOW_MOTION is null
11-17 19:28:33.476 D/CAM_CameraCapabilities( 9081): SupportSlowMotionCameraLens：   MULTI_LENS_SUPPORT_SLOW_MOTION is null
11-17 19:28:33.476 D/CAM_CameraCapabilities( 9081): isExposureMeteringSupported: 0
11-17 19:28:33.476 D/CAM_CameraCapabilities( 9081): isRemoveNevusDefined request : false
11-17 19:28:33.477 D/CAM_CameraCapabilities( 9081): addStreamConfigurationToList: xiaomi.scaler.availableLimitStreamConfigurations: size = 251
11-17 19:28:33.479 W/CAM_CameraCapabilities( 9081): isV2CustomSizes SPECIAL_VIDEOSIZE is not defined
11-17 19:28:33.479 W/CAM_CameraCapabilities( 9081): support4K24Fps SPECIAL_VIDEOSIZE is not defined
11-17 19:28:33.480 D/CompatibilityUtils( 9081): isAndroidS sdk 36 preview sdk 0
11-17 19:28:33.480 W/CAM_CameraCapabilities( 9081): isV2CustomSizes SPECIAL_VIDEOSIZE is not defined
11-17 19:28:33.480 W/CAM_CameraCapabilities( 9081): isV2CustomSizes SPECIAL_VIDEOSIZE is not defined
11-17 19:28:33.480 W/CAM_CameraCapabilities( 9081): get8KMaxFpsSupported SPECIAL_VIDEOSIZE is not defined
11-17 19:28:33.480 W/CAM_CameraCapabilities( 9081): isV2CustomSizes SPECIAL_VIDEOSIZE is not defined
11-17 19:28:33.480 W/CAM_CameraCapabilities( 9081): support4K24Fps SPECIAL_VIDEOSIZE is not defined
11-17 19:28:33.481 D/CompatibilityUtils( 9081): isAndroidS sdk 36 preview sdk 0
11-17 19:28:33.481 W/CAM_CameraCapabilities( 9081): isV2CustomSizes SPECIAL_VIDEOSIZE is not defined
11-17 19:28:33.481 W/CAM_CameraCapabilities( 9081): isV2CustomSizes SPECIAL_VIDEOSIZE is not defined
11-17 19:28:33.481 W/CAM_CameraCapabilities( 9081): get8KMaxFpsSupported SPECIAL_VIDEOSIZE is not defined
11-17 19:28:33.481 D/CAM_CameraCapabilities( 9081): isRemoveNevusDefined request : false
11-17 19:28:33.483 D/CAM_ComponentConfigVideoQuality( 9081): reInit, mode: 0xa2, id: 0, default: 1566, items: [ComponentDataItem{mDisplayName='HD 720p, 30 fps'mValue='5'}, ComponentDataItem{mDisplayName='FHD 1080p, 30 fps'mValue='6'}, ComponentDataItem{mDisplayName='FHD 1080p, 60 fps'mValue='6,60'}, ComponentDataItem{mDisplayName='UHD 4K, 30 fps'mValue='8'}, ComponentDataItem{mDisplayName='UHD 4K, 60 fps'mValue='8,60'}, ComponentDataItem{mDisplayName='UHD 8K, 24fps'mValue='3001,24'}, ComponentDataItem{mDisplayName='UHD 8K, 30fps'mValue='3001'}]
11-17 19:28:33.484 D/CAM_CameraCapabilities( 9081): com.xiaomi.lens.info.AVAILABLE_EXPOSURE_MODES invalid ,used default value 
11-17 19:28:33.484 D/CAM_CameraCapabilities( 9081): com.xiaomi.lens.info.availableApertureModes invalid ,used default value 
11-17 19:28:33.484 W/CAM_Camera2CompatAdapterRole( 9081): Warning: getAuxCameraId(): #init() failed, roleId=20
11-17 19:28:33.484 D/CAM_ComponentConfigHDR10( 9081): reInit E
11-17 19:28:33.484 D/CAM_ComponentConfigHDR10( 9081): isTagMutex hdr10, current id not support, id 0
11-17 19:28:33.485 D/CAM_ComponentConfigHDR10( 9081): isTagMutex hdr10+, current id not support, id 0
11-17 19:28:33.485 D/CAM_CameraCapabilities( 9081): isRemoveNevusDefined request : false
11-17 19:28:33.485 W/CAM_CameraCapabilities( 9081): isCurrentDeviceSupportHdr10 AVAILABLE_CONFIGURATIONS is not defined
11-17 19:28:33.485 W/CAM_CameraCapabilities( 9081): isCurrentDeviceSupportHdr10 AVAILABLE_CONFIGURATIONS is not defined
11-17 19:28:33.485 D/CAM_ComponentConfigHDR10( 9081): reInit X, isVideoHdrModeSupported mSupportedArray {} mIsTagMutexEnableArray {}
11-17 19:28:33.485 D/CAM_ComponentConfigHDR10PRO( 9081): reInit E
11-17 19:28:33.485 W/CAM_CameraCapabilities( 9081): isCurrentDeviceSupportHdr10 AVAILABLE_CONFIGURATIONS is not defined
11-17 19:28:33.485 D/CAM_ComponentConfigHDR10PRO( 9081): reInit X, isVideoHdr10ProModeSupported mSupported false mIsTagMutexEnable false mIsFeatureMutexEnable false mIsQualityMutexEnable false
11-17 19:28:33.485 D/CAM_ComponentConfigTrueColour( 9081): reInit E
11-17 19:28:33.485 W/CAM_CameraCapabilities( 9081): isCurrentDeviceSupportHdr10 AVAILABLE_CONFIGURATIONS is not defined
11-17 19:28:33.485 D/CAM_ComponentConfigTrueColour( 9081): reInit X, isVideoTrueColorModeSupported mSupported false mIsTagMutexEnable false mIsFeatureMutexEnable false mIsQualityMutexEnable false
11-17 19:28:33.485 D/CAM_CameraSettings( 9081): isVhdrOn: hdr component not init or empty
11-17 19:28:33.485 I/CAM_PaintConditionReferred( 9081): configVariables mode:162, uiStyle:1
11-17 19:28:33.485 D/CAM_DataItemRunning( 9081): setPaintCondition: 1
11-17 19:28:33.486 D/CAM_PreFixCamera2Setup( 9081): mModuleChanged true LastMode is 163
11-17 19:28:33.486 D/CAM_CameraSnapView( 9081): onScreenOrientationChanged
11-17 19:28:33.486 D/CAM_RenderEngineV1( 9081): setAnimationType: ANIMATION_MODULE_SWITCH
11-17 19:28:33.486 D/CAM_BaseModule( 9081): unRegisterModulePersist
11-17 19:28:33.486 D/CAM_EffectController( 9081): setRenderEngine: null this:com.android.camera2.compat.theme.custom.cv.filter.EffectControllerCv@525e6ab
11-17 19:28:33.486 D/CAM_BaseModule( 9081): onRenderEngineDestroy
11-17 19:28:33.486 D/CAM_BaseModule( 9081): release: E
11-17 19:28:33.486 D/CAM_BaseModule( 9081): unRegisterProtocol
11-17 19:28:33.486 D/CAM_BaseModule( 9081): onPause
11-17 19:28:33.486 D/CAM_Camera2Module( 9081): closeCamera: E
11-17 19:28:33.486 D/CAM_BaseModuleCameraManager( 9081): setCameraState: 0
11-17 19:28:33.486 D/CAM_FragmentBottomAction( 9081): provideAnimateElement: newMode = 162, mCurrentMode = 162, animateInElements = []
11-17 19:28:33.486 D/CAM_BottomItems( 9081): updateBottomLocation: mBottomLayoutType = -1, type = 1, isLandscape = false
11-17 19:28:33.487 D/CAM_BottomCV( 9081): adjustThumbBg android.widget.ImageView{4c645ac VFED..... ......ID 0,0-100,100 #7f0b06f2 app:id/v9_thumbnail_image}
11-17 19:28:33.487 V/CAM_MiCamera2( 9081): stopPreviewCallback(): isRelease = true
11-17 19:28:33.487 V/CAM_CameraConfigManager( 9081): setASDEnable: false
11-17 19:28:33.487 D/CAM_BaseModuleCameraManager( 9081): updateASD call setASDEnable with false
11-17 19:28:33.487 D/CAM_Camera2Module( 9081): closeCamera: X
11-17 19:28:33.488 E/CAM_Camera2Module( 9081): (onPause)mIsNeedNightHDR: false
11-17 19:28:33.488 D/CAM_SocketController( 9081): onPause: 
11-17 19:28:33.488 D/CAM_FragmentModeSelector( 9081): to common mode
11-17 19:28:33.488 D/CAM_SocketManager( 9081): removeEventListener: 37764266
11-17 19:28:33.488 D/CAM_FragmentModeSelector( 9081): bottom_external_mode set isVisibility false
11-17 19:28:33.488 D/CAM_FragmentModeSelector( 9081): mode_select_scrollview set isVisibility true
11-17 19:28:33.488 D/CAM_FragmentModeSelector( 9081): switchMoreMode open: true, style: 0, mCurrentMode: 162
11-17 19:28:33.488 D/CAM_DragLayout( 9081): disableAllMode
11-17 19:28:33.488 D/CAM_DragLayout( 9081): setDragEnable mDragMode : false, enable false, force : false
11-17 19:28:33.488 D/CAM_FocusView( 9081): reset: type = 7, is draw = false, mIsTouchFocus = false
11-17 19:28:33.488 I/CAM_BaseModule( 9081): onDestroy: E. u@6965305: mid = 163, cid = 0, created = true, departed = true
11-17 19:28:33.488 D/CAM_TrackFocusView( 9081): clear
11-17 19:28:33.488 D/CAM_ByteArrayPool( 9081): clearMemory, size=0
11-17 19:28:33.488 D/CAM_TrackFocusView( 9081): clear
11-17 19:28:33.488 I/CAM_BaseModule( 9081): onDestroy: X
11-17 19:28:33.488 D/CAM_TrackFocusView( 9081): setSkipDraw false
11-17 19:28:33.488 D/CAM_SocketController( 9081): onDestroy: 
11-17 19:28:33.488 V/CAM_IDisplayRect( 9081): getDisplayRect:Rect(0, 246 - 1080, 2166)
11-17 19:28:33.488 D/ConnectivityManager( 9081): NetworkCallback was already unregistered
11-17 19:28:33.488 D/CAM_FragmentTopBar( 9081): updateTopBarStyle: TOP_BAR_STYLE_MAIN
11-17 19:28:33.489 D/CAM_BaseModule( 9081): release: X
11-17 19:28:33.489 D/CAM_FragmentTopBar( 9081): provideAnimateElement mode = 162 resetType = 8
11-17 19:28:33.489 D/CAM_PreFixCamera2Setup( 9081): subscribe: mIntent = null
11-17 19:28:33.489 V/CAM_CameraScreenNail( 9081): state=MODULE_COPY_TEXTURE
11-17 19:28:33.489 D/CAM_FragmentTopAlert( 9081): provideAnimateElement 8
11-17 19:28:33.489 D/CAM_CameraSettings( 9081): isVhdrOn: hdr component not init or empty
11-17 19:28:33.489 D/CAM_CRE_MIGL( 9081): RawTexture glGenTextures: 2
11-17 19:28:33.489 V/CAM_RawTexture( 9081): prepare textureSize=270x360 id=2
11-17 19:28:33.489 D/CAM_Camera2DataContainer( 9081): Currently user selected zoom ratio is 1.0
11-17 19:28:33.490 D/CAM_Camera2DataContainer( 9081): Use main camera when no supportVideoSATForVideoQuality
11-17 19:28:33.490 D/CAM_Camera2DataContainer( 9081): getActualOpenCameraId: mode=a2, id=0->0
11-17 19:28:33.490 D/CAM_CameraCapabilities( 9081): isSupportReplaceSession: false
11-17 19:28:33.490 D/CAM_Camera2OpenManager( 9081): openCamera: reusable = false
11-17 19:28:33.490 I/CAM_Camera2OpenManager( 9081): [K_PROCESS]: cid: 0 -> 0, mid: 163 -> 162, fcc: true
11-17 19:28:33.490 D/CAM_Camera2OpenManager( 9081): abandonCameraResultObservable: E
11-17 19:28:33.490 D/CAM_Camera2OpenManager( 9081): abandonCameraResultObservable: X
11-17 19:28:33.490 D/CAM_Camera2OpenManager( 9081): removeCameraCallables
11-17 19:28:33.490 D/CAM_Camera2OpenManager( 9081): subscribeCameraResultObservable: E
11-17 19:28:33.490 D/CAM_Camera2OpenManager( 9081): subscribeCameraResultObservable: X
11-17 19:28:33.490 D/CAM_CameraOpenObservable( 9081): subscribeActual: openCamera: cid = 0, listener = 90109420
11-17 19:28:33.490 D/CAM_SendBroadcastNotifyExternal( 9081): notify external(mode:162,facing:0)
11-17 19:28:33.491 D/CAM_CloseCameraCallable( 9081): E: cid: null
11-17 19:28:33.491 I/CAM_PerformanceManager( 9081): [P_PERFORM]: Action: switch_prefix_camera_setup_162_0 takes 5 ms
11-17 19:28:33.491 I/CAM_CloseCameraCallable( 9081): [K_PROCESS]: E: closeCamera: cid = null, excludes = []
11-17 19:28:33.491 D/CAM_CloseCameraCallable( 9081): closeCamera: cid = 0
11-17 19:28:33.491 V/CAM_MiCamera2( 9081): E: releasePreview: reason = 0
11-17 19:28:33.493 D/StartTopBarAdapter( 9081): setData mode:162,resetStrikethrough: true
11-17 19:28:33.495 D/EndTopBarAdapter( 9081): setData mode:162,resetStrikethrough: true
11-17 19:28:33.495 D/CAM_FragmentDualCameraAdjust( 9081): initZoomRatioForBackCamera(): zoom: 1.0
11-17 19:28:33.496 D/CAM_CameraSettings( 9081): isVhdrOn: hdr component not init or empty
11-17 19:28:33.496 D/CAM_CRE_MIGL( 9081): FrameBuffer RawTexture glGenFramebuffers: 1
11-17 19:28:33.496 D/CAM_FragmentDualCameraAdjustMM( 9081): provideAnimateElement(): initialized zoom ratio: 1.0
11-17 19:28:33.496 D/CAM_ZoomRatioToggleView( 9081): count = 3
11-17 19:28:33.496 D/CAM_ZoomRatioToggleView( 9081): setSuppressed(): false
11-17 19:28:33.496 V/CAM_FrameBuffer( 9081): init@1: fbo=1 tex=2 270*360 thread=115
11-17 19:28:33.496 D/CAM_ZoomRatioToggleView( 9081): setSuppressed() ignored: false
11-17 19:28:33.496 I/CAM_ZoomRatioToggleView( 9081): [U_ACTION]: setZoomRatio(): a = ZOOMING_BY_UNKNOWN_SOURCE,i = 1,z = 1.0,ti =1,tz =1.0
11-17 19:28:33.496 D/CAM_BoostFrameworkImpl( 9081): startBoost: duration = 2000, scene = 6
11-17 19:28:33.496 D/CAM_CRE_MIGL( 9081): FrameBuffer glDeleteFramebuffers: 1
11-17 19:28:33.496 D/CAM_BoostFrameworkImpl( 9081): ready to boost
11-17 19:28:33.496 V/CAM_CameraScreenNail( 9081): draw: state=MODULE_DRAW_PREVIEW
11-17 19:28:33.496 I/CAM_MiCamera2( 9081): [K_PROCESS]: abortCaptures E
11-17 19:28:33.496 V/CAM_SwitchAnimManager( 9081): startAnimation
11-17 19:28:33.497 D/CAM_CRE_MIGL( 9081): FrameBuffer RawTexture glGenFramebuffers: 1
11-17 19:28:33.497 V/CAM_FrameBuffer( 9081): init@1: fbo=1 tex=2 270*360 thread=115
11-17 19:28:33.497 D/CAM_EffectController( 9081): getEffectGroup: renderId = 257
11-17 19:28:33.497 I/CamX    ( 1085): [ DUMP][HAL    ] camxhaldevice.cpp:1612 LogRequest() Frame Number ## REQUEST_ERROR ## RESULT_ERROR ## BUFFER_ERROR ## Shutter ##  Metadata[Rcvd/Tot] ## Output[Rcvd/Tot(inErr)] ## Input ## S0[Rcvd/StatusOK/BufErrNotify](0xb400007adb94fef8)[0] ## S1[Rcvd/StatusOK/BufErrNotify](0xb400007adb8eba58)[0] ## S2[Rcvd/StatusOK/BufErrNotify](0xb400007adb937718)[0] ## 
11-17 19:28:33.497 D/CAM_EffectController( 9081): getEffectGroup: category = 0
11-17 19:28:33.497 D/CAM_CRE_MIGL( 9081): ShaderUtil glCreateProgram: 9
11-17 19:28:33.499 D/CAM_CRE_MIGL( 9081): ShaderUtil glDeleteShader: 7
11-17 19:28:33.499 D/CAM_CRE_MIGL( 9081): ShaderUtil glDeleteShader: 8
11-17 19:28:33.500 D/CAM_FragmentDualCameraAdjust( 9081): initZoomRatioForBackCamera(): zoom: 1.0
11-17 19:28:33.500 D/CAM_CRE_MIGL( 9081): ShaderUtil glCreateProgram: 12
11-17 19:28:33.500 D/CAM_CameraSettings( 9081): isVhdrOn: hdr component not init or empty
11-17 19:28:33.501 D/CAM_FragmentDualCameraAdjustMM( 9081): provideAnimateElement(): initialized zoom ratio: 1.0
11-17 19:28:33.501 D/CAM_ZoomRatioToggleView( 9081): count = 3
11-17 19:28:33.501 D/CAM_ZoomRatioToggleView( 9081): setSuppressed(): false
11-17 19:28:33.501 D/CAM_ZoomRatioToggleView( 9081): setSuppressed() ignored: false
11-17 19:28:33.501 D/CAM_CRE_MIGL( 9081): ShaderUtil glDeleteShader: 10
11-17 19:28:33.501 I/CAM_ZoomRatioToggleView( 9081): [U_ACTION]: setZoomRatio(): a = ZOOMING_BY_UNKNOWN_SOURCE,i = 1,z = 1.0,ti =1,tz =1.0
11-17 19:28:33.501 D/CAM_CRE_MIGL( 9081): ShaderUtil glDeleteShader: 11
11-17 19:28:33.501 D/CAM_CRE_MIGL( 9081): RawTexture glGenTextures: 3
11-17 19:28:33.501 V/CAM_RawTexture( 9081): prepare textureSize=270x360 id=3
11-17 19:28:33.501 D/CAM_CRE_MIGL( 9081): FrameBuffer glGenFramebuffers: 2
11-17 19:28:33.501 V/CAM_FrameBuffer( 9081): init@2: fbo=2 tex=3 270*360 thread=115
11-17 19:28:33.502 I/CAM_Counter( 9081): FrameBuffer alloc size 270*360 id 2
11-17 19:28:33.505 D/CAM_FragmentBottomPopupTips( 9081): onBackEvent: 4
11-17 19:28:33.505 D/CAM_FragmentBottomPopupTips( 9081): hideAllTipImage
11-17 19:28:33.505 D/CAM_FragmentBottomPopupTips( 9081): cancelUpdateTipImage 
11-17 19:28:33.505 D/CAM_FragmentBottomPopupTips( 9081): updateLeftDynamicImage show : false fallBackRoll0
11-17 19:28:33.505 D/CAM_FragmentBottomPopupTips( 9081): updateTipImage mCustomRoot is null : false
11-17 19:28:33.505 D/CAM_CameraCapabilities( 9081): isRemoveNevusDefined request : false
11-17 19:28:33.505 D/CAM_CameraCapabilities( 9081): isRemoveNevusDefined request : false
11-17 19:28:33.505 D/CAM_CameraCapabilities( 9081): isRemoveNevusDefined request : false
11-17 19:28:33.505 D/CAM_CameraCapabilities( 9081): isRemoveNevusDefined request : false
11-17 19:28:33.506 D/CAM_FragmentBottomPopupTips( 9081): cancelUpdateTipImage 
11-17 19:28:33.506 I/CamX    ( 1085): [ DUMP][HAL    ] camxhaldevice.cpp:1612 LogRequest() Frame Number ## REQUEST_ERROR ## RESULT_ERROR ## BUFFER_ERROR ## Shutter ##  Metadata[Rcvd/Tot] ## Output[Rcvd/Tot(inErr)] ## Input ## S0[Rcvd/StatusOK/BufErrNotify](0xb400007adb94fef8)[0] ## S1[Rcvd/StatusOK/BufErrNotify](0xb400007adb8eba58)[0] ## S2[Rcvd/StatusOK/BufErrNotify](0xb400007adb937718)[0] ## 
11-17 19:28:33.507 D/CameraService( 1520): finishCameraStreamingOps: finishDataDelivery for uid 10586
11-17 19:28:33.507 I/CAM_MiCamera2( 9081): [K_PROCESS]: abortCaptures X
11-17 19:28:33.507 V/CAM_MiCamera2( 9081): X: releasePreview
11-17 19:28:33.507 D/CAM_FragmentBottomPopupTips( 9081): toggleSoftLightTip: visible=false
11-17 19:28:33.507 V/CAM_MiCamera2( 9081): E: resetConfigs
11-17 19:28:33.507 V/CAM_MiCamera2( 9081): X: resetConfigs
11-17 19:28:33.507 I/CAM_MiCamera2( 9081): [K_PROCESS]: E: close: cameraId = 0, reason = 0
11-17 19:28:33.507 D/CAM_BoostFrameworkImpl( 9081): startBoost: duration = 2000, scene = 6
11-17 19:28:33.507 D/CAM_BoostFrameworkImpl( 9081): ready to boost
11-17 19:28:33.507 I/CAM_PerformanceManager( 9081): [P_PERFORM]: Event: CAMERA_CLOSE start
11-17 19:28:33.507 D/Camera2ClientBase( 1520): Camera 0: start to disconnect
11-17 19:28:33.507 D/Camera2ClientBase( 1520): Camera 0: serializationLock acquired
11-17 19:28:33.507 D/Camera2ClientBase( 1520): Camera 0: Shutting down
11-17 19:28:33.508 I/CAM_PerformanceManager( 9081): [P_PERFORM]: Action: switch_provide_animate_162_0 takes 22 ms
11-17 19:28:33.508 V/CAM_Delegate@6646498( 9081): loadModule + opts {MAIN_CONTENT=[BaseOperation{type=ADD, contType=MAIN_CONTENT, info= 0xEC, subInfo= 0xF0'}], MID_LAYER=[BaseOperation{type=ADD, contType=MID_LAYER, info= 0xFF1, subInfo= 0xF0'}], POPUP_TIPS=[BaseOperation{type=ADD, contType=POPUP_TIPS, info= 0xFFF9, subInfo= 0xF0'}], HIGHER_LAYER=[BaseOperation{type=ADD, contType=HIGHER_LAYER, info= 0xFFFE, subInfo= 0xF0'}], PREVIEW_ROOT=[BaseOperation{type=ADD, contType=PREVIEW_ROOT, info= 0xFFFFFF2, subInfo= 0xF0'}], }
11-17 19:28:33.508 V/CAM_Delegate@6646498( 9081): diffOpts : last {}, new {MAIN_CONTENT=[BaseOperation{type=ADD, contType=MAIN_CONTENT, info= 0xEC, subInfo= 0xF0'}], MID_LAYER=[BaseOperation{type=ADD, contType=MID_LAYER, info= 0xFF1, subInfo= 0xF0'}], HIGHER_LAYER=[BaseOperation{type=ADD, contType=HIGHER_LAYER, info= 0xFFFE, subInfo= 0xF0'}], }
11-17 19:28:33.508 V/CAM_Delegate@6646498( 9081): resetOpts : {}
11-17 19:28:33.508 V/CAM_Delegate@6646498( 9081): clearOpts {}
11-17 19:28:33.508 V/CAM_Delegate@6646498( 9081): loadModule + types [5, 21, 6, 22, 10]
11-17 19:28:33.508 V/CAM_Delegate@6646498( 9081): checkOperation type MAIN_CONTENT, operations [BaseOperation{type=ADD, contType=MAIN_CONTENT, info= 0xEC, subInfo= 0xF0'}], currentFragments {BOTTOM_BAR ,VState :0 , fragInfo: [0xF1], MODE_SELECTOR ,VState :0 , fragInfo: [0xF2], TOP_BAR ,VState :0 , fragInfo: [0xF4], DUAL_CAMERA ,VState :0 , fragInfo: [0xFF4], MAIN_CONTENT ,VState :0 , fragInfo: [0xF3], POPUP_TIPS ,VState :0 , fragInfo: [0xF0, 0xFFF9], BEAUTY_PANEL ,VState :0 , fragInfo: [0xF0], POST_VIEW ,VState :0 , fragInfo: [0xF0], GALLERY , fragInfo: [0xF0], PREVIEW_ROOT ,VState :0 , fragInfo: [0xF0, 0xFFFFFF2], EXTRA_TOP_BAR , fragInfo: [0xF0], MENU_ROOT ,VState :0 , fragInfo: [0xF0], LOWER_LAYER ,VState :0 , fragInfo: [0xF0], MID_LAYER ,VState :0 , fragInfo: [0xF0], HIGHER_LAYER ,VState :0 , fragInfo: [0xF0]}
11-17 19:28:33.508 V/CAM_Delegate@6646498( 9081): checkOperation type MID_LAYER, operations [BaseOperation{type=ADD, contType=MID_LAYER, info= 0xFF1, subInfo= 0xF0'}], currentFragments {BOTTOM_BAR ,VState :0 , fragInfo: [0xF1], MODE_SELECTOR ,VState :0 , fragInfo: [0xF2], TOP_BAR ,VState :0 , fragInfo: [0xF4], DUAL_CAMERA ,VState :0 , fragInfo: [0xFF4], MAIN_CONTENT ,VState :0 , fragInfo: [0xF3], POPUP_TIPS ,VState :0 , fragInfo: [0xF0, 0xFFF9], BEAUTY_PANEL ,VState :0 , fragInfo: [0xF0], POST_VIEW ,VState :0 , fragInfo: [0xF0], GALLERY , fragInfo: [0xF0], PREVIEW_ROOT ,VState :0 , fragInfo: [0xF0, 0xFFFFFF2], EXTRA_TOP_BAR , fragInfo: [0xF0], MENU_ROOT ,VState :0 , fragInfo: [0xF0], LOWER_LAYER ,VState :0 , fragInfo: [0xF0], MID_LAYER ,VState :0 , fragInfo: [0xF0], HIGHER_LAYER ,VState :0 , fragInfo: [0xF0]}
11-17 19:28:33.508 V/CAM_Delegate@6646498( 9081): checkOperation type POPUP_TIPS, operations [BaseOperation{type=ADD, contType=POPUP_TIPS, info= 0xFFF9, subInfo= 0xF0'}], currentFragments {BOTTOM_BAR ,VState :0 , fragInfo: [0xF1], MODE_SELECTOR ,VState :0 , fragInfo: [0xF2], TOP_BAR ,VState :0 , fragInfo: [0xF4], DUAL_CAMERA ,VState :0 , fragInfo: [0xFF4], MAIN_CONTENT ,VState :0 , fragInfo: [0xF3], POPUP_TIPS ,VState :0 , fragInfo: [0xF0, 0xFFF9], BEAUTY_PANEL ,VState :0 , fragInfo: [0xF0], POST_VIEW ,VState :0 , fragInfo: [0xF0], GALLERY , fragInfo: [0xF0], PREVIEW_ROOT ,VState :0 , fragInfo: [0xF0, 0xFFFFFF2], EXTRA_TOP_BAR , fragInfo: [0xF0], MENU_ROOT ,VState :0 , fragInfo: [0xF0], LOWER_LAYER ,VState :0 , fragInfo: [0xF0], MID_LAYER ,VState :0 , fragInfo: [0xF0], HIGHER_LAYER ,VState :0 , fragInfo: [0xF0]}
11-17 19:28:33.509 V/CAM_Delegate@6646498( 9081): checkOperation type HIGHER_LAYER, operations [BaseOperation{type=ADD, contType=HIGHER_LAYER, info= 0xFFFE, subInfo= 0xF0'}], currentFragments {BOTTOM_BAR ,VState :0 , fragInfo: [0xF1], MODE_SELECTOR ,VState :0 , fragInfo: [0xF2], TOP_BAR ,VState :0 , fragInfo: [0xF4], DUAL_CAMERA ,VState :0 , fragInfo: [0xFF4], MAIN_CONTENT ,VState :0 , fragInfo: [0xF3], POPUP_TIPS ,VState :0 , fragInfo: [0xF0, 0xFFF9], BEAUTY_PANEL ,VState :0 , fragInfo: [0xF0], POST_VIEW ,VState :0 , fragInfo: [0xF0], GALLERY , fragInfo: [0xF0], PREVIEW_ROOT ,VState :0 , fragInfo: [0xF0, 0xFFFFFF2], EXTRA_TOP_BAR , fragInfo: [0xF0], MENU_ROOT ,VState :0 , fragInfo: [0xF0], LOWER_LAYER ,VState :0 , fragInfo: [0xF0], MID_LAYER ,VState :0 , fragInfo: [0xF0], HIGHER_LAYER ,VState :0 , fragInfo: [0xF0]}
11-17 19:28:33.509 V/CAM_Delegate@6646498( 9081): checkOperation type PREVIEW_ROOT, operations [BaseOperation{type=ADD, contType=PREVIEW_ROOT, info= 0xFFFFFF2, subInfo= 0xF0'}], currentFragments {BOTTOM_BAR ,VState :0 , fragInfo: [0xF1], MODE_SELECTOR ,VState :0 , fragInfo: [0xF2], TOP_BAR ,VState :0 , fragInfo: [0xF4], DUAL_CAMERA ,VState :0 , fragInfo: [0xFF4], MAIN_CONTENT ,VState :0 , fragInfo: [0xF3], POPUP_TIPS ,VState :0 , fragInfo: [0xF0, 0xFFF9], BEAUTY_PANEL ,VState :0 , fragInfo: [0xF0], POST_VIEW ,VState :0 , fragInfo: [0xF0], GALLERY , fragInfo: [0xF0], PREVIEW_ROOT ,VState :0 , fragInfo: [0xF0, 0xFFFFFF2], EXTRA_TOP_BAR , fragInfo: [0xF0], MENU_ROOT ,VState :0 , fragInfo: [0xF0], LOWER_LAYER ,VState :0 , fragInfo: [0xF0], MID_LAYER ,VState :0 , fragInfo: [0xF0], HIGHER_LAYER ,VState :0 , fragInfo: [0xF0]}
11-17 19:28:33.509 V/CAM_Delegate@6646498( 9081): loadModule - opts [BaseOperation{type=ADD, contType=MAIN_CONTENT, info= 0xEC, subInfo= 0xF0'}, BaseOperation{type=ADD, contType=MID_LAYER, info= 0xFF1, subInfo= 0xF0'}, BaseOperation{type=ADD, contType=HIGHER_LAYER, info= 0xFFFE, subInfo= 0xF0'}]
11-17 19:28:33.509 D/CAM_FragmentVideoPrompter( 9081): register: 
11-17 19:28:33.509 I/CAM_BaseFragment( 9081): fragment is not added, pendingShow return.
11-17 19:28:33.509 I/CAM_BaseFragment( 9081): fragment is not added, pendingShow return.
11-17 19:28:33.509 I/CAM_BaseFragment( 9081): fragment is not added, pendingShow return.
11-17 19:28:33.509 V/CAM_Delegate@6646498( 9081): currentFragments {BOTTOM_BAR ,VState :0 , fragInfo: [0xF1], MODE_SELECTOR ,VState :0 , fragInfo: [0xF2], TOP_BAR ,VState :0 , fragInfo: [0xF4], DUAL_CAMERA ,VState :0 , fragInfo: [0xFF4], MAIN_CONTENT ,VState :0 , fragInfo: [0xF3, 0xEC], POPUP_TIPS ,VState :0 , fragInfo: [0xF0, 0xFFF9], BEAUTY_PANEL ,VState :0 , fragInfo: [0xF0], POST_VIEW ,VState :0 , fragInfo: [0xF0], GALLERY , fragInfo: [0xF0], PREVIEW_ROOT ,VState :0 , fragInfo: [0xF0, 0xFFFFFF2], EXTRA_TOP_BAR , fragInfo: [0xF0], MENU_ROOT ,VState :0 , fragInfo: [0xF0], LOWER_LAYER ,VState :0 , fragInfo: [0xF0], MID_LAYER ,VState :0 , fragInfo: [0xF0, 0xFF1], HIGHER_LAYER ,VState :0 , fragInfo: [0xF0, 0xFFFE]}
11-17 19:28:33.509 I/CamX    ( 1085): [ DUMP][HAL    ] camxhaldevice.cpp:1612 LogRequest() Frame Number ## REQUEST_ERROR ## RESULT_ERROR ## BUFFER_ERROR ## Shutter ##  Metadata[Rcvd/Tot] ## Output[Rcvd/Tot(inErr)] ## Input ## S0[Rcvd/StatusOK/BufErrNotify](0xb400007adb94fef8)[0] ## S1[Rcvd/StatusOK/BufErrNotify](0xb400007adb8eba58)[0] ## S2[Rcvd/StatusOK/BufErrNotify](0xb400007adb937718)[0] ## 
11-17 19:28:33.510 I/CamX    ( 1085): [ DUMP][HAL    ] camxhaldevice.cpp:1612 LogRequest() Frame Number ## REQUEST_ERROR ## RESULT_ERROR ## BUFFER_ERROR ## Shutter ##  Metadata[Rcvd/Tot] ## Output[Rcvd/Tot(inErr)] ## Input ## S0[Rcvd/StatusOK/BufErrNotify](0xb400007adb94fef8)[0] ## S1[Rcvd/StatusOK/BufErrNotify](0xb400007adb8eba58)[0] ## S2[Rcvd/StatusOK/BufErrNotify](0xb400007adb937718)[0] ## 
11-17 19:28:33.510 I/CAM_ AdaptiveTv( 9081): init:  mMaxFontScale :1.25
11-17 19:28:33.510 I/Camera3-Device( 1520): disconnectImpl: E
11-17 19:28:33.510 I/CameraLatencyHistogram( 1520): ProcessCaptureRequest latency histogram (19) samples:
11-17 19:28:33.510 I/CameraLatencyHistogram( 1520):        40     80    120    160    200    240    280    320    360    inf (max ms)
11-17 19:28:33.510 I/CameraLatencyHistogram( 1520):      26.32   57.89   15.79   0.00   0.00   0.00   0.00   0.00   0.00   0.00 (%)
11-17 19:28:33.510 D/NfcService(23814): setReaderMode: uid=1000, packageName: android, flags: 0
11-17 19:28:33.510 D/CAM_ModeSelectViewCV( 9081): getHeaderOffset w = 1000, itemWidth = 172, textWidth = 104.0
11-17 19:28:33.510 D/CAM_ModeSelectViewCV( 9081): res = {1.0 214mcc22mnc [es_ES] ldltr sw393dp w393dp h794dp 440dpi nrml long hdr widecg port night finger -keyb/v/h -nav/h winConfig={ mBounds=Rect(0, 0 - 1080, 2340) mAppBounds=Rect(0, 90 - 1080, 2274) mMaxBounds=Rect(0, 0 - 1080, 2340) mDisplayRotation=ROTATION_0 mWindowingMode=fullscreen mActivityType=standard mAlwaysOnTop=undefined mRotation=ROTATION_0} as.3 s.2 fontWeightAdjustment=0}
11-17 19:28:33.510 E/NfcService(23814): setReaderMode: Reader mode Binder was never registered
11-17 19:28:33.510 D/CAM_ModeSelectViewCV( 9081): updateSelectedItem 162
11-17 19:28:33.510 I/NfcService(23814): restoreSavedTech
11-17 19:28:33.510 D/libnfc_nci(23814): nfcManager_setDiscoveryTech  pollTech = 0xc00000ff, listenTech = 0xc00000ff
11-17 19:28:33.510 D/libnfc_nci(23814): RoutingManager::setEeTechRouteUpdateRequired
11-17 19:28:33.510 D/libnfc_nci(23814): RoutingManager::setEeInfoChangedFlag
11-17 19:28:33.510 D/libnfc_nci(23814): nativeNfcTag_acquireRfInterfaceMutexLock: try to acquire lock
11-17 19:28:33.510 D/libnfc_nci(23814): nativeNfcTag_acquireRfInterfaceMutexLock: sRfInterfaceMutex lock
11-17 19:28:33.510 I/hwservicemanager(  668): getTransport: Cannot find entry vendor.display.config@1.9::IDisplayConfig/default in either framework or device VINTF manifest.
11-17 19:28:33.510 D/libnfc_nci(23814): nfa_dm_act_change_discovery_tech:  dm_disc_listen_mask_dfl=0x0
11-17 19:28:33.510 E/CamX    ( 1085): [ERROR][FORMAT ] camxdisplayconfig.cpp:124 Initialize() IDisplayConfig service is NULL, version 1.9
11-17 19:28:33.510 D/libnfc_nci(23814): nfaConnectionCallback: NFA_LISTEN_ENABLED_EVT:status= 0
11-17 19:28:33.510 I/CamX    ( 1085): [ DUMP][HAL    ] camxhaldevice.cpp:1612 LogRequest() Frame Number ## REQUEST_ERROR ## RESULT_ERROR ## BUFFER_ERROR ## Shutter ##  Metadata[Rcvd/Tot] ## Output[Rcvd/Tot(inErr)] ## Input ## S0[Rcvd/StatusOK/BufErrNotify](0xb400007adb94fef8)[0] ## S1[Rcvd/StatusOK/BufErrNotify](0xb400007adb8eba58)[0] ## S2[Rcvd/StatusOK/BufErrNotify](0xb400007adb937718)[0] ## 
11-17 19:28:33.510 D/libnfc_nci(23814): nativeNfcTag_releaseRfInterfaceMutexLock: sRfInterfaceMutex unlock
11-17 19:28:33.510 D/NfcService(23814): applyRouting
11-17 19:28:33.511 D/NfcService(23814): applyRouting: Discovery configuration equal, not updating
11-17 19:28:33.512 I/CAM_PerformanceManager( 9081): [P_PERFORM]: Action: switch_change_mode_163_162_163_0 takes 42 ms
11-17 19:28:33.513 D/CAM_DragLayout( 9081): setDragEnable mDragMode : false, mPromptMode : false,mBar : null,withAnim : false
11-17 19:28:33.513 I/CAM_ AdaptiveTv( 9081): init:  mMaxFontScale :1.25
11-17 19:28:33.514 D/CAM_ModeSelectViewCV( 9081): [onCreateViewHolder] h&f
11-17 19:28:33.514 D/CAM_ModeSelectViewCV( 9081): ModeSelectViewHolder: h&f
11-17 19:28:33.514 I/RefreshRateSelector( 1254): Display 4630946545580055169 policy changed
11-17 19:28:33.514 I/RefreshRateSelector( 1254): Previous: {defaultModeId=0, allowGroupSwitching=false, primaryRanges={physical=[60.00 Hz, 120.00 Hz], render=[60.00 Hz, 60.00 Hz]}, appRequestRanges={physical=[60.00 Hz, 120.00 Hz], render=[60.00 Hz, 60.00 Hz]} idleScreenConfig=nullptr}
11-17 19:28:33.514 I/RefreshRateSelector( 1254): Current:  DisplayManagerPolicy{defaultModeId=1, allowGroupSwitching=false, primaryRanges={physical=[0.00 Hz, 120.00 Hz], render=[0.00 Hz, 120.00 Hz]}, appRequestRanges={physical=[0.00 Hz, 120.00 Hz], render=[0.00 Hz, 120.00 Hz]} idleScreenConfig=nullptr}
11-17 19:28:33.514 I/RefreshRateSelector( 1254): 0 mode changes were performed under the previous policy
11-17 19:28:33.514 I/CAM_ AdaptiveTv( 9081): init:  mMaxFontScale :1.25
11-17 19:28:33.514 D/DisplayModeController( 1254): setDesiredMode 4630946545580055169 {mode={fps=60.00 Hz, modePtr={id=0, vsyncRate=60.00 Hz, peakRefreshRate=60.00 Hz}}, emitEvent=true, force=false}
11-17 19:28:33.514 D/CAM_ModeSelectViewCV( 9081): getHeaderOffset w = 1000, itemWidth = 172, textWidth = 104.0
11-17 19:28:33.515 D/CAM_ModeSelectViewCV( 9081): res = {1.0 214mcc22mnc [es_ES] ldltr sw393dp w393dp h794dp 440dpi nrml long hdr widecg port night finger -keyb/v/h -nav/h winConfig={ mBounds=Rect(0, 0 - 1080, 2340) mAppBounds=Rect(0, 90 - 1080, 2274) mMaxBounds=Rect(0, 0 - 1080, 2340) mDisplayRotation=ROTATION_0 mWindowingMode=fullscreen mActivityType=standard mAlwaysOnTop=undefined mRotation=ROTATION_0} as.3 s.2 fontWeightAdjustment=0}
11-17 19:28:33.515 D/EndTopBarAdapter( 9081): onBindViewHolder
11-17 19:28:33.516 D/EndTopBarAdapter( 9081): updateView - anim id = 0
11-17 19:28:33.516 D/StartTopBarAdapter( 9081): onBindViewHolder
11-17 19:28:33.517 D/StartTopBarAdapter( 9081): updateView - anim id = 2131886459
11-17 19:28:33.517 I/StartTopBarAdapter( 9081): shouldEnableAnim = false
11-17 19:28:33.517 D/StartTopBarAdapter( 9081): showJsonAnimation - anim id = 2131886459 image view = com.android.camera2.compat.theme.custom.mm.top.StrikethroughImageView{c9d6eb V.ED..C.. ......I. 0,0-116,116}
11-17 19:28:33.518 D/CAM_ModeSelectViewCV( 9081): onScrolled 0
11-17 19:28:33.518 D/CAM_ModeSelectViewCV( 9081): updateSelectedItem 162
11-17 19:28:33.520 D/CAM_ModeSelectViewCV( 9081): onScrolled 1
11-17 19:28:33.520 D/CAM_ModeSelectViewCV( 9081): updateSelectedItem 162
11-17 19:28:33.521 W/HapticCompat( 9081): MIUI Haptic Implementation not found.
11-17 19:28:33.521 W/HapticCompat( 9081): java.lang.ClassNotFoundException: miui.util.HapticFeedbackUtil
11-17 19:28:33.521 W/HapticCompat( 9081): 	at java.lang.Class.classForName(Native Method)
11-17 19:28:33.521 W/HapticCompat( 9081): 	at java.lang.Class.forName(Class.java:597)
11-17 19:28:33.521 W/HapticCompat( 9081): 	at java.lang.Class.forName(Class.java:502)
11-17 19:28:33.521 W/HapticCompat( 9081): 	at miuix.view.PlatformConstants.<clinit>(Unknown Source:8)
11-17 19:28:33.521 W/HapticCompat( 9081): 	at h.i0.b.<clinit>(Unknown Source:10)
11-17 19:28:33.521 W/HapticCompat( 9081): 	at com.mi.config.DataItemFeature.za(Unknown Source:4)
11-17 19:28:33.521 W/HapticCompat( 9081): 	at d.c.f.e.<init>(Unknown Source:7)
11-17 19:28:33.521 W/HapticCompat( 9081): 	at d.c.f.e.r(Unknown Source:13)
11-17 19:28:33.521 W/HapticCompat( 9081): 	at com.android.camera.ui.ModeSelectView.q(Unknown Source:25)
11-17 19:28:33.521 W/HapticCompat( 9081): 	at com.android.camera.ui.ModeSelectView.r(Unknown Source:0)
11-17 19:28:33.521 W/HapticCompat( 9081): 	at d.c.a.r7.j0.a(Unknown Source:4)
11-17 19:28:33.521 W/HapticCompat( 9081): 	at com.android.camera.ui.ModeSelectView.v(Unknown Source:76)
11-17 19:28:33.521 W/HapticCompat( 9081): 	at com.android.camera.ui.ModeSelectView.w(Unknown Source:5)
11-17 19:28:33.521 W/HapticCompat( 9081): 	at com.android.camera.ui.ModeSelectView.onScrolled(Unknown Source:75)
11-17 19:28:33.521 W/HapticCompat( 9081): 	at androidx.recyclerview.widget.RecyclerView.dispatchOnScrolled(Unknown Source:21)
11-17 19:28:33.521 W/HapticCompat( 9081): 	at androidx.recyclerview.widget.RecyclerView.dispatchLayoutStep3(Unknown Source:221)
11-17 19:28:33.521 W/HapticCompat( 9081): 	at androidx.recyclerview.widget.RecyclerView.dispatchLayout(Unknown Source:124)
11-17 19:28:33.521 W/HapticCompat( 9081): 	at androidx.recyclerview.widget.RecyclerView.onLayout(Unknown Source:5)
11-17 19:28:33.521 W/HapticCompat( 9081): 	at android.view.View.layout(View.java:25639)
11-17 19:28:33.521 W/HapticCompat( 9081): 	at android.view.ViewGroup.layout(ViewGroup.java:6462)
11-17 19:28:33.521 W/HapticCompat( 9081): 	at android.widget.FrameLayout.layoutChildren(FrameLayout.java:332)
11-17 19:28:33.521 W/HapticCompat( 9081): 	at android.widget.FrameLayout.onLayout(FrameLayout.java:270)
11-17 19:28:33.521 W/HapticCompat( 9081): 	at android.view.View.layout(View.java:25639)
11-17 19:28:33.521 W/HapticCompat( 9081): 	at android.view.ViewGroup.layout(ViewGroup.java:6462)
11-17 19:28:33.521 W/HapticCompat( 9081): 	at android.widget.FrameLayout.layoutChildren(FrameLayout.java:332)
11-17 19:28:33.521 W/HapticCompat( 9081): 	at android.widget.FrameLayout.onLayout(FrameLayout.java:270)
11-17 19:28:33.521 W/HapticCompat( 9081): 	at android.view.View.layout(View.java:25639)
11-17 19:28:33.521 W/HapticCompat( 9081): 	at android.view.ViewGroup.layout(ViewGroup.java:6462)
11-17 19:28:33.521 W/HapticCompat( 9081): 	at android.widget.FrameLayout.layoutChildren(FrameLayout.java:332)
11-17 19:28:33.521 W/HapticCompat( 9081): 	at android.widget.FrameLayout.onLayout(FrameLayout.java:270)
11-17 19:28:33.521 W/HapticCompat( 9081): 	at android.view.View.layout(View.java:25639)
11-17 19:28:33.521 W/HapticCompat( 9081): 	at android.view.ViewGroup.layout(ViewGroup.java:6462)
11-17 19:28:33.521 W/HapticCompat( 9081): 	at android.widget.FrameLayout.layoutChildren(FrameLayout.java:332)
11-17 19:28:33.521 W/HapticCompat( 9081): 	at android.widget.FrameLayout.onLayout(FrameLayout.java:270)
11-17 19:28:33.521 W/HapticCompat( 9081): 	at com.android.camera.ui.DragLayout.onLayout(Unknown Source:0)
11-17 19:28:33.521 W/HapticCompat( 9081): 	at android.view.View.layout(View.java:25639)
11-17 19:28:33.521 W/HapticCompat( 9081): 	at android.view.ViewGroup.layout(ViewGroup.java:6462)
11-17 19:28:33.521 W/HapticCompat( 9081): 	at android.widget.FrameLayout.layoutChildren(FrameLayout.java:332)
11-17 19:28:33.521 W/HapticCompat( 9081): 	at android.widget.FrameLayout.onLayout(FrameLayout.java:270)
11-17 19:28:33.521 W/HapticCompat( 9081): 	at android.view.View.layout(View.java:25639)
11-17 19:28:33.521 W/HapticCompat( 9081): 	at android.view.ViewGroup.layout(ViewGroup.java:6462)
11-17 19:28:33.521 W/HapticCompat( 9081): 	at android.widget.FrameLayout.layoutChildren(FrameLayout.java:332)
11-17 19:28:33.521 W/HapticCompat( 9081): 	at android.widget.FrameLayout.onLayout(FrameLayout.java:270)
11-17 19:28:33.521 W/HapticCompat( 9081): 	at com.android.camera.ui.CameraRootView.onLayout(Unknown Source:5)
11-17 19:28:33.521 W/HapticCompat( 9081): 	at android.view.View.layout(View.java:25639)
11-17 19:28:33.521 W/HapticCompat( 9081): 	at android.view.ViewGroup.layout(ViewGroup.java:6462)
11-17 19:28:33.521 W/HapticCompat( 9081): 	at android.widget.FrameLayout.layoutChildren(FrameLayout.java:332)
11-17 19:28:33.521 W/HapticCompat( 9081): 	at android.widget.FrameLayout.onLayout(FrameLayout.java:270)
11-17 19:28:33.521 W/HapticCompat( 9081): 	at android.view.View.layout(View.java:25639)
11-17 19:28:33.521 W/HapticCompat( 9081): 	at android.view.ViewGroup.layout(ViewGroup.java:6462)
11-17 19:28:33.521 W/HapticCompat( 9081): 	at android.widget.FrameLayout.layoutChildren(FrameLayout.java:332)
11-17 19:28:33.521 W/HapticCompat( 9081): 	at android.widget.FrameLayout.onLayout(FrameLayout.java:270)
11-17 19:28:33.521 W/HapticCompat( 9081): 	at miuix.appcompat.internal.app.widget.ActionBarOverlayLayout.onLayout(Unknown Source:0)
11-17 19:28:33.521 W/HapticCompat( 9081): 	at android.view.View.layout(View.java:25639)
11-17 19:28:33.521 W/HapticCompat( 9081): 	at android.view.ViewGroup.layout(ViewGroup.java:6462)
11-17 19:28:33.521 W/HapticCompat( 9081): 	at android.widget.FrameLayout.layoutChildren(FrameLayout.java:332)
11-17 19:28:33.521 W/HapticCompat( 9081): 	at android.widget.FrameLayout.onLayout(FrameLayout.java:270)
11-17 19:28:33.521 W/HapticCompat( 9081): 	at android.view.View.layout(View.java:25639)
11-17 19:28:33.521 W/HapticCompat( 9081): 	at android.view.ViewGroup.layout(ViewGroup.java:6462)
11-17 19:28:33.521 W/HapticCompat( 9081): 	at android.widget.LinearLayout.setChildFrame(LinearLayout.java:1891)
11-17 19:28:33.521 W/HapticCompat( 9081): 	at android.widget.LinearLayout.layoutVertical(LinearLayout.java:1729)
11-17 19:28:33.521 W/HapticCompat( 9081): 	at android.widget.LinearLayout.onLayout(LinearLayout.java:1638)
11-17 19:28:33.521 W/HapticCompat( 9081): 	at android.view.View.layout(View.java:25639)
11-17 19:28:33.521 W/HapticCompat( 9081): 	at android.view.ViewGroup.layout(ViewGroup.java:6462)
11-17 19:28:33.521 W/HapticCompat( 9081): 	at android.widget.FrameLayout.layoutChildren(FrameLayout.java:332)
11-17 19:28:33.521 W/HapticCompat( 9081): 	at android.widget.FrameLayout.onLayout(FrameLayout.java:270)
11-17 19:28:33.521 W/HapticCompat( 9081): 	at com.android.internal.policy.DecorView.onLayout(DecorView.java:775)
11-17 19:28:33.521 W/HapticCompat( 9081): 	at android.view.View.layout(View.java:25639)
11-17 19:28:33.521 W/HapticCompat( 9081): 	at android.view.ViewGroup.layout(ViewGroup.java:6462)
11-17 19:28:33.521 W/HapticCompat( 9081): 	at android.view.ViewRootImpl.performLayout(ViewRootImpl.java:5124)
11-17 19:28:33.521 W/HapticCompat( 9081): 	at android.view.ViewRootImpl.performTraversals(ViewRootImpl.java:4268)
11-17 19:28:33.521 W/HapticCompat( 9081): 	at android.view.ViewRootImpl.doTraversal(ViewRootImpl.java:3124)
11-17 19:28:33.521 W/HapticCompat( 9081): 	at android.view.ViewRootImpl$TraversalRunnable.run(ViewRootImpl.java:10715)
11-17 19:28:33.521 W/HapticCompat( 9081): 	at android.view.Choreographer$CallbackRecord.run(Choreographer.java:1594)
11-17 19:28:33.521 W/HapticCompat( 9081): 	at android.view.Choreographer$CallbackRecord.run(Choreographer.java:1603)
11-17 19:28:33.521 W/HapticCompat( 9081): 	at android.view.Choreographer.doCallbacks(Choreographer.java:1202)
11-17 19:28:33.521 W/HapticCompat( 9081): 	at android.view.Choreographer.doFrame(Choreographer.java:1128)
11-17 19:28:33.521 W/HapticCompat( 9081): 	at android.view.Choreographer$FrameDisplayEventReceiver.run(Choreographer.java:1577)
11-17 19:28:33.521 W/HapticCompat( 9081): 	at android.os.Handler.handleCallback(Handler.java:995)
11-17 19:28:33.521 W/HapticCompat( 9081): 	at android.os.Handler.dispatchMessage(Handler.java:103)
11-17 19:28:33.521 W/HapticCompat( 9081): 	at android.os.Looper.loopOnce(Looper.java:248)
11-17 19:28:33.521 W/HapticCompat( 9081): 	at android.os.Looper.loop(Looper.java:338)
11-17 19:28:33.521 W/HapticCompat( 9081): 	at android.app.ActivityThread.main(ActivityThread.java:9145)
11-17 19:28:33.521 W/HapticCompat( 9081): 	at java.lang.reflect.Method.invoke(Native Method)
11-17 19:28:33.521 W/HapticCompat( 9081): 	at com.android.internal.os.RuntimeInit$MethodAndArgsCaller.run(RuntimeInit.java:596)
11-17 19:28:33.521 W/HapticCompat( 9081): 	at com.android.internal.os.ZygoteInit.main(ZygoteInit.java:940)
11-17 19:28:33.521 W/HapticCompat( 9081): Caused by: java.lang.ClassNotFoundException: miui.util.HapticFeedbackUtil
11-17 19:28:33.521 W/HapticCompat( 9081): 	... 86 more
11-17 19:28:33.521 I/HapticCompat( 9081): Platform version: -1.
11-17 19:28:33.521 W/HapticCompat( 9081): MIUI Haptic Implementation not found.
11-17 19:28:33.521 W/HapticCompat( 9081): java.lang.ClassNotFoundException: miui.util.HapticFeedbackUtil
11-17 19:28:33.521 W/HapticCompat( 9081): 	at java.lang.Class.classForName(Native Method)
11-17 19:28:33.521 W/HapticCompat( 9081): 	at java.lang.Class.forName(Class.java:597)
11-17 19:28:33.521 W/HapticCompat( 9081): 	at java.lang.Class.forName(Class.java:502)
11-17 19:28:33.521 W/HapticCompat( 9081): 	at miuix.view.PlatformConstants.<clinit>(Unknown Source:88)
11-17 19:28:33.521 W/HapticCompat( 9081): 	at h.i0.b.<clinit>(Unknown Source:10)
11-17 19:28:33.521 W/HapticCompat( 9081): 	at com.mi.config.DataItemFeature.za(Unknown Source:4)
11-17 19:28:33.521 W/HapticCompat( 9081): 	at d.c.f.e.<init>(Unknown Source:7)
11-17 19:28:33.521 W/HapticCompat( 9081): 	at d.c.f.e.r(Unknown Source:13)
11-17 19:28:33.521 W/HapticCompat( 9081): 	at com.android.camera.ui.ModeSelectView.q(Unknown Source:25)
11-17 19:28:33.521 W/HapticCompat( 9081): 	at com.android.camera.ui.ModeSelectView.r(Unknown Source:0)
11-17 19:28:33.521 W/HapticCompat( 9081): 	at d.c.a.r7.j0.a(Unknown Source:4)
11-17 19:28:33.521 W/HapticCompat( 9081): 	at com.android.camera.ui.ModeSelectView.v(Unknown Source:76)
11-17 19:28:33.521 W/HapticCompat( 9081): 	at com.android.camera.ui.ModeSelectView.w(Unknown Source:5)
11-17 19:28:33.521 W/HapticCompat( 9081): 	at com.android.camera.ui.ModeSelectView.onScrolled(Unknown Source:75)
11-17 19:28:33.521 W/HapticCompat( 9081): 	at androidx.recyclerview.widget.RecyclerView.dispatchOnScrolled(Unknown Source:21)
11-17 19:28:33.521 W/HapticCompat( 9081): 	at androidx.recyclerview.widget.RecyclerView.dispatchLayoutStep3(Unknown Source:221)
11-17 19:28:33.521 W/HapticCompat( 9081): 	at androidx.recyclerview.widget.RecyclerView.dispatchLayout(Unknown Source:124)
11-17 19:28:33.521 W/HapticCompat( 9081): 	at androidx.recyclerview.widget.RecyclerView.onLayout(Unknown Source:5)
11-17 19:28:33.521 W/HapticCompat( 9081): 	at android.view.View.layout(View.java:25639)
11-17 19:28:33.521 W/HapticCompat( 9081): 	at android.view.ViewGroup.layout(ViewGroup.java:6462)
11-17 19:28:33.521 W/HapticCompat( 9081): 	at android.widget.FrameLayout.layoutChildren(FrameLayout.java:332)
11-17 19:28:33.521 W/HapticCompat( 9081): 	at android.widget.FrameLayout.onLayout(FrameLayout.java:270)
11-17 19:28:33.521 W/HapticCompat( 9081): 	at android.view.View.layout(View.java:25639)
11-17 19:28:33.521 W/HapticCompat( 9081): 	at android.view.ViewGroup.layout(ViewGroup.java:6462)
11-17 19:28:33.521 W/HapticCompat( 9081): 	at android.widget.FrameLayout.layoutChildren(FrameLayout.java:332)
11-17 19:28:33.521 W/HapticCompat( 9081): 	at android.widget.FrameLayout.onLayout(FrameLayout.java:270)
11-17 19:28:33.521 W/HapticCompat( 9081): 	at android.view.View.layout(View.java:25639)
11-17 19:28:33.521 W/HapticCompat( 9081): 	at android.view.ViewGroup.layout(ViewGroup.java:6462)
11-17 19:28:33.521 W/HapticCompat( 9081): 	at android.widget.FrameLayout.layoutChildren(FrameLayout.java:332)
11-17 19:28:33.521 W/HapticCompat( 9081): 	at android.widget.FrameLayout.onLayout(FrameLayout.java:270)
11-17 19:28:33.521 W/HapticCompat( 9081): 	at android.view.View.layout(View.java:25639)
11-17 19:28:33.521 W/HapticCompat( 9081): 	at android.view.ViewGroup.layout(ViewGroup.java:6462)
11-17 19:28:33.521 W/HapticCompat( 9081): 	at android.widget.FrameLayout.layoutChildren(FrameLayout.java:332)
11-17 19:28:33.521 W/HapticCompat( 9081): 	at android.widget.FrameLayout.onLayout(FrameLayout.java:270)
11-17 19:28:33.521 W/HapticCompat( 9081): 	at com.android.camera.ui.DragLayout.onLayout(Unknown Source:0)
11-17 19:28:33.521 W/HapticCompat( 9081): 	at android.view.View.layout(View.java:25639)
11-17 19:28:33.521 W/HapticCompat( 9081): 	at android.view.ViewGroup.layout(ViewGroup.java:6462)
11-17 19:28:33.521 W/HapticCompat( 9081): 	at android.widget.FrameLayout.layoutChildren(FrameLayout.java:332)
11-17 19:28:33.521 W/HapticCompat( 9081): 	at android.widget.FrameLayout.onLayout(FrameLayout.java:270)
11-17 19:28:33.521 W/HapticCompat( 9081): 	at android.view.View.layout(View.java:25639)
11-17 19:28:33.521 W/HapticCompat( 9081): 	at android.view.ViewGroup.layout(ViewGroup.java:6462)
11-17 19:28:33.521 W/HapticCompat( 9081): 	at android.widget.FrameLayout.layoutChildren(FrameLayout.java:332)
11-17 19:28:33.521 W/HapticCompat( 9081): 	at android.widget.FrameLayout.onLayout(FrameLayout.java:270)
11-17 19:28:33.521 W/HapticCompat( 9081): 	at com.android.camera.ui.CameraRootView.onLayout(Unknown Source:5)
11-17 19:28:33.521 W/HapticCompat( 9081): 	at android.view.View.layout(View.java:25639)
11-17 19:28:33.521 W/HapticCompat( 9081): 	at android.view.ViewGroup.layout(ViewGroup.java:6462)
