11-17 19:28:32.628 D/CCodec  ( 9081): }
11-17 19:28:32.628 I/CCodecConfig( 9081): query failed after returning 8 values (BAD_INDEX)
11-17 19:28:32.629 W/Codec2Client( 9081): query -- param skipped: index = 1342179345.
11-17 19:28:32.629 W/Codec2Client( 9081): query -- param skipped: index = 2415921170.
11-17 19:28:32.629 D/CCodecBufferChannel( 9081): [c2.android.vorbis.decoder#812] MediaCodec discarded an unknown buffer
11-17 19:28:32.629 D/CCodecBufferChannel( 9081): [c2.android.vorbis.decoder#720] Created input block pool with allocatorID 16 => poolID 19 - OK (0)
11-17 19:28:32.630 I/CCodecBufferChannel( 9081): [c2.android.vorbis.decoder#720] Created output block pool with allocatorID 16 => poolID 458 - OK
11-17 19:28:32.630 D/CCodecBufferChannel( 9081): [c2.android.vorbis.decoder#720] Configured output block pool ids 458 => OK
11-17 19:28:32.630 E/Codec2-ComponentInterface( 1566): We have a failed config
11-17 19:28:32.630 I/hw-BpHwBinder( 9081): onLastStrongRef automatically unlinking death recipients
11-17 19:28:32.630 I/hw-BpHwBinder( 1566): onLastStrongRef automatically unlinking death recipients
11-17 19:28:32.630 D/BufferPoolAccessor2.0( 1566): Destruction - bufferpool2 0xb4000072effda2d8 cached: 0/0M, 0/0% in use; allocs: 0, 0% recycled; transfers: 0, 0% unfetched
11-17 19:28:32.631 D/SimpleC2Component( 1566): Using output block pool with poolID 458 => got 458 - 0
11-17 19:28:32.635 W/ServiceManagerCppClient( 1529): Waited one second for stats (is service started? Number of threads started in the threadpool: 17. Are binder threads started and available?)
11-17 19:28:32.635 D/MediaCodecList( 9081): codecHandlesFormat: no format, so no extra checks
11-17 19:28:32.635 W/ServiceManagerCppClient( 1250): Waited one second for stats (is service started? Number of threads started in the threadpool: 6. Are binder threads started and available?)
11-17 19:28:32.635 D/CCodec  ( 9081): allocate(c2.android.vorbis.decoder)
11-17 19:28:32.637 I/CCodec  ( 9081): setting up 'default' as default (vendor) store
11-17 19:28:32.639 I/CCodec  ( 9081): Created component [c2.android.vorbis.decoder] for [c2.android.vorbis.decoder]
11-17 19:28:32.639 D/CCodecConfig( 9081): read media type: audio/vorbis
11-17 19:28:32.640 D/ReflectedParamUpdater( 9081): extent() != 1 for single value type: algo.buffers.max-count.values
11-17 19:28:32.641 D/ReflectedParamUpdater( 9081): extent() != 1 for single value type: output.subscribed-indices.values
11-17 19:28:32.641 D/ReflectedParamUpdater( 9081): extent() != 1 for single value type: input.buffers.allocator-ids.values
11-17 19:28:32.641 D/ReflectedParamUpdater( 9081): extent() != 1 for single value type: output.buffers.allocator-ids.values
11-17 19:28:32.641 D/ReflectedParamUpdater( 9081): extent() != 1 for single value type: algo.buffers.allocator-ids.values
11-17 19:28:32.641 D/ReflectedParamUpdater( 9081): extent() != 1 for single value type: output.buffers.pool-ids.values
11-17 19:28:32.641 D/ReflectedParamUpdater( 9081): extent() != 1 for single value type: algo.buffers.pool-ids.values
11-17 19:28:32.642 I/CCodecConfig( 9081): query failed after returning 8 values (BAD_INDEX)
11-17 19:28:32.642 D/CCodecConfig( 9081): c2 config diff is Dict {
11-17 19:28:32.642 D/CCodecConfig( 9081):   c2::u32 coded.bitrate.value = 64000
11-17 19:28:32.642 D/CCodecConfig( 9081):   c2::u32 input.buffers.max-size.value = 32768
11-17 19:28:32.642 D/CCodecConfig( 9081):   c2::u32 input.delay.value = 0
11-17 19:28:32.642 D/CCodecConfig( 9081):   string input.media-type.value = "audio/vorbis"
11-17 19:28:32.642 D/CCodecConfig( 9081):   c2::u32 output.large-frame.max-size = 0
11-17 19:28:32.642 D/CCodecConfig( 9081):   c2::u32 output.large-frame.threshold-size = 0
11-17 19:28:32.642 D/CCodecConfig( 9081):   string output.media-type.value = "audio/raw"
11-17 19:28:32.642 D/CCodecConfig( 9081):   c2::u32 raw.channel-count.value = 1
11-17 19:28:32.642 D/CCodecConfig( 9081):   c2::u32 raw.sample-rate.value = 48000
11-17 19:28:32.642 D/CCodecConfig( 9081): }
11-17 19:28:32.642 D/CCodec  ( 9081): [c2.android.vorbis.decoder] buffers are bound to CCodec for this session
11-17 19:28:32.642 D/CCodecConfig( 9081): no c2 equivalents for durationUs
11-17 19:28:32.642 D/CCodecConfig( 9081): no c2 equivalents for track-id
11-17 19:28:32.642 D/CCodecConfig( 9081): no c2 equivalents for csd-1
11-17 19:28:32.642 D/CCodecConfig( 9081): no c2 equivalents for flags
11-17 19:28:32.643 D/CCodecConfig( 9081): c2 config diff is   c2::u32 coded.bitrate.value = 499821
11-17 19:28:32.643 D/CCodecConfig( 9081):   c2::u32 raw.channel-count.value = 2
11-17 19:28:32.643 D/CCodecConfig( 9081):   c2::u32 raw.sample-rate.value = 44100
11-17 19:28:32.643 W/Codec2Client( 9081): query -- param skipped: index = 1107298332.
11-17 19:28:32.643 D/CCodec  ( 9081): encoding statistics level = 0
11-17 19:28:32.643 D/CCodec  ( 9081): setup formats input: AMessage(what = 0x00000000) = {
11-17 19:28:32.643 D/CCodec  ( 9081):   int32_t bitrate = 499821
11-17 19:28:32.643 D/CCodec  ( 9081):   int32_t channel-count = 2
11-17 19:28:32.643 D/CCodec  ( 9081):   int32_t max-input-size = 32768
11-17 19:28:32.643 D/CCodec  ( 9081):   string mime = "audio/vorbis"
11-17 19:28:32.643 D/CCodec  ( 9081):   int32_t sample-rate = 44100
11-17 19:28:32.643 D/CCodec  ( 9081): }
11-17 19:28:32.643 D/CCodec  ( 9081): setup formats output: AMessage(what = 0x00000000) = {
11-17 19:28:32.643 D/CCodec  ( 9081):   int32_t buffer-batch-max-output-size = 0
11-17 19:28:32.643 D/CCodec  ( 9081):   int32_t buffer-batch-threshold-output-size = 0
11-17 19:28:32.643 D/CCodec  ( 9081):   int32_t channel-count = 2
11-17 19:28:32.643 D/CCodec  ( 9081):   string mime = "audio/raw"
11-17 19:28:32.643 D/CCodec  ( 9081):   int32_t sample-rate = 44100
11-17 19:28:32.643 D/CCodec  ( 9081):   int32_t channel-mask = 3
11-17 19:28:32.643 D/CCodec  ( 9081):   int32_t android._config-pcm-encoding = 2
11-17 19:28:32.643 D/CCodec  ( 9081): }
11-17 19:28:32.643 I/CCodecConfig( 9081): query failed after returning 8 values (BAD_INDEX)
11-17 19:28:32.643 W/Codec2Client( 9081): query -- param skipped: index = 1342179345.
11-17 19:28:32.643 W/Codec2Client( 9081): query -- param skipped: index = 2415921170.
11-17 19:28:32.644 D/CCodecBufferChannel( 9081): [c2.android.vorbis.decoder#228] Created input block pool with allocatorID 16 => poolID 20 - OK (0)
11-17 19:28:32.644 I/CCodecBufferChannel( 9081): [c2.android.vorbis.decoder#228] Created output block pool with allocatorID 16 => poolID 460 - OK
11-17 19:28:32.644 D/CCodecBufferChannel( 9081): [c2.android.vorbis.decoder#228] Configured output block pool ids 460 => OK
11-17 19:28:32.644 E/Codec2-ComponentInterface( 1566): We have a failed config
11-17 19:28:32.645 D/SimpleC2Component( 1566): Using output block pool with poolID 460 => got 460 - 0
11-17 19:28:32.659 D/CCodecBufferChannel( 9081): [c2.android.vorbis.decoder#720] MediaCodec discarded an unknown buffer
11-17 19:28:32.660 I/hw-BpHwBinder( 9081): onLastStrongRef automatically unlinking death recipients
11-17 19:28:32.660 I/hw-BpHwBinder( 1566): onLastStrongRef automatically unlinking death recipients
11-17 19:28:32.660 D/BufferPoolAccessor2.0( 1566): Destruction - bufferpool2 0xb4000072effd8718 cached: 0/0M, 0/0% in use; allocs: 0, 0% recycled; transfers: 0, 0% unfetched
11-17 19:28:32.664 D/MediaCodecList( 9081): codecHandlesFormat: no format, so no extra checks
11-17 19:28:32.664 D/CCodec  ( 9081): allocate(c2.android.vorbis.decoder)
11-17 19:28:32.666 I/CCodec  ( 9081): setting up 'default' as default (vendor) store
11-17 19:28:32.667 I/CCodec  ( 9081): Created component [c2.android.vorbis.decoder] for [c2.android.vorbis.decoder]
11-17 19:28:32.667 D/CCodecConfig( 9081): read media type: audio/vorbis
11-17 19:28:32.668 D/ReflectedParamUpdater( 9081): extent() != 1 for single value type: algo.buffers.max-count.values
11-17 19:28:32.668 D/ReflectedParamUpdater( 9081): extent() != 1 for single value type: output.subscribed-indices.values
11-17 19:28:32.669 D/ReflectedParamUpdater( 9081): extent() != 1 for single value type: input.buffers.allocator-ids.values
11-17 19:28:32.669 D/ReflectedParamUpdater( 9081): extent() != 1 for single value type: output.buffers.allocator-ids.values
11-17 19:28:32.669 D/ReflectedParamUpdater( 9081): extent() != 1 for single value type: algo.buffers.allocator-ids.values
11-17 19:28:32.669 D/ReflectedParamUpdater( 9081): extent() != 1 for single value type: output.buffers.pool-ids.values
11-17 19:28:32.669 D/ReflectedParamUpdater( 9081): extent() != 1 for single value type: algo.buffers.pool-ids.values
11-17 19:28:32.670 I/CCodecConfig( 9081): query failed after returning 8 values (BAD_INDEX)
11-17 19:28:32.670 D/CCodecConfig( 9081): c2 config diff is Dict {
11-17 19:28:32.670 D/CCodecConfig( 9081):   c2::u32 coded.bitrate.value = 64000
11-17 19:28:32.670 D/CCodecConfig( 9081):   c2::u32 input.buffers.max-size.value = 32768
11-17 19:28:32.670 D/CCodecConfig( 9081):   c2::u32 input.delay.value = 0
11-17 19:28:32.670 D/CCodecConfig( 9081):   string input.media-type.value = "audio/vorbis"
11-17 19:28:32.670 D/CCodecConfig( 9081):   c2::u32 output.large-frame.max-size = 0
11-17 19:28:32.670 D/CCodecConfig( 9081):   c2::u32 output.large-frame.threshold-size = 0
11-17 19:28:32.670 D/CCodecConfig( 9081):   string output.media-type.value = "audio/raw"
11-17 19:28:32.670 D/CCodecConfig( 9081):   c2::u32 raw.channel-count.value = 1
11-17 19:28:32.670 D/CCodecConfig( 9081):   c2::u32 raw.sample-rate.value = 48000
11-17 19:28:32.670 D/CCodecConfig( 9081): }
11-17 19:28:32.671 D/CCodec  ( 9081): [c2.android.vorbis.decoder] buffers are bound to CCodec for this session
11-17 19:28:32.671 D/CCodecConfig( 9081): no c2 equivalents for durationUs
11-17 19:28:32.671 D/CCodecConfig( 9081): no c2 equivalents for track-id
11-17 19:28:32.671 D/CCodecConfig( 9081): no c2 equivalents for csd-1
11-17 19:28:32.671 D/CCodecConfig( 9081): no c2 equivalents for flags
11-17 19:28:32.672 D/CCodecConfig( 9081): c2 config diff is   c2::u32 coded.bitrate.value = 499821
11-17 19:28:32.672 D/CCodecConfig( 9081):   c2::u32 raw.channel-count.value = 2
11-17 19:28:32.672 D/CCodecConfig( 9081):   c2::u32 raw.sample-rate.value = 44100
11-17 19:28:32.672 W/Codec2Client( 9081): query -- param skipped: index = 1107298332.
11-17 19:28:32.672 D/CCodec  ( 9081): encoding statistics level = 0
11-17 19:28:32.672 D/CCodec  ( 9081): setup formats input: AMessage(what = 0x00000000) = {
11-17 19:28:32.672 D/CCodec  ( 9081):   int32_t bitrate = 499821
11-17 19:28:32.672 D/CCodec  ( 9081):   int32_t channel-count = 2
11-17 19:28:32.672 D/CCodec  ( 9081):   int32_t max-input-size = 32768
11-17 19:28:32.672 D/CCodec  ( 9081):   string mime = "audio/vorbis"
11-17 19:28:32.672 D/CCodec  ( 9081):   int32_t sample-rate = 44100
11-17 19:28:32.672 D/CCodec  ( 9081): }
11-17 19:28:32.672 D/CCodec  ( 9081): setup formats output: AMessage(what = 0x00000000) = {
11-17 19:28:32.672 D/CCodec  ( 9081):   int32_t buffer-batch-max-output-size = 0
11-17 19:28:32.672 D/CCodec  ( 9081):   int32_t buffer-batch-threshold-output-size = 0
11-17 19:28:32.672 D/CCodec  ( 9081):   int32_t channel-count = 2
11-17 19:28:32.672 D/CCodec  ( 9081):   string mime = "audio/raw"
11-17 19:28:32.672 D/CCodec  ( 9081):   int32_t sample-rate = 44100
11-17 19:28:32.672 D/CCodec  ( 9081):   int32_t channel-mask = 3
11-17 19:28:32.672 D/CCodec  ( 9081):   int32_t android._config-pcm-encoding = 2
11-17 19:28:32.672 D/CCodec  ( 9081): }
11-17 19:28:32.672 I/CCodecConfig( 9081): query failed after returning 8 values (BAD_INDEX)
11-17 19:28:32.673 W/Codec2Client( 9081): query -- param skipped: index = 1342179345.
11-17 19:28:32.673 W/Codec2Client( 9081): query -- param skipped: index = 2415921170.
11-17 19:28:32.673 D/CCodecBufferChannel( 9081): [c2.android.vorbis.decoder#742] Created input block pool with allocatorID 16 => poolID 21 - OK (0)
11-17 19:28:32.674 I/CCodecBufferChannel( 9081): [c2.android.vorbis.decoder#742] Created output block pool with allocatorID 16 => poolID 462 - OK
11-17 19:28:32.674 D/CCodecBufferChannel( 9081): [c2.android.vorbis.decoder#742] Configured output block pool ids 462 => OK
11-17 19:28:32.674 E/Codec2-ComponentInterface( 1566): We have a failed config
11-17 19:28:32.674 D/SimpleC2Component( 1566): Using output block pool with poolID 462 => got 462 - 0
11-17 19:28:32.678 D/CCodecBufferChannel( 9081): [c2.android.vorbis.decoder#228] MediaCodec discarded an unknown buffer
11-17 19:28:32.679 I/hw-BpHwBinder( 1566): onLastStrongRef automatically unlinking death recipients
11-17 19:28:32.679 I/hw-BpHwBinder( 9081): onLastStrongRef automatically unlinking death recipients
11-17 19:28:32.679 D/BufferPoolAccessor2.0( 1566): Destruction - bufferpool2 0xb4000072effd1378 cached: 0/0M, 0/0% in use; allocs: 0, 0% recycled; transfers: 0, 0% unfetched
11-17 19:28:32.683 D/MediaCodecList( 9081): codecHandlesFormat: no format, so no extra checks
11-17 19:28:32.684 D/CCodec  ( 9081): allocate(c2.android.vorbis.decoder)
11-17 19:28:32.686 I/CCodec  ( 9081): setting up 'default' as default (vendor) store
11-17 19:28:32.687 D/CCodecBufferChannel( 9081): [c2.android.vorbis.decoder#742] MediaCodec discarded an unknown buffer
11-17 19:28:32.687 D/CCodecBufferChannel( 9081): [c2.android.vorbis.decoder#742] MediaCodec discarded an unknown buffer
11-17 19:28:32.687 I/CCodec  ( 9081): Created component [c2.android.vorbis.decoder] for [c2.android.vorbis.decoder]
11-17 19:28:32.687 D/CCodecConfig( 9081): read media type: audio/vorbis
11-17 19:28:32.688 D/ReflectedParamUpdater( 9081): extent() != 1 for single value type: algo.buffers.max-count.values
11-17 19:28:32.688 D/ReflectedParamUpdater( 9081): extent() != 1 for single value type: output.subscribed-indices.values
11-17 19:28:32.688 D/ReflectedParamUpdater( 9081): extent() != 1 for single value type: input.buffers.allocator-ids.values
11-17 19:28:32.688 D/ReflectedParamUpdater( 9081): extent() != 1 for single value type: output.buffers.allocator-ids.values
11-17 19:28:32.688 D/ReflectedParamUpdater( 9081): extent() != 1 for single value type: algo.buffers.allocator-ids.values
11-17 19:28:32.688 D/ReflectedParamUpdater( 9081): extent() != 1 for single value type: output.buffers.pool-ids.values
11-17 19:28:32.688 D/ReflectedParamUpdater( 9081): extent() != 1 for single value type: algo.buffers.pool-ids.values
11-17 19:28:32.689 I/CCodecConfig( 9081): query failed after returning 8 values (BAD_INDEX)
11-17 19:28:32.689 D/CCodecConfig( 9081): c2 config diff is Dict {
11-17 19:28:32.689 D/CCodecConfig( 9081):   c2::u32 coded.bitrate.value = 64000
11-17 19:28:32.689 D/CCodecConfig( 9081):   c2::u32 input.buffers.max-size.value = 32768
11-17 19:28:32.689 D/CCodecConfig( 9081):   c2::u32 input.delay.value = 0
11-17 19:28:32.689 D/CCodecConfig( 9081):   string input.media-type.value = "audio/vorbis"
11-17 19:28:32.689 D/CCodecConfig( 9081):   c2::u32 output.large-frame.max-size = 0
11-17 19:28:32.689 D/CCodecConfig( 9081):   c2::u32 output.large-frame.threshold-size = 0
11-17 19:28:32.689 D/CCodecConfig( 9081):   string output.media-type.value = "audio/raw"
11-17 19:28:32.689 D/CCodecConfig( 9081):   c2::u32 raw.channel-count.value = 1
11-17 19:28:32.689 D/CCodecConfig( 9081):   c2::u32 raw.sample-rate.value = 48000
11-17 19:28:32.689 D/CCodecConfig( 9081): }
11-17 19:28:32.690 D/CCodec  ( 9081): [c2.android.vorbis.decoder] buffers are bound to CCodec for this session
11-17 19:28:32.690 D/CCodecConfig( 9081): no c2 equivalents for durationUs
11-17 19:28:32.690 D/CCodecConfig( 9081): no c2 equivalents for track-id
11-17 19:28:32.690 D/CCodecConfig( 9081): no c2 equivalents for csd-1
11-17 19:28:32.690 D/CCodecConfig( 9081): no c2 equivalents for flags
11-17 19:28:32.690 D/CCodecConfig( 9081): c2 config diff is   c2::u32 coded.bitrate.value = 499821
11-17 19:28:32.690 D/CCodecConfig( 9081):   c2::u32 raw.channel-count.value = 2
11-17 19:28:32.690 D/CCodecConfig( 9081):   c2::u32 raw.sample-rate.value = 44100
11-17 19:28:32.691 W/Codec2Client( 9081): query -- param skipped: index = 1107298332.
11-17 19:28:32.691 D/CCodec  ( 9081): encoding statistics level = 0
11-17 19:28:32.691 D/CCodec  ( 9081): setup formats input: AMessage(what = 0x00000000) = {
11-17 19:28:32.691 D/CCodec  ( 9081):   int32_t bitrate = 499821
11-17 19:28:32.691 D/CCodec  ( 9081):   int32_t channel-count = 2
11-17 19:28:32.691 D/CCodec  ( 9081):   int32_t max-input-size = 32768
11-17 19:28:32.691 D/CCodec  ( 9081):   string mime = "audio/vorbis"
11-17 19:28:32.691 D/CCodec  ( 9081):   int32_t sample-rate = 44100
11-17 19:28:32.691 D/CCodec  ( 9081): }
11-17 19:28:32.691 D/CCodec  ( 9081): setup formats output: AMessage(what = 0x00000000) = {
11-17 19:28:32.691 D/CCodec  ( 9081):   int32_t buffer-batch-max-output-size = 0
11-17 19:28:32.691 D/CCodec  ( 9081):   int32_t buffer-batch-threshold-output-size = 0
11-17 19:28:32.691 D/CCodec  ( 9081):   int32_t channel-count = 2
11-17 19:28:32.691 D/CCodec  ( 9081):   string mime = "audio/raw"
11-17 19:28:32.691 D/CCodec  ( 9081):   int32_t sample-rate = 44100
11-17 19:28:32.691 D/CCodec  ( 9081):   int32_t channel-mask = 3
11-17 19:28:32.691 D/CCodec  ( 9081):   int32_t android._config-pcm-encoding = 2
11-17 19:28:32.691 D/CCodec  ( 9081): }
11-17 19:28:32.691 I/CCodecConfig( 9081): query failed after returning 8 values (BAD_INDEX)
11-17 19:28:32.692 W/Codec2Client( 9081): query -- param skipped: index = 1342179345.
11-17 19:28:32.692 W/Codec2Client( 9081): query -- param skipped: index = 2415921170.
11-17 19:28:32.692 D/CCodecBufferChannel( 9081): [c2.android.vorbis.decoder#720] Created input block pool with allocatorID 16 => poolID 22 - OK (0)
11-17 19:28:32.693 I/CCodecBufferChannel( 9081): [c2.android.vorbis.decoder#720] Created output block pool with allocatorID 16 => poolID 464 - OK
11-17 19:28:32.693 D/CCodecBufferChannel( 9081): [c2.android.vorbis.decoder#720] Configured output block pool ids 464 => OK
11-17 19:28:32.693 E/Codec2-ComponentInterface( 1566): We have a failed config
11-17 19:28:32.694 D/SimpleC2Component( 1566): Using output block pool with poolID 464 => got 464 - 0
11-17 19:28:32.695 I/hw-BpHwBinder( 9081): onLastStrongRef automatically unlinking death recipients
11-17 19:28:32.695 I/hw-BpHwBinder( 1566): onLastStrongRef automatically unlinking death recipients
11-17 19:28:32.695 D/BufferPoolAccessor2.0( 1566): Destruction - bufferpool2 0xb4000072effd6218 cached: 0/0M, 0/0% in use; allocs: 0, 0% recycled; transfers: 0, 0% unfetched
11-17 19:28:32.700 D/MediaCodecList( 9081): codecHandlesFormat: no format, so no extra checks
11-17 19:28:32.700 D/CCodec  ( 9081): allocate(c2.android.vorbis.decoder)
11-17 19:28:32.702 W/CameraMetadataJV( 9081): Expect face scores and rectangles to be non-null
11-17 19:28:32.703 I/CCodec  ( 9081): setting up 'default' as default (vendor) store
11-17 19:28:32.703 W/CameraMetadataJV( 9081): Expect face scores and rectangles to be non-null
11-17 19:28:32.703 D/CAM_MarshalQueryableASDScene( 9081): Expected size should be 8, but got: 0
11-17 19:28:32.704 I/CCodec  ( 9081): Created component [c2.android.vorbis.decoder] for [c2.android.vorbis.decoder]
11-17 19:28:32.704 D/CCodecConfig( 9081): read media type: audio/vorbis
11-17 19:28:32.707 D/CAM_MarshalQueryableASDScene( 9081): Expected size should be 8, but got: 0
11-17 19:28:32.707 D/CAM_MarshalQueryableASDScene( 9081): Expected size should be 8, but got: 0
11-17 19:28:32.707 D/ReflectedParamUpdater( 9081): extent() != 1 for single value type: algo.buffers.max-count.values
11-17 19:28:32.707 W/CAM_Camera2CompatAdapterRole( 9081): Warning: getAuxCameraId(): #init() failed, roleId=20
11-17 19:28:32.707 W/CAM_Camera2CompatAdapterRole( 9081): Warning: getUltraTeleCameraId(): #init() failed, roleId=23
11-17 19:28:32.707 D/ReflectedParamUpdater( 9081): extent() != 1 for single value type: output.subscribed-indices.values
11-17 19:28:32.707 D/ReflectedParamUpdater( 9081): extent() != 1 for single value type: input.buffers.allocator-ids.values
11-17 19:28:32.708 D/ReflectedParamUpdater( 9081): extent() != 1 for single value type: output.buffers.allocator-ids.values
11-17 19:28:32.708 D/ReflectedParamUpdater( 9081): extent() != 1 for single value type: algo.buffers.allocator-ids.values
11-17 19:28:32.708 D/ReflectedParamUpdater( 9081): extent() != 1 for single value type: output.buffers.pool-ids.values
11-17 19:28:32.708 D/ReflectedParamUpdater( 9081): extent() != 1 for single value type: algo.buffers.pool-ids.values
11-17 19:28:32.708 I/CCodecConfig( 9081): query failed after returning 8 values (BAD_INDEX)
11-17 19:28:32.709 D/CCodecConfig( 9081): c2 config diff is Dict {
11-17 19:28:32.709 D/CCodecConfig( 9081):   c2::u32 coded.bitrate.value = 64000
11-17 19:28:32.709 D/CCodecConfig( 9081):   c2::u32 input.buffers.max-size.value = 32768
11-17 19:28:32.709 D/CCodecConfig( 9081):   c2::u32 input.delay.value = 0
11-17 19:28:32.709 D/CCodecConfig( 9081):   string input.media-type.value = "audio/vorbis"
11-17 19:28:32.709 D/CCodecConfig( 9081):   c2::u32 output.large-frame.max-size = 0
11-17 19:28:32.709 D/CCodecConfig( 9081):   c2::u32 output.large-frame.threshold-size = 0
11-17 19:28:32.709 D/CCodecConfig( 9081):   string output.media-type.value = "audio/raw"
11-17 19:28:32.709 D/CCodecConfig( 9081):   c2::u32 raw.channel-count.value = 1
11-17 19:28:32.709 D/CCodecConfig( 9081):   c2::u32 raw.sample-rate.value = 48000
11-17 19:28:32.709 D/CCodecConfig( 9081): }
11-17 19:28:32.710 D/CCodec  ( 9081): [c2.android.vorbis.decoder] buffers are bound to CCodec for this session
11-17 19:28:32.710 D/CCodecConfig( 9081): no c2 equivalents for durationUs
11-17 19:28:32.710 D/CCodecConfig( 9081): no c2 equivalents for track-id
11-17 19:28:32.710 D/CCodecConfig( 9081): no c2 equivalents for csd-1
11-17 19:28:32.710 D/CCodecConfig( 9081): no c2 equivalents for flags
11-17 19:28:32.710 D/CCodecConfig( 9081): c2 config diff is   c2::u32 coded.bitrate.value = 499821
11-17 19:28:32.710 D/CCodecConfig( 9081):   c2::u32 raw.channel-count.value = 2
11-17 19:28:32.710 D/CCodecConfig( 9081):   c2::u32 raw.sample-rate.value = 44100
11-17 19:28:32.711 W/Codec2Client( 9081): query -- param skipped: index = 1107298332.
11-17 19:28:32.711 D/CCodec  ( 9081): encoding statistics level = 0
11-17 19:28:32.711 D/CCodec  ( 9081): setup formats input: AMessage(what = 0x00000000) = {
11-17 19:28:32.711 D/CCodec  ( 9081):   int32_t bitrate = 499821
11-17 19:28:32.711 D/CCodec  ( 9081):   int32_t channel-count = 2
11-17 19:28:32.711 D/CCodec  ( 9081):   int32_t max-input-size = 32768
11-17 19:28:32.711 D/CCodec  ( 9081):   string mime = "audio/vorbis"
11-17 19:28:32.711 D/CCodec  ( 9081):   int32_t sample-rate = 44100
11-17 19:28:32.711 D/CCodec  ( 9081): }
11-17 19:28:32.711 D/CCodec  ( 9081): setup formats output: AMessage(what = 0x00000000) = {
11-17 19:28:32.711 D/CCodec  ( 9081):   int32_t buffer-batch-max-output-size = 0
11-17 19:28:32.711 D/CCodec  ( 9081):   int32_t buffer-batch-threshold-output-size = 0
11-17 19:28:32.711 D/CCodec  ( 9081):   int32_t channel-count = 2
11-17 19:28:32.711 D/CCodec  ( 9081):   string mime = "audio/raw"
11-17 19:28:32.711 D/CCodec  ( 9081):   int32_t sample-rate = 44100
11-17 19:28:32.711 D/CCodec  ( 9081):   int32_t channel-mask = 3
11-17 19:28:32.711 D/CCodec  ( 9081):   int32_t android._config-pcm-encoding = 2
11-17 19:28:32.711 D/CCodec  ( 9081): }
11-17 19:28:32.711 I/CCodecConfig( 9081): query failed after returning 8 values (BAD_INDEX)
11-17 19:28:32.712 W/Codec2Client( 9081): query -- param skipped: index = 1342179345.
11-17 19:28:32.712 W/Codec2Client( 9081): query -- param skipped: index = 2415921170.
11-17 19:28:32.712 D/CCodecBufferChannel( 9081): [c2.android.vorbis.decoder#645] Created input block pool with allocatorID 16 => poolID 23 - OK (0)
11-17 19:28:32.713 I/CCodecBufferChannel( 9081): [c2.android.vorbis.decoder#645] Created output block pool with allocatorID 16 => poolID 466 - OK
11-17 19:28:32.713 D/CCodecBufferChannel( 9081): [c2.android.vorbis.decoder#645] Configured output block pool ids 466 => OK
11-17 19:28:32.713 E/Codec2-ComponentInterface( 1566): We have a failed config
11-17 19:28:32.713 D/CCodecBufferChannel( 9081): [c2.android.vorbis.decoder#720] MediaCodec discarded an unknown buffer
11-17 19:28:32.713 D/CCodecBufferChannel( 9081): [c2.android.vorbis.decoder#720] MediaCodec discarded an unknown buffer
11-17 19:28:32.714 D/SimpleC2Component( 1566): Using output block pool with poolID 466 => got 466 - 0
11-17 19:28:32.715 I/hw-BpHwBinder( 9081): onLastStrongRef automatically unlinking death recipients
11-17 19:28:32.715 I/hw-BpHwBinder( 1566): onLastStrongRef automatically unlinking death recipients
11-17 19:28:32.716 D/BufferPoolAccessor2.0( 1566): Destruction - bufferpool2 0xb4000072effd5fc8 cached: 0/0M, 0/0% in use; allocs: 0, 0% recycled; transfers: 0, 0% unfetched
11-17 19:28:32.719 D/MediaCodecList( 9081): codecHandlesFormat: no format, so no extra checks
11-17 19:28:32.719 D/CCodec  ( 9081): allocate(c2.android.vorbis.decoder)
11-17 19:28:32.721 I/CCodec  ( 9081): setting up 'default' as default (vendor) store
11-17 19:28:32.722 I/CCodec  ( 9081): Created component [c2.android.vorbis.decoder] for [c2.android.vorbis.decoder]
11-17 19:28:32.722 D/CCodecConfig( 9081): read media type: audio/vorbis
11-17 19:28:32.724 D/ReflectedParamUpdater( 9081): extent() != 1 for single value type: algo.buffers.max-count.values
11-17 19:28:32.724 D/ReflectedParamUpdater( 9081): extent() != 1 for single value type: output.subscribed-indices.values
11-17 19:28:32.724 D/ReflectedParamUpdater( 9081): extent() != 1 for single value type: input.buffers.allocator-ids.values
11-17 19:28:32.724 D/ReflectedParamUpdater( 9081): extent() != 1 for single value type: output.buffers.allocator-ids.values
11-17 19:28:32.724 D/ReflectedParamUpdater( 9081): extent() != 1 for single value type: algo.buffers.allocator-ids.values
11-17 19:28:32.724 D/ReflectedParamUpdater( 9081): extent() != 1 for single value type: output.buffers.pool-ids.values
11-17 19:28:32.724 D/ReflectedParamUpdater( 9081): extent() != 1 for single value type: algo.buffers.pool-ids.values
11-17 19:28:32.725 I/CCodecConfig( 9081): query failed after returning 8 values (BAD_INDEX)
11-17 19:28:32.725 D/CCodecConfig( 9081): c2 config diff is Dict {
11-17 19:28:32.725 D/CCodecConfig( 9081):   c2::u32 coded.bitrate.value = 64000
11-17 19:28:32.725 D/CCodecConfig( 9081):   c2::u32 input.buffers.max-size.value = 32768
11-17 19:28:32.725 D/CCodecConfig( 9081):   c2::u32 input.delay.value = 0
11-17 19:28:32.725 D/CCodecConfig( 9081):   string input.media-type.value = "audio/vorbis"
11-17 19:28:32.725 D/CCodecConfig( 9081):   c2::u32 output.large-frame.max-size = 0
11-17 19:28:32.725 D/CCodecConfig( 9081):   c2::u32 output.large-frame.threshold-size = 0
11-17 19:28:32.725 D/CCodecConfig( 9081):   string output.media-type.value = "audio/raw"
11-17 19:28:32.725 D/CCodecConfig( 9081):   c2::u32 raw.channel-count.value = 1
11-17 19:28:32.725 D/CCodecConfig( 9081):   c2::u32 raw.sample-rate.value = 48000
11-17 19:28:32.725 D/CCodecConfig( 9081): }
11-17 19:28:32.725 D/CCodec  ( 9081): [c2.android.vorbis.decoder] buffers are bound to CCodec for this session
11-17 19:28:32.725 D/CCodecConfig( 9081): no c2 equivalents for durationUs
11-17 19:28:32.725 D/CCodecConfig( 9081): no c2 equivalents for track-id
11-17 19:28:32.725 D/CCodecConfig( 9081): no c2 equivalents for csd-1
11-17 19:28:32.725 D/CCodecConfig( 9081): no c2 equivalents for flags
11-17 19:28:32.726 D/CCodecConfig( 9081): c2 config diff is   c2::u32 coded.bitrate.value = 499821
11-17 19:28:32.726 D/CCodecConfig( 9081):   c2::u32 raw.channel-count.value = 2
11-17 19:28:32.726 D/CCodecConfig( 9081):   c2::u32 raw.sample-rate.value = 44100
11-17 19:28:32.726 W/Codec2Client( 9081): query -- param skipped: index = 1107298332.
11-17 19:28:32.726 D/CCodec  ( 9081): encoding statistics level = 0
11-17 19:28:32.726 D/CCodec  ( 9081): setup formats input: AMessage(what = 0x00000000) = {
11-17 19:28:32.726 D/CCodec  ( 9081):   int32_t bitrate = 499821
11-17 19:28:32.726 D/CCodec  ( 9081):   int32_t channel-count = 2
11-17 19:28:32.726 D/CCodec  ( 9081):   int32_t max-input-size = 32768
11-17 19:28:32.726 D/CCodec  ( 9081):   string mime = "audio/vorbis"
11-17 19:28:32.726 D/CCodec  ( 9081):   int32_t sample-rate = 44100
11-17 19:28:32.726 D/CCodec  ( 9081): }
11-17 19:28:32.726 D/CCodec  ( 9081): setup formats output: AMessage(what = 0x00000000) = {
11-17 19:28:32.726 D/CCodec  ( 9081):   int32_t buffer-batch-max-output-size = 0
11-17 19:28:32.726 D/CCodec  ( 9081):   int32_t buffer-batch-threshold-output-size = 0
11-17 19:28:32.726 D/CCodec  ( 9081):   int32_t channel-count = 2
11-17 19:28:32.726 D/CCodec  ( 9081):   string mime = "audio/raw"
11-17 19:28:32.726 D/CCodec  ( 9081):   int32_t sample-rate = 44100
11-17 19:28:32.726 D/CCodec  ( 9081):   int32_t channel-mask = 3
11-17 19:28:32.726 D/CCodec  ( 9081):   int32_t android._config-pcm-encoding = 2
11-17 19:28:32.726 D/CCodec  ( 9081): }
11-17 19:28:32.726 I/CCodecConfig( 9081): query failed after returning 8 values (BAD_INDEX)
11-17 19:28:32.726 W/Codec2Client( 9081): query -- param skipped: index = 1342179345.
11-17 19:28:32.727 W/Codec2Client( 9081): query -- param skipped: index = 2415921170.
11-17 19:28:32.727 D/CCodecBufferChannel( 9081): [c2.android.vorbis.decoder#443] Created input block pool with allocatorID 16 => poolID 24 - OK (0)
11-17 19:28:32.728 I/CCodecBufferChannel( 9081): [c2.android.vorbis.decoder#443] Created output block pool with allocatorID 16 => poolID 468 - OK
11-17 19:28:32.728 D/CCodecBufferChannel( 9081): [c2.android.vorbis.decoder#443] Configured output block pool ids 468 => OK
11-17 19:28:32.728 E/Codec2-ComponentInterface( 1566): We have a failed config
11-17 19:28:32.729 D/SimpleC2Component( 1566): Using output block pool with poolID 468 => got 468 - 0
11-17 19:28:32.744 I/hw-BpHwBinder( 9081): onLastStrongRef automatically unlinking death recipients
11-17 19:28:32.744 I/hw-BpHwBinder( 1566): onLastStrongRef automatically unlinking death recipients
11-17 19:28:32.744 D/BufferPoolAccessor2.0( 1566): Destruction - bufferpool2 0xb4000072effcd2b8 cached: 0/0M, 0/0% in use; allocs: 0, 0% recycled; transfers: 0, 0% unfetched
11-17 19:28:32.748 D/MediaCodecList( 9081): codecHandlesFormat: no format, so no extra checks
11-17 19:28:32.748 D/CCodec  ( 9081): allocate(c2.android.vorbis.decoder)
11-17 19:28:32.750 I/CCodec  ( 9081): setting up 'default' as default (vendor) store
11-17 19:28:32.752 I/CCodec  ( 9081): Created component [c2.android.vorbis.decoder] for [c2.android.vorbis.decoder]
11-17 19:28:32.752 D/CCodecConfig( 9081): read media type: audio/vorbis
11-17 19:28:32.752 W/System  ( 2668): A resource failed to call release. 
11-17 19:28:32.752 W/System  ( 2668): A resource failed to call release. 
11-17 19:28:32.752 W/System  ( 2668): A resource failed to call release. 
11-17 19:28:32.753 D/ReflectedParamUpdater( 9081): extent() != 1 for single value type: algo.buffers.max-count.values
11-17 19:28:32.753 D/ReflectedParamUpdater( 9081): extent() != 1 for single value type: output.subscribed-indices.values
11-17 19:28:32.753 D/ReflectedParamUpdater( 9081): extent() != 1 for single value type: input.buffers.allocator-ids.values
11-17 19:28:32.753 D/ReflectedParamUpdater( 9081): extent() != 1 for single value type: output.buffers.allocator-ids.values
11-17 19:28:32.753 D/ReflectedParamUpdater( 9081): extent() != 1 for single value type: algo.buffers.allocator-ids.values
11-17 19:28:32.753 D/ReflectedParamUpdater( 9081): extent() != 1 for single value type: output.buffers.pool-ids.values
11-17 19:28:32.753 D/ReflectedParamUpdater( 9081): extent() != 1 for single value type: algo.buffers.pool-ids.values
11-17 19:28:32.754 I/CCodecConfig( 9081): query failed after returning 8 values (BAD_INDEX)
11-17 19:28:32.754 D/CCodecConfig( 9081): c2 config diff is Dict {
11-17 19:28:32.754 D/CCodecConfig( 9081):   c2::u32 coded.bitrate.value = 64000
11-17 19:28:32.754 D/CCodecConfig( 9081):   c2::u32 input.buffers.max-size.value = 32768
11-17 19:28:32.754 D/CCodecConfig( 9081):   c2::u32 input.delay.value = 0
11-17 19:28:32.754 D/CCodecConfig( 9081):   string input.media-type.value = "audio/vorbis"
11-17 19:28:32.754 D/CCodecConfig( 9081):   c2::u32 output.large-frame.max-size = 0
11-17 19:28:32.754 D/CCodecConfig( 9081):   c2::u32 output.large-frame.threshold-size = 0
11-17 19:28:32.754 D/CCodecConfig( 9081):   string output.media-type.value = "audio/raw"
11-17 19:28:32.754 D/CCodecConfig( 9081):   c2::u32 raw.channel-count.value = 1
11-17 19:28:32.754 D/CCodecConfig( 9081):   c2::u32 raw.sample-rate.value = 48000
11-17 19:28:32.754 D/CCodecConfig( 9081): }
11-17 19:28:32.755 D/CCodec  ( 9081): [c2.android.vorbis.decoder] buffers are bound to CCodec for this session
11-17 19:28:32.755 D/CCodecConfig( 9081): no c2 equivalents for durationUs
11-17 19:28:32.755 D/CCodecConfig( 9081): no c2 equivalents for track-id
11-17 19:28:32.755 D/CCodecConfig( 9081): no c2 equivalents for csd-1
11-17 19:28:32.755 D/CCodecConfig( 9081): no c2 equivalents for flags
11-17 19:28:32.755 D/CCodecConfig( 9081): c2 config diff is   c2::u32 coded.bitrate.value = 75000
11-17 19:28:32.755 D/CCodecConfig( 9081):   c2::u32 raw.sample-rate.value = 44100
11-17 19:28:32.756 W/Codec2Client( 9081): query -- param skipped: index = 1107298332.
11-17 19:28:32.756 D/CCodec  ( 9081): encoding statistics level = 0
11-17 19:28:32.756 D/CCodec  ( 9081): setup formats input: AMessage(what = 0x00000000) = {
11-17 19:28:32.756 D/CCodec  ( 9081):   int32_t bitrate = 75000
11-17 19:28:32.756 D/CCodec  ( 9081):   int32_t channel-count = 1
11-17 19:28:32.756 D/CCodec  ( 9081):   int32_t max-input-size = 32768
11-17 19:28:32.756 D/CCodec  ( 9081):   string mime = "audio/vorbis"
11-17 19:28:32.756 D/CCodec  ( 9081):   int32_t sample-rate = 44100
11-17 19:28:32.756 D/CCodec  ( 9081): }
11-17 19:28:32.756 D/CCodec  ( 9081): setup formats output: AMessage(what = 0x00000000) = {
11-17 19:28:32.756 D/CCodec  ( 9081):   int32_t buffer-batch-max-output-size = 0
11-17 19:28:32.756 D/CCodec  ( 9081):   int32_t buffer-batch-threshold-output-size = 0
11-17 19:28:32.756 D/CCodec  ( 9081):   int32_t channel-count = 1
11-17 19:28:32.756 D/CCodec  ( 9081):   string mime = "audio/raw"
11-17 19:28:32.756 D/CCodec  ( 9081):   int32_t sample-rate = 44100
11-17 19:28:32.756 D/CCodec  ( 9081):   int32_t channel-mask = 1
11-17 19:28:32.756 D/CCodec  ( 9081):   int32_t android._config-pcm-encoding = 2
11-17 19:28:32.756 D/CCodec  ( 9081): }
11-17 19:28:32.756 I/CCodecConfig( 9081): query failed after returning 8 values (BAD_INDEX)
11-17 19:28:32.757 W/Codec2Client( 9081): query -- param skipped: index = 1342179345.
11-17 19:28:32.757 W/Codec2Client( 9081): query -- param skipped: index = 2415921170.
11-17 19:28:32.758 D/CCodecBufferChannel( 9081): [c2.android.vorbis.decoder#531] Created input block pool with allocatorID 16 => poolID 25 - OK (0)
11-17 19:28:32.759 I/CCodecBufferChannel( 9081): [c2.android.vorbis.decoder#531] Created output block pool with allocatorID 16 => poolID 470 - OK
11-17 19:28:32.759 D/CCodecBufferChannel( 9081): [c2.android.vorbis.decoder#531] Configured output block pool ids 470 => OK
11-17 19:28:32.759 E/Codec2-ComponentInterface( 1566): We have a failed config
11-17 19:28:32.760 D/SimpleC2Component( 1566): Using output block pool with poolID 470 => got 470 - 0
11-17 19:28:32.766 I/hw-BpHwBinder( 9081): onLastStrongRef automatically unlinking death recipients
11-17 19:28:32.766 I/hw-BpHwBinder( 1566): onLastStrongRef automatically unlinking death recipients
11-17 19:28:32.766 D/BufferPoolAccessor2.0( 1566): Destruction - bufferpool2 0xb4000072effd0598 cached: 0/0M, 0/0% in use; allocs: 0, 0% recycled; transfers: 0, 0% unfetched
11-17 19:28:32.771 D/MediaCodecList( 9081): codecHandlesFormat: no format, so no extra checks
11-17 19:28:32.774 D/CCodec  ( 9081): allocate(c2.android.opus.decoder)
11-17 19:28:32.776 I/CCodec  ( 9081): setting up 'default' as default (vendor) store
11-17 19:28:32.778 I/CCodec  ( 9081): Created component [c2.android.opus.decoder] for [c2.android.opus.decoder]
11-17 19:28:32.778 D/CCodecConfig( 9081): read media type: audio/opus
11-17 19:28:32.779 D/ReflectedParamUpdater( 9081): extent() != 1 for single value type: algo.buffers.max-count.values
11-17 19:28:32.779 D/ReflectedParamUpdater( 9081): extent() != 1 for single value type: output.subscribed-indices.values
11-17 19:28:32.779 D/ReflectedParamUpdater( 9081): extent() != 1 for single value type: input.buffers.allocator-ids.values
11-17 19:28:32.779 D/ReflectedParamUpdater( 9081): extent() != 1 for single value type: output.buffers.allocator-ids.values
11-17 19:28:32.779 D/ReflectedParamUpdater( 9081): extent() != 1 for single value type: algo.buffers.allocator-ids.values
11-17 19:28:32.779 D/ReflectedParamUpdater( 9081): extent() != 1 for single value type: output.buffers.pool-ids.values
11-17 19:28:32.779 D/ReflectedParamUpdater( 9081): extent() != 1 for single value type: algo.buffers.pool-ids.values
11-17 19:28:32.780 I/CCodecConfig( 9081): query failed after returning 8 values (BAD_INDEX)
11-17 19:28:32.780 D/CCodecConfig( 9081): c2 config diff is Dict {
11-17 19:28:32.780 D/CCodecConfig( 9081):   c2::u32 coded.bitrate.value = 6000
11-17 19:28:32.780 D/CCodecConfig( 9081):   c2::u32 input.buffers.max-size.value = 5760
11-17 19:28:32.780 D/CCodecConfig( 9081):   c2::u32 input.delay.value = 0
11-17 19:28:32.780 D/CCodecConfig( 9081):   string input.media-type.value = "audio/opus"
11-17 19:28:32.780 D/CCodecConfig( 9081):   c2::u32 output.large-frame.max-size = 0
11-17 19:28:32.780 D/CCodecConfig( 9081):   c2::u32 output.large-frame.threshold-size = 0
11-17 19:28:32.780 D/CCodecConfig( 9081):   string output.media-type.value = "audio/raw"
11-17 19:28:32.780 D/CCodecConfig( 9081):   c2::u32 raw.channel-count.value = 1
11-17 19:28:32.780 D/CCodecConfig( 9081):   c2::u32 raw.sample-rate.value = 48000
11-17 19:28:32.780 D/CCodecConfig( 9081): }
11-17 19:28:32.781 D/CCodec  ( 9081): [c2.android.opus.decoder] buffers are bound to CCodec for this session
11-17 19:28:32.781 D/CCodecConfig( 9081): no c2 equivalents for durationUs
11-17 19:28:32.781 D/CCodecConfig( 9081): no c2 equivalents for track-id
11-17 19:28:32.781 D/CCodecConfig( 9081): no c2 equivalents for csd-1
11-17 19:28:32.781 D/CCodecConfig( 9081): no c2 equivalents for csd-2
11-17 19:28:32.781 D/CCodecConfig( 9081): no c2 equivalents for flags
11-17 19:28:32.781 D/CCodecConfig( 9081): c2 config diff is   c2::u32 raw.channel-count.value = 2
11-17 19:28:32.781 W/Codec2Client( 9081): query -- param skipped: index = 1107298332.
11-17 19:28:32.781 D/CCodec  ( 9081): encoding statistics level = 0
11-17 19:28:32.781 D/CCodec  ( 9081): setup formats input: AMessage(what = 0x00000000) = {
11-17 19:28:32.781 D/CCodec  ( 9081):   int32_t bitrate = 6000
11-17 19:28:32.781 D/CCodec  ( 9081):   int32_t channel-count = 2
11-17 19:28:32.781 D/CCodec  ( 9081):   int32_t max-input-size = 5760
11-17 19:28:32.781 D/CCodec  ( 9081):   string mime = "audio/opus"
11-17 19:28:32.781 D/CCodec  ( 9081):   int32_t sample-rate = 48000
11-17 19:28:32.781 D/CCodec  ( 9081): }
11-17 19:28:32.781 D/CCodec  ( 9081): setup formats output: AMessage(what = 0x00000000) = {
11-17 19:28:32.781 D/CCodec  ( 9081):   int32_t buffer-batch-max-output-size = 0
11-17 19:28:32.781 D/CCodec  ( 9081):   int32_t buffer-batch-threshold-output-size = 0
11-17 19:28:32.781 D/CCodec  ( 9081):   int32_t channel-count = 2
11-17 19:28:32.781 D/CCodec  ( 9081):   string mime = "audio/raw"
11-17 19:28:32.781 D/CCodec  ( 9081):   int32_t sample-rate = 48000
11-17 19:28:32.781 D/CCodec  ( 9081):   int32_t channel-mask = 3
11-17 19:28:32.781 D/CCodec  ( 9081):   int32_t android._config-pcm-encoding = 2
11-17 19:28:32.781 D/CCodec  ( 9081): }
11-17 19:28:32.782 I/CCodecConfig( 9081): query failed after returning 8 values (BAD_INDEX)
11-17 19:28:32.782 W/CameraMetadataJV( 9081): Expect face scores and rectangles to be non-null
11-17 19:28:32.782 W/CameraMetadataJV( 9081): Expect face scores and rectangles to be non-null
11-17 19:28:32.782 W/Codec2Client( 9081): query -- param skipped: index = 1342179345.
11-17 19:28:32.782 W/Codec2Client( 9081): query -- param skipped: index = 2415921170.
11-17 19:28:32.782 D/CAM_MarshalQueryableASDScene( 9081): Expected size should be 8, but got: 0
11-17 19:28:32.782 D/CAM_MarshalQueryableASDScene( 9081): Expected size should be 8, but got: 0
11-17 19:28:32.782 D/CAM_MarshalQueryableASDScene( 9081): Expected size should be 8, but got: 0
11-17 19:28:32.783 W/CAM_Camera2CompatAdapterRole( 9081): Warning: getAuxCameraId(): #init() failed, roleId=20
11-17 19:28:32.783 W/CAM_Camera2CompatAdapterRole( 9081): Warning: getUltraTeleCameraId(): #init() failed, roleId=23
11-17 19:28:32.783 D/CCodecBufferChannel( 9081): [c2.android.opus.decoder#250] Created input block pool with allocatorID 16 => poolID 26 - OK (0)
11-17 19:28:32.784 I/CCodecBufferChannel( 9081): [c2.android.opus.decoder#250] Created output block pool with allocatorID 16 => poolID 472 - OK
11-17 19:28:32.784 D/CCodecBufferChannel( 9081): [c2.android.opus.decoder#250] Configured output block pool ids 472 => OK
11-17 19:28:32.784 E/Codec2-ComponentInterface( 1566): We have a failed config
11-17 19:28:32.785 D/SimpleC2Component( 1566): Using output block pool with poolID 472 => got 472 - 0
11-17 19:28:32.787 I/C2SoftOpusDec( 1566): Configuring decoder: 48000 Hz, 2 channels
11-17 19:28:32.812 D/CCodecBufferChannel( 9081): [c2.android.vorbis.decoder#531] MediaCodec discarded an unknown buffer
11-17 19:28:32.812 D/CCodecBufferChannel( 9081): [c2.android.vorbis.decoder#531] MediaCodec discarded an unknown buffer
11-17 19:28:32.813 I/hw-BpHwBinder( 9081): onLastStrongRef automatically unlinking death recipients
11-17 19:28:32.813 I/hw-BpHwBinder( 1566): onLastStrongRef automatically unlinking death recipients
11-17 19:28:32.813 D/BufferPoolAccessor2.0( 1566): Destruction - bufferpool2 0xb4000072effd3f68 cached: 0/0M, 0/0% in use; allocs: 0, 0% recycled; transfers: 0, 0% unfetched
11-17 19:28:32.818 W/ServiceManagerCppClient( 1811): Waited one second for stats (is service started? Number of threads started in the threadpool: 32. Are binder threads started and available?)
11-17 19:28:32.857 D/CAM_HalCloudObserver( 9081): onNext| request hal cloud data: E
11-17 19:28:32.857 D/CAM_HalCloudObserver( 9081): onNext| hal cloud data not changed
11-17 19:28:32.857 D/CAM_HalCloudDataManager( 9081): Listen to cloud data change
11-17 19:28:32.858 D/CAM_HalCloudObserver( 9081): onNext| request hal cloud data: X
11-17 19:28:32.860 D/CAM_BatteryDetector( 9081): onBatteryNotification action=0 caller = d.c.a.j3.k(Unknown Source:19), d.c.a.j3.l(Unknown Source:33), d.c.a.q6.r7$b.run(Unknown Source:4), android.os.Handler.handleCallback(Handler.java:995), android.os.Handler.dispatchMessage(Handler.java:103), 
11-17 19:28:32.862 W/CameraMetadataJV( 9081): Expect face scores and rectangles to be non-null
11-17 19:28:32.862 W/CameraMetadataJV( 9081): Expect face scores and rectangles to be non-null
11-17 19:28:32.863 D/CAM_MarshalQueryableASDScene( 9081): Expected size should be 8, but got: 0
11-17 19:28:32.863 D/CAM_MarshalQueryableASDScene( 9081): Expected size should be 8, but got: 0
11-17 19:28:32.863 D/CAM_MarshalQueryableASDScene( 9081): Expected size should be 8, but got: 0
11-17 19:28:32.863 W/CAM_Camera2CompatAdapterRole( 9081): Warning: getAuxCameraId(): #init() failed, roleId=20
11-17 19:28:32.863 W/CAM_Camera2CompatAdapterRole( 9081): Warning: getUltraTeleCameraId(): #init() failed, roleId=23
11-17 19:28:32.874 D/CCodecBufferChannel( 9081): [c2.android.opus.decoder#250] MediaCodec discarded an unknown buffer
11-17 19:28:32.874 D/CCodecBufferChannel( 9081): [c2.android.opus.decoder#250] MediaCodec discarded an unknown buffer
11-17 19:28:32.875 I/hw-BpHwBinder( 9081): onLastStrongRef automatically unlinking death recipients
11-17 19:28:32.875 I/hw-BpHwBinder( 1566): onLastStrongRef automatically unlinking death recipients
11-17 19:28:32.876 I/hw-BpHwBinder( 1566): onLastStrongRef automatically unlinking death recipients
11-17 19:28:32.876 E/libprotobuf-native( 1085): [libprotobuf ERROR external/protobuf/src/google/protobuf/message_lite.cc:123] Can't parse message of type "sns_flicker_event" because it is missing required fields: (cannot determine missing fields for lite message)
11-17 19:28:32.876 E/libprotobuf-native( 1085): [libprotobuf ERROR external/protobuf/src/google/protobuf/message_lite.cc:123] Can't parse message of type "sns_flicker_event" because it is missing required fields: (cannot determine missing fields for lite message)
11-17 19:28:32.877 D/BufferPoolAccessor2.0( 1566): Destruction - bufferpool2 0xb4000072effcf0c8 cached: 0/0M, 0/0% in use; allocs: 0, 0% recycled; transfers: 0, 0% unfetched
11-17 19:28:32.942 W/CameraMetadataJV( 9081): Expect face scores and rectangles to be non-null
11-17 19:28:32.942 W/CameraMetadataJV( 9081): Expect face scores and rectangles to be non-null
11-17 19:28:32.943 D/CAM_MarshalQueryableASDScene( 9081): Expected size should be 8, but got: 0
11-17 19:28:32.943 D/CAM_MarshalQueryableASDScene( 9081): Expected size should be 8, but got: 0
11-17 19:28:32.943 D/CAM_MarshalQueryableASDScene( 9081): Expected size should be 8, but got: 0
11-17 19:28:32.944 W/CAM_Camera2CompatAdapterRole( 9081): Warning: getAuxCameraId(): #init() failed, roleId=20
11-17 19:28:32.944 W/CAM_Camera2CompatAdapterRole( 9081): Warning: getUltraTeleCameraId(): #init() failed, roleId=23
11-17 19:28:33.023 D/CAM_MiCamera2( 9081): onCaptureCompleted: sequenceId = 1, frameNumber = 7
11-17 19:28:33.023 W/CameraMetadataJV( 9081): Expect face scores and rectangles to be non-null
11-17 19:28:33.023 W/CameraMetadataJV( 9081): Expect face scores and rectangles to be non-null
11-17 19:28:33.024 D/CAM_MarshalQueryableASDScene( 9081): Expected size should be 8, but got: 0
11-17 19:28:33.024 D/CAM_MarshalQueryableASDScene( 9081): Expected size should be 8, but got: 0
11-17 19:28:33.025 D/CAM_MarshalQueryableASDScene( 9081): Expected size should be 8, but got: 0
11-17 19:28:33.025 W/CAM_Camera2CompatAdapterRole( 9081): Warning: getAuxCameraId(): #init() failed, roleId=20
11-17 19:28:33.026 W/CAM_Camera2CompatAdapterRole( 9081): Warning: getUltraTeleCameraId(): #init() failed, roleId=23
11-17 19:28:33.104 W/CameraMetadataJV( 9081): Expect face scores and rectangles to be non-null
11-17 19:28:33.104 W/CameraMetadataJV( 9081): Expect face scores and rectangles to be non-null
11-17 19:28:33.105 D/CAM_MarshalQueryableASDScene( 9081): Expected size should be 8, but got: 0
11-17 19:28:33.105 D/CAM_MarshalQueryableASDScene( 9081): Expected size should be 8, but got: 0
11-17 19:28:33.105 D/CAM_MarshalQueryableASDScene( 9081): Expected size should be 8, but got: 0
11-17 19:28:33.105 W/CAM_Camera2CompatAdapterRole( 9081): Warning: getAuxCameraId(): #init() failed, roleId=20
11-17 19:28:33.105 W/CAM_Camera2CompatAdapterRole( 9081): Warning: getUltraTeleCameraId(): #init() failed, roleId=23
11-17 19:28:33.106 I/CAM_STScreenNail( 9081): normalHandlerCapacity:set normal
11-17 19:28:33.126 E/libprotobuf-native( 1085): [libprotobuf ERROR external/protobuf/src/google/protobuf/message_lite.cc:123] Can't parse message of type "sns_flicker_event" because it is missing required fields: (cannot determine missing fields for lite message)
11-17 19:28:33.127 E/libprotobuf-native( 1085): [libprotobuf ERROR external/protobuf/src/google/protobuf/message_lite.cc:123] Can't parse message of type "sns_flicker_event" because it is missing required fields: (cannot determine missing fields for lite message)
11-17 19:28:33.183 W/CameraMetadataJV( 9081): Expect face scores and rectangles to be non-null
11-17 19:28:33.184 W/CameraMetadataJV( 9081): Expect face scores and rectangles to be non-null
11-17 19:28:33.184 D/CAM_MarshalQueryableASDScene( 9081): Expected size should be 8, but got: 0
11-17 19:28:33.184 D/CAM_MarshalQueryableASDScene( 9081): Expected size should be 8, but got: 0
11-17 19:28:33.185 D/CAM_MarshalQueryableASDScene( 9081): Expected size should be 8, but got: 0
11-17 19:28:33.185 W/CAM_Camera2CompatAdapterRole( 9081): Warning: getAuxCameraId(): #init() failed, roleId=20
11-17 19:28:33.185 W/CAM_Camera2CompatAdapterRole( 9081): Warning: getUltraTeleCameraId(): #init() failed, roleId=23
11-17 19:28:33.263 W/CameraMetadataJV( 9081): Expect face scores and rectangles to be non-null
11-17 19:28:33.263 W/CameraMetadataJV( 9081): Expect face scores and rectangles to be non-null
11-17 19:28:33.264 D/CAM_MarshalQueryableASDScene( 9081): Expected size should be 8, but got: 0
11-17 19:28:33.264 D/CAM_MarshalQueryableASDScene( 9081): Expected size should be 8, but got: 0
11-17 19:28:33.264 D/CAM_MarshalQueryableASDScene( 9081): Expected size should be 8, but got: 0
11-17 19:28:33.264 W/CAM_Camera2CompatAdapterRole( 9081): Warning: getAuxCameraId(): #init() failed, roleId=20
11-17 19:28:33.264 W/CAM_Camera2CompatAdapterRole( 9081): Warning: getUltraTeleCameraId(): #init() failed, roleId=23
11-17 19:28:33.346 W/CameraMetadataJV( 9081): Expect face scores and rectangles to be non-null
11-17 19:28:33.346 W/CameraMetadataJV( 9081): Expect face scores and rectangles to be non-null
11-17 19:28:33.347 D/CAM_MarshalQueryableASDScene( 9081): Expected size should be 8, but got: 0
11-17 19:28:33.347 D/CAM_MarshalQueryableASDScene( 9081): Expected size should be 8, but got: 0
11-17 19:28:33.347 D/CAM_MarshalQueryableASDScene( 9081): Expected size should be 8, but got: 0
11-17 19:28:33.347 W/CAM_Camera2CompatAdapterRole( 9081): Warning: getAuxCameraId(): #init() failed, roleId=20
11-17 19:28:33.347 W/CAM_Camera2CompatAdapterRole( 9081): Warning: getUltraTeleCameraId(): #init() failed, roleId=23
