11-13 19:46:49.057  2944  2944 D SearchTargetUtil: layoutType=short_icon_row resultType=131072 packageName=com.google.android.googlequicksearchbox
11-13 19:46:49.057  2944  2944 D SearchTargetUtil: layoutType=short_icon_row resultType=131072 packageName=com.google.android.googlequicksearchbox
11-13 19:46:49.057  2944  2944 D SearchTargetUtil: layoutType=short_icon_row resultType=131072 packageName=com.google.android.googlequicksearchbox
11-13 19:46:49.057  2944  2944 D SearchTargetUtil: layoutType=short_icon_row resultType=131072 packageName=com.google.android.googlequicksearchbox
11-13 19:46:49.057  2944  2944 D SearchTargetUtil: layoutType=short_icon_row resultType=131072 packageName=com.google.android.googlequicksearchbox
11-13 19:46:49.057  2944  2944 D SearchTargetUtil: layoutType=short_icon_row resultType=131072 packageName=com.google.android.googlequicksearchbox
11-13 19:46:49.057  2944  2944 D SearchTargetUtil: layoutType=extra_tall_icon_row resultType=131072 packageName=com.google.android.googlequicksearchbox
11-13 19:46:49.057  2944  2944 D SearchTargetUtil: layoutType=short_icon_row resultType=131072 packageName=com.google.android.googlequicksearchbox
11-13 19:46:49.057  2944  2944 D SearchTargetUtil: layoutType=short_icon_row resultType=131072 packageName=com.google.android.googlequicksearchbox
11-13 19:46:49.057  2944  2944 D SearchTargetUtil: layoutType=short_icon_row resultType=131072 packageName=com.google.android.googlequicksearchbox
11-13 19:46:49.057  2944  2944 D SearchTargetUtil: layoutType=short_icon_row resultType=131072 packageName=com.google.android.googlequicksearchbox
11-13 19:46:49.057  2944  2944 D SearchTargetUtil: layoutType=short_icon_row resultType=131072 packageName=com.google.android.googlequicksearchbox
11-13 19:46:49.057  2944  2944 D SearchTargetUtil: layoutType=short_icon_row resultType=131072 packageName=com.google.android.googlequicksearchbox
11-13 19:46:49.057  2944  2944 D SearchTargetUtil: layoutType=short_icon_row resultType=131072 packageName=com.google.android.googlequicksearchbox
11-13 19:46:49.057  2944  2944 D SearchTargetUtil: layoutType=short_icon_row resultType=131072 packageName=com.google.android.googlequicksearchbox
11-13 19:46:49.057  2944  2944 D SearchTargetUtil: layoutType=extra_tall_icon_row resultType=131072 packageName=com.google.android.googlequicksearchbox
11-13 19:46:49.057  2944  2944 D SearchTargetUtil: layoutType=short_icon_row resultType=131072 packageName=com.google.android.googlequicksearchbox
11-13 19:46:49.057  2944  2944 D SearchTargetUtil: layoutType=extra_tall_icon_row resultType=131072 packageName=com.google.android.googlequicksearchbox
11-13 19:46:49.057  2944  2944 D SearchTargetUtil: layoutType=short_icon_row resultType=131072 packageName=com.google.android.googlequicksearchbox
11-13 19:46:49.058  2944  2944 D SearchTargetUtil: layoutType=short_icon_row resultType=131072 packageName=com.google.android.googlequicksearchbox
11-13 19:46:49.058  2944  2944 D SearchTargetUtil: layoutType=short_icon_row resultType=131072 packageName=com.google.android.googlequicksearchbox
11-13 19:46:49.060  2944  2944 D b/387844520: getOutlineOffsetX: measured width = 0, mNormalizedIconSize = 167, last updated width = 0
11-13 19:46:49.060  2944  2944 D Launcher.Workspace: addInScreenFromBind: hotseat inflation with x = 3 and y = 0
11-13 19:46:49.060  2944  2944 D CellLayout: Adding view to ShortcutsAndWidgetsContainer: com.android.launcher3.uioverrides.PredictedAppIcon{a712d51 VFED..C.. ......ID 0,0-0,0}
11-13 19:46:49.067  2944  2944 D LauncherBinder: Starting async inflation
11-13 19:46:49.067  2944  2944 D AllAppsStore: setApps: apps.length=97
11-13 19:46:49.067  2944  2944 D AllAppsStore: notifyUpdate: notifying listeners
11-13 19:46:49.067  2944  2944 D ActivityAllAppsContainerView: onAppsUpdated; number of apps: 97
11-13 19:46:49.067  2944  2944 D ActivityAllAppsContainerView: rebindAdapters: force: false
11-13 19:46:49.067  2944  2944 D ActivityAllAppsContainerView: rebindAdapters: Not needed.
11-13 19:46:49.067  2944  2944 D StatsLog: LAUNCHER_ALLAPPS_COUNT
11-13 19:46:49.067  2944  2944 D AlphabeticalAppsList: Clearing FastScrollerSections.
11-13 19:46:49.067  2944  2944 D AlphabeticalAppsList: Adding apps with sections. HasPrivateApps: false
11-13 19:46:49.068  2944  2944 D AlphabeticalAppsList: addAppsWithSections: adding sectionName: A with appInfoTitle: Accord
11-13 19:46:49.068  2944  2944 D AlphabeticalAppsList: addAppsWithSections: adding sectionName: B with appInfoTitle: Banco Galicia
11-13 19:46:49.068  2944  2944 D AlphabeticalAppsList: addAppsWithSections: adding sectionName: C with appInfoTitle: CaixaBankNow
11-13 19:46:49.068  2944  2944 D AlphabeticalAppsList: addAppsWithSections: adding sectionName: D with appInfoTitle: Dia
11-13 19:46:49.068  2944  2944 D AlphabeticalAppsList: addAppsWithSections: adding sectionName: E with appInfoTitle: El tiempo
11-13 19:46:49.068  2944  2944 D AlphabeticalAppsList: addAppsWithSections: adding sectionName: F with appInfoTitle: Facebook
11-13 19:46:49.068  2944  2944 D AlphabeticalAppsList: addAppsWithSections: adding sectionName: G with appInfoTitle: Galera
11-13 19:46:49.068  2944  2944 D AlphabeticalAppsList: addAppsWithSections: adding sectionName: I with appInfoTitle: Instagram
11-13 19:46:49.068  2944  2944 D AlphabeticalAppsList: addAppsWithSections: adding sectionName: L with appInfoTitle: Laughing Logger
11-13 19:46:49.068  2944  2944 D AlphabeticalAppsList: addAppsWithSections: adding sectionName: M with appInfoTitle: Maps
11-13 19:46:49.068  2944  2944 D AlphabeticalAppsList: addAppsWithSections: adding sectionName: N with appInfoTitle: Netflix
11-13 19:46:49.068  2944  2944 D AlphabeticalAppsList: addAppsWithSections: adding sectionName: O with appInfoTitle: OpenSongApp
11-13 19:46:49.068  2944  2944 D AlphabeticalAppsList: addAppsWithSections: adding sectionName: P with appInfoTitle: Park Gell
11-13 19:46:49.068  2944  2944 D AlphabeticalAppsList: addAppsWithSections: adding sectionName: R with appInfoTitle: Reloj
11-13 19:46:49.068  2944  2944 D AlphabeticalAppsList: addAppsWithSections: adding sectionName: S with appInfoTitle: ShareMe
11-13 19:46:49.068  2944  2944 D AlphabeticalAppsList: addAppsWithSections: adding sectionName: T with appInfoTitle: Teclado Microsoft SwiftKey
11-13 19:46:49.068  2944  2944 D AlphabeticalAppsList: addAppsWithSections: adding sectionName: V with appInfoTitle: ViperFX
11-13 19:46:49.068  2944  2944 D AlphabeticalAppsList: addAppsWithSections: adding sectionName: W with appInfoTitle: Waha
11-13 19:46:49.068  2944  2944 D AlphabeticalAppsList: addAppsWithSections: adding sectionName: Y with appInfoTitle: Yahoo Mail
11-13 19:46:49.068  2944  2944 D AlphabeticalAppsList: addAppsWithSections: adding sectionName: Z with appInfoTitle: Zedge
11-13 19:46:49.068  2944  2944 D AlphabeticalAppsList: Adding FastScrollSection duplicate to scroll to the bottom.
11-13 19:46:49.068  2944  2944 D AlphabeticalAppsList: Clearing FastScrollerSections.
11-13 19:46:49.068  2944  2944 D AlphabeticalAppsList: Adding apps with sections. HasPrivateApps: false
11-13 19:46:49.068  2944  2944 D AlphabeticalAppsList: addAppsWithSections: adding sectionName: A with appInfoTitle: Accord
11-13 19:46:49.068  2944  2944 D AlphabeticalAppsList: addAppsWithSections: adding sectionName: B with appInfoTitle: Banco Galicia
11-13 19:46:49.068  2944  2944 D AlphabeticalAppsList: addAppsWithSections: adding sectionName: C with appInfoTitle: CaixaBankNow
11-13 19:46:49.068  2944  2944 D AlphabeticalAppsList: addAppsWithSections: adding sectionName: D with appInfoTitle: Dia
11-13 19:46:49.068  2944  2944 D AlphabeticalAppsList: addAppsWithSections: adding sectionName: E with appInfoTitle: El tiempo
11-13 19:46:49.068  2944  2944 D AlphabeticalAppsList: addAppsWithSections: adding sectionName: F with appInfoTitle: Facebook
11-13 19:46:49.068  2944  2944 D AlphabeticalAppsList: addAppsWithSections: adding sectionName: G with appInfoTitle: Galera
11-13 19:46:49.068  2944 21173 D ViewPool: initPool complete
11-13 19:46:49.068  2944  2944 D AlphabeticalAppsList: addAppsWithSections: adding sectionName: I with appInfoTitle: Instagram
11-13 19:46:49.068  2944  2944 D AlphabeticalAppsList: addAppsWithSections: adding sectionName: L with appInfoTitle: Laughing Logger
11-13 19:46:49.068  2944  2944 D AlphabeticalAppsList: addAppsWithSections: adding sectionName: M with appInfoTitle: Maps
11-13 19:46:49.068  2944  2944 D AlphabeticalAppsList: addAppsWithSections: adding sectionName: N with appInfoTitle: Netflix
11-13 19:46:49.068  2944  2944 D AlphabeticalAppsList: addAppsWithSections: adding sectionName: O with appInfoTitle: OpenSongApp
11-13 19:46:49.069  2944  2944 D AlphabeticalAppsList: addAppsWithSections: adding sectionName: P with appInfoTitle: Park Gell
11-13 19:46:49.069  2944  2944 D AlphabeticalAppsList: addAppsWithSections: adding sectionName: R with appInfoTitle: Reloj
11-13 19:46:49.069  2944  2944 D AlphabeticalAppsList: addAppsWithSections: adding sectionName: S with appInfoTitle: ShareMe
11-13 19:46:49.069  2944  2944 D AlphabeticalAppsList: addAppsWithSections: adding sectionName: T with appInfoTitle: Teclado Microsoft SwiftKey
11-13 19:46:49.069  2944  2944 D AlphabeticalAppsList: addAppsWithSections: adding sectionName: V with appInfoTitle: ViperFX
11-13 19:46:49.069  2944  2944 D AlphabeticalAppsList: addAppsWithSections: adding sectionName: W with appInfoTitle: Waha
11-13 19:46:49.069  2944  2944 D AlphabeticalAppsList: addAppsWithSections: adding sectionName: Y with appInfoTitle: Yahoo Mail
11-13 19:46:49.069  2944  2944 D AlphabeticalAppsList: addAppsWithSections: adding sectionName: Z with appInfoTitle: Zedge
11-13 19:46:49.069  2944  2944 D AlphabeticalAppsList: Adding FastScrollSection duplicate to scroll to the bottom.
11-13 19:46:49.070  2944  2944 D AlphabeticIndexCompat: computeSectionName: cs: Ajustes sectionName: A
11-13 19:46:49.070  1803  2935 D SearchUiPerUserService: Creating SearchSessionInfo for session Id=com.google.android.apps.nexuslauncher:1fcfdc18-640f-4233-9ade-db94d94aa107,0
11-13 19:46:49.071  2944  2944 D AlphabeticIndexCompat: computeSectionName: cs: Msica sectionName: M
11-13 19:46:49.071  2944  2944 D AlphabeticIndexCompat: computeSectionName: cs: Instagram sectionName: I
11-13 19:46:49.071  2944  2944 D AlphabeticIndexCompat: computeSectionName: cs: Gemini sectionName: G
11-13 19:46:49.071  2944  2944 D AlphabeticIndexCompat: computeSectionName: cs: El tiempo de Pixel sectionName: E
11-13 19:46:49.072  2944  2944 D AlphabeticIndexCompat: computeSectionName: cs: Spotify sectionName: S
11-13 19:46:49.072  2944  2944 D AlphabeticIndexCompat: computeSectionName: cs: Android System Intelligence sectionName: A
11-13 19:46:49.072  2944  2944 D AlphabeticIndexCompat: computeSectionName: cs: Facebook sectionName: F
11-13 19:46:49.072  1803  2782 D SearchUiPerUserService: Storing callback for session Id=com.google.android.apps.nexuslauncher:1fcfdc18-640f-4233-9ade-db94d94aa107,0 and callback=android.os.BinderProxy@17da71a
11-13 19:46:49.072  2944  2944 D AlphabeticIndexCompat: computeSectionName: cs: Bienestar digital sectionName: B
11-13 19:46:49.072  3916  3916 I AiAiEcho: SearchContextManagerImpl::setSearchContext resultTypes=[139867] extras=[Bundle[{launcher.maxInlineIcons=3, dynamic_ranking_m3_enabled=true, qs_tiles_asi_enabled=true, allowlist_enabled=false, one_search_enabled=true, system_clock=true, version_code=12, gms_play_query_lower_bound=2, gms_play_query_upper_bound=20, recent_search_block_enabled=true, gms_play_feature_supported=true, launcher.gridSize=4, showhiddentargets_enabled=false, ose_info=1}]] sessionId=[com.google.android.apps.nexuslauncher:1fcfdc18-640f-4233-9ade-db94d94aa107,0]
11-13 19:46:49.072  2944  2944 D AlphabeticIndexCompat: computeSectionName: cs: Chrome sectionName: C
11-13 19:46:49.073  2944  2944 D AlphabeticIndexCompat: computeSectionName: cs: Bing sectionName: B
11-13 19:46:49.073  2944  2944 D AlphabeticIndexCompat: computeSectionName: cs: Cmara sectionName: C
11-13 19:46:49.073  2944  2944 D AlphabeticIndexCompat: computeSectionName: cs: Poweramp sectionName: P
11-13 19:46:49.073  2944  2944 D AlphabeticIndexCompat: computeSectionName: cs: WPS Office sectionName: W
11-13 19:46:49.074  2944  2944 D AlphabeticIndexCompat: computeSectionName: cs: Laughing Logger sectionName: L
11-13 19:46:49.074  2944  2944 D AlphabeticIndexCompat: computeSectionName: cs: OmniJaws sectionName: O
11-13 19:46:49.074  2944  2944 D AlphabeticIndexCompat: computeSectionName: cs: Zepp sectionName: Z
11-13 19:46:49.075  2944  2944 D AlphabeticIndexCompat: computeSectionName: cs: ChatGPT sectionName: C
11-13 19:46:49.075  2944  2944 D AlphabeticIndexCompat: computeSectionName: cs: Calm sectionName: C
11-13 19:46:49.075  2944  2944 D AlphabeticIndexCompat: computeSectionName: cs: Google sectionName: G
11-13 19:46:49.075  2944  2944 D AlphabeticIndexCompat: computeSectionName: cs: Fotos sectionName: F
11-13 19:46:49.075  2944  2944 D AlphabeticIndexCompat: computeSectionName: cs: Google TV sectionName: G
11-13 19:46:49.076  2944  2944 D AlphabeticIndexCompat: computeSectionName: cs: AccuWeather sectionName: A
11-13 19:46:49.076  1526 17792 D Camera3-Device: Set real time priority for request queue thread (tid 21120)
11-13 19:46:49.076  1526 17792 D Camera3-Utils: Set regular priority for thread (tid 17792)
11-13 19:46:49.076  2944  2944 D AlphabeticIndexCompat: computeSectionName: cs: Gmail sectionName: G
11-13 19:46:49.076  2944  2944 D AlphabeticIndexCompat: computeSectionName: cs: Traductor sectionName: T
11-13 19:46:49.076  2944  2944 D AlphabeticIndexCompat: computeSectionName: cs: Zedge sectionName: Z
11-13 19:46:49.077  2944  2944 D AlphabeticIndexCompat: computeSectionName: cs: Contactos sectionName: C
11-13 19:46:49.077 21061 21123 W .android.camera: Long monitor contention with owner CameraSetup (21096) at void android.hardware.camera2.impl.CameraDeviceImpl.waitUntilIdle()(CameraDeviceImpl.java:1750) waiters=0 in void android.hardware.camera2.impl.CameraDeviceImpl$6.run() for 258ms
11-13 19:46:49.077  2944  2944 D AlphabeticIndexCompat: computeSectionName: cs: Calendar sectionName: C
11-13 19:46:49.077 21061 21104 I CAM_MiCamera2: [K_PROCESS]: onConfigured: id = 1, session = android.hardware.camera2.impl.CameraCaptureSessionImpl@f8d52cc, Reprocessable = false
11-13 19:46:49.077 21061 21104 I CAM_PerformanceManager: [P_PERFORM]: Action: 4:[HAL]createCaptureSession@0_163_0 takes 258 ms
11-13 19:46:49.077 21061 21104 I CAM_MiCamera2: [K_PROCESS]: onConfigured: is mDeferOutputConfigurations null: false
11-13 19:46:49.077  2944  2944 D AlphabeticIndexCompat: computeSectionName: cs: AliExpress sectionName: A
11-13 19:46:49.077 21061 21096 D CAM_SocketController: onCreate: 
11-13 19:46:49.077 21061 21104 D CAM_MiCamera2: E: updateDeferPreviewSession
11-13 19:46:49.077 21061 21096 D CAM_SocketManager: setBlockHeartbeat: false
11-13 19:46:49.077 21061 21096 D CAM_RenderEngineV1: V1: setSurfaceTextureDataSpaceTranslator: not supported
11-13 19:46:49.077 21061 21096 D CAM_EffectController: setRenderEngine: d.c.a.r7.p2.s@5b9c42a this:com.android.camera2.compat.theme.custom.cv.filter.EffectControllerCv@c59821b
11-13 19:46:49.077 21061 21096 D CAM_BaseModule: onRenderEngineCreate, engine = d.c.a.r7.p2.s@5b9c42a, ColorSpace.Description(tex: SRGB, dpy: SRGB)
11-13 19:46:49.077  2944  2944 D AlphabeticIndexCompat: computeSectionName: cs: Documentos sectionName: D
11-13 19:46:49.077 21061 21098 D CAM_RenderEngineV1: V1: setTextureColorSpace: SRGB
11-13 19:46:49.078 21061 21098 D CAM_STScreenNail: setTextureColorSpace: SRGB
11-13 19:46:49.078 21061 21098 D CAM_RenderEngineV1: V1: setDisplayColorSpace: SRGB
11-13 19:46:49.078 21061 21096 D CAM_CaptureModule: onRenderEngineCreate camId:0
11-13 19:46:49.078 21061 21098 D CAM_CameraRenderEngine: setDisplayColorSpace: SRGB
11-13 19:46:49.078 21061 21096 D CAM_BaseModule: registerProtocol
11-13 19:46:49.078 21061 21098 D CAM_CameraRenderEngine: setDisplayColorSpace: nothing change.
11-13 19:46:49.078  2944  2944 D AlphabeticIndexCompat: computeSectionName: cs: Picsart sectionName: P
11-13 19:46:49.078 21061 21096 I CAM_BaseModule: onResume: u@3164596: mid = 163, cid = 0, created = true, departed = false
11-13 19:46:49.078 21061 21096 D CAM_SocketController: onResume: 
11-13 19:46:49.078  2944  2944 D AlphabeticIndexCompat: computeSectionName: cs: Google News sectionName: G
11-13 19:46:49.078  2944  3023 D SearchTargetUtil: queryLength=0 size=1
11-13 19:46:49.078  2944  3023 D SearchTargetUtil: layoutType=icon_row resultType=4096 packageName=
11-13 19:46:49.078  2944  2944 D AlphabeticIndexCompat: computeSectionName: cs: WhatsApp sectionName: W
11-13 19:46:49.079  2944  2944 D AlphabeticIndexCompat: computeSectionName: cs: YouTube Music sectionName: Y
11-13 19:46:49.079  2944  2944 D AlphabeticIndexCompat: computeSectionName: cs: Mi Vdeo sectionName: M
11-13 19:46:49.079  1526 17792 W cameraserver: createConfiguredSurface: Camera 0 with consumer usage flag: 256: Forcing asynchronous mode forstream
11-13 19:46:49.079  2944  2944 D AlphabeticIndexCompat: computeSectionName: cs: YouTube sectionName: Y
11-13 19:46:49.079  1526 17792 W cameraserver: createConfiguredSurface: Camera 0: Overriding format 0x1 to IMPLEMENTATION_DEFINED
11-13 19:46:49.079  2944  2944 D AlphabeticIndexCompat: computeSectionName: cs: Biblia sectionName: B
11-13 19:46:49.080  2944  2944 D AlphabeticIndexCompat: computeSectionName: cs: Yahoo Mail sectionName: Y
11-13 19:46:49.080 21061 21104 D CAM_MiCamera2: updateDeferPreviewSession: finalizeOutputConfigurations success
11-13 19:46:49.080  2944  2944 D AlphabeticIndexCompat: computeSectionName: cs: Conversaciones sectionName: C
11-13 19:46:49.080 21061 21104 E CAM_ImageReaderSurface: getValueFromSparseArray: no original values
11-13 19:46:49.080 21061 21104 D CAM_Camera2Module: onPreviewSessionSuccess: j u@3164596: mid = 163, cid = 0, created = true, departed = false
11-13 19:46:49.080 21061 21104 D CAM_BaseModuleCameraManager: setCameraState: 1
11-13 19:46:49.080  2944  2944 D AlphabeticIndexCompat: computeSectionName: cs: ColorNote sectionName: C
11-13 19:46:49.080 21061 21104 D CAM_BaseModule: types:24,2,26,27,28,29,46,47,7,8,10,11,14,4,13,41,5,9,20,34,23,36,73,37,42,43,48,49,52,56,30,61,62,66,60,75,70,76,78,77,84,92,94,98,109,104,114,111,112,113,, u@3164596: mid = 163, cid = 0, created = true, departed = false
11-13 19:46:49.080 21061 21104 D CAM_MiCamera2: X: updateDeferPreviewSession
11-13 19:46:49.080  2944  2944 D AlphabeticIndexCompat: computeSectionName: cs: Batera sectionName: B
11-13 19:46:49.081  2944  2944 D AlphabeticIndexCompat: computeSectionName: cs: Autosync sectionName: A
11-13 19:46:49.081  2944  2944 D AlphabeticIndexCompat: computeSectionName: cs: Drive sectionName: D
11-13 19:46:49.081  2944  2944 D AlphabeticIndexCompat: computeSectionName: cs: Reloj sectionName: R
11-13 19:46:49.081  2944  2944 D AlphabeticIndexCompat: computeSectionName: cs: Brave sectionName: B
11-13 19:46:49.082  2944  3024 I LauncherAppWidgetHostView: App widget created with id: 2
11-13 19:46:49.082  2944  2944 D AlphabeticIndexCompat: computeSectionName: cs: Maps sectionName: M
11-13 19:46:49.082  2944  2944 D AlphabeticIndexCompat: computeSectionName: cs: CaixaBankNow sectionName: C
11-13 19:46:49.082  2944  2944 D AlphabeticIndexCompat: computeSectionName: cs: MatLog sectionName: M
11-13 19:46:49.082  2944  2944 D AlphabeticIndexCompat: computeSectionName: cs: Total Commander sectionName: T
11-13 19:46:49.083 21061 21096 D CAM_SocketManager: addEventListener: 132352986
11-13 19:46:49.083 21061 21096 I CAM_PerformanceManager: [P_PERFORM]: Action: A4:switch_module_setup_163_0 takes 333 ms
11-13 19:46:49.083 21061 21096 D CAM_DataItemGlobal: reInit: mLastCameraId = 0, currentCameraId = 0
11-13 19:46:49.083 21061 21096 I CAM_PerformanceManager: [P_PERFORM]: Action: A5:switch_data_setup_163_0 takes 0 ms
11-13 19:46:49.083  2944  2944 D AlphabeticIndexCompat: computeSectionName: cs: Telegram sectionName: T
11-13 19:46:49.083 21061 21096 V CAM_CameraConfigManager: setDeviceOrientation: 0
11-13 19:46:49.083 21061 21061 D CAM_Camera@55923167: showGuide = 163  isCtsCall = false
11-13 19:46:49.083 21061 21096 D CAM_BaseModule: accept 24,2,26,27,28,29,46,47,7,8,10,11,14,4,13,41,5,9,20,34,23,36,73,37,42,43,48,49,52,56,30,61,62,66,60,75,70,76,78,77,84,92,94,98,109,104,114,111,112,113,. d.c.a.q6.r7$e@51b280b
11-13 19:46:49.083 21061 21096 D CAM_BaseModule: begin to consumePreference..
11-13 19:46:49.083 21061 21061 I CAM_PermissionManager: getNeedCheckPermissionList() listSize =0
11-13 19:46:49.083 21061 21061 I CAM_PermissionManager: checkCameraLocationPermissions(), all on
11-13 19:46:49.083 21061 21096 W CAM_Camera2CompatAdapterRole: Warning: getAuxCameraId(): #init() failed, roleId=20
11-13 19:46:49.083 21061 21096 W CAM_Camera2CompatAdapterRole: Warning: getUltraTeleCameraId(): #init() failed, roleId=23
11-13 19:46:49.083 21061 21096 D CAM_ZoomManager: applyZoomRatio(): apply zoom ratio to device = 1.0
11-13 19:46:49.083 21061 21096 V CAM_CameraConfigManager: setZoomRatio(): 1.0
11-13 19:46:49.083 21061 21061 I CAM_PermissionManager: getNeedCheckPermissionList() listSize =0
11-13 19:46:49.083 21061 21096 D CAM_CameraConfigs: zoom ratio diff: 0.0
11-13 19:46:49.083 21061 21096 D CAM_HybridZoomingSystem: toCropRegion(): zoom ratio = 1.0, crop region = Rect(0, 0 - 6016, 4512)
11-13 19:46:49.083 21061 21096 D CAM_RequestVendorTag: applyCropRegion: rect = Rect(0, 0 - 6016, 4512)
11-13 19:46:49.083  2944  2944 D AlphabeticIndexCompat: computeSectionName: cs: Bveda de aplicaciones sectionName: B
11-13 19:46:49.083 21061 21096 V CAM_CaptureRequestBuilder: applyZoomRatio(): cameraId = 0, zoomRatio = 1.0, activeArraySize = Rect(0, 0 - 6016, 4512), cropRegion = Rect(0, 0 - 6016, 4512)
11-13 19:46:49.083 21061 21096 D CAM_Camera2Module: setEffectFilter: 66048
11-13 19:46:49.083 21061 21096 D CAM_EffectRenderGroup: onEffectChanged: EFFECT_CHANGE_FILTER mEffectId = 66048
11-13 19:46:49.083 21061 21096 D CAM_AiSceneManager: setAiSceneEffect: 0
11-13 19:46:49.084 21061 21096 D CAM_EffectController: getAiColorCorrectionVersion: 2
11-13 19:46:49.084 21061 21096 D CAM_EffectController: getAiColorCorrectionVersion: 2
11-13 19:46:49.084 21061 21096 D CAM_EffectRenderGroup: onEffectChanged: EFFECT_CHANGE_FILTER mEffectId = 66048
11-13 19:46:49.084 21061 21096 V CAM_CameraConfigManager: setContrast: 5
11-13 19:46:49.084  2944  2944 D AlphabeticIndexCompat: computeSectionName: cs: Galera sectionName: G
11-13 19:46:49.084 21061 21096 V CAM_CameraConfigManager: setSaturation: 3
11-13 19:46:49.084 21061 21096 V CAM_CameraConfigManager: setSharpness: 1
11-13 19:46:49.084 21061 21096 W CAM_ImageModuleCameraManager: no consumer for this updateType: 29
11-13 19:46:49.084 21061 21096 V CAM_CameraConfigManager: setExposureMeteringMode: 1
11-13 19:46:49.084 21061 21061 I CAM_PermissionManager: checkCameraLaunchPermissions(), all on
11-13 19:46:49.084 21061 21061 V CAM_BaseModule: onPreviewLayoutChanged: Rect(0, 246 - 1080, 1686)
11-13 19:46:49.084 21061 21061 D CAM_STScreenNail: setDisplayArea Rect(0, 246 - 1080, 1686)
11-13 19:46:49.085 21061 21061 D CAM_CameraScreenNail: setPreviewFrameLayoutSize: 1080x1440
11-13 19:46:49.085 21061 21061 V CAM_STScreenNail: updateReadPixelsSize: 720x960
11-13 19:46:49.085 21061 21061 E CAM_FocusManagerAbstract: setRenderSize: 1080 | 1440
11-13 19:46:49.085 21061 21061 D CAM_FocusManager: setPreviewSize: 1080x1440
11-13 19:46:49.085 21061 21061 I CAM_ AdaptiveTv: init:  mMaxFontScale :1.25
11-13 19:46:49.085 21061 21061 D CAM_ModeSelectViewCV: getHeaderOffset w = 1000, itemWidth = 148, textWidth = 80.0
11-13 19:46:49.085 21061 21061 D CAM_ModeSelectViewCV: res = {1.0 214mcc22mnc [es_ES] ldltr sw393dp w393dp h794dp 440dpi nrml long hdr widecg port night finger -keyb/v/h -nav/h winConfig={ mBounds=Rect(0, 0 - 1080, 2340) mAppBounds=Rect(0, 90 - 1080, 2274) mMaxBounds=Rect(0, 0 - 1080, 2340) mDisplayRotation=ROTATION_0 mWindowingMode=fullscreen mActivityType=standard mAlwaysOnTop=undefined mRotation=ROTATION_0} as.3 s.2 fontWeightAdjustment=0}
11-13 19:46:49.085 21061 21061 D CAM_ModeSelectViewCV: moveToPosition select pos = 4, offset = 426, mode = 163
11-13 19:46:49.085 21061 21061 D CAM_FragmentModeSelector: switchMoreMode open: true, style: 0, mCurrentMode: 163
11-13 19:46:49.085 21061 21061 D CAM_DragLayout: disableAllMode
11-13 19:46:49.085 21061 21061 D CAM_DragLayout: setDragEnable mDragMode : false, enable false, force : false
11-13 19:46:49.085 21061 21061 D CAM_ModeSelectViewCV: updateSelectedItem 163
11-13 19:46:49.086 21061 21096 D CAM_CameraCapabilities: isSupportNormalWideLDC: true
11-13 19:46:49.086  1803  2559 D ConnectivityService: NetReassign [no changes] [c 0] [a 1] [i 2]
11-13 19:46:49.086 21061 21096 V CAM_CameraConfigManager: setNormalWideLDC: false
11-13 19:46:49.086 21061 21096 V CAM_CameraConfigManager: setUltraWideLDC: false
11-13 19:46:49.086 21061 21096 W CAM_ImageModuleCameraManager: no consumer for this updateType: 8
11-13 19:46:49.086 21061 21096 D CAM_BaseModuleCameraManager: thumbnailSize=320x240
11-13 19:46:49.086 21061 21096 D CAM_BaseModule: flashMode: 0
11-13 19:46:49.086 21061 21096 V CAM_MiCamera2: setFlashMode: 0
11-13 19:46:49.087 21061 21096 D CAM_MiCamera2: applyFlashMode: request android.hardware.camera2.CaptureRequest$Builder@affe73, applyType = 1
11-13 19:46:49.087 21061 21096 D CAM_MiCameraCompat: applyFlashMode: mode = 0
11-13 19:46:49.087 21061 21096 D CAM_MiCamera2: applyFlashMode: flashMode = 0, mScreenLightCallback = d.c.a.q6.q8.q1@a689130
11-13 19:46:49.087 21061 21096 D CAM_CaptureRequestBuilder: applyScreenLightHint(): false
11-13 19:46:49.087 21061 21096 V CAM_MiCameraCompat: [K_PROCESS]: applyHDRMode:2
11-13 19:46:49.087 21061 21096 V CAM_CameraConfigManager: setFocusMode: 4
11-13 19:46:49.087 21061 21096 D CAM_CaptureRequestBuilder: applyAFRegions: default 0
11-13 19:46:49.087 21061 21096 D CAM_CaptureRequestBuilder: applyAERegions: default 0
11-13 19:46:49.087 21061 21096 D CAM_CameraCapabilities: isRemoveNevusDefined request : false
11-13 19:46:49.088 21061 21096 D CAM_Camera2Module: updateBeauty(): 3d beauty level: i:0 | ss: 0 |sf: 0 | ee: 0 | ns: 0 | rs: 0 | lp: 0 | cn: 0 | nk: 0 | se: 0 | sn: 0 | hl: 0 | solid: 0 | whiten: 0 | makeup: 0| headSlim: 0 | bodySlim: 0 | shoulderSlim: 0 | legSlim: 0 | puffy: 0| wholeBodySlim: 0 | buttSlim: 0 | makeupType: 0 | makeupLevel: 0 | beautyMode: 2 | makeupFilter: 0 | ambientLight: 0
11-13 19:46:49.088  2944  3024 I LauncherAppWidgetHostView: App widget created with id: 4
11-13 19:46:49.089 21061 21096 W CAM_ImageModuleCameraManager: no consumer for this updateType: 41
11-13 19:46:49.089 21061 21096 D CAM_FaceView: setSkipDraw: mSkipDraw=false
11-13 19:46:49.089 21061 21096 V CAM_CameraConfigManager: startFaceDetection
11-13 19:46:49.089 21061 21096 D CAM_MiCameraCompat: applyFaceDetection: true faceDetectMode: 1
11-13 19:46:49.089 21061 21096 D CAM_BaseModule: antiBanding: 3
11-13 19:46:49.089 21061 21096 V CAM_CameraConfigManager: setAntiBanding: 3
11-13 19:46:49.089 21061 21096 W CAM_ImageModuleCameraManager: no consumer for this updateType: 20
11-13 19:46:49.089 21061 21096 V CAM_CameraConfigManager: setEnableOIS true
11-13 19:46:49.089  2944  2944 I s.nexuslauncher: AssetManager2(0xb400006f87dd0098) locale list changing from [] to [es-ES]
11-13 19:46:49.089 21061 21096 V CAM_CaptureRequestBuilder: EIS: off
11-13 19:46:49.089 21061 21096 V CAM_CaptureRequestBuilder: OIS: on
11-13 19:46:49.089 21061 21096 D CAM_Camera2Module: SwMfnr is not supported
11-13 19:46:49.089 21061 21096 D CAM_Camera2Module: setMfnr to true
11-13 19:46:49.089 21061 21096 V CAM_MiCameraCompat: [K_PROCESS]: applyMfnrEnable: false
11-13 19:46:49.092 21061 21061 I CAM_ AdaptiveTv: init:  mMaxFontScale :1.25
11-13 19:46:49.092 21061 21061 D CAM_ModeSelectViewCV: getHeaderOffset w = 1000, itemWidth = 148, textWidth = 80.0
11-13 19:46:49.092 21061 21061 D CAM_ModeSelectViewCV: res = {1.0 214mcc22mnc [es_ES] ldltr sw393dp w393dp h794dp 440dpi nrml long hdr widecg port night finger -keyb/v/h -nav/h winConfig={ mBounds=Rect(0, 0 - 1080, 2340) mAppBounds=Rect(0, 90 - 1080, 2274) mMaxBounds=Rect(0, 0 - 1080, 2340) mDisplayRotation=ROTATION_0 mWindowingMode=fullscreen mActivityType=standard mAlwaysOnTop=undefined mRotation=ROTATION_0} as.3 s.2 fontWeightAdjustment=0}
11-13 19:46:49.092 21061 21061 D CAM_ModeSelectViewCV: moveToPosition select pos = 4, offset = 426, mode = 163
11-13 19:46:49.092 21061 21061 D CAM_FragmentTopBar: notifyDataChanged currentMode = 163
11-13 19:46:49.092 21061 21061 D CAM_FragmentTopBar: updateConfigItem configItem = 207
11-13 19:46:49.092 21061 21061 D CAM_FragmentTopBar: updateConfigItem configItem = 194
11-13 19:46:49.092 21061 21061 D EndTopBarAdapter: notifyTopBarItemChanged: 194
11-13 19:46:49.092 21061 21061 D EndTopBarAdapter: changeIndex: 0
11-13 19:46:49.093 21061 21061 D EndTopBarAdapter: applyChange:194
11-13 19:46:49.093 21061 21061 D CAM_FragmentTopBar: updateConfigItem configItem = 205
11-13 19:46:49.093 21061 21061 D CAM_FragmentTopBar: updateConfigItem configItem = 193
11-13 19:46:49.093 21061 21061 D StartTopBarAdapter: notifyTopBarItemChanged: 193
11-13 19:46:49.093 21061 21061 D StartTopBarAdapter: changeIndex: 0
11-13 19:46:49.093 21061 21061 D StartTopBarAdapter: applyChange:193
11-13 19:46:49.093 21061 21061 D CAM_FragmentBottomPopupTips: updateTipImage mCustomRoot is null : false
11-13 19:46:49.093 21061 21061 D CAM_CameraCapabilities: isRemoveNevusDefined request : false
11-13 19:46:49.093 21061 21061 D CAM_CameraCapabilities: isRemoveNevusDefined request : false
11-13 19:46:49.094 21061 21061 D CAM_FragmentBottomPopupTips: cancelUpdateTipImage 
11-13 19:46:49.095  2944  2944 D OverviewActionsView: updateActionButtonsVisibility() called: showSingleTaskActions = [true], showGroupActions = [false]
11-13 19:46:49.095 21061 21096 D CAM_Camera2Module: updateDecodePreview: PreviewDecodeManager AlgorithmPreviewSize = 1440x1080
11-13 19:46:49.095 21061 21096 V CAM_MiCamera2: startPreviewCallback
11-13 19:46:49.095  2944  2944 D KeyboardInsetsHandler: setState, toState:Normal StateManager(mLastStableState:Normal, mCurrentStableState:Normal, mState:Normal, mRestState:null, isInTransition:false)
11-13 19:46:49.095 21061 21096 D CAM_QRCodeDecoder: startDecode: 209750552
11-13 19:46:49.095  2944  2944 D OverviewActionsView: updateActionButtonsVisibility() called: showSingleTaskActions = [true], showGroupActions = [false]
11-13 19:46:49.095 21061 21096 D CAM_AiSceneManager: setAiSceneEffect: 0
11-13 19:46:49.095 21061 21096 D CAM_EffectController: getAiColorCorrectionVersion: 2
11-13 19:46:49.095 21061 21096 D CAM_EffectController: getAiColorCorrectionVersion: 2
11-13 19:46:49.095 21061 21096 D CAM_EffectRenderGroup: onEffectChanged: EFFECT_CHANGE_FILTER mEffectId = 66048
11-13 19:46:49.096 21061 21096 D CAM_CaptureRequestBuilder: applyASDScene: 0
11-13 19:46:49.096 21061 21096 D CAM_BaseModule: flashMode: 0
11-13 19:46:49.096 21061 21096 V CAM_MiCamera2: setFlashMode: 0
11-13 19:46:49.096 21061 21096 D CAM_MiCamera2: applyFlashMode: request android.hardware.camera2.CaptureRequest$Builder@affe73, applyType = 1
11-13 19:46:49.096 21061 21096 D CAM_MiCameraCompat: applyFlashMode: mode = 0
11-13 19:46:49.096 21061 21096 D CAM_MiCamera2: applyFlashMode: flashMode = 0, mScreenLightCallback = d.c.a.q6.q8.q1@a689130
11-13 19:46:49.096 21061 21096 D CAM_CaptureRequestBuilder: applyScreenLightHint(): false
11-13 19:46:49.096 21061 21096 D CAM_CameraCapabilities: isRemoveNevusDefined request : false
11-13 19:46:49.096 21061 21096 D CAM_Camera2Module: updateBeauty(): 3d beauty level: i:0 | ss: 0 |sf: 0 | ee: 0 | ns: 0 | rs: 0 | lp: 0 | cn: 0 | nk: 0 | se: 0 | sn: 0 | hl: 0 | solid: 0 | whiten: 0 | makeup: 0| headSlim: 0 | bodySlim: 0 | shoulderSlim: 0 | legSlim: 0 | puffy: 0| wholeBodySlim: 0 | buttSlim: 0 | makeupType: 0 | makeupLevel: 0 | beautyMode: 2 | makeupFilter: 0 | ambientLight: 0
11-13 19:46:49.096  2944  2944 D b/380940677: [mStateHandlerRequest=0, mCurrentStateRequest=0, mLastActivityFlags=5, mIgnoreAutoRotateSettings=false, mHomeRotationEnabled=false, mForceAllowRotationForTesting=false, mDestroyed=false, mIsFixedLandscape=false]
11-13 19:46:49.096 21061 21096 W CAM_ImageModuleCameraManager: no consumer for this updateType: 73
11-13 19:46:49.096 21061 21096 W CAM_BaseModuleCameraManager: no consumer for this updateType: 73
11-13 19:46:49.096 21061 21096 W CAM_ImageModuleCameraManager: no consumer for this updateType: 37
11-13 19:46:49.096 21061 21096 D CAM_Camera2Module: SwMfnr is not supported
11-13 19:46:49.096 21061 21096 D CAM_Camera2Module: setSwMfnr to false
11-13 19:46:49.097 21061 21096 D CAM_Camera2Module: setLightingEffect: 0
11-13 19:46:49.097 21061 21096 D CAM_EffectRenderGroup: onEffectChanged: EFFECT_CHANGE_FILTER mEffectId = 66048
11-13 19:46:49.097 21061 21096 W CAM_ImageModuleCameraManager: no consumer for this updateType: 48
11-13 19:46:49.097 21061 21180 D CAM_SocketController: onAvailable: 
11-13 19:46:49.097  2944  2944 D ActivityAllAppsContainerView: rebindAdapters: force: false
11-13 19:46:49.097  2944  2944 D ActivityAllAppsContainerView: rebindAdapters: Not needed.
11-13 19:46:49.097 21061 21061 D CAM_FragmentBottomPopupTips: toggleSoftLightTip: visible=false
11-13 19:46:49.098  1803  2935 E BoostFramework: BoostFramework() : Exception_1 = java.lang.ClassNotFoundException: com.qualcomm.qti.Performance
11-13 19:46:49.098  1803  2935 E BoostFramework: BoostFramework() Ux Perf: Exception = java.lang.ClassNotFoundException: com.qualcomm.qti.UxPerformance
11-13 19:46:49.098  1803  2935 V WindowManager: Queueing transition: TransitionRecord{1787ad4 id=-1 type=CHANGE flags=0x0}
11-13 19:46:49.098  2944  2944 D ViewRootImpl: Skipping stats log for color mode
11-13 19:46:49.098 21061 21061 D CAM_AbstractFragment: baseUpdateView FragmentReferenceLine, true
11-13 19:46:49.098 21061 21061 I CAM_PerformanceManager: [P_PERFORM]: Action: A6:switch_ui_setup_163_0 takes 15 ms
11-13 19:46:49.098  2944  2944 W SplitSelectStateCtor: Missing session instanceIds
11-13 19:46:49.099  2944  2944 D StatsLog: LAUNCHER_SPLIT_SELECTION_EXIT_INTERRUPTED
11-13 19:46:49.099  2944  2944 D ViewRootImpl: Skipping stats log for color mode
11-13 19:46:49.099  2944  2944 D StateManager: goToState - fromState: Normal, toState: Normal, partial trace:
11-13 19:46:49.099  2944  2944 D StateManager: 	at com.android.launcher3.statemanager.StateManager.moveToRestState(go/retraceme 72a59688580715d19f0e415c69e80376c2f062d1648c80db6730905005a27c20:4)
11-13 19:46:49.099  2944  2944 D StateManager: 	at com.android.launcher3.statemanager.StateManager.moveToRestState(go/retraceme 72a59688580715d19f0e415c69e80376c2f062d1648c80db6730905005a27c20:1)
11-13 19:46:49.099  2944  2944 D StateManager: 	at com.android.launcher3.statemanager.StatefulActivity.onStop(go/retraceme 72a59688580715d19f0e415c69e80376c2f062d1648c80db6730905005a27c20:34)
11-13 19:46:49.099 21061 21061 I CAM_Qigsaw: init currentProcessName = com.android.camera
11-13 19:46:49.099 21061 21096 W CAM_ImageModuleCameraManager: no consumer for this updateType: 49
11-13 19:46:49.099 21061 21096 W CAM_BaseModuleCameraManager: no consumer for this updateType: 49
11-13 19:46:49.100 21061 21096 W CAM_ImageModuleCameraManager: no consumer for this updateType: 52
11-13 19:46:49.100  2944  2944 D StatsLog: LAUNCHER_GOOGLE_SEARCH_RESTORE_LIST_SIZE_AFTER_ACTIVITY_RESTART
11-13 19:46:49.100 21061 21096 D CAM_Camera2Module: SR is disabled
11-13 19:46:49.100 21061 21096 W CAM_ImageModuleCameraManager: no consumer for this updateType: 62
11-13 19:46:49.100 21061 21096 W CAM_ImageModuleCameraManager: no consumer for this updateType: 75
11-13 19:46:49.100 21061 21096 V CAM_CameraConfigManager: setHistogramStatsEnabled: false
11-13 19:46:49.100 21061 21096 V CAM_CameraConfigManager: setASDEnable: true
11-13 19:46:49.100 21061 21096 D CAM_BaseModuleCameraManager: updateASD call setASDEnable with true
11-13 19:46:49.100 21061 21096 W CAM_ImageModuleCameraManager: no consumer for this updateType: 76
11-13 19:46:49.100 21061 21096 W CAM_Camera2CompatAdapterRole: Warning: getAuxCameraId(): #init() failed, roleId=20
11-13 19:46:49.100 21061 21096 D CAM_CaptureRequestBuilder: applyDepurpleEnable: dodepurpleEnabled = true
11-13 19:46:49.100 21061 21096 W CAM_ImageModuleCameraManager: no consumer for this updateType: 78
11-13 19:46:49.100 21061 21096 W CAM_ImageModuleCameraManager: no consumer for this updateType: 77
11-13 19:46:49.100 21061 21096 D CAM_MiCamera2: sendSatFallbackDisableRequest: E. disable = false, isRepeatingRequest = true
11-13 19:46:49.100 21061 21096 D CAM_MiCameraCompat: applySatFallbackDisable: 0
11-13 19:46:49.100 21061 21096 D CAM_MiCamera2: sendSatFallbackDisableRequest: X.
11-13 19:46:49.100 21061 21096 V CAM_CameraConfigManager: applyHighQualityPreferred: true
11-13 19:46:49.100 21061 21096 W CAM_ImageModuleCameraManager: no consumer for this updateType: 92
11-13 19:46:49.100 21061 21096 D CAM_CameraConfigManager: setBeautyLens 4
11-13 19:46:49.100 21061 21096 W CAM_ImageModuleCameraManager: no consumer for this updateType: 98
11-13 19:46:49.100 21061 21096 W CAM_BaseModuleCameraManager: no consumer for this updateType: 98
11-13 19:46:49.100 21061 21096 W CAM_ImageModuleCameraManager: no consumer for this updateType: 109
11-13 19:46:49.100 21061 21096 D CAM_BaseModuleCameraManager: updateTeleFallbackMode: curCamId=0
11-13 19:46:49.101 21061 21096 V CAM_CameraConfigManager: setAperture(): 0.0
11-13 19:46:49.101 21061 21096 D CAM_CameraConfigs: aperture: 0.0
11-13 19:46:49.101   669   669 I hwservicemanager: getTransport: Cannot find entry vendor.qti.hardware.servicetracker@1.2::IServicetracker/default in either framework or device VINTF manifest.
11-13 19:46:49.101 21061 21096 V CAM_CameraConfigManager: setExposureMode(): 0
11-13 19:46:49.101 21061 21061 I CAM_SplitInfoVersionManager: No new split info version, just use default version.
11-13 19:46:49.101 21061 21096 D CAM_CameraConfigs: setExposureMode: 0
11-13 19:46:49.101 21061 21096 W CAM_ImageModuleCameraManager: no consumer for this updateType: 111
11-13 19:46:49.101 21061 21096 V CAM_CameraConfigManager: setIsZoomSpeedUp(): false
11-13 19:46:49.101 21061 21096 V CAM_CaptureRequestBuilder: applyIsZoomSpeedUp(): false
11-13 19:46:49.101  1803  2782 W ActivityTaskManager: servicetracker HIDL not available
11-13 19:46:49.101 21061 21061 W System  : ClassLoader referenced unknown path: 
11-13 19:46:49.101  1803  2782 E ActivityTaskManager: Unable to get servicetracker HAL instance
11-13 19:46:49.101 21061 21061 W .android.camera: Unsupported class loader: java.lang.Class<com.iqiyi.android.qigsaw.core.splitload.SplitDelegateClassloader>
11-13 19:46:49.101 21061 21096 W CAM_ImageModuleCameraManager: no consumer for this updateType: 112
11-13 19:46:49.101 21061 21096 V CAM_CameraConfigManager: setIsZoomSpeedDown(): false
11-13 19:46:49.101 21061 21096 V CAM_CaptureRequestBuilder: applyIsZoomSpeedDown(): false
11-13 19:46:49.101   669   669 I hwservicemanager: getTransport: Cannot find entry vendor.qti.hardware.servicetracker@1.2::IServicetracker/default in either framework or device VINTF manifest.
11-13 19:46:49.101 21061 21061 D CAM_FML : init: split attach cost 3ms
11-13 19:46:49.101 21061 21096 V CAM_CameraConfigManager: setFaceAEStrategy(): 0
11-13 19:46:49.101  1803  2782 W ActivityTaskManager: servicetracker HIDL not available
11-13 19:46:49.101  1803  2782 E ActivityTaskManager: Unable to get servicetracker HAL instance
11-13 19:46:49.101 21061 21096 D CAM_CaptureRequestBuilder: applyFaceAEStrategyFlag: 0
11-13 19:46:49.101 21061 21096 D CAM_MiCameraCompat: applyFaceAEStrategyFlag  case = 0
11-13 19:46:49.101 21061 21061 D CAM_SplitAABInfoProvider: App has no fused modules.
11-13 19:46:49.101 21061 21061 D CAM_SplitAABInfoProvider: Split names are: []
11-13 19:46:49.101 21061 21096 D CAM_LiveShotManager: updateLiveShot = false
11-13 19:46:49.101 21061 21061 I CAM_Split:MultiDex: VM with version 2.1.0 has multidex support
11-13 19:46:49.101  2944  3023 D InputMonitorCompat: Input monitor (minus-one-disp0) created
11-13 19:46:49.101 21061 21096 I CAM_PerformanceManager: [P_PERFORM]: Action: 5.2:applyPreviewSettings_163_0 takes 18 ms
11-13 19:46:49.101 21061 21096 I CAM_PerformanceManager: [P_PERFORM]: Action: 5:captureSessionReady2startPreview_163_0 takes 24 ms
11-13 19:46:49.101 21061 21096 V CAM_MiCamera2: resumePreview: cameraId=0 highSpeed=false | caller=d.c.b.p4.A0(Unknown Source:71), d.c.a.q6.r7$e.a(Unknown Source:203), d.c.a.q6.r7$e.accept(Unknown Source:2), io.reactivex.internal.observers.LambdaObserver.onNext(Unknown Source:8), 
11-13 19:46:49.102  1803  2605 D BackgroundInstallControlService: Package event received: 0
11-13 19:46:49.102  1526 21119 D CameraService: startCameraStreamingOps: Start data delivery for uid 10586
11-13 19:46:49.102 21061 21096 I CAM_MiCamera2: [K_PROCESS]: resumePreview: repeating sequenceId: 0
11-13 19:46:49.103 21061 21183 V CAM_LiveShotManager: [KTP]updateLiveShot: E
11-13 19:46:49.103 21061 21183 V CAM_LiveShotManager: [KTP]updateLiveShot: X
11-13 19:46:49.103  2944 21174 D ViewPool: initPool complete
11-13 19:46:49.103 21061 21061 D CAM_SplitInstallSupervisor: No splits need to uninstall!
11-13 19:46:49.103 21061 21061 I CAM_SplitInfoManagerImpl: currentVersion : 5.0.0.0_2.0 defaultVersion : 5.0.0.0_2.0
11-13 19:46:49.104 21061 21061 I CAM_SplitInfoManagerImpl: Default split file name: qigsaw_5.0.0.0_2.0.json
11-13 19:46:49.104  2944  2944 I SsCardPagerAdapter: [rmv] Rendering flag - enabled: true rmv: null
11-13 19:46:49.104  2944  2944 I SsCardPagerAdapter: Use UI template for the feature: 1
11-13 19:46:49.105  1803  2726 W ActivityManager: pid 1803 system sent binder code 15 with flags 0 to frozen apps and got error -32
11-13 19:46:49.105  1803  2726 E NFC     : NFC service dead - attempting to recover
11-13 19:46:49.105  1803  2726 E NFC     : android.os.DeadObjectException
11-13 19:46:49.105  1803  2726 E NFC     : 	at android.os.BinderProxy.transactNative(Native Method)
11-13 19:46:49.105  1803  2726 E NFC     : 	at android.os.BinderProxy.transact(BinderProxy.java:592)
11-13 19:46:49.105  1803  2726 E NFC     : 	at android.nfc.INfcAdapter$Stub$Proxy.setReaderMode(INfcAdapter.java:1408)
11-13 19:46:49.105  1803  2726 E NFC     : 	at android.nfc.NfcAdapter.lambda$setReaderModePollingEnabled$14(NfcAdapter.java:1791)
11-13 19:46:49.105  1803  2726 E NFC     : 	at android.nfc.NfcAdapter.$r8$lambda$ChHsu3zyyl-fmMSV4W6nAmsvLKQ(Unknown Source:0)
11-13 19:46:49.105  1803  2726 E NFC     : 	at android.nfc.NfcAdapter$$ExternalSyntheticLambda12.call(D8$$SyntheticClass:0)
11-13 19:46:49.105  1803  2726 E NFC     : 	at android.nfc.NfcAdapter.callService(NfcAdapter.java:2594)
11-13 19:46:49.105  1803  2726 E NFC     : 	at android.nfc.NfcAdapter.setReaderModePollingEnabled(NfcAdapter.java:1791)
11-13 19:46:49.105  1803  2726 E NFC     : 	at com.android.server.camera.CameraServiceProxy.notifyNfcService(CameraServiceProxy.java:1496)
11-13 19:46:49.105  1803  2726 E NFC     : 	at com.android.server.camera.CameraServiceProxy.updateActivityCount(CameraServiceProxy.java:1467)
11-13 19:46:49.105  1803  2726 E NFC     : 	at com.android.server.camera.CameraServiceProxy.-$$Nest$mupdateActivityCount(CameraServiceProxy.java:0)
11-13 19:46:49.105  1803  2726 E NFC     : 	at com.android.server.camera.CameraServiceProxy$2.notifyCameraState(CameraServiceProxy.java:849)
11-13 19:46:49.105  1803  2726 E NFC     : 	at android.hardware.ICameraServiceProxy$Stub.onTransact(ICameraServiceProxy.java:160)
11-13 19:46:49.105  1803  2726 E NFC     : 	at android.os.Binder.execTransactInternal(Binder.java:1426)
11-13 19:46:49.105  1803  2726 E NFC     : 	at android.os.Binder.execTransact(Binder.java:1365)
11-13 19:46:49.106 21061 21061 I CAM_SplitInfoManagerImpl: Cost 2 mil-second to parse default split info
11-13 19:46:49.106  1254  1254 I RefreshRateSelector: Display 4630946545580055169 policy changed
11-13 19:46:49.106  1254  1254 I RefreshRateSelector: Previous: {defaultModeId=1, allowGroupSwitching=false, primaryRanges={physical=[0.00 Hz, 120.00 Hz], render=[0.00 Hz, 120.00 Hz]}, appRequestRanges={physical=[0.00 Hz, 120.00 Hz], render=[0.00 Hz, 120.00 Hz]} idleScreenConfig=nullptr}
11-13 19:46:49.106  1254  1254 I RefreshRateSelector: Current:  DisplayManagerPolicy{defaultModeId=0, allowGroupSwitching=false, primaryRanges={physical=[60.00 Hz, 120.00 Hz], render=[60.00 Hz, 60.00 Hz]}, appRequestRanges={physical=[60.00 Hz, 120.00 Hz], render=[60.00 Hz, 60.00 Hz]} idleScreenConfig=nullptr}
11-13 19:46:49.106  1254  1254 I RefreshRateSelector: 5 mode changes were performed under the previous policy
11-13 19:46:49.106  1254  1254 D DisplayModeController: setDesiredMode 4630946545580055169 {mode={fps=60.00 Hz, modePtr={id=0, vsyncRate=60.00 Hz, peakRefreshRate=60.00 Hz}}, emitEvent=true, force=false}
11-13 19:46:49.107  1803  1839 I DisplayDeviceRepository: Display device changed render timings: "Pantalla integrada", renderFrameRate=60.000004, presentationDeadlineNanos=16666666, appVsyncOffsetNanos=1000000, frameRateOverrides=[]
11-13 19:46:49.108  2944  3023 D InputMonitorCompat: Input event receiver for monitor (minus-one-disp0) created
11-13 19:46:49.108  1093  4649 D audio_hw_primary: adev_set_parameters: enter: screen_state=on
11-13 19:46:49.108  1093  4649 V msm8974_platform: platform_set_parameters: enter: screen_state=on
11-13 19:46:49.108  1093  4649 D audio_hw_hfp: hfp_set_parameters: enter
11-13 19:46:49.108  1093  4649 D sound_trigger_hw: handle_screen_status_change: screen on
11-13 19:46:49.108  1093  4649 D audio_hw_hfp: hfp_set_parameters: enter
11-13 19:46:49.108  1093  4649 V a2dp_offload: end of a2dp setparam
11-13 19:46:49.108  1093  4649 D audio_hw_cspl_cal: cirrus_cal_setparameters: enter 0xe7441b40
11-13 19:46:49.108  1093  4649 D audio_hw_extn: audio_extn_fm_set_parameters: Enter
11-13 19:46:49.108  1093  4649 D audio_hw_hfp: hfp_set_parameters: enter
11-13 19:46:49.108  1093  4649 V a2dp_offload: end of a2dp setparam
11-13 19:46:49.108  1093  4649 D audio_hw_primary: adev_set_parameters: exit with code(0)
11-13 19:46:49.110  2944  2944 D SsBaseTemplateCard: No text view can be set up
11-13 19:46:49.110  2944  2944 D SsBaseTemplateCard: Passed-in item info is null
11-13 19:46:49.110  2944  2944 D SsBaseTemplateCard: Passed-in item info is null
11-13 19:46:49.110  2944  2944 D SsBaseTemplateCard: Passed-in item info is null
11-13 19:46:49.110  2944  2944 I SsBaseTemplateCard: Secondary card pane is null
11-13 19:46:49.112  2944  2944 D b/387844520: calling updateRingPath from onSizeChanged
11-13 19:46:49.112  2944  2944 D b/387844520: getOutlineOffsetX: measured width = 182, mNormalizedIconSize = 167, last updated width = 182
11-13 19:46:49.114  2944  2944 D InputMonitorCompat: Input event receiver for monitor (minus-one-disp0) disposed
11-13 19:46:49.114  1803  1837 D WindowManager: DeferredDisplayUpdater: partially applying DisplayInfo(1080 x 2340) immediately
11-13 19:46:49.114  2944  2944 D InputMonitorCompat: Input monitor (minus-one-disp0) disposed
11-13 19:46:49.114  2944  2944 D OverviewActionsView: updateForGroupedTask() called with: isGroupedTask = [false], canSaveAppPair = [false]
11-13 19:46:49.114  2944  2944 D OverviewActionsView: updateActionButtonsVisibility() called: showSingleTaskActions = [true], showGroupActions = [false]
11-13 19:46:49.114  2944  2944 D TISBindHelper: TIS service connected
11-13 19:46:49.114  2944  2944 D TaskbarManager: setActivity: mActivity=null displayId=0 isDefaultDisplay=true
11-13 19:46:49.114  2944  2944 D TaskbarManager: setActivity: registering activity lifecycle callbacks. displayId=0 isDefaultDisplay=true
11-13 19:46:49.114  2944  2944 D TaskbarManager: getUnfoldTransitionProgressProviderForActivity displayId=0 isDefaultDisplay=true
11-13 19:46:49.114  2944  2944 D TaskbarManager: setRecentsViewContainer displayId=0 isDefaultDisplay=true
11-13 19:46:49.114  2944  2944 D TaskbarManager: createTaskbarUIControllerForRecentsViewContainer displayId=0 isDefaultDisplay=true
11-13 19:46:49.114  2944  2944 D LauncherBinder: Calling onCompleteSignal
11-13 19:46:49.114  2944  2944 D ViewOnDrawExecutor: markCompleted: executing tasks
11-13 19:46:49.114  2944  2944 D CellLayout: Adding view to ShortcutsAndWidgetsContainer: com.android.launcher3.views.DoubleShadowBubbleTextView{9695355 VFED..C.. ......ID 0,0-0,0 #6}
11-13 19:46:49.114  2944  2944 D CellLayout: Adding view to ShortcutsAndWidgetsContainer: com.android.launcher3.views.DoubleShadowBubbleTextView{1fa916a VFED..C.. ......ID 0,0-0,0 #7}
11-13 19:46:49.115  2944  2944 D CellLayout: Adding view to ShortcutsAndWidgetsContainer: com.android.launcher3.views.DoubleShadowBubbleTextView{1fa665b VFED..C.. ......ID 0,0-0,0 #15}
11-13 19:46:49.115  2944  2944 D CellLayout: Adding view to ShortcutsAndWidgetsContainer: com.android.launcher3.views.DoubleShadowBubbleTextView{aa85a36 VFED..C.. ......ID 0,0-0,0 #17}
11-13 19:46:49.115  2944  2944 D CellLayout: Adding view to ShortcutsAndWidgetsContainer: com.android.launcher3.views.DoubleShadowBubbleTextView{f1d45d3 VFED..C.. ......ID 0,0-0,0 #14}
11-13 19:46:49.115  2944  2944 D CellLayout: Adding view to ShortcutsAndWidgetsContainer: com.android.launcher3.views.DoubleShadowBubbleTextView{eef3510 VFED..C.. ......ID 0,0-0,0 #11}
11-13 19:46:49.115  2944  2944 D CellLayout: Adding view to ShortcutsAndWidgetsContainer: com.android.launcher3.views.DoubleShadowBubbleTextView{864a809 VFED..C.. ......ID 0,0-0,0 #21}
11-13 19:46:49.115  2944  2944 D CellLayout: Adding view to ShortcutsAndWidgetsContainer: com.android.launcher3.views.DoubleShadowBubbleTextView{e047a0e VFED..C.. ......ID 0,0-0,0 #23}
