11-20 13:51:00.967  1692  2241 W XIAOMI_QCRIL: RIL[0][xiaomi_qcril_mbn.cc:1026] xiaomi_qcril_get_mbn_config_info_by_file_name: function entry ------------->
11-20 13:51:00.967  1692  2241 W XIAOMI_QCRIL: RIL[0][xiaomi_qcril_mbn.cc:946] xiaomi_qcril_get_mcfg_tr_tlv: function entry ------------->
11-20 13:51:00.967  1692  2241 W XIAOMI_QCRIL: RIL[0][xiaomi_qcril_mbn.cc:950] xiaomi_qcril_get_mcfg_tr_tlv: file name: /data/vendor/modem_config/mcfg_hw/generic/common/SDX55/FUSION/LA/DSDS/mcfg_hw.mbn
11-20 13:51:00.967  1692  2241 W XIAOMI_QCRIL: RIL[0][xiaomi_qcril_mbn.cc:848] xiaomi_qcril_get_mcfg_config_info: function entry ------------->
11-20 13:51:00.967  1692  2241 W XIAOMI_QCRIL: RIL[0][xiaomi_qcril_mbn.cc:911] xiaomi_qcril_get_mcfg_config_info: function exit <-------------
11-20 13:51:00.967  1692  2241 W XIAOMI_QCRIL: RIL[0][xiaomi_qcril_mbn.cc:957] xiaomi_qcril_get_mcfg_tr_tlv: config_info_len(95)
11-20 13:51:00.967  1692  2241 W XIAOMI_QCRIL: RIL[0][xiaomi_qcril_mbn.cc:963] xiaomi_qcril_get_mcfg_tr_tlv: type_id: 0
11-20 13:51:00.967  1692  2241 W XIAOMI_QCRIL: RIL[0][xiaomi_qcril_mbn.cc:963] xiaomi_qcril_get_mcfg_tr_tlv: type_id: 1
11-20 13:51:00.967  1692  2241 W XIAOMI_QCRIL: RIL[0][xiaomi_qcril_mbn.cc:979] xiaomi_qcril_get_mcfg_tr_tlv: index(14), length(4)
11-20 13:51:00.967  1692  2241 W XIAOMI_QCRIL: RIL[0][xiaomi_qcril_mbn.cc:1003] xiaomi_qcril_get_mcfg_tr_tlv: function exit <-------------
11-20 13:51:00.967  1692  2241 W XIAOMI_QCRIL: RIL[0][xiaomi_qcril_mbn.cc:1042] xiaomi_qcril_get_mbn_config_info_by_file_name: oem_version(len=4)
11-20 13:51:00.967  1692  2241 W XIAOMI_QCRIL: RIL[0][xiaomi_qcril_mbn.cc:1049] xiaomi_qcril_get_mbn_config_info_by_file_name: oem_version(val): 0x0a008921 
11-20 13:51:00.967  1692  2241 W XIAOMI_QCRIL: RIL[0][xiaomi_qcril_mbn.cc:1056] xiaomi_qcril_get_mbn_config_info_by_file_name: str_mbn_version: 0x0A008921
11-20 13:51:00.967  1692  2241 W XIAOMI_QCRIL: RIL[0][xiaomi_qcril_mbn.cc:946] xiaomi_qcril_get_mcfg_tr_tlv: function entry ------------->
11-20 13:51:00.967  1692  2241 W XIAOMI_QCRIL: RIL[0][xiaomi_qcril_mbn.cc:950] xiaomi_qcril_get_mcfg_tr_tlv: file name: /data/vendor/modem_config/mcfg_hw/generic/common/SDX55/FUSION/LA/DSDS/mcfg_hw.mbn
11-20 13:51:00.967  1692  2241 W XIAOMI_QCRIL: RIL[0][xiaomi_qcril_mbn.cc:848] xiaomi_qcril_get_mcfg_config_info: function entry ------------->
11-20 13:51:00.967  1692  2241 W XIAOMI_QCRIL: RIL[0][xiaomi_qcril_mbn.cc:911] xiaomi_qcril_get_mcfg_config_info: function exit <-------------
11-20 13:51:00.967  1692  2241 W XIAOMI_QCRIL: RIL[0][xiaomi_qcril_mbn.cc:957] xiaomi_qcril_get_mcfg_tr_tlv: config_info_len(95)
11-20 13:51:00.967  1692  2241 W XIAOMI_QCRIL: RIL[0][xiaomi_qcril_mbn.cc:963] xiaomi_qcril_get_mcfg_tr_tlv: type_id: 0
11-20 13:51:00.967  1692  2241 W XIAOMI_QCRIL: RIL[0][xiaomi_qcril_mbn.cc:963] xiaomi_qcril_get_mcfg_tr_tlv: type_id: 1
11-20 13:51:00.967  1692  2241 W XIAOMI_QCRIL: RIL[0][xiaomi_qcril_mbn.cc:963] xiaomi_qcril_get_mcfg_tr_tlv: type_id: 3
11-20 13:51:00.967  1692  2241 W XIAOMI_QCRIL: RIL[0][xiaomi_qcril_mbn.cc:979] xiaomi_qcril_get_mcfg_tr_tlv: index(21), length(20)
11-20 13:51:00.967  1692  2241 W XIAOMI_QCRIL: RIL[0][xiaomi_qcril_mbn.cc:1003] xiaomi_qcril_get_mcfg_tr_tlv: function exit <-------------
11-20 13:51:00.967  1692  2241 W XIAOMI_QCRIL: RIL[0][xiaomi_qcril_mbn.cc:1066] xiaomi_qcril_get_mbn_config_info_by_file_name: config_desc(len=20):
11-20 13:51:00.967  1692  2241 W XIAOMI_QCRIL: RIL[0][xiaomi_qcril_mbn.cc:1074] xiaomi_qcril_get_mbn_config_info_by_file_name: config_desc: SR_DSDS-SDX55_Fusion
11-20 13:51:00.967  1692  2241 W XIAOMI_QCRIL: RIL[0][xiaomi_qcril_mbn.cc:1097] xiaomi_qcril_get_mbn_config_info_by_file_name: str_len: 32
11-20 13:51:00.967  1692  2241 W XIAOMI_QCRIL: RIL[0][xiaomi_qcril_mbn.cc:1099] xiaomi_qcril_get_mbn_config_info_by_file_name: function exit <-------------
11-20 13:51:00.967  1692  2241 W XIAOMI_QCRIL: RIL[0][xiaomi_qcril_mbn.cc:2141] xiaomi_qcril_check_current_active_mbn_config_by_mbn_file: str_len_ap: 33
11-20 13:51:00.967  1692  2241 W XIAOMI_QCRIL: RIL[0][xiaomi_qcril_mbn.cc:2142] xiaomi_qcril_check_current_active_mbn_config_by_mbn_file: str_mbn_info_ap_side: SR_DSDS-SDX55_Fusion(0x0A008921)
11-20 13:51:00.967  1692  2241 W XIAOMI_QCRIL: RIL[0][xiaomi_qcril_mbn.cc:1497] xiaomi_qcril_get_active_mbn_config_info: function entry ------------->
11-20 13:51:00.967  1692  2241 W XIAOMI_QCRIL: RIL[0][xiaomi_qcril_mbn.cc:1501] xiaomi_qcril_get_active_mbn_config_info: sub 0
11-20 13:51:00.973  4478  4478 I auditd  : type=1400 audit(0.0:48): avc:  denied  { read } for  comm="HwBinder:4478_2" name="u:object_r:custom_version_prop:s0" dev="tmpfs" ino=11487 scontext=u:r:mediaswcodec:s0 tcontext=u:object_r:custom_version_prop:s0 tclass=file permissive=0
11-20 13:51:00.973  4478  4478 I auditd  : type=1400 audit(0.0:49): avc:  denied  { read } for  comm="HwBinder:4478_2" name="u:object_r:misctrl_prop:s0" dev="tmpfs" ino=11610 scontext=u:r:mediaswcodec:s0 tcontext=u:object_r:misctrl_prop:s0 tclass=file permissive=0
11-20 13:51:01.001  1692  2241 W XIAOMI_QCRIL: RIL[0][xiaomi_qcril_mbn.cc:1520] xiaomi_qcril_get_active_mbn_config_info: carrier_config_id ret_val 0
11-20 13:51:01.016  1692  2241 W XIAOMI_QCRIL: RIL[0][xiaomi_qcril_mbn.cc:1528] xiaomi_qcril_get_active_mbn_config_info: carrier_config_info ret_val 0
11-20 13:51:01.016  1692  2241 W XIAOMI_QCRIL: RIL[0][xiaomi_qcril_mbn.cc:1535] xiaomi_qcril_get_active_mbn_config_info: config_desc_len: 20
11-20 13:51:01.016  1692  2241 W XIAOMI_QCRIL: RIL[0][xiaomi_qcril_mbn.cc:1543] xiaomi_qcril_get_active_mbn_config_info: config_desc: SR_DSDS-SDX55_Fusion
11-20 13:51:01.016  1692  2241 W XIAOMI_QCRIL: RIL[0][xiaomi_qcril_mbn.cc:1547] xiaomi_qcril_get_active_mbn_config_info: config_version: 0x0A008921
11-20 13:51:01.016  1692  2241 W XIAOMI_QCRIL: RIL[0][xiaomi_qcril_mbn.cc:1564] xiaomi_qcril_get_active_mbn_config_info: str_len: 32
11-20 13:51:01.016  1692  2241 W XIAOMI_QCRIL: RIL[0][xiaomi_qcril_mbn.cc:1566] xiaomi_qcril_get_active_mbn_config_info: function exit <-------------
11-20 13:51:01.016  1692  2241 W XIAOMI_QCRIL: RIL[0][xiaomi_qcril_mbn.cc:2157] xiaomi_qcril_check_current_active_mbn_config_by_mbn_file: str_len_bp: 33
11-20 13:51:01.016  1692  2241 W XIAOMI_QCRIL: RIL[0][xiaomi_qcril_mbn.cc:2158] xiaomi_qcril_check_current_active_mbn_config_by_mbn_file: str_mbn_info_bp_side: SR_DSDS-SDX55_Fusion(0x0A008921)
11-20 13:51:01.016  1692  2241 W XIAOMI_QCRIL: RIL[0][xiaomi_qcril_mbn.cc:2167] xiaomi_qcril_check_current_active_mbn_config_by_mbn_file: sub_info: 0, str_len_ap: 33, str_mbn_info_ap_side: SR_DSDS-SDX55_Fusion(0x0A008921)
11-20 13:51:01.016  1692  2241 W XIAOMI_QCRIL: RIL[0][xiaomi_qcril_mbn.cc:2168] xiaomi_qcril_check_current_active_mbn_config_by_mbn_file: sub_info: 0, str_len_bp: 33, str_mbn_info_bp_side: SR_DSDS-SDX55_Fusion(0x0A008921)
11-20 13:51:01.016  1692  2241 W XIAOMI_QCRIL: RIL[0][xiaomi_qcril_mbn.cc:2170] xiaomi_qcril_check_current_active_mbn_config_by_mbn_file: function exit <-------------
11-20 13:51:01.016  1692  2241 E XIAOMI_QCRIL: RIL[0][xiaomi_qcril_mbn.cc:4166] xiaomi_qcril_hw_mbn_check: ==============================HW MBN will not update===================================================================================
11-20 13:51:01.016  1692  2241 W XIAOMI_QCRIL: RIL[0][xiaomi_qcril_mbn.cc:4186] xiaomi_qcril_hw_mbn_check: function exit <-------------
11-20 13:51:01.016  1692  2241 E XIAOMI_QCRIL: RIL[0][xiaomi_qcril_mbn.cc:4548] xiaomi_qcril_mbn_update: ==============================HW MBN And SW MBN will not update===================================================================================
11-20 13:51:01.030  1692  4626 I PDC_UTIL: succeed to get config_list 25 
11-20 13:51:01.041  1692  4626 I PDC_UTIL: succeed to get config_list 25 
11-20 13:51:01.041  4628  4628 I snet_event_log: [200284993,-1,]
11-20 13:51:01.050  1692  4626 I PDC_UTIL: succeed to get config_list 25 
11-20 13:51:01.061  1692  4626 I PDC_UTIL: succeed to get config_list 20 
11-20 13:51:01.061  1692  2241 W XIAOMI_QCRIL: RIL[0][xiaomi_qcril_mbn.cc:4558] xiaomi_qcril_mbn_update: modem_sw_mbn_count, pdc_get_config_lists_by_type ret_val 0, num_of_configs 95
11-20 13:51:01.062  1692  2241 W XIAOMI_QCRIL: RIL[0][xiaomi_qcril_cmn.cc:231] xiaomi_qcril_get_property_value: persist.vendor.radio.print_prop: 1
11-20 13:51:01.062  1692  2241 W XIAOMI_QCRIL: RIL[0][xiaomi_qcril_cmn.cc:980] xiaomi_qcril_print_property_value: prop print is started
11-20 13:51:01.062  1692  2241 W XIAOMI_QCRIL: RIL[0][xiaomi_qcril_cmn.cc:1009] xiaomi_qcril_print_property_value: persist.radio.modem_sw_mbn_count: 95
11-20 13:51:01.062  1692  2241 W XIAOMI_QCRIL: RIL[0][xiaomi_qcril_cmn.cc:1009] xiaomi_qcril_print_property_value: persist.radio.modem_sw_mbn_flag: 1
11-20 13:51:01.063  1692  2241 W XIAOMI_QCRIL: RIL[0][xiaomi_qcril_cmn.cc:1009] xiaomi_qcril_print_property_value: persist.radio.modem_mbn_check: 1
11-20 13:51:01.063  1692  2241 W XIAOMI_QCRIL: RIL[0][xiaomi_qcril_mbn.cc:4585] xiaomi_qcril_mbn_update: function exit <-------------
11-20 13:51:01.063  1692  2241 W XIAOMI_QCRIL: RIL[0][xiaomi_qcril_mbn.cc:4682] xiaomi_qcril_mbn_thread_proc: function exit <-------------
11-20 13:51:01.086  4627  4627 I snet_event_log: [200284993,-1,]
11-20 13:51:01.726   671   671 I auditd  : avc:  denied  { find } for pid=4730 uid=1000 name=vendor.qti.hardware.servicetrackeraidl.IServicetracker/default scontext=u:r:system_server:s0 tcontext=u:object_r:default_android_service:s0 tclass=service_manager permissive=0
11-20 13:51:05.953  4819  4819 I boot_progress_start: 76208
11-20 13:51:05.977  4672  4672 I auditd  : type=1400 audit(0.0:50): avc:  denied  { read } for  comm="HwBinder:4672_2" name="u:object_r:custom_version_prop:s0" dev="tmpfs" ino=11487 scontext=u:r:mediaswcodec:s0 tcontext=u:object_r:custom_version_prop:s0 tclass=file permissive=0
11-20 13:51:05.977  4672  4672 I auditd  : type=1400 audit(0.0:51): avc:  denied  { read } for  comm="HwBinder:4672_2" name="u:object_r:misctrl_prop:s0" dev="tmpfs" ino=11610 scontext=u:r:mediaswcodec:s0 tcontext=u:object_r:misctrl_prop:s0 tclass=file permissive=0
11-20 13:51:06.039  4819  4819 I snet_event_log: [200284993,-1,]
11-20 13:51:06.078  4818  4818 I snet_event_log: [200284993,-1,]
11-20 13:51:06.729   671   671 I auditd  : avc:  denied  { find } for pid=4918 uid=1000 name=vendor.qti.hardware.servicetrackeraidl.IServicetracker/default scontext=u:r:system_server:s0 tcontext=u:object_r:default_android_service:s0 tclass=service_manager permissive=0
11-20 13:51:10.965  5010  5010 I boot_progress_start: 81219
11-20 13:51:10.973  4863  4863 I auditd  : type=1400 audit(0.0:52): avc:  denied  { read } for  comm="HwBinder:4863_2" name="u:object_r:custom_version_prop:s0" dev="tmpfs" ino=11487 scontext=u:r:mediaswcodec:s0 tcontext=u:object_r:custom_version_prop:s0 tclass=file permissive=0
11-20 13:51:10.973  4863  4863 I auditd  : type=1400 audit(0.0:53): avc:  denied  { read } for  comm="HwBinder:4863_2" name="u:object_r:misctrl_prop:s0" dev="tmpfs" ino=11610 scontext=u:r:mediaswcodec:s0 tcontext=u:object_r:misctrl_prop:s0 tclass=file permissive=0
11-20 13:51:11.054  5009  5009 I snet_event_log: [200284993,-1,]
11-20 13:51:11.062  5010  5010 I snet_event_log: [200284993,-1,]
11-20 13:51:11.724   671   671 I auditd  : avc:  denied  { find } for pid=5113 uid=1000 name=vendor.qti.hardware.servicetrackeraidl.IServicetracker/default scontext=u:r:system_server:s0 tcontext=u:object_r:default_android_service:s0 tclass=service_manager permissive=0
11-20 13:51:15.963  5203  5203 I boot_progress_start: 86217
11-20 13:51:15.973  5055  5055 I auditd  : type=1400 audit(0.0:54): avc:  denied  { read } for  comm="HwBinder:5055_2" name="u:object_r:custom_version_prop:s0" dev="tmpfs" ino=11487 scontext=u:r:mediaswcodec:s0 tcontext=u:object_r:custom_version_prop:s0 tclass=file permissive=0
11-20 13:51:15.973  5055  5055 I auditd  : type=1400 audit(0.0:55): avc:  denied  { read } for  comm="HwBinder:5055_2" name="u:object_r:misctrl_prop:s0" dev="tmpfs" ino=11610 scontext=u:r:mediaswcodec:s0 tcontext=u:object_r:misctrl_prop:s0 tclass=file permissive=0
11-20 13:51:16.045  5203  5203 I snet_event_log: [200284993,-1,]
11-20 13:51:16.082  5202  5202 I snet_event_log: [200284993,-1,]
11-20 13:51:16.739   671   671 I auditd  : avc:  denied  { find } for pid=5305 uid=1000 name=vendor.qti.hardware.servicetrackeraidl.IServicetracker/default scontext=u:r:system_server:s0 tcontext=u:object_r:default_android_service:s0 tclass=service_manager permissive=0
11-20 13:51:20.971  5395  5395 I boot_progress_start: 91225
11-20 13:51:20.969  5247  5247 I auditd  : type=1400 audit(0.0:56): avc:  denied  { read } for  comm="HwBinder:5247_2" name="u:object_r:custom_version_prop:s0" dev="tmpfs" ino=11487 scontext=u:r:mediaswcodec:s0 tcontext=u:object_r:custom_version_prop:s0 tclass=file permissive=0
11-20 13:51:20.969  5247  5247 I auditd  : type=1400 audit(0.0:57): avc:  denied  { read } for  comm="HwBinder:5247_2" name="u:object_r:misctrl_prop:s0" dev="tmpfs" ino=11610 scontext=u:r:mediaswcodec:s0 tcontext=u:object_r:misctrl_prop:s0 tclass=file permissive=0
11-20 13:51:21.062  5394  5394 I snet_event_log: [200284993,-1,]
11-20 13:51:21.069  5395  5395 I snet_event_log: [200284993,-1,]
11-20 13:51:21.733   671   671 I auditd  : avc:  denied  { find } for pid=5496 uid=1000 name=vendor.qti.hardware.servicetrackeraidl.IServicetracker/default scontext=u:r:system_server:s0 tcontext=u:object_r:default_android_service:s0 tclass=service_manager permissive=0
11-20 13:51:25.972  5588  5588 I boot_progress_start: 96226
11-20 13:51:25.977  5439  5439 I auditd  : type=1400 audit(0.0:58): avc:  denied  { read } for  comm="HwBinder:5439_2" name="u:object_r:custom_version_prop:s0" dev="tmpfs" ino=11487 scontext=u:r:mediaswcodec:s0 tcontext=u:object_r:custom_version_prop:s0 tclass=file permissive=0
11-20 13:51:25.977  5439  5439 I auditd  : type=1400 audit(0.0:59): avc:  denied  { read } for  comm="HwBinder:5439_2" name="u:object_r:misctrl_prop:s0" dev="tmpfs" ino=11610 scontext=u:r:mediaswcodec:s0 tcontext=u:object_r:misctrl_prop:s0 tclass=file permissive=0
11-20 13:51:26.071  5587  5587 I snet_event_log: [200284993,-1,]
11-20 13:51:26.071  5588  5588 I snet_event_log: [200284993,-1,]
11-20 13:51:26.741   671   671 I auditd  : avc:  denied  { find } for pid=5691 uid=1000 name=vendor.qti.hardware.servicetrackeraidl.IServicetracker/default scontext=u:r:system_server:s0 tcontext=u:object_r:default_android_service:s0 tclass=service_manager permissive=0
11-20 13:51:30.964  5780  5780 I boot_progress_start: 101218
11-20 13:51:30.973  5633  5633 I auditd  : type=1400 audit(0.0:60): avc:  denied  { read } for  comm="HwBinder:5633_2" name="u:object_r:custom_version_prop:s0" dev="tmpfs" ino=11487 scontext=u:r:mediaswcodec:s0 tcontext=u:object_r:custom_version_prop:s0 tclass=file permissive=0
11-20 13:51:30.973  5633  5633 I auditd  : type=1400 audit(0.0:61): avc:  denied  { read } for  comm="HwBinder:5633_2" name="u:object_r:misctrl_prop:s0" dev="tmpfs" ino=11610 scontext=u:r:mediaswcodec:s0 tcontext=u:object_r:misctrl_prop:s0 tclass=file permissive=0
11-20 13:51:31.044  5780  5780 I snet_event_log: [200284993,-1,]
11-20 13:51:31.096  5779  5779 I snet_event_log: [200284993,-1,]
11-20 13:51:31.704   671   671 I auditd  : avc:  denied  { find } for pid=5876 uid=1000 name=vendor.qti.hardware.servicetrackeraidl.IServicetracker/default scontext=u:r:system_server:s0 tcontext=u:object_r:default_android_service:s0 tclass=service_manager permissive=0
11-20 13:51:35.966  5971  5971 I boot_progress_start: 106220
11-20 13:51:35.973  5823  5823 I auditd  : type=1400 audit(0.0:62): avc:  denied  { read } for  comm="HwBinder:5823_2" name="u:object_r:custom_version_prop:s0" dev="tmpfs" ino=11487 scontext=u:r:mediaswcodec:s0 tcontext=u:object_r:custom_version_prop:s0 tclass=file permissive=0
11-20 13:51:35.973  5823  5823 I auditd  : type=1400 audit(0.0:63): avc:  denied  { read } for  comm="HwBinder:5823_2" name="u:object_r:misctrl_prop:s0" dev="tmpfs" ino=11610 scontext=u:r:mediaswcodec:s0 tcontext=u:object_r:misctrl_prop:s0 tclass=file permissive=0
11-20 13:51:36.045  5971  5971 I snet_event_log: [200284993,-1,]
11-20 13:51:36.090  5970  5970 I snet_event_log: [200284993,-1,]
11-20 13:51:36.724   671   671 I auditd  : avc:  denied  { find } for pid=6071 uid=1000 name=vendor.qti.hardware.servicetrackeraidl.IServicetracker/default scontext=u:r:system_server:s0 tcontext=u:object_r:default_android_service:s0 tclass=service_manager permissive=0
11-20 13:51:40.969  6162  6162 I boot_progress_start: 111223
11-20 13:51:40.977  6015  6015 I auditd  : type=1400 audit(0.0:64): avc:  denied  { read } for  comm="HwBinder:6015_2" name="u:object_r:custom_version_prop:s0" dev="tmpfs" ino=11487 scontext=u:r:mediaswcodec:s0 tcontext=u:object_r:custom_version_prop:s0 tclass=file permissive=0
11-20 13:51:40.977  6015  6015 I auditd  : type=1400 audit(0.0:65): avc:  denied  { read } for  comm="HwBinder:6015_2" name="u:object_r:misctrl_prop:s0" dev="tmpfs" ino=11610 scontext=u:r:mediaswcodec:s0 tcontext=u:object_r:misctrl_prop:s0 tclass=file permissive=0
11-20 13:51:41.050  6162  6162 I snet_event_log: [200284993,-1,]
11-20 13:51:41.100  6161  6161 I snet_event_log: [200284993,-1,]
11-20 13:51:41.705   671   671 I auditd  : avc:  denied  { find } for pid=6262 uid=1000 name=vendor.qti.hardware.servicetrackeraidl.IServicetracker/default scontext=u:r:system_server:s0 tcontext=u:object_r:default_android_service:s0 tclass=service_manager permissive=0
11-20 13:51:45.889  6206  6206 I auditd  : type=1400 audit(0.0:66): avc:  denied  { read } for  comm="HwBinder:6206_2" name="u:object_r:custom_version_prop:s0" dev="tmpfs" ino=11487 scontext=u:r:mediaswcodec:s0 tcontext=u:object_r:custom_version_prop:s0 tclass=file permissive=0
11-20 13:51:45.889  6206  6206 I auditd  : type=1400 audit(0.0:67): avc:  denied  { read } for  comm="HwBinder:6206_2" name="u:object_r:misctrl_prop:s0" dev="tmpfs" ino=11610 scontext=u:r:mediaswcodec:s0 tcontext=u:object_r:misctrl_prop:s0 tclass=file permissive=0
11-20 13:51:46.003  6357  6357 I boot_progress_start: 116258
11-20 13:51:46.066  6356  6356 I snet_event_log: [200284993,-1,]
11-20 13:51:46.089  6357  6357 I snet_event_log: [200284993,-1,]
11-20 13:51:46.734   671   671 I auditd  : avc:  denied  { find } for pid=6457 uid=1000 name=vendor.qti.hardware.servicetrackeraidl.IServicetracker/default scontext=u:r:system_server:s0 tcontext=u:object_r:default_android_service:s0 tclass=service_manager permissive=0
11-20 13:51:50.971  6546  6546 I boot_progress_start: 121225
11-20 13:51:50.989  6397  6397 I auditd  : type=1400 audit(0.0:68): avc:  denied  { read } for  comm="HwBinder:6397_2" name="u:object_r:custom_version_prop:s0" dev="tmpfs" ino=11487 scontext=u:r:mediaswcodec:s0 tcontext=u:object_r:custom_version_prop:s0 tclass=file permissive=0
11-20 13:51:50.989  6397  6397 I auditd  : type=1400 audit(0.0:69): avc:  denied  { read } for  comm="HwBinder:6397_2" name="u:object_r:misctrl_prop:s0" dev="tmpfs" ino=11610 scontext=u:r:mediaswcodec:s0 tcontext=u:object_r:misctrl_prop:s0 tclass=file permissive=0
11-20 13:51:51.051  6546  6546 I snet_event_log: [200284993,-1,]
11-20 13:51:51.100  6545  6545 I snet_event_log: [200284993,-1,]
11-20 13:51:51.734   671   671 I auditd  : avc:  denied  { find } for pid=6648 uid=1000 name=vendor.qti.hardware.servicetrackeraidl.IServicetracker/default scontext=u:r:system_server:s0 tcontext=u:object_r:default_android_service:s0 tclass=service_manager permissive=0
11-20 13:51:55.980  6738  6738 I boot_progress_start: 126234
11-20 13:51:55.989  6589  6589 I auditd  : type=1400 audit(0.0:70): avc:  denied  { read } for  comm="HwBinder:6589_2" name="u:object_r:custom_version_prop:s0" dev="tmpfs" ino=11487 scontext=u:r:mediaswcodec:s0 tcontext=u:object_r:custom_version_prop:s0 tclass=file permissive=0
11-20 13:51:55.989  6589  6589 I auditd  : type=1400 audit(0.0:71): avc:  denied  { read } for  comm="HwBinder:6589_2" name="u:object_r:misctrl_prop:s0" dev="tmpfs" ino=11610 scontext=u:r:mediaswcodec:s0 tcontext=u:object_r:misctrl_prop:s0 tclass=file permissive=0
11-20 13:51:56.060  6738  6738 I snet_event_log: [200284993,-1,]
11-20 13:51:56.093  6737  6737 I snet_event_log: [200284993,-1,]
11-20 13:51:56.744   671   671 I auditd  : avc:  denied  { find } for pid=6841 uid=1000 name=vendor.qti.hardware.servicetrackeraidl.IServicetracker/default scontext=u:r:system_server:s0 tcontext=u:object_r:default_android_service:s0 tclass=service_manager permissive=0
11-20 13:52:00.885  6783  6783 I auditd  : type=1400 audit(0.0:72): avc:  denied  { read } for  comm="HwBinder:6783_2" name="u:object_r:custom_version_prop:s0" dev="tmpfs" ino=11487 scontext=u:r:mediaswcodec:s0 tcontext=u:object_r:custom_version_prop:s0 tclass=file permissive=0
11-20 13:52:00.885  6783  6783 I auditd  : type=1400 audit(0.0:73): avc:  denied  { read } for  comm="HwBinder:6783_2" name="u:object_r:misctrl_prop:s0" dev="tmpfs" ino=11610 scontext=u:r:mediaswcodec:s0 tcontext=u:object_r:misctrl_prop:s0 tclass=file permissive=0
11-20 13:52:00.990  6935  6935 I boot_progress_start: 131244
11-20 13:52:01.081  6934  6934 I snet_event_log: [200284993,-1,]
11-20 13:52:01.082  6935  6935 I snet_event_log: [200284993,-1,]
11-20 13:52:01.740   671   671 I auditd  : avc:  denied  { find } for pid=7033 uid=1000 name=vendor.qti.hardware.servicetrackeraidl.IServicetracker/default scontext=u:r:system_server:s0 tcontext=u:object_r:default_android_service:s0 tclass=service_manager permissive=0
11-20 13:52:05.987  7121  7121 I boot_progress_start: 136241
11-20 13:52:05.989  6975  6975 I auditd  : type=1400 audit(0.0:74): avc:  denied  { read } for  comm="HwBinder:6975_2" name="u:object_r:custom_version_prop:s0" dev="tmpfs" ino=11487 scontext=u:r:mediaswcodec:s0 tcontext=u:object_r:custom_version_prop:s0 tclass=file permissive=0
11-20 13:52:05.989  6975  6975 I auditd  : type=1400 audit(0.0:75): avc:  denied  { read } for  comm="HwBinder:6975_2" name="u:object_r:misctrl_prop:s0" dev="tmpfs" ino=11610 scontext=u:r:mediaswcodec:s0 tcontext=u:object_r:misctrl_prop:s0 tclass=file permissive=0
11-20 13:52:06.085  7120  7120 I snet_event_log: [200284993,-1,]
11-20 13:52:06.085  7121  7121 I snet_event_log: [200284993,-1,]
11-20 13:52:06.755   671   671 I auditd  : avc:  denied  { find } for pid=7221 uid=1000 name=vendor.qti.hardware.servicetrackeraidl.IServicetracker/default scontext=u:r:system_server:s0 tcontext=u:object_r:default_android_service:s0 tclass=service_manager permissive=0
11-20 13:52:10.984  7312  7312 I boot_progress_start: 141238
11-20 13:52:10.997  7165  7165 I auditd  : type=1400 audit(0.0:76): avc:  denied  { read } for  comm="HwBinder:7165_2" name="u:object_r:custom_version_prop:s0" dev="tmpfs" ino=11487 scontext=u:r:mediaswcodec:s0 tcontext=u:object_r:custom_version_prop:s0 tclass=file permissive=0
11-20 13:52:10.997  7165  7165 I auditd  : type=1400 audit(0.0:77): avc:  denied  { read } for  comm="HwBinder:7165_2" name="u:object_r:misctrl_prop:s0" dev="tmpfs" ino=11610 scontext=u:r:mediaswcodec:s0 tcontext=u:object_r:misctrl_prop:s0 tclass=file permissive=0
11-20 13:52:11.067  7312  7312 I snet_event_log: [200284993,-1,]
11-20 13:52:11.100  7311  7311 I snet_event_log: [200284993,-1,]
11-20 13:52:11.744   671   671 I auditd  : avc:  denied  { find } for pid=7415 uid=1000 name=vendor.qti.hardware.servicetrackeraidl.IServicetracker/default scontext=u:r:system_server:s0 tcontext=u:object_r:default_android_service:s0 tclass=service_manager permissive=0
11-20 13:52:15.981  7505  7505 I boot_progress_start: 146235
11-20 13:52:15.997  7357  7357 I auditd  : type=1400 audit(0.0:78): avc:  denied  { read } for  comm="HwBinder:7357_2" name="u:object_r:custom_version_prop:s0" dev="tmpfs" ino=11487 scontext=u:r:mediaswcodec:s0 tcontext=u:object_r:custom_version_prop:s0 tclass=file permissive=0
11-20 13:52:15.997  7357  7357 I auditd  : type=1400 audit(0.0:79): avc:  denied  { read } for  comm="HwBinder:7357_2" name="u:object_r:misctrl_prop:s0" dev="tmpfs" ino=11610 scontext=u:r:mediaswcodec:s0 tcontext=u:object_r:misctrl_prop:s0 tclass=file permissive=0
11-20 13:52:16.061  7505  7505 I snet_event_log: [200284993,-1,]
11-20 13:52:16.105  7504  7504 I snet_event_log: [200284993,-1,]
11-20 13:52:16.736   671   671 I auditd  : avc:  denied  { find } for pid=7608 uid=1000 name=vendor.qti.hardware.servicetrackeraidl.IServicetracker/default scontext=u:r:system_server:s0 tcontext=u:object_r:default_android_service:s0 tclass=service_manager permissive=0
11-20 13:52:20.993  7697  7697 I boot_progress_start: 151247
11-20 13:52:20.993  7550  7550 I auditd  : type=1400 audit(0.0:80): avc:  denied  { read } for  comm="HwBinder:7550_2" name="u:object_r:custom_version_prop:s0" dev="tmpfs" ino=11487 scontext=u:r:mediaswcodec:s0 tcontext=u:object_r:custom_version_prop:s0 tclass=file permissive=0
11-20 13:52:20.993  7550  7550 I auditd  : type=1400 audit(0.0:81): avc:  denied  { read } for  comm="HwBinder:7550_2" name="u:object_r:misctrl_prop:s0" dev="tmpfs" ino=11610 scontext=u:r:mediaswcodec:s0 tcontext=u:object_r:misctrl_prop:s0 tclass=file permissive=0
11-20 13:52:21.083  7696  7696 I snet_event_log: [200284993,-1,]
11-20 13:52:21.092  7697  7697 I snet_event_log: [200284993,-1,]
11-20 13:52:21.754   671   671 I auditd  : avc:  denied  { find } for pid=7796 uid=1000 name=vendor.qti.hardware.servicetrackeraidl.IServicetracker/default scontext=u:r:system_server:s0 tcontext=u:object_r:default_android_service:s0 tclass=service_manager permissive=0
11-20 13:52:25.985  7889  7889 I boot_progress_start: 156239
11-20 13:52:25.997  7740  7740 I auditd  : type=1400 audit(0.0:82): avc:  denied  { read } for  comm="HwBinder:7740_2" name="u:object_r:custom_version_prop:s0" dev="tmpfs" ino=11487 scontext=u:r:mediaswcodec:s0 tcontext=u:object_r:custom_version_prop:s0 tclass=file permissive=0
11-20 13:52:25.997  7740  7740 I auditd  : type=1400 audit(0.0:83): avc:  denied  { read } for  comm="HwBinder:7740_2" name="u:object_r:misctrl_prop:s0" dev="tmpfs" ino=11610 scontext=u:r:mediaswcodec:s0 tcontext=u:object_r:misctrl_prop:s0 tclass=file permissive=0
11-20 13:52:26.065  7889  7889 I snet_event_log: [200284993,-1,]
11-20 13:52:26.110  7888  7888 I snet_event_log: [200284993,-1,]
11-20 13:52:26.743   671   671 I auditd  : avc:  denied  { find } for pid=7988 uid=1000 name=vendor.qti.hardware.servicetrackeraidl.IServicetracker/default scontext=u:r:system_server:s0 tcontext=u:object_r:default_android_service:s0 tclass=service_manager permissive=0
11-20 13:52:30.998  8082  8082 I boot_progress_start: 161252
11-20 13:52:30.993  7933  7933 I auditd  : type=1400 audit(0.0:84): avc:  denied  { read } for  comm="HwBinder:7933_2" name="u:object_r:custom_version_prop:s0" dev="tmpfs" ino=11487 scontext=u:r:mediaswcodec:s0 tcontext=u:object_r:custom_version_prop:s0 tclass=file permissive=0
11-20 13:52:30.993  7933  7933 I auditd  : type=1400 audit(0.0:85): avc:  denied  { read } for  comm="HwBinder:7933_2" name="u:object_r:misctrl_prop:s0" dev="tmpfs" ino=11610 scontext=u:r:mediaswcodec:s0 tcontext=u:object_r:misctrl_prop:s0 tclass=file permissive=0
11-20 13:52:31.090  8081  8081 I snet_event_log: [200284993,-1,]
11-20 13:52:31.096  8082  8082 I snet_event_log: [200284993,-1,]
11-20 13:52:31.753   671   671 I auditd  : avc:  denied  { find } for pid=8184 uid=1000 name=vendor.qti.hardware.servicetrackeraidl.IServicetracker/default scontext=u:r:system_server:s0 tcontext=u:object_r:default_android_service:s0 tclass=service_manager permissive=0
11-20 13:52:35.993  8125  8125 I auditd  : type=1400 audit(0.0:86): avc:  denied  { read } for  comm="HwBinder:8125_2" name="u:object_r:custom_version_prop:s0" dev="tmpfs" ino=11487 scontext=u:r:mediaswcodec:s0 tcontext=u:object_r:custom_version_prop:s0 tclass=file permissive=0
11-20 13:52:35.993  8125  8125 I auditd  : type=1400 audit(0.0:87): avc:  denied  { read } for  comm="HwBinder:8125_2" name="u:object_r:misctrl_prop:s0" dev="tmpfs" ino=11610 scontext=u:r:mediaswcodec:s0 tcontext=u:object_r:misctrl_prop:s0 tclass=file permissive=0
11-20 13:52:35.999  8273  8273 I boot_progress_start: 166253
11-20 13:52:36.092  8272  8272 I snet_event_log: [200284993,-1,]
11-20 13:52:36.098  8273  8273 I snet_event_log: [200284993,-1,]
11-20 13:52:36.768   671   671 I auditd  : avc:  denied  { find } for pid=8376 uid=1000 name=vendor.qti.hardware.servicetrackeraidl.IServicetracker/default scontext=u:r:system_server:s0 tcontext=u:object_r:default_android_service:s0 tclass=service_manager permissive=0
11-20 13:52:40.991  8465  8465 I boot_progress_start: 171245
11-20 13:52:41.005  8318  8318 I auditd  : type=1400 audit(0.0:88): avc:  denied  { read } for  comm="HwBinder:8318_2" name="u:object_r:custom_version_prop:s0" dev="tmpfs" ino=11487 scontext=u:r:mediaswcodec:s0 tcontext=u:object_r:custom_version_prop:s0 tclass=file permissive=0
11-20 13:52:41.005  8318  8318 I auditd  : type=1400 audit(0.0:89): avc:  denied  { read } for  comm="HwBinder:8318_2" name="u:object_r:misctrl_prop:s0" dev="tmpfs" ino=11610 scontext=u:r:mediaswcodec:s0 tcontext=u:object_r:misctrl_prop:s0 tclass=file permissive=0
11-20 13:52:41.072  8465  8465 I snet_event_log: [200284993,-1,]
11-20 13:52:41.113  8464  8464 I snet_event_log: [200284993,-1,]
11-20 13:52:41.749   671   671 I auditd  : avc:  denied  { find } for pid=8568 uid=1000 name=vendor.qti.hardware.servicetrackeraidl.IServicetracker/default scontext=u:r:system_server:s0 tcontext=u:object_r:default_android_service:s0 tclass=service_manager permissive=0
11-20 13:52:46.000  8658  8658 I boot_progress_start: 176254
11-20 13:52:46.013  8510  8510 I auditd  : type=1400 audit(0.0:90): avc:  denied  { read } for  comm="HwBinder:8510_2" name="u:object_r:custom_version_prop:s0" dev="tmpfs" ino=11487 scontext=u:r:mediaswcodec:s0 tcontext=u:object_r:custom_version_prop:s0 tclass=file permissive=0
11-20 13:52:46.013  8510  8510 I auditd  : type=1400 audit(0.0:91): avc:  denied  { read } for  comm="HwBinder:8510_2" name="u:object_r:misctrl_prop:s0" dev="tmpfs" ino=11610 scontext=u:r:mediaswcodec:s0 tcontext=u:object_r:misctrl_prop:s0 tclass=file permissive=0
11-20 13:52:46.080  8658  8658 I snet_event_log: [200284993,-1,]
11-20 13:52:46.115  8657  8657 I snet_event_log: [200284993,-1,]
11-20 13:52:46.749   671   671 I auditd  : avc:  denied  { find } for pid=8758 uid=1000 name=vendor.qti.hardware.servicetrackeraidl.IServicetracker/default scontext=u:r:system_server:s0 tcontext=u:object_r:default_android_service:s0 tclass=service_manager permissive=0
11-20 13:52:51.007  8850  8850 I boot_progress_start: 181261
11-20 13:52:51.009  8701  8701 I auditd  : type=1400 audit(0.0:92): avc:  denied  { read } for  comm="HwBinder:8701_2" name="u:object_r:custom_version_prop:s0" dev="tmpfs" ino=11487 scontext=u:r:mediaswcodec:s0 tcontext=u:object_r:custom_version_prop:s0 tclass=file permissive=0
11-20 13:52:51.009  8701  8701 I auditd  : type=1400 audit(0.0:93): avc:  denied  { read } for  comm="HwBinder:8701_2" name="u:object_r:misctrl_prop:s0" dev="tmpfs" ino=11610 scontext=u:r:mediaswcodec:s0 tcontext=u:object_r:misctrl_prop:s0 tclass=file permissive=0
11-20 13:52:51.103  8850  8850 I snet_event_log: [200284993,-1,]
11-20 13:52:51.103  8849  8849 I snet_event_log: [200284993,-1,]
11-20 13:52:51.784   671   671 I auditd  : avc:  denied  { find } for pid=8951 uid=1000 name=vendor.qti.hardware.servicetrackeraidl.IServicetracker/default scontext=u:r:system_server:s0 tcontext=u:object_r:default_android_service:s0 tclass=service_manager permissive=0
11-20 13:52:55.390  9003  9009 I liblog  : 131
11-20 13:52:56.006  9041  9041 I boot_progress_start: 186260
11-20 13:52:56.009  8889  8889 I auditd  : type=1400 audit(0.0:94): avc:  denied  { read } for  comm="HwBinder:8889_2" name="u:object_r:custom_version_prop:s0" dev="tmpfs" ino=11487 scontext=u:r:mediaswcodec:s0 tcontext=u:object_r:custom_version_prop:s0 tclass=file permissive=0
11-20 13:52:56.009  8889  8889 I auditd  : type=1400 audit(0.0:95): avc:  denied  { read } for  comm="HwBinder:8889_2" name="u:object_r:misctrl_prop:s0" dev="tmpfs" ino=11610 scontext=u:r:mediaswcodec:s0 tcontext=u:object_r:misctrl_prop:s0 tclass=file permissive=0
11-20 13:52:56.105  9041  9041 I snet_event_log: [200284993,-1,]
11-20 13:52:56.105  9040  9040 I snet_event_log: [200284993,-1,]
11-20 13:52:56.773   671   671 I auditd  : avc:  denied  { find } for pid=9143 uid=1000 name=vendor.qti.hardware.servicetrackeraidl.IServicetracker/default scontext=u:r:system_server:s0 tcontext=u:object_r:default_android_service:s0 tclass=service_manager permissive=0
11-20 13:53:01.008  9233  9233 I boot_progress_start: 191262
11-20 13:53:01.013  9085  9085 I auditd  : type=1400 audit(0.0:96): avc:  denied  { read } for  comm="HwBinder:9085_2" name="u:object_r:custom_version_prop:s0" dev="tmpfs" ino=11487 scontext=u:r:mediaswcodec:s0 tcontext=u:object_r:custom_version_prop:s0 tclass=file permissive=0
11-20 13:53:01.013  9085  9085 I auditd  : type=1400 audit(0.0:97): avc:  denied  { read } for  comm="HwBinder:9085_2" name="u:object_r:misctrl_prop:s0" dev="tmpfs" ino=11610 scontext=u:r:mediaswcodec:s0 tcontext=u:object_r:misctrl_prop:s0 tclass=file permissive=0
11-20 13:53:01.106  9233  9233 I snet_event_log: [200284993,-1,]
11-20 13:53:01.106  9232  9232 I snet_event_log: [200284993,-1,]
11-20 13:53:01.762   671   671 I auditd  : avc:  denied  { find } for pid=9334 uid=1000 name=vendor.qti.hardware.servicetrackeraidl.IServicetracker/default scontext=u:r:system_server:s0 tcontext=u:object_r:default_android_service:s0 tclass=service_manager permissive=0
11-20 13:53:06.012  9425  9425 I boot_progress_start: 196266
11-20 13:53:06.013  9276  9276 I auditd  : type=1400 audit(0.0:98): avc:  denied  { read } for  comm="HwBinder:9276_2" name="u:object_r:custom_version_prop:s0" dev="tmpfs" ino=11487 scontext=u:r:mediaswcodec:s0 tcontext=u:object_r:custom_version_prop:s0 tclass=file permissive=0
11-20 13:53:06.013  9276  9276 I auditd  : type=1400 audit(0.0:99): avc:  denied  { read } for  comm="HwBinder:9276_2" name="u:object_r:misctrl_prop:s0" dev="tmpfs" ino=11610 scontext=u:r:mediaswcodec:s0 tcontext=u:object_r:misctrl_prop:s0 tclass=file permissive=0
11-20 13:53:06.100  9424  9424 I snet_event_log: [200284993,-1,]
11-20 13:53:06.110  9425  9425 I snet_event_log: [200284993,-1,]
11-20 13:53:06.790   671   671 I auditd  : avc:  denied  { find } for pid=9528 uid=1000 name=vendor.qti.hardware.servicetrackeraidl.IServicetracker/default scontext=u:r:system_server:s0 tcontext=u:object_r:default_android_service:s0 tclass=service_manager permissive=0
11-20 13:53:11.008  9617  9617 I boot_progress_start: 201262
11-20 13:53:11.017  9469  9469 I auditd  : type=1400 audit(0.0:100): avc:  denied  { read } for  comm="HwBinder:9469_2" name="u:object_r:custom_version_prop:s0" dev="tmpfs" ino=11487 scontext=u:r:mediaswcodec:s0 tcontext=u:object_r:custom_version_prop:s0 tclass=file permissive=0
11-20 13:53:11.017  9469  9469 I auditd  : type=1400 audit(0.0:101): avc:  denied  { read } for  comm="HwBinder:9469_2" name="u:object_r:misctrl_prop:s0" dev="tmpfs" ino=11610 scontext=u:r:mediaswcodec:s0 tcontext=u:object_r:misctrl_prop:s0 tclass=file permissive=0
11-20 13:53:11.089  9617  9617 I snet_event_log: [200284993,-1,]
11-20 13:53:11.126  9616  9616 I snet_event_log: [200284993,-1,]
11-20 13:53:11.761   671   671 I auditd  : avc:  denied  { find } for pid=9720 uid=1000 name=vendor.qti.hardware.servicetrackeraidl.IServicetracker/default scontext=u:r:system_server:s0 tcontext=u:object_r:default_android_service:s0 tclass=service_manager permissive=0
11-20 13:53:16.016  9809  9809 I boot_progress_start: 206270
11-20 13:53:16.017  9661  9661 I auditd  : type=1400 audit(0.0:102): avc:  denied  { read } for  comm="HwBinder:9661_2" name="u:object_r:custom_version_prop:s0" dev="tmpfs" ino=11487 scontext=u:r:mediaswcodec:s0 tcontext=u:object_r:custom_version_prop:s0 tclass=file permissive=0
11-20 13:53:16.017  9661  9661 I auditd  : type=1400 audit(0.0:103): avc:  denied  { read } for  comm="HwBinder:9661_2" name="u:object_r:misctrl_prop:s0" dev="tmpfs" ino=11610 scontext=u:r:mediaswcodec:s0 tcontext=u:object_r:misctrl_prop:s0 tclass=file permissive=0
11-20 13:53:16.105  9808  9808 I snet_event_log: [200284993,-1,]
11-20 13:53:16.114  9809  9809 I snet_event_log: [200284993,-1,]
11-20 13:53:16.780   671   671 I auditd  : avc:  denied  { find } for pid=9910 uid=1000 name=vendor.qti.hardware.servicetrackeraidl.IServicetracker/default scontext=u:r:system_server:s0 tcontext=u:object_r:default_android_service:s0 tclass=service_manager permissive=0
11-20 13:53:21.009  9852  9852 I auditd  : type=1400 audit(0.0:104): avc:  denied  { read } for  comm="HwBinder:9852_2" name="u:object_r:custom_version_prop:s0" dev="tmpfs" ino=11487 scontext=u:r:mediaswcodec:s0 tcontext=u:object_r:custom_version_prop:s0 tclass=file permissive=0
11-20 13:53:21.009  9852  9852 I auditd  : type=1400 audit(0.0:105): avc:  denied  { read } for  comm="HwBinder:9852_2" name="u:object_r:misctrl_prop:s0" dev="tmpfs" ino=11610 scontext=u:r:mediaswcodec:s0 tcontext=u:object_r:misctrl_prop:s0 tclass=file permissive=0
11-20 13:53:21.019 10002 10002 I boot_progress_start: 211273
11-20 13:53:21.111 10001 10001 I snet_event_log: [200284993,-1,]
11-20 13:53:21.117 10002 10002 I snet_event_log: [200284993,-1,]
11-20 13:53:21.794   671   671 I auditd  : avc:  denied  { find } for pid=10105 uid=1000 name=vendor.qti.hardware.servicetrackeraidl.IServicetracker/default scontext=u:r:system_server:s0 tcontext=u:object_r:default_android_service:s0 tclass=service_manager permissive=0
--------- beginning of main
11-20 13:53:22.861 10105 10105 W ServiceManagerCppClient: Waited one second for SurfaceFlingerAIDL (is service started? Number of threads started in the threadpool: 32. Are binder threads started and available?)
11-20 13:53:22.861   671 10155 W libc    : Unable to set property "ctl.interface_start" to "aidl/SurfaceFlingerAIDL": PROP_ERROR_HANDLE_CONTROL_MESSAGE (0x20)
11-20 13:53:23.861 10105 10105 W ServiceManagerCppClient: Waited one second for SurfaceFlingerAIDL (is service started? Number of threads started in the threadpool: 32. Are binder threads started and available?)
11-20 13:53:23.862   671 10159 W libc    : Unable to set property "ctl.interface_start" to "aidl/SurfaceFlingerAIDL": PROP_ERROR_HANDLE_CONTROL_MESSAGE (0x20)
11-20 13:53:24.861 10105 10105 W ServiceManagerCppClient: Waited one second for SurfaceFlingerAIDL (is service started? Number of threads started in the threadpool: 32. Are binder threads started and available?)
11-20 13:53:24.862   671 10160 W libc    : Unable to set property "ctl.interface_start" to "aidl/SurfaceFlingerAIDL": PROP_ERROR_HANDLE_CONTROL_MESSAGE (0x20)
11-20 13:53:25.150   672   672 I hwservicemanager: getTransport: Cannot find entry android.hardware.audio@7.1::IDevicesFactory/default in either framework or device VINTF manifest.
11-20 13:53:25.150 10161 10161 E LegacySupport: Could not get passthrough implementation for android.hardware.audio@7.1::IDevicesFactory/default.
11-20 13:53:25.150   672   672 I hwservicemanager: getTransport: Cannot find entry android.hardware.audio@7.0::IDevicesFactory/default in either framework or device VINTF manifest.
11-20 13:53:25.150 10161 10161 E LegacySupport: Could not get passthrough implementation for android.hardware.audio@7.0::IDevicesFactory/default.
11-20 13:53:25.153 10161 10161 I HidlServiceManagement: Registered android.hardware.audio@6.0::IDevicesFactory/default
11-20 13:53:25.153 10161 10161 I HidlServiceManagement: Removing namespace from process name android.hardware.audio.service to audio.service.
11-20 13:53:25.153 10161 10161 I LegacySupport: Registration complete for android.hardware.audio@6.0::IDevicesFactory/default.
11-20 13:53:25.153   672   672 I hwservicemanager: getTransport: Cannot find entry android.hardware.audio.effect@7.0::IEffectsFactory/default in either framework or device VINTF manifest.
11-20 13:53:25.153 10161 10161 E LegacySupport: Could not get passthrough implementation for android.hardware.audio.effect@7.0::IEffectsFactory/default.
11-20 13:53:25.155 10161 10161 I HidlServiceManagement: Registered android.hardware.audio.effect@6.0::IEffectsFactory/default
11-20 13:53:25.155 10161 10161 I LegacySupport: Registration complete for android.hardware.audio.effect@6.0::IEffectsFactory/default.
11-20 13:53:25.157 10161 10161 D sound_trigger_hw: stdev_open: Enter
11-20 13:53:25.158 10161 10161 D sound_trigger_hw: load_audio_hal: ahal is using proprietary API version 0x0200
11-20 13:53:25.158 10161 10161 I sound_trigger_platform: platform_stdev_init: Enter
11-20 13:53:25.161 10161 10161 D audio_hw_utils: audio_extn_utils_open_snd_mixer: snd_card_name: kona-mtp-snd-card
11-20 13:53:25.161 10161 10161 D audio_hw_utils: audio_extn_utils_open_snd_mixer: Opened sound card:0
11-20 13:53:25.371 10168 10168 I FastMixerState: sMaxFastTracks = 8
11-20 13:53:25.371 10168 10168 D audioserver: main: starting
11-20 13:53:25.371 10168 10168 V MediaUtils: physMem: 7977635840
11-20 13:53:25.371 10168 10168 V MediaUtils: requested limit: 536870912
11-20 13:53:25.371 10168 10168 I libc    : malloc_limit: Allocation limit enabled, max size 536870912 bytes
11-20 13:53:25.372 10168 10168 D audio_utils::mutex: get_enable_flag: mutex_priority_inheritance: true
11-20 13:53:25.372 10168 10168 W FactoryHal: hasAidlHalService android.hardware.audio.core.IModule/default: false
11-20 13:53:25.372   672   672 I hwservicemanager: getTransport: Cannot find entry android.hardware.audio@7.1::IDevicesFactory/default in either framework or device VINTF manifest.
11-20 13:53:25.373   672   672 I hwservicemanager: getTransport: Cannot find entry android.hardware.audio@7.0::IDevicesFactory/default in either framework or device VINTF manifest.
11-20 13:53:25.373 10168 10168 W FactoryHal: hasAidlHalService android.hardware.audio.effect.IFactory/default: false
11-20 13:53:25.373   672   672 I hwservicemanager: getTransport: Cannot find entry android.hardware.audio.effect@7.1::IEffectsFactory/default in either framework or device VINTF manifest.
11-20 13:53:25.373   672   672 I hwservicemanager: getTransport: Cannot find entry android.hardware.audio.effect@7.0::IEffectsFactory/default in either framework or device VINTF manifest.
11-20 13:53:25.376 10168 10168 W FactoryHal: hasAidlHalService android.hardware.audio.effect.IFactory/default: false
11-20 13:53:25.376   672   672 I hwservicemanager: getTransport: Cannot find entry android.hardware.audio.effect@7.1::IEffectsFactory/default in either framework or device VINTF manifest.
11-20 13:53:25.376   672   672 I hwservicemanager: getTransport: Cannot find entry android.hardware.audio.effect@7.0::IEffectsFactory/default in either framework or device VINTF manifest.
11-20 13:53:25.377 10168 10168 W FactoryHal: hasAidlHalService android.hardware.audio.core.IModule/default: false
11-20 13:53:25.377   672   672 I hwservicemanager: getTransport: Cannot find entry android.hardware.audio@7.1::IDevicesFactory/default in either framework or device VINTF manifest.
11-20 13:53:25.377   672   672 I hwservicemanager: getTransport: Cannot find entry android.hardware.audio@7.0::IDevicesFactory/default in either framework or device VINTF manifest.
11-20 13:53:25.378 10168 10168 D audioserver: main: AudioFlinger created
11-20 13:53:25.379 10168 10168 D AudioSystem: onNewServiceWithAdapter: media.audio_flinger service obtained 0xb400006fa8da8a20
--------- beginning of system
11-20 13:53:25.379 10105 10120 W android.permission.PermissionManager: Missing ActivityManager; assuming 1041 does not hold android.permission.UPDATE_DEVICE_STATS
11-20 13:53:25.379 10168 10168 E AudioFlinger: Function: getAudioPolicyConfig Line: 2679 Failed 
11-20 13:53:25.379 10105 10120 W Binder  : Caught a RuntimeException from the binder stub implementation.
11-20 13:53:25.379 10105 10120 W Binder  : java.lang.SecurityException: Access denied, requires: android.permission.UPDATE_DEVICE_STATS
11-20 13:53:25.379 10105 10120 W Binder  : 	at android.os.PermissionEnforcer.enforcePermission(PermissionEnforcer.java:146)
11-20 13:53:25.379 10105 10120 W Binder  : 	at com.android.internal.app.IBatteryStats$Stub.noteResetAudio_enforcePermission(IBatteryStats.java:3472)
11-20 13:53:25.379 10105 10120 W Binder  : 	at com.android.server.am.BatteryStatsService.noteResetAudio(BatteryStatsService.java:2200)
11-20 13:53:25.379 10105 10120 W Binder  : 	at com.android.internal.app.IBatteryStats$Stub.onTransact(IBatteryStats.java:880)
11-20 13:53:25.379 10105 10120 W Binder  : 	at android.os.Binder.execTransactInternal(Binder.java:1426)
11-20 13:53:25.379 10105 10120 W Binder  : 	at android.os.Binder.execTransact(Binder.java:1365)
11-20 13:53:25.380   672   672 I hwservicemanager: getTransport: Cannot find entry android.hardware.configstore@1.0::ISurfaceFlingerConfigs/default in either framework or device VINTF manifest.
11-20 13:53:25.382 10168 10168 D APM_EngineLoader: Loaded engine from libaudiopolicyenginedefault.so
11-20 13:53:25.382 10168 10168 D APM::AudioPolicyEngine/Base: loadAudioPolicyEngineConfig: No configuration found, using default matching phone experience.
11-20 13:53:25.384 10168 10168 W APM::AudioPolicyEngine/Base: processParsingResult: No configuration of AUDIO_STREAM_CALL_ASSISTANT found, using default volume configuration
11-20 13:53:25.384 10168 10168 E APM::AudioPolicyEngine: Policy Engine configuration is partially invalid, skipped 1 elements
11-20 13:53:25.385 10161 10167 D AudioCloudCtrl: XML parsing started - file name /data/vendor/audio/cloud_control_white_list.xml
11-20 13:53:25.385 10161 10167 D audio_hw_primary: adev_open: enter
11-20 13:53:25.386 10161 10167 E LegacySupport: Could not get passthrough implementation for vendor.qti.hardware.audiohalext@1.0::IAudioHalExt/default.
11-20 13:53:25.386 10161 10167 W audio_hw_hidl: Could not register AHAL extension
11-20 13:53:25.386 10161 10167 D audio_log_utils: registered, module hal
11-20 13:53:25.386 10161 10167 I audio_hw_primary: adev_open: audio hal pid is 10161.
11-20 13:53:25.386 10161 10167 W audio_hw_utils: audio_extn_utils_get_vendor_enhanced_info: vendor_enhanced_info 0x3
11-20 13:53:25.386 10161 10167 D audio_hw_extn: snd_mon_feature_init: Called with feature Enabled
11-20 13:53:25.387 10161 10167 D audio_hw_extn: snd_mon_feature_init:: ---- Feature SND_MONITOR is Enabled ----
11-20 13:53:25.387 10161 10167 W audio_hw_extn: :: compr_cap_feature_init: ---- Feature COMPRESS_CAPTURE is disabled ----
11-20 13:53:25.387 10161 10167 D audio_hw_extn: dsm_feedback_feature_init: Called with feature NOT Enabled
11-20 13:53:25.387 10161 10167 W audio_hw_extn: :: dsm_feedback_feature_init: ---- Feature DSM_FEEDBACK is disabled ----
11-20 13:53:25.387 10161 10167 D audio_hw_extn: ssrec_feature_init:: ---- Feature SSREC is Enabled ----
11-20 13:53:25.387 10161 10167 D audio_hw_extn: src_trkn_feature_init:: ---- Feature SOURCE_TRACKING is Enabled ----
11-20 13:53:25.387 10161 10167 D audio_hw_extn: hdmi_edid_feature_init: HDMI_EDID feature Enabled
11-20 13:53:25.387 10161 10167 D audio_hw_extn: hdmi_edid_feature_init:: ---- Feature HDMI_EDID is Enabled ----
11-20 13:53:25.387 10161 10167 D audio_hw_extn: :: keep_alive_feature_init: ---- Feature KEEP_ALIVE is ENABLED ----
11-20 13:53:25.387 10161 10167 D audio_hw_extn: :: hifi_audio_feature_init: ---- Feature HIFI_AUDIO is  NOT ENABLED ----
11-20 13:53:25.387 10161 10167 D audio_hw_extn: :: ras_feature_init: ---- Feature RAS_FEATURE is ENABLED ----
11-20 13:53:25.387 10161 10167 D audio_hw_extn: :: kpi_optimize_feature_init: ---- Feature KPI_OPTIMIZE is ENABLED ----
11-20 13:53:25.387 10161 10167 D audio_hw_extn: usb_offload_feature_init: Called with feature Enabled
11-20 13:53:25.387 10161 10167 D audio_hw_extn: usb_offload_burst_mode_feature_init: Called with feature Enabled
11-20 13:53:25.387 10161 10167 D audio_hw_extn: usb_offload_sidetone_volume_feature_init: Called with feature NOT Enabled
11-20 13:53:25.387 10161 10167 D audio_hw_extn: a2dp_offload_feature_init: Called with feature Enabled
11-20 13:53:25.387 10161 10167 D audio_hw_extn: a2dp_offload_feature_init:: ---- Feature A2DP_OFFLOAD is Enabled ----
11-20 13:53:25.387 10161 10167 D audio_hw_extn: :: vbat_feature_init: ---- Feature VBAT is ENABLED ----
11-20 13:53:25.387 10161 10167 D audio_hw_extn: :: display_port_feature_init: ---- Feature DISPLAY_PORT is ENABLED ----
11-20 13:53:25.387 10161 10167 D audio_hw_extn: :: fluence_feature_init: ---- Feature FLUENCE is ENABLED ----
11-20 13:53:25.387 10161 10167 D audio_hw_extn: :: custom_stereo_feature_init: ---- Feature CUSTOM_STEREO is ENABLED ----
11-20 13:53:25.387 10161 10167 D audio_hw_extn: :: anc_headset_feature_init: ---- Feature ANC_HEADSET is NOT ENABLED----
11-20 13:53:25.387 10161 10167 D audio_hw_extn: spkr_prot_feature_init: Called with feature NOT Enabled, vendor_enhanced_info 0x3
11-20 13:53:25.387 10161 10167 W audio_hw_extn: :: spkr_prot_feature_init: ---- Feature SPKR_PROT is disabled ----
11-20 13:53:25.387 10161 10167 D audio_hw_extn: fm_feature_init: ---- Feature FM_POWER_OPT is ENABLED----
11-20 13:53:25.387 10161 10167 D audio_hw_extn: external_qdsp_feature_init: Called with feature NOT Enabled
11-20 13:53:25.387 10161 10167 W audio_hw_extn: :: external_qdsp_feature_init: ---- Feature EXTERNAL_QDSP is disabled ----
11-20 13:53:25.387 10161 10167 D audio_hw_extn: external_speaker_feature_init: Called with feature NOT Enabled
11-20 13:53:25.387 10161 10167 W audio_hw_extn: :: external_speaker_feature_init: ---- Feature EXTERNAL_SPKR is disabled ----
11-20 13:53:25.388 10161 10167 D audio_hw_extn: external_speaker_tfa_feature_init: Called with feature NOT Enabled
11-20 13:53:25.388 10161 10167 W audio_hw_extn: :: external_speaker_tfa_feature_init: ---- Feature EXTERNAL_SPKR_TFA is disabled ----
