11-20 13:53:26.130 10047 10052 F DEBUG   :       #24 pc 0000000000071b10  /apex/com.android.runtime/lib64/bionic/libc.so (__start_thread+64) (BuildId: 3f132071f832598fb634421187e90c2a)
11-20 13:53:26.130 10198 10198 D nativeloader: Load libjavacore.so using APEX ns com_android_art for caller /apex/com.android.art/javalib/core-oj.jar: ok
11-20 13:53:26.131 10198 10198 D nativeloader: Load libopenjdk.so using APEX ns com_android_art for caller /apex/com.android.art/javalib/core-oj.jar: ok
11-20 13:53:26.133 10198 10198 I snet_event_log: [200284993,-1,]
11-20 13:53:26.133 10198 10198 I zygote  : Using memfd for future sealing
11-20 13:53:26.134 10204 10204 D XfrmController: Sending Netlink XFRM Message: XFRM_MSG_FLUSHSA
11-20 13:53:26.134 10204 10204 D XfrmController: Sending Netlink XFRM Message: XFRM_MSG_FLUSHPOLICY
11-20 13:53:26.134 10204 10204 I netd    : Initializing XfrmController: 40812us
11-20 13:53:26.135 10204 10204 I resolv  : resolv_init: Initializing resolver
11-20 13:53:26.137   768   768 E tombstoned: Tombstone written to: tombstone_40
11-20 13:53:26.138 10204 10204 W netd    : Thread Pool max thread count is 0. Cannot cache binder as linkToDeath cannot be implemented. serviceName: dnsresolver
11-20 13:53:26.140  1611  2147 I QC-NETMGR-LIB: onRegistration(): Starting Netd getService thread
11-20 13:53:26.141  1611 10232 I QC-NETMGR-LIB: getServiceImpl(): INetd discovered
11-20 13:53:26.142  1611 10232 I QC-NETMGR-LIB: registerLinkToDeath(): Success registerLinkToDeath!
11-20 13:53:26.142  1611  2147 D QC-NETMGR-LIB: onRegistration(): netd restart detected
11-20 13:53:26.142  1611  1653 I QC-NETMGR-LIB: NetmgrNetdClientRegisterNetwork(): Looking for Netd service
11-20 13:53:26.142  1611  1653 I QC-NETMGR-LIB: NetmgrNetdClientRegisterNetwork(): register to create new OEM network
11-20 13:53:26.142  1611  1653 I QC-NETMGR-LIB: registerNetwork(): Attempting createOemNetwork
11-20 13:53:26.143  1611  1653 I QC-NETMGR-LIB: registerNetwork(): command completed!
11-20 13:53:26.143  1611  1653 I QC-NETMGR-LIB: registerNetwork(): createOemNetwork succeeded [packet mark : 0xf0001] [net id : 1] [network handle : 0x1cafed00d]
11-20 13:53:26.143  1611  1653 I QC-NETMGR-LIB: NetmgrNetdClientRegisterNetwork(): [packet mark : 0xf0001] [network handle : 0x1cafed00d]
11-20 13:53:26.143 10199 10199 I Zygote  : Preloading classes...
11-20 13:53:26.145 10199 10199 W Zygote  : Class not found for preloading: android.app.ActivityThread$1$$ExternalSyntheticLambda0
11-20 13:53:26.146 10199 10199 I AconfigPackage: android.os.profiling is mapped to com.android.profiling
11-20 13:53:26.146 10199 10199 I AconfigPackage: com.android.devicelock.flags is mapped to com.android.devicelock
11-20 13:53:26.146 10199 10199 I AconfigPackage: com.android.adservices.flags is mapped to com.android.adservices
11-20 13:53:26.146 10199 10199 I AconfigPackage: com.android.sdksandbox.flags is mapped to com.android.adservices
11-20 13:53:26.147 10199 10199 I AconfigPackage: com.android.healthfitness.flags is mapped to com.android.healthfitness
11-20 13:53:26.147 10199 10199 I AconfigPackage: com.android.settings.keyboard is mapped to system_ext
11-20 13:53:26.147 10199 10199 I AconfigPackage: com.android.systemui.accessibility.accessibilitymenu is mapped to system_ext
11-20 13:53:26.147 10199 10199 I AconfigPackage: com.android.server.policy.feature.flags is mapped to system_ext
11-20 13:53:26.147 10199 10199 I AconfigPackage: com.android.settings.factory_reset is mapped to system_ext
11-20 13:53:26.147 10199 10199 I AconfigPackage: com.android.settings.media_drm is mapped to system_ext
11-20 13:53:26.147 10199 10199 I AconfigPackage: com.android.launcher3 is mapped to system_ext
11-20 13:53:26.147 10199 10199 I AconfigPackage: com.android.settings.connectivity is mapped to system_ext
11-20 13:53:26.147 10199 10199 I AconfigPackage: com.android.settings.accessibility is mapped to system_ext
11-20 13:53:26.147 10199 10199 I AconfigPackage: com.android.settings.flags is mapped to system_ext
11-20 13:53:26.147 10199 10199 I AconfigPackage: com.android.nfc.flags is mapped to system
11-20 13:53:26.147 10199 10199 I AconfigPackage: android.app.admin.flags is mapped to system
11-20 13:53:26.147 10199 10199 I AconfigPackage: android.database.sqlite is mapped to system
11-20 13:53:26.147 10199 10199 I AconfigPackage: com.android.providers.calendar is mapped to system
11-20 13:53:26.147 10199 10199 I AconfigPackage: com.android.server.power.feature.flags is mapped to system
11-20 13:53:26.147 10199 10199 I AconfigPackage: com.android.settingslib.widget.theme.flags is mapped to system
11-20 13:53:26.147 10199 10199 I AconfigPackage: com.android.media.performance.flags is mapped to system
11-20 13:53:26.147 10199 10199 I AconfigPackage: android.app.contextualsearch.flags is mapped to system
11-20 13:53:26.147 10199 10199 I AconfigPackage: android.app.ondeviceintelligence.flags is mapped to system
11-20 13:53:26.147 10199 10199 I AconfigPackage: com.android.media.projection.flags is mapped to system
11-20 13:53:26.147 10199 10199 I AconfigPackage: android.companion is mapped to system
11-20 13:53:26.147 10199 10199 I AconfigPackage: android.service.controls.flags is mapped to system
11-20 13:53:26.147 10199 10199 I AconfigPackage: com.android.text.flags is mapped to system
11-20 13:53:26.147 10199 10199 I AconfigPackage: com.android.providers.contactkeys.flags is mapped to system
11-20 13:53:26.147 10199 10199 I AconfigPackage: com.android.intentresolver is mapped to system
11-20 13:53:26.147 10199 10199 I AconfigPackage: android.companion.virtualdevice.flags is mapped to system
11-20 13:53:26.147 10199 10199 I AconfigPackage: android.uprobestats.flags is mapped to system
11-20 13:53:26.147 10199 10199 I AconfigPackage: com.android.net.thread.platform.flags is mapped to system
11-20 13:53:26.147 10199 10199 I AconfigPackage: android.view.contentprotection.flags is mapped to system
11-20 13:53:26.147 10199 10199 I AconfigPackage: com.android.server.dreams is mapped to system
11-20 13:53:26.147 10199 10199 I AconfigPackage: com.android.graphics.surfaceflinger.flags is mapped to system
11-20 13:53:26.147 10199 10199 I AconfigPackage: com.android.hardware.input is mapped to system
11-20 13:53:26.147 10199 10199 I AconfigPackage: android.sdk is mapped to system
11-20 13:53:26.147 10199 10199 I AconfigPackage: com.android.input.flags is mapped to system
11-20 13:53:26.147 10199 10199 I AconfigPackage: android.tracing is mapped to system
11-20 13:53:26.147 10199 10199 I AconfigPackage: com.android.server.biometrics is mapped to system
11-20 13:53:26.147 10199 10199 I AconfigPackage: android.view.contentcapture.flags is mapped to system
11-20 13:53:26.147 10199 10199 I AconfigPackage: android.app.job is mapped to system
11-20 13:53:26.147 10199 10199 I AconfigPackage: android.content.res is mapped to system
11-20 13:53:26.147 10199 10199 I AconfigPackage: android.net.platform.flags is mapped to system
11-20 13:53:26.147 10199 10199 I AconfigPackage: com.android.aconfig.flags is mapped to system
11-20 13:53:26.147 10199 10199 I AconfigPackage: com.android.graphics.flags is mapped to system
11-20 13:53:26.147 10199 10199 I AconfigPackage: android.server.app is mapped to system
11-20 13:53:26.147 10199 10199 I AconfigPackage: android.speech.flags is mapped to system
11-20 13:53:26.147 10199 10199 I AconfigPackage: com.android.server.stats is mapped to system
11-20 13:53:26.147 10199 10199 I AconfigPackage: android.hardware.biometrics is mapped to system
11-20 13:53:26.147 10199 10199 I AconfigPackage: android.car.feature is mapped to system
11-20 13:53:26.147 10199 10199 I AconfigPackage: android.adpf is mapped to system
11-20 13:53:26.147 10199 10199 I AconfigPackage: android.location.flags is mapped to system
11-20 13:53:26.147 10199 10199 I AconfigPackage: com.android.settingslib.flags is mapped to system
11-20 13:53:26.147 10199 10199 I AconfigPackage: com.android.managedprovisioning.flags is mapped to system
11-20 13:53:26.148 10199 10199 I AconfigPackage: android.app.assist.flags is mapped to system
11-20 13:53:26.148 10199 10199 I AconfigPackage: com.android.server.net is mapped to system
11-20 13:53:26.148 10199 10199 I AconfigPackage: com.android.settingslib.widget.flags is mapped to system
11-20 13:53:26.148 10199 10199 I AconfigPackage: com.android.internal.camera.flags is mapped to system
11-20 13:53:26.148 10199 10199 I AconfigPackage: com.android.hardware.libsensor.flags is mapped to system
11-20 13:53:26.148 10199 10199 I AconfigPackage: com.android.internal.jank is mapped to system
11-20 13:53:26.148 10199 10199 I AconfigPackage: com.android.providers.settings is mapped to system
11-20 13:53:26.148 10199 10199 I AconfigPackage: android.multiuser is mapped to system
11-20 13:53:26.148 10199 10199 I AconfigPackage: com.android.server.power.optimization is mapped to system
11-20 13:53:26.148 10199 10199 I AconfigPackage: com.android.calllogbackup is mapped to system
11-20 13:53:26.148 10199 10199 I AconfigPackage: com.android.media.flags is mapped to system
11-20 13:53:26.148 10199 10199 I AconfigPackage: com.android.server.flags is mapped to system
11-20 13:53:26.148 10199 10199 I AconfigPackage: com.android.graphics.libvulkan.flags is mapped to system
11-20 13:53:26.148 10191 10197 E Codec2Client: _listComponents -- transaction failed.
11-20 13:53:26.148 10199 10199 I AconfigPackage: android.app.appfunctions.flags is mapped to system
11-20 13:53:26.148 10199 10199 I AconfigPackage: android.app.smartspace.flags is mapped to system
11-20 13:53:26.148 10191 10197 I Codec2Client: Failed to retrieve component traits from service "software". Retrying...
11-20 13:53:26.148 10199 10199 I AconfigPackage: com.android.providers.contacts.flags is mapped to system
11-20 13:53:26.148 10199 10199 I AconfigPackage: com.android.shell.flags is mapped to system
11-20 13:53:26.148 10199 10199 I AconfigPackage: com.android.media.aaudio is mapped to system
11-20 13:53:26.148 10199 10199 I AconfigPackage: android.hardware.radio is mapped to system
11-20 13:53:26.148 10199 10199 I AconfigPackage: suspend_service.flags is mapped to system
11-20 13:53:26.148 10199 10199 I AconfigPackage: android.media.midi is mapped to system
11-20 13:53:26.148 10199 10199 I AconfigPackage: com.android.libcore.readonly is mapped to system
11-20 13:53:26.148 10199 10199 I AconfigPackage: com.android.settingslib.widget.selectorwithwidgetpreference.flags is mapped to system
11-20 13:53:26.148 10199 10199 I AconfigPackage: android.service.notification is mapped to system
11-20 13:53:26.148 10199 10199 I AconfigPackage: com.android.systemui.shared is mapped to system
11-20 13:53:26.148 10199 10199 I AconfigPackage: android.app.jank is mapped to system
11-20 13:53:26.148 10199 10199 I AconfigPackage: android.app.wearable is mapped to system
11-20 13:53:26.148 10199 10199 I AconfigPackage: com.android.media.audio is mapped to system
11-20 13:53:26.148 10199 10199 I AconfigPackage: android.service.chooser is mapped to system
11-20 13:53:26.148 10199 10199 I AconfigPackage: com.android.server.compat is mapped to system
11-20 13:53:26.148 10199 10199 I AconfigPackage: com.android.server.alarm is mapped to system
11-20 13:53:26.148 10199 10199 I AconfigPackage: com.android.apex.flags is mapped to system
11-20 13:53:26.148 10199 10199 I AconfigPackage: android.service.quickaccesswallet is mapped to system
11-20 13:53:26.148 10199 10199 I AconfigPackage: android.app.usage is mapped to system
11-20 13:53:26.148 10199 10199 I AconfigPackage: com.android.server.accessibility is mapped to system
11-20 13:53:26.148 10199 10199 I AconfigPackage: android.app.supervision.flags is mapped to system
11-20 13:53:26.148 10199 10199 I AconfigPackage: com.android.server.utils is mapped to system
11-20 13:53:26.148 10199 10199 I AconfigPackage: android.chre.flags is mapped to system
11-20 13:53:26.148 10199 10199 I AconfigPackage: android.content.flags is mapped to system
11-20 13:53:26.148 10199 10199 I AconfigPackage: android.media.codec is mapped to system
11-20 13:53:26.148 10199 10199 I AconfigPackage: com.android.internal.os is mapped to system
11-20 13:53:26.148 10199 10199 I AconfigPackage: com.android.nfc.nci.flags is mapped to system
11-20 13:53:26.148 10199 10199 I AconfigPackage: android.app is mapped to system
11-20 13:53:26.148 10199 10199 I AconfigPackage: android.security.keystore2 is mapped to system
11-20 13:53:26.148 10199 10199 I AconfigPackage: android.crashrecovery.flags is mapped to system
11-20 13:53:26.148 10199 10199 I AconfigPackage: com.android.tradeinmode.flags is mapped to system
11-20 13:53:26.148 10199 10199 I AconfigPackage: android.hardware.flags is mapped to system
11-20 13:53:26.148 10199 10199 I AconfigPackage: com.android.server.telecom.flags is mapped to system
11-20 13:53:26.148 10199 10199 I AconfigPackage: com.android.settingslib.media.flags is mapped to system
11-20 13:53:26.148 10199 10199 I AconfigPackage: com.android.server.policy is mapped to system
11-20 13:53:26.148 10199 10199 I AconfigPackage: android.media.audiopolicy is mapped to system
11-20 13:53:26.148 10199 10199 I AconfigPackage: com.android.egg.flags is mapped to system
11-20 13:53:26.148 10199 10199 I AconfigPackage: com.android.internal.compat.flags is mapped to system
11-20 13:53:26.148 10199 10199 I AconfigPackage: android.security is mapped to system
11-20 13:53:26.148 10199 10199 I AconfigPackage: android.service.autofill is mapped to system
11-20 13:53:26.148 10199 10199 I AconfigPackage: com.example.android.aconfig.demo.flags is mapped to system
11-20 13:53:26.148 10199 10199 I AconfigPackage: android.view.flags is mapped to system
11-20 13:53:26.148 10199 10199 I AconfigPackage: android.companion.virtual.flags is mapped to system
11-20 13:53:26.148 10199 10199 I AconfigPackage: com.android.aconfig_new_storage is mapped to system
11-20 13:53:26.148 10199 10199 I AconfigPackage: com.android.server.feature.flags is mapped to system
11-20 13:53:26.148 10199 10199 I AconfigPackage: com.android.systemui is mapped to system
11-20 13:53:26.148 10199 10199 I AconfigPackage: com.android.server.power.batterysaver is mapped to system
11-20 13:53:26.148 10199 10199 I AconfigPackage: android.widget.flags is mapped to system
11-20 13:53:26.148 10199 10199 I AconfigPackage: com.android.media.editing.flags is mapped to system
11-20 13:53:26.148 10199 10199 I AconfigPackage: com.android.media.codec.flags is mapped to system
11-20 13:53:26.148 10199 10199 I AconfigPackage: com.android.server.powerstats is mapped to system
11-20 13:53:26.148 10199 10199 I AconfigPackage: com.android.graphics.egl.flags is mapped to system
11-20 13:53:26.148 10199 10199 I AconfigPackage: com.android.media.audioserver is mapped to system
11-20 13:53:26.148 10199 10199 I AconfigPackage: com.android.server.deviceidle is mapped to system
11-20 13:53:26.148 10199 10199 I AconfigPackage: android.nfc is mapped to system
11-20 13:53:26.148 10199 10199 I AconfigPackage: android.permission.flags is mapped to system
11-20 13:53:26.148 10199 10199 I AconfigPackage: android.service.voice.flags is mapped to system
11-20 13:53:26.148 10199 10199 I AconfigPackage: android.content.pm is mapped to system
11-20 13:53:26.148 10199 10199 I AconfigPackage: com.android.server.power.hint is mapped to system
11-20 13:53:26.148 10199 10199 I AconfigPackage: android.os is mapped to system
11-20 13:53:26.148 10199 10199 I AconfigPackage: android.service.dreams is mapped to system
11-20 13:53:26.148 10199 10199 I AconfigPackage: com.android.graphics.libgui.flags is mapped to system
11-20 13:53:26.148 10199 10199 I AconfigPackage: android.hardware.usb.flags is mapped to system
11-20 13:53:26.148 10199 10199 I AconfigPackage: android.provider is mapped to system
11-20 13:53:26.148 10199 10199 I AconfigPackage: com.android.server.job is mapped to system
11-20 13:53:26.148 10199 10199 I AconfigPackage: com.android.internal.foldables.flags is mapped to system
11-20 13:53:26.148 10199 10199 I AconfigPackage: com.android.internal.telephony.flags is mapped to system
11-20 13:53:26.148 10199 10199 I AconfigPackage: android.webkit is mapped to system
11-20 13:53:26.148 10199 10199 I AconfigPackage: android.credentials.flags is mapped to system
11-20 13:53:26.148 10199 10199 I AconfigPackage: com.android.server.display.feature.flags is mapped to system
11-20 13:53:26.148 10199 10199 I AconfigPackage: com.android.server.notification is mapped to system
11-20 13:53:26.148 10199 10199 I AconfigPackage: android.appwidget.flags is mapped to system
11-20 13:53:26.148 10199 10199 I AconfigPackage: com.android.frameworks.sensorservice.flags is mapped to system
11-20 13:53:26.149 10199 10199 I AconfigPackage: com.android.printspooler.flags is mapped to system
11-20 13:53:26.149 10199 10199 I AconfigPackage: com.android.window.flags is mapped to system
11-20 13:53:26.149 10199 10199 I AconfigPackage: android.adaptiveauth is mapped to system
11-20 13:53:26.149 10199 10199 I AconfigPackage: android.net.wifi.flags is mapped to system
11-20 13:53:26.149 10199 10199 I AconfigPackage: android.media.tv.flags is mapped to system
11-20 13:53:26.149 10199 10199 I AconfigPackage: com.android.server.usb.flags is mapped to system
11-20 13:53:26.149 10199 10199 I AconfigPackage: android.os.vibrator is mapped to system
11-20 13:53:26.149 10199 10199 I AconfigPackage: android.hardware.devicestate.feature.flags is mapped to system
11-20 13:53:26.149 10199 10199 I AconfigPackage: com.android.server.usage is mapped to system
11-20 13:53:26.149 10199 10199 I AconfigPackage: android.server is mapped to system
11-20 13:53:26.149 10199 10199 I AconfigPackage: com.android.wm.shell is mapped to system
11-20 13:53:26.149 10199 10199 I AconfigPackage: android.view.inputmethod is mapped to system
11-20 13:53:26.149 10199 10199 I AconfigPackage: com.android.graphics.hwui.flags is mapped to system
11-20 13:53:26.149 10199 10199 I AconfigPackage: com.android.server.backup is mapped to system
11-20 13:53:26.149 10199 10199 I AconfigPackage: com.android.internal.pm.pkg.component.flags is mapped to system
11-20 13:53:26.149 10199 10199 I AconfigPackage: android.view.accessibility is mapped to system
11-20 13:53:26.149 10199 10199 I AconfigPackage: android.media.audio is mapped to system
11-20 13:53:26.149 10199 10199 I AconfigPackage: com.android.server.am is mapped to system
11-20 13:53:26.149 10199 10199 I AconfigPackage: com.android.media.playback.flags is mapped to system
11-20 13:53:26.149 10199 10199 I AconfigPackage: android.provider.flags is mapped to com.android.configinfrastructure
11-20 13:53:26.149 10199 10199 I AconfigPackage: com.android.server.deviceconfig is mapped to com.android.configinfrastructure
11-20 13:53:26.149 10199 10199 I AconfigPackage: com.android.nfc.module.flags is mapped to com.android.nfcservices
11-20 13:53:26.149 10199 10199 I AconfigPackage: com.android.org.conscrypt.flags is mapped to com.android.conscrypt
11-20 13:53:26.149 10199 10199 I AconfigPackage: android.graphics.pdf.flags is mapped to com.android.mediaprovider
11-20 13:53:26.149 10199 10199 I AconfigPackage: com.android.providers.media.flags is mapped to com.android.mediaprovider
11-20 13:53:26.149 10199 10199 I AconfigPackage: android.graphics.pdf.flags.readonly is mapped to com.android.mediaprovider
11-20 13:53:26.150 10199 10199 I AconfigPackage: android.uprobestats.mainline.flags is mapped to com.android.uprobestats
11-20 13:53:26.150 10199 10199 I AconfigPackage: android.media.swcodec.flags is mapped to com.android.media.swcodec
11-20 13:53:26.150 10199 10199 I AconfigPackage: com.android.system.virtualmachine.flags is mapped to com.android.virt
11-20 13:53:26.150 10199 10199 I AconfigPackage: com.android.bluetooth.flags is mapped to com.android.bt
11-20 13:53:26.150 10199 10199 I AconfigPackage: com.android.permission.flags is mapped to com.android.permission
11-20 13:53:26.150 10199 10199 I AconfigPackage: com.android.uwb.flags is mapped to com.android.uwb
11-20 13:53:26.150 10199 10199 I AconfigPackage: com.android.ranging.flags is mapped to com.android.uwb
11-20 13:53:26.150 10199 10199 I AconfigPackage: com.android.wifi.flags is mapped to com.android.wifi
11-20 13:53:26.151 10199 10199 I AconfigPackage: com.android.cellbroadcastreceiver.flags is mapped to com.android.cellbroadcast
11-20 13:53:26.151 10199 10199 I AconfigPackage: com.android.ipsec.flags is mapped to com.android.ipsec
11-20 13:53:26.151 10199 10199 I AconfigPackage: com.android.net.ct.flags is mapped to com.android.tethering
11-20 13:53:26.151 10199 10199 I AconfigPackage: com.android.net.flags is mapped to com.android.tethering
11-20 13:53:26.151 10199 10199 I AconfigPackage: android.net.vcn is mapped to com.android.tethering
11-20 13:53:26.151 10199 10199 I AconfigPackage: com.android.nearby.flags is mapped to com.android.tethering
11-20 13:53:26.151 10199 10199 I AconfigPackage: android.net.http is mapped to com.android.tethering
11-20 13:53:26.151 10199 10199 I AconfigPackage: com.android.net.thread.flags is mapped to com.android.tethering
11-20 13:53:26.151 10199 10199 I AconfigPackage: com.android.icu is mapped to com.android.i18n
11-20 13:53:26.151 10199 10199 I AconfigPackage: com.android.adservices.ondevicepersonalization.flags is mapped to com.android.ondevicepersonalization
11-20 13:53:26.151 10199 10199 I AconfigPackage: com.android.media.extractor.flags is mapped to com.android.media
11-20 13:53:26.151 10199 10199 I AconfigPackage: com.android.media.mainline.flags is mapped to com.android.media
11-20 13:53:26.152 10199 10199 I AconfigPackage: com.android.appsearch.flags is mapped to com.android.appsearch
11-20 13:53:26.152 10199 10199 I AconfigPackage: com.android.os.statsd.flags is mapped to com.android.os.statsd
11-20 13:53:26.152 10199 10199 I AconfigPackage: com.android.art.flags is mapped to com.android.art
11-20 13:53:26.152 10199 10199 I AconfigPackage: com.android.libcore is mapped to com.android.art
11-20 13:53:26.152 10199 10199 E FeatureFlagsImplExport: android.os.flagging.AconfigStorageReadException: ERROR_PACKAGE_NOT_FOUND: package android.xr cannot be found on the device
11-20 13:53:26.158 10198 10198 D nativeloader: Load libstats_jni.so using APEX ns com_android_os_statsd for caller /apex/com.android.os.statsd/javalib/framework-statsd.jar: ok
11-20 13:53:26.164 10234 10234 I flags_health_check: ServerConfigurableFlagsReset reset_mode value: 1
11-20 13:53:26.164 10234 10234 I flags_health_check: ServerConfigurableFlagsReset updatable crashing detected, resetting flags.
11-20 13:53:26.165 10199 10199 D nativeloader: Load libjavacrypto.so using APEX ns com_android_conscrypt for caller /apex/com.android.conscrypt/javalib/conscrypt.jar: ok
11-20 13:53:26.166 10199 10210 I zygote64: Background verification of 159 classes from boot classpath took 69.437ms
11-20 13:53:26.176 10199 10199 I Typeface: Preloading /system/fonts/Roboto-Regular.ttf
11-20 13:53:26.176 10199 10199 I Typeface: Preloading /system/fonts/RobotoStatic-Regular.ttf
11-20 13:53:26.176 10199 10199 I SystemFonts: Loading font config from /system/etc/fonts.xml
11-20 13:53:26.203 10199 10199 E ActivityRecognitionHardware: activity_recognition HAL is deprecated. class_init is effectively a no-op
11-20 13:53:26.205 10198 10198 I zygote  : Explicit concurrent copying GC freed 29KB AllocSpace bytes, 0(0B) LOS objects, 99% free, 67KB/8259KB, paused 25.209ms,2.269ms total 46.417ms
11-20 13:53:26.223 10198 10215 I zygote  : Background verification of 157 classes from boot classpath took 76.324ms
11-20 13:53:26.223 10198 10198 I zygote  : Explicit concurrent copying GC freed 59KB AllocSpace bytes, 0(0B) LOS objects, 99% free, 71KB/8263KB, paused 101us,12us total 17.811ms
11-20 13:53:26.226 10198 10198 W libprocessgroup: A JoinCgroup action in the SystemMemoryProcess profile is used for controller memory in the cgroup v2 hierarchy and will be ignored
11-20 13:53:26.227 10198 10198 I Zygote  : Accepting command socket connections
11-20 13:53:26.254 10241 10241 I mediaswcodec: media swcodec service starting
11-20 13:53:26.254 10241 10241 W mediaswcodec: Could not read additional policy file '/vendor/etc/seccomp_policy/mediaswcodec.policy'
11-20 13:53:26.254 10241 10241 W mediaswcodec: libminijail[10241]: failed to get path of fd 5: No such file or directory
11-20 13:53:26.254 10241 10241 W mediaswcodec: libminijail[10241]: allowing syscall: connect
11-20 13:53:26.254 10241 10241 W mediaswcodec: libminijail[10241]: allowing syscall: fcntl
11-20 13:53:26.254 10241 10241 W mediaswcodec: libminijail[10241]: allowing syscall: sendto
11-20 13:53:26.254 10241 10241 W mediaswcodec: libminijail[10241]: allowing syscall: socket
11-20 13:53:26.255 10241 10241 W mediaswcodec: libminijail[10241]: allowing syscall: writev
11-20 13:53:26.255 10241 10241 W mediaswcodec: libminijail[10241]: compile_file: <fd>(75): syscall munmap redefined here
11-20 13:53:26.255 10241 10241 W mediaswcodec: libminijail[10241]: compile_file: <fd>(39): previous definition here
11-20 13:53:26.255 10241 10241 W mediaswcodec: libminijail[10241]: logging seccomp filter failures
11-20 13:53:26.255 10241 10241 I CodecServiceRegistrant: Creating software Codec2 service...
11-20 13:53:26.255 10241 10241 D C2Store : Default ION heapmask = -1
11-20 13:53:26.255 10241 10241 D C2Store : Default ION flags = 0
11-20 13:53:26.255 10241 10241 D C2Store : Default ION align = 0
11-20 13:53:26.255 10199 10199 W Zygote  : Class not found for preloading: android.location.flags.FeatureFlags
11-20 13:53:26.256 10199 10199 W Zygote  : Class not found for preloading: android.location.flags.FeatureFlagsImpl
11-20 13:53:26.256 10199 10199 W Zygote  : Class not found for preloading: android.location.flags.Flags
11-20 13:53:26.257 10241 10241 I HidlServiceManagement: Registered android.hardware.media.c2@1.2::IComponentStore/software
11-20 13:53:26.257   672   672 I hwservicemanager: getTransport: Cannot find entry android.hardware.media.c2@1.0::IComponentStore/default in either framework or device VINTF manifest.
11-20 13:53:26.257 10241 10241 I CodecServiceRegistrant: Preferred Codec2 HIDL store is defaulted to "software".
11-20 13:53:26.257 10241 10241 I CodecServiceRegistrant: Software Codec2 service created and registered.
11-20 13:53:26.261 10199 10199 D nativeloader: Load libmedia_jni.so using system ns (caller=/system/framework/framework.jar!classes2.dex): ok
11-20 13:53:26.261 10199 10199 D MtpDeviceJNI: register_android_mtp_MtpDevice
11-20 13:53:26.262 10199 10199 E MediaProfiles: MediaProfiles::createCamcorderProfile failed to locate quality timelapse8kuhd
11-20 13:53:26.262 10199 10199 E MediaProfiles: MediaProfiles::createCamcorderProfile failed to locate quality timelapse8kuhd
11-20 13:53:26.262 10199 10199 E MediaProfiles: MediaProfiles::createCamcorderProfile failed to locate quality timelapse8kuhd
11-20 13:53:26.263 10199 10199 E MediaProfiles: MediaProfiles::createCamcorderProfile failed to locate quality timelapse8kuhd
11-20 13:53:26.263 10199 10199 E MediaProfiles: MediaProfiles::createAudioEncoderCap failed to locate codec lpcm
11-20 13:53:26.266 10199 10199 W Zygote  : Class not found for preloading: android.media.MediaCodecInfo$LazyHolder
11-20 13:53:26.268 10199 10199 D nativeloader: Load libsoundpool.so using system ns (caller=/system/framework/framework.jar!classes2.dex): ok
11-20 13:53:26.268 10199 10199 D nativeloader: Load libaudioeffect_jni.so using system ns (caller=/system/framework/framework.jar!classes2.dex): ok
11-20 13:53:26.271 10199 10199 D nativeloader: Load librtp_jni.so using system ns (caller=/system/framework/voip-common.jar): ok
11-20 13:53:26.271 10199 10199 I zygote64: Thread[1,tid=10199,Native,Thread*=0xb4000077ec27b7b0,peer=0x2dc0078,"main"] recursive attempt to load library "librtp_jni.so"
11-20 13:53:26.272 10199 10199 W Zygote  : Class not found for preloading: android.nfc.NfcActivityManager$NfcActivityState
11-20 13:53:26.272 10199 10199 W Zygote  : Class not found for preloading: android.nfc.NfcActivityManager$NfcApplicationState
11-20 13:53:26.276 10199 10199 D nativeloader: Load libvintf_jni.so using system ns (caller=/system/framework/framework.jar!classes3.dex): ok
11-20 13:53:26.284 10199 10199 D nativeloader: Load librs_jni.so using system ns (caller=/system/framework/framework.jar!classes3.dex): ok
11-20 13:53:26.312 10199 10199 W Zygote  : Class not found for preloading: com.android.ims.RcsPresenceInfo$1
11-20 13:53:26.313 10199 10199 W Zygote  : Class not found for preloading: com.android.ims.RcsPresenceInfo$ServiceInfoKey
11-20 13:53:26.313 10199 10199 W Zygote  : Class not found for preloading: com.android.ims.RcsPresenceInfo$ServiceState
11-20 13:53:26.313 10199 10199 W Zygote  : Class not found for preloading: com.android.ims.RcsPresenceInfo$ServiceType
11-20 13:53:26.313 10199 10199 W Zygote  : Class not found for preloading: com.android.ims.RcsPresenceInfo$VolteStatus
11-20 13:53:26.313 10199 10199 W Zygote  : Class not found for preloading: com.android.ims.RcsPresenceInfo
11-20 13:53:26.313 10199 10199 W Zygote  : Class not found for preloading: com.android.ims.ResultCode
11-20 13:53:26.313 10199 10199 W Zygote  : Class not found for preloading: com.android.ims.internal.ContactNumberUtils
11-20 13:53:26.313 10199 10199 W Zygote  : Class not found for preloading: com.android.ims.internal.Logger
11-20 13:53:26.317 10199 10199 W Zygote  : Class not found for preloading: com.android.internal.os.BatteryStatsHistory$HistoryStepDetailsCalculator
11-20 13:53:26.320 10199 10199 W OverlayConfig: partition_order.xml does not exist.
11-20 13:53:26.358  1611  1653 I QC-NETMGR-LIB: NetmgrNetdClientRegisterNetwork(): Looking for Netd service
11-20 13:53:26.358  1611  1653 I QC-NETMGR-LIB: NetmgrNetdClientRegisterNetwork(): register to create new OEM network
11-20 13:53:26.358  1611  1653 I QC-NETMGR-LIB: registerNetwork(): Attempting createOemNetwork
11-20 13:53:26.358  1611  1653 I QC-NETMGR-LIB: registerNetwork(): command completed!
11-20 13:53:26.358  1611  1653 I QC-NETMGR-LIB: registerNetwork(): createOemNetwork succeeded [packet mark : 0xf0002] [net id : 2] [network handle : 0x2cafed00d]
11-20 13:53:26.358  1611  1653 I QC-NETMGR-LIB: NetmgrNetdClientRegisterNetwork(): [packet mark : 0xf0002] [network handle : 0x2cafed00d]
11-20 13:53:26.440 10199 10199 V Configuration: Updating configuration, locales updated from [] to [es_ES]
11-20 13:53:26.440 10199 10199 I zygote64: AssetManager2(0xb40000772c27d678) locale list changing from [] to [es-ES]
11-20 13:53:26.444 10199 10199 W Zygote  : Class not found for preloading: com.android.internal.telephony.flags.FeatureFlags
11-20 13:53:26.444 10199 10199 W Zygote  : Class not found for preloading: com.android.internal.telephony.flags.FeatureFlagsImpl
11-20 13:53:26.444 10199 10199 W Zygote  : Class not found for preloading: com.android.internal.telephony.flags.Flags
11-20 13:53:26.456 10199 10199 D nativeloader: Load libframework-connectivity-jni.so using APEX ns com_android_tethering for caller /apex/com.android.tethering/javalib/framework-connectivity.jar: ok
11-20 13:53:26.460 10199 10199 W Zygote  : Class not found for preloading: com.android.org.bouncycastle.asn1.ASN1ApplicationSpecific
11-20 13:53:26.460 10199 10199 W Zygote  : Class not found for preloading: com.android.org.bouncycastle.asn1.ASN1ApplicationSpecificParser
11-20 13:53:26.460 10199 10199 W Zygote  : Class not found for preloading: com.android.org.bouncycastle.asn1.BERApplicationSpecific
11-20 13:53:26.460 10199 10199 W Zygote  : Class not found for preloading: com.android.org.bouncycastle.asn1.BERApplicationSpecificParser
11-20 13:53:26.460 10199 10199 W Zygote  : Class not found for preloading: com.android.org.bouncycastle.asn1.BERTags
11-20 13:53:26.460 10199 10199 W Zygote  : Class not found for preloading: com.android.org.bouncycastle.asn1.DLApplicationSpecific
11-20 13:53:26.460 10199 10199 W Zygote  : Class not found for preloading: com.android.org.bouncycastle.jcajce.PBKDFKey
11-20 13:53:26.460 10199 10199 W Zygote  : Class not found for preloading: com.android.org.bouncycastle.jcajce.PKCS12KeyWithParameters
11-20 13:53:26.461 10199 10199 W Zygote  : Class not found for preloading: com.android.org.bouncycastle.jcajce.provider.asymmetric.EC$Mappings
11-20 13:53:26.461 10199 10199 W Zygote  : Class not found for preloading: com.android.org.bouncycastle.jcajce.provider.asymmetric.X509$Mappings
11-20 13:53:26.461 10199 10199 W Zygote  : Class not found for preloading: com.android.org.bouncycastle.jcajce.provider.digest.MD5$Mappings
11-20 13:53:26.461 10199 10199 W Zygote  : Class not found for preloading: com.android.org.bouncycastle.jcajce.provider.digest.MD5
11-20 13:53:26.461 10199 10199 W Zygote  : Class not found for preloading: com.android.org.bouncycastle.jcajce.spec.AEADParameterSpec
11-20 13:53:26.461 10199 10199 W Zygote  : Class not found for preloading: com.android.org.bouncycastle.jce.interfaces.BCKeyStore
11-20 13:53:26.461 10199 10199 W Zygote  : Class not found for preloading: com.android.org.bouncycastle.util.Encodable
11-20 13:53:26.461 10199 10199 W Zygote  : Class not found for preloading: com.android.org.bouncycastle.util.Iterable
11-20 13:53:26.461 10199 10199 W Zygote  : Class not found for preloading: com.android.sdksandbox.flags.FeatureFlags
11-20 13:53:26.461 10199 10199 W Zygote  : Class not found for preloading: com.android.sdksandbox.flags.FeatureFlagsImpl
11-20 13:53:26.461 10199 10199 W Zygote  : Class not found for preloading: com.android.sdksandbox.flags.Flags
11-20 13:53:26.462 10199 10199 W Zygote  : Class not found for preloading: com.android.service.ims.RcsSettingUtils$$ExternalSyntheticLambda0
11-20 13:53:26.462 10199 10199 W Zygote  : Class not found for preloading: com.android.service.ims.RcsSettingUtils
11-20 13:53:26.462 10199 10199 W Zygote  : Class not found for preloading: com.android.service.ims.Task
11-20 13:53:26.462 10199 10199 W Zygote  : Class not found for preloading: com.android.service.ims.TaskManager$MessageData
11-20 13:53:26.462 10199 10199 W Zygote  : Class not found for preloading: com.android.service.ims.TaskManager$MessageHandler
11-20 13:53:26.462 10199 10199 W Zygote  : Class not found for preloading: com.android.service.ims.TaskManager
11-20 13:53:26.462 10199 10199 W Zygote  : Class not found for preloading: com.android.service.ims.presence.ContactCapabilityResponse
11-20 13:53:26.462 10199 10199 W Zygote  : Class not found for preloading: com.android.service.ims.presence.PresenceAvailabilityTask
11-20 13:53:26.462 10199 10199 W Zygote  : Class not found for preloading: com.android.service.ims.presence.PresenceBase$PresencePublishState
11-20 13:53:26.462 10199 10199 W Zygote  : Class not found for preloading: com.android.service.ims.presence.PresenceBase
11-20 13:53:26.462 10199 10199 W Zygote  : Class not found for preloading: com.android.service.ims.presence.PresenceCapabilityTask
11-20 13:53:26.462 10199 10199 W Zygote  : Class not found for preloading: com.android.service.ims.presence.PresencePublication$$ExternalSyntheticLambda0
11-20 13:53:26.462 10199 10199 W Zygote  : Class not found for preloading: com.android.service.ims.presence.PresencePublication$1
11-20 13:53:26.462 10199 10199 W Zygote  : Class not found for preloading: com.android.service.ims.presence.PresencePublication$PublishRequest
11-20 13:53:26.462 10199 10199 W Zygote  : Class not found for preloading: com.android.service.ims.presence.PresencePublication$PublishType
11-20 13:53:26.462 10199 10199 W Zygote  : Class not found for preloading: com.android.service.ims.presence.PresencePublication$StackPublishTriggerType
11-20 13:53:26.462 10199 10199 W Zygote  : Class not found for preloading: com.android.service.ims.presence.PresencePublication
11-20 13:53:26.462 10199 10199 W Zygote  : Class not found for preloading: com.android.service.ims.presence.PresencePublishTask
11-20 13:53:26.462 10199 10199 W Zygote  : Class not found for preloading: com.android.service.ims.presence.PresencePublisher
11-20 13:53:26.462 10199 10199 W Zygote  : Class not found for preloading: com.android.service.ims.presence.PresenceSubscriber
11-20 13:53:26.462 10199 10199 W Zygote  : Class not found for preloading: com.android.service.ims.presence.PresenceTask
11-20 13:53:26.462 10199 10199 W Zygote  : Class not found for preloading: com.android.service.ims.presence.PresenceUtils
11-20 13:53:26.462 10199 10199 W Zygote  : Class not found for preloading: com.android.service.ims.presence.SubscribePublisher
11-20 13:53:26.466 10199 10199 W Zygote  : Class not found for preloading: java.lang.invoke.Transformers$ArrayLength
11-20 13:53:26.466 10199 10199 W Zygote  : Class not found for preloading: java.lang.invoke.Transformers$ReferenceArrayElementGetter
11-20 13:53:26.466 10199 10199 W Zygote  : Class not found for preloading: java.lang.invoke.Transformers$ReferenceArrayElementSetter
11-20 13:53:26.478 10199 10199 I Zygote  : ...preloaded 18366 classes in 335ms.
11-20 13:53:26.479 10199 10199 D nativeloader: InitApexLibraries:
11-20 13:53:26.479 10199 10199 D nativeloader:   com_android_art: libnativehelper.so
11-20 13:53:26.479 10199 10199 D nativeloader:   com_android_i18n: libicui18n.so:libicuuc.so:libicu.so
11-20 13:53:26.479 10199 10199 D nativeloader:   com_android_neuralnetworks: libneuralnetworks.so
11-20 13:53:26.479 10199 10199 D nativeloader: InitDefaultPublicLibraries for_preload=0: libandroid.so:libaaudio.so:libamidi.so:libbinder_ndk.so:libc.so:libcamera2ndk.so:libclang_rt.hwasan-aarch64-android.so:libdl.so:libEGL.so:libGLESv1_CM.so:libGLESv2.so:libGLESv3.so:libjnigraphics.so:liblog.so:libmediandk.so:libm.so:libnativewindow.so:libOpenMAXAL.so:libOpenSLES.so:libRS.so:libstdc++.so:libsync.so:libvulkan.so:libwebviewchromium_plat_support.so:libz.so
11-20 13:53:26.479 10199 10199 D nativeloader: Configuring clns-shared-1 for other apk /system/framework/android.hidl.base-V1.0-java.jar. target_sdk_version=36, uses_libraries=, library_path=, permitted_path=/data:/mnt/expand
11-20 13:53:26.479 10199 10199 D nativeloader: InitExtendedPublicLibraries: libxiaomi_modemdumpsdx55_jni.modem.so:libxiaomi_modemdump_jni.modem.so:libupdateprof.qti.so:libthermalclient.qti.so:libQOC.qti.so:libdiag_system.qti.so:libqape.qti.so:liblistenjni.qti.so
11-20 13:53:26.480 10199 10199 D nativeloader: InitVendorPublicLibraries: libadsprpc.so:libcdsprpc.so:libsdsprpc.so:libfastcvopt.so:liblistensoundmodel2.so:libOpenCL.so:libnpu.so:libmialgoengine.so:libmpbase.so:libHalSuperSensorServer.so:libSuperSensor.so:libSuperSensorCPU.so:libarcsoft_beautyshot.so:libarcsoft_portrait_lighting.so:libarcsoft_portrait_lighting_c.so:libarcsoft_high_dynamic_range.so:libmibokeh_855.so:libmialgo_image_colourkeeping.so:libarcsoft_distortion_correction.so:libarcsoft_bodyslim.so:libalCFR.so:libcvp_common.so:libalhLDC.so:libalAILDC.so:libflaw.so:libarcsoft_superportrait.so:libmialgo_ie_capture.so:libmialgo_utils.so:libxmi_high_dynamic_range.so:libxmi_high_dynamic_range_cdsp.so:libxmi_hdr_checker.so:libMIAIHDRhvx_interface.so:libcvp2.so:libcvp2_hfi.so:libSNPE.so:libsymphony-cpu.so:libcamera_scene.so:libsnpe_dsp_domains_v2.so:libbeauty_face_interface.so:libmiai_portraitsupernight.so:libEGL.so:librelight_only.so:libwa_depth.so:libanc_dc_base.so:libwa_refocus.so:libmiphone_capture_ldc.so:com.xiaomi.plugin.ldc.so:libwa_widelens_undis
11-20 13:53:26.480 10199 10199 D nativeloader: InitProductPublicLibraries: 
11-20 13:53:26.480 10199 10199 D ApplicationLoaders: Created zygote-cached class loader: /system/framework/android.hidl.base-V1.0-java.jar
11-20 13:53:26.481 10199 10199 D nativeloader: Configuring clns-shared-2 for other apk /system/framework/android.hidl.manager-V1.0-java.jar. target_sdk_version=36, uses_libraries=, library_path=, permitted_path=/data:/mnt/expand
11-20 13:53:26.481 10199 10199 D ApplicationLoaders: Created zygote-cached class loader: /system/framework/android.hidl.manager-V1.0-java.jar
11-20 13:53:26.482 10199 10199 D nativeloader: Configuring clns-shared-3 for other apk /system/framework/android.test.base.jar. target_sdk_version=36, uses_libraries=, library_path=, permitted_path=/data:/mnt/expand
11-20 13:53:26.482 10199 10199 D ApplicationLoaders: Created zygote-cached class loader: /system/framework/android.test.base.jar
11-20 13:53:26.483 10199 10199 D nativeloader: Configuring clns-shared-4 for other apk /system/framework/org.apache.http.legacy.jar. target_sdk_version=36, uses_libraries=, library_path=, permitted_path=/data:/mnt/expand
11-20 13:53:26.484 10199 10199 D ApplicationLoaders: Created zygote-cached class loader: /system/framework/org.apache.http.legacy.jar
11-20 13:53:26.484 10199 10199 D nativeloader: Configuring clns-shared-5 for other apk /system/framework/com.android.media.remotedisplay.jar. target_sdk_version=36, uses_libraries=, library_path=, permitted_path=/data:/mnt/expand
11-20 13:53:26.485 10199 10199 D ApplicationLoaders: Created zygote-cached class loader: /system/framework/com.android.media.remotedisplay.jar
11-20 13:53:26.485 10199 10199 D nativeloader: Configuring clns-shared-6 for other apk /system/framework/com.android.location.provider.jar. target_sdk_version=36, uses_libraries=, library_path=, permitted_path=/data:/mnt/expand
11-20 13:53:26.486 10199 10199 D ApplicationLoaders: Created zygote-cached class loader: /system/framework/com.android.location.provider.jar
11-20 13:53:26.486 10199 10199 D nativeloader: Configuring clns-shared-7 for other apk /system_ext/framework/androidx.window.extensions.jar. target_sdk_version=36, uses_libraries=, library_path=, permitted_path=/data:/mnt/expand
11-20 13:53:26.487 10199 10199 D ApplicationLoaders: Created zygote-cached class loader: /system_ext/framework/androidx.window.extensions.jar
11-20 13:53:26.488 10199 10199 D nativeloader: Configuring clns-shared-8 for other apk /system_ext/framework/androidx.window.sidecar.jar. target_sdk_version=36, uses_libraries=, library_path=, permitted_path=/data:/mnt/expand
11-20 13:53:26.488 10199 10199 D ApplicationLoaders: Created zygote-cached class loader: /system_ext/framework/androidx.window.sidecar.jar
11-20 13:53:26.488 10199 10199 I Resources: Preloading resources...
11-20 13:53:26.491 10199 10199 W Resources: Preloaded drawable resource #0x1080303 (android:drawable/dialog_background_material) that varies with configuration!!
11-20 13:53:26.491 10199 10199 W Resources: Preloaded color resource #0x1060072 (android:color/system_surface_container_highest_light) that varies with configuration!!
11-20 13:53:26.491 10199 10199 W Resources: Preloaded drawable resource #0x1080371 (android:drawable/floating_popup_background) that varies with configuration!!
11-20 13:53:26.494 10199 10199 W Resources: Preloaded drawable resource #0x10808de (android:drawable/progress_horizontal_material) that varies with configuration!!
11-20 13:53:26.494 10199 10199 W Resources: Preloaded drawable resource #0x10808e2 (android:drawable/progress_indeterminate_horizontal_material) that varies with configuration!!
11-20 13:53:26.496 10199 10199 I Resources: ...preloaded 63 resources in 8ms.
11-20 13:53:26.498 10199 10199 I Resources: ...preloaded 41 resources in 2ms.
11-20 13:53:26.524 10199 10199 I Zygote  : Preloading shared libraries...
11-20 13:53:26.525 10199 10199 D nativeloader: Load libandroid.so using system ns (caller=/system/framework/framework.jar!classes5.dex): ok
11-20 13:53:26.525 10199 10199 D nativeloader: Load libjnigraphics.so using system ns (caller=/system/framework/framework.jar!classes5.dex): ok
11-20 13:53:26.526 10199 10199 D nativeloader: Load libcompiler_rt.so using system ns (caller=/system/framework/framework.jar!classes5.dex): ok
11-20 13:53:26.526 10199 10199 D nativeloader: Load libqti_performance.so using system ns (caller=/system/framework/framework.jar!classes5.dex): dlopen failed: library "vendor.qti.hardware.perf@2.2.so" not found: needed by /system_ext/lib64/libqti-perfd-client_system.so in namespace (default)
11-20 13:53:26.526 10199 10199 E Zygote  : Couldn't load qti_performance
11-20 13:53:26.526 10199 10199 E zygote64: Unable to find pattern file or unable to map it for am
11-20 13:53:26.538 10199 10199 D nativeloader: Load libmainlinecronet.133.0.6876.3.so using APEX ns com_android_tethering for caller /apex/com.android.tethering/javalib/framework-connectivity.jar: ok
11-20 13:53:26.544 10199 10199 D nativeloader: Load libwebviewchromium_loader.so using system ns (caller=/system/framework/framework.jar!classes4.dex): ok
11-20 13:53:26.544 10199 10199 I Zygote  : Called ZygoteHooks.endPreload()
11-20 13:53:26.544 10199 10199 I Zygote  : Installed AndroidKeyStoreProvider in 0ms.
11-20 13:53:26.545 10199 10199 I Zygote  : Warmed up JCA providers in 1ms.
11-20 13:53:26.545 10199 10199 D Zygote  : end preload
11-20 13:53:26.575 10199 10199 I zygote64: Explicit concurrent copying GC freed 5466KB AllocSpace bytes, 5(100KB) LOS objects, 50% free, 8710KB/17MB, paused 39us,9us total 30.120ms
11-20 13:53:26.601 10199 10199 I zygote64: Explicit concurrent copying GC freed 633KB AllocSpace bytes, 0(0B) LOS objects, 50% free, 8125KB/15MB, paused 21us,8us total 24.656ms
11-20 13:53:26.603 10199 10199 W libprocessgroup: A JoinCgroup action in the SystemMemoryProcess profile is used for controller memory in the cgroup v2 hierarchy and will be ignored
11-20 13:53:26.659 10199 10199 D Zygote  : Forked child process 10301
11-20 13:53:26.659 10199 10199 I Zygote  : System server process 10301 has been created
11-20 13:53:26.660 10199 10199 I Zygote  : Accepting command socket connections
11-20 13:53:26.660  1611  1653 I QC-NETMGR-LIB: NetmgrNetdClientSetIpForwardEnable(): Looking for Netd service
11-20 13:53:26.660  1611  1653 I QC-NETMGR-LIB: NetmgrNetdClientSetIpForwardEnable(): starting command
11-20 13:53:26.660  1611  1653 I QC-NETMGR-LIB: setIpForwardEnable(): Attempting setIpForwardEnable
11-20 13:53:26.660  1611  1653 I QC-NETMGR-LIB: NetmgrNetdClientSetIpForwardEnable(): completed command
11-20 13:53:26.660  1611  1653 I QC-NETMGR-LIB: NetmgrNetdClientAddInterfaceToOemNetwork(): Looking for Netd service
11-20 13:53:26.660  1611  1653 I QC-NETMGR-LIB: NetmgrNetdClientAddInterfaceToOemNetwork(): starting command
11-20 13:53:26.660  1611  1653 I QC-NETMGR-LIB: addInterfaceToOemNetwork(): Attempting addInterfaceToOemNetwork
11-20 13:53:26.661 10204 10231 E netd    : Error adding route 224.0.0.0/24 -> (null) rmnet_data0 to table 1000000012: File exists
11-20 13:53:26.662  1611  1653 I QC-NETMGR-LIB: NetmgrNetdClientAddInterfaceToOemNetwork(): completed command
11-20 13:53:26.671 10301 10301 D nativeloader: Configuring clns-shared-9 for other apk /system/framework/com.android.location.provider.jar:/system/framework/services.jar:/system/framework/org.lineageos.platform.jar:/apex/com.android.adservices/javalib/service-adservices.jar:/apex/com.android.adservices/javalib/service-sdksandbox.jar:/apex/com.android.appsearch/javalib/service-appsearch.jar:/apex/com.android.art/javalib/service-art.jar:/apex/com.android.configinfrastructure/javalib/service-configinfrastructure.jar:/apex/com.android.crashrecovery/javalib/service-crashrecovery.jar:/apex/com.android.healthfitness/javalib/service-healthfitness.jar:/apex/com.android.media/javalib/service-media-s.jar:/apex/com.android.ondevicepersonalization/javalib/service-ondevicepersonalization.jar:/apex/com.android.permission/javalib/service-permission.jar:/apex/com.android.rkpd/javalib/service-rkp.jar:/apex/com.android.virt/javalib/service-virtualization.jar. target_sdk_version=10000, uses_libraries=ALL, library_path=/system/lib64:/system_ext/lib64, permitted_path=/data:/m
11-20 13:53:26.671 10301 10301 D nativeloader: Extending system_exposed_libraries: libxiaomi_modemdumpsdx55_jni.modem.so:libxiaomi_modemdump_jni.modem.so:libupdateprof.qti.so:libthermalclient.qti.so:libQOC.qti.so:libdiag_system.qti.so:libqape.qti.so:liblistenjni.qti.so
11-20 13:53:26.672 10301 10301 D nativeloader: InitApexLibraries:
11-20 13:53:26.672 10301 10301 D nativeloader:   com_android_adservices: libhpke_jni.so:libtflite_support_classifiers_native.so
11-20 13:53:26.672 10301 10301 D nativeloader:   com_android_appsearch: libicing.so
11-20 13:53:26.672 10301 10301 D nativeloader:   com_android_art: libartservice.so
11-20 13:53:26.672 10301 10301 D nativeloader:   com_android_bt: libbluetooth_jni.so
11-20 13:53:26.672 10301 10301 D nativeloader:   com_android_conscrypt: libjavacrypto.so
11-20 13:53:26.672 10301 10301 D nativeloader:   com_android_extservices: libtflite_support_classifiers_native.so
11-20 13:53:26.672 10301 10301 D nativeloader:   com_android_mediaprovider: libpdfclient.so
11-20 13:53:26.672 10301 10301 D nativeloader:   com_android_nfcservices: libnfc_nci_jni.so
11-20 13:53:26.672 10301 10301 D nativeloader:   com_android_ondevicepersonalization: libfcp_cpp_dep_jni.so:libfcp_hpke_jni.so
11-20 13:53:26.672 10301 10301 D nativeloader:   com_android_os_statsd: libstats_jni.so
11-20 13:53:26.672 10301 10301 D nativeloader:   com_android_tethering: libframework-connectivity-jni.so:libframework-connectivity-tiramisu-jni.so:libmainlinecronet.133.0.6876.3.so:stable_cronet_libcrypto.so:stable_cronet_libssl.so:libandroid_net_connectivity_com_android_net_module_util_jni.so:libservice-connectivity.so:libservice-thread-jni.so
11-20 13:53:26.672 10301 10301 D nativeloader:   com_android_uwb: libuwb_uci_jni_rust.so
11-20 13:53:26.672 10301 10301 D nativeloader:   com_android_virt: libvirtualizationservice_jni.so:libvirtualmachine_jni.so
11-20 13:53:26.672 10301 10301 D nativeloader:   com_android_wifi: libservice-wifi-jni.so
11-20 13:53:26.674 10301 10301 D nativeloader: Configuring clns-shared-10 for other apk /apex/com.android.bt/javalib/service-bluetooth.jar. target_sdk_version=36, uses_libraries=ALL, library_path=, permitted_path=/data:/mnt/expand
