11-17 19:25:46.799 W/HapticCompat(30869): 	at android.os.Handler.handleCallback(Handler.java:995)
11-17 19:25:46.799 W/HapticCompat(30869): 	at android.os.Handler.dispatchMessage(Handler.java:103)
11-17 19:25:46.799 W/HapticCompat(30869): 	at android.os.Looper.loopOnce(Looper.java:248)
11-17 19:25:46.799 W/HapticCompat(30869): 	at android.os.Looper.loop(Looper.java:338)
11-17 19:25:46.799 W/HapticCompat(30869): 	at android.app.ActivityThread.main(ActivityThread.java:9145)
11-17 19:25:46.799 W/HapticCompat(30869): 	at java.lang.reflect.Method.invoke(Native Method)
11-17 19:25:46.799 W/HapticCompat(30869): 	at com.android.internal.os.RuntimeInit$MethodAndArgsCaller.run(RuntimeInit.java:596)
11-17 19:25:46.799 W/HapticCompat(30869): 	at com.android.internal.os.ZygoteInit.main(ZygoteInit.java:940)
11-17 19:25:46.799 W/HapticCompat(30869): Caused by: java.lang.ClassNotFoundException: miui.util.HapticFeedbackUtil
11-17 19:25:46.799 W/HapticCompat(30869): 	... 86 more
11-17 19:25:46.799 I/HapticCompat(30869): Rom haptic version: 1.0
11-17 19:25:46.800 W/HapticFeedbackCompat(30869): MiuiHapticFeedbackConstants not found or not compatible for LinearVibrator.
11-17 19:25:46.800 D/CAM_VibratorContext(30869): performModeSwitch: 
11-17 19:25:46.801 W/View    (30869): requestLayout() improperly called by com.android.camera.ui.AdaptiveMarqueeTextView{71bcd50 V.ED..... ..SP..ID 0,0-104,136 #7f0b047d app:id/mode_select_item} during layout: running second layout pass
11-17 19:25:46.801 D/CAM_DragLayout(30869): setDragEnable mDragMode : false, mPromptMode : false,mBar : null,withAnim : false
11-17 19:25:46.804 D/CAM_Camera2ModuleHandler(30869): onMessage MSG_ABANDON_HANDLER setActivity null
11-17 19:25:46.804 D/CAM_BaseModule(30869): setActivity, activity: null, d.c.a.q6.r7.ok(Unknown Source:23), d.c.a.q6.q8.g1.handleMessage(Unknown Source:28), android.os.Handler.dispatchMessage(Handler.java:110), 
11-17 19:25:46.811 D/CAM_AbstractFragment(30869): baseUpdateView FragmentVideoPrompter, true
11-17 19:25:46.813 D/CAM_AbstractFragment(30869): baseUpdateView FragmentAutoZoom, true
11-17 19:25:46.814 D/CAM_AbstractFragment(30869): baseUpdateView FragmentSubtitle, true
11-17 19:25:46.814 D/CAM_FragmentVideoPrompter(30869): onResume: 
11-17 19:25:46.814 V/CAM_c0  (30869): skip request caz invalid already removed.
11-17 19:25:46.814 I/CAM_SettingUiState(30869): FucName videoTag  mode: 162 isFront:false
11-17 19:25:46.815 D/CAM_TipLocationManager(30869): getCurrentLimitRect: add tip, type = VIDEO_TAG, orientation = 0, location =72
11-17 19:25:46.815 D/CAM_TipLocationManager(30869): getCurrentLimitRect: mCurrentLimitRect = Rect(40, 286 - 1040, 1376)
11-17 19:25:46.816 E/CamX    ( 1085): [ERROR][STATS_AEC] camxcaecstatsprocessor.cpp:6641 DoFlickerFFTProcess() DoFlickerFFTProcess exit
11-17 19:25:46.817 E/CHIUSECASE( 1085): ~MiNodeBase: [Eeee] CurrentNodeType=1000
11-17 19:25:46.817 V/CAM_a0  (30869): loadDynamic opts src: [DynamicFragmentOperation{mTimeoutReset=false, mDepend=d.c.a.h6.h5.i0@b07170e} BaseOperation{type=SHOW_CONTAINER, contType=DUAL_CAMERA, info= 0x0, subInfo= 0xF0'}, DynamicFragmentOperation{mTimeoutReset=false, mDepend=d.c.a.h6.h5.i0@b07170e} BaseOperation{type=SHOW_CONTAINER, contType=BOTTOM_BAR, info= 0x0, subInfo= 0xF0'}, DynamicFragmentOperation{mTimeoutReset=false, mDepend=d.c.a.h6.h5.i0@b07170e} BaseOperation{type=SHOW_CONTAINER, contType=MODE_SELECTOR, info= 0x0, subInfo= 0xF0'}, DynamicFragmentOperation{mTimeoutReset=false, mDepend=d.c.a.h6.h5.i0@b07170e} BaseOperation{type=SHOW_CONTAINER, contType=POPUP_TIPS, info= 0x0, subInfo= 0xF0'}, DynamicFragmentOperation{mTimeoutReset=false, mDepend=d.c.a.h6.h5.i0@b07170e} BaseOperation{type=SHOW_CONTAINER, contType=BEAUTY_PANEL, info= 0x0, subInfo= 0xF0'}], dst : [DynamicFragmentOperation{mTimeoutReset=false, mDepend=d.c.a.h6.h5.i0@b07170e} BaseOperation{type=SHOW_CONTAINER, contType=DUAL_CAMERA, info= 0x0, subInfo= 0xF0'}, DynamicFragmentOperation{mTimeoutReset=false, mDepend=d.c.a.h6.h5.i0@b07170e} BaseOperation{type=SHOW_CONTAINER, contType=BOTTOM_BAR, info= 0x0, subInfo= 0xF0'}, DynamicFragmentOperation{mTimeoutReset=false, mDepend=d.c.a.h6.h5.i0@b07170e} BaseOperation{type=SHOW_CONTAINER, contType=MODE_SELECTOR, info= 0x0, subInfo= 0xF0'}, DynamicFragmentOperation{mTimeoutReset=false, mDepend=d.c.a.h6.h5.i0@b07170e} BaseOperation{type=SHOW_CONTAINER, contType=POPUP_TIPS, info= 0x0, subInfo= 0xF0'}, DynamicFragmentOperation{mTimeoutReset=false, mDepend=d.c.a.h6.h5.i0@b07170e} BaseOperation{type=SHOW_CONTAINER, contType=BEAUTY_PANEL, info= 0x0, subInfo= 0xF0'}]
11-17 19:25:46.817 V/CAM_Delegate@244026995(30869): currentFragments {BOTTOM_BAR ,VState :0 , fragInfo: [0xF1], MODE_SELECTOR ,VState :0 , fragInfo: [0xF2], TOP_BAR ,VState :0 , fragInfo: [0xF4], DUAL_CAMERA ,VState :0 , fragInfo: [0xFF4], MAIN_CONTENT ,VState :0 , fragInfo: [0xF3, 0xEC], POPUP_TIPS ,VState :0 , fragInfo: [0xF0, 0xFFF9], BEAUTY_PANEL ,VState :0 , fragInfo: [0xF0], POST_VIEW ,VState :0 , fragInfo: [0xF0], GALLERY , fragInfo: [0xF0], PREVIEW_ROOT ,VState :0 , fragInfo: [0xF0, 0xFFFFFF2], EXTRA_TOP_BAR , fragInfo: [0xF0], MENU_ROOT ,VState :0 , fragInfo: [0xF0], LOWER_LAYER ,VState :0 , fragInfo: [0xF0], MID_LAYER ,VState :0 , fragInfo: [0xF0, 0xFF1], HIGHER_LAYER ,VState :0 , fragInfo: [0xF0, 0xFFFE]}
11-17 19:25:46.859 I/CVP     ( 1085): File: vendor/qcom/proprietary/cv-noship/cvp/2.0/src/cpu/cvpPvtUtils.cpp Line: 138 Function: cvpSetPower() Msg: Update power to KMD
11-17 19:25:46.859 I/CVP     ( 1085): File: vendor/qcom/proprietary/cv-noship/cvp/2.0/src/cpu/cvpPower.cpp Line: 85 Function: cvpPrintPower() Msg: Actual      Clock: Fdu 0, Ica 0, Od 0, Mpu 0, Fw 0
11-17 19:25:46.859 I/CVP     ( 1085): File: vendor/qcom/proprietary/cv-noship/cvp/2.0/src/cpu/cvpPower.cpp Line: 89 Function: cvpPrintPower() Msg: Operational Clock: Fdu 0, Ica 0, Od 0, Mpu 0, Fw 0
11-17 19:25:46.859 I/CVP     ( 1085): File: vendor/qcom/proprietary/cv-noship/cvp/2.0/src/cpu/cvpPower.cpp Line: 91 Function: cvpPrintPower() Msg: Actual     Bw: Ddr 0, SysCache 0
11-17 19:25:46.859 I/CVP     ( 1085): File: vendor/qcom/proprietary/cv-noship/cvp/2.0/src/cpu/cvpPower.cpp Line: 93 Function: cvpPrintPower() Msg: Opeational Bw: Ddr 0, SysCache 0
11-17 19:25:46.860 I/CVP     ( 1085): File: vendor/qcom/proprietary/cv-noship/cvp/2.0/src/cpu/cvpPower.cpp Line: 1636 Function: cvpDeaggreatePower() Msg: After deaggregation
11-17 19:25:46.860 I/CVP     ( 1085): File: vendor/qcom/proprietary/cv-noship/cvp/2.0/src/cpu/cvpPower.cpp Line: 85 Function: cvpPrintPower() Msg: Actual      Clock: Fdu 0, Ica 0, Od 0, Mpu 0, Fw 0
11-17 19:25:46.860 I/CVP     ( 1085): File: vendor/qcom/proprietary/cv-noship/cvp/2.0/src/cpu/cvpPower.cpp Line: 89 Function: cvpPrintPower() Msg: Operational Clock: Fdu 0, Ica 0, Od 0, Mpu 0, Fw 0
11-17 19:25:46.860 I/CVP     ( 1085): File: vendor/qcom/proprietary/cv-noship/cvp/2.0/src/cpu/cvpPower.cpp Line: 91 Function: cvpPrintPower() Msg: Actual     Bw: Ddr 0, SysCache 0
11-17 19:25:46.860 I/CVP     ( 1085): File: vendor/qcom/proprietary/cv-noship/cvp/2.0/src/cpu/cvpPower.cpp Line: 93 Function: cvpPrintPower() Msg: Opeational Bw: Ddr 0, SysCache 0
11-17 19:25:46.861 V/SYNX-UMD( 1085): Synx Uninit!
11-17 19:25:46.861 V/SYNX-UMD( 1085): Flush of dispatch job called!
11-17 19:25:46.861 V/SYNX-UMD( 1085): Joining hPollThread = 517308627968
11-17 19:25:46.861 V/SYNX-UMD( 1085): Exiting!
11-17 19:25:46.861 V/SYNX-UMD( 1085): Thread killed
11-17 19:25:46.861 V/SYNX-UMD( 1085): Completed Synx FW tear down
11-17 19:25:46.870 I/CameraProviderManager( 1520): Camera device device@3.5/legacy/0 torch status is now AVAILABLE_OFF
11-17 19:25:46.870 I/CameraService( 1520): onTorchStatusChangedLocked: Torch status changed for cameraId=0, newStatus=1
11-17 19:25:46.870 D/FlashlightController( 2668): dispatchAvailabilityChanged(true)
11-17 19:25:46.870 I/CameraProviderManager( 1520): Camera device device@3.5/legacy/1 torch status is now AVAILABLE_OFF
11-17 19:25:46.870 I/CameraService( 1520): onTorchStatusChangedLocked: Torch status changed for cameraId=1, newStatus=1
11-17 19:25:46.870 E/CameraService( 1520): onTorchStatusChangedLocked: cannot get torch status of camera 1: No such file or directory (-2)
11-17 19:25:46.870 I/CameraProviderManager( 1520): Camera device device@3.5/legacy/2 torch status is now AVAILABLE_OFF
11-17 19:25:46.870 I/CameraService( 1520): onTorchStatusChangedLocked: Torch status changed for cameraId=2, newStatus=1
11-17 19:25:46.871 W/CameraManagerGlobal( 2668): ignore the torch status update of camera: 2
11-17 19:25:46.871 W/CameraManagerGlobal( 1811): ignore the torch status update of camera: 2
11-17 19:25:46.871 W/CameraManagerGlobal( 3956): ignore the torch status update of camera: 2
11-17 19:25:46.871 W/CameraManagerGlobal( 6221): ignore the torch status update of camera: 2
11-17 19:25:46.871 I/CameraProviderManager( 1520): Camera device device@3.5/legacy/3 torch status is now AVAILABLE_OFF
11-17 19:25:46.871 I/CameraService( 1520): onTorchStatusChangedLocked: Torch status changed for cameraId=3, newStatus=1
11-17 19:25:46.871 W/CameraManagerGlobal( 1811): ignore the torch status update of camera: 3
11-17 19:25:46.871 W/CameraManagerGlobal( 2668): ignore the torch status update of camera: 3
11-17 19:25:46.871 W/CameraManagerGlobal( 6221): ignore the torch status update of camera: 3
11-17 19:25:46.871 W/CameraManagerGlobal( 3956): ignore the torch status update of camera: 3
11-17 19:25:46.871 I/CameraProviderManager( 1520): Camera device device@3.5/legacy/4 torch status is now AVAILABLE_OFF
11-17 19:25:46.871 I/CameraService( 1520): onTorchStatusChangedLocked: Torch status changed for cameraId=4, newStatus=1
11-17 19:25:46.871 W/CameraManagerGlobal( 1811): ignore the torch status update of camera: 4
11-17 19:25:46.871 W/CameraManagerGlobal( 3956): ignore the torch status update of camera: 4
11-17 19:25:46.871 W/CameraManagerGlobal( 6221): ignore the torch status update of camera: 4
11-17 19:25:46.871 I/CameraProviderManager( 1520): Camera device device@3.5/legacy/5 torch status is now AVAILABLE_OFF
11-17 19:25:46.871 W/CameraManagerGlobal( 2668): ignore the torch status update of camera: 4
11-17 19:25:46.871 I/CameraService( 1520): onTorchStatusChangedLocked: Torch status changed for cameraId=5, newStatus=1
11-17 19:25:46.872 W/CameraManagerGlobal( 3956): ignore the torch status update of camera: 5
11-17 19:25:46.872 W/CameraManagerGlobal( 2668): ignore the torch status update of camera: 5
11-17 19:25:46.872 W/CameraManagerGlobal( 1811): ignore the torch status update of camera: 5
11-17 19:25:46.872 W/CameraManagerGlobal( 6221): ignore the torch status update of camera: 5
11-17 19:25:46.872 I/AiAiEcho( 3956): Settings changed for uri: content://settings/secure/flashlight_available
11-17 19:25:46.872 I/AiAiEcho( 3956): Predicting[6]: { Feature:1, creation:2025-11-17T22:00:00Z, expiry:2025-11-17T22:00:00Z, isExpired: true}, { Feature:1, creation:2025-11-17T20:00:00Z, expiry:2025-11-17T20:00:00Z, isExpired: true}, { Feature:1, creation:2025-11-17T21:00:00Z, expiry:2025-11-17T21:00:00Z, isExpired: true}, { Feature:1, creation:2025-11-17T18:00:00Z, expiry:2025-11-17T19:00:00Z, isExpired: false}, { Feature:1, creation:2025-11-17T19:00:00Z, expiry:2025-11-17T19:00:00Z, isExpired: true}, { Feature:1, creation:2025-11-17T17:00:00Z, expiry:2025-11-17T18:00:00Z, isExpired: true} [CONTEXT sampling_count=5 ]
11-17 19:25:46.872 I/CameraProviderManager( 1520): Camera device device@3.5/legacy/6 torch status is now AVAILABLE_OFF
11-17 19:25:46.872 I/CameraService( 1520): onTorchStatusChangedLocked: Torch status changed for cameraId=6, newStatus=1
11-17 19:25:46.872 W/CameraManagerGlobal( 3956): ignore the torch status update of camera: 6
11-17 19:25:46.872 W/CameraManagerGlobal( 2668): ignore the torch status update of camera: 6
11-17 19:25:46.872 W/CameraManagerGlobal( 1811): ignore the torch status update of camera: 6
11-17 19:25:46.872 I/CameraProviderManager( 1520): Camera device device@3.5/legacy/7 torch status is now AVAILABLE_OFF
11-17 19:25:46.872 I/CameraService( 1520): onTorchStatusChangedLocked: Torch status changed for cameraId=7, newStatus=1
11-17 19:25:46.872 W/CameraManagerGlobal( 6221): ignore the torch status update of camera: 6
11-17 19:25:46.872 W/CameraManagerGlobal( 3956): ignore the torch status update of camera: 7
11-17 19:25:46.872 W/CameraManagerGlobal( 1811): ignore the torch status update of camera: 7
11-17 19:25:46.872 W/CameraManagerGlobal( 2668): ignore the torch status update of camera: 7
11-17 19:25:46.872 I/CameraProviderManager( 1520): Camera device device@3.5/legacy/8 torch status is now AVAILABLE_OFF
11-17 19:25:46.872 I/CameraService( 1520): onTorchStatusChangedLocked: Torch status changed for cameraId=8, newStatus=1
11-17 19:25:46.872 E/CameraService( 1520): onTorchStatusChangedLocked: cannot get torch status of camera 8: No such file or directory (-2)
11-17 19:25:46.872 W/CameraManagerGlobal( 6221): ignore the torch status update of camera: 7
11-17 19:25:46.872 I/CameraProviderManager( 1520): Camera device device@3.5/legacy/9 torch status is now AVAILABLE_OFF
11-17 19:25:46.872 I/CameraService( 1520): onTorchStatusChangedLocked: Torch status changed for cameraId=9, newStatus=1
11-17 19:25:46.873 W/CameraManagerGlobal( 1811): ignore the torch status update of camera: 9
11-17 19:25:46.873 I/AiAiEcho( 3956): EchoTargets: Feature:1
11-17 19:25:46.873 I/AiAiEcho( 3956): Filtered by AiAi flag check: 
11-17 19:25:46.873 I/AiAiEcho( 3956): [CONTEXT ratelimit_period="10 SECONDS" ]
11-17 19:25:46.873 W/CameraManagerGlobal( 6221): ignore the torch status update of camera: 9
11-17 19:25:46.873 I/CameraProviderManager( 1520): Camera device device@3.5/legacy/10 torch status is now AVAILABLE_OFF
11-17 19:25:46.873 I/CameraService( 1520): onTorchStatusChangedLocked: Torch status changed for cameraId=10, newStatus=1
11-17 19:25:46.873 W/CameraManagerGlobal( 3956): ignore the torch status update of camera: 9
11-17 19:25:46.873 W/CameraManagerGlobal( 1811): ignore the torch status update of camera: 10
11-17 19:25:46.873 W/CameraManagerGlobal( 2668): ignore the torch status update of camera: 9
11-17 19:25:46.873 W/CameraManagerGlobal( 6221): ignore the torch status update of camera: 10
11-17 19:25:46.873 W/CameraManagerGlobal( 2668): ignore the torch status update of camera: 10
11-17 19:25:46.873 W/CameraManagerGlobal( 3956): ignore the torch status update of camera: 10
11-17 19:25:46.874 I/AiAiEcho( 3956): #weatherSubItemsTwiddler: Weather removes SubtitleSupplementalItem in surface: home [CONTEXT ratelimit_period="10 SECONDS" ]
11-17 19:25:46.874 I/AiAiEcho( 3956): #remoteViewsTwiddler: feature disabled.
11-17 19:25:46.875 I/CameraLatencyHistogram( 1520): Stream 0 dequeueBuffer latency histogram (19) samples:
11-17 19:25:46.875 I/CameraLatencyHistogram( 1520):         5     10     15     20     25     30     35     40     45    inf (max ms)
11-17 19:25:46.875 I/CameraLatencyHistogram( 1520):      100.00   0.00   0.00   0.00   0.00   0.00   0.00   0.00   0.00   0.00 (%)
11-17 19:25:46.876 I/CameraLatencyHistogram( 1520): Stream 2 dequeueBuffer latency histogram (19) samples:
11-17 19:25:46.876 I/CameraLatencyHistogram( 1520):         5     10     15     20     25     30     35     40     45    inf (max ms)
11-17 19:25:46.876 I/CameraLatencyHistogram( 1520):      100.00   0.00   0.00   0.00   0.00   0.00   0.00   0.00   0.00   0.00 (%)
11-17 19:25:46.876 I/Camera3-Device( 1520): disconnectImpl: X
11-17 19:25:46.877 E/CameraManagerGlobal( 2668): Camera 5 is not present. Ignore physical camera status change
11-17 19:25:46.877 I/CameraService( 1520): disconnect: Disconnected client for camera 0 for PID 30869
11-17 19:25:46.877 E/CameraManagerGlobal( 6221): Camera 5 is not present. Ignore physical camera status change
11-17 19:25:46.877 E/CameraManagerGlobal( 3956): Camera 5 is not present. Ignore physical camera status change
11-17 19:25:46.877 E/CameraManagerGlobal( 2668): Camera 6 is not present. Ignore physical camera status change
11-17 19:25:46.877 E/CameraManagerGlobal( 6221): Camera 6 is not present. Ignore physical camera status change
11-17 19:25:46.877 E/CameraManagerGlobal( 3956): Camera 6 is not present. Ignore physical camera status change
11-17 19:25:46.877 E/CameraManagerGlobal( 2668): Camera 9 is not present. Ignore physical camera status change
11-17 19:25:46.877 E/CameraManagerGlobal( 1811): Camera 5 is not present. Ignore physical camera status change
11-17 19:25:46.877 E/CameraManagerGlobal( 3956): Camera 9 is not present. Ignore physical camera status change
11-17 19:25:46.877 E/CameraManagerGlobal( 6221): Camera 9 is not present. Ignore physical camera status change
11-17 19:25:46.877 E/CameraManagerGlobal( 1811): Camera 6 is not present. Ignore physical camera status change
11-17 19:25:46.877 E/CameraManagerGlobal( 1811): Camera 9 is not present. Ignore physical camera status change
11-17 19:25:46.877 D/CAM_ActivityBase(30869): onCameraAvailable: 0
11-17 19:25:46.878 I/CAM_PerformanceManager(30869): [P_PERFORM]: Event: CAMERA_CLOSE_162_0 takes 99 ms
11-17 19:25:46.878 I/CAM_PerformanceManager(30869): [P_PERFORM]: Event: CAMERA_CLOSE takes 99 is less than 2000
11-17 19:25:46.878 D/CAM_MiCameraSurfaceManager(30869): close imageReader android.media.ImageReader@2b6519b
11-17 19:25:46.878 V/CAM_MiCamera2(30869): E: reset
11-17 19:25:46.878 V/CAM_MiCamera2(30869): reset: hashcode:null
11-17 19:25:46.878 V/CAM_MiCamera2(30869): X: reset
11-17 19:25:46.878 I/CAM_MiCamera2(30869): [K_PROCESS]: X: close: cameraId = 0
11-17 19:25:46.878 I/CAM_CloseCameraCallable(30869): [K_PROCESS]: X: closeCamera: cid = null, excludes = []
11-17 19:25:46.878 D/CAM_CloseCameraCallable(30869): X: cid: null (dur: 113)
11-17 19:25:46.878 D/CAM_CloseCameraCallable(30869): postCallback
11-17 19:25:46.878 D/CAM_OpenCameraCallable(30869): E: cid: 0
11-17 19:25:46.878 D/CAM_CloseCameraCallable(30869): Success: cid: null (dur: 114)
11-17 19:25:46.879 I/AiAiEcho( 3956): Predicting[6]: { Feature:1, creation:2025-11-17T22:00:00Z, expiry:2025-11-17T22:00:00Z, isExpired: true}, { Feature:1, creation:2025-11-17T20:00:00Z, expiry:2025-11-17T20:00:00Z, isExpired: true}, { Feature:1, creation:2025-11-17T21:00:00Z, expiry:2025-11-17T21:00:00Z, isExpired: true}, { Feature:1, creation:2025-11-17T18:00:00Z, expiry:2025-11-17T19:00:00Z, isExpired: false}, { Feature:1, creation:2025-11-17T19:00:00Z, expiry:2025-11-17T19:00:00Z, isExpired: true}, { Feature:1, creation:2025-11-17T17:00:00Z, expiry:2025-11-17T18:00:00Z, isExpired: true} [CONTEXT sampling_count=5 ]
11-17 19:25:46.880 I/AiAiEcho( 3956): EchoTargets: Feature:1
11-17 19:25:46.880 I/AiAiEcho( 3956): Filtered by AiAi flag check: 
11-17 19:25:46.880 I/AiAiEcho( 3956): [CONTEXT ratelimit_period="10 SECONDS" ]
11-17 19:25:46.880 I/CAM_OpenCameraCallable(30869): [K_PROCESS]: Busy in closing 0, postpone open request 0
11-17 19:25:46.880 D/CAM_OpenCameraCallable(30869): X: cid: 0 (dur: 1)
11-17 19:25:46.880 D/CAM_OpenCameraCallable(30869): postCallback
11-17 19:25:46.880 D/CAM_OpenCameraCallable(30869): E: cid: 0
11-17 19:25:46.880 D/CAM_OpenCameraCallable(30869): Success: cid: 0 (dur: 1)
11-17 19:25:46.880 I/CAM_OpenCameraCallable(30869): [K_PROCESS]: Busy in closing 0, postpone open request 0
11-17 19:25:46.880 D/CAM_OpenCameraCallable(30869): X: cid: 0 (dur: 0)
11-17 19:25:46.880 D/CAM_OpenCameraCallable(30869): postCallback
11-17 19:25:46.880 D/CAM_OpenCameraCallable(30869): Success: cid: 0 (dur: 0)
11-17 19:25:46.880 I/CAM_CameraStateCallback(30869): [K_PROCESS]: onClosed: cid = 0, closing = true
11-17 19:25:46.880 D/CAM_OpenCameraCallable(30869): E: cid: 0
11-17 19:25:46.880 D/CAM_CameraOpenObservable(30869): onClosed: cid = 0, listener = 222857326
11-17 19:25:46.880 D/CAM_Camera2OpenManager(30869): onClosed: cid = 0|android.hardware.camera2.impl.CameraDeviceImpl@fefc571
11-17 19:25:46.880 I/CAM_PerformanceManager(30869): [P_PERFORM]: Action: 1:createActivity2openCamera has never call startAction before
11-17 19:25:46.880 I/CAM_OpenCameraCallable(30869): [K_PROCESS]: openCamera: retries = 0
11-17 19:25:46.880 I/CAM_OpenCameraCallable(30869): [K_PROCESS]: openCamera: E: cid = 0
11-17 19:25:46.881 I/AiAiEcho( 3956): #weatherSubItemsTwiddler: Weather removes SubtitleSupplementalItem in surface: home [CONTEXT ratelimit_period="10 SECONDS" ]
11-17 19:25:46.881 I/AiAiEcho( 3956): #remoteViewsTwiddler: feature disabled.
11-17 19:25:46.881 D/Camera3-Utils( 1520): Set real time priority for thread (tid 14997)
11-17 19:25:46.882 I/CameraService( 1520): CameraService::connect call (PID 30869 "com.android.camera", camera ID 0) and Camera API version 2
11-17 19:25:46.883 I/Camera2ClientBase( 1520): Camera 0: Opened. Client: com.android.camera (PID 30869, UID 10586)
11-17 19:25:46.883 I/CameraDeviceClient( 1520): CameraDeviceClient 0: Opened
11-17 19:25:46.883 I/CameraService( 1520): makeClient: Camera2 API, rotationOverride 0
11-17 19:25:46.883 D/CameraService( 1520): notifyCameraOpening: Bypassing checkOp for uid 10586
11-17 19:25:46.883 I/CameraService( 1520): onTorchStatusChangedLocked: Torch status changed for cameraId=0, newStatus=0
11-17 19:25:46.883 D/FlashlightController( 2668): dispatchAvailabilityChanged(false)
11-17 19:25:46.884 E/CameraManagerGlobal( 1811): Camera 5 is not present. Ignore physical camera status change
11-17 19:25:46.884 E/CameraManagerGlobal( 2668): Camera 5 is not present. Ignore physical camera status change
11-17 19:25:46.884 E/CameraManagerGlobal( 3956): Camera 5 is not present. Ignore physical camera status change
11-17 19:25:46.884 E/CameraManagerGlobal( 6221): Camera 5 is not present. Ignore physical camera status change
11-17 19:25:46.884 E/CameraManagerGlobal( 2668): Camera 6 is not present. Ignore physical camera status change
11-17 19:25:46.884 E/CameraManagerGlobal( 3956): Camera 6 is not present. Ignore physical camera status change
11-17 19:25:46.884 E/CameraManagerGlobal( 6221): Camera 6 is not present. Ignore physical camera status change
11-17 19:25:46.884 E/CameraManagerGlobal( 2668): Camera 9 is not present. Ignore physical camera status change
11-17 19:25:46.884 E/CameraManagerGlobal( 3956): Camera 9 is not present. Ignore physical camera status change
11-17 19:25:46.884 E/CameraManagerGlobal( 6221): Camera 9 is not present. Ignore physical camera status change
11-17 19:25:46.884 E/CameraManagerGlobal( 1811): Camera 6 is not present. Ignore physical camera status change
11-17 19:25:46.884 I/AiAiEcho( 3956): #postPredictionTargets: Sending updates to UISurface home with targets# 1 (types=[1])
11-17 19:25:46.884 E/CameraManagerGlobal( 1811): Camera 9 is not present. Ignore physical camera status change
11-17 19:25:46.884 D/CAM_ActivityBase(30869): onCameraUnavailable: 0
11-17 19:25:46.886 D/SsBaseTemplateCard( 2937): No text view can be set up
11-17 19:25:46.886 I/SsBaseTemplateCard( 2937): setFormattedContentDescription: text=11°C, iconDescription=Despejado, contentDescription=Despejado, 11°C
11-17 19:25:46.886 D/SsBaseTemplateCard( 2937): Passed-in item info is null
11-17 19:25:46.886 D/SsBaseTemplateCard( 2937): Passed-in item info is null
11-17 19:25:46.886 I/SsBaseTemplateCard( 2937): Secondary card pane is null
11-17 19:25:46.887 I/AiAiEcho( 3956): #postPredictionTargets: Sending updates to UISurface home with targets# 1 (types=[1])
11-17 19:25:46.887 I/AiAiEcho( 3956): Settings changed for uri: content://settings/secure/flashlight_available
11-17 19:25:46.888 I/AiAiEcho( 3956): Predicting[6]: { Feature:1, creation:2025-11-17T22:00:00Z, expiry:2025-11-17T22:00:00Z, isExpired: true}, { Feature:1, creation:2025-11-17T20:00:00Z, expiry:2025-11-17T20:00:00Z, isExpired: true}, { Feature:1, creation:2025-11-17T21:00:00Z, expiry:2025-11-17T21:00:00Z, isExpired: true}, { Feature:1, creation:2025-11-17T18:00:00Z, expiry:2025-11-17T19:00:00Z, isExpired: false}, { Feature:1, creation:2025-11-17T19:00:00Z, expiry:2025-11-17T19:00:00Z, isExpired: true}, { Feature:1, creation:2025-11-17T17:00:00Z, expiry:2025-11-17T18:00:00Z, isExpired: true} [CONTEXT sampling_count=5 ]
11-17 19:25:46.889 I/AiAiEcho( 3956): EchoTargets: Feature:1
11-17 19:25:46.889 I/AiAiEcho( 3956): Filtered by AiAi flag check: 
11-17 19:25:46.889 I/AiAiEcho( 3956): [CONTEXT ratelimit_period="10 SECONDS" ]
11-17 19:25:46.889 I/AiAiEcho( 3956): #weatherSubItemsTwiddler: Weather removes SubtitleSupplementalItem in surface: home [CONTEXT ratelimit_period="10 SECONDS" ]
11-17 19:25:46.889 I/AiAiEcho( 3956): #remoteViewsTwiddler: feature disabled.
11-17 19:25:46.891 I/AiAiEcho( 3956): #postPredictionTargets: Sending updates to UISurface home with targets# 1 (types=[1])
11-17 19:25:46.896 I/CameraProviderManager( 1520): Camera device device@3.5/legacy/0 torch status is now NOT_AVAILABLE
11-17 19:25:46.896 I/CameraService( 1520): onTorchStatusChangedLocked: Torch status changed for cameraId=0, newStatus=0
11-17 19:25:46.896 I/CameraProviderManager( 1520): Camera device device@3.5/legacy/1 torch status is now NOT_AVAILABLE
11-17 19:25:46.896 I/CameraService( 1520): onTorchStatusChangedLocked: Torch status changed for cameraId=1, newStatus=0
11-17 19:25:46.896 E/CameraService( 1520): onTorchStatusChangedLocked: cannot get torch status of camera 1: No such file or directory (-2)
11-17 19:25:46.897 I/CameraProviderManager( 1520): Camera device device@3.5/legacy/2 torch status is now NOT_AVAILABLE
11-17 19:25:46.897 I/CameraService( 1520): onTorchStatusChangedLocked: Torch status changed for cameraId=2, newStatus=0
11-17 19:25:46.897 W/CameraManagerGlobal( 3956): ignore the torch status update of camera: 2
11-17 19:25:46.897 W/CameraManagerGlobal( 1811): ignore the torch status update of camera: 2
11-17 19:25:46.897 W/CameraManagerGlobal( 6221): ignore the torch status update of camera: 2
11-17 19:25:46.897 W/CameraManagerGlobal( 2668): ignore the torch status update of camera: 2
11-17 19:25:46.897 I/CameraProviderManager( 1520): Camera device device@3.5/legacy/3 torch status is now NOT_AVAILABLE
11-17 19:25:46.897 I/CameraService( 1520): onTorchStatusChangedLocked: Torch status changed for cameraId=3, newStatus=0
11-17 19:25:46.897 W/CameraManagerGlobal( 1811): ignore the torch status update of camera: 3
11-17 19:25:46.897 W/CameraManagerGlobal( 2668): ignore the torch status update of camera: 3
11-17 19:25:46.897 W/CameraManagerGlobal( 3956): ignore the torch status update of camera: 3
11-17 19:25:46.897 W/CameraManagerGlobal( 6221): ignore the torch status update of camera: 3
11-17 19:25:46.897 I/CameraProviderManager( 1520): Camera device device@3.5/legacy/4 torch status is now NOT_AVAILABLE
11-17 19:25:46.897 I/CameraService( 1520): onTorchStatusChangedLocked: Torch status changed for cameraId=4, newStatus=0
11-17 19:25:46.897 W/CameraManagerGlobal( 1811): ignore the torch status update of camera: 4
11-17 19:25:46.897 W/CameraManagerGlobal( 2668): ignore the torch status update of camera: 4
11-17 19:25:46.898 W/CameraManagerGlobal( 3956): ignore the torch status update of camera: 4
11-17 19:25:46.898 W/CameraManagerGlobal( 6221): ignore the torch status update of camera: 4
11-17 19:25:46.898 I/CameraProviderManager( 1520): Camera device device@3.5/legacy/5 torch status is now NOT_AVAILABLE
11-17 19:25:46.898 I/CameraService( 1520): onTorchStatusChangedLocked: Torch status changed for cameraId=5, newStatus=0
11-17 19:25:46.898 W/CameraManagerGlobal( 2668): ignore the torch status update of camera: 5
11-17 19:25:46.898 W/CameraManagerGlobal( 1811): ignore the torch status update of camera: 5
11-17 19:25:46.898 W/CameraManagerGlobal( 6221): ignore the torch status update of camera: 5
11-17 19:25:46.898 W/CameraManagerGlobal( 3956): ignore the torch status update of camera: 5
11-17 19:25:46.898 I/CameraProviderManager( 1520): Camera device device@3.5/legacy/6 torch status is now NOT_AVAILABLE
11-17 19:25:46.898 I/CameraService( 1520): onTorchStatusChangedLocked: Torch status changed for cameraId=6, newStatus=0
11-17 19:25:46.898 W/CameraManagerGlobal( 1811): ignore the torch status update of camera: 6
11-17 19:25:46.898 W/CameraManagerGlobal( 2668): ignore the torch status update of camera: 6
11-17 19:25:46.898 W/CameraManagerGlobal( 3956): ignore the torch status update of camera: 6
11-17 19:25:46.898 W/CameraManagerGlobal( 6221): ignore the torch status update of camera: 6
11-17 19:25:46.898 I/CameraProviderManager( 1520): Camera device device@3.5/legacy/7 torch status is now NOT_AVAILABLE
11-17 19:25:46.898 I/CameraService( 1520): onTorchStatusChangedLocked: Torch status changed for cameraId=7, newStatus=0
11-17 19:25:46.898 W/CameraManagerGlobal( 1811): ignore the torch status update of camera: 7
11-17 19:25:46.898 W/CameraManagerGlobal( 2668): ignore the torch status update of camera: 7
11-17 19:25:46.898 W/CameraManagerGlobal( 3956): ignore the torch status update of camera: 7
11-17 19:25:46.899 W/CameraManagerGlobal( 6221): ignore the torch status update of camera: 7
11-17 19:25:46.899 I/CameraProviderManager( 1520): Camera device device@3.5/legacy/8 torch status is now NOT_AVAILABLE
11-17 19:25:46.899 I/CameraService( 1520): onTorchStatusChangedLocked: Torch status changed for cameraId=8, newStatus=0
11-17 19:25:46.899 E/CameraService( 1520): onTorchStatusChangedLocked: cannot get torch status of camera 8: No such file or directory (-2)
11-17 19:25:46.899 I/CameraProviderManager( 1520): Camera device device@3.5/legacy/9 torch status is now NOT_AVAILABLE
11-17 19:25:46.899 I/CameraService( 1520): onTorchStatusChangedLocked: Torch status changed for cameraId=9, newStatus=0
11-17 19:25:46.899 W/CameraManagerGlobal( 2668): ignore the torch status update of camera: 9
11-17 19:25:46.899 W/CameraManagerGlobal( 3956): ignore the torch status update of camera: 9
11-17 19:25:46.899 W/CameraManagerGlobal( 6221): ignore the torch status update of camera: 9
11-17 19:25:46.899 W/CameraManagerGlobal( 1811): ignore the torch status update of camera: 9
11-17 19:25:46.899 I/CameraProviderManager( 1520): Camera device device@3.5/legacy/10 torch status is now NOT_AVAILABLE
11-17 19:25:46.899 I/CameraService( 1520): onTorchStatusChangedLocked: Torch status changed for cameraId=10, newStatus=0
11-17 19:25:46.899 W/CameraManagerGlobal( 1811): ignore the torch status update of camera: 10
11-17 19:25:46.899 W/CameraManagerGlobal( 2668): ignore the torch status update of camera: 10
11-17 19:25:46.899 W/CameraManagerGlobal( 3956): ignore the torch status update of camera: 10
11-17 19:25:46.899 W/CameraManagerGlobal( 6221): ignore the torch status update of camera: 10
11-17 19:25:46.900 I/hwservicemanager(  668): getTransport: Cannot find entry vendor.display.config@1.9::IDisplayConfig/default in either framework or device VINTF manifest.
11-17 19:25:46.900 E/CamX    ( 1085): [ERROR][FORMAT ] camxdisplayconfig.cpp:124 Initialize() IDisplayConfig service is NULL, version 1.9
11-17 19:25:46.902 D/SsBaseTemplateCard( 2937): No text view can be set up
11-17 19:25:46.903 I/SsBaseTemplateCard( 2937): setFormattedContentDescription: text=11°C, iconDescription=Despejado, contentDescription=Despejado, 11°C
11-17 19:25:46.903 D/SsBaseTemplateCard( 2937): Passed-in item info is null
11-17 19:25:46.903 D/SsBaseTemplateCard( 2937): Passed-in item info is null
11-17 19:25:46.903 I/SsBaseTemplateCard( 2937): Secondary card pane is null
11-17 19:25:46.903 D/SsBaseTemplateCard( 2937): No text view can be set up
11-17 19:25:46.903 I/SsBaseTemplateCard( 2937): setFormattedContentDescription: text=11°C, iconDescription=Despejado, contentDescription=Despejado, 11°C
11-17 19:25:46.903 D/SsBaseTemplateCard( 2937): Passed-in item info is null
11-17 19:25:46.903 D/SsBaseTemplateCard( 2937): Passed-in item info is null
11-17 19:25:46.903 I/SsBaseTemplateCard( 2937): Secondary card pane is null
11-17 19:25:46.906 D/Camera3-Utils( 1520): Set regular priority for thread (tid 14997)
11-17 19:25:46.907 D/audio_hw_primary( 1073): adev_set_parameters: enter: cameraFacing=back
11-17 19:25:46.907 I/CAM_OpenCameraCallable(30869): [K_PROCESS]: openCamera: X: cid = 0
11-17 19:25:46.907 D/CAM_OpenCameraCallable(30869): X: cid: 0 (dur: 27)
11-17 19:25:46.907 V/msm8974_platform( 1073): platform_set_parameters: enter: cameraFacing=back
11-17 19:25:46.907 D/CAM_OpenCameraCallable(30869): postCallback
11-17 19:25:46.907 D/audio_hw_hfp( 1073): hfp_set_parameters: enter
11-17 19:25:46.907 D/audio_hw_hfp( 1073): hfp_set_parameters: enter
11-17 19:25:46.907 V/a2dp_offload( 1073): end of a2dp setparam
11-17 19:25:46.907 D/audio_hw_cspl_cal( 1073): cirrus_cal_setparameters: enter 0xe7b40010
11-17 19:25:46.907 D/audio_hw_extn( 1073): audio_extn_fm_set_parameters: Enter
11-17 19:25:46.907 D/audio_hw_hfp( 1073): hfp_set_parameters: enter
11-17 19:25:46.907 I/CAM_CameraStateCallback(30869): [K_PROCESS]: onOpened: cid = 0
11-17 19:25:46.907 V/a2dp_offload( 1073): end of a2dp setparam
11-17 19:25:46.907 D/CAM_OpenCameraCallable(30869): Success: cid: 0 (dur: 27)
11-17 19:25:46.907 D/audio_hw_primary( 1073): adev_set_parameters: exit with code(0)
11-17 19:25:46.907 I/CAM_PerformanceManager(30869): [P_PERFORM]: Action: 2:[HAL]openCamera@0_162_0 takes 27 ms
11-17 19:25:46.907 I/CAM_CameraOpenObservable(30869): [K_PROCESS]: onOpened: cid = 0, listener = 104485023
11-17 19:25:46.907 I/CAM_Camera2OpenManager(30869): [K_PROCESS]: onOpened: cid = 0|android.hardware.camera2.impl.CameraDeviceImpl@4a1961a
11-17 19:25:46.907 D/CAM_Camera2OpenManager(30869): fire: result = d.c.a.q6.t8.b.u@6a5054b, requested cid = 0
11-17 19:25:46.907 D/CAM_Camera2OpenManager(30869): fire: emitted
11-17 19:25:46.908 D/CAM_Camera@146827184(30869): onLifeAlive module 0xa2, need anim 2, need blur true need reconfig true reset type 8
11-17 19:25:46.908 D/CAM_Camera@146827184(30869): isFromKeyguard: false
11-17 19:25:46.908 D/CAM_Camera@146827184(30869): onLifeAlive: isFromKeyguard: false, mHasFocus: true
11-17 19:25:46.908 I/CAM_PermissionManager(30869): getNeedCheckPermissionList() listSize =0
11-17 19:25:46.908 I/CAM_PermissionManager(30869): checkCameraLaunchPermissions(), all on
11-17 19:25:46.908 D/CAM_Camera@146827184(30869): setupCamera: E
11-17 19:25:46.908 D/CAM_Camera@146827184(30869): closeCameraSetup: CameraPendingSetupDisposable: X
11-17 19:25:46.908 D/CAM_Camera@146827184(30869): closeCameraSetup: CameraSetupDisposable: X
11-17 19:25:46.908 D/CAM_Camera@146827184(30869): setupCamera: CameraSetupDisposable: E
11-17 19:25:46.908 D/CAM_Camera@146827184(30869): setupCamera: X
11-17 19:25:46.908 I/CAM_PermissionManager(30869): getNeedCheckPermissionList() listSize =0
11-17 19:25:46.908 I/CAM_PermissionManager(30869): checkCameraLaunchPermissions(), all on
11-17 19:25:46.908 D/CAM_FunctionCameraPrepare(30869): reconfigureData needResetForFrontZoom:false lastCameraId:0 mResetType:8 mLastMode:163 mTargetMode:162
11-17 19:25:46.912 D/CAM_DataItemGlobal(30869): setCameraIdTransient: mLastCameraId = 0, cameraId = 0
11-17 19:25:46.912 I/CAM_PerformanceManager(30869): [P_PERFORM]: Action: A2:switch_camera_prepare_162_0 takes 4 ms
11-17 19:25:46.912 D/CAM_Camera2OpenOnSubScribe(30869): subscribe: request to open 0
11-17 19:25:46.912 D/CAM_CameraSettings(30869): isVhdrOn: hdr component not init or empty
11-17 19:25:46.912 D/CAM_Camera2DataContainer(30869): Currently user selected zoom ratio is 1.0
11-17 19:25:46.912 D/CAM_Camera2DataContainer(30869): Use main camera when no supportVideoSATForVideoQuality
11-17 19:25:46.912 D/CAM_Camera2DataContainer(30869): getActualOpenCameraId: mode=a2, id=0->0
11-17 19:25:46.913 D/CAM_CameraCapabilities(30869): isSupportReplaceSession: false
11-17 19:25:46.913 D/CAM_Camera2OpenManager(30869): openCamera: reusable = false
11-17 19:25:46.913 I/CAM_Camera2OpenManager(30869): [K_PROCESS]: cid: 0 -> 0, mid: 162 -> 162, fcc: false
11-17 19:25:46.913 D/CAM_Camera2OpenManager(30869): removeCameraCallables
11-17 19:25:46.913 D/CAM_Camera2OpenManager(30869): subscribeCameraResultObservable: E
11-17 19:25:46.913 D/CAM_CloseCameraCallable(30869): E: cid: null
11-17 19:25:46.913 D/CAM_Camera2OpenOnSubScribe(30869): onSubscribe
11-17 19:25:46.913 I/CAM_CloseCameraCallable(30869): [K_PROCESS]: E: closeCamera: cid = null, excludes = [0]
11-17 19:25:46.913 D/CAM_CloseCameraCallable(30869): closeCamera: camera '0' is excluded
11-17 19:25:46.913 I/CAM_CloseCameraCallable(30869): [K_PROCESS]: X: closeCamera: cid = null, excludes = [0]
11-17 19:25:46.913 D/CAM_CloseCameraCallable(30869): X: cid: null (dur: 0)
11-17 19:25:46.913 D/CAM_Camera2OpenManager(30869): subscribeCameraResultObservable: X
11-17 19:25:46.913 D/CAM_CloseCameraCallable(30869): postCallback
11-17 19:25:46.913 D/CAM_CameraOpenObservable(30869): subscribeActual: openCamera: cid = 0, listener = 247386819
11-17 19:25:46.913 D/CAM_OpenCameraCallable(30869): E: cid: 0
11-17 19:25:46.913 I/CAM_PerformanceManager(30869): [P_PERFORM]: Action: A3:switch_camera_2_open_162_0 takes 1 ms
11-17 19:25:46.913 D/CAM_OpenCameraCallable(30869): Camera is already opened: cid = 0
11-17 19:25:46.913 D/CAM_CloseCameraCallable(30869): Success: cid: null (dur: 0)
11-17 19:25:46.913 D/CAM_MiCamera2(30869): setCaptureBusyCallback: null
11-17 19:25:46.913 D/CAM_CameraCapabilities(30869): isSupportReplaceSession: false
11-17 19:25:46.913 I/CAM_CameraStateCallback(30869): [K_PROCESS]: onOpened: cid = 0
11-17 19:25:46.913 D/CAM_OpenCameraCallable(30869): X: cid: 0 (dur: 1)
11-17 19:25:46.913 I/CAM_CameraOpenObservable(30869): [K_PROCESS]: onOpened: cid = 0, listener = 247386819
11-17 19:25:46.913 D/CAM_OpenCameraCallable(30869): postCallback
11-17 19:25:46.913 I/CAM_Camera2OpenManager(30869): [K_PROCESS]: onOpened: cid = 0|android.hardware.camera2.impl.CameraDeviceImpl@4a1961a
11-17 19:25:46.914 D/CAM_Camera2OpenManager(30869): fire: result = d.c.a.q6.t8.b.u@4fd679, requested cid = 0
11-17 19:25:46.914 D/CAM_Camera2OpenManager(30869): fire: emitted
11-17 19:25:46.914 D/CAM_OpenCameraCallable(30869): Success: cid: 0 (dur: 1)
11-17 19:25:46.922 D/CAM_Camera2OpenOnSubScribe(30869): onNext: hasSurface = true, isCapture = false
11-17 19:25:46.922 D/CAM_FunctionCameraOpenResult(30869): apply: result = 2
11-17 19:25:46.922 D/CAM_Camera2OpenOnSubScribe(30869): onComplete
11-17 19:25:46.922 D/CAM_FunctionModuleSetup(30869): apply: module isPresent = true
11-17 19:25:46.922 D/CAM_EffectRenderGroup(30869): onEffectChanged: EFFECT_CHANGE_FILTER mEffectId = 66048
11-17 19:25:46.922 I/CAM_BaseModule(30869): [K_PROCESS]: onCreate: moduleIndex->162, cameraId->0@k8@77634991: mid = 162, cid = 0, created = false, departed = false
11-17 19:25:46.922 D/CAM_CameraSettings(30869): isVhdrOn: hdr component not init or empty
11-17 19:25:46.922 D/CAM_Camera2DataContainer(30869): Currently user selected zoom ratio is 1.0
11-17 19:25:46.922 D/CAM_Camera2DataContainer(30869): Use main camera when no supportVideoSATForVideoQuality
11-17 19:25:46.922 D/CAM_Camera2DataContainer(30869): getActualOpenCameraId: mode=a2, id=0->0
11-17 19:25:46.922 D/CAM_BaseModule(30869): enumerating: d.c.b.p4@a0ca76c - cid: 0
11-17 19:25:46.922 I/CAM_BaseModule(30869): setCameraDevice: d.c.b.p4@a0ca76c - cid: 0
11-17 19:25:46.923 D/CAM_Camera2CompatAdapter(30869): E: initCameraCapabilitiesByCameraId(): 3
11-17 19:25:46.936 D/CAM_CameraCapabilities(30869): QuickShotDelayTime tag not defined
11-17 19:25:46.936 D/CAM_CameraCapabilities(30869): HQQuickShot: mFeatureMask: 0   mDelayTimeMask: 0
11-17 19:25:46.936 D/CAM_CameraCapabilities(30869): QuickShotDelayTimeFactor tag not defined
11-17 19:25:46.936 D/CAM_CameraCapabilities(30869): QuickShot: mDelayTimeFactor: 100
11-17 19:25:46.936 D/CAM_CameraCapabilities(30869): MiviSuperNight: mSuperNightMask: 0
11-17 19:25:46.936 D/CAM_CameraCapabilities(30869): QuickShotNextCaptureMask: mQuickShotNextCaptureMask: 0
11-17 19:25:46.936 D/CAM_CameraCapabilities(30869): getBeautyVersionData: 3 ,beautyVersion: 3 ,beautyAlgo: 1
11-17 19:25:46.936 D/CAM_CameraCapabilities(30869): SnapshotQuickViewStreamMask: 0
11-17 19:25:46.936 D/CAM_Camera2CompatAdapter(30869): X: initCameraCapabilitiesByCameraId(): 3
11-17 19:25:46.936 I/CAM_UserRecordSetting(30869): needChooseVideoBeauty false 162
11-17 19:25:46.936 D/CAM_Camera2CompatAdapter(30869): E: initCameraCapabilitiesByCameraId(): 0
11-17 19:25:46.948 D/CAM_CameraCapabilities(30869): QuickShotDelayTime tag not defined
11-17 19:25:46.948 D/CAM_CameraCapabilities(30869): HQQuickShot: mFeatureMask: 0   mDelayTimeMask: 0
11-17 19:25:46.948 D/CAM_CameraCapabilities(30869): QuickShotDelayTimeFactor tag not defined
11-17 19:25:46.948 D/CAM_CameraCapabilities(30869): QuickShot: mDelayTimeFactor: 100
11-17 19:25:46.948 D/CAM_CameraCapabilities(30869): MiviSuperNight: mSuperNightMask: 0
11-17 19:25:46.948 D/CAM_CameraCapabilities(30869): QuickShotNextCaptureMask: mQuickShotNextCaptureMask: 0
11-17 19:25:46.948 D/CAM_CameraCapabilities(30869): getBeautyVersionData: 3 ,beautyVersion: 3 ,beautyAlgo: 1
11-17 19:25:46.948 D/CAM_CameraCapabilities(30869): SnapshotQuickViewStreamMask: 0
11-17 19:25:46.948 D/CAM_Camera2CompatAdapter(30869): X: initCameraCapabilitiesByCameraId(): 0
11-17 19:25:46.948 W/CAM_CameraCapabilities(30869): isCurrentQualitySupportEis.support is null
11-17 19:25:46.948 D/CompatibilityUtils(30869): isAndroidS sdk 36 preview sdk 0
11-17 19:25:46.948 I/CAM_UserRecordSetting(30869): default eis
11-17 19:25:46.948 D/CompatibilityUtils(30869): isAndroidS sdk 36 preview sdk 0
11-17 19:25:46.948 D/CAM_CameraCapabilities(30869): is4K60FpsEISSupported: 0
11-17 19:25:46.948 W/CAM_CameraCapabilities(30869): isCurrentQualitySupportEis.support is null
11-17 19:25:46.948 I/CAM_UserRecordSetting(30869): needChooseVideoBeauty false 162
11-17 19:25:46.948 I/CAM_VideoModuleDevice(30869): pure eis
11-17 19:25:46.949 D/CAM_ModuleDevice(30869): getOperatingMode: 8004
11-17 19:25:46.949 D/CAM_CameraCapabilities(30869): isFovcSupported: 1
11-17 19:25:46.949 D/CAM_Camera2CompatAdapter(30869): E: initCameraCapabilitiesByCameraId(): 2
11-17 19:25:46.955 D/CAM_CameraCapabilities(30869): QuickShotDelayTime tag not defined
11-17 19:25:46.955 D/CAM_CameraCapabilities(30869): HQQuickShot: mFeatureMask: 0   mDelayTimeMask: 0
11-17 19:25:46.955 D/CAM_CameraCapabilities(30869): QuickShotDelayTimeFactor tag not defined
11-17 19:25:46.955 D/CAM_CameraCapabilities(30869): QuickShot: mDelayTimeFactor: 100
11-17 19:25:46.955 D/CAM_CameraCapabilities(30869): MiviSuperNight: mSuperNightMask: 0
11-17 19:25:46.955 D/CAM_CameraCapabilities(30869): QuickShotNextCaptureMask: mQuickShotNextCaptureMask: 0
11-17 19:25:46.955 D/CAM_CameraCapabilities(30869): getBeautyVersionData: 3 ,beautyVersion: 3 ,beautyAlgo: 1
11-17 19:25:46.955 D/CAM_CameraCapabilities(30869): SnapshotQuickViewStreamMask: 0
11-17 19:25:46.955 D/CAM_Camera2CompatAdapter(30869): X: initCameraCapabilitiesByCameraId(): 2
11-17 19:25:46.955 I/CAM_UserRecordSetting(30869): needChooseVideoBeauty false 162
11-17 19:25:46.955 D/CAM_Camera2CompatAdapter(30869): E: initCameraCapabilitiesByCameraId(): 0
11-17 19:25:46.963 D/CAM_CameraCapabilities(30869): QuickShotDelayTime tag not defined
11-17 19:25:46.963 D/CAM_CameraCapabilities(30869): HQQuickShot: mFeatureMask: 0   mDelayTimeMask: 0
11-17 19:25:46.963 D/CAM_CameraCapabilities(30869): QuickShotDelayTimeFactor tag not defined
11-17 19:25:46.963 D/CAM_CameraCapabilities(30869): QuickShot: mDelayTimeFactor: 100
11-17 19:25:46.963 D/CAM_CameraCapabilities(30869): MiviSuperNight: mSuperNightMask: 0
11-17 19:25:46.963 D/CAM_CameraCapabilities(30869): QuickShotNextCaptureMask: mQuickShotNextCaptureMask: 0
11-17 19:25:46.963 D/CAM_CameraCapabilities(30869): getBeautyVersionData: 3 ,beautyVersion: 3 ,beautyAlgo: 1
11-17 19:25:46.963 D/CAM_CameraCapabilities(30869): SnapshotQuickViewStreamMask: 0
11-17 19:25:46.963 D/CAM_Camera2CompatAdapter(30869): X: initCameraCapabilitiesByCameraId(): 0
11-17 19:25:46.964 W/CAM_CameraCapabilities(30869): isCurrentQualitySupportEis.support is null
11-17 19:25:46.964 D/CompatibilityUtils(30869): isAndroidS sdk 36 preview sdk 0
11-17 19:25:46.964 I/CAM_UserRecordSetting(30869): default eis
11-17 19:25:46.964 D/CompatibilityUtils(30869): isAndroidS sdk 36 preview sdk 0
11-17 19:25:46.964 D/CAM_CameraCapabilities(30869): is4K60FpsEISSupported: 0
11-17 19:25:46.964 W/CAM_CameraCapabilities(30869): isCurrentQualitySupportEis.support is null
11-17 19:25:46.964 I/CAM_UserRecordSetting(30869): needChooseVideoBeauty false 162
11-17 19:25:46.964 I/CAM_VideoModuleDevice(30869): pure eis
11-17 19:25:46.964 D/CAM_ModuleDevice(30869): getOperatingMode: 8004
11-17 19:25:46.964 D/CAM_CameraCapabilities(30869): isFovcSupported: 1
11-17 19:25:46.964 D/CAM_BaseModule(30869): create disposable k8@77634991: mid = 162, cid = 0, created = false, departed = false 0
11-17 19:25:46.964 D/CAM_EffectRenderGroup(30869): onEffectChanged: EFFECT_CHANGE_FILTER mEffectId = 66048
11-17 19:25:46.966 I/CAM_BaseModule(30869): [K_PROCESS]: enableCameraControls: enable = false, caller: d.c.a.q6.r7.g0(Unknown Source:19), d.c.a.q6.k8.Xj(Unknown Source:69), d.c.a.q6.r7.f5(Unknown Source:4), 
11-17 19:25:46.966 D/CAM_k8  (30869): onCameraOpened: E
11-17 19:25:46.966 I/CAM_UserRecordSetting(30869): needChooseVideoBeauty false 162
11-17 19:25:46.966 W/CAM_CameraCapabilities(30869): isCurrentQualitySupportEis.support is null
11-17 19:25:46.966 D/CompatibilityUtils(30869): isAndroidS sdk 36 preview sdk 0
11-17 19:25:46.966 I/CAM_UserRecordSetting(30869): default eis
11-17 19:25:46.966 D/CompatibilityUtils(30869): isAndroidS sdk 36 preview sdk 0
11-17 19:25:46.966 D/CAM_CameraCapabilities(30869): is4K60FpsEISSupported: 0
11-17 19:25:46.967 W/CAM_CameraCapabilities(30869): isCurrentQualitySupportEis.support is null
11-17 19:25:46.967 I/CAM_UserRecordSetting(30869): needChooseVideoBeauty false 162
11-17 19:25:46.967 I/CAM_VideoModuleDevice(30869): pure eis
11-17 19:25:46.967 D/CAM_ModuleDevice(30869): getOperatingMode: 8004
11-17 19:25:46.967 D/CAM_CameraCapabilities(30869): isFovcSupported: 1
11-17 19:25:46.967 D/CAM_Camera2CompatAdapter(30869): E: initCameraCapabilitiesByCameraId(): 3
11-17 19:25:46.974 D/CAM_CameraCapabilities(30869): QuickShotDelayTime tag not defined
11-17 19:25:46.974 D/CAM_CameraCapabilities(30869): HQQuickShot: mFeatureMask: 0   mDelayTimeMask: 0
11-17 19:25:46.974 D/CAM_CameraCapabilities(30869): QuickShotDelayTimeFactor tag not defined
11-17 19:25:46.974 D/CAM_CameraCapabilities(30869): QuickShot: mDelayTimeFactor: 100
11-17 19:25:46.974 D/CAM_CameraCapabilities(30869): MiviSuperNight: mSuperNightMask: 0
11-17 19:25:46.974 D/CAM_CameraCapabilities(30869): QuickShotNextCaptureMask: mQuickShotNextCaptureMask: 0
11-17 19:25:46.974 D/CAM_CameraCapabilities(30869): getBeautyVersionData: 3 ,beautyVersion: 3 ,beautyAlgo: 1
11-17 19:25:46.974 D/CAM_CameraCapabilities(30869): SnapshotQuickViewStreamMask: 0
11-17 19:25:46.974 D/CAM_Camera2CompatAdapter(30869): X: initCameraCapabilitiesByCameraId(): 3
11-17 19:25:46.974 D/CAM_ZoomManager(30869): initEquivalentFocalLength: get equivalentFocalLength is null
11-17 19:25:46.974 D/CAM_Camera2CompatAdapter(30869): E: initCameraCapabilitiesByCameraId(): 0
11-17 19:25:46.982 D/CAM_CameraCapabilities(30869): QuickShotDelayTime tag not defined
11-17 19:25:46.982 D/CAM_CameraCapabilities(30869): HQQuickShot: mFeatureMask: 0   mDelayTimeMask: 0
11-17 19:25:46.982 D/CAM_CameraCapabilities(30869): QuickShotDelayTimeFactor tag not defined
11-17 19:25:46.982 D/CAM_CameraCapabilities(30869): QuickShot: mDelayTimeFactor: 100
11-17 19:25:46.982 D/CAM_CameraCapabilities(30869): MiviSuperNight: mSuperNightMask: 0
11-17 19:25:46.982 D/CAM_CameraCapabilities(30869): QuickShotNextCaptureMask: mQuickShotNextCaptureMask: 0
11-17 19:25:46.982 D/CAM_CameraCapabilities(30869): getBeautyVersionData: 3 ,beautyVersion: 3 ,beautyAlgo: 1
11-17 19:25:46.982 D/CAM_CameraCapabilities(30869): SnapshotQuickViewStreamMask: 0
11-17 19:25:46.982 D/CAM_Camera2CompatAdapter(30869): X: initCameraCapabilitiesByCameraId(): 0
11-17 19:25:46.982 D/CAM_ZoomManager(30869): initEquivalentFocalLength: get equivalentFocalLength is null
11-17 19:25:46.982 D/CAM_ZoomManager(30869): initEquivalentFocalLength: mEquivalentFocalLengthValues={}
11-17 19:25:46.982 D/CAM_ZoomManager(30869): setZoomRatio(): 1.0
11-17 19:25:46.982 W/CAM_Camera2CompatAdapterRole(30869): Warning: getAuxCameraId(): #init() failed, roleId=20
11-17 19:25:46.982 W/CAM_Camera2CompatAdapterRole(30869): Warning: getUltraTeleCameraId(): #init() failed, roleId=23
11-17 19:25:46.982 D/CAM_ZoomManager(30869): initializeZoomRatio zoom:1.0
11-17 19:25:46.982 D/CAM_BaseModuleStateManager(30869): setKeyFocusPressed: false
11-17 19:25:46.983 I/CAM_SettingUiState(30869): FucName videoTag  mode: 162 isFront:false
11-17 19:25:46.983 V/CAM_CameraUtil(30869): getRotation: sensorOrientation:90,orientation:0
11-17 19:25:46.983 D/CAM_UserRecordSetting(30869): getQuality: quality = 8
11-17 19:25:46.983 W/CAM_CameraCapabilities(30869): isCurrentDeviceSupportHdr10 AVAILABLE_CONFIGURATIONS is not defined
11-17 19:25:46.983 W/CAM_CameraCapabilities(30869): isCurrentDeviceSupportHdr10 AVAILABLE_CONFIGURATIONS is not defined
11-17 19:25:46.983 W/CAM_CameraCapabilities(30869): isCurrentDeviceSupportHdr10 AVAILABLE_CONFIGURATIONS is not defined
11-17 19:25:46.983 D/CAM_UserRecordSetting(30869): frameRate=30 profileSize=3840x2160 codec=2
11-17 19:25:46.983 D/CAM_CameraCapabilities(30869): addStreamConfigurationToList: xiaomi.scaler.availableLimitStreamConfigurations: size = 251
11-17 19:25:46.984 D/CAM_UserRecordSetting(30869): initVideoSize: 3840x2160
11-17 19:25:46.984 D/CAM_UserRecordSetting(30869): initVideoOrientation: 90
11-17 19:25:46.985 D/CompatibilityUtils(30869): isAndroidS sdk 36 preview sdk 0
11-17 19:25:46.985 D/CAM_TAG (30869): boostCameraByThreshold 2202010
11-17 19:25:46.985 D/CAM_CameraUtil(30869): modeValue 162
11-17 19:25:46.985 E/CAM_CameraUtil(30869): Failed to reclaimMemoryForCamera miui.process.ProcessManager
11-17 19:25:46.985 D/CAM_BaseModule(30869): isSupportAFSaliency=false
