11-20 13:53:26.766 10301 10301 E BoostFramework: BoostFramework() Ux Perf: Exception = java.lang.ClassNotFoundException: com.qualcomm.qti.UxPerformance
11-20 13:53:26.766 10301 10301 E BoostFramework: BoostFramework() : Exception_1 = java.lang.ClassNotFoundException: com.qualcomm.qti.Performance
11-20 13:53:26.766 10301 10301 E BoostFramework: BoostFramework() Ux Perf: Exception = java.lang.ClassNotFoundException: com.qualcomm.qti.UxPerformance
11-20 13:53:26.767 10301 10301 E BoostFramework: BoostFramework() : Exception_1 = java.lang.ClassNotFoundException: com.qualcomm.qti.Performance
11-20 13:53:26.767 10301 10301 E BoostFramework: BoostFramework() Ux Perf: Exception = java.lang.ClassNotFoundException: com.qualcomm.qti.UxPerformance
11-20 13:53:26.768   671   671 I auditd  : avc:  denied  { find } for pid=10301 uid=1000 name=vendor.qti.hardware.servicetrackeraidl.IServicetracker/default scontext=u:r:system_server:s0 tcontext=u:object_r:default_android_service:s0 tclass=service_manager permissive=0
11-20 13:53:26.768 10301 10301 E ServiceManager: error in isDeclared
11-20 13:53:26.768 10301 10301 E ServiceManager: java.lang.SecurityException: SELinux denied for service.
11-20 13:53:26.768 10301 10301 E ServiceManager: 	at android.os.Parcel.createExceptionOrNull(Parcel.java:3344)
11-20 13:53:26.768 10301 10301 E ServiceManager: 	at android.os.Parcel.createException(Parcel.java:3328)
11-20 13:53:26.768 10301 10301 E ServiceManager: 	at android.os.Parcel.readException(Parcel.java:3311)
11-20 13:53:26.768 10301 10301 E ServiceManager: 	at android.os.Parcel.readException(Parcel.java:3253)
11-20 13:53:26.768 10301 10301 E ServiceManager: 	at android.os.IServiceManager$Stub$Proxy.isDeclared(IServiceManager.java:656)
11-20 13:53:26.768 10301 10301 E ServiceManager: 	at android.os.ServiceManagerProxy.isDeclared(ServiceManagerNative.java:104)
11-20 13:53:26.768 10301 10301 E ServiceManager: 	at android.os.ServiceManager.isDeclared(ServiceManager.java:297)
11-20 13:53:26.768 10301 10301 E ServiceManager: 	at com.android.server.am.ActiveServices.<init>(ActiveServices.java:846)
11-20 13:53:26.768 10301 10301 E ServiceManager: 	at com.android.server.am.ActivityManagerService.<init>(ActivityManagerService.java:2549)
11-20 13:53:26.768 10301 10301 E ServiceManager: 	at com.android.server.am.ActivityManagerService$Lifecycle.<init>(ActivityManagerService.java:2264)
11-20 13:53:26.768 10301 10301 E ServiceManager: 	at java.lang.reflect.Constructor.newInstance0(Native Method)
11-20 13:53:26.768 10301 10301 E ServiceManager: 	at java.lang.reflect.Constructor.newInstance(Constructor.java:343)
11-20 13:53:26.768 10301 10301 E ServiceManager: 	at com.android.server.SystemServiceManager.startService(SystemServiceManager.java:242)
11-20 13:53:26.768 10301 10301 E ServiceManager: 	at com.android.server.am.ActivityManagerService$Lifecycle.startService(ActivityManagerService.java:2270)
11-20 13:53:26.768 10301 10301 E ServiceManager: 	at com.android.server.SystemServer.startBootstrapServices(SystemServer.java:1268)
11-20 13:53:26.768 10301 10301 E ServiceManager: 	at com.android.server.SystemServer.run(SystemServer.java:1013)
11-20 13:53:26.768 10301 10301 E ServiceManager: 	at com.android.server.SystemServer.main(SystemServer.java:715)
11-20 13:53:26.768 10301 10301 E ServiceManager: 	at java.lang.reflect.Method.invoke(Native Method)
11-20 13:53:26.768 10301 10301 E ServiceManager: 	at com.android.internal.os.RuntimeInit$MethodAndArgsCaller.run(RuntimeInit.java:596)
11-20 13:53:26.768 10301 10301 E ServiceManager: 	at com.android.internal.os.ZygoteInit.main(ZygoteInit.java:918)
11-20 13:53:26.770 10301 10301 W ModemPowerProfile: getAverageBatteryDrainMaH called with unexpected key: 0x0, drain:SLEEP,RAT:DEFAULT
11-20 13:53:26.771 10301 10301 W ModemPowerProfile: getAverageBatteryDrainMaH called with unexpected key: 0x10000000, drain:IDLE,RAT:DEFAULT
11-20 13:53:26.771 10301 10301 W ModemPowerProfile: getAverageBatteryDrainMaH called with unexpected key: 0x20000000, drain:RX,RAT:DEFAULT
11-20 13:53:26.771 10301 10301 W ModemPowerProfile: getAverageBatteryDrainMaH called with unexpected key: 0x30000000, drain:TX,level:0,RAT:DEFAULT
11-20 13:53:26.771 10301 10301 W ModemPowerProfile: getAverageBatteryDrainMaH called with unexpected key: 0x31000000, drain:TX,level:1,RAT:DEFAULT
11-20 13:53:26.771 10301 10301 W ModemPowerProfile: getAverageBatteryDrainMaH called with unexpected key: 0x32000000, drain:TX,level:2,RAT:DEFAULT
11-20 13:53:26.771 10301 10301 W ModemPowerProfile: getAverageBatteryDrainMaH called with unexpected key: 0x33000000, drain:TX,level:3,RAT:DEFAULT
11-20 13:53:26.771 10301 10301 W ModemPowerProfile: getAverageBatteryDrainMaH called with unexpected key: 0x34000000, drain:TX,level:4,RAT:DEFAULT
11-20 13:53:26.775 10301 10301 D BatteryStatsImpl: Reading daily items from /data/system/batterystats-daily.xml
11-20 13:53:26.821 10301 10301 I IntentFirewall: Read new rules (A:0 B:0 S:0)
11-20 13:53:26.822 10301 10301 E BoostFramework: BoostFramework() : Exception_1 = java.lang.ClassNotFoundException: com.qualcomm.qti.Performance
11-20 13:53:26.822 10301 10301 E BoostFramework: BoostFramework() Ux Perf: Exception = java.lang.ClassNotFoundException: com.qualcomm.qti.UxPerformance
11-20 13:53:26.822 10301 10301 E BoostFramework: BoostFramework() : Exception_1 = java.lang.ClassNotFoundException: com.qualcomm.qti.Performance
11-20 13:53:26.822 10301 10301 E BoostFramework: BoostFramework() Ux Perf: Exception = java.lang.ClassNotFoundException: com.qualcomm.qti.UxPerformance
11-20 13:53:26.823 10301 10301 E BoostFramework: BoostFramework() : Exception_1 = java.lang.ClassNotFoundException: com.qualcomm.qti.Performance
11-20 13:53:26.823 10301 10301 E BoostFramework: BoostFramework() Ux Perf: Exception = java.lang.ClassNotFoundException: com.qualcomm.qti.UxPerformance
11-20 13:53:26.823 10301 10301 E BoostFramework: BoostFramework() : Exception_1 = java.lang.ClassNotFoundException: com.qualcomm.qti.Performance
11-20 13:53:26.823 10301 10301 E BoostFramework: BoostFramework() Ux Perf: Exception = java.lang.ClassNotFoundException: com.qualcomm.qti.UxPerformance
11-20 13:53:26.824 10301 10301 E BoostFramework: BoostFramework() : Exception_1 = java.lang.ClassNotFoundException: com.qualcomm.qti.Performance
11-20 13:53:26.824 10301 10301 E BoostFramework: BoostFramework() Ux Perf: Exception = java.lang.ClassNotFoundException: com.qualcomm.qti.UxPerformance
11-20 13:53:26.825 10301 10301 D AppOps  : AppOpsService published
11-20 13:53:26.826 10301 10301 D SystemServerTiming: StartDataLoaderManagerService
11-20 13:53:26.826 10301 10301 I SystemServiceManager: Starting com.android.server.pm.DataLoaderManagerService
11-20 13:53:26.827 10301 10301 D SystemServerTiming: StartIncrementalService
11-20 13:53:26.827 10301 10301 D SystemServerTiming: StartPowerManager
11-20 13:53:26.827 10301 10301 I SystemServiceManager: Starting com.android.server.power.PowerManagerService
11-20 13:53:26.829 10301 10301 I PowerHalLoader: Successfully connected to Power HAL AIDL service.
11-20 13:53:26.830   739   739 I powerhal-libperfmgr: Power Mode INTERACTIVE isModeSupported: 0
11-20 13:53:26.830   739   739 I powerhal-libperfmgr: Power Mode DOUBLE_TAP_TO_WAKE isModeSupported: 1
11-20 13:53:26.830   739   739 W libperfmgr: NodeLooperThread is not running, cancel DOUBLE_TAP_TO_WAKE
11-20 13:53:26.830 10301 10301 D SystemServerTiming: StartThermalManager
11-20 13:53:26.830 10301 10301 I SystemServiceManager: Starting com.android.server.power.ThermalManagerService
11-20 13:53:26.830 10301 10301 D SystemServerTiming: InitPowerManagement
11-20 13:53:26.831 10301 10301 D SystemServerTiming: StartRecoverySystemService
11-20 13:53:26.831 10301 10301 I SystemServiceManager: Starting com.android.server.recoverysystem.RecoverySystemService$Lifecycle
11-20 13:53:26.831 10301 10301 D SystemServerTiming: StartLightsService
11-20 13:53:26.831 10301 10301 I SystemServiceManager: Starting com.android.server.lights.LightsService
11-20 13:53:26.832 10301 10301 D SystemServerTiming: StartDisplayOffloadService
11-20 13:53:26.832 10301 10301 D SystemServerTiming: StartSuspendManagerService
11-20 13:53:26.832 10301 10301 D SystemServerTiming: StartDisplayManager
11-20 13:53:26.832 10301 10301 I SystemServiceManager: Starting com.android.server.display.DisplayManagerService
11-20 13:53:26.834   671 10348 W libc    : Unable to set property "ctl.interface_start" to "aidl/SurfaceFlingerAIDL": PROP_ERROR_HANDLE_CONTROL_MESSAGE (0x20)
11-20 13:53:27.834 10301 10301 W ServiceManagerCppClient: Waited one second for SurfaceFlingerAIDL (is service started? Number of threads started in the threadpool: 32. Are binder threads started and available?)
11-20 13:53:27.835   671 10349 W libc    : Unable to set property "ctl.interface_start" to "aidl/SurfaceFlingerAIDL": PROP_ERROR_HANDLE_CONTROL_MESSAGE (0x20)
11-20 13:53:28.834 10301 10301 W ServiceManagerCppClient: Waited one second for SurfaceFlingerAIDL (is service started? Number of threads started in the threadpool: 32. Are binder threads started and available?)
11-20 13:53:28.835   671 10350 W libc    : Unable to set property "ctl.interface_start" to "aidl/SurfaceFlingerAIDL": PROP_ERROR_HANDLE_CONTROL_MESSAGE (0x20)
11-20 13:53:29.835 10301 10301 W ServiceManagerCppClient: Waited one second for SurfaceFlingerAIDL (is service started? Number of threads started in the threadpool: 32. Are binder threads started and available?)
11-20 13:53:29.835   671 10351 W libc    : Unable to set property "ctl.interface_start" to "aidl/SurfaceFlingerAIDL": PROP_ERROR_HANDLE_CONTROL_MESSAGE (0x20)
11-20 13:53:30.153   672   672 I hwservicemanager: getTransport: Cannot find entry android.hardware.audio@7.1::IDevicesFactory/default in either framework or device VINTF manifest.
11-20 13:53:30.153 10352 10352 E LegacySupport: Could not get passthrough implementation for android.hardware.audio@7.1::IDevicesFactory/default.
11-20 13:53:30.153   672   672 I hwservicemanager: getTransport: Cannot find entry android.hardware.audio@7.0::IDevicesFactory/default in either framework or device VINTF manifest.
11-20 13:53:30.153 10352 10352 E LegacySupport: Could not get passthrough implementation for android.hardware.audio@7.0::IDevicesFactory/default.
11-20 13:53:30.156 10352 10352 I HidlServiceManagement: Registered android.hardware.audio@6.0::IDevicesFactory/default
11-20 13:53:30.156 10352 10352 I HidlServiceManagement: Removing namespace from process name android.hardware.audio.service to audio.service.
11-20 13:53:30.156 10352 10352 I LegacySupport: Registration complete for android.hardware.audio@6.0::IDevicesFactory/default.
11-20 13:53:30.156   672   672 I hwservicemanager: getTransport: Cannot find entry android.hardware.audio.effect@7.0::IEffectsFactory/default in either framework or device VINTF manifest.
11-20 13:53:30.156 10352 10352 E LegacySupport: Could not get passthrough implementation for android.hardware.audio.effect@7.0::IEffectsFactory/default.
11-20 13:53:30.158 10352 10352 I HidlServiceManagement: Registered android.hardware.audio.effect@6.0::IEffectsFactory/default
11-20 13:53:30.158 10352 10352 I LegacySupport: Registration complete for android.hardware.audio.effect@6.0::IEffectsFactory/default.
11-20 13:53:30.160 10352 10352 D sound_trigger_hw: stdev_open: Enter
11-20 13:53:30.161 10352 10352 D sound_trigger_hw: load_audio_hal: ahal is using proprietary API version 0x0200
11-20 13:53:30.161 10352 10352 I sound_trigger_platform: platform_stdev_init: Enter
11-20 13:53:30.164 10352 10352 D audio_hw_utils: audio_extn_utils_open_snd_mixer: snd_card_name: kona-mtp-snd-card
11-20 13:53:30.164 10352 10352 D audio_hw_utils: audio_extn_utils_open_snd_mixer: Opened sound card:0
11-20 13:53:30.377   672   672 I hwservicemanager: getTransport: Cannot find entry android.hardware.configstore@1.0::ISurfaceFlingerConfigs/default in either framework or device VINTF manifest.
11-20 13:53:30.377 10360 10360 I SurfaceFlinger: Using HWComposer service: default
11-20 13:53:30.378 10360 10360 I SurfaceFlinger: SurfaceFlinger is starting
11-20 13:53:30.378 10360 10360 I SurfaceFlinger: Enabling backpressure for GPU composition
11-20 13:53:30.379 10360 10360 W libprocessgroup: A JoinCgroup action in the SystemMemoryProcess profile is used for controller memory in the cgroup v2 hierarchy and will be ignored
11-20 13:53:30.379 10360 10360 I SurfaceFlinger: SurfaceFlinger's main thread ready to run. Initializing graphics H/W...
11-20 13:53:30.379 10360 10360 D RenderEngine: Threaded RenderEngine with SkiaGL Backend (Ganesh)
11-20 13:53:30.381 10359 10359 I FastMixerState: sMaxFastTracks = 8
11-20 13:53:30.382 10359 10359 D audioserver: main: starting
11-20 13:53:30.382 10359 10359 V MediaUtils: physMem: 7977635840
11-20 13:53:30.382 10359 10359 V MediaUtils: requested limit: 536870912
11-20 13:53:30.382 10359 10359 I libc    : malloc_limit: Allocation limit enabled, max size 536870912 bytes
11-20 13:53:30.382 10359 10359 D audio_utils::mutex: get_enable_flag: mutex_priority_inheritance: true
11-20 13:53:30.383 10359 10359 W FactoryHal: hasAidlHalService android.hardware.audio.core.IModule/default: false
11-20 13:53:30.383   672   672 I hwservicemanager: getTransport: Cannot find entry android.hardware.audio@7.1::IDevicesFactory/default in either framework or device VINTF manifest.
11-20 13:53:30.383   672   672 I hwservicemanager: getTransport: Cannot find entry android.hardware.audio@7.0::IDevicesFactory/default in either framework or device VINTF manifest.
11-20 13:53:30.383 10359 10359 W FactoryHal: hasAidlHalService android.hardware.audio.effect.IFactory/default: false
11-20 13:53:30.383   672   672 I hwservicemanager: getTransport: Cannot find entry android.hardware.audio.effect@7.1::IEffectsFactory/default in either framework or device VINTF manifest.
11-20 13:53:30.383   672   672 I hwservicemanager: getTransport: Cannot find entry android.hardware.audio.effect@7.0::IEffectsFactory/default in either framework or device VINTF manifest.
11-20 13:53:30.386 10359 10359 W FactoryHal: hasAidlHalService android.hardware.audio.effect.IFactory/default: false
11-20 13:53:30.386   672   672 I hwservicemanager: getTransport: Cannot find entry android.hardware.audio.effect@7.1::IEffectsFactory/default in either framework or device VINTF manifest.
11-20 13:53:30.386   672   672 I hwservicemanager: getTransport: Cannot find entry android.hardware.audio.effect@7.0::IEffectsFactory/default in either framework or device VINTF manifest.
11-20 13:53:30.386 10359 10359 W FactoryHal: hasAidlHalService android.hardware.audio.core.IModule/default: false
11-20 13:53:30.386   672   672 I hwservicemanager: getTransport: Cannot find entry android.hardware.audio@7.1::IDevicesFactory/default in either framework or device VINTF manifest.
11-20 13:53:30.386   672   672 I hwservicemanager: getTransport: Cannot find entry android.hardware.audio@7.0::IDevicesFactory/default in either framework or device VINTF manifest.
11-20 13:53:30.388 10301 10316 W android.permission.PermissionManager: Missing ActivityManager; assuming 1041 does not hold android.permission.UPDATE_DEVICE_STATS
11-20 13:53:30.388 10359 10359 D audioserver: main: AudioFlinger created
11-20 13:53:30.388 10359 10359 D AudioSystem: onNewServiceWithAdapter: media.audio_flinger service obtained 0xb4000076bc74f9c0
11-20 13:53:30.388 10301 10316 W Binder  : Caught a RuntimeException from the binder stub implementation.
11-20 13:53:30.388 10301 10316 W Binder  : java.lang.SecurityException: Access denied, requires: android.permission.UPDATE_DEVICE_STATS
11-20 13:53:30.388 10301 10316 W Binder  : 	at android.os.PermissionEnforcer.enforcePermission(PermissionEnforcer.java:146)
11-20 13:53:30.388 10301 10316 W Binder  : 	at com.android.internal.app.IBatteryStats$Stub.noteResetAudio_enforcePermission(IBatteryStats.java:3472)
11-20 13:53:30.388 10301 10316 W Binder  : 	at com.android.server.am.BatteryStatsService.noteResetAudio(BatteryStatsService.java:2200)
11-20 13:53:30.388 10301 10316 W Binder  : 	at com.android.internal.app.IBatteryStats$Stub.onTransact(IBatteryStats.java:880)
11-20 13:53:30.388 10301 10316 W Binder  : 	at android.os.Binder.execTransactInternal(Binder.java:1426)
11-20 13:53:30.388 10301 10316 W Binder  : 	at android.os.Binder.execTransact(Binder.java:1365)
11-20 13:53:30.388 10359 10359 E AudioFlinger: Function: getAudioPolicyConfig Line: 2679 Failed 
11-20 13:53:30.391 10359 10359 D APM_EngineLoader: Loaded engine from libaudiopolicyenginedefault.so
11-20 13:53:30.391 10359 10359 D APM::AudioPolicyEngine/Base: loadAudioPolicyEngineConfig: No configuration found, using default matching phone experience.
11-20 13:53:30.393 10359 10359 W APM::AudioPolicyEngine/Base: processParsingResult: No configuration of AUDIO_STREAM_CALL_ASSISTANT found, using default volume configuration
11-20 13:53:30.393 10359 10359 E APM::AudioPolicyEngine: Policy Engine configuration is partially invalid, skipped 1 elements
11-20 13:53:30.394 10352 10358 D AudioCloudCtrl: XML parsing started - file name /data/vendor/audio/cloud_control_white_list.xml
11-20 13:53:30.394 10352 10358 D audio_hw_primary: adev_open: enter
11-20 13:53:30.395 10352 10358 E LegacySupport: Could not get passthrough implementation for vendor.qti.hardware.audiohalext@1.0::IAudioHalExt/default.
11-20 13:53:30.395 10352 10358 W audio_hw_hidl: Could not register AHAL extension
11-20 13:53:30.395 10352 10358 D audio_log_utils: registered, module hal
11-20 13:53:30.395 10360 10364 I AdrenoGLES-0: QUALCOMM build                   : db3d445dbc, Ia06b22fa1a
11-20 13:53:30.395 10360 10364 I AdrenoGLES-0: Build Date                       : 10/04/21
11-20 13:53:30.395 10360 10364 I AdrenoGLES-0: OpenGL ES Shader Compiler Version: EV031.32.02.16
11-20 13:53:30.395 10360 10364 I AdrenoGLES-0: Local Branch                     : 
11-20 13:53:30.395 10360 10364 I AdrenoGLES-0: Remote Branch                    : 
11-20 13:53:30.395 10360 10364 I AdrenoGLES-0: Remote Branch                    : 
11-20 13:53:30.395 10360 10364 I AdrenoGLES-0: Reconstruct Branch               : 
11-20 13:53:30.395 10360 10364 I AdrenoGLES-0: Build Config                     : S P 10.0.7 AArch64
11-20 13:53:30.395 10360 10364 I AdrenoGLES-0: Driver Path                      : /vendor/lib64/egl/libGLESv2_adreno.so
11-20 13:53:30.395   672   672 I hwservicemanager: getTransport: Cannot find entry android.hardware.graphics.mapper@4.0::IMapper/default in either framework or device VINTF manifest.
11-20 13:53:30.395 10352 10358 I audio_hw_primary: adev_open: audio hal pid is 10352.
11-20 13:53:30.395 10352 10358 W audio_hw_utils: audio_extn_utils_get_vendor_enhanced_info: vendor_enhanced_info 0x3
11-20 13:53:30.395 10352 10358 D audio_hw_extn: snd_mon_feature_init: Called with feature Enabled
11-20 13:53:30.395   672   672 I hwservicemanager: getTransport: Cannot find entry android.hardware.graphics.mapper@3.0::IMapper/default in either framework or device VINTF manifest.
11-20 13:53:30.396 10352 10358 D audio_hw_extn: snd_mon_feature_init:: ---- Feature SND_MONITOR is Enabled ----
11-20 13:53:30.396 10352 10358 W audio_hw_extn: :: compr_cap_feature_init: ---- Feature COMPRESS_CAPTURE is disabled ----
11-20 13:53:30.396 10352 10358 D audio_hw_extn: dsm_feedback_feature_init: Called with feature NOT Enabled
11-20 13:53:30.396 10352 10358 W audio_hw_extn: :: dsm_feedback_feature_init: ---- Feature DSM_FEEDBACK is disabled ----
11-20 13:53:30.396   672   672 I hwservicemanager: getTransport: Cannot find entry android.hardware.graphics.mapper@2.0::IMapper/default in either framework or device VINTF manifest.
11-20 13:53:30.396 10352 10358 D audio_hw_extn: ssrec_feature_init:: ---- Feature SSREC is Enabled ----
11-20 13:53:30.396 10352 10358 D audio_hw_extn: src_trkn_feature_init:: ---- Feature SOURCE_TRACKING is Enabled ----
11-20 13:53:30.396 10352 10358 D audio_hw_extn: hdmi_edid_feature_init: HDMI_EDID feature Enabled
11-20 13:53:30.396 10352 10358 D audio_hw_extn: hdmi_edid_feature_init:: ---- Feature HDMI_EDID is Enabled ----
11-20 13:53:30.396 10352 10358 D audio_hw_extn: :: keep_alive_feature_init: ---- Feature KEEP_ALIVE is ENABLED ----
11-20 13:53:30.396 10352 10358 D audio_hw_extn: :: hifi_audio_feature_init: ---- Feature HIFI_AUDIO is  NOT ENABLED ----
11-20 13:53:30.396 10352 10358 D audio_hw_extn: :: ras_feature_init: ---- Feature RAS_FEATURE is ENABLED ----
11-20 13:53:30.396 10352 10358 D audio_hw_extn: :: kpi_optimize_feature_init: ---- Feature KPI_OPTIMIZE is ENABLED ----
11-20 13:53:30.396 10352 10358 D audio_hw_extn: usb_offload_feature_init: Called with feature Enabled
11-20 13:53:30.396 10352 10358 D audio_hw_extn: usb_offload_burst_mode_feature_init: Called with feature Enabled
11-20 13:53:30.396 10352 10358 D audio_hw_extn: usb_offload_sidetone_volume_feature_init: Called with feature NOT Enabled
11-20 13:53:30.396 10352 10358 D audio_hw_extn: a2dp_offload_feature_init: Called with feature Enabled
11-20 13:53:30.397 10352 10358 D audio_hw_extn: a2dp_offload_feature_init:: ---- Feature A2DP_OFFLOAD is Enabled ----
11-20 13:53:30.397 10352 10358 D audio_hw_extn: :: vbat_feature_init: ---- Feature VBAT is ENABLED ----
11-20 13:53:30.397 10352 10358 D audio_hw_extn: :: display_port_feature_init: ---- Feature DISPLAY_PORT is ENABLED ----
11-20 13:53:30.397 10352 10358 D audio_hw_extn: :: fluence_feature_init: ---- Feature FLUENCE is ENABLED ----
11-20 13:53:30.397 10352 10358 D audio_hw_extn: :: custom_stereo_feature_init: ---- Feature CUSTOM_STEREO is ENABLED ----
11-20 13:53:30.397 10352 10358 D audio_hw_extn: :: anc_headset_feature_init: ---- Feature ANC_HEADSET is NOT ENABLED----
11-20 13:53:30.397 10352 10358 D audio_hw_extn: spkr_prot_feature_init: Called with feature NOT Enabled, vendor_enhanced_info 0x3
11-20 13:53:30.397 10352 10358 W audio_hw_extn: :: spkr_prot_feature_init: ---- Feature SPKR_PROT is disabled ----
11-20 13:53:30.397 10352 10358 D audio_hw_extn: fm_feature_init: ---- Feature FM_POWER_OPT is ENABLED----
11-20 13:53:30.397 10352 10358 D audio_hw_extn: external_qdsp_feature_init: Called with feature NOT Enabled
11-20 13:53:30.397 10352 10358 W audio_hw_extn: :: external_qdsp_feature_init: ---- Feature EXTERNAL_QDSP is disabled ----
11-20 13:53:30.397 10352 10358 D audio_hw_extn: external_speaker_feature_init: Called with feature NOT Enabled
11-20 13:53:30.397 10352 10358 W audio_hw_extn: :: external_speaker_feature_init: ---- Feature EXTERNAL_SPKR is disabled ----
11-20 13:53:30.397 10352 10358 D audio_hw_extn: external_speaker_tfa_feature_init: Called with feature NOT Enabled
11-20 13:53:30.397 10352 10358 W audio_hw_extn: :: external_speaker_tfa_feature_init: ---- Feature EXTERNAL_SPKR_TFA is disabled ----
11-20 13:53:30.397 10352 10358 D audio_hw_extn: hwdep_cal_feature_init: Called with feature NOT Enabled
11-20 13:53:30.397 10352 10358 W audio_hw_extn: :: hwdep_cal_feature_init: ---- Feature HWDEP_CAL is disabled ----
11-20 13:53:30.397 10352 10358 D audio_hw_extn: hfp_feature_init: Called with feature Enabled
11-20 13:53:30.397 10352 10358 D audio_hw_extn: hfp_feature_init:: ---- Feature HFP is Enabled ----
11-20 13:53:30.397 10352 10358 D audio_hw_extn: ext_hw_plugin_feature_init: Called with feature NOT Enabled
11-20 13:53:30.397 10352 10358 W audio_hw_extn: :: ext_hw_plugin_feature_init: ---- Feature EXT_HW_PLUGIN is disabled ----
11-20 13:53:30.397 10352 10358 D audio_hw_extn: record_play_concurency_feature_init: ---- Feature RECORD_PLAY_CONCURRENCY is NOT ENABLED----
11-20 13:53:30.397 10352 10358 D audio_hw_extn: hdmi_passthrough_feature_init: Called with feature Enabled
11-20 13:53:30.398 10352 10358 E audio_hw_extn: hdmi_passthrough_feature_init: dlsym failed
11-20 13:53:30.398 10352 10358 W audio_hw_extn: :: hdmi_passthrough_feature_init: ---- Feature HDMI_PASSTHROUGH is disabled ----
11-20 13:53:30.398 10352 10358 D audio_hw_extn: concurrent_capture_feature_init: ---- Feature CONCURRENT_CAPTURE is ENABLED----
11-20 13:53:30.398 10352 10358 D audio_hw_extn: compress_in_feature_init: ---- Feature COMPRESS_IN is ENABLED----
11-20 13:53:30.399 10352 10358 D audio_hw_extn: battery_listener_feature_init: ---- Feature BATTERY_LISTENER is enabled ----
11-20 13:53:30.399 10352 10358 D audio_hw_extn: maxx_audio_feature_init: Called with feature NOT Enabled
11-20 13:53:30.399 10352 10358 W audio_hw_extn: :: maxx_audio_feature_init: ---- Feature MAXX_AUDIO is disabled ----
11-20 13:53:30.399 10352 10358 D audio_hw_extn: audiozoom_feature_init: Called with feature NOT Enabled
11-20 13:53:30.399 10352 10358 W audio_hw_extn: :: audiozoom_feature_init: ---- Feature AUDIOZOOM is disabled ----
11-20 13:53:30.399 10352 10358 D audio_hw_extn: auto_hal_feature_init: Called with feature NOT Enabled
11-20 13:53:30.399 10352 10358 W audio_hw_extn: :: auto_hal_feature_init: ---- Feature AUTO_HAL is disabled ----
11-20 13:53:30.399 10352 10358 D voice_extn: :: dynamic_ecns_feature_init: ---- Feature DYNAMIC_ECNS is NOT ENABLED ----
11-20 13:53:30.400 10352 10358 E audio_hw_extn: audio_extn_perf_lock_init: Perf lock handles Success 
11-20 13:53:30.401 10352 10358 D audio_hw_utils: audio_extn_utils_open_snd_mixer: snd_card_name: kona-mtp-snd-card
11-20 13:53:30.401 10352 10358 D audio_hw_utils: audio_extn_utils_open_snd_mixer: Opened sound card:0
11-20 13:53:30.401 10352 10358 D msm8974_platform: platform_init: Opened sound card:0
11-20 13:53:30.401 10352 10358 I audio_hw_extn: audio_extn_set_snd_card_split: snd_card_name(kona-mtp-snd-card) device(kona) snd_card(mtp) form_factor(snd)
11-20 13:53:30.401 10352 10358 I msm8974_platform: update_codec_type_and_interface: snd_card_name: kona-mtp-snd-card
11-20 13:53:30.401 10352 10358 I msm8974_platform: restore_hifi_status: resotre hifi status = true
11-20 13:53:30.401 10352 10358 D audio_hw_extn: audio_extn_can_use_vbat: vbat.enabled property is set to 0
11-20 13:53:30.401 10352 10358 D audio_hw_extn: audio_extn_can_use_bcl: bcl.enabled property is set to 0
11-20 13:53:30.402 10352 10358 D msm8974_platform: Alac software decoder is available...removing alac from DSP decoder list
11-20 13:53:30.402 10352 10358 D msm8974_platform: APE software decoder is available...removing ape from DSP decoder list
11-20 13:53:30.402 10352 10358 D msm8974_platform: platform_set_audio_device_interface: Enter, device name:AUDIO_DEVICE_IN_BUILTIN_MIC, intf name:TX_CDC_DMA_TX_3
11-20 13:53:30.402 10352 10358 D msm8974_platform: platform_set_audio_device_interface: Matched device name:AUDIO_DEVICE_IN_BUILTIN_MIC, overwrite intf name with TX_CDC_DMA_TX_3
11-20 13:53:30.402 10352 10358 D msm8974_platform: platform_set_audio_device_interface: Enter, device name:AUDIO_DEVICE_IN_BACK_MIC, intf name:TX_CDC_DMA_TX_3
11-20 13:53:30.402 10352 10358 D msm8974_platform: platform_set_audio_device_interface: Matched device name:AUDIO_DEVICE_IN_BACK_MIC, overwrite intf name with TX_CDC_DMA_TX_3
11-20 13:53:30.403 10360 10364 I AdrenoGLES-0: PFP: 0x016dd093, ME: 0x00000000
11-20 13:53:30.403 10352 10358 V msm8974_platform: platform_set_parameters: enter: mono_speaker=left
11-20 13:53:30.403 10352 10358 D audio_hw_hfp: hfp_set_parameters: enter
11-20 13:53:30.403 10352 10358 V msm8974_platform: platform_set_parameters: enter: spkr_1_tz_name=wsatz.13
11-20 13:53:30.403 10352 10358 D audio_hw_hfp: hfp_set_parameters: enter
11-20 13:53:30.403 10352 10358 V msm8974_platform: platform_set_parameters: enter: spkr_1_tz_name=wsatz.13;spkr_2_tz_name=wsatz.14
11-20 13:53:30.403 10352 10358 D audio_hw_hfp: hfp_set_parameters: enter
11-20 13:53:30.403 10352 10358 V msm8974_platform: platform_set_parameters: enter: spkr_1_tz_name=wsatz.13;spkr_2_tz_name=wsatz.14;true_32_bit=true
11-20 13:53:30.403 10352 10358 D audio_hw_hfp: hfp_set_parameters: enter
11-20 13:53:30.403 10352 10358 V msm8974_platform: platform_set_parameters: enter: spkr_1_tz_name=wsatz.13;spkr_2_tz_name=wsatz.14;hifi_filter=false
11-20 13:53:30.403 10352 10358 D audio_hw_hfp: hfp_set_parameters: enter
11-20 13:53:30.403 10352 10358 V msm8974_platform: platform_set_parameters: enter: native_audio_mode=multiple_mix_dsp;spkr_1_tz_name=wsatz.13;spkr_2_tz_name=wsatz.14
11-20 13:53:30.403 10352 10358 D msm8974_platform: native_audio_set_params:napb updating mode (4) from XML
11-20 13:53:30.403 10352 10358 D msm8974_platform: platform_set_native_support:napb: native audio playback enabled in (Multiple_Mix_DSP) mode
11-20 13:53:30.403 10352 10358 D audio_hw_hfp: hfp_set_parameters: enter
11-20 13:53:30.403 10352 10358 V msm8974_platform: platform_set_parameters: enter: native_audio_mode=multiple_mix_dsp;hfp_pcm_dev_id=39;spkr_1_tz_name=wsatz.13;spkr_2_tz_name=wsatz.14
11-20 13:53:30.403 10352 10358 D msm8974_platform: native_audio_set_params:napb updating mode (4) from XML
11-20 13:53:30.403 10352 10358 D msm8974_platform: platform_set_native_support:napb: native audio playback enabled in (Multiple_Mix_DSP) mode
11-20 13:53:30.403 10352 10358 D audio_hw_hfp: hfp_set_parameters: enter
11-20 13:53:30.403 10352 10358 D audio_hw_hfp: Updating HFP_PCM_DEV_ID as 39 from platform XML
11-20 13:53:30.403 10352 10358 V msm8974_platform: platform_set_parameters: enter: native_audio_mode=multiple_mix_dsp;input_mic_max_count=3;spkr_1_tz_name=wsatz.13;spkr_2_tz_name=wsatz.14
11-20 13:53:30.403 10352 10358 D msm8974_platform: native_audio_set_params:napb updating mode (4) from XML
11-20 13:53:30.403 10352 10358 D msm8974_platform: platform_set_native_support:napb: native audio playback enabled in (Multiple_Mix_DSP) mode
11-20 13:53:30.403 10352 10358 D audio_hw_hfp: hfp_set_parameters: enter
11-20 13:53:30.404 10360 10364 I RenderEngine: Realtime priority unsupported, degrading gracefully to high priority
11-20 13:53:30.404 10352 10358 D msm8974_platform: platform_set_snd_device_backend: backend_tag_table[headphones]: old = null new = headphones
11-20 13:53:30.404 10352 10358 D msm8974_platform: platform_set_snd_device_backend: hw_interface_table[27] = RX_CDC_DMA_RX_0
11-20 13:53:30.404 10352 10358 D msm8974_platform: platform_set_snd_device_backend: backend_tag_table[headphones-hifi-filter]: old = headphones-hifi-filter new = headphones
11-20 13:53:30.404 10352 10358 D msm8974_platform: platform_set_snd_device_backend: hw_interface_table[30] = RX_CDC_DMA_RX_0
11-20 13:53:30.404 10352 10358 D msm8974_platform: platform_set_snd_device_backend: backend_tag_table[headphones-44.1]: old = headphones-44.1 new = headphones-44.1
11-20 13:53:30.404 10352 10358 D msm8974_platform: platform_set_snd_device_backend: hw_interface_table[31] = RX_CDC_DMA_RX_0
11-20 13:53:30.404 10352 10358 D msm8974_platform: platform_set_snd_device_backend: backend_tag_table[headphones]: old = headphones new = headphones
11-20 13:53:30.404 10352 10358 D msm8974_platform: platform_set_snd_device_backend: hw_interface_table[28] = RX_CDC_DMA_RX_0
11-20 13:53:30.404 10352 10358 D msm8974_platform: platform_set_snd_device_backend: backend_tag_table[bt-sco-headset-wb]: old = bt-sco-wb new = bt-sco-wb
11-20 13:53:30.404 10352 10358 D msm8974_platform: platform_set_snd_device_backend: hw_interface_table[66] = SLIMBUS_7_RX
11-20 13:53:30.404 10352 10358 D msm8974_platform: platform_set_snd_device_backend: backend_tag_table[bt-sco-headset]: old = bt-sco new = bt-sco
11-20 13:53:30.404 10352 10358 D msm8974_platform: platform_set_snd_device_backend: hw_interface_table[65] = SLIMBUS_7_RX
11-20 13:53:30.404 10352 10358 D msm8974_platform: platform_set_snd_device_backend: backend_tag_table[bt-a2dp]: old = bt-a2dp new = bt-a2dp
11-20 13:53:30.404 10352 10358 D msm8974_platform: platform_set_snd_device_backend: hw_interface_table[68] = SLIMBUS_7_RX
11-20 13:53:30.404 10352 10358 D msm8974_platform: platform_set_snd_device_backend: backend_tag_table[line]: old = null new = headphones
11-20 13:53:30.404 10352 10358 D msm8974_platform: platform_set_snd_device_backend: hw_interface_table[26] = RX_CDC_DMA_RX_0
11-20 13:53:30.404 10352 10358 D msm8974_platform: platform_set_snd_device_backend: backend_tag_table[anc-headphones]: old = null new = headphones
11-20 13:53:30.404 10352 10358 D msm8974_platform: platform_set_snd_device_backend: hw_interface_table[120] = RX_CDC_DMA_RX_0
11-20 13:53:30.404 10352 10358 D msm8974_platform: platform_set_snd_device_backend: backend_tag_table[speaker-and-headphones]: old = null new = speaker-and-headphones
11-20 13:53:30.404 10352 10358 D msm8974_platform: platform_set_snd_device_backend: hw_interface_table[39] = TERT_MI2S_RX-and-RX_CDC_DMA_RX_0
11-20 13:53:30.404 10352 10358 D msm8974_platform: platform_set_snd_device_backend: backend_tag_table[speaker-and-headphones-hifi-filter]: old = speaker-and-headphones-hifi-filter new = speaker-and-headphones
11-20 13:53:30.405 10352 10358 D msm8974_platform: platform_set_snd_device_backend: hw_interface_table[40] = TERT_MI2S_RX-and-RX_CDC_DMA_RX_0
11-20 13:53:30.405 10352 10358 D msm8974_platform: platform_set_snd_device_backend: backend_tag_table[speaker-and-line]: old = null new = speaker-and-headphones
11-20 13:53:30.405 10352 10358 D msm8974_platform: platform_set_snd_device_backend: hw_interface_table[44] = TERT_MI2S_RX-and-RX_CDC_DMA_RX_0
11-20 13:53:30.405 10352 10358 D msm8974_platform: platform_set_snd_device_backend: backend_tag_table[speaker-and-anc-headphones]: old = null new = speaker-and-headphones
11-20 13:53:30.405 10352 10358 D msm8974_platform: platform_set_snd_device_backend: hw_interface_table[124] = TERT_MI2S_RX-and-RX_CDC_DMA_RX_0
11-20 13:53:30.405 10352 10358 D msm8974_platform: platform_set_snd_device_backend: backend_tag_table[voice-headphones]: old = null new = headphones
11-20 13:53:30.405 10352 10358 D msm8974_platform: platform_set_snd_device_backend: hw_interface_table[54] = RX_CDC_DMA_RX_0
11-20 13:53:30.405 10352 10358 D msm8974_platform: platform_set_snd_device_backend: backend_tag_table[voice-headset]: old = null new = headset
11-20 13:53:30.405 10352 10358 D msm8974_platform: platform_set_snd_device_backend: hw_interface_table[55] = RX_CDC_DMA_RX_0
11-20 13:53:30.405 10352 10358 D msm8974_platform: platform_set_snd_device_backend: backend_tag_table[voice-anc-headphones]: old = null new = headphones
11-20 13:53:30.405 10352 10358 D msm8974_platform: platform_set_snd_device_backend: hw_interface_table[122] = RX_CDC_DMA_RX_0
11-20 13:53:30.405 10352 10358 D msm8974_platform: platform_set_snd_device_backend: backend_tag_table[voice-line]: old = null new = headphones
11-20 13:53:30.405 10352 10358 D msm8974_platform: platform_set_snd_device_backend: hw_interface_table[56] = RX_CDC_DMA_RX_0
11-20 13:53:30.405 10352 10358 D msm8974_platform: platform_set_snd_device_backend: backend_tag_table[voice-tty-full-headphones]: old = null new = headphones
11-20 13:53:30.405 10352 10358 D msm8974_platform: platform_set_snd_device_backend: hw_interface_table[97] = RX_CDC_DMA_RX_0
11-20 13:53:30.405 10352 10358 D msm8974_platform: platform_set_snd_device_backend: backend_tag_table[voice-tty-full-headset]: old = null new = headset
11-20 13:53:30.405 10352 10358 D msm8974_platform: platform_set_snd_device_backend: hw_interface_table[98] = RX_CDC_DMA_RX_0
11-20 13:53:30.405 10352 10358 D msm8974_platform: platform_set_snd_device_backend: backend_tag_table[voice-tty-vco-headphones]: old = null new = headphones
11-20 13:53:30.405 10352 10358 D msm8974_platform: platform_set_snd_device_backend: hw_interface_table[99] = RX_CDC_DMA_RX_0
11-20 13:53:30.405 10352 10358 E msm8974_platform: find_index: Could not find index for name = SND_DEVICE_OUT_VOICE_TTY_VCO_HEADSET
11-20 13:53:30.405 10352 10358 E platform_info: process_backend_name: Device SND_DEVICE_OUT_VOICE_TTY_VCO_HEADSET not found, no ACDB ID set!
11-20 13:53:30.405 10352 10358 D msm8974_platform: platform_set_snd_device_backend: backend_tag_table[handset]: old = null new = handset
11-20 13:53:30.405 10352 10358 D msm8974_platform: platform_set_snd_device_backend: hw_interface_table[1] = RX_CDC_DMA_RX_0
11-20 13:53:30.405 10352 10358 D msm8974_platform: platform_set_snd_device_backend: backend_tag_table[ultrasound-output]: old = null new = handset
11-20 13:53:30.405 10352 10358 D msm8974_platform: platform_set_snd_device_backend: hw_interface_table[148] = RX_CDC_DMA_RX_1
11-20 13:53:30.405 10352 10358 D msm8974_platform: platform_set_snd_device_backend: backend_tag_table[speaker]: old = speaker new = speaker
11-20 13:53:30.405 10352 10358 D msm8974_platform: platform_set_snd_device_backend: hw_interface_table[2] = TERT_MI2S_RX
11-20 13:53:30.405 10352 10358 D msm8974_platform: platform_set_snd_device_backend: backend_tag_table[speaker-safe]: old = null new = speaker
11-20 13:53:30.405 10352 10358 D msm8974_platform: platform_set_snd_device_backend: hw_interface_table[23] = TERT_MI2S_RX
11-20 13:53:30.405 10352 10358 D msm8974_platform: platform_set_snd_device_backend: backend_tag_table[speaker]: old = speaker new = speaker
11-20 13:53:30.405 10352 10358 D msm8974_platform: platform_set_snd_device_backend: hw_interface_table[25] = TERT_MI2S_RX
11-20 13:53:30.405 10352 10358 D msm8974_platform: platform_set_snd_device_backend: backend_tag_table[speaker-mono]: old = null new = speaker
11-20 13:53:30.405 10352 10358 D msm8974_platform: platform_set_snd_device_backend: hw_interface_table[18] = TERT_MI2S_RX
11-20 13:53:30.405 10352 10358 D msm8974_platform: platform_set_snd_device_backend: backend_tag_table[speaker-mono-2]: old = null new = speaker
11-20 13:53:30.405 10352 10358 D msm8974_platform: platform_set_snd_device_backend: hw_interface_table[19] = TERT_MI2S_RX
11-20 13:53:30.405 10352 10358 D msm8974_platform: platform_set_snd_device_backend: backend_tag_table[speaker-ext-1]: old = null new = speaker
11-20 13:53:30.405 10352 10358 D msm8974_platform: platform_set_snd_device_backend: hw_interface_table[20] = TERT_MI2S_RX
11-20 13:53:30.405 10352 10358 D msm8974_platform: platform_set_snd_device_backend: backend_tag_table[speaker-ext-2]: old = null new = speaker
11-20 13:53:30.405 10352 10358 D msm8974_platform: platform_set_snd_device_backend: hw_interface_table[21] = TERT_MI2S_RX
11-20 13:53:30.405 10352 10358 D msm8974_platform: platform_set_snd_device_backend: backend_tag_table[speaker-reverse]: old = null new = speaker
11-20 13:53:30.405 10352 10358 D msm8974_platform: platform_set_snd_device_backend: hw_interface_table[22] = TERT_MI2S_RX
11-20 13:53:30.405 10352 10358 D msm8974_platform: platform_set_snd_device_backend: backend_tag_table[speaker-vbat]: old = null new = speaker
11-20 13:53:30.405 10352 10358 D msm8974_platform: platform_set_snd_device_backend: hw_interface_table[24] = TERT_MI2S_RX
11-20 13:53:30.405 10352 10358 D msm8974_platform: platform_set_snd_device_backend: backend_tag_table[speaker-and-headphones-ext-1]: old = null new = (null)
11-20 13:53:30.405 10352 10358 D msm8974_platform: platform_set_snd_device_backend: hw_interface_table[46] = TERT_MI2S_RX-and-RX_CDC_DMA_RX_0
11-20 13:53:30.405 10352 10358 D msm8974_platform: platform_set_snd_device_backend: backend_tag_table[speaker-and-headphones-ext-2]: old = null new = (null)
11-20 13:53:30.405 10352 10358 D msm8974_platform: platform_set_snd_device_backend: hw_interface_table[47] = TERT_MI2S_RX-and-RX_CDC_DMA_RX_0
11-20 13:53:30.405 10352 10358 D msm8974_platform: platform_set_snd_device_backend: backend_tag_table[voice-handset]: old = null new = handset
11-20 13:53:30.405 10352 10358 D msm8974_platform: platform_set_snd_device_backend: hw_interface_table[48] = RX_CDC_DMA_RX_0
11-20 13:53:30.405 10352 10358 D msm8974_platform: platform_set_snd_device_backend: backend_tag_table[voice-handset-tmus]: old = null new = (null)
11-20 13:53:30.405 10352 10358 D msm8974_platform: platform_set_snd_device_backend: hw_interface_table[81] = RX_CDC_DMA_RX_0
11-20 13:53:30.405 10352 10358 D msm8974_platform: platform_set_snd_device_backend: backend_tag_table[quad-mic]: old = null new = (null)
11-20 13:53:30.405 10352 10358 D msm8974_platform: platform_set_snd_device_backend: hw_interface_table[306] = TX_CDC_DMA_TX_3
11-20 13:53:30.405 10352 10358 D msm8974_platform: platform_set_snd_device_backend: backend_tag_table[voice-speaker]: old = null new = speaker
11-20 13:53:30.405 10352 10358 D msm8974_platform: platform_set_snd_device_backend: hw_interface_table[49] = TERT_MI2S_RX
11-20 13:53:30.405 10352 10358 D msm8974_platform: platform_set_snd_device_backend: backend_tag_table[voice-speaker-vbat]: old = voice-speaker-vbat new = speaker
11-20 13:53:30.405 10352 10358 D msm8974_platform: platform_set_snd_device_backend: hw_interface_table[51] = TERT_MI2S_RX
11-20 13:53:30.405 10352 10358 D msm8974_platform: platform_set_snd_device_backend: backend_tag_table[voice-speaker-2]: old = null new = speaker
11-20 13:53:30.405 10352 10358 D msm8974_platform: platform_set_snd_device_backend: hw_interface_table[52] = TERT_MI2S_RX
11-20 13:53:30.405 10352 10358 D msm8974_platform: platform_set_snd_device_backend: backend_tag_table[voice-speaker-2-vbat]: old = voice-speaker-2-vbat new = speaker
11-20 13:53:30.405 10352 10358 D msm8974_platform: platform_set_snd_device_backend: hw_interface_table[53] = TERT_MI2S_RX
11-20 13:53:30.405 10352 10358 D msm8974_platform: platform_set_snd_device_backend: backend_tag_table[speaker-and-hdmi]: old = speaker-and-hdmi new = (null)
11-20 13:53:30.405 10352 10358 D msm8974_platform: platform_set_snd_device_backend: hw_interface_table[58] = TERT_MI2S_RX-and-HDMI
11-20 13:53:30.405 10352 10358 D msm8974_platform: platform_set_snd_device_backend: backend_tag_table[speaker-and-display-port]: old = speaker-and-display-port new = (null)
11-20 13:53:30.405 10352 10358 D msm8974_platform: platform_set_snd_device_backend: hw_interface_table[61] = TERT_MI2S_RX-and-DISPLAY_PORT
11-20 13:53:30.405 10352 10358 D msm8974_platform: platform_set_snd_device_backend: backend_tag_table[speaker-and-bt-a2dp]: old = speaker-and-bt-a2dp new = (null)
11-20 13:53:30.405 10352 10358 D msm8974_platform: platform_set_snd_device_backend: hw_interface_table[77] = TERT_MI2S_RX-and-SLIMBUS_7_RX
11-20 13:53:30.405 10352 10358 D msm8974_platform: platform_set_snd_device_backend: backend_tag_table[voice-tty-hco-handset]: old = null new = handset
11-20 13:53:30.405 10352 10358 D msm8974_platform: platform_set_snd_device_backend: hw_interface_table[101] = RX_CDC_DMA_RX_0
11-20 13:53:30.405 10352 10358 D msm8974_platform: platform_set_snd_device_backend: backend_tag_table[voice-speaker-stereo]: old = null new = speaker
11-20 13:53:30.405 10352 10358 D msm8974_platform: platform_set_snd_device_backend: hw_interface_table[50] = TERT_MI2S_RX
11-20 13:53:30.405 10352 10358 D msm8974_platform: platform_set_snd_device_backend: backend_tag_table[anc-fb-headphones]: old = null new = headphones
11-20 13:53:30.405 10352 10358 D msm8974_platform: platform_set_snd_device_backend: hw_interface_table[121] = RX_CDC_DMA_RX_0
11-20 13:53:30.405 10352 10358 D msm8974_platform: platform_set_snd_device_backend: backend_tag_table[voice-anc-fb-headphones]: old = null new = headphones
11-20 13:53:30.405 10352 10358 D msm8974_platform: platform_set_snd_device_backend: hw_interface_table[123] = RX_CDC_DMA_RX_0
11-20 13:53:30.405 10352 10358 D msm8974_platform: platform_set_snd_device_backend: backend_tag_table[anc-handset]: old = null new = handset
11-20 13:53:30.405 10352 10358 D msm8974_platform: platform_set_snd_device_backend: hw_interface_table[126] = RX_CDC_DMA_RX_0
11-20 13:53:30.405 10352 10358 D msm8974_platform: platform_set_snd_device_backend: backend_tag_table[speaker-protected]: old = null new = speaker
11-20 13:53:30.405 10352 10358 D msm8974_platform: platform_set_snd_device_backend: hw_interface_table[127] = TERT_MI2S_RX
11-20 13:53:30.405 10352 10358 D msm8974_platform: platform_set_snd_device_backend: backend_tag_table[voice-speaker-protected]: old = null new = speaker
11-20 13:53:30.405 10352 10358 D msm8974_platform: platform_set_snd_device_backend: hw_interface_table[128] = TERT_MI2S_RX
11-20 13:53:30.405 10352 10358 D msm8974_platform: platform_set_snd_device_backend: backend_tag_table[voice-speaker-2-protected]: old = null new = speaker
11-20 13:53:30.406 10352 10358 D msm8974_platform: platform_set_snd_device_backend: hw_interface_table[129] = TERT_MI2S_RX
11-20 13:53:30.406 10352 10358 D msm8974_platform: platform_set_snd_device_backend: backend_tag_table[speaker-protected-vbat]: old = null new = speaker
11-20 13:53:30.406 10352 10358 D msm8974_platform: platform_set_snd_device_backend: hw_interface_table[131] = TERT_MI2S_RX
11-20 13:53:30.406 10352 10358 D msm8974_platform: platform_set_snd_device_backend: backend_tag_table[voice-speaker-protected-vbat]: old = null new = speaker
11-20 13:53:30.406 10352 10358 D msm8974_platform: platform_set_snd_device_backend: hw_interface_table[132] = TERT_MI2S_RX
11-20 13:53:30.406 10352 10358 D msm8974_platform: platform_set_snd_device_backend: backend_tag_table[voice-speaker-2-protected-vbat]: old = null new = speaker
11-20 13:53:30.406 10352 10358 D msm8974_platform: platform_set_snd_device_backend: hw_interface_table[133] = TERT_MI2S_RX
11-20 13:53:30.406 10352 10358 D msm8974_platform: platform_set_snd_device_backend: backend_tag_table[wsa-speaker]: old = null new = (null)
11-20 13:53:30.406 10352 10358 D msm8974_platform: platform_set_snd_device_backend: hw_interface_table[134] = WSA_CDC_DMA_RX_0
11-20 13:53:30.406 10352 10358 D msm8974_platform: platform_set_snd_device_backend: backend_tag_table[wsa-voice-speaker]: old = null new = speaker
11-20 13:53:30.406 10352 10358 D msm8974_platform: platform_set_snd_device_backend: hw_interface_table[135] = TERT_MI2S_RX
11-20 13:53:30.406 10352 10358 D msm8974_platform: platform_set_snd_device_backend: backend_tag_table[wsa-voice-speaker-2]: old = null new = speaker
11-20 13:53:30.406 10352 10358 D msm8974_platform: platform_set_snd_device_backend: hw_interface_table[136] = TERT_MI2S_RX
11-20 13:53:30.406 10352 10358 D msm8974_platform: platform_set_snd_device_backend: backend_tag_table[handset-mic]: old = null new = (null)
11-20 13:53:30.406 10352 10358 D msm8974_platform: platform_set_snd_device_backend: hw_interface_table[159] = TX_CDC_DMA_TX_3
11-20 13:53:30.406 10352 10358 D msm8974_platform: platform_set_snd_device_backend: backend_tag_table[handset-mic]: old = null new = (null)
11-20 13:53:30.406 10352 10358 D msm8974_platform: platform_set_snd_device_backend: hw_interface_table[160] = TX_CDC_DMA_TX_3
11-20 13:53:30.406 10352 10358 D msm8974_platform: platform_set_snd_device_backend: backend_tag_table[handset-mic-ext]: old = null new = (null)
11-20 13:53:30.406 10352 10358 D msm8974_platform: platform_set_snd_device_backend: hw_interface_table[161] = TX_CDC_DMA_TX_3
11-20 13:53:30.406 10352 10358 D msm8974_platform: platform_set_snd_device_backend: backend_tag_table[handset-mic]: old = null new = (null)
11-20 13:53:30.406 10352 10358 D msm8974_platform: platform_set_snd_device_backend: hw_interface_table[163] = TX_CDC_DMA_TX_3
11-20 13:53:30.406 10352 10358 D msm8974_platform: platform_set_snd_device_backend: backend_tag_table[handset-mic]: old = null new = (null)
11-20 13:53:30.406 10352 10358 D msm8974_platform: platform_set_snd_device_backend: hw_interface_table[164] = TX_CDC_DMA_TX_3
11-20 13:53:30.406 10352 10358 D msm8974_platform: platform_set_snd_device_backend: backend_tag_table[handset-mic]: old = null new = (null)
11-20 13:53:30.406 10352 10358 D msm8974_platform: platform_set_snd_device_backend: hw_interface_table[166] = TX_CDC_DMA_TX_3
11-20 13:53:30.406 10352 10358 D msm8974_platform: platform_set_snd_device_backend: backend_tag_table[handset-mic]: old = null new = (null)
11-20 13:53:30.406 10352 10358 D msm8974_platform: platform_set_snd_device_backend: hw_interface_table[168] = TX_CDC_DMA_TX_3
11-20 13:53:30.406 10352 10358 D msm8974_platform: platform_set_snd_device_backend: backend_tag_table[handset-mic]: old = null new = (null)
11-20 13:53:30.406 10352 10358 D msm8974_platform: platform_set_snd_device_backend: hw_interface_table[169] = TX_CDC_DMA_TX_3
11-20 13:53:30.406 10352 10358 D msm8974_platform: platform_set_snd_device_backend: backend_tag_table[handset-mic]: old = null new = (null)
11-20 13:53:30.406 10352 10358 D msm8974_platform: platform_set_snd_device_backend: hw_interface_table[171] = TX_CDC_DMA_TX_3
11-20 13:53:30.406 10352 10358 D msm8974_platform: platform_set_snd_device_backend: backend_tag_table[dmic-endfire]: old = null new = (null)
11-20 13:53:30.406 10352 10358 D msm8974_platform: platform_set_snd_device_backend: hw_interface_table[172] = TX_CDC_DMA_TX_3
11-20 13:53:30.406 10352 10358 D msm8974_platform: platform_set_snd_device_backend: backend_tag_table[dmic-endfire]: old = null new = (null)
11-20 13:53:30.406 10352 10358 D msm8974_platform: platform_set_snd_device_backend: hw_interface_table[173] = TX_CDC_DMA_TX_3
11-20 13:53:30.406 10352 10358 D msm8974_platform: platform_set_snd_device_backend: backend_tag_table[dmic-endfire]: old = null new = (null)
11-20 13:53:30.406 10352 10358 D msm8974_platform: platform_set_snd_device_backend: hw_interface_table[174] = TX_CDC_DMA_TX_3
11-20 13:53:30.406 10360 10364 D RenderEngine: Background Blurs Enabled (Glass / Kawase variant)
11-20 13:53:30.406 10352 10358 D msm8974_platform: platform_set_snd_device_backend: backend_tag_table[dmic-endfire]: old = null new = (null)
11-20 13:53:30.406 10352 10358 D msm8974_platform: platform_set_snd_device_backend: hw_interface_table[175] = TX_CDC_DMA_TX_3
11-20 13:53:30.406 10352 10358 D msm8974_platform: platform_set_snd_device_backend: backend_tag_table[dmic-endfire]: old = null new = (null)
11-20 13:53:30.406 10352 10358 D msm8974_platform: platform_set_snd_device_backend: hw_interface_table[176] = TX_CDC_DMA_TX_3
11-20 13:53:30.406 10352 10358 D msm8974_platform: platform_set_snd_device_backend: backend_tag_table[dmic-endfire]: old = null new = (null)
11-20 13:53:30.406 10352 10358 D msm8974_platform: platform_set_snd_device_backend: hw_interface_table[177] = TX_CDC_DMA_TX_3
