--------- beginning of main
11-22 11:34:45.091  1605 10019 W ServiceManagerCppClient: Waited one second for stats (is service started? Number of threads started in the threadpool: 17. Are binder threads started and available?)
11-22 11:34:45.299  1814  2586 D InetDiagMessage: Destroyed 0 sockets, proto=IPPROTO_TCP, family=AF_INET, states=14
11-22 11:34:45.301  1814  2586 D InetDiagMessage: Destroyed 0 sockets, proto=IPPROTO_TCP, family=AF_INET6, states=14
11-22 11:34:45.301  1814  2586 D InetDiagMessage: Destroyed live tcp sockets for uids={10613} in 3ms
11-22 11:34:45.303  1814  2586 D InetDiagMessage: Destroyed 0 sockets, proto=IPPROTO_TCP, family=AF_INET, states=14
11-22 11:34:45.304  1814  2586 D InetDiagMessage: Destroyed 0 sockets, proto=IPPROTO_TCP, family=AF_INET6, states=14
11-22 11:34:45.304  1814  2586 D InetDiagMessage: Destroyed live tcp sockets for uids={20613} in 3ms
11-22 11:34:45.771  1271  3008 W ServiceManagerCppClient: Waited one second for stats (is service started? Number of threads started in the threadpool: 6. Are binder threads started and available?)
11-22 11:34:45.846  1814  2618 W ServiceManagerCppClient: Waited one second for stats (is service started? Number of threads started in the threadpool: 32. Are binder threads started and available?)
11-22 11:34:46.092  1605 10019 W ServiceManagerCppClient: Waited one second for stats (is service started? Number of threads started in the threadpool: 17. Are binder threads started and available?)
11-22 11:34:46.772  1271  3008 W ServiceManagerCppClient: Waited one second for stats (is service started? Number of threads started in the threadpool: 6. Are binder threads started and available?)
11-22 11:34:46.849  1814  2618 W ServiceManagerCppClient: Waited one second for stats (is service started? Number of threads started in the threadpool: 32. Are binder threads started and available?)
11-22 11:34:47.093  1605 10019 W ServiceManagerCppClient: Waited one second for stats (is service started? Number of threads started in the threadpool: 17. Are binder threads started and available?)
11-22 11:34:47.360   669   669 I hwservicemanager: getTransport: Cannot find entry vendor.qti.hardware.servicetracker@1.0::IServicetracker/default in either framework or device VINTF manifest.
11-22 11:34:47.773  1271  3008 W ServiceManagerCppClient: Waited one second for stats (is service started? Number of threads started in the threadpool: 6. Are binder threads started and available?)
11-22 11:34:47.851  1814  2618 W ServiceManagerCppClient: Waited one second for stats (is service started? Number of threads started in the threadpool: 32. Are binder threads started and available?)
11-22 11:34:48.094  1605 10019 W ServiceManagerCppClient: Waited one second for stats (is service started? Number of threads started in the threadpool: 17. Are binder threads started and available?)
11-22 11:34:48.774  1271  3008 W ServiceManagerCppClient: Waited one second for stats (is service started? Number of threads started in the threadpool: 6. Are binder threads started and available?)
11-22 11:34:48.853  1814  2618 W ServiceManagerCppClient: Waited one second for stats (is service started? Number of threads started in the threadpool: 32. Are binder threads started and available?)
11-22 11:34:49.095  1605 10019 W ServiceManagerCppClient: Waited one second for stats (is service started? Number of threads started in the threadpool: 17. Are binder threads started and available?)
11-22 11:34:49.119  2865  2865 D QtiCarrierConfigHelper: WARNING, no carrier configs on phone Id: 1
--------- beginning of system
11-22 11:34:49.119  1814  1814 D LoadedApk: Receiver not registered: com.android.server.UiModeManagerService$8@69df6cc
11-22 11:34:49.620 25282 25282 D MiuiGallery2_BatteryMonitor: [main] - ACTION_BATTERY_CHANGED, plugged:true
11-22 11:34:49.621 25282 25282 D MiuiGallery2_BatteryMonitor: [main] - power is connected
11-22 11:34:49.623 25282 25304 D MiuiGallery2_BatteryMonitor: [work-thread] - ACTION_BATTERY_CHANGED, plugged:true
11-22 11:34:49.623 25282 25304 D MiuiGallery2_BatteryMonitor: [work-thread] - power is connected
11-22 11:34:49.775  1271  3008 W ServiceManagerCppClient: Waited one second for stats (is service started? Number of threads started in the threadpool: 6. Are binder threads started and available?)
11-22 11:34:49.855  1814  2618 W ServiceManagerCppClient: Waited one second for stats (is service started? Number of threads started in the threadpool: 32. Are binder threads started and available?)
11-22 11:34:50.096  1605 10019 W ServiceManagerCppClient: Waited one second for stats (is service started? Number of threads started in the threadpool: 17. Are binder threads started and available?)
11-22 11:34:50.100  3138 28640 I NearbyMediums: No BLE Fast/GATT advertisements found in the latest cycle.
11-22 11:34:50.101  3138 28640 I NearbyMediums: Current Tracked Scanning Clients are : {NearbyConnections.EnvironmentMonitor, NearbySharing}
11-22 11:34:50.683   669   669 I hwservicemanager: getTransport: Cannot find entry vendor.qti.hardware.servicetracker@1.0::IServicetracker/default in either framework or device VINTF manifest.
11-22 11:34:50.776  1271  3008 W ServiceManagerCppClient: Waited one second for stats (is service started? Number of threads started in the threadpool: 6. Are binder threads started and available?)
11-22 11:34:50.858  1814  2618 W ServiceManagerCppClient: Waited one second for stats (is service started? Number of threads started in the threadpool: 32. Are binder threads started and available?)
11-22 11:34:51.097  1605 10019 W ServiceManagerCppClient: Waited one second for stats (is service started? Number of threads started in the threadpool: 17. Are binder threads started and available?)
11-22 11:34:51.459   669   669 I hwservicemanager: getTransport: Cannot find entry vendor.qti.hardware.servicetracker@1.0::IServicetracker/default in either framework or device VINTF manifest.
11-22 11:34:51.585  1814  1814 D LoadedApk: Receiver not registered: com.android.server.UiModeManagerService$8@69df6cc
11-22 11:34:51.588  1814  2629 D BackgroundInstallControlService: Package event received: 0
11-22 11:34:51.588  2865  2865 D QtiCarrierConfigHelper: WARNING, no carrier configs on phone Id: 1
11-22 11:34:51.777  1271  3008 W ServiceManagerCppClient: Waited one second for stats (is service started? Number of threads started in the threadpool: 6. Are binder threads started and available?)
11-22 11:34:51.860  1814  2618 W ServiceManagerCppClient: Waited one second for stats (is service started? Number of threads started in the threadpool: 32. Are binder threads started and available?)
11-22 11:34:51.912   669   669 I hwservicemanager: getTransport: Cannot find entry vendor.qti.hardware.servicetracker@1.0::IServicetracker/default in either framework or device VINTF manifest.
11-22 11:34:52.085 25282 25282 D MiuiGallery2_BatteryMonitor: [main] - ACTION_BATTERY_CHANGED, plugged:true
11-22 11:34:52.085 25282 25282 D MiuiGallery2_BatteryMonitor: [main] - power is connected
11-22 11:34:52.086 25282 25304 D MiuiGallery2_BatteryMonitor: [work-thread] - ACTION_BATTERY_CHANGED, plugged:true
11-22 11:34:52.086 25282 25304 D MiuiGallery2_BatteryMonitor: [work-thread] - power is connected
11-22 11:34:52.098  1605 10019 W ServiceManagerCppClient: Waited one second for stats (is service started? Number of threads started in the threadpool: 17. Are binder threads started and available?)
11-22 11:34:52.139  2953  2953 D b/387844520: getOutlineOffsetX: measured width = 182, mNormalizedIconSize = 167, last updated width = 182
11-22 11:34:52.144  2953  3013 I s.nexuslauncher: AssetManager2(0xb400007b47027538) locale list changing from [] to [es-ES]
11-22 11:34:52.146   669   669 I hwservicemanager: getTransport: Cannot find entry vendor.qti.hardware.servicetracker@1.2::IServicetracker/default in either framework or device VINTF manifest.
11-22 11:34:52.147  1814 11935 W ActivityTaskManager: servicetracker HIDL not available
11-22 11:34:52.147  1814 11935 E ActivityTaskManager: Unable to get servicetracker HAL instance
11-22 11:34:52.147   669   669 I hwservicemanager: getTransport: Cannot find entry vendor.qti.hardware.servicetracker@1.2::IServicetracker/default in either framework or device VINTF manifest.
11-22 11:34:52.147  1814 11935 W ActivityTaskManager: servicetracker HIDL not available
11-22 11:34:52.147  1814 11935 E ActivityTaskManager: Unable to get servicetracker HAL instance
11-22 11:34:52.148  1814 11935 V GrammaticalInflectionUtils: AttributionSource: android.content.AttributionSource@be5b2b96 does not have READ_SYSTEM_GRAMMATICAL_GENDER permission.
11-22 11:34:52.151  1814 11935 E BoostFramework: BoostFramework() : Exception_1 = java.lang.ClassNotFoundException: com.qualcomm.qti.Performance
11-22 11:34:52.151  1814 11935 E BoostFramework: BoostFramework() Ux Perf: Exception = java.lang.ClassNotFoundException: com.qualcomm.qti.UxPerformance
11-22 11:34:52.151  1814 11935 E BoostFramework: BoostFramework() : Exception_1 = java.lang.ClassNotFoundException: com.qualcomm.qti.Performance
11-22 11:34:52.151  1814 11935 E BoostFramework: BoostFramework() Ux Perf: Exception = java.lang.ClassNotFoundException: com.qualcomm.qti.UxPerformance
11-22 11:34:52.153  1814  2462 W ProcessFreezerManager:   unbale to freeze binder: app info: uid=10609, pid=3587, adj=915, frozen=false, services=1, proc name=com.google.android.gms
11-22 11:34:52.153  1814  2462 D ProcessFreezerManager:  *skip freeze process: skip reason: unable to freeze process's binder. app info: uid=10609, pid=3587, adj=915, frozen=false, services=1, proc name=com.google.android.gms
11-22 11:34:52.153  1814  2462 W ProcessFreezerManager:   unbale to freeze binder: app info: uid=10719, pid=6607, adj=900, frozen=false, services=0, proc name=com.whatsapp
11-22 11:34:52.153  1814  2462 D ProcessFreezerManager:  *skip freeze process: skip reason: unable to freeze process's binder. app info: uid=10719, pid=6607, adj=900, frozen=false, services=0, proc name=com.whatsapp
11-22 11:34:52.154  1814  2462 W ProcessFreezerManager:   unbale to freeze binder: app info: uid=10651, pid=18583, adj=910, frozen=false, services=1, proc name=com.google.android.apps.photos
11-22 11:34:52.154  1814  2462 D ProcessFreezerManager:  *skip freeze process: skip reason: unable to freeze process's binder. app info: uid=10651, pid=18583, adj=910, frozen=false, services=1, proc name=com.google.android.apps.photos
11-22 11:34:52.154  1814  2462 W ProcessFreezerManager:   unbale to freeze binder: app info: uid=10530, pid=23912, adj=955, frozen=false, services=0, proc name=android.process.acore
11-22 11:34:52.154  1814  2462 D ProcessFreezerManager:  *skip freeze process: skip reason: unable to freeze process's binder. app info: uid=10530, pid=23912, adj=955, frozen=false, services=0, proc name=android.process.acore
11-22 11:34:52.154  1814  2462 W ProcessFreezerManager:   unbale to freeze binder: app info: uid=10618, pid=23961, adj=965, frozen=false, services=0, proc name=com.google.android.googlequicksearchbox:search
11-22 11:34:52.154  1814  2462 D ProcessFreezerManager:  *skip freeze process: skip reason: unable to freeze process's binder. app info: uid=10618, pid=23961, adj=965, frozen=false, services=0, proc name=com.google.android.googlequicksearchbox:search
11-22 11:34:52.154  1814  2462 W ProcessFreezerManager:   unbale to freeze binder: app info: uid=10535, pid=24037, adj=985, frozen=false, services=0, proc name=com.android.providers.calendar
11-22 11:34:52.154  1814  2462 D ProcessFreezerManager:  *skip freeze process: skip reason: unable to freeze process's binder. app info: uid=10535, pid=24037, adj=985, frozen=false, services=0, proc name=com.android.providers.calendar
11-22 11:34:52.154  1814  2462 W ProcessFreezerManager:   unbale to freeze binder: app info: uid=10715, pid=24182, adj=925, frozen=false, services=0, proc name=com.android.cellbroadcastreceiver.module
11-22 11:34:52.154  1814  2462 D ProcessFreezerManager:  *skip freeze process: skip reason: unable to freeze process's binder. app info: uid=10715, pid=24182, adj=925, frozen=false, services=0, proc name=com.android.cellbroadcastreceiver.module
11-22 11:34:52.154  1814  2462 W ProcessFreezerManager:   unbale to freeze binder: app info: uid=10723, pid=24200, adj=915, frozen=false, services=6, proc name=com.alibaba.aliexpresshd:channel
11-22 11:34:52.154  1814  2462 D ProcessFreezerManager:  *skip freeze process: skip reason: unable to freeze process's binder. app info: uid=10723, pid=24200, adj=915, frozen=false, services=6, proc name=com.alibaba.aliexpresshd:channel
11-22 11:34:52.155  1814  2462 W ProcessFreezerManager:   unbale to freeze binder: app info: uid=10723, pid=24254, adj=975, frozen=false, services=0, proc name=com.alibaba.aliexpresshd:tool
11-22 11:34:52.155  1814  2462 D ProcessFreezerManager:  *skip freeze process: skip reason: unable to freeze process's binder. app info: uid=10723, pid=24254, adj=975, frozen=false, services=0, proc name=com.alibaba.aliexpresshd:tool
11-22 11:34:52.155  1814  2462 W ProcessFreezerManager:   unbale to freeze binder: app info: uid=10723, pid=24342, adj=975, frozen=false, services=0, proc name=com.alibaba.aliexpresshd:support
11-22 11:34:52.155  1814  2462 D ProcessFreezerManager:  *skip freeze process: skip reason: unable to freeze process's binder. app info: uid=10723, pid=24342, adj=975, frozen=false, services=0, proc name=com.alibaba.aliexpresshd:support
11-22 11:34:52.155  1814  2462 W ProcessFreezerManager:   unbale to freeze binder: app info: uid=10723, pid=24396, adj=935, frozen=false, services=3, proc name=com.alibaba.aliexpresshd
11-22 11:34:52.155  1814  2462 D ProcessFreezerManager:  *skip freeze process: skip reason: unable to freeze process's binder. app info: uid=10723, pid=24396, adj=935, frozen=false, services=3, proc name=com.alibaba.aliexpresshd
11-22 11:34:52.155  1814  2462 W ProcessFreezerManager:   unbale to freeze binder: app info: uid=10728, pid=24619, adj=905, frozen=false, services=2, proc name=com.facebook.katana
11-22 11:34:52.155  1814  2462 D ProcessFreezerManager:  *skip freeze process: skip reason: unable to freeze process's binder. app info: uid=10728, pid=24619, adj=905, frozen=false, services=2, proc name=com.facebook.katana
11-22 11:34:52.155  1814  2462 W ProcessFreezerManager:   unbale to freeze binder: app info: uid=10613, pid=24842, adj=905, frozen=false, services=0, proc name=com.google.android.apps.messaging
11-22 11:34:52.155  1814  2462 D ProcessFreezerManager:  *skip freeze process: skip reason: unable to freeze process's binder. app info: uid=10613, pid=24842, adj=905, frozen=false, services=0, proc name=com.google.android.apps.messaging
11-22 11:34:52.155  1814  2462 W ProcessFreezerManager:   unbale to freeze binder: app info: uid=10650, pid=24848, adj=985, frozen=false, services=0, proc name=com.google.android.contacts
11-22 11:34:52.155  1814  2462 D ProcessFreezerManager:  *skip freeze process: skip reason: unable to freeze process's binder. app info: uid=10650, pid=24848, adj=985, frozen=false, services=0, proc name=com.google.android.contacts
11-22 11:34:52.155  1814  2462 W ProcessFreezerManager:   unbale to freeze binder: app info: uid=10740, pid=24853, adj=985, frozen=false, services=0, proc name=com.ttxapps.drivesync
11-22 11:34:52.155  1814  2462 D ProcessFreezerManager:  *skip freeze process: skip reason: unable to freeze process's binder. app info: uid=10740, pid=24853, adj=985, frozen=false, services=0, proc name=com.ttxapps.drivesync
11-22 11:34:52.155  1814  2462 W ProcessFreezerManager:   unbale to freeze binder: app info: uid=10723, pid=24899, adj=935, frozen=false, services=1, proc name=com.alibaba.aliexpresshd:sandboxed_privilege_process0
11-22 11:34:52.155  1814  2462 D ProcessFreezerManager:  *skip freeze process: skip reason: unable to freeze process's binder. app info: uid=10723, pid=24899, adj=935, frozen=false, services=1, proc name=com.alibaba.aliexpresshd:sandboxed_privilege_process0
11-22 11:34:52.155  1814  2462 W ProcessFreezerManager:   unbale to freeze binder: app info: uid=10800, pid=25282, adj=905, frozen=false, services=1, proc name=com.miui.gallery
11-22 11:34:52.155  1814  2462 D ProcessFreezerManager:  *skip freeze process: skip reason: unable to freeze process's binder. app info: uid=10800, pid=25282, adj=905, frozen=false, services=1, proc name=com.miui.gallery
11-22 11:34:52.155  1814  2462 W ProcessFreezerManager:   unbale to freeze binder: app info: uid=10800, pid=25395, adj=905, frozen=false, services=1, proc name=com.miui.gallery:appcustom
11-22 11:34:52.155  1814  2462 D ProcessFreezerManager:  *skip freeze process: skip reason: unable to freeze process's binder. app info: uid=10800, pid=25395, adj=905, frozen=false, services=1, proc name=com.miui.gallery:appcustom
11-22 11:34:52.155  1814  2462 W ProcessFreezerManager:   unbale to freeze binder: app info: uid=10723, pid=25442, adj=935, frozen=false, services=1, proc name=com.alibaba.aliexpresshd:pushservice
11-22 11:34:52.155  1814  2462 D ProcessFreezerManager:  *skip freeze process: skip reason: unable to freeze process's binder. app info: uid=10723, pid=25442, adj=935, frozen=false, services=1, proc name=com.alibaba.aliexpresshd:pushservice
11-22 11:34:52.156  1814  2462 W ProcessFreezerManager:   unbale to freeze binder: app info: uid=10753, pid=26379, adj=905, frozen=false, services=0, proc name=com.google.android.GoogleCamera
11-22 11:34:52.156  1814  2462 D ProcessFreezerManager:  *skip freeze process: skip reason: unable to freeze process's binder. app info: uid=10753, pid=26379, adj=905, frozen=false, services=0, proc name=com.google.android.GoogleCamera
11-22 11:34:52.156  1814  2462 W ProcessFreezerManager:   unbale to freeze binder: app info: uid=10602, pid=26520, adj=905, frozen=false, services=0, proc name=com.google.android.apps.nbu.files
11-22 11:34:52.156  1814  2462 D ProcessFreezerManager:  *skip freeze process: skip reason: unable to freeze process's binder. app info: uid=10602, pid=26520, adj=905, frozen=false, services=0, proc name=com.google.android.apps.nbu.files
11-22 11:34:52.156  1814  2462 W ProcessFreezerManager:   unbale to freeze binder: app info: uid=10609, pid=26676, adj=965, frozen=false, services=0, proc name=com.google.android.gms.unstable
11-22 11:34:52.156  1814  2462 D ProcessFreezerManager:  *skip freeze process: skip reason: unable to freeze process's binder. app info: uid=10609, pid=26676, adj=965, frozen=false, services=0, proc name=com.google.android.gms.unstable
11-22 11:34:52.156  1814  2462 W ProcessFreezerManager:   unbale to freeze binder: app info: uid=10651, pid=27923, adj=965, frozen=false, services=0, proc name=com.google.android.apps.photos:mediametadataservice
11-22 11:34:52.156  1814  2462 D ProcessFreezerManager:  *skip freeze process: skip reason: unable to freeze process's binder. app info: uid=10651, pid=27923, adj=965, frozen=false, services=0, proc name=com.google.android.apps.photos:mediametadataservice
11-22 11:34:52.156  1814  2462 W ProcessFreezerManager:   unbale to freeze binder: app info: uid=10722, pid=28095, adj=955, frozen=false, services=2, proc name=com.yahoo.mobile.client.android.mail
11-22 11:34:52.156  1814  2462 D ProcessFreezerManager:  *skip freeze process: skip reason: unable to freeze process's binder. app info: uid=10722, pid=28095, adj=955, frozen=false, services=2, proc name=com.yahoo.mobile.client.android.mail
11-22 11:34:52.156  1814  2462 W ProcessFreezerManager:   unbale to freeze binder: app info: uid=10619, pid=28218, adj=955, frozen=false, services=0, proc name=com.google.android.webview:webview_service
11-22 11:34:52.156  1814  2462 D ProcessFreezerManager:  *skip freeze process: skip reason: unable to freeze process's binder. app info: uid=10619, pid=28218, adj=955, frozen=false, services=0, proc name=com.google.android.webview:webview_service
11-22 11:34:52.156  1814  2462 W ProcessFreezerManager:   unbale to freeze binder: app info: uid=1000, pid=28618, adj=945, frozen=false, services=0, proc name=com.android.settings
11-22 11:34:52.156  1814  2462 D ProcessFreezerManager:  *skip freeze process: skip reason: unable to freeze process's binder. app info: uid=1000, pid=28618, adj=945, frozen=false, services=0, proc name=com.android.settings
11-22 11:34:52.156  1814  2462 W ProcessFreezerManager:   unbale to freeze binder: app info: uid=10532, pid=28647, adj=945, frozen=false, services=0, proc name=android.process.media
11-22 11:34:52.156  1814  2462 D ProcessFreezerManager:  *skip freeze process: skip reason: unable to freeze process's binder. app info: uid=10532, pid=28647, adj=945, frozen=false, services=0, proc name=android.process.media
11-22 11:34:52.156  1814  2462 W ProcessFreezerManager:   unbale to freeze binder: app info: uid=10725, pid=28661, adj=925, frozen=false, services=0, proc name=com.google.android.apps.maps
11-22 11:34:52.156  1814  2462 D ProcessFreezerManager:  *skip freeze process: skip reason: unable to freeze process's binder. app info: uid=10725, pid=28661, adj=925, frozen=false, services=0, proc name=com.google.android.apps.maps
11-22 11:34:52.156  1814  2462 W ProcessFreezerManager:   unbale to freeze binder: app info: uid=10607, pid=28703, adj=925, frozen=false, services=1, proc name=com.google.android.projection.gearhead:car
11-22 11:34:52.156  1814  2462 D ProcessFreezerManager:  *skip freeze process: skip reason: unable to freeze process's binder. app info: uid=10607, pid=28703, adj=925, frozen=false, services=1, proc name=com.google.android.projection.gearhead:car
11-22 11:34:52.164  1814 11935 D ActivityTrigger: ActivityTrigger activityPauseTrigger 
11-22 11:34:52.165   669   669 I hwservicemanager: getTransport: Cannot find entry vendor.qti.hardware.servicetracker@1.2::IServicetracker/default in either framework or device VINTF manifest.
11-22 11:34:52.165  1814 11935 W ActivityTaskManager: servicetracker HIDL not available
11-22 11:34:52.165  1814 11935 E ActivityTaskManager: Unable to get servicetracker HAL instance
11-22 11:34:52.169  1814 11935 I ActivityTaskManager: START u0 {act=android.intent.action.MAIN cat=[android.intent.category.LAUNCHER] flg=0x10200000 xflg=0x4 cmp=com.android.camera/.Camera bnds=[823,1788][1005,1993]} with LAUNCH_SINGLE_TOP from uid 10659 (sr=222958511) (BAL_ALLOW_VISIBLE_WINDOW) result code=0
11-22 11:34:52.170  1814  1883 V GrammaticalInflectionUtils: AttributionSource: android.content.AttributionSource@be5b2b96 does not have READ_SYSTEM_GRAMMATICAL_GENDER permission.
11-22 11:34:52.170  2953  2953 D StatsLog: LAUNCHER_APP_LAUNCH_TAP
11-22 11:34:52.170  2953  2953 D StatsLog: LAUNCHER_HOTSEAT_RANKED
11-22 11:34:52.171  2683  2823 I ndroid.systemui: AssetManager2(0xb400007b4704c3d8) locale list changing from [] to [es-ES]
11-22 11:34:52.172  2953  3013 D QuickstepModelDelegate: notifyAppTargetEvent action=1 launchLocation=predictions/hotseat
11-22 11:34:52.178   932   932 D Zygote  : Forked child process 28816
11-22 11:34:52.179 28816 28816 W Zygote  : Unable to open libbeluga.so: dlopen failed: library "libbeluga.so" not found.
11-22 11:34:52.181  1814  1892 I ActivityManager: Start proc 28816:com.android.camera/u0a586 for next-top-activity {com.android.camera/com.android.camera.Camera}
11-22 11:34:52.181  1814  1892 I ActivityManager: ProcessObserver broadcast disabled
11-22 11:34:52.182  2953  2953 W SplitSelectStateCtor: Missing session instanceIds
11-22 11:34:52.182  2953  2953 D StatsLog: LAUNCHER_SPLIT_SELECTION_EXIT_INTERRUPTED
11-22 11:34:52.182   669   669 I hwservicemanager: getTransport: Cannot find entry vendor.qti.hardware.servicetracker@1.2::IServicetracker/default in either framework or device VINTF manifest.
11-22 11:34:52.183  1814  2459 W ActivityTaskManager: servicetracker HIDL not available
11-22 11:34:52.183  1814  2459 E ActivityTaskManager: Unable to get servicetracker HAL instance
11-22 11:34:52.183  1814  2629 D BackgroundInstallControlService: Package event received: 0
11-22 11:34:52.183  1814  2459 E BoostFramework: BoostFramework() : Exception_1 = java.lang.ClassNotFoundException: com.qualcomm.qti.Performance
11-22 11:34:52.184  1814  2459 E BoostFramework: BoostFramework() Ux Perf: Exception = java.lang.ClassNotFoundException: com.qualcomm.qti.UxPerformance
11-22 11:34:52.184  1814  2459 D ProcessFreezerManager: Already triggered freeze for com.android.camera
11-22 11:34:52.185  1814  2459 D ProcessFreezerManager: Already triggered freeze for com.android.camera
11-22 11:34:52.202 28816 28816 I .android.camera: Using CollectorTypeCC GC.
11-22 11:34:52.207 28816 28816 D nativeloader: Load libframework-connectivity-tiramisu-jni.so using APEX ns com_android_tethering for caller /apex/com.android.tethering/javalib/framework-connectivity-t.jar: ok
11-22 11:34:52.212  1814  1880 V WindowManager: Sent Transition (#60) createdAt=11-22 11:34:52.151 via request=TransitionRequestInfo { type = OPEN, triggerTask = TaskInfo{userId=0 taskId=1343 effectiveUid=10586 displayId=0 isRunning=true baseIntent=Intent { act=android.intent.action.MAIN cat=[android.intent.category.LAUNCHER] flg=0x10200000 cmp=com.android.camera/.Camera } baseActivity=ComponentInfo{com.android.camera/com.android.camera.Camera} topActivity=ComponentInfo{com.android.camera/com.android.camera.Camera} origActivity=null realActivity=ComponentInfo{com.android.camera/com.android.camera.Camera} numActivities=1 lastActiveTime=1988073 supportsMultiWindow=true resizeMode=0 isResizeable=true minWidth=-1 minHeight=-1 defaultMinSize=220 token=WCT{RemoteToken{f805ebd Task{1ee5250 #1343 type=standard A=10586:com.android.camera}}} topActivityType=1 pictureInPictureParams=null shouldDockBigOverlays=false launchIntoPipHostTaskId=-1 lastParentTaskIdBeforePip=-1 displayCutoutSafeInsets=Rect(0, 90 - 0, 0) topActivityInfo=ActivityInfo{9b41cb2 com.android.camera.Camera} launchCookies=[android.os.BinderProxy@61aa403] positionInParent=Point(0, 0) parentTaskId=-1 isFocused=false isVisible=false isVisibleRequested=false isTopActivityNoDisplay=false isSleeping=false locusId=null displayAreaFeatureId=1 isTopActivityTransparent=false isActivityStackTransparent=false lastNonFullscreenBounds=Rect(273, 642 - 807, 1722) capturedLink=null capturedLinkTimestamp=0 requestedVisibleTypes=-9 topActivityRequestOpenInBrowserEducationTimestamp=0 appCompatTaskInfo=AppCompatTaskInfo { topActivityInSizeCompat=false eligibleForLetterboxEducation= false isLetterboxEducationEnabled= false isLetterboxDoubleTapEnabled= false eligibleForUserAspectRatioButton= false topActivityBoundsLetterboxed= false isFromLetterboxDoubleTap= false topActivityLetterboxVerticalPosition= -1 topActivityLetterboxHorizontalPosition= -1 topActivityLetterboxWidth=-1 topActivityLetterboxHeight=-1 topActivityAppBounds=Rect(0, 0 - 1080, 2340) isUserFullscreenOverrideEnabled=false isSystemFullscreenOverrideEnabled=false hasMinAspectRatioOverride=false topActivityLetterboxBounds=null cameraCompatTaskInfo=CameraCompatTaskInfo { freeformCameraCompatMode=inactive}} topActivityMainWindowFrame=null}, pipChange = null, remoteTransition = RemoteTransition { remoteTransition = android.window.IRemoteTransition$Stub$Proxy@4a2ef80, appThread = android.app.IApplicationThread$Stub$Proxy@b5929b9, debugName = QuickstepLaunch }, displayChange = null, flags = 0, debugId = 60 }
11-22 11:34:52.212  1814  1880 V WindowManager:     startWCT=WindowContainerTransaction { changes= {} hops= [] errorCallbackToken=null taskFragmentOrganizer=null }
11-22 11:34:52.212  1814  1880 V WindowManager:     info={id=60 t=OPEN f=0x0 trk=0 r=[0@Point(0, 0)] c=[
11-22 11:34:52.212  1814  1880 V WindowManager:         {WCT{RemoteToken{f805ebd Task{1ee5250 #1343 type=standard A=10586:com.android.camera}}} m=OPEN f=NONE leash=Surface(name=Task=1343)/@0x1678b81 sb=Rect(0, 0 - 1080, 2340) eb=Rect(0, 0 - 1080, 2340) epz=Point(1080, 2340) d=0 taskParent=-1},
11-22 11:34:52.212  1814  1880 V WindowManager:         {WCT{RemoteToken{fde25f4 Task{ae0170a #1 type=home}}} m=TO_BACK f=SHOW_WALLPAPER leash=Surface(name=Task=1)/@0x404ab79 sb=Rect(0, 0 - 1080, 2340) eb=Rect(0, 0 - 1080, 2340) epz=Point(1080, 2340) d=0 taskParent=-1},
11-22 11:34:52.212  1814  1880 V WindowManager:         {m=TO_BACK f=IS_WALLPAPER leash=Surface(name=WallpaperWindowToken{b235317 showWhenLocked=false})/@0xae2bafd sb=Rect(0, 0 - 1080, 2340) eb=Rect(0, 0 - 1080, 2340) epz=Point(1080, 2340) d=0}
11-22 11:34:52.212  1814  1880 V WindowManager:     ]}
11-22 11:34:52.213  1814  2459 D CompatibilityInfo: mCompatibilityFlags - 0
11-22 11:34:52.213  1814  2459 D CompatibilityInfo: applicationDensity - 440
11-22 11:34:52.213  1814  2459 D CompatibilityInfo: applicationScale - 1.0
11-22 11:34:52.214  2953  2953 D BaseDepthController: mSurface is null and mCurrentBlur is: 0
11-22 11:34:52.215  2953  2953 D BaseDepthController: mSurface is null and mCurrentBlur is: 0
11-22 11:34:52.215  1814  2629 D BackgroundInstallControlService: Package event received: 0
11-22 11:34:52.217  4014  5641 I efjc    : (REDACTED) appOpsListener %s %s
11-22 11:34:52.217  4014  5641 I efjc    : (REDACTED) Ignoring irrelevant audio permission changes for package %s
11-22 11:34:52.221 28816 28816 D ApplicationLoaders: Returning zygote-cached class loader: /system_ext/framework/androidx.window.extensions.jar
11-22 11:34:52.221 28816 28816 D ApplicationLoaders: Returning zygote-cached class loader: /system_ext/framework/androidx.window.sidecar.jar
11-22 11:34:52.223  2953  2953 D BaseDepthController: mSurface is null and mCurrentBlur is: 0
11-22 11:34:52.252 28816 28816 D nativeloader: Configuring clns-shared-9 for other apk /system/priv-app/MiuiCamera/MiuiCamera.apk. target_sdk_version=35, uses_libraries=libSNPE.so:libOpenCL.so:libcdsprpc.so:libmialgo_utils.so, library_path=/system/priv-app/MiuiCamera/lib/arm64:/system/priv-app/MiuiCamera/MiuiCamera.apk!/lib/arm64-v8a:/system/lib64:/system_ext/lib64, permitted_path=/data:/mnt/expand:/data/user/0/com.android.camera:/system/priv-app/MiuiCamera:/system/lib64:/system_ext/lib64
11-22 11:34:52.254 28816 28816 D CompatChangeReporter: Compat change id reported: 202956589; UID 10586; state: ENABLED
11-22 11:34:52.257 28816 28816 I .android.camera: AssetManager2(0xb400007b46fbbb58) locale list changing from [] to [es-ES]
11-22 11:34:52.261 28816 28816 E BoostFramework: BoostFramework() : Exception_1 = java.lang.ClassNotFoundException: com.qualcomm.qti.Performance
11-22 11:34:52.261 28816 28816 E BoostFramework: BoostFramework() Ux Perf: Exception = java.lang.ClassNotFoundException: com.qualcomm.qti.UxPerformance
11-22 11:34:52.261 28816 28816 V GraphicsEnvironment: Currently set values for:
11-22 11:34:52.261 28816 28816 V GraphicsEnvironment:   angle_gl_driver_selection_pkgs=[com.android.angle, com.linecorp.b612.android, com.campmobile.snow, com.google.android.apps.tachyon]
11-22 11:34:52.261 28816 28816 V GraphicsEnvironment:   angle_gl_driver_selection_values=[angle, native, native, native]
11-22 11:34:52.261 28816 28816 V GraphicsEnvironment: com.android.camera is not listed in per-application setting
11-22 11:34:52.261 28816 28816 V GraphicsEnvironment: ANGLE allowlist from config: 
11-22 11:34:52.261 28816 28816 V GraphicsEnvironment: com.android.camera is not listed in ANGLE allowlist or settings, returning default
11-22 11:34:52.262 28816 28816 V GraphicsEnvironment: Neither updatable production driver nor prerelease driver is supported.
11-22 11:34:52.267 28816 28816 I MCAM_LogUtil: devLog=2
11-22 11:34:52.267 28816 28816 D MCAM_DeviceExchangeManager: this is ro.boot.camera.config 1
11-22 11:34:52.268  2953  2953 D BaseDepthController: mSurface is null and mCurrentBlur is: 0
11-22 11:34:52.271 28816 28816 E BoostFramework: BoostFramework() : Exception_1 = java.lang.ClassNotFoundException: com.qualcomm.qti.Performance
11-22 11:34:52.271 28816 28816 E BoostFramework: BoostFramework() Ux Perf: Exception = java.lang.ClassNotFoundException: com.qualcomm.qti.UxPerformance
11-22 11:34:52.271 28816 28816 D MCAM_BoostFrameworkImpl: startBoost: duration = 300, scene = 6
11-22 11:34:52.271 28816 28816 E MCAM_CameraOptManager: CameraOptManager absent com.miui.cameraopt.CameraOptManager
11-22 11:34:52.271 28816 28816 W MCAM_CameraOptManager: CAMERA_OPT_CLASSNAME and PROCESS_MANAGER_CLASSNAME do not support.
11-22 11:34:52.271 28816 28816 W MCAM_CameraOptManager: CameraOpt is not support 
11-22 11:34:52.271 28816 28816 W MCAM_CameraOptManager: java.lang.ClassNotFoundException: com.miui.cameraopt.CameraOptManager
11-22 11:34:52.271 28816 28816 W MCAM_CameraOptManager: 	at java.lang.Class.classForName(Native Method)
11-22 11:34:52.271 28816 28816 W MCAM_CameraOptManager: 	at java.lang.Class.forName(Class.java:597)
11-22 11:34:52.271 28816 28816 W MCAM_CameraOptManager: 	at C9.g.m(Unknown Source:39)
11-22 11:34:52.271 28816 28816 W MCAM_CameraOptManager: 	at E9.c.f(Unknown Source:31)
11-22 11:34:52.271 28816 28816 W MCAM_CameraOptManager: 	at com.android.camera.CameraAppImpl.attachBaseContext(Unknown Source:20)
11-22 11:34:52.271 28816 28816 W MCAM_CameraOptManager: 	at android.app.Application.attach(Application.java:346)
11-22 11:34:52.271 28816 28816 W MCAM_CameraOptManager: 	at android.app.Instrumentation.newApplication(Instrumentation.java:1357)
11-22 11:34:52.271 28816 28816 W MCAM_CameraOptManager: 	at android.app.LoadedApk.makeApplicationInner(LoadedApk.java:1480)
11-22 11:34:52.271 28816 28816 W MCAM_CameraOptManager: 	at android.app.LoadedApk.makeApplicationInner(LoadedApk.java:1412)
11-22 11:34:52.271 28816 28816 W MCAM_CameraOptManager: 	at android.app.ActivityThread.handleBindApplication(ActivityThread.java:7840)
11-22 11:34:52.271 28816 28816 W MCAM_CameraOptManager: 	at android.app.ActivityThread.-$$Nest$mhandleBindApplication(Unknown Source:0)
11-22 11:34:52.271 28816 28816 W MCAM_CameraOptManager: 	at android.app.ActivityThread$H.handleMessage(ActivityThread.java:2574)
11-22 11:34:52.271 28816 28816 W MCAM_CameraOptManager: 	at android.os.Handler.dispatchMessage(Handler.java:110)
11-22 11:34:52.271 28816 28816 W MCAM_CameraOptManager: 	at android.os.Looper.loopOnce(Looper.java:248)
11-22 11:34:52.271 28816 28816 W MCAM_CameraOptManager: 	at android.os.Looper.loop(Looper.java:338)
11-22 11:34:52.271 28816 28816 W MCAM_CameraOptManager: 	at android.app.ActivityThread.main(ActivityThread.java:9145)
11-22 11:34:52.271 28816 28816 W MCAM_CameraOptManager: 	at java.lang.reflect.Method.invoke(Native Method)
11-22 11:34:52.271 28816 28816 W MCAM_CameraOptManager: 	at com.android.internal.os.RuntimeInit$MethodAndArgsCaller.run(RuntimeInit.java:596)
11-22 11:34:52.271 28816 28816 W MCAM_CameraOptManager: 	at com.android.internal.os.ZygoteInit.main(ZygoteInit.java:940)
11-22 11:34:52.271 28816 28816 W MCAM_CameraOptManager: Caused by: java.lang.ClassNotFoundException: com.miui.cameraopt.CameraOptManager
11-22 11:34:52.271 28816 28816 W MCAM_CameraOptManager: 	... 19 more
11-22 11:34:52.271 28816 28816 D MCAM_BoostFrameworkImpl: ready to boost
11-22 11:34:52.273 28816 28816 I MCAM_LogUtil: setLogLevel: min(2, 3)
11-22 11:34:52.274 28816 28816 I .android.camera: AssetManager2(0xb400007b46fb7cd8) locale list changing from [] to [es-ES]
11-22 11:34:52.276 28816 28816 D MCAM_CameraAppImpl: attachBaseContext: cost = 12
11-22 11:34:52.276 28816 28831 I MCAM_PermissionManager: getNeedCheckPermissionList() listSize =0
11-22 11:34:52.276 28816 28831 D MCAM_Camera2CompatAdapterCommon: E: init()
11-22 11:34:52.276 28816 28831 D MCAM_Camera2CompatAdapterCommon: E: reset()
11-22 11:34:52.276 28816 28831 D MCAM_Camera2CompatAdapterCommon: X: reset()
11-22 11:34:52.276 28816 28831 D MCAM_Camera2CompatAdapter: getCameraIdList: standard way
11-22 11:34:52.276 28816 28831 I CameraManagerGlobal: Connecting to camera service
11-22 11:34:52.277 28816 28816 D MCAM_MiviInfoRepository: initialize: 
11-22 11:34:52.277 28816 28834 D MCAM_DataRepoInitializer: create: init done
11-22 11:34:52.279 28816 28834 W MCAM_CameraCloudConfig: cloudConfig initialized.
11-22 11:34:52.280 28816 28834 I CloudConfig: update request status, current: null, expectPrev: 9 status: 2
11-22 11:34:52.280  1567 19405 I AttributionAndPermissionUtils: checkPermission (forDataDelivery 0 startDataDelivery 0): Permission hard denied for client attribution [uid 10586, pid 28816, packageName "<unknown>"]
11-22 11:34:52.280 28816 28816 D MCAM_AppDistributor: discoverAndInitialize: E
11-22 11:34:52.280 28816 28833 E MCAM_LocalMivi4InfoDataSource: local config file is not exists!!!
11-22 11:34:52.280 28816 28831 D MCAM_Camera2CompatAdapter: getCameraIdList: cameraIdList=[0, 1, 2, 3, 4, 5, 6, 7, 8, 9, 10], usableCameraIdNum=-1
11-22 11:34:52.280 28816 28831 D MCAM_Camera2CompatAdapterCommon: All available camera ids: [0, 1, 2, 3, 4, 5, 6, 7, 8, 9, 10]
11-22 11:34:52.281 28816 28816 I MCAM_AppDistributor: Discovered: com.android.camera.provider.distributor.WatermarkDistributor
11-22 11:34:52.281 28816 28837 I CloudConfig: start request data, module: camera_app_mivi_v4_0
11-22 11:34:52.281 28816 28816 D MCAM_WatermarkDistributor: create
11-22 11:34:52.281 28816 28816 D MCAM_AppDistributor: discoverAndInitialize: X
11-22 11:34:52.282 28816 28831 E ashmem  : Pinning is deprecated since Android Q. Please use trim or other methods.
11-22 11:34:52.282 28816 28831 D DesktopModeFlags: Toggle override initialized to: OVERRIDE_UNSET
11-22 11:34:52.285  2953  2953 D BaseDepthController: mSurface is null and mCurrentBlur is: 0
11-22 11:34:52.287 28816 28841 I CloudConfig: update request status, current: null, expectPrev: 9 status: 2
11-22 11:34:52.287 28816 28816 D CompatChangeReporter: Compat change id reported: 279646685; UID 10586; state: ENABLED
11-22 11:34:52.289 28816 28843 D MCAM_CRE_MIGLDump: setDumpRootDir:  /storage/emulated/0/Android/data/com.android.camera/files/dump_files
11-22 11:34:52.290 28816 28837 W Settings: Setting android_id has moved from android.provider.Settings.System to android.provider.Settings.Secure, returning read-only value.
11-22 11:34:52.292 28816 28816 W ResGuardResourcesHooker: skip hook resources, application resources is already hooked
11-22 11:34:52.292 28816 28837 E IdentifierManager: reflect exception!
11-22 11:34:52.292 28816 28837 E IdentifierManager: java.lang.ClassNotFoundException: com.android.id.impl.IdProviderImpl
11-22 11:34:52.292 28816 28837 E IdentifierManager: 	at java.lang.Class.classForName(Native Method)
11-22 11:34:52.292 28816 28837 E IdentifierManager: 	at java.lang.Class.forName(Class.java:597)
11-22 11:34:52.292 28816 28837 E IdentifierManager: 	at java.lang.Class.forName(Class.java:502)
11-22 11:34:52.292 28816 28837 E IdentifierManager: 	at O7.b.<clinit>(Unknown Source:4)
11-22 11:34:52.292 28816 28837 E IdentifierManager: 	at w7.d.invokeSuspend(Unknown Source:154)
11-22 11:34:52.292 28816 28837 E IdentifierManager: 	at df.a.resumeWith(Unknown Source:7)
11-22 11:34:52.292 28816 28837 E IdentifierManager: 	at Fg.S.run(Unknown Source:110)
11-22 11:34:52.292 28816 28837 E IdentifierManager: 	at Fg.b0.r(Unknown Source:144)
11-22 11:34:52.292 28816 28837 E IdentifierManager: 	at Fg.f.b(Unknown Source:104)
11-22 11:34:52.292 28816 28837 E IdentifierManager: 	at w7.f.a(Unknown Source:72)
11-22 11:34:52.292 28816 28837 E IdentifierManager: 	at t7.f$c.run(Unknown Source:7)
11-22 11:34:52.292 28816 28837 E IdentifierManager: 	at java.util.concurrent.ThreadPoolExecutor.runWorker(ThreadPoolExecutor.java:1156)
11-22 11:34:52.292 28816 28837 E IdentifierManager: 	at java.util.concurrent.ThreadPoolExecutor$Worker.run(ThreadPoolExecutor.java:651)
11-22 11:34:52.292 28816 28837 E IdentifierManager: 	at java.lang.Thread.run(Thread.java:1119)
11-22 11:34:52.292 28816 28837 E IdentifierManager: 	at N7.a$a.run(Unknown Source:5)
11-22 11:34:52.292 28816 28837 E IdentifierManager: Caused by: java.lang.ClassNotFoundException: com.android.id.impl.IdProviderImpl
11-22 11:34:52.292 28816 28837 E IdentifierManager: 	... 15 more
11-22 11:34:52.292 28816 28816 D MCAM_CameraOptManager: boostAdj: [600, 0]
11-22 11:34:52.293 28816 28816 E MCAM_CameraAppImpl: setFootprintFlag failed:android.app.ActivityThread.setFootprintFlag [boolean]
11-22 11:34:52.293 28816 28816 W MCAM_MIVICaptureManager: initImpl, IMPL: null, isSupportMIVI2: false, isSupportMIVI3OutputJpeg: false, isSupportMIVI2InMTK: false
11-22 11:34:52.293 28816 28816 W MCAM_MIVICaptureManager: static init, IMPL: null
11-22 11:34:52.293 28816 28816 W MCAM_MIVICaptureManager: initImpl, IMPL: null, isSupportMIVI2: false, isSupportMIVI3OutputJpeg: false, isSupportMIVI2InMTK: false
11-22 11:34:52.293 28816 28842 I CloudConfig: start request data, module: camera_feature
11-22 11:34:52.293 28816 28816 W MCAM_DisplayHelper: invalid app bound size( w > h ).
11-22 11:34:52.293 28816 28816 I MCAM_DisplayHelper: windowSize=1080x2340 boundSize=1080x2340 density=2.7500 ori=false mw=false sl=false
11-22 11:34:52.294 28816 28816 V MCAM_DisplayHelper: StatusBarHeight=90
11-22 11:34:52.294 28816 28816 D MCAM_DisplayRectFactory: create display : a, parameter : appBoundWidth:1080,appBoundHeight:2340,statusBarHeight:90,displayMode:NORMAL_MODE.
11-22 11:34:52.294 28816 28816 D MCAM_DisplayAdapter: create DisplayAdapter, param appBoundWidth:1080,appBoundHeight:2340,statusBarHeight:90,displayMode:NORMAL_MODE
11-22 11:34:52.294 28816 28816 I MCAM_Display: appBoundSize=1080x2340 cp=DisplayAdapter{mKey='null,DisplayMode='NORMAL_MODE'}
11-22 11:34:52.297 28816 28816 D MCAM_ApplicationInit: <application init> consume time:4
11-22 11:34:52.298 28816 28816 I MCAM_BugHunterManager: [P_PERFORM]: BUG_HUNTER_PROP=-1, bugHunterCloud=-1, bugHunterAppConfig=-1, sBugHunterType=-1
11-22 11:34:52.298 28816 28816 D MCAM_CameraAppImpl: initCloudWatermarkEnv ver: 1.55
11-22 11:34:52.298 28816 28816 D MCAM_CameraAppImpl: initWmManager:  DeviceInfo(deviceName=umi, buildRegion=cn, deviceTheme=null, leicaDevice=null)
11-22 11:34:52.298 28816 28816 D MCAM_CameraAppImpl: initCloudWatermarkEnv: workingDir = /storage/emulated/0/Android/data/com.android.camera/files/watermarks
11-22 11:34:52.299 28816 28845 D MCAM_HalCloudDataManager: requestCloudDataAsync| Start async request
11-22 11:34:52.299 28816 28816 D MCAM_CCW_WmManager: setAppContext: deviceInfo: DeviceInfo(deviceName=umi, buildRegion=cn, deviceTheme=null, leicaDevice=xiaomi) withMivi: false
11-22 11:34:52.299 28816 28816 D MCAM_CCW_WmPreference: init: 
11-22 11:34:52.300 28816 28816 D AutoDensity: autodensity debugEnable = 
11-22 11:34:52.300 28816 28845 D MCAM_CameraAppImpl: markAllDepartedTask>>com.android.camera_28816
11-22 11:34:52.300 28816 28816 D AutoDensity: DensityUtil init screen_resolution_supported Exception: java.lang.ClassNotFoundException: miui.util.FeatureParser
11-22 11:34:52.300 28816 28845 D MCAM_DbItemSaveTask: clearAllDepartedTask: application = com.android.camera_28816, mivi bg service = 0, support dsac = false, check timeout = true, clear all directly = false,enableDSACPersistence = false
11-22 11:34:52.301 28816 28816 D AutoDensity: 	getAccessibilityDpi Exception: android.provider.Settings$SettingNotFoundException: display_density_forced
11-22 11:34:52.302  2953  2953 D BaseDepthController: mSurface is null and mCurrentBlur is: 0
11-22 11:34:52.302 28816 28845 D MCAM_CameraAppImpl: markAllDepartedTask<<
11-22 11:34:52.303 28816 28854 V MCAM_CameraAppImpl: delete inner task
11-22 11:34:52.303 28816 28816 D MCAM_CameraAppImpl: onCreate: cost = 11
11-22 11:34:52.304 28816 28837 D HttpRequestHandler: [CloudConfig] channel[camera_app_mivi_v4_0] request not time yet
11-22 11:34:52.305 28816 28844 I MCAM_PerformanceManager: [P_PERFORM]: check result: mIsOriginApp = true
11-22 11:34:52.305 28816 28845 I MCAM_CameraAppImpl: [K_PROCESS]: load +
11-22 11:34:52.306 28816 28842 D HttpRequestHandler: [CloudConfig] channel[camera_feature] request not time yet
11-22 11:34:52.306   669   669 I hwservicemanager: getTransport: Cannot find entry vendor.qti.hardware.servicetracker@1.2::IServicetracker/default in either framework or device VINTF manifest.
11-22 11:34:52.306 28816 28845 W MCAM_FeatureLoader: Build In Entries is NOT ready.
11-22 11:34:52.306  1814  7772 W ActivityTaskManager: servicetracker HIDL not available
11-22 11:34:52.306  1814  7772 E ActivityTaskManager: Unable to get servicetracker HAL instance
11-22 11:34:52.307 28816 28845 I MCAM_PerformanceManager: [P_PERFORM]: Action: feature load_000_0 takes 1 ms
11-22 11:34:52.307 28816 28845 I MCAM_CameraAppImpl: [K_PROCESS]: load -
11-22 11:34:52.309 28816 28837 I MCAM_CameraCloudConfig: CloudConfigInfo: {"moduleKey":"camera_app_mivi_v4_0","itemInfo":[]}
11-22 11:34:52.309 28816 28837 I CloudConfig: update request status, current: 2, expectPrev: 2 status: 4
11-22 11:34:52.309 28816 28842 I MCAM_CameraCloudConfig: CloudConfigInfo: {"moduleKey":"camera_feature","itemInfo":[]}
11-22 11:34:52.310 28816 28842 I CloudConfig: start request data, module: camera_feature
11-22 11:34:52.310 28816 28842 I CloudConfig: update request status, current: 2, expectPrev: 2 status: 4
11-22 11:34:52.310 28816 28858 D HttpRequestHandler: [CloudConfig] channel[camera_feature] request not time yet
11-22 11:34:52.310 28816 28845 W MCAM_MiuiWidgetUtil: package with the given name cannot be found: android.content.pm.PackageManager$NameNotFoundException: ComponentInfo{com.android.camera/com.android.camera2.compat.theme.custom.cv.widget.CameraRedCaptureWidgetProvider}
11-22 11:34:52.311  1814  2629 D BackgroundInstallControlService: Package event received: 0
11-22 11:34:52.311  1814  2629 D BackgroundInstallControlService: Package event received: 0
11-22 11:34:52.311 28816 28845 D MCAM_CameraAppImpl: disable document mode
11-22 11:34:52.312 28816 28845 D LivePhotoImp: isDeviceSupportLivePhoto isSupportByMeminfo false
11-22 11:34:52.312 28816 28845 D MCAM_CameraAppImpl: isSupportLiveShot = true
11-22 11:34:52.313 28816 28859 I DisplayManager: Choreographer implicitly registered for the refresh rate.
11-22 11:34:52.314  1814  7772 V DisplayManagerService: FrozenStateChangeCallback not supported for pid 28816
11-22 11:34:52.314 28816 28816 I .android.camera: AssetManager2(0xb400007b46fb95d8) locale list changing from [] to [es-ES]
11-22 11:34:52.314 28816 28859 I AdrenoGLES-0: QUALCOMM build                   : db3d445dbc, Ia06b22fa1a
11-22 11:34:52.314 28816 28859 I AdrenoGLES-0: Build Date                       : 10/04/21
11-22 11:34:52.314 28816 28859 I AdrenoGLES-0: OpenGL ES Shader Compiler Version: EV031.32.02.16
11-22 11:34:52.314 28816 28859 I AdrenoGLES-0: Local Branch                     : 
11-22 11:34:52.314 28816 28859 I AdrenoGLES-0: Remote Branch                    : 
11-22 11:34:52.314 28816 28859 I AdrenoGLES-0: Remote Branch                    : 
11-22 11:34:52.314 28816 28859 I AdrenoGLES-0: Reconstruct Branch               : 
11-22 11:34:52.314 28816 28859 I AdrenoGLES-0: Build Config                     : S P 10.0.7 AArch64
11-22 11:34:52.314 28816 28859 I AdrenoGLES-0: Driver Path                      : /vendor/lib64/egl/libGLESv2_adreno.so
11-22 11:34:52.315 28816 28845 D LivePhotoImp: isDeviceSupportLivePhoto isSupportByMeminfo false
11-22 11:34:52.316 28816 28845 D MCAM_ComponentConfigFlash: add flash off
11-22 11:34:52.317 28816 28859 I AdrenoGLES-0: PFP: 0x016dd093, ME: 0x00000000
11-22 11:34:52.318  2953  2953 D BaseDepthController: mSurface is null and mCurrentBlur is: 0
11-22 11:34:52.320 28816 28845 D MCAM_ComponentConfigFlash: add flash off
11-22 11:34:52.321 28816 28816 D MCAM_ActivityBase: onCreate + 219936424
11-22 11:34:52.322 28816 28816 D MCAM_BoostFrameworkImpl: startBoost: duration = 500, scene = 6
11-22 11:34:52.322 28816 28816 D MCAM_BoostFrameworkImpl: ready to boost
11-22 11:34:52.322 28816 28816 D MCAM_CameraOptManager: boostAdj: [800, 0]
11-22 11:34:52.322 28816 28816 I MCAM_PerformanceManager: [P_PERFORM]: not allow traceStart
11-22 11:34:52.323 28816 28816 V MCAM_CameraIntentManager: dumpIntent is not enable on this device.
11-22 11:34:52.324 28816 28816 D MCAM_CameraIntentManager: canUseLocationPermission from launcher !isImageCaptureIntent&&!isVideoCaptureIntent is true
11-22 11:34:52.324 28816 28816 D MCAM_NormalLocationManager: recordLocation true
11-22 11:34:52.324 28816 28816 I MCAM_Camera@219936424: [K_PROCESS]: onCreate start 219936424
11-22 11:34:52.324 28816 28816 I MCAM_PerformanceManager: [P_PERFORM]: Event: COLD_LAUNCH start
11-22 11:34:52.324 28816 28816 I MCAM_PerformanceManager: [P_PERFORM]: Event: COLD_LAUNCH_UI start
11-22 11:34:52.325 28816 28816 I MCAM_Camera@219936424: onCreate: intent-> Intent { act=android.intent.action.MAIN cat=[android.intent.category.LAUNCHER] flg=0x10200000 xflg=0x4 cmp=com.android.camera/.Camera bnds=[823,1788][1005,1993] }
11-22 11:34:52.325 28816 28853 I MCAM_PermissionManager: getNeedCheckPermissionList() listSize =0
11-22 11:34:52.325 28816 28853 I MCAM_PermissionManager: checkCameraLocationPermissions(), all on
11-22 11:34:52.325 28816 28816 W MCAM_DisplayHelper: invalid app bound size( w > h ).
11-22 11:34:52.325 28816 28816 I MCAM_DisplayHelper: windowSize=1080x2340 boundSize=1080x2340 density=2.7500 ori=false mw=false sl=false
11-22 11:34:52.325 28816 28816 V MCAM_DisplayHelper: StatusBarHeight=90
11-22 11:34:52.325 28816 28816 D MCAM_DisplayAdapter: create DisplayAdapter, param appBoundWidth:1080,appBoundHeight:2340,statusBarHeight:90,displayMode:NORMAL_MODE
11-22 11:34:52.325 28816 28816 I MCAM_Display: appBoundSize=1080x2340 cp=DisplayAdapter{mKey='219936424,DisplayMode='NORMAL_MODE'}
11-22 11:34:52.325 28816 28816 I MCAM_Camera@219936424: [P_PERFORM]: checkPermissionAndCTA E   
11-22 11:34:52.327 28816 28816 I MCAM_PermissionManager: getNeedCheckPermissionList() listSize =0
11-22 11:34:52.327 28816 28816 D MCAM_GlobalUtil: isFromThirdParty  false
11-22 11:34:52.327 28816 28816 I MCAM_PermissionManager: getNeedCheckPermissionList() listSize =0
11-22 11:34:52.327 28816 28816 I MCAM_PermissionManager: checkCameraLocationPermissions(), all on
