12-01 07:08:13.712  2685  2685 D EmergencyButton: isEmergencyCapable slotCount:2
12-01 07:08:13.713  1816  2468 W ProcessFreezerManager:   unbale to freeze binder: app info: uid=10715, pid=30549, adj=905, frozen=false, services=0, proc name=com.android.cellbroadcastreceiver.module
12-01 07:08:13.713  1816  2468 D ProcessFreezerManager:  *skip freeze process: skip reason: unable to freeze process's binder. app info: uid=10715, pid=30549, adj=905, frozen=false, services=0, proc name=com.android.cellbroadcastreceiver.module
12-01 07:08:13.713  2685  2685 D EmergencyButton: mServiceStates list slotid:0;;ss:{mVoiceRegState=0(IN_SERVICE), mDataRegState=0(IN_SERVICE), mChannelNumber=1301, duplexMode()=1, mCellBandwidths=[20000, 20000, 10000], mOperatorAlphaLong=null, mOperatorAlphaShort=null, isManualNetworkSelection=false(automatic), getRilVoiceRadioTechnology=14(LTE), getRilDataRadioTechnology=14(LTE), mCssIndicator=unsupported, mNetworkId=-1, mSystemId=-1, mCdmaRoamingIndicator=-1, mCdmaDefaultRoamingIndicator=-1, mIsEmergencyOnly=false, isUsingCarrierAggregation=true, mArfcnRsrpBoost=0, mNetworkRegistrationInfos=[NetworkRegistrationInfo{ domain=PS transportType=WLAN registrationState=NOT_REG_OR_SEARCHING networkRegistrationState=NOT_REG_OR_SEARCHING roamingType=NOT_ROAMING accessNetworkTechnology=IWLAN rejectCause=0 emergencyEnabled=false availableServices=[] cellIdentity=null voiceSpecificInfo=null dataSpecificInfo=null nrState=**** rRplmn= isUsingCarrierAggregation=false isNonTerrestrialNetwork=TERRESTRIAL}, NetworkRegistrationInfo{ domain=CS transportType=WWAN registrationState=HOME networkRegistrationState=ROAMING roamingType=NOT_ROAMING accessNetworkTechnology=LTE rejectCause=0 emergencyEnabled=false availableServices=[VOICE,SMS,VIDEO] cellIdentity=null voiceSpecificInfo=VoiceSpecificRegistrationInfo { mCssSupported=false mRoamingIndicator=0 mSystemIsInPrl=0 mDefaultRoamingIndicator=0} dataSpecificInfo=null nrState=**** rRplmn=21407 isUsingCarrierAggregation=true isNonTerrestrialNetwork=TERRESTRIAL}, NetworkRegistrationInfo{ domain=PS transportType=WWAN registrationState=HOME networkRegistrationState=ROAMING roamingType=NOT_ROAMING accessNetworkTechnology=LTE rejectCause=0 emergencyEnabled=false availableServices=[DATA,MMS] cellIdentity=null voiceSpecificInfo=null dataSpecificInfo=android.telephony.DataSpecificRegistrationInfo :{ maxDataCalls = 16 isDcNrRestricted = false isNrAvailable = true isEnDcAvailable = true mLteAttachResultType = 0 mLteAttachExtraInfo = 0 LteVopsSupportInfo :  mVopsSupport = 3 mEmcBearerSupport = 2 } nrState=**** rRplmn=21407 isUsingCarrierAggregation=true isNonTerrestrialNetwork=TERRESTRIAL}], mNrFrequencyRange=0, mOperatorAlphaLongRaw=Digi.Mobil, mOperatorAlphaShortRaw=Digi.Mobil, mIsDataRoamingFromRegistration=true, mIsIwlanPreferred=false, mIsUsingNonTerrestrialNetwork=false}
12-01 07:08:13.722  2949  3021 I s.nexuslauncher: AssetManager2(0xb40000796496adb8) locale list changing from [] to [es-ES]
12-01 07:08:13.724  1816  3496 D CompatChangeReporter: Compat change id reported: 205907456; UID 10545; state: ENABLED
12-01 07:08:13.725  1816  3496 D ActivityTrigger: ActivityTrigger activityPauseTrigger 
12-01 07:08:13.725   674   674 I hwservicemanager: getTransport: Cannot find entry vendor.qti.hardware.servicetracker@1.2::IServicetracker/default in either framework or device VINTF manifest.
12-01 07:08:13.725  1816  3496 W ActivityTaskManager: servicetracker HIDL not available
12-01 07:08:13.726  1816  3496 E ActivityTaskManager: Unable to get servicetracker HAL instance
12-01 07:08:13.727  2685  2783 I ndroid.systemui: AssetManager2(0xb4000079649d25f8) locale list changing from [] to [es-ES]
12-01 07:08:13.727  2920  2920 D SatelliteController: Satellite for carrier is not supported.
12-01 07:08:13.728  2920  2920 D SatelliteController: Satellite for carrier is not supported.
12-01 07:08:13.728  2920  2920 D SatelliteController: registerForSatelliteModemStateChanged: add Listeners for ModemState
12-01 07:08:13.728  2920  2920 E SatelliteController: registerForSatelliteModemStateChanged: mSatelliteSessionController is not initialized yet
12-01 07:08:13.730  1816  3496 D CompatChangeReporter: Compat change id reported: 194833441; UID 10545; state: ENABLED
12-01 07:08:13.730  1816  3496 I ActivityTaskManager: START u0 {act=android.intent.action.MAIN cat=[android.intent.category.LAUNCHER] flg=0x10200000 xflg=0x4 cmp=com.android.camera/.Camera bnds=[540,1975][789,2305]} with LAUNCH_SINGLE_TOP from uid 10659 (sr=204555009) (BAL_ALLOW_VISIBLE_WINDOW) result code=0
12-01 07:08:13.731  1816  1846 V GrammaticalInflectionUtils: AttributionSource: android.content.AttributionSource@6e4ecaa5 does not have READ_SYSTEM_GRAMMATICAL_GENDER permission.
12-01 07:08:13.733  2949  2949 D StatsLog: LAUNCHER_APP_LAUNCH_TAP
12-01 07:08:13.733  2949  2949 D StatsLog: LAUNCHER_HOTSEAT_RANKED
12-01 07:08:13.741   937   937 D Zygote  : Forked child process 30611
12-01 07:08:13.741  1816  1857 I ActivityManager: Start proc 30611:com.android.camera/u0a545 for next-top-activity {com.android.camera/com.android.camera.Camera}
12-01 07:08:13.742 30611 30611 W Zygote  : Unable to open libbeluga.so: dlopen failed: library "libbeluga.so" not found.
12-01 07:08:13.742  2949  2949 W SplitSelectStateCtor: Missing session instanceIds
12-01 07:08:13.742  2949  2949 D StatsLog: LAUNCHER_SPLIT_SELECTION_EXIT_INTERRUPTED
12-01 07:08:13.743   674   674 I hwservicemanager: getTransport: Cannot find entry vendor.qti.hardware.servicetracker@1.2::IServicetracker/default in either framework or device VINTF manifest.
12-01 07:08:13.743  1816  2464 W ActivityTaskManager: servicetracker HIDL not available
12-01 07:08:13.743  1816  2464 E ActivityTaskManager: Unable to get servicetracker HAL instance
12-01 07:08:13.744  1816  2464 E BoostFramework: BoostFramework() : Exception_1 = java.lang.ClassNotFoundException: com.qualcomm.qti.Performance
12-01 07:08:13.744  1816  2632 D BackgroundInstallControlService: Package event received: 0
12-01 07:08:13.744  1816  2464 E BoostFramework: BoostFramework() Ux Perf: Exception = java.lang.ClassNotFoundException: com.qualcomm.qti.UxPerformance
12-01 07:08:13.744  1816  2464 D ProcessFreezerManager: Already triggered freeze for com.android.camera
12-01 07:08:13.745  1816  2464 D ProcessFreezerManager: Already triggered freeze for com.android.camera
12-01 07:08:13.754  1816  1857 I ActivityManager: ProcessObserver broadcast disabled
12-01 07:08:13.755  2949  3021 D QuickstepModelDelegate: notifyAppTargetEvent action=1 launchLocation=all-apps
12-01 07:08:13.767 30611 30611 I .android.camera: Using CollectorTypeCC GC.
12-01 07:08:13.768  1816  1843 V WindowManager: Sent Transition (#93) createdAt=12-01 07:08:13.709 via request=TransitionRequestInfo { type = OPEN, triggerTask = TaskInfo{userId=0 taskId=1823 effectiveUid=10545 displayId=0 isRunning=true baseIntent=Intent { act=android.intent.action.MAIN cat=[android.intent.category.LAUNCHER] flg=0x10200000 cmp=com.android.camera/.Camera } baseActivity=ComponentInfo{com.android.camera/com.android.camera.Camera} topActivity=ComponentInfo{com.android.camera/com.android.camera.Camera} origActivity=null realActivity=ComponentInfo{com.android.camera/com.android.camera.Camera} numActivities=1 lastActiveTime=25471450 supportsMultiWindow=true resizeMode=0 isResizeable=true minWidth=-1 minHeight=-1 defaultMinSize=220 token=WCT{RemoteToken{6fb5dbe Task{abdf41a #1823 type=standard A=10545:com.android.camera}}} topActivityType=1 pictureInPictureParams=null shouldDockBigOverlays=false launchIntoPipHostTaskId=-1 lastParentTaskIdBeforePip=-1 displayCutoutSafeInsets=Rect(0, 90 - 0, 0) topActivityInfo=ActivityInfo{e8afe1f com.android.camera.Camera} launchCookies=[android.os.BinderProxy@595d56c] positionInParent=Point(0, 0) parentTaskId=-1 isFocused=false isVisible=false isVisibleRequested=false isTopActivityNoDisplay=false isSleeping=false locusId=null displayAreaFeatureId=1 isTopActivityTransparent=false isActivityStackTransparent=false lastNonFullscreenBounds=Rect(273, 642 - 807, 1722) capturedLink=null capturedLinkTimestamp=0 requestedVisibleTypes=-9 topActivityRequestOpenInBrowserEducationTimestamp=0 appCompatTaskInfo=AppCompatTaskInfo { topActivityInSizeCompat=false eligibleForLetterboxEducation= false isLetterboxEducationEnabled= false isLetterboxDoubleTapEnabled= false eligibleForUserAspectRatioButton= false topActivityBoundsLetterboxed= false isFromLetterboxDoubleTap= false topActivityLetterboxVerticalPosition= -1 topActivityLetterboxHorizontalPosition= -1 topActivityLetterboxWidth=-1 topActivityLetterboxHeight=-1 topActivityAppBounds=Rect(0, 90 - 1080, 2274) isUserFullscreenOverrideEnabled=false isSystemFullscreenOverrideEnabled=false hasMinAspectRatioOverride=false topActivityLetterboxBounds=null cameraCompatTaskInfo=CameraCompatTaskInfo { freeformCameraCompatMode=inactive}} topActivityMainWindowFrame=null}, pipChange = null, remoteTransition = RemoteTransition { remoteTransition = android.window.IRemoteTransition$Stub$Proxy@55af735, appThread = android.app.IApplicationThread$Stub$Proxy@70b97ca, debugName = QuickstepLaunch }, displayChange = null, flags = 0, debugId = 93 }
12-01 07:08:13.768  1816  1843 V WindowManager:     startWCT=WindowContainerTransaction { changes= {} hops= [] errorCallbackToken=null taskFragmentOrganizer=null }
12-01 07:08:13.768  1816  1843 V WindowManager:     info={id=93 t=OPEN f=0x0 trk=0 r=[0@Point(0, 0)] c=[
12-01 07:08:13.768  1816  1843 V WindowManager:         {WCT{RemoteToken{6fb5dbe Task{abdf41a #1823 type=standard A=10545:com.android.camera}}} m=OPEN f=NONE leash=Surface(name=Task=1823)/@0x8fba540 sb=Rect(0, 0 - 1080, 2340) eb=Rect(0, 0 - 1080, 2340) epz=Point(1080, 2340) d=0 taskParent=-1},
12-01 07:08:13.768  1816  1843 V WindowManager:         {WCT{RemoteToken{af1b319 Task{a8a4394 #1 type=home}}} m=TO_BACK f=SHOW_WALLPAPER leash=Surface(name=Task=1)/@0x637f03f sb=Rect(0, 0 - 1080, 2340) eb=Rect(0, 0 - 1080, 2340) epz=Point(1080, 2340) d=0 taskParent=-1},
12-01 07:08:13.768  1816  1843 V WindowManager:         {m=TO_BACK f=IS_WALLPAPER leash=Surface(name=WallpaperWindowToken{ad1b811 showWhenLocked=false})/@0x384faf9 sb=Rect(0, 0 - 1080, 2340) eb=Rect(0, 0 - 1080, 2340) epz=Point(1080, 2340) d=0}
12-01 07:08:13.768  1816  1843 V WindowManager:     ]}
12-01 07:08:13.773  2949  2949 D BaseDepthController: mSurface is null and mCurrentBlur is: 0
12-01 07:08:13.773  2949  2949 D BaseDepthController: mSurface is null and mCurrentBlur is: 0
12-01 07:08:13.773  2949  2949 D BaseDepthController: mSurface is null and mCurrentBlur is: 0
12-01 07:08:13.774 30611 30611 D nativeloader: Load libframework-connectivity-tiramisu-jni.so using APEX ns com_android_tethering for caller /apex/com.android.tethering/javalib/framework-connectivity-t.jar: ok
12-01 07:08:13.778  1816  2734 D CompatibilityInfo: mCompatibilityFlags - 0
12-01 07:08:13.778  1816  2734 D CompatibilityInfo: applicationDensity - 440
12-01 07:08:13.778  1816  2734 D CompatibilityInfo: applicationScale - 1.0
12-01 07:08:13.780  1816  2632 D BackgroundInstallControlService: Package event received: 0
12-01 07:08:13.781  3991  6576 I efus    : (REDACTED) appOpsListener %s %s
12-01 07:08:13.781  3991  6576 I efus    : (REDACTED) Ignoring irrelevant audio permission changes for package %s
12-01 07:08:13.784  1816  2632 D BackgroundInstallControlService: Package event received: 0
12-01 07:08:13.785  2949  2949 D BaseDepthController: mSurface is null and mCurrentBlur is: 0
12-01 07:08:13.845 30611 30611 D nativeloader: Configuring clns-shared-9 for other apk /system/priv-app/MiuiCamera/MiuiCamera.apk. target_sdk_version=33, uses_libraries=libSNPE.so:libOpenCL.so:libcdsprpc.so:libmialgo_utils.so:libcamera_algoup_jni.xiaomi.so, library_path=/system/priv-app/MiuiCamera/lib/arm64:/system/priv-app/MiuiCamera/MiuiCamera.apk!/lib/arm64-v8a:/system/lib64:/system_ext/lib64, permitted_path=/data:/mnt/expand:/data/user/0/com.android.camera:/system/priv-app/MiuiCamera:/system/lib64:/system_ext/lib64
12-01 07:08:13.845 30611 30611 D nativeloader: Extending system_exposed_libraries: libcamera_algoup_jni.xiaomi.so
12-01 07:08:13.849  2949  2949 D BaseDepthController: mSurface is null and mCurrentBlur is: 0
12-01 07:08:13.853 30611 30611 I .android.camera: AssetManager2(0xb4000079648e3e58) locale list changing from [] to [es-ES]
12-01 07:08:13.860 30611 30611 E BoostFramework: BoostFramework() : Exception_1 = java.lang.ClassNotFoundException: com.qualcomm.qti.Performance
12-01 07:08:13.860 30611 30611 E BoostFramework: BoostFramework() Ux Perf: Exception = java.lang.ClassNotFoundException: com.qualcomm.qti.UxPerformance
12-01 07:08:13.864 30611 30611 V GraphicsEnvironment: Currently set values for:
12-01 07:08:13.864 30611 30611 V GraphicsEnvironment:   angle_gl_driver_selection_pkgs=[com.android.angle, com.linecorp.b612.android, com.campmobile.snow, com.google.android.apps.tachyon]
12-01 07:08:13.864 30611 30611 V GraphicsEnvironment:   angle_gl_driver_selection_values=[angle, native, native, native]
12-01 07:08:13.864 30611 30611 V GraphicsEnvironment: com.android.camera is not listed in per-application setting
12-01 07:08:13.864 30611 30611 V GraphicsEnvironment: ANGLE allowlist from config: 
12-01 07:08:13.864 30611 30611 V GraphicsEnvironment: com.android.camera is not listed in ANGLE allowlist or settings, returning default
12-01 07:08:13.864 30611 30611 V GraphicsEnvironment: Neither updatable production driver nor prerelease driver is supported.
12-01 07:08:13.876 30611 30611 D CAM_DataItemFeature: this is ro.boot.camera.config 1
12-01 07:08:13.877 30611 30611 E BoostFramework: BoostFramework() : Exception_1 = java.lang.ClassNotFoundException: com.qualcomm.qti.Performance
12-01 07:08:13.877 30611 30611 E BoostFramework: BoostFramework() Ux Perf: Exception = java.lang.ClassNotFoundException: com.qualcomm.qti.UxPerformance
12-01 07:08:13.880 30611 30611 D CAM_BoostFrameworkImpl: startBoost: duration = 300, scene = 6
12-01 07:08:13.881 30611 30611 D CAM_BoostFrameworkImpl: ready to boost
12-01 07:08:13.881 30611 30611 E CAM_CameraAppImpl: setFootprintFlag failed:NoSuchMethodException:android.app.ActivityThread.setFootprintFlag [boolean]
12-01 07:08:13.881 30611 30611 W libc    : Access denied finding property "vendor.panel.display"
12-01 07:08:13.882 30611 30611 D CAM_CameraUtil: could not get packageManager of maintenance mode
12-01 07:08:13.883  2949  2949 D BaseDepthController: mSurface is null and mCurrentBlur is: 0
12-01 07:08:13.884 30611 30611 D CompatChangeReporter: Compat change id reported: 183155436; UID 10545; state: ENABLED
12-01 07:08:13.891 30611 30611 D CAM_HalCloudDataManager: requestCloudDataAsync| Start async request
12-01 07:08:13.893 30611 30611 D CAM_BoostFrameworkImpl: stopBoost
12-01 07:08:13.893 30611 30611 D CAM_BoostFrameworkImpl: ready to stop boost
12-01 07:08:13.894 30611 30611 D CAM_CRE_MIGLDump: setDumpRootDir:  /storage/emulated/0/Android/data/com.android.camera/files/dump_files
12-01 07:08:13.894 30611 30611 D CAM_CameraAppImpl: attachBaseContext: cost = 24
12-01 07:08:13.898 30611 30611 I CAM_SplashProvider: onCreate: 
12-01 07:08:13.899 30611 30611 V CAM_ParallelProcessProvider: onCreate
12-01 07:08:13.900  2949  2949 D BaseDepthController: mSurface is null and mCurrentBlur is: 0
12-01 07:08:13.902 30611 30611 D CAM_CameraUtil: boostAdj: [600, 0]
12-01 07:08:13.905 30611 30611 D CAM_BoostFrameworkImpl: startBoost: duration = 300, scene = 6
12-01 07:08:13.905 30611 30611 D CAM_BoostFrameworkImpl: ready to boost
12-01 07:08:13.905  1274  3015 W ServiceManagerCppClient: Waited one second for stats (is service started? Number of threads started in the threadpool: 6. Are binder threads started and available?)
12-01 07:08:13.905  1569  9551 W ServiceManagerCppClient: Waited one second for stats (is service started? Number of threads started in the threadpool: 17. Are binder threads started and available?)
12-01 07:08:13.907 30611 30611 E ashmem  : Pinning is deprecated since Android Q. Please use trim or other methods.
12-01 07:08:13.907 30611 30611 W System.err: android.provider.Settings$SettingNotFoundException: device_posture
12-01 07:08:13.907 30611 30611 W System.err: 	at android.provider.Settings.parseIntSetting(Settings.java:4123)
12-01 07:08:13.907 30611 30611 W System.err: 	at android.provider.Settings.-$$Nest$smparseIntSetting(Unknown Source:0)
12-01 07:08:13.907 30611 30611 W System.err: 	at android.provider.Settings$Global.getInt(Settings.java:20480)
12-01 07:08:13.907 30611 30611 W System.err: 	at d.c.a.a6.f.k.a(Unknown Source:10)
12-01 07:08:13.907 30611 30611 W System.err: 	at d.c.a.a6.b.q0(Unknown Source:160)
12-01 07:08:13.907 30611 30611 W System.err: 	at d.c.a.a6.b.<clinit>(Unknown Source:21)
12-01 07:08:13.907 30611 30611 W System.err: 	at d.c.a.c3.a(Unknown Source:4)
12-01 07:08:13.907 30611 30611 W System.err: 	at com.android.camera.CameraAppImpl.onCreate(Unknown Source:51)
12-01 07:08:13.907 30611 30611 W System.err: 	at android.app.Instrumentation.callApplicationOnCreate(Instrumentation.java:1405)
12-01 07:08:13.907 30611 30611 W System.err: 	at android.app.ActivityThread.handleBindApplication(ActivityThread.java:7880)
12-01 07:08:13.907 30611 30611 W System.err: 	at android.app.ActivityThread.-$$Nest$mhandleBindApplication(Unknown Source:0)
12-01 07:08:13.907 30611 30611 W System.err: 	at android.app.ActivityThread$H.handleMessage(ActivityThread.java:2574)
12-01 07:08:13.907 30611 30611 W System.err: 	at android.os.Handler.dispatchMessage(Handler.java:110)
12-01 07:08:13.907 30611 30611 W System.err: 	at android.os.Looper.loopOnce(Looper.java:248)
12-01 07:08:13.907 30611 30611 W System.err: 	at android.os.Looper.loop(Looper.java:338)
12-01 07:08:13.907 30611 30611 W System.err: 	at android.app.ActivityThread.main(ActivityThread.java:9145)
12-01 07:08:13.907 30611 30611 W System.err: 	at java.lang.reflect.Method.invoke(Native Method)
12-01 07:08:13.907 30611 30611 W System.err: 	at com.android.internal.os.RuntimeInit$MethodAndArgsCaller.run(RuntimeInit.java:596)
12-01 07:08:13.907 30611 30611 W System.err: 	at com.android.internal.os.ZygoteInit.main(ZygoteInit.java:940)
12-01 07:08:13.908 30611 30611 I CAM_Display: init appBoundSize by feature config.
12-01 07:08:13.908 30611 30611 V CAM_Display: StatusBarHeight=72
12-01 07:08:13.908 30611 30611 D CAM_DisplayAdapter: DisplayParameter appBoundWidth:1080,appBoundHeight:2340,isNotchDevice:false,statusBarHeight:72,isInMultiWindow:false,displayMode:0, type = a
12-01 07:08:13.908 30611 30611 I CAM_Display: appBoundSize=1080x2340 windowSize=1080x2340 density=2.7500 ori=false mw=true dp=0
12-01 07:08:13.908 30611 30611 W System.err: android.provider.Settings$SettingNotFoundException: device_posture
12-01 07:08:13.908 30611 30611 W System.err: 	at android.provider.Settings.parseIntSetting(Settings.java:4123)
12-01 07:08:13.908 30611 30611 W System.err: 	at android.provider.Settings.-$$Nest$smparseIntSetting(Unknown Source:0)
12-01 07:08:13.908 30611 30611 W System.err: 	at android.provider.Settings$Global.getInt(Settings.java:20480)
12-01 07:08:13.908 30611 30611 W System.err: 	at d.c.a.a6.f.k.a(Unknown Source:10)
12-01 07:08:13.908 30611 30611 W System.err: 	at d.c.a.a6.b.q0(Unknown Source:160)
12-01 07:08:13.908 30611 30611 W System.err: 	at d.c.a.c3.a(Unknown Source:4)
12-01 07:08:13.908 30611 30611 W System.err: 	at com.android.camera.CameraAppImpl.onCreate(Unknown Source:51)
12-01 07:08:13.908 30611 30611 W System.err: 	at android.app.Instrumentation.callApplicationOnCreate(Instrumentation.java:1405)
12-01 07:08:13.908 30611 30611 W System.err: 	at android.app.ActivityThread.handleBindApplication(ActivityThread.java:7880)
12-01 07:08:13.908 30611 30611 W System.err: 	at android.app.ActivityThread.-$$Nest$mhandleBindApplication(Unknown Source:0)
12-01 07:08:13.908 30611 30611 W System.err: 	at android.app.ActivityThread$H.handleMessage(ActivityThread.java:2574)
12-01 07:08:13.908 30611 30611 W System.err: 	at android.os.Handler.dispatchMessage(Handler.java:110)
12-01 07:08:13.908 30611 30611 W System.err: 	at android.os.Looper.loopOnce(Looper.java:248)
12-01 07:08:13.908 30611 30611 W System.err: 	at android.os.Looper.loop(Looper.java:338)
12-01 07:08:13.908 30611 30611 W System.err: 	at android.app.ActivityThread.main(ActivityThread.java:9145)
12-01 07:08:13.908 30611 30611 W System.err: 	at java.lang.reflect.Method.invoke(Native Method)
12-01 07:08:13.908 30611 30611 W System.err: 	at com.android.internal.os.RuntimeInit$MethodAndArgsCaller.run(RuntimeInit.java:596)
12-01 07:08:13.908 30611 30611 W System.err: 	at com.android.internal.os.ZygoteInit.main(ZygoteInit.java:940)
12-01 07:08:13.909 30611 30611 I CAM_Display: init appBoundSize by feature config.
12-01 07:08:13.909 30611 30611 W CAM_Display: initialize skip. caz check screen size , windowSize = 1080x2340, appBoundSize = 1080x2340, devicePosture = 0
12-01 07:08:13.914 30611 30611 D CAM_ApplicationInit: <application init> consume time:9
12-01 07:08:13.915 30611 30629 D CAM_CameraAppImpl: Track init start
12-01 07:08:13.915 30611 30629 D OneTrackSdk: updateDebugSwitch sEnable: false sDebugModefalse sDebugPropertyfalse
12-01 07:08:13.915 30611 30629 D OneTrackSdk: updateTestSwitch sTestEnable: false sTestModefalse sTestPropertyfalse
12-01 07:08:13.915 30611 30629 D OneTrackSdk: log on: false, quick upload on: false
12-01 07:08:13.916  2949  2949 D BaseDepthController: mSurface is null and mCurrentBlur is: 0
12-01 07:08:13.919 30611 30629 D OneTrackImp: OneTrackImp init : Configuration{appId='31*******85', pluginId='null', channel='umi', international=false, region='null', overrideMiuiRegionSetting=false, mode=APP, GAIDEnable=true, IMSIEnable=true, IMEIEnable=true, ExceptionCatcherEnable=true, instanceId=null}
12-01 07:08:13.919 30611 30629 D OneTrackImp: OneTrackImp sdk ver : 2.0.3
12-01 07:08:13.919 30611 30629 D OneTrackSdk: updateDebugSwitch sEnable: false sDebugModefalse sDebugPropertyfalse
12-01 07:08:13.919 30611 30629 D OneTrackSdk: updateTestSwitch sTestEnable: false sTestModefalse sTestPropertyfalse
12-01 07:08:13.919 30611 30629 D CAM_CameraAppImpl: markAllDepartedTask>>com.android.camera_30611
12-01 07:08:13.921 30611 30636 D BroadcastExecutor: initIfNeeded : 104
12-01 07:08:13.923 30611 30611 D AutoDensity: autodensity debugEnable = 
12-01 07:08:13.925 30611 30629 D CAM_CameraAppImpl: markAllDepartedTask<<
12-01 07:08:13.925 29172 29193 W Binder  : Caught a RuntimeException from the binder stub implementation.
12-01 07:08:13.925 29172 29193 W Binder  : java.lang.UnsupportedOperationException
12-01 07:08:13.925 29172 29193 W Binder  : 	at com.google.android.gms.clearcut.internal.DefaultClearcutLoggerCallbacks.onLogError(PG:3)
12-01 07:08:13.925 29172 29193 W Binder  : 	at com.google.android.gms.clearcut.internal.IClearcutLoggerCallbacks$Stub.dispatchTransaction(PG:33)
12-01 07:08:13.925 29172 29193 W Binder  : 	at com.google.android.aidl.BaseStub.onTransact(PG:13)
12-01 07:08:13.925 29172 29193 W Binder  : 	at android.os.Binder.execTransactInternal(Binder.java:1426)
12-01 07:08:13.925 29172 29193 W Binder  : 	at android.os.Binder.execTransact(Binder.java:1365)
12-01 07:08:13.925 30611 30629 I CAM_PermissionManager: getNeedCheckPermissionList() listSize =0
12-01 07:08:13.925 30611 30611 I .android.camera: AssetManager2(0xb4000079648ea898) locale list changing from [] to [es-ES]
12-01 07:08:13.925 30611 30629 I CAM_PermissionManager: checkCameraPermissions(), all on
12-01 07:08:13.925 30611 30629 D CAM_Camera2CompatAdapterRole: E: init()
12-01 07:08:13.925 30611 30629 D CAM_Camera2CompatAdapterRole: E: reset()
12-01 07:08:13.925 30611 30629 D CAM_Camera2CompatAdapterRole: X: reset()
12-01 07:08:13.925 30611 30629 I CameraManagerGlobal: Connecting to camera service
12-01 07:08:13.926 30611 30611 D CAM_BoostFrameworkImpl: stopBoost
12-01 07:08:13.926 30611 30611 D CAM_BoostFrameworkImpl: ready to stop boost
12-01 07:08:13.926 30611 30611 D CAM_CameraAppImpl: onCreate: cost = 24
12-01 07:08:13.927 30611 30639 V CAM_CameraAppImpl: delete inner task
12-01 07:08:13.928   674   674 I hwservicemanager: getTransport: Cannot find entry vendor.qti.hardware.servicetracker@1.2::IServicetracker/default in either framework or device VINTF manifest.
12-01 07:08:13.928  1816  2464 W ActivityTaskManager: servicetracker HIDL not available
12-01 07:08:13.928  1816  2464 E ActivityTaskManager: Unable to get servicetracker HAL instance
12-01 07:08:13.929  1556  3047 I AttributionAndPermissionUtils: checkPermission (forDataDelivery 0 startDataDelivery 0): Permission hard denied for client attribution [uid 10545, pid 30611, packageName "<unknown>"]
12-01 07:08:13.929 30611 30629 I CAM_Camera2CompatAdapterRole: [K_PROCESS]: All available camera ids: [0, 1, 2, 3, 4, 5, 6, 7, 8, 9, 10]
12-01 07:08:13.931 30611 30629 D DesktopModeFlags: Toggle override initialized to: OVERRIDE_UNSET
12-01 07:08:13.932  1816  2632 D BackgroundInstallControlService: Package event received: 0
12-01 07:08:13.932  1816  2632 D BackgroundInstallControlService: Package event received: 0
12-01 07:08:13.934  1816  2620 W ServiceManagerCppClient: Waited one second for stats (is service started? Number of threads started in the threadpool: 32. Are binder threads started and available?)
12-01 07:08:13.936 30611 30635 D nativeloader: Load /system/priv-app/MiuiCamera/MiuiCamera.apk!/lib/arm64-v8a/libxcrash.so using class loader ns clns-shared-9 (caller=/system/priv-app/MiuiCamera/MiuiCamera.apk!classes6.dex): ok
12-01 07:08:13.936 30611 30611 I .android.camera: AssetManager2(0xb4000079648df678) locale list changing from [] to [es-ES]
12-01 07:08:13.936 30611 30641 I DisplayManager: Choreographer implicitly registered for the refresh rate.
12-01 07:08:13.937  1816  2464 V DisplayManagerService: FrozenStateChangeCallback not supported for pid 30611
12-01 07:08:13.938 30611 30641 I AdrenoGLES-0: QUALCOMM build                   : db3d445dbc, Ia06b22fa1a
12-01 07:08:13.938 30611 30641 I AdrenoGLES-0: Build Date                       : 10/04/21
12-01 07:08:13.938 30611 30641 I AdrenoGLES-0: OpenGL ES Shader Compiler Version: EV031.32.02.16
12-01 07:08:13.938 30611 30641 I AdrenoGLES-0: Local Branch                     : 
12-01 07:08:13.938 30611 30641 I AdrenoGLES-0: Remote Branch                    : 
12-01 07:08:13.938 30611 30641 I AdrenoGLES-0: Remote Branch                    : 
12-01 07:08:13.938 30611 30641 I AdrenoGLES-0: Reconstruct Branch               : 
12-01 07:08:13.938 30611 30641 I AdrenoGLES-0: Build Config                     : S P 10.0.7 AArch64
12-01 07:08:13.938 30611 30641 I AdrenoGLES-0: Driver Path                      : /vendor/lib64/egl/libGLESv2_adreno.so
12-01 07:08:13.939 30611 30629 E VendorTagDescriptor: lookupTag: Tag name 'cameraIds' does not exist.
12-01 07:08:13.940 30611 30629 E VendorTagDescriptor: lookupTag: Tag name 'cameraIds' does not exist.
12-01 07:08:13.940 30611 30611 D CAM_ActivityBase: onCreate + 85833643
12-01 07:08:13.940 30611 30611 I CAM_Camera@85833643: [K_PROCESS]: onCreate start 85833643
12-01 07:08:13.940 30611 30611 D CAM_BoostFrameworkImpl: startBoost: duration = 500, scene = 6
12-01 07:08:13.940 30611 30611 D CAM_BoostFrameworkImpl: ready to boost
12-01 07:08:13.941 30611 30611 I CAM_PerformanceManager: [P_PERFORM]: Event: COLD_LAUNCH start
12-01 07:08:13.941 30611 30629 E VendorTagDescriptor: lookupTag: Tag name 'cameraIds' does not exist.
12-01 07:08:13.941 30611 30611 I CAM_Camera@85833643: onCreate: intent-> Intent { act=android.intent.action.MAIN cat=[android.intent.category.LAUNCHER] flg=0x10200000 xflg=0x4 cmp=com.android.camera/.Camera bnds=[540,1975][789,2305] }
12-01 07:08:13.941 30611 30611 V CameraIntentManager: dumpIntent is not enable on this device.
12-01 07:08:13.941 30611 30641 I AdrenoGLES-0: PFP: 0x016dd093, ME: 0x00000000
12-01 07:08:13.941 30611 30611 W System.err: android.provider.Settings$SettingNotFoundException: device_posture
12-01 07:08:13.941 30611 30611 W System.err: 	at android.provider.Settings.parseIntSetting(Settings.java:4123)
12-01 07:08:13.941 30611 30611 W System.err: 	at android.provider.Settings.-$$Nest$smparseIntSetting(Unknown Source:0)
12-01 07:08:13.941 30611 30611 W System.err: 	at android.provider.Settings$Global.getInt(Settings.java:20480)
12-01 07:08:13.941 30611 30611 W System.err: 	at d.c.a.a6.f.k.a(Unknown Source:10)
12-01 07:08:13.941 30611 30611 W System.err: 	at d.c.a.a6.b.q0(Unknown Source:160)
12-01 07:08:13.941 30611 30611 W System.err: 	at com.android.camera.Camera.hb(Unknown Source:175)
12-01 07:08:13.941 30611 30611 W System.err: 	at com.android.camera.ActivityBase.onCreate(Unknown Source:29)
12-01 07:08:13.941 30611 30611 W System.err: 	at android.app.Activity.performCreate(Activity.java:9155)
12-01 07:08:13.941 30611 30611 W System.err: 	at android.app.Activity.performCreate(Activity.java:9133)
12-01 07:08:13.941 30611 30611 W System.err: 	at android.app.Instrumentation.callActivityOnCreate(Instrumentation.java:1545)
12-01 07:08:13.941 30611 30611 W System.err: 	at android.app.ActivityThread.performLaunchActivity(ActivityThread.java:4272)
12-01 07:08:13.941 30611 30611 W System.err: 	at android.app.ActivityThread.handleLaunchActivity(ActivityThread.java:4477)
12-01 07:08:13.942 30611 30611 W System.err: 	at android.app.servertransaction.LaunchActivityItem.execute(LaunchActivityItem.java:222)
12-01 07:08:13.942 30611 30611 W System.err: 	at android.app.servertransaction.TransactionExecutor.executeNonLifecycleItem(TransactionExecutor.java:133)
12-01 07:08:13.942 30611 30611 W System.err: 	at android.app.servertransaction.TransactionExecutor.executeTransactionItems(TransactionExecutor.java:103)
12-01 07:08:13.942 30611 30611 W System.err: 	at android.app.servertransaction.TransactionExecutor.execute(TransactionExecutor.java:80)
12-01 07:08:13.942 30611 30611 W System.err: 	at android.app.ActivityThread$H.handleMessage(ActivityThread.java:2833)
12-01 07:08:13.942 30611 30611 W System.err: 	at android.os.Handler.dispatchMessage(Handler.java:110)
12-01 07:08:13.942 30611 30611 W System.err: 	at android.os.Looper.loopOnce(Looper.java:248)
12-01 07:08:13.942 30611 30611 W System.err: 	at android.os.Looper.loop(Looper.java:338)
12-01 07:08:13.942 30611 30611 W System.err: 	at android.app.ActivityThread.main(ActivityThread.java:9145)
12-01 07:08:13.942 30611 30611 W System.err: 	at java.lang.reflect.Method.invoke(Native Method)
12-01 07:08:13.942 30611 30611 W System.err: 	at com.android.internal.os.RuntimeInit$MethodAndArgsCaller.run(RuntimeInit.java:596)
12-01 07:08:13.942 30611 30611 W System.err: 	at com.android.internal.os.ZygoteInit.main(ZygoteInit.java:940)
12-01 07:08:13.942 30611 30611 W CAM_Display: initialize skip. caz check screen size , windowSize = 1080x2340, appBoundSize = 1080x2340, devicePosture = 0
12-01 07:08:13.942 30611 30611 I CAM_Camera@85833643: [P_PERFORM]: checkPermissionAndCTA E
12-01 07:08:13.942 30611 30629 E VendorTagDescriptor: lookupTag: Tag name 'cameraIds' does not exist.
12-01 07:08:13.943 30611 30629 E VendorTagDescriptor: lookupTag: Tag name 'cameraIds' does not exist.
12-01 07:08:13.943 30611 30611 I CAM_PermissionManager: getNeedCheckPermissionList() listSize =0
12-01 07:08:13.943 30611 30611 I CAM_PermissionManager: checkCameraLaunchPermissions(), all on
12-01 07:08:13.943 30611 30629 E VendorTagDescriptor: lookupTag: Tag name 'cameraIds' does not exist.
12-01 07:08:13.944 30611 30611 I CAM_PermissionManager: getNeedCheckPermissionList() listSize =0
12-01 07:08:13.944 30611 30611 I CAM_PermissionManager: checkCameraLocationPermissions(), all on
12-01 07:08:13.944 30611 30629 E VendorTagDescriptor: lookupTag: Tag name 'cameraIds' does not exist.
12-01 07:08:13.944 30611 30611 I CAM_PermissionManager: getNeedCheckPermissionList() listSize =0
12-01 07:08:13.944 30611 30611 I CAM_PermissionManager: checkCameraLocationPermissions(), all on
12-01 07:08:13.944 30611 30611 D CAM_Camera@85833643: onCreate(): prefixCamera2Setup
12-01 07:08:13.944 30611 30611 D CAM_CameraIntentManager: The caller:null
12-01 07:08:13.944 30611 30611 D CAM_CameraIntentManager: start activity when locked: false
12-01 07:08:13.944 30611 30611 I CAM_Camera@85833643: [P_PERFORM]: checkPermissionAndCTA X
12-01 07:08:13.944 30611 30611 D CAM_CameraIntentManager: camera_launch_source = null
12-01 07:08:13.944 30611 30629 E VendorTagDescriptor: lookupTag: Tag name 'cameraIds' does not exist.
12-01 07:08:13.945 30611 30645 D CAM_PreFixCamera2Setup: mModuleChanged true LastMode is null
12-01 07:08:13.945 30611 30645 D CAM_PreFixCamera2Setup: subscribe: mIntent = Intent { act=android.intent.action.MAIN cat=[android.intent.category.LAUNCHER] flg=0x10200000 xflg=0x4 cmp=com.android.camera/.Camera bnds=[540,1975][789,2305] }
12-01 07:08:13.945 30611 30611 D CAM_CameraIntentManager: start activity when locked: false
12-01 07:08:13.945 30611 30629 E VendorTagDescriptor: lookupTag: Tag name 'cameraIds' does not exist.
12-01 07:08:13.946 30611 30629 E VendorTagDescriptor: lookupTag: Tag name 'cameraIds' does not exist.
12-01 07:08:13.946 30611 30629 E VendorTagDescriptor: lookupTag: Tag name 'cameraIds' does not exist.
12-01 07:08:13.946 30611 30639 D CAM_Camera2CompatAdapterRole: E: initCameraCapabilitiesAsync()
12-01 07:08:13.947 30611 30629 D CAM_Camera2CompatAdapterRole: X: init()
12-01 07:08:13.947 30611 30629 I CAM_CameraAppImpl: [K_PROCESS]: load +
12-01 07:08:13.947 30611 30639 D CAM_Camera2CompatAdapter: E: initCameraCapabilitiesByCameraId(): 0
12-01 07:08:13.947 30611 30645 D CAM_DataItemGlobal: parseIntent timeOut = true, intentChanged = false, action = android.intent.action.MAIN, pendingOpenId = 0, pendingOpenModule = 163, intentCameraId = -1, intentType = 0, launchSource = null
12-01 07:08:13.947 30611 30629 I CAM_PerformanceManager: [P_PERFORM]: Action: feature load_163_0 takes 0 ms
12-01 07:08:13.947 30611 30629 I CAM_CameraAppImpl: [K_PROCESS]: load -
12-01 07:08:13.949 30611 30645 D CAM_Camera2DataContainer: Currently user selected zoom ratio is 1.0
12-01 07:08:13.949 30611 30629 D CAM_DataItemFeature: this is ro.boot.camera.config 1
12-01 07:08:13.949 30611 30645 D CAM_Camera2DataContainer: getActualOpenCameraId: mode=a3, id=0->0
12-01 07:08:13.949 30611 30645 D CAM_Camera2CompatAdapter: E: initCameraCapabilitiesByCameraId(): 0
12-01 07:08:13.950  2949  2949 D BaseDepthController: mSurface is null and mCurrentBlur is: 0
12-01 07:08:13.950 30611 30629 D CAM_DataItemFeature: this is ro.boot.camera.config 1
12-01 07:08:13.950 30611 30629 D CAM_WaterMarkUtil2: getWaterMarkId: all = back_umi_global_mi_10
12-01 07:08:13.952 30611 30629 D CAM_WaterMarkUtil2: getWaterMarkId: find third = back_umi
12-01 07:08:13.952  1816  1846 W ActivityTaskManager: Launch timeout has expired, giving up wake lock!
12-01 07:08:13.957 29172 29193 W Binder  : Caught a RuntimeException from the binder stub implementation.
12-01 07:08:13.957 29172 29193 W Binder  : java.lang.UnsupportedOperationException
12-01 07:08:13.957 29172 29193 W Binder  : 	at com.google.android.gms.clearcut.internal.DefaultClearcutLoggerCallbacks.onLogError(PG:3)
12-01 07:08:13.957 29172 29193 W Binder  : 	at com.google.android.gms.clearcut.internal.IClearcutLoggerCallbacks$Stub.dispatchTransaction(PG:33)
12-01 07:08:13.957 29172 29193 W Binder  : 	at com.google.android.aidl.BaseStub.onTransact(PG:13)
12-01 07:08:13.957 29172 29193 W Binder  : 	at android.os.Binder.execTransactInternal(Binder.java:1426)
12-01 07:08:13.957 29172 29193 W Binder  : 	at android.os.Binder.execTransact(Binder.java:1365)
12-01 07:08:13.958 29172 30347 I cn_CronetUrlRequestContext: destroyNativeStreamLocked org.chromium.net.impl.CronetBidirectionalStream@d284722
12-01 07:08:13.958 30611 30611 D CAM_CameraUtil: boostAdj: [800, 0]
12-01 07:08:13.958 30611 30611 D CAM_CameraIntentManager: start activity when locked: false
12-01 07:08:13.959 30611 30629 I CAM_CustomTextWaterMark: drawBackWaterMarkGen2: icon size = 364x70
12-01 07:08:13.959 30611 30639 D CAM_CameraCapabilities: QuickShotDelayTime tag not defined
12-01 07:08:13.959 30611 30639 D CAM_CameraCapabilities: HQQuickShot: mFeatureMask: 0   mDelayTimeMask: 0
12-01 07:08:13.959 30611 30639 D CAM_CameraCapabilities: QuickShotDelayTimeFactor tag not defined
12-01 07:08:13.959 30611 30639 D CAM_CameraCapabilities: QuickShot: mDelayTimeFactor: 100
12-01 07:08:13.959 30611 30639 D CAM_CameraCapabilities: MiviSuperNight: mSuperNightMask: 0
12-01 07:08:13.959 30611 30639 D CAM_CameraCapabilities: QuickShotNextCaptureMask: mQuickShotNextCaptureMask: 0
12-01 07:08:13.960 30611 30645 D CAM_CameraCapabilities: QuickShotDelayTime tag not defined
12-01 07:08:13.960 30611 30645 D CAM_CameraCapabilities: HQQuickShot: mFeatureMask: 0   mDelayTimeMask: 0
12-01 07:08:13.960 30611 30645 D CAM_CameraCapabilities: QuickShotDelayTimeFactor tag not defined
12-01 07:08:13.960 30611 30645 D CAM_CameraCapabilities: QuickShot: mDelayTimeFactor: 100
12-01 07:08:13.960 30611 30645 D CAM_CameraCapabilities: MiviSuperNight: mSuperNightMask: 0
12-01 07:08:13.960 30611 30645 D CAM_CameraCapabilities: QuickShotNextCaptureMask: mQuickShotNextCaptureMask: 0
12-01 07:08:13.960 30611 30639 D CAM_CameraCapabilities: getBeautyVersionData: 3 ,beautyVersion: 3 ,beautyAlgo: 1
12-01 07:08:13.960 30611 30645 D CAM_CameraCapabilities: getBeautyVersionData: 3 ,beautyVersion: 3 ,beautyAlgo: 1
12-01 07:08:13.961 30611 30639 D CAM_CameraCapabilities: SnapshotQuickViewStreamMask: 0
12-01 07:08:13.961 30611 30645 D CAM_CameraCapabilities: SnapshotQuickViewStreamMask: 0
12-01 07:08:13.961 30611 30645 D CAM_Camera2CompatAdapter: X: initCameraCapabilitiesByCameraId(): 0
12-01 07:08:13.961 30611 30639 D CAM_Camera2CompatAdapter: X: initCameraCapabilitiesByCameraId(): 0
12-01 07:08:13.961 30611 30645 D CAM_CameraCapabilities: isSupportReplaceSession: false
12-01 07:08:13.961 30611 30611 D CAM_CRE_GlHandlerThread: new Instance with thread id:30647 name:CameraRenderThread
12-01 07:08:13.961 30611 30639 D CAM_Camera2CompatAdapter: E: initCameraCapabilitiesByCameraId(): 1
12-01 07:08:13.961 30611 30611 D CAM_CameraRenderEngine: init CameraRenderEngine hash:211712373
12-01 07:08:13.961 30611 30645 D CAM_Camera2OpenManager: openCamera: reusable = false
12-01 07:08:13.961 30611 30611 D CAM_RenderEngineV1: Created 
12-01 07:08:13.961 30611 30645 D CAM_Camera2CompatAdapter: E: initCameraCapabilitiesByCameraId(): 0
12-01 07:08:13.961 30611 30611 D CAM_RCS_StreamingController: WindowBounds: Rect(0, 0 - 1080, 2340)
12-01 07:08:13.961 30611 30611 D CAM_RCS_StreamingController: Device naturally portrait? true
12-01 07:08:13.962 30611 30629 I CAM_CustomTextWaterMark: drawBackWaterMarkGen2: deviceNameSize = 711x91
12-01 07:08:13.962 30611 30629 I CAM_CustomTextWaterMark: drawBackWaterMarkGen2: size = 711x91
12-01 07:08:13.962 30611 30647 D CAM_CRE_GlHandlerThread: new egl Instance
12-01 07:08:13.962 30611 30647 D CAM_CRE_EglCore: new Instance
12-01 07:08:13.963 30611 30647 D CAM_CRE_EglCore: EGL extensions: [EGL_EXT_surface_SMPTE2086_metadata, EGL_ANDROID_native_fence_sync, EGL_EXT_create_context_robustness, EGL_KHR_reusable_sync, EGL_EXT_protected_content, EGL_KHR_no_config_context, EGL_KHR_surfaceless_context, EGL_ANDROID_get_native_client_buffer, EGL_EXT_gl_colorspace_bt2020_hlg, EGL_ANDROID_presentation_time, EGL_ANDROID_recordable, EGL_KHR_gl_texture_2D_image, EGL_KHR_fence_sync, EGL_KHR_gl_texture_3D_image, EGL_KHR_create_context_no_error, EGL_KHR_gl_renderbuffer_image, EGL_ANDROID_get_frame_timestamps, EGL_EXT_gl_colorspace_scrgb, EGL_EXT_gl_colorspace_bt2020_linear, EGL_EXT_gl_colorspace_scrgb_linear, EGL_EXT_surface_CTA861_3_metadata, EGL_EXT_gl_colorspace_display_p3_passthrough, EGL_EXT_gl_colorspace_bt2020_pq, EGL_KHR_create_context, EGL_KHR_wait_sync, EGL_ANDROID_image_native_buffer, EGL_ANDROID_front_buffer_auto_refresh, EGL_KHR_swap_buffers_with_damage, EGL_EXT_pixel_format_float, EGL_EXT_gl_colorspace_display_p3, EGL_KHR_get_all_proc_addresses, EGL_KHR_partial_update, EGL_EXT_image_gl_colorspace, EGL_KHR_gl_colorspace, EGL_KHR_image, EGL_KHR_image_base, EGL_KHR_lock_surface, EGL_EXT_gl_colorspace_display_p3_linear, EGL_KHR_mutable_render_buffer, EGL_IMG_context_priority, EGL_KHR_gl_texture_cubemap_image, EGL_EXT_yuv_surface]
12-01 07:08:13.963 30611 30647 D CAM_CRE_EglCore: createOffscreenSurface -5476376624161797872
12-01 07:08:13.963 30611 30647 D CAM_CRE_GlHandlerThread: getEglCore: Current EGL: display = android.opengl.EGLDisplay@954b78; context = android.opengl.EGLContext@8ea419; surface = android.opengl.EGLSurface@8ea179
12-01 07:08:13.964 30611 30629 D CAM_CustomTextWaterMark: drawBackWaterMarkGen2: size = 711x197
12-01 07:08:13.964 30611 30629 V CAM_CustomTextWaterMark: drawBackWaterMarkGen2: cost time = 5ms
12-01 07:08:13.964 30611 30629 D CAM_WaterMarkUtil2: saveCustomWatermark2File: start... watermarkBitmap = android.graphics.Bitmap@bf6497b
12-01 07:08:13.961 30611 30611 W .android.camera: type=1400 audit(0.0:2875): avc:  denied  { read } for  name="u:object_r:vendor_audio_prop:s0" dev="tmpfs" ino=2496 scontext=u:r:platform_app:s0:c512,c768 tcontext=u:object_r:vendor_audio_prop:s0 tclass=file permissive=0 app=com.android.camera
12-01 07:08:13.964 30611 30611 W libc    : Access denied finding property "ro.vendor.audio.us.proximity"
12-01 07:08:13.964 30611 30611 D CAM_Camera@85833643: isFromKeyguard: false
12-01 07:08:13.965 29172 29233 W BugleNetwork: RegistrationProvider: Failed to register with Tachyon
12-01 07:08:13.965 29172 29233 W BugleNetwork: fsml: PERMISSION_DENIED: The caller does not have permission
12-01 07:08:13.965 29172 29233 W BugleNetwork: 	at ftme.a(PG:41)
12-01 07:08:13.965 29172 29233 W BugleNetwork: 	at fsle.a(PG:5)
12-01 07:08:13.965 29172 29233 W BugleNetwork: 	at eble.a(PG:72)
12-01 07:08:13.965 29172 29233 W BugleNetwork: 	at fsur.g(PG:1)
12-01 07:08:13.965 29172 29233 W BugleNetwork: 	at fsuo.a(PG:28)
12-01 07:08:13.965 29172 29233 W BugleNetwork: 	at fsvk.run(PG:7)
12-01 07:08:13.965 29172 29233 W BugleNetwork: 	at ftfg.run(PG:12)
12-01 07:08:13.965 29172 29233 W BugleNetwork: 	at java.util.concurrent.ThreadPoolExecutor.runWorker(ThreadPoolExecutor.java:1156)
12-01 07:08:13.965 29172 29233 W BugleNetwork: 	at java.util.concurrent.ThreadPoolExecutor$Worker.run(ThreadPoolExecutor.java:651)
12-01 07:08:13.965 29172 29233 W BugleNetwork: 	at java.lang.Thread.run(Thread.java:1119)
12-01 07:08:13.966 29172 29233 W BugleNetwork: RegistrationProvider: Got error in StatusRuntimeException. Notifying tachyon registration error listeners, error: 1, status: PERMISSION_DENIED
12-01 07:08:13.966 29172 29233 W BugleNetwork: fsml: PERMISSION_DENIED: The caller does not have permission
12-01 07:08:13.966 29172 29233 W BugleNetwork: 	at ftme.a(PG:41)
12-01 07:08:13.966 29172 29233 W BugleNetwork: 	at fsle.a(PG:5)
12-01 07:08:13.966 29172 29233 W BugleNetwork: 	at eble.a(PG:72)
12-01 07:08:13.966 29172 29233 W BugleNetwork: 	at fsur.g(PG:1)
12-01 07:08:13.966 29172 29233 W BugleNetwork: 	at fsuo.a(PG:28)
12-01 07:08:13.966 29172 29233 W BugleNetwork: 	at fsvk.run(PG:7)
12-01 07:08:13.966 29172 29233 W BugleNetwork: 	at ftfg.run(PG:12)
12-01 07:08:13.966 29172 29233 W BugleNetwork: 	at java.util.concurrent.ThreadPoolExecutor.runWorker(ThreadPoolExecutor.java:1156)
12-01 07:08:13.966 29172 29233 W BugleNetwork: 	at java.util.concurrent.ThreadPoolExecutor$Worker.run(ThreadPoolExecutor.java:651)
12-01 07:08:13.966 29172 29233 W BugleNetwork: 	at java.lang.Thread.run(Thread.java:1119)
12-01 07:08:13.966 29172 29233 I BugleRcsProvisioning: PhoneNumberRegistrationInfo: redacted-pii:phone_number[chars:12,last2:56]
12-01 07:08:13.967  2949  2949 D BaseDepthController: mSurface is null and mCurrentBlur is: 0
12-01 07:08:13.967 29172 29289 I BugleRcsProvisioning: onTachyonRegistrationError for simId: redacted-pii:sim_id[chars:19,last3:982]
12-01 07:08:13.967 29172 29289 W BugleRcsProvisioning: Unhandled TachyonError type 1.
12-01 07:08:13.970 30611 30611 D CAM_RenderEngineV1: initCameraScreenNail
12-01 07:08:13.970 30611 30611 D CAM_Camera@85833643: IsMultiCamera: false
12-01 07:08:13.971 30611 30611 D CAM_FML : registerProtocol: Thread name = main
12-01 07:08:13.971 30611 30639 D CAM_CameraCapabilities: QuickShotDelayTime tag not defined
12-01 07:08:13.971 30611 30639 D CAM_CameraCapabilities: HQQuickShot: mFeatureMask: 0   mDelayTimeMask: 0
12-01 07:08:13.971 30611 30639 D CAM_CameraCapabilities: QuickShotDelayTimeFactor tag not defined
12-01 07:08:13.971 30611 30639 D CAM_CameraCapabilities: QuickShot: mDelayTimeFactor: 100
12-01 07:08:13.971 30611 30639 D CAM_CameraCapabilities: MiviSuperNight: mSuperNightMask: 0
12-01 07:08:13.971 30611 30639 D CAM_CameraCapabilities: QuickShotNextCaptureMask: mQuickShotNextCaptureMask: 0
12-01 07:08:13.971 30611 30639 D CAM_CameraCapabilities: getBeautyVersionData: 3 ,beautyVersion: 3 ,beautyAlgo: 1
12-01 07:08:13.971 30611 30639 D CAM_CameraCapabilities: SnapshotQuickViewStreamMask: 0
12-01 07:08:13.972 29172 29321 W BugleNetwork: Tachyon PullMessages or RegisterRefresh failed with non-retriable error [CONTEXT tachyon_grpc_status_code="PERMISSION_DENIED" ]
12-01 07:08:13.972 29172 29321 W BugleNetwork: fsml: PERMISSION_DENIED: The caller does not have permission
12-01 07:08:13.972 29172 29321 W BugleNetwork: 	at ftme.a(PG:41)
12-01 07:08:13.972 29172 29321 W BugleNetwork: 	at fsle.a(PG:5)
12-01 07:08:13.972 29172 29321 W BugleNetwork: 	at eble.a(PG:72)
12-01 07:08:13.972 29172 29321 W BugleNetwork: 	at fsur.g(PG:1)
12-01 07:08:13.972 29172 29321 W BugleNetwork: 	at fsuo.a(PG:28)
12-01 07:08:13.972 29172 29321 W BugleNetwork: 	at fsvk.run(PG:7)
12-01 07:08:13.972 29172 29321 W BugleNetwork: 	at ftfg.run(PG:12)
12-01 07:08:13.972 29172 29321 W BugleNetwork: 	at java.util.concurrent.ThreadPoolExecutor.runWorker(ThreadPoolExecutor.java:1156)
12-01 07:08:13.972 29172 29321 W BugleNetwork: 	at java.util.concurrent.ThreadPoolExecutor$Worker.run(ThreadPoolExecutor.java:651)
12-01 07:08:13.972 29172 29321 W BugleNetwork: 	at java.lang.Thread.run(Thread.java:1119)
12-01 07:08:13.972 30611 30645 D CAM_CameraCapabilities: QuickShotDelayTime tag not defined
12-01 07:08:13.972 30611 30645 D CAM_CameraCapabilities: HQQuickShot: mFeatureMask: 0   mDelayTimeMask: 0
12-01 07:08:13.972 30611 30645 D CAM_CameraCapabilities: QuickShotDelayTimeFactor tag not defined
12-01 07:08:13.972 29172 29321 I BugleNetwork: End of pullMessagesForPhone
12-01 07:08:13.972 30611 30645 D CAM_CameraCapabilities: QuickShot: mDelayTimeFactor: 100
12-01 07:08:13.972 30611 30645 D CAM_CameraCapabilities: MiviSuperNight: mSuperNightMask: 0
12-01 07:08:13.972 30611 30645 D CAM_CameraCapabilities: QuickShotNextCaptureMask: mQuickShotNextCaptureMask: 0
12-01 07:08:13.972 30611 30645 D CAM_CameraCapabilities: getBeautyVersionData: 3 ,beautyVersion: 3 ,beautyAlgo: 1
12-01 07:08:13.972 30611 30645 D CAM_CameraCapabilities: SnapshotQuickViewStreamMask: 0
12-01 07:08:13.973 30611 30645 D CAM_Camera2CompatAdapter: X: initCameraCapabilitiesByCameraId(): 0
12-01 07:08:13.973 30611 30645 I CAM_Camera2OpenManager: [K_PROCESS]: cid: -1 -> 0, mid: 160 -> 163, fcc: true
12-01 07:08:13.973 30611 30639 D CAM_Camera2CompatAdapter: X: initCameraCapabilitiesByCameraId(): 1
12-01 07:08:13.973 30611 30645 D CAM_Camera2OpenManager: abandonCameraResultObservable: E
12-01 07:08:13.973 30611 30645 D CAM_Camera2OpenManager: abandonCameraResultObservable: X
12-01 07:08:13.973 30611 30645 D CAM_Camera2OpenManager: removeCameraCallables
12-01 07:08:13.973 30611 30639 D CAM_Camera2CompatAdapter: E: initCameraCapabilitiesByCameraId(): 2
12-01 07:08:13.976 29172 29289 I BugleTransport: Retrieved RCS available simIds: [redacted-pii[19-chars]]
12-01 07:08:13.976 30611 30611 D AudioSystem: onNewServiceWithAdapter: media.audio_flinger service obtained 0xb400007ac4929180
12-01 07:08:13.976 30611 30611 D AudioSystem: getService: checking for service media.audio_flinger: 0xb400007ae4981ab0
12-01 07:08:13.976 29172 29289 I BugleTransport: Enabled chat transport for SIM = redacted-pii[19-chars] is TACHYGRAM
12-01 07:08:13.976  1089  2419 D audio_hw_primary: adev_get_parameters:audio_camera_loopback_support
12-01 07:08:13.977  1089  2419 I audio_karaoke: get para : audio_camera_loopback_support = false
12-01 07:08:13.977  1089  2419 D soundtrigger: audio_extn_sound_trigger_get_parameters input string<audio_camera_loopback_support=>
12-01 07:08:13.977  1089  2419 D soundtrigger: extract_sm_handle input string <audio_camera_loopback_support=> param string <audio_camera_loopback_support=>
12-01 07:08:13.977  1089  2419 D audio_hw_extn: audio_extn_fm_get_parameters: Enter
12-01 07:08:13.977  1089  2419 D audio_hw_extn: audio_extn_get_parameters: returns audio_camera_loopback_support=false
12-01 07:08:13.977  1089  2419 V msm8974_platform: platform_get_parameters: exit: returns - audio_camera_loopback_support=false
12-01 07:08:13.977  1089  2419 D audio_hw_primary: adev_get_parameters: exit: returns - audio_camera_loopback_support=false
12-01 07:08:13.978 29172 29259 I BugleTransport: Deregister all SIMs except for SIMs with subIds: [] from chat transport: DUAL_REGISTRATION.
12-01 07:08:13.979 30611 30639 D CAM_CameraCapabilities: QuickShotDelayTime tag not defined
12-01 07:08:13.979 30611 30639 D CAM_CameraCapabilities: HQQuickShot: mFeatureMask: 0   mDelayTimeMask: 0
12-01 07:08:13.979 30611 30639 D CAM_CameraCapabilities: QuickShotDelayTimeFactor tag not defined
12-01 07:08:13.979 30611 30639 D CAM_CameraCapabilities: QuickShot: mDelayTimeFactor: 100
12-01 07:08:13.979 30611 30639 D CAM_CameraCapabilities: MiviSuperNight: mSuperNightMask: 0
12-01 07:08:13.979 30611 30639 D CAM_CameraCapabilities: QuickShotNextCaptureMask: mQuickShotNextCaptureMask: 0
12-01 07:08:13.980 30611 30639 D CAM_CameraCapabilities: getBeautyVersionData: 3 ,beautyVersion: 3 ,beautyAlgo: 1
12-01 07:08:13.980 30611 30639 D CAM_CameraCapabilities: SnapshotQuickViewStreamMask: 0
