11-13 19:46:48.830 21061 21061 I CAM_PermissionManager: checkCameraLaunchPermissions(), all on
11-13 19:46:48.830 21061 21061 I CAM_PermissionManager: getNeedCheckPermissionList() listSize =0
11-13 19:46:48.830 21061 21061 I CAM_PermissionManager: checkCameraLocationPermissions(), all on
11-13 19:46:48.830 21061 21061 I CAM_PermissionManager: getNeedCheckPermissionList() listSize =0
11-13 19:46:48.830 21061 21061 I CAM_PermissionManager: checkCameraLocationPermissions(), all on
11-13 19:46:48.830 21061 21061 I CAM_Camera@55923167: [P_PERFORM]: checkPermissionAndCTA X
11-13 19:46:48.833 21061 21061 D CAM_Camera@55923167: onResume start
11-13 19:46:48.833 21061 21061 D CAM_Camera@55923167: resume in MultiWindowMode false
11-13 19:46:48.833 21061 21061 D CAM_ActivityBase: isCameraAliveWhenResume: releaseByModule: false, isModuleAlive: true, isCameraDevicesAlive: true
11-13 19:46:48.833 21061 21061 D CAM_Display: is display size change:false
11-13 19:46:48.833 21061 21061 V CAM_AutoLockManager: mHibernationTimeOut = 180000, mScreenOffTimeOut = 15000
11-13 19:46:48.833 21061 21099 V CAM_AutoLockManager: [WTP]updateScreenOffTimeout: E
11-13 19:46:48.833 21061 21135 V CAM_AutoLockManager: [WTP]updateScreenOffTimeout: E
11-13 19:46:48.834 21061 21135 V CAM_AutoLockManager: [WTP]updateScreenOffTimeout: X
11-13 19:46:48.834  1127  1161 I sensors-hal: batch:180, android.sensor.accelerometer/76, period=200000000, max_latency=0
11-13 19:46:48.834 21061 21099 V CAM_AutoLockManager: [WTP]updateScreenOffTimeout: X
11-13 19:46:48.835  1102  2129 V SYNX-UMD: Synx Init!
11-13 19:46:48.836  1102  2129 V SYNX-UMD: Creating hPollThread = 486476622848
11-13 19:46:48.836  1102 21141 V SYNX-UMD: Polling ...
11-13 19:46:48.836  1102  2129 V SYNX-UMD: Completed Synx Init
11-13 19:46:48.837  1127  1161 I sensors-hal: batch:189, android.sensor.accelerometer/76, period=200000000, max_latency=0 request completed
11-13 19:46:48.837  1127  1161 I sensors-hal: flush:209, android.sensor.accelerometer/76
11-13 19:46:48.839  2944  2944 D BaseDepthController: mSurface is null and mCurrentBlur is: 0
11-13 19:46:48.841  1127  1161 I sensors-hal: flush:215, android.sensor.accelerometer/76 completed
11-13 19:46:48.841 21061 21061 D CAM_CameraUtil: clearRotationAnimation
11-13 19:46:48.842 21061 21061 V CAM_ActivityBase: checkGalleryLock: galleryLocked=false
11-13 19:46:48.842 21061 21061 D CAM_CameraIntentManager: start activity when locked: false
11-13 19:46:48.842 21061 21061 D CAM_ActivityBase: checkKeyguard: setShowWhenLocked:false
11-13 19:46:48.842 21061 21061 V CAM_ActivityBase: checkKeyguard: fromKeyguard=false keyguardSecureLocked=false secureUriList is null
11-13 19:46:48.842 21061 21061 V CAM_CameraBrightness: onResume adjustBrightness
11-13 19:46:48.842 21061 21061 D CompatibilityUtils: getSdcardPath: sdcardVolume = null
11-13 19:46:48.842 21061 21061 D CAM_FileCompat: getExtSDCardPaths: activePath = null
11-13 19:46:48.842 21061 21061 D CompatibilityUtils: getSdcardPath: sdcardVolume = null
11-13 19:46:48.842 21061 21061 V CAM_Storage: initStorage sd=null
11-13 19:46:48.842 21061 21061 D CAM_Storage: hasSecondaryStorage=false
11-13 19:46:48.842 21061 21061 D CAM_Storage: hasSecondaryStorage=false
11-13 19:46:48.842 21061 21061 D CAM_Camera@55923167: resumeCamera: E
11-13 19:46:48.842 21061 21139 D CAM_CameraBrightness: adjustBrightness: cost=0ms
11-13 19:46:48.842 21061 21061 D CAM_Camera@55923167: resumeCamera: isSwitchingModule() : true &&  getDisplayFoldState() : true: 
11-13 19:46:48.842 21061 21061 D CAM_DragEventBusImpl: addOnDragListener: Camera@55923167
11-13 19:46:48.842 21061 21061 D CAM_MemoryManager: initLimit: mSavedQueueMemoryLimit = 386043744
11-13 19:46:48.843 21061 21061 D CAM_MemoryManager: initMemory: maxMemory=536870912
11-13 19:46:48.843 21061 21061 V CAM_ImageSaver: onHostResume: isCapture=false
11-13 19:46:48.843 21061 21109 I CAM_Storage: setLeftSpace(57554661376)
11-13 19:46:48.843 21061 21061 I CAM_PermissionManager: getNeedCheckPermissionList() listSize =0
11-13 19:46:48.843 21061 21061 I CAM_PermissionManager: checkCameraLaunchPermissions(), all on
11-13 19:46:48.843 21061 21061 D CAM_CameraIntentManager: camera_launch_source = null
11-13 19:46:48.843 21061 21061 I CAM_PerformanceManager: [P_PERFORM]: not allow traceStart
11-13 19:46:48.844 21061 21061 D CAM_Camera@55923167: onResume end
11-13 19:46:48.844 21061 21134 V CAM_Camera@55923167: [WTP]notifyCameraResume: E
11-13 19:46:48.844 21061 21061 I CAM_PerformanceManager: [P_PERFORM]: Action: resumeActivity@55923167_163_0 takes 14 ms
11-13 19:46:48.844 21061 21134 D CAM_SendBroadcastNotifyExternal: notify external(status: start_foreground)
11-13 19:46:48.844 21061 21061 D CAM_Camera@55923167: onResume end
11-13 19:46:48.844 21061 21061 D CAM_ActivityBase: onResume - version: 5.0.230706.0
11-13 19:46:48.844 21061 21136 V CAM_Camera@55923167: [WTP]initShortcut: E
11-13 19:46:48.844 21061 21061 D CAM_FragmentBottomAction: initThumbnailAsThumbnail: 
11-13 19:46:48.844 21061 21061 D CAM_FragmentBottomAction: set thumbnail clickable: true
11-13 19:46:48.844 21061 21061 I CAM_PermissionManager: getNeedCheckPermissionList() listSize =0
11-13 19:46:48.844 21061 21061 I CAM_PermissionManager: checkStoragePermissions on
11-13 19:46:48.844 21061 21061 D CAM_ThumbnailUpdater: LoadThumbnailTask: thumbnail on task create: null
11-13 19:46:48.844 21061 21139 D CAM_ThermalDetector: registerReceiver
11-13 19:46:48.845 21061 21061 I CAM_ AdaptiveTv: init:  mMaxFontScale :1.25
11-13 19:46:48.845 21061 21135 V CAM_LifecycleAsyncTask: [WTP]AsyncTask: E. LoadThumbnailTask
11-13 19:46:48.845 21061 21135 D CAM_ThumbnailUpdater: LoadThumbnailTask: execute task: com.android.camera.ThumbnailUpdater$LoadThumbnailTask@bbd9e5a. lookAtCache = true
11-13 19:46:48.845 21061 21061 D CAM_ModeSelectViewCV: getHeaderOffset w = 1000, itemWidth = 148, textWidth = 80.0
11-13 19:46:48.845 21061 21135 D CAM_Storage: hasSecondaryStorage=false
11-13 19:46:48.845 21061 21061 D CAM_ModeSelectViewCV: res = {1.0 214mcc22mnc [es_ES] ldltr sw393dp w393dp h794dp 440dpi nrml long hdr widecg port night finger -keyb/v/h -nav/h winConfig={ mBounds=Rect(0, 0 - 1080, 2340) mAppBounds=Rect(0, 90 - 1080, 2274) mMaxBounds=Rect(0, 0 - 1080, 2340) mDisplayRotation=ROTATION_0 mWindowingMode=fullscreen mActivityType=standard mAlwaysOnTop=undefined mRotation=ROTATION_0} as.3 s.2 fontWeightAdjustment=0}
11-13 19:46:48.845 21061 21061 D CAM_FragmentModeSelector: switchMoreMode open: true, style: 0, mCurrentMode: 163
11-13 19:46:48.845 21061 21134 V CAM_Camera@55923167: [WTP]notifyCameraResume: X
11-13 19:46:48.845 21061 21061 D CAM_DragLayout: disableAllMode
11-13 19:46:48.845 21061 21061 D CAM_DragLayout: setDragEnable mDragMode : false, enable false, force : false
11-13 19:46:48.845 21061 21139 D CAM_BatteryDetector: registerReceiver
11-13 19:46:48.847 21061 21136 V CAM_Camera@55923167: [WTP]initShortcut: X
11-13 19:46:48.850  1102  2129 E CamX    : [ERROR][SENSOR ] camxsensornode.cpp:3381 ProcessingNodeFinalizeInitialization() camera 0, has ois data umi_ois, has dependency 0 on 
11-13 19:46:48.851 21061 21135 D CAM_ThumbnailUpdater: LoadThumbnailTask: lastUri = content://media/external/images/media/1000005236
11-13 19:46:48.851 21061 21135 D CAM_ThumbnailUpdater: LoadThumbnailTask: currentThumbnail = null
11-13 19:46:48.852 21061 21135 D CAM_Thumbnail: getLastThumbnailFromFile: version: 3
11-13 19:46:48.852 21061 21135 D CAM_Thumbnail: getLastThumbnailFromFile: isGif:false
11-13 19:46:48.852 21061 21135 D CAM_Thumbnail: getLastThumbnailFromFile: gifWidth:-1
11-13 19:46:48.853 21061 21135 D CAM_Thumbnail: getLastThumbnailFromFile: gifHeight:-1
11-13 19:46:48.853 21061 21135 D CAM_Thumbnail: getLastThumbnailFromFile: fileSize:5608523
11-13 19:46:48.853 21061 21135 D CAM_Thumbnail: getLastThumbnailFromFile: isVideo:false
11-13 19:46:48.854  3917  6588 D MediaProvider: Open with FUSE. FilePath: /storage/emulated/0/DCIM/Camera/IMG_20251113_180615.jpg. Uid: 10586. Media Capabilities Uid: 0. ShouldRedact: false. ShouldTranscode: false
11-13 19:46:48.854 21061 21061 D InsetsController: Setting requestedVisibleTypes to -14 (was -9)
11-13 19:46:48.856  2944  2944 D BaseDepthController: mSurface is null and mCurrentBlur is: 0
11-13 19:46:48.859  1102  2129 E CamX    : [ERROR][SENSOR ] camxpdafdata.cpp:119 PDAFInit() videomode = 0 tuning mode 0
11-13 19:46:48.863 21061 21135 D CAM_Thumbnail: setFileSize: 5608523, mUri: content://media/external/images/media/1000005236@57903201
11-13 19:46:48.863 21061 21135 D CAM_Thumbnail: getLastThumbnailFromFile() returned: Thumbnail{mUri=content://media/external/images/media/1000005236, mBitmap=android.graphics.Bitmap@3567fc8, mFromFile=true, mWaitingForUri=false, mIsGif=false, gifWidth=-1, gifHeight=-1, applied=false}
11-13 19:46:48.863 21061 21135 D CAM_ThumbnailUpdater: LoadThumbnailTask: cached thumbnail = Thumbnail{mUri=content://media/external/images/media/1000005236, mBitmap=android.graphics.Bitmap@3567fc8, mFromFile=true, mWaitingForUri=false, mIsGif=false, gifWidth=-1, gifHeight=-1, applied=false}
11-13 19:46:48.864 21061 21135 D CAM_Thumbnail: getLatestThumbnailFromPPP: dateTaken = 1763053574668
11-13 19:46:48.864 21061 21061 D CAM_DragLayout: setDragEnable mDragMode : false, mPromptMode : false,mBar : null,withAnim : false
11-13 19:46:48.864 21061 21061 D CAM_DragLayout: setState 3
11-13 19:46:48.864 21061 21135 D CAM_Thumbnail: getLastThumbnailFromContentResolver: imageUri = content://media/external/images/media/1000005236
11-13 19:46:48.864 21061 21135 D CAM_ThumbnailUpdater: LoadThumbnailTask: get last thumbnail from provider. code = -1, thumbnail = Thumbnail{mUri=content://media/external/images/media/1000005236, mBitmap=android.graphics.Bitmap@3567fc8, mFromFile=true, mWaitingForUri=false, mIsGif=false, gifWidth=-1, gifHeight=-1, applied=false}
11-13 19:46:48.865 21061 21135 V CAM_LifecycleAsyncTask: [WTP]AsyncTask: X. LoadThumbnailTask
11-13 19:46:48.865 21061 21061 I CAM_ AdaptiveTv: init:  mMaxFontScale :1.25
11-13 19:46:48.866 21061 21061 I CAM_ AdaptiveTv: init:  mMaxFontScale :1.25
11-13 19:46:48.868 21061 21061 I CAM_ AdaptiveTv: init:  mMaxFontScale :1.25
11-13 19:46:48.869 21061 21061 I CAM_ AdaptiveTv: init:  mMaxFontScale :1.25
11-13 19:46:48.870 21061 21061 I CAM_ AdaptiveTv: init:  mMaxFontScale :1.25
11-13 19:46:48.871 21061 21061 I CAM_ AdaptiveTv: init:  mMaxFontScale :1.25
11-13 19:46:48.873  2944  2944 D BaseDepthController: mSurface is null and mCurrentBlur is: 0
11-13 19:46:48.874 21061 21061 D StartTopBarAdapter: onBindViewHolder
11-13 19:46:48.875 21061 21061 D StartTopBarAdapter: updateView - anim id = 2131886459
11-13 19:46:48.875 21061 21061 I StartTopBarAdapter: shouldEnableAnim = false
11-13 19:46:48.875 21061 21061 D StartTopBarAdapter: showJsonAnimation - anim id = 2131886459 image view = com.android.camera2.compat.theme.custom.mm.top.StrikethroughImageView{4f39d6a V.ED..... ......ID 0,0-0,0}
11-13 19:46:48.875 21061 21061 D EndTopBarAdapter: onBindViewHolder
11-13 19:46:48.876 21061 21061 D EndTopBarAdapter: updateView - anim id = 0
11-13 19:46:48.886 21061 21061 D CAM_DragLayout: setDragEnable mDragMode : false, mPromptMode : false,mBar : null,withAnim : false
11-13 19:46:48.886 21061 21061 D CAM_ModeSelectViewCV: onGlobalLayout mCurMode 163
11-13 19:46:48.887 21061 21061 I CAM_ AdaptiveTv: init:  mMaxFontScale :1.25
11-13 19:46:48.887 21061 21061 D CAM_ModeSelectViewCV: getHeaderOffset w = 1000, itemWidth = 148, textWidth = 80.0
11-13 19:46:48.887 21061 21061 D CAM_ModeSelectViewCV: res = {1.0 214mcc22mnc [es_ES] ldltr sw393dp w393dp h794dp 440dpi nrml long hdr widecg port night finger -keyb/v/h -nav/h winConfig={ mBounds=Rect(0, 0 - 1080, 2340) mAppBounds=Rect(0, 90 - 1080, 2274) mMaxBounds=Rect(0, 0 - 1080, 2340) mDisplayRotation=ROTATION_0 mWindowingMode=fullscreen mActivityType=standard mAlwaysOnTop=undefined mRotation=ROTATION_0} as.3 s.2 fontWeightAdjustment=0}
11-13 19:46:48.887 21061 21061 D CAM_ModeSelectViewCV: moveToPosition select pos = 4, offset = 426, mode = 163
11-13 19:46:48.887 21061 21061 D CAM_FragmentBottomAction: ThumbnailGlobalRect: Rect(64, 1948 - 164, 2048)
11-13 19:46:48.888 21061 21061 I CAM_PerformanceManager: [P_PERFORM]: Action: 5.1:surfaceViewCreate_162_0 takes 342 ms
11-13 19:46:48.888 21061 21061 I CAM_CameraRenderEngine: [K_PROCESS]: onSurfaceCreated
11-13 19:46:48.889 21061 21061 D CAM_Camera@55923167:  surfaceChanged format = 4 width = 1080 height = 2340
11-13 19:46:48.889 21061 21061 I CAM_CameraRenderEngine: [K_PROCESS]: onSurfaceChanged: 1080x2340
11-13 19:46:48.889 21061 21061 D CAM_CameraRenderEngine: onSurfaceChanged start
11-13 19:46:48.889 21061 21098 D CAM_CameraRenderEngine: onSurfaceCreated start on GL Thread
11-13 19:46:48.889 21061 21098 I CAM_CameraRenderEngine: mActivity 55923167
11-13 19:46:48.889 21061 21098 V CAM_CameraScreenNail: acquireSurfaceTexture
11-13 19:46:48.889  1102  2129 E CamX    : [ERROR][NCS    ] camxncsintfqsee.cpp:2262 FillCaps() Sensor 6 probe failed during boot
11-13 19:46:48.889 21061 21098 D CAM_STScreenNail: acquireSurfaceTexture: mHasTexture = false
11-13 19:46:48.889  1102  2129 E CamX    : [ERROR][STATS_AEC] camxcaecstatsprocessor.cpp:5324 SetupNCSLinkForSensor() CAECLaser: Unable to Query caps sensor type 6 error CamxResultEFailed
11-13 19:46:48.889  1102  2129 E CamX    : [ERROR][STATS_AEC] camxcaecstatsprocessor.cpp:5267 SetupNCSLink() CAECLaser: Unable to Setup NCS Link For Laser Sensor
11-13 19:46:48.889  1102  2129 E CamX    : [ERROR][STATS_AEC] camxcaecstatsprocessor.cpp:5246 Initialize() CAECLaser: Failed setting up NCS link
11-13 19:46:48.889  1102  2129 E CamX    : [ERROR][STATS_AEC] camxcaecstatsprocessor.cpp:215 Initialize() Failed to Initialize Laser
11-13 19:46:48.889 21061 21098 D CAM_CRE_MIGL: ExtTexture glGenTextures: 1
11-13 19:46:48.889 21061 21098 D CAM_ExtTexture: texId=1
11-13 19:46:48.889 21061 21098 D CAM_STScreenNail: acquireSurfaceTexture: setDefaultBufferSize 1080x1440
11-13 19:46:48.889  2944  2944 D BaseDepthController: mSurface is null and mCurrentBlur is: 0
11-13 19:46:48.889  1102 21153 E CamX    : [ERROR][STATS_AEC] camxcaecstatsprocessor.cpp:6635 DoFlickerFFTProcess() DoFlickerFFTProcess enter
11-13 19:46:48.890   714  1293 I sscrpcd : vendor/qcom/proprietary/adsprpc/src/apps_std_imp.c:848: Successfully opened file /sys/class/backlight/panel0-backlight/brightness
11-13 19:46:48.890 21061 21098 I CAM_STScreenNail: fullHandlerCapacity:set urgent display
11-13 19:46:48.890 21061 21098 D CAM_NailListenerV1: onSurfaceTextureCreated surfaceTexture:android.graphics.SurfaceTexture@3d377c5
11-13 19:46:48.890 21061 21098 D CAM_ActivityBase: updateSurfaceState: 4
11-13 19:46:48.890 21061 21098 D CAM_Camera2OpenOnSubScribe: onGlSurfaceCreated: mSingleEmitter = true
11-13 19:46:48.890 21061 21098 D CAM_Camera2OpenOnSubScribe: onGlSurfaceCreated: mSingleEmitter already disposed
11-13 19:46:48.890 21061 21061 D CAM_CameraRenderEngine: setPreviewSurface surface=Surface(name=null mNativeObject=-5476376675377939072)/@0x243c82f
11-13 19:46:48.891 21061 21098 V CAM_BaseModule: checkDisplayOrientation: 0 | 90
11-13 19:46:48.891 21061 21061 D CAM_CameraRenderEngine: onSurfaceChanged end
11-13 19:46:48.891 21061 21098 V CAM_FaceView: mCameraDisplayOrientation=90
11-13 19:46:48.891 21061 21098 D CAM_CameraSizeManager: setVideoSize 1080x1440
11-13 19:46:48.892  1539  8436 W ServiceManagerCppClient: Waited one second for stats (is service started? Number of threads started in the threadpool: 17. Are binder threads started and available?)
11-13 19:46:48.892 21061 21098 D CAM_u   : updateCameraScreenNailSize: 1440x1080
11-13 19:46:48.892 21061 21098 D CAM_STScreenNail: setDefaultBufferSize: 1440 | 1080
11-13 19:46:48.892 21061 21098 D CAM_Camera2Module: updatePreviewSurface: surfaceTexture = android.graphics.SurfaceTexture@3d377c5
11-13 19:46:48.892 21061 21098 D CAM_MiCamera2: E: updateDeferPreviewSession
11-13 19:46:48.892 21061 21098 W CAM_MiCamera2: X: updateDeferPreviewSession: capture session is not ready
11-13 19:46:48.894 21061 21092 I Gralloc4: Adding additional valid usage bits: 0x546c08202000
11-13 19:46:48.894  1102  2129 E CHIUSECASE: [Eeee] AvailableNodes=ffffff, CurrentNodeType=1000
11-13 19:46:48.895 21061 21098 D CAM_CRE_MIGL: ShaderUtil glCreateProgram: 3
11-13 19:46:48.895  1102  2129 D android.hardware.camera.provider@2.4-service_64: Arcsoft BeautyParams_Debug:read beauty params file success.
11-13 19:46:48.896 21061 21098 D CAM_CRE_MIGL: ShaderUtil glDeleteShader: 1
11-13 19:46:48.896 21061 21098 D CAM_CRE_MIGL: ShaderUtil glDeleteShader: 2
11-13 19:46:48.898 21061 21098 D CAM_EffectRenderGroup: onEffectChanged: EFFECT_CHANGE_FILTER mEffectId = 66048
11-13 19:46:48.905 21061 21098 D CAM_CRE_MIGL: ShaderUtil glCreateProgram: 6
11-13 19:46:48.906 21061 21098 D CAM_CRE_MIGL: ShaderUtil glDeleteShader: 4
11-13 19:46:48.906 21061 21098 D CAM_CRE_MIGL: ShaderUtil glDeleteShader: 5
11-13 19:46:48.906 21061 21098 D CAM_CameraRenderEngine: onSurfaceCreated end on GL Thread
11-13 19:46:48.906 21061 21098 D CAM_CameraRenderEngine: onSurfaceChanged start on GL Thread
11-13 19:46:48.906 21061 21098 V CAM_CameraScreenNail: acquireSurfaceTexture
11-13 19:46:48.906 21061 21098 D CAM_STScreenNail: acquireSurfaceTexture: mHasTexture = true
11-13 19:46:48.906 21061 21098 D CAM_ActivityBase: updateSurfaceState: 4
11-13 19:46:48.906 21061 21098 D CAM_Camera2OpenOnSubScribe: onGlSurfaceCreated: mSingleEmitter = true
11-13 19:46:48.906 21061 21098 D CAM_Camera2OpenOnSubScribe: onGlSurfaceCreated: mSingleEmitter already disposed
11-13 19:46:48.907 21061 21098 V CAM_BaseModule: checkDisplayOrientation: 0 | 90
11-13 19:46:48.907 21061 21098 V CAM_FaceView: mCameraDisplayOrientation=90
11-13 19:46:48.907 21061 21098 D CAM_CameraSizeManager: setVideoSize 1080x1440
11-13 19:46:48.907 21061 21098 D CAM_u   : updateCameraScreenNailSize: 1440x1080
11-13 19:46:48.907 21061 21098 D CAM_STScreenNail: setDefaultBufferSize: 1440 | 1080
11-13 19:46:48.907 21061 21098 D CAM_Camera2Module: updatePreviewSurface: surfaceTexture = android.graphics.SurfaceTexture@3d377c5
11-13 19:46:48.907 21061 21098 D CAM_MiCamera2: E: updateDeferPreviewSession
11-13 19:46:48.907 21061 21098 W CAM_MiCamera2: X: updateDeferPreviewSession: capture session is not ready
11-13 19:46:48.907 21061 21098 D CAM_CameraRenderEngine: onSurfaceChanged requestRender mRenderRequested=false
11-13 19:46:48.907 21061 21098 D CAM_CameraRenderEngine: onSurfaceChanged end on GL Thread
11-13 19:46:48.907 21061 21098 D CAM_CameraRenderEngine: getWindowSurface start, updated=true surface=Surface(name=null mNativeObject=-5476376675377939072)/@0x243c82f
11-13 19:46:48.907 21061 21098 D CAM_CameraRenderEngine: getEglWindowSurfaceAttributes: NONE
11-13 19:46:48.907 21061 21098 D CAM_CRE_EglWindowSurface: EglWindowSurface init start
11-13 19:46:48.907 21061 21098 D CAM_CRE_EglCore: createWindowSurfaceInner -5476376670814537680
11-13 19:46:48.907 21061 21098 D CAM_CRE_EglWindowSurface: EglWindowSurface init end
11-13 19:46:48.907 21061 21098 D CAM_CameraRenderEngine: getWindowSurface end, cost=0
11-13 19:46:48.908  2944  2944 D BaseDepthController: mSurface is null and mCurrentBlur is: 0
11-13 19:46:48.908  2944  2944 D BaseDepthController: mSurface is null and mCurrentBlur is: 0
11-13 19:46:48.909 21061 21098 V CAM_CameraRenderEngine: onDrawFrame rendering count:0
11-13 19:46:48.909 21061 21098 W CAM_CameraScreenNail: draw: firstFrame=false surface=android.graphics.SurfaceTexture@3d377c5
11-13 19:46:48.909  2944  2944 D SsBaseTemplateCard: No text view can be set up
11-13 19:46:48.909  2944  2944 I SsBaseTemplateCard: setFormattedContentDescription: text=13C, iconDescription=Lluvias de poca intensidad, contentDescription=Lluvias de poca intensidad, 13C
11-13 19:46:48.909  2944  2944 D SsBaseTemplateCard: Passed-in item info is null
11-13 19:46:48.909  2944  2944 D SsBaseTemplateCard: Passed-in item info is null
11-13 19:46:48.909  2944  2944 I SsBaseTemplateCard: Secondary card pane is null
11-13 19:46:48.911  2658  2689 V WindowManagerShell: Transition animation finished (aborted=false), notifying core (#18) android.os.BinderProxy@8d98c86@0
11-13 19:46:48.912 21061 21061 D CAM_ActivityBase: onCameraUnavailable: 0
11-13 19:46:48.912 21061 21061 D CAM_ActivityBase: onCameraAvailable: 1
11-13 19:46:48.912 21061 21061 D CAM_ActivityBase: onCameraAvailable: 2
11-13 19:46:48.912 21061 21061 D CAM_ActivityBase: onCameraAvailable: 3
11-13 19:46:48.912 21061 21061 D CAM_ActivityBase: onCameraAvailable: 4
11-13 19:46:48.912 21061 21061 D CAM_ActivityBase: onCameraAvailable: 5
11-13 19:46:48.912 21061 21061 D CAM_ActivityBase: onCameraAvailable: 6
11-13 19:46:48.912 21061 21061 D CAM_ActivityBase: onCameraAvailable: 7
11-13 19:46:48.912 21061 21061 D CAM_ActivityBase: onCameraAvailable: 8
11-13 19:46:48.912 21061 21061 D CAM_ActivityBase: onCameraAvailable: 9
11-13 19:46:48.912 21061 21061 D CAM_ActivityBase: onCameraAvailable: 10
11-13 19:46:48.912 21061 21061 D CAM_BatteryDetector: onReceive battery = 44 cutoff = false
11-13 19:46:48.912 21061 21061 D CAM_BatteryDetector: onBatteryNotification action=0 caller = d.c.a.j3.k(Unknown Source:19), d.c.a.j3.c(Unknown Source:0), d.c.a.j3$a.onReceive(Unknown Source:122), android.app.LoadedApk$ReceiverDispatcher$Args.lambda$getRunnable$0(LoadedApk.java:1839), android.app.LoadedApk$ReceiverDispatcher$Args.$r8$lambda$mcNAAl1SQ4MyJPyDg8TJ2x2h0Rk(Unknown Source:0), 
11-13 19:46:48.913 21061 21061 D CAM_DragLayout: setDragEnable mDragMode : false, mPromptMode : false,mBar : null,withAnim : false
11-13 19:46:48.914  2944  2944 D b/387844520: getOutlineOffsetX: measured width = 182, mNormalizedIconSize = 167, last updated width = 182
11-13 19:46:48.914 21061 21061 D CAM_Camera@55923167: showGuide = 163  isCtsCall = false
11-13 19:46:48.914 21061 21061 I CAM_PermissionManager: getNeedCheckPermissionList() listSize =0
11-13 19:46:48.914 21061 21061 I CAM_PermissionManager: checkCameraLocationPermissions(), all on
11-13 19:46:48.914 21061 21061 I CAM_PermissionManager: getNeedCheckPermissionList() listSize =0
11-13 19:46:48.914 21061 21061 I CAM_PermissionManager: checkCameraLaunchPermissions(), all on
11-13 19:46:48.914 21061 21061 D CAM_ThumbnailUpdater: LoadThumbnailTask onPostExecute, thumbnail is Thumbnail{mUri=content://media/external/images/media/1000005236, mBitmap=android.graphics.Bitmap@3567fc8, mFromFile=true, mWaitingForUri=false, mIsGif=false, gifWidth=-1, gifHeight=-1, applied=false}, not canceled, noNeedUpdateThumbnail is false
11-13 19:46:48.914 21061 21061 D CAM_ThumbnailUpdater: LoadThumbnailTask: thumbnail on task complete: null
11-13 19:46:48.916 21061 21061 D CAM_ThumbnailUpdater: setThumbnail mLastUri=content://media/external/images/media/1000005236
11-13 19:46:48.916  2658  2824 D KeyguardService: setOccluded(false)
11-13 19:46:48.916  2658  2824 D KeyguardViewMediator: setOccluded(false)
11-13 19:46:48.917  2658  2658 D KeyguardViewMediator: handleSetOccluded(false)
11-13 19:46:48.917  2658  2658 D KeyguardViewMediator: KeyguardViewMediator queue processing message: SET_OCCLUDED
11-13 19:46:48.917  2658  2824 D KeyguardService: setOccluded(false)
11-13 19:46:48.917  2658  2824 D KeyguardViewMediator: setOccluded(false)
11-13 19:46:48.917  2658  2689 V WindowManagerShell: Track 0 became idle
11-13 19:46:48.917  2658  2689 V WindowManagerShell: All active transition animations finished
11-13 19:46:48.918  2658  2658 D KeyguardViewMediator: handleSetOccluded(false)
11-13 19:46:48.918  2658  2658 D KeyguardViewMediator: KeyguardViewMediator queue processing message: SET_OCCLUDED
11-13 19:46:48.918  1803  1836 V WindowManager: Finish Transition (#18): created at 11-13 19:46:48.297 collect-started=0.443ms request-sent=21.277ms started=53.173ms ready=66.928ms sent=70.507ms commit=21.192ms finished=616.918ms
11-13 19:46:48.919 21061 21061 D CAM_Thumbnail: setBitmapApplied(content://media/external/images/media/1000005236): true
11-13 19:46:48.919 21061 21061 D CAM_FragmentBottomAction: updateThumbnail: update image: Thumbnail{mUri=content://media/external/images/media/1000005236, mBitmap=android.graphics.Bitmap@3567fc8, mFromFile=true, mWaitingForUri=false, mIsGif=false, gifWidth=-1, gifHeight=-1, applied=true}
11-13 19:46:48.923 21061 21061 D CAM_ZoomRatioToggleView: setVisibility(): VISIBLE
11-13 19:46:48.924  1803  2935 D ConnectivityService: requestNetwork for uid/pid:10678/2658 asUid: 10586 activeRequest: null callbackRequest: 557 [NetworkRequest [ REQUEST id=558, [ Capabilities: INTERNET&NOT_RESTRICTED&TRUSTED&NOT_VCN_MANAGED&NOT_BANDWIDTH_CONSTRAINED Uid: 10586 RequestorUid: 10678 RequestorPkg: com.android.systemui UnderlyingNetworks: Null] ]] callback flags: 0 order: 2147483647 isUidTracked: false declaredMethods: AVAIL|BLK
11-13 19:46:48.924  2944  2944 D VRI[NexusLauncherActivity]: visibilityChanged oldVisibility=true newVisibility=false
11-13 19:46:48.927  1803  1836 I ActivityTaskManager: Displayed com.android.camera/.Camera for user 0: +635ms
11-13 19:46:48.928  1803  2552 D WifiNetworkFactory: got request NetworkRequest [ REQUEST id=558, [ Capabilities: INTERNET&NOT_RESTRICTED&TRUSTED&NOT_VCN_MANAGED&NOT_BANDWIDTH_CONSTRAINED Uid: 10586 RequestorUid: 10678 RequestorPkg: com.android.systemui UnderlyingNetworks: Null] ]
11-13 19:46:48.928  1803  2552 D UntrustedWifiNetworkFactory: got request NetworkRequest [ REQUEST id=558, [ Capabilities: INTERNET&NOT_RESTRICTED&TRUSTED&NOT_VCN_MANAGED&NOT_BANDWIDTH_CONSTRAINED Uid: 10586 RequestorUid: 10678 RequestorPkg: com.android.systemui UnderlyingNetworks: Null] ]
11-13 19:46:48.928  1803  2552 D OemPaidWifiNetworkFactory: got request NetworkRequest [ REQUEST id=558, [ Capabilities: INTERNET&NOT_RESTRICTED&TRUSTED&NOT_VCN_MANAGED&NOT_BANDWIDTH_CONSTRAINED Uid: 10586 RequestorUid: 10678 RequestorPkg: com.android.systemui UnderlyingNetworks: Null] ]
11-13 19:46:48.928  1803  2552 D MultiInternetWifiNetworkFactory: got request NetworkRequest [ REQUEST id=558, [ Capabilities: INTERNET&NOT_RESTRICTED&TRUSTED&NOT_VCN_MANAGED&NOT_BANDWIDTH_CONSTRAINED Uid: 10586 RequestorUid: 10678 RequestorPkg: com.android.systemui UnderlyingNetworks: Null] ]
11-13 19:46:48.928  1803  2559 D ConnectivityService: NetReassign [558 : null  101] [c 0] [a 1] [i 1]
11-13 19:46:48.940  2944  2944 D NexusLauncherModelDelegate: notifySmartspaceEvent: SmartspaceTargetEvent{mSmartspaceTarget=null, mSmartspaceActionId='null', mEventType=7}
11-13 19:46:48.941  1803  2935 W ActivityTaskManager: Request to remove task ignored for non-existent task 879
11-13 19:46:48.943  3916  4174 I AiAiEcho: AmbientDataPredictorImpl No tracked ambient data found for ID: null; for event type: 7, skipping event processing.
11-13 19:46:48.945   669   669 I hwservicemanager: getTransport: Cannot find entry vendor.qti.hardware.servicetracker@1.2::IServicetracker/default in either framework or device VINTF manifest.
11-13 19:46:48.946  1803  2935 W ActivityTaskManager: servicetracker HIDL not available
11-13 19:46:48.946  1803  2935 E ActivityTaskManager: Unable to get servicetracker HAL instance
11-13 19:46:48.947   669   669 I hwservicemanager: getTransport: Cannot find entry vendor.qti.hardware.servicetracker@1.2::IServicetracker/default in either framework or device VINTF manifest.
11-13 19:46:48.947  1803  2935 W ActivityTaskManager: servicetracker HIDL not available
11-13 19:46:48.947  1803  2935 E ActivityTaskManager: Unable to get servicetracker HAL instance
11-13 19:46:48.948  1102  2129 I CVP     : File: vendor/qcom/proprietary/cv-noship/cvp/2.0/src/cpu/platform/android/cvpSession.cpp Line: 173 Function: cvpGetDebugEnable() Msg:  CVP Debug Logs Disabled 
11-13 19:46:48.953 21061 21061 D CAM_Camera@55923167: isFromKeyguard: false
11-13 19:46:48.953 21061 21061 I CAM_Camera@55923167: [K_PROCESS]: onWindowFocusChanged: hasFocus: true, isFromKeyguard: false
11-13 19:46:48.953 21061 21061 I CAM_Camera@55923167: [K_PROCESS]: camera2Proxy=d.c.b.p4@77d5d45 - cid: 0; isCameraDisconnected=false
11-13 19:46:48.954 21061 21061 D CAM_Camera2Module: onWindowFocusChanged: true
11-13 19:46:48.954 21061 21061 V CAM_CameraBrightness: onWindowFocusChanged hasFocus=true mFirstFocusChanged=false
11-13 19:46:48.955  1803  2512 D CompatChangeReporter: Compat change id reported: 214016041; UID 10586; state: ENABLED
11-13 19:46:48.960  2944  2944 D BaseDepthController: setSurface:
11-13 19:46:48.960  2944  2944 D BaseDepthController: 	mWaitingOnSurfaceValidity: false
11-13 19:46:48.960  2944  2944 D BaseDepthController: 	mBaseSurface: null
11-13 19:46:48.961  1102  2129 I CVP     : File: vendor/qcom/proprietary/cv-noship/cvp/2.0/src/cpu/cvpPower.cpp Line: 621 Function: cvpEstimatePowerDme() Msg: DME Voting
11-13 19:46:48.961  1102  2129 I CVP     : File: vendor/qcom/proprietary/cv-noship/cvp/2.0/src/cpu/cvpPower.cpp Line: 1573 Function: cvpAggreatePower() Msg: After aggregation
11-13 19:46:48.961  1102  2129 I CVP     : File: vendor/qcom/proprietary/cv-noship/cvp/2.0/src/cpu/cvpPower.cpp Line: 85 Function: cvpPrintPower() Msg: Actual      Clock: Fdu 18003600, Ica 2703360, Od 0, Mpu 0, Fw 50400000
11-13 19:46:48.961  1102  2129 I CVP     : File: vendor/qcom/proprietary/cv-noship/cvp/2.0/src/cpu/cvpPower.cpp Line: 89 Function: cvpPrintPower() Msg: Operational Clock: Fdu 18003600, Ica 2703360, Od 0, Mpu 0, Fw 50400000
11-13 19:46:48.961  1102  2129 I CVP     : File: vendor/qcom/proprietary/cv-noship/cvp/2.0/src/cpu/cvpPower.cpp Line: 91 Function: cvpPrintPower() Msg: Actual     Bw: Ddr 72464940, SysCache 0
11-13 19:46:48.961  1102  2129 I CVP     : File: vendor/qcom/proprietary/cv-noship/cvp/2.0/src/cpu/cvpPower.cpp Line: 93 Function: cvpPrintPower() Msg: Opeational Bw: Ddr 72464940, SysCache 0
11-13 19:46:48.961  1102  2129 I CVP     : File: vendor/qcom/proprietary/cv-noship/cvp/2.0/src/cpu/cvpPvtUtils.cpp Line: 138 Function: cvpSetPower() Msg: Update power to KMD
11-13 19:46:48.961  1102  2129 I CVP     : File: vendor/qcom/proprietary/cv-noship/cvp/2.0/src/cpu/cvpPower.cpp Line: 85 Function: cvpPrintPower() Msg: Actual      Clock: Fdu 18003600, Ica 2703360, Od 0, Mpu 0, Fw 50400000
11-13 19:46:48.961  1102  2129 I CVP     : File: vendor/qcom/proprietary/cv-noship/cvp/2.0/src/cpu/cvpPower.cpp Line: 89 Function: cvpPrintPower() Msg: Operational Clock: Fdu 18003600, Ica 2703360, Od 0, Mpu 0, Fw 50400000
11-13 19:46:48.961  1102  2129 I CVP     : File: vendor/qcom/proprietary/cv-noship/cvp/2.0/src/cpu/cvpPower.cpp Line: 91 Function: cvpPrintPower() Msg: Actual     Bw: Ddr 72464940, SysCache 0
11-13 19:46:48.961  1102  2129 I CVP     : File: vendor/qcom/proprietary/cv-noship/cvp/2.0/src/cpu/cvpPower.cpp Line: 93 Function: cvpPrintPower() Msg: Opeational Bw: Ddr 72464940, SysCache 0
11-13 19:46:48.961  2944  2944 D BaseDepthController: mSurface is null and mCurrentBlur is: 0
11-13 19:46:48.961  2944  2944 I ActivityThread: Schedule relaunch activity: com.google.android.apps.nexuslauncher.NexusLauncherActivity
11-13 19:46:48.961  2944  2944 I ActivityThread: Schedule relaunch activity: com.google.android.apps.nexuslauncher.NexusLauncherActivity
11-13 19:46:48.961  2944  2944 I ActivityThread: Schedule relaunch activity: com.google.android.apps.nexuslauncher.NexusLauncherActivity
11-13 19:46:48.961  2944  2944 I ActivityThread: Schedule relaunch activity: com.google.android.apps.nexuslauncher.NexusLauncherActivity
11-13 19:46:48.961  2944  2944 I ActivityThread: Schedule relaunch activity: com.google.android.apps.nexuslauncher.NexusLauncherActivity
11-13 19:46:48.961  2944  2944 I ActivityThread: Schedule relaunch activity: com.google.android.apps.nexuslauncher.NexusLauncherActivity
11-13 19:46:48.962  2944  2944 I ActivityThread: Schedule relaunch activity: com.google.android.apps.nexuslauncher.NexusLauncherActivity
11-13 19:46:48.962  2944  2944 I ActivityThread: Schedule relaunch activity: com.google.android.apps.nexuslauncher.NexusLauncherActivity
11-13 19:46:48.962  2944  2944 I ActivityThread: Schedule relaunch activity: com.google.android.apps.nexuslauncher.NexusLauncherActivity
11-13 19:46:48.962  2944  2944 I ActivityThread: Schedule relaunch activity: com.google.android.apps.nexuslauncher.NexusLauncherActivity
11-13 19:46:48.963  2944  2944 D StateManager: goToState - fromState: Normal, toState: Normal, partial trace:
11-13 19:46:48.963  2944  2944 D StateManager: 	at com.android.launcher3.statemanager.StateManager.moveToRestState(go/retraceme 72a59688580715d19f0e415c69e80376c2f062d1648c80db6730905005a27c20:4)
11-13 19:46:48.963  2944  2944 D StateManager: 	at com.android.launcher3.statemanager.StateManager.moveToRestState(go/retraceme 72a59688580715d19f0e415c69e80376c2f062d1648c80db6730905005a27c20:1)
11-13 19:46:48.963  2944  2944 D StateManager: 	at com.android.launcher3.statemanager.StatefulActivity.onStop(go/retraceme 72a59688580715d19f0e415c69e80376c2f062d1648c80db6730905005a27c20:34)
11-13 19:46:48.964  2944  2944 D StatsLog: LAUNCHER_ONSTOP
11-13 19:46:48.965  2944 10531 D GmsPlayProvider: Forcefully shut down the binder channel
11-13 19:46:48.968  2944  2944 D StatsLog: LAUNCHER_GOOGLE_SEARCH_RESTORE_LIST_SIZE_AFTER_ACTIVITY_RESTART
11-13 19:46:48.968  3877  3877 W w       : onStartInput event aborted
11-13 19:46:48.968  3877  3877 W w       : ic0.t: could not obtain extracted text
11-13 19:46:48.968  3877  3877 W w       : 	at ic0.h0.G(Unknown Source:339)
11-13 19:46:48.968  3877  3877 W w       : 	at c70.a0.h(Unknown Source:282)
11-13 19:46:48.968  3877  3877 W w       : 	at c70.j2.h(Unknown Source:2)
11-13 19:46:48.968  3877  3877 W w       : 	at com.touchtype.KeyboardService.onStartInput(Unknown Source:11)
11-13 19:46:48.968  3877  3877 W w       : 	at android.inputmethodservice.InputMethodService.doStartInput(InputMethodService.java:3540)
11-13 19:46:48.968  3877  3877 W w       : 	at android.inputmethodservice.InputMethodService$InputMethodImpl.startInput(InputMethodService.java:884)
11-13 19:46:48.968  3877  3877 W w       : 	at android.inputmethodservice.InputMethodService$InputMethodImpl.dispatchStartInput(InputMethodService.java:913)
11-13 19:46:48.968  3877  3877 W w       : 	at android.inputmethodservice.IInputMethodWrapper.executeMessage(IInputMethodWrapper.java:201)
11-13 19:46:48.968  3877  3877 W w       : 	at com.android.internal.os.HandlerCaller$MyHandler.handleMessage(HandlerCaller.java:44)
11-13 19:46:48.968  3877  3877 W w       : 	at android.os.Handler.dispatchMessage(Handler.java:110)
11-13 19:46:48.968  3877  3877 W w       : 	at android.os.Looper.loopOnce(Looper.java:248)
11-13 19:46:48.968  3877  3877 W w       : 	at android.os.Looper.loop(Looper.java:338)
11-13 19:46:48.968  3877  3877 W w       : 	at android.app.ActivityThread.main(ActivityThread.java:9145)
11-13 19:46:48.968  3877  3877 W w       : 	at java.lang.reflect.Method.invoke(Native Method)
11-13 19:46:48.968  3877  3877 W w       : 	at com.android.internal.os.RuntimeInit$MethodAndArgsCaller.run(RuntimeInit.java:596)
11-13 19:46:48.968  3877  3877 W w       : 	at com.android.internal.os.ZygoteInit.main(ZygoteInit.java:940)
11-13 19:46:48.969  1803  2935 I ImeTracker: system_server:6d7144ee: onRequestHide at ORIGIN_SERVER reason IME_REQUESTED_CHANGED_LISTENER fromUser false
11-13 19:46:48.969  1803  1839 I ImeTracker: system_server:6d7144ee: onCancelled at PHASE_SERVER_SHOULD_HIDE
11-13 19:46:48.969  2944  2944 D CannedAnimCoordinator: Wrong controller access from H2.w@a8ed4a7, actual provider null
11-13 19:46:48.971   669   669 I hwservicemanager: getTransport: Cannot find entry vendor.qti.hardware.servicetracker@1.0::IServicetracker/default in either framework or device VINTF manifest.
11-13 19:46:48.972  2944  2944 D RecentsView: destroy
11-13 19:46:48.972  2944  2944 D TaskbarManager: onActivityDestroyed: displayId=0 isDefaultDisplay=true
11-13 19:46:48.972  2944  2944 D TaskbarManager: onActivityDestroyed: unregistering callbacks displayId=0 isDefaultDisplay=true
11-13 19:46:48.972  2944  2944 D TaskbarManager: onActivityDestroyed: setting taskbarUIController displayId=0 isDefaultDisplay=true
11-13 19:46:48.975  2944  2944 D TaskFragmentComponent: destroy task fragment
11-13 19:46:48.975  2944  2944 D TaskFragmentComponent: java.lang.Exception
11-13 19:46:48.975  2944  2944 D TaskFragmentComponent: 	at com.google.android.apps.nexuslauncher.overlay.TaskFragmentOverlayManager.onActivityDestroyed(go/retraceme 72a59688580715d19f0e415c69e80376c2f062d1648c80db6730905005a27c20:60)
11-13 19:46:48.975  2944  2944 D TaskFragmentComponent: 	at com.android.launcher3.Launcher.onDestroy(go/retraceme 72a59688580715d19f0e415c69e80376c2f062d1648c80db6730905005a27c20:107)
11-13 19:46:48.975  2944  2944 D TaskFragmentComponent: 	at com.android.launcher3.uioverrides.QuickstepLauncher.onDestroy(go/retraceme 72a59688580715d19f0e415c69e80376c2f062d1648c80db6730905005a27c20:77)
11-13 19:46:48.975  2944  2944 D TaskFragmentComponent: 	at com.google.android.apps.nexuslauncher.NexusLauncherActivity.onDestroy(go/retraceme 72a59688580715d19f0e415c69e80376c2f062d1648c80db6730905005a27c20:35)
11-13 19:46:48.975  2944  2944 D TaskFragmentComponent: 	at android.app.Activity.performDestroy(Activity.java:9460)
11-13 19:46:48.975  2944  2944 D TaskFragmentComponent: 	at android.app.Instrumentation.callActivityOnDestroy(Instrumentation.java:1580)
11-13 19:46:48.975  2944  2944 D TaskFragmentComponent: 	at android.app.ActivityThread.performDestroyActivity(ActivityThread.java:6267)
11-13 19:46:48.975  2944  2944 D TaskFragmentComponent: 	at android.app.ActivityThread.handleDestroyActivity(ActivityThread.java:6312)
11-13 19:46:48.975  2944  2944 D TaskFragmentComponent: 	at android.app.ActivityThread.handleRelaunchActivityInner(ActivityThread.java:6597)
11-13 19:46:48.975  2944  2944 D TaskFragmentComponent: 	at android.app.ActivityThread.handleRelaunchActivity(ActivityThread.java:6512)
11-13 19:46:48.975  2944  2944 D TaskFragmentComponent: 	at android.app.servertransaction.ActivityRelaunchItem.execute(ActivityRelaunchItem.java:106)
11-13 19:46:48.975  2944  2944 D TaskFragmentComponent: 	at android.app.servertransaction.ActivityTransactionItem.execute(ActivityTransactionItem.java:63)
11-13 19:46:48.975  2944  2944 D TaskFragmentComponent: 	at android.app.servertransaction.TransactionExecutor.executeNonLifecycleItem(TransactionExecutor.java:133)
11-13 19:46:48.975  2944  2944 D TaskFragmentComponent: 	at android.app.servertransaction.TransactionExecutor.executeTransactionItems(TransactionExecutor.java:103)
11-13 19:46:48.975  2944  2944 D TaskFragmentComponent: 	at android.app.servertransaction.TransactionExecutor.execute(TransactionExecutor.java:80)
11-13 19:46:48.975  2944  2944 D TaskFragmentComponent: 	at android.app.ClientTransactionHandler.executeTransaction(ClientTransactionHandler.java:69)
11-13 19:46:48.975  2944  2944 D TaskFragmentComponent: 	at android.app.ActivityThread.handleRelaunchActivityLocally(ActivityThread.java:6578)
11-13 19:46:48.975  2944  2944 D TaskFragmentComponent: 	at android.app.ActivityThread$H.handleMessage(ActivityThread.java:2839)
11-13 19:46:48.975  2944  2944 D TaskFragmentComponent: 	at android.os.Handler.dispatchMessage(Handler.java:110)
11-13 19:46:48.975  2944  2944 D TaskFragmentComponent: 	at android.os.Looper.loopOnce(Looper.java:248)
11-13 19:46:48.975  2944  2944 D TaskFragmentComponent: 	at android.os.Looper.loop(Looper.java:338)
11-13 19:46:48.975  2944  2944 D TaskFragmentComponent: 	at android.app.ActivityThread.main(ActivityThread.java:9145)
11-13 19:46:48.975  2944  2944 D TaskFragmentComponent: 	at java.lang.reflect.Method.invoke(Native Method)
11-13 19:46:48.975  2944  2944 D TaskFragmentComponent: 	at com.android.internal.os.RuntimeInit$MethodAndArgsCaller.run(RuntimeInit.java:596)
11-13 19:46:48.975  2944  2944 D TaskFragmentComponent: 	at com.android.internal.os.ZygoteInit.main(ZygoteInit.java:940)
11-13 19:46:48.976  1803  2935 E BoostFramework: BoostFramework() : Exception_1 = java.lang.ClassNotFoundException: com.qualcomm.qti.Performance
11-13 19:46:48.976  1803  2935 E BoostFramework: BoostFramework() Ux Perf: Exception = java.lang.ClassNotFoundException: com.qualcomm.qti.UxPerformance
11-13 19:46:48.977  1803  2726 E BoostFramework: BoostFramework() : Exception_1 = java.lang.ClassNotFoundException: com.qualcomm.qti.Performance
11-13 19:46:48.977  1803  2726 E BoostFramework: BoostFramework() Ux Perf: Exception = java.lang.ClassNotFoundException: com.qualcomm.qti.UxPerformance
11-13 19:46:48.977  1803  2726 D ActivityTaskManager: Remove task fragment: deleteTaskFragment
11-13 19:46:48.979  2944 10531 D GmsPlayProvider: Forcefully shut down the binder channel
11-13 19:46:48.979  1803  2935 D SearchUiPerUserService: Removing callback for session Id=com.google.android.apps.nexuslauncher:0b5aef45-9c0e-4815-897e-0459d08d4fd5,0 and callback=android.os.BinderProxy@8f435da
11-13 19:46:48.980  2944  2944 D RecentsView: reset - mEnableDrawingLiveTile: false, mRecentsAnimationController: null
11-13 19:46:48.980  2658  2689 V WindowManagerShell: Transition requested (#20): android.os.BinderProxy@5d9c340 TransitionRequestInfo { type = CLOSE, triggerTask = null, pipChange = null, remoteTransition = RemoteTransition { remoteTransition = android.window.IRemoteTransition$Stub$Proxy@ab5d279, appThread = null, debugName = TaskFragmentComponent }, displayChange = null, flags = 0, debugId = 20 }
11-13 19:46:48.980  1803  4098 D SearchUiPerUserService: Removing all callbacks for session Id=com.google.android.apps.nexuslauncher:0b5aef45-9c0e-4815-897e-0459d08d4fd5,0 and 0 callbacks.
11-13 19:46:48.980  2658  2689 V WindowManagerShell: RemoteTransition directly requested for (#20) android.os.BinderProxy@5d9c340: RemoteTransition { remoteTransition = android.window.IRemoteTransition$Stub$Proxy@ab5d279, appThread = null, debugName = TaskFragmentComponent }
11-13 19:46:48.980  2658  2689 V WindowManagerShell: Transition (#20): request handled by RemoteTransitionHandler
11-13 19:46:48.981  2944  2944 D UnlockComponentFactory: instantiateActivity() com.google.android.apps.nexuslauncher.NexusLauncherActivity isUserLocked: false
11-13 19:46:48.982  2944  2944 W WindowOnBackDispatcher: sendCancelIfRunning: isInProgress=false callback=com.android.launcher3.uioverrides.QuickstepLauncher$3@12d95d4
11-13 19:46:49.028  1102 21114 E libprotobuf-native: [libprotobuf ERROR external/protobuf/src/google/protobuf/message_lite.cc:123] Can't parse message of type "sns_flicker_event" because it is missing required fields: (cannot determine missing fields for lite message)
11-13 19:46:49.035  2944  2944 E RecyclerView: Cannot scroll to position a LayoutManager set. Call setLayoutManager with a non-null argument.
11-13 19:46:49.035  2944  2944 D ActivityAllAppsContainerView: rebindAdapters: force: true
11-13 19:46:49.035  2944  2944 D ActivityAllAppsContainerView: replaceAppsRVContainer: showTabs: false
11-13 19:46:49.036  2944  2944 D AlphabeticalAppsList: Clearing FastScrollerSections.
11-13 19:46:49.036  2944  2944 D AlphabeticalAppsList: Adding apps with sections. HasPrivateApps: true
11-13 19:46:49.036  2944  2944 E RecyclerView: Cannot scroll to position a LayoutManager set. Call setLayoutManager with a non-null argument.
11-13 19:46:49.036  2944  2944 D DeviceSearchAlg: search timeout = %d200
11-13 19:46:49.038  2944  2944 W PageIndicator: Total number of pages invalid: 0. Assuming 1 page.
11-13 19:46:49.038  2944  2944 W BcSmartspaceView: Current card is not present in the Adapter; cannot log.
11-13 19:46:49.038  2944  2944 D CellLayout: Adding view to ShortcutsAndWidgetsContainer: com.google.android.apps.nexuslauncher.qsb.SmartspaceViewContainer{bcb8bd0 V.E...... ......I. 0,0-0,0 #7f0a032d app:id/search_container_workspace}
11-13 19:46:49.038  2944  2944 D OverviewActionsView: updateActionButtonsVisibility() called: showSingleTaskActions = [true], showGroupActions = [false]
11-13 19:46:49.043   669   669 I hwservicemanager: getTransport: Cannot find entry vendor.qti.hardware.servicetracker@1.0::IServicetracker/default in either framework or device VINTF manifest.
11-13 19:46:49.048  2944  2944 D KeyboardInsetsHandler: setState, toState:Normal StateManager(mLastStableState:Normal, mCurrentStableState:Normal, mState:Normal, mRestState:null, isInTransition:false)
11-13 19:46:49.049  2944  2944 D CellLayout: Adding view to ShortcutsAndWidgetsContainer: com.google.android.apps.nexuslauncher.qsb.SmartspaceViewContainer{bcb8bd0 V.E...... ......I. 0,0-0,0 #7f0a032d app:id/search_container_workspace}
11-13 19:46:49.049  2944  2944 D ModelCallbacks: startBinding: hotseat layout was vertical: false and is setting to false
11-13 19:46:49.056  2944  2944 D Launcher.Workspace: addInScreenFromBind: hotseat inflation with x = 0 and y = 0
11-13 19:46:49.056  2944  2944 D CellLayout: Adding view to ShortcutsAndWidgetsContainer: com.android.launcher3.views.DoubleShadowBubbleTextView{50e7dc7 VFED..C.. ......ID 0,0-0,0 #1}
11-13 19:46:49.056  2944  2944 D Launcher.Workspace: addInScreenFromBind: hotseat inflation with x = 1 and y = 0
11-13 19:46:49.056  2944  2944 D CellLayout: Adding view to ShortcutsAndWidgetsContainer: com.android.launcher3.views.DoubleShadowBubbleTextView{685ff4 VFED..C.. ......ID 0,0-0,0 #2}
11-13 19:46:49.056  2944  2944 D Launcher.Workspace: addInScreenFromBind: hotseat inflation with x = 2 and y = 0
11-13 19:46:49.056  2944  2944 D CellLayout: Adding view to ShortcutsAndWidgetsContainer: com.android.launcher3.views.DoubleShadowBubbleTextView{465631d VFED..C.. ......ID 0,0-0,0 #8}
11-13 19:46:49.056  2944  2944 D CellLayout: Adding view to ShortcutsAndWidgetsContainer: com.android.launcher3.views.DoubleShadowBubbleTextView{8cc3992 VFED..C.. ......ID 0,0-0,0 #9}
11-13 19:46:49.056  2944  2944 D CellLayout: Adding view to ShortcutsAndWidgetsContainer: com.android.launcher3.views.DoubleShadowBubbleTextView{16b2f63 VFED..C.. ......ID 0,0-0,0 #a}
11-13 19:46:49.056  2944  2944 D CellLayout: Adding view to ShortcutsAndWidgetsContainer: com.android.launcher3.views.DoubleShadowBubbleTextView{ca58760 VFED..C.. ......ID 0,0-0,0 #b}
11-13 19:46:49.056  2944  2944 D CellLayout: Adding view to ShortcutsAndWidgetsContainer: com.android.launcher3.views.DoubleShadowBubbleTextView{5fa1419 VFED..C.. ......ID 0,0-0,0 #10}
11-13 19:46:49.057  2944  2944 D SearchTargetUtil: queryLength=0 size=45
11-13 19:46:49.057  2944  2944 D SearchTargetUtil: layoutType=short_icon_row resultType=131072 packageName=com.google.android.googlequicksearchbox
11-13 19:46:49.057  2944  2944 D SearchTargetUtil: layoutType=short_icon_row resultType=131072 packageName=com.google.android.googlequicksearchbox
11-13 19:46:49.057  2944  2944 D SearchTargetUtil: layoutType=short_icon_row resultType=131072 packageName=com.google.android.googlequicksearchbox
11-13 19:46:49.057  2944  2944 D SearchTargetUtil: layoutType=short_icon_row resultType=131072 packageName=com.google.android.googlequicksearchbox
11-13 19:46:49.057  2944  2944 D SearchTargetUtil: layoutType=short_icon_row resultType=131072 packageName=com.google.android.googlequicksearchbox
11-13 19:46:49.057  2944  2944 D SearchTargetUtil: layoutType=short_icon_row resultType=131072 packageName=com.google.android.googlequicksearchbox
11-13 19:46:49.057  2944  2944 D SearchTargetUtil: layoutType=short_icon_row resultType=131072 packageName=com.google.android.googlequicksearchbox
11-13 19:46:49.057  2944  2944 D SearchTargetUtil: layoutType=short_icon_row resultType=131072 packageName=com.google.android.googlequicksearchbox
11-13 19:46:49.057  2944  2944 D SearchTargetUtil: layoutType=short_icon_row resultType=131072 packageName=com.google.android.googlequicksearchbox
11-13 19:46:49.057  2944  2944 D SearchTargetUtil: layoutType=short_icon_row resultType=131072 packageName=com.google.android.googlequicksearchbox
11-13 19:46:49.057  2944  2944 D SearchTargetUtil: layoutType=short_icon_row resultType=131072 packageName=com.google.android.googlequicksearchbox
11-13 19:46:49.057  2944  2944 D SearchTargetUtil: layoutType=short_icon_row resultType=131072 packageName=com.google.android.googlequicksearchbox
11-13 19:46:49.057  2944  2944 D SearchTargetUtil: layoutType=short_icon_row resultType=131072 packageName=com.google.android.googlequicksearchbox
11-13 19:46:49.057  2944  2944 D SearchTargetUtil: layoutType=short_icon_row resultType=131072 packageName=com.google.android.googlequicksearchbox
11-13 19:46:49.057  2944  2944 D SearchTargetUtil: layoutType=short_icon_row resultType=131072 packageName=com.google.android.googlequicksearchbox
11-13 19:46:49.057  2944  2944 D SearchTargetUtil: layoutType=short_icon_row resultType=131072 packageName=com.google.android.googlequicksearchbox
11-13 19:46:49.057  2944  2944 D SearchTargetUtil: layoutType=short_icon_row resultType=131072 packageName=com.google.android.googlequicksearchbox
11-13 19:46:49.057  2944  2944 D SearchTargetUtil: layoutType=short_icon_row resultType=131072 packageName=com.google.android.googlequicksearchbox
11-13 19:46:49.057  2944  2944 D SearchTargetUtil: layoutType=short_icon_row resultType=131072 packageName=com.google.android.googlequicksearchbox
11-13 19:46:49.057  2944  2944 D SearchTargetUtil: layoutType=short_icon_row resultType=131072 packageName=com.google.android.googlequicksearchbox
11-13 19:46:49.057  2944  2944 D SearchTargetUtil: layoutType=short_icon_row resultType=131072 packageName=com.google.android.googlequicksearchbox
11-13 19:46:49.057  2944  2944 D SearchTargetUtil: layoutType=short_icon_row resultType=131072 packageName=com.google.android.googlequicksearchbox
11-13 19:46:49.057  2944  2944 D SearchTargetUtil: layoutType=short_icon_row resultType=131072 packageName=com.google.android.googlequicksearchbox
11-13 19:46:49.057  2944  2944 D SearchTargetUtil: layoutType=short_icon_row resultType=131072 packageName=com.google.android.googlequicksearchbox
