11-06 22:29:02.717 W/HapticCompat(13506): 	at com.android.camera.ui.ModeSelectView.q(Unknown Source:25)
11-06 22:29:02.717 W/HapticCompat(13506): 	at com.android.camera.ui.ModeSelectView.r(Unknown Source:0)
11-06 22:29:02.717 W/HapticCompat(13506): 	at d.c.a.r7.j0.a(Unknown Source:4)
11-06 22:29:02.717 W/HapticCompat(13506): 	at com.android.camera.ui.ModeSelectView.v(Unknown Source:76)
11-06 22:29:02.717 W/HapticCompat(13506): 	at com.android.camera.ui.ModeSelectView.w(Unknown Source:5)
11-06 22:29:02.717 W/HapticCompat(13506): 	at com.android.camera.ui.ModeSelectView.onScrolled(Unknown Source:75)
11-06 22:29:02.717 W/HapticCompat(13506): 	at androidx.recyclerview.widget.RecyclerView.dispatchOnScrolled(Unknown Source:21)
11-06 22:29:02.717 W/HapticCompat(13506): 	at androidx.recyclerview.widget.RecyclerView.dispatchLayoutStep3(Unknown Source:221)
11-06 22:29:02.717 W/HapticCompat(13506): 	at androidx.recyclerview.widget.RecyclerView.dispatchLayout(Unknown Source:124)
11-06 22:29:02.717 W/HapticCompat(13506): 	at androidx.recyclerview.widget.RecyclerView.onLayout(Unknown Source:5)
11-06 22:29:02.717 W/HapticCompat(13506): 	at android.view.View.layout(View.java:25639)
11-06 22:29:02.717 W/HapticCompat(13506): 	at android.view.ViewGroup.layout(ViewGroup.java:6462)
11-06 22:29:02.717 W/HapticCompat(13506): 	at android.widget.FrameLayout.layoutChildren(FrameLayout.java:332)
11-06 22:29:02.717 W/HapticCompat(13506): 	at android.widget.FrameLayout.onLayout(FrameLayout.java:270)
11-06 22:29:02.717 W/HapticCompat(13506): 	at android.view.View.layout(View.java:25639)
11-06 22:29:02.717 W/HapticCompat(13506): 	at android.view.ViewGroup.layout(ViewGroup.java:6462)
11-06 22:29:02.717 W/HapticCompat(13506): 	at android.widget.FrameLayout.layoutChildren(FrameLayout.java:332)
11-06 22:29:02.717 W/HapticCompat(13506): 	at android.widget.FrameLayout.onLayout(FrameLayout.java:270)
11-06 22:29:02.717 W/HapticCompat(13506): 	at android.view.View.layout(View.java:25639)
11-06 22:29:02.717 W/HapticCompat(13506): 	at android.view.ViewGroup.layout(ViewGroup.java:6462)
11-06 22:29:02.717 W/HapticCompat(13506): 	at android.widget.FrameLayout.layoutChildren(FrameLayout.java:332)
11-06 22:29:02.717 W/HapticCompat(13506): 	at android.widget.FrameLayout.onLayout(FrameLayout.java:270)
11-06 22:29:02.717 W/HapticCompat(13506): 	at android.view.View.layout(View.java:25639)
11-06 22:29:02.717 W/HapticCompat(13506): 	at android.view.ViewGroup.layout(ViewGroup.java:6462)
11-06 22:29:02.717 W/HapticCompat(13506): 	at android.widget.FrameLayout.layoutChildren(FrameLayout.java:332)
11-06 22:29:02.717 W/HapticCompat(13506): 	at android.widget.FrameLayout.onLayout(FrameLayout.java:270)
11-06 22:29:02.717 W/HapticCompat(13506): 	at com.android.camera.ui.DragLayout.onLayout(Unknown Source:0)
11-06 22:29:02.717 W/HapticCompat(13506): 	at android.view.View.layout(View.java:25639)
11-06 22:29:02.717 W/HapticCompat(13506): 	at android.view.ViewGroup.layout(ViewGroup.java:6462)
11-06 22:29:02.717 W/HapticCompat(13506): 	at android.widget.FrameLayout.layoutChildren(FrameLayout.java:332)
11-06 22:29:02.717 W/HapticCompat(13506): 	at android.widget.FrameLayout.onLayout(FrameLayout.java:270)
11-06 22:29:02.717 W/HapticCompat(13506): 	at android.view.View.layout(View.java:25639)
11-06 22:29:02.717 W/HapticCompat(13506): 	at android.view.ViewGroup.layout(ViewGroup.java:6462)
11-06 22:29:02.717 W/HapticCompat(13506): 	at android.widget.FrameLayout.layoutChildren(FrameLayout.java:332)
11-06 22:29:02.717 W/HapticCompat(13506): 	at android.widget.FrameLayout.onLayout(FrameLayout.java:270)
11-06 22:29:02.717 W/HapticCompat(13506): 	at com.android.camera.ui.CameraRootView.onLayout(Unknown Source:5)
11-06 22:29:02.717 W/HapticCompat(13506): 	at android.view.View.layout(View.java:25639)
11-06 22:29:02.717 W/HapticCompat(13506): 	at android.view.ViewGroup.layout(ViewGroup.java:6462)
11-06 22:29:02.717 W/HapticCompat(13506): 	at android.widget.FrameLayout.layoutChildren(FrameLayout.java:332)
11-06 22:29:02.717 W/HapticCompat(13506): 	at android.widget.FrameLayout.onLayout(FrameLayout.java:270)
11-06 22:29:02.717 W/HapticCompat(13506): 	at android.view.View.layout(View.java:25639)
11-06 22:29:02.717 W/HapticCompat(13506): 	at android.view.ViewGroup.layout(ViewGroup.java:6462)
11-06 22:29:02.717 W/HapticCompat(13506): 	at android.widget.FrameLayout.layoutChildren(FrameLayout.java:332)
11-06 22:29:02.717 W/HapticCompat(13506): 	at android.widget.FrameLayout.onLayout(FrameLayout.java:270)
11-06 22:29:02.717 W/HapticCompat(13506): 	at miuix.appcompat.internal.app.widget.ActionBarOverlayLayout.onLayout(Unknown Source:0)
11-06 22:29:02.717 W/HapticCompat(13506): 	at android.view.View.layout(View.java:25639)
11-06 22:29:02.717 W/HapticCompat(13506): 	at android.view.ViewGroup.layout(ViewGroup.java:6462)
11-06 22:29:02.717 W/HapticCompat(13506): 	at android.widget.FrameLayout.layoutChildren(FrameLayout.java:332)
11-06 22:29:02.717 W/HapticCompat(13506): 	at android.widget.FrameLayout.onLayout(FrameLayout.java:270)
11-06 22:29:02.717 W/HapticCompat(13506): 	at android.view.View.layout(View.java:25639)
11-06 22:29:02.717 W/HapticCompat(13506): 	at android.view.ViewGroup.layout(ViewGroup.java:6462)
11-06 22:29:02.717 W/HapticCompat(13506): 	at android.widget.LinearLayout.setChildFrame(LinearLayout.java:1891)
11-06 22:29:02.717 W/HapticCompat(13506): 	at android.widget.LinearLayout.layoutVertical(LinearLayout.java:1729)
11-06 22:29:02.717 W/HapticCompat(13506): 	at android.widget.LinearLayout.onLayout(LinearLayout.java:1638)
11-06 22:29:02.717 W/HapticCompat(13506): 	at android.view.View.layout(View.java:25639)
11-06 22:29:02.717 W/HapticCompat(13506): 	at android.view.ViewGroup.layout(ViewGroup.java:6462)
11-06 22:29:02.717 W/HapticCompat(13506): 	at android.widget.FrameLayout.layoutChildren(FrameLayout.java:332)
11-06 22:29:02.717 W/HapticCompat(13506): 	at android.widget.FrameLayout.onLayout(FrameLayout.java:270)
11-06 22:29:02.717 W/HapticCompat(13506): 	at com.android.internal.policy.DecorView.onLayout(DecorView.java:775)
11-06 22:29:02.717 W/HapticCompat(13506): 	at android.view.View.layout(View.java:25639)
11-06 22:29:02.717 W/HapticCompat(13506): 	at android.view.ViewGroup.layout(ViewGroup.java:6462)
11-06 22:29:02.717 W/HapticCompat(13506): 	at android.view.ViewRootImpl.performLayout(ViewRootImpl.java:5124)
11-06 22:29:02.717 W/HapticCompat(13506): 	at android.view.ViewRootImpl.performTraversals(ViewRootImpl.java:4268)
11-06 22:29:02.717 W/HapticCompat(13506): 	at android.view.ViewRootImpl.doTraversal(ViewRootImpl.java:3124)
11-06 22:29:02.717 W/HapticCompat(13506): 	at android.view.ViewRootImpl$TraversalRunnable.run(ViewRootImpl.java:10715)
11-06 22:29:02.717 W/HapticCompat(13506): 	at android.view.Choreographer$CallbackRecord.run(Choreographer.java:1594)
11-06 22:29:02.717 W/HapticCompat(13506): 	at android.view.Choreographer$CallbackRecord.run(Choreographer.java:1603)
11-06 22:29:02.717 W/HapticCompat(13506): 	at android.view.Choreographer.doCallbacks(Choreographer.java:1202)
11-06 22:29:02.717 W/HapticCompat(13506): 	at android.view.Choreographer.doFrame(Choreographer.java:1128)
11-06 22:29:02.717 W/HapticCompat(13506): 	at android.view.Choreographer$FrameDisplayEventReceiver.run(Choreographer.java:1577)
11-06 22:29:02.717 W/HapticCompat(13506): 	at android.os.Handler.handleCallback(Handler.java:995)
11-06 22:29:02.717 W/HapticCompat(13506): 	at android.os.Handler.dispatchMessage(Handler.java:103)
11-06 22:29:02.717 W/HapticCompat(13506): 	at android.os.Looper.loopOnce(Looper.java:248)
11-06 22:29:02.717 W/HapticCompat(13506): 	at android.os.Looper.loop(Looper.java:338)
11-06 22:29:02.717 W/HapticCompat(13506): 	at android.app.ActivityThread.main(ActivityThread.java:9145)
11-06 22:29:02.717 W/HapticCompat(13506): 	at java.lang.reflect.Method.invoke(Native Method)
11-06 22:29:02.717 W/HapticCompat(13506): 	at com.android.internal.os.RuntimeInit$MethodAndArgsCaller.run(RuntimeInit.java:596)
11-06 22:29:02.717 W/HapticCompat(13506): 	at com.android.internal.os.ZygoteInit.main(ZygoteInit.java:940)
11-06 22:29:02.717 W/HapticCompat(13506): Caused by: java.lang.ClassNotFoundException: miui.util.HapticFeedbackUtil
11-06 22:29:02.717 W/HapticCompat(13506): 	... 86 more
11-06 22:29:02.717 I/HapticCompat(13506): Rom haptic version: 1.0
11-06 22:29:02.717 W/HapticFeedbackCompat(13506): MiuiHapticFeedbackConstants not found or not compatible for LinearVibrator.
11-06 22:29:02.717 D/CAM_VibratorContext(13506): performModeSwitch: 
11-06 22:29:02.719 W/View    (13506): requestLayout() improperly called by com.android.camera.ui.AdaptiveMarqueeTextView{14f950b V.ED..... ..SP..ID 0,0-104,136 #7f0b047d app:id/mode_select_item} during layout: running second layout pass
11-06 22:29:02.719 D/CAM_DragLayout(13506): setDragEnable mDragMode : false, mPromptMode : false,mBar : null,withAnim : false
11-06 22:29:02.721 D/CAM_Camera2ModuleHandler(13506): onMessage MSG_ABANDON_HANDLER setActivity null
11-06 22:29:02.721 D/CAM_BaseModule(13506): setActivity, activity: null, d.c.a.q6.r7.ok(Unknown Source:23), d.c.a.q6.q8.g1.handleMessage(Unknown Source:28), android.os.Handler.dispatchMessage(Handler.java:110), 
11-06 22:29:02.725 D/CAM_AbstractFragment(13506): baseUpdateView FragmentVideoPrompter, true
11-06 22:29:02.725 D/CAM_AbstractFragment(13506): baseUpdateView FragmentAutoZoom, true
11-06 22:29:02.726 D/CAM_AbstractFragment(13506): baseUpdateView FragmentSubtitle, true
11-06 22:29:02.726 D/CAM_FragmentVideoPrompter(13506): onResume: 
11-06 22:29:02.727 V/CAM_c0  (13506): skip request caz invalid already removed.
11-06 22:29:02.727 I/CAM_SettingUiState(13506): FucName videoTag  mode: 162 isFront:false
11-06 22:29:02.727 D/CAM_TipLocationManager(13506): getCurrentLimitRect: add tip, type = VIDEO_TAG, orientation = 0, location =72
11-06 22:29:02.727 D/CAM_TipLocationManager(13506): getCurrentLimitRect: mCurrentLimitRect = Rect(40, 286 - 1040, 1376)
11-06 22:29:02.729 V/CAM_a0  (13506): loadDynamic opts src: [DynamicFragmentOperation{mTimeoutReset=false, mDepend=d.c.a.h6.h5.i0@91aebc1} BaseOperation{type=SHOW_CONTAINER, contType=DUAL_CAMERA, info= 0x0, subInfo= 0xF0'}, DynamicFragmentOperation{mTimeoutReset=false, mDepend=d.c.a.h6.h5.i0@91aebc1} BaseOperation{type=SHOW_CONTAINER, contType=BOTTOM_BAR, info= 0x0, subInfo= 0xF0'}, DynamicFragmentOperation{mTimeoutReset=false, mDepend=d.c.a.h6.h5.i0@91aebc1} BaseOperation{type=SHOW_CONTAINER, contType=MODE_SELECTOR, info= 0x0, subInfo= 0xF0'}, DynamicFragmentOperation{mTimeoutReset=false, mDepend=d.c.a.h6.h5.i0@91aebc1} BaseOperation{type=SHOW_CONTAINER, contType=POPUP_TIPS, info= 0x0, subInfo= 0xF0'}, DynamicFragmentOperation{mTimeoutReset=false, mDepend=d.c.a.h6.h5.i0@91aebc1} BaseOperation{type=SHOW_CONTAINER, contType=BEAUTY_PANEL, info= 0x0, subInfo= 0xF0'}], dst : [DynamicFragmentOperation{mTimeoutReset=false, mDepend=d.c.a.h6.h5.i0@91aebc1} BaseOperation{type=SHOW_CONTAINER, contType=DUAL_CAMERA, info= 0x0, subInfo= 0xF0'}, DynamicFragmentOperation{mTimeoutReset=false, mDepend=d.c.a.h6.h5.i0@91aebc1} BaseOperation{type=SHOW_CONTAINER, contType=BOTTOM_BAR, info= 0x0, subInfo= 0xF0'}, DynamicFragmentOperation{mTimeoutReset=false, mDepend=d.c.a.h6.h5.i0@91aebc1} BaseOperation{type=SHOW_CONTAINER, contType=MODE_SELECTOR, info= 0x0, subInfo= 0xF0'}, DynamicFragmentOperation{mTimeoutReset=false, mDepend=d.c.a.h6.h5.i0@91aebc1} BaseOperation{type=SHOW_CONTAINER, contType=POPUP_TIPS, info= 0x0, subInfo= 0xF0'}, DynamicFragmentOperation{mTimeoutReset=false, mDepend=d.c.a.h6.h5.i0@91aebc1} BaseOperation{type=SHOW_CONTAINER, contType=BEAUTY_PANEL, info= 0x0, subInfo= 0xF0'}]
11-06 22:29:02.729 V/CAM_Delegate@166674310(13506): currentFragments {BOTTOM_BAR ,VState :0 , fragInfo: [0xF1], MODE_SELECTOR ,VState :0 , fragInfo: [0xF2], TOP_BAR ,VState :0 , fragInfo: [0xF4], DUAL_CAMERA ,VState :0 , fragInfo: [0xFF4], MAIN_CONTENT ,VState :0 , fragInfo: [0xF3, 0xEC], POPUP_TIPS ,VState :0 , fragInfo: [0xF0, 0xFFF9], BEAUTY_PANEL ,VState :0 , fragInfo: [0xF0], POST_VIEW ,VState :0 , fragInfo: [0xF0], GALLERY , fragInfo: [0xF0], PREVIEW_ROOT ,VState :0 , fragInfo: [0xF0, 0xFFFFFF2], EXTRA_TOP_BAR , fragInfo: [0xF0], MENU_ROOT ,VState :0 , fragInfo: [0xF0], LOWER_LAYER ,VState :0 , fragInfo: [0xF0], MID_LAYER ,VState :0 , fragInfo: [0xF0, 0xFF1], HIGHER_LAYER ,VState :0 , fragInfo: [0xF0, 0xFFFE]}
11-06 22:29:02.736 E/CamX    ( 1094): [ERROR][STATS_AEC] camxcaecstatsprocessor.cpp:6641 DoFlickerFFTProcess() DoFlickerFFTProcess exit
11-06 22:29:02.737 E/CHIUSECASE( 1094): ~MiNodeBase: [Eeee] CurrentNodeType=1000
11-06 22:29:02.800 I/CVP     ( 1094): File: vendor/qcom/proprietary/cv-noship/cvp/2.0/src/cpu/cvpPvtUtils.cpp Line: 138 Function: cvpSetPower() Msg: Update power to KMD
11-06 22:29:02.800 I/CVP     ( 1094): File: vendor/qcom/proprietary/cv-noship/cvp/2.0/src/cpu/cvpPower.cpp Line: 85 Function: cvpPrintPower() Msg: Actual      Clock: Fdu 0, Ica 0, Od 0, Mpu 0, Fw 0
11-06 22:29:02.800 I/CVP     ( 1094): File: vendor/qcom/proprietary/cv-noship/cvp/2.0/src/cpu/cvpPower.cpp Line: 89 Function: cvpPrintPower() Msg: Operational Clock: Fdu 0, Ica 0, Od 0, Mpu 0, Fw 0
11-06 22:29:02.800 I/CVP     ( 1094): File: vendor/qcom/proprietary/cv-noship/cvp/2.0/src/cpu/cvpPower.cpp Line: 91 Function: cvpPrintPower() Msg: Actual     Bw: Ddr 0, SysCache 0
11-06 22:29:02.800 I/CVP     ( 1094): File: vendor/qcom/proprietary/cv-noship/cvp/2.0/src/cpu/cvpPower.cpp Line: 93 Function: cvpPrintPower() Msg: Opeational Bw: Ddr 0, SysCache 0
11-06 22:29:02.800 I/CVP     ( 1094): File: vendor/qcom/proprietary/cv-noship/cvp/2.0/src/cpu/cvpPower.cpp Line: 1636 Function: cvpDeaggreatePower() Msg: After deaggregation
11-06 22:29:02.800 I/CVP     ( 1094): File: vendor/qcom/proprietary/cv-noship/cvp/2.0/src/cpu/cvpPower.cpp Line: 85 Function: cvpPrintPower() Msg: Actual      Clock: Fdu 0, Ica 0, Od 0, Mpu 0, Fw 0
11-06 22:29:02.800 I/CVP     ( 1094): File: vendor/qcom/proprietary/cv-noship/cvp/2.0/src/cpu/cvpPower.cpp Line: 89 Function: cvpPrintPower() Msg: Operational Clock: Fdu 0, Ica 0, Od 0, Mpu 0, Fw 0
11-06 22:29:02.800 I/CVP     ( 1094): File: vendor/qcom/proprietary/cv-noship/cvp/2.0/src/cpu/cvpPower.cpp Line: 91 Function: cvpPrintPower() Msg: Actual     Bw: Ddr 0, SysCache 0
11-06 22:29:02.800 I/CVP     ( 1094): File: vendor/qcom/proprietary/cv-noship/cvp/2.0/src/cpu/cvpPower.cpp Line: 93 Function: cvpPrintPower() Msg: Opeational Bw: Ddr 0, SysCache 0
11-06 22:29:02.801 V/SYNX-UMD( 1094): Synx Uninit!
11-06 22:29:02.801 V/SYNX-UMD( 1094): Flush of dispatch job called!
11-06 22:29:02.801 V/SYNX-UMD( 1094): Joining hPollThread = 518851795968
11-06 22:29:02.801 V/SYNX-UMD( 1094): Exiting!
11-06 22:29:02.801 V/SYNX-UMD( 1094): Thread killed
11-06 22:29:02.802 V/SYNX-UMD( 1094): Completed Synx FW tear down
11-06 22:29:02.810 I/CameraProviderManager( 1555): Camera device device@3.5/legacy/0 torch status is now AVAILABLE_OFF
11-06 22:29:02.810 I/CameraService( 1555): onTorchStatusChangedLocked: Torch status changed for cameraId=0, newStatus=1
11-06 22:29:02.811 D/FlashlightController( 2614): dispatchAvailabilityChanged(true)
11-06 22:29:02.811 I/CameraProviderManager( 1555): Camera device device@3.5/legacy/1 torch status is now AVAILABLE_OFF
11-06 22:29:02.811 I/CameraService( 1555): onTorchStatusChangedLocked: Torch status changed for cameraId=1, newStatus=1
11-06 22:29:02.811 E/CameraService( 1555): onTorchStatusChangedLocked: cannot get torch status of camera 1: No such file or directory (-2)
11-06 22:29:02.812 I/CameraProviderManager( 1555): Camera device device@3.5/legacy/2 torch status is now AVAILABLE_OFF
11-06 22:29:02.812 I/CameraService( 1555): onTorchStatusChangedLocked: Torch status changed for cameraId=2, newStatus=1
11-06 22:29:02.812 I/AiAiEcho( 3844): Settings changed for uri: content://settings/secure/flashlight_available
11-06 22:29:02.812 W/CameraManagerGlobal( 1820): ignore the torch status update of camera: 2
11-06 22:29:02.812 I/AiAiEcho( 3844): Predicting[7]: { Feature:1, creation:2025-11-07T01:00:00Z, expiry:2025-11-07T01:00:00Z, isExpired: true}, { Feature:1, creation:2025-11-06T23:00:00Z, expiry:2025-11-06T23:00:00Z, isExpired: true}, { Feature:1, creation:2025-11-07T00:00:00Z, expiry:2025-11-07T00:00:00Z, isExpired: true}, { Feature:1, creation:2025-11-06T21:00:00Z, expiry:2025-11-06T22:00:00Z, isExpired: false}, { Feature:61, creation:2025-11-06T19:30:31.710Z, expiry:2025-11-06T22:59:59.999Z, isExpired: false}, { Feature:1, creation:2025-11-06T22:00:00Z, expiry:2025-11-06T22:00:00Z, isExpired: true}, { Feature:1, creation:2025-11-06T20:00:00Z, expiry:2025-11-06T21:00:00Z, isExpired: true} [CONTEXT sampling_count=5 ]
11-06 22:29:02.812 W/CameraManagerGlobal( 3844): ignore the torch status update of camera: 2
11-06 22:29:02.812 W/CameraManagerGlobal( 4150): ignore the torch status update of camera: 2
11-06 22:29:02.812 W/CameraManagerGlobal( 6085): ignore the torch status update of camera: 2
11-06 22:29:02.813 W/CameraManagerGlobal( 2614): ignore the torch status update of camera: 2
11-06 22:29:02.813 I/CameraProviderManager( 1555): Camera device device@3.5/legacy/3 torch status is now AVAILABLE_OFF
11-06 22:29:02.813 I/CameraService( 1555): onTorchStatusChangedLocked: Torch status changed for cameraId=3, newStatus=1
11-06 22:29:02.813 W/CameraManagerGlobal( 8951): ignore the torch status update of camera: 2
11-06 22:29:02.813 W/CameraManagerGlobal( 1820): ignore the torch status update of camera: 3
11-06 22:29:02.813 W/CameraManagerGlobal( 4150): ignore the torch status update of camera: 3
11-06 22:29:02.813 W/CameraManagerGlobal( 8951): ignore the torch status update of camera: 3
11-06 22:29:02.813 W/CameraManagerGlobal( 3844): ignore the torch status update of camera: 3
11-06 22:29:02.813 W/CameraManagerGlobal( 2614): ignore the torch status update of camera: 3
11-06 22:29:02.813 W/CameraManagerGlobal( 6085): ignore the torch status update of camera: 3
11-06 22:29:02.813 I/CameraProviderManager( 1555): Camera device device@3.5/legacy/4 torch status is now AVAILABLE_OFF
11-06 22:29:02.813 I/CameraService( 1555): onTorchStatusChangedLocked: Torch status changed for cameraId=4, newStatus=1
11-06 22:29:02.814 W/CameraManagerGlobal( 1820): ignore the torch status update of camera: 4
11-06 22:29:02.814 W/CameraManagerGlobal( 3844): ignore the torch status update of camera: 4
11-06 22:29:02.814 W/CameraManagerGlobal( 6085): ignore the torch status update of camera: 4
11-06 22:29:02.814 W/CameraManagerGlobal( 8951): ignore the torch status update of camera: 4
11-06 22:29:02.814 W/CameraManagerGlobal( 2614): ignore the torch status update of camera: 4
11-06 22:29:02.814 W/CameraManagerGlobal(13233): ignore the torch status update of camera: 2
11-06 22:29:02.814 I/CameraProviderManager( 1555): Camera device device@3.5/legacy/5 torch status is now AVAILABLE_OFF
11-06 22:29:02.814 I/CameraService( 1555): onTorchStatusChangedLocked: Torch status changed for cameraId=5, newStatus=1
11-06 22:29:02.814 W/CameraManagerGlobal(13233): ignore the torch status update of camera: 3
11-06 22:29:02.814 W/CameraManagerGlobal( 2614): ignore the torch status update of camera: 5
11-06 22:29:02.814 W/CameraManagerGlobal( 1820): ignore the torch status update of camera: 5
11-06 22:29:02.814 W/CameraManagerGlobal( 3844): ignore the torch status update of camera: 5
11-06 22:29:02.814 W/CameraManagerGlobal( 6085): ignore the torch status update of camera: 5
11-06 22:29:02.814 I/CameraProviderManager( 1555): Camera device device@3.5/legacy/6 torch status is now AVAILABLE_OFF
11-06 22:29:02.814 I/CameraService( 1555): onTorchStatusChangedLocked: Torch status changed for cameraId=6, newStatus=1
11-06 22:29:02.814 W/CameraManagerGlobal( 2614): ignore the torch status update of camera: 6
11-06 22:29:02.814 W/CameraManagerGlobal( 3844): ignore the torch status update of camera: 6
11-06 22:29:02.814 W/CameraManagerGlobal( 6085): ignore the torch status update of camera: 6
11-06 22:29:02.815 I/CameraProviderManager( 1555): Camera device device@3.5/legacy/7 torch status is now AVAILABLE_OFF
11-06 22:29:02.815 I/CameraService( 1555): onTorchStatusChangedLocked: Torch status changed for cameraId=7, newStatus=1
11-06 22:29:02.815 W/CameraManagerGlobal( 2614): ignore the torch status update of camera: 7
11-06 22:29:02.815 W/CameraManagerGlobal( 4150): ignore the torch status update of camera: 4
11-06 22:29:02.815 W/CameraManagerGlobal( 3844): ignore the torch status update of camera: 7
11-06 22:29:02.815 W/CameraManagerGlobal(13233): ignore the torch status update of camera: 4
11-06 22:29:02.815 W/CameraManagerGlobal( 6085): ignore the torch status update of camera: 7
11-06 22:29:02.815 I/CameraProviderManager( 1555): Camera device device@3.5/legacy/8 torch status is now AVAILABLE_OFF
11-06 22:29:02.815 W/CameraManagerGlobal( 4150): ignore the torch status update of camera: 5
11-06 22:29:02.815 I/CameraService( 1555): onTorchStatusChangedLocked: Torch status changed for cameraId=8, newStatus=1
11-06 22:29:02.815 W/CameraManagerGlobal(13233): ignore the torch status update of camera: 5
11-06 22:29:02.815 E/CameraService( 1555): onTorchStatusChangedLocked: cannot get torch status of camera 8: No such file or directory (-2)
11-06 22:29:02.815 W/CameraManagerGlobal( 4150): ignore the torch status update of camera: 6
11-06 22:29:02.815 W/CameraManagerGlobal(13233): ignore the torch status update of camera: 6
11-06 22:29:02.815 W/CameraManagerGlobal(13233): ignore the torch status update of camera: 7
11-06 22:29:02.815 W/CameraManagerGlobal( 8951): ignore the torch status update of camera: 5
11-06 22:29:02.815 W/CameraManagerGlobal( 8951): ignore the torch status update of camera: 6
11-06 22:29:02.815 W/CameraManagerGlobal( 4150): ignore the torch status update of camera: 7
11-06 22:29:02.815 W/CameraManagerGlobal( 8951): ignore the torch status update of camera: 7
11-06 22:29:02.815 I/CameraProviderManager( 1555): Camera device device@3.5/legacy/9 torch status is now AVAILABLE_OFF
11-06 22:29:02.815 I/CameraService( 1555): onTorchStatusChangedLocked: Torch status changed for cameraId=9, newStatus=1
11-06 22:29:02.816 W/CameraManagerGlobal( 1820): ignore the torch status update of camera: 6
11-06 22:29:02.816 W/CameraManagerGlobal( 1820): ignore the torch status update of camera: 7
11-06 22:29:02.816 W/CameraManagerGlobal( 8951): ignore the torch status update of camera: 9
11-06 22:29:02.816 W/CameraManagerGlobal( 1820): ignore the torch status update of camera: 9
11-06 22:29:02.816 W/CameraManagerGlobal(13233): ignore the torch status update of camera: 9
11-06 22:29:02.816 W/CameraManagerGlobal( 2614): ignore the torch status update of camera: 9
11-06 22:29:02.816 W/CameraManagerGlobal( 4150): ignore the torch status update of camera: 9
11-06 22:29:02.816 W/CameraManagerGlobal( 6085): ignore the torch status update of camera: 9
11-06 22:29:02.817 I/AiAiEcho( 3844): EchoTargets: Feature:1, Feature:61
11-06 22:29:02.817 I/AiAiEcho( 3844): Filtered by AiAi flag check: 
11-06 22:29:02.817 I/AiAiEcho( 3844): [CONTEXT ratelimit_period="10 SECONDS" ]
11-06 22:29:02.817 W/CameraManagerGlobal( 3844): ignore the torch status update of camera: 9
11-06 22:29:02.817 I/CameraProviderManager( 1555): Camera device device@3.5/legacy/10 torch status is now AVAILABLE_OFF
11-06 22:29:02.817 I/CameraService( 1555): onTorchStatusChangedLocked: Torch status changed for cameraId=10, newStatus=1
11-06 22:29:02.817 W/CameraManagerGlobal( 1820): ignore the torch status update of camera: 10
11-06 22:29:02.817 W/CameraManagerGlobal( 3844): ignore the torch status update of camera: 10
11-06 22:29:02.817 W/CameraManagerGlobal( 2614): ignore the torch status update of camera: 10
11-06 22:29:02.817 W/CameraManagerGlobal( 6085): ignore the torch status update of camera: 10
11-06 22:29:02.817 W/CameraManagerGlobal( 4150): ignore the torch status update of camera: 10
11-06 22:29:02.817 W/CameraManagerGlobal( 8951): ignore the torch status update of camera: 10
11-06 22:29:02.817 W/CameraManagerGlobal(13233): ignore the torch status update of camera: 10
11-06 22:29:02.819 I/CameraLatencyHistogram( 1555): Stream 0 dequeueBuffer latency histogram (18) samples:
11-06 22:29:02.819 I/CameraLatencyHistogram( 1555):         5     10     15     20     25     30     35     40     45    inf (max ms)
11-06 22:29:02.819 I/CameraLatencyHistogram( 1555):      100.00   0.00   0.00   0.00   0.00   0.00   0.00   0.00   0.00   0.00 (%)
11-06 22:29:02.819 I/AiAiEcho( 3844): #tapActionTwiddler: keeps UiSurface.ALL TapAction for: PrimaryItem in the surface: home for the cardId: WEATHER_TOMORROW_FORECAST-20399
11-06 22:29:02.819 I/AiAiEcho( 3844): #weatherSubItemsTwiddler: Weather removes SubtitleSupplementalItem in surface: home [CONTEXT ratelimit_period="10 SECONDS" ]
11-06 22:29:02.819 I/AiAiEcho( 3844): #remoteViewsTwiddler: feature disabled.
11-06 22:29:02.820 I/CameraLatencyHistogram( 1555): Stream 2 dequeueBuffer latency histogram (18) samples:
11-06 22:29:02.820 I/CameraLatencyHistogram( 1555):         5     10     15     20     25     30     35     40     45    inf (max ms)
11-06 22:29:02.820 I/CameraLatencyHistogram( 1555):      94.44   5.56   0.00   0.00   0.00   0.00   0.00   0.00   0.00   0.00 (%)
11-06 22:29:02.820 I/Camera3-Device( 1555): disconnectImpl: X
11-06 22:29:02.821 E/CameraManagerGlobal( 6085): Camera 5 is not present. Ignore physical camera status change
11-06 22:29:02.821 E/CameraManagerGlobal( 3844): Camera 5 is not present. Ignore physical camera status change
11-06 22:29:02.821 E/CameraManagerGlobal( 1820): Camera 5 is not present. Ignore physical camera status change
11-06 22:29:02.821 E/CameraManagerGlobal( 6085): Camera 6 is not present. Ignore physical camera status change
11-06 22:29:02.821 E/CameraManagerGlobal( 3844): Camera 6 is not present. Ignore physical camera status change
11-06 22:29:02.821 I/CameraService( 1555): disconnect: Disconnected client for camera 0 for PID 13506
11-06 22:29:02.821 E/CameraManagerGlobal( 1820): Camera 6 is not present. Ignore physical camera status change
11-06 22:29:02.821 E/CameraManagerGlobal( 6085): Camera 9 is not present. Ignore physical camera status change
11-06 22:29:02.821 E/CameraManagerGlobal( 3844): Camera 9 is not present. Ignore physical camera status change
11-06 22:29:02.821 E/CameraManagerGlobal( 1820): Camera 9 is not present. Ignore physical camera status change
11-06 22:29:02.821 E/CameraManagerGlobal( 4150): Camera 5 is not present. Ignore physical camera status change
11-06 22:29:02.821 E/CameraManagerGlobal( 8951): Camera 5 is not present. Ignore physical camera status change
11-06 22:29:02.821 E/CameraManagerGlobal( 4150): Camera 6 is not present. Ignore physical camera status change
11-06 22:29:02.822 E/CameraManagerGlobal( 8951): Camera 6 is not present. Ignore physical camera status change
11-06 22:29:02.822 E/CameraManagerGlobal( 4150): Camera 9 is not present. Ignore physical camera status change
11-06 22:29:02.822 I/AiAiEcho( 3844): Predicting[7]: { Feature:1, creation:2025-11-07T01:00:00Z, expiry:2025-11-07T01:00:00Z, isExpired: true}, { Feature:1, creation:2025-11-06T23:00:00Z, expiry:2025-11-06T23:00:00Z, isExpired: true}, { Feature:1, creation:2025-11-07T00:00:00Z, expiry:2025-11-07T00:00:00Z, isExpired: true}, { Feature:1, creation:2025-11-06T21:00:00Z, expiry:2025-11-06T22:00:00Z, isExpired: false}, { Feature:61, creation:2025-11-06T19:30:31.710Z, expiry:2025-11-06T22:59:59.999Z, isExpired: false}, { Feature:1, creation:2025-11-06T22:00:00Z, expiry:2025-11-06T22:00:00Z, isExpired: true}, { Feature:1, creation:2025-11-06T20:00:00Z, expiry:2025-11-06T21:00:00Z, isExpired: true} [CONTEXT sampling_count=5 ]
11-06 22:29:02.822 E/CameraManagerGlobal( 8951): Camera 9 is not present. Ignore physical camera status change
11-06 22:29:02.822 E/CameraManagerGlobal( 2614): Camera 5 is not present. Ignore physical camera status change
11-06 22:29:02.822 D/CAM_ActivityBase(13506): onCameraAvailable: 0
11-06 22:29:02.822 E/CameraManagerGlobal( 2614): Camera 6 is not present. Ignore physical camera status change
11-06 22:29:02.822 E/CameraManagerGlobal( 2614): Camera 9 is not present. Ignore physical camera status change
11-06 22:29:02.822 E/CameraManagerGlobal(13233): Camera 5 is not present. Ignore physical camera status change
11-06 22:29:02.822 E/CameraManagerGlobal(13233): Camera 6 is not present. Ignore physical camera status change
11-06 22:29:02.822 E/CameraManagerGlobal(13233): Camera 9 is not present. Ignore physical camera status change
11-06 22:29:02.822 I/CAM_PerformanceManager(13506): [P_PERFORM]: Event: CAMERA_CLOSE_162_0 takes 120 ms
11-06 22:29:02.822 I/CAM_PerformanceManager(13506): [P_PERFORM]: Event: CAMERA_CLOSE takes 120 is less than 2000
11-06 22:29:02.823 D/CAM_MiCameraSurfaceManager(13506): close imageReader android.media.ImageReader@ba66732
11-06 22:29:02.823 V/CAM_MiCamera2(13506): E: reset
11-06 22:29:02.823 V/CAM_MiCamera2(13506): reset: hashcode:null
11-06 22:29:02.823 V/CAM_MiCamera2(13506): X: reset
11-06 22:29:02.823 I/CAM_MiCamera2(13506): [K_PROCESS]: X: close: cameraId = 0
11-06 22:29:02.823 I/CAM_CloseCameraCallable(13506): [K_PROCESS]: X: closeCamera: cid = null, excludes = []
11-06 22:29:02.823 D/CAM_CloseCameraCallable(13506): X: cid: null (dur: 134)
11-06 22:29:02.823 D/CAM_CloseCameraCallable(13506): postCallback
11-06 22:29:02.823 D/CAM_OpenCameraCallable(13506): E: cid: 0
11-06 22:29:02.823 D/CAM_CloseCameraCallable(13506): Success: cid: null (dur: 134)
11-06 22:29:02.823 I/CAM_OpenCameraCallable(13506): [K_PROCESS]: Busy in closing 0, postpone open request 0
11-06 22:29:02.823 D/CAM_OpenCameraCallable(13506): X: cid: 0 (dur: 0)
11-06 22:29:02.823 D/CAM_OpenCameraCallable(13506): postCallback
11-06 22:29:02.823 I/AiAiEcho( 3844): EchoTargets: Feature:1, Feature:61
11-06 22:29:02.823 I/AiAiEcho( 3844): Filtered by AiAi flag check: 
11-06 22:29:02.823 I/AiAiEcho( 3844): [CONTEXT ratelimit_period="10 SECONDS" ]
11-06 22:29:02.823 D/CAM_OpenCameraCallable(13506): Success: cid: 0 (dur: 0)
11-06 22:29:02.823 D/CAM_OpenCameraCallable(13506): E: cid: 0
11-06 22:29:02.823 I/CAM_OpenCameraCallable(13506): [K_PROCESS]: Busy in closing 0, postpone open request 0
11-06 22:29:02.823 D/CAM_OpenCameraCallable(13506): X: cid: 0 (dur: 0)
11-06 22:29:02.823 D/CAM_OpenCameraCallable(13506): postCallback
11-06 22:29:02.823 D/CAM_OpenCameraCallable(13506): E: cid: 0
11-06 22:29:02.823 D/CAM_OpenCameraCallable(13506): Success: cid: 0 (dur: 0)
11-06 22:29:02.824 I/CAM_OpenCameraCallable(13506): [K_PROCESS]: Busy in closing 0, postpone open request 0
11-06 22:29:02.824 D/CAM_OpenCameraCallable(13506): X: cid: 0 (dur: 1)
11-06 22:29:02.824 D/CAM_OpenCameraCallable(13506): postCallback
11-06 22:29:02.824 D/CAM_OpenCameraCallable(13506): E: cid: 0
11-06 22:29:02.824 D/CAM_OpenCameraCallable(13506): Success: cid: 0 (dur: 1)
11-06 22:29:02.824 I/CAM_OpenCameraCallable(13506): [K_PROCESS]: Busy in closing 0, postpone open request 0
11-06 22:29:02.824 D/CAM_OpenCameraCallable(13506): X: cid: 0 (dur: 0)
11-06 22:29:02.824 D/CAM_OpenCameraCallable(13506): postCallback
11-06 22:29:02.824 D/CAM_OpenCameraCallable(13506): Success: cid: 0 (dur: 0)
11-06 22:29:02.824 I/CAM_CameraStateCallback(13506): [K_PROCESS]: onClosed: cid = 0, closing = true
11-06 22:29:02.824 D/CAM_OpenCameraCallable(13506): E: cid: 0
11-06 22:29:02.824 D/CAM_CameraOpenObservable(13506): onClosed: cid = 0, listener = 25274026
11-06 22:29:02.824 I/CAM_PerformanceManager(13506): [P_PERFORM]: Action: 1:createActivity2openCamera has never call startAction before
11-06 22:29:02.824 D/CAM_Camera2OpenManager(13506): onClosed: cid = 0|android.hardware.camera2.impl.CameraDeviceImpl@8108862
11-06 22:29:02.824 I/CAM_OpenCameraCallable(13506): [K_PROCESS]: openCamera: retries = 0
11-06 22:29:02.824 I/CAM_OpenCameraCallable(13506): [K_PROCESS]: openCamera: E: cid = 0
11-06 22:29:02.824 I/AiAiEcho( 3844): #tapActionTwiddler: keeps UiSurface.ALL TapAction for: PrimaryItem in the surface: home for the cardId: WEATHER_TOMORROW_FORECAST-20399
11-06 22:29:02.825 I/AiAiEcho( 3844): #weatherSubItemsTwiddler: Weather removes SubtitleSupplementalItem in surface: home [CONTEXT ratelimit_period="10 SECONDS" ]
11-06 22:29:02.825 I/AiAiEcho( 3844): #remoteViewsTwiddler: feature disabled.
11-06 22:29:02.826 D/Camera3-Utils( 1555): Set real time priority for thread (tid 12545)
11-06 22:29:02.826 I/CameraService( 1555): CameraService::connect call (PID 13506 "com.android.camera", camera ID 0) and Camera API version 2
11-06 22:29:02.827 I/Camera2ClientBase( 1555): Camera 0: Opened. Client: com.android.camera (PID 13506, UID 10586)
11-06 22:29:02.827 I/CameraDeviceClient( 1555): CameraDeviceClient 0: Opened
11-06 22:29:02.827 I/CameraService( 1555): makeClient: Camera2 API, rotationOverride 0
11-06 22:29:02.827 D/CameraService( 1555): notifyCameraOpening: Bypassing checkOp for uid 10586
11-06 22:29:02.827 I/CameraService( 1555): onTorchStatusChangedLocked: Torch status changed for cameraId=0, newStatus=0
11-06 22:29:02.828 D/FlashlightController( 2614): dispatchAvailabilityChanged(false)
11-06 22:29:02.828 E/CameraManagerGlobal( 3844): Camera 5 is not present. Ignore physical camera status change
11-06 22:29:02.828 E/CameraManagerGlobal(13233): Camera 5 is not present. Ignore physical camera status change
11-06 22:29:02.828 E/CameraManagerGlobal( 3844): Camera 6 is not present. Ignore physical camera status change
11-06 22:29:02.828 E/CameraManagerGlobal(13233): Camera 6 is not present. Ignore physical camera status change
11-06 22:29:02.828 E/CameraManagerGlobal( 3844): Camera 9 is not present. Ignore physical camera status change
11-06 22:29:02.828 E/CameraManagerGlobal( 8951): Camera 5 is not present. Ignore physical camera status change
11-06 22:29:02.828 E/CameraManagerGlobal(13233): Camera 9 is not present. Ignore physical camera status change
11-06 22:29:02.828 E/CameraManagerGlobal( 2614): Camera 5 is not present. Ignore physical camera status change
11-06 22:29:02.828 E/CameraManagerGlobal( 8951): Camera 6 is not present. Ignore physical camera status change
11-06 22:29:02.828 E/CameraManagerGlobal( 2614): Camera 6 is not present. Ignore physical camera status change
11-06 22:29:02.828 E/CameraManagerGlobal( 8951): Camera 9 is not present. Ignore physical camera status change
11-06 22:29:02.828 E/CameraManagerGlobal( 2614): Camera 9 is not present. Ignore physical camera status change
11-06 22:29:02.829 E/CameraManagerGlobal( 6085): Camera 5 is not present. Ignore physical camera status change
11-06 22:29:02.829 E/CameraManagerGlobal( 6085): Camera 6 is not present. Ignore physical camera status change
11-06 22:29:02.829 E/CameraManagerGlobal( 6085): Camera 9 is not present. Ignore physical camera status change
11-06 22:29:02.829 E/CameraManagerGlobal( 1820): Camera 5 is not present. Ignore physical camera status change
11-06 22:29:02.829 D/CAM_ActivityBase(13506): onCameraUnavailable: 0
11-06 22:29:02.829 E/CameraManagerGlobal( 1820): Camera 6 is not present. Ignore physical camera status change
11-06 22:29:02.829 E/CameraManagerGlobal( 1820): Camera 9 is not present. Ignore physical camera status change
11-06 22:29:02.829 I/AiAiEcho( 3844): Settings changed for uri: content://settings/secure/flashlight_available
11-06 22:29:02.830 E/CameraManagerGlobal( 4150): Camera 5 is not present. Ignore physical camera status change
11-06 22:29:02.830 E/CameraManagerGlobal( 4150): Camera 6 is not present. Ignore physical camera status change
11-06 22:29:02.830 E/CameraManagerGlobal( 4150): Camera 9 is not present. Ignore physical camera status change
11-06 22:29:02.833 I/AiAiEcho( 3844): #postPredictionTargets: Sending updates to UISurface home with targets# 2 (types=[1, 61])
11-06 22:29:02.835 D/SsBaseTemplateCard( 2880): No text view can be set up
11-06 22:29:02.835 I/SsBaseTemplateCard( 2880): setFormattedContentDescription: text=11°C, iconDescription=Parcialmente nublado, contentDescription=Parcialmente nublado, 11°C
11-06 22:29:02.835 D/SsBaseTemplateCard( 2880): Passed-in item info is null
11-06 22:29:02.836 D/SsBaseTemplateCard( 2880): Passed-in item info is null
11-06 22:29:02.836 I/SsBaseTemplateCard( 2880): Secondary card pane is null
11-06 22:29:02.836 I/SsBaseTemplateCard( 2880): setFormattedContentDescription: text=Lluvia, iconDescription=Lluvia, contentDescription=Lluvia, Lluvia
11-06 22:29:02.836 D/SsBaseTemplateCard( 2880): Passed-in item info is null
11-06 22:29:02.836 D/SsBaseTemplateCard( 2880): Passed-in item info is null
11-06 22:29:02.839 I/AiAiEcho( 3844): #postPredictionTargets: Sending updates to UISurface home with targets# 2 (types=[1, 61])
11-06 22:29:02.841 I/AiAiEcho( 3844): Predicting[7]: { Feature:1, creation:2025-11-07T01:00:00Z, expiry:2025-11-07T01:00:00Z, isExpired: true}, { Feature:1, creation:2025-11-06T23:00:00Z, expiry:2025-11-06T23:00:00Z, isExpired: true}, { Feature:1, creation:2025-11-07T00:00:00Z, expiry:2025-11-07T00:00:00Z, isExpired: true}, { Feature:1, creation:2025-11-06T21:00:00Z, expiry:2025-11-06T22:00:00Z, isExpired: false}, { Feature:61, creation:2025-11-06T19:30:31.710Z, expiry:2025-11-06T22:59:59.999Z, isExpired: false}, { Feature:1, creation:2025-11-06T22:00:00Z, expiry:2025-11-06T22:00:00Z, isExpired: true}, { Feature:1, creation:2025-11-06T20:00:00Z, expiry:2025-11-06T21:00:00Z, isExpired: true} [CONTEXT sampling_count=5 ]
11-06 22:29:02.842 I/AiAiEcho( 3844): EchoTargets: Feature:1, Feature:61
11-06 22:29:02.842 I/AiAiEcho( 3844): Filtered by AiAi flag check: 
11-06 22:29:02.842 I/AiAiEcho( 3844): [CONTEXT ratelimit_period="10 SECONDS" ]
11-06 22:29:02.843 I/CameraProviderManager( 1555): Camera device device@3.5/legacy/0 torch status is now NOT_AVAILABLE
11-06 22:29:02.843 I/CameraService( 1555): onTorchStatusChangedLocked: Torch status changed for cameraId=0, newStatus=0
11-06 22:29:02.843 I/CameraProviderManager( 1555): Camera device device@3.5/legacy/1 torch status is now NOT_AVAILABLE
11-06 22:29:02.843 I/CameraService( 1555): onTorchStatusChangedLocked: Torch status changed for cameraId=1, newStatus=0
11-06 22:29:02.843 E/CameraService( 1555): onTorchStatusChangedLocked: cannot get torch status of camera 1: No such file or directory (-2)
11-06 22:29:02.843 I/CameraProviderManager( 1555): Camera device device@3.5/legacy/2 torch status is now NOT_AVAILABLE
11-06 22:29:02.843 I/CameraService( 1555): onTorchStatusChangedLocked: Torch status changed for cameraId=2, newStatus=0
11-06 22:29:02.843 I/AiAiEcho( 3844): #tapActionTwiddler: keeps UiSurface.ALL TapAction for: PrimaryItem in the surface: home for the cardId: WEATHER_TOMORROW_FORECAST-20399
11-06 22:29:02.843 I/AiAiEcho( 3844): #weatherSubItemsTwiddler: Weather removes SubtitleSupplementalItem in surface: home [CONTEXT ratelimit_period="10 SECONDS" ]
11-06 22:29:02.843 W/CameraManagerGlobal( 1820): ignore the torch status update of camera: 2
11-06 22:29:02.843 W/CameraManagerGlobal( 6085): ignore the torch status update of camera: 2
11-06 22:29:02.844 W/CameraManagerGlobal( 8951): ignore the torch status update of camera: 2
11-06 22:29:02.844 I/AiAiEcho( 3844): #remoteViewsTwiddler: feature disabled.
11-06 22:29:02.844 I/CameraProviderManager( 1555): Camera device device@3.5/legacy/3 torch status is now NOT_AVAILABLE
11-06 22:29:02.844 W/CameraManagerGlobal( 2614): ignore the torch status update of camera: 2
11-06 22:29:02.844 I/CameraService( 1555): onTorchStatusChangedLocked: Torch status changed for cameraId=3, newStatus=0
11-06 22:29:02.844 W/CameraManagerGlobal( 4150): ignore the torch status update of camera: 2
11-06 22:29:02.844 W/CameraManagerGlobal( 1820): ignore the torch status update of camera: 3
11-06 22:29:02.844 W/CameraManagerGlobal( 3844): ignore the torch status update of camera: 2
11-06 22:29:02.844 W/CameraManagerGlobal( 6085): ignore the torch status update of camera: 3
11-06 22:29:02.844 W/CameraManagerGlobal( 3844): ignore the torch status update of camera: 3
11-06 22:29:02.844 I/CameraProviderManager( 1555): Camera device device@3.5/legacy/4 torch status is now NOT_AVAILABLE
11-06 22:29:02.844 I/CameraService( 1555): onTorchStatusChangedLocked: Torch status changed for cameraId=4, newStatus=0
11-06 22:29:02.844 W/CameraManagerGlobal( 2614): ignore the torch status update of camera: 3
11-06 22:29:02.844 W/CameraManagerGlobal(13233): ignore the torch status update of camera: 2
11-06 22:29:02.844 W/CameraManagerGlobal( 8951): ignore the torch status update of camera: 3
11-06 22:29:02.844 W/CameraManagerGlobal( 1820): ignore the torch status update of camera: 4
11-06 22:29:02.844 W/CameraManagerGlobal( 2614): ignore the torch status update of camera: 4
11-06 22:29:02.844 W/CameraManagerGlobal(13233): ignore the torch status update of camera: 3
11-06 22:29:02.844 W/CameraManagerGlobal( 4150): ignore the torch status update of camera: 3
11-06 22:29:02.844 W/CameraManagerGlobal( 6085): ignore the torch status update of camera: 4
11-06 22:29:02.844 W/CameraManagerGlobal( 3844): ignore the torch status update of camera: 4
11-06 22:29:02.844 W/CameraManagerGlobal(13233): ignore the torch status update of camera: 4
11-06 22:29:02.844 W/CameraManagerGlobal( 4150): ignore the torch status update of camera: 4
11-06 22:29:02.844 I/CameraProviderManager( 1555): Camera device device@3.5/legacy/5 torch status is now NOT_AVAILABLE
11-06 22:29:02.844 I/CameraService( 1555): onTorchStatusChangedLocked: Torch status changed for cameraId=5, newStatus=0
11-06 22:29:02.844 W/CameraManagerGlobal( 8951): ignore the torch status update of camera: 4
11-06 22:29:02.845 W/CameraManagerGlobal( 2614): ignore the torch status update of camera: 5
11-06 22:29:02.845 W/CameraManagerGlobal( 3844): ignore the torch status update of camera: 5
11-06 22:29:02.845 W/CameraManagerGlobal( 6085): ignore the torch status update of camera: 5
11-06 22:29:02.845 W/CameraManagerGlobal( 4150): ignore the torch status update of camera: 5
11-06 22:29:02.845 W/CameraManagerGlobal( 1820): ignore the torch status update of camera: 5
11-06 22:29:02.845 W/CameraManagerGlobal( 8951): ignore the torch status update of camera: 5
11-06 22:29:02.845 I/CameraProviderManager( 1555): Camera device device@3.5/legacy/6 torch status is now NOT_AVAILABLE
11-06 22:29:02.845 I/CameraService( 1555): onTorchStatusChangedLocked: Torch status changed for cameraId=6, newStatus=0
11-06 22:29:02.845 W/CameraManagerGlobal(13233): ignore the torch status update of camera: 5
11-06 22:29:02.845 W/CameraManagerGlobal( 1820): ignore the torch status update of camera: 6
11-06 22:29:02.845 W/CameraManagerGlobal( 2614): ignore the torch status update of camera: 6
11-06 22:29:02.845 W/CameraManagerGlobal( 3844): ignore the torch status update of camera: 6
11-06 22:29:02.845 W/CameraManagerGlobal( 6085): ignore the torch status update of camera: 6
11-06 22:29:02.845 W/CameraManagerGlobal(13233): ignore the torch status update of camera: 6
11-06 22:29:02.845 I/CameraProviderManager( 1555): Camera device device@3.5/legacy/7 torch status is now NOT_AVAILABLE
11-06 22:29:02.845 I/CameraService( 1555): onTorchStatusChangedLocked: Torch status changed for cameraId=7, newStatus=0
11-06 22:29:02.845 W/CameraManagerGlobal( 4150): ignore the torch status update of camera: 6
11-06 22:29:02.845 W/CameraManagerGlobal( 8951): ignore the torch status update of camera: 6
11-06 22:29:02.845 W/CameraManagerGlobal( 1820): ignore the torch status update of camera: 7
11-06 22:29:02.845 W/CameraManagerGlobal( 2614): ignore the torch status update of camera: 7
11-06 22:29:02.845 W/CameraManagerGlobal( 3844): ignore the torch status update of camera: 7
11-06 22:29:02.845 W/CameraManagerGlobal( 6085): ignore the torch status update of camera: 7
11-06 22:29:02.845 W/CameraManagerGlobal( 4150): ignore the torch status update of camera: 7
11-06 22:29:02.846 W/CameraManagerGlobal( 8951): ignore the torch status update of camera: 7
11-06 22:29:02.846 I/CameraProviderManager( 1555): Camera device device@3.5/legacy/8 torch status is now NOT_AVAILABLE
11-06 22:29:02.846 I/CameraService( 1555): onTorchStatusChangedLocked: Torch status changed for cameraId=8, newStatus=0
11-06 22:29:02.846 E/CameraService( 1555): onTorchStatusChangedLocked: cannot get torch status of camera 8: No such file or directory (-2)
11-06 22:29:02.846 W/CameraManagerGlobal(13233): ignore the torch status update of camera: 7
11-06 22:29:02.846 I/CameraProviderManager( 1555): Camera device device@3.5/legacy/9 torch status is now NOT_AVAILABLE
11-06 22:29:02.846 I/CameraService( 1555): onTorchStatusChangedLocked: Torch status changed for cameraId=9, newStatus=0
11-06 22:29:02.846 W/CameraManagerGlobal( 1820): ignore the torch status update of camera: 9
11-06 22:29:02.846 W/CameraManagerGlobal( 4150): ignore the torch status update of camera: 9
11-06 22:29:02.846 I/CameraProviderManager( 1555): Camera device device@3.5/legacy/10 torch status is now NOT_AVAILABLE
11-06 22:29:02.846 W/CameraManagerGlobal( 6085): ignore the torch status update of camera: 9
11-06 22:29:02.846 I/CameraService( 1555): onTorchStatusChangedLocked: Torch status changed for cameraId=10, newStatus=0
11-06 22:29:02.847 W/CameraManagerGlobal( 8951): ignore the torch status update of camera: 9
11-06 22:29:02.847 W/CameraManagerGlobal( 8951): ignore the torch status update of camera: 10
11-06 22:29:02.847 W/CameraManagerGlobal( 6085): ignore the torch status update of camera: 10
11-06 22:29:02.847 D/SsBaseTemplateCard( 2880): No text view can be set up
11-06 22:29:02.847 I/hwservicemanager(  669): getTransport: Cannot find entry vendor.display.config@1.9::IDisplayConfig/default in either framework or device VINTF manifest.
11-06 22:29:02.847 I/SsBaseTemplateCard( 2880): setFormattedContentDescription: text=11°C, iconDescription=Parcialmente nublado, contentDescription=Parcialmente nublado, 11°C
11-06 22:29:02.847 D/SsBaseTemplateCard( 2880): Passed-in item info is null
11-06 22:29:02.847 D/SsBaseTemplateCard( 2880): Passed-in item info is null
11-06 22:29:02.847 I/SsBaseTemplateCard( 2880): Secondary card pane is null
11-06 22:29:02.847 E/CamX    ( 1094): [ERROR][FORMAT ] camxdisplayconfig.cpp:124 Initialize() IDisplayConfig service is NULL, version 1.9
11-06 22:29:02.847 I/AiAiEcho( 3844): #postPredictionTargets: Sending updates to UISurface home with targets# 2 (types=[1, 61])
11-06 22:29:02.847 I/SsBaseTemplateCard( 2880): setFormattedContentDescription: text=Lluvia, iconDescription=Lluvia, contentDescription=Lluvia, Lluvia
11-06 22:29:02.847 W/CameraManagerGlobal(13233): ignore the torch status update of camera: 9
11-06 22:29:02.847 W/CameraManagerGlobal(13233): ignore the torch status update of camera: 10
11-06 22:29:02.848 W/CameraManagerGlobal( 2614): ignore the torch status update of camera: 9
11-06 22:29:02.848 W/CameraManagerGlobal( 4150): ignore the torch status update of camera: 10
11-06 22:29:02.847 D/SsBaseTemplateCard( 2880): Passed-in item info is null
11-06 22:29:02.848 W/CameraManagerGlobal( 2614): ignore the torch status update of camera: 10
11-06 22:29:02.848 D/SsBaseTemplateCard( 2880): Passed-in item info is null
11-06 22:29:02.848 W/CameraManagerGlobal( 3844): ignore the torch status update of camera: 9
11-06 22:29:02.848 W/CameraManagerGlobal( 3844): ignore the torch status update of camera: 10
11-06 22:29:02.849 W/CameraManagerGlobal( 1820): ignore the torch status update of camera: 10
11-06 22:29:02.852 D/Camera3-Utils( 1555): Set regular priority for thread (tid 12545)
11-06 22:29:02.853 D/audio_hw_primary( 1083): adev_set_parameters: enter: cameraFacing=back
11-06 22:29:02.853 V/msm8974_platform( 1083): platform_set_parameters: enter: cameraFacing=back
11-06 22:29:02.853 D/audio_hw_hfp( 1083): hfp_set_parameters: enter
11-06 22:29:02.853 D/audio_hw_hfp( 1083): hfp_set_parameters: enter
11-06 22:29:02.853 V/a2dp_offload( 1083): end of a2dp setparam
11-06 22:29:02.853 D/audio_hw_cspl_cal( 1083): cirrus_cal_setparameters: enter 0xe9502d60
11-06 22:29:02.853 D/audio_hw_extn( 1083): audio_extn_fm_set_parameters: Enter
11-06 22:29:02.853 D/audio_hw_hfp( 1083): hfp_set_parameters: enter
11-06 22:29:02.853 V/a2dp_offload( 1083): end of a2dp setparam
11-06 22:29:02.853 I/CAM_OpenCameraCallable(13506): [K_PROCESS]: openCamera: X: cid = 0
11-06 22:29:02.853 D/CAM_OpenCameraCallable(13506): X: cid: 0 (dur: 29)
11-06 22:29:02.853 D/audio_hw_primary( 1083): adev_set_parameters: exit with code(0)
11-06 22:29:02.853 D/CAM_OpenCameraCallable(13506): postCallback
11-06 22:29:02.853 D/CAM_OpenCameraCallable(13506): Success: cid: 0 (dur: 29)
11-06 22:29:02.853 I/CAM_CameraStateCallback(13506): [K_PROCESS]: onOpened: cid = 0
11-06 22:29:02.853 I/CAM_PerformanceManager(13506): [P_PERFORM]: Action: 2:[HAL]openCamera@0_162_0 takes 29 ms
11-06 22:29:02.854 I/CAM_CameraOpenObservable(13506): [K_PROCESS]: onOpened: cid = 0, listener = 14633110
11-06 22:29:02.854 I/CAM_Camera2OpenManager(13506): [K_PROCESS]: onOpened: cid = 0|android.hardware.camera2.impl.CameraDeviceImpl@a982fd
11-06 22:29:02.854 D/CAM_Camera2OpenManager(13506): fire: result = d.c.a.q6.t8.b.u@ac40bf2, requested cid = 0
11-06 22:29:02.854 D/CAM_Camera2OpenManager(13506): fire: emitted
11-06 22:29:02.854 D/CAM_Camera@123830004(13506): onLifeAlive module 0xa2, need anim 2, need blur true need reconfig true reset type 8
11-06 22:29:02.854 D/CAM_Camera@123830004(13506): isFromKeyguard: false
11-06 22:29:02.854 D/CAM_Camera@123830004(13506): onLifeAlive: isFromKeyguard: false, mHasFocus: true
11-06 22:29:02.854 I/CAM_PermissionManager(13506): getNeedCheckPermissionList() listSize =0
11-06 22:29:02.854 I/CAM_PermissionManager(13506): checkCameraLaunchPermissions(), all on
11-06 22:29:02.854 D/CAM_Camera@123830004(13506): setupCamera: E
11-06 22:29:02.854 D/CAM_Camera@123830004(13506): closeCameraSetup: CameraPendingSetupDisposable: X
11-06 22:29:02.854 D/CAM_Camera@123830004(13506): closeCameraSetup: CameraSetupDisposable: X
11-06 22:29:02.854 D/CAM_Camera@123830004(13506): setupCamera: CameraSetupDisposable: E
