11-17 19:25:45.444 I/CAM_PermissionManager(30869): getNeedCheckPermissionList() listSize =0
11-17 19:25:45.444 I/CAM_PermissionManager(30869): checkCameraLaunchPermissions(), all on
11-17 19:25:45.444 I/CAM_PermissionManager(30869): getNeedCheckPermissionList() listSize =0
11-17 19:25:45.444 I/CAM_PermissionManager(30869): checkCameraLocationPermissions(), all on
11-17 19:25:45.444 I/CAM_PermissionManager(30869): getNeedCheckPermissionList() listSize =0
11-17 19:25:45.444 I/CAM_PermissionManager(30869): checkCameraLocationPermissions(), all on
11-17 19:25:45.444 I/CAM_Camera@146827184(30869): [P_PERFORM]: checkPermissionAndCTA X
11-17 19:25:45.445 D/BaseDepthController( 2937): mSurface is null and mCurrentBlur is: 0
11-17 19:25:45.446 D/CAM_Camera@146827184(30869): onResume start
11-17 19:25:45.446 D/CAM_Camera@146827184(30869): resume in MultiWindowMode false
11-17 19:25:45.446 D/CAM_ActivityBase(30869): isCameraAliveWhenResume: releaseByModule: false, isModuleAlive: true, isCameraDevicesAlive: true
11-17 19:25:45.446 D/CAM_Display(30869): is display size change:false
11-17 19:25:45.447 V/CAM_AutoLockManager(30869): mHibernationTimeOut = 180000, mScreenOffTimeOut = 15000
11-17 19:25:45.447 V/CAM_AutoLockManager(30869): [WTP]updateScreenOffTimeout: E
11-17 19:25:45.447 V/CAM_AutoLockManager(30869): [WTP]updateScreenOffTimeout: E
11-17 19:25:45.447 I/sensors-hal( 1122): batch:180, android.sensor.accelerometer/76, period=200000000, max_latency=0
11-17 19:25:45.447 V/CAM_AutoLockManager(30869): [WTP]updateScreenOffTimeout: X
11-17 19:25:45.448 V/CAM_AutoLockManager(30869): [WTP]updateScreenOffTimeout: X
11-17 19:25:45.451 I/sensors-hal( 1122): batch:189, android.sensor.accelerometer/76, period=200000000, max_latency=0 request completed
11-17 19:25:45.451 I/sensors-hal( 1122): flush:209, android.sensor.accelerometer/76
11-17 19:25:45.454 I/sensors-hal( 1122): flush:215, android.sensor.accelerometer/76 completed
11-17 19:25:45.454 D/CAM_CameraUtil(30869): clearRotationAnimation
11-17 19:25:45.454 V/CAM_ActivityBase(30869): checkGalleryLock: galleryLocked=false
11-17 19:25:45.455 D/CAM_CameraIntentManager(30869): start activity when locked: false
11-17 19:25:45.455 D/CAM_ActivityBase(30869): checkKeyguard: setShowWhenLocked:false
11-17 19:25:45.455 V/CAM_ActivityBase(30869): checkKeyguard: fromKeyguard=false keyguardSecureLocked=false secureUriList is null
11-17 19:25:45.455 V/CAM_CameraBrightness(30869): onResume adjustBrightness
11-17 19:25:45.455 D/CompatibilityUtils(30869): getSdcardPath: sdcardVolume = null
11-17 19:25:45.455 D/CAM_FileCompat(30869): getExtSDCardPaths: activePath = null
11-17 19:25:45.455 D/CompatibilityUtils(30869): getSdcardPath: sdcardVolume = null
11-17 19:25:45.455 V/CAM_Storage(30869): initStorage sd=null
11-17 19:25:45.455 D/CAM_CameraBrightness(30869): adjustBrightness: cost=0ms
11-17 19:25:45.455 D/CAM_Storage(30869): hasSecondaryStorage=false
11-17 19:25:45.455 D/CAM_Storage(30869): hasSecondaryStorage=false
11-17 19:25:45.456 D/CAM_Camera@146827184(30869): resumeCamera: E
11-17 19:25:45.456 D/CAM_Camera@146827184(30869): resumeCamera: isSwitchingModule() : true &&  getDisplayFoldState() : true: 
11-17 19:25:45.456 D/CAM_DragEventBusImpl(30869): addOnDragListener: Camera@146827184
11-17 19:25:45.456 D/CAM_MemoryManager(30869): initLimit: mSavedQueueMemoryLimit = 386043744
11-17 19:25:45.456 D/CAM_MemoryManager(30869): initMemory: maxMemory=536870912
11-17 19:25:45.456 V/CAM_ImageSaver(30869): onHostResume: isCapture=false
11-17 19:25:45.456 I/CAM_Storage(30869): setLeftSpace(49261576192)
11-17 19:25:45.456 I/CAM_PermissionManager(30869): getNeedCheckPermissionList() listSize =0
11-17 19:25:45.456 I/CAM_PermissionManager(30869): checkCameraLaunchPermissions(), all on
11-17 19:25:45.456 D/CAM_CameraIntentManager(30869): camera_launch_source = null
11-17 19:25:45.457 V/CAM_Camera@146827184(30869): [WTP]notifyCameraResume: E
11-17 19:25:45.457 I/CAM_PerformanceManager(30869): [P_PERFORM]: not allow traceStart
11-17 19:25:45.457 D/CAM_SendBroadcastNotifyExternal(30869): notify external(status: start_foreground)
11-17 19:25:45.457 D/CAM_Camera@146827184(30869): onResume end
11-17 19:25:45.457 I/CAM_PerformanceManager(30869): [P_PERFORM]: Action: resumeActivity@146827184_163_0 takes 13 ms
11-17 19:25:45.457 D/CAM_Camera@146827184(30869): onResume end
11-17 19:25:45.457 D/CAM_ActivityBase(30869): onResume - version: 5.0.230706.0
11-17 19:25:45.457 V/CAM_Camera@146827184(30869): [WTP]initShortcut: E
11-17 19:25:45.457 D/CAM_ThermalDetector(30869): registerReceiver
11-17 19:25:45.457 D/CAM_FragmentBottomAction(30869): initThumbnailAsThumbnail: 
11-17 19:25:45.457 D/CAM_FragmentBottomAction(30869): set thumbnail clickable: true
11-17 19:25:45.457 I/CAM_PermissionManager(30869): getNeedCheckPermissionList() listSize =0
11-17 19:25:45.457 I/CAM_PermissionManager(30869): checkStoragePermissions on
11-17 19:25:45.457 V/CAM_Camera@146827184(30869): [WTP]notifyCameraResume: X
11-17 19:25:45.457 D/CAM_BatteryDetector(30869): registerReceiver
11-17 19:25:45.458 D/CAM_ThumbnailUpdater(30869): LoadThumbnailTask: thumbnail on task create: null
11-17 19:25:45.458 V/CAM_LifecycleAsyncTask(30869): [WTP]AsyncTask: E. LoadThumbnailTask
11-17 19:25:45.458 D/CAM_ThumbnailUpdater(30869): LoadThumbnailTask: execute task: com.android.camera.ThumbnailUpdater$LoadThumbnailTask@38911b. lookAtCache = true
11-17 19:25:45.458 I/CAM_ AdaptiveTv(30869): init:  mMaxFontScale :1.25
11-17 19:25:45.458 D/CAM_ModeSelectViewCV(30869): getHeaderOffset w = 1000, itemWidth = 148, textWidth = 80.0
11-17 19:25:45.459 D/CAM_Storage(30869): hasSecondaryStorage=false
11-17 19:25:45.459 D/CAM_ModeSelectViewCV(30869): res = {1.0 214mcc22mnc [es_ES] ldltr sw393dp w393dp h794dp 440dpi nrml long hdr widecg port night finger -keyb/v/h -nav/h winConfig={ mBounds=Rect(0, 0 - 1080, 2340) mAppBounds=Rect(0, 90 - 1080, 2274) mMaxBounds=Rect(0, 0 - 1080, 2340) mDisplayRotation=ROTATION_0 mWindowingMode=fullscreen mActivityType=standard mAlwaysOnTop=undefined mRotation=ROTATION_0} as.3 s.2 fontWeightAdjustment=0}
11-17 19:25:45.459 D/CAM_FragmentModeSelector(30869): switchMoreMode open: true, style: 0, mCurrentMode: 163
11-17 19:25:45.459 D/CAM_DragLayout(30869): disableAllMode
11-17 19:25:45.459 D/CAM_DragLayout(30869): setDragEnable mDragMode : false, enable false, force : false
11-17 19:25:45.461 I/system_server( 1811): AssetManager2(0xb400007bd19deab8) locale list changing from [] to [es-ES]
11-17 19:25:45.462 V/CAM_Camera@146827184(30869): [WTP]initShortcut: X
11-17 19:25:45.462 D/BaseDepthController( 2937): mSurface is null and mCurrentBlur is: 0
11-17 19:25:45.463 D/CAM_ThumbnailUpdater(30869): LoadThumbnailTask: lastUri = content://media/external/images/media/1000005236
11-17 19:25:45.463 D/CAM_ThumbnailUpdater(30869): LoadThumbnailTask: currentThumbnail = null
11-17 19:25:45.465 D/CAM_Thumbnail(30869): getLastThumbnailFromFile: version: 3
11-17 19:25:45.465 D/CAM_Thumbnail(30869): getLastThumbnailFromFile: isGif:false
11-17 19:25:45.465 D/CAM_Thumbnail(30869): getLastThumbnailFromFile: gifWidth:-1
11-17 19:25:45.465 D/CAM_Thumbnail(30869): getLastThumbnailFromFile: gifHeight:-1
11-17 19:25:45.465 D/CAM_Thumbnail(30869): getLastThumbnailFromFile: fileSize:5608523
11-17 19:25:45.465 D/CAM_Thumbnail(30869): getLastThumbnailFromFile: isVideo:false
11-17 19:25:45.466 D/InsetsController(30869): Setting requestedVisibleTypes to -14 (was -9)
11-17 19:25:45.467 D/MediaProvider( 3966): Open with FUSE. FilePath: /storage/emulated/0/DCIM/Camera/IMG_20251113_180615.jpg. Uid: 10586. Media Capabilities Uid: 0. ShouldRedact: false. ShouldTranscode: false
11-17 19:25:45.468 I/sscrpcd (  713): vendor/qcom/proprietary/adsprpc/src/apps_std_imp.c:848: Successfully opened file /sys/class/backlight/panel0-backlight/brightness
11-17 19:25:45.469 D/CAM_Thumbnail(30869): setFileSize: 5608523, mUri: content://media/external/images/media/1000005236@198737141
11-17 19:25:45.469 D/CAM_Thumbnail(30869): getLastThumbnailFromFile() returned: Thumbnail{mUri=content://media/external/images/media/1000005236, mBitmap=android.graphics.Bitmap@6a2da2c, mFromFile=true, mWaitingForUri=false, mIsGif=false, gifWidth=-1, gifHeight=-1, applied=false}
11-17 19:25:45.469 D/CAM_ThumbnailUpdater(30869): LoadThumbnailTask: cached thumbnail = Thumbnail{mUri=content://media/external/images/media/1000005236, mBitmap=android.graphics.Bitmap@6a2da2c, mFromFile=true, mWaitingForUri=false, mIsGif=false, gifWidth=-1, gifHeight=-1, applied=false}
11-17 19:25:45.470 D/CAM_Thumbnail(30869): getLatestThumbnailFromPPP: dateTaken = 1763053574668
11-17 19:25:45.470 D/CAM_Thumbnail(30869): getLastThumbnailFromContentResolver: imageUri = content://media/external/images/media/1000005236
11-17 19:25:45.470 D/CAM_ThumbnailUpdater(30869): LoadThumbnailTask: get last thumbnail from provider. code = -1, thumbnail = Thumbnail{mUri=content://media/external/images/media/1000005236, mBitmap=android.graphics.Bitmap@6a2da2c, mFromFile=true, mWaitingForUri=false, mIsGif=false, gifWidth=-1, gifHeight=-1, applied=false}
11-17 19:25:45.470 V/CAM_LifecycleAsyncTask(30869): [WTP]AsyncTask: X. LoadThumbnailTask
11-17 19:25:45.470 E/CamX    ( 1085): [ERROR][NCS    ] camxncsintfqsee.cpp:2262 FillCaps() Sensor 6 probe failed during boot
11-17 19:25:45.470 E/CamX    ( 1085): [ERROR][STATS_AEC] camxcaecstatsprocessor.cpp:5324 SetupNCSLinkForSensor() CAECLaser: Unable to Query caps sensor type 6 error CamxResultEFailed
11-17 19:25:45.470 E/CamX    ( 1085): [ERROR][STATS_AEC] camxcaecstatsprocessor.cpp:5267 SetupNCSLink() CAECLaser: Unable to Setup NCS Link For Laser Sensor
11-17 19:25:45.470 E/CamX    ( 1085): [ERROR][STATS_AEC] camxcaecstatsprocessor.cpp:5246 Initialize() CAECLaser: Failed setting up NCS link
11-17 19:25:45.471 E/CamX    ( 1085): [ERROR][STATS_AEC] camxcaecstatsprocessor.cpp:215 Initialize() Failed to Initialize Laser
11-17 19:25:45.471 E/CamX    ( 1085): [ERROR][STATS_AEC] camxcaecstatsprocessor.cpp:6635 DoFlickerFFTProcess() DoFlickerFFTProcess enter
11-17 19:25:45.471 D/CAM_DragLayout(30869): setDragEnable mDragMode : false, mPromptMode : false,mBar : null,withAnim : false
11-17 19:25:45.471 D/CAM_DragLayout(30869): setState 3
11-17 19:25:45.471 I/CAM_ AdaptiveTv(30869): init:  mMaxFontScale :1.25
11-17 19:25:45.472 I/CAM_ AdaptiveTv(30869): init:  mMaxFontScale :1.25
11-17 19:25:45.473 I/CAM_ AdaptiveTv(30869): init:  mMaxFontScale :1.25
11-17 19:25:45.474 I/CAM_ AdaptiveTv(30869): init:  mMaxFontScale :1.25
11-17 19:25:45.474 I/CAM_ AdaptiveTv(30869): init:  mMaxFontScale :1.25
11-17 19:25:45.475 I/CAM_ AdaptiveTv(30869): init:  mMaxFontScale :1.25
11-17 19:25:45.476 D/StartTopBarAdapter(30869): onBindViewHolder
11-17 19:25:45.476 E/CHIUSECASE( 1085): [Eeee] AvailableNodes=ffffff, CurrentNodeType=1000
11-17 19:25:45.477 D/android.hardware.camera.provider@2.4-service_64( 1085): Arcsoft BeautyParams_Debug:read beauty params file success.
11-17 19:25:45.477 D/StartTopBarAdapter(30869): updateView - anim id = 2131886459
11-17 19:25:45.477 I/StartTopBarAdapter(30869): shouldEnableAnim = false
11-17 19:25:45.477 D/StartTopBarAdapter(30869): showJsonAnimation - anim id = 2131886459 image view = com.android.camera2.compat.theme.custom.mm.top.StrikethroughImageView{c9d6eb V.ED..... ......ID 0,0-0,0}
11-17 19:25:45.477 D/EndTopBarAdapter(30869): onBindViewHolder
11-17 19:25:45.477 D/EndTopBarAdapter(30869): updateView - anim id = 0
11-17 19:25:45.479 D/BaseDepthController( 2937): mSurface is null and mCurrentBlur is: 0
11-17 19:25:45.488 D/CAM_DragLayout(30869): setDragEnable mDragMode : false, mPromptMode : false,mBar : null,withAnim : false
11-17 19:25:45.488 D/CAM_ModeSelectViewCV(30869): onGlobalLayout mCurMode 163
11-17 19:25:45.489 I/CAM_ AdaptiveTv(30869): init:  mMaxFontScale :1.25
11-17 19:25:45.489 D/CAM_ModeSelectViewCV(30869): getHeaderOffset w = 1000, itemWidth = 148, textWidth = 80.0
11-17 19:25:45.489 D/CAM_ModeSelectViewCV(30869): res = {1.0 214mcc22mnc [es_ES] ldltr sw393dp w393dp h794dp 440dpi nrml long hdr widecg port night finger -keyb/v/h -nav/h winConfig={ mBounds=Rect(0, 0 - 1080, 2340) mAppBounds=Rect(0, 90 - 1080, 2274) mMaxBounds=Rect(0, 0 - 1080, 2340) mDisplayRotation=ROTATION_0 mWindowingMode=fullscreen mActivityType=standard mAlwaysOnTop=undefined mRotation=ROTATION_0} as.3 s.2 fontWeightAdjustment=0}
11-17 19:25:45.489 D/CAM_ModeSelectViewCV(30869): moveToPosition select pos = 4, offset = 426, mode = 163
11-17 19:25:45.489 D/CAM_FragmentBottomAction(30869): ThumbnailGlobalRect: Rect(64, 1948 - 164, 2048)
11-17 19:25:45.490 I/CAM_PerformanceManager(30869): [P_PERFORM]: Action: 5.1:surfaceViewCreate_162_0 takes 283 ms
11-17 19:25:45.490 I/CAM_CameraRenderEngine(30869): [K_PROCESS]: onSurfaceCreated
11-17 19:25:45.490 D/CAM_Camera@146827184(30869):  surfaceChanged format = 4 width = 1080 height = 2340
11-17 19:25:45.490 I/CAM_CameraRenderEngine(30869): [K_PROCESS]: onSurfaceChanged: 1080x2340
11-17 19:25:45.490 D/CAM_CameraRenderEngine(30869): onSurfaceChanged start
11-17 19:25:45.490 D/CAM_CameraRenderEngine(30869): onSurfaceCreated start on GL Thread
11-17 19:25:45.490 I/CAM_CameraRenderEngine(30869): mActivity 146827184
11-17 19:25:45.490 V/CAM_CameraScreenNail(30869): acquireSurfaceTexture
11-17 19:25:45.490 D/CAM_CameraRenderEngine(30869): setPreviewSurface surface=Surface(name=null mNativeObject=-5476376616158662496)/@0xd2ede8c
11-17 19:25:45.490 D/CAM_STScreenNail(30869): acquireSurfaceTexture: mHasTexture = false
11-17 19:25:45.490 D/CAM_CameraRenderEngine(30869): onSurfaceChanged end
11-17 19:25:45.490 D/CAM_CRE_MIGL(30869): ExtTexture glGenTextures: 1
11-17 19:25:45.490 D/CAM_ExtTexture(30869): texId=1
11-17 19:25:45.491 D/CAM_STScreenNail(30869): acquireSurfaceTexture: setDefaultBufferSize 1080x1440
11-17 19:25:45.491 I/CAM_STScreenNail(30869): fullHandlerCapacity:set urgent display
11-17 19:25:45.491 D/CAM_NailListenerV1(30869): onSurfaceTextureCreated surfaceTexture:android.graphics.SurfaceTexture@a78fe51
11-17 19:25:45.491 D/CAM_ActivityBase(30869): updateSurfaceState: 4
11-17 19:25:45.491 D/CAM_Camera2OpenOnSubScribe(30869): onGlSurfaceCreated: mSingleEmitter = true
11-17 19:25:45.491 D/CAM_Camera2OpenOnSubScribe(30869): onGlSurfaceCreated: mSingleEmitter already disposed
11-17 19:25:45.491 V/CAM_BaseModule(30869): checkDisplayOrientation: 0 | 90
11-17 19:25:45.491 V/CAM_FaceView(30869): mCameraDisplayOrientation=90
11-17 19:25:45.491 D/CAM_CameraSizeManager(30869): setVideoSize 1080x1440
11-17 19:25:45.491 D/CAM_u   (30869): updateCameraScreenNailSize: 1440x1080
11-17 19:25:45.491 D/CAM_STScreenNail(30869): setDefaultBufferSize: 1440 | 1080
11-17 19:25:45.491 D/CAM_Camera2Module(30869): updatePreviewSurface: surfaceTexture = android.graphics.SurfaceTexture@a78fe51
11-17 19:25:45.491 D/CAM_MiCamera2(30869): E: updateDeferPreviewSession
11-17 19:25:45.492 W/CAM_MiCamera2(30869): X: updateDeferPreviewSession: capture session is not ready
11-17 19:25:45.494 I/Gralloc4(30869): Adding additional valid usage bits: 0x546c08202000
11-17 19:25:45.495 D/BaseDepthController( 2937): mSurface is null and mCurrentBlur is: 0
11-17 19:25:45.501 D/CAM_CRE_MIGL(30869): ShaderUtil glCreateProgram: 3
11-17 19:25:45.502 D/CAM_CRE_MIGL(30869): ShaderUtil glDeleteShader: 1
11-17 19:25:45.502 D/CAM_CRE_MIGL(30869): ShaderUtil glDeleteShader: 2
11-17 19:25:45.502 D/CAM_EffectRenderGroup(30869): onEffectChanged: EFFECT_CHANGE_FILTER mEffectId = 66048
11-17 19:25:45.502 D/CAM_CRE_MIGL(30869): ShaderUtil glCreateProgram: 6
11-17 19:25:45.503 D/CAM_CRE_MIGL(30869): ShaderUtil glDeleteShader: 4
11-17 19:25:45.503 D/CAM_CRE_MIGL(30869): ShaderUtil glDeleteShader: 5
11-17 19:25:45.503 D/CAM_CameraRenderEngine(30869): onSurfaceCreated end on GL Thread
11-17 19:25:45.503 D/CAM_CameraRenderEngine(30869): onSurfaceChanged start on GL Thread
11-17 19:25:45.503 V/CAM_CameraScreenNail(30869): acquireSurfaceTexture
11-17 19:25:45.503 D/CAM_STScreenNail(30869): acquireSurfaceTexture: mHasTexture = true
11-17 19:25:45.503 D/CAM_ActivityBase(30869): updateSurfaceState: 4
11-17 19:25:45.503 D/CAM_Camera2OpenOnSubScribe(30869): onGlSurfaceCreated: mSingleEmitter = true
11-17 19:25:45.503 D/CAM_Camera2OpenOnSubScribe(30869): onGlSurfaceCreated: mSingleEmitter already disposed
11-17 19:25:45.503 V/CAM_BaseModule(30869): checkDisplayOrientation: 0 | 90
11-17 19:25:45.503 V/CAM_FaceView(30869): mCameraDisplayOrientation=90
11-17 19:25:45.503 D/CAM_CameraSizeManager(30869): setVideoSize 1080x1440
11-17 19:25:45.503 D/CAM_u   (30869): updateCameraScreenNailSize: 1440x1080
11-17 19:25:45.503 D/CAM_STScreenNail(30869): setDefaultBufferSize: 1440 | 1080
11-17 19:25:45.503 D/CAM_Camera2Module(30869): updatePreviewSurface: surfaceTexture = android.graphics.SurfaceTexture@a78fe51
11-17 19:25:45.503 D/CAM_MiCamera2(30869): E: updateDeferPreviewSession
11-17 19:25:45.503 W/CAM_MiCamera2(30869): X: updateDeferPreviewSession: capture session is not ready
11-17 19:25:45.503 D/CAM_CameraRenderEngine(30869): onSurfaceChanged requestRender mRenderRequested=false
11-17 19:25:45.503 D/CAM_CameraRenderEngine(30869): onSurfaceChanged end on GL Thread
11-17 19:25:45.503 D/CAM_CameraRenderEngine(30869): getWindowSurface start, updated=true surface=Surface(name=null mNativeObject=-5476376616158662496)/@0xd2ede8c
11-17 19:25:45.503 D/CAM_CameraRenderEngine(30869): getEglWindowSurfaceAttributes: NONE
11-17 19:25:45.503 D/CAM_CRE_EglWindowSurface(30869): EglWindowSurface init start
11-17 19:25:45.504 D/CAM_CRE_EglCore(30869): createWindowSurfaceInner -5476376616695501136
11-17 19:25:45.504 D/CAM_CRE_EglWindowSurface(30869): EglWindowSurface init end
11-17 19:25:45.504 D/CAM_CameraRenderEngine(30869): getWindowSurface end, cost=1
11-17 19:25:45.504 V/CAM_CameraRenderEngine(30869): onDrawFrame rendering count:0
11-17 19:25:45.504 W/CAM_CameraScreenNail(30869): draw: firstFrame=false surface=android.graphics.SurfaceTexture@a78fe51
11-17 19:25:45.508 D/CAM_ActivityBase(30869): onCameraUnavailable: 0
11-17 19:25:45.508 D/CAM_ActivityBase(30869): onCameraAvailable: 1
11-17 19:25:45.508 D/CAM_ActivityBase(30869): onCameraAvailable: 2
11-17 19:25:45.508 D/CAM_ActivityBase(30869): onCameraAvailable: 3
11-17 19:25:45.508 D/CAM_ActivityBase(30869): onCameraAvailable: 4
11-17 19:25:45.508 D/CAM_ActivityBase(30869): onCameraAvailable: 5
11-17 19:25:45.508 D/CAM_ActivityBase(30869): onCameraAvailable: 6
11-17 19:25:45.508 D/CAM_ActivityBase(30869): onCameraAvailable: 7
11-17 19:25:45.508 D/CAM_ActivityBase(30869): onCameraAvailable: 8
11-17 19:25:45.508 D/CAM_ActivityBase(30869): onCameraAvailable: 9
11-17 19:25:45.508 D/CAM_ActivityBase(30869): onCameraAvailable: 10
11-17 19:25:45.509 D/CAM_BatteryDetector(30869): onReceive battery = 85 cutoff = false
11-17 19:25:45.509 D/CAM_BatteryDetector(30869): onBatteryNotification action=0 caller = d.c.a.j3.k(Unknown Source:19), d.c.a.j3.c(Unknown Source:0), d.c.a.j3$a.onReceive(Unknown Source:122), android.app.LoadedApk$ReceiverDispatcher$Args.lambda$getRunnable$0(LoadedApk.java:1839), android.app.LoadedApk$ReceiverDispatcher$Args.$r8$lambda$mcNAAl1SQ4MyJPyDg8TJ2x2h0Rk(Unknown Source:0), 
11-17 19:25:45.509 D/CAM_DragLayout(30869): setDragEnable mDragMode : false, mPromptMode : false,mBar : null,withAnim : false
11-17 19:25:45.510 D/CAM_Camera@146827184(30869): showGuide = 163  isCtsCall = false
11-17 19:25:45.510 I/CAM_PermissionManager(30869): getNeedCheckPermissionList() listSize =0
11-17 19:25:45.510 I/CAM_PermissionManager(30869): checkCameraLocationPermissions(), all on
11-17 19:25:45.510 I/CAM_PermissionManager(30869): getNeedCheckPermissionList() listSize =0
11-17 19:25:45.510 I/CAM_PermissionManager(30869): checkCameraLaunchPermissions(), all on
11-17 19:25:45.510 D/CAM_ThumbnailUpdater(30869): LoadThumbnailTask onPostExecute, thumbnail is Thumbnail{mUri=content://media/external/images/media/1000005236, mBitmap=android.graphics.Bitmap@6a2da2c, mFromFile=true, mWaitingForUri=false, mIsGif=false, gifWidth=-1, gifHeight=-1, applied=false}, not canceled, noNeedUpdateThumbnail is false
11-17 19:25:45.510 D/CAM_ThumbnailUpdater(30869): LoadThumbnailTask: thumbnail on task complete: null
11-17 19:25:45.510 D/CAM_ThumbnailUpdater(30869): setThumbnail mLastUri=content://media/external/images/media/1000005236
11-17 19:25:45.511 D/CAM_Thumbnail(30869): setBitmapApplied(content://media/external/images/media/1000005236): true
11-17 19:25:45.511 D/CAM_FragmentBottomAction(30869): updateThumbnail: update image: Thumbnail{mUri=content://media/external/images/media/1000005236, mBitmap=android.graphics.Bitmap@6a2da2c, mFromFile=true, mWaitingForUri=false, mIsGif=false, gifWidth=-1, gifHeight=-1, applied=true}
11-17 19:25:45.512 D/BaseDepthController( 2937): mSurface is null and mCurrentBlur is: 0
11-17 19:25:45.515 I/ActivityTaskManager( 1811): Displayed com.android.camera/.Camera for user 0: +490ms
11-17 19:25:45.515 D/CAM_ZoomRatioToggleView(30869): setVisibility(): VISIBLE
11-17 19:25:45.516 I/CVP     ( 1085): File: vendor/qcom/proprietary/cv-noship/cvp/2.0/src/cpu/platform/android/cvpSession.cpp Line: 173 Function: cvpGetDebugEnable() Msg:  CVP Debug Logs Disabled 
11-17 19:25:45.522 I/CVP     ( 1085): File: vendor/qcom/proprietary/cv-noship/cvp/2.0/src/cpu/cvpPower.cpp Line: 621 Function: cvpEstimatePowerDme() Msg: DME Voting
11-17 19:25:45.522 I/CVP     ( 1085): File: vendor/qcom/proprietary/cv-noship/cvp/2.0/src/cpu/cvpPower.cpp Line: 1573 Function: cvpAggreatePower() Msg: After aggregation
11-17 19:25:45.522 I/CVP     ( 1085): File: vendor/qcom/proprietary/cv-noship/cvp/2.0/src/cpu/cvpPower.cpp Line: 85 Function: cvpPrintPower() Msg: Actual      Clock: Fdu 18003600, Ica 2703360, Od 0, Mpu 0, Fw 50400000
11-17 19:25:45.522 I/CVP     ( 1085): File: vendor/qcom/proprietary/cv-noship/cvp/2.0/src/cpu/cvpPower.cpp Line: 89 Function: cvpPrintPower() Msg: Operational Clock: Fdu 18003600, Ica 2703360, Od 0, Mpu 0, Fw 50400000
11-17 19:25:45.522 I/CVP     ( 1085): File: vendor/qcom/proprietary/cv-noship/cvp/2.0/src/cpu/cvpPower.cpp Line: 91 Function: cvpPrintPower() Msg: Actual     Bw: Ddr 72464940, SysCache 0
11-17 19:25:45.522 I/CVP     ( 1085): File: vendor/qcom/proprietary/cv-noship/cvp/2.0/src/cpu/cvpPower.cpp Line: 93 Function: cvpPrintPower() Msg: Opeational Bw: Ddr 72464940, SysCache 0
11-17 19:25:45.522 I/CVP     ( 1085): File: vendor/qcom/proprietary/cv-noship/cvp/2.0/src/cpu/cvpPvtUtils.cpp Line: 138 Function: cvpSetPower() Msg: Update power to KMD
11-17 19:25:45.522 I/CVP     ( 1085): File: vendor/qcom/proprietary/cv-noship/cvp/2.0/src/cpu/cvpPower.cpp Line: 85 Function: cvpPrintPower() Msg: Actual      Clock: Fdu 18003600, Ica 2703360, Od 0, Mpu 0, Fw 50400000
11-17 19:25:45.522 I/CVP     ( 1085): File: vendor/qcom/proprietary/cv-noship/cvp/2.0/src/cpu/cvpPower.cpp Line: 89 Function: cvpPrintPower() Msg: Operational Clock: Fdu 18003600, Ica 2703360, Od 0, Mpu 0, Fw 50400000
11-17 19:25:45.522 I/CVP     ( 1085): File: vendor/qcom/proprietary/cv-noship/cvp/2.0/src/cpu/cvpPower.cpp Line: 91 Function: cvpPrintPower() Msg: Actual     Bw: Ddr 72464940, SysCache 0
11-17 19:25:45.522 I/CVP     ( 1085): File: vendor/qcom/proprietary/cv-noship/cvp/2.0/src/cpu/cvpPower.cpp Line: 93 Function: cvpPrintPower() Msg: Opeational Bw: Ddr 72464940, SysCache 0
11-17 19:25:45.529 D/BaseDepthController( 2937): mSurface is null and mCurrentBlur is: 0
11-17 19:25:45.537 D/CAM_Camera@146827184(30869): isFromKeyguard: false
11-17 19:25:45.537 I/CAM_Camera@146827184(30869): [K_PROCESS]: onWindowFocusChanged: hasFocus: true, isFromKeyguard: false
11-17 19:25:45.537 I/CAM_Camera@146827184(30869): [K_PROCESS]: camera2Proxy=d.c.b.p4@4c645ac - cid: 0; isCameraDisconnected=false
11-17 19:25:45.537 D/CAM_Camera2Module(30869): onWindowFocusChanged: true
11-17 19:25:45.537 V/CAM_CameraBrightness(30869): onWindowFocusChanged hasFocus=true mFirstFocusChanged=false
11-17 19:25:45.539 D/CompatChangeReporter( 1811): Compat change id reported: 214016041; UID 10586; state: ENABLED
11-17 19:25:45.544 I/ImeTracker( 1811): system_server:fc121fa5: onRequestHide at ORIGIN_SERVER reason IME_REQUESTED_CHANGED_LISTENER fromUser false
11-17 19:25:45.545 I/ImeTracker( 1811): system_server:fc121fa5: onCancelled at PHASE_SERVER_SHOULD_HIDE
11-17 19:25:45.546 D/BaseDepthController( 2937): mSurface is null and mCurrentBlur is: 0
11-17 19:25:45.549 W/w       ( 3923): onStartInput event aborted
11-17 19:25:45.549 W/w       ( 3923): ic0.t: could not obtain extracted text
11-17 19:25:45.549 W/w       ( 3923): 	at ic0.h0.G(Unknown Source:339)
11-17 19:25:45.549 W/w       ( 3923): 	at c70.a0.h(Unknown Source:282)
11-17 19:25:45.549 W/w       ( 3923): 	at c70.j2.h(Unknown Source:2)
11-17 19:25:45.549 W/w       ( 3923): 	at com.touchtype.KeyboardService.onStartInput(Unknown Source:11)
11-17 19:25:45.549 W/w       ( 3923): 	at android.inputmethodservice.InputMethodService.doStartInput(InputMethodService.java:3540)
11-17 19:25:45.549 W/w       ( 3923): 	at android.inputmethodservice.InputMethodService$InputMethodImpl.startInput(InputMethodService.java:884)
11-17 19:25:45.549 W/w       ( 3923): 	at android.inputmethodservice.InputMethodService$InputMethodImpl.dispatchStartInput(InputMethodService.java:913)
11-17 19:25:45.549 W/w       ( 3923): 	at android.inputmethodservice.IInputMethodWrapper.executeMessage(IInputMethodWrapper.java:201)
11-17 19:25:45.549 W/w       ( 3923): 	at com.android.internal.os.HandlerCaller$MyHandler.handleMessage(HandlerCaller.java:44)
11-17 19:25:45.549 W/w       ( 3923): 	at android.os.Handler.dispatchMessage(Handler.java:110)
11-17 19:25:45.549 W/w       ( 3923): 	at android.os.Looper.loopOnce(Looper.java:248)
11-17 19:25:45.549 W/w       ( 3923): 	at android.os.Looper.loop(Looper.java:338)
11-17 19:25:45.549 W/w       ( 3923): 	at android.app.ActivityThread.main(ActivityThread.java:9145)
11-17 19:25:45.549 W/w       ( 3923): 	at java.lang.reflect.Method.invoke(Native Method)
11-17 19:25:45.549 W/w       ( 3923): 	at com.android.internal.os.RuntimeInit$MethodAndArgsCaller.run(RuntimeInit.java:596)
11-17 19:25:45.549 W/w       ( 3923): 	at com.android.internal.os.ZygoteInit.main(ZygoteInit.java:940)
11-17 19:25:45.563 D/BaseDepthController( 2937): mSurface is null and mCurrentBlur is: 0
11-17 19:25:45.580 D/BaseDepthController( 2937): mSurface is null and mCurrentBlur is: 0
11-17 19:25:45.597 D/BaseDepthController( 2937): mSurface is null and mCurrentBlur is: 0
11-17 19:25:45.604 W/ServiceManagerCppClient( 1811): Waited one second for stats (is service started? Number of threads started in the threadpool: 32. Are binder threads started and available?)
11-17 19:25:45.614 D/BaseDepthController( 2937): mSurface is null and mCurrentBlur is: 0
11-17 19:25:45.615 D/BaseDepthController( 2937): mSurface is null and mCurrentBlur is: 0
11-17 19:25:45.615 D/SsBaseTemplateCard( 2937): No text view can be set up
11-17 19:25:45.616 I/SsBaseTemplateCard( 2937): setFormattedContentDescription: text=11°C, iconDescription=Despejado, contentDescription=Despejado, 11°C
11-17 19:25:45.616 D/SsBaseTemplateCard( 2937): Passed-in item info is null
11-17 19:25:45.616 D/SsBaseTemplateCard( 2937): Passed-in item info is null
11-17 19:25:45.616 I/SsBaseTemplateCard( 2937): Secondary card pane is null
11-17 19:25:45.620 D/b/387844520( 2937): getOutlineOffsetX: measured width = 182, mNormalizedIconSize = 167, last updated width = 182
11-17 19:25:45.624 V/WindowManager( 1811): Finish Transition (#236): created at 11-17 19:25:45.027 collect-started=0.454ms request-sent=12.754ms started=14.049ms ready=48.38ms sent=49.917ms commit=17.919ms finished=596.383ms
11-17 19:25:45.625 D/KeyguardService( 2668): setOccluded(false)
11-17 19:25:45.626 D/KeyguardViewMediator( 2668): setOccluded(false)
11-17 19:25:45.626 D/KeyguardViewMediator( 2668): handleSetOccluded(false)
11-17 19:25:45.626 D/KeyguardService( 2668): setOccluded(false)
11-17 19:25:45.626 D/KeyguardViewMediator( 2668): KeyguardViewMediator queue processing message: SET_OCCLUDED
11-17 19:25:45.626 D/KeyguardViewMediator( 2668): setOccluded(false)
11-17 19:25:45.626 D/KeyguardViewMediator( 2668): handleSetOccluded(false)
11-17 19:25:45.626 I/hwservicemanager(  668): getTransport: Cannot find entry vendor.qti.hardware.servicetracker@1.2::IServicetracker/default in either framework or device VINTF manifest.
11-17 19:25:45.626 D/KeyguardViewMediator( 2668): KeyguardViewMediator queue processing message: SET_OCCLUDED
11-17 19:25:45.627 W/ActivityTaskManager( 1811): servicetracker HIDL not available
11-17 19:25:45.627 E/ActivityTaskManager( 1811): Unable to get servicetracker HAL instance
11-17 19:25:45.627 I/hwservicemanager(  668): getTransport: Cannot find entry vendor.qti.hardware.servicetracker@1.2::IServicetracker/default in either framework or device VINTF manifest.
11-17 19:25:45.627 W/ActivityTaskManager( 1811): servicetracker HIDL not available
11-17 19:25:45.627 E/ActivityTaskManager( 1811): Unable to get servicetracker HAL instance
11-17 19:25:45.636 D/VRI[NexusLauncherActivity]( 2937): visibilityChanged oldVisibility=true newVisibility=false
11-17 19:25:45.639 D/ConnectivityService( 1811): requestNetwork for uid/pid:10678/2668 asUid: 10586 activeRequest: null callbackRequest: 1598 [NetworkRequest [ REQUEST id=1599, [ Capabilities: INTERNET&NOT_RESTRICTED&TRUSTED&NOT_VCN_MANAGED&NOT_BANDWIDTH_CONSTRAINED Uid: 10586 RequestorUid: 10678 RequestorPkg: com.android.systemui UnderlyingNetworks: Null] ]] callback flags: 0 order: 2147483647 isUidTracked: false declaredMethods: AVAIL|BLK
11-17 19:25:45.642 D/WifiNetworkFactory( 1811): got request NetworkRequest [ REQUEST id=1599, [ Capabilities: INTERNET&NOT_RESTRICTED&TRUSTED&NOT_VCN_MANAGED&NOT_BANDWIDTH_CONSTRAINED Uid: 10586 RequestorUid: 10678 RequestorPkg: com.android.systemui UnderlyingNetworks: Null] ]
11-17 19:25:45.642 D/UntrustedWifiNetworkFactory( 1811): got request NetworkRequest [ REQUEST id=1599, [ Capabilities: INTERNET&NOT_RESTRICTED&TRUSTED&NOT_VCN_MANAGED&NOT_BANDWIDTH_CONSTRAINED Uid: 10586 RequestorUid: 10678 RequestorPkg: com.android.systemui UnderlyingNetworks: Null] ]
11-17 19:25:45.642 D/OemPaidWifiNetworkFactory( 1811): got request NetworkRequest [ REQUEST id=1599, [ Capabilities: INTERNET&NOT_RESTRICTED&TRUSTED&NOT_VCN_MANAGED&NOT_BANDWIDTH_CONSTRAINED Uid: 10586 RequestorUid: 10678 RequestorPkg: com.android.systemui UnderlyingNetworks: Null] ]
11-17 19:25:45.642 D/MultiInternetWifiNetworkFactory( 1811): got request NetworkRequest [ REQUEST id=1599, [ Capabilities: INTERNET&NOT_RESTRICTED&TRUSTED&NOT_VCN_MANAGED&NOT_BANDWIDTH_CONSTRAINED Uid: 10586 RequestorUid: 10678 RequestorPkg: com.android.systemui UnderlyingNetworks: Null] ]
11-17 19:25:45.642 D/ConnectivityService( 1811): NetReassign [1599 : null → 100] [c 0] [a 1] [i 1]
11-17 19:25:45.643 D/BaseDepthController( 2937): setSurface:
11-17 19:25:45.643 D/BaseDepthController( 2937): 	mWaitingOnSurfaceValidity: false
11-17 19:25:45.643 D/BaseDepthController( 2937): 	mBaseSurface: null
11-17 19:25:45.644 D/BaseDepthController( 2937): mSurface is null and mCurrentBlur is: 0
11-17 19:25:45.645 D/StateManager( 2937): goToState - fromState: Normal, toState: Normal, partial trace:
11-17 19:25:45.645 D/StateManager( 2937): 	at com.android.launcher3.statemanager.StateManager.moveToRestState(go/retraceme 72a59688580715d19f0e415c69e80376c2f062d1648c80db6730905005a27c20:4)
11-17 19:25:45.645 D/StateManager( 2937): 	at com.android.launcher3.statemanager.StateManager.moveToRestState(go/retraceme 72a59688580715d19f0e415c69e80376c2f062d1648c80db6730905005a27c20:1)
11-17 19:25:45.645 D/StateManager( 2937): 	at com.android.launcher3.statemanager.StatefulActivity.onStop(go/retraceme 72a59688580715d19f0e415c69e80376c2f062d1648c80db6730905005a27c20:34)
11-17 19:25:45.645 D/StatsLog( 2937): LAUNCHER_ONSTOP
11-17 19:25:45.645 D/OneSearchSuggestProvider( 2937): Forcefully shut down the binder channel
11-17 19:25:45.645 D/GmsPlayProvider( 2937): Forcefully shut down the binder channel
11-17 19:25:45.648 D/StatsLog( 2937): LAUNCHER_GOOGLE_SEARCH_RESTORE_LIST_SIZE_AFTER_ACTIVITY_RESTART
11-17 19:25:45.652 D/NexusLauncherModelDelegate( 2937): notifySmartspaceEvent: SmartspaceTargetEvent{mSmartspaceTarget=null, mSmartspaceActionId='null', mEventType=7}
11-17 19:25:45.653 D/NexusLauncherModelDelegate( 2937): notifySmartspaceEvent: SmartspaceTargetEvent{mSmartspaceTarget=null, mSmartspaceActionId='null', mEventType=7}
11-17 19:25:45.655 I/AiAiEcho( 3956): AmbientDataPredictorImpl No tracked ambient data found for ID: null; for event type: 7, skipping event processing.
11-17 19:25:45.655 D/Camera3-Device( 1520): Set real time priority for request queue thread (tid 30925)
11-17 19:25:45.655 D/Camera3-Utils( 1520): Set regular priority for thread (tid 14997)
11-17 19:25:45.655 I/AiAiEcho( 3956): AmbientDataPredictorImpl No tracked ambient data found for ID: null; for event type: 7, skipping event processing.
11-17 19:25:45.656 I/CAM_MiCamera2(30869): [K_PROCESS]: onConfigured: id = 1, session = android.hardware.camera2.impl.CameraCaptureSessionImpl@40b9d69, Reprocessable = false
11-17 19:25:45.656 D/CAM_SocketController(30869): onCreate: 
11-17 19:25:45.656 D/CAM_SocketManager(30869): setBlockHeartbeat: false
11-17 19:25:45.656 W/.android.camera(30869): Long monitor contention with owner CameraSetup (30903) at void android.hardware.camera2.impl.CameraDeviceImpl.waitUntilIdle()(CameraDeviceImpl.java:1750) waiters=0 in void android.hardware.camera2.impl.CameraDeviceImpl$6.run() for 242ms
11-17 19:25:45.656 D/CAM_RenderEngineV1(30869): V1: setSurfaceTextureDataSpaceTranslator: not supported
11-17 19:25:45.656 D/CAM_RenderEngineV1(30869): V1: setTextureColorSpace: SRGB
11-17 19:25:45.656 D/CAM_STScreenNail(30869): setTextureColorSpace: SRGB
11-17 19:25:45.656 D/CAM_EffectController(30869): setRenderEngine: d.c.a.r7.p2.s@b1e33ee this:com.android.camera2.compat.theme.custom.cv.filter.EffectControllerCv@7c2d08f
11-17 19:25:45.656 D/CAM_RenderEngineV1(30869): V1: setDisplayColorSpace: SRGB
11-17 19:25:45.656 D/CAM_CameraRenderEngine(30869): setDisplayColorSpace: SRGB
11-17 19:25:45.656 D/CAM_CameraRenderEngine(30869): setDisplayColorSpace: nothing change.
11-17 19:25:45.656 D/CAM_BaseModule(30869): onRenderEngineCreate, engine = d.c.a.r7.p2.s@b1e33ee, ColorSpace.Description(tex: SRGB, dpy: SRGB)
11-17 19:25:45.656 D/CAM_CaptureModule(30869): onRenderEngineCreate camId:0
11-17 19:25:45.656 D/CAM_BaseModule(30869): registerProtocol
11-17 19:25:45.657 I/CAM_BaseModule(30869): onResume: u@6965305: mid = 163, cid = 0, created = true, departed = false
11-17 19:25:45.657 D/CAM_SocketController(30869): onResume: 
11-17 19:25:45.657 I/CAM_PerformanceManager(30869): [P_PERFORM]: Action: 4:[HAL]createCaptureSession@0_163_0 takes 243 ms
11-17 19:25:45.657 I/CAM_MiCamera2(30869): [K_PROCESS]: onConfigured: is mDeferOutputConfigurations null: false
11-17 19:25:45.657 D/CAM_MiCamera2(30869): E: updateDeferPreviewSession
11-17 19:25:45.657 I/hwservicemanager(  668): getTransport: Cannot find entry vendor.qti.hardware.servicetracker@1.2::IServicetracker/default in either framework or device VINTF manifest.
11-17 19:25:45.657 W/cameraserver( 1520): createConfiguredSurface: Camera 0 with consumer usage flag: 256: Forcing asynchronous mode forstream
11-17 19:25:45.658 W/cameraserver( 1520): createConfiguredSurface: Camera 0: Overriding format 0x1 to IMPLEMENTATION_DEFINED
11-17 19:25:45.658 W/ActivityTaskManager( 1811): servicetracker HIDL not available
11-17 19:25:45.658 E/ActivityTaskManager( 1811): Unable to get servicetracker HAL instance
11-17 19:25:45.658 I/hwservicemanager(  668): getTransport: Cannot find entry vendor.qti.hardware.servicetracker@1.2::IServicetracker/default in either framework or device VINTF manifest.
11-17 19:25:45.658 W/ActivityTaskManager( 1811): servicetracker HIDL not available
11-17 19:25:45.658 E/ActivityTaskManager( 1811): Unable to get servicetracker HAL instance
11-17 19:25:45.659 D/BackgroundInstallControlService( 1811): Package event received: 0
11-17 19:25:45.659 D/CAM_MiCamera2(30869): updateDeferPreviewSession: finalizeOutputConfigurations success
11-17 19:25:45.659 E/CAM_ImageReaderSurface(30869): getValueFromSparseArray: no original values
11-17 19:25:45.659 D/CAM_Camera2Module(30869): onPreviewSessionSuccess: j u@6965305: mid = 163, cid = 0, created = true, departed = false
11-17 19:25:45.659 D/CAM_BaseModuleCameraManager(30869): setCameraState: 1
11-17 19:25:45.659 D/CAM_BaseModule(30869): types:24,2,26,27,28,29,46,47,7,8,10,11,14,4,13,41,5,9,20,34,23,36,73,37,42,43,48,49,52,56,30,61,62,66,60,75,70,76,78,77,84,92,94,98,109,104,114,111,112,113,, u@6965305: mid = 163, cid = 0, created = true, departed = false
11-17 19:25:45.659 D/CAM_MiCamera2(30869): X: updateDeferPreviewSession
11-17 19:25:45.659 D/CAM_SocketManager(30869): addEventListener: 222231423
11-17 19:25:45.660 I/CAM_PerformanceManager(30869): [P_PERFORM]: Action: A4:switch_module_setup_163_0 takes 304 ms
11-17 19:25:45.660 D/CAM_DataItemGlobal(30869): reInit: mLastCameraId = 0, currentCameraId = 0
11-17 19:25:45.660 I/CAM_PerformanceManager(30869): [P_PERFORM]: Action: A5:switch_data_setup_163_0 takes 0 ms
11-17 19:25:45.660 V/CAM_CameraConfigManager(30869): setDeviceOrientation: 0
11-17 19:25:45.660 D/CAM_Camera@146827184(30869): showGuide = 163  isCtsCall = false
11-17 19:25:45.660 D/CAM_BaseModule(30869): accept 24,2,26,27,28,29,46,47,7,8,10,11,14,4,13,41,5,9,20,34,23,36,73,37,42,43,48,49,52,56,30,61,62,66,60,75,70,76,78,77,84,92,94,98,109,104,114,111,112,113,. d.c.a.q6.r7$e@7abf74c
11-17 19:25:45.660 I/CAM_PermissionManager(30869): getNeedCheckPermissionList() listSize =0
11-17 19:25:45.660 D/CAM_BaseModule(30869): begin to consumePreference..
11-17 19:25:45.660 I/CAM_PermissionManager(30869): checkCameraLocationPermissions(), all on
11-17 19:25:45.660 W/CAM_Camera2CompatAdapterRole(30869): Warning: getAuxCameraId(): #init() failed, roleId=20
11-17 19:25:45.660 W/CAM_Camera2CompatAdapterRole(30869): Warning: getUltraTeleCameraId(): #init() failed, roleId=23
11-17 19:25:45.660 D/CAM_ZoomManager(30869): applyZoomRatio(): apply zoom ratio to device = 1.0
11-17 19:25:45.660 V/CAM_CameraConfigManager(30869): setZoomRatio(): 1.0
11-17 19:25:45.660 D/CAM_CameraConfigs(30869): zoom ratio diff: 0.0
11-17 19:25:45.660 D/CAM_HybridZoomingSystem(30869): toCropRegion(): zoom ratio = 1.0, crop region = Rect(0, 0 - 6016, 4512)
11-17 19:25:45.660 I/CAM_PermissionManager(30869): getNeedCheckPermissionList() listSize =0
11-17 19:25:45.660 I/CAM_PermissionManager(30869): checkCameraLaunchPermissions(), all on
11-17 19:25:45.660 D/CAM_RequestVendorTag(30869): applyCropRegion: rect = Rect(0, 0 - 6016, 4512)
11-17 19:25:45.660 V/CAM_BaseModule(30869): onPreviewLayoutChanged: Rect(0, 246 - 1080, 1686)
11-17 19:25:45.660 D/CAM_STScreenNail(30869): setDisplayArea Rect(0, 246 - 1080, 1686)
11-17 19:25:45.660 D/CAM_CameraScreenNail(30869): setPreviewFrameLayoutSize: 1080x1440
11-17 19:25:45.660 V/CAM_CaptureRequestBuilder(30869): applyZoomRatio(): cameraId = 0, zoomRatio = 1.0, activeArraySize = Rect(0, 0 - 6016, 4512), cropRegion = Rect(0, 0 - 6016, 4512)
11-17 19:25:45.660 V/CAM_STScreenNail(30869): updateReadPixelsSize: 720x960
11-17 19:25:45.661 E/CAM_FocusManagerAbstract(30869): setRenderSize: 1080 | 1440
11-17 19:25:45.661 D/CAM_Camera2Module(30869): setEffectFilter: 66048
11-17 19:25:45.661 D/CAM_FocusManager(30869): setPreviewSize: 1080x1440
11-17 19:25:45.661 D/CAM_EffectRenderGroup(30869): onEffectChanged: EFFECT_CHANGE_FILTER mEffectId = 66048
11-17 19:25:45.661 D/CAM_AiSceneManager(30869): setAiSceneEffect: 0
11-17 19:25:45.661 D/CAM_EffectController(30869): getAiColorCorrectionVersion: 2
11-17 19:25:45.661 D/CAM_EffectController(30869): getAiColorCorrectionVersion: 2
11-17 19:25:45.661 D/CAM_EffectRenderGroup(30869): onEffectChanged: EFFECT_CHANGE_FILTER mEffectId = 66048
11-17 19:25:45.661 V/CAM_CameraConfigManager(30869): setContrast: 5
11-17 19:25:45.661 V/CAM_CameraConfigManager(30869): setSaturation: 3
11-17 19:25:45.661 I/CAM_ AdaptiveTv(30869): init:  mMaxFontScale :1.25
11-17 19:25:45.661 V/CAM_CameraConfigManager(30869): setSharpness: 1
11-17 19:25:45.661 D/CAM_ModeSelectViewCV(30869): getHeaderOffset w = 1000, itemWidth = 148, textWidth = 80.0
11-17 19:25:45.661 W/CAM_ImageModuleCameraManager(30869): no consumer for this updateType: 29
11-17 19:25:45.661 D/CAM_ModeSelectViewCV(30869): res = {1.0 214mcc22mnc [es_ES] ldltr sw393dp w393dp h794dp 440dpi nrml long hdr widecg port night finger -keyb/v/h -nav/h winConfig={ mBounds=Rect(0, 0 - 1080, 2340) mAppBounds=Rect(0, 90 - 1080, 2274) mMaxBounds=Rect(0, 0 - 1080, 2340) mDisplayRotation=ROTATION_0 mWindowingMode=fullscreen mActivityType=standard mAlwaysOnTop=undefined mRotation=ROTATION_0} as.3 s.2 fontWeightAdjustment=0}
11-17 19:25:45.661 V/CAM_CameraConfigManager(30869): setExposureMeteringMode: 1
11-17 19:25:45.661 D/CAM_ModeSelectViewCV(30869): moveToPosition select pos = 4, offset = 426, mode = 163
11-17 19:25:45.661 D/CAM_FragmentModeSelector(30869): switchMoreMode open: true, style: 0, mCurrentMode: 163
11-17 19:25:45.661 D/CAM_DragLayout(30869): disableAllMode
11-17 19:25:45.661 D/CAM_DragLayout(30869): setDragEnable mDragMode : false, enable false, force : false
11-17 19:25:45.661 D/CAM_ModeSelectViewCV(30869): updateSelectedItem 163
11-17 19:25:45.662 D/CAM_CameraCapabilities(30869): isSupportNormalWideLDC: true
11-17 19:25:45.662 V/CAM_CameraConfigManager(30869): setNormalWideLDC: false
11-17 19:25:45.662 V/CAM_CameraConfigManager(30869): setUltraWideLDC: false
11-17 19:25:45.662 D/CAM_SocketController(30869): onAvailable: 
11-17 19:25:45.665 I/CAM_ AdaptiveTv(30869): init:  mMaxFontScale :1.25
11-17 19:25:45.665 D/CAM_ModeSelectViewCV(30869): getHeaderOffset w = 1000, itemWidth = 148, textWidth = 80.0
11-17 19:25:45.665 D/CAM_ModeSelectViewCV(30869): res = {1.0 214mcc22mnc [es_ES] ldltr sw393dp w393dp h794dp 440dpi nrml long hdr widecg port night finger -keyb/v/h -nav/h winConfig={ mBounds=Rect(0, 0 - 1080, 2340) mAppBounds=Rect(0, 90 - 1080, 2274) mMaxBounds=Rect(0, 0 - 1080, 2340) mDisplayRotation=ROTATION_0 mWindowingMode=fullscreen mActivityType=standard mAlwaysOnTop=undefined mRotation=ROTATION_0} as.3 s.2 fontWeightAdjustment=0}
11-17 19:25:45.665 D/CAM_ModeSelectViewCV(30869): moveToPosition select pos = 4, offset = 426, mode = 163
11-17 19:25:45.665 D/CAM_FragmentTopBar(30869): notifyDataChanged currentMode = 163
11-17 19:25:45.665 D/CAM_FragmentTopBar(30869): updateConfigItem configItem = 207
11-17 19:25:45.665 D/ConnectivityService( 1811): NetReassign [no changes] [c 1] [a 4] [i 1]
11-17 19:25:45.665 D/CAM_FragmentTopBar(30869): updateConfigItem configItem = 194
11-17 19:25:45.665 D/EndTopBarAdapter(30869): notifyTopBarItemChanged: 194
11-17 19:25:45.665 D/EndTopBarAdapter(30869): changeIndex: 0
11-17 19:25:45.666 D/EndTopBarAdapter(30869): applyChange:194
11-17 19:25:45.666 D/CAM_FragmentTopBar(30869): updateConfigItem configItem = 205
11-17 19:25:45.666 D/CAM_FragmentTopBar(30869): updateConfigItem configItem = 193
11-17 19:25:45.666 D/StartTopBarAdapter(30869): notifyTopBarItemChanged: 193
11-17 19:25:45.666 D/StartTopBarAdapter(30869): changeIndex: 0
11-17 19:25:45.666 D/StartTopBarAdapter(30869): applyChange:193
11-17 19:25:45.666 D/CAM_FragmentBottomPopupTips(30869): updateTipImage mCustomRoot is null : false
11-17 19:25:45.667 D/CAM_CameraCapabilities(30869): isRemoveNevusDefined request : false
11-17 19:25:45.667 W/CAM_ImageModuleCameraManager(30869): no consumer for this updateType: 8
11-17 19:25:45.667 D/CAM_CameraCapabilities(30869): isRemoveNevusDefined request : false
11-17 19:25:45.667 D/CAM_BaseModuleCameraManager(30869): thumbnailSize=320x240
11-17 19:25:45.667 D/CAM_FragmentBottomPopupTips(30869): cancelUpdateTipImage 
11-17 19:25:45.667 D/CAM_BaseModule(30869): flashMode: 0
11-17 19:25:45.667 V/CAM_MiCamera2(30869): setFlashMode: 0
11-17 19:25:45.667 D/CAM_MiCamera2(30869): applyFlashMode: request android.hardware.camera2.CaptureRequest$Builder@7d0cd11, applyType = 1
11-17 19:25:45.667 D/CAM_MiCameraCompat(30869): applyFlashMode: mode = 0
11-17 19:25:45.667 D/CAM_MiCamera2(30869): applyFlashMode: flashMode = 0, mScreenLightCallback = d.c.a.q6.q8.q1@e88ae76
11-17 19:25:45.667 D/CAM_CaptureRequestBuilder(30869): applyScreenLightHint(): false
11-17 19:25:45.668 V/CAM_MiCameraCompat(30869): [K_PROCESS]: applyHDRMode:2
11-17 19:25:45.668 V/CAM_CameraConfigManager(30869): setFocusMode: 4
11-17 19:25:45.668 D/CAM_CaptureRequestBuilder(30869): applyAFRegions: default 0
11-17 19:25:45.668 D/CAM_CaptureRequestBuilder(30869): applyAERegions: default 0
11-17 19:25:45.668 D/CAM_CameraCapabilities(30869): isRemoveNevusDefined request : false
11-17 19:25:45.668 D/CAM_Camera2Module(30869): updateBeauty(): 3d beauty level: i:0 | ss: 0 |sf: 0 | ee: 0 | ns: 0 | rs: 0 | lp: 0 | cn: 0 | nk: 0 | se: 0 | sn: 0 | hl: 0 | solid: 0 | whiten: 0 | makeup: 0| headSlim: 0 | bodySlim: 0 | shoulderSlim: 0 | legSlim: 0 | puffy: 0| wholeBodySlim: 0 | buttSlim: 0 | makeupType: 0 | makeupLevel: 0 | beautyMode: 2 | makeupFilter: 0 | ambientLight: 0
11-17 19:25:45.670 W/CAM_ImageModuleCameraManager(30869): no consumer for this updateType: 41
11-17 19:25:45.670 D/CAM_FaceView(30869): setSkipDraw: mSkipDraw=false
11-17 19:25:45.670 V/CAM_CameraConfigManager(30869): startFaceDetection
11-17 19:25:45.670 D/CAM_MiCameraCompat(30869): applyFaceDetection: true、 faceDetectMode: 1
11-17 19:25:45.670 D/CAM_BaseModule(30869): antiBanding: 3
11-17 19:25:45.670 V/CAM_CameraConfigManager(30869): setAntiBanding: 3
11-17 19:25:45.670 W/CAM_ImageModuleCameraManager(30869): no consumer for this updateType: 20
11-17 19:25:45.670 V/CAM_CameraConfigManager(30869): setEnableOIS true
11-17 19:25:45.670 V/CAM_CaptureRequestBuilder(30869): EIS: off
11-17 19:25:45.670 V/CAM_CaptureRequestBuilder(30869): OIS: on
11-17 19:25:45.670 D/CAM_Camera2Module(30869): SwMfnr is not supported
11-17 19:25:45.670 D/CAM_Camera2Module(30869): setMfnr to true
11-17 19:25:45.670 V/CAM_MiCameraCompat(30869): [K_PROCESS]: applyMfnrEnable: false
11-17 19:25:45.671 D/CAM_Camera2Module(30869): updateDecodePreview: PreviewDecodeManager AlgorithmPreviewSize = 1440x1080
11-17 19:25:45.671 V/CAM_MiCamera2(30869): startPreviewCallback
11-17 19:25:45.671 D/CAM_QRCodeDecoder(30869): startDecode: 154739802
11-17 19:25:45.671 D/CAM_AiSceneManager(30869): setAiSceneEffect: 0
11-17 19:25:45.672 D/CAM_EffectController(30869): getAiColorCorrectionVersion: 2
11-17 19:25:45.672 D/CAM_EffectController(30869): getAiColorCorrectionVersion: 2
11-17 19:25:45.672 D/CAM_EffectRenderGroup(30869): onEffectChanged: EFFECT_CHANGE_FILTER mEffectId = 66048
11-17 19:25:45.672 D/CAM_CaptureRequestBuilder(30869): applyASDScene: 0
11-17 19:25:45.672 D/CAM_BaseModule(30869): flashMode: 0
11-17 19:25:45.672 V/CAM_MiCamera2(30869): setFlashMode: 0
11-17 19:25:45.672 D/CAM_MiCamera2(30869): applyFlashMode: request android.hardware.camera2.CaptureRequest$Builder@7d0cd11, applyType = 1
11-17 19:25:45.672 D/CAM_MiCameraCompat(30869): applyFlashMode: mode = 0
11-17 19:25:45.672 D/CAM_MiCamera2(30869): applyFlashMode: flashMode = 0, mScreenLightCallback = d.c.a.q6.q8.q1@e88ae76
11-17 19:25:45.672 D/CAM_CaptureRequestBuilder(30869): applyScreenLightHint(): false
11-17 19:25:45.672 D/CAM_CameraCapabilities(30869): isRemoveNevusDefined request : false
11-17 19:25:45.672 D/CAM_Camera2Module(30869): updateBeauty(): 3d beauty level: i:0 | ss: 0 |sf: 0 | ee: 0 | ns: 0 | rs: 0 | lp: 0 | cn: 0 | nk: 0 | se: 0 | sn: 0 | hl: 0 | solid: 0 | whiten: 0 | makeup: 0| headSlim: 0 | bodySlim: 0 | shoulderSlim: 0 | legSlim: 0 | puffy: 0| wholeBodySlim: 0 | buttSlim: 0 | makeupType: 0 | makeupLevel: 0 | beautyMode: 2 | makeupFilter: 0 | ambientLight: 0
11-17 19:25:45.672 D/CAM_FragmentBottomPopupTips(30869): toggleSoftLightTip: visible=false
11-17 19:25:45.672 W/CAM_ImageModuleCameraManager(30869): no consumer for this updateType: 73
11-17 19:25:45.672 W/CAM_BaseModuleCameraManager(30869): no consumer for this updateType: 73
11-17 19:25:45.672 W/CAM_ImageModuleCameraManager(30869): no consumer for this updateType: 37
11-17 19:25:45.673 D/CAM_Camera2Module(30869): SwMfnr is not supported
11-17 19:25:45.673 D/CAM_Camera2Module(30869): setSwMfnr to false
11-17 19:25:45.673 D/CAM_Camera2Module(30869): setLightingEffect: 0
11-17 19:25:45.673 D/CAM_EffectRenderGroup(30869): onEffectChanged: EFFECT_CHANGE_FILTER mEffectId = 66048
11-17 19:25:45.673 W/CAM_ImageModuleCameraManager(30869): no consumer for this updateType: 48
11-17 19:25:45.673 W/CAM_ImageModuleCameraManager(30869): no consumer for this updateType: 49
11-17 19:25:45.673 W/CAM_BaseModuleCameraManager(30869): no consumer for this updateType: 49
11-17 19:25:45.673 W/CAM_ImageModuleCameraManager(30869): no consumer for this updateType: 52
11-17 19:25:45.673 D/CAM_Camera2Module(30869): SR is disabled
11-17 19:25:45.673 D/CAM_AbstractFragment(30869): baseUpdateView FragmentReferenceLine, true
11-17 19:25:45.673 I/CAM_PerformanceManager(30869): [P_PERFORM]: Action: A6:switch_ui_setup_163_0 takes 13 ms
11-17 19:25:45.673 W/CAM_ImageModuleCameraManager(30869): no consumer for this updateType: 62
11-17 19:25:45.673 I/CAM_Qigsaw(30869): init currentProcessName = com.android.camera
11-17 19:25:45.673 W/CAM_ImageModuleCameraManager(30869): no consumer for this updateType: 75
11-17 19:25:45.673 V/CAM_CameraConfigManager(30869): setHistogramStatsEnabled: false
11-17 19:25:45.673 V/CAM_CameraConfigManager(30869): setASDEnable: true
11-17 19:25:45.673 D/CAM_BaseModuleCameraManager(30869): updateASD call setASDEnable with true
11-17 19:25:45.673 W/CAM_ImageModuleCameraManager(30869): no consumer for this updateType: 76
11-17 19:25:45.674 W/CAM_Camera2CompatAdapterRole(30869): Warning: getAuxCameraId(): #init() failed, roleId=20
11-17 19:25:45.674 D/CAM_CaptureRequestBuilder(30869): applyDepurpleEnable: dodepurpleEnabled = true
