11-06 20:41:27.381 W/CAM_Camera2CompatAdapterRole(14775): Warning: getAuxCameraId(): #init() failed, roleId=20
11-06 20:41:27.381 W/CAM_Camera2CompatAdapterRole(14775): Warning: getUltraTeleCameraId(): #init() failed, roleId=23
11-06 20:41:27.382 I/hw-BpHwBinder(14775): onLastStrongRef automatically unlinking death recipients
11-06 20:41:27.382 I/hw-BpHwBinder( 1606): onLastStrongRef automatically unlinking death recipients
11-06 20:41:27.384 D/CCodecBufferChannel(14775): [c2.android.vorbis.decoder#654] MediaCodec discarded an unknown buffer
11-06 20:41:27.384 D/CCodecBufferChannel(14775): [c2.android.vorbis.decoder#654] MediaCodec discarded an unknown buffer
11-06 20:41:27.384 D/CCodecBufferChannel(14775): [c2.android.vorbis.decoder#654] MediaCodec discarded an unknown buffer
11-06 20:41:27.385 D/BufferPoolAccessor2.0( 1606): Destruction - bufferpool2 0xb4000075e11fbc18 cached: 0/0M, 0/0% in use; allocs: 0, 0% recycled; transfers: 0, 0% unfetched
11-06 20:41:27.386 I/hw-BpHwBinder(14775): onLastStrongRef automatically unlinking death recipients
11-06 20:41:27.386 I/hw-BpHwBinder( 1606): onLastStrongRef automatically unlinking death recipients
11-06 20:41:27.386 I/hw-BpHwBinder( 1606): onLastStrongRef automatically unlinking death recipients
11-06 20:41:27.387 D/BufferPoolAccessor2.0( 1606): Destruction - bufferpool2 0xb4000075e11f68d8 cached: 0/0M, 0/0% in use; allocs: 0, 0% recycled; transfers: 0, 0% unfetched
11-06 20:41:27.390 D/MediaCodecList(14775): codecHandlesFormat: no format, so no extra checks
11-06 20:41:27.390 D/CCodec  (14775): allocate(c2.android.vorbis.decoder)
11-06 20:41:27.391 D/MediaCodecList(14775): codecHandlesFormat: no format, so no extra checks
11-06 20:41:27.392 D/CCodec  (14775): allocate(c2.android.vorbis.decoder)
11-06 20:41:27.392 I/CCodec  (14775): setting up 'default' as default (vendor) store
11-06 20:41:27.393 I/CCodec  (14775): setting up 'default' as default (vendor) store
11-06 20:41:27.393 I/CCodec  (14775): Created component [c2.android.vorbis.decoder] for [c2.android.vorbis.decoder]
11-06 20:41:27.393 D/CCodecConfig(14775): read media type: audio/vorbis
11-06 20:41:27.394 I/CCodec  (14775): Created component [c2.android.vorbis.decoder] for [c2.android.vorbis.decoder]
11-06 20:41:27.394 D/CCodecConfig(14775): read media type: audio/vorbis
11-06 20:41:27.394 D/ReflectedParamUpdater(14775): extent() != 1 for single value type: algo.buffers.max-count.values
11-06 20:41:27.395 D/ReflectedParamUpdater(14775): extent() != 1 for single value type: output.subscribed-indices.values
11-06 20:41:27.395 D/ReflectedParamUpdater(14775): extent() != 1 for single value type: input.buffers.allocator-ids.values
11-06 20:41:27.395 D/ReflectedParamUpdater(14775): extent() != 1 for single value type: output.buffers.allocator-ids.values
11-06 20:41:27.395 D/ReflectedParamUpdater(14775): extent() != 1 for single value type: algo.buffers.allocator-ids.values
11-06 20:41:27.395 D/ReflectedParamUpdater(14775): extent() != 1 for single value type: output.buffers.pool-ids.values
11-06 20:41:27.395 D/ReflectedParamUpdater(14775): extent() != 1 for single value type: algo.buffers.pool-ids.values
11-06 20:41:27.395 D/ReflectedParamUpdater(14775): extent() != 1 for single value type: algo.buffers.max-count.values
11-06 20:41:27.395 D/ReflectedParamUpdater(14775): extent() != 1 for single value type: output.subscribed-indices.values
11-06 20:41:27.396 I/CCodecConfig(14775): query failed after returning 8 values (BAD_INDEX)
11-06 20:41:27.396 D/CCodecConfig(14775): c2 config diff is Dict {
11-06 20:41:27.396 D/CCodecConfig(14775):   c2::u32 coded.bitrate.value = 64000
11-06 20:41:27.396 D/CCodecConfig(14775):   c2::u32 input.buffers.max-size.value = 32768
11-06 20:41:27.396 D/CCodecConfig(14775):   c2::u32 input.delay.value = 0
11-06 20:41:27.396 D/CCodecConfig(14775):   string input.media-type.value = "audio/vorbis"
11-06 20:41:27.396 D/CCodecConfig(14775):   c2::u32 output.large-frame.max-size = 0
11-06 20:41:27.396 D/CCodecConfig(14775):   c2::u32 output.large-frame.threshold-size = 0
11-06 20:41:27.396 D/CCodecConfig(14775):   string output.media-type.value = "audio/raw"
11-06 20:41:27.396 D/CCodecConfig(14775):   c2::u32 raw.channel-count.value = 1
11-06 20:41:27.396 D/CCodecConfig(14775):   c2::u32 raw.sample-rate.value = 48000
11-06 20:41:27.396 D/CCodecConfig(14775): }
11-06 20:41:27.396 D/ReflectedParamUpdater(14775): extent() != 1 for single value type: input.buffers.allocator-ids.values
11-06 20:41:27.396 D/ReflectedParamUpdater(14775): extent() != 1 for single value type: output.buffers.allocator-ids.values
11-06 20:41:27.396 D/ReflectedParamUpdater(14775): extent() != 1 for single value type: algo.buffers.allocator-ids.values
11-06 20:41:27.396 D/ReflectedParamUpdater(14775): extent() != 1 for single value type: output.buffers.pool-ids.values
11-06 20:41:27.396 D/ReflectedParamUpdater(14775): extent() != 1 for single value type: algo.buffers.pool-ids.values
11-06 20:41:27.396 D/CCodec  (14775): [c2.android.vorbis.decoder] buffers are bound to CCodec for this session
11-06 20:41:27.396 D/CCodecConfig(14775): no c2 equivalents for durationUs
11-06 20:41:27.396 D/CCodecConfig(14775): no c2 equivalents for track-id
11-06 20:41:27.396 D/CCodecConfig(14775): no c2 equivalents for csd-1
11-06 20:41:27.396 D/CCodecConfig(14775): no c2 equivalents for flags
11-06 20:41:27.396 D/CCodecConfig(14775): c2 config diff is   c2::u32 coded.bitrate.value = 499821
11-06 20:41:27.396 D/CCodecConfig(14775):   c2::u32 raw.channel-count.value = 2
11-06 20:41:27.396 D/CCodecConfig(14775):   c2::u32 raw.sample-rate.value = 44100
11-06 20:41:27.396 I/CCodecConfig(14775): query failed after returning 8 values (BAD_INDEX)
11-06 20:41:27.396 D/CCodecConfig(14775): c2 config diff is Dict {
11-06 20:41:27.396 D/CCodecConfig(14775):   c2::u32 coded.bitrate.value = 64000
11-06 20:41:27.396 D/CCodecConfig(14775):   c2::u32 input.buffers.max-size.value = 32768
11-06 20:41:27.396 D/CCodecConfig(14775):   c2::u32 input.delay.value = 0
11-06 20:41:27.396 D/CCodecConfig(14775):   string input.media-type.value = "audio/vorbis"
11-06 20:41:27.396 D/CCodecConfig(14775):   c2::u32 output.large-frame.max-size = 0
11-06 20:41:27.396 D/CCodecConfig(14775):   c2::u32 output.large-frame.threshold-size = 0
11-06 20:41:27.396 D/CCodecConfig(14775):   string output.media-type.value = "audio/raw"
11-06 20:41:27.396 D/CCodecConfig(14775):   c2::u32 raw.channel-count.value = 1
11-06 20:41:27.396 D/CCodecConfig(14775):   c2::u32 raw.sample-rate.value = 48000
11-06 20:41:27.396 D/CCodecConfig(14775): }
11-06 20:41:27.397 W/Codec2Client(14775): query -- param skipped: index = 1107298332.
11-06 20:41:27.397 D/CCodec  (14775): encoding statistics level = 0
11-06 20:41:27.397 D/CCodec  (14775): setup formats input: AMessage(what = 0x00000000) = {
11-06 20:41:27.397 D/CCodec  (14775):   int32_t bitrate = 499821
11-06 20:41:27.397 D/CCodec  (14775):   int32_t channel-count = 2
11-06 20:41:27.397 D/CCodec  (14775):   int32_t max-input-size = 32768
11-06 20:41:27.397 D/CCodec  (14775):   string mime = "audio/vorbis"
11-06 20:41:27.397 D/CCodec  (14775):   int32_t sample-rate = 44100
11-06 20:41:27.397 D/CCodec  (14775): }
11-06 20:41:27.397 D/CCodec  (14775): setup formats output: AMessage(what = 0x00000000) = {
11-06 20:41:27.397 D/CCodec  (14775):   int32_t buffer-batch-max-output-size = 0
11-06 20:41:27.397 D/CCodec  (14775):   int32_t buffer-batch-threshold-output-size = 0
11-06 20:41:27.397 D/CCodec  (14775):   int32_t channel-count = 2
11-06 20:41:27.397 D/CCodec  (14775):   string mime = "audio/raw"
11-06 20:41:27.397 D/CCodec  (14775):   int32_t sample-rate = 44100
11-06 20:41:27.397 D/CCodec  (14775):   int32_t channel-mask = 3
11-06 20:41:27.397 D/CCodec  (14775):   int32_t android._config-pcm-encoding = 2
11-06 20:41:27.397 D/CCodec  (14775): }
11-06 20:41:27.397 I/CCodecConfig(14775): query failed after returning 8 values (BAD_INDEX)
11-06 20:41:27.397 D/CCodec  (14775): [c2.android.vorbis.decoder] buffers are bound to CCodec for this session
11-06 20:41:27.397 D/CCodecConfig(14775): no c2 equivalents for durationUs
11-06 20:41:27.397 D/CCodecConfig(14775): no c2 equivalents for track-id
11-06 20:41:27.397 D/CCodecConfig(14775): no c2 equivalents for csd-1
11-06 20:41:27.397 W/Codec2Client(14775): query -- param skipped: index = 1342179345.
11-06 20:41:27.397 D/CCodecConfig(14775): no c2 equivalents for flags
11-06 20:41:27.397 W/Codec2Client(14775): query -- param skipped: index = 2415921170.
11-06 20:41:27.398 D/CCodecConfig(14775): c2 config diff is   c2::u32 coded.bitrate.value = 499821
11-06 20:41:27.398 D/CCodecConfig(14775):   c2::u32 raw.channel-count.value = 2
11-06 20:41:27.398 D/CCodecConfig(14775):   c2::u32 raw.sample-rate.value = 44100
11-06 20:41:27.398 D/CCodecBufferChannel(14775): [c2.android.vorbis.decoder#83] Created input block pool with allocatorID 16 => poolID 19 - OK (0)
11-06 20:41:27.398 W/Codec2Client(14775): query -- param skipped: index = 1107298332.
11-06 20:41:27.398 D/CCodec  (14775): encoding statistics level = 0
11-06 20:41:27.398 D/CCodec  (14775): setup formats input: AMessage(what = 0x00000000) = {
11-06 20:41:27.398 D/CCodec  (14775):   int32_t bitrate = 499821
11-06 20:41:27.398 D/CCodec  (14775):   int32_t channel-count = 2
11-06 20:41:27.398 D/CCodec  (14775):   int32_t max-input-size = 32768
11-06 20:41:27.398 D/CCodec  (14775):   string mime = "audio/vorbis"
11-06 20:41:27.398 D/CCodec  (14775):   int32_t sample-rate = 44100
11-06 20:41:27.398 D/CCodec  (14775): }
11-06 20:41:27.398 D/CCodec  (14775): setup formats output: AMessage(what = 0x00000000) = {
11-06 20:41:27.398 D/CCodec  (14775):   int32_t buffer-batch-max-output-size = 0
11-06 20:41:27.398 D/CCodec  (14775):   int32_t buffer-batch-threshold-output-size = 0
11-06 20:41:27.398 D/CCodec  (14775):   int32_t channel-count = 2
11-06 20:41:27.398 D/CCodec  (14775):   string mime = "audio/raw"
11-06 20:41:27.398 D/CCodec  (14775):   int32_t sample-rate = 44100
11-06 20:41:27.398 D/CCodec  (14775):   int32_t channel-mask = 3
11-06 20:41:27.398 D/CCodec  (14775):   int32_t android._config-pcm-encoding = 2
11-06 20:41:27.398 D/CCodec  (14775): }
11-06 20:41:27.398 I/CCodecConfig(14775): query failed after returning 8 values (BAD_INDEX)
11-06 20:41:27.398 I/CCodecBufferChannel(14775): [c2.android.vorbis.decoder#83] Created output block pool with allocatorID 16 => poolID 315 - OK
11-06 20:41:27.398 W/Codec2Client(14775): query -- param skipped: index = 1342179345.
11-06 20:41:27.398 W/Codec2Client(14775): query -- param skipped: index = 2415921170.
11-06 20:41:27.398 D/CCodecBufferChannel(14775): [c2.android.vorbis.decoder#83] Configured output block pool ids 315 => OK
11-06 20:41:27.398 E/Codec2-ComponentInterface( 1606): We have a failed config
11-06 20:41:27.399 D/CCodecBufferChannel(14775): [c2.android.vorbis.decoder#52] Created input block pool with allocatorID 16 => poolID 20 - OK (0)
11-06 20:41:27.399 I/CCodecBufferChannel(14775): [c2.android.vorbis.decoder#52] Created output block pool with allocatorID 16 => poolID 316 - OK
11-06 20:41:27.400 D/CCodecBufferChannel(14775): [c2.android.vorbis.decoder#52] Configured output block pool ids 316 => OK
11-06 20:41:27.401 E/Codec2-ComponentInterface( 1606): We have a failed config
11-06 20:41:27.404 D/SimpleC2Component( 1606): Using output block pool with poolID 315 => got 315 - 0
11-06 20:41:27.404 D/CAM_MiCamera2(14775): processAfResult: afState changed from 0 to 1
11-06 20:41:27.405 D/SimpleC2Component( 1606): Using output block pool with poolID 316 => got 316 - 0
11-06 20:41:27.415 W/CameraMetadataJV(14775): Expect face scores and rectangles to be non-null
11-06 20:41:27.415 W/CameraMetadataJV(14775): Expect face scores and rectangles to be non-null
11-06 20:41:27.416 D/CAM_MarshalQueryableASDScene(14775): Expected size should be 8, but got: 0
11-06 20:41:27.417 D/CAM_MarshalQueryableASDScene(14775): Expected size should be 8, but got: 0
11-06 20:41:27.417 D/CAM_MarshalQueryableASDScene(14775): Expected size should be 8, but got: 0
11-06 20:41:27.417 W/CAM_Camera2CompatAdapterRole(14775): Warning: getAuxCameraId(): #init() failed, roleId=20
11-06 20:41:27.417 W/CAM_Camera2CompatAdapterRole(14775): Warning: getUltraTeleCameraId(): #init() failed, roleId=23
11-06 20:41:27.435 D/CCodecBufferChannel(14775): [c2.android.vorbis.decoder#83] MediaCodec discarded an unknown buffer
11-06 20:41:27.436 D/CCodecBufferChannel(14775): [c2.android.vorbis.decoder#83] MediaCodec discarded an unknown buffer
11-06 20:41:27.436 D/CCodecBufferChannel(14775): [c2.android.vorbis.decoder#83] MediaCodec discarded an unknown buffer
11-06 20:41:27.437 I/hw-BpHwBinder(14775): onLastStrongRef automatically unlinking death recipients
11-06 20:41:27.437 I/hw-BpHwBinder( 1606): onLastStrongRef automatically unlinking death recipients
11-06 20:41:27.437 D/BufferPoolAccessor2.0( 1606): Destruction - bufferpool2 0xb4000075e11f68d8 cached: 0/0M, 0/0% in use; allocs: 0, 0% recycled; transfers: 0, 0% unfetched
11-06 20:41:27.442 D/MediaCodecList(14775): codecHandlesFormat: no format, so no extra checks
11-06 20:41:27.442 D/CCodec  (14775): allocate(c2.android.vorbis.decoder)
11-06 20:41:27.444 I/CCodec  (14775): setting up 'default' as default (vendor) store
11-06 20:41:27.445 I/CCodec  (14775): Created component [c2.android.vorbis.decoder] for [c2.android.vorbis.decoder]
11-06 20:41:27.445 D/CCodecConfig(14775): read media type: audio/vorbis
11-06 20:41:27.446 D/CCodecBufferChannel(14775): [c2.android.vorbis.decoder#52] MediaCodec discarded an unknown buffer
11-06 20:41:27.446 D/CCodecBufferChannel(14775): [c2.android.vorbis.decoder#52] MediaCodec discarded an unknown buffer
11-06 20:41:27.446 D/ReflectedParamUpdater(14775): extent() != 1 for single value type: algo.buffers.max-count.values
11-06 20:41:27.446 D/ReflectedParamUpdater(14775): extent() != 1 for single value type: output.subscribed-indices.values
11-06 20:41:27.447 D/ReflectedParamUpdater(14775): extent() != 1 for single value type: input.buffers.allocator-ids.values
11-06 20:41:27.447 D/ReflectedParamUpdater(14775): extent() != 1 for single value type: output.buffers.allocator-ids.values
11-06 20:41:27.447 D/ReflectedParamUpdater(14775): extent() != 1 for single value type: algo.buffers.allocator-ids.values
11-06 20:41:27.447 D/ReflectedParamUpdater(14775): extent() != 1 for single value type: output.buffers.pool-ids.values
11-06 20:41:27.447 I/hw-BpHwBinder(14775): onLastStrongRef automatically unlinking death recipients
11-06 20:41:27.447 I/hw-BpHwBinder( 1606): onLastStrongRef automatically unlinking death recipients
11-06 20:41:27.447 D/BufferPoolAccessor2.0( 1606): Destruction - bufferpool2 0xb4000075e11f00c8 cached: 0/0M, 0/0% in use; allocs: 0, 0% recycled; transfers: 0, 0% unfetched
11-06 20:41:27.447 D/ReflectedParamUpdater(14775): extent() != 1 for single value type: algo.buffers.pool-ids.values
11-06 20:41:27.448 I/CCodecConfig(14775): query failed after returning 8 values (BAD_INDEX)
11-06 20:41:27.448 D/CCodecConfig(14775): c2 config diff is Dict {
11-06 20:41:27.448 D/CCodecConfig(14775):   c2::u32 coded.bitrate.value = 64000
11-06 20:41:27.448 D/CCodecConfig(14775):   c2::u32 input.buffers.max-size.value = 32768
11-06 20:41:27.448 D/CCodecConfig(14775):   c2::u32 input.delay.value = 0
11-06 20:41:27.448 D/CCodecConfig(14775):   string input.media-type.value = "audio/vorbis"
11-06 20:41:27.448 D/CCodecConfig(14775):   c2::u32 output.large-frame.max-size = 0
11-06 20:41:27.448 D/CCodecConfig(14775):   c2::u32 output.large-frame.threshold-size = 0
11-06 20:41:27.448 D/CCodecConfig(14775):   string output.media-type.value = "audio/raw"
11-06 20:41:27.448 D/CCodecConfig(14775):   c2::u32 raw.channel-count.value = 1
11-06 20:41:27.448 D/CCodecConfig(14775):   c2::u32 raw.sample-rate.value = 48000
11-06 20:41:27.448 D/CCodecConfig(14775): }
11-06 20:41:27.449 D/CCodec  (14775): [c2.android.vorbis.decoder] buffers are bound to CCodec for this session
11-06 20:41:27.449 D/CCodecConfig(14775): no c2 equivalents for durationUs
11-06 20:41:27.449 D/CCodecConfig(14775): no c2 equivalents for track-id
11-06 20:41:27.449 D/CCodecConfig(14775): no c2 equivalents for csd-1
11-06 20:41:27.449 D/CCodecConfig(14775): no c2 equivalents for flags
11-06 20:41:27.449 D/CCodecConfig(14775): c2 config diff is   c2::u32 coded.bitrate.value = 499821
11-06 20:41:27.449 D/CCodecConfig(14775):   c2::u32 raw.channel-count.value = 2
11-06 20:41:27.449 D/CCodecConfig(14775):   c2::u32 raw.sample-rate.value = 44100
11-06 20:41:27.450 W/Codec2Client(14775): query -- param skipped: index = 1107298332.
11-06 20:41:27.450 D/CCodec  (14775): encoding statistics level = 0
11-06 20:41:27.450 D/CCodec  (14775): setup formats input: AMessage(what = 0x00000000) = {
11-06 20:41:27.450 D/CCodec  (14775):   int32_t bitrate = 499821
11-06 20:41:27.450 D/CCodec  (14775):   int32_t channel-count = 2
11-06 20:41:27.450 D/CCodec  (14775):   int32_t max-input-size = 32768
11-06 20:41:27.450 D/CCodec  (14775):   string mime = "audio/vorbis"
11-06 20:41:27.450 D/CCodec  (14775):   int32_t sample-rate = 44100
11-06 20:41:27.450 D/CCodec  (14775): }
11-06 20:41:27.450 D/CCodec  (14775): setup formats output: AMessage(what = 0x00000000) = {
11-06 20:41:27.450 D/CCodec  (14775):   int32_t buffer-batch-max-output-size = 0
11-06 20:41:27.450 D/CCodec  (14775):   int32_t buffer-batch-threshold-output-size = 0
11-06 20:41:27.450 D/CCodec  (14775):   int32_t channel-count = 2
11-06 20:41:27.450 D/CCodec  (14775):   string mime = "audio/raw"
11-06 20:41:27.450 D/CCodec  (14775):   int32_t sample-rate = 44100
11-06 20:41:27.450 D/CCodec  (14775):   int32_t channel-mask = 3
11-06 20:41:27.450 D/CCodec  (14775):   int32_t android._config-pcm-encoding = 2
11-06 20:41:27.450 D/CCodec  (14775): }
11-06 20:41:27.450 I/CCodecConfig(14775): query failed after returning 8 values (BAD_INDEX)
11-06 20:41:27.451 W/Codec2Client(14775): query -- param skipped: index = 1342179345.
11-06 20:41:27.451 W/Codec2Client(14775): query -- param skipped: index = 2415921170.
11-06 20:41:27.451 D/CCodecBufferChannel(14775): [c2.android.vorbis.decoder#483] Created input block pool with allocatorID 16 => poolID 21 - OK (0)
11-06 20:41:27.452 I/CCodecBufferChannel(14775): [c2.android.vorbis.decoder#483] Created output block pool with allocatorID 16 => poolID 318 - OK
11-06 20:41:27.452 D/CCodecBufferChannel(14775): [c2.android.vorbis.decoder#483] Configured output block pool ids 318 => OK
11-06 20:41:27.452 E/Codec2-ComponentInterface( 1606): We have a failed config
11-06 20:41:27.453 D/SimpleC2Component( 1606): Using output block pool with poolID 318 => got 318 - 0
11-06 20:41:27.453 D/MediaCodecList(14775): codecHandlesFormat: no format, so no extra checks
11-06 20:41:27.453 D/CCodec  (14775): allocate(c2.android.vorbis.decoder)
11-06 20:41:27.455 I/CCodec  (14775): setting up 'default' as default (vendor) store
11-06 20:41:27.457 I/CCodec  (14775): Created component [c2.android.vorbis.decoder] for [c2.android.vorbis.decoder]
11-06 20:41:27.457 D/CCodecConfig(14775): read media type: audio/vorbis
11-06 20:41:27.458 D/ReflectedParamUpdater(14775): extent() != 1 for single value type: algo.buffers.max-count.values
11-06 20:41:27.458 D/ReflectedParamUpdater(14775): extent() != 1 for single value type: output.subscribed-indices.values
11-06 20:41:27.458 D/ReflectedParamUpdater(14775): extent() != 1 for single value type: input.buffers.allocator-ids.values
11-06 20:41:27.458 D/ReflectedParamUpdater(14775): extent() != 1 for single value type: output.buffers.allocator-ids.values
11-06 20:41:27.458 D/ReflectedParamUpdater(14775): extent() != 1 for single value type: algo.buffers.allocator-ids.values
11-06 20:41:27.459 D/ReflectedParamUpdater(14775): extent() != 1 for single value type: output.buffers.pool-ids.values
11-06 20:41:27.459 D/ReflectedParamUpdater(14775): extent() != 1 for single value type: algo.buffers.pool-ids.values
11-06 20:41:27.459 I/CCodecConfig(14775): query failed after returning 8 values (BAD_INDEX)
11-06 20:41:27.459 D/CCodecConfig(14775): c2 config diff is Dict {
11-06 20:41:27.459 D/CCodecConfig(14775):   c2::u32 coded.bitrate.value = 64000
11-06 20:41:27.459 D/CCodecConfig(14775):   c2::u32 input.buffers.max-size.value = 32768
11-06 20:41:27.459 D/CCodecConfig(14775):   c2::u32 input.delay.value = 0
11-06 20:41:27.459 D/CCodecConfig(14775):   string input.media-type.value = "audio/vorbis"
11-06 20:41:27.459 D/CCodecConfig(14775):   c2::u32 output.large-frame.max-size = 0
11-06 20:41:27.459 D/CCodecConfig(14775):   c2::u32 output.large-frame.threshold-size = 0
11-06 20:41:27.459 D/CCodecConfig(14775):   string output.media-type.value = "audio/raw"
11-06 20:41:27.459 D/CCodecConfig(14775):   c2::u32 raw.channel-count.value = 1
11-06 20:41:27.459 D/CCodecConfig(14775):   c2::u32 raw.sample-rate.value = 48000
11-06 20:41:27.459 D/CCodecConfig(14775): }
11-06 20:41:27.460 D/CCodec  (14775): [c2.android.vorbis.decoder] buffers are bound to CCodec for this session
11-06 20:41:27.460 D/CCodecConfig(14775): no c2 equivalents for durationUs
11-06 20:41:27.460 D/CCodecConfig(14775): no c2 equivalents for track-id
11-06 20:41:27.460 D/CCodecConfig(14775): no c2 equivalents for csd-1
11-06 20:41:27.460 D/CCodecConfig(14775): no c2 equivalents for flags
11-06 20:41:27.460 I/hwservicemanager(  669): getTransport: Cannot find entry vendor.qti.hardware.servicetracker@1.0::IServicetracker/default in either framework or device VINTF manifest.
11-06 20:41:27.461 D/CCodecConfig(14775): c2 config diff is   c2::u32 coded.bitrate.value = 499821
11-06 20:41:27.461 D/CCodecConfig(14775):   c2::u32 raw.channel-count.value = 2
11-06 20:41:27.461 D/CCodecConfig(14775):   c2::u32 raw.sample-rate.value = 44100
11-06 20:41:27.461 W/Codec2Client(14775): query -- param skipped: index = 1107298332.
11-06 20:41:27.461 D/CCodec  (14775): encoding statistics level = 0
11-06 20:41:27.461 D/CCodec  (14775): setup formats input: AMessage(what = 0x00000000) = {
11-06 20:41:27.461 D/CCodec  (14775):   int32_t bitrate = 499821
11-06 20:41:27.461 D/CCodec  (14775):   int32_t channel-count = 2
11-06 20:41:27.461 D/CCodec  (14775):   int32_t max-input-size = 32768
11-06 20:41:27.461 D/CCodec  (14775):   string mime = "audio/vorbis"
11-06 20:41:27.461 D/CCodec  (14775):   int32_t sample-rate = 44100
11-06 20:41:27.461 D/CCodec  (14775): }
11-06 20:41:27.461 D/CCodec  (14775): setup formats output: AMessage(what = 0x00000000) = {
11-06 20:41:27.461 D/CCodec  (14775):   int32_t buffer-batch-max-output-size = 0
11-06 20:41:27.461 D/CCodec  (14775):   int32_t buffer-batch-threshold-output-size = 0
11-06 20:41:27.461 D/CCodec  (14775):   int32_t channel-count = 2
11-06 20:41:27.461 D/CCodec  (14775):   string mime = "audio/raw"
11-06 20:41:27.461 D/CCodec  (14775):   int32_t sample-rate = 44100
11-06 20:41:27.461 D/CCodec  (14775):   int32_t channel-mask = 3
11-06 20:41:27.461 D/CCodec  (14775):   int32_t android._config-pcm-encoding = 2
11-06 20:41:27.461 D/CCodec  (14775): }
11-06 20:41:27.461 I/CCodecConfig(14775): query failed after returning 8 values (BAD_INDEX)
11-06 20:41:27.462 W/Codec2Client(14775): query -- param skipped: index = 1342179345.
11-06 20:41:27.462 W/Codec2Client(14775): query -- param skipped: index = 2415921170.
11-06 20:41:27.462 I/hwservicemanager(  669): getTransport: Cannot find entry vendor.qti.hardware.servicetracker@1.0::IServicetracker/default in either framework or device VINTF manifest.
11-06 20:41:27.462 D/CCodecBufferChannel(14775): [c2.android.vorbis.decoder#799] Created input block pool with allocatorID 16 => poolID 22 - OK (0)
11-06 20:41:27.463 I/CCodecBufferChannel(14775): [c2.android.vorbis.decoder#799] Created output block pool with allocatorID 16 => poolID 320 - OK
11-06 20:41:27.463 D/CCodecBufferChannel(14775): [c2.android.vorbis.decoder#799] Configured output block pool ids 320 => OK
11-06 20:41:27.463 E/Codec2-ComponentInterface( 1606): We have a failed config
11-06 20:41:27.464 D/SimpleC2Component( 1606): Using output block pool with poolID 320 => got 320 - 0
11-06 20:41:27.466 D/CCodecBufferChannel(14775): [c2.android.vorbis.decoder#483] MediaCodec discarded an unknown buffer
11-06 20:41:27.466 D/CCodecBufferChannel(14775): [c2.android.vorbis.decoder#483] MediaCodec discarded an unknown buffer
11-06 20:41:27.466 D/CCodecBufferChannel(14775): [c2.android.vorbis.decoder#483] MediaCodec discarded an unknown buffer
11-06 20:41:27.468 I/hw-BpHwBinder( 1606): onLastStrongRef automatically unlinking death recipients
11-06 20:41:27.468 I/hw-BpHwBinder(14775): onLastStrongRef automatically unlinking death recipients
11-06 20:41:27.468 D/BufferPoolAccessor2.0( 1606): Destruction - bufferpool2 0xb4000075e11fb2d8 cached: 0/0M, 0/0% in use; allocs: 0, 0% recycled; transfers: 0, 0% unfetched
11-06 20:41:27.476 D/MediaCodecList(14775): codecHandlesFormat: no format, so no extra checks
11-06 20:41:27.477 D/CCodec  (14775): allocate(c2.android.vorbis.decoder)
11-06 20:41:27.478 I/CCodec  (14775): setting up 'default' as default (vendor) store
11-06 20:41:27.479 I/CCodec  (14775): Created component [c2.android.vorbis.decoder] for [c2.android.vorbis.decoder]
11-06 20:41:27.480 D/CCodecConfig(14775): read media type: audio/vorbis
11-06 20:41:27.481 D/ReflectedParamUpdater(14775): extent() != 1 for single value type: algo.buffers.max-count.values
11-06 20:41:27.481 D/ReflectedParamUpdater(14775): extent() != 1 for single value type: output.subscribed-indices.values
11-06 20:41:27.481 D/ReflectedParamUpdater(14775): extent() != 1 for single value type: input.buffers.allocator-ids.values
11-06 20:41:27.482 D/ReflectedParamUpdater(14775): extent() != 1 for single value type: output.buffers.allocator-ids.values
11-06 20:41:27.482 D/ReflectedParamUpdater(14775): extent() != 1 for single value type: algo.buffers.allocator-ids.values
11-06 20:41:27.482 D/ReflectedParamUpdater(14775): extent() != 1 for single value type: output.buffers.pool-ids.values
11-06 20:41:27.482 D/ReflectedParamUpdater(14775): extent() != 1 for single value type: algo.buffers.pool-ids.values
11-06 20:41:27.483 I/CCodecConfig(14775): query failed after returning 8 values (BAD_INDEX)
11-06 20:41:27.483 D/CCodecConfig(14775): c2 config diff is Dict {
11-06 20:41:27.483 D/CCodecConfig(14775):   c2::u32 coded.bitrate.value = 64000
11-06 20:41:27.483 D/CCodecConfig(14775):   c2::u32 input.buffers.max-size.value = 32768
11-06 20:41:27.483 D/CCodecConfig(14775):   c2::u32 input.delay.value = 0
11-06 20:41:27.483 D/CCodecConfig(14775):   string input.media-type.value = "audio/vorbis"
11-06 20:41:27.483 D/CCodecConfig(14775):   c2::u32 output.large-frame.max-size = 0
11-06 20:41:27.483 D/CCodecConfig(14775):   c2::u32 output.large-frame.threshold-size = 0
11-06 20:41:27.483 D/CCodecConfig(14775):   string output.media-type.value = "audio/raw"
11-06 20:41:27.483 D/CCodecConfig(14775):   c2::u32 raw.channel-count.value = 1
11-06 20:41:27.483 D/CCodecConfig(14775):   c2::u32 raw.sample-rate.value = 48000
11-06 20:41:27.483 D/CCodecConfig(14775): }
11-06 20:41:27.485 D/CCodec  (14775): [c2.android.vorbis.decoder] buffers are bound to CCodec for this session
11-06 20:41:27.485 W/CameraMetadataJV(14775): Expect face scores and rectangles to be non-null
11-06 20:41:27.485 D/CCodecConfig(14775): no c2 equivalents for durationUs
11-06 20:41:27.485 D/CCodecConfig(14775): no c2 equivalents for track-id
11-06 20:41:27.485 D/CCodecConfig(14775): no c2 equivalents for csd-1
11-06 20:41:27.485 D/CCodecConfig(14775): no c2 equivalents for flags
11-06 20:41:27.485 W/CameraMetadataJV(14775): Expect face scores and rectangles to be non-null
11-06 20:41:27.485 D/CCodecConfig(14775): c2 config diff is   c2::u32 coded.bitrate.value = 499821
11-06 20:41:27.485 D/CCodecConfig(14775):   c2::u32 raw.channel-count.value = 2
11-06 20:41:27.485 D/CCodecConfig(14775):   c2::u32 raw.sample-rate.value = 44100
11-06 20:41:27.486 D/CAM_MarshalQueryableASDScene(14775): Expected size should be 8, but got: 0
11-06 20:41:27.486 W/Codec2Client(14775): query -- param skipped: index = 1107298332.
11-06 20:41:27.486 D/CCodec  (14775): encoding statistics level = 0
11-06 20:41:27.486 D/CCodec  (14775): setup formats input: AMessage(what = 0x00000000) = {
11-06 20:41:27.486 D/CCodec  (14775):   int32_t bitrate = 499821
11-06 20:41:27.486 D/CCodec  (14775):   int32_t channel-count = 2
11-06 20:41:27.486 D/CCodec  (14775):   int32_t max-input-size = 32768
11-06 20:41:27.486 D/CCodec  (14775):   string mime = "audio/vorbis"
11-06 20:41:27.486 D/CCodec  (14775):   int32_t sample-rate = 44100
11-06 20:41:27.486 D/CCodec  (14775): }
11-06 20:41:27.486 D/CAM_MarshalQueryableASDScene(14775): Expected size should be 8, but got: 0
11-06 20:41:27.486 D/CAM_MarshalQueryableASDScene(14775): Expected size should be 8, but got: 0
11-06 20:41:27.487 D/CCodec  (14775): setup formats output: AMessage(what = 0x00000000) = {
11-06 20:41:27.487 D/CCodec  (14775):   int32_t buffer-batch-max-output-size = 0
11-06 20:41:27.487 D/CCodec  (14775):   int32_t buffer-batch-threshold-output-size = 0
11-06 20:41:27.487 D/CCodec  (14775):   int32_t channel-count = 2
11-06 20:41:27.487 D/CCodec  (14775):   string mime = "audio/raw"
11-06 20:41:27.487 D/CCodec  (14775):   int32_t sample-rate = 44100
11-06 20:41:27.487 D/CCodec  (14775):   int32_t channel-mask = 3
11-06 20:41:27.487 D/CCodec  (14775):   int32_t android._config-pcm-encoding = 2
11-06 20:41:27.487 D/CCodec  (14775): }
11-06 20:41:27.488 W/CAM_Camera2CompatAdapterRole(14775): Warning: getAuxCameraId(): #init() failed, roleId=20
11-06 20:41:27.488 W/CAM_Camera2CompatAdapterRole(14775): Warning: getUltraTeleCameraId(): #init() failed, roleId=23
11-06 20:41:27.488 I/CCodecConfig(14775): query failed after returning 8 values (BAD_INDEX)
11-06 20:41:27.489 W/Codec2Client(14775): query -- param skipped: index = 1342179345.
11-06 20:41:27.489 W/Codec2Client(14775): query -- param skipped: index = 2415921170.
11-06 20:41:27.490 D/CCodecBufferChannel(14775): [c2.android.vorbis.decoder#483] Created input block pool with allocatorID 16 => poolID 23 - OK (0)
11-06 20:41:27.490 I/CCodecBufferChannel(14775): [c2.android.vorbis.decoder#483] Created output block pool with allocatorID 16 => poolID 322 - OK
11-06 20:41:27.490 D/CCodecBufferChannel(14775): [c2.android.vorbis.decoder#483] Configured output block pool ids 322 => OK
11-06 20:41:27.491 E/Codec2-ComponentInterface( 1606): We have a failed config
11-06 20:41:27.491 D/SimpleC2Component( 1606): Using output block pool with poolID 322 => got 322 - 0
11-06 20:41:27.493 I/hw-BpHwBinder(14775): onLastStrongRef automatically unlinking death recipients
11-06 20:41:27.493 I/hw-BpHwBinder( 1606): onLastStrongRef automatically unlinking death recipients
11-06 20:41:27.494 D/BufferPoolAccessor2.0( 1606): Destruction - bufferpool2 0xb4000075e11f0a08 cached: 0/0M, 0/0% in use; allocs: 0, 0% recycled; transfers: 0, 0% unfetched
11-06 20:41:27.500 D/MediaCodecList(14775): codecHandlesFormat: no format, so no extra checks
11-06 20:41:27.501 D/CCodec  (14775): allocate(c2.android.vorbis.decoder)
11-06 20:41:27.505 I/CCodec  (14775): setting up 'default' as default (vendor) store
11-06 20:41:27.505 I/TetheringManager( 2614): unregisterTetheringEventCallback:com.android.systemui
11-06 20:41:27.506 I/CCodec  (14775): Created component [c2.android.vorbis.decoder] for [c2.android.vorbis.decoder]
11-06 20:41:27.506 W/System  ( 2614): A resource failed to call release. 
11-06 20:41:27.506 D/CCodecConfig(14775): read media type: audio/vorbis
11-06 20:41:27.506 W/System  ( 2614): A resource failed to call release. 
11-06 20:41:27.506 W/System  ( 2614): A resource failed to call release. 
11-06 20:41:27.506 W/System  ( 2614): A resource failed to call release. 
11-06 20:41:27.506 W/System  ( 2614): A resource failed to call release. 
11-06 20:41:27.506 W/System  ( 2614): A resource failed to call release. 
11-06 20:41:27.507 D/ReflectedParamUpdater(14775): extent() != 1 for single value type: algo.buffers.max-count.values
11-06 20:41:27.507 D/ReflectedParamUpdater(14775): extent() != 1 for single value type: output.subscribed-indices.values
11-06 20:41:27.507 D/ReflectedParamUpdater(14775): extent() != 1 for single value type: input.buffers.allocator-ids.values
11-06 20:41:27.507 D/ReflectedParamUpdater(14775): extent() != 1 for single value type: output.buffers.allocator-ids.values
11-06 20:41:27.507 D/ReflectedParamUpdater(14775): extent() != 1 for single value type: algo.buffers.allocator-ids.values
11-06 20:41:27.507 D/ReflectedParamUpdater(14775): extent() != 1 for single value type: output.buffers.pool-ids.values
11-06 20:41:27.507 D/ReflectedParamUpdater(14775): extent() != 1 for single value type: algo.buffers.pool-ids.values
11-06 20:41:27.508 I/CCodecConfig(14775): query failed after returning 8 values (BAD_INDEX)
11-06 20:41:27.508 D/CCodecConfig(14775): c2 config diff is Dict {
11-06 20:41:27.508 D/CCodecConfig(14775):   c2::u32 coded.bitrate.value = 64000
11-06 20:41:27.508 D/CCodecConfig(14775):   c2::u32 input.buffers.max-size.value = 32768
11-06 20:41:27.508 D/CCodecConfig(14775):   c2::u32 input.delay.value = 0
11-06 20:41:27.508 D/CCodecConfig(14775):   string input.media-type.value = "audio/vorbis"
11-06 20:41:27.508 D/CCodecConfig(14775):   c2::u32 output.large-frame.max-size = 0
11-06 20:41:27.508 D/CCodecConfig(14775):   c2::u32 output.large-frame.threshold-size = 0
11-06 20:41:27.508 D/CCodecConfig(14775):   string output.media-type.value = "audio/raw"
11-06 20:41:27.508 D/CCodecConfig(14775):   c2::u32 raw.channel-count.value = 1
11-06 20:41:27.508 D/CCodecConfig(14775):   c2::u32 raw.sample-rate.value = 48000
11-06 20:41:27.508 D/CCodecConfig(14775): }
11-06 20:41:27.508 D/CCodec  (14775): [c2.android.vorbis.decoder] buffers are bound to CCodec for this session
11-06 20:41:27.508 D/CCodecConfig(14775): no c2 equivalents for durationUs
11-06 20:41:27.508 D/CCodecConfig(14775): no c2 equivalents for track-id
11-06 20:41:27.508 D/CCodecConfig(14775): no c2 equivalents for csd-1
11-06 20:41:27.508 D/CCodecConfig(14775): no c2 equivalents for flags
11-06 20:41:27.509 D/CCodecConfig(14775): c2 config diff is   c2::u32 coded.bitrate.value = 499821
11-06 20:41:27.509 D/CCodecConfig(14775):   c2::u32 raw.channel-count.value = 2
11-06 20:41:27.509 D/CCodecConfig(14775):   c2::u32 raw.sample-rate.value = 44100
11-06 20:41:27.509 W/Codec2Client(14775): query -- param skipped: index = 1107298332.
11-06 20:41:27.509 D/CCodec  (14775): encoding statistics level = 0
11-06 20:41:27.509 D/CCodec  (14775): setup formats input: AMessage(what = 0x00000000) = {
11-06 20:41:27.509 D/CCodec  (14775):   int32_t bitrate = 499821
11-06 20:41:27.509 D/CCodec  (14775):   int32_t channel-count = 2
11-06 20:41:27.509 D/CCodec  (14775):   int32_t max-input-size = 32768
11-06 20:41:27.509 D/CCodec  (14775):   string mime = "audio/vorbis"
11-06 20:41:27.509 D/CCodec  (14775):   int32_t sample-rate = 44100
11-06 20:41:27.509 D/CCodec  (14775): }
11-06 20:41:27.509 D/CCodec  (14775): setup formats output: AMessage(what = 0x00000000) = {
11-06 20:41:27.509 D/CCodec  (14775):   int32_t buffer-batch-max-output-size = 0
11-06 20:41:27.509 D/CCodec  (14775):   int32_t buffer-batch-threshold-output-size = 0
11-06 20:41:27.509 D/CCodec  (14775):   int32_t channel-count = 2
11-06 20:41:27.509 D/CCodec  (14775):   string mime = "audio/raw"
11-06 20:41:27.509 D/CCodec  (14775):   int32_t sample-rate = 44100
11-06 20:41:27.509 D/CCodec  (14775):   int32_t channel-mask = 3
11-06 20:41:27.509 D/CCodec  (14775):   int32_t android._config-pcm-encoding = 2
11-06 20:41:27.509 D/CCodec  (14775): }
11-06 20:41:27.509 I/CCodecConfig(14775): query failed after returning 8 values (BAD_INDEX)
11-06 20:41:27.509 W/Codec2Client(14775): query -- param skipped: index = 1342179345.
11-06 20:41:27.509 W/Codec2Client(14775): query -- param skipped: index = 2415921170.
11-06 20:41:27.510 D/CCodecBufferChannel(14775): [c2.android.vorbis.decoder#966] Created input block pool with allocatorID 16 => poolID 24 - OK (0)
11-06 20:41:27.511 I/CCodecBufferChannel(14775): [c2.android.vorbis.decoder#966] Created output block pool with allocatorID 16 => poolID 324 - OK
11-06 20:41:27.511 D/CCodecBufferChannel(14775): [c2.android.vorbis.decoder#966] Configured output block pool ids 324 => OK
11-06 20:41:27.511 E/Codec2-ComponentInterface( 1606): We have a failed config
11-06 20:41:27.512 D/SimpleC2Component( 1606): Using output block pool with poolID 324 => got 324 - 0
11-06 20:41:27.515 D/CCodecBufferChannel(14775): [c2.android.vorbis.decoder#483] MediaCodec discarded an unknown buffer
11-06 20:41:27.516 I/hw-BpHwBinder(14775): onLastStrongRef automatically unlinking death recipients
11-06 20:41:27.516 I/hw-BpHwBinder( 1606): onLastStrongRef automatically unlinking death recipients
11-06 20:41:27.518 D/BufferPoolAccessor2.0( 1606): Destruction - bufferpool2 0xb4000075e11ef098 cached: 0/0M, 0/0% in use; allocs: 0, 0% recycled; transfers: 0, 0% unfetched
11-06 20:41:27.522 D/MediaCodecList(14775): codecHandlesFormat: no format, so no extra checks
11-06 20:41:27.523 D/CCodec  (14775): allocate(c2.android.vorbis.decoder)
11-06 20:41:27.524 I/CCodec  (14775): setting up 'default' as default (vendor) store
11-06 20:41:27.525 I/CCodec  (14775): Created component [c2.android.vorbis.decoder] for [c2.android.vorbis.decoder]
11-06 20:41:27.525 D/CCodecConfig(14775): read media type: audio/vorbis
11-06 20:41:27.526 D/ReflectedParamUpdater(14775): extent() != 1 for single value type: algo.buffers.max-count.values
11-06 20:41:27.526 D/ReflectedParamUpdater(14775): extent() != 1 for single value type: output.subscribed-indices.values
11-06 20:41:27.526 D/ReflectedParamUpdater(14775): extent() != 1 for single value type: input.buffers.allocator-ids.values
11-06 20:41:27.526 D/ReflectedParamUpdater(14775): extent() != 1 for single value type: output.buffers.allocator-ids.values
11-06 20:41:27.526 D/ReflectedParamUpdater(14775): extent() != 1 for single value type: algo.buffers.allocator-ids.values
11-06 20:41:27.526 D/ReflectedParamUpdater(14775): extent() != 1 for single value type: output.buffers.pool-ids.values
11-06 20:41:27.526 D/ReflectedParamUpdater(14775): extent() != 1 for single value type: algo.buffers.pool-ids.values
11-06 20:41:27.527 I/CCodecConfig(14775): query failed after returning 8 values (BAD_INDEX)
11-06 20:41:27.527 D/CCodecConfig(14775): c2 config diff is Dict {
11-06 20:41:27.527 D/CCodecConfig(14775):   c2::u32 coded.bitrate.value = 64000
11-06 20:41:27.527 D/CCodecConfig(14775):   c2::u32 input.buffers.max-size.value = 32768
11-06 20:41:27.527 D/CCodecConfig(14775):   c2::u32 input.delay.value = 0
11-06 20:41:27.527 D/CCodecConfig(14775):   string input.media-type.value = "audio/vorbis"
11-06 20:41:27.527 D/CCodecConfig(14775):   c2::u32 output.large-frame.max-size = 0
11-06 20:41:27.527 D/CCodecConfig(14775):   c2::u32 output.large-frame.threshold-size = 0
11-06 20:41:27.527 D/CCodecConfig(14775):   string output.media-type.value = "audio/raw"
11-06 20:41:27.527 D/CCodecConfig(14775):   c2::u32 raw.channel-count.value = 1
11-06 20:41:27.527 D/CCodecConfig(14775):   c2::u32 raw.sample-rate.value = 48000
11-06 20:41:27.527 D/CCodecConfig(14775): }
11-06 20:41:27.528 D/CCodec  (14775): [c2.android.vorbis.decoder] buffers are bound to CCodec for this session
11-06 20:41:27.528 D/CCodecConfig(14775): no c2 equivalents for durationUs
11-06 20:41:27.528 D/CCodecConfig(14775): no c2 equivalents for track-id
11-06 20:41:27.528 D/CCodecConfig(14775): no c2 equivalents for csd-1
11-06 20:41:27.528 D/CCodecConfig(14775): no c2 equivalents for flags
11-06 20:41:27.528 D/CCodecConfig(14775): c2 config diff is   c2::u32 coded.bitrate.value = 75000
11-06 20:41:27.528 D/CCodecConfig(14775):   c2::u32 raw.sample-rate.value = 44100
11-06 20:41:27.528 W/Codec2Client(14775): query -- param skipped: index = 1107298332.
11-06 20:41:27.528 D/CCodec  (14775): encoding statistics level = 0
11-06 20:41:27.528 D/CCodec  (14775): setup formats input: AMessage(what = 0x00000000) = {
11-06 20:41:27.528 D/CCodec  (14775):   int32_t bitrate = 75000
11-06 20:41:27.528 D/CCodec  (14775):   int32_t channel-count = 1
11-06 20:41:27.528 D/CCodec  (14775):   int32_t max-input-size = 32768
11-06 20:41:27.528 D/CCodec  (14775):   string mime = "audio/vorbis"
11-06 20:41:27.528 D/CCodec  (14775):   int32_t sample-rate = 44100
11-06 20:41:27.528 D/CCodec  (14775): }
11-06 20:41:27.528 D/CCodec  (14775): setup formats output: AMessage(what = 0x00000000) = {
11-06 20:41:27.528 D/CCodec  (14775):   int32_t buffer-batch-max-output-size = 0
11-06 20:41:27.528 D/CCodec  (14775):   int32_t buffer-batch-threshold-output-size = 0
11-06 20:41:27.528 D/CCodec  (14775):   int32_t channel-count = 1
11-06 20:41:27.528 D/CCodec  (14775):   string mime = "audio/raw"
11-06 20:41:27.528 D/CCodec  (14775):   int32_t sample-rate = 44100
11-06 20:41:27.528 D/CCodec  (14775):   int32_t channel-mask = 1
11-06 20:41:27.528 D/CCodec  (14775):   int32_t android._config-pcm-encoding = 2
11-06 20:41:27.528 D/CCodec  (14775): }
11-06 20:41:27.528 I/CCodecConfig(14775): query failed after returning 8 values (BAD_INDEX)
11-06 20:41:27.529 W/Codec2Client(14775): query -- param skipped: index = 1342179345.
11-06 20:41:27.529 W/Codec2Client(14775): query -- param skipped: index = 2415921170.
11-06 20:41:27.529 D/CCodecBufferChannel(14775): [c2.android.vorbis.decoder#30] Created input block pool with allocatorID 16 => poolID 25 - OK (0)
11-06 20:41:27.530 I/CCodecBufferChannel(14775): [c2.android.vorbis.decoder#30] Created output block pool with allocatorID 16 => poolID 326 - OK
11-06 20:41:27.530 D/CCodecBufferChannel(14775): [c2.android.vorbis.decoder#30] Configured output block pool ids 326 => OK
11-06 20:41:27.530 E/Codec2-ComponentInterface( 1606): We have a failed config
11-06 20:41:27.531 D/SimpleC2Component( 1606): Using output block pool with poolID 326 => got 326 - 0
11-06 20:41:27.532 D/CCodecBufferChannel(14775): [c2.android.vorbis.decoder#966] MediaCodec discarded an unknown buffer
11-06 20:41:27.532 D/CCodecBufferChannel(14775): [c2.android.vorbis.decoder#966] MediaCodec discarded an unknown buffer
11-06 20:41:27.533 I/hw-BpHwBinder(14775): onLastStrongRef automatically unlinking death recipients
11-06 20:41:27.533 I/hw-BpHwBinder( 1606): onLastStrongRef automatically unlinking death recipients
11-06 20:41:27.534 D/BufferPoolAccessor2.0( 1606): Destruction - bufferpool2 0xb4000075e11f25c8 cached: 0/0M, 0/0% in use; allocs: 0, 0% recycled; transfers: 0, 0% unfetched
11-06 20:41:27.540 D/MediaCodecList(14775): codecHandlesFormat: no format, so no extra checks
11-06 20:41:27.541 D/CCodec  (14775): allocate(c2.android.opus.decoder)
11-06 20:41:27.542 I/CCodec  (14775): setting up 'default' as default (vendor) store
11-06 20:41:27.544 I/CCodec  (14775): Created component [c2.android.opus.decoder] for [c2.android.opus.decoder]
11-06 20:41:27.544 D/CCodecConfig(14775): read media type: audio/opus
11-06 20:41:27.546 D/ReflectedParamUpdater(14775): extent() != 1 for single value type: algo.buffers.max-count.values
11-06 20:41:27.546 D/ReflectedParamUpdater(14775): extent() != 1 for single value type: output.subscribed-indices.values
11-06 20:41:27.546 D/ReflectedParamUpdater(14775): extent() != 1 for single value type: input.buffers.allocator-ids.values
11-06 20:41:27.546 D/ReflectedParamUpdater(14775): extent() != 1 for single value type: output.buffers.allocator-ids.values
11-06 20:41:27.546 D/ReflectedParamUpdater(14775): extent() != 1 for single value type: algo.buffers.allocator-ids.values
11-06 20:41:27.546 D/ReflectedParamUpdater(14775): extent() != 1 for single value type: output.buffers.pool-ids.values
11-06 20:41:27.546 D/ReflectedParamUpdater(14775): extent() != 1 for single value type: algo.buffers.pool-ids.values
11-06 20:41:27.547 I/CCodecConfig(14775): query failed after returning 8 values (BAD_INDEX)
11-06 20:41:27.547 D/CCodecConfig(14775): c2 config diff is Dict {
11-06 20:41:27.547 D/CCodecConfig(14775):   c2::u32 coded.bitrate.value = 6000
11-06 20:41:27.547 D/CCodecConfig(14775):   c2::u32 input.buffers.max-size.value = 5760
11-06 20:41:27.547 D/CCodecConfig(14775):   c2::u32 input.delay.value = 0
11-06 20:41:27.547 D/CCodecConfig(14775):   string input.media-type.value = "audio/opus"
11-06 20:41:27.547 D/CCodecConfig(14775):   c2::u32 output.large-frame.max-size = 0
11-06 20:41:27.547 D/CCodecConfig(14775):   c2::u32 output.large-frame.threshold-size = 0
11-06 20:41:27.547 D/CCodecConfig(14775):   string output.media-type.value = "audio/raw"
11-06 20:41:27.547 D/CCodecConfig(14775):   c2::u32 raw.channel-count.value = 1
11-06 20:41:27.547 D/CCodecConfig(14775):   c2::u32 raw.sample-rate.value = 48000
11-06 20:41:27.547 D/CCodecConfig(14775): }
11-06 20:41:27.548 D/CCodec  (14775): [c2.android.opus.decoder] buffers are bound to CCodec for this session
11-06 20:41:27.548 D/CCodecConfig(14775): no c2 equivalents for durationUs
11-06 20:41:27.548 D/CCodecConfig(14775): no c2 equivalents for track-id
11-06 20:41:27.548 D/CCodecConfig(14775): no c2 equivalents for csd-1
11-06 20:41:27.548 D/CCodecConfig(14775): no c2 equivalents for csd-2
11-06 20:41:27.548 D/CCodecConfig(14775): no c2 equivalents for flags
11-06 20:41:27.548 D/CCodecConfig(14775): c2 config diff is   c2::u32 raw.channel-count.value = 2
11-06 20:41:27.548 W/Codec2Client(14775): query -- param skipped: index = 1107298332.
11-06 20:41:27.548 D/CCodec  (14775): encoding statistics level = 0
11-06 20:41:27.548 D/CCodec  (14775): setup formats input: AMessage(what = 0x00000000) = {
11-06 20:41:27.548 D/CCodec  (14775):   int32_t bitrate = 6000
11-06 20:41:27.548 D/CCodec  (14775):   int32_t channel-count = 2
11-06 20:41:27.548 D/CCodec  (14775):   int32_t max-input-size = 5760
11-06 20:41:27.548 D/CCodec  (14775):   string mime = "audio/opus"
11-06 20:41:27.548 D/CCodec  (14775):   int32_t sample-rate = 48000
11-06 20:41:27.548 D/CCodec  (14775): }
11-06 20:41:27.548 D/CCodec  (14775): setup formats output: AMessage(what = 0x00000000) = {
11-06 20:41:27.548 D/CCodec  (14775):   int32_t buffer-batch-max-output-size = 0
11-06 20:41:27.548 D/CCodec  (14775):   int32_t buffer-batch-threshold-output-size = 0
11-06 20:41:27.548 D/CCodec  (14775):   int32_t channel-count = 2
11-06 20:41:27.548 D/CCodec  (14775):   string mime = "audio/raw"
11-06 20:41:27.548 D/CCodec  (14775):   int32_t sample-rate = 48000
11-06 20:41:27.548 D/CCodec  (14775):   int32_t channel-mask = 3
11-06 20:41:27.548 D/CCodec  (14775):   int32_t android._config-pcm-encoding = 2
11-06 20:41:27.548 D/CCodec  (14775): }
11-06 20:41:27.549 I/CCodecConfig(14775): query failed after returning 8 values (BAD_INDEX)
11-06 20:41:27.549 W/Codec2Client(14775): query -- param skipped: index = 1342179345.
11-06 20:41:27.549 W/Codec2Client(14775): query -- param skipped: index = 2415921170.
11-06 20:41:27.549 D/CCodecBufferChannel(14775): [c2.android.opus.decoder#281] Created input block pool with allocatorID 16 => poolID 26 - OK (0)
11-06 20:41:27.550 I/CCodecBufferChannel(14775): [c2.android.opus.decoder#281] Created output block pool with allocatorID 16 => poolID 328 - OK
11-06 20:41:27.550 D/CCodecBufferChannel(14775): [c2.android.opus.decoder#281] Configured output block pool ids 328 => OK
11-06 20:41:27.550 E/Codec2-ComponentInterface( 1606): We have a failed config
11-06 20:41:27.552 D/SimpleC2Component( 1606): Using output block pool with poolID 328 => got 328 - 0
11-06 20:41:27.552 I/C2SoftOpusDec( 1606): Configuring decoder: 48000 Hz, 2 channels
11-06 20:41:27.570 D/CCodecBufferChannel(14775): [c2.android.vorbis.decoder#30] MediaCodec discarded an unknown buffer
11-06 20:41:27.571 D/CCodecBufferChannel(14775): [c2.android.vorbis.decoder#30] MediaCodec discarded an unknown buffer
11-06 20:41:27.571 D/CCodecBufferChannel(14775): [c2.android.vorbis.decoder#30] MediaCodec discarded an unknown buffer
11-06 20:41:27.572 I/hw-BpHwBinder(14775): onLastStrongRef automatically unlinking death recipients
11-06 20:41:27.572 I/hw-BpHwBinder( 1606): onLastStrongRef automatically unlinking death recipients
11-06 20:41:27.572 D/BufferPoolAccessor2.0( 1606): Destruction - bufferpool2 0xb4000075e11f8938 cached: 0/0M, 0/0% in use; allocs: 0, 0% recycled; transfers: 0, 0% unfetched
11-06 20:41:27.573 W/CameraMetadataJV(14775): Expect face scores and rectangles to be non-null
11-06 20:41:27.573 W/CameraMetadataJV(14775): Expect face scores and rectangles to be non-null
11-06 20:41:27.574 D/CAM_MarshalQueryableASDScene(14775): Expected size should be 8, but got: 0
11-06 20:41:27.574 D/CAM_MarshalQueryableASDScene(14775): Expected size should be 8, but got: 0
11-06 20:41:27.574 D/CAM_MarshalQueryableASDScene(14775): Expected size should be 8, but got: 0
11-06 20:41:27.574 W/CAM_Camera2CompatAdapterRole(14775): Warning: getAuxCameraId(): #init() failed, roleId=20
11-06 20:41:27.574 W/CAM_Camera2CompatAdapterRole(14775): Warning: getUltraTeleCameraId(): #init() failed, roleId=23
11-06 20:41:27.588 E/libprotobuf-native( 1094): [libprotobuf ERROR external/protobuf/src/google/protobuf/message_lite.cc:123] Can't parse message of type "sns_flicker_event" because it is missing required fields: (cannot determine missing fields for lite message)
11-06 20:41:27.589 E/libprotobuf-native( 1094): [libprotobuf ERROR external/protobuf/src/google/protobuf/message_lite.cc:123] Can't parse message of type "sns_flicker_event" because it is missing required fields: (cannot determine missing fields for lite message)
11-06 20:41:27.602 D/CAM_HalCloudObserver(14775): onNext| request hal cloud data: E
11-06 20:41:27.602 D/CAM_HalCloudObserver(14775): onNext| hal cloud data not changed
11-06 20:41:27.602 D/CAM_HalCloudDataManager(14775): Listen to cloud data change
11-06 20:41:27.603 D/CAM_HalCloudObserver(14775): onNext| request hal cloud data: X
