11-06 20:41:25.391 I/FontLog ( 3114): (REDACTED) Fetch %s end status %s
11-06 20:41:25.393 I/FontLog ( 3114): (REDACTED) Pulling font file for id = %d, cache size = %d
11-06 20:41:25.399 D/MediaProvider( 3848): Open with FUSE. FilePath: /storage/emulated/0/Download/WIN64 EXE USER LEVELVFP SCREENCLASE German Fabricio Valdez v466 2025.10.07 win7-11.zip. Uid: 10718. Media Capabilities Uid: 0. ShouldRedact: false. ShouldTranscode: false
11-06 20:41:25.408 D/MediaProvider( 3848): Open with FUSE. FilePath: /storage/emulated/0/Download/WIN64 EXE USER LEVELVFP THERM German Fabricio Valdez v247 2025.06.29 win7-11.zip. Uid: 10718. Media Capabilities Uid: 0. ShouldRedact: false. ShouldTranscode: false
11-06 20:41:25.417 D/MediaProvider( 3848): Open with FUSE. FilePath: /storage/emulated/0/Download/ModCameraLeica_4.7.221023.1_10bit.zip. Uid: 10718. Media Capabilities Uid: 0. ShouldRedact: false. ShouldTranscode: false
11-06 20:41:25.424 D/MediaProvider( 3848): Open with FUSE. FilePath: /storage/emulated/0/Download/WIN64 EXE USER LEVELVFP SQLDATA2 German Fabricio Valdez v896 2025.10.05 win7-11.zip. Uid: 10718. Media Capabilities Uid: 0. ShouldRedact: false. ShouldTranscode: false
11-06 20:41:25.433 D/MediaProvider( 3848): Open with FUSE. FilePath: /storage/emulated/0/Download/0503273574526.pdf. Uid: 10718. Media Capabilities Uid: 0. ShouldRedact: false. ShouldTranscode: false
11-06 20:41:25.435 I/DEBUG   (13358): begin to generate unexp report
11-06 20:41:25.447 D/MediaProvider( 3848): Open with FUSE. FilePath: /storage/emulated/0/Download/WIN64 EXE USER LEVELVFP VISUAL FOXPRO 9 ECOSYSTEM German Fabricio Valdez v369 2025.08.13 win7-11.rar. Uid: 10718. Media Capabilities Uid: 0. ShouldRedact: false. ShouldTranscode: false
11-06 20:41:25.466 D/MediaProvider( 3848): Open with FUSE. FilePath: /storage/emulated/0/Download/MIUI Camera Leica OSS.zip. Uid: 10718. Media Capabilities Uid: 0. ShouldRedact: false. ShouldTranscode: false
11-06 20:41:25.474 D/MediaProvider( 3848): Open with FUSE. FilePath: /storage/emulated/0/Download/core-patch-4.1.zip. Uid: 10718. Media Capabilities Uid: 0. ShouldRedact: false. ShouldTranscode: false
11-06 20:41:25.478 W/CrashSDKBkgdHan(13358): type=1400 audit(0.0:2644): avc:  denied  { read } for  name="anr" dev="dm-40" ino=84637 scontext=u:r:untrusted_app:s0:c211,c258,c512,c768 tcontext=u:object_r:anr_data_file:s0 tclass=dir permissive=0 app=com.alibaba.aliexpresshd
11-06 20:41:25.480 I/DEBUG   (13358): unexp report not generated
11-06 20:41:25.505 W/VideoCapabilities(14704): Unrecognized profile/level 0/3 for video/mpeg2
11-06 20:41:25.506 W/VideoCapabilities(14704): Unrecognized profile/level 0/3 for video/mpeg2
11-06 20:41:25.533 W/VideoCapabilities(14704): Unrecognized profile/level 0/3 for video/mpeg2
11-06 20:41:25.533 W/VideoCapabilities(14704): Unrecognized profile/level 0/3 for video/mpeg2
11-06 20:41:25.815 I/hwservicemanager(  669): getTransport: Cannot find entry vendor.qti.hardware.servicetracker@1.0::IServicetracker/default in either framework or device VINTF manifest.
11-06 20:41:25.909 W/chromium(14640): [WARNING:net/cert/ev_root_ca_metadata.cc:117] Not implemented
11-06 20:41:25.910 W/chromium(14640): [WARNING:net/cert/ev_root_ca_metadata.cc:117] Not implemented
11-06 20:41:25.915 W/chromium(14640): [WARNING:net/cert/ev_root_ca_metadata.cc:117] Not implemented
11-06 20:41:26.029 W/ServiceManagerCppClient( 1254): Waited one second for stats (is service started? Number of threads started in the threadpool: 6. Are binder threads started and available?)
11-06 20:41:26.029 W/ServiceManagerCppClient( 1566): Waited one second for stats (is service started? Number of threads started in the threadpool: 17. Are binder threads started and available?)
11-06 20:41:26.042 W/ServiceManagerCppClient( 1820): Waited one second for stats (is service started? Number of threads started in the threadpool: 32. Are binder threads started and available?)
11-06 20:41:26.350 W/chbox:googleapp(14325): Suspending all threads took: 28.146ms
11-06 20:41:26.351 I/hwservicemanager(  669): getTransport: Cannot find entry vendor.qti.hardware.servicetracker@1.0::IServicetracker/default in either framework or device VINTF manifest.
11-06 20:41:26.353 D/BackgroundInstallControlService( 1820): Package event received: 0
11-06 20:41:26.417 D/b/387844520( 2880): getOutlineOffsetX: measured width = 182, mNormalizedIconSize = 167, last updated width = 182
11-06 20:41:26.422 I/s.nexuslauncher( 2880): AssetManager2(0xb40000735b81ee98) locale list changing from [] to [es-ES]
11-06 20:41:26.424 I/hwservicemanager(  669): getTransport: Cannot find entry vendor.qti.hardware.servicetracker@1.2::IServicetracker/default in either framework or device VINTF manifest.
11-06 20:41:26.424 W/ActivityTaskManager( 1820): servicetracker HIDL not available
11-06 20:41:26.424 E/ActivityTaskManager( 1820): Unable to get servicetracker HAL instance
11-06 20:41:26.424 I/hwservicemanager(  669): getTransport: Cannot find entry vendor.qti.hardware.servicetracker@1.2::IServicetracker/default in either framework or device VINTF manifest.
11-06 20:41:26.425 W/ActivityTaskManager( 1820): servicetracker HIDL not available
11-06 20:41:26.425 E/ActivityTaskManager( 1820): Unable to get servicetracker HAL instance
11-06 20:41:26.425 V/GrammaticalInflectionUtils( 1820): AttributionSource: android.content.AttributionSource@c32a0007 does not have READ_SYSTEM_GRAMMATICAL_GENDER permission.
11-06 20:41:26.427 E/BoostFramework( 1820): BoostFramework() : Exception_1 = java.lang.ClassNotFoundException: com.qualcomm.qti.Performance
11-06 20:41:26.427 E/BoostFramework( 1820): BoostFramework() Ux Perf: Exception = java.lang.ClassNotFoundException: com.qualcomm.qti.UxPerformance
11-06 20:41:26.428 E/BoostFramework( 1820): BoostFramework() : Exception_1 = java.lang.ClassNotFoundException: com.qualcomm.qti.Performance
11-06 20:41:26.428 E/BoostFramework( 1820): BoostFramework() Ux Perf: Exception = java.lang.ClassNotFoundException: com.qualcomm.qti.UxPerformance
11-06 20:41:26.430 W/ProcessFreezerManager( 1820):   unbale to freeze binder: app info: uid=10616, pid=13005, adj=955, frozen=false, services=0, proc name=com.google.android.apps.wellbeing
11-06 20:41:26.430 D/ProcessFreezerManager( 1820):  *skip freeze process: skip reason: unable to freeze process's binder. app info: uid=10616, pid=13005, adj=955, frozen=false, services=0, proc name=com.google.android.apps.wellbeing
11-06 20:41:26.430 W/ProcessFreezerManager( 1820):   unbale to freeze binder: app info: uid=10723, pid=13025, adj=915, frozen=false, services=6, proc name=com.alibaba.aliexpresshd:channel
11-06 20:41:26.430 D/ProcessFreezerManager( 1820):  *skip freeze process: skip reason: unable to freeze process's binder. app info: uid=10723, pid=13025, adj=915, frozen=false, services=6, proc name=com.alibaba.aliexpresshd:channel
11-06 20:41:26.430 W/ProcessFreezerManager( 1820):   unbale to freeze binder: app info: uid=10723, pid=13358, adj=925, frozen=false, services=3, proc name=com.alibaba.aliexpresshd
11-06 20:41:26.430 D/ProcessFreezerManager( 1820):  *skip freeze process: skip reason: unable to freeze process's binder. app info: uid=10723, pid=13358, adj=925, frozen=false, services=3, proc name=com.alibaba.aliexpresshd
11-06 20:41:26.430 W/ProcessFreezerManager( 1820):   unbale to freeze binder: app info: uid=10728, pid=13574, adj=905, frozen=false, services=2, proc name=com.facebook.katana
11-06 20:41:26.430 D/ProcessFreezerManager( 1820):  *skip freeze process: skip reason: unable to freeze process's binder. app info: uid=10728, pid=13574, adj=905, frozen=false, services=2, proc name=com.facebook.katana
11-06 20:41:26.430 W/ProcessFreezerManager( 1820):   unbale to freeze binder: app info: uid=10723, pid=13693, adj=945, frozen=false, services=0, proc name=com.alibaba.aliexpresshd:support
11-06 20:41:26.430 D/ProcessFreezerManager( 1820):  *skip freeze process: skip reason: unable to freeze process's binder. app info: uid=10723, pid=13693, adj=945, frozen=false, services=0, proc name=com.alibaba.aliexpresshd:support
11-06 20:41:26.431 W/ProcessFreezerManager( 1820):   unbale to freeze binder: app info: uid=10723, pid=13718, adj=945, frozen=false, services=0, proc name=com.alibaba.aliexpresshd:tool
11-06 20:41:26.431 D/ProcessFreezerManager( 1820):  *skip freeze process: skip reason: unable to freeze process's binder. app info: uid=10723, pid=13718, adj=945, frozen=false, services=0, proc name=com.alibaba.aliexpresshd:tool
11-06 20:41:26.431 W/ProcessFreezerManager( 1820):   unbale to freeze binder: app info: uid=10723, pid=13766, adj=925, frozen=false, services=1, proc name=com.alibaba.aliexpresshd:sandboxed_privilege_process0
11-06 20:41:26.431 D/ProcessFreezerManager( 1820):  *skip freeze process: skip reason: unable to freeze process's binder. app info: uid=10723, pid=13766, adj=925, frozen=false, services=1, proc name=com.alibaba.aliexpresshd:sandboxed_privilege_process0
11-06 20:41:26.431 W/ProcessFreezerManager( 1820):   unbale to freeze binder: app info: uid=10723, pid=13834, adj=915, frozen=false, services=1, proc name=com.alibaba.aliexpresshd:pushservice
11-06 20:41:26.431 D/ProcessFreezerManager( 1820):  *skip freeze process: skip reason: unable to freeze process's binder. app info: uid=10723, pid=13834, adj=915, frozen=false, services=1, proc name=com.alibaba.aliexpresshd:pushservice
11-06 20:41:26.431 W/ProcessFreezerManager( 1820):   unbale to freeze binder: app info: uid=1000, pid=14206, adj=935, frozen=false, services=0, proc name=com.android.settings
11-06 20:41:26.431 D/ProcessFreezerManager( 1820):  *skip freeze process: skip reason: unable to freeze process's binder. app info: uid=1000, pid=14206, adj=935, frozen=false, services=0, proc name=com.android.settings
11-06 20:41:26.431 W/ProcessFreezerManager( 1820):   unbale to freeze binder: app info: uid=10532, pid=14224, adj=935, frozen=false, services=0, proc name=android.process.media
11-06 20:41:26.431 D/ProcessFreezerManager( 1820):  *skip freeze process: skip reason: unable to freeze process's binder. app info: uid=10532, pid=14224, adj=935, frozen=false, services=0, proc name=android.process.media
11-06 20:41:26.431 W/ProcessFreezerManager( 1820):   unbale to freeze binder: app info: uid=10715, pid=14272, adj=905, frozen=false, services=0, proc name=com.android.cellbroadcastreceiver.module
11-06 20:41:26.431 D/ProcessFreezerManager( 1820):  *skip freeze process: skip reason: unable to freeze process's binder. app info: uid=10715, pid=14272, adj=905, frozen=false, services=0, proc name=com.android.cellbroadcastreceiver.module
11-06 20:41:26.431 W/ProcessFreezerManager( 1820):   unbale to freeze binder: app info: uid=10618, pid=14325, adj=905, frozen=false, services=1, proc name=com.google.android.googlequicksearchbox:googleapp
11-06 20:41:26.431 D/ProcessFreezerManager( 1820):  *skip freeze process: skip reason: unable to freeze process's binder. app info: uid=10618, pid=14325, adj=905, frozen=false, services=1, proc name=com.google.android.googlequicksearchbox:googleapp
11-06 20:41:26.431 W/ProcessFreezerManager( 1820):   unbale to freeze binder: app info: uid=10733, pid=14400, adj=905, frozen=false, services=0, proc name=com.google.android.youtube
11-06 20:41:26.431 D/ProcessFreezerManager( 1820):  *skip freeze process: skip reason: unable to freeze process's binder. app info: uid=10733, pid=14400, adj=905, frozen=false, services=0, proc name=com.google.android.youtube
11-06 20:41:26.431 W/ProcessFreezerManager( 1820):   unbale to freeze binder: app info: uid=10618, pid=14422, adj=905, frozen=false, services=0, proc name=com.google.android.googlequicksearchbox:search
11-06 20:41:26.431 D/ProcessFreezerManager( 1820):  *skip freeze process: skip reason: unable to freeze process's binder. app info: uid=10618, pid=14422, adj=905, frozen=false, services=0, proc name=com.google.android.googlequicksearchbox:search
11-06 20:41:26.431 W/ProcessFreezerManager( 1820):   unbale to freeze binder: app info: uid=99006, pid=14522, adj=905, frozen=false, services=1, proc name=com.google.android.webview:sandboxed_process0:org.chromium.content.app.SandboxedProcessService0:0
11-06 20:41:26.431 D/ProcessFreezerManager( 1820):  *skip freeze process: skip reason: unable to freeze process's binder. app info: uid=99006, pid=14522, adj=905, frozen=false, services=1, proc name=com.google.android.webview:sandboxed_process0:org.chromium.content.app.SandboxedProcessService0:0
11-06 20:41:26.431 W/ProcessFreezerManager( 1820):   unbale to freeze binder: app info: uid=10619, pid=14560, adj=905, frozen=false, services=1, proc name=com.google.android.webview:webview_service
11-06 20:41:26.431 D/ProcessFreezerManager( 1820):  *skip freeze process: skip reason: unable to freeze process's binder. app info: uid=10619, pid=14560, adj=905, frozen=false, services=1, proc name=com.google.android.webview:webview_service
11-06 20:41:26.432 W/ProcessFreezerManager( 1820):   unbale to freeze binder: app info: uid=10703, pid=14575, adj=905, frozen=false, services=0, proc name=com.android.adservices.api
11-06 20:41:26.432 D/ProcessFreezerManager( 1820):  *skip freeze process: skip reason: unable to freeze process's binder. app info: uid=10703, pid=14575, adj=905, frozen=false, services=0, proc name=com.android.adservices.api
11-06 20:41:26.432 W/ProcessFreezerManager( 1820):   unbale to freeze binder: app info: uid=10718, pid=14640, adj=905, frozen=false, services=1, proc name=com.brave.browser
11-06 20:41:26.432 D/ProcessFreezerManager( 1820):  *skip freeze process: skip reason: unable to freeze process's binder. app info: uid=10718, pid=14640, adj=905, frozen=false, services=1, proc name=com.brave.browser
11-06 20:41:26.432 W/ProcessFreezerManager( 1820):   unbale to freeze binder: app info: uid=10718, pid=14704, adj=905, frozen=false, services=1, proc name=com.brave.browser:privileged_process0
11-06 20:41:26.432 D/ProcessFreezerManager( 1820):  *skip freeze process: skip reason: unable to freeze process's binder. app info: uid=10718, pid=14704, adj=905, frozen=false, services=1, proc name=com.brave.browser:privileged_process0
11-06 20:41:26.432 W/ProcessFreezerManager( 1820):   unbale to freeze binder: app info: uid=90000, pid=14752, adj=905, frozen=false, services=1, proc name=com.brave.browser:sandboxed_process0:org.chromium.content.app.SandboxedProcessService0:0
11-06 20:41:26.432 D/ProcessFreezerManager( 1820):  *skip freeze process: skip reason: unable to freeze process's binder. app info: uid=90000, pid=14752, adj=905, frozen=false, services=1, proc name=com.brave.browser:sandboxed_process0:org.chromium.content.app.SandboxedProcessService0:0
11-06 20:41:26.432 W/ProcessFreezerManager( 1820):   unbale to freeze binder: app info: uid=10609, pid=25723, adj=905, frozen=false, services=6, proc name=com.google.android.gms
11-06 20:41:26.432 D/ProcessFreezerManager( 1820):  *skip freeze process: skip reason: unable to freeze process's binder. app info: uid=10609, pid=25723, adj=905, frozen=false, services=6, proc name=com.google.android.gms
11-06 20:41:26.432 W/ProcessFreezerManager( 1820):   unbale to freeze binder: app info: uid=10623, pid=27039, adj=955, frozen=false, services=0, proc name=com.google.android.tts
11-06 20:41:26.432 D/ProcessFreezerManager( 1820):  *skip freeze process: skip reason: unable to freeze process's binder. app info: uid=10623, pid=27039, adj=955, frozen=false, services=0, proc name=com.google.android.tts
11-06 20:41:26.445 D/CompatChangeReporter( 1820): Compat change id reported: 205907456; UID 10586; state: ENABLED
11-06 20:41:26.446 D/ActivityTrigger( 1820): ActivityTrigger activityPauseTrigger 
11-06 20:41:26.446 I/hwservicemanager(  669): getTransport: Cannot find entry vendor.qti.hardware.servicetracker@1.2::IServicetracker/default in either framework or device VINTF manifest.
11-06 20:41:26.446 W/ActivityTaskManager( 1820): servicetracker HIDL not available
11-06 20:41:26.446 E/ActivityTaskManager( 1820): Unable to get servicetracker HAL instance
11-06 20:41:26.449 D/CompatChangeReporter( 1820): Compat change id reported: 194833441; UID 10586; state: ENABLED
11-06 20:41:26.449 I/ActivityTaskManager( 1820): START u0 {act=android.intent.action.MAIN cat=[android.intent.category.LAUNCHER] flg=0x10200000 xflg=0x4 cmp=com.android.camera/.Camera bnds=[823,1788][1005,1993]} with LAUNCH_SINGLE_TOP from uid 10659 (sr=174577648) (BAL_ALLOW_VISIBLE_WINDOW) result code=0
11-06 20:41:26.449 D/StatsLog( 2880): LAUNCHER_APP_LAUNCH_TAP
11-06 20:41:26.449 V/WindowManagerShell( 2614): Transition requested (#139): android.os.BinderProxy@5096283 TransitionRequestInfo { type = OPEN, triggerTask = TaskInfo{userId=0 taskId=398 effectiveUid=10586 displayId=0 isRunning=true baseIntent=Intent { act=android.intent.action.MAIN cat=[android.intent.category.LAUNCHER] flg=0x10200000 cmp=com.android.camera/.Camera } baseActivity=ComponentInfo{com.android.camera/com.android.camera.Camera} topActivity=ComponentInfo{com.android.camera/com.android.camera.Camera} origActivity=null realActivity=ComponentInfo{com.android.camera/com.android.camera.Camera} numActivities=1 lastActiveTime=13291724 supportsMultiWindow=true resizeMode=0 isResizeable=true minWidth=-1 minHeight=-1 defaultMinSize=220 token=WCT{android.window.IWindowContainerToken$Stub$Proxy@5550c00} topActivityType=1 pictureInPictureParams=null shouldDockBigOverlays=false launchIntoPipHostTaskId=-1 lastParentTaskIdBeforePip=-1 displayCutoutSafeInsets=Rect(0, 90 - 0, 0) topActivityInfo=ActivityInfo{6de4c39 com.android.camera.Camera} launchCookies=[android.os.BinderProxy@4f6027e] positionInParent=Point(0, 0) parentTaskId=-1 isFocused=false isVisible=false isVisibleRequested=false isTopActivityNoDisplay=false isSleeping=false locusId=null displayAreaFeatureId=1 isTopActivityTransparent=false isActivityStackTransparent=false lastNonFullscreenBounds=Rect(273, 642 - 807, 1722) capturedLink=null capturedLinkTimestamp=0 requestedVisibleTypes=-9 topActivityRequestOpenInBrowserEducationTimestamp=0 appCompatTaskInfo=AppCompatTaskInfo { topActivityInSizeCompat=false eligibleForLetterboxEducation= false isLetterboxEducationEnabled= false isLetterboxDoubleTapEnabled= false eligibleForUserAspectRatioButton= false topActivityBoundsLetterboxed= false isFromLetterboxDoubleTap= false topActivityLetterboxVerticalPosition= -1 topActivityLetterboxHorizontalPosition= -1 topActivityLetterboxWidth=-1 topActivityLetterboxHeight=-1 topActivityAppBounds=Rect(0, 90 - 1080, 2274) isUserFullscreenOverrideEnabled=false isSystemFullscreenOverrideEnabled=false hasMinAspectRatioOverride=false topActivityLetterboxBounds=null cameraCompatTaskInfo=CameraCompatTaskInfo { freeformCameraCompatMode=inactive}} topActivityMainWindowFrame=null}, pipChange = null, remoteTransition = RemoteTransition { remoteTransition = android.window.IRemoteTransition$Stub$Proxy@cf5a3df, appThread = android.app.IApplicationThread$Stub$Proxy@9fee82c, debugName = QuickstepLaunch }, displayChange = null, flags = 0, debugId = 139 }
11-06 20:41:26.449 D/StatsLog( 2880): LAUNCHER_HOTSEAT_RANKED
11-06 20:41:26.450 D/ShellSplitScreen( 2614): logExit: no-op, mLoggerSessionId is null
11-06 20:41:26.450 V/WindowManagerShell( 2614): RemoteTransition directly requested for (#139) android.os.BinderProxy@5096283: RemoteTransition { remoteTransition = android.window.IRemoteTransition$Stub$Proxy@cf5a3df, appThread = android.app.IApplicationThread$Stub$Proxy@9fee82c, debugName = QuickstepLaunch }
11-06 20:41:26.450 I/ndroid.systemui( 2614): AssetManager2(0xb40000735b8b1c98) locale list changing from [] to [es-ES]
11-06 20:41:26.450 V/WindowManagerShell( 2614): Transition (#139): request handled by DefaultMixedHandler
11-06 20:41:26.450 D/QuickstepModelDelegate( 2880): notifyAppTargetEvent action=1 launchLocation=predictions/hotseat
11-06 20:41:26.451 V/GrammaticalInflectionUtils( 1820): AttributionSource: android.content.AttributionSource@c32a0007 does not have READ_SYSTEM_GRAMMATICAL_GENDER permission.
11-06 20:41:26.453 I/Zygote  (  927): Entering forkRepeatedly native zygote loop
11-06 20:41:26.460 D/Zygote  (  927): Forked child process 14775
11-06 20:41:26.460 I/ActivityManager( 1820): Start proc 14775:com.android.camera/u0a586 for next-top-activity {com.android.camera/com.android.camera.Camera}
11-06 20:41:26.460 I/ActivityManager( 1820): ProcessObserver broadcast disabled
11-06 20:41:26.461 W/Zygote  (14775): Unable to open libbeluga.so: dlopen failed: library "libbeluga.so" not found.
11-06 20:41:26.462 W/SplitSelectStateCtor( 2880): Missing session instanceIds
11-06 20:41:26.462 D/StatsLog( 2880): LAUNCHER_SPLIT_SELECTION_EXIT_INTERRUPTED
11-06 20:41:26.463 I/hwservicemanager(  669): getTransport: Cannot find entry vendor.qti.hardware.servicetracker@1.2::IServicetracker/default in either framework or device VINTF manifest.
11-06 20:41:26.463 W/ActivityTaskManager( 1820): servicetracker HIDL not available
11-06 20:41:26.463 E/ActivityTaskManager( 1820): Unable to get servicetracker HAL instance
11-06 20:41:26.463 D/WindowManagerShell( 2614): setLauncherKeepClearAreaHeight: visible=false, height=552
11-06 20:41:26.463 E/BoostFramework( 1820): BoostFramework() : Exception_1 = java.lang.ClassNotFoundException: com.qualcomm.qti.Performance
11-06 20:41:26.464 E/BoostFramework( 1820): BoostFramework() Ux Perf: Exception = java.lang.ClassNotFoundException: com.qualcomm.qti.UxPerformance
11-06 20:41:26.464 D/ProcessFreezerManager( 1820): Already triggered freeze for com.android.camera
11-06 20:41:26.464 D/ProcessFreezerManager( 1820): Already triggered freeze for com.android.camera
11-06 20:41:26.464 D/BackgroundInstallControlService( 1820): Package event received: 0
11-06 20:41:26.485 V/WindowManagerShell( 2614): onTransitionReady(transaction=7816840486893)
11-06 20:41:26.485 V/WindowManagerShell( 2614): onTransitionReady (#139) android.os.BinderProxy@5096283: {id=139 t=OPEN f=0x0 trk=0 r=[0@Point(0, 0)] c=[
11-06 20:41:26.485 V/WindowManagerShell( 2614):         {m=OPEN f=NONE leash=Surface(name=Task=398)/@0xe073a1d sb=Rect(0, 0 - 1080, 2340) eb=Rect(0, 0 - 1080, 2340) epz=Point(1080, 2340) d=0 taskParent=-1},
11-06 20:41:26.485 V/WindowManagerShell( 2614):         {m=TO_BACK f=SHOW_WALLPAPER leash=Surface(name=Task=1)/@0xc36c492 sb=Rect(0, 0 - 1080, 2340) eb=Rect(0, 0 - 1080, 2340) epz=Point(1080, 2340) d=0 taskParent=-1},
11-06 20:41:26.485 V/WindowManagerShell( 2614):         {m=TO_BACK f=IS_WALLPAPER leash=Surface(name=WallpaperWindowToken{a99b75 showWhenLocked=false})/@0xe225e63 sb=Rect(0, 0 - 1080, 2340) eb=Rect(0, 0 - 1080, 2340) epz=Point(1080, 2340) d=0}
11-06 20:41:26.485 V/WindowManagerShell( 2614):     ]}
11-06 20:41:26.485 V/WindowManager( 1820): Sent Transition (#139) createdAt=11-06 20:41:26.428 via request=TransitionRequestInfo { type = OPEN, triggerTask = TaskInfo{userId=0 taskId=398 effectiveUid=10586 displayId=0 isRunning=true baseIntent=Intent { act=android.intent.action.MAIN cat=[android.intent.category.LAUNCHER] flg=0x10200000 cmp=com.android.camera/.Camera } baseActivity=ComponentInfo{com.android.camera/com.android.camera.Camera} topActivity=ComponentInfo{com.android.camera/com.android.camera.Camera} origActivity=null realActivity=ComponentInfo{com.android.camera/com.android.camera.Camera} numActivities=1 lastActiveTime=13291724 supportsMultiWindow=true resizeMode=0 isResizeable=true minWidth=-1 minHeight=-1 defaultMinSize=220 token=WCT{RemoteToken{2dc5c39 Task{538d7fc #398 type=standard A=10586:com.android.camera}}} topActivityType=1 pictureInPictureParams=null shouldDockBigOverlays=false launchIntoPipHostTaskId=-1 lastParentTaskIdBeforePip=-1 displayCutoutSafeInsets=Rect(0, 90 - 0, 0) topActivityInfo=ActivityInfo{902d27e com.android.camera.Camera} launchCookies=[android.os.BinderProxy@dca33df] positionInParent=Point(0, 0) parentTaskId=-1 isFocused=false isVisible=false isVisibleRequested=false isTopActivityNoDisplay=false isSleeping=false locusId=null displayAreaFeatureId=1 isTopActivityTransparent=false isActivityStackTransparent=false lastNonFullscreenBounds=Rect(273, 642 - 807, 1722) capturedLink=null capturedLinkTimestamp=0 requestedVisibleTypes=-9 topActivityRequestOpenInBrowserEducationTimestamp=0 appCompatTaskInfo=AppCompatTaskInfo { topActivityInSizeCompat=false eligibleForLetterboxEducation= false isLetterboxEducationEnabled= false isLetterboxDoubleTapEnabled= false eligibleForUserAspectRatioButton= false topActivityBoundsLetterboxed= false isFromLetterboxDoubleTap= false topActivityLetterboxVerticalPosition= -1 topActivityLetterboxHorizontalPosition= -1 topActivityLetterboxWidth=-1 topActivityLetterboxHeight=-1 topActivityAppBounds=Rect(0, 90 - 1080, 2274) isUserFullscreenOverrideEnabled=false isSystemFullscreenOverrideEnabled=false hasMinAspectRatioOverride=false topActivityLetterboxBounds=null cameraCompatTaskInfo=CameraCompatTaskInfo { freeformCameraCompatMode=inactive}} topActivityMainWindowFrame=null}, pipChange = null, remoteTransition = RemoteTransition { remoteTransition = android.window.IRemoteTransition$Stub$Proxy@860382c, appThread = android.app.IApplicationThread$Stub$Proxy@1d82f5, debugName = QuickstepLaunch }, displayChange = null, flags = 0, debugId = 139 }
11-06 20:41:26.485 V/WindowManager( 1820):     startWCT=WindowContainerTransaction { changes= {} hops= [] errorCallbackToken=null taskFragmentOrganizer=null }
11-06 20:41:26.485 V/WindowManager( 1820):     info={id=139 t=OPEN f=0x0 trk=0 r=[0@Point(0, 0)] c=[
11-06 20:41:26.485 V/WindowManager( 1820):         {WCT{RemoteToken{2dc5c39 Task{538d7fc #398 type=standard A=10586:com.android.camera}}} m=OPEN f=NONE leash=Surface(name=Task=398)/@0x7fd693d sb=Rect(0, 0 - 1080, 2340) eb=Rect(0, 0 - 1080, 2340) epz=Point(1080, 2340) d=0 taskParent=-1},
11-06 20:41:26.485 V/WindowManager( 1820):         {WCT{RemoteToken{98f6a3a Task{534148f #1 type=home}}} m=TO_BACK f=SHOW_WALLPAPER leash=Surface(name=Task=1)/@0x864d54f sb=Rect(0, 0 - 1080, 2340) eb=Rect(0, 0 - 1080, 2340) epz=Point(1080, 2340) d=0 taskParent=-1},
11-06 20:41:26.485 V/WindowManager( 1820):         {m=TO_BACK f=IS_WALLPAPER leash=Surface(name=WallpaperWindowToken{a99b75 showWhenLocked=false})/@0xb256429 sb=Rect(0, 0 - 1080, 2340) eb=Rect(0, 0 - 1080, 2340) epz=Point(1080, 2340) d=0}
11-06 20:41:26.485 V/WindowManager( 1820):     ]}
11-06 20:41:26.485 V/WindowManagerShell( 2614): Playing animation for (#139) android.os.BinderProxy@5096283@0
11-06 20:41:26.486 V/WindowManagerShell( 2614):  try firstHandler com.android.wm.shell.transition.DefaultMixedHandler@db22b41
11-06 20:41:26.486 V/WindowManagerShell( 2614): Mixed transition for opening an intent with a remote transition and PIP or Desktop #139
11-06 20:41:26.486 V/WindowManagerShell( 2614): tryAnimateOpenIntentWithRemoteAndPipOrDesktop
11-06 20:41:26.486 V/WindowManagerShell( 2614):  Delegate animation for (#139) to RemoteTransition { remoteTransition = android.window.IRemoteTransition$Stub$Proxy@cf5a3df, appThread = android.app.IApplicationThread$Stub$Proxy@9fee82c, debugName = QuickstepLaunch }
11-06 20:41:26.486 V/WindowManagerShell( 2614):  animated by firstHandler
11-06 20:41:26.488 I/.android.camera(14775): Using CollectorTypeCC GC.
11-06 20:41:26.489 D/BaseDepthController( 2880): mSurface is null and mCurrentBlur is: 0
11-06 20:41:26.489 D/BaseDepthController( 2880): mSurface is null and mCurrentBlur is: 0
11-06 20:41:26.496 D/BaseDepthController( 2880): mSurface is null and mCurrentBlur is: 0
11-06 20:41:26.499 D/nativeloader(14775): Load libframework-connectivity-tiramisu-jni.so using APEX ns com_android_tethering for caller /apex/com.android.tethering/javalib/framework-connectivity-t.jar: ok
11-06 20:41:26.503 D/CompatibilityInfo( 1820): mCompatibilityFlags - 0
11-06 20:41:26.503 D/CompatibilityInfo( 1820): applicationDensity - 440
11-06 20:41:26.503 D/CompatibilityInfo( 1820): applicationScale - 1.0
11-06 20:41:26.505 D/BackgroundInstallControlService( 1820): Package event received: 0
11-06 20:41:26.506 I/eetp    ( 3859): (REDACTED) appOpsListener %s %s
11-06 20:41:26.506 I/eetp    ( 3859): (REDACTED) Ignoring irrelevant audio permission changes for package %s
11-06 20:41:26.507 D/BackgroundInstallControlService( 1820): Package event received: 0
11-06 20:41:26.546 D/BaseDepthController( 2880): mSurface is null and mCurrentBlur is: 0
11-06 20:41:26.552 D/nativeloader(14775): Configuring clns-shared-9 for other apk /system/priv-app/MiuiCamera/MiuiCamera.apk. target_sdk_version=33, uses_libraries=libSNPE.so:libOpenCL.so:libcdsprpc.so, library_path=/system/priv-app/MiuiCamera/lib/arm64:/system/priv-app/MiuiCamera/MiuiCamera.apk!/lib/arm64-v8a:/system/lib64:/system_ext/lib64, permitted_path=/data:/mnt/expand:/data/user/0/com.android.camera:/system/priv-app/MiuiCamera:/system/lib64:/system_ext/lib64
11-06 20:41:26.563 D/BaseDepthController( 2880): mSurface is null and mCurrentBlur is: 0
11-06 20:41:26.574 I/.android.camera(14775): AssetManager2(0xb40000735b815258) locale list changing from [] to [es-ES]
11-06 20:41:26.577 E/BoostFramework(14775): BoostFramework() : Exception_1 = java.lang.ClassNotFoundException: com.qualcomm.qti.Performance
11-06 20:41:26.577 E/BoostFramework(14775): BoostFramework() Ux Perf: Exception = java.lang.ClassNotFoundException: com.qualcomm.qti.UxPerformance
11-06 20:41:26.578 V/GraphicsEnvironment(14775): Currently set values for:
11-06 20:41:26.578 V/GraphicsEnvironment(14775):   angle_gl_driver_selection_pkgs=[com.android.angle, com.linecorp.b612.android, com.campmobile.snow, com.google.android.apps.tachyon]
11-06 20:41:26.578 V/GraphicsEnvironment(14775):   angle_gl_driver_selection_values=[angle, native, native, native]
11-06 20:41:26.578 V/GraphicsEnvironment(14775): com.android.camera is not listed in per-application setting
11-06 20:41:26.578 V/GraphicsEnvironment(14775): ANGLE allowlist from config: 
11-06 20:41:26.578 V/GraphicsEnvironment(14775): com.android.camera is not listed in ANGLE allowlist or settings, returning default
11-06 20:41:26.579 V/GraphicsEnvironment(14775): Neither updatable production driver nor prerelease driver is supported.
11-06 20:41:26.580 D/BaseDepthController( 2880): mSurface is null and mCurrentBlur is: 0
11-06 20:41:26.586 D/CAM_DataItemFeature(14775): this is ro.boot.camera.config 1
11-06 20:41:26.586 E/BoostFramework(14775): BoostFramework() : Exception_1 = java.lang.ClassNotFoundException: com.qualcomm.qti.Performance
11-06 20:41:26.586 E/BoostFramework(14775): BoostFramework() Ux Perf: Exception = java.lang.ClassNotFoundException: com.qualcomm.qti.UxPerformance
11-06 20:41:26.591 D/CAM_BoostFrameworkImpl(14775): startBoost: duration = 300, scene = 6
11-06 20:41:26.591 D/CAM_BoostFrameworkImpl(14775): ready to boost
11-06 20:41:26.591 E/CAM_CameraAppImpl(14775): setFootprintFlag failed:NoSuchMethodException:android.app.ActivityThread.setFootprintFlag [boolean]
11-06 20:41:26.592 W/libc    (14775): Access denied finding property "vendor.panel.display"
11-06 20:41:26.592 D/CAM_CameraUtil(14775): could not get packageManager of maintenance mode
11-06 20:41:26.593 D/CompatChangeReporter(14775): Compat change id reported: 183155436; UID 10586; state: ENABLED
11-06 20:41:26.596 D/BaseDepthController( 2880): mSurface is null and mCurrentBlur is: 0
11-06 20:41:26.600 D/CAM_HalCloudDataManager(14775): requestCloudDataAsync| Start async request
11-06 20:41:26.602 D/CAM_BoostFrameworkImpl(14775): stopBoost
11-06 20:41:26.602 D/CAM_BoostFrameworkImpl(14775): ready to stop boost
11-06 20:41:26.604 D/CAM_CRE_MIGLDump(14775): setDumpRootDir:  /storage/emulated/0/Android/data/com.android.camera/files/dump_files
11-06 20:41:26.604 D/CAM_CameraAppImpl(14775): attachBaseContext: cost = 22
11-06 20:41:26.607 I/CAM_SplashProvider(14775): onCreate: 
11-06 20:41:26.608 V/CAM_ParallelProcessProvider(14775): onCreate
11-06 20:41:26.610 D/CAM_CameraUtil(14775): boostAdj: [600, 0]
11-06 20:41:26.612 D/CAM_BoostFrameworkImpl(14775): startBoost: duration = 300, scene = 6
11-06 20:41:26.612 D/CAM_BoostFrameworkImpl(14775): ready to boost
11-06 20:41:26.613 D/BaseDepthController( 2880): mSurface is null and mCurrentBlur is: 0
11-06 20:41:26.615 E/ashmem  (14775): Pinning is deprecated since Android Q. Please use trim or other methods.
11-06 20:41:26.615 W/System.err(14775): android.provider.Settings$SettingNotFoundException: device_posture
11-06 20:41:26.615 W/System.err(14775): 	at android.provider.Settings.parseIntSetting(Settings.java:4123)
11-06 20:41:26.615 W/System.err(14775): 	at android.provider.Settings.-$$Nest$smparseIntSetting(Unknown Source:0)
11-06 20:41:26.615 W/System.err(14775): 	at android.provider.Settings$Global.getInt(Settings.java:20487)
11-06 20:41:26.615 W/System.err(14775): 	at d.c.a.a6.f.k.a(Unknown Source:10)
11-06 20:41:26.615 W/System.err(14775): 	at d.c.a.a6.b.q0(Unknown Source:160)
11-06 20:41:26.615 W/System.err(14775): 	at d.c.a.a6.b.<clinit>(Unknown Source:21)
11-06 20:41:26.615 W/System.err(14775): 	at d.c.a.c3.a(Unknown Source:4)
11-06 20:41:26.615 W/System.err(14775): 	at com.android.camera.CameraAppImpl.onCreate(Unknown Source:51)
11-06 20:41:26.615 W/System.err(14775): 	at android.app.Instrumentation.callApplicationOnCreate(Instrumentation.java:1405)
11-06 20:41:26.615 W/System.err(14775): 	at android.app.ActivityThread.handleBindApplication(ActivityThread.java:7880)
11-06 20:41:26.615 W/System.err(14775): 	at android.app.ActivityThread.-$$Nest$mhandleBindApplication(Unknown Source:0)
11-06 20:41:26.615 W/System.err(14775): 	at android.app.ActivityThread$H.handleMessage(ActivityThread.java:2574)
11-06 20:41:26.615 W/System.err(14775): 	at android.os.Handler.dispatchMessage(Handler.java:110)
11-06 20:41:26.615 W/System.err(14775): 	at android.os.Looper.loopOnce(Looper.java:248)
11-06 20:41:26.615 W/System.err(14775): 	at android.os.Looper.loop(Looper.java:338)
11-06 20:41:26.615 W/System.err(14775): 	at android.app.ActivityThread.main(ActivityThread.java:9145)
11-06 20:41:26.615 W/System.err(14775): 	at java.lang.reflect.Method.invoke(Native Method)
11-06 20:41:26.615 W/System.err(14775): 	at com.android.internal.os.RuntimeInit$MethodAndArgsCaller.run(RuntimeInit.java:596)
11-06 20:41:26.615 W/System.err(14775): 	at com.android.internal.os.ZygoteInit.main(ZygoteInit.java:940)
11-06 20:41:26.616 I/CAM_Display(14775): init appBoundSize by feature config.
11-06 20:41:26.617 V/CAM_Display(14775): StatusBarHeight=72
11-06 20:41:26.617 D/CAM_DisplayAdapter(14775): DisplayParameter appBoundWidth:1080,appBoundHeight:2340,isNotchDevice:true,statusBarHeight:72,isInMultiWindow:false,displayMode:0, type = a
11-06 20:41:26.617 I/CAM_Display(14775): appBoundSize=1080x2340 windowSize=1080x2340 density=2.7500 ori=false mw=true dp=0
11-06 20:41:26.618 W/System.err(14775): android.provider.Settings$SettingNotFoundException: device_posture
11-06 20:41:26.618 W/System.err(14775): 	at android.provider.Settings.parseIntSetting(Settings.java:4123)
11-06 20:41:26.618 W/System.err(14775): 	at android.provider.Settings.-$$Nest$smparseIntSetting(Unknown Source:0)
11-06 20:41:26.618 W/System.err(14775): 	at android.provider.Settings$Global.getInt(Settings.java:20487)
11-06 20:41:26.618 W/System.err(14775): 	at d.c.a.a6.f.k.a(Unknown Source:10)
11-06 20:41:26.618 W/System.err(14775): 	at d.c.a.a6.b.q0(Unknown Source:160)
11-06 20:41:26.618 W/System.err(14775): 	at d.c.a.c3.a(Unknown Source:4)
11-06 20:41:26.618 W/System.err(14775): 	at com.android.camera.CameraAppImpl.onCreate(Unknown Source:51)
11-06 20:41:26.618 W/System.err(14775): 	at android.app.Instrumentation.callApplicationOnCreate(Instrumentation.java:1405)
11-06 20:41:26.618 W/System.err(14775): 	at android.app.ActivityThread.handleBindApplication(ActivityThread.java:7880)
11-06 20:41:26.618 W/System.err(14775): 	at android.app.ActivityThread.-$$Nest$mhandleBindApplication(Unknown Source:0)
11-06 20:41:26.618 W/System.err(14775): 	at android.app.ActivityThread$H.handleMessage(ActivityThread.java:2574)
11-06 20:41:26.618 W/System.err(14775): 	at android.os.Handler.dispatchMessage(Handler.java:110)
11-06 20:41:26.618 W/System.err(14775): 	at android.os.Looper.loopOnce(Looper.java:248)
11-06 20:41:26.618 W/System.err(14775): 	at android.os.Looper.loop(Looper.java:338)
11-06 20:41:26.618 W/System.err(14775): 	at android.app.ActivityThread.main(ActivityThread.java:9145)
11-06 20:41:26.618 W/System.err(14775): 	at java.lang.reflect.Method.invoke(Native Method)
11-06 20:41:26.618 W/System.err(14775): 	at com.android.internal.os.RuntimeInit$MethodAndArgsCaller.run(RuntimeInit.java:596)
11-06 20:41:26.618 W/System.err(14775): 	at com.android.internal.os.ZygoteInit.main(ZygoteInit.java:940)
11-06 20:41:26.618 I/CAM_Display(14775): init appBoundSize by feature config.
11-06 20:41:26.618 W/CAM_Display(14775): initialize skip. caz check screen size , windowSize = 1080x2340, appBoundSize = 1080x2340, devicePosture = 0
11-06 20:41:26.627 D/CAM_ApplicationInit(14775): <application init> consume time:15
11-06 20:41:26.628 D/CAM_CameraAppImpl(14775): Track init start
11-06 20:41:26.628 D/OneTrackSdk(14775): updateDebugSwitch sEnable: false sDebugMode：false sDebugProperty：false
11-06 20:41:26.628 D/OneTrackSdk(14775): updateTestSwitch sTestEnable: false sTestMode：false sTestProperty：false
11-06 20:41:26.628 D/OneTrackSdk(14775): log on: false, quick upload on: false
11-06 20:41:26.630 D/BaseDepthController( 2880): mSurface is null and mCurrentBlur is: 0
11-06 20:41:26.631 D/OneTrackImp(14775): OneTrackImp init : Configuration{appId='31*******85', pluginId='null', channel='umi', international=false, region='null', overrideMiuiRegionSetting=false, mode=APP, GAIDEnable=true, IMSIEnable=true, IMEIEnable=true, ExceptionCatcherEnable=true, instanceId=null}
11-06 20:41:26.631 D/OneTrackImp(14775): OneTrackImp sdk ver : 2.0.3
11-06 20:41:26.631 D/OneTrackSdk(14775): updateDebugSwitch sEnable: false sDebugMode：false sDebugProperty：false
11-06 20:41:26.631 D/OneTrackSdk(14775): updateTestSwitch sTestEnable: false sTestMode：false sTestProperty：false
11-06 20:41:26.631 D/BroadcastExecutor(14775): initIfNeeded : 83
11-06 20:41:26.631 D/CAM_CameraAppImpl(14775): markAllDepartedTask>>com.android.camera_14775
11-06 20:41:26.635 D/CAM_CameraAppImpl(14775): markAllDepartedTask<<
11-06 20:41:26.635 I/CAM_PermissionManager(14775): getNeedCheckPermissionList() listSize =0
11-06 20:41:26.635 I/CAM_PermissionManager(14775): checkCameraPermissions(), all on
11-06 20:41:26.636 D/CAM_Camera2CompatAdapterRole(14775): E: init()
11-06 20:41:26.636 D/CAM_Camera2CompatAdapterRole(14775): E: reset()
11-06 20:41:26.636 D/CAM_Camera2CompatAdapterRole(14775): X: reset()
11-06 20:41:26.636 I/CameraManagerGlobal(14775): Connecting to camera service
11-06 20:41:26.637 D/AutoDensity(14775): autodensity debugEnable = 
11-06 20:41:26.638 I/AttributionAndPermissionUtils( 1555): checkPermission (forDataDelivery 0 startDataDelivery 0): Permission hard denied for client attribution [uid 10586, pid 14775, packageName "<unknown>"]
11-06 20:41:26.639 I/CAM_Camera2CompatAdapterRole(14775): [K_PROCESS]: All available camera ids: [0, 1, 2, 3, 4, 5, 6, 7, 8, 9, 10]
11-06 20:41:26.639 I/.android.camera(14775): AssetManager2(0xb40000735b818a98) locale list changing from [] to [es-ES]
11-06 20:41:26.640 D/CAM_BoostFrameworkImpl(14775): stopBoost
11-06 20:41:26.640 D/CAM_BoostFrameworkImpl(14775): ready to stop boost
11-06 20:41:26.640 D/CAM_CameraAppImpl(14775): onCreate: cost = 30
11-06 20:41:26.641 D/DesktopModeFlags(14775): Toggle override initialized to: OVERRIDE_UNSET
11-06 20:41:26.642 I/hwservicemanager(  669): getTransport: Cannot find entry vendor.qti.hardware.servicetracker@1.2::IServicetracker/default in either framework or device VINTF manifest.
11-06 20:41:26.642 V/CAM_CameraAppImpl(14775): delete inner task
11-06 20:41:26.642 W/ActivityTaskManager( 1820): servicetracker HIDL not available
11-06 20:41:26.643 E/ActivityTaskManager( 1820): Unable to get servicetracker HAL instance
11-06 20:41:26.645 D/BackgroundInstallControlService( 1820): Package event received: 0
11-06 20:41:26.645 D/BackgroundInstallControlService( 1820): Package event received: 0
11-06 20:41:26.647 D/BaseDepthController( 2880): mSurface is null and mCurrentBlur is: 0
11-06 20:41:26.647 D/nativeloader(14775): Load /system/priv-app/MiuiCamera/MiuiCamera.apk!/lib/arm64-v8a/libxcrash.so using class loader ns clns-shared-9 (caller=/system/priv-app/MiuiCamera/MiuiCamera.apk!classes6.dex): ok
11-06 20:41:26.648 I/.android.camera(14775): AssetManager2(0xb40000735b80d878) locale list changing from [] to [es-ES]
11-06 20:41:26.650 D/CAM_ActivityBase(14775): onCreate + 123830004
11-06 20:41:26.650 I/CAM_Camera@123830004(14775): [K_PROCESS]: onCreate start 123830004
11-06 20:41:26.651 D/CAM_BoostFrameworkImpl(14775): startBoost: duration = 500, scene = 6
11-06 20:41:26.651 D/CAM_BoostFrameworkImpl(14775): ready to boost
11-06 20:41:26.651 E/VendorTagDescriptor(14775): lookupTag: Tag name 'cameraIds' does not exist.
11-06 20:41:26.651 I/CAM_PerformanceManager(14775): [P_PERFORM]: Event: COLD_LAUNCH start
11-06 20:41:26.651 I/DisplayManager(14775): Choreographer implicitly registered for the refresh rate.
11-06 20:41:26.651 I/CAM_Camera@123830004(14775): onCreate: intent-> Intent { act=android.intent.action.MAIN cat=[android.intent.category.LAUNCHER] flg=0x10200000 xflg=0x4 cmp=com.android.camera/.Camera bnds=[823,1788][1005,1993] }
11-06 20:41:26.651 V/CameraIntentManager(14775): dumpIntent is not enable on this device.
11-06 20:41:26.652 V/DisplayManagerService( 1820): FrozenStateChangeCallback not supported for pid 14775
11-06 20:41:26.652 E/VendorTagDescriptor(14775): lookupTag: Tag name 'cameraIds' does not exist.
11-06 20:41:26.652 W/System.err(14775): android.provider.Settings$SettingNotFoundException: device_posture
11-06 20:41:26.652 W/System.err(14775): 	at android.provider.Settings.parseIntSetting(Settings.java:4123)
11-06 20:41:26.652 W/System.err(14775): 	at android.provider.Settings.-$$Nest$smparseIntSetting(Unknown Source:0)
11-06 20:41:26.652 W/System.err(14775): 	at android.provider.Settings$Global.getInt(Settings.java:20487)
11-06 20:41:26.652 W/System.err(14775): 	at d.c.a.a6.f.k.a(Unknown Source:10)
11-06 20:41:26.652 W/System.err(14775): 	at d.c.a.a6.b.q0(Unknown Source:160)
11-06 20:41:26.652 W/System.err(14775): 	at com.android.camera.Camera.hb(Unknown Source:175)
11-06 20:41:26.652 W/System.err(14775): 	at com.android.camera.ActivityBase.onCreate(Unknown Source:29)
11-06 20:41:26.652 W/System.err(14775): 	at android.app.Activity.performCreate(Activity.java:9155)
11-06 20:41:26.652 W/System.err(14775): 	at android.app.Activity.performCreate(Activity.java:9133)
11-06 20:41:26.652 W/System.err(14775): 	at android.app.Instrumentation.callActivityOnCreate(Instrumentation.java:1545)
11-06 20:41:26.652 W/System.err(14775): 	at android.app.ActivityThread.performLaunchActivity(ActivityThread.java:4272)
11-06 20:41:26.652 I/AdrenoGLES-0(14775): QUALCOMM build                   : db3d445dbc, Ia06b22fa1a
11-06 20:41:26.652 I/AdrenoGLES-0(14775): Build Date                       : 10/04/21
11-06 20:41:26.652 I/AdrenoGLES-0(14775): OpenGL ES Shader Compiler Version: EV031.32.02.16
11-06 20:41:26.652 I/AdrenoGLES-0(14775): Local Branch                     : 
11-06 20:41:26.652 I/AdrenoGLES-0(14775): Remote Branch                    : 
11-06 20:41:26.652 I/AdrenoGLES-0(14775): Remote Branch                    : 
11-06 20:41:26.652 I/AdrenoGLES-0(14775): Reconstruct Branch               : 
11-06 20:41:26.652 I/AdrenoGLES-0(14775): Build Config                     : S P 10.0.7 AArch64
11-06 20:41:26.652 W/System.err(14775): 	at android.app.ActivityThread.handleLaunchActivity(ActivityThread.java:4477)
11-06 20:41:26.652 I/AdrenoGLES-0(14775): Driver Path                      : /vendor/lib64/egl/libGLESv2_adreno.so
11-06 20:41:26.652 W/System.err(14775): 	at android.app.servertransaction.LaunchActivityItem.execute(LaunchActivityItem.java:222)
11-06 20:41:26.652 W/System.err(14775): 	at android.app.servertransaction.TransactionExecutor.executeNonLifecycleItem(TransactionExecutor.java:133)
11-06 20:41:26.653 W/System.err(14775): 	at android.app.servertransaction.TransactionExecutor.executeTransactionItems(TransactionExecutor.java:103)
11-06 20:41:26.653 W/System.err(14775): 	at android.app.servertransaction.TransactionExecutor.execute(TransactionExecutor.java:80)
11-06 20:41:26.653 W/System.err(14775): 	at android.app.ActivityThread$H.handleMessage(ActivityThread.java:2833)
11-06 20:41:26.653 W/System.err(14775): 	at android.os.Handler.dispatchMessage(Handler.java:110)
11-06 20:41:26.653 W/System.err(14775): 	at android.os.Looper.loopOnce(Looper.java:248)
11-06 20:41:26.653 W/System.err(14775): 	at android.os.Looper.loop(Looper.java:338)
11-06 20:41:26.653 E/VendorTagDescriptor(14775): lookupTag: Tag name 'cameraIds' does not exist.
11-06 20:41:26.653 W/System.err(14775): 	at android.app.ActivityThread.main(ActivityThread.java:9145)
11-06 20:41:26.653 W/System.err(14775): 	at java.lang.reflect.Method.invoke(Native Method)
11-06 20:41:26.653 W/System.err(14775): 	at com.android.internal.os.RuntimeInit$MethodAndArgsCaller.run(RuntimeInit.java:596)
11-06 20:41:26.653 W/System.err(14775): 	at com.android.internal.os.ZygoteInit.main(ZygoteInit.java:940)
11-06 20:41:26.653 W/CAM_Display(14775): initialize skip. caz check screen size , windowSize = 1080x2340, appBoundSize = 1080x2340, devicePosture = 0
11-06 20:41:26.653 I/CAM_Camera@123830004(14775): [P_PERFORM]: checkPermissionAndCTA E
11-06 20:41:26.653 E/VendorTagDescriptor(14775): lookupTag: Tag name 'cameraIds' does not exist.
11-06 20:41:26.654 E/VendorTagDescriptor(14775): lookupTag: Tag name 'cameraIds' does not exist.
11-06 20:41:26.654 I/CAM_PermissionManager(14775): getNeedCheckPermissionList() listSize =0
11-06 20:41:26.654 I/CAM_PermissionManager(14775): checkCameraLaunchPermissions(), all on
11-06 20:41:26.654 E/VendorTagDescriptor(14775): lookupTag: Tag name 'cameraIds' does not exist.
11-06 20:41:26.655 I/CAM_PermissionManager(14775): getNeedCheckPermissionList() listSize =0
11-06 20:41:26.655 I/CAM_PermissionManager(14775): checkCameraLocationPermissions(), all on
11-06 20:41:26.655 I/CAM_PermissionManager(14775): getNeedCheckPermissionList() listSize =0
11-06 20:41:26.655 E/VendorTagDescriptor(14775): lookupTag: Tag name 'cameraIds' does not exist.
11-06 20:41:26.655 I/CAM_PermissionManager(14775): checkCameraLocationPermissions(), all on
11-06 20:41:26.655 D/CAM_Camera@123830004(14775): onCreate(): prefixCamera2Setup
11-06 20:41:26.655 D/CAM_CameraIntentManager(14775): The caller:null
11-06 20:41:26.655 D/CAM_CameraIntentManager(14775): start activity when locked: false
11-06 20:41:26.655 I/AdrenoGLES-0(14775): PFP: 0x016dd093, ME: 0x00000000
11-06 20:41:26.655 I/CAM_Camera@123830004(14775): [P_PERFORM]: checkPermissionAndCTA X
11-06 20:41:26.655 D/CAM_CameraIntentManager(14775): camera_launch_source = null
11-06 20:41:26.656 E/VendorTagDescriptor(14775): lookupTag: Tag name 'cameraIds' does not exist.
11-06 20:41:26.656 D/CAM_PreFixCamera2Setup(14775): mModuleChanged true LastMode is null
11-06 20:41:26.656 D/CAM_PreFixCamera2Setup(14775): subscribe: mIntent = Intent { act=android.intent.action.MAIN cat=[android.intent.category.LAUNCHER] flg=0x10200000 xflg=0x4 cmp=com.android.camera/.Camera bnds=[823,1788][1005,1993] }
11-06 20:41:26.656 D/CAM_CameraIntentManager(14775): start activity when locked: false
11-06 20:41:26.656 E/VendorTagDescriptor(14775): lookupTag: Tag name 'cameraIds' does not exist.
11-06 20:41:26.657 E/VendorTagDescriptor(14775): lookupTag: Tag name 'cameraIds' does not exist.
11-06 20:41:26.657 E/VendorTagDescriptor(14775): lookupTag: Tag name 'cameraIds' does not exist.
11-06 20:41:26.658 D/CAM_Camera2CompatAdapterRole(14775): E: initCameraCapabilitiesAsync()
11-06 20:41:26.658 D/CAM_Camera2CompatAdapterRole(14775): X: init()
11-06 20:41:26.658 I/CAM_CameraAppImpl(14775): [K_PROCESS]: load +
11-06 20:41:26.658 D/CAM_Camera2CompatAdapter(14775): E: initCameraCapabilitiesByCameraId(): 0
11-06 20:41:26.658 D/CAM_DataItemGlobal(14775): parseIntent timeOut = true, intentChanged = false, action = android.intent.action.MAIN, pendingOpenId = 0, pendingOpenModule = 163, intentCameraId = -1, intentType = 0, launchSource = null
11-06 20:41:26.659 I/CAM_PerformanceManager(14775): [P_PERFORM]: Action: feature load_162_0 takes 1 ms
11-06 20:41:26.659 I/CAM_CameraAppImpl(14775): [K_PROCESS]: load -
11-06 20:41:26.659 D/LoadedApk(14325): Service not registered: chcm@cc519f4
11-06 20:41:26.661 D/CAM_DataItemFeature(14775): this is ro.boot.camera.config 1
11-06 20:41:26.663 D/BaseDepthController( 2880): mSurface is null and mCurrentBlur is: 0
11-06 20:41:26.664 D/CAM_DataItemFeature(14775): this is ro.boot.camera.config 1
11-06 20:41:26.664 D/CAM_WaterMarkUtil2(14775): getWaterMarkId: all = back_umi_global_mi_10
11-06 20:41:26.667 D/CAM_CameraUtil(14775): boostAdj: [800, 0]
11-06 20:41:26.667 D/CAM_CameraIntentManager(14775): start activity when locked: false
11-06 20:41:26.669 D/CAM_WaterMarkUtil2(14775): getWaterMarkId: find third = back_umi
11-06 20:41:26.669 D/CAM_Camera2DataContainer(14775): Currently user selected zoom ratio is 1.0
11-06 20:41:26.669 D/CAM_Camera2DataContainer(14775): getActualOpenCameraId: mode=a3, id=0->0
11-06 20:41:26.669 D/CAM_Camera2CompatAdapter(14775): E: initCameraCapabilitiesByCameraId(): 0
11-06 20:41:26.669 D/CAM_CRE_GlHandlerThread(14775): new Instance with thread id:14810 name:CameraRenderThread
11-06 20:41:26.669 D/CAM_CameraRenderEngine(14775): init CameraRenderEngine hash:107432254
11-06 20:41:26.669 D/CAM_RenderEngineV1(14775): Created 
11-06 20:41:26.670 D/CAM_RCS_StreamingController(14775): WindowBounds: Rect(0, 0 - 1080, 2340)
11-06 20:41:26.670 D/CAM_RCS_StreamingController(14775): Device naturally portrait? true
