11-06 22:29:01.830 V/CAM_PreviewImage(13506): fillYUVDataWithoutPadding: cost time = 10ms
11-06 22:29:01.830 D/AudioSystem(13506): getService: checking for service media.audio_policy: 0xb4000072cb881910
11-06 22:29:01.830 D/CAM_InputDeviceManager(13506): updateConnStatus: X. cost: 3
11-06 22:29:01.830 D/CAM_Camera2Module(13506): notifyAfterFirstFrameArrived.m3ALocked: false
11-06 22:29:01.831 I/MediaProvider( 3848): Deleted 1 0 0 0 0 0 0 items on external_primary due to com.whatsapp
11-06 22:29:01.831 D/CAM_ConfigChangeImpl(13506): reCheckAiAudio:SupportAiAudioNew
11-06 22:29:01.831 D/CAM_ConfigChangeImpl(13506): reCheckAiAudioSingle:alertAiAudioSingleBGHint
11-06 22:29:01.831 V/CAM_QRCodeDecoder(13506): decode E: previewImage is null? false
11-06 22:29:01.832 I/FlashNotifController( 1820): startFlashNotification: type=1, tag=android
11-06 22:29:01.832 D/FlashNotifController( 1820): Flash notification is disabled
11-06 22:29:01.833 D/CAM_FragmentDualCameraAdjustMM(13506): setClickEnable: true
11-06 22:29:01.833 D/CAM_ZoomRatioToggleView(13506): setEnabled(): true
11-06 22:29:01.833 D/CAM_FragmentDualCameraAdjust(13506): initZoomRatioForBackCamera(): zoom: 1.0
11-06 22:29:01.833 D/CAM_ComponentConfigVideoQuality(13506): checkValueValid: invalid value: 8
11-06 22:29:01.833 E/CAM_ComponentConfigVideoQuality(13506): reset invalid value 8
11-06 22:29:01.833 D/CAM_FragmentDualCameraAdjustMM(13506): provideAnimateElement(): initialized zoom ratio: 1.0
11-06 22:29:01.833 D/CAM_ZoomRatioToggleView(13506): count = 3
11-06 22:29:01.833 D/CAM_ZoomRatioToggleView(13506): setSuppressed(): false
11-06 22:29:01.833 D/CAM_ZoomRatioToggleView(13506): setSuppressed() ignored: false
11-06 22:29:01.834 I/CAM_ZoomRatioToggleView(13506): [U_ACTION]: setZoomRatio(): a = ZOOMING_BY_UNKNOWN_SOURCE,i = 1,z = 1.0,ti =1,tz =1.0
11-06 22:29:01.835 D/TelephonyManager( 2856): requestModemActivityInfo: Sending result to app: ModemActivityInfo{ mTimestamp=19747111 mSleepTimeMs=8933138 mIdleTimeMs=741937 mActivityStatsTechSpecificInfo=[{mRat=UNKNOWN,mFrequencyRange=UNKNOWN,mTxTimeMs[]=[74776, 93787, 108548, 25046, 51174],mRxTimeMs=9706423}]}
11-06 22:29:01.837 D/CAM_FragmentDualCameraAdjust(13506): initZoomRatioForBackCamera(): zoom: 1.0
11-06 22:29:01.837 D/CAM_ComponentConfigVideoQuality(13506): checkValueValid: invalid value: 8
11-06 22:29:01.837 E/CAM_ComponentConfigVideoQuality(13506): reset invalid value 8
11-06 22:29:01.838 D/CAM_ComponentConfigVideoQuality(13506): checkValueValid: invalid value: 8
11-06 22:29:01.838 E/CAM_ComponentConfigVideoQuality(13506): reset invalid value 8
11-06 22:29:01.838 D/CAM_FragmentDualCameraAdjustMM(13506): provideAnimateElement(): initialized zoom ratio: 1.0
11-06 22:29:01.838 D/CAM_ZoomRatioToggleView(13506): count = 3
11-06 22:29:01.838 D/CAM_ZoomRatioToggleView(13506): setSuppressed(): false
11-06 22:29:01.838 D/CAM_ZoomRatioToggleView(13506): setSuppressed() ignored: false
11-06 22:29:01.838 I/CAM_ZoomRatioToggleView(13506): [U_ACTION]: setZoomRatio(): a = ZOOMING_BY_UNKNOWN_SOURCE,i = 1,z = 1.0,ti =1,tz =1.0
11-06 22:29:01.839 D/PeopleSpaceWidgetMgr( 2614): No app widget ids returned
11-06 22:29:01.841 I/NotificationListener( 2880): received notification posted event - com.whatsapp#UserHandle{0},category=-1
11-06 22:29:01.841 E/music   ( 4150): Blocked onNotificationPosted StatusBarNotification(pkg=com.whatsapp user=UserHandle{0} id=1 tag=ApPTbIcbjQ0DZ3+t8jMT/bFfsDSTdWRJuP6ozKaY8QQ=
11-06 22:29:01.841 E/music   ( 4150):  key=0|com.whatsapp|1|ApPTbIcbjQ0DZ3+t8jMT/bFfsDSTdWRJuP6ozKaY8QQ=
11-06 22:29:01.841 E/music   ( 4150): |10719: Notification(channel=individual_chat_defaults_4 shortcut=5493415313568@s.whatsapp.net contentView=null vibrate=null sound=null defaults=0 flags=ONLY_ALERT_ONCE color=0xff21c063 groupKey=group_key_messages sortKey=1 actions=3 vis=PRIVATE publicVersion=Notification(channel=null shortcut=null contentView=null vibrate=null sound=null defaults=0 flags=0 color=0xff21c063 category=msg vis=PRIVATE)))
11-06 22:29:01.842 I/AiAiEcho( 3844): SmartspaceNotificationPredictor no parser can handle this notification or notification is invalid
11-06 22:29:01.842 D/CAM_DispatchFragment(13506): frameAvailable
11-06 22:29:01.842 D/CAM_BaseModule(13506): types:86,, u@50424621: mid = 163, cid = 0, created = true, departed = false
11-06 22:29:01.842 D/CAM_Camera2Module(13506): setEffectFilter: 66048
11-06 22:29:01.843 D/CAM_EffectRenderGroup(13506): onEffectChanged: EFFECT_CHANGE_FILTER mEffectId = 66048
11-06 22:29:01.843 D/CAM_BaseModule(13506): accept 86,. d.c.a.q6.r7$e@d6d1fc9
11-06 22:29:01.843 D/CAM_BaseModule(13506): begin to consumePreference..
11-06 22:29:01.843 D/RingtonePlayer( 2614): RemoveFirst
11-06 22:29:01.843 D/RingtonePlayer( 2614): PLAY
11-06 22:29:01.843 D/CAM_BaseModule(13506): isSupportAFSaliency=false
11-06 22:29:01.843 D/RingtonePlayer( 2614): startSound()
11-06 22:29:01.843 D/CAM_CameraConfigManager(13506): setTrackFocusEnable false
11-06 22:29:01.843 D/CAM_CameraConfigManager(13506): setTrackFocusFeatureEnable false
11-06 22:29:01.843 D/CAM_CameraConfigManager(13506): setTrackFocusEnable false
11-06 22:29:01.843 D/CAM_AiSceneManager(13506): setAiSceneEffect: 0
11-06 22:29:01.843 D/CAM_EffectController(13506): getAiColorCorrectionVersion: 2
11-06 22:29:01.843 D/CAM_EffectController(13506): getAiColorCorrectionVersion: 2
11-06 22:29:01.843 D/CAM_EffectRenderGroup(13506): onEffectChanged: EFFECT_CHANGE_FILTER mEffectId = 66048
11-06 22:29:01.843 D/CAM_FaceView(13506): setSkipDraw: mSkipDraw=false
11-06 22:29:01.843 D/CAM_FragmentBottomPopupTips(13506): restoreAiState: maybe restore ai scene tip:0
11-06 22:29:01.844 D/CAM_FragmentTopAlert(13506): camerapicker:alertParameterDescriptionTip：visible   8
11-06 22:29:01.844 D/CAM_FragmentTopAlert(13506): camerapicker:alertParameterDescriptionTip->DESCRIPTION_NORMAL:change imageView
11-06 22:29:01.845 D/CAM_FragmentTopAlert(13506): camerapicker:alertParameterDescriptionTip->DESCRIPTION_FILTER:change imageView
11-06 22:29:01.846 D/CAM_CameraIDManager(13506): getGridWindowConfig:[ConfigItem{mLayoutType=PATCH_0, mDescription='1X', mPresentZoom=1.0, mCameraId=0, mRelativeZoom=1.0}, ConfigItem{mLayoutType=PATCH_3, mDescription='front', mPresentZoom=1.0, mCameraId=1, mRelativeZoom=1.0}, ConfigItem{mLayoutType=PATCH_1, mDescription='2X', mPresentZoom=2.0, mCameraId=0, mRelativeZoom=1.0}, ConfigItem{mLayoutType=PATCH_2, mDescription='5X', mPresentZoom=5.0, mCameraId=0, mRelativeZoom=1.0}]
11-06 22:29:01.846 D/CAM_Camera2CompatAdapter(13506): E: initCameraCapabilitiesByCameraId(): 1
11-06 22:29:01.846 V/CAM_MiCamera2(13506): resumePreview: cameraId=0 highSpeed=false | caller=d.c.b.p4.A0(Unknown Source:71), d.c.a.q6.r7$e.a(Unknown Source:203), d.c.a.q6.r7$e.accept(Unknown Source:2), io.reactivex.internal.observers.LambdaObserver.onNext(Unknown Source:8), 
11-06 22:29:01.848 I/CAM_MiCamera2(13506): [K_PROCESS]: resumePreview: repeating sequenceId: 1
11-06 22:29:01.849 E/music   ( 4150): Blocked onNotificationPosted StatusBarNotification(pkg=com.whatsapp user=UserHandle{0} id=1 tag=null key=0|com.whatsapp|1|null|10719: Notification(channel=individual_chat_defaults_4 shortcut=5493415313568@s.whatsapp.net contentView=null vibrate=null sound=null tick defaults=0 flags=GROUP_SUMMARY color=0xff21c063 category=msg groupKey=group_key_messages vis=PRIVATE publicVersion=Notification(channel=null shortcut=null contentView=null vibrate=null sound=null defaults=0 flags=0 color=0xff21c063 category=msg vis=PRIVATE)))
11-06 22:29:01.849 I/AiAiEcho( 3844): SmartspaceNotificationPredictor no parser can handle this notification or notification is invalid
11-06 22:29:01.850 D/RingtonePlayer( 2614): in run: new looper Looper (Thread-42, tid 268) {7aea0f6}
11-06 22:29:01.850 I/NotificationListener( 2880): received notification removed event - com.whatsapp#UserHandle{0},category=-1
11-06 22:29:01.851 E/u4native( 8354): [InfoLevelMessage] [INFO:not_a_file.cc(0)] NetworkServiceThread heartbeat, pid/tid: 8354/9079, interval/index: 30s/35
11-06 22:29:01.851 D/PeopleSpaceWidgetMgr( 2614): No app widget ids returned
11-06 22:29:01.853 D/RingtonePlayer( 2614): stopAsync()
11-06 22:29:01.853 D/RingtonePlayer( 2614): stop
11-06 22:29:01.855 D/CAM_CameraCapabilities(13506): QuickShotDelayTime tag not defined
11-06 22:29:01.855 D/CAM_CameraCapabilities(13506): HQQuickShot: mFeatureMask: 0   mDelayTimeMask: 0
11-06 22:29:01.855 D/CAM_CameraCapabilities(13506): QuickShotDelayTimeFactor tag not defined
11-06 22:29:01.855 D/CAM_CameraCapabilities(13506): QuickShot: mDelayTimeFactor: 100
11-06 22:29:01.855 D/CAM_CameraCapabilities(13506): MiviSuperNight: mSuperNightMask: 0
11-06 22:29:01.855 D/CAM_CameraCapabilities(13506): QuickShotNextCaptureMask: mQuickShotNextCaptureMask: 0
11-06 22:29:01.855 D/CAM_CameraCapabilities(13506): getBeautyVersionData: 3 ,beautyVersion: 3 ,beautyAlgo: 1
11-06 22:29:01.855 D/CAM_CameraCapabilities(13506): SnapshotQuickViewStreamMask: 0
11-06 22:29:01.855 D/CAM_Camera2CompatAdapter(13506): X: initCameraCapabilitiesByCameraId(): 1
11-06 22:29:01.855 D/CAM_Camera2CompatAdapter(13506): E: initCameraCapabilitiesByCameraId(): 0
11-06 22:29:01.858 I/AiAiEcho( 3844): SmartspaceNotificationPredictor no parser can handle this notification or notification is invalid
11-06 22:29:01.859 I/NotificationListener( 2880): received notification posted event - com.whatsapp#UserHandle{0},category=-1
11-06 22:29:01.859 D/PeopleSpaceWidgetMgr( 2614): No app widget ids returned
11-06 22:29:01.860 E/music   ( 4150): Blocked onNotificationPosted StatusBarNotification(pkg=com.whatsapp user=UserHandle{0} id=1 tag=ApPTbIcbjQ0DZ3+t8jMT/bFfsDSTdWRJuP6ozKaY8QQ=
11-06 22:29:01.860 E/music   ( 4150):  key=0|com.whatsapp|1|ApPTbIcbjQ0DZ3+t8jMT/bFfsDSTdWRJuP6ozKaY8QQ=
11-06 22:29:01.860 E/music   ( 4150): |10719: Notification(channel=individual_chat_defaults_4 shortcut=5493415313568@s.whatsapp.net contentView=null vibrate=null sound=null defaults=0 flags=ONLY_ALERT_ONCE color=0xff21c063 groupKey=group_key_messages sortKey=1 actions=3 vis=PRIVATE publicVersion=Notification(channel=null shortcut=null contentView=null vibrate=null sound=null defaults=0 flags=0 color=0xff21c063 category=msg vis=PRIVATE)))
11-06 22:29:01.863 I/AiAiEcho( 3844): SmartspaceNotificationPredictor no parser can handle this notification or notification is invalid
11-06 22:29:01.865 D/CAM_MiuiCameraSound(13506): [WTP]loadCameraSound: X
11-06 22:29:01.866 W/CAM_QRCodeDecoder(13506): decode: failed...  
11-06 22:29:01.866 W/WindowOnBackDispatcher( 2614): sendCancelIfRunning: isInProgress=false callback=android.view.ViewRootImpl$$ExternalSyntheticLambda13@3db10b5
11-06 22:29:01.867 D/PeopleSpaceWidgetMgr( 2614): No app widget ids returned
11-06 22:29:01.867 D/NuPlayerDriver( 1569): NuPlayerDriver(0xf7081910) created, clientPid(2614)
11-06 22:29:01.868 E/music   ( 4150): Blocked onNotificationPosted StatusBarNotification(pkg=com.whatsapp user=UserHandle{0} id=1 tag=null key=0|com.whatsapp|1|null|10719: Notification(channel=silent_notifications_6 shortcut=5493415313568@s.whatsapp.net contentView=null vibrate=null sound=null tick defaults=0 flags=GROUP_SUMMARY color=0xff21c063 category=msg groupKey=group_key_messages vis=PRIVATE publicVersion=Notification(channel=null shortcut=null contentView=null vibrate=null sound=null defaults=0 flags=0 color=0xff21c063 category=msg vis=PRIVATE)))
11-06 22:29:01.869 I/NotificationListener( 2880): received notification removed event - com.whatsapp#UserHandle{0},category=-1
11-06 22:29:01.870 D/vendor.qti.bluetooth@1.0-ibs_handler( 1092): SerialClockVote: vote for UART CLK ON
11-06 22:29:01.870 D/vendor.qti.bluetooth@1.0-wake_lock( 1092): Acquire wakelock is acquired 
11-06 22:29:01.870 I/vendor.qti.bluetooth@1.0-ibs_handler( 1092): DeviceWakeUp: Writing IBS_WAKE_IND
11-06 22:29:01.871 D/CAM_CameraCapabilities(13506): QuickShotDelayTime tag not defined
11-06 22:29:01.871 D/CAM_CameraCapabilities(13506): HQQuickShot: mFeatureMask: 0   mDelayTimeMask: 0
11-06 22:29:01.871 D/CAM_CameraCapabilities(13506): QuickShotDelayTimeFactor tag not defined
11-06 22:29:01.871 D/CAM_CameraCapabilities(13506): QuickShot: mDelayTimeFactor: 100
11-06 22:29:01.871 D/CAM_CameraCapabilities(13506): MiviSuperNight: mSuperNightMask: 0
11-06 22:29:01.871 D/CAM_CameraCapabilities(13506): QuickShotNextCaptureMask: mQuickShotNextCaptureMask: 0
11-06 22:29:01.871 D/CAM_CameraCapabilities(13506): getBeautyVersionData: 3 ,beautyVersion: 3 ,beautyAlgo: 1
11-06 22:29:01.871 D/CAM_CameraCapabilities(13506): SnapshotQuickViewStreamMask: 0
11-06 22:29:01.871 D/CAM_Camera2CompatAdapter(13506): X: initCameraCapabilitiesByCameraId(): 0
11-06 22:29:01.872 W/CAM_CameraCapabilities(13506): isCurrentDeviceSupportHdr10 AVAILABLE_CONFIGURATIONS is not defined
11-06 22:29:01.872 W/CAM_CameraCapabilities(13506): isCurrentDeviceSupportHdr10 AVAILABLE_CONFIGURATIONS is not defined
11-06 22:29:01.872 W/CAM_CameraCapabilities(13506): isCurrentDeviceSupportHdr10 AVAILABLE_CONFIGURATIONS is not defined
11-06 22:29:01.872 W/InteractionJankMonitor(13506): Initializing without READ_DEVICE_CONFIG permission. enabled=false, interval=1, missedFrameThreshold=3, frameTimeThreshold=64, package=com.android.camera
11-06 22:29:01.872 D/CAM_SpeechShutterImpl(13506): processingSpeechShutter false
11-06 22:29:01.872 D/CAM_MiCamera2(13506): processAfResult: afState changed from -1 to 0
11-06 22:29:01.872 W/CAM_MiCamera2(13506): isFocusLocked: 0
11-06 22:29:01.873 I/AiAiPeople( 3844): [0] fragments remain to process, dispatched event [17]
11-06 22:29:01.874 D/CAM_FocusView(13506): msg=9 true
11-06 22:29:01.875 E/NotifAttentionHelper( 1820): Muting recently noisy 0|com.whatsapp|1|null|10719
11-06 22:29:01.876 I/vendor.qti.bluetooth@1.0-ibs_handler( 1092): ProcessIbsCmd: Received IBS_WAKE_ACK: 0xFC
11-06 22:29:01.876 I/vendor.qti.bluetooth@1.0-ibs_handler( 1092): ProcessIbsCmd: Signal wack_cond_
11-06 22:29:01.877 D/vendor.qti.bluetooth@1.0-ibs_handler( 1092): DeviceWakeUp: Unblocked from waiting for FC, pthread_cond_timedwait ret = 0
11-06 22:29:01.880 I/NotificationListener( 2880): received notification posted event - com.whatsapp#UserHandle{0},category=-1
11-06 22:29:01.883 I/AiAiEcho( 3844): SmartspaceNotificationPredictor no parser can handle this notification or notification is invalid
11-06 22:29:01.884 I/AiAiEcho( 3844): SmartspaceNotificationPredictor no parser can handle this notification or notification is invalid
11-06 22:29:01.885 I/NotificationListener( 2880): received notification removed event - com.whatsapp#UserHandle{0},category=-1
11-06 22:29:01.887 E/music   ( 4150): Blocked onNotificationPosted StatusBarNotification(pkg=com.whatsapp user=UserHandle{0} id=1 tag=ApPTbIcbjQ0DZ3+t8jMT/bFfsDSTdWRJuP6ozKaY8QQ=
11-06 22:29:01.887 E/music   ( 4150):  key=0|com.whatsapp|1|ApPTbIcbjQ0DZ3+t8jMT/bFfsDSTdWRJuP6ozKaY8QQ=
11-06 22:29:01.887 E/music   ( 4150): |10719: Notification(channel=individual_chat_defaults_4 shortcut=5493415313568@s.whatsapp.net contentView=null vibrate=null sound=null defaults=0 flags=ONLY_ALERT_ONCE color=0xff21c063 groupKey=group_key_messages sortKey=1 actions=3 vis=PRIVATE publicVersion=Notification(channel=null shortcut=null contentView=null vibrate=null sound=null defaults=0 flags=0 color=0xff21c063 category=msg vis=PRIVATE)))
11-06 22:29:01.889 E/music   ( 4150): Blocked onNotificationPosted StatusBarNotification(pkg=com.whatsapp user=UserHandle{0} id=1 tag=null key=0|com.whatsapp|1|null|10719: Notification(channel=individual_chat_defaults_4 shortcut=5493415313568@s.whatsapp.net contentView=null vibrate=null sound=null tick defaults=0 flags=GROUP_SUMMARY color=0xff21c063 category=msg groupKey=group_key_messages vis=PRIVATE publicVersion=Notification(channel=null shortcut=null contentView=null vibrate=null sound=null defaults=0 flags=0 color=0xff21c063 category=msg vis=PRIVATE)))
11-06 22:29:01.890 W/CameraMetadataJV(13506): Expect face scores and rectangles to be non-null
11-06 22:29:01.890 W/CameraMetadataJV(13506): Expect face scores and rectangles to be non-null
11-06 22:29:01.891 D/CAM_MarshalQueryableASDScene(13506): Expected size should be 8, but got: 0
11-06 22:29:01.892 D/CAM_MarshalQueryableASDScene(13506): Expected size should be 8, but got: 0
11-06 22:29:01.892 D/CAM_MarshalQueryableASDScene(13506): Expected size should be 8, but got: 0
11-06 22:29:01.892 I/AiAiPeople( 3844): [0] fragments remain to process, dispatched event [17]
11-06 22:29:01.894 D/CAM_V9SuspendShutterButton(13506): init  isBACK = -1
11-06 22:29:01.898 E/libprotobuf-native( 1094): [libprotobuf ERROR external/protobuf/src/google/protobuf/message_lite.cc:123] Can't parse message of type "sns_flicker_event" because it is missing required fields: (cannot determine missing fields for lite message)
11-06 22:29:01.898 E/libprotobuf-native( 1094): [libprotobuf ERROR external/protobuf/src/google/protobuf/message_lite.cc:123] Can't parse message of type "sns_flicker_event" because it is missing required fields: (cannot determine missing fields for lite message)
11-06 22:29:01.898 D/MediaCodecList(13506): codecHandlesFormat: no format, so no extra checks
11-06 22:29:01.899 D/MediaCodecList(13506): codecHandlesFormat: no format, so no extra checks
11-06 22:29:01.899 I/AiAiPeople( 3844): [0] fragments remain to process, dispatched event [17]
11-06 22:29:01.899 I/NotificationListener( 2880): received notification posted event - com.whatsapp#UserHandle{0},category=-1
11-06 22:29:01.900 D/CAM_ActivityBase(13506): dismissCoverView
11-06 22:29:01.900 D/GenericSource( 1569): FileSource remote
11-06 22:29:01.900 W/CAM_Camera2CompatAdapterRole(13506): Warning: getAuxCameraId(): #init() failed, roleId=20
11-06 22:29:01.900 W/CAM_Camera2CompatAdapterRole(13506): Warning: getUltraTeleCameraId(): #init() failed, roleId=23
11-06 22:29:01.900 V/CAM_QRCodeDecoder(13506): decode X: result = 
11-06 22:29:01.901 E/NotifAttentionHelper( 1820): Muting recently noisy 0|com.whatsapp|1|null|10719
11-06 22:29:01.904 E/music   ( 4150): Blocked onNotificationPosted StatusBarNotification(pkg=com.whatsapp user=UserHandle{0} id=1 tag=ApPTbIcbjQ0DZ3+t8jMT/bFfsDSTdWRJuP6ozKaY8QQ=
11-06 22:29:01.904 E/music   ( 4150):  key=0|com.whatsapp|1|ApPTbIcbjQ0DZ3+t8jMT/bFfsDSTdWRJuP6ozKaY8QQ=
11-06 22:29:01.904 E/music   ( 4150): |10719: Notification(channel=individual_chat_defaults_4 shortcut=5493415313568@s.whatsapp.net contentView=null vibrate=null sound=null defaults=0 flags=ONLY_ALERT_ONCE color=0xff21c063 groupKey=group_key_messages sortKey=1 actions=3 vis=PRIVATE publicVersion=Notification(channel=null shortcut=null contentView=null vibrate=null sound=null defaults=0 flags=0 color=0xff21c063 category=msg vis=PRIVATE)))
11-06 22:29:01.904 I/AiAiEcho( 3844): SmartspaceNotificationPredictor no parser can handle this notification or notification is invalid
11-06 22:29:01.907 I/AiAiPeople( 3844): [0] fragments remain to process, dispatched event [17]
11-06 22:29:01.909 I/AiAiEcho( 3844): SmartspaceNotificationPredictor no parser can handle this notification or notification is invalid
11-06 22:29:01.912 E/music   ( 4150): Blocked onNotificationPosted StatusBarNotification(pkg=com.whatsapp user=UserHandle{0} id=1 tag=null key=0|com.whatsapp|1|null|10719: Notification(channel=individual_chat_defaults_4 shortcut=5493415313568@s.whatsapp.net contentView=null vibrate=null sound=null tick defaults=0 flags=GROUP_SUMMARY color=0xff21c063 category=msg groupKey=group_key_messages vis=PRIVATE publicVersion=Notification(channel=null shortcut=null contentView=null vibrate=null sound=null defaults=0 flags=0 color=0xff21c063 category=msg vis=PRIVATE)))
11-06 22:29:01.915 D/PeopleSpaceWidgetMgr( 2614): No app widget ids returned
11-06 22:29:01.915 D/PeopleSpaceWidgetMgr( 2614): No app widget ids returned
11-06 22:29:01.917 D/CCodec  (13506): allocate(c2.android.vorbis.decoder)
11-06 22:29:01.917 D/PeopleSpaceWidgetMgr( 2614): No app widget ids returned
11-06 22:29:01.919 I/NotificationListener( 2880): received notification removed event - com.whatsapp#UserHandle{0},category=-1
11-06 22:29:01.919 E/NotifAttentionHelper( 1820): Muting recently noisy 0|com.whatsapp|1|null|10719
11-06 22:29:01.919 D/CCodec  (13506): allocate(c2.android.vorbis.decoder)
11-06 22:29:01.921 I/ApexCodecsLazy(13506): Failed to load libcom.android.media.swcodec.apexcodecs.so: dlopen failed: library "libcom.android.media.swcodec.apexcodecs.so" not found
11-06 22:29:01.921 I/Codec2Client(13506): Available Codec2 services: "default" "software"
11-06 22:29:01.923 W/CameraMetadataJV(13506): Expect face scores and rectangles to be non-null
11-06 22:29:01.923 W/CameraMetadataJV(13506): Expect face scores and rectangles to be non-null
11-06 22:29:01.924 D/CAM_MarshalQueryableASDScene(13506): Expected size should be 8, but got: 0
11-06 22:29:01.924 D/CAM_MarshalQueryableASDScene(13506): Expected size should be 8, but got: 0
11-06 22:29:01.924 D/CAM_MarshalQueryableASDScene(13506): Expected size should be 8, but got: 0
11-06 22:29:01.924 W/CAM_Camera2CompatAdapterRole(13506): Warning: getAuxCameraId(): #init() failed, roleId=20
11-06 22:29:01.924 W/CAM_Camera2CompatAdapterRole(13506): Warning: getUltraTeleCameraId(): #init() failed, roleId=23
11-06 22:29:01.925 E/music   ( 4150): Blocked onNotificationPosted StatusBarNotification(pkg=com.whatsapp user=UserHandle{0} id=1 tag=ApPTbIcbjQ0DZ3+t8jMT/bFfsDSTdWRJuP6ozKaY8QQ=
11-06 22:29:01.925 E/music   ( 4150):  key=0|com.whatsapp|1|ApPTbIcbjQ0DZ3+t8jMT/bFfsDSTdWRJuP6ozKaY8QQ=
11-06 22:29:01.925 E/music   ( 4150): |10719: Notification(channel=individual_chat_defaults_4 shortcut=5493415313568@s.whatsapp.net contentView=null vibrate=null sound=null defaults=0 flags=ONLY_ALERT_ONCE color=0xff21c063 groupKey=group_key_messages sortKey=1 actions=3 vis=PRIVATE publicVersion=Notification(channel=null shortcut=null contentView=null vibrate=null sound=null defaults=0 flags=0 color=0xff21c063 category=msg vis=PRIVATE)))
11-06 22:29:01.926 I/NotificationListener( 2880): received notification posted event - com.whatsapp#UserHandle{0},category=-1
11-06 22:29:01.927 I/CCodec  (13506): setting up 'default' as default (vendor) store
11-06 22:29:01.927 I/CCodec  (13506): setting up 'default' as default (vendor) store
11-06 22:29:01.931 I/NotificationListener( 2880): received notification removed event - com.whatsapp#UserHandle{0},category=-1
11-06 22:29:01.931 E/music   ( 4150): Blocked onNotificationPosted StatusBarNotification(pkg=com.whatsapp user=UserHandle{0} id=1 tag=null key=0|com.whatsapp|1|null|10719: Notification(channel=individual_chat_defaults_4 shortcut=5493415313568@s.whatsapp.net contentView=null vibrate=null sound=null tick defaults=0 flags=GROUP_SUMMARY color=0xff21c063 category=msg groupKey=group_key_messages vis=PRIVATE publicVersion=Notification(channel=null shortcut=null contentView=null vibrate=null sound=null defaults=0 flags=0 color=0xff21c063 category=msg vis=PRIVATE)))
11-06 22:29:01.934 D/BufferPoolAccessor2.0( 1606): bufferpool2 0xb4000075e11fb2d8 : 0(0 size) total buffers - 0(0 size) used buffers - 0/0 (recycle/alloc) - 0/0 (fetch/transfer)
11-06 22:29:01.935 D/BufferPoolAccessor2.0( 1569): bufferpool2 0xf27405c8 : 0(0 size) total buffers - 0(0 size) used buffers - 68/76 (recycle/alloc) - 8/142 (fetch/transfer)
11-06 22:29:01.935 D/BufferPoolAccessor2.0( 1569): Destruction - bufferpool2 0xf27405c8 cached: 0/0M, 0/0% in use; allocs: 76, 89% recycled; transfers: 142, 94% unfetched
11-06 22:29:01.935 I/CCodec  (13506): Created component [c2.android.vorbis.decoder] for [c2.android.vorbis.decoder]
11-06 22:29:01.935 I/CCodec  (13506): Created component [c2.android.vorbis.decoder] for [c2.android.vorbis.decoder]
11-06 22:29:01.935 D/CCodecConfig(13506): read media type: audio/vorbis
11-06 22:29:01.935 D/CCodecConfig(13506): read media type: audio/vorbis
11-06 22:29:01.934 W/Thread-42( 2614): type=1400 audit(0.0:5442): avc:  denied  { read } for  name="u:object_r:vendor_audio_prop:s0" dev="tmpfs" ino=2488 scontext=u:r:platform_app:s0:c512,c768 tcontext=u:object_r:vendor_audio_prop:s0 tclass=file permissive=0 app=com.android.systemui
11-06 22:29:01.936 W/libc    ( 2614): Access denied finding property "audio.offload.ignore_setawake"
11-06 22:29:01.936 I/AiAiEcho( 3844): SmartspaceNotificationPredictor no parser can handle this notification or notification is invalid
11-06 22:29:01.937 D/ReflectedParamUpdater(13506): extent() != 1 for single value type: algo.buffers.max-count.values
11-06 22:29:01.937 D/ReflectedParamUpdater(13506): extent() != 1 for single value type: algo.buffers.max-count.values
11-06 22:29:01.937 D/ReflectedParamUpdater(13506): extent() != 1 for single value type: output.subscribed-indices.values
11-06 22:29:01.937 D/ReflectedParamUpdater(13506): extent() != 1 for single value type: input.buffers.allocator-ids.values
11-06 22:29:01.937 D/ReflectedParamUpdater(13506): extent() != 1 for single value type: output.subscribed-indices.values
11-06 22:29:01.937 D/ReflectedParamUpdater(13506): extent() != 1 for single value type: output.buffers.allocator-ids.values
11-06 22:29:01.937 D/RingtonePlayer( 2614): requesting AudioFocus
11-06 22:29:01.937 D/ReflectedParamUpdater(13506): extent() != 1 for single value type: algo.buffers.allocator-ids.values
11-06 22:29:01.937 D/ReflectedParamUpdater(13506): extent() != 1 for single value type: input.buffers.allocator-ids.values
11-06 22:29:01.937 D/ReflectedParamUpdater(13506): extent() != 1 for single value type: output.buffers.allocator-ids.values
11-06 22:29:01.937 D/ReflectedParamUpdater(13506): extent() != 1 for single value type: algo.buffers.allocator-ids.values
11-06 22:29:01.938 D/ReflectedParamUpdater(13506): extent() != 1 for single value type: output.buffers.pool-ids.values
11-06 22:29:01.938 D/ReflectedParamUpdater(13506): extent() != 1 for single value type: algo.buffers.pool-ids.values
11-06 22:29:01.938 D/ReflectedParamUpdater(13506): extent() != 1 for single value type: output.buffers.pool-ids.values
11-06 22:29:01.938 D/ReflectedParamUpdater(13506): extent() != 1 for single value type: algo.buffers.pool-ids.values
11-06 22:29:01.939 I/CCodecConfig(13506): query failed after returning 8 values (BAD_INDEX)
11-06 22:29:01.939 D/CCodecConfig(13506): c2 config diff is Dict {
11-06 22:29:01.939 D/CCodecConfig(13506):   c2::u32 coded.bitrate.value = 64000
11-06 22:29:01.939 D/CCodecConfig(13506):   c2::u32 input.buffers.max-size.value = 32768
11-06 22:29:01.939 D/CCodecConfig(13506):   c2::u32 input.delay.value = 0
11-06 22:29:01.939 D/CCodecConfig(13506):   string input.media-type.value = "audio/vorbis"
11-06 22:29:01.939 D/CCodecConfig(13506):   c2::u32 output.large-frame.max-size = 0
11-06 22:29:01.939 D/CCodecConfig(13506):   c2::u32 output.large-frame.threshold-size = 0
11-06 22:29:01.939 D/CCodecConfig(13506):   string output.media-type.value = "audio/raw"
11-06 22:29:01.939 D/CCodecConfig(13506):   c2::u32 raw.channel-count.value = 1
11-06 22:29:01.939 D/CCodecConfig(13506):   c2::u32 raw.sample-rate.value = 48000
11-06 22:29:01.939 D/CCodecConfig(13506): }
11-06 22:29:01.939 I/MediaFocusControl( 1820): requestAudioFocus() from uid/pid 10678/2614 AA=USAGE_NOTIFICATION/CONTENT_TYPE_SONIFICATION clientId=android.media.AudioManager@143ca9a callingPack=com.android.systemui req=3 flags=0x0 sdk=36
11-06 22:29:01.939 I/AiAiEcho( 3844): SmartspaceNotificationPredictor no parser can handle this notification or notification is invalid
11-06 22:29:01.939 I/CCodecConfig(13506): query failed after returning 8 values (BAD_INDEX)
11-06 22:29:01.939 D/CCodecConfig(13506): c2 config diff is Dict {
11-06 22:29:01.939 D/CCodecConfig(13506):   c2::u32 coded.bitrate.value = 64000
11-06 22:29:01.939 D/CCodecConfig(13506):   c2::u32 input.buffers.max-size.value = 32768
11-06 22:29:01.939 D/CCodecConfig(13506):   c2::u32 input.delay.value = 0
11-06 22:29:01.939 D/CCodecConfig(13506):   string input.media-type.value = "audio/vorbis"
11-06 22:29:01.939 D/CCodecConfig(13506):   c2::u32 output.large-frame.max-size = 0
11-06 22:29:01.939 D/CCodecConfig(13506):   c2::u32 output.large-frame.threshold-size = 0
11-06 22:29:01.939 D/CCodecConfig(13506):   string output.media-type.value = "audio/raw"
11-06 22:29:01.939 D/CCodecConfig(13506):   c2::u32 raw.channel-count.value = 1
11-06 22:29:01.939 D/CCodecConfig(13506):   c2::u32 raw.sample-rate.value = 48000
11-06 22:29:01.939 D/CCodecConfig(13506): }
11-06 22:29:01.939 I/AS.FadeOutManager( 1820): unfadeOutUid() uid:10678
11-06 22:29:01.940 D/RingtonePlayer( 2614): notification will be delayed by 500ms
11-06 22:29:01.940 D/CCodec  (13506): [c2.android.vorbis.decoder] buffers are bound to CCodec for this session
11-06 22:29:01.940 D/CCodecConfig(13506): no c2 equivalents for durationUs
11-06 22:29:01.940 D/CCodecConfig(13506): no c2 equivalents for track-id
11-06 22:29:01.940 D/CCodecConfig(13506): no c2 equivalents for csd-1
11-06 22:29:01.940 D/CCodecConfig(13506): no c2 equivalents for flags
11-06 22:29:01.941 D/CCodec  (13506): [c2.android.vorbis.decoder] buffers are bound to CCodec for this session
11-06 22:29:01.941 D/CCodecConfig(13506): no c2 equivalents for durationUs
11-06 22:29:01.941 D/CCodecConfig(13506): no c2 equivalents for track-id
11-06 22:29:01.941 D/CCodecConfig(13506): no c2 equivalents for csd-1
11-06 22:29:01.941 D/CCodecConfig(13506): no c2 equivalents for flags
11-06 22:29:01.941 D/CCodecConfig(13506): c2 config diff is   c2::u32 coded.bitrate.value = 112000
11-06 22:29:01.941 D/CCodecConfig(13506):   c2::u32 raw.channel-count.value = 2
11-06 22:29:01.941 D/CCodecConfig(13506):   c2::u32 raw.sample-rate.value = 44100
11-06 22:29:01.941 W/Codec2Client(13506): query -- param skipped: index = 1107298332.
11-06 22:29:01.941 D/CCodec  (13506): encoding statistics level = 0
11-06 22:29:01.941 D/CCodec  (13506): setup formats input: AMessage(what = 0x00000000) = {
11-06 22:29:01.941 D/CCodec  (13506):   int32_t bitrate = 112000
11-06 22:29:01.941 D/CCodec  (13506):   int32_t channel-count = 2
11-06 22:29:01.941 D/CCodec  (13506):   int32_t max-input-size = 32768
11-06 22:29:01.941 D/CCodec  (13506):   string mime = "audio/vorbis"
11-06 22:29:01.941 D/CCodec  (13506):   int32_t sample-rate = 44100
11-06 22:29:01.941 D/CCodec  (13506): }
11-06 22:29:01.941 D/CCodec  (13506): setup formats output: AMessage(what = 0x00000000) = {
11-06 22:29:01.941 D/CCodec  (13506):   int32_t buffer-batch-max-output-size = 0
11-06 22:29:01.941 D/CCodec  (13506):   int32_t buffer-batch-threshold-output-size = 0
11-06 22:29:01.941 D/CCodec  (13506):   int32_t channel-count = 2
11-06 22:29:01.941 D/CCodec  (13506):   string mime = "audio/raw"
11-06 22:29:01.941 D/CCodec  (13506):   int32_t sample-rate = 44100
11-06 22:29:01.941 D/CCodec  (13506):   int32_t channel-mask = 3
11-06 22:29:01.941 D/CCodec  (13506):   int32_t android._config-pcm-encoding = 2
11-06 22:29:01.941 D/CCodec  (13506): }
11-06 22:29:01.941 I/CCodecConfig(13506): query failed after returning 8 values (BAD_INDEX)
11-06 22:29:01.942 D/CCodecConfig(13506): c2 config diff is   c2::u32 coded.bitrate.value = 499821
11-06 22:29:01.942 D/CCodecConfig(13506):   c2::u32 raw.channel-count.value = 2
11-06 22:29:01.942 D/CCodecConfig(13506):   c2::u32 raw.sample-rate.value = 44100
11-06 22:29:01.942 W/Codec2Client(13506): query -- param skipped: index = 1107298332.
11-06 22:29:01.942 D/CCodec  (13506): encoding statistics level = 0
11-06 22:29:01.942 D/CCodec  (13506): setup formats input: AMessage(what = 0x00000000) = {
11-06 22:29:01.942 D/CCodec  (13506):   int32_t bitrate = 499821
11-06 22:29:01.942 D/CCodec  (13506):   int32_t channel-count = 2
11-06 22:29:01.942 D/CCodec  (13506):   int32_t max-input-size = 32768
11-06 22:29:01.942 D/CCodec  (13506):   string mime = "audio/vorbis"
11-06 22:29:01.942 D/CCodec  (13506):   int32_t sample-rate = 44100
11-06 22:29:01.942 D/CCodec  (13506): }
11-06 22:29:01.942 D/CCodec  (13506): setup formats output: AMessage(what = 0x00000000) = {
11-06 22:29:01.942 D/CCodec  (13506):   int32_t buffer-batch-max-output-size = 0
11-06 22:29:01.942 D/CCodec  (13506):   int32_t buffer-batch-threshold-output-size = 0
11-06 22:29:01.942 D/CCodec  (13506):   int32_t channel-count = 2
11-06 22:29:01.942 D/CCodec  (13506):   string mime = "audio/raw"
11-06 22:29:01.942 D/CCodec  (13506):   int32_t sample-rate = 44100
11-06 22:29:01.942 D/CCodec  (13506):   int32_t channel-mask = 3
11-06 22:29:01.942 D/CCodec  (13506):   int32_t android._config-pcm-encoding = 2
11-06 22:29:01.942 D/CCodec  (13506): }
11-06 22:29:01.942 W/Codec2Client(13506): query -- param skipped: index = 1342179345.
11-06 22:29:01.942 W/Codec2Client(13506): query -- param skipped: index = 2415921170.
11-06 22:29:01.942 I/CCodecConfig(13506): query failed after returning 8 values (BAD_INDEX)
11-06 22:29:01.942 D/C2Store (13506): Using ION
11-06 22:29:01.943 D/CCodecBufferChannel(13506): [c2.android.vorbis.decoder#193] Created input block pool with allocatorID 16 => poolID 17 - OK (0)
11-06 22:29:01.943 W/Codec2Client(13506): query -- param skipped: index = 1342179345.
11-06 22:29:01.943 W/Codec2Client(13506): query -- param skipped: index = 2415921170.
11-06 22:29:01.943 D/CCodecBufferChannel(13506): [c2.android.vorbis.decoder#263] Created input block pool with allocatorID 16 => poolID 18 - OK (0)
11-06 22:29:01.943 I/CCodecBufferChannel(13506): [c2.android.vorbis.decoder#193] Created output block pool with allocatorID 16 => poolID 403 - OK
11-06 22:29:01.943 D/CCodecBufferChannel(13506): [c2.android.vorbis.decoder#193] Configured output block pool ids 403 => OK
11-06 22:29:01.943 E/Codec2-ComponentInterface( 1606): We have a failed config
11-06 22:29:01.944 I/CCodecBufferChannel(13506): [c2.android.vorbis.decoder#263] Created output block pool with allocatorID 16 => poolID 404 - OK
11-06 22:29:01.944 D/CCodecBufferChannel(13506): [c2.android.vorbis.decoder#263] Configured output block pool ids 404 => OK
11-06 22:29:01.944 E/Codec2-ComponentInterface( 1606): We have a failed config
11-06 22:29:01.945 D/SimpleC2Component( 1606): Using output block pool with poolID 403 => got 403 - 0
11-06 22:29:01.945 D/SimpleC2Component( 1606): Using output block pool with poolID 404 => got 404 - 0
11-06 22:29:01.952 I/AiAiPeople( 3844): [0] fragments remain to process, dispatched event [17]
11-06 22:29:01.969 D/PeopleSpaceWidgetMgr( 2614): No app widget ids returned
11-06 22:29:01.966 W/ParallelMediaDo(10524): type=1400 audit(0.0:5443): avc:  granted  { execute } for  path="/data/data/com.whatsapp/files/decompressed/libs.spo/libstatic-webp.so" dev="dm-40" ino=159358 scontext=u:r:untrusted_app:s0:c207,c258,c512,c768 tcontext=u:object_r:app_data_file:s0:c207,c258,c512,c768 tclass=file app=com.whatsapp
11-06 22:29:01.970 D/nativeloader(10524): Load /data/data/com.whatsapp/files/decompressed/libs.spo/libstatic-webp.so using class loader ns clns-9 (caller=/data/app/~~u8nHGQseqNz0PA0fBRDDeA==/com.whatsapp-stv3xcxUDFS-CkhX0zTTeA==/base.apk): ok
11-06 22:29:01.975 D/PeopleSpaceWidgetMgr( 2614): No app widget ids returned
11-06 22:29:01.976 D/PeopleSpaceWidgetMgr( 2614): No app widget ids returned
11-06 22:29:01.990 W/CameraMetadataJV(13506): Expect face scores and rectangles to be non-null
11-06 22:29:01.990 W/CameraMetadataJV(13506): Expect face scores and rectangles to be non-null
11-06 22:29:01.991 D/CAM_MarshalQueryableASDScene(13506): Expected size should be 8, but got: 0
11-06 22:29:01.991 D/CAM_MarshalQueryableASDScene(13506): Expected size should be 8, but got: 0
11-06 22:29:01.991 D/CAM_MarshalQueryableASDScene(13506): Expected size should be 8, but got: 0
11-06 22:29:01.992 W/CAM_Camera2CompatAdapterRole(13506): Warning: getAuxCameraId(): #init() failed, roleId=20
11-06 22:29:01.992 W/CAM_Camera2CompatAdapterRole(13506): Warning: getUltraTeleCameraId(): #init() failed, roleId=23
11-06 22:29:01.993 I/hw-BpHwBinder( 1606): onLastStrongRef automatically unlinking death recipients
11-06 22:29:01.993 I/hw-BpHwBinder(13506): onLastStrongRef automatically unlinking death recipients
11-06 22:29:01.994 I/MediaProvider( 3848): Observed non-standard /storage/emulated/0/Android/media/com.whatsapp/WhatsApp/Media/WhatsApp Stickers/.nomedia
11-06 22:29:01.995 D/BufferPoolAccessor2.0( 1606): Destruction - bufferpool2 0xb4000075e11f3848 cached: 0/0M, 0/0% in use; allocs: 0, 0% recycled; transfers: 0, 0% unfetched
11-06 22:29:01.997 D/CCodecBufferChannel(13506): [c2.android.vorbis.decoder#193] MediaCodec discarded an unknown buffer
11-06 22:29:01.998 I/hw-BpHwBinder(13506): onLastStrongRef automatically unlinking death recipients
11-06 22:29:01.998 I/hw-BpHwBinder( 1606): onLastStrongRef automatically unlinking death recipients
11-06 22:29:01.998 I/hw-BpHwBinder( 1606): onLastStrongRef automatically unlinking death recipients
11-06 22:29:01.998 D/BufferPoolAccessor2.0( 1606): Destruction - bufferpool2 0xb4000075e11ef098 cached: 0/0M, 0/0% in use; allocs: 0, 0% recycled; transfers: 0, 0% unfetched
11-06 22:29:02.001 D/MediaCodecList(13506): codecHandlesFormat: no format, so no extra checks
11-06 22:29:02.001 D/CCodec  (13506): allocate(c2.android.vorbis.decoder)
11-06 22:29:02.003 I/CCodec  (13506): setting up 'default' as default (vendor) store
11-06 22:29:02.004 D/MediaCodecList(13506): codecHandlesFormat: no format, so no extra checks
11-06 22:29:02.004 I/CCodec  (13506): Created component [c2.android.vorbis.decoder] for [c2.android.vorbis.decoder]
11-06 22:29:02.005 D/CCodecConfig(13506): read media type: audio/vorbis
11-06 22:29:02.005 D/ReflectedParamUpdater(13506): extent() != 1 for single value type: algo.buffers.max-count.values
11-06 22:29:02.005 D/ReflectedParamUpdater(13506): extent() != 1 for single value type: output.subscribed-indices.values
11-06 22:29:02.005 D/ReflectedParamUpdater(13506): extent() != 1 for single value type: input.buffers.allocator-ids.values
11-06 22:29:02.006 D/ReflectedParamUpdater(13506): extent() != 1 for single value type: output.buffers.allocator-ids.values
11-06 22:29:02.006 D/ReflectedParamUpdater(13506): extent() != 1 for single value type: algo.buffers.allocator-ids.values
11-06 22:29:02.006 D/ReflectedParamUpdater(13506): extent() != 1 for single value type: output.buffers.pool-ids.values
11-06 22:29:02.006 D/ReflectedParamUpdater(13506): extent() != 1 for single value type: algo.buffers.pool-ids.values
11-06 22:29:02.006 I/CCodecConfig(13506): query failed after returning 8 values (BAD_INDEX)
11-06 22:29:02.006 D/CCodecConfig(13506): c2 config diff is Dict {
11-06 22:29:02.006 D/CCodecConfig(13506):   c2::u32 coded.bitrate.value = 64000
11-06 22:29:02.006 D/CCodecConfig(13506):   c2::u32 input.buffers.max-size.value = 32768
11-06 22:29:02.006 D/CCodecConfig(13506):   c2::u32 input.delay.value = 0
11-06 22:29:02.006 D/CCodecConfig(13506):   string input.media-type.value = "audio/vorbis"
11-06 22:29:02.006 D/CCodecConfig(13506):   c2::u32 output.large-frame.max-size = 0
11-06 22:29:02.006 D/CCodecConfig(13506):   c2::u32 output.large-frame.threshold-size = 0
11-06 22:29:02.006 D/CCodecConfig(13506):   string output.media-type.value = "audio/raw"
11-06 22:29:02.006 D/CCodecConfig(13506):   c2::u32 raw.channel-count.value = 1
11-06 22:29:02.006 D/CCodecConfig(13506):   c2::u32 raw.sample-rate.value = 48000
11-06 22:29:02.006 D/CCodecConfig(13506): }
11-06 22:29:02.007 D/CCodec  (13506): [c2.android.vorbis.decoder] buffers are bound to CCodec for this session
11-06 22:29:02.007 D/CCodecConfig(13506): no c2 equivalents for durationUs
11-06 22:29:02.007 D/CCodecConfig(13506): no c2 equivalents for track-id
11-06 22:29:02.007 D/CCodecConfig(13506): no c2 equivalents for csd-1
11-06 22:29:02.007 D/CCodecConfig(13506): no c2 equivalents for flags
11-06 22:29:02.007 D/CCodecConfig(13506): c2 config diff is   c2::u32 coded.bitrate.value = 499821
11-06 22:29:02.007 D/CCodecConfig(13506):   c2::u32 raw.channel-count.value = 2
11-06 22:29:02.007 D/CCodecConfig(13506):   c2::u32 raw.sample-rate.value = 44100
11-06 22:29:02.007 W/Codec2Client(13506): query -- param skipped: index = 1107298332.
11-06 22:29:02.007 D/CCodec  (13506): encoding statistics level = 0
11-06 22:29:02.007 D/CCodec  (13506): setup formats input: AMessage(what = 0x00000000) = {
11-06 22:29:02.007 D/CCodec  (13506):   int32_t bitrate = 499821
11-06 22:29:02.007 D/CCodec  (13506):   int32_t channel-count = 2
11-06 22:29:02.007 D/CCodec  (13506):   int32_t max-input-size = 32768
11-06 22:29:02.007 D/CCodec  (13506):   string mime = "audio/vorbis"
11-06 22:29:02.007 D/CCodec  (13506):   int32_t sample-rate = 44100
11-06 22:29:02.007 D/CCodec  (13506): }
11-06 22:29:02.007 D/CCodec  (13506): setup formats output: AMessage(what = 0x00000000) = {
11-06 22:29:02.007 D/CCodec  (13506):   int32_t buffer-batch-max-output-size = 0
11-06 22:29:02.007 D/CCodec  (13506):   int32_t buffer-batch-threshold-output-size = 0
11-06 22:29:02.007 D/CCodec  (13506):   int32_t channel-count = 2
11-06 22:29:02.007 D/CCodec  (13506):   string mime = "audio/raw"
11-06 22:29:02.007 D/CCodec  (13506):   int32_t sample-rate = 44100
11-06 22:29:02.007 D/CCodec  (13506):   int32_t channel-mask = 3
11-06 22:29:02.007 D/CCodec  (13506):   int32_t android._config-pcm-encoding = 2
11-06 22:29:02.007 D/CCodec  (13506): }
11-06 22:29:02.007 I/CCodecConfig(13506): query failed after returning 8 values (BAD_INDEX)
11-06 22:29:02.008 D/CCodec  (13506): allocate(c2.android.vorbis.decoder)
11-06 22:29:02.008 W/Codec2Client(13506): query -- param skipped: index = 1342179345.
11-06 22:29:02.008 W/Codec2Client(13506): query -- param skipped: index = 2415921170.
11-06 22:29:02.008 D/CCodecBufferChannel(13506): [c2.android.vorbis.decoder#180] Created input block pool with allocatorID 16 => poolID 19 - OK (0)
11-06 22:29:02.009 I/CCodec  (13506): setting up 'default' as default (vendor) store
11-06 22:29:02.009 I/CCodecBufferChannel(13506): [c2.android.vorbis.decoder#180] Created output block pool with allocatorID 16 => poolID 406 - OK
11-06 22:29:02.009 D/CCodecBufferChannel(13506): [c2.android.vorbis.decoder#180] Configured output block pool ids 406 => OK
11-06 22:29:02.009 E/Codec2-ComponentInterface( 1606): We have a failed config
11-06 22:29:02.010 D/SimpleC2Component( 1606): Using output block pool with poolID 406 => got 406 - 0
11-06 22:29:02.014 I/CCodec  (13506): Created component [c2.android.vorbis.decoder] for [c2.android.vorbis.decoder]
11-06 22:29:02.016 D/CCodecConfig(13506): read media type: audio/vorbis
11-06 22:29:02.017 D/ReflectedParamUpdater(13506): extent() != 1 for single value type: algo.buffers.max-count.values
11-06 22:29:02.017 D/ReflectedParamUpdater(13506): extent() != 1 for single value type: output.subscribed-indices.values
11-06 22:29:02.017 D/ReflectedParamUpdater(13506): extent() != 1 for single value type: input.buffers.allocator-ids.values
11-06 22:29:02.017 D/ReflectedParamUpdater(13506): extent() != 1 for single value type: output.buffers.allocator-ids.values
11-06 22:29:02.017 D/ReflectedParamUpdater(13506): extent() != 1 for single value type: algo.buffers.allocator-ids.values
11-06 22:29:02.017 D/ReflectedParamUpdater(13506): extent() != 1 for single value type: output.buffers.pool-ids.values
11-06 22:29:02.017 D/ReflectedParamUpdater(13506): extent() != 1 for single value type: algo.buffers.pool-ids.values
11-06 22:29:02.018 I/CCodecConfig(13506): query failed after returning 8 values (BAD_INDEX)
11-06 22:29:02.018 D/CCodecConfig(13506): c2 config diff is Dict {
11-06 22:29:02.018 D/CCodecConfig(13506):   c2::u32 coded.bitrate.value = 64000
11-06 22:29:02.018 D/CCodecConfig(13506):   c2::u32 input.buffers.max-size.value = 32768
11-06 22:29:02.018 D/CCodecConfig(13506):   c2::u32 input.delay.value = 0
11-06 22:29:02.018 D/CCodecConfig(13506):   string input.media-type.value = "audio/vorbis"
11-06 22:29:02.018 D/CCodecConfig(13506):   c2::u32 output.large-frame.max-size = 0
11-06 22:29:02.018 D/CCodecConfig(13506):   c2::u32 output.large-frame.threshold-size = 0
11-06 22:29:02.018 D/CCodecConfig(13506):   string output.media-type.value = "audio/raw"
11-06 22:29:02.018 D/CCodecConfig(13506):   c2::u32 raw.channel-count.value = 1
11-06 22:29:02.018 D/CCodecConfig(13506):   c2::u32 raw.sample-rate.value = 48000
11-06 22:29:02.018 D/CCodecConfig(13506): }
11-06 22:29:02.019 D/CCodec  (13506): [c2.android.vorbis.decoder] buffers are bound to CCodec for this session
11-06 22:29:02.019 D/CCodecConfig(13506): no c2 equivalents for durationUs
11-06 22:29:02.019 D/CCodecConfig(13506): no c2 equivalents for track-id
11-06 22:29:02.019 D/CCodecConfig(13506): no c2 equivalents for csd-1
11-06 22:29:02.019 D/CCodecConfig(13506): no c2 equivalents for flags
11-06 22:29:02.020 D/CCodecConfig(13506): c2 config diff is   c2::u32 coded.bitrate.value = 499821
11-06 22:29:02.020 D/CCodecConfig(13506):   c2::u32 raw.channel-count.value = 2
11-06 22:29:02.020 D/CCodecConfig(13506):   c2::u32 raw.sample-rate.value = 44100
11-06 22:29:02.020 W/Codec2Client(13506): query -- param skipped: index = 1107298332.
11-06 22:29:02.020 D/CCodec  (13506): encoding statistics level = 0
11-06 22:29:02.020 D/CCodec  (13506): setup formats input: AMessage(what = 0x00000000) = {
11-06 22:29:02.020 D/CCodec  (13506):   int32_t bitrate = 499821
11-06 22:29:02.020 D/CCodec  (13506):   int32_t channel-count = 2
11-06 22:29:02.020 D/CCodec  (13506):   int32_t max-input-size = 32768
11-06 22:29:02.020 D/CCodec  (13506):   string mime = "audio/vorbis"
11-06 22:29:02.020 D/CCodec  (13506):   int32_t sample-rate = 44100
11-06 22:29:02.020 D/CCodec  (13506): }
11-06 22:29:02.020 D/CCodec  (13506): setup formats output: AMessage(what = 0x00000000) = {
11-06 22:29:02.020 D/CCodec  (13506):   int32_t buffer-batch-max-output-size = 0
11-06 22:29:02.020 D/CCodec  (13506):   int32_t buffer-batch-threshold-output-size = 0
11-06 22:29:02.020 D/CCodec  (13506):   int32_t channel-count = 2
11-06 22:29:02.020 D/CCodec  (13506):   string mime = "audio/raw"
11-06 22:29:02.020 D/CCodec  (13506):   int32_t sample-rate = 44100
11-06 22:29:02.020 D/CCodec  (13506):   int32_t channel-mask = 3
11-06 22:29:02.020 D/CCodec  (13506):   int32_t android._config-pcm-encoding = 2
11-06 22:29:02.020 D/CCodec  (13506): }
11-06 22:29:02.020 I/CCodecConfig(13506): query failed after returning 8 values (BAD_INDEX)
11-06 22:29:02.020 W/Codec2Client(13506): query -- param skipped: index = 1342179345.
11-06 22:29:02.020 W/Codec2Client(13506): query -- param skipped: index = 2415921170.
11-06 22:29:02.021 D/CCodecBufferChannel(13506): [c2.android.vorbis.decoder#338] Created input block pool with allocatorID 16 => poolID 20 - OK (0)
11-06 22:29:02.021 I/CCodecBufferChannel(13506): [c2.android.vorbis.decoder#338] Created output block pool with allocatorID 16 => poolID 408 - OK
11-06 22:29:02.021 D/CCodecBufferChannel(13506): [c2.android.vorbis.decoder#338] Configured output block pool ids 408 => OK
11-06 22:29:02.021 E/Codec2-ComponentInterface( 1606): We have a failed config
11-06 22:29:02.022 D/SimpleC2Component( 1606): Using output block pool with poolID 408 => got 408 - 0
11-06 22:29:02.029 V/MediaProvider( 3848): Deleted backup of old file path: /storage/emulated/0/Android/media/com.whatsapp/WhatsApp/.Shared/shEERTAznq1DCLYri-Vy7lUWzWo13j2leauPAbA0Q74=.tmp
11-06 22:29:02.048 D/CCodecBufferChannel(13506): [c2.android.vorbis.decoder#180] MediaCodec discarded an unknown buffer
11-06 22:29:02.048 D/CCodecBufferChannel(13506): [c2.android.vorbis.decoder#180] MediaCodec discarded an unknown buffer
11-06 22:29:02.048 D/CCodecBufferChannel(13506): [c2.android.vorbis.decoder#180] MediaCodec discarded an unknown buffer
11-06 22:29:02.059 D/MediaCodecList(13506): codecHandlesFormat: no format, so no extra checks
11-06 22:29:02.063 I/hw-BpHwBinder(13506): onLastStrongRef automatically unlinking death recipients
11-06 22:29:02.063 I/hw-BpHwBinder( 1606): onLastStrongRef automatically unlinking death recipients
11-06 22:29:02.066 D/BufferPoolAccessor2.0( 1606): Destruction - bufferpool2 0xb4000075e11f3848 cached: 0/0M, 0/0% in use; allocs: 0, 0% recycled; transfers: 0, 0% unfetched
11-06 22:29:02.067 W/CameraMetadataJV(13506): Expect face scores and rectangles to be non-null
11-06 22:29:02.067 W/CameraMetadataJV(13506): Expect face scores and rectangles to be non-null
11-06 22:29:02.067 D/CAM_MarshalQueryableASDScene(13506): Expected size should be 8, but got: 0
11-06 22:29:02.067 D/CCodec  (13506): allocate(c2.android.vorbis.decoder)
11-06 22:29:02.067 D/CAM_MarshalQueryableASDScene(13506): Expected size should be 8, but got: 0
11-06 22:29:02.067 D/CAM_MarshalQueryableASDScene(13506): Expected size should be 8, but got: 0
11-06 22:29:02.067 W/CAM_Camera2CompatAdapterRole(13506): Warning: getAuxCameraId(): #init() failed, roleId=20
11-06 22:29:02.067 W/CAM_Camera2CompatAdapterRole(13506): Warning: getUltraTeleCameraId(): #init() failed, roleId=23
11-06 22:29:02.071 I/CCodec  (13506): setting up 'default' as default (vendor) store
11-06 22:29:02.072 I/CCodec  (13506): Created component [c2.android.vorbis.decoder] for [c2.android.vorbis.decoder]
11-06 22:29:02.072 D/CCodecConfig(13506): read media type: audio/vorbis
11-06 22:29:02.073 D/ReflectedParamUpdater(13506): extent() != 1 for single value type: algo.buffers.max-count.values
11-06 22:29:02.073 D/ReflectedParamUpdater(13506): extent() != 1 for single value type: output.subscribed-indices.values
11-06 22:29:02.073 D/ReflectedParamUpdater(13506): extent() != 1 for single value type: input.buffers.allocator-ids.values
11-06 22:29:02.073 D/ReflectedParamUpdater(13506): extent() != 1 for single value type: output.buffers.allocator-ids.values
11-06 22:29:02.074 D/ReflectedParamUpdater(13506): extent() != 1 for single value type: algo.buffers.allocator-ids.values
11-06 22:29:02.074 D/ReflectedParamUpdater(13506): extent() != 1 for single value type: output.buffers.pool-ids.values
11-06 22:29:02.074 D/ReflectedParamUpdater(13506): extent() != 1 for single value type: algo.buffers.pool-ids.values
