11-22 11:34:52.748 28816 28816 D MCAM_TopBarView: fillRightViews: viewHolder=TopBarViewHolder{34b9129, configItem=LIVE_SHOT, position=2, id=-1, oldPos=-1, pLpos:-1 itemView=com.android.camera2.compat.theme.custom.mm.top.StrikethroughImageView{c1d7cae V.ED..C.. ......ID 937,27-1047,137} scrap [attachedScrap] Flags=289 tmpDetached no parent gravity=8388613 text=Disparos dinmicos desactivados}
11-22 11:34:52.748 28816 28816 D MCAM_TopBarView: layoutChunk
11-22 11:34:52.748 28816 28831 D MCAM_BaseModuleCameraManager: updateASD call setASDEnable with true
11-22 11:34:52.748 28816 28831 W MCAM_BaseModule: consumePreference: no consumer for this updateType -> 76
11-22 11:34:52.748 28816 28816 D MCAM_TopBarView: dispatchLayoutStep3: mLayoutStep=4
11-22 11:34:52.748 28816 28816 D MCAM_TopBarView: dispatchLayoutStep3: ChildCount=2
11-22 11:34:52.748 28816 28831 W MCAM_BaseModule: consumePreference: no consumer for this updateType -> 78
11-22 11:34:52.748 28816 28816 D MCAM_DefaultItemAnimator: animateChange: animateMove, oldHolder=TopBarViewHolder{34b9129, configItem=LIVE_SHOT, position=2, id=-1, oldPos=-1, pLpos:-1 itemView=com.android.camera2.compat.theme.custom.mm.top.StrikethroughImageView{c1d7cae V.ED..C.. ......I. 937,27-1047,137} Flags=1 gravity=8388613 text=Disparos dinmicos desactivados},newHolder=TopBarViewHolder{34b9129, configItem=LIVE_SHOT, position=2, id=-1, oldPos=-1, pLpos:-1 itemView=com.android.camera2.compat.theme.custom.mm.top.StrikethroughImageView{c1d7cae V.ED..C.. ......I. 937,27-1047,137} Flags=1 gravity=8388613 text=Disparos dinmicos desactivados}
11-22 11:34:52.748 28816 28831 W MCAM_BaseModule: consumePreference: no consumer for this updateType -> 77
11-22 11:34:52.748 28816 28816 D MCAM_TopBarView_moved_item: DefaultItemAnimator:animateMove mPendingMoves.add TopBarViewHolder{34b9129, configItem=LIVE_SHOT, position=2, id=-1, oldPos=-1, pLpos:-1 itemView=com.android.camera2.compat.theme.custom.mm.top.StrikethroughImageView{c1d7cae V.ED..C.. ......I. 937,27-1047,137} Flags=1 gravity=8388613 text=Disparos dinmicos desactivados}
11-22 11:34:52.748 28816 28831 D MCAM_MiCamera2: sendSatFallbackDisableRequest: E. disable = false, isRepeatingRequest = true
11-22 11:34:52.748 28816 28816 D MCAM_DefaultItemAnimator: animateMove: resetAnimation,TopBarViewHolder{34b9129, configItem=LIVE_SHOT, position=2, id=-1, oldPos=-1, pLpos:-1 itemView=com.android.camera2.compat.theme.custom.mm.top.StrikethroughImageView{c1d7cae V.ED..C.. ......I. 937,27-1047,137} Flags=1 gravity=8388613 text=Disparos dinmicos desactivados}
11-22 11:34:52.748 28816 28831 D MCAM_MiCamera2: sendSatFallbackDisableRequest: X.
11-22 11:34:52.748 28816 28816 D MCAM_TopBarView_moved_item: DefaultItemAnimator:animateMove NO MOVE=TopBarViewHolder{34b9129, configItem=LIVE_SHOT, position=2, id=-1, oldPos=-1, pLpos:-1 itemView=com.android.camera2.compat.theme.custom.mm.top.StrikethroughImageView{c1d7cae V.ED..C.. ......I. 937,27-1047,137} Flags=1 gravity=8388613 text=Disparos dinmicos desactivados}
11-22 11:34:52.748 28816 28831 V MCAM_CameraConfigManager: applyHighQualityPreferred: true
11-22 11:34:52.748 28816 28816 D MCAM_DefaultItemAnimator: animateChange: animateMove, oldHolder=TopBarViewHolder{73ac498, configItem=FLASH, position=0, id=-1, oldPos=-1, pLpos:-1 itemView=com.android.camera2.compat.theme.custom.mm.top.StrikethroughImageView{17c34f1 V.ED..C.. ......ID 33,27-143,137} Flags=1 gravity=8388611 text=Flash desactivado},newHolder=TopBarViewHolder{73ac498, configItem=FLASH, position=0, id=-1, oldPos=-1, pLpos:-1 itemView=com.android.camera2.compat.theme.custom.mm.top.StrikethroughImageView{17c34f1 V.ED..C.. ......ID 33,27-143,137} Flags=1 gravity=8388611 text=Flash desactivado}
11-22 11:34:52.748 28816 28831 W MCAM_BaseModule: consumePreference: no consumer for this updateType -> 92
11-22 11:34:52.748 28816 28816 D MCAM_TopBarView_moved_item: DefaultItemAnimator:animateMove mPendingMoves.add TopBarViewHolder{73ac498, configItem=FLASH, position=0, id=-1, oldPos=-1, pLpos:-1 itemView=com.android.camera2.compat.theme.custom.mm.top.StrikethroughImageView{17c34f1 V.ED..C.. ......ID 33,27-143,137} Flags=1 gravity=8388611 text=Flash desactivado}
11-22 11:34:52.748 28816 28816 D MCAM_DefaultItemAnimator: animateMove: resetAnimation,TopBarViewHolder{73ac498, configItem=FLASH, position=0, id=-1, oldPos=-1, pLpos:-1 itemView=com.android.camera2.compat.theme.custom.mm.top.StrikethroughImageView{17c34f1 V.ED..C.. ......ID 33,27-143,137} Flags=1 gravity=8388611 text=Flash desactivado}
11-22 11:34:52.748 28816 28831 V MCAM_CameraConfigManager: setAperture(): 0.0
11-22 11:34:52.748 28816 28816 D MCAM_TopBarView_moved_item: DefaultItemAnimator:animateMove NO MOVE=TopBarViewHolder{73ac498, configItem=FLASH, position=0, id=-1, oldPos=-1, pLpos:-1 itemView=com.android.camera2.compat.theme.custom.mm.top.StrikethroughImageView{17c34f1 V.ED..C.. ......ID 33,27-143,137} Flags=1 gravity=8388611 text=Flash desactivado}
11-22 11:34:52.748 28816 28831 D MCAM_CameraConfigs: aperture: 0.0
11-22 11:34:52.749 28816 28816 D MCAM_TopBarView: dispatchLayoutStep3::ViewInfoStore::process
11-22 11:34:52.749 28816 28831 D MCAM_CameraConfigs: apertureMode: 1
11-22 11:34:52.749 28816 28816 D MCAM_TopBarView: X: dispatchLayoutStep: mLayoutStep=1
11-22 11:34:52.749 28816 28831 V MCAM_CameraConfigManager: setExposureMode(): 0
11-22 11:34:52.749 28816 28831 D MCAM_CameraConfigs: setExposureMode: 0
11-22 11:34:52.749 28816 28831 W MCAM_BaseModule: consumePreference: no consumer for this updateType -> 111
11-22 11:34:52.749 28816 28831 V MCAM_CameraConfigManager: setIsZoomSpeedUp(): false
11-22 11:34:52.749 28816 28831 V MCAM_CaptureRequestBuilder: applyIsZoomSpeedUp(): false
11-22 11:34:52.749 28816 28831 W MCAM_BaseModule: consumePreference: no consumer for this updateType -> 112
11-22 11:34:52.749 28816 28831 V MCAM_CameraConfigManager: setIsZoomSpeedDown(): false
11-22 11:34:52.749 28816 28831 V MCAM_CaptureRequestBuilder: applyIsZoomSpeedDown(): false
11-22 11:34:52.749 28816 28831 V MCAM_CameraConfigManager: setFaceAEStrategy(): 0
11-22 11:34:52.749 28816 28831 W MCAM_BaseModule: consumePreference: no consumer for this updateType -> 127
11-22 11:34:52.749 28816 28831 W MCAM_BaseModuleCameraManager: no consumer for this updateType: 127
11-22 11:34:52.749 28816 28831 D MCAM_CameraConfigManager: setESPDislayEnable false
11-22 11:34:52.750 28816 28831 W MCAM_BaseModule: consumePreference: no consumer for this updateType -> 141
11-22 11:34:52.750 28816 28831 W MCAM_BaseModuleCameraManager: no consumer for this updateType: 141
11-22 11:34:52.750 28816 28831 D MCAM_CameraConfigManager: setSdsrMode: 0
11-22 11:34:52.750 28816 28831 W MCAM_BaseModule: consumePreference: no consumer for this updateType -> 133
11-22 11:34:52.750 28816 28831 D MCAM_MiCameraCompat: applyHasWindowFocus:true
11-22 11:34:52.750 28816 28831 W MCAM_BaseModule: consumePreference: no consumer for this updateType -> 149
11-22 11:34:52.750 28816 28831 I MCAM_PerformanceManager: [P_PERFORM]: Action: 5.2:applyPreviewSettings_163_0 takes 22 ms
11-22 11:34:52.750 28816 28831 I MCAM_PerformanceManager: [P_PERFORM]: Action: 5:captureSessionReady2startPreview_163_0 takes 25 ms
11-22 11:34:52.750 28816 28831 V MCAM_MiCamera2: resumePreview: cameraId=0 highSpeed=false | caller=com.android.camera.module.BaseModule.updateParameters(Unknown Source:215), com.android.camera.module.BaseModule.n(Unknown Source:0), com.android.camera.module.l.accept(Unknown Source:4), io.reactivex.internal.observers.LambdaObserver.onNext(Unknown Source:8), 
11-22 11:34:52.751  1567 28888 D CameraService: startCameraStreamingOps: Start data delivery for uid 10586
11-22 11:34:52.751 28816 28831 I MCAM_MiCamera2: [K_PROCESS]: resumePreview: repeating sequenceId: 0
11-22 11:34:52.752 28816 28831 V MCAM_CameraConfigManager: setDeviceOrientation: 0
11-22 11:34:52.752 28816 28831 I MCAM_MiCamera2: stopLivephoto E
11-22 11:34:52.752 28816 28831 I MCAM_MiCamera2: stopLivephoto X
11-22 11:34:52.756 28816 28816 V MCAM_FaceView: mCameraDisplayOrientation=90
11-22 11:34:52.756 28816 28816 V MCAM_FaceView: mMirror=false
11-22 11:34:52.756 28816 28816 D MCAM_BatteryDetector: onReceive battery = 75 cutoff = false
11-22 11:34:52.756 28816 28816 D MCAM_BatteryDetector: onBatteryNotification action=0 caller = com.android.camera.BatteryDetector.b(Unknown Source:9), z.q.onReceive(Unknown Source:101), android.app.LoadedApk$ReceiverDispatcher$Args.lambda$getRunnable$0(LoadedApk.java:1839), android.app.LoadedApk$ReceiverDispatcher$Args.$r8$lambda$mcNAAl1SQ4MyJPyDg8TJ2x2h0Rk(Unknown Source:0), android.app.LoadedApk$ReceiverDispatcher$Args$$ExternalSyntheticLambda0.run(D8$$SyntheticClass:0), 
11-22 11:34:52.756  1814  4171 W ActivityManager: pid 1814 system sent binder code 15 with flags 0 to frozen apps and got error -32
11-22 11:34:52.757  1814  4171 E NFC     : NFC service dead - attempting to recover
11-22 11:34:52.757  1814  4171 E NFC     : android.os.DeadObjectException
11-22 11:34:52.757  1814  4171 E NFC     : 	at android.os.BinderProxy.transactNative(Native Method)
11-22 11:34:52.757  1814  4171 E NFC     : 	at android.os.BinderProxy.transact(BinderProxy.java:592)
11-22 11:34:52.757  1814  4171 E NFC     : 	at android.nfc.INfcAdapter$Stub$Proxy.setReaderMode(INfcAdapter.java:1408)
11-22 11:34:52.757  1814  4171 E NFC     : 	at android.nfc.NfcAdapter.lambda$setReaderModePollingEnabled$14(NfcAdapter.java:1791)
11-22 11:34:52.757  1814  4171 E NFC     : 	at android.nfc.NfcAdapter.$r8$lambda$ChHsu3zyyl-fmMSV4W6nAmsvLKQ(Unknown Source:0)
11-22 11:34:52.757  1814  4171 E NFC     : 	at android.nfc.NfcAdapter$$ExternalSyntheticLambda12.call(D8$$SyntheticClass:0)
11-22 11:34:52.757  1814  4171 E NFC     : 	at android.nfc.NfcAdapter.callService(NfcAdapter.java:2594)
11-22 11:34:52.757  1814  4171 E NFC     : 	at android.nfc.NfcAdapter.setReaderModePollingEnabled(NfcAdapter.java:1791)
11-22 11:34:52.757  1814  4171 E NFC     : 	at com.android.server.camera.CameraServiceProxy.notifyNfcService(CameraServiceProxy.java:1496)
11-22 11:34:52.757  1814  4171 E NFC     : 	at com.android.server.camera.CameraServiceProxy.updateActivityCount(CameraServiceProxy.java:1467)
11-22 11:34:52.757  1814  4171 E NFC     : 	at com.android.server.camera.CameraServiceProxy.-$$Nest$mupdateActivityCount(CameraServiceProxy.java:0)
11-22 11:34:52.757  1814  4171 E NFC     : 	at com.android.server.camera.CameraServiceProxy$2.notifyCameraState(CameraServiceProxy.java:849)
11-22 11:34:52.757  1814  4171 E NFC     : 	at android.hardware.ICameraServiceProxy$Stub.onTransact(ICameraServiceProxy.java:160)
11-22 11:34:52.757  1814  4171 E NFC     : 	at android.os.Binder.execTransactInternal(Binder.java:1426)
11-22 11:34:52.757  1814  4171 E NFC     : 	at android.os.Binder.execTransact(Binder.java:1365)
11-22 11:34:52.757 28816 28816 W MCAM_ConfigChangeImpl: onLowBatteryNotification: don't ban flash
11-22 11:34:52.757 28816 28816 D MCAM_ConfigChangeImpl: onLowBatteryNotification: action = 0, isNeedBanFlash = false, configFlash.isBanned = false, isUpdateBanFlash = false, flashMode = 0
11-22 11:34:52.757 28816 28816 V MCAM_Camera@219936424: updateBattery currentModule not VideoBase
11-22 11:34:52.758  1814  2460 D ConnectivityService: requestNetwork for uid/pid:10678/2683 asUid: 10586 activeRequest: null callbackRequest: 790 [NetworkRequest [ REQUEST id=791, [ Capabilities: INTERNET&NOT_RESTRICTED&TRUSTED&NOT_VCN_MANAGED&NOT_BANDWIDTH_CONSTRAINED Uid: 10586 RequestorUid: 10678 RequestorPkg: com.android.systemui UnderlyingNetworks: Null] ]] callback flags: 0 order: 2147483647 isUidTracked: false declaredMethods: AVAIL|BLK
11-22 11:34:52.759  2953  2953 D VRI[NexusLauncherActivity]: visibilityChanged oldVisibility=true newVisibility=false
11-22 11:34:52.760  1282  1282 I RefreshRateSelector: Display 4630946545580055169 policy changed
11-22 11:34:52.760  1282  1282 I RefreshRateSelector: Previous: {defaultModeId=1, allowGroupSwitching=false, primaryRanges={physical=[0.00 Hz, 120.00 Hz], render=[0.00 Hz, 120.00 Hz]}, appRequestRanges={physical=[0.00 Hz, 120.00 Hz], render=[0.00 Hz, 120.00 Hz]} idleScreenConfig=nullptr}
11-22 11:34:52.760  1282  1282 I RefreshRateSelector: Current:  DisplayManagerPolicy{defaultModeId=0, allowGroupSwitching=false, primaryRanges={physical=[60.00 Hz, 120.00 Hz], render=[60.00 Hz, 60.00 Hz]}, appRequestRanges={physical=[60.00 Hz, 120.00 Hz], render=[60.00 Hz, 60.00 Hz]} idleScreenConfig=nullptr}
11-22 11:34:52.760  1282  1282 I RefreshRateSelector: 9 mode changes were performed under the previous policy
11-22 11:34:52.761  1282  1282 D DisplayModeController: setDesiredMode 4630946545580055169 {mode={fps=60.00 Hz, modePtr={id=0, vsyncRate=60.00 Hz, peakRefreshRate=60.00 Hz}}, emitEvent=true, force=false}
11-22 11:34:52.761  1814  1883 I DisplayDeviceRepository: Display device changed render timings: "Pantalla integrada", renderFrameRate=60.000004, presentationDeadlineNanos=16666666, appVsyncOffsetNanos=1000000, frameRateOverrides=[]
11-22 11:34:52.762  1814  2586 D ConnectivityService: NetReassign [791 : null  100] [c 0] [a 1] [i 3]
11-22 11:34:52.762  1814  2579 D WifiNetworkFactory: got request NetworkRequest [ REQUEST id=791, [ Capabilities: INTERNET&NOT_RESTRICTED&TRUSTED&NOT_VCN_MANAGED&NOT_BANDWIDTH_CONSTRAINED Uid: 10586 RequestorUid: 10678 RequestorPkg: com.android.systemui UnderlyingNetworks: Null] ]
11-22 11:34:52.762  1814  2579 D UntrustedWifiNetworkFactory: got request NetworkRequest [ REQUEST id=791, [ Capabilities: INTERNET&NOT_RESTRICTED&TRUSTED&NOT_VCN_MANAGED&NOT_BANDWIDTH_CONSTRAINED Uid: 10586 RequestorUid: 10678 RequestorPkg: com.android.systemui UnderlyingNetworks: Null] ]
11-22 11:34:52.762  1814  2579 D OemPaidWifiNetworkFactory: got request NetworkRequest [ REQUEST id=791, [ Capabilities: INTERNET&NOT_RESTRICTED&TRUSTED&NOT_VCN_MANAGED&NOT_BANDWIDTH_CONSTRAINED Uid: 10586 RequestorUid: 10678 RequestorPkg: com.android.systemui UnderlyingNetworks: Null] ]
11-22 11:34:52.762  1814  2579 D MultiInternetWifiNetworkFactory: got request NetworkRequest [ REQUEST id=791, [ Capabilities: INTERNET&NOT_RESTRICTED&TRUSTED&NOT_VCN_MANAGED&NOT_BANDWIDTH_CONSTRAINED Uid: 10586 RequestorUid: 10678 RequestorPkg: com.android.systemui UnderlyingNetworks: Null] ]
11-22 11:34:52.762  1085  1134 D audio_hw_primary: adev_set_parameters: enter: screen_state=on
11-22 11:34:52.762  1085  1134 V msm8974_platform: platform_set_parameters: enter: screen_state=on
11-22 11:34:52.762  1085  1134 D audio_hw_hfp: hfp_set_parameters: enter
11-22 11:34:52.763  1085  1134 D sound_trigger_hw: handle_screen_status_change: screen on
11-22 11:34:52.763  1085  1134 D audio_hw_hfp: hfp_set_parameters: enter
11-22 11:34:52.763  1085  1134 V a2dp_offload: end of a2dp setparam
11-22 11:34:52.763  1085  1134 D audio_hw_cspl_cal: cirrus_cal_setparameters: enter 0xe91c1b40
11-22 11:34:52.763  1085  1134 D audio_hw_extn: audio_extn_fm_set_parameters: Enter
11-22 11:34:52.763  1085  1134 D audio_hw_hfp: hfp_set_parameters: enter
11-22 11:34:52.763  1085  1134 V a2dp_offload: end of a2dp setparam
11-22 11:34:52.763  1085  1134 D audio_hw_primary: adev_set_parameters: exit with code(0)
11-22 11:34:52.763  1814  1881 D WindowManager: DeferredDisplayUpdater: partially applying DisplayInfo(1080 x 2340) immediately
11-22 11:34:52.764  2953  2953 D BaseDepthController: setSurface:
11-22 11:34:52.764  2953  2953 D BaseDepthController: 	mWaitingOnSurfaceValidity: false
11-22 11:34:52.764  2953  2953 D BaseDepthController: 	mBaseSurface: null
11-22 11:34:52.764  2953  2953 D BaseDepthController: mSurface is null and mCurrentBlur is: 0
11-22 11:34:52.765  2953  2953 D StateManager: goToState - fromState: Normal, toState: Normal, partial trace:
11-22 11:34:52.765  2953  2953 D StateManager: 	at com.android.launcher3.statemanager.StateManager.moveToRestState(go/retraceme 72a59688580715d19f0e415c69e80376c2f062d1648c80db6730905005a27c20:4)
11-22 11:34:52.765  2953  2953 D StateManager: 	at com.android.launcher3.statemanager.StateManager.moveToRestState(go/retraceme 72a59688580715d19f0e415c69e80376c2f062d1648c80db6730905005a27c20:1)
11-22 11:34:52.765  2953  2953 D StateManager: 	at com.android.launcher3.statemanager.StatefulActivity.onStop(go/retraceme 72a59688580715d19f0e415c69e80376c2f062d1648c80db6730905005a27c20:34)
11-22 11:34:52.765  2953  2953 D StatsLog: LAUNCHER_ONSTOP
11-22 11:34:52.766  2953  6470 D GmsPlayProvider: Forcefully shut down the binder channel
11-22 11:34:52.766  2953  2953 D StatsLog: LAUNCHER_GOOGLE_SEARCH_RESTORE_LIST_SIZE_AFTER_ACTIVITY_RESTART
11-22 11:34:52.766  2953  2953 D NexusLauncherModelDelegate: notifySmartspaceEvent: SmartspaceTargetEvent{mSmartspaceTarget=null, mSmartspaceActionId='null', mEventType=7}
11-22 11:34:52.770  2953  2953 D NexusLauncherModelDelegate: notifySmartspaceEvent: SmartspaceTargetEvent{mSmartspaceTarget=null, mSmartspaceActionId='null', mEventType=7}
11-22 11:34:52.778  1271  3008 W ServiceManagerCppClient: Waited one second for stats (is service started? Number of threads started in the threadpool: 6. Are binder threads started and available?)
11-22 11:34:52.780   669   669 I hwservicemanager: getTransport: Cannot find entry vendor.qti.hardware.servicetracker@1.2::IServicetracker/default in either framework or device VINTF manifest.
11-22 11:34:52.780  1814  2458 W ActivityTaskManager: servicetracker HIDL not available
11-22 11:34:52.780  1814  2458 E ActivityTaskManager: Unable to get servicetracker HAL instance
11-22 11:34:52.780   669   669 I hwservicemanager: getTransport: Cannot find entry vendor.qti.hardware.servicetracker@1.2::IServicetracker/default in either framework or device VINTF manifest.
11-22 11:34:52.781  1814  2458 W ActivityTaskManager: servicetracker HIDL not available
11-22 11:34:52.781  1814  2458 E ActivityTaskManager: Unable to get servicetracker HAL instance
11-22 11:34:52.781  1814  2629 D BackgroundInstallControlService: Package event received: 0
11-22 11:34:52.787  1814  2586 D ConnectivityService: NetReassign [no changes] [c 0] [a 0] [i 1]
11-22 11:34:52.794 28816 28938 W XMPush-28816: [Tid:137] sdk_version = 5_9_6-C
11-22 11:34:52.794   669   669 I hwservicemanager: getTransport: Cannot find entry vendor.qti.hardware.servicetracker@1.0::IServicetracker/default in either framework or device VINTF manifest.
11-22 11:34:52.794 28816 28938 D MiPushInitializer: [Tid:137] sdk_version = 5_9_6-C
11-22 11:34:52.795  1814  2629 D BackgroundInstallControlService: Package event received: 0
11-22 11:34:52.796   669   669 I hwservicemanager: getTransport: Cannot find entry vendor.qti.hardware.servicetracker@1.0::IServicetracker/default in either framework or device VINTF manifest.
11-22 11:34:52.796 28816 28938 D MiPushInitializer: [Tid:137] loadClass fail hasContext= true, errMsg = com.bun.miitmdid.core.JLibrary
11-22 11:34:52.797 28816 28938 D MiPushInitializer: [Tid:137] mdid:check error java.lang.ClassNotFoundException: loadClass fail 
11-22 11:34:52.797 28816 28938 D MiPushInitializer: [Tid:137] create id manager is: 0
11-22 11:34:52.799 28816 28938 W XMPush-28816: [Tid:137] register invalid, aid=true;atn=true;rid=false;rse=false;did=false
11-22 11:34:52.799 28816 28937 W XMPush-28816: [Tid:136] register invalid, aid=true;atn=true;rid=false;rse=false;did=false
11-22 11:34:52.799 28816 28938 D MiPushInitializer: [Tid:137] register invalid, aid=true;atn=true;rid=false;rse=false;did=false
11-22 11:34:52.799 28816 28937 D MiPushInitializer: [Tid:136] register invalid, aid=true;atn=true;rid=false;rse=false;did=false
11-22 11:34:52.800 24963 28939 V XMPush-24963: [Tid:97] [Job] Init Job
11-22 11:34:52.800 24963 28939 V XMPush-24963: [Tid:97] [XMPushService] region of cache is China
11-22 11:34:52.801 28816 28849 I MCAM_AssetsUtils: assets_copied exists and version check pass
11-22 11:34:52.801 24963 28939 V XMPush-24963: [Tid:97] [XMPushService] after check, appRegion is China, countryCode=CN
11-22 11:34:52.801 24963 28939 V XMPush-24963: [Tid:97] [XMPushService] -->postOnCreate(): try trigger connect now
11-22 11:34:52.801 28816 28849 D MCAM_CCW_WmManager: getWaterMarkGroups: 
11-22 11:34:52.801 24963 28939 V XMPush-24963: [Tid:97] [Job] prepare the mi push account.
11-22 11:34:52.801 28816 28849 D MCAM_CCW_WmManager: initData: E
11-22 11:34:52.801 24963 24963 W XMPush-24963: [Tid:2] XMPushService created. pid=24963, uid=10586, vc=630017500, uuid=
11-22 11:34:52.801 24963 24963 V XMPush-24963: [Tid:2] XMPushService created. pid=24963, uid=10586, vc=630017500, uuid=
11-22 11:34:52.801 28816 28849 D MCAM_FileUtil: group list assets_copied, classic, disney, film, leica, ranges.json, standard, tag, version
11-22 11:34:52.801 28816 28849 D MCAM_CCW_WatermarkGroup: init config: /storage/emulated/0/Android/data/com.android.camera/files/watermarks/classic/config.json
11-22 11:34:52.802 24963 28939 V XMPush-24963: [Tid:97] loadClass fail hasContext= true, errMsg = miui.os.Build
11-22 11:34:52.802 24963 28939 W XMPush-24963: [Tid:97] not conn, net=true;cnt=false;!dis=true;enb=true;!spm=true;
11-22 11:34:52.802 24963 28939 V XMPush-24963: [Tid:97] not conn, net=true;cnt=false;!dis=true;enb=true;!spm=true;
11-22 11:34:52.802 28816 28849 D MCAM_FileUtil: watermark list 17, 18, 19, 20, 21, 22, 23, 71, 72, config.json, i18n.json, img_setting_base.webp
11-22 11:34:52.802 28816 28849 D MCAM_CCW_WmTranslator: init: /storage/emulated/0/Android/data/com.android.camera/files/watermarks/classic/17/i18n.json
11-22 11:34:52.803  1814  2586 D ConnectivityService: NetReassign [no changes] [c 1] [a 0] [i 1]
11-22 11:34:52.804 28816 28849 D MCAM_CCW_MarketName: marketName = [[Mi, 10]]
11-22 11:34:52.804 28816 28849 D MCAM_CCW_WaterMarkConfig: init: /storage/emulated/0/Android/data/com.android.camera/files/watermarks/classic/17/config.json
11-22 11:34:52.804 24963 24963 V XMPush-24963: [Tid:2] [XMPushService] onStart() with intent.Action = android.net.conn.CONNECTIVITY_CHANGE, chid = null, pkg = null|null, intent = Intent { act=android.net.conn.CONNECTIVITY_CHANGE flg=0x4200010 xflg=0x4 (has extras) } Bundle[networkInfo=[type: MOBILE[LTE], state: CONNECTED/CONNECTED, reason: (unspecified), extra: internet.digi.es, failover: false, available: true, roaming: false], networkType=0, inetCondition=0, extraInfo=internet.digi.es]
11-22 11:34:52.805 28360 28369 D NfcService: setReaderMode: uid=1000, packageName: android, flags: 4096
11-22 11:34:52.805 28360 28369 E NfcService: setReaderMode: called with invalid flag parameter.
11-22 11:34:52.805 28816 28849 D MCAM_CCW_WatermarkMeta: parseConfig: 1.0
11-22 11:34:52.805 28816 28849 D MCAM_CCW_WatermarkMeta: parseConfig: time = 0.18375 ms
11-22 11:34:52.805 28816 28849 D MCAM_CCW_WmLayoutConfig: keyLayout:layout id = all_content
11-22 11:34:52.807 28816 28849 D MCAM_CCW_WatermarkLayout: id =src_image_view  type =ImageView
11-22 11:34:52.807 24963 28939 V XMPush-24963: [Tid:97] [Job] Handle intent action = android.net.conn.CONNECTIVITY_CHANGE
11-22 11:34:52.807 28816 28849 D MCAM_CCW_WatermarkLayout: id =bottom_padding1  type =Layout
11-22 11:34:52.807 28816 28849 D MCAM_CCW_WatermarkLayout: id =bottom_layout  type =Layout
11-22 11:34:52.807 28816 28849 D MCAM_CCW_WatermarkLayout: id =left_bottom_group  type =Layout
11-22 11:34:52.808 28816 28849 D MCAM_CCW_WatermarkLayout: id =logo  type =ImageView
11-22 11:34:52.808 28816 28849 D MCAM_CCW_WatermarkLayout: id =model  type =TextView
11-22 11:34:52.808 28816 28849 D MCAM_CCW_MarketName: marketName = [[Mi, 10]]
11-22 11:34:52.808 24963 28939 V XMPush-24963: [Tid:97] [XMPushService] network changed,[type: MOBILE[LTE], state: CONNECTED/CONNECTED
11-22 11:34:52.808 28816 28849 D MCAM_CCW_WmModelView: logo&brand = *XIAOMI 10*    brandData.series = *10*    brandData.versionNumber = **    brandData.colorVersionNumber = **    brandData.versionName = **
11-22 11:34:52.809 28816 28849 D MCAM_CCW_WmModelView: updateModelString:  10
11-22 11:34:52.809 28816 28849 D MCAM_CCW_WatermarkLayout: id =model_versionName  type =TextView
11-22 11:34:52.810  1100  2074 E CamX    : [ERROR][SENSOR ] camxoisdata.cpp:437 CreateOISModeCmd() [OISEIS] m_MaxOisFilterX=0x1756,m_MaxOisFilterY=0x1756
11-22 11:34:52.811 24963 28939 V XMPush-24963: [Tid:97] loadClass fail hasContext= true, errMsg = miui.os.Build
11-22 11:34:52.811 28816 28849 D MCAM_CCW_MarketName: marketName = [[Mi, 10]]
11-22 11:34:52.811 24963 28939 W XMPush-24963: [Tid:97] not conn, net=true;cnt=false;!dis=true;enb=true;!spm=true;
11-22 11:34:52.812 24963 28939 V XMPush-24963: [Tid:97] not conn, net=true;cnt=false;!dis=true;enb=true;!spm=true;
11-22 11:34:52.812 24963 28939 V XMPush-24963: [Tid:97] [Alarm] stop alarm.
11-22 11:34:52.812 24963 28939 V XMPush-24963: [Tid:97] [Job] do reconnect..
11-22 11:34:52.812 28816 28849 D MCAM_CCW_WmModelView: logo&brand = *XIAOMI 10*    brandData.series = *10*    brandData.versionNumber = **    brandData.colorVersionNumber = **    brandData.versionName = **
11-22 11:34:52.812 28816 28849 D MCAM_CCW_WmModelView: updateModelString: 
11-22 11:34:52.812 28816 28849 D MCAM_CCW_WatermarkLayout: id =right_bottom_group  type =Layout
11-22 11:34:52.812 28816 28849 D MCAM_CCW_WatermarkLayout: id =exif_group  type =Layout
11-22 11:34:52.812 28816 28849 D MCAM_CCW_WatermarkLayout: id =exif_mm  type =TextView
11-22 11:34:52.812 24963 28939 V XMPush-24963: [Tid:97] loadClass fail hasContext= true, errMsg = miui.os.Build
11-22 11:34:52.812 24963 28939 W XMPush-24963: [Tid:97] not conn, net=true;cnt=false;!dis=true;enb=true;!spm=true;
11-22 11:34:52.812 24963 28939 V XMPush-24963: [Tid:97] not conn, net=true;cnt=false;!dis=true;enb=true;!spm=true;
11-22 11:34:52.812 24963 28939 V XMPush-24963: [Tid:97] should not connect. quit the job.
11-22 11:34:52.812 28816 28849 D MCAM_CCW_WmExifView: updateExifString start: @{focal}mm (focal:35 aperture:1.8 speed:1/60 iso:200)
11-22 11:34:52.812 28816 28849 D MCAM_CCW_WmExifView: updateExifString end: 35mm
11-22 11:34:52.812 28816 28849 D MCAM_CCW_WatermarkLayout: id =mm_line_layout  type =Layout
11-22 11:34:52.813 28816 28849 D MCAM_CCW_WatermarkLayout: id =exif_f  type =TextView
11-22 11:34:52.813 28816 28849 D MCAM_CCW_WmExifView: updateExifString start: f/@{aperture} (focal:35 aperture:1.8 speed:1/60 iso:200)
11-22 11:34:52.814 28816 28849 D MCAM_CCW_WmExifView: updateExifString end: f/1.8
11-22 11:34:52.814 28816 28849 D MCAM_CCW_WatermarkLayout: id =f_line_layout  type =Layout
11-22 11:34:52.816 28816 28849 D MCAM_CCW_WatermarkLayout: id =exif_s  type =TextView
11-22 11:34:52.816 28816 28849 D MCAM_CCW_WmExifView: updateExifString start: @{speed}s (focal:35 aperture:1.8 speed:1/60 iso:200)
11-22 11:34:52.816 28816 28849 D MCAM_CCW_WmExifView: updateExifString end: 1/60s
11-22 11:34:52.816 28816 28849 D MCAM_CCW_WatermarkLayout: id =s_line_layout  type =Layout
11-22 11:34:52.816 28816 28849 D MCAM_CCW_WatermarkLayout: id =exif_iso  type =TextView
11-22 11:34:52.816 28816 28849 D MCAM_CCW_WmExifView: updateExifString start: ISO@{iso} (focal:35 aperture:1.8 speed:1/60 iso:200)
11-22 11:34:52.817 28816 28849 D MCAM_CCW_WmExifView: updateExifString end: ISO200
11-22 11:34:52.817 28816 28849 D MCAM_CCW_WatermarkLayout: id =time_location_group  type =Layout
11-22 11:34:52.817 28816 28849 D MCAM_CCW_WatermarkLayout: id =time  type =TextView
11-22 11:34:52.819 24963 24963 V XMPush-24963: [Tid:2] [XMPushService] onStart() with intent.Action = null, chid = null, pkg = null|com.android.camera
11-22 11:34:52.819 28816 28938 W XMPush-28816: [Tid:137] register invalid, aid=true;atn=true;rid=false;rse=false;did=false
11-22 11:34:52.819 28816 28938 D MiPushInitializer: [Tid:137] register invalid, aid=true;atn=true;rid=false;rse=false;did=false
11-22 11:34:52.820 28816 28938 D MiPushInitializer: [Tid:137] Don't send message before initialization succeeded!
11-22 11:34:52.821 28816 28849 D MCAM_CCW_WatermarkLayout: id =location  type =TextView
11-22 11:34:52.821 28816 28849 D MCAM_CCW_WatermarkLayout: id =bottom_padding2  type =Layout
11-22 11:34:52.822 28816 28938 W libc    : Access denied finding property "ro.vendor.oplus.regionmark"
11-22 11:34:52.822 28816 28938 D MiPushInitializer: [Tid:137] locale.default.country = ES
11-22 11:34:52.822 24963 24963 V XMPush-24963: [Tid:2] [XMPushService] onStart() with intent.Action = com.xiaomi.mipush.CLEAR_NOTIFICATION, chid = null, pkg = com.android.camera|com.android.camera
11-22 11:34:52.822 28816 28849 D MCAM_CCW_WatermarkItem: initconfig cost: 18
11-22 11:34:52.823 28816 28938 D MiPushInitializer: [Tid:137] loadClass fail hasContext= false, errMsg = miui.os.Build
11-22 11:34:52.823 24963 28939 V XMPush-24963: [Tid:97] [Job] Handle intent action = com.xiaomi.mipush.CLEAR_NOTIFICATION
11-22 11:34:52.824 28816 28849 D MCAM_CCW_WmUserConfig: saveWatermark: 17
11-22 11:34:52.824 28816 28938 W XMPush-28816: [Tid:137] register invalid, aid=true;atn=true;rid=false;rse=false;did=false
11-22 11:34:52.824 28816 28849 D MCAM_CCW_WmUserConfig: init config, path:/storage/emulated/0/Android/data/com.android.camera/files/watermarks/classic/17/userData/current/userConfig.json, watermarkId:17
11-22 11:34:52.824 28816 28938 D MiPushInitializer: [Tid:137] register invalid, aid=true;atn=true;rid=false;rse=false;did=false
11-22 11:34:52.824 28816 28938 D MiPushInitializer: [Tid:137] Don't send message before initialization succeeded!
11-22 11:34:52.824 28816 28849 D MCAM_CCW_WmTranslator: init: /storage/emulated/0/Android/data/com.android.camera/files/watermarks/classic/18/i18n.json
11-22 11:34:52.825 28816 28849 D MCAM_CCW_MarketName: marketName = [[Mi, 10]]
11-22 11:34:52.825 28816 28849 D MCAM_CCW_WaterMarkConfig: init: /storage/emulated/0/Android/data/com.android.camera/files/watermarks/classic/18/config.json
11-22 11:34:52.825 24963 24963 V XMPush-24963: [Tid:2] [XMPushService] onStart() with intent.Action = com.xiaomi.mipush.REGISTER_APP, chid = null, pkg = null|com.android.camera
11-22 11:34:52.825 28816 28849 D MCAM_CCW_WatermarkMeta: parseConfig: 2.0
11-22 11:34:52.825 28816 28938 W XMPush-28816: [Tid:137] register invalid, aid=true;atn=true;rid=false;rse=false;did=false
11-22 11:34:52.826 28816 28849 D MCAM_CCW_WatermarkMeta: parseConfig: time = 0.063229 ms
11-22 11:34:52.826 28816 28938 D MiPushInitializer: [Tid:137] register invalid, aid=true;atn=true;rid=false;rse=false;did=false
11-22 11:34:52.826 28816 28849 D MCAM_CCW_WmLayoutConfig: keyLayout:layout id = all_content
11-22 11:34:52.826 28816 28938 D MiPushInitializer: [Tid:137] Don't send message before initialization succeeded!
11-22 11:34:52.826 24963 28939 V XMPush-24963: [Tid:97] [Job] Handle intent action = com.xiaomi.mipush.REGISTER_APP
11-22 11:34:52.826 28816 28849 D MCAM_CCW_WatermarkLayout: id =left_padding  type =Layout
11-22 11:34:52.826 28816 28849 D MCAM_CCW_WatermarkLayout: id =content_layout  type =Layout
11-22 11:34:52.826 28816 28849 D MCAM_CCW_WatermarkLayout: id =top_padding  type =Layout
11-22 11:34:52.826 28816 28849 D MCAM_CCW_WatermarkLayout: id =src_image_view  type =ImageView
11-22 11:34:52.826 24963 28939 V XMPush-24963: [Tid:97] loadClass fail hasContext= false, errMsg = miui.os.Build
11-22 11:34:52.826 24963 24963 V XMPush-24963: [Tid:2] [XMPushService] onStart() with intent.Action = action_cr_config, chid = null, pkg = null|com.android.camera
11-22 11:34:52.826 28816 28849 D MCAM_CCW_WatermarkLayout: id =bottom_padding1  type =Layout
11-22 11:34:52.826 24963 28939 V XMPush-24963: [Tid:97] [Job] register app
11-22 11:34:52.827 28816 28849 D MCAM_CCW_WatermarkLayout: id =bottom_layout  type =Layout
11-22 11:34:52.827 28816 28849 D MCAM_CCW_WatermarkLayout: id =left_bottom_group  type =Layout
11-22 11:34:52.827 28816 28849 D MCAM_CCW_WatermarkLayout: id =logo  type =ImageView
11-22 11:34:52.827 24963 28939 W libc    : Access denied finding property "ro.vendor.oplus.regionmark"
11-22 11:34:52.827 24963 28939 V XMPush-24963: [Tid:97] locale.default.country = ES
11-22 11:34:52.827 28816 28849 D MCAM_CCW_WatermarkLayout: id =model  type =TextView
11-22 11:34:52.827 28816 28849 D MCAM_CCW_MarketName: marketName = [[Mi, 10]]
11-22 11:34:52.827 28816 28849 D MCAM_CCW_WmModelView: logo&brand = *XIAOMI 10*    brandData.series = *10*    brandData.versionNumber = **    brandData.colorVersionNumber = **    brandData.versionName = **
11-22 11:34:52.827 28816 28849 D MCAM_CCW_WmModelView: updateModelString:  10
11-22 11:34:52.827 28816 28849 D MCAM_CCW_WatermarkLayout: id =model_versionName  type =TextView
11-22 11:34:52.828 28816 28849 D MCAM_CCW_MarketName: marketName = [[Mi, 10]]
11-22 11:34:52.828 28816 28849 D MCAM_CCW_WmModelView: logo&brand = *XIAOMI 10*    brandData.series = *10*    brandData.versionNumber = **    brandData.colorVersionNumber = **    brandData.versionName = **
11-22 11:34:52.828 28816 28849 D MCAM_CCW_WmModelView: updateModelString: 
11-22 11:34:52.828 28816 28849 D MCAM_CCW_WatermarkLayout: id =right_bottom_group  type =Layout
11-22 11:34:52.828 28816 28849 D MCAM_CCW_WatermarkLayout: id =exif_group  type =Layout
11-22 11:34:52.828 28816 28849 D MCAM_CCW_WatermarkLayout: id =exif_mm  type =TextView
11-22 11:34:52.828 28816 28849 D MCAM_CCW_WmExifView: updateExifString start: @{focal}mm (focal:35 aperture:1.8 speed:1/60 iso:200)
11-22 11:34:52.828 28816 28849 D MCAM_CCW_WmExifView: updateExifString end: 35mm
11-22 11:34:52.828 28816 28849 D MCAM_CCW_WatermarkLayout: id =mm_line_layout  type =Layout
11-22 11:34:52.828 28816 28849 D MCAM_CCW_WatermarkLayout: id =exif_f  type =TextView
11-22 11:34:52.829 28816 28849 D MCAM_CCW_WmExifView: updateExifString start: f/@{aperture} (focal:35 aperture:1.8 speed:1/60 iso:200)
11-22 11:34:52.829 28816 28849 D MCAM_CCW_WmExifView: updateExifString end: f/1.8
11-22 11:34:52.829 28816 28849 D MCAM_CCW_WatermarkLayout: id =f_line_layout  type =Layout
11-22 11:34:52.829 28816 28849 D MCAM_CCW_WatermarkLayout: id =exif_s  type =TextView
11-22 11:34:52.829 28816 28849 D MCAM_CCW_WmExifView: updateExifString start: @{speed}s (focal:35 aperture:1.8 speed:1/60 iso:200)
11-22 11:34:52.829 28816 28849 D MCAM_CCW_WmExifView: updateExifString end: 1/60s
11-22 11:34:52.829 28816 28849 D MCAM_CCW_WatermarkLayout: id =s_line_layout  type =Layout
11-22 11:34:52.829 28816 28849 D MCAM_CCW_WatermarkLayout: id =exif_iso  type =TextView
11-22 11:34:52.829 28816 28849 D MCAM_CCW_WmExifView: updateExifString start: ISO@{iso} (focal:35 aperture:1.8 speed:1/60 iso:200)
11-22 11:34:52.829 28816 28849 D MCAM_CCW_WmExifView: updateExifString end: ISO200
11-22 11:34:52.829 28816 28849 D MCAM_CCW_WatermarkLayout: id =time_location_group  type =Layout
11-22 11:34:52.829 28816 28849 D MCAM_CCW_WatermarkLayout: id =time  type =TextView
11-22 11:34:52.830 28816 28849 D MCAM_CCW_WatermarkLayout: id =location  type =TextView
11-22 11:34:52.830 28816 28849 D MCAM_CCW_WatermarkLayout: id =bottom_padding2  type =Layout
11-22 11:34:52.830 28816 28849 D MCAM_CCW_WatermarkLayout: id =right_padding  type =Layout
11-22 11:34:52.831 28816 28849 D MCAM_CCW_WatermarkItem: initconfig cost: 6
11-22 11:34:52.832 28816 28849 D MCAM_CCW_WmUserConfig: saveWatermark: 18
11-22 11:34:52.832 28816 28849 D MCAM_CCW_WmUserConfig: init config, path:/storage/emulated/0/Android/data/com.android.camera/files/watermarks/classic/18/userData/current/userConfig.json, watermarkId:18
11-22 11:34:52.832 28816 28849 D MCAM_CCW_WmTranslator: init: /storage/emulated/0/Android/data/com.android.camera/files/watermarks/classic/19/i18n.json
11-22 11:34:52.833 28816 28849 D MCAM_CCW_MarketName: marketName = [[Mi, 10]]
11-22 11:34:52.833 28816 28849 D MCAM_CCW_WaterMarkConfig: init: /storage/emulated/0/Android/data/com.android.camera/files/watermarks/classic/19/config.json
11-22 11:34:52.833 28816 28849 D MCAM_CCW_WatermarkMeta: parseConfig: 3.0
11-22 11:34:52.833 28816 28849 D MCAM_CCW_WatermarkMeta: parseConfig: time = 0.081355 ms
11-22 11:34:52.833 28816 28849 D MCAM_CCW_WmLayoutConfig: keyLayout:layout id = all_content
11-22 11:34:52.833 28816 28849 D MCAM_CCW_WatermarkLayout: id =src_image_view  type =ImageView
11-22 11:34:52.834 28816 28849 D MCAM_CCW_WatermarkLayout: id =watermark_container  type =Layout
11-22 11:34:52.834 28816 28849 D MCAM_CCW_WatermarkLayout: id =right_bottom_group  type =Layout
11-22 11:34:52.834 28816 28849 D MCAM_CCW_WatermarkLayout: id =exif_time_location_group  type =Layout
11-22 11:34:52.834 28816 28849 D MCAM_CCW_WatermarkLayout: id =exif  type =TextView
11-22 11:34:52.834 28816 28849 D MCAM_CCW_WmExifView: updateExifString start: @{focal}mm  f/@{aperture}  @{speed}s  ISO@{iso} (focal:35 aperture:1.8 speed:1/60 iso:200)
11-22 11:34:52.834 28816 28849 D MCAM_CCW_WmExifView: updateExifString end: 35mm  f/1.8  1/60s  ISO200
11-22 11:34:52.834 28816 28849 D MCAM_CCW_WatermarkLayout: id =time_location_group  type =Layout
11-22 11:34:52.834 28816 28849 D MCAM_CCW_WatermarkLayout: id =time  type =TextView
11-22 11:34:52.835 28816 28849 D MCAM_CCW_WatermarkLayout: id =location  type =TextView
11-22 11:34:52.835 28816 28849 D MCAM_CCW_WatermarkLayout: id =left_bottom_group  type =Layout
11-22 11:34:52.835 28816 28849 D MCAM_CCW_WatermarkLayout: id =brand_layout  type =Layout
11-22 11:34:52.835 28816 28849 D MCAM_CCW_WatermarkLayout: id =logo  type =ImageView
11-22 11:34:52.835 28816 28849 D MCAM_CCW_WatermarkLayout: id =model  type =TextView
11-22 11:34:52.835 28816 28849 D MCAM_CCW_MarketName: marketName = [[Mi, 10]]
11-22 11:34:52.836 28816 28849 D MCAM_CCW_WmModelView: logo&brand = *XIAOMI 10*    brandData.series = *10*    brandData.versionNumber = **    brandData.colorVersionNumber = **    brandData.versionName = **
11-22 11:34:52.836 28816 28849 D MCAM_CCW_WmModelView: updateModelString:  10
11-22 11:34:52.836 28816 28849 D MCAM_CCW_WatermarkLayout: id =model_versionName  type =TextView
11-22 11:34:52.836 28816 28849 D MCAM_CCW_MarketName: marketName = [[Mi, 10]]
11-22 11:34:52.836 28816 28849 D MCAM_CCW_WmModelView: logo&brand = *XIAOMI 10*    brandData.series = *10*    brandData.versionNumber = **    brandData.colorVersionNumber = **    brandData.versionName = **
11-22 11:34:52.836 28816 28849 D MCAM_CCW_WmModelView: updateModelString: 
11-22 11:34:52.836 28816 28849 D MCAM_CCW_WatermarkLayout: id =space_layout  type =Layout
11-22 11:34:52.837 28816 28849 D MCAM_CCW_WatermarkItem: initconfig cost: 4
11-22 11:34:52.837  1100 28882 E libprotobuf-native: [libprotobuf ERROR external/protobuf/src/google/protobuf/message_lite.cc:123] Can't parse message of type "sns_flicker_event" because it is missing required fields: (cannot determine missing fields for lite message)
11-22 11:34:52.838 28816 28849 D MCAM_CCW_WmUserConfig: saveWatermark: 19
11-22 11:34:52.838 28816 28849 D MCAM_CCW_WmUserConfig: init config, path:/storage/emulated/0/Android/data/com.android.camera/files/watermarks/classic/19/userData/current/userConfig.json, watermarkId:19
11-22 11:34:52.838  1100  2085 E libprotobuf-native: [libprotobuf ERROR external/protobuf/src/google/protobuf/message_lite.cc:123] Can't parse message of type "sns_flicker_event" because it is missing required fields: (cannot determine missing fields for lite message)
11-22 11:34:52.838 28816 28849 D MCAM_CCW_WmTranslator: init: /storage/emulated/0/Android/data/com.android.camera/files/watermarks/classic/20/i18n.json
11-22 11:34:52.839 28816 28849 D MCAM_CCW_MarketName: marketName = [[Mi, 10]]
11-22 11:34:52.839 28816 28849 D MCAM_CCW_WaterMarkConfig: init: /storage/emulated/0/Android/data/com.android.camera/files/watermarks/classic/20/config.json
11-22 11:34:52.839 28816 28849 D MCAM_CCW_WatermarkMeta: parseConfig: 4.0
11-22 11:34:52.839 28816 28849 D MCAM_CCW_WatermarkMeta: parseConfig: time = 0.071458 ms
11-22 11:34:52.839 28816 28849 D MCAM_CCW_WmLayoutConfig: keyLayout:layout id = all_content
11-22 11:34:52.839 28816 28849 D MCAM_CCW_WatermarkLayout: id =src_image_view  type =ImageView
11-22 11:34:52.840 28816 28849 D MCAM_CCW_WatermarkLayout: id =bottom_padding1  type =Layout
11-22 11:34:52.840 28816 28849 D MCAM_CCW_WatermarkLayout: id =bottom_padding2  type =Layout
11-22 11:34:52.840 28816 28849 D MCAM_CCW_WatermarkLayout: id =bottom_layout  type =Layout
11-22 11:34:52.840 28816 28849 D MCAM_CCW_WatermarkLayout: id =left_bottom_group  type =Layout
11-22 11:34:52.840 28816 28849 D MCAM_CCW_WatermarkLayout: id =logo  type =ImageView
11-22 11:34:52.841 28816 28849 D MCAM_CCW_WatermarkLayout: id =model  type =TextView
11-22 11:34:52.841 28816 28849 D MCAM_CCW_MarketName: marketName = [[Mi, 10]]
11-22 11:34:52.841 28816 28849 D MCAM_CCW_WmModelView: logo&brand = *XIAOMI 10*    brandData.series = *10*    brandData.versionNumber = **    brandData.colorVersionNumber = **    brandData.versionName = **
11-22 11:34:52.841 28816 28849 D MCAM_CCW_WmModelView: updateModelString:  10
11-22 11:34:52.841 28816 28849 D MCAM_CCW_WatermarkLayout: id =model_versionName  type =TextView
11-22 11:34:52.841 28816 28849 D MCAM_CCW_MarketName: marketName = [[Mi, 10]]
11-22 11:34:52.842 28816 28849 D MCAM_CCW_WmModelView: logo&brand = *XIAOMI 10*    brandData.series = *10*    brandData.versionNumber = **    brandData.colorVersionNumber = **    brandData.versionName = **
11-22 11:34:52.842 28816 28849 D MCAM_CCW_WmModelView: updateModelString: 
11-22 11:34:52.842 28816 28849 D MCAM_CCW_WatermarkLayout: id =right_bottom_group  type =Layout
11-22 11:34:52.842 28816 28849 D MCAM_CCW_WatermarkLayout: id =exif_group  type =Layout
11-22 11:34:52.842 28816 28849 D MCAM_CCW_WatermarkLayout: id =exif  type =TextView
11-22 11:34:52.842 28816 28849 D MCAM_CCW_WmExifView: updateExifString start: @{focal}mm  f/@{aperture}  @{speed}s  ISO@{iso} (focal:35 aperture:1.8 speed:1/60 iso:200)
11-22 11:34:52.842 28816 28849 D MCAM_CCW_WmExifView: updateExifString end: 35mm  f/1.8  1/60s  ISO200
11-22 11:34:52.842 28816 28849 D MCAM_CCW_WatermarkLayout: id =time_location_group  type =Layout
11-22 11:34:52.842 28816 28849 D MCAM_CCW_WatermarkLayout: id =time  type =TextView
11-22 11:34:52.843 28816 28849 D MCAM_CCW_WatermarkLayout: id =location  type =TextView
11-22 11:34:52.843 28816 28849 D MCAM_CCW_WatermarkLayout: id =bottom_padding3  type =Layout
11-22 11:34:52.843 28816 28849 D MCAM_CCW_WatermarkItem: initconfig cost: 4
11-22 11:34:52.845 28816 28849 D MCAM_CCW_WmUserConfig: saveWatermark: 20
11-22 11:34:52.845 28816 28849 D MCAM_CCW_WmUserConfig: init config, path:/storage/emulated/0/Android/data/com.android.camera/files/watermarks/classic/20/userData/current/userConfig.json, watermarkId:20
11-22 11:34:52.845 28816 28849 D MCAM_CCW_WmTranslator: init: /storage/emulated/0/Android/data/com.android.camera/files/watermarks/classic/21/i18n.json
11-22 11:34:52.846 28816 28849 D MCAM_CCW_MarketName: marketName = [[Mi, 10]]
11-22 11:34:52.846 28816 28849 D MCAM_CCW_WaterMarkConfig: init: /storage/emulated/0/Android/data/com.android.camera/files/watermarks/classic/21/config.json
11-22 11:34:52.846  1814  1864 W System  : A resource failed to call release. 
11-22 11:34:52.846 28816 28849 D MCAM_CCW_WatermarkMeta: parseConfig: 5.0
11-22 11:34:52.846 28816 28849 D MCAM_CCW_WatermarkMeta: parseConfig: time = 0.05875 ms
11-22 11:34:52.846  1814  1864 W System  : A resource failed to call release. 
11-22 11:34:52.846 28816 28849 D MCAM_CCW_WmLayoutConfig: keyLayout:layout id = all_content
11-22 11:34:52.846 28816 28849 D MCAM_CCW_WatermarkLayout: id =src_image_view  type =ImageView
11-22 11:34:52.846  1814  1864 W System  : A resource failed to call release. 
11-22 11:34:52.846 28816 28849 D MCAM_CCW_WatermarkLayout: id =bottom_content  type =Layout
11-22 11:34:52.846 28816 28849 D MCAM_CCW_WatermarkLayout: id =left_bottom_group  type =Layout
11-22 11:34:52.847 28816 28849 D MCAM_CCW_WatermarkLayout: id =custom_icon_layout  type =Layout
11-22 11:34:52.847 28816 28849 D MCAM_CCW_WatermarkLayout: id =custom_icon  type =ImageView
11-22 11:34:52.847 28816 28849 D MCAM_CCW_WatermarkLayout: id =space_layout  type =Layout
11-22 11:34:52.847 28816 28849 D MCAM_CCW_WatermarkLayout: id =brand_time_layout  type =Layout
11-22 11:34:52.847 28816 28849 D MCAM_CCW_WatermarkLayout: id =brand_layout  type =Layout
11-22 11:34:52.847 28816 28849 D MCAM_CCW_WatermarkLayout: id =logo_model_versionName  type =Layout
11-22 11:34:52.847 28816 28849 D MCAM_CCW_WatermarkLayout: id =logo  type =ImageView
11-22 11:34:52.847 28816 28849 D MCAM_CCW_WatermarkLayout: id =model  type =TextView
11-22 11:34:52.848 28816 28849 D MCAM_CCW_MarketName: marketName = [[Mi, 10]]
11-22 11:34:52.848 28816 28849 D MCAM_CCW_WmModelView: logo&brand = *XIAOMI 10*    brandData.series = *10*    brandData.versionNumber = **    brandData.colorVersionNumber = **    brandData.versionName = **
11-22 11:34:52.848 28816 28849 D MCAM_CCW_WmModelView: updateModelString:  10
11-22 11:34:52.848 28816 28849 D MCAM_CCW_WatermarkLayout: id =model_versionName  type =TextView
11-22 11:34:52.848 28816 28849 D MCAM_CCW_MarketName: marketName = [[Mi, 10]]
11-22 11:34:52.848 28816 28849 D MCAM_CCW_WmModelView: logo&brand = *XIAOMI 10*    brandData.series = *10*    brandData.versionNumber = **    brandData.colorVersionNumber = **    brandData.versionName = **
11-22 11:34:52.848 28816 28849 D MCAM_CCW_WmModelView: updateModelString: 
11-22 11:34:52.848 28816 28849 D MCAM_CCW_WatermarkLayout: id =time_layout  type =Layout
11-22 11:34:52.849 28816 28849 D MCAM_CCW_WatermarkLayout: id =time  type =TextView
11-22 11:34:52.849 28816 28849 D MCAM_CCW_WatermarkLayout: id =right_bottom_group  type =Layout
11-22 11:34:52.849 28816 28849 D MCAM_CCW_WatermarkLayout: id =exif_layout  type =Layout
11-22 11:34:52.849 28816 28849 D MCAM_CCW_WatermarkLayout: id =exif_padding1  type =Layout
11-22 11:34:52.849 28816 28849 D MCAM_CCW_WatermarkLayout: id =exif  type =TextView
11-22 11:34:52.849 28816 28849 D MCAM_CCW_WmExifView: updateExifString start: @{focal}mm  f/@{aperture}  @{speed}s  ISO@{iso} (focal:35 aperture:1.8 speed:1/60 iso:200)
11-22 11:34:52.849 28816 28849 D MCAM_CCW_WmExifView: updateExifString end: 35mm  f/1.8  1/60s  ISO200
11-22 11:34:52.849 28816 28849 D MCAM_CCW_WatermarkLayout: id =exif_padding2  type =Layout
11-22 11:34:52.850 28816 28849 D MCAM_CCW_WatermarkLayout: id =location_layout  type =Layout
11-22 11:34:52.850 28816 28849 D MCAM_CCW_WatermarkLayout: id =location_padding1  type =Layout
11-22 11:34:52.850 28816 28849 D MCAM_CCW_WatermarkLayout: id =location  type =TextView
11-22 11:34:52.850 28816 28849 D MCAM_CCW_WatermarkLayout: id =location_padding2  type =Layout
11-22 11:34:52.851 28816 28849 D MCAM_CCW_WatermarkItem: initconfig cost: 6
11-22 11:34:52.852 28816 28849 D MCAM_CCW_WmUserConfig: saveWatermark: 21
11-22 11:34:52.852 28816 28849 D MCAM_CCW_WmUserConfig: init config, path:/storage/emulated/0/Android/data/com.android.camera/files/watermarks/classic/21/userData/current/userConfig.json, watermarkId:21
11-22 11:34:52.852 28816 28849 D MCAM_CCW_WmTranslator: init: /storage/emulated/0/Android/data/com.android.camera/files/watermarks/classic/22/i18n.json
11-22 11:34:52.853 28816 28849 D MCAM_CCW_MarketName: marketName = [[Mi, 10]]
11-22 11:34:52.853 28816 28849 D MCAM_CCW_WaterMarkConfig: init: /storage/emulated/0/Android/data/com.android.camera/files/watermarks/classic/22/config.json
11-22 11:34:52.854 28816 28849 D MCAM_CCW_WatermarkMeta: parseConfig: 6.0
11-22 11:34:52.854 28816 28849 D MCAM_CCW_WatermarkMeta: parseConfig: time = 0.102344 ms
11-22 11:34:52.854 28816 28849 D MCAM_CCW_WmLayoutConfig: keyLayout:inner_border_right id = all_content
11-22 11:34:52.854 28816 28849 D MCAM_CCW_WatermarkLayout: id =left_padding  type =Layout
11-22 11:34:52.854 28816 28849 D MCAM_CCW_WatermarkLayout: id =src_image_layout  type =Layout
11-22 11:34:52.854 28816 28849 D MCAM_CCW_WatermarkLayout: id =top_padding  type =Layout
11-22 11:34:52.854 28816 28849 D MCAM_CCW_WatermarkLayout: id =src_image_view  type =ImageView
11-22 11:34:52.855 28816 28849 D MCAM_CCW_WatermarkLayout: id =bottom_padding  type =Layout
11-22 11:34:52.855 28816 28849 D MCAM_CCW_WatermarkLayout: id =watermark_content_layout  type =Layout
11-22 11:34:52.855 28816 28849 D MCAM_CCW_WatermarkLayout: id =icon_exif_location_time  type =Layout
11-22 11:34:52.855 28816 28849 D MCAM_CCW_WatermarkLayout: id =custom_icon_layout  type =Layout
11-22 11:34:52.855 28816 28849 D MCAM_CCW_WatermarkLayout: id =custom_icon  type =ImageView
11-22 11:34:52.855 28816 28849 D MCAM_CCW_WatermarkLayout: id =space_layout  type =Layout
11-22 11:34:52.855 28816 28849 D MCAM_CCW_WatermarkLayout: id =brand_space_layout  type =Layout
11-22 11:34:52.855 28816 28849 D MCAM_CCW_WatermarkLayout: id =brand_layout  type =Layout
11-22 11:34:52.855 28816 28849 D MCAM_CCW_WatermarkLayout: id =logo  type =ImageView
11-22 11:34:52.856 28816 28849 D MCAM_CCW_WatermarkLayout: id =model  type =TextView
11-22 11:34:52.856 28816 28849 D MCAM_CCW_MarketName: marketName = [[Mi, 10]]
11-22 11:34:52.856 28816 28849 D MCAM_CCW_WmModelView: logo&brand = *XIAOMI 10*    brandData.series = *10*    brandData.versionNumber = **    brandData.colorVersionNumber = **    brandData.versionName = **
11-22 11:34:52.856 28816 28849 D MCAM_CCW_WmModelView: updateModelString:  10
11-22 11:34:52.856 28816 28849 D MCAM_CCW_WatermarkLayout: id =model_versionName  type =TextView
11-22 11:34:52.856 28816 28849 D MCAM_CCW_MarketName: marketName = [[Mi, 10]]
11-22 11:34:52.857 28816 28849 D MCAM_CCW_WmModelView: logo&brand = *XIAOMI 10*    brandData.series = *10*    brandData.versionNumber = **    brandData.colorVersionNumber = **    brandData.versionName = **
11-22 11:34:52.857 28816 28849 D MCAM_CCW_WmModelView: updateModelString: 
11-22 11:34:52.857 28816 28849 D MCAM_CCW_WatermarkLayout: id =brand_space_layout  type =Layout
11-22 11:34:52.857 28816 28849 D MCAM_CCW_WatermarkLayout: id =exif  type =TextView
11-22 11:34:52.857 28816 28849 D MCAM_CCW_WmExifView: updateExifString start: @{focal}mm  f/@{aperture}  @{speed}s  ISO@{iso} (focal:35 aperture:1.8 speed:1/60 iso:200)
11-22 11:34:52.857 28816 28849 D MCAM_CCW_WmExifView: updateExifString end: 35mm  f/1.8  1/60s  ISO200
