11-06 22:29:01.382 D/CAM_CameraUtil(13506): getOptimalPreviewSize: height:1080 width: 1920 ratio:1.7777777777777777
11-06 22:29:01.382 D/CAM_CameraUtil(13506): getOptimalPreviewSize: height:960 width: 2080 ratio:2.1666666666666665
11-06 22:29:01.383 D/CAM_CameraUtil(13506): getOptimalPreviewSize: height:1200 width: 1600 ratio:1.3333333333333333
11-06 22:29:01.383 D/CAM_CameraUtil(13506): getOptimalPreviewSize: height:1600 width: 1200 ratio:0.75
11-06 22:29:01.383 D/CAM_CameraUtil(13506): getOptimalPreviewSize: height:1080 width: 1440 ratio:1.3333333333333333
11-06 22:29:01.383 D/CAM_CameraUtil(13506): getOptimalPreviewSize: height:900 width: 1600 ratio:1.7777777777777777
11-06 22:29:01.383 D/CAM_CameraUtil(13506): getOptimalPreviewSize: height:1600 width: 900 ratio:0.5625
11-06 22:29:01.383 D/CAM_CameraUtil(13506): getOptimalPreviewSize: height:1200 width: 1200 ratio:1.0
11-06 22:29:01.383 D/CAM_CameraUtil(13506): getOptimalPreviewSize: height:960 width: 1280 ratio:1.3333333333333333
11-06 22:29:01.383 D/CAM_CameraUtil(13506): getOptimalPreviewSize: height:720 width: 1560 ratio:2.1666666666666665
11-06 22:29:01.383 D/CAM_CameraUtil(13506): getOptimalPreviewSize: height:1560 width: 720 ratio:0.46153846153846156
11-06 22:29:01.383 D/CAM_CameraUtil(13506): getOptimalPreviewSize: height:720 width: 1440 ratio:2.0
11-06 22:29:01.383 D/CAM_CameraUtil(13506): getOptimalPreviewSize: height:720 width: 1280 ratio:1.7777777777777777
11-06 22:29:01.383 D/CAM_CameraUtil(13506): getOptimalPreviewSize: height:600 width: 800 ratio:1.3333333333333333
11-06 22:29:01.383 D/CAM_CameraUtil(13506): getOptimalPreviewSize: height:480 width: 864 ratio:1.8
11-06 22:29:01.383 D/CAM_CameraUtil(13506): getOptimalPreviewSize: height:480 width: 720 ratio:1.5
11-06 22:29:01.383 D/CAM_CameraUtil(13506): getOptimalPreviewSize: height:480 width: 640 ratio:1.3333333333333333
11-06 22:29:01.383 D/CAM_CameraUtil(13506): getOptimalPreviewSize: height:288 width: 352 ratio:1.2222222222222223
11-06 22:29:01.383 D/CAM_CameraUtil(13506): getOptimalPreviewSize: height:236 width: 419 ratio:1.7754237288135593
11-06 22:29:01.383 D/CAM_CameraUtil(13506): getOptimalPreviewSize: height:240 width: 320 ratio:1.3333333333333333
11-06 22:29:01.383 D/CAM_CameraUtil(13506): getOptimalPreviewSize: height:144 width: 176 ratio:1.2222222222222223
11-06 22:29:01.383 I/CAM_CameraUtil(13506): best preview size: 1440x1080
11-06 22:29:01.383 D/CAM_MiCamera2(13506): setAlgorithmPreviewSize size = 1440x1080
11-06 22:29:01.383 D/CAM_MiCamera2(13506): setAlgorithmPreviewSize = true
11-06 22:29:01.383 D/CAM_Camera2Module(13506): updateSize: picture size (JPEG): 6016x4512, preview size: 1440x1080, sensor raw image size: null
11-06 22:29:01.383 D/CAM_u   (13506): updateCameraScreenNailSize: 1440x1080
11-06 22:29:01.383 I/d.process.acore(13582): Using CollectorTypeCC GC.
11-06 22:29:01.383 V/CAM_BaseModule(13506): checkDisplayOrientation: 0 | 90
11-06 22:29:01.383 D/CAM_CameraSizeManager(13506): setVideoSize 1080x1440
11-06 22:29:01.383 V/CAM_CameraConfigManager(13506): setEnableZsl true
11-06 22:29:01.383 W/CAM_ImageModuleCameraManager(13506): no consumer for this updateType: 74
11-06 22:29:01.383 D/CAM_CameraCapabilities(13506): getAiShutterSupport not defined
11-06 22:29:01.384 D/CAM_CameraCapabilities(13506): isSupportAiShutter: 0
11-06 22:29:01.384 V/CAM_CameraConfigManager(13506): setExposureCompensation: 0
11-06 22:29:01.384 W/CAM_ImageModuleCameraManager(13506): no consumer for this updateType: 15
11-06 22:29:01.385 V/CAM_MiCamera2(13506): setISO: 0
11-06 22:29:01.385 W/CAM_ImageModuleCameraManager(13506): no consumer for this updateType: 16
11-06 22:29:01.385 W/CAM_ImageModuleCameraManager(13506): no consumer for this updateType: 6
11-06 22:29:01.385 V/CAM_CameraConfigManager(13506): setAWBLock: false
11-06 22:29:01.385 V/CAM_CameraConfigManager(13506): setAWBMode: 1
11-06 22:29:01.385 W/CAM_ImageModuleCameraManager(13506): no consumer for this updateType: 51966
11-06 22:29:01.385 W/CAM_BaseModuleCameraManager(13506): no consumer for this updateType: 51966
11-06 22:29:01.385 W/CAM_ImageModuleCameraManager(13506): no consumer for this updateType: 51967
11-06 22:29:01.385 D/CAM_BaseModuleCameraManager(13506): updateFrameRatio: 1 (4x3)
11-06 22:29:01.385 D/CAM_CameraConfigManager(13506): setTrackFocusEnable false
11-06 22:29:01.385 D/CAM_CameraConfigManager(13506): setTrackFocusFeatureEnable false
11-06 22:29:01.385 D/CAM_CameraConfigManager(13506): setTrackFocusEnable false
11-06 22:29:01.385 V/CAM_CameraConfigManager(13506): setDeviceOrientation: 0
11-06 22:29:01.385 W/CAM_ImageModuleCameraManager(13506): no consumer for this updateType: 19
11-06 22:29:01.385 W/CAM_BaseModuleCameraManager(13506): no consumer for this updateType: 19
11-06 22:29:01.385 V/CAM_CameraConfigManager(13506): setAperture(): 0.0
11-06 22:29:01.385 D/CAM_CameraConfigs(13506): aperture: 0.0
11-06 22:29:01.385 V/CAM_CameraConfigManager(13506): setExposureMode(): 0
11-06 22:29:01.385 D/CAM_CameraConfigs(13506): setExposureMode: 0
11-06 22:29:01.385 W/CAM_ImageModuleCameraManager(13506): no consumer for this updateType: 110
11-06 22:29:01.385 W/CAM_ImageModuleCameraManager(13506): no consumer for this updateType: 97
11-06 22:29:01.385 D/CAM_MiCamera2(13506): setCvLens 0 for null
11-06 22:29:01.385 W/CAM_ImageModuleCameraManager(13506): no consumer for this updateType: 111
11-06 22:29:01.385 V/CAM_CameraConfigManager(13506): setIsZoomSpeedUp(): false
11-06 22:29:01.385 W/CAM_ImageModuleCameraManager(13506): no consumer for this updateType: 112
11-06 22:29:01.385 V/CAM_CameraConfigManager(13506): setIsZoomSpeedDown(): false
11-06 22:29:01.386 V/CAM_CameraConfigManager(13506): setFaceAEStrategy(): 0
11-06 22:29:01.386 D/CAM_CaptureRequestBuilder(13506):  applyFaceAEStrategyFlag something is null
11-06 22:29:01.386 D/CAM_ZoomRatioToggleView(13506): setVisibility(): VISIBLE
11-06 22:29:01.386 D/CAM_CameraCapabilities(13506): isSatFusionShotSupported: false, because tag undefined
11-06 22:29:01.386 D/CAM_ZoomRatioToggleView(13506): setVisibility(): VISIBLE
11-06 22:29:01.386 I/CAM_Camera2Module(13506): [K_PROCESS]: startPreview: set PictureSize with 6016x4512
11-06 22:29:01.386 D/CAM_ZoomRatioToggleView(13506): setVisibility(): GONE
11-06 22:29:01.386 D/CAM_ZoomRatioToggleView(13506): resetAnimators
11-06 22:29:01.386 D/CAM_ZoomRatioToggleView(13506): setVisibility(): INVISIBLE
11-06 22:29:01.386 D/CAM_ZoomRatioToggleView(13506): resetAnimators
11-06 22:29:01.386 D/CAM_ZoomRatioToggleView(13506): setVisibility(): GONE
11-06 22:29:01.386 D/CAM_ZoomRatioToggleView(13506): resetAnimators
11-06 22:29:01.386 D/CAM_FragmentDualCameraAdjust(13506): initZoomRatioForBackCamera(): zoom: 1.0
11-06 22:29:01.386 D/CAM_MiCameraSurfaceManager(13506): prepare imageReader android.media.ImageReader@d0c18e7
11-06 22:29:01.386 D/CAM_ComponentConfigVideoQuality(13506): checkValueValid: invalid value: 8
11-06 22:29:01.386 D/CAM_Camera2Module(13506): startPreview: set PictureFormat to JPEG
11-06 22:29:01.386 D/CAM_CaptureModule(13506): mivi raw super night is not enabled in capture mode
11-06 22:29:01.386 D/CAM_Camera2Module(13506): [QCFA]startPreview: set qcfa enable false
11-06 22:29:01.387 E/CAM_ComponentConfigVideoQuality(13506): reset invalid value 8
11-06 22:29:01.387 I/CAM_Camera2Module(13506): [K_PROCESS]: startPreview: surfaceTexture = null
11-06 22:29:01.387 E/CAM_Camera2Module(13506): startPreview: surfaceTexture unavailable!!!!
11-06 22:29:01.387 V/CAM_Camera2Module(13506): [WTP]init preview callback type decoders: E
11-06 22:29:01.387 D/CAM_ComponentConfigVideoQuality(13506): checkValueValid: invalid value: 8
11-06 22:29:01.387 D/CAM_Camera2Module(13506): startPreview: operatingMode = 32769
11-06 22:29:01.388 E/CAM_ComponentConfigVideoQuality(13506): reset invalid value 8
11-06 22:29:01.388 I/CAM_MiCamera2(13506): [K_PROCESS]: startPreviewSession: operatingMode=0x8001 previewCallback=2 rawCallbackType=0
11-06 22:29:01.388 V/CAM_MiCamera2(13506): generateSessionId: id=1
11-06 22:29:01.388 D/CAM_FragmentDualCameraAdjustMM(13506): provideAnimateElement(): initialized zoom ratio: 1.0
11-06 22:29:01.388 D/CAM_ZoomRatioToggleView(13506): count = 3
11-06 22:29:01.388 D/CAM_ZoomRatioToggleView(13506): setSuppressed(): false
11-06 22:29:01.388 D/CAM_ZoomRatioToggleView(13506): setSuppressed() ignored: false
11-06 22:29:01.388 I/CAM_ZoomRatioToggleView(13506): [U_ACTION]: setZoomRatio(): a = ZOOMING_BY_UNKNOWN_SOURCE,i = 1,z = 1.0,ti =1,tz =1.0
11-06 22:29:01.388 D/CAM_MiCameraSurfaceManager(13506): close imageReader android.media.ImageReader@d0c18e7
11-06 22:29:01.388 D/CAM_MiCameraSurfaceManager(13506): prepare imageReader android.media.ImageReader@ba66732
11-06 22:29:01.388 I/CAM_MiCamera2(13506): [K_PROCESS]: startPreviewSession: add PhotoImageReader configuration: format=0x100 size=6016x4512
11-06 22:29:01.389 D/CAM_Camera2Module(13506): init preview callback type decoders, previewCallbackType: 0x2, needUpdatePreference: true
11-06 22:29:01.389 D/CAM_MiCamera2(13506): applySettingsForPreview: android.hardware.camera2.CaptureRequest$Builder@cfc47e
11-06 22:29:01.389 D/CAM_MiCamera2(13506): applyFlashMode: request android.hardware.camera2.CaptureRequest$Builder@cfc47e, applyType = 1
11-06 22:29:01.389 D/CAM_MiCameraCompat(13506): applyFlashMode: mode = 0
11-06 22:29:01.389 D/CAM_MiCamera2(13506): applyFlashMode: flashMode = 0, mScreenLightCallback = d.c.a.q6.q8.q1@dc93ddf
11-06 22:29:01.389 D/CAM_CaptureRequestBuilder(13506): applyScreenLightHint(): false
11-06 22:29:01.389 D/CAM_CaptureRequestBuilder(13506): applyAFRegions: default 0
11-06 22:29:01.390 V/CAM_Camera2Module(13506): [WTP]init preview callback type decoders: X
11-06 22:29:01.390 D/CAM_CaptureRequestBuilder(13506): applyAERegions: default 0
11-06 22:29:01.390 D/CAM_MiCameraCompat(13506): applyFaceDetection: false、 faceDetectMode: 0
11-06 22:29:01.390 D/CAM_CaptureRequestBuilder(13506): applyExposureCompensation: 0
11-06 22:29:01.390 D/CAM_HybridZoomingSystem(13506): toCropRegion(): zoom ratio = 1.0, crop region = Rect(0, 0 - 6016, 4512)
11-06 22:29:01.390 D/CAM_RequestVendorTag(13506): applyCropRegion: rect = Rect(0, 0 - 6016, 4512)
11-06 22:29:01.390 V/CAM_CaptureRequestBuilder(13506): applyZoomRatio(): cameraId = 0, zoomRatio = 1.0, activeArraySize = Rect(0, 0 - 6016, 4512), cropRegion = Rect(0, 0 - 6016, 4512)
11-06 22:29:01.390 D/CAM_CaptureRequestBuilder(13506): applyAELock: false
11-06 22:29:01.390 D/CAM_AbstractFragment(13506): baseUpdateView FragmentDualCameraAdjustMM, true
11-06 22:29:01.390 D/CAM_CaptureRequestBuilder(13506): applyAWBLock: false
11-06 22:29:01.390 D/CAM_CaptureRequestBuilder(13506): applyCinematicPhoto: false
11-06 22:29:01.390 D/CAM_ComponentConfigVideoQuality(13506): checkValueValid: invalid value: 8
11-06 22:29:01.390 E/CAM_ComponentConfigVideoQuality(13506): reset invalid value 8
11-06 22:29:01.391 D/CAM_ZoomRatioToggleView(13506): count = 3
11-06 22:29:01.391 D/CAM_ZoomRatioToggleView(13506): setSuppressed(): false
11-06 22:29:01.391 D/CAM_ZoomRatioToggleView(13506): setSuppressed() ignored: false
11-06 22:29:01.391 I/CAM_ZoomRatioToggleView(13506): [U_ACTION]: setZoomRatio(): a = ZOOMING_BY_LAYOUT_CHANGE,i = 1,z = 1.0,ti =1,tz =1.0
11-06 22:29:01.391 D/CAM_MiCameraCompat(13506): applyCustomQualityEnable : false
11-06 22:29:01.391 D/CAM_MiCameraCompat(13506): applyPureViewEnabled : false
11-06 22:29:01.392 D/CAM_CaptureRequestBuilder(13506): APPLY_PREVIEW: false
11-06 22:29:01.392 D/CAM_CaptureRequestBuilder(13506): applySuperNightScene: false
11-06 22:29:01.392 D/BaseDepthController( 2880): mSurface is null and mCurrentBlur is: 0
11-06 22:29:01.392 E/.android.camera(13506): No package ID ff found for resource ID 0xffffffff.
11-06 22:29:01.392 D/CAM_CaptureRequestBuilder(13506): show debug info as watermark: false
11-06 22:29:01.392 D/CAM_CaptureRequestBuilder(13506): applyMiviSuperNight(): unsupported
11-06 22:29:01.392 I/CAM_CaptureRequestBuilder(13506): [K_PROCESS]: applySuperResolution: false, applyType = 1, configs d.c.b.g4@4386c73, caller > d.c.b.k4.w1(Unknown Source:115), d.c.b.p4.F2(Unknown Source:271), d.c.b.p4.T2(Unknown Source:32), d.c.b.p4.M4(Unknown Source:133), d.c.b.p4.s1(Unknown Source:13), 
11-06 22:29:01.392 D/nativeloader(13582): Load libframework-connectivity-tiramisu-jni.so using APEX ns com_android_tethering for caller /apex/com.android.tethering/javalib/framework-connectivity-t.jar: ok
11-06 22:29:01.392 V/CAM_MiCameraCompat(13506): [K_PROCESS]: applyMfnrEnable: false
11-06 22:29:01.392 D/CAM_MiCameraCompat(13506): applySwMfnrEnable: false
11-06 22:29:01.392 D/CAM_CaptureRequestBuilder(13506): applySingleBokeh: false
11-06 22:29:01.393 D/CAM_CaptureRequestBuilder(13506): applyMacroMode: false
11-06 22:29:01.393 D/CAM_MiCameraCompat(13506): applyAiPortraitDeblur: false
11-06 22:29:01.393 E/VendorTagDescriptor(13506): lookupTag: Tag name 'ortraitdeblur.enabled' does not exist.
11-06 22:29:01.393 V/CAM_MiCameraCompat(13506): [K_PROCESS]: applyStreetShoot: false
11-06 22:29:01.393 D/CAM_CameraCapabilities(13506): isSupportNormalWideLDC: true
11-06 22:29:01.393 D/CAM_MiCameraCompat(13506): applyNormalWideLDC: false
11-06 22:29:01.394 D/CAM_CameraCapabilities(13506): isSupportUltraWideLDC: true
11-06 22:29:01.394 D/CAM_MiCameraCompat(13506): applyUltraWideLDC: false
11-06 22:29:01.394 D/CAM_CaptureRequestBuilder(13506): applyAELock: false
11-06 22:29:01.394 D/CAM_CaptureRequestBuilder(13506): applyAWBLock: false
11-06 22:29:01.394 V/CAM_CaptureRequestBuilder(13506): EIS: off
11-06 22:29:01.394 V/CAM_CaptureRequestBuilder(13506): OIS: off
11-06 22:29:01.394 D/CAM_CaptureRequestBuilder(13506): applyDeviceOrientation: 0
11-06 22:29:01.394 D/CAM_CaptureRequestBuilder(13506): applyFpsRange: fpsRange = null
11-06 22:29:01.394 D/CAM_MiCameraCompat(13506): applySatFallbackDisable: 0
11-06 22:29:01.394 D/CAM_CaptureRequestBuilder(13506): applyAiASDEnable:false
11-06 22:29:01.394 D/CAM_CaptureRequestBuilder(13506): applyASDScene: -2
11-06 22:29:01.394 D/CAM_CaptureRequestBuilder(13506): applyTrackFocus: false
11-06 22:29:01.394 D/CAM_RequestVendorTag(13506): applyTrackFocusEnable: value = false
11-06 22:29:01.394 D/CAM_MiCameraSurfaceManager(13506): getAlgorithmPreviewSize = 1440x1080
11-06 22:29:01.395 I/CAM_MiCamera2(13506): [K_PROCESS]: startPreviewSession: add PreviewImageReader configuration: format=0x23 size=1440x1080
11-06 22:29:01.395 I/CAM_MiCamera2(13506): [K_PROCESS]: startPreviewSession: first add PreviewSurface configuration: size=1440x1080
11-06 22:29:01.395 D/CAM_CameraCapabilities(13506): getAiShutterSupport not defined
11-06 22:29:01.395 D/CAM_CameraCapabilities(13506): isSupportAiShutter: 0
11-06 22:29:01.395 D/CAM_MiCameraCompat(13506): applyAppModule 163
11-06 22:29:01.395 D/CAM_MiCamera2(13506): applyConfigurationParam: pid: 13506
11-06 22:29:01.395 E/VendorTagDescriptor(13506): lookupTag: Tag name 'processId' does not exist.
11-06 22:29:01.395 D/CAM_Camera2CompatAdapter(13506): E: initCameraCapabilitiesByCameraId(): 6
11-06 22:29:01.396 D/CompatibilityInfo( 1820): mCompatibilityFlags - 0
11-06 22:29:01.396 D/CompatibilityInfo( 1820): applicationDensity - 440
11-06 22:29:01.396 D/CompatibilityInfo( 1820): applicationScale - 1.0
11-06 22:29:01.403 D/CAM_CameraCapabilities(13506): QuickShotDelayTime tag not defined
11-06 22:29:01.403 D/CAM_CameraCapabilities(13506): HQQuickShot: mFeatureMask: 0   mDelayTimeMask: 0
11-06 22:29:01.403 D/CAM_CameraCapabilities(13506): QuickShotDelayTimeFactor tag not defined
11-06 22:29:01.403 D/CAM_CameraCapabilities(13506): QuickShot: mDelayTimeFactor: 100
11-06 22:29:01.403 D/CAM_CameraCapabilities(13506): MiviSuperNight: mSuperNightMask: 0
11-06 22:29:01.403 D/CAM_CameraCapabilities(13506): QuickShotNextCaptureMask: mQuickShotNextCaptureMask: 0
11-06 22:29:01.403 D/CAM_CameraCapabilities(13506): getBeautyVersionData: 3 ,beautyVersion: 3 ,beautyAlgo: 1
11-06 22:29:01.403 D/CAM_CameraCapabilities(13506): SnapshotQuickViewStreamMask: 0
11-06 22:29:01.403 D/CAM_Camera2CompatAdapter(13506): X: initCameraCapabilitiesByCameraId(): 6
11-06 22:29:01.403 D/CAM_CaptureRequestBuilder(13506): applyCinematicVideo: false
11-06 22:29:01.404 D/CAM_MiCameraCompat(13506): applySmoothTransition: true
11-06 22:29:01.404 I/CAM_MiCamera2(13506): [K_PROCESS]: startPreviewSession: setup output configuration number: 3
11-06 22:29:01.404 I/CAM_PerformanceManager(13506): [P_PERFORM]: Action: 3:cameraOpened2createCaptureSession@0_163_0 takes 165 ms
11-06 22:29:01.405 D/CAM_FocusView(13506): FocusView: is global animation available: true
11-06 22:29:01.406 I/cameraserver( 1555): Bypass roundBufferDimensionNearest for privilegedClient YUV streams width 6016 height 4512 for format 33
11-06 22:29:01.406 V/CAM_FocusView(13506): [WTP]drawableInitialize: E
11-06 22:29:01.407 E/.android.camera(13506): No package ID ff found for resource ID 0xffffffff.
11-06 22:29:01.407 E/.android.camera(13506): No package ID ff found for resource ID 0xffffffff.
11-06 22:29:01.407 I/cameraserver( 1555): Bypass roundBufferDimensionNearest for privilegedClient YUV streams width 1440 height 1080 for format 35
11-06 22:29:01.407 E/.android.camera(13506): No package ID ff found for resource ID 0xffffffff.
11-06 22:29:01.408 E/.android.camera(13506): No package ID ff found for resource ID 0xffffffff.
11-06 22:29:01.408 E/.android.camera(13506): No package ID ff found for resource ID 0xffffffff.
11-06 22:29:01.408 E/.android.camera(13506): No package ID ff found for resource ID 0xffffffff.
11-06 22:29:01.408 E/.android.camera(13506): No package ID ff found for resource ID 0xffffffff.
11-06 22:29:01.408 E/.android.camera(13506): No package ID ff found for resource ID 0xffffffff.
11-06 22:29:01.408 E/.android.camera(13506): No package ID ff found for resource ID 0xffffffff.
11-06 22:29:01.408 D/BaseDepthController( 2880): mSurface is null and mCurrentBlur is: 0
11-06 22:29:01.408 D/Camera3-Utils( 1555): Set real time priority for thread (tid 12545)
11-06 22:29:01.409 E/.android.camera(13506): No package ID ff found for resource ID 0xffffffff.
11-06 22:29:01.409 E/.android.camera(13506): No package ID ff found for resource ID 0xffffffff.
11-06 22:29:01.409 E/.android.camera(13506): No package ID ff found for resource ID 0xffffffff.
11-06 22:29:01.409 E/CHIUSECASE( 1094): [ERROR  ] chxutils.cpp:1656 GetClientName() failed to find tag clientName
11-06 22:29:01.409 E/CHIUSECASE( 1094): [ERROR  ] chxutils.cpp:1661 GetClientName() failed get clientName
11-06 22:29:01.410 D/CAM_Camera2CompatAdapter(13506): E: initCameraCapabilitiesByCameraId(): 0
11-06 22:29:01.412 V/CAM_FocusView(13506): [WTP]drawableInitialize: X
11-06 22:29:01.413 E/CHIUSECASE( 1094): [ERROR  ] chxutils.cpp:1656 GetClientName() failed to find tag clientName
11-06 22:29:01.413 E/CHIUSECASE( 1094): [ERROR  ] chxutils.cpp:1661 GetClientName() failed get clientName
11-06 22:29:01.416 D/CAM_CameraCapabilities(13506): QuickShotDelayTime tag not defined
11-06 22:29:01.416 D/CAM_CameraCapabilities(13506): HQQuickShot: mFeatureMask: 0   mDelayTimeMask: 0
11-06 22:29:01.416 D/CAM_CameraCapabilities(13506): QuickShotDelayTimeFactor tag not defined
11-06 22:29:01.417 D/CAM_CameraCapabilities(13506): QuickShot: mDelayTimeFactor: 100
11-06 22:29:01.417 D/CAM_CameraCapabilities(13506): MiviSuperNight: mSuperNightMask: 0
11-06 22:29:01.417 D/CAM_CameraCapabilities(13506): QuickShotNextCaptureMask: mQuickShotNextCaptureMask: 0
11-06 22:29:01.417 D/CAM_CameraCapabilities(13506): getBeautyVersionData: 3 ,beautyVersion: 3 ,beautyAlgo: 1
11-06 22:29:01.417 D/CAM_CameraCapabilities(13506): SnapshotQuickViewStreamMask: 0
11-06 22:29:01.417 D/CAM_Camera2CompatAdapter(13506): X: initCameraCapabilitiesByCameraId(): 0
11-06 22:29:01.417 D/CAM_FocusView(13506): reset: type = 7, is draw = false, mIsTouchFocus = false
11-06 22:29:01.417 D/CAM_TrackFocusView(13506): clear
11-06 22:29:01.417 D/CAM_TrackFocusView(13506): clear
11-06 22:29:01.417 D/CAM_TrackFocusView(13506): setSkipDraw false
11-06 22:29:01.417 D/CAM_AbstractFragment(13506): baseUpdateView FragmentMainContentMM, true
11-06 22:29:01.417 D/CAM_FragmentTopConfig(13506): showDelayNumber: topMargin = 290, topHeight = 246, fontHeight = 160, viewHeight = 212, offset = 52
11-06 22:29:01.417 D/CAM_FragmentBottomPopupTips(13506): onCreate: 
11-06 22:29:01.418 D/CAM_AbstractFragment(13506): baseUpdateView FragmentBottomPopupTips, true
11-06 22:29:01.419 D/CAM_AbstractFragment(13506): baseUpdateView FragmentReferenceLine, true
11-06 22:29:01.419 D/CAM_Camera@123830004(13506): onStart start
11-06 22:29:01.419 D/CAM_RenderEngineV1(13506): onResume start
11-06 22:29:01.419 D/CAM_RenderEngineV1(13506): onResume end
11-06 22:29:01.419 D/CAM_ActivityBase(13506): registerAvailabilityCallback
11-06 22:29:01.419 D/CAM_BoostFrameworkImpl(13506): stopBoost
11-06 22:29:01.419 D/CAM_BoostFrameworkImpl(13506): ready to stop boost
11-06 22:29:01.419 D/CAM_Camera@123830004(13506): onStart end {1.0 214mcc22mnc [es_ES] ldltr sw393dp w393dp h794dp 440dpi nrml long hdr widecg port night finger -keyb/v/h -nav/h winConfig={ mBounds=Rect(0, 0 - 1080, 2340) mAppBounds=Rect(0, 90 - 1080, 2274) mMaxBounds=Rect(0, 0 - 1080, 2340) mDisplayRotation=ROTATION_0 mWindowingMode=fullscreen mActivityType=standard mAlwaysOnTop=undefined mRotation=ROTATION_0} as.3 s.2 fontWeightAdjustment=0}
11-06 22:29:01.419 D/CAM_ActivityBase(13506): onStart -
11-06 22:29:01.419 V/SYNX-UMD( 1094): Synx Init!
11-06 22:29:01.420 D/CAM_ActivityBase(13506): onResume +123830004
11-06 22:29:01.420 D/CAM_BoostFrameworkImpl(13506): startBoost: duration = 500, scene = 6
11-06 22:29:01.420 D/CAM_BoostFrameworkImpl(13506): ready to boost
11-06 22:29:01.420 D/CAM_Camera@123830004(13506): onResume start
11-06 22:29:01.420 V/SYNX-UMD( 1094): Creating hPollThread = 518851795968
11-06 22:29:01.420 I/CAM_Camera@123830004(13506): [P_PERFORM]: checkPermissionAndCTA E
11-06 22:29:01.420 V/SYNX-UMD( 1094): Completed Synx Init
11-06 22:29:01.420 I/CAM_PermissionManager(13506): getNeedCheckPermissionList() listSize =0
11-06 22:29:01.420 I/CAM_PermissionManager(13506): checkCameraLaunchPermissions(), all on
11-06 22:29:01.420 I/CAM_PermissionManager(13506): getNeedCheckPermissionList() listSize =0
11-06 22:29:01.420 I/CAM_PermissionManager(13506): checkCameraLocationPermissions(), all on
11-06 22:29:01.420 I/CAM_PermissionManager(13506): getNeedCheckPermissionList() listSize =0
11-06 22:29:01.420 I/CAM_PermissionManager(13506): checkCameraLocationPermissions(), all on
11-06 22:29:01.420 I/CAM_Camera@123830004(13506): [P_PERFORM]: checkPermissionAndCTA X
11-06 22:29:01.420 V/SYNX-UMD( 1094): Polling ...
11-06 22:29:01.423 D/CAM_Camera@123830004(13506): onResume start
11-06 22:29:01.423 D/CAM_Camera@123830004(13506): resume in MultiWindowMode false
11-06 22:29:01.423 D/CAM_ActivityBase(13506): isCameraAliveWhenResume: releaseByModule: false, isModuleAlive: true, isCameraDevicesAlive: true
11-06 22:29:01.423 D/CAM_Display(13506): is display size change:false
11-06 22:29:01.423 V/CAM_AutoLockManager(13506): mHibernationTimeOut = 180000, mScreenOffTimeOut = 15000
11-06 22:29:01.423 V/CAM_AutoLockManager(13506): [WTP]updateScreenOffTimeout: E
11-06 22:29:01.423 V/CAM_AutoLockManager(13506): [WTP]updateScreenOffTimeout: E
11-06 22:29:01.424 I/sensors-hal( 1133): batch:180, android.sensor.accelerometer/76, period=200000000, max_latency=0
11-06 22:29:01.425 D/BaseDepthController( 2880): mSurface is null and mCurrentBlur is: 0
11-06 22:29:01.425 V/CAM_AutoLockManager(13506): [WTP]updateScreenOffTimeout: X
11-06 22:29:01.426 V/CAM_AutoLockManager(13506): [WTP]updateScreenOffTimeout: X
11-06 22:29:01.426 E/CamX    ( 1094): [ERROR][SENSOR ] camxsensornode.cpp:3381 ProcessingNodeFinalizeInitialization() camera 0, has ois data umi_ois, has dependency 0 on 
11-06 22:29:01.427 I/sensors-hal( 1133): batch:189, android.sensor.accelerometer/76, period=200000000, max_latency=0 request completed
11-06 22:29:01.427 I/sensors-hal( 1133): flush:209, android.sensor.accelerometer/76
11-06 22:29:01.429 E/CamX    ( 1094): [ERROR][SENSOR ] camxpdafdata.cpp:119 PDAFInit() videomode = 0 tuning mode 0
11-06 22:29:01.429 I/sensors-hal( 1133): flush:215, android.sensor.accelerometer/76 completed
11-06 22:29:01.429 D/CAM_CameraUtil(13506): clearRotationAnimation
11-06 22:29:01.430 I/TRuntime.CctTransportBackend( 9673): Status Code: 200
11-06 22:29:01.430 V/CAM_ActivityBase(13506): checkGalleryLock: galleryLocked=false
11-06 22:29:01.430 D/CAM_CameraIntentManager(13506): start activity when locked: false
11-06 22:29:01.430 D/CAM_ActivityBase(13506): checkKeyguard: setShowWhenLocked:false
11-06 22:29:01.430 V/CAM_ActivityBase(13506): checkKeyguard: fromKeyguard=false keyguardSecureLocked=false secureUriList is null
11-06 22:29:01.430 V/CAM_CameraBrightness(13506): onResume adjustBrightness
11-06 22:29:01.431 D/CompatibilityUtils(13506): getSdcardPath: sdcardVolume = null
11-06 22:29:01.431 D/CAM_FileCompat(13506): getExtSDCardPaths: activePath = null
11-06 22:29:01.431 D/CompatibilityUtils(13506): getSdcardPath: sdcardVolume = null
11-06 22:29:01.431 V/CAM_Storage(13506): initStorage sd=null
11-06 22:29:01.431 D/CAM_Storage(13506): hasSecondaryStorage=false
11-06 22:29:01.431 D/CAM_Storage(13506): hasSecondaryStorage=false
11-06 22:29:01.431 D/CAM_Camera@123830004(13506): resumeCamera: E
11-06 22:29:01.431 D/CAM_Camera@123830004(13506): resumeCamera: isSwitchingModule() : true &&  getDisplayFoldState() : true: 
11-06 22:29:01.431 D/CAM_DragEventBusImpl(13506): addOnDragListener: Camera@123830004
11-06 22:29:01.431 D/CAM_MemoryManager(13506): initLimit: mSavedQueueMemoryLimit = 386043744
11-06 22:29:01.431 D/CAM_MemoryManager(13506): initMemory: maxMemory=536870912
11-06 22:29:01.431 V/CAM_ImageSaver(13506): onHostResume: isCapture=false
11-06 22:29:01.432 I/CAM_PermissionManager(13506): getNeedCheckPermissionList() listSize =0
11-06 22:29:01.432 I/CAM_PermissionManager(13506): checkCameraLaunchPermissions(), all on
11-06 22:29:01.432 I/CAM_Storage(13506): setLeftSpace(55212703744)
11-06 22:29:01.432 D/CAM_CameraIntentManager(13506): camera_launch_source = null
11-06 22:29:01.432 I/CAM_PerformanceManager(13506): [P_PERFORM]: not allow traceStart
11-06 22:29:01.432 D/CAM_Camera@123830004(13506): onResume end
11-06 22:29:01.432 V/CAM_Camera@123830004(13506): [WTP]notifyCameraResume: E
11-06 22:29:01.432 I/CAM_PerformanceManager(13506): [P_PERFORM]: Action: resumeActivity@123830004_163_0 takes 12 ms
11-06 22:29:01.432 D/CAM_Camera@123830004(13506): onResume end
11-06 22:29:01.432 D/CAM_ActivityBase(13506): onResume - version: 5.0.230706.0
11-06 22:29:01.432 V/CAM_Camera@123830004(13506): [WTP]initShortcut: E
11-06 22:29:01.432 D/CAM_SendBroadcastNotifyExternal(13506): notify external(status: start_foreground)
11-06 22:29:01.432 D/CAM_FragmentBottomAction(13506): initThumbnailAsThumbnail: 
11-06 22:29:01.432 D/CAM_FragmentBottomAction(13506): set thumbnail clickable: true
11-06 22:29:01.432 I/CAM_PermissionManager(13506): getNeedCheckPermissionList() listSize =0
11-06 22:29:01.432 I/CAM_PermissionManager(13506): checkStoragePermissions on
11-06 22:29:01.433 D/CAM_CameraBrightness(13506): adjustBrightness: cost=0ms
11-06 22:29:01.433 V/CAM_Camera@123830004(13506): [WTP]notifyCameraResume: X
11-06 22:29:01.434 D/CAM_ThermalDetector(13506): registerReceiver
11-06 22:29:01.435 I/hwservicemanager(  669): getTransport: Cannot find entry vendor.qti.hardware.servicetracker@1.0::IServicetracker/default in either framework or device VINTF manifest.
11-06 22:29:01.436 I/hwservicemanager(  669): getTransport: Cannot find entry vendor.qti.hardware.servicetracker@1.0::IServicetracker/default in either framework or device VINTF manifest.
11-06 22:29:01.436 D/nativeloader(13582): Configuring clns-shared-9 for other apk /system/priv-app/ContactsProvider/ContactsProvider.apk. target_sdk_version=36, uses_libraries=, library_path=/system/priv-app/ContactsProvider/lib/arm64:/system/lib64:/system_ext/lib64, permitted_path=/data:/mnt/expand:/data/user/0/com.android.providers.contacts:/system/priv-app/ContactsProvider:/system/lib64:/system_ext/lib64
11-06 22:29:01.437 I/system_server( 1820): AssetManager2(0xb40000735b844ff8) locale list changing from [] to [es-ES]
11-06 22:29:01.437 D/CAM_BatteryDetector(13506): registerReceiver
11-06 22:29:01.438 V/CAM_Camera@123830004(13506): [WTP]initShortcut: X
11-06 22:29:01.439 D/CAM_ThumbnailUpdater(13506): LoadThumbnailTask: thumbnail on task create: null
11-06 22:29:01.439 V/CAM_LifecycleAsyncTask(13506): [WTP]AsyncTask: E. LoadThumbnailTask
11-06 22:29:01.439 D/CAM_ThumbnailUpdater(13506): LoadThumbnailTask: execute task: com.android.camera.ThumbnailUpdater$LoadThumbnailTask@455e14e. lookAtCache = true
11-06 22:29:01.439 I/CAM_ AdaptiveTv(13506): init:  mMaxFontScale :1.25
11-06 22:29:01.439 D/CAM_Storage(13506): hasSecondaryStorage=false
11-06 22:29:01.440 D/CAM_ModeSelectViewCV(13506): getHeaderOffset w = 1000, itemWidth = 148, textWidth = 80.0
11-06 22:29:01.440 D/CAM_ModeSelectViewCV(13506): res = {1.0 214mcc22mnc [es_ES] ldltr sw393dp w393dp h794dp 440dpi nrml long hdr widecg port night finger -keyb/v/h -nav/h winConfig={ mBounds=Rect(0, 0 - 1080, 2340) mAppBounds=Rect(0, 90 - 1080, 2274) mMaxBounds=Rect(0, 0 - 1080, 2340) mDisplayRotation=ROTATION_0 mWindowingMode=fullscreen mActivityType=standard mAlwaysOnTop=undefined mRotation=ROTATION_0} as.3 s.2 fontWeightAdjustment=0}
11-06 22:29:01.440 D/CAM_FragmentModeSelector(13506): switchMoreMode open: true, style: 0, mCurrentMode: 163
11-06 22:29:01.440 D/CAM_DragLayout(13506): disableAllMode
11-06 22:29:01.440 D/CAM_DragLayout(13506): setDragEnable mDragMode : false, enable false, force : false
11-06 22:29:01.442 D/BaseDepthController( 2880): mSurface is null and mCurrentBlur is: 0
11-06 22:29:01.443 I/d.process.acore(13582): AssetManager2(0xb40000735b80db98) locale list changing from [] to [es-ES]
11-06 22:29:01.445 E/BoostFramework(13582): BoostFramework() : Exception_1 = java.lang.ClassNotFoundException: com.qualcomm.qti.Performance
11-06 22:29:01.445 E/BoostFramework(13582): BoostFramework() Ux Perf: Exception = java.lang.ClassNotFoundException: com.qualcomm.qti.UxPerformance
11-06 22:29:01.447 V/GraphicsEnvironment(13582): Currently set values for:
11-06 22:29:01.447 V/GraphicsEnvironment(13582):   angle_gl_driver_selection_pkgs=[com.android.angle, com.linecorp.b612.android, com.campmobile.snow, com.google.android.apps.tachyon]
11-06 22:29:01.447 V/GraphicsEnvironment(13582):   angle_gl_driver_selection_values=[angle, native, native, native]
11-06 22:29:01.447 V/GraphicsEnvironment(13582): com.android.providers.contacts is not listed in per-application setting
11-06 22:29:01.447 V/GraphicsEnvironment(13582): ANGLE allowlist from config: 
11-06 22:29:01.447 V/GraphicsEnvironment(13582): com.android.providers.contacts is not listed in ANGLE allowlist or settings, returning default
11-06 22:29:01.447 V/GraphicsEnvironment(13582): Neither updatable production driver nor prerelease driver is supported.
11-06 22:29:01.449 D/CAM_ThumbnailUpdater(13506): LoadThumbnailTask: lastUri = content://media/external/video/media/1000004037
11-06 22:29:01.449 D/CAM_ThumbnailUpdater(13506): LoadThumbnailTask: currentThumbnail = null
11-06 22:29:01.449 D/InsetsController(13506): Setting requestedVisibleTypes to -14 (was -9)
11-06 22:29:01.450 W/WindowManager( 1820): Failed looking up window session=Session{4b8110d 13506:u0a10586} callers=com.android.server.wm.WindowManagerService.windowForClientLocked:6510 com.android.server.wm.Session.updateRequestedVisibleTypes:722 android.view.IWindowSession$Stub.onTransact:1049 
11-06 22:29:01.451 D/CAM_Thumbnail(13506): getLastThumbnailFromFile: version: 3
11-06 22:29:01.451 D/CAM_Thumbnail(13506): getLastThumbnailFromFile: isGif:false
11-06 22:29:01.451 D/CAM_Thumbnail(13506): getLastThumbnailFromFile: gifWidth:-1
11-06 22:29:01.451 D/CAM_Thumbnail(13506): getLastThumbnailFromFile: gifHeight:-1
11-06 22:29:01.451 D/CAM_Thumbnail(13506): getLastThumbnailFromFile: fileSize:6057712
11-06 22:29:01.451 D/CAM_Thumbnail(13506): getLastThumbnailFromFile: isVideo:true
11-06 22:29:01.451 I/d.process.acore(13582): AssetManager2(0xb40000735b812378) locale list changing from [] to [es-ES]
11-06 22:29:01.452 E/CamX    ( 1094): [ERROR][NCS    ] camxncsintfqsee.cpp:2262 FillCaps() Sensor 6 probe failed during boot
11-06 22:29:01.452 E/CamX    ( 1094): [ERROR][STATS_AEC] camxcaecstatsprocessor.cpp:5324 SetupNCSLinkForSensor() CAECLaser: Unable to Query caps sensor type 6 error CamxResultEFailed
11-06 22:29:01.452 E/CamX    ( 1094): [ERROR][STATS_AEC] camxcaecstatsprocessor.cpp:5267 SetupNCSLink() CAECLaser: Unable to Setup NCS Link For Laser Sensor
11-06 22:29:01.452 E/CamX    ( 1094): [ERROR][STATS_AEC] camxcaecstatsprocessor.cpp:5246 Initialize() CAECLaser: Failed setting up NCS link
11-06 22:29:01.452 E/CamX    ( 1094): [ERROR][STATS_AEC] camxcaecstatsprocessor.cpp:215 Initialize() Failed to Initialize Laser
11-06 22:29:01.452 E/CamX    ( 1094): [ERROR][STATS_AEC] camxcaecstatsprocessor.cpp:6635 DoFlickerFFTProcess() DoFlickerFFTProcess enter
11-06 22:29:01.453 D/MediaProvider( 3848): Open with FUSE. FilePath: /storage/emulated/0/DCIM/Camera/VID_20251106_163045.mp4. Uid: 10586. Media Capabilities Uid: 0. ShouldRedact: false. ShouldTranscode: false
11-06 22:29:01.455 D/nativeloader(13582): Configuring clns-shared-10 for other apk /system/priv-app/UserDictionaryProvider/UserDictionaryProvider.apk. target_sdk_version=36, uses_libraries=, library_path=/system/priv-app/UserDictionaryProvider/lib/arm64:/system/lib64:/system_ext/lib64, permitted_path=/data:/mnt/expand:/data/user/0/com.android.providers.userdictionary:/system/priv-app/UserDictionaryProvider:/system/lib64:/system_ext/lib64
11-06 22:29:01.455 I/sscrpcd (  711): vendor/qcom/proprietary/adsprpc/src/apps_std_imp.c:848: Successfully opened file /sys/class/backlight/panel0-backlight/brightness
11-06 22:29:01.456 D/CAM_DragLayout(13506): setDragEnable mDragMode : false, mPromptMode : false,mBar : null,withAnim : false
11-06 22:29:01.456 D/CAM_DragLayout(13506): setState 3
11-06 22:29:01.456 I/CAM_ AdaptiveTv(13506): init:  mMaxFontScale :1.25
11-06 22:29:01.457 I/CAM_ AdaptiveTv(13506): init:  mMaxFontScale :1.25
11-06 22:29:01.458 I/CAM_ AdaptiveTv(13506): init:  mMaxFontScale :1.25
11-06 22:29:01.459 D/BaseDepthController( 2880): mSurface is null and mCurrentBlur is: 0
11-06 22:29:01.459 I/CAM_ AdaptiveTv(13506): init:  mMaxFontScale :1.25
11-06 22:29:01.460 E/CHIUSECASE( 1094): [Eeee] AvailableNodes=ffffff, CurrentNodeType=1000
11-06 22:29:01.460 D/android.hardware.camera.provider@2.4-service_64( 1094): Arcsoft BeautyParams_Debug:read beauty params file success.
11-06 22:29:01.460 I/CAM_ AdaptiveTv(13506): init:  mMaxFontScale :1.25
11-06 22:29:01.461 I/CAM_ AdaptiveTv(13506): init:  mMaxFontScale :1.25
11-06 22:29:01.461 D/CAM_Thumbnail(13506): setFileSize: 6057712, mUri: content://media/external/video/media/1000004037@133588577
11-06 22:29:01.461 D/CAM_Thumbnail(13506): getLastThumbnailFromFile() returned: Thumbnail{mUri=content://media/external/video/media/1000004037, mBitmap=android.graphics.Bitmap@ac215c8, mFromFile=true, mWaitingForUri=false, mIsGif=false, gifWidth=-1, gifHeight=-1, applied=false}
11-06 22:29:01.461 D/CAM_ThumbnailUpdater(13506): LoadThumbnailTask: cached thumbnail = Thumbnail{mUri=content://media/external/video/media/1000004037, mBitmap=android.graphics.Bitmap@ac215c8, mFromFile=true, mWaitingForUri=false, mIsGif=false, gifWidth=-1, gifHeight=-1, applied=false}
11-06 22:29:01.461 D/CAM_Thumbnail(13506): getLastThumbnailFromContentResolver: videoUri = content://media/external/video/media/1000004037
11-06 22:29:01.461 D/CAM_ThumbnailUpdater(13506): LoadThumbnailTask: get last thumbnail from provider. code = -1, thumbnail = Thumbnail{mUri=content://media/external/video/media/1000004037, mBitmap=android.graphics.Bitmap@ac215c8, mFromFile=true, mWaitingForUri=false, mIsGif=false, gifWidth=-1, gifHeight=-1, applied=false}
11-06 22:29:01.461 V/CAM_LifecycleAsyncTask(13506): [WTP]AsyncTask: X. LoadThumbnailTask
11-06 22:29:01.462 D/StartTopBarAdapter(13506): onBindViewHolder
11-06 22:29:01.462 D/StartTopBarAdapter(13506): updateView - anim id = 2131886459
11-06 22:29:01.462 I/StartTopBarAdapter(13506): shouldEnableAnim = false
11-06 22:29:01.462 D/StartTopBarAdapter(13506): showJsonAnimation - anim id = 2131886459 image view = com.android.camera2.compat.theme.custom.mm.top.StrikethroughImageView{6c3d5e0 V.ED..... ......ID 0,0-0,0}
11-06 22:29:01.463 D/EndTopBarAdapter(13506): onBindViewHolder
11-06 22:29:01.463 D/EndTopBarAdapter(13506): updateView - anim id = 0
11-06 22:29:01.464 I/d.process.acore(13582): AssetManager2(0xb40000735b818a98) locale list changing from [] to [es-ES]
11-06 22:29:01.467 D/nativeloader(13582): Configuring clns-shared-11 for other apk /system/priv-app/BlockedNumberProvider/BlockedNumberProvider.apk. target_sdk_version=36, uses_libraries=, library_path=/system/priv-app/BlockedNumberProvider/lib/arm64:/system/lib64:/system_ext/lib64, permitted_path=/data:/mnt/expand:/data/user_de/0/com.android.providers.blockednumber:/system/priv-app/BlockedNumberProvider:/system/lib64:/system_ext/lib64
11-06 22:29:01.469 I/ContactsPerf(13582): VoicemailContentProvider.onCreate start
11-06 22:29:01.471 I/ContactsPerf(13582): VoicemailContentProvider.onCreate finish
11-06 22:29:01.472 I/d.process.acore(13582): AssetManager2(0xb40000735b815ed8) locale list changing from [] to [es-ES]
11-06 22:29:01.473 D/CAM_DragLayout(13506): setDragEnable mDragMode : false, mPromptMode : false,mBar : null,withAnim : false
11-06 22:29:01.474 E/ashmem  (13582): Pinning is deprecated since Android Q. Please use trim or other methods.
11-06 22:29:01.474 D/CAM_ModeSelectViewCV(13506): onGlobalLayout mCurMode 163
11-06 22:29:01.474 I/CAM_ AdaptiveTv(13506): init:  mMaxFontScale :1.25
11-06 22:29:01.474 D/CAM_ModeSelectViewCV(13506): getHeaderOffset w = 1000, itemWidth = 148, textWidth = 80.0
11-06 22:29:01.474 D/CAM_ModeSelectViewCV(13506): res = {1.0 214mcc22mnc [es_ES] ldltr sw393dp w393dp h794dp 440dpi nrml long hdr widecg port night finger -keyb/v/h -nav/h winConfig={ mBounds=Rect(0, 0 - 1080, 2340) mAppBounds=Rect(0, 90 - 1080, 2274) mMaxBounds=Rect(0, 0 - 1080, 2340) mDisplayRotation=ROTATION_0 mWindowingMode=fullscreen mActivityType=standard mAlwaysOnTop=undefined mRotation=ROTATION_0} as.3 s.2 fontWeightAdjustment=0}
11-06 22:29:01.474 D/CAM_ModeSelectViewCV(13506): moveToPosition select pos = 4, offset = 426, mode = 163
11-06 22:29:01.474 D/CAM_FragmentBottomAction(13506): ThumbnailGlobalRect: Rect(64, 1948 - 164, 2048)
11-06 22:29:01.475 D/BaseDepthController( 2880): mSurface is null and mCurrentBlur is: 0
11-06 22:29:01.476 D/nativeloader(13582): Configuring clns-shared-12 for other apk /system/priv-app/E2eeContactKeysProvider/E2eeContactKeysProvider.apk. target_sdk_version=36, uses_libraries=, library_path=/system/priv-app/E2eeContactKeysProvider/lib/arm64:/system/lib64:/system_ext/lib64, permitted_path=/data:/mnt/expand:/data/user/0/com.android.providers.contactkeys:/system/priv-app/E2eeContactKeysProvider:/system/lib64:/system_ext/lib64
11-06 22:29:01.476 I/CAM_PerformanceManager(13506): [P_PERFORM]: Action: 5.1:surfaceViewCreate_163_0 takes 291 ms
11-06 22:29:01.476 I/CAM_CameraRenderEngine(13506): [K_PROCESS]: onSurfaceCreated
11-06 22:29:01.476 D/CAM_Camera@123830004(13506):  surfaceChanged format = 4 width = 1080 height = 2340
11-06 22:29:01.476 I/CAM_CameraRenderEngine(13506): [K_PROCESS]: onSurfaceChanged: 1080x2340
11-06 22:29:01.477 D/CAM_CameraRenderEngine(13506): onSurfaceChanged start
11-06 22:29:01.477 D/CAM_CameraRenderEngine(13506): onSurfaceCreated start on GL Thread
11-06 22:29:01.477 D/CAM_CameraRenderEngine(13506): setPreviewSurface surface=Surface(name=null mNativeObject=-5476376645788516144)/@0x669120d
11-06 22:29:01.477 I/CAM_CameraRenderEngine(13506): mActivity 123830004
11-06 22:29:01.477 D/CAM_CameraRenderEngine(13506): onSurfaceChanged end
11-06 22:29:01.477 V/CAM_CameraScreenNail(13506): acquireSurfaceTexture
11-06 22:29:01.477 D/CAM_STScreenNail(13506): acquireSurfaceTexture: mHasTexture = false
11-06 22:29:01.477 D/CAM_CRE_MIGL(13506): ExtTexture glGenTextures: 1
11-06 22:29:01.477 D/CAM_ExtTexture(13506): texId=1
11-06 22:29:01.477 D/CAM_STScreenNail(13506): acquireSurfaceTexture: setDefaultBufferSize 1080x1440
11-06 22:29:01.477 I/CAM_STScreenNail(13506): fullHandlerCapacity:set urgent display
11-06 22:29:01.477 D/CAM_NailListenerV1(13506): onSurfaceTextureCreated surfaceTexture:android.graphics.SurfaceTexture@da0162f
11-06 22:29:01.477 D/CAM_ActivityBase(13506): updateSurfaceState: 4
11-06 22:29:01.477 D/CAM_Camera2OpenOnSubScribe(13506): onGlSurfaceCreated: mSingleEmitter = true
11-06 22:29:01.478 D/CAM_Camera2OpenOnSubScribe(13506): onGlSurfaceCreated: mSingleEmitter already disposed
11-06 22:29:01.478 V/CAM_BaseModule(13506): checkDisplayOrientation: 0 | 90
11-06 22:29:01.478 V/CAM_FaceView(13506): mCameraDisplayOrientation=90
11-06 22:29:01.478 D/CAM_CameraSizeManager(13506): setVideoSize 1080x1440
11-06 22:29:01.478 D/CAM_u   (13506): updateCameraScreenNailSize: 1440x1080
11-06 22:29:01.478 D/CAM_STScreenNail(13506): setDefaultBufferSize: 1440 | 1080
11-06 22:29:01.478 D/CAM_Camera2Module(13506): updatePreviewSurface: surfaceTexture = android.graphics.SurfaceTexture@da0162f
11-06 22:29:01.478 D/CAM_MiCamera2(13506): E: updateDeferPreviewSession
11-06 22:29:01.478 W/CAM_MiCamera2(13506): X: updateDeferPreviewSession: capture session is not ready
11-06 22:29:01.480 I/Gralloc4(13506): Adding additional valid usage bits: 0x546c08202000
11-06 22:29:01.482 I/PhoneAccountHandleMigrationUtils_CallLogDatabaseHelper(13582): updatePhoneAccountHandleMigrationPendingStatus false
11-06 22:29:01.487 I/PhoneAccountHandleMigrationUtils_CallLogDatabaseHelper(13582): updatePhoneAccountHandleMigrationPendingStatus false
11-06 22:29:01.487 I/ContactsDatabaseHelper(13582): updateUseStrictPhoneNumberComparison: ES
11-06 22:29:01.489 I/CVP     ( 1094): File: vendor/qcom/proprietary/cv-noship/cvp/2.0/src/cpu/platform/android/cvpSession.cpp Line: 173 Function: cvpGetDebugEnable() Msg:  CVP Debug Logs Disabled 
11-06 22:29:01.492 D/BaseDepthController( 2880): mSurface is null and mCurrentBlur is: 0
11-06 22:29:01.493 D/CAM_CRE_MIGL(13506): ShaderUtil glCreateProgram: 3
11-06 22:29:01.493 D/CAM_CRE_MIGL(13506): ShaderUtil glDeleteShader: 1
11-06 22:29:01.495 D/CAM_CRE_MIGL(13506): ShaderUtil glDeleteShader: 2
11-06 22:29:01.495 D/CAM_EffectRenderGroup(13506): onEffectChanged: EFFECT_CHANGE_FILTER mEffectId = 66048
11-06 22:29:01.496 D/CAM_CRE_MIGL(13506): ShaderUtil glCreateProgram: 6
11-06 22:29:01.496 D/BackgroundInstallControlService( 1820): Package event received: 0
11-06 22:29:01.496 D/BackgroundInstallControlService( 1820): Package event received: 0
11-06 22:29:01.496 I/CVP     ( 1094): File: vendor/qcom/proprietary/cv-noship/cvp/2.0/src/cpu/cvpPower.cpp Line: 621 Function: cvpEstimatePowerDme() Msg: DME Voting
11-06 22:29:01.496 D/BackgroundInstallControlService( 1820): Package event received: 0
11-06 22:29:01.496 I/CVP     ( 1094): File: vendor/qcom/proprietary/cv-noship/cvp/2.0/src/cpu/cvpPower.cpp Line: 1573 Function: cvpAggreatePower() Msg: After aggregation
11-06 22:29:01.496 D/BackgroundInstallControlService( 1820): Package event received: 0
11-06 22:29:01.496 I/CVP     ( 1094): File: vendor/qcom/proprietary/cv-noship/cvp/2.0/src/cpu/cvpPower.cpp Line: 85 Function: cvpPrintPower() Msg: Actual      Clock: Fdu 18003600, Ica 2703360, Od 0, Mpu 0, Fw 50400000
11-06 22:29:01.496 I/CVP     ( 1094): File: vendor/qcom/proprietary/cv-noship/cvp/2.0/src/cpu/cvpPower.cpp Line: 89 Function: cvpPrintPower() Msg: Operational Clock: Fdu 18003600, Ica 2703360, Od 0, Mpu 0, Fw 50400000
11-06 22:29:01.496 I/CVP     ( 1094): File: vendor/qcom/proprietary/cv-noship/cvp/2.0/src/cpu/cvpPower.cpp Line: 91 Function: cvpPrintPower() Msg: Actual     Bw: Ddr 72464940, SysCache 0
11-06 22:29:01.496 I/CVP     ( 1094): File: vendor/qcom/proprietary/cv-noship/cvp/2.0/src/cpu/cvpPower.cpp Line: 93 Function: cvpPrintPower() Msg: Opeational Bw: Ddr 72464940, SysCache 0
11-06 22:29:01.496 I/CVP     ( 1094): File: vendor/qcom/proprietary/cv-noship/cvp/2.0/src/cpu/cvpPvtUtils.cpp Line: 138 Function: cvpSetPower() Msg: Update power to KMD
11-06 22:29:01.496 I/CVP     ( 1094): File: vendor/qcom/proprietary/cv-noship/cvp/2.0/src/cpu/cvpPower.cpp Line: 85 Function: cvpPrintPower() Msg: Actual      Clock: Fdu 18003600, Ica 2703360, Od 0, Mpu 0, Fw 50400000
11-06 22:29:01.496 I/CVP     ( 1094): File: vendor/qcom/proprietary/cv-noship/cvp/2.0/src/cpu/cvpPower.cpp Line: 89 Function: cvpPrintPower() Msg: Operational Clock: Fdu 18003600, Ica 2703360, Od 0, Mpu 0, Fw 50400000
11-06 22:29:01.496 I/CVP     ( 1094): File: vendor/qcom/proprietary/cv-noship/cvp/2.0/src/cpu/cvpPower.cpp Line: 91 Function: cvpPrintPower() Msg: Actual     Bw: Ddr 72464940, SysCache 0
11-06 22:29:01.496 I/CVP     ( 1094): File: vendor/qcom/proprietary/cv-noship/cvp/2.0/src/cpu/cvpPower.cpp Line: 93 Function: cvpPrintPower() Msg: Opeational Bw: Ddr 72464940, SysCache 0
11-06 22:29:01.496 D/CAM_CRE_MIGL(13506): ShaderUtil glDeleteShader: 4
11-06 22:29:01.496 D/CAM_CRE_MIGL(13506): ShaderUtil glDeleteShader: 5
11-06 22:29:01.496 D/CAM_CameraRenderEngine(13506): onSurfaceCreated end on GL Thread
11-06 22:29:01.496 D/CAM_CameraRenderEngine(13506): onSurfaceChanged start on GL Thread
11-06 22:29:01.497 V/CAM_CameraScreenNail(13506): acquireSurfaceTexture
11-06 22:29:01.497 D/CAM_STScreenNail(13506): acquireSurfaceTexture: mHasTexture = true
11-06 22:29:01.497 D/CAM_ActivityBase(13506): updateSurfaceState: 4
11-06 22:29:01.497 D/CAM_Camera2OpenOnSubScribe(13506): onGlSurfaceCreated: mSingleEmitter = true
11-06 22:29:01.497 D/CAM_Camera2OpenOnSubScribe(13506): onGlSurfaceCreated: mSingleEmitter already disposed
11-06 22:29:01.497 V/CAM_BaseModule(13506): checkDisplayOrientation: 0 | 90
11-06 22:29:01.497 V/CAM_FaceView(13506): mCameraDisplayOrientation=90
11-06 22:29:01.497 D/CAM_CameraSizeManager(13506): setVideoSize 1080x1440
11-06 22:29:01.497 D/CAM_u   (13506): updateCameraScreenNailSize: 1440x1080
11-06 22:29:01.497 D/CAM_STScreenNail(13506): setDefaultBufferSize: 1440 | 1080
11-06 22:29:01.497 D/CAM_Camera2Module(13506): updatePreviewSurface: surfaceTexture = android.graphics.SurfaceTexture@da0162f
11-06 22:29:01.497 D/CAM_MiCamera2(13506): E: updateDeferPreviewSession
11-06 22:29:01.497 W/CAM_MiCamera2(13506): X: updateDeferPreviewSession: capture session is not ready
11-06 22:29:01.497 D/CAM_CameraRenderEngine(13506): onSurfaceChanged requestRender mRenderRequested=false
11-06 22:29:01.497 D/CAM_CameraRenderEngine(13506): onSurfaceChanged end on GL Thread
11-06 22:29:01.497 D/CAM_CameraRenderEngine(13506): getWindowSurface start, updated=true surface=Surface(name=null mNativeObject=-5476376645788516144)/@0x669120d
11-06 22:29:01.497 D/CAM_CameraRenderEngine(13506): getEglWindowSurfaceAttributes: NONE
11-06 22:29:01.497 D/CAM_CRE_EglWindowSurface(13506): EglWindowSurface init start
11-06 22:29:01.498 D/CAM_CRE_EglCore(13506): createWindowSurfaceInner -5476376652230942064
11-06 22:29:01.498 D/CAM_CRE_EglWindowSurface(13506): EglWindowSurface init end
11-06 22:29:01.498 D/CAM_CameraRenderEngine(13506): getWindowSurface end, cost=1
11-06 22:29:01.498 V/CAM_CameraRenderEngine(13506): onDrawFrame rendering count:0
11-06 22:29:01.498 W/CAM_CameraScreenNail(13506): draw: firstFrame=false surface=android.graphics.SurfaceTexture@da0162f
11-06 22:29:01.498 I/ContactsDatabaseHelper(13582): updateUseStrictPhoneNumberComparison: ES
11-06 22:29:01.500 D/CAM_ActivityBase(13506): onCameraUnavailable: 0
11-06 22:29:01.500 D/CAM_ActivityBase(13506): onCameraAvailable: 1
11-06 22:29:01.500 D/CAM_ActivityBase(13506): onCameraAvailable: 2
11-06 22:29:01.500 D/CAM_ActivityBase(13506): onCameraAvailable: 3
11-06 22:29:01.500 D/CAM_ActivityBase(13506): onCameraAvailable: 4
11-06 22:29:01.500 D/CAM_ActivityBase(13506): onCameraAvailable: 5
11-06 22:29:01.500 D/CAM_ActivityBase(13506): onCameraAvailable: 6
11-06 22:29:01.500 D/CAM_ActivityBase(13506): onCameraAvailable: 7
11-06 22:29:01.500 D/CAM_ActivityBase(13506): onCameraAvailable: 8
11-06 22:29:01.500 D/CAM_ActivityBase(13506): onCameraAvailable: 9
11-06 22:29:01.500 D/CAM_ActivityBase(13506): onCameraAvailable: 10
11-06 22:29:01.500 D/CAM_BatteryDetector(13506): onReceive battery = 80 cutoff = false
11-06 22:29:01.500 D/CAM_BatteryDetector(13506): onBatteryNotification action=0 caller = d.c.a.j3.k(Unknown Source:19), d.c.a.j3.c(Unknown Source:0), d.c.a.j3$a.onReceive(Unknown Source:122), android.app.LoadedApk$ReceiverDispatcher$Args.lambda$getRunnable$0(LoadedApk.java:1839), android.app.LoadedApk$ReceiverDispatcher$Args.$r8$lambda$mcNAAl1SQ4MyJPyDg8TJ2x2h0Rk(Unknown Source:0), 
11-06 22:29:01.501 D/CAM_DragLayout(13506): setDragEnable mDragMode : false, mPromptMode : false,mBar : null,withAnim : false
11-06 22:29:01.502 D/CAM_Camera@123830004(13506): showGuide = 163  isCtsCall = false
11-06 22:29:01.502 I/CAM_PermissionManager(13506): getNeedCheckPermissionList() listSize =0
11-06 22:29:01.502 I/CAM_PermissionManager(13506): checkCameraLocationPermissions(), all on
11-06 22:29:01.502 I/CAM_PermissionManager(13506): getNeedCheckPermissionList() listSize =0
11-06 22:29:01.502 I/CAM_PermissionManager(13506): checkCameraLaunchPermissions(), all on
11-06 22:29:01.502 D/CAM_ThumbnailUpdater(13506): LoadThumbnailTask onPostExecute, thumbnail is Thumbnail{mUri=content://media/external/video/media/1000004037, mBitmap=android.graphics.Bitmap@ac215c8, mFromFile=true, mWaitingForUri=false, mIsGif=false, gifWidth=-1, gifHeight=-1, applied=false}, not canceled, noNeedUpdateThumbnail is false
11-06 22:29:01.502 D/CAM_ThumbnailUpdater(13506): LoadThumbnailTask: thumbnail on task complete: null
