--------- beginning of main
11-13 19:46:45.436  1100  3314 I vendor.qti.bluetooth@1.0-ibs_handler: ProcessIbsCmd: Received IBS_WAKE_IND: 0xFD
11-13 19:46:45.437  1100  3314 D vendor.qti.bluetooth@1.0-ibs_handler: SerialClockVote: vote for UART CLK ON
11-13 19:46:45.437  1100  3314 D vendor.qti.bluetooth@1.0-wake_lock: Acquire wakelock is acquired 
11-13 19:46:45.437  1100  3314 I vendor.qti.bluetooth@1.0-ibs_handler: ProcessIbsCmd: Writing IBS_WAKE_ACK
11-13 19:46:45.518  1100  3314 I vendor.qti.bluetooth@1.0-ibs_handler: ProcessIbsCmd: Received IBS_SLEEP_IND: 0xFE
11-13 19:46:45.518  1100  3314 D vendor.qti.bluetooth@1.0-ibs_handler: SerialClockVote: vote for UART CLK OFF
11-13 19:46:45.586  1100  3314 I vendor.qti.bluetooth@1.0-ibs_handler: ProcessIbsCmd: Received IBS_WAKE_IND: 0xFD
11-13 19:46:45.586  1100  3314 D vendor.qti.bluetooth@1.0-ibs_handler: SerialClockVote: vote for UART CLK ON
11-13 19:46:45.586  1100  3314 I vendor.qti.bluetooth@1.0-ibs_handler: ProcessIbsCmd: Writing IBS_WAKE_ACK
11-13 19:46:45.641  1251  3025 W ServiceManagerCppClient: Waited one second for stats (is service started? Number of threads started in the threadpool: 6. Are binder threads started and available?)
11-13 19:46:45.667  1100  3314 I vendor.qti.bluetooth@1.0-ibs_handler: ProcessIbsCmd: Received IBS_SLEEP_IND: 0xFE
11-13 19:46:45.667  1100  3314 D vendor.qti.bluetooth@1.0-ibs_handler: SerialClockVote: vote for UART CLK OFF
11-13 19:46:45.817  1100  3107 D vendor.qti.bluetooth@1.0-wake_lock: Release wakelock is released 
11-13 19:46:45.879  7320  8065 E msgr.msys: E[N MQTT]onConnectError(562)=>Connect Error: folly::AsyncSocketException: AsyncSocketException: connect failed, type = Socket not open, errno = 110 (Connection timed out)
11-13 19:46:45.885  1539  8436 W ServiceManagerCppClient: Waited one second for stats (is service started? Number of threads started in the threadpool: 17. Are binder threads started and available?)
--------- beginning of system
11-13 19:46:45.970  1803  1803 D LoadedApk: Receiver not registered: com.android.server.UiModeManagerService$8@33c35a0
11-13 19:46:45.970  2893  2893 D QtiCarrierConfigHelper: WARNING, no carrier configs on phone Id: 1
11-13 19:46:45.972  1803  2605 D BackgroundInstallControlService: Package event received: 0
11-13 19:46:45.974  1803  2605 D BackgroundInstallControlService: Package event received: 0
11-13 19:46:46.219  1803  2590 W ServiceManagerCppClient: Waited one second for stats (is service started? Number of threads started in the threadpool: 32. Are binder threads started and available?)
11-13 19:46:46.320  1100  3314 I vendor.qti.bluetooth@1.0-ibs_handler: ProcessIbsCmd: Received IBS_WAKE_IND: 0xFD
11-13 19:46:46.321  1100  3314 D vendor.qti.bluetooth@1.0-ibs_handler: SerialClockVote: vote for UART CLK ON
11-13 19:46:46.321  1100  3314 D vendor.qti.bluetooth@1.0-wake_lock: Acquire wakelock is acquired 
11-13 19:46:46.321  1100  3314 I vendor.qti.bluetooth@1.0-ibs_handler: ProcessIbsCmd: Writing IBS_WAKE_ACK
11-13 19:46:46.368 14795 14894 I GH.ConnLoggerV2: Session 836905f1-35ee-4709-81e4-98f0b30e2fc8 expired
11-13 19:46:46.368 14795 14894 I GH.ConnLoggerV2: Session 836905f1-35ee-4709-81e4-98f0b30e2fc8, event 8, detail OptionalInt.empty, SESSION_EXPIRED, at 448973 
11-13 19:46:46.393   669   669 I hwservicemanager: getTransport: Cannot find entry vendor.qti.hardware.servicetracker@1.0::IServicetracker/default in either framework or device VINTF manifest.
11-13 19:46:46.400 14795 20581 W Binder  : Caught a RuntimeException from the binder stub implementation.
11-13 19:46:46.400 14795 20581 W Binder  : java.lang.UnsupportedOperationException
11-13 19:46:46.400 14795 20581 W Binder  : 	at pwh.a(SourceFile:3)
11-13 19:46:46.400 14795 20581 W Binder  : 	at pwh.cX(SourceFile:34)
11-13 19:46:46.400 14795 20581 W Binder  : 	at gkh.onTransact(SourceFile:21)
11-13 19:46:46.400 14795 20581 W Binder  : 	at android.os.Binder.execTransactInternal(Binder.java:1426)
11-13 19:46:46.400 14795 20581 W Binder  : 	at android.os.Binder.execTransact(Binder.java:1365)
11-13 19:46:46.401  1100  3314 I vendor.qti.bluetooth@1.0-ibs_handler: ProcessIbsCmd: Received IBS_SLEEP_IND: 0xFE
11-13 19:46:46.402  1100  3314 D vendor.qti.bluetooth@1.0-ibs_handler: SerialClockVote: vote for UART CLK OFF
11-13 19:46:46.472  9995  9995 D MiuiGallery2_BatteryMonitor: [main] - ACTION_BATTERY_CHANGED, plugged:true
11-13 19:46:46.472  9995  9995 D MiuiGallery2_BatteryMonitor: [main] - power is connected
11-13 19:46:46.555  1100  3107 D vendor.qti.bluetooth@1.0-wake_lock: Release wakelock is released 
11-13 19:46:46.563  3916  9980 I IPCThreadState: oneway function results for code 2 on binder at 0xb400006e37d6d870 will be dropped but finished with status UNKNOWN_TRANSACTION
11-13 19:46:46.563   669   669 I hwservicemanager: getTransport: Cannot find entry vendor.qti.hardware.servicetracker@1.0::IServicetracker/default in either framework or device VINTF manifest.
11-13 19:46:46.565   669   669 I hwservicemanager: getTransport: Cannot find entry vendor.qti.hardware.servicetracker@1.0::IServicetracker/default in either framework or device VINTF manifest.
11-13 19:46:46.571  4707  4707 I AstreaGrpcService: AstreaGrpcService#onDestroy called.
11-13 19:46:46.598 12442 12693 W LibevQuicAsyncUDPSocket.h: setTosOrTrafficClass not implemented in LibevQuicAsyncUDPSocket
11-13 19:46:46.609 12442 12693 E MvfstCallbacks.cpp: onConnectionSetupError: error=TransportError: Internal Error, Error on socket write Operation not permitted, 
11-13 19:46:46.610 12442 12693 W LibevQuicAsyncUDPSocket.h: setTosOrTrafficClass not implemented in LibevQuicAsyncUDPSocket
11-13 19:46:46.621 12442 12693 E MvfstCallbacks.cpp: onConnectionSetupError: error=TransportError: Internal Error, Error on socket write Operation not permitted, 
11-13 19:46:46.642  1251  3025 W ServiceManagerCppClient: Waited one second for stats (is service started? Number of threads started in the threadpool: 6. Are binder threads started and available?)
11-13 19:46:46.713 12442 12693 W LibevQuicAsyncUDPSocket.h: setTosOrTrafficClass not implemented in LibevQuicAsyncUDPSocket
11-13 19:46:46.724 12442 12693 E MvfstCallbacks.cpp: onConnectionSetupError: error=TransportError: Internal Error, Error on socket write Operation not permitted, 
11-13 19:46:46.724 12442 12693 W LibevQuicAsyncUDPSocket.h: setTosOrTrafficClass not implemented in LibevQuicAsyncUDPSocket
11-13 19:46:46.733 12442 12693 E MvfstCallbacks.cpp: onConnectionSetupError: error=TransportError: Internal Error, Error on socket write Operation not permitted, 
11-13 19:46:46.887  1539  8436 W ServiceManagerCppClient: Waited one second for stats (is service started? Number of threads started in the threadpool: 17. Are binder threads started and available?)
11-13 19:46:47.056  1100  3314 I vendor.qti.bluetooth@1.0-ibs_handler: ProcessIbsCmd: Received IBS_WAKE_IND: 0xFD
11-13 19:46:47.056  1100  3314 D vendor.qti.bluetooth@1.0-ibs_handler: SerialClockVote: vote for UART CLK ON
11-13 19:46:47.056  1100  3314 D vendor.qti.bluetooth@1.0-wake_lock: Acquire wakelock is acquired 
11-13 19:46:47.056  1100  3314 I vendor.qti.bluetooth@1.0-ibs_handler: ProcessIbsCmd: Writing IBS_WAKE_ACK
11-13 19:46:47.060 20842 20903 W Binder  : Caught a RuntimeException from the binder stub implementation.
11-13 19:46:47.060 20842 20903 W Binder  : java.lang.UnsupportedOperationException
11-13 19:46:47.060 20842 20903 W Binder  : 	at cal.aado.b(PG:3)
11-13 19:46:47.060 20842 20903 W Binder  : 	at cal.aadq.S(PG:58)
11-13 19:46:47.060 20842 20903 W Binder  : 	at cal.hlk.onTransact(PG:21)
11-13 19:46:47.060 20842 20903 W Binder  : 	at android.os.Binder.execTransactInternal(Binder.java:1426)
11-13 19:46:47.060 20842 20903 W Binder  : 	at android.os.Binder.execTransact(Binder.java:1365)
11-13 19:46:47.062  3176 20498 I NearbyMediums: Triggered instant on lost for service id : NearbySharing with hash [ 0xa0 0x52 0x75 0xee ]
11-13 19:46:47.062  3176 20834 I NearbyConnections: Processing instant lost on BlePeripheral BlePeripheral{advertisement=BleAdvertisement { version=2, socketVersion=2, isFast=true, serviceIdHash=null, data=[ 0x23 0x4a 0x34 0x50 0x51 0x11 0x32 0x79 0xd4 0x5d 0xcf 0xe0 0x6a 0x0a 0xe0 0x82 0x4f 0x2d 0xa4 0xd0 0xe2 0x21 0x8e ], deviceToken=[ 0x83 0xa5 ], rxAdvertisement=null }, dctAdvertisement=null, address=null, psm=0, deviceToken=<ByteString@786b04e size=2 contents="\203\245">, isSecondProfile=false, rxInstantConnectionAdv=null}.
11-13 19:46:47.063  3176 20834 I NearbyConnections: Remove entry from BleAdvertisementProcessor bleEndpoints.
11-13 19:46:47.064  3176 20834 I NearbyConnections: ClientProxy(149621393) reporting onEndpointLost(J4PQ)
11-13 19:46:47.065  3176 20834 I NearbySharing: NearbySharing Internal event EndpointLost(endpointId=J4PQ)
11-13 19:46:47.215  1100  3314 I vendor.qti.bluetooth@1.0-ibs_handler: ProcessIbsCmd: Received IBS_SLEEP_IND: 0xFE
11-13 19:46:47.215  1100  3314 D vendor.qti.bluetooth@1.0-ibs_handler: SerialClockVote: vote for UART CLK OFF
11-13 19:46:47.222  1803  2590 W ServiceManagerCppClient: Waited one second for stats (is service started? Number of threads started in the threadpool: 32. Are binder threads started and available?)
11-13 19:46:47.283  3176  9410 I NearbyMediums: Found Fast Ble Advertisements :
11-13 19:46:47.283  3176  9410 I NearbyMediums: BleAdvertisement { version=2, socketVersion=2, isFast=true, serviceIdHash=null, data=[ 0x23 0x4a 0x34 0x50 0x51 0x11 0x32 0x79 0xd4 0x5d 0xcf 0xe0 0x6a 0x0a 0xe0 0x82 0x4f 0x2d 0xa4 0xd0 0xe2 0x21 0x8e ], deviceToken=[ 0x83 0xa5 ], rxAdvertisement=null } : 3 times.
11-13 19:46:47.283  3176  9410 I NearbyMediums: Total 3 fast advertisements from 1 unique advertisers.
11-13 19:46:47.283  3176  9410 I NearbyMediums: Current Tracked Scanning Clients are : {NearbyConnections.EnvironmentMonitor, NearbySharing}
11-13 19:46:47.366  1100  3107 D vendor.qti.bluetooth@1.0-wake_lock: Release wakelock is released 
11-13 19:46:47.416  1135  1154 E WifiHAL : wifi_get_cached_scan_results: Wifi Cached Scan Result not supported by driver
11-13 19:46:47.416  1803  2552 E WifiStaIfaceAidlImpl: getCachedScanData failed with service-specific exception: android.os.ServiceSpecificException:  (code 4)
11-13 19:46:47.482  1803  2559 D InetDiagMessage: Destroyed 0 sockets, proto=IPPROTO_TCP, family=AF_INET, states=14
11-13 19:46:47.483  1803  2559 D InetDiagMessage: Destroyed 0 sockets, proto=IPPROTO_TCP, family=AF_INET6, states=14
11-13 19:46:47.483  1803  2559 D InetDiagMessage: Destroyed live tcp sockets for uids={10651} in 3ms
11-13 19:46:47.485  1803  2559 D InetDiagMessage: Destroyed 0 sockets, proto=IPPROTO_TCP, family=AF_INET, states=14
11-13 19:46:47.487  1803  2559 D InetDiagMessage: Destroyed 0 sockets, proto=IPPROTO_TCP, family=AF_INET6, states=14
11-13 19:46:47.487  1803  2559 D InetDiagMessage: Destroyed live tcp sockets for uids={20651} in 3ms
11-13 19:46:47.629  2893  2893 D QtiCarrierConfigHelper: WARNING, no carrier configs on phone Id: 1
11-13 19:46:47.630  1803  1803 D LoadedApk: Receiver not registered: com.android.server.UiModeManagerService$8@33c35a0
11-13 19:46:47.643  1251  3025 W ServiceManagerCppClient: Waited one second for stats (is service started? Number of threads started in the threadpool: 6. Are binder threads started and available?)
11-13 19:46:47.654  1100  3314 I vendor.qti.bluetooth@1.0-ibs_handler: ProcessIbsCmd: Received IBS_WAKE_IND: 0xFD
11-13 19:46:47.654  1100  3314 D vendor.qti.bluetooth@1.0-ibs_handler: SerialClockVote: vote for UART CLK ON
11-13 19:46:47.654  1100  3314 D vendor.qti.bluetooth@1.0-wake_lock: Acquire wakelock is acquired 
11-13 19:46:47.655  1100  3314 I vendor.qti.bluetooth@1.0-ibs_handler: ProcessIbsCmd: Writing IBS_WAKE_ACK
11-13 19:46:47.735  1100  3314 I vendor.qti.bluetooth@1.0-ibs_handler: ProcessIbsCmd: Received IBS_SLEEP_IND: 0xFE
11-13 19:46:47.735  1100  3314 D vendor.qti.bluetooth@1.0-ibs_handler: SerialClockVote: vote for UART CLK OFF
11-13 19:46:47.753  1100  3314 I vendor.qti.bluetooth@1.0-ibs_handler: ProcessIbsCmd: Received IBS_WAKE_IND: 0xFD
11-13 19:46:47.753  1100  3314 D vendor.qti.bluetooth@1.0-ibs_handler: SerialClockVote: vote for UART CLK ON
11-13 19:46:47.753  1100  3314 I vendor.qti.bluetooth@1.0-ibs_handler: ProcessIbsCmd: Writing IBS_WAKE_ACK
11-13 19:46:47.853  1100  3314 I vendor.qti.bluetooth@1.0-ibs_handler: ProcessIbsCmd: Received IBS_SLEEP_IND: 0xFE
11-13 19:46:47.853  1100  3314 D vendor.qti.bluetooth@1.0-ibs_handler: SerialClockVote: vote for UART CLK OFF
11-13 19:46:47.888  1539  8436 W ServiceManagerCppClient: Waited one second for stats (is service started? Number of threads started in the threadpool: 17. Are binder threads started and available?)
11-13 19:46:48.003  1100  3107 D vendor.qti.bluetooth@1.0-wake_lock: Release wakelock is released 
11-13 19:46:48.135  9995  9995 D MiuiGallery2_BatteryMonitor: [main] - ACTION_BATTERY_CHANGED, plugged:true
11-13 19:46:48.135  9995  9995 D MiuiGallery2_BatteryMonitor: [main] - power is connected
11-13 19:46:48.223  1803  2590 W ServiceManagerCppClient: Waited one second for stats (is service started? Number of threads started in the threadpool: 32. Are binder threads started and available?)
11-13 19:46:48.239  1803  1903 V DisplayPowerController[0]: Brightness [0.08599261] reason changing to: 'manual', previous reason: 'manual [ dim ]'.
11-13 19:46:48.239  1803  1903 I DisplayPowerController[0]: BrightnessEvent: brt=0.08599261 (51.0%), nits= 40.281227, lux=-1.0, reason=manual, strat=FallbackBrightnessStrategy, state=ON, stateReason=KEY, policy=BRIGHT, flags=, initBrt=0.045992613, rcmdBrt=NaN, preBrt=NaN, preLux=0.0, wasShortTermModelActive=false, autoBrightness=false (default), unclampedBrt=0.08599261, hbmMax=1.0, hbmMode=off, thrmMax=1.0, rbcStrength=50, powerFactor=1.0, physDisp=Pantalla integrada(local:4630946545580055169), logicalId=0, slowChange=false, rampSpeed=0.70472443
11-13 19:46:48.277  2944  2944 D b/387844520: getOutlineOffsetX: measured width = 182, mNormalizedIconSize = 167, last updated width = 182
11-13 19:46:48.292  1135  1154 E WifiHAL : wifi_get_cached_scan_results: Wifi Cached Scan Result not supported by driver
11-13 19:46:48.292   669   669 I hwservicemanager: getTransport: Cannot find entry vendor.qti.hardware.servicetracker@1.2::IServicetracker/default in either framework or device VINTF manifest.
11-13 19:46:48.292  1803  2552 E WifiStaIfaceAidlImpl: getCachedScanData failed with service-specific exception: android.os.ServiceSpecificException:  (code 4)
11-13 19:46:48.292  1803  2726 W ActivityTaskManager: servicetracker HIDL not available
11-13 19:46:48.292  1803  2726 E ActivityTaskManager: Unable to get servicetracker HAL instance
11-13 19:46:48.292   669   669 I hwservicemanager: getTransport: Cannot find entry vendor.qti.hardware.servicetracker@1.2::IServicetracker/default in either framework or device VINTF manifest.
11-13 19:46:48.293  1803  2726 W ActivityTaskManager: servicetracker HIDL not available
11-13 19:46:48.293  1803  2726 E ActivityTaskManager: Unable to get servicetracker HAL instance
11-13 19:46:48.293  1803  2726 V GrammaticalInflectionUtils: AttributionSource: android.content.AttributionSource@7ff0be4d does not have READ_SYSTEM_GRAMMATICAL_GENDER permission.
11-13 19:46:48.295  1803  1855 D KernelCpuUidUserSysTimeReader: Removing uids 90000-90000
11-13 19:46:48.295  1803  1855 D KernelCpuUidUserSysTimeReader: Removing uids 99000-99000
11-13 19:46:48.296  1803  2726 E BoostFramework: BoostFramework() : Exception_1 = java.lang.ClassNotFoundException: com.qualcomm.qti.Performance
11-13 19:46:48.297  1803  2726 E BoostFramework: BoostFramework() Ux Perf: Exception = java.lang.ClassNotFoundException: com.qualcomm.qti.UxPerformance
11-13 19:46:48.297  1803  2726 E BoostFramework: BoostFramework() : Exception_1 = java.lang.ClassNotFoundException: com.qualcomm.qti.Performance
11-13 19:46:48.297  1803  2726 E BoostFramework: BoostFramework() Ux Perf: Exception = java.lang.ClassNotFoundException: com.qualcomm.qti.UxPerformance
11-13 19:46:48.299  1803  2445 W ProcessFreezerManager:   unbale to freeze binder: app info: uid=10699, pid=2673, adj=905, frozen=false, services=0, proc name=com.android.permissioncontroller
11-13 19:46:48.299  1803  2445 D ProcessFreezerManager:  *skip freeze process: skip reason: unable to freeze process's binder. app info: uid=10699, pid=2673, adj=905, frozen=false, services=0, proc name=com.android.permissioncontroller
11-13 19:46:48.299  1803  2445 W ProcessFreezerManager:   unbale to freeze binder: app info: uid=10530, pid=3440, adj=905, frozen=false, services=0, proc name=android.process.acore
11-13 19:46:48.299  1803  2445 D ProcessFreezerManager:  *skip freeze process: skip reason: unable to freeze process's binder. app info: uid=10530, pid=3440, adj=905, frozen=false, services=0, proc name=android.process.acore
11-13 19:46:48.299  1803  2445 W ProcessFreezerManager:   unbale to freeze binder: app info: uid=10609, pid=3560, adj=905, frozen=false, services=0, proc name=com.google.android.gms
11-13 19:46:48.299  1803  2445 D ProcessFreezerManager:  *skip freeze process: skip reason: unable to freeze process's binder. app info: uid=10609, pid=3560, adj=905, frozen=false, services=0, proc name=com.google.android.gms
11-13 19:46:48.300  1803  2445 W ProcessFreezerManager:   unbale to freeze binder: app info: uid=10618, pid=4162, adj=905, frozen=false, services=0, proc name=com.google.android.googlequicksearchbox:search
11-13 19:46:48.300  1803  2445 D ProcessFreezerManager:  *skip freeze process: skip reason: unable to freeze process's binder. app info: uid=10618, pid=4162, adj=905, frozen=false, services=0, proc name=com.google.android.googlequicksearchbox:search
11-13 19:46:48.300  1803  2445 W ProcessFreezerManager:   unbale to freeze binder: app info: uid=10728, pid=4202, adj=905, frozen=false, services=2, proc name=com.facebook.katana
11-13 19:46:48.300  1803  2445 D ProcessFreezerManager:  *skip freeze process: skip reason: unable to freeze process's binder. app info: uid=10728, pid=4202, adj=905, frozen=false, services=2, proc name=com.facebook.katana
11-13 19:46:48.300  1803  2445 W ProcessFreezerManager:   unbale to freeze binder: app info: uid=10721, pid=4355, adj=935, frozen=false, services=0, proc name=org.telegram.messenger
11-13 19:46:48.300  1803  2445 D ProcessFreezerManager:  *skip freeze process: skip reason: unable to freeze process's binder. app info: uid=10721, pid=4355, adj=935, frozen=false, services=0, proc name=org.telegram.messenger
11-13 19:46:48.300  1803  2445 W ProcessFreezerManager:   unbale to freeze binder: app info: uid=10611, pid=4707, adj=905, frozen=false, services=0, proc name=com.google.android.as.oss
11-13 19:46:48.300  1803  2445 D ProcessFreezerManager:  *skip freeze process: skip reason: unable to freeze process's binder. app info: uid=10611, pid=4707, adj=905, frozen=false, services=0, proc name=com.google.android.as.oss
11-13 19:46:48.300  1803  2445 W ProcessFreezerManager:   unbale to freeze binder: app info: uid=10535, pid=5956, adj=905, frozen=false, services=0, proc name=com.android.providers.calendar
11-13 19:46:48.300  1803  2445 D ProcessFreezerManager:  *skip freeze process: skip reason: unable to freeze process's binder. app info: uid=10535, pid=5956, adj=905, frozen=false, services=0, proc name=com.android.providers.calendar
11-13 19:46:48.300  1803  2445 W ProcessFreezerManager:   unbale to freeze binder: app info: uid=10605, pid=6147, adj=975, frozen=false, services=0, proc name=com.android.vending:background
11-13 19:46:48.300  1803  2445 D ProcessFreezerManager:  *skip freeze process: skip reason: unable to freeze process's binder. app info: uid=10605, pid=6147, adj=975, frozen=false, services=0, proc name=com.android.vending:background
11-13 19:46:48.301  1803  2445 W ProcessFreezerManager:   unbale to freeze binder: app info: uid=10613, pid=7168, adj=955, frozen=false, services=0, proc name=com.google.android.apps.messaging
11-13 19:46:48.301  1803  2445 D ProcessFreezerManager:  *skip freeze process: skip reason: unable to freeze process's binder. app info: uid=10613, pid=7168, adj=955, frozen=false, services=0, proc name=com.google.android.apps.messaging
11-13 19:46:48.301  1803  2445 W ProcessFreezerManager:   unbale to freeze binder: app info: uid=10731, pid=7320, adj=905, frozen=false, services=2, proc name=com.facebook.orca
11-13 19:46:48.301  1803  2445 D ProcessFreezerManager:  *skip freeze process: skip reason: unable to freeze process's binder. app info: uid=10731, pid=7320, adj=905, frozen=false, services=2, proc name=com.facebook.orca
11-13 19:46:48.301  1803  2445 W ProcessFreezerManager:   unbale to freeze binder: app info: uid=10609, pid=8372, adj=905, frozen=false, services=0, proc name=com.google.android.gms.unstable
11-13 19:46:48.301  1803  2445 D ProcessFreezerManager:  *skip freeze process: skip reason: unable to freeze process's binder. app info: uid=10609, pid=8372, adj=905, frozen=false, services=0, proc name=com.google.android.gms.unstable
11-13 19:46:48.301  1803  2445 W ProcessFreezerManager:   unbale to freeze binder: app info: uid=10575, pid=8981, adj=945, frozen=false, services=0, proc name=com.google.android.apps.turbo:aab
11-13 19:46:48.301  1803  2445 D ProcessFreezerManager:  *skip freeze process: skip reason: unable to freeze process's binder. app info: uid=10575, pid=8981, adj=945, frozen=false, services=0, proc name=com.google.android.apps.turbo:aab
11-13 19:46:48.301  1803  2445 W ProcessFreezerManager:   unbale to freeze binder: app info: uid=10575, pid=9013, adj=975, frozen=false, services=0, proc name=com.google.android.apps.turbo:ssb
11-13 19:46:48.301  1803  2445 D ProcessFreezerManager:  *skip freeze process: skip reason: unable to freeze process's binder. app info: uid=10575, pid=9013, adj=975, frozen=false, services=0, proc name=com.google.android.apps.turbo:ssb
11-13 19:46:48.301  1803  2445 W ProcessFreezerManager:   unbale to freeze binder: app info: uid=10635, pid=9278, adj=985, frozen=false, services=0, proc name=com.google.android.apps.work.clouddpc
11-13 19:46:48.301  1803  2445 D ProcessFreezerManager:  *skip freeze process: skip reason: unable to freeze process's binder. app info: uid=10635, pid=9278, adj=985, frozen=false, services=0, proc name=com.google.android.apps.work.clouddpc
11-13 19:46:48.301  1803  2445 W ProcessFreezerManager:   unbale to freeze binder: app info: uid=10800, pid=9995, adj=915, frozen=false, services=0, proc name=com.miui.gallery
11-13 19:46:48.301  1803  2445 D ProcessFreezerManager:  *skip freeze process: skip reason: unable to freeze process's binder. app info: uid=10800, pid=9995, adj=915, frozen=false, services=0, proc name=com.miui.gallery
11-13 19:46:48.301  1803  2445 W ProcessFreezerManager:   unbale to freeze binder: app info: uid=10773, pid=10089, adj=250, frozen=false, services=1, proc name=com.google.android.apps.tips
11-13 19:46:48.301  1803  2445 D ProcessFreezerManager:  *skip freeze process: skip reason: unable to freeze process's binder. app info: uid=10773, pid=10089, adj=250, frozen=false, services=1, proc name=com.google.android.apps.tips
11-13 19:46:48.301  1803  2445 W ProcessFreezerManager:   unbale to freeze binder: app info: uid=10717, pid=10427, adj=915, frozen=false, services=0, proc name=com.microsoft.bing
11-13 19:46:48.301  1803  2445 D ProcessFreezerManager:  *skip freeze process: skip reason: unable to freeze process's binder. app info: uid=10717, pid=10427, adj=915, frozen=false, services=0, proc name=com.microsoft.bing
11-13 19:46:48.301  1803  2445 W ProcessFreezerManager:   unbale to freeze binder: app info: uid=10778, pid=10442, adj=915, frozen=false, services=0, proc name=com.google.android.apps.magazines
11-13 19:46:48.301  1803  2445 D ProcessFreezerManager:  *skip freeze process: skip reason: unable to freeze process's binder. app info: uid=10778, pid=10442, adj=915, frozen=false, services=0, proc name=com.google.android.apps.magazines
11-13 19:46:48.301  1803  2445 W ProcessFreezerManager:   unbale to freeze binder: app info: uid=10800, pid=10795, adj=915, frozen=false, services=1, proc name=com.miui.gallery:appcustom
11-13 19:46:48.301  1803  2445 D ProcessFreezerManager:  *skip freeze process: skip reason: unable to freeze process's binder. app info: uid=10800, pid=10795, adj=915, frozen=false, services=1, proc name=com.miui.gallery:appcustom
11-13 19:46:48.301  1803  2445 W ProcessFreezerManager:   unbale to freeze binder: app info: uid=10607, pid=11010, adj=975, frozen=false, services=0, proc name=com.google.android.projection.gearhead:car
11-13 19:46:48.301  1803  2445 D ProcessFreezerManager:  *skip freeze process: skip reason: unable to freeze process's binder. app info: uid=10607, pid=11010, adj=975, frozen=false, services=0, proc name=com.google.android.projection.gearhead:car
11-13 19:46:48.302  1803  2445 W ProcessFreezerManager:   unbale to freeze binder: app info: uid=10755, pid=11037, adj=905, frozen=false, services=0, proc name=com.calm.android
11-13 19:46:48.302  1803  2445 D ProcessFreezerManager:  *skip freeze process: skip reason: unable to freeze process's binder. app info: uid=10755, pid=11037, adj=905, frozen=false, services=0, proc name=com.calm.android
11-13 19:46:48.302  1803  2445 W ProcessFreezerManager:   unbale to freeze binder: app info: uid=10757, pid=11366, adj=925, frozen=false, services=1, proc name=com.google.android.apps.tachyon
11-13 19:46:48.302  1803  2445 D ProcessFreezerManager:  *skip freeze process: skip reason: unable to freeze process's binder. app info: uid=10757, pid=11366, adj=925, frozen=false, services=1, proc name=com.google.android.apps.tachyon
11-13 19:46:48.302  1803  2445 W ProcessFreezerManager:   unbale to freeze binder: app info: uid=10753, pid=11487, adj=955, frozen=false, services=0, proc name=com.google.android.GoogleCamera
11-13 19:46:48.302  1803  2445 D ProcessFreezerManager:  *skip freeze process: skip reason: unable to freeze process's binder. app info: uid=10753, pid=11487, adj=955, frozen=false, services=0, proc name=com.google.android.GoogleCamera
11-13 19:46:48.302  1803  2445 W ProcessFreezerManager:   unbale to freeze binder: app info: uid=10770, pid=11766, adj=915, frozen=false, services=0, proc name=com.google.android.apps.youtube.music
11-13 19:46:48.302  1803  2445 D ProcessFreezerManager:  *skip freeze process: skip reason: unable to freeze process's binder. app info: uid=10770, pid=11766, adj=915, frozen=false, services=0, proc name=com.google.android.apps.youtube.music
11-13 19:46:48.302  1803  2445 W ProcessFreezerManager:   unbale to freeze binder: app info: uid=10619, pid=11945, adj=935, frozen=false, services=1, proc name=com.google.android.webview:webview_service
11-13 19:46:48.302  1803  2445 D ProcessFreezerManager:  *skip freeze process: skip reason: unable to freeze process's binder. app info: uid=10619, pid=11945, adj=935, frozen=false, services=1, proc name=com.google.android.webview:webview_service
11-13 19:46:48.302  1803  2445 W ProcessFreezerManager:   unbale to freeze binder: app info: uid=10775, pid=12210, adj=935, frozen=false, services=0, proc name=com.google.android.videos
11-13 19:46:48.302  1803  2445 D ProcessFreezerManager:  *skip freeze process: skip reason: unable to freeze process's binder. app info: uid=10775, pid=12210, adj=935, frozen=false, services=0, proc name=com.google.android.videos
11-13 19:46:48.302  1803  2445 W ProcessFreezerManager:   unbale to freeze binder: app info: uid=10733, pid=12347, adj=905, frozen=false, services=0, proc name=com.google.android.youtube
11-13 19:46:48.302  1803  2445 D ProcessFreezerManager:  *skip freeze process: skip reason: unable to freeze process's binder. app info: uid=10733, pid=12347, adj=905, frozen=false, services=0, proc name=com.google.android.youtube
11-13 19:46:48.302  1803  2445 W ProcessFreezerManager:   unbale to freeze binder: app info: uid=10738, pid=12442, adj=905, frozen=false, services=1, proc name=com.instagram.android
11-13 19:46:48.302  1803  2445 D ProcessFreezerManager:  *skip freeze process: skip reason: unable to freeze process's binder. app info: uid=10738, pid=12442, adj=905, frozen=false, services=1, proc name=com.instagram.android
11-13 19:46:48.302  1803  2445 W ProcessFreezerManager:   unbale to freeze binder: app info: uid=10738, pid=12707, adj=935, frozen=false, services=0, proc name=com.instagram.android:mqtt
11-13 19:46:48.302  1803  2445 D ProcessFreezerManager:  *skip freeze process: skip reason: unable to freeze process's binder. app info: uid=10738, pid=12707, adj=935, frozen=false, services=0, proc name=com.instagram.android:mqtt
11-13 19:46:48.302  1803  2445 W ProcessFreezerManager:   unbale to freeze binder: app info: uid=10745, pid=13172, adj=965, frozen=false, services=0, proc name=com.socialnmobile.dictapps.notepad.color.note
11-13 19:46:48.302  1803  2445 D ProcessFreezerManager:  *skip freeze process: skip reason: unable to freeze process's binder. app info: uid=10745, pid=13172, adj=965, frozen=false, services=0, proc name=com.socialnmobile.dictapps.notepad.color.note
11-13 19:46:48.302  1803  2445 W ProcessFreezerManager:   unbale to freeze binder: app info: uid=10740, pid=13211, adj=955, frozen=false, services=0, proc name=com.ttxapps.drivesync
11-13 19:46:48.302  1803  2445 D ProcessFreezerManager:  *skip freeze process: skip reason: unable to freeze process's binder. app info: uid=10740, pid=13211, adj=955, frozen=false, services=0, proc name=com.ttxapps.drivesync
11-13 19:46:48.302  1803  2445 W ProcessFreezerManager:   unbale to freeze binder: app info: uid=10722, pid=13317, adj=985, frozen=false, services=1, proc name=com.yahoo.mobile.client.android.mail
11-13 19:46:48.302  1803  2445 D ProcessFreezerManager:  *skip freeze process: skip reason: unable to freeze process's binder. app info: uid=10722, pid=13317, adj=985, frozen=false, services=1, proc name=com.yahoo.mobile.client.android.mail
11-13 19:46:48.302  1803  2445 W ProcessFreezerManager:   unbale to freeze binder: app info: uid=10682, pid=14281, adj=935, frozen=false, services=0, proc name=com.wstxda.viper4android
11-13 19:46:48.302  1803  2445 D ProcessFreezerManager:  *skip freeze process: skip reason: unable to freeze process's binder. app info: uid=10682, pid=14281, adj=935, frozen=false, services=0, proc name=com.wstxda.viper4android
11-13 19:46:48.303  1803  2445 W ProcessFreezerManager:   unbale to freeze binder: app info: uid=10607, pid=14795, adj=905, frozen=false, services=1, proc name=com.google.android.projection.gearhead:shared
11-13 19:46:48.303  1803  2445 D ProcessFreezerManager:  *skip freeze process: skip reason: unable to freeze process's binder. app info: uid=10607, pid=14795, adj=905, frozen=false, services=1, proc name=com.google.android.projection.gearhead:shared
11-13 19:46:48.303  1803  2445 W ProcessFreezerManager:   unbale to freeze binder: app info: uid=10595, pid=14915, adj=985, frozen=false, services=0, proc name=com.google.android.apps.wearables.maestro.companion
11-13 19:46:48.303  1803  2445 D ProcessFreezerManager:  *skip freeze process: skip reason: unable to freeze process's binder. app info: uid=10595, pid=14915, adj=985, frozen=false, services=0, proc name=com.google.android.apps.wearables.maestro.companion
11-13 19:46:48.303  1803  2445 W ProcessFreezerManager:   unbale to freeze binder: app info: uid=10715, pid=15121, adj=955, frozen=false, services=0, proc name=com.android.cellbroadcastreceiver.module
11-13 19:46:48.303  1803  2445 D ProcessFreezerManager:  *skip freeze process: skip reason: unable to freeze process's binder. app info: uid=10715, pid=15121, adj=955, frozen=false, services=0, proc name=com.android.cellbroadcastreceiver.module
11-13 19:46:48.303  1803  2445 W ProcessFreezerManager:   unbale to freeze binder: app info: uid=10703, pid=15699, adj=975, frozen=false, services=0, proc name=com.android.adservices.api
11-13 19:46:48.303  1803  2445 D ProcessFreezerManager:  *skip freeze process: skip reason: unable to freeze process's binder. app info: uid=10703, pid=15699, adj=975, frozen=false, services=0, proc name=com.android.adservices.api
11-13 19:46:48.303  1803  2445 W ProcessFreezerManager:   unbale to freeze binder: app info: uid=10640, pid=15822, adj=975, frozen=false, services=0, proc name=com.android.chrome
11-13 19:46:48.303  1803  2445 D ProcessFreezerManager:  *skip freeze process: skip reason: unable to freeze process's binder. app info: uid=10640, pid=15822, adj=975, frozen=false, services=0, proc name=com.android.chrome
11-13 19:46:48.303  1803  2445 W ProcessFreezerManager:   unbale to freeze binder: app info: uid=10618, pid=17477, adj=925, frozen=false, services=0, proc name=com.google.android.googlequicksearchbox:googleapp
11-13 19:46:48.303  1803  2445 D ProcessFreezerManager:  *skip freeze process: skip reason: unable to freeze process's binder. app info: uid=10618, pid=17477, adj=925, frozen=false, services=0, proc name=com.google.android.googlequicksearchbox:googleapp
11-13 19:46:48.303  1803  2445 W ProcessFreezerManager:   unbale to freeze binder: app info: uid=10651, pid=17521, adj=700, frozen=false, services=0, proc name=com.google.android.apps.photos
11-13 19:46:48.303  1803  2445 D ProcessFreezerManager:  *skip freeze process: skip reason: unable to freeze process's binder. app info: uid=10651, pid=17521, adj=700, frozen=false, services=0, proc name=com.google.android.apps.photos
11-13 19:46:48.303  1803  2445 W ProcessFreezerManager:   unbale to freeze binder: app info: uid=99001, pid=17686, adj=975, frozen=false, services=1, proc name=com.google.android.webview:sandboxed_process0:org.chromium.content.app.SandboxedProcessService0:0
11-13 19:46:48.303  1803  2445 D ProcessFreezerManager:  *skip freeze process: skip reason: unable to freeze process's binder. app info: uid=99001, pid=17686, adj=975, frozen=false, services=1, proc name=com.google.android.webview:sandboxed_process0:org.chromium.content.app.SandboxedProcessService0:0
11-13 19:46:48.303  1803  2445 W ProcessFreezerManager:   unbale to freeze binder: app info: uid=10802, pid=18098, adj=965, frozen=false, services=1, proc name=com.adobe.scan.android
11-13 19:46:48.303  1803  2445 D ProcessFreezerManager:  *skip freeze process: skip reason: unable to freeze process's binder. app info: uid=10802, pid=18098, adj=965, frozen=false, services=1, proc name=com.adobe.scan.android
11-13 19:46:48.303  1803  2445 W ProcessFreezerManager:   unbale to freeze binder: app info: uid=10602, pid=18099, adj=905, frozen=false, services=0, proc name=com.google.android.apps.nbu.files
11-13 19:46:48.303  1803  2445 D ProcessFreezerManager:  *skip freeze process: skip reason: unable to freeze process's binder. app info: uid=10602, pid=18099, adj=905, frozen=false, services=0, proc name=com.google.android.apps.nbu.files
11-13 19:46:48.303  1803  2445 W ProcessFreezerManager:   unbale to freeze binder: app info: uid=10650, pid=18396, adj=965, frozen=false, services=0, proc name=com.google.android.contacts
11-13 19:46:48.303  1803  2445 D ProcessFreezerManager:  *skip freeze process: skip reason: unable to freeze process's binder. app info: uid=10650, pid=18396, adj=965, frozen=false, services=0, proc name=com.google.android.contacts
11-13 19:46:48.303  1803  2445 W ProcessFreezerManager:   unbale to freeze binder: app info: uid=10730, pid=18453, adj=965, frozen=false, services=0, proc name=com.google.android.gm
11-13 19:46:48.303  1803  2445 D ProcessFreezerManager:  *skip freeze process: skip reason: unable to freeze process's binder. app info: uid=10730, pid=18453, adj=965, frozen=false, services=0, proc name=com.google.android.gm
11-13 19:46:48.303  1803  2445 W ProcessFreezerManager:   unbale to freeze binder: app info: uid=10746, pid=18652, adj=955, frozen=false, services=1, proc name=com.mdf.repsol
11-13 19:46:48.303  1803  2445 D ProcessFreezerManager:  *skip freeze process: skip reason: unable to freeze process's binder. app info: uid=10746, pid=18652, adj=955, frozen=false, services=1, proc name=com.mdf.repsol
11-13 19:46:48.303  1803  2445 W ProcessFreezerManager:   unbale to freeze binder: app info: uid=10750, pid=18792, adj=955, frozen=false, services=1, proc name=es.dia
11-13 19:46:48.303  1803  2445 D ProcessFreezerManager:  *skip freeze process: skip reason: unable to freeze process's binder. app info: uid=10750, pid=18792, adj=955, frozen=false, services=1, proc name=es.dia
11-13 19:46:48.304  1803  2445 W ProcessFreezerManager:   unbale to freeze binder: app info: uid=10604, pid=18802, adj=945, frozen=false, services=0, proc name=com.google.android.settings.intelligence
11-13 19:46:48.304  1803  2445 D ProcessFreezerManager:  *skip freeze process: skip reason: unable to freeze process's binder. app info: uid=10604, pid=18802, adj=945, frozen=false, services=0, proc name=com.google.android.settings.intelligence
11-13 19:46:48.304  1803  2445 W ProcessFreezerManager:   unbale to freeze binder: app info: uid=10723, pid=19327, adj=905, frozen=false, services=6, proc name=com.alibaba.aliexpresshd:channel
11-13 19:46:48.304  1803  2445 D ProcessFreezerManager:  *skip freeze process: skip reason: unable to freeze process's binder. app info: uid=10723, pid=19327, adj=905, frozen=false, services=6, proc name=com.alibaba.aliexpresshd:channel
11-13 19:46:48.304  1803  2445 W ProcessFreezerManager:   unbale to freeze binder: app info: uid=10723, pid=19501, adj=905, frozen=false, services=0, proc name=com.alibaba.aliexpresshd:support
11-13 19:46:48.304  1803  2445 D ProcessFreezerManager:  *skip freeze process: skip reason: unable to freeze process's binder. app info: uid=10723, pid=19501, adj=905, frozen=false, services=0, proc name=com.alibaba.aliexpresshd:support
11-13 19:46:48.304  1803  2445 W ProcessFreezerManager:   unbale to freeze binder: app info: uid=10723, pid=19519, adj=905, frozen=false, services=0, proc name=com.alibaba.aliexpresshd:tool
11-13 19:46:48.304  1803  2445 D ProcessFreezerManager:  *skip freeze process: skip reason: unable to freeze process's binder. app info: uid=10723, pid=19519, adj=905, frozen=false, services=0, proc name=com.alibaba.aliexpresshd:tool
11-13 19:46:48.304  1803  2445 W ProcessFreezerManager:   unbale to freeze binder: app info: uid=10723, pid=19817, adj=905, frozen=false, services=3, proc name=com.alibaba.aliexpresshd
11-13 19:46:48.304  1803  2445 D ProcessFreezerManager:  *skip freeze process: skip reason: unable to freeze process's binder. app info: uid=10723, pid=19817, adj=905, frozen=false, services=3, proc name=com.alibaba.aliexpresshd
11-13 19:46:48.304  1803  2445 W ProcessFreezerManager:   unbale to freeze binder: app info: uid=10723, pid=20117, adj=905, frozen=false, services=1, proc name=com.alibaba.aliexpresshd:sandboxed_privilege_process0
11-13 19:46:48.304  1803  2445 D ProcessFreezerManager:  *skip freeze process: skip reason: unable to freeze process's binder. app info: uid=10723, pid=20117, adj=905, frozen=false, services=1, proc name=com.alibaba.aliexpresshd:sandboxed_privilege_process0
11-13 19:46:48.304  1803  2445 W ProcessFreezerManager:   unbale to freeze binder: app info: uid=10723, pid=20230, adj=905, frozen=false, services=1, proc name=com.alibaba.aliexpresshd:pushservice
11-13 19:46:48.304  1803  2445 D ProcessFreezerManager:  *skip freeze process: skip reason: unable to freeze process's binder. app info: uid=10723, pid=20230, adj=905, frozen=false, services=1, proc name=com.alibaba.aliexpresshd:pushservice
11-13 19:46:48.304  1803  2445 W ProcessFreezerManager:   unbale to freeze binder: app info: uid=10532, pid=20528, adj=905, frozen=false, services=0, proc name=android.process.media
11-13 19:46:48.304  1803  2445 D ProcessFreezerManager:  *skip freeze process: skip reason: unable to freeze process's binder. app info: uid=10532, pid=20528, adj=905, frozen=false, services=0, proc name=android.process.media
11-13 19:46:48.304  1803  2445 W ProcessFreezerManager:   unbale to freeze binder: app info: uid=10706, pid=20625, adj=905, frozen=false, services=0, proc name=com.android.photopicker
11-13 19:46:48.304  1803  2445 D ProcessFreezerManager:  *skip freeze process: skip reason: unable to freeze process's binder. app info: uid=10706, pid=20625, adj=905, frozen=false, services=0, proc name=com.android.photopicker
11-13 19:46:48.304  1803  2445 W ProcessFreezerManager:   unbale to freeze binder: app info: uid=10644, pid=20842, adj=905, frozen=false, services=0, proc name=com.google.android.calendar
11-13 19:46:48.304  1803  2445 D ProcessFreezerManager:  *skip freeze process: skip reason: unable to freeze process's binder. app info: uid=10644, pid=20842, adj=905, frozen=false, services=0, proc name=com.google.android.calendar
11-13 19:46:48.310  2944  3024 I s.nexuslauncher: AssetManager2(0xb400006f87da0f78) locale list changing from [] to [es-ES]
11-13 19:46:48.315  1803  2726 D ActivityTrigger: ActivityTrigger activityPauseTrigger 
11-13 19:46:48.315   669   669 I hwservicemanager: getTransport: Cannot find entry vendor.qti.hardware.servicetracker@1.2::IServicetracker/default in either framework or device VINTF manifest.
11-13 19:46:48.315  1803  2726 W ActivityTaskManager: servicetracker HIDL not available
11-13 19:46:48.315  1803  2726 E ActivityTaskManager: Unable to get servicetracker HAL instance
11-13 19:46:48.317  2658  2720 I ndroid.systemui: AssetManager2(0xb400006f87daa578) locale list changing from [] to [es-ES]
11-13 19:46:48.321  2658  2689 V WindowManagerShell: Transition requested (#18): android.os.BinderProxy@8d98c86 TransitionRequestInfo { type = OPEN, triggerTask = TaskInfo{userId=0 taskId=880 effectiveUid=10586 displayId=0 isRunning=true baseIntent=Intent { act=android.intent.action.MAIN cat=[android.intent.category.LAUNCHER] flg=0x10200000 cmp=com.android.camera/.Camera } baseActivity=ComponentInfo{com.android.camera/com.android.camera.Camera} topActivity=ComponentInfo{com.android.camera/com.android.camera.Camera} origActivity=null realActivity=ComponentInfo{com.android.camera/com.android.camera.Camera} numActivities=1 lastActiveTime=450922 supportsMultiWindow=true resizeMode=0 isResizeable=true minWidth=-1 minHeight=-1 defaultMinSize=220 token=WCT{android.window.IWindowContainerToken$Stub$Proxy@315d947} topActivityType=1 pictureInPictureParams=null shouldDockBigOverlays=false launchIntoPipHostTaskId=-1 lastParentTaskIdBeforePip=-1 displayCutoutSafeInsets=Rect(0, 90 - 0, 0) topActivityInfo=ActivityInfo{c6b5574 com.android.camera.Camera} launchCookies=[android.os.BinderProxy@974ea9d] positionInParent=Point(0, 0) parentTaskId=-1 isFocused=false isVisible=false isVisibleRequested=false isTopActivityNoDisplay=false isSleeping=false locusId=null displayAreaFeatureId=1 isTopActivityTransparent=false isActivityStackTransparent=false lastNonFullscreenBounds=Rect(273, 642 - 807, 1722) capturedLink=null capturedLinkTimestamp=0 requestedVisibleTypes=-9 topActivityRequestOpenInBrowserEducationTimestamp=0 appCompatTaskInfo=AppCompatTaskInfo { topActivityInSizeCompat=false eligibleForLetterboxEducation= false isLetterboxEducationEnabled= false isLetterboxDoubleTapEnabled= false eligibleForUserAspectRatioButton= false topActivityBoundsLetterboxed= false isFromLetterboxDoubleTap= false topActivityLetterboxVerticalPosition= -1 topActivityLetterboxHorizontalPosition= -1 topActivityLetterboxWidth=-1 topActivityLetterboxHeight=-1 topActivityAppBounds=Rect(0, 90 - 1080, 2274) isUserFullscreenOverrideEnabled=false isSystemFullscreenOverrideEnabled=false hasMinAspectRatioOverride=false topActivityLetterboxBounds=null cameraCompatTaskInfo=CameraCompatTaskInfo { freeformCameraCompatMode=inactive}} topActivityMainWindowFrame=null}, pipChange = null, remoteTransition = RemoteTransition { remoteTransition = android.window.IRemoteTransition$Stub$Proxy@8b1eb12, appThread = android.app.IApplicationThread$Stub$Proxy@b4cc2e3, debugName = QuickstepLaunch }, displayChange = null, flags = 0, debugId = 18 }
11-13 19:46:48.321  2658  2689 D ShellSplitScreen: logExit: no-op, mLoggerSessionId is null
11-13 19:46:48.321  2658  2689 V WindowManagerShell: RemoteTransition directly requested for (#18) android.os.BinderProxy@8d98c86: RemoteTransition { remoteTransition = android.window.IRemoteTransition$Stub$Proxy@8b1eb12, appThread = android.app.IApplicationThread$Stub$Proxy@b4cc2e3, debugName = QuickstepLaunch }
11-13 19:46:48.321  2658  2689 V WindowManagerShell: Transition (#18): request handled by DefaultMixedHandler
11-13 19:46:48.322  1803  2726 I ActivityTaskManager: START u0 {act=android.intent.action.MAIN cat=[android.intent.category.LAUNCHER] flg=0x10200000 xflg=0x4 cmp=com.android.camera/.Camera bnds=[823,1788][1005,1993]} with LAUNCH_SINGLE_TOP from uid 10659 (sr=97804143) (BAL_ALLOW_VISIBLE_WINDOW) result code=0
11-13 19:46:48.322  2944  2944 D StatsLog: LAUNCHER_APP_LAUNCH_TAP
11-13 19:46:48.323  2944  2944 D StatsLog: LAUNCHER_HOTSEAT_RANKED
11-13 19:46:48.323  1803  1839 V GrammaticalInflectionUtils: AttributionSource: android.content.AttributionSource@7ff0be4d does not have READ_SYSTEM_GRAMMATICAL_GENDER permission.
11-13 19:46:48.330  2944  2944 W SplitSelectStateCtor: Missing session instanceIds
11-13 19:46:48.330  2944  2944 D StatsLog: LAUNCHER_SPLIT_SELECTION_EXIT_INTERRUPTED
11-13 19:46:48.331   669   669 I hwservicemanager: getTransport: Cannot find entry vendor.qti.hardware.servicetracker@1.2::IServicetracker/default in either framework or device VINTF manifest.
11-13 19:46:48.331  1803  2935 W ActivityTaskManager: servicetracker HIDL not available
11-13 19:46:48.331  1803  2935 E ActivityTaskManager: Unable to get servicetracker HAL instance
11-13 19:46:48.332  2944  3024 D QuickstepModelDelegate: notifyAppTargetEvent action=1 launchLocation=predictions/hotseat
11-13 19:46:48.332  1803  2935 E BoostFramework: BoostFramework() : Exception_1 = java.lang.ClassNotFoundException: com.qualcomm.qti.Performance
11-13 19:46:48.332  1803  2935 E BoostFramework: BoostFramework() Ux Perf: Exception = java.lang.ClassNotFoundException: com.qualcomm.qti.UxPerformance
11-13 19:46:48.333  1803  2605 D BackgroundInstallControlService: Package event received: 0
11-13 19:46:48.333  1803  2935 D ProcessFreezerManager: Already triggered freeze for com.android.camera
11-13 19:46:48.333  1803  2935 D ProcessFreezerManager: Already triggered freeze for com.android.camera
11-13 19:46:48.338   933   933 D Zygote  : Forked child process 21061
11-13 19:46:48.338  1803  1846 I ActivityManager: Start proc 21061:com.android.camera/u0a586 for next-top-activity {com.android.camera/com.android.camera.Camera}
11-13 19:46:48.339 21061 21061 W Zygote  : Unable to open libbeluga.so: dlopen failed: library "libbeluga.so" not found.
11-13 19:46:48.350  2658  2689 D WindowManagerShell: setLauncherKeepClearAreaHeight: visible=false, height=552
11-13 19:46:48.350  1803  1846 I ActivityManager: ProcessObserver broadcast disabled
11-13 19:46:48.365 21061 21061 I .android.camera: Using CollectorTypeCC GC.
11-13 19:46:48.368  2658 18142 V WindowManagerShell: onTransitionReady(transaction=7743826035640)
11-13 19:46:48.369  1803  1836 V WindowManager: Sent Transition (#18) createdAt=11-13 19:46:48.297 via request=TransitionRequestInfo { type = OPEN, triggerTask = TaskInfo{userId=0 taskId=880 effectiveUid=10586 displayId=0 isRunning=true baseIntent=Intent { act=android.intent.action.MAIN cat=[android.intent.category.LAUNCHER] flg=0x10200000 cmp=com.android.camera/.Camera } baseActivity=ComponentInfo{com.android.camera/com.android.camera.Camera} topActivity=ComponentInfo{com.android.camera/com.android.camera.Camera} origActivity=null realActivity=ComponentInfo{com.android.camera/com.android.camera.Camera} numActivities=1 lastActiveTime=450922 supportsMultiWindow=true resizeMode=0 isResizeable=true minWidth=-1 minHeight=-1 defaultMinSize=220 token=WCT{RemoteToken{2cea0a7 Task{fe36442 #880 type=standard A=10586:com.android.camera}}} topActivityType=1 pictureInPictureParams=null shouldDockBigOverlays=false launchIntoPipHostTaskId=-1 lastParentTaskIdBeforePip=-1 displayCutoutSafeInsets=Rect(0, 90 - 0, 0) topActivityInfo=ActivityInfo{f177954 com.android.camera.Camera} launchCookies=[android.os.BinderProxy@eee70fd] positionInParent=Point(0, 0) parentTaskId=-1 isFocused=false isVisible=false isVisibleRequested=false isTopActivityNoDisplay=false isSleeping=false locusId=null displayAreaFeatureId=1 isTopActivityTransparent=false isActivityStackTransparent=false lastNonFullscreenBounds=Rect(273, 642 - 807, 1722) capturedLink=null capturedLinkTimestamp=0 requestedVisibleTypes=-9 topActivityRequestOpenInBrowserEducationTimestamp=0 appCompatTaskInfo=AppCompatTaskInfo { topActivityInSizeCompat=false eligibleForLetterboxEducation= false isLetterboxEducationEnabled= false isLetterboxDoubleTapEnabled= false eligibleForUserAspectRatioButton= false topActivityBoundsLetterboxed= false isFromLetterboxDoubleTap= false topActivityLetterboxVerticalPosition= -1 topActivityLetterboxHorizontalPosition= -1 topActivityLetterboxWidth=-1 topActivityLetterboxHeight=-1 topActivityAppBounds=Rect(0, 90 - 1080, 2274) isUserFullscreenOverrideEnabled=false isSystemFullscreenOverrideEnabled=false hasMinAspectRatioOverride=false topActivityLetterboxBounds=null cameraCompatTaskInfo=CameraCompatTaskInfo { freeformCameraCompatMode=inactive}} topActivityMainWindowFrame=null}, pipChange = null, remoteTransition = RemoteTransition { remoteTransition = android.window.IRemoteTransition$Stub$Proxy@2a161f2, appThread = android.app.IApplicationThread$Stub$Proxy@dbaa043, debugName = QuickstepLaunch }, displayChange = null, flags = 0, debugId = 18 }
11-13 19:46:48.369  1803  1836 V WindowManager:     startWCT=WindowContainerTransaction { changes= {} hops= [] errorCallbackToken=null taskFragmentOrganizer=null }
11-13 19:46:48.369  1803  1836 V WindowManager:     info={id=18 t=OPEN f=0x0 trk=0 r=[0@Point(0, 0)] c=[
