12-01 07:08:14.217  2949  2949 D BaseDepthController: mSurface is null and mCurrentBlur is: 0
12-01 07:08:14.218 30611 30645 D CAM_MiCamera2: applySettingsForPreview: android.hardware.camera2.CaptureRequest$Builder@98445ec
12-01 07:08:14.218 30611 30645 D CAM_MiCamera2: applyFlashMode: request android.hardware.camera2.CaptureRequest$Builder@98445ec, applyType = 1
12-01 07:08:14.218 30611 30645 D CAM_MiCameraCompat: applyFlashMode: mode = 0
12-01 07:08:14.218 30611 30645 D CAM_MiCamera2: applyFlashMode: flashMode = 0, mScreenLightCallback = d.c.a.q6.q8.q1@b27ddb5
12-01 07:08:14.218 30611 30645 D CAM_CaptureRequestBuilder: applyScreenLightHint(): false
12-01 07:08:14.218 30611 30645 D CAM_CaptureRequestBuilder: applyAFRegions: default 0
12-01 07:08:14.219 30611 30645 D CAM_CaptureRequestBuilder: applyAERegions: default 0
12-01 07:08:14.219 30611 30645 D CAM_MiCameraCompat: applyFaceDetection: false faceDetectMode: 0
12-01 07:08:14.219 30611 30645 D CAM_CaptureRequestBuilder: applyExposureCompensation: 0
12-01 07:08:14.219 30611 30645 D CAM_HybridZoomingSystem: toCropRegion(): zoom ratio = 1.0, crop region = Rect(0, 0 - 6016, 4512)
12-01 07:08:14.219 30611 30645 D CAM_RequestVendorTag: applyCropRegion: rect = Rect(0, 0 - 6016, 4512)
12-01 07:08:14.219 30611 30645 V CAM_CaptureRequestBuilder: applyZoomRatio(): cameraId = 0, zoomRatio = 1.0, activeArraySize = Rect(0, 0 - 6016, 4512), cropRegion = Rect(0, 0 - 6016, 4512)
12-01 07:08:14.219 30611 30645 D CAM_CaptureRequestBuilder: applyAELock: false
12-01 07:08:14.219 30611 30645 D CAM_CaptureRequestBuilder: applyAWBLock: false
12-01 07:08:14.219 30611 30645 D CAM_CaptureRequestBuilder: applyCinematicPhoto: false
12-01 07:08:14.219 30611 30645 D CAM_MiCameraCompat: applyCustomQualityEnable : false
12-01 07:08:14.219 30611 30645 D CAM_MiCameraCompat: applyPureViewEnabled : false
12-01 07:08:14.220 30611 30645 D CAM_CaptureRequestBuilder: APPLY_PREVIEW: false
12-01 07:08:14.220 30611 30645 D CAM_CaptureRequestBuilder: applySuperNightScene: false
12-01 07:08:14.220 30611 30645 D CAM_CaptureRequestBuilder: show debug info as watermark: false
12-01 07:08:14.220 30611 30645 D CAM_CaptureRequestBuilder: applyMiviSuperNight(): unsupported
12-01 07:08:14.220 30611 30645 I CAM_CaptureRequestBuilder: [K_PROCESS]: applySuperResolution: false, applyType = 1, configs d.c.b.g4@91ee7bb, caller > d.c.b.k4.w1(Unknown Source:115), d.c.b.p4.F2(Unknown Source:271), d.c.b.p4.T2(Unknown Source:32), d.c.b.p4.M4(Unknown Source:133), d.c.b.p4.s1(Unknown Source:13), 
12-01 07:08:14.220 30611 30645 V CAM_MiCameraCompat: [K_PROCESS]: applyMfnrEnable: false
12-01 07:08:14.220 30611 30645 D CAM_MiCameraCompat: applySwMfnrEnable: false
12-01 07:08:14.220 30611 30645 D CAM_CaptureRequestBuilder: applySingleBokeh: false
12-01 07:08:14.220 30611 30645 D CAM_CaptureRequestBuilder: applyMacroMode: false
12-01 07:08:14.220 30611 30645 D CAM_MiCameraCompat: applyAiPortraitDeblur: false
12-01 07:08:14.221 30611 30645 E VendorTagDescriptor: lookupTag: Tag name 'ortraitdeblur.enabled' does not exist.
12-01 07:08:14.221 30611 30645 V CAM_MiCameraCompat: [K_PROCESS]: applyStreetShoot: false
12-01 07:08:14.221 30611 30645 D CAM_CameraCapabilities: isSupportNormalWideLDC: true
12-01 07:08:14.221 30611 30645 D CAM_MiCameraCompat: applyNormalWideLDC: false
12-01 07:08:14.221 30611 30645 D CAM_CameraCapabilities: isSupportUltraWideLDC: true
12-01 07:08:14.221 30611 30645 D CAM_MiCameraCompat: applyUltraWideLDC: false
12-01 07:08:14.221 30611 30645 D CAM_CaptureRequestBuilder: applyAELock: false
12-01 07:08:14.221 30611 30645 D CAM_CaptureRequestBuilder: applyAWBLock: false
12-01 07:08:14.221 30611 30645 V CAM_CaptureRequestBuilder: EIS: off
12-01 07:08:14.221 30611 30645 V CAM_CaptureRequestBuilder: OIS: off
12-01 07:08:14.221 30611 30645 D CAM_CaptureRequestBuilder: applyDeviceOrientation: 0
12-01 07:08:14.221 30611 30645 D CAM_CaptureRequestBuilder: applyFpsRange: fpsRange = null
12-01 07:08:14.221 30611 30645 D CAM_MiCameraCompat: applySatFallbackDisable: 0
12-01 07:08:14.221 30611 30645 D CAM_CaptureRequestBuilder: applyAiASDEnable:false
12-01 07:08:14.221 30611 30645 D CAM_CaptureRequestBuilder: applyASDScene: -2
12-01 07:08:14.222 30611 30645 D CAM_CaptureRequestBuilder: applyTrackFocus: false
12-01 07:08:14.222 30611 30645 D CAM_RequestVendorTag: applyTrackFocusEnable: value = false
12-01 07:08:14.222 30611 30645 I CAM_MiCamera2: [K_PROCESS]: startPreviewSession: first add PreviewSurface configuration: size=1440x1080
12-01 07:08:14.222 30611 30645 D CAM_CameraCapabilities: getAiShutterSupport not defined
12-01 07:08:14.222 30611 30645 D CAM_CameraCapabilities: isSupportAiShutter: 0
12-01 07:08:14.222 30611 30645 D CAM_MiCameraCompat: applyAppModule 163
12-01 07:08:14.222 30611 30645 D CAM_MiCamera2: applyConfigurationParam: pid: 30611
12-01 07:08:14.222 30611 30645 E VendorTagDescriptor: lookupTag: Tag name 'processId' does not exist.
12-01 07:08:14.222 30611 30645 D CAM_Camera2CompatAdapter: E: initCameraCapabilitiesByCameraId(): 6
12-01 07:08:14.221 30095 30095 W binder:30095_5: type=1400 audit(0.0:2876): avc:  denied  { read } for  name="u:object_r:system_adbd_prop:s0" dev="tmpfs" ino=2449 scontext=u:r:gmscore_app:s0:c512,c768 tcontext=u:object_r:system_adbd_prop:s0 tclass=file permissive=0 app=com.google.android.gms
12-01 07:08:14.225 30095 30403 W libc    : Access denied finding property "persist.adb.tls_server.enable"
12-01 07:08:14.226 30611 30611 D CAM_FocusView: FocusView: is global animation available: true
12-01 07:08:14.227 30611 30686 V CAM_FocusView: [WTP]drawableInitialize: E
12-01 07:08:14.227 30611 30611 E .android.camera: No package ID ff found for resource ID 0xffffffff.
12-01 07:08:14.227 30611 30611 E .android.camera: No package ID ff found for resource ID 0xffffffff.
12-01 07:08:14.227 30611 30611 E .android.camera: No package ID ff found for resource ID 0xffffffff.
12-01 07:08:14.228 30611 30611 E .android.camera: No package ID ff found for resource ID 0xffffffff.
12-01 07:08:14.228 30611 30611 E .android.camera: No package ID ff found for resource ID 0xffffffff.
12-01 07:08:14.228 30611 30611 E .android.camera: No package ID ff found for resource ID 0xffffffff.
12-01 07:08:14.229 30611 30611 E .android.camera: No package ID ff found for resource ID 0xffffffff.
12-01 07:08:14.229 30611 30611 E .android.camera: No package ID ff found for resource ID 0xffffffff.
12-01 07:08:14.229 30611 30611 E .android.camera: No package ID ff found for resource ID 0xffffffff.
12-01 07:08:14.229 30611 30611 E .android.camera: No package ID ff found for resource ID 0xffffffff.
12-01 07:08:14.229 30611 30611 E .android.camera: No package ID ff found for resource ID 0xffffffff.
12-01 07:08:14.229 30611 30611 E .android.camera: No package ID ff found for resource ID 0xffffffff.
12-01 07:08:14.230 30611 30686 V CAM_FocusView: [WTP]drawableInitialize: X
12-01 07:08:14.230 30611 30645 D CAM_CameraCapabilities: QuickShotDelayTime tag not defined
12-01 07:08:14.230 30611 30645 D CAM_CameraCapabilities: HQQuickShot: mFeatureMask: 0   mDelayTimeMask: 0
12-01 07:08:14.230 30611 30645 D CAM_CameraCapabilities: QuickShotDelayTimeFactor tag not defined
12-01 07:08:14.230 30611 30645 D CAM_CameraCapabilities: QuickShot: mDelayTimeFactor: 100
12-01 07:08:14.230 30611 30645 D CAM_CameraCapabilities: MiviSuperNight: mSuperNightMask: 0
12-01 07:08:14.230 30611 30645 D CAM_CameraCapabilities: QuickShotNextCaptureMask: mQuickShotNextCaptureMask: 0
12-01 07:08:14.230 30611 30645 D CAM_CameraCapabilities: getBeautyVersionData: 3 ,beautyVersion: 3 ,beautyAlgo: 1
12-01 07:08:14.230 30611 30645 D CAM_CameraCapabilities: SnapshotQuickViewStreamMask: 0
12-01 07:08:14.231 30611 30645 D CAM_Camera2CompatAdapter: X: initCameraCapabilitiesByCameraId(): 6
12-01 07:08:14.231 30611 30645 D CAM_CaptureRequestBuilder: applyCinematicVideo: false
12-01 07:08:14.231 30611 30611 D CAM_Camera2CompatAdapter: E: initCameraCapabilitiesByCameraId(): 0
12-01 07:08:14.231 30611 30645 D CAM_MiCameraCompat: applySmoothTransition: true
12-01 07:08:14.231 30611 30645 I CAM_MiCamera2: [K_PROCESS]: startPreviewSession: setup output configuration number: 2
12-01 07:08:14.231 30611 30645 I CAM_PerformanceManager: [P_PERFORM]: Action: 3:cameraOpened2createCaptureSession@0_163_0 takes 148 ms
12-01 07:08:14.233  1556  1556 D Camera3-Utils: Set real time priority for thread (tid 1556)
12-01 07:08:14.234  1106  1106 E CHIUSECASE: [ERROR  ] chxutils.cpp:1656 GetClientName() failed to find tag clientName
12-01 07:08:14.235  2949  2949 D BaseDepthController: mSurface is null and mCurrentBlur is: 0
12-01 07:08:14.236  1106  1106 E CHIUSECASE: [ERROR  ] chxutils.cpp:1661 GetClientName() failed get clientName
12-01 07:08:14.238  1106  1106 E CHIUSECASE: [ERROR  ] chxsensorselectmode.cpp:784 FindBestSensorMode() ***FORCING SENSOR MODE 2  -  W=5792 H=4344
12-01 07:08:14.239 30611 30611 D CAM_CameraCapabilities: QuickShotDelayTime tag not defined
12-01 07:08:14.239 30611 30611 D CAM_CameraCapabilities: HQQuickShot: mFeatureMask: 0   mDelayTimeMask: 0
12-01 07:08:14.239 30611 30611 D CAM_CameraCapabilities: QuickShotDelayTimeFactor tag not defined
12-01 07:08:14.239 30611 30611 D CAM_CameraCapabilities: QuickShot: mDelayTimeFactor: 100
12-01 07:08:14.239 30611 30611 D CAM_CameraCapabilities: MiviSuperNight: mSuperNightMask: 0
12-01 07:08:14.239 30611 30611 D CAM_CameraCapabilities: QuickShotNextCaptureMask: mQuickShotNextCaptureMask: 0
12-01 07:08:14.239 30611 30611 D CAM_CameraCapabilities: getBeautyVersionData: 3 ,beautyVersion: 3 ,beautyAlgo: 1
12-01 07:08:14.239 30611 30611 D CAM_CameraCapabilities: SnapshotQuickViewStreamMask: 0
12-01 07:08:14.239 30611 30611 D CAM_Camera2CompatAdapter: X: initCameraCapabilitiesByCameraId(): 0
12-01 07:08:14.239 30611 30611 D CAM_FocusView: reset: type = 7, is draw = false, mIsTouchFocus = false
12-01 07:08:14.239 30611 30611 D CAM_TrackFocusView: clear
12-01 07:08:14.239 30611 30611 D CAM_TrackFocusView: clear
12-01 07:08:14.239 30611 30611 D CAM_TrackFocusView: setSkipDraw false
12-01 07:08:14.239 30611 30611 D CAM_AbstractFragment: baseUpdateView FragmentMainContentMM, true
12-01 07:08:14.240 30611 30611 D CAM_FragmentTopConfig: showDelayNumber: topMargin = 254, topHeight = 210, fontHeight = 160, viewHeight = 212, offset = 52
12-01 07:08:14.240 30611 30611 D CAM_FragmentBottomPopupTips: onCreate: 
12-01 07:08:14.241 30611 30611 D CAM_AbstractFragment: baseUpdateView FragmentBottomPopupTips, true
12-01 07:08:14.242 30611 30611 D CAM_AbstractFragment: baseUpdateView FragmentReferenceLine, true
12-01 07:08:14.243 30611 30611 D CAM_Camera@85833643: onStart start
12-01 07:08:14.243 30611 30611 D CAM_RenderEngineV1: onResume start
12-01 07:08:14.243 30611 30611 D CAM_RenderEngineV1: onResume end
12-01 07:08:14.243 30611 30611 D CAM_ActivityBase: registerAvailabilityCallback
12-01 07:08:14.243 30611 30611 D CAM_BoostFrameworkImpl: stopBoost
12-01 07:08:14.243 30611 30611 D CAM_BoostFrameworkImpl: ready to stop boost
12-01 07:08:14.243 30611 30611 D CAM_Camera@85833643: onStart end {1.0 214mcc22mnc [es_ES] ldltr sw393dp w393dp h794dp 440dpi nrml long hdr widecg port night finger -keyb/v/h -nav/h winConfig={ mBounds=Rect(0, 0 - 1080, 2340) mAppBounds=Rect(0, 90 - 1080, 2274) mMaxBounds=Rect(0, 0 - 1080, 2340) mDisplayRotation=ROTATION_0 mWindowingMode=fullscreen mActivityType=standard mAlwaysOnTop=undefined mRotation=ROTATION_0} as.3 s.2 fontWeightAdjustment=0}
12-01 07:08:14.243 30611 30611 D CAM_ActivityBase: onStart -
12-01 07:08:14.245 30611 30611 D CAM_ActivityBase: onResume +85833643
12-01 07:08:14.245 30611 30611 D CAM_BoostFrameworkImpl: startBoost: duration = 500, scene = 6
12-01 07:08:14.245 30611 30611 D CAM_BoostFrameworkImpl: ready to boost
12-01 07:08:14.245 30611 30611 D CAM_Camera@85833643: onResume start
12-01 07:08:14.245 30611 30611 I CAM_Camera@85833643: [P_PERFORM]: checkPermissionAndCTA E
12-01 07:08:14.245 30611 30611 I CAM_PermissionManager: getNeedCheckPermissionList() listSize =0
12-01 07:08:14.245 30611 30611 I CAM_PermissionManager: checkCameraLaunchPermissions(), all on
12-01 07:08:14.245 30611 30611 I CAM_PermissionManager: getNeedCheckPermissionList() listSize =0
12-01 07:08:14.245 30611 30611 I CAM_PermissionManager: checkCameraLocationPermissions(), all on
12-01 07:08:14.245 30611 30611 I CAM_PermissionManager: getNeedCheckPermissionList() listSize =0
12-01 07:08:14.245 30611 30611 I CAM_PermissionManager: checkCameraLocationPermissions(), all on
12-01 07:08:14.245 30611 30611 I CAM_Camera@85833643: [P_PERFORM]: checkPermissionAndCTA X
12-01 07:08:14.248 30611 30611 D CAM_Camera@85833643: onResume start
12-01 07:08:14.248 30611 30611 D CAM_Camera@85833643: resume in MultiWindowMode false
12-01 07:08:14.248 30611 30611 D CAM_ActivityBase: isCameraAliveWhenResume: releaseByModule: false, isModuleAlive: true, isCameraDevicesAlive: true
12-01 07:08:14.248 30611 30611 D CAM_Display: is display size change:false
12-01 07:08:14.248 30611 30611 V CAM_AutoLockManager: mHibernationTimeOut = 180000, mScreenOffTimeOut = 15000
12-01 07:08:14.249 30611 30648 V CAM_AutoLockManager: [WTP]updateScreenOffTimeout: E
12-01 07:08:14.249 30611 30691 V CAM_AutoLockManager: [WTP]updateScreenOffTimeout: E
12-01 07:08:14.249 30611 30691 V CAM_AutoLockManager: [WTP]updateScreenOffTimeout: X
12-01 07:08:14.249 30611 30648 V CAM_AutoLockManager: [WTP]updateScreenOffTimeout: X
12-01 07:08:14.249  1137  1137 I sensors-hal: batch:180, android.sensor.accelerometer/76, period=20000000, max_latency=200000000
12-01 07:08:14.252  1137  1137 I sensors-hal: batch:189, android.sensor.accelerometer/76, period=20000000, max_latency=200000000 request completed
12-01 07:08:14.252  1137  1137 I sensors-hal: flush:209, android.sensor.accelerometer/76
12-01 07:08:14.253  1137  1137 I sensors-hal: flush:215, android.sensor.accelerometer/76 completed
12-01 07:08:14.253 30611 30611 D CAM_CameraUtil: clearRotationAnimation
12-01 07:08:14.254 30611 30611 V CAM_ActivityBase: checkGalleryLock: galleryLocked=false
12-01 07:08:14.254 30611 30611 D CAM_CameraIntentManager: start activity when locked: false
12-01 07:08:14.255 30611 30611 D CAM_ActivityBase: checkKeyguard: setShowWhenLocked:false
12-01 07:08:14.255 30611 30611 V CAM_ActivityBase: checkKeyguard: fromKeyguard=false keyguardSecureLocked=false secureUriList is null
12-01 07:08:14.255 30611 30611 V CAM_CameraBrightness: onResume adjustBrightness
12-01 07:08:14.255 30611 30611 D CompatibilityUtils: getSdcardPath: sdcardVolume = null
12-01 07:08:14.255 30611 30611 D CAM_FileCompat: getExtSDCardPaths: activePath = null
12-01 07:08:14.255 30611 30611 D CompatibilityUtils: getSdcardPath: sdcardVolume = null
12-01 07:08:14.255 30611 30611 V CAM_Storage: initStorage sd=null
12-01 07:08:14.256 30611 30611 D CAM_Storage: hasSecondaryStorage=false
12-01 07:08:14.256 30611 30611 D CAM_Storage: hasSecondaryStorage=false
12-01 07:08:14.256 30611 30692 D CAM_CameraBrightness: adjustBrightness: cost=1ms
12-01 07:08:14.256 30611 30611 D CAM_Camera@85833643: resumeCamera: E
12-01 07:08:14.256 30611 30611 D CAM_Camera@85833643: resumeCamera: isSwitchingModule() : true &&  getDisplayFoldState() : true: 
12-01 07:08:14.256 30611 30611 D CAM_DragEventBusImpl: addOnDragListener: Camera@85833643
12-01 07:08:14.256 30611 30611 D CAM_MemoryManager: initLimit: mSavedQueueMemoryLimit = 386043744
12-01 07:08:14.256 30611 30611 D CAM_MemoryManager: initMemory: maxMemory=536870912
12-01 07:08:14.256 30611 30611 V CAM_ImageSaver: onHostResume: isCapture=false
12-01 07:08:14.257 30611 30653 I CAM_Storage: setLeftSpace(43271217152)
12-01 07:08:14.257 30611 30611 I CAM_PermissionManager: getNeedCheckPermissionList() listSize =0
12-01 07:08:14.257 30611 30611 I CAM_PermissionManager: checkCameraLaunchPermissions(), all on
12-01 07:08:14.257 30611 30611 D CAM_CameraIntentManager: camera_launch_source = null
12-01 07:08:14.257 30611 30611 I CAM_PerformanceManager: [P_PERFORM]: not allow traceStart
12-01 07:08:14.257 30611 30684 V CAM_Camera@85833643: [WTP]notifyCameraResume: E
12-01 07:08:14.257 30611 30684 D CAM_SendBroadcastNotifyExternal: notify external(status: start_foreground)
12-01 07:08:14.257 30611 30611 D CAM_Camera@85833643: onResume end
12-01 07:08:14.258 30611 30611 I CAM_PerformanceManager: [P_PERFORM]: Action: resumeActivity@85833643_163_0 takes 12 ms
12-01 07:08:14.258 30611 30611 D CAM_Camera@85833643: onResume end
12-01 07:08:14.258 30611 30611 D CAM_ActivityBase: onResume - version: 5.0.230706.0
12-01 07:08:14.258 30611 30611 D CAM_FragmentBottomAction: initThumbnailAsThumbnail: 
12-01 07:08:14.258 30611 30611 D CAM_FragmentBottomAction: set thumbnail clickable: true
12-01 07:08:14.258 30611 30611 I CAM_PermissionManager: getNeedCheckPermissionList() listSize =0
12-01 07:08:14.258 30611 30611 I CAM_PermissionManager: checkStoragePermissions on
12-01 07:08:14.258 30611 30686 V CAM_Camera@85833643: [WTP]initShortcut: E
12-01 07:08:14.258 30611 30611 D CAM_ThumbnailUpdater: LoadThumbnailTask: thumbnail on task create: null
12-01 07:08:14.259 30611 30684 V CAM_Camera@85833643: [WTP]notifyCameraResume: X
12-01 07:08:14.259 30611 30684 V CAM_LifecycleAsyncTask: [WTP]AsyncTask: E. LoadThumbnailTask
12-01 07:08:14.259 30611 30684 D CAM_ThumbnailUpdater: LoadThumbnailTask: execute task: com.android.camera.ThumbnailUpdater$LoadThumbnailTask@d52b0d1. lookAtCache = true
12-01 07:08:14.259 30611 30692 D CAM_ThermalDetector: registerReceiver
12-01 07:08:14.259 30611 30684 D CAM_Storage: hasSecondaryStorage=false
12-01 07:08:14.259 30611 30611 I CAM_ AdaptiveTv: init:  mMaxFontScale :1.25
12-01 07:08:14.259 30611 30611 D CAM_ModeSelectViewCV: getHeaderOffset w = 1000, itemWidth = 148, textWidth = 80.0
12-01 07:08:14.259 30611 30611 D CAM_ModeSelectViewCV: res = {1.0 214mcc22mnc [es_ES] ldltr sw393dp w393dp h794dp 440dpi nrml long hdr widecg port night finger -keyb/v/h -nav/h winConfig={ mBounds=Rect(0, 0 - 1080, 2340) mAppBounds=Rect(0, 90 - 1080, 2274) mMaxBounds=Rect(0, 0 - 1080, 2340) mDisplayRotation=ROTATION_0 mWindowingMode=fullscreen mActivityType=standard mAlwaysOnTop=undefined mRotation=ROTATION_0} as.3 s.2 fontWeightAdjustment=0}
12-01 07:08:14.260 30611 30611 D CAM_FragmentModeSelector: switchMoreMode open: true, style: 0, mCurrentMode: 163
12-01 07:08:14.260 30611 30611 D CAM_DragLayout: disableAllMode
12-01 07:08:14.260 30611 30611 D CAM_DragLayout: setDragEnable mDragMode : false, enable false, force : false
12-01 07:08:14.261 30611 30692 D CAM_BatteryDetector: registerReceiver
12-01 07:08:14.263  1816  2734 I system_server: AssetManager2(0xb4000079649caf38) locale list changing from [] to [es-ES]
12-01 07:08:14.264 30611 30686 V CAM_Camera@85833643: [WTP]initShortcut: X
12-01 07:08:14.268 30611 30611 D InsetsController: Setting requestedVisibleTypes to -14 (was -9)
12-01 07:08:14.269  1816  3496 W WindowManager: Failed looking up window session=Session{a8c0406 30611:u0a10545} callers=com.android.server.wm.WindowManagerService.windowForClientLocked:6510 com.android.server.wm.Session.updateRequestedVisibleTypes:722 android.view.IWindowSession$Stub.onTransact:1049 
12-01 07:08:14.273 30611 30684 D CAM_ThumbnailUpdater: LoadThumbnailTask: lastUri = content://media/external/images/media/1000009987
12-01 07:08:14.273 30611 30684 D CAM_ThumbnailUpdater: LoadThumbnailTask: currentThumbnail = null
12-01 07:08:14.275 30611 30684 D CAM_Thumbnail: getLastThumbnailFromFile: version: 3
12-01 07:08:14.275 30611 30684 D CAM_Thumbnail: getLastThumbnailFromFile: isGif:false
12-01 07:08:14.275 30611 30684 D CAM_Thumbnail: getLastThumbnailFromFile: gifWidth:-1
12-01 07:08:14.275 30611 30684 D CAM_Thumbnail: getLastThumbnailFromFile: gifHeight:-1
12-01 07:08:14.275 30611 30684 D CAM_Thumbnail: getLastThumbnailFromFile: fileSize:3381817
12-01 07:08:14.275 30611 30684 D CAM_Thumbnail: getLastThumbnailFromFile: isVideo:false
12-01 07:08:14.275 30611 30611 D CAM_DragLayout: setDragEnable mDragMode : false, mPromptMode : false,mBar : null,withAnim : false
12-01 07:08:14.275 30611 30611 D CAM_DragLayout: setState 3
12-01 07:08:14.276 30611 30611 I CAM_ AdaptiveTv: init:  mMaxFontScale :1.25
12-01 07:08:14.276  3986 19331 D MediaProvider: Open with FUSE. FilePath: /storage/emulated/0/DCIM/Camera/IMG_20251129_215745_tigr.jpg. Uid: 10545. Media Capabilities Uid: 0. ShouldRedact: false. ShouldTranscode: false
12-01 07:08:14.277 30611 30611 I CAM_ AdaptiveTv: init:  mMaxFontScale :1.25
12-01 07:08:14.278 30611 30611 I CAM_ AdaptiveTv: init:  mMaxFontScale :1.25
12-01 07:08:14.279 30611 30611 I CAM_ AdaptiveTv: init:  mMaxFontScale :1.25
12-01 07:08:14.280  1101  3097 D vendor.qti.bluetooth@1.0-wake_lock: Release wakelock is released 
12-01 07:08:14.280 30611 30611 I CAM_ AdaptiveTv: init:  mMaxFontScale :1.25
12-01 07:08:14.281 30611 30611 I CAM_ AdaptiveTv: init:  mMaxFontScale :1.25
12-01 07:08:14.283 30611 30611 D EndTopBarAdapter: onBindViewHolder
12-01 07:08:14.283 30611 30611 D EndTopBarAdapter: updateView - anim id = 0
12-01 07:08:14.284 30611 30684 D CAM_Thumbnail: setFileSize: 3381817, mUri: content://media/external/images/media/1000009987@132760992
12-01 07:08:14.285 30611 30684 D CAM_Thumbnail: getLastThumbnailFromFile() returned: Thumbnail{mUri=content://media/external/images/media/1000009987, mBitmap=android.graphics.Bitmap@e672321, mFromFile=true, mWaitingForUri=false, mIsGif=false, gifWidth=-1, gifHeight=-1, applied=false}
12-01 07:08:14.285 30611 30684 D CAM_ThumbnailUpdater: LoadThumbnailTask: cached thumbnail = Thumbnail{mUri=content://media/external/images/media/1000009987, mBitmap=android.graphics.Bitmap@e672321, mFromFile=true, mWaitingForUri=false, mIsGif=false, gifWidth=-1, gifHeight=-1, applied=false}
12-01 07:08:14.285 30611 30611 D StartTopBarAdapter: onBindViewHolder
12-01 07:08:14.285  2949  2949 D BaseDepthController: mSurface is null and mCurrentBlur is: 0
12-01 07:08:14.285 30611 30684 W CAM_ParallelProcessProvider: failed to find package
12-01 07:08:14.285 30611 30684 W CAM_ParallelProcessProvider: android.content.pm.PackageManager$NameNotFoundException: com.miui.gallery
12-01 07:08:14.285 30611 30684 W CAM_ParallelProcessProvider: 	at android.app.ApplicationPackageManager.getApplicationInfoAsUser(ApplicationPackageManager.java:554)
12-01 07:08:14.285 30611 30684 W CAM_ParallelProcessProvider: 	at android.app.ApplicationPackageManager.getApplicationInfo(ApplicationPackageManager.java:537)
12-01 07:08:14.285 30611 30684 W CAM_ParallelProcessProvider: 	at android.app.ApplicationPackageManager.getApplicationInfo(ApplicationPackageManager.java:531)
12-01 07:08:14.285 30611 30684 W CAM_ParallelProcessProvider: 	at com.xiaomi.camera.parallelservice.provider.ParallelProcessProvider.g(Unknown Source:15)
12-01 07:08:14.285 30611 30684 W CAM_ParallelProcessProvider: 	at com.xiaomi.camera.parallelservice.provider.ParallelProcessProvider.f(Unknown Source:4)
12-01 07:08:14.285 30611 30684 W CAM_ParallelProcessProvider: 	at d.c.a.j5.v(Unknown Source:92)
12-01 07:08:14.285 30611 30684 W CAM_ParallelProcessProvider: 	at com.android.camera.ThumbnailUpdater$LoadThumbnailTask.B(Unknown Source:336)
12-01 07:08:14.285 30611 30684 W CAM_ParallelProcessProvider: 	at com.android.camera.ThumbnailUpdater$LoadThumbnailTask.g(Unknown Source:2)
12-01 07:08:14.285 30611 30684 W CAM_ParallelProcessProvider: 	at com.xiaomi.camera.common.LifecycleAsyncTask.q(Unknown Source:29)
12-01 07:08:14.285 30611 30684 W CAM_ParallelProcessProvider: 	at com.xiaomi.camera.common.LifecycleAsyncTask.r(Unknown Source:0)
12-01 07:08:14.285 30611 30684 W CAM_ParallelProcessProvider: 	at d.m.f.c.a.run(Unknown Source:6)
12-01 07:08:14.285 30611 30684 W CAM_ParallelProcessProvider: 	at d.m.f.o.k.d(Unknown Source:0)
12-01 07:08:14.285 30611 30684 W CAM_ParallelProcessProvider: 	at d.m.f.o.e.accept(Unknown Source:4)
12-01 07:08:14.285 30611 30684 W CAM_ParallelProcessProvider: 	at io.reactivex.internal.observers.ConsumerSingleObserver.onSuccess(Unknown Source:7)
12-01 07:08:14.285 30611 30684 W CAM_ParallelProcessProvider: 	at io.reactivex.internal.operators.single.SingleObserveOn$ObserveOnSingleObserver.run(Unknown Source:14)
12-01 07:08:14.285 30611 30684 W CAM_ParallelProcessProvider: 	at io.reactivex.internal.schedulers.ScheduledDirectTask.call(Unknown Source:9)
12-01 07:08:14.285 30611 30684 W CAM_ParallelProcessProvider: 	at io.reactivex.internal.schedulers.ScheduledDirectTask.call(Unknown Source:0)
12-01 07:08:14.285 30611 30684 W CAM_ParallelProcessProvider: 	at java.util.concurrent.FutureTask.run(FutureTask.java:317)
12-01 07:08:14.285 30611 30684 W CAM_ParallelProcessProvider: 	at java.util.concurrent.ThreadPoolExecutor.runWorker(ThreadPoolExecutor.java:1156)
12-01 07:08:14.285 30611 30684 W CAM_ParallelProcessProvider: 	at java.util.concurrent.ThreadPoolExecutor$Worker.run(ThreadPoolExecutor.java:651)
12-01 07:08:14.285 30611 30684 W CAM_ParallelProcessProvider: 	at java.lang.Thread.run(Thread.java:1119)
12-01 07:08:14.285 30611 30684 D CAM_Thumbnail: getLatestThumbnailFromPPP: dateTaken = 1764449866538
12-01 07:08:14.286 30611 30611 D StartTopBarAdapter: updateView - anim id = 2131886459
12-01 07:08:14.286 30611 30611 I StartTopBarAdapter: shouldEnableAnim = false
12-01 07:08:14.286 30611 30611 D StartTopBarAdapter: showJsonAnimation - anim id = 2131886459 image view = com.android.camera2.compat.theme.custom.mm.top.StrikethroughImageView{2e0651e V.ED..... ......ID 0,0-0,0}
12-01 07:08:14.286 30611 30684 D CAM_Thumbnail: getLastThumbnailFromContentResolver: imageUri = content://media/external/images/media/1000009987
12-01 07:08:14.286 30611 30684 D CAM_ThumbnailUpdater: LoadThumbnailTask: get last thumbnail from provider. code = -1, thumbnail = Thumbnail{mUri=content://media/external/images/media/1000009987, mBitmap=android.graphics.Bitmap@e672321, mFromFile=true, mWaitingForUri=false, mIsGif=false, gifWidth=-1, gifHeight=-1, applied=false}
12-01 07:08:14.286 30611 30684 V CAM_LifecycleAsyncTask: [WTP]AsyncTask: X. LoadThumbnailTask
12-01 07:08:14.288  1106  1106 E CHIUSECASE:  ChiFeature2SoftIspProcess::ChiFeature2OpsEntry
12-01 07:08:14.288  1106  1106 E CHIUSECASE:  ChiFeature2SoftIspProcess::DoQueryCaps
12-01 07:08:14.289  1106  1106 E CHIUSECASE:  ChiFeature2SoftIspSuperNight::ChiFeature2OpsEntry
12-01 07:08:14.289  1106  1106 E CHIUSECASE:  ChiFeature2SoftIspSuperNight::DoQueryCaps
12-01 07:08:14.292  1106  1106 E CHIUSECASE: [ERROR  ] chxsensorselectmode.cpp:784 FindBestSensorMode() ***FORCING SENSOR MODE 2  -  W=5792 H=4344
12-01 07:08:14.294 30611 30611 D CAM_DragLayout: setDragEnable mDragMode : false, mPromptMode : false,mBar : null,withAnim : false
12-01 07:08:14.294 30611 30611 D CAM_ModeSelectViewCV: onGlobalLayout mCurMode 163
12-01 07:08:14.295 30611 30611 I CAM_ AdaptiveTv: init:  mMaxFontScale :1.25
12-01 07:08:14.295 30611 30611 D CAM_ModeSelectViewCV: getHeaderOffset w = 1000, itemWidth = 148, textWidth = 80.0
12-01 07:08:14.295 30611 30611 D CAM_ModeSelectViewCV: res = {1.0 214mcc22mnc [es_ES] ldltr sw393dp w393dp h794dp 440dpi nrml long hdr widecg port night finger -keyb/v/h -nav/h winConfig={ mBounds=Rect(0, 0 - 1080, 2340) mAppBounds=Rect(0, 90 - 1080, 2274) mMaxBounds=Rect(0, 0 - 1080, 2340) mDisplayRotation=ROTATION_0 mWindowingMode=fullscreen mActivityType=standard mAlwaysOnTop=undefined mRotation=ROTATION_0} as.3 s.2 fontWeightAdjustment=0}
12-01 07:08:14.295 30611 30611 D CAM_ModeSelectViewCV: moveToPosition select pos = 4, offset = 426, mode = 163
12-01 07:08:14.295 30611 30611 D CAM_FragmentBottomAction: ThumbnailGlobalRect: Rect(64, 1912 - 164, 2012)
12-01 07:08:14.296 30611 30611 I CAM_PerformanceManager: [P_PERFORM]: Action: 5.1:surfaceViewCreate_163_0 takes 339 ms
12-01 07:08:14.296 30611 30611 I CAM_CameraRenderEngine: [K_PROCESS]: onSurfaceCreated
12-01 07:08:14.296 30611 30611 D CAM_Camera@85833643:  surfaceChanged format = 4 width = 1080 height = 2340
12-01 07:08:14.296 30611 30611 I CAM_CameraRenderEngine: [K_PROCESS]: onSurfaceChanged: 1080x2340
12-01 07:08:14.296 30611 30611 D CAM_CameraRenderEngine: onSurfaceChanged start
12-01 07:08:14.296 30611 30647 D CAM_CameraRenderEngine: onSurfaceCreated start on GL Thread
12-01 07:08:14.296 30611 30647 I CAM_CameraRenderEngine: mActivity 85833643
12-01 07:08:14.296 30611 30611 D CAM_CameraRenderEngine: setPreviewSurface surface=Surface(name=null mNativeObject=-5476376619330011024)/@0x86a8b8
12-01 07:08:14.296 30611 30647 V CAM_CameraScreenNail: acquireSurfaceTexture
12-01 07:08:14.296 30611 30611 D CAM_CameraRenderEngine: onSurfaceChanged end
12-01 07:08:14.296 30611 30647 D CAM_STScreenNail: acquireSurfaceTexture: mHasTexture = false
12-01 07:08:14.296 30611 30647 D CAM_CRE_MIGL: ExtTexture glGenTextures: 1
12-01 07:08:14.297 30611 30647 D CAM_ExtTexture: texId=1
12-01 07:08:14.297 30611 30647 D CAM_STScreenNail: acquireSurfaceTexture: setDefaultBufferSize 1080x1440
12-01 07:08:14.297 30611 30647 I CAM_STScreenNail: fullHandlerCapacity:set urgent display
12-01 07:08:14.297 30611 30647 D CAM_NailListenerV1: onSurfaceTextureCreated surfaceTexture:android.graphics.SurfaceTexture@e8fbf82
12-01 07:08:14.297 30611 30647 D CAM_ActivityBase: updateSurfaceState: 4
12-01 07:08:14.297 30611 30647 D CAM_Camera2OpenOnSubScribe: onGlSurfaceCreated: mSingleEmitter = true
12-01 07:08:14.297 30611 30647 D CAM_Camera2OpenOnSubScribe: onGlSurfaceCreated: mSingleEmitter already disposed
12-01 07:08:14.297 30611 30647 V CAM_BaseModule: checkDisplayOrientation: 0 | 90
12-01 07:08:14.297 30611 30647 V CAM_FaceView: mCameraDisplayOrientation=90
12-01 07:08:14.297 30611 30647 D CAM_CameraSizeManager: setVideoSize 1080x1440
12-01 07:08:14.297 30611 30647 D CAM_u   : updateCameraScreenNailSize: 1440x1080
12-01 07:08:14.297 30611 30647 D CAM_STScreenNail: setDefaultBufferSize: 1440 | 1080
12-01 07:08:14.297 30611 30647 D CAM_Camera2Module: updatePreviewSurface: surfaceTexture = android.graphics.SurfaceTexture@e8fbf82
12-01 07:08:14.298 30611 30647 D CAM_MiCamera2: E: updateDeferPreviewSession
12-01 07:08:14.298 30611 30647 W CAM_MiCamera2: X: updateDeferPreviewSession: capture session is not ready
12-01 07:08:14.302  2949  2949 D BaseDepthController: mSurface is null and mCurrentBlur is: 0
12-01 07:08:14.302  2949  2949 D SsBaseTemplateCard: No text view can be set up
12-01 07:08:14.302  2949  2949 I SsBaseTemplateCard: setFormattedContentDescription: text=1C, iconDescription=Parcialmente nublado, contentDescription=Parcialmente nublado, 1C
12-01 07:08:14.302  2949  2949 D SsBaseTemplateCard: Passed-in item info is null
12-01 07:08:14.302  2949  2949 I SsBaseTemplateCard: Secondary card pane is null
12-01 07:08:14.304 30611 30641 I Gralloc4: Adding additional valid usage bits: 0x546c08202000
12-01 07:08:14.304  1816  1843 V WindowManager: Finish Transition (#93): created at 12-01 07:08:13.709 collect-started=0.378ms request-sent=19.728ms started=25.295ms ready=56.161ms sent=58.101ms commit=17.776ms finished=595.156ms
12-01 07:08:14.305  2949  2949 D b/387844520: getOutlineOffsetX: measured width = 182, mNormalizedIconSize = 167, last updated width = 182
12-01 07:08:14.307  2685 27665 D KeyguardService: setOccluded(false)
12-01 07:08:14.307  2685 27665 D KeyguardViewMediator: setOccluded(false)
12-01 07:08:14.307  2685  2685 D KeyguardViewMediator: handleSetOccluded(false)
12-01 07:08:14.307  2685 27665 D KeyguardService: setOccluded(false)
12-01 07:08:14.307  2685 27665 D KeyguardViewMediator: setOccluded(false)
12-01 07:08:14.307  2685  2685 D KeyguardViewMediator: KeyguardViewMediator queue processing message: SET_OCCLUDED
12-01 07:08:14.307  2685  2685 D KeyguardViewMediator: handleSetOccluded(false)
12-01 07:08:14.307  2685  2685 D KeyguardViewMediator: KeyguardViewMediator queue processing message: SET_OCCLUDED
12-01 07:08:14.309  1816  9886 D ConnectivityService: requestNetwork for uid/pid:10678/2685 asUid: 10545 activeRequest: null callbackRequest: 1556 [NetworkRequest [ REQUEST id=1557, [ Capabilities: INTERNET&NOT_RESTRICTED&TRUSTED&NOT_VCN_MANAGED&NOT_BANDWIDTH_CONSTRAINED Uid: 10545 RequestorUid: 10678 RequestorPkg: com.android.systemui UnderlyingNetworks: Null] ]] callback flags: 0 order: 2147483647 isUidTracked: false declaredMethods: AVAIL|BLK
12-01 07:08:14.311  1816  2580 D WifiNetworkFactory: got request NetworkRequest [ REQUEST id=1557, [ Capabilities: INTERNET&NOT_RESTRICTED&TRUSTED&NOT_VCN_MANAGED&NOT_BANDWIDTH_CONSTRAINED Uid: 10545 RequestorUid: 10678 RequestorPkg: com.android.systemui UnderlyingNetworks: Null] ]
12-01 07:08:14.311  1106  1106 E CHI_NODE_MIBOKEH: MiBokeh, func=Initialize, costTime=0.00
12-01 07:08:14.311  1816  2580 D UntrustedWifiNetworkFactory: got request NetworkRequest [ REQUEST id=1557, [ Capabilities: INTERNET&NOT_RESTRICTED&TRUSTED&NOT_VCN_MANAGED&NOT_BANDWIDTH_CONSTRAINED Uid: 10545 RequestorUid: 10678 RequestorPkg: com.android.systemui UnderlyingNetworks: Null] ]
12-01 07:08:14.311  1816  2580 D OemPaidWifiNetworkFactory: got request NetworkRequest [ REQUEST id=1557, [ Capabilities: INTERNET&NOT_RESTRICTED&TRUSTED&NOT_VCN_MANAGED&NOT_BANDWIDTH_CONSTRAINED Uid: 10545 RequestorUid: 10678 RequestorPkg: com.android.systemui UnderlyingNetworks: Null] ]
12-01 07:08:14.311  1816  2580 D MultiInternetWifiNetworkFactory: got request NetworkRequest [ REQUEST id=1557, [ Capabilities: INTERNET&NOT_RESTRICTED&TRUSTED&NOT_VCN_MANAGED&NOT_BANDWIDTH_CONSTRAINED Uid: 10545 RequestorUid: 10678 RequestorPkg: com.android.systemui UnderlyingNetworks: Null] ]
12-01 07:08:14.312  1816  2587 D ConnectivityService: NetReassign [1557 : null  103] [c 0] [a 0] [i 2]
12-01 07:08:14.312  1106  1106 E CHI_NODE_MISEGMENT: MiSegment, func=Initialize, costTime=0.00
12-01 07:08:14.316 30611 30647 D CAM_CRE_MIGL: ShaderUtil glCreateProgram: 3
12-01 07:08:14.317 30611 30647 D CAM_CRE_MIGL: ShaderUtil glDeleteShader: 1
12-01 07:08:14.317 30611 30647 D CAM_CRE_MIGL: ShaderUtil glDeleteShader: 2
12-01 07:08:14.317 30611 30647 D CAM_EffectRenderGroup: onEffectChanged: EFFECT_CHANGE_FILTER mEffectId = 66048
12-01 07:08:14.318 30611 30647 D CAM_CRE_MIGL: ShaderUtil glCreateProgram: 6
12-01 07:08:14.318 30611 30647 D CAM_CRE_MIGL: ShaderUtil glDeleteShader: 4
12-01 07:08:14.318 30611 30647 D CAM_CRE_MIGL: ShaderUtil glDeleteShader: 5
12-01 07:08:14.318 30611 30647 D CAM_CameraRenderEngine: onSurfaceCreated end on GL Thread
12-01 07:08:14.319 30611 30647 D CAM_CameraRenderEngine: onSurfaceChanged start on GL Thread
12-01 07:08:14.319 30611 30647 V CAM_CameraScreenNail: acquireSurfaceTexture
12-01 07:08:14.319 30611 30647 D CAM_STScreenNail: acquireSurfaceTexture: mHasTexture = true
12-01 07:08:14.319 30611 30647 D CAM_ActivityBase: updateSurfaceState: 4
12-01 07:08:14.319 30611 30647 D CAM_Camera2OpenOnSubScribe: onGlSurfaceCreated: mSingleEmitter = true
12-01 07:08:14.319 30611 30647 D CAM_Camera2OpenOnSubScribe: onGlSurfaceCreated: mSingleEmitter already disposed
12-01 07:08:14.319 30611 30647 V CAM_BaseModule: checkDisplayOrientation: 0 | 90
12-01 07:08:14.319 30611 30647 V CAM_FaceView: mCameraDisplayOrientation=90
12-01 07:08:14.319 30611 30647 D CAM_CameraSizeManager: setVideoSize 1080x1440
12-01 07:08:14.319 30611 30647 D CAM_u   : updateCameraScreenNailSize: 1440x1080
12-01 07:08:14.319 30611 30647 D CAM_STScreenNail: setDefaultBufferSize: 1440 | 1080
12-01 07:08:14.319 30611 30647 D CAM_Camera2Module: updatePreviewSurface: surfaceTexture = android.graphics.SurfaceTexture@e8fbf82
12-01 07:08:14.319 30611 30647 D CAM_MiCamera2: E: updateDeferPreviewSession
12-01 07:08:14.319 30611 30647 W CAM_MiCamera2: X: updateDeferPreviewSession: capture session is not ready
12-01 07:08:14.319 30611 30647 D CAM_CameraRenderEngine: onSurfaceChanged requestRender mRenderRequested=false
12-01 07:08:14.319 30611 30647 D CAM_CameraRenderEngine: onSurfaceChanged end on GL Thread
12-01 07:08:14.319 30611 30647 D CAM_CameraRenderEngine: getWindowSurface start, updated=true surface=Surface(name=null mNativeObject=-5476376619330011024)/@0x86a8b8
12-01 07:08:14.319 30611 30647 D CAM_CameraRenderEngine: getEglWindowSurfaceAttributes: NONE
12-01 07:08:14.319 30611 30647 D CAM_CRE_EglWindowSurface: EglWindowSurface init start
12-01 07:08:14.320 30611 30647 D CAM_CRE_EglCore: createWindowSurfaceInner -5476376624161797872
12-01 07:08:14.320 30611 30647 D CAM_CRE_EglWindowSurface: EglWindowSurface init end
12-01 07:08:14.320 30611 30647 D CAM_CameraRenderEngine: getWindowSurface end, cost=1
12-01 07:08:14.320 30611 30647 V CAM_CameraRenderEngine: onDrawFrame rendering count:0
12-01 07:08:14.320 30611 30647 W CAM_CameraScreenNail: draw: firstFrame=false surface=android.graphics.SurfaceTexture@e8fbf82
12-01 07:08:14.324  1106  1106 I XIAOMI_AIASD: Product: umi
12-01 07:08:14.324  1106  1106 E android.hardware.camera.provider@2.4-service_64: AIScene:m_IndiaModelPrio 0 AI_SCENE_IN_INDIA 0
12-01 07:08:14.327 30611 30611 D CAM_ActivityBase: onCameraUnavailable: 0
12-01 07:08:14.328 30611 30611 D CAM_ActivityBase: onCameraAvailable: 1
12-01 07:08:14.328 30611 30611 D CAM_ActivityBase: onCameraAvailable: 2
12-01 07:08:14.328 30611 30611 D CAM_ActivityBase: onCameraAvailable: 3
12-01 07:08:14.328 30611 30611 D CAM_ActivityBase: onCameraAvailable: 4
12-01 07:08:14.328 30611 30611 D CAM_ActivityBase: onCameraAvailable: 5
12-01 07:08:14.328 30611 30611 D CAM_ActivityBase: onCameraAvailable: 6
12-01 07:08:14.328 30611 30611 D CAM_ActivityBase: onCameraAvailable: 7
12-01 07:08:14.328 30611 30611 D CAM_ActivityBase: onCameraAvailable: 8
12-01 07:08:14.328 30611 30611 D CAM_ActivityBase: onCameraAvailable: 9
12-01 07:08:14.328 30611 30611 D CAM_ActivityBase: onCameraAvailable: 10
12-01 07:08:14.328 30611 30611 W libc    : Access denied finding property "persist.vendor.low.cutoff"
12-01 07:08:14.328 30611 30611 D CAM_BatteryDetector: onReceive battery = 100 cutoff = false
12-01 07:08:14.329 30611 30611 D CAM_BatteryDetector: onBatteryNotification action=0 caller = d.c.a.j3.k(Unknown Source:19), d.c.a.j3.c(Unknown Source:0), d.c.a.j3$a.onReceive(Unknown Source:122), android.app.LoadedApk$ReceiverDispatcher$Args.lambda$getRunnable$0(LoadedApk.java:1839), android.app.LoadedApk$ReceiverDispatcher$Args.$r8$lambda$mcNAAl1SQ4MyJPyDg8TJ2x2h0Rk(Unknown Source:0), 
12-01 07:08:14.329  2949  2949 D VRI[NexusLauncherActivity]: visibilityChanged oldVisibility=true newVisibility=false
12-01 07:08:14.329 30611 30611 D CAM_DragLayout: setDragEnable mDragMode : false, mPromptMode : false,mBar : null,withAnim : false
12-01 07:08:14.331 30611 30611 D CAM_Camera@85833643: showGuide = 163  isCtsCall = false
12-01 07:08:14.331 30611 30611 I CAM_PermissionManager: getNeedCheckPermissionList() listSize =0
12-01 07:08:14.331 30611 30611 I CAM_PermissionManager: checkCameraLocationPermissions(), all on
12-01 07:08:14.331 30611 30611 I CAM_PermissionManager: getNeedCheckPermissionList() listSize =0
12-01 07:08:14.331 30611 30611 I CAM_PermissionManager: checkCameraLaunchPermissions(), all on
12-01 07:08:14.332  1106  1106 D DirtyCamera: [D][/dirtycamera_api.cpp(201)]:DirtyCamera construct...
12-01 07:08:14.332  1106  1106 I XIAOMI_AIASD: asd dirty ver=dirty_camera_2.3
12-01 07:08:14.332  1106  1106 D DirtyCamera: [D][/dirtycamera_api.cpp(264)]:DirtyCamera initialize success (background): 0.361816
12-01 07:08:14.333 30611 30611 D CAM_ThumbnailUpdater: LoadThumbnailTask onPostExecute, thumbnail is Thumbnail{mUri=content://media/external/images/media/1000009987, mBitmap=android.graphics.Bitmap@e672321, mFromFile=true, mWaitingForUri=false, mIsGif=false, gifWidth=-1, gifHeight=-1, applied=false}, not canceled, noNeedUpdateThumbnail is false
12-01 07:08:14.333 30611 30611 D CAM_ThumbnailUpdater: LoadThumbnailTask: thumbnail on task complete: null
12-01 07:08:14.333 30611 30611 D CAM_ThumbnailUpdater: setThumbnail mLastUri=content://media/external/images/media/1000009987
12-01 07:08:14.334  1816  1843 I ActivityTaskManager: Displayed com.android.camera/.Camera for user 0: +634ms
12-01 07:08:14.335  2949  2949 D NexusLauncherModelDelegate: notifySmartspaceEvent: SmartspaceTargetEvent{mSmartspaceTarget=null, mSmartspaceActionId='null', mEventType=7}
12-01 07:08:14.335 30611 30611 D CAM_ZoomRatioToggleView: setVisibility(): VISIBLE
12-01 07:08:14.345   674   674 I hwservicemanager: getTransport: Cannot find entry vendor.qti.hardware.servicetracker@1.2::IServicetracker/default in either framework or device VINTF manifest.
12-01 07:08:14.346  1816  9886 W ActivityTaskManager: servicetracker HIDL not available
12-01 07:08:14.346  1816  9886 E ActivityTaskManager: Unable to get servicetracker HAL instance
12-01 07:08:14.346   674   674 I hwservicemanager: getTransport: Cannot find entry vendor.qti.hardware.servicetracker@1.2::IServicetracker/default in either framework or device VINTF manifest.
12-01 07:08:14.346  1816  9886 W ActivityTaskManager: servicetracker HIDL not available
12-01 07:08:14.346  1816  9886 E ActivityTaskManager: Unable to get servicetracker HAL instance
12-01 07:08:14.347 30611 30611 D CAM_Thumbnail: setBitmapApplied(content://media/external/images/media/1000009987): true
12-01 07:08:14.347 30611 30611 D CAM_FragmentBottomAction: updateThumbnail: update image: Thumbnail{mUri=content://media/external/images/media/1000009987, mBitmap=android.graphics.Bitmap@e672321, mFromFile=true, mWaitingForUri=false, mIsGif=false, gifWidth=-1, gifHeight=-1, applied=true}
12-01 07:08:14.347  2949  2949 D BaseDepthController: setSurface:
12-01 07:08:14.347  2949  2949 D BaseDepthController: 	mWaitingOnSurfaceValidity: false
12-01 07:08:14.347  2949  2949 D BaseDepthController: 	mBaseSurface: null
12-01 07:08:14.348  2949  2949 D BaseDepthController: mSurface is null and mCurrentBlur is: 23
12-01 07:08:14.348  2949  2949 D StatsLog: LAUNCHER_ONSTOP
12-01 07:08:14.349  2949  2949 D StatsLog: LAUNCHER_GOOGLE_SEARCH_RESTORE_LIST_SIZE_AFTER_ACTIVITY_RESTART
12-01 07:08:14.350  2949  4440 D OneSearchSuggestProvider: Forcefully shut down the binder channel
12-01 07:08:14.350  2949  6194 D GmsPlayProvider: Forcefully shut down the binder channel
12-01 07:08:14.351  2949 15602 I IPCThreadState: oneway function results for code 2 on binder at 0xb400007ac49843e0 will be dropped but finished with status UNKNOWN_TRANSACTION
12-01 07:08:14.351   674   674 I hwservicemanager: getTransport: Cannot find entry vendor.qti.hardware.servicetracker@1.0::IServicetracker/default in either framework or device VINTF manifest.
12-01 07:08:14.354   674   674 I hwservicemanager: getTransport: Cannot find entry vendor.qti.hardware.servicetracker@1.0::IServicetracker/default in either framework or device VINTF manifest.
12-01 07:08:14.354   674   674 I hwservicemanager: getTransport: Cannot find entry vendor.qti.hardware.servicetracker@1.2::IServicetracker/default in either framework or device VINTF manifest.
12-01 07:08:14.354  1816  3066 W ActivityTaskManager: servicetracker HIDL not available
12-01 07:08:14.354  1816  3066 E ActivityTaskManager: Unable to get servicetracker HAL instance
12-01 07:08:14.354   674   674 I hwservicemanager: getTransport: Cannot find entry vendor.qti.hardware.servicetracker@1.2::IServicetracker/default in either framework or device VINTF manifest.
12-01 07:08:14.354  1816  3066 W ActivityTaskManager: servicetracker HIDL not available
12-01 07:08:14.354  1816  3066 E ActivityTaskManager: Unable to get servicetracker HAL instance
12-01 07:08:14.355  1816  2632 D BackgroundInstallControlService: Package event received: 0
12-01 07:08:14.356  3381  3381 I PlayCloudSearchChimeraS: Stopping the server
12-01 07:08:14.356  3381  3381 I PlayCloudSearchLifeCycl: Stopping the GRPC server
12-01 07:08:14.357  1816  3066 W ActivityTaskManager: Request to remove task ignored for non-existent task 1822
12-01 07:08:14.359 30611 30611 D CAM_Camera@85833643: isFromKeyguard: false
12-01 07:08:14.359 30611 30611 I CAM_Camera@85833643: [K_PROCESS]: onWindowFocusChanged: hasFocus: true, isFromKeyguard: false
12-01 07:08:14.360 30611 30611 I CAM_Camera@85833643: [K_PROCESS]: camera2Proxy=d.c.b.p4@e77b433 - cid: 0; isCameraDisconnected=false
12-01 07:08:14.360 30611 30611 D CAM_Camera2Module: onWindowFocusChanged: true
12-01 07:08:14.360 30611 30611 V CAM_CameraBrightness: onWindowFocusChanged hasFocus=true mFirstFocusChanged=false
12-01 07:08:14.361  1816  2541 D CompatChangeReporter: Compat change id reported: 214016041; UID 10545; state: ENABLED
12-01 07:08:14.366  3917  3917 W x       : onStartInput event aborted
12-01 07:08:14.366  3917  3917 W x       : pc0.v: could not obtain extracted text
12-01 07:08:14.366  3917  3917 W x       : 	at pc0.m0.H(Unknown Source:339)
12-01 07:08:14.366  3917  3917 W x       : 	at j70.d0.p(Unknown Source:282)
12-01 07:08:14.366  3917  3917 W x       : 	at j70.h3.p(Unknown Source:2)
12-01 07:08:14.366  3917  3917 W x       : 	at com.touchtype.KeyboardService.onStartInput(Unknown Source:11)
12-01 07:08:14.366  3917  3917 W x       : 	at android.inputmethodservice.InputMethodService.doStartInput(InputMethodService.java:3540)
12-01 07:08:14.366  3917  3917 W x       : 	at android.inputmethodservice.InputMethodService$InputMethodImpl.startInput(InputMethodService.java:884)
12-01 07:08:14.366  3917  3917 W x       : 	at android.inputmethodservice.InputMethodService$InputMethodImpl.dispatchStartInput(InputMethodService.java:913)
12-01 07:08:14.366  3917  3917 W x       : 	at android.inputmethodservice.IInputMethodWrapper.executeMessage(IInputMethodWrapper.java:201)
12-01 07:08:14.366  3917  3917 W x       : 	at com.android.internal.os.HandlerCaller$MyHandler.handleMessage(HandlerCaller.java:44)
12-01 07:08:14.366  3917  3917 W x       : 	at android.os.Handler.dispatchMessage(Handler.java:110)
12-01 07:08:14.366  3917  3917 W x       : 	at android.os.Looper.loopOnce(Looper.java:248)
12-01 07:08:14.366  3917  3917 W x       : 	at android.os.Looper.loop(Looper.java:338)
12-01 07:08:14.366  3917  3917 W x       : 	at android.app.ActivityThread.main(ActivityThread.java:9145)
12-01 07:08:14.366  3917  3917 W x       : 	at java.lang.reflect.Method.invoke(Native Method)
12-01 07:08:14.366  3917  3917 W x       : 	at com.android.internal.os.RuntimeInit$MethodAndArgsCaller.run(RuntimeInit.java:596)
12-01 07:08:14.366  3917  3917 W x       : 	at com.android.internal.os.ZygoteInit.main(ZygoteInit.java:940)
12-01 07:08:14.367  1816  9886 I ImeTracker: system_server:2699edfd: onRequestHide at ORIGIN_SERVER reason IME_REQUESTED_CHANGED_LISTENER fromUser false
12-01 07:08:14.367  1816  1846 I ImeTracker: system_server:2699edfd: onCancelled at PHASE_SERVER_SHOULD_HIDE
12-01 07:08:14.396  1106  1106 I LDC-NODE: [Init()]:[222] LDC INFO [255-9],mode=5,type=0,CameraTypeId=0,viewAngle=69.800003 active(6016x4512)
12-01 07:08:14.407  1106  1106 V SYNX-UMD: Synx Init!
12-01 07:08:14.409  1106 30722 V SYNX-UMD: Polling ...
12-01 07:08:14.409  1106  1106 V SYNX-UMD: Creating hPollThread = 479818820608
12-01 07:08:14.409  1106  1106 V SYNX-UMD: Completed Synx Init
12-01 07:08:14.410  1106  1106 E CHI_NODE_MIBOKEH: QueryBufferInfo():697 MiBokeh QueryBufferInfo, m_isPreview=1
12-01 07:08:14.410  1106  1106 E CHI_NODE_MISEGMENT: QueryBufferInfo():636 MiSegment QueryBufferInfo, m_isPreview=1
12-01 07:08:14.410  1106  1106 I LDC-NODE: [QueryBufferInfo()]:[258] LDC INFO [255-9],mode=5,type=0 Output optimal(1440x1080),min(1440x1080),max(1440x1080)
12-01 07:08:14.411 29172 29193 W Binder  : Caught a RuntimeException from the binder stub implementation.
12-01 07:08:14.411 29172 29193 W Binder  : java.lang.UnsupportedOperationException
12-01 07:08:14.411 29172 29193 W Binder  : 	at com.google.android.gms.clearcut.internal.DefaultClearcutLoggerCallbacks.onLogError(PG:3)
12-01 07:08:14.411 29172 29193 W Binder  : 	at com.google.android.gms.clearcut.internal.IClearcutLoggerCallbacks$Stub.dispatchTransaction(PG:33)
12-01 07:08:14.411 29172 29193 W Binder  : 	at com.google.android.aidl.BaseStub.onTransact(PG:13)
12-01 07:08:14.411 29172 29193 W Binder  : 	at android.os.Binder.execTransactInternal(Binder.java:1426)
12-01 07:08:14.411 29172 29193 W Binder  : 	at android.os.Binder.execTransact(Binder.java:1365)
12-01 07:08:14.416  1106 30723 E CamX    : [ERROR][SENSOR ] camxsensornode.cpp:3381 ProcessingNodeFinalizeInitialization() camera 0, has ois data umi_ois, has dependency 0 on 
12-01 07:08:14.426  1106  1106 E CHIUSECASE: [ERROR  ] chxsensorselectmode.cpp:784 FindBestSensorMode() ***FORCING SENSOR MODE 2  -  W=5792 H=4344
12-01 07:08:14.426  1106 30723 I LDC-NODE: [SetBufferInfo()]:[266] LDC INFO [255-9],mode=5,type=0 INPUT optimal(1440x1080)
12-01 07:08:14.427  1106 30723 E CamX    : [ERROR][SENSOR ] camxpdafdata.cpp:119 PDAFInit() videomode = 0 tuning mode 0
12-01 07:08:14.430  1106  1106 E CHIUSECASE:  ChiFeature2SoftIspProcess::DoStreamNegotiation
12-01 07:08:14.430  1106  1106 E CHIUSECASE: [ERROR  ] chxsensorselectmode.cpp:784 FindBestSensorMode() ***FORCING SENSOR MODE 2  -  W=5792 H=4344
12-01 07:08:14.430  1106  1106 E CHIUSECASE:  ChiFeature2SoftIspProcess::CreateFeature
12-01 07:08:14.430  1106  1106 E CHIUSECASE:  ChiFeature2SoftIspProcess::Create
12-01 07:08:14.434  1106  1106 E CHISIQ  : SoftIspNode SiqNodeSetNodeInterface
12-01 07:08:14.434  1106  1106 E CHISIQ  : SoftIspNode SiqNodeCreate
12-01 07:08:14.434  1106  1106 E CHISIQ  : SoftIspNode ChiSiqNode
12-01 07:08:14.434  1106  1106 E CHISIQ  : SoftIspNode Initialize
12-01 07:08:14.434  1106  1106 E CHISIQ  : SoftIspNode initActiveArraySize
12-01 07:08:14.434  1106  1106 E CHISIQ  : SoftIspNode FillVendorTagIds
12-01 07:08:14.434  1106  1106 E CHISIQ  : FillVendorTagIds():736 Failed to get vednorTagBase for analog_gain!
12-01 07:08:14.434  1106  1106 E CHISIQ  : FillVendorTagIds():746 Failed to get vednorTagBase for sdig_gain!
12-01 07:08:14.434  1106  1106 E CHISIQ  : FillVendorTagIds():757 Failed to get vednorTagBase for ispdig_gain!
12-01 07:08:14.434  1106  1106 E CHISIQ  : Initialize():576 [SoftIsp], SensorCaps sensorId=1 positionType=1 activitysize(0,0,12032,9024) s5khmx
12-01 07:08:14.434  1106  1106 E CHISIQ  : SoftIspNode SiqNodeGetCaps
