11-06 20:41:27.126 D/ConnectivityService( 1820): NetReassign [no changes] [c 0] [a 0] [i 2]
11-06 20:41:27.126 D/CAM_STScreenNail(14775): setDisplayArea Rect(0, 246 - 1080, 1686)
11-06 20:41:27.126 D/CAM_HybridZoomingSystem(14775): toCropRegion(): zoom ratio = 1.0, crop region = Rect(0, 0 - 6016, 4512)
11-06 20:41:27.126 D/CAM_RequestVendorTag(14775): applyCropRegion: rect = Rect(0, 0 - 6016, 4512)
11-06 20:41:27.126 D/CAM_CameraScreenNail(14775): setPreviewFrameLayoutSize: 1080x1440
11-06 20:41:27.126 V/CAM_CaptureRequestBuilder(14775): applyZoomRatio(): cameraId = 0, zoomRatio = 1.0, activeArraySize = Rect(0, 0 - 6016, 4512), cropRegion = Rect(0, 0 - 6016, 4512)
11-06 20:41:27.126 V/CAM_STScreenNail(14775): updateReadPixelsSize: 720x960
11-06 20:41:27.126 D/CAM_Camera2Module(14775): setEffectFilter: 66048
11-06 20:41:27.126 E/CAM_FocusManagerAbstract(14775): setRenderSize: 1080 | 1440
11-06 20:41:27.126 D/CAM_EffectRenderGroup(14775): onEffectChanged: EFFECT_CHANGE_FILTER mEffectId = 66048
11-06 20:41:27.127 D/CAM_FocusManager(14775): setPreviewSize: 1080x1440
11-06 20:41:27.127 D/CAM_AiSceneManager(14775): setAiSceneEffect: 0
11-06 20:41:27.127 D/CAM_EffectController(14775): getAiColorCorrectionVersion: 2
11-06 20:41:27.127 D/CAM_EffectController(14775): getAiColorCorrectionVersion: 2
11-06 20:41:27.127 D/CAM_EffectRenderGroup(14775): onEffectChanged: EFFECT_CHANGE_FILTER mEffectId = 66048
11-06 20:41:27.128 V/CAM_CameraConfigManager(14775): setContrast: 5
11-06 20:41:27.128 I/CAM_ AdaptiveTv(14775): init:  mMaxFontScale :1.25
11-06 20:41:27.128 V/CAM_CameraConfigManager(14775): setSaturation: 3
11-06 20:41:27.128 D/CAM_ModeSelectViewCV(14775): getHeaderOffset w = 1000, itemWidth = 148, textWidth = 80.0
11-06 20:41:27.128 V/CAM_CameraConfigManager(14775): setSharpness: 1
11-06 20:41:27.128 D/CAM_ModeSelectViewCV(14775): res = {1.0 214mcc22mnc [es_ES] ldltr sw393dp w393dp h794dp 440dpi nrml long hdr widecg port night finger -keyb/v/h -nav/h winConfig={ mBounds=Rect(0, 0 - 1080, 2340) mAppBounds=Rect(0, 90 - 1080, 2274) mMaxBounds=Rect(0, 0 - 1080, 2340) mDisplayRotation=ROTATION_0 mWindowingMode=fullscreen mActivityType=standard mAlwaysOnTop=undefined mRotation=ROTATION_0} as.3 s.2 fontWeightAdjustment=0}
11-06 20:41:27.128 D/CAM_ModeSelectViewCV(14775): moveToPosition select pos = 4, offset = 426, mode = 163
11-06 20:41:27.128 W/CAM_ImageModuleCameraManager(14775): no consumer for this updateType: 29
11-06 20:41:27.128 V/CAM_CameraConfigManager(14775): setExposureMeteringMode: 1
11-06 20:41:27.128 D/CAM_FragmentModeSelector(14775): switchMoreMode open: true, style: 0, mCurrentMode: 163
11-06 20:41:27.128 D/CAM_DragLayout(14775): disableAllMode
11-06 20:41:27.128 D/CAM_DragLayout(14775): setDragEnable mDragMode : false, enable false, force : false
11-06 20:41:27.128 D/CAM_ModeSelectViewCV(14775): updateSelectedItem 163
11-06 20:41:27.128 D/CAM_CameraCapabilities(14775): isSupportNormalWideLDC: true
11-06 20:41:27.130 V/CAM_CameraConfigManager(14775): setNormalWideLDC: false
11-06 20:41:27.130 V/CAM_CameraConfigManager(14775): setUltraWideLDC: false
11-06 20:41:27.130 W/CAM_ImageModuleCameraManager(14775): no consumer for this updateType: 8
11-06 20:41:27.131 D/CAM_BaseModuleCameraManager(14775): thumbnailSize=320x240
11-06 20:41:27.131 D/CAM_BaseModule(14775): flashMode: 0
11-06 20:41:27.131 V/CAM_MiCamera2(14775): setFlashMode: 0
11-06 20:41:27.131 D/CAM_MiCamera2(14775): applyFlashMode: request android.hardware.camera2.CaptureRequest$Builder@7b448ac, applyType = 1
11-06 20:41:27.131 D/CAM_MiCameraCompat(14775): applyFlashMode: mode = 0
11-06 20:41:27.131 D/CAM_MiCamera2(14775): applyFlashMode: flashMode = 0, mScreenLightCallback = d.c.a.q6.q8.q1@6ef8975
11-06 20:41:27.131 D/CAM_CaptureRequestBuilder(14775): applyScreenLightHint(): false
11-06 20:41:27.132 V/CAM_MiCameraCompat(14775): [K_PROCESS]: applyHDRMode:2
11-06 20:41:27.133 V/CAM_CameraConfigManager(14775): setFocusMode: 4
11-06 20:41:27.133 D/CAM_CaptureRequestBuilder(14775): applyAFRegions: default 0
11-06 20:41:27.133 D/CAM_CaptureRequestBuilder(14775): applyAERegions: default 0
11-06 20:41:27.133 I/CAM_ AdaptiveTv(14775): init:  mMaxFontScale :1.25
11-06 20:41:27.133 D/CAM_ModeSelectViewCV(14775): getHeaderOffset w = 1000, itemWidth = 148, textWidth = 80.0
11-06 20:41:27.133 D/CAM_ModeSelectViewCV(14775): res = {1.0 214mcc22mnc [es_ES] ldltr sw393dp w393dp h794dp 440dpi nrml long hdr widecg port night finger -keyb/v/h -nav/h winConfig={ mBounds=Rect(0, 0 - 1080, 2340) mAppBounds=Rect(0, 90 - 1080, 2274) mMaxBounds=Rect(0, 0 - 1080, 2340) mDisplayRotation=ROTATION_0 mWindowingMode=fullscreen mActivityType=standard mAlwaysOnTop=undefined mRotation=ROTATION_0} as.3 s.2 fontWeightAdjustment=0}
11-06 20:41:27.133 D/CAM_ModeSelectViewCV(14775): moveToPosition select pos = 4, offset = 426, mode = 163
11-06 20:41:27.133 D/CAM_CameraCapabilities(14775): isRemoveNevusDefined request : false
11-06 20:41:27.133 D/CAM_FragmentTopBar(14775): notifyDataChanged currentMode = 163
11-06 20:41:27.133 D/CAM_Camera2Module(14775): updateBeauty(): 3d beauty level: i:0 | ss: 0 |sf: 0 | ee: 0 | ns: 0 | rs: 0 | lp: 0 | cn: 0 | nk: 0 | se: 0 | sn: 0 | hl: 0 | solid: 0 | whiten: 0 | makeup: 0| headSlim: 0 | bodySlim: 0 | shoulderSlim: 0 | legSlim: 0 | puffy: 0| wholeBodySlim: 0 | buttSlim: 0 | makeupType: 0 | makeupLevel: 0 | beautyMode: 2 | makeupFilter: 0 | ambientLight: 0
11-06 20:41:27.134 D/CAM_FragmentTopBar(14775): updateConfigItem configItem = 207
11-06 20:41:27.134 D/CAM_FragmentTopBar(14775): updateConfigItem configItem = 194
11-06 20:41:27.134 D/EndTopBarAdapter(14775): notifyTopBarItemChanged: 194
11-06 20:41:27.134 D/EndTopBarAdapter(14775): changeIndex: 0
11-06 20:41:27.134 D/EndTopBarAdapter(14775): applyChange:194
11-06 20:41:27.134 D/CAM_FragmentTopBar(14775): updateConfigItem configItem = 205
11-06 20:41:27.134 D/CAM_FragmentTopBar(14775): updateConfigItem configItem = 193
11-06 20:41:27.134 D/StartTopBarAdapter(14775): notifyTopBarItemChanged: 193
11-06 20:41:27.134 D/StartTopBarAdapter(14775): changeIndex: 0
11-06 20:41:27.135 D/StartTopBarAdapter(14775): applyChange:193
11-06 20:41:27.135 D/CAM_FragmentBottomPopupTips(14775): updateTipImage mCustomRoot is null : false
11-06 20:41:27.135 W/CAM_ImageModuleCameraManager(14775): no consumer for this updateType: 41
11-06 20:41:27.136 D/CAM_FaceView(14775): setSkipDraw: mSkipDraw=false
11-06 20:41:27.136 V/CAM_CameraConfigManager(14775): startFaceDetection
11-06 20:41:27.136 D/CAM_MiCameraCompat(14775): applyFaceDetection: true、 faceDetectMode: 1
11-06 20:41:27.136 D/CAM_BaseModule(14775): antiBanding: 3
11-06 20:41:27.136 V/CAM_CameraConfigManager(14775): setAntiBanding: 3
11-06 20:41:27.136 W/CAM_ImageModuleCameraManager(14775): no consumer for this updateType: 20
11-06 20:41:27.136 D/CAM_CameraCapabilities(14775): isRemoveNevusDefined request : false
11-06 20:41:27.136 V/CAM_CameraConfigManager(14775): setEnableOIS true
11-06 20:41:27.136 V/CAM_CaptureRequestBuilder(14775): EIS: off
11-06 20:41:27.136 V/CAM_CaptureRequestBuilder(14775): OIS: on
11-06 20:41:27.136 D/CAM_CameraCapabilities(14775): isRemoveNevusDefined request : false
11-06 20:41:27.136 D/CAM_Camera2Module(14775): SwMfnr is not supported
11-06 20:41:27.137 D/CAM_FragmentBottomPopupTips(14775): cancelUpdateTipImage 
11-06 20:41:27.137 D/CAM_Camera2Module(14775): setMfnr to true
11-06 20:41:27.137 V/CAM_MiCameraCompat(14775): [K_PROCESS]: applyMfnrEnable: false
11-06 20:41:27.137 D/CAM_Camera2Module(14775): updateDecodePreview: PreviewDecodeManager AlgorithmPreviewSize = 1440x1080
11-06 20:41:27.137 V/CAM_MiCamera2(14775): startPreviewCallback
11-06 20:41:27.139 D/CAM_QRCodeDecoder(14775): startDecode: 253512927
11-06 20:41:27.140 D/CAM_AiSceneManager(14775): setAiSceneEffect: 0
11-06 20:41:27.140 D/CAM_EffectController(14775): getAiColorCorrectionVersion: 2
11-06 20:41:27.140 D/CAM_EffectController(14775): getAiColorCorrectionVersion: 2
11-06 20:41:27.140 D/CAM_EffectRenderGroup(14775): onEffectChanged: EFFECT_CHANGE_FILTER mEffectId = 66048
11-06 20:41:27.140 D/CAM_CaptureRequestBuilder(14775): applyASDScene: 0
11-06 20:41:27.141 D/CAM_BaseModule(14775): flashMode: 0
11-06 20:41:27.141 V/CAM_MiCamera2(14775): setFlashMode: 0
11-06 20:41:27.141 D/CAM_MiCamera2(14775): applyFlashMode: request android.hardware.camera2.CaptureRequest$Builder@7b448ac, applyType = 1
11-06 20:41:27.141 D/CAM_MiCameraCompat(14775): applyFlashMode: mode = 0
11-06 20:41:27.141 D/CAM_MiCamera2(14775): applyFlashMode: flashMode = 0, mScreenLightCallback = d.c.a.q6.q8.q1@6ef8975
11-06 20:41:27.141 D/CAM_CaptureRequestBuilder(14775): applyScreenLightHint(): false
11-06 20:41:27.141 D/CAM_CameraCapabilities(14775): isRemoveNevusDefined request : false
11-06 20:41:27.142 D/CAM_Camera2Module(14775): updateBeauty(): 3d beauty level: i:0 | ss: 0 |sf: 0 | ee: 0 | ns: 0 | rs: 0 | lp: 0 | cn: 0 | nk: 0 | se: 0 | sn: 0 | hl: 0 | solid: 0 | whiten: 0 | makeup: 0| headSlim: 0 | bodySlim: 0 | shoulderSlim: 0 | legSlim: 0 | puffy: 0| wholeBodySlim: 0 | buttSlim: 0 | makeupType: 0 | makeupLevel: 0 | beautyMode: 2 | makeupFilter: 0 | ambientLight: 0
11-06 20:41:27.142 W/CAM_ImageModuleCameraManager(14775): no consumer for this updateType: 73
11-06 20:41:27.142 W/CAM_BaseModuleCameraManager(14775): no consumer for this updateType: 73
11-06 20:41:27.142 W/CAM_ImageModuleCameraManager(14775): no consumer for this updateType: 37
11-06 20:41:27.142 D/CAM_Camera2Module(14775): SwMfnr is not supported
11-06 20:41:27.142 D/CAM_Camera2Module(14775): setSwMfnr to false
11-06 20:41:27.142 D/CAM_FragmentBottomPopupTips(14775): toggleSoftLightTip: visible=false
11-06 20:41:27.142 D/CAM_Camera2Module(14775): setLightingEffect: 0
11-06 20:41:27.143 D/CAM_EffectRenderGroup(14775): onEffectChanged: EFFECT_CHANGE_FILTER mEffectId = 66048
11-06 20:41:27.143 W/CAM_ImageModuleCameraManager(14775): no consumer for this updateType: 48
11-06 20:41:27.143 W/CAM_ImageModuleCameraManager(14775): no consumer for this updateType: 49
11-06 20:41:27.143 W/CAM_BaseModuleCameraManager(14775): no consumer for this updateType: 49
11-06 20:41:27.143 W/CAM_ImageModuleCameraManager(14775): no consumer for this updateType: 52
11-06 20:41:27.143 D/CAM_Camera2Module(14775): SR is disabled
11-06 20:41:27.143 W/CAM_ImageModuleCameraManager(14775): no consumer for this updateType: 62
11-06 20:41:27.144 D/CAM_AbstractFragment(14775): baseUpdateView FragmentReferenceLine, true
11-06 20:41:27.144 W/CAM_ImageModuleCameraManager(14775): no consumer for this updateType: 75
11-06 20:41:27.144 V/CAM_CameraConfigManager(14775): setHistogramStatsEnabled: false
11-06 20:41:27.144 V/CAM_CameraConfigManager(14775): setASDEnable: true
11-06 20:41:27.144 D/CAM_BaseModuleCameraManager(14775): updateASD call setASDEnable with true
11-06 20:41:27.144 I/CAM_PerformanceManager(14775): [P_PERFORM]: Action: A6:switch_ui_setup_163_0 takes 20 ms
11-06 20:41:27.144 W/CAM_ImageModuleCameraManager(14775): no consumer for this updateType: 76
11-06 20:41:27.144 W/CAM_Camera2CompatAdapterRole(14775): Warning: getAuxCameraId(): #init() failed, roleId=20
11-06 20:41:27.144 D/CAM_CaptureRequestBuilder(14775): applyDepurpleEnable: dodepurpleEnabled = true
11-06 20:41:27.144 I/CAM_Qigsaw(14775): init currentProcessName = com.android.camera
11-06 20:41:27.144 W/CAM_ImageModuleCameraManager(14775): no consumer for this updateType: 78
11-06 20:41:27.144 W/CAM_ImageModuleCameraManager(14775): no consumer for this updateType: 77
11-06 20:41:27.144 D/CAM_MiCamera2(14775): sendSatFallbackDisableRequest: E. disable = false, isRepeatingRequest = true
11-06 20:41:27.144 D/CAM_MiCameraCompat(14775): applySatFallbackDisable: 0
11-06 20:41:27.145 D/CAM_MiCamera2(14775): sendSatFallbackDisableRequest: X.
11-06 20:41:27.145 V/CAM_CameraConfigManager(14775): applyHighQualityPreferred: true
11-06 20:41:27.145 W/CAM_ImageModuleCameraManager(14775): no consumer for this updateType: 92
11-06 20:41:27.145 D/CAM_CameraConfigManager(14775): setBeautyLens 4
11-06 20:41:27.145 W/CAM_ImageModuleCameraManager(14775): no consumer for this updateType: 98
11-06 20:41:27.145 W/CAM_BaseModuleCameraManager(14775): no consumer for this updateType: 98
11-06 20:41:27.145 W/CAM_ImageModuleCameraManager(14775): no consumer for this updateType: 109
11-06 20:41:27.145 D/CAM_BaseModuleCameraManager(14775): updateTeleFallbackMode: curCamId=0
11-06 20:41:27.145 V/CAM_CameraConfigManager(14775): setAperture(): 0.0
11-06 20:41:27.145 D/CAM_CameraConfigs(14775): aperture: 0.0
11-06 20:41:27.145 V/CAM_CameraConfigManager(14775): setExposureMode(): 0
11-06 20:41:27.145 D/CAM_CameraConfigs(14775): setExposureMode: 0
11-06 20:41:27.145 W/CAM_ImageModuleCameraManager(14775): no consumer for this updateType: 111
11-06 20:41:27.145 V/CAM_CameraConfigManager(14775): setIsZoomSpeedUp(): false
11-06 20:41:27.145 V/CAM_CaptureRequestBuilder(14775): applyIsZoomSpeedUp(): false
11-06 20:41:27.146 W/CAM_ImageModuleCameraManager(14775): no consumer for this updateType: 112
11-06 20:41:27.146 V/CAM_CameraConfigManager(14775): setIsZoomSpeedDown(): false
11-06 20:41:27.146 V/CAM_CaptureRequestBuilder(14775): applyIsZoomSpeedDown(): false
11-06 20:41:27.146 V/CAM_CameraConfigManager(14775): setFaceAEStrategy(): 0
11-06 20:41:27.146 D/CAM_CaptureRequestBuilder(14775): applyFaceAEStrategyFlag: 0
11-06 20:41:27.146 D/CAM_MiCameraCompat(14775): applyFaceAEStrategyFlag  case = 0
11-06 20:41:27.146 D/CAM_LiveShotManager(14775): updateLiveShot = false
11-06 20:41:27.146 I/CAM_SplitInfoVersionManager(14775): No new split info version, just use default version.
11-06 20:41:27.146 W/System  (14775): ClassLoader referenced unknown path: 
11-06 20:41:27.146 I/CAM_PerformanceManager(14775): [P_PERFORM]: Action: 5.2:applyPreviewSettings_163_0 takes 21 ms
11-06 20:41:27.146 V/CAM_LiveShotManager(14775): [KTP]updateLiveShot: E
11-06 20:41:27.147 W/.android.camera(14775): Unsupported class loader: java.lang.Class<com.iqiyi.android.qigsaw.core.splitload.SplitDelegateClassloader>
11-06 20:41:27.147 V/CAM_LiveShotManager(14775): [KTP]updateLiveShot: X
11-06 20:41:27.147 I/CAM_PerformanceManager(14775): [P_PERFORM]: Action: 5:captureSessionReady2startPreview_163_0 takes 26 ms
11-06 20:41:27.147 D/CAM_FML (14775): init: split attach cost 3ms
11-06 20:41:27.147 V/CAM_MiCamera2(14775): resumePreview: cameraId=0 highSpeed=false | caller=d.c.b.p4.A0(Unknown Source:71), d.c.a.q6.r7$e.a(Unknown Source:203), d.c.a.q6.r7$e.accept(Unknown Source:2), io.reactivex.internal.observers.LambdaObserver.onNext(Unknown Source:8), 
11-06 20:41:27.147 D/CAM_SplitAABInfoProvider(14775): App has no fused modules.
11-06 20:41:27.147 D/CAM_SplitAABInfoProvider(14775): Split names are: []
11-06 20:41:27.147 I/CAM_Split:MultiDex(14775): VM with version 2.1.0 has multidex support
11-06 20:41:27.147 D/CameraService( 1555): startCameraStreamingOps: Start data delivery for uid 10586
11-06 20:41:27.148 I/CAM_MiCamera2(14775): [K_PROCESS]: resumePreview: repeating sequenceId: 0
11-06 20:41:27.149 D/CAM_SplitInstallSupervisor(14775): No splits need to uninstall!
11-06 20:41:27.149 I/CAM_SplitInfoManagerImpl(14775): currentVersion : 5.0.0.0_2.0 defaultVersion : 5.0.0.0_2.0
11-06 20:41:27.149 I/CAM_SplitInfoManagerImpl(14775): Default split file name: qigsaw_5.0.0.0_2.0.json
11-06 20:41:27.151 W/ActivityManager( 1820): pid 1820 system sent binder code 15 with flags 0 to frozen apps and got error -32
11-06 20:41:27.151 E/NFC     ( 1820): NFC service dead - attempting to recover
11-06 20:41:27.151 E/NFC     ( 1820): android.os.DeadObjectException
11-06 20:41:27.151 E/NFC     ( 1820): 	at android.os.BinderProxy.transactNative(Native Method)
11-06 20:41:27.151 E/NFC     ( 1820): 	at android.os.BinderProxy.transact(BinderProxy.java:592)
11-06 20:41:27.151 E/NFC     ( 1820): 	at android.nfc.INfcAdapter$Stub$Proxy.setReaderMode(INfcAdapter.java:1408)
11-06 20:41:27.151 E/NFC     ( 1820): 	at android.nfc.NfcAdapter.lambda$setReaderModePollingEnabled$14(NfcAdapter.java:1791)
11-06 20:41:27.151 E/NFC     ( 1820): 	at android.nfc.NfcAdapter.$r8$lambda$ChHsu3zyyl-fmMSV4W6nAmsvLKQ(Unknown Source:0)
11-06 20:41:27.151 E/NFC     ( 1820): 	at android.nfc.NfcAdapter$$ExternalSyntheticLambda12.call(D8$$SyntheticClass:0)
11-06 20:41:27.151 E/NFC     ( 1820): 	at android.nfc.NfcAdapter.callService(NfcAdapter.java:2594)
11-06 20:41:27.151 E/NFC     ( 1820): 	at android.nfc.NfcAdapter.setReaderModePollingEnabled(NfcAdapter.java:1791)
11-06 20:41:27.151 E/NFC     ( 1820): 	at com.android.server.camera.CameraServiceProxy.notifyNfcService(CameraServiceProxy.java:1496)
11-06 20:41:27.151 E/NFC     ( 1820): 	at com.android.server.camera.CameraServiceProxy.updateActivityCount(CameraServiceProxy.java:1467)
11-06 20:41:27.151 E/NFC     ( 1820): 	at com.android.server.camera.CameraServiceProxy.-$$Nest$mupdateActivityCount(CameraServiceProxy.java:0)
11-06 20:41:27.151 E/NFC     ( 1820): 	at com.android.server.camera.CameraServiceProxy$2.notifyCameraState(CameraServiceProxy.java:849)
11-06 20:41:27.151 E/NFC     ( 1820): 	at android.hardware.ICameraServiceProxy$Stub.onTransact(ICameraServiceProxy.java:160)
11-06 20:41:27.151 E/NFC     ( 1820): 	at android.os.Binder.execTransactInternal(Binder.java:1426)
11-06 20:41:27.151 E/NFC     ( 1820): 	at android.os.Binder.execTransact(Binder.java:1365)
11-06 20:41:27.151 I/CAM_SplitInfoManagerImpl(14775): Cost 2 mil-second to parse default split info
11-06 20:41:27.154 I/RefreshRateSelector( 1259): Display 4630946545580055169 policy changed
11-06 20:41:27.154 I/RefreshRateSelector( 1259): Previous: {defaultModeId=1, allowGroupSwitching=false, primaryRanges={physical=[0.00 Hz, 120.00 Hz], render=[0.00 Hz, 120.00 Hz]}, appRequestRanges={physical=[0.00 Hz, 120.00 Hz], render=[0.00 Hz, 120.00 Hz]} idleScreenConfig=nullptr}
11-06 20:41:27.154 I/RefreshRateSelector( 1259): Current:  DisplayManagerPolicy{defaultModeId=0, allowGroupSwitching=false, primaryRanges={physical=[60.00 Hz, 120.00 Hz], render=[60.00 Hz, 60.00 Hz]}, appRequestRanges={physical=[60.00 Hz, 120.00 Hz], render=[60.00 Hz, 60.00 Hz]} idleScreenConfig=nullptr}
11-06 20:41:27.154 I/RefreshRateSelector( 1259): 5 mode changes were performed under the previous policy
11-06 20:41:27.154 D/DisplayModeController( 1259): setDesiredMode 4630946545580055169 {mode={fps=60.00 Hz, modePtr={id=0, vsyncRate=60.00 Hz, peakRefreshRate=60.00 Hz}}, emitEvent=true, force=false}
11-06 20:41:27.154 I/CAM_SplitLoadManager(14775): Split mimojifu will work in process com.android.camera, but it is not installed
11-06 20:41:27.155 I/CAM_SplitLoadManager(14775): Split mimojifu2 will work in process com.android.camera, but it is not installed
11-06 20:41:27.156 I/CAM_SplitLoadManager(14775): Split milive will work in process com.android.camera, but it is not installed
11-06 20:41:27.156 E/CamX    ( 1094): [ERROR][SENSOR ] camxoisdata.cpp:437 CreateOISModeCmd() [OISEIS] m_MaxOisFilterX=0x1756,m_MaxOisFilterY=0x1756
11-06 20:41:27.156 I/DisplayDeviceRepository( 1820): Display device changed render timings: "Pantalla integrada", renderFrameRate=60.000004, presentationDeadlineNanos=16666666, appVsyncOffsetNanos=1000000, frameRateOverrides=[]
11-06 20:41:27.156 I/CAM_SplitLoadManager(14775): Split panorama will work in process com.android.camera, but it is not installed
11-06 20:41:27.157 D/audio_hw_primary( 1083): adev_set_parameters: enter: screen_state=on
11-06 20:41:27.157 V/msm8974_platform( 1083): platform_set_parameters: enter: screen_state=on
11-06 20:41:27.157 D/audio_hw_hfp( 1083): hfp_set_parameters: enter
11-06 20:41:27.157 D/WindowManager( 1820): DeferredDisplayUpdater: partially applying DisplayInfo(1080 x 2340) immediately
11-06 20:41:27.157 D/sound_trigger_hw( 1083): handle_screen_status_change: screen on
11-06 20:41:27.157 D/audio_hw_hfp( 1083): hfp_set_parameters: enter
11-06 20:41:27.157 V/a2dp_offload( 1083): end of a2dp setparam
11-06 20:41:27.157 D/audio_hw_cspl_cal( 1083): cirrus_cal_setparameters: enter 0xe9502d60
11-06 20:41:27.157 D/audio_hw_extn( 1083): audio_extn_fm_set_parameters: Enter
11-06 20:41:27.157 D/audio_hw_hfp( 1083): hfp_set_parameters: enter
11-06 20:41:27.157 V/a2dp_offload( 1083): end of a2dp setparam
11-06 20:41:27.157 D/audio_hw_primary( 1083): adev_set_parameters: exit with code(0)
11-06 20:41:27.161 I/CAM_SplitLoadManager(14775): Split ambilight will work in process com.android.camera, but it is not installed
11-06 20:41:27.162 I/CAM_SplitLoadManager(14775): Split mimojias will work in process com.android.camera, but it is not installed
11-06 20:41:27.162 I/CAM_SplitLoadManager(14775): Split vlog2 will work in process com.android.camera, but it is not installed
11-06 20:41:27.163 I/CAM_SplitLoadManager(14775): Split clone will work in process com.android.camera, but it is not installed
11-06 20:41:27.163 I/CAM_SplitLoadManager(14775): Split videosky will work in process com.android.camera, but it is not installed
11-06 20:41:27.167 I/CAM_SplitLoadManager(14775): Split movielens will work in process com.android.camera, but it is not installed
11-06 20:41:27.167 W/CAM_SplitLoadManager(14775): There are no installed splits!
11-06 20:41:27.168 D/SplitInstallManagerImpl(14775): App has no fused modules.
11-06 20:41:27.168 D/SplitInstallManagerImpl(14775): Split names are: []
11-06 20:41:27.168 D/CAM_ComponentConfigVideoQuality(14775): checkValueValid: invalid value: 8
11-06 20:41:27.168 E/CAM_ComponentConfigVideoQuality(14775): reset invalid value 8
11-06 20:41:27.169 D/CAM_InputDeviceManager(14775): updateZoomSegment: moduleIndex: 163, zoomSeg[0.6, 1.0, 2.0, 3.2, 5.0, 10.0]
11-06 20:41:27.169 D/CAM_Camera@123830004(14775): CameraSetupConsumer#accept: switch module done
11-06 20:41:27.169 I/CAM_PerformanceManager(14775): [P_PERFORM]: Action: A7:switch_setup_consumer_163_0 takes 25 ms
11-06 20:41:27.169 D/CAM_DragLayout(14775): setDragEnable mDragMode : false, mPromptMode : false,mBar : null,withAnim : false
11-06 20:41:27.172 D/NfcService(11970): setReaderMode: uid=1000, packageName: android, flags: 4096
11-06 20:41:27.172 E/NfcService(11970): setReaderMode: called with invalid flag parameter.
11-06 20:41:27.173 I/CAM_ AdaptiveTv(14775): init:  mMaxFontScale :1.25
11-06 20:41:27.174 D/StartTopBarAdapter(14775): onBindViewHolder
11-06 20:41:27.175 D/StartTopBarAdapter(14775): updateView - anim id = 2131886459
11-06 20:41:27.175 I/StartTopBarAdapter(14775): shouldEnableAnim = false
11-06 20:41:27.175 D/StartTopBarAdapter(14775): showJsonAnimation - anim id = 2131886459 image view = com.android.camera2.compat.theme.custom.mm.top.StrikethroughImageView{e2d4412 V.ED..C.. ......I. 0,0-116,116}
11-06 20:41:27.176 D/EndTopBarAdapter(14775): onBindViewHolder
11-06 20:41:27.177 D/EndTopBarAdapter(14775): updateView - anim id = 0
11-06 20:41:27.191 D/CAM_AbstractFragment(14775): baseUpdateView FragmentTopAlert, true
11-06 20:41:27.193 D/CAM_FragmentTopAlert(14775): onStart
11-06 20:41:27.194 V/CAM_FaceView(14775): mCameraDisplayOrientation=90
11-06 20:41:27.194 V/CAM_FaceView(14775): mMirror=false
11-06 20:41:27.194 D/CAM_FragmentBottomPopupTips(14775): restoreAiState: maybe restore ai scene tip:0
11-06 20:41:27.202 I/hwservicemanager(  669): getTransport: Cannot find entry vendor.qti.hardware.servicetracker@1.0::IServicetracker/default in either framework or device VINTF manifest.
11-06 20:41:27.205 I/hwservicemanager(  669): getTransport: Cannot find entry vendor.qti.hardware.servicetracker@1.0::IServicetracker/default in either framework or device VINTF manifest.
11-06 20:41:27.285 D/CAM_MiCamera2(14775): onCaptureCompleted: sequenceId = 0, frameNumber = 0
11-06 20:41:27.285 D/CAM_MiCamera2(14775): setState: 1
11-06 20:41:27.287 D/CAM_Camera2DataContainer(14775): Currently user selected zoom ratio is 1.0
11-06 20:41:27.287 D/CAM_Camera2DataContainer(14775): getActualOpenCameraId: mode=a3, id=0->0
11-06 20:41:27.287 I/CAM_CameraScreenNail(14775): [K_PROCESS]: onFrameAvailable first frame arrived.
11-06 20:41:27.287 I/CAM_PerformanceManager(14775): [P_PERFORM]: Event: COLD_LAUNCH_163_0 takes 636 ms
11-06 20:41:27.288 I/CAM_PerformanceManager(14775): [P_PERFORM]: Event: HOT_LAUNCH has no start time, ignore this stop event as take 0 ms
11-06 20:41:27.288 I/CAM_PerformanceManager(14775): [P_PERFORM]: Event: COLD_LAUNCH takes 636 is less than 2000
11-06 20:41:27.288 V/CAM_PreviewImage(14775): fillYUVDataWithoutPadding: image size=1440x1080, yBufSize=1589728, uvBufSize=794847, yRowStride=1472, uvRowStride=1472
11-06 20:41:27.288 D/CAM_ActivityBase(14775): onFrameAvailable: trackStartAppCost: 636
11-06 20:41:27.292 V/CAM_PreviewImage(14775): fillYUVDataWithoutPadding: cost time = 5ms
11-06 20:41:27.293 V/CAM_QRCodeDecoder(14775): decode E: previewImage is null? false
11-06 20:41:27.295 I/CAM_PerformanceManager(14775): [P_PERFORM]: Action: 6:[HAL]startPreview2firstFrame_163_0 takes 147 ms
11-06 20:41:27.295 D/CAM_RenderEngineV1(14775): clearAnimation
11-06 20:41:27.295 D/CAM_FragmentBottomAction(14775): setClickEnable: true
11-06 20:41:27.295 D/CAM_CameraSnapView(14775): setClickEnable: true
11-06 20:41:27.295 I/CAM_BaseModule(14775): [K_PROCESS]: enableCameraControls: enable = true, caller: d.c.a.q6.r7.g0(Unknown Source:19), com.android.camera.Camera.ni(Unknown Source:143), com.android.camera.ActivityBase.pi(Unknown Source:313), 
11-06 20:41:27.296 D/CAM_BaseModule(14775): setFrameAvailable true
11-06 20:41:27.296 D/CAM_FocusView(14775): reset: type = 8, is draw = false, mIsTouchFocus = false
11-06 20:41:27.296 D/CAM_MiuiCameraSound(14775): [WTP]loadCameraSound: E
11-06 20:41:27.296 D/CAM_MiuiCameraSound(14775): init SoundPool
11-06 20:41:27.296 D/CAM_Camera2Module(14775): init preview callback type decoders, previewCallbackType: 0x2, needUpdatePreference: false
11-06 20:41:27.296 D/CAM_InputDeviceManager(14775): addCustomInputDevices: E
11-06 20:41:27.296 D/CAM_InputDeviceManager(14775): addCustomInputDevices: X
11-06 20:41:27.296 D/CAM_InputDeviceManager(14775): updateConnStatus: E.
11-06 20:41:27.297 D/CAM_BottomCV(14775): adjustThumbBg android.widget.ImageView{7d901f4 VFED..... ......ID 0,0-100,100 #7f0b06f2 app:id/v9_thumbnail_image}
11-06 20:41:27.297 D/AudioSystem(14775): onNewService: media.audio_policy service obtained 0xb4000072cb8812d0
11-06 20:41:27.297 D/AudioSystem(14775): getService: checking for service media.audio_policy: 0xb4000072cb8812d0
11-06 20:41:27.297 D/CAM_FragmentModeSelector(14775): setClickEnable: true
11-06 20:41:27.298 D/CAM_FragmentModeSelector(14775): notifyAfterFrameAvailable: dragChild's VState: 0 AlphaState: 1.0 TransLationY: 0.0
11-06 20:41:27.298 D/CAM_FragmentMainContentMM(14775): setClickEnable: true
11-06 20:41:27.298 V/CAM_FaceView(14775): mCameraDisplayOrientation=90
11-06 20:41:27.298 D/CAM_FocusView(14775): onCameraOpen>>
11-06 20:41:27.298 W/CAM_FocusView(14775): onCameraOpen: adapter=d.c.a.r7.t1@31f1b49
11-06 20:41:27.298 D/CAM_TrackFocusView(14775): clear
11-06 20:41:27.299 D/CAM_FragmentTopBar(14775): setClickEnable: true
11-06 20:41:27.299 D/CAM_FragmentTopAlert(14775): setClickEnable: true
11-06 20:41:27.300 D/CAM_InputDeviceManager(14775): updateConnStatus: X. cost: 4
11-06 20:41:27.300 D/CAM_Camera2Module(14775): notifyAfterFirstFrameArrived.m3ALocked: false
11-06 20:41:27.308 D/CAM_ConfigChangeImpl(14775): reCheckAiAudio:SupportAiAudioNew
11-06 20:41:27.308 D/CAM_ConfigChangeImpl(14775): reCheckAiAudioSingle:alertAiAudioSingleBGHint
11-06 20:41:27.308 D/CAM_BaseModule(14775): isSupportAFSaliency=false
11-06 20:41:27.310 D/CAM_MiuiCameraSound(14775): [WTP]loadCameraSound: X
11-06 20:41:27.311 D/CAM_FragmentDualCameraAdjustMM(14775): setClickEnable: true
11-06 20:41:27.311 D/CAM_ZoomRatioToggleView(14775): setEnabled(): true
11-06 20:41:27.311 D/CAM_FragmentDualCameraAdjust(14775): initZoomRatioForBackCamera(): zoom: 1.0
11-06 20:41:27.312 D/CAM_ComponentConfigVideoQuality(14775): checkValueValid: invalid value: 8
11-06 20:41:27.312 E/CAM_ComponentConfigVideoQuality(14775): reset invalid value 8
11-06 20:41:27.312 D/CAM_FragmentDualCameraAdjustMM(14775): provideAnimateElement(): initialized zoom ratio: 1.0
11-06 20:41:27.312 D/CAM_ZoomRatioToggleView(14775): count = 3
11-06 20:41:27.312 D/CAM_ZoomRatioToggleView(14775): setSuppressed(): false
11-06 20:41:27.312 D/CAM_ZoomRatioToggleView(14775): setSuppressed() ignored: false
11-06 20:41:27.312 I/CAM_ZoomRatioToggleView(14775): [U_ACTION]: setZoomRatio(): a = ZOOMING_BY_UNKNOWN_SOURCE,i = 1,z = 1.0,ti =1,tz =1.0
11-06 20:41:27.313 D/MediaCodecList(14775): codecHandlesFormat: no format, so no extra checks
11-06 20:41:27.313 D/MediaCodecList(14775): codecHandlesFormat: no format, so no extra checks
11-06 20:41:27.314 D/CCodec  (14775): allocate(c2.android.vorbis.decoder)
11-06 20:41:27.314 D/CCodec  (14775): allocate(c2.android.vorbis.decoder)
11-06 20:41:27.315 D/CAM_FragmentDualCameraAdjust(14775): initZoomRatioForBackCamera(): zoom: 1.0
11-06 20:41:27.315 D/CAM_ComponentConfigVideoQuality(14775): checkValueValid: invalid value: 8
11-06 20:41:27.315 E/CAM_ComponentConfigVideoQuality(14775): reset invalid value 8
11-06 20:41:27.316 D/CAM_ComponentConfigVideoQuality(14775): checkValueValid: invalid value: 8
11-06 20:41:27.316 E/CAM_ComponentConfigVideoQuality(14775): reset invalid value 8
11-06 20:41:27.317 D/CAM_FragmentDualCameraAdjustMM(14775): provideAnimateElement(): initialized zoom ratio: 1.0
11-06 20:41:27.317 D/CAM_ZoomRatioToggleView(14775): count = 3
11-06 20:41:27.317 D/CAM_ZoomRatioToggleView(14775): setSuppressed(): false
11-06 20:41:27.317 D/CAM_ZoomRatioToggleView(14775): setSuppressed() ignored: false
11-06 20:41:27.317 I/CAM_ZoomRatioToggleView(14775): [U_ACTION]: setZoomRatio(): a = ZOOMING_BY_UNKNOWN_SOURCE,i = 1,z = 1.0,ti =1,tz =1.0
11-06 20:41:27.318 I/ApexCodecsLazy(14775): Failed to load libcom.android.media.swcodec.apexcodecs.so: dlopen failed: library "libcom.android.media.swcodec.apexcodecs.so" not found
11-06 20:41:27.318 I/Codec2Client(14775): Available Codec2 services: "default" "software"
11-06 20:41:27.320 I/CCodec  (14775): setting up 'default' as default (vendor) store
11-06 20:41:27.320 I/CCodec  (14775): setting up 'default' as default (vendor) store
11-06 20:41:27.321 D/CAM_DispatchFragment(14775): frameAvailable
11-06 20:41:27.321 D/CAM_BaseModule(14775): types:86,, u@50424621: mid = 163, cid = 0, created = true, departed = false
11-06 20:41:27.321 D/CAM_BaseModule(14775): accept 86,. d.c.a.q6.r7$e@59bf6ce
11-06 20:41:27.321 D/CAM_Camera2Module(14775): setEffectFilter: 66048
11-06 20:41:27.321 D/CAM_BaseModule(14775): begin to consumePreference..
11-06 20:41:27.321 D/CAM_EffectRenderGroup(14775): onEffectChanged: EFFECT_CHANGE_FILTER mEffectId = 66048
11-06 20:41:27.321 D/CAM_AiSceneManager(14775): setAiSceneEffect: 0
11-06 20:41:27.321 D/CAM_CameraConfigManager(14775): setTrackFocusEnable false
11-06 20:41:27.321 D/CAM_EffectController(14775): getAiColorCorrectionVersion: 2
11-06 20:41:27.321 D/CAM_CameraConfigManager(14775): setTrackFocusFeatureEnable false
11-06 20:41:27.321 D/CAM_CameraConfigManager(14775): setTrackFocusEnable false
11-06 20:41:27.321 D/CAM_EffectController(14775): getAiColorCorrectionVersion: 2
11-06 20:41:27.321 D/CAM_EffectRenderGroup(14775): onEffectChanged: EFFECT_CHANGE_FILTER mEffectId = 66048
11-06 20:41:27.321 V/CAM_MiCamera2(14775): resumePreview: cameraId=0 highSpeed=false | caller=d.c.b.p4.A0(Unknown Source:71), d.c.a.q6.r7$e.a(Unknown Source:203), d.c.a.q6.r7$e.accept(Unknown Source:2), io.reactivex.internal.observers.LambdaObserver.onNext(Unknown Source:8), 
11-06 20:41:27.322 D/CAM_FaceView(14775): setSkipDraw: mSkipDraw=false
11-06 20:41:27.322 D/CAM_FragmentBottomPopupTips(14775): restoreAiState: maybe restore ai scene tip:0
11-06 20:41:27.322 I/CAM_MiCamera2(14775): [K_PROCESS]: resumePreview: repeating sequenceId: 1
11-06 20:41:27.323 D/CAM_FragmentTopAlert(14775): camerapicker:alertParameterDescriptionTip：visible   8
11-06 20:41:27.323 D/CAM_FragmentTopAlert(14775): camerapicker:alertParameterDescriptionTip->DESCRIPTION_NORMAL:change imageView
11-06 20:41:27.324 D/CAM_FragmentTopAlert(14775): camerapicker:alertParameterDescriptionTip->DESCRIPTION_FILTER:change imageView
11-06 20:41:27.325 D/CAM_CameraIDManager(14775): getGridWindowConfig:[ConfigItem{mLayoutType=PATCH_0, mDescription='1X', mPresentZoom=1.0, mCameraId=0, mRelativeZoom=1.0}, ConfigItem{mLayoutType=PATCH_3, mDescription='front', mPresentZoom=1.0, mCameraId=1, mRelativeZoom=1.0}, ConfigItem{mLayoutType=PATCH_1, mDescription='2X', mPresentZoom=2.0, mCameraId=0, mRelativeZoom=1.0}, ConfigItem{mLayoutType=PATCH_2, mDescription='5X', mPresentZoom=5.0, mCameraId=0, mRelativeZoom=1.0}]
11-06 20:41:27.325 D/CAM_Camera2CompatAdapter(14775): E: initCameraCapabilitiesByCameraId(): 1
11-06 20:41:27.325 D/BufferPoolAccessor2.0( 1606): bufferpool2 0xb4000075e11f3848 : 0(0 size) total buffers - 0(0 size) used buffers - 0/0 (recycle/alloc) - 0/0 (fetch/transfer)
11-06 20:41:27.326 I/CCodec  (14775): Created component [c2.android.vorbis.decoder] for [c2.android.vorbis.decoder]
11-06 20:41:27.326 I/CCodec  (14775): Created component [c2.android.vorbis.decoder] for [c2.android.vorbis.decoder]
11-06 20:41:27.326 D/CCodecConfig(14775): read media type: audio/vorbis
11-06 20:41:27.326 D/CCodecConfig(14775): read media type: audio/vorbis
11-06 20:41:27.327 D/ReflectedParamUpdater(14775): extent() != 1 for single value type: algo.buffers.max-count.values
11-06 20:41:27.328 D/ReflectedParamUpdater(14775): extent() != 1 for single value type: algo.buffers.max-count.values
11-06 20:41:27.328 D/ReflectedParamUpdater(14775): extent() != 1 for single value type: output.subscribed-indices.values
11-06 20:41:27.328 D/ReflectedParamUpdater(14775): extent() != 1 for single value type: input.buffers.allocator-ids.values
11-06 20:41:27.328 D/ReflectedParamUpdater(14775): extent() != 1 for single value type: output.subscribed-indices.values
11-06 20:41:27.328 D/ReflectedParamUpdater(14775): extent() != 1 for single value type: output.buffers.allocator-ids.values
11-06 20:41:27.328 D/ReflectedParamUpdater(14775): extent() != 1 for single value type: input.buffers.allocator-ids.values
11-06 20:41:27.328 D/ReflectedParamUpdater(14775): extent() != 1 for single value type: output.buffers.allocator-ids.values
11-06 20:41:27.328 D/ReflectedParamUpdater(14775): extent() != 1 for single value type: algo.buffers.allocator-ids.values
11-06 20:41:27.328 D/ReflectedParamUpdater(14775): extent() != 1 for single value type: algo.buffers.allocator-ids.values
11-06 20:41:27.328 D/ReflectedParamUpdater(14775): extent() != 1 for single value type: output.buffers.pool-ids.values
11-06 20:41:27.328 D/ReflectedParamUpdater(14775): extent() != 1 for single value type: output.buffers.pool-ids.values
11-06 20:41:27.328 D/ReflectedParamUpdater(14775): extent() != 1 for single value type: algo.buffers.pool-ids.values
11-06 20:41:27.328 D/ReflectedParamUpdater(14775): extent() != 1 for single value type: algo.buffers.pool-ids.values
11-06 20:41:27.329 D/ConnectivityService( 1820): requestNetwork for uid/pid:10718/14640 activeRequest: null callbackRequest: 1419 [NetworkRequest [ REQUEST id=1420, [ Capabilities: INTERNET&NOT_RESTRICTED&TRUSTED&NOT_VCN_MANAGED&NOT_BANDWIDTH_CONSTRAINED Uid: 10718 RequestorUid: 10718 RequestorPkg: com.brave.browser UnderlyingNetworks: Null] ]] callback flags: 0 order: 2147483647 isUidTracked: false declaredMethods: AVAIL|LOST|NC|LP
11-06 20:41:27.329 I/CCodecConfig(14775): query failed after returning 8 values (BAD_INDEX)
11-06 20:41:27.329 I/CCodecConfig(14775): query failed after returning 8 values (BAD_INDEX)
11-06 20:41:27.329 D/CCodecConfig(14775): c2 config diff is Dict {
11-06 20:41:27.329 D/CCodecConfig(14775):   c2::u32 coded.bitrate.value = 64000
11-06 20:41:27.329 D/CCodecConfig(14775):   c2::u32 input.buffers.max-size.value = 32768
11-06 20:41:27.329 D/CCodecConfig(14775):   c2::u32 input.delay.value = 0
11-06 20:41:27.329 D/CCodecConfig(14775):   string input.media-type.value = "audio/vorbis"
11-06 20:41:27.329 D/CCodecConfig(14775):   c2::u32 output.large-frame.max-size = 0
11-06 20:41:27.329 D/CCodecConfig(14775):   c2::u32 output.large-frame.threshold-size = 0
11-06 20:41:27.329 D/CCodecConfig(14775):   string output.media-type.value = "audio/raw"
11-06 20:41:27.329 D/CCodecConfig(14775):   c2::u32 raw.channel-count.value = 1
11-06 20:41:27.329 D/CCodecConfig(14775):   c2::u32 raw.sample-rate.value = 48000
11-06 20:41:27.329 D/CCodecConfig(14775): }
11-06 20:41:27.329 D/CCodecConfig(14775): c2 config diff is Dict {
11-06 20:41:27.329 D/CCodecConfig(14775):   c2::u32 coded.bitrate.value = 64000
11-06 20:41:27.329 D/CCodecConfig(14775):   c2::u32 input.buffers.max-size.value = 32768
11-06 20:41:27.329 D/CCodecConfig(14775):   c2::u32 input.delay.value = 0
11-06 20:41:27.329 D/CCodecConfig(14775):   string input.media-type.value = "audio/vorbis"
11-06 20:41:27.329 D/CCodecConfig(14775):   c2::u32 output.large-frame.max-size = 0
11-06 20:41:27.329 D/CCodecConfig(14775):   c2::u32 output.large-frame.threshold-size = 0
11-06 20:41:27.329 D/CCodecConfig(14775):   string output.media-type.value = "audio/raw"
11-06 20:41:27.329 D/CCodecConfig(14775):   c2::u32 raw.channel-count.value = 1
11-06 20:41:27.329 D/CCodecConfig(14775):   c2::u32 raw.sample-rate.value = 48000
11-06 20:41:27.329 D/CCodecConfig(14775): }
11-06 20:41:27.330 D/WifiNetworkFactory( 1820): got request NetworkRequest [ REQUEST id=1420, [ Capabilities: INTERNET&NOT_RESTRICTED&TRUSTED&NOT_VCN_MANAGED&NOT_BANDWIDTH_CONSTRAINED Uid: 10718 RequestorUid: 10718 RequestorPkg: com.brave.browser UnderlyingNetworks: Null] ]
11-06 20:41:27.330 D/ConnectivityService( 1820): NetReassign [1420 : null → 100] [c 0] [a 0] [i 1]
11-06 20:41:27.330 D/UntrustedWifiNetworkFactory( 1820): got request NetworkRequest [ REQUEST id=1420, [ Capabilities: INTERNET&NOT_RESTRICTED&TRUSTED&NOT_VCN_MANAGED&NOT_BANDWIDTH_CONSTRAINED Uid: 10718 RequestorUid: 10718 RequestorPkg: com.brave.browser UnderlyingNetworks: Null] ]
11-06 20:41:27.330 D/OemPaidWifiNetworkFactory( 1820): got request NetworkRequest [ REQUEST id=1420, [ Capabilities: INTERNET&NOT_RESTRICTED&TRUSTED&NOT_VCN_MANAGED&NOT_BANDWIDTH_CONSTRAINED Uid: 10718 RequestorUid: 10718 RequestorPkg: com.brave.browser UnderlyingNetworks: Null] ]
11-06 20:41:27.331 D/MultiInternetWifiNetworkFactory( 1820): got request NetworkRequest [ REQUEST id=1420, [ Capabilities: INTERNET&NOT_RESTRICTED&TRUSTED&NOT_VCN_MANAGED&NOT_BANDWIDTH_CONSTRAINED Uid: 10718 RequestorUid: 10718 RequestorPkg: com.brave.browser UnderlyingNetworks: Null] ]
11-06 20:41:27.332 D/CCodec  (14775): [c2.android.vorbis.decoder] buffers are bound to CCodec for this session
11-06 20:41:27.332 D/CCodec  (14775): [c2.android.vorbis.decoder] buffers are bound to CCodec for this session
11-06 20:41:27.332 D/CCodecConfig(14775): no c2 equivalents for durationUs
11-06 20:41:27.332 D/CCodecConfig(14775): no c2 equivalents for durationUs
11-06 20:41:27.332 D/CCodecConfig(14775): no c2 equivalents for track-id
11-06 20:41:27.332 D/CCodecConfig(14775): no c2 equivalents for track-id
11-06 20:41:27.332 D/CCodecConfig(14775): no c2 equivalents for csd-1
11-06 20:41:27.332 D/CCodecConfig(14775): no c2 equivalents for csd-1
11-06 20:41:27.332 D/CCodecConfig(14775): no c2 equivalents for flags
11-06 20:41:27.332 D/CCodecConfig(14775): no c2 equivalents for flags
11-06 20:41:27.333 D/CCodecConfig(14775): c2 config diff is   c2::u32 coded.bitrate.value = 112000
11-06 20:41:27.333 D/CCodecConfig(14775):   c2::u32 raw.channel-count.value = 2
11-06 20:41:27.333 D/CCodecConfig(14775):   c2::u32 raw.sample-rate.value = 44100
11-06 20:41:27.333 W/Codec2Client(14775): query -- param skipped: index = 1107298332.
11-06 20:41:27.333 D/CCodec  (14775): encoding statistics level = 0
11-06 20:41:27.334 D/CCodec  (14775): setup formats input: AMessage(what = 0x00000000) = {
11-06 20:41:27.334 D/CCodec  (14775):   int32_t bitrate = 112000
11-06 20:41:27.334 D/CCodec  (14775):   int32_t channel-count = 2
11-06 20:41:27.334 D/CCodec  (14775):   int32_t max-input-size = 32768
11-06 20:41:27.334 D/CCodec  (14775):   string mime = "audio/vorbis"
11-06 20:41:27.334 D/CCodec  (14775):   int32_t sample-rate = 44100
11-06 20:41:27.334 D/CCodec  (14775): }
11-06 20:41:27.334 D/CCodec  (14775): setup formats output: AMessage(what = 0x00000000) = {
11-06 20:41:27.334 D/CCodec  (14775):   int32_t buffer-batch-max-output-size = 0
11-06 20:41:27.334 D/CCodec  (14775):   int32_t buffer-batch-threshold-output-size = 0
11-06 20:41:27.334 D/CCodec  (14775):   int32_t channel-count = 2
11-06 20:41:27.334 D/CCodec  (14775):   string mime = "audio/raw"
11-06 20:41:27.334 D/CCodec  (14775):   int32_t sample-rate = 44100
11-06 20:41:27.334 D/CCodec  (14775):   int32_t channel-mask = 3
11-06 20:41:27.334 D/CCodec  (14775):   int32_t android._config-pcm-encoding = 2
11-06 20:41:27.334 D/CCodec  (14775): }
11-06 20:41:27.334 I/CCodecConfig(14775): query failed after returning 8 values (BAD_INDEX)
11-06 20:41:27.334 D/CCodecConfig(14775): c2 config diff is   c2::u32 coded.bitrate.value = 499821
11-06 20:41:27.334 D/CCodecConfig(14775):   c2::u32 raw.channel-count.value = 2
11-06 20:41:27.334 D/CCodecConfig(14775):   c2::u32 raw.sample-rate.value = 44100
11-06 20:41:27.335 W/Codec2Client(14775): query -- param skipped: index = 1107298332.
11-06 20:41:27.335 D/CCodec  (14775): encoding statistics level = 0
11-06 20:41:27.335 D/CCodec  (14775): setup formats input: AMessage(what = 0x00000000) = {
11-06 20:41:27.335 D/CCodec  (14775):   int32_t bitrate = 499821
11-06 20:41:27.335 D/CCodec  (14775):   int32_t channel-count = 2
11-06 20:41:27.335 D/CCodec  (14775):   int32_t max-input-size = 32768
11-06 20:41:27.335 D/CCodec  (14775):   string mime = "audio/vorbis"
11-06 20:41:27.335 D/CCodec  (14775):   int32_t sample-rate = 44100
11-06 20:41:27.335 D/CCodec  (14775): }
11-06 20:41:27.335 D/CCodec  (14775): setup formats output: AMessage(what = 0x00000000) = {
11-06 20:41:27.335 D/CCodec  (14775):   int32_t buffer-batch-max-output-size = 0
11-06 20:41:27.335 D/CCodec  (14775):   int32_t buffer-batch-threshold-output-size = 0
11-06 20:41:27.335 D/CCodec  (14775):   int32_t channel-count = 2
11-06 20:41:27.335 D/CCodec  (14775):   string mime = "audio/raw"
11-06 20:41:27.335 D/CCodec  (14775):   int32_t sample-rate = 44100
11-06 20:41:27.335 D/CCodec  (14775):   int32_t channel-mask = 3
11-06 20:41:27.335 D/CCodec  (14775):   int32_t android._config-pcm-encoding = 2
11-06 20:41:27.335 D/CCodec  (14775): }
11-06 20:41:27.335 I/CCodecConfig(14775): query failed after returning 8 values (BAD_INDEX)
11-06 20:41:27.335 D/CAM_CameraCapabilities(14775): QuickShotDelayTime tag not defined
11-06 20:41:27.335 D/CAM_CameraCapabilities(14775): HQQuickShot: mFeatureMask: 0   mDelayTimeMask: 0
11-06 20:41:27.335 D/CAM_CameraCapabilities(14775): QuickShotDelayTimeFactor tag not defined
11-06 20:41:27.335 D/CAM_CameraCapabilities(14775): QuickShot: mDelayTimeFactor: 100
11-06 20:41:27.335 D/CAM_CameraCapabilities(14775): MiviSuperNight: mSuperNightMask: 0
11-06 20:41:27.335 D/CAM_CameraCapabilities(14775): QuickShotNextCaptureMask: mQuickShotNextCaptureMask: 0
11-06 20:41:27.335 D/CAM_CameraCapabilities(14775): getBeautyVersionData: 3 ,beautyVersion: 3 ,beautyAlgo: 1
11-06 20:41:27.335 D/CAM_CameraCapabilities(14775): SnapshotQuickViewStreamMask: 0
11-06 20:41:27.335 D/CAM_Camera2CompatAdapter(14775): X: initCameraCapabilitiesByCameraId(): 1
11-06 20:41:27.335 D/CAM_Camera2CompatAdapter(14775): E: initCameraCapabilitiesByCameraId(): 0
11-06 20:41:27.338 W/Codec2Client(14775): query -- param skipped: index = 1342179345.
11-06 20:41:27.338 W/Codec2Client(14775): query -- param skipped: index = 2415921170.
11-06 20:41:27.338 D/CAM_MiCamera2(14775): processAfResult: afState changed from -1 to 0
11-06 20:41:27.339 D/ConnectivityService( 1820): NetReassign [no changes] [c 0] [a 0] [i 3]
11-06 20:41:27.339 W/Codec2Client(14775): query -- param skipped: index = 1342179345.
11-06 20:41:27.339 W/Codec2Client(14775): query -- param skipped: index = 2415921170.
11-06 20:41:27.340 D/C2Store (14775): Using ION
11-06 20:41:27.341 W/CAM_MiCamera2(14775): isFocusLocked: 0
11-06 20:41:27.342 D/CCodecBufferChannel(14775): [c2.android.vorbis.decoder#654] Created input block pool with allocatorID 16 => poolID 17 - OK (0)
11-06 20:41:27.342 D/CCodecBufferChannel(14775): [c2.android.vorbis.decoder#162] Created input block pool with allocatorID 16 => poolID 18 - OK (0)
11-06 20:41:27.342 I/CCodecBufferChannel(14775): [c2.android.vorbis.decoder#162] Created output block pool with allocatorID 16 => poolID 311 - OK
11-06 20:41:27.343 D/CCodecBufferChannel(14775): [c2.android.vorbis.decoder#162] Configured output block pool ids 311 => OK
11-06 20:41:27.343 E/Codec2-ComponentInterface( 1606): We have a failed config
11-06 20:41:27.343 I/CCodecBufferChannel(14775): [c2.android.vorbis.decoder#654] Created output block pool with allocatorID 16 => poolID 312 - OK
11-06 20:41:27.343 D/CCodecBufferChannel(14775): [c2.android.vorbis.decoder#654] Configured output block pool ids 312 => OK
11-06 20:41:27.343 E/Codec2-ComponentInterface( 1606): We have a failed config
11-06 20:41:27.344 D/SimpleC2Component( 1606): Using output block pool with poolID 311 => got 311 - 0
11-06 20:41:27.344 D/CAM_CameraCapabilities(14775): QuickShotDelayTime tag not defined
11-06 20:41:27.344 D/CAM_CameraCapabilities(14775): HQQuickShot: mFeatureMask: 0   mDelayTimeMask: 0
11-06 20:41:27.344 D/CAM_CameraCapabilities(14775): QuickShotDelayTimeFactor tag not defined
11-06 20:41:27.344 D/CAM_CameraCapabilities(14775): QuickShot: mDelayTimeFactor: 100
11-06 20:41:27.344 D/CAM_CameraCapabilities(14775): MiviSuperNight: mSuperNightMask: 0
11-06 20:41:27.344 D/CAM_CameraCapabilities(14775): QuickShotNextCaptureMask: mQuickShotNextCaptureMask: 0
11-06 20:41:27.344 D/CAM_CameraCapabilities(14775): getBeautyVersionData: 3 ,beautyVersion: 3 ,beautyAlgo: 1
11-06 20:41:27.344 D/CAM_CameraCapabilities(14775): SnapshotQuickViewStreamMask: 0
11-06 20:41:27.345 D/CAM_Camera2CompatAdapter(14775): X: initCameraCapabilitiesByCameraId(): 0
11-06 20:41:27.345 W/CAM_CameraCapabilities(14775): isCurrentDeviceSupportHdr10 AVAILABLE_CONFIGURATIONS is not defined
11-06 20:41:27.345 W/CAM_CameraCapabilities(14775): isCurrentDeviceSupportHdr10 AVAILABLE_CONFIGURATIONS is not defined
11-06 20:41:27.345 W/CAM_CameraCapabilities(14775): isCurrentDeviceSupportHdr10 AVAILABLE_CONFIGURATIONS is not defined
11-06 20:41:27.345 D/CAM_SpeechShutterImpl(14775): processingSpeechShutter false
11-06 20:41:27.345 D/SimpleC2Component( 1606): Using output block pool with poolID 312 => got 312 - 0
11-06 20:41:27.346 D/CAM_FocusView(14775): msg=9 true
11-06 20:41:27.349 D/CAM_V9SuspendShutterButton(14775): init  isBACK = -1
11-06 20:41:27.349 W/CameraMetadataJV(14775): Expect face scores and rectangles to be non-null
11-06 20:41:27.350 W/CameraMetadataJV(14775): Expect face scores and rectangles to be non-null
11-06 20:41:27.351 E/libprotobuf-native( 1094): [libprotobuf ERROR external/protobuf/src/google/protobuf/message_lite.cc:123] Can't parse message of type "sns_flicker_event" because it is missing required fields: (cannot determine missing fields for lite message)
11-06 20:41:27.351 E/libprotobuf-native( 1094): [libprotobuf ERROR external/protobuf/src/google/protobuf/message_lite.cc:123] Can't parse message of type "sns_flicker_event" because it is missing required fields: (cannot determine missing fields for lite message)
11-06 20:41:27.351 D/CAM_ActivityBase(14775): dismissCoverView
11-06 20:41:27.354 D/CAM_MarshalQueryableASDScene(14775): Expected size should be 8, but got: 0
11-06 20:41:27.354 D/CAM_MarshalQueryableASDScene(14775): Expected size should be 8, but got: 0
11-06 20:41:27.354 D/CAM_MarshalQueryableASDScene(14775): Expected size should be 8, but got: 0
11-06 20:41:27.355 I/hwservicemanager(  669): getTransport: Cannot find entry vendor.qti.hardware.servicetracker@1.0::IServicetracker/default in either framework or device VINTF manifest.
11-06 20:41:27.356 W/CAM_QRCodeDecoder(14775): decode: failed...  
11-06 20:41:27.357 W/InteractionJankMonitor(14775): Initializing without READ_DEVICE_CONFIG permission. enabled=false, interval=1, missedFrameThreshold=3, frameTimeThreshold=64, package=com.android.camera
11-06 20:41:27.367 W/CAM_Camera2CompatAdapterRole(14775): Warning: getAuxCameraId(): #init() failed, roleId=20
11-06 20:41:27.367 W/CAM_Camera2CompatAdapterRole(14775): Warning: getUltraTeleCameraId(): #init() failed, roleId=23
11-06 20:41:27.368 V/CAM_QRCodeDecoder(14775): decode X: result = 
11-06 20:41:27.374 W/WindowOnBackDispatcher( 2614): sendCancelIfRunning: isInProgress=false callback=android.view.ViewRootImpl$$ExternalSyntheticLambda13@94f683a
11-06 20:41:27.378 I/hwservicemanager(  669): getTransport: Cannot find entry vendor.qti.hardware.servicetracker@1.0::IServicetracker/default in either framework or device VINTF manifest.
11-06 20:41:27.379 W/CameraMetadataJV(14775): Expect face scores and rectangles to be non-null
11-06 20:41:27.379 W/CameraMetadataJV(14775): Expect face scores and rectangles to be non-null
11-06 20:41:27.380 D/CAM_MarshalQueryableASDScene(14775): Expected size should be 8, but got: 0
11-06 20:41:27.380 D/CCodecBufferChannel(14775): [c2.android.vorbis.decoder#162] MediaCodec discarded an unknown buffer
11-06 20:41:27.380 D/CCodecBufferChannel(14775): [c2.android.vorbis.decoder#162] MediaCodec discarded an unknown buffer
11-06 20:41:27.380 D/CCodecBufferChannel(14775): [c2.android.vorbis.decoder#162] MediaCodec discarded an unknown buffer
11-06 20:41:27.380 D/CAM_MarshalQueryableASDScene(14775): Expected size should be 8, but got: 0
11-06 20:41:27.380 D/CAM_MarshalQueryableASDScene(14775): Expected size should be 8, but got: 0
11-06 20:41:27.380 I/hwservicemanager(  669): getTransport: Cannot find entry vendor.qti.hardware.servicetracker@1.0::IServicetracker/default in either framework or device VINTF manifest.
