11-06 20:41:26.878 D/CAM_CameraCapabilities(14775): SnapshotQuickViewStreamMask: 0
11-06 20:41:26.879 D/CAM_Camera2CompatAdapter(14775): X: initCameraCapabilitiesByCameraId(): 6
11-06 20:41:26.879 D/CAM_CaptureRequestBuilder(14775): applyCinematicVideo: false
11-06 20:41:26.879 D/CAM_MiCameraCompat(14775): applySmoothTransition: true
11-06 20:41:26.879 I/CAM_MiCamera2(14775): [K_PROCESS]: startPreviewSession: setup output configuration number: 3
11-06 20:41:26.879 I/CAM_PerformanceManager(14775): [P_PERFORM]: Action: 3:cameraOpened2createCaptureSession@0_163_0 takes 161 ms
11-06 20:41:26.879 W/Settings(13358): Setting adb_enabled has moved from android.provider.Settings.Secure to android.provider.Settings.Global.
11-06 20:41:26.880 D/CAM_ZoomRatioToggleView(14775): setVisibility(): GONE
11-06 20:41:26.880 D/CAM_ZoomRatioToggleView(14775): resetAnimators
11-06 20:41:26.880 E/.android.camera(14775): No package ID ff found for resource ID 0xffffffff.
11-06 20:41:26.881 D/BaseDepthController( 2880): mSurface is null and mCurrentBlur is: 0
11-06 20:41:26.881 D/CAM_FragmentDualCameraAdjust(14775): initZoomRatioForBackCamera(): zoom: 1.0
11-06 20:41:26.881 D/CAM_Camera2CompatAdapter(14775): E: initCameraCapabilitiesByCameraId(): 0
11-06 20:41:26.882 I/cameraserver( 1555): Bypass roundBufferDimensionNearest for privilegedClient YUV streams width 6016 height 4512 for format 33
11-06 20:41:26.883 I/cameraserver( 1555): Bypass roundBufferDimensionNearest for privilegedClient YUV streams width 1440 height 1080 for format 35
11-06 20:41:26.883 D/Camera3-Utils( 1555): Set real time priority for thread (tid 3983)
11-06 20:41:26.883 E/CHIUSECASE( 1094): [ERROR  ] chxutils.cpp:1656 GetClientName() failed to find tag clientName
11-06 20:41:26.883 E/CHIUSECASE( 1094): [ERROR  ] chxutils.cpp:1661 GetClientName() failed get clientName
11-06 20:41:26.885 E/CHIUSECASE( 1094): [ERROR  ] chxutils.cpp:1656 GetClientName() failed to find tag clientName
11-06 20:41:26.885 E/CHIUSECASE( 1094): [ERROR  ] chxutils.cpp:1661 GetClientName() failed get clientName
11-06 20:41:26.888 V/SYNX-UMD( 1094): Synx Init!
11-06 20:41:26.888 V/SYNX-UMD( 1094): Creating hPollThread = 518849870848
11-06 20:41:26.888 V/SYNX-UMD( 1094): Completed Synx Init
11-06 20:41:26.888 V/SYNX-UMD( 1094): Polling ...
11-06 20:41:26.889 D/CAM_CameraCapabilities(14775): QuickShotDelayTime tag not defined
11-06 20:41:26.889 D/CAM_CameraCapabilities(14775): HQQuickShot: mFeatureMask: 0   mDelayTimeMask: 0
11-06 20:41:26.889 D/CAM_CameraCapabilities(14775): QuickShotDelayTimeFactor tag not defined
11-06 20:41:26.889 D/CAM_CameraCapabilities(14775): QuickShot: mDelayTimeFactor: 100
11-06 20:41:26.890 D/CAM_CameraCapabilities(14775): MiviSuperNight: mSuperNightMask: 0
11-06 20:41:26.890 D/CAM_CameraCapabilities(14775): QuickShotNextCaptureMask: mQuickShotNextCaptureMask: 0
11-06 20:41:26.890 D/CAM_CameraCapabilities(14775): getBeautyVersionData: 3 ,beautyVersion: 3 ,beautyAlgo: 1
11-06 20:41:26.890 D/CAM_CameraCapabilities(14775): SnapshotQuickViewStreamMask: 0
11-06 20:41:26.890 D/CAM_Camera2CompatAdapter(14775): X: initCameraCapabilitiesByCameraId(): 0
11-06 20:41:26.890 D/CAM_ComponentConfigVideoQuality(14775): checkValueValid: invalid value: 8
11-06 20:41:26.890 E/CAM_ComponentConfigVideoQuality(14775): reset invalid value 8
11-06 20:41:26.890 D/CAM_FragmentDualCameraAdjustMM(14775): provideAnimateElement(): initialized zoom ratio: 1.0
11-06 20:41:26.891 D/CAM_ZoomRatioToggleView(14775): count = 3
11-06 20:41:26.891 D/CAM_ZoomRatioToggleView(14775): resetAnimators
11-06 20:41:26.891 E/CamX    ( 1094): [ERROR][SENSOR ] camxsensornode.cpp:3381 ProcessingNodeFinalizeInitialization() camera 0, has ois data umi_ois, has dependency 0 on 
11-06 20:41:26.891 E/.android.camera(14775): No package ID ff found for resource ID 0xffffffff.
11-06 20:41:26.893 E/.android.camera(14775): No package ID ff found for resource ID 0xffffffff.
11-06 20:41:26.895 E/.android.camera(14775): No package ID ff found for resource ID 0xffffffff.
11-06 20:41:26.897 D/CAM_ZoomRatioToggleView(14775): setSuppressed(): false
11-06 20:41:26.897 I/CAM_ZoomRatioToggleView(14775): [U_ACTION]: setZoomRatio(): a = ZOOMING_BY_UNKNOWN_SOURCE,i = 1,z = 1.0,ti =1,tz =1.0
11-06 20:41:26.898 D/BaseDepthController( 2880): mSurface is null and mCurrentBlur is: 0
11-06 20:41:26.899 E/CamX    ( 1094): [ERROR][SENSOR ] camxpdafdata.cpp:119 PDAFInit() videomode = 0 tuning mode 0
11-06 20:41:26.901 D/CAM_ZoomRatioToggleView(14775): setVisibility(): VISIBLE
11-06 20:41:26.901 D/CAM_ZoomRatioToggleView(14775): setVisibility(): VISIBLE
11-06 20:41:26.901 D/CAM_ZoomRatioToggleView(14775): setVisibility(): GONE
11-06 20:41:26.901 D/CAM_ZoomRatioToggleView(14775): resetAnimators
11-06 20:41:26.902 D/CAM_ZoomRatioToggleView(14775): setVisibility(): INVISIBLE
11-06 20:41:26.902 D/CAM_ZoomRatioToggleView(14775): resetAnimators
11-06 20:41:26.902 D/CAM_ZoomRatioToggleView(14775): setVisibility(): GONE
11-06 20:41:26.902 D/CAM_ZoomRatioToggleView(14775): resetAnimators
11-06 20:41:26.902 D/CAM_FragmentDualCameraAdjust(14775): initZoomRatioForBackCamera(): zoom: 1.0
11-06 20:41:26.903 D/CAM_ComponentConfigVideoQuality(14775): checkValueValid: invalid value: 8
11-06 20:41:26.903 E/CAM_ComponentConfigVideoQuality(14775): reset invalid value 8
11-06 20:41:26.903 D/CAM_ComponentConfigVideoQuality(14775): checkValueValid: invalid value: 8
11-06 20:41:26.903 E/CAM_ComponentConfigVideoQuality(14775): reset invalid value 8
11-06 20:41:26.904 D/CAM_FragmentDualCameraAdjustMM(14775): provideAnimateElement(): initialized zoom ratio: 1.0
11-06 20:41:26.904 D/CAM_ZoomRatioToggleView(14775): count = 3
11-06 20:41:26.904 D/CAM_ZoomRatioToggleView(14775): setSuppressed(): false
11-06 20:41:26.904 D/CAM_ZoomRatioToggleView(14775): setSuppressed() ignored: false
11-06 20:41:26.904 I/CAM_ZoomRatioToggleView(14775): [U_ACTION]: setZoomRatio(): a = ZOOMING_BY_UNKNOWN_SOURCE,i = 1,z = 1.0,ti =1,tz =1.0
11-06 20:41:26.908 D/CAM_AbstractFragment(14775): baseUpdateView FragmentDualCameraAdjustMM, true
11-06 20:41:26.908 D/CAM_ComponentConfigVideoQuality(14775): checkValueValid: invalid value: 8
11-06 20:41:26.908 E/CAM_ComponentConfigVideoQuality(14775): reset invalid value 8
11-06 20:41:26.908 D/CAM_ZoomRatioToggleView(14775): count = 3
11-06 20:41:26.908 D/CAM_ZoomRatioToggleView(14775): setSuppressed(): false
11-06 20:41:26.908 D/CAM_ZoomRatioToggleView(14775): setSuppressed() ignored: false
11-06 20:41:26.908 I/CAM_ZoomRatioToggleView(14775): [U_ACTION]: setZoomRatio(): a = ZOOMING_BY_LAYOUT_CHANGE,i = 1,z = 1.0,ti =1,tz =1.0
11-06 20:41:26.909 E/.android.camera(14775): No package ID ff found for resource ID 0xffffffff.
11-06 20:41:26.914 D/BaseDepthController( 2880): mSurface is null and mCurrentBlur is: 0
11-06 20:41:26.921 D/CAM_FocusView(14775): FocusView: is global animation available: true
11-06 20:41:26.922 V/CAM_FocusView(14775): [WTP]drawableInitialize: E
11-06 20:41:26.923 E/.android.camera(14775): No package ID ff found for resource ID 0xffffffff.
11-06 20:41:26.923 E/.android.camera(14775): No package ID ff found for resource ID 0xffffffff.
11-06 20:41:26.923 E/.android.camera(14775): No package ID ff found for resource ID 0xffffffff.
11-06 20:41:26.924 E/.android.camera(14775): No package ID ff found for resource ID 0xffffffff.
11-06 20:41:26.924 E/.android.camera(14775): No package ID ff found for resource ID 0xffffffff.
11-06 20:41:26.924 E/.android.camera(14775): No package ID ff found for resource ID 0xffffffff.
11-06 20:41:26.925 E/.android.camera(14775): No package ID ff found for resource ID 0xffffffff.
11-06 20:41:26.925 E/.android.camera(14775): No package ID ff found for resource ID 0xffffffff.
11-06 20:41:26.925 E/.android.camera(14775): No package ID ff found for resource ID 0xffffffff.
11-06 20:41:26.925 E/.android.camera(14775): No package ID ff found for resource ID 0xffffffff.
11-06 20:41:26.925 E/.android.camera(14775): No package ID ff found for resource ID 0xffffffff.
11-06 20:41:26.925 E/.android.camera(14775): No package ID ff found for resource ID 0xffffffff.
11-06 20:41:26.927 D/CAM_FocusView(14775): reset: type = 7, is draw = false, mIsTouchFocus = false
11-06 20:41:26.927 D/CAM_TrackFocusView(14775): clear
11-06 20:41:26.927 D/CAM_TrackFocusView(14775): clear
11-06 20:41:26.927 D/CAM_TrackFocusView(14775): setSkipDraw false
11-06 20:41:26.927 D/CAM_AbstractFragment(14775): baseUpdateView FragmentMainContentMM, true
11-06 20:41:26.927 D/CAM_FragmentTopConfig(14775): showDelayNumber: topMargin = 290, topHeight = 246, fontHeight = 160, viewHeight = 212, offset = 52
11-06 20:41:26.928 D/CAM_FragmentBottomPopupTips(14775): onCreate: 
11-06 20:41:26.929 D/CAM_AbstractFragment(14775): baseUpdateView FragmentBottomPopupTips, true
11-06 20:41:26.930 D/CAM_AbstractFragment(14775): baseUpdateView FragmentReferenceLine, true
11-06 20:41:26.931 D/CAM_Camera@123830004(14775): onStart start
11-06 20:41:26.931 D/CAM_RenderEngineV1(14775): onResume start
11-06 20:41:26.931 D/CAM_RenderEngineV1(14775): onResume end
11-06 20:41:26.931 D/CAM_ActivityBase(14775): registerAvailabilityCallback
11-06 20:41:26.931 D/BaseDepthController( 2880): mSurface is null and mCurrentBlur is: 0
11-06 20:41:26.931 D/CAM_BoostFrameworkImpl(14775): stopBoost
11-06 20:41:26.931 D/CAM_BoostFrameworkImpl(14775): ready to stop boost
11-06 20:41:26.931 D/CAM_Camera@123830004(14775): onStart end {1.0 214mcc22mnc [es_ES] ldltr sw393dp w393dp h794dp 440dpi nrml long hdr widecg port night finger -keyb/v/h -nav/h winConfig={ mBounds=Rect(0, 0 - 1080, 2340) mAppBounds=Rect(0, 90 - 1080, 2274) mMaxBounds=Rect(0, 0 - 1080, 2340) mDisplayRotation=ROTATION_0 mWindowingMode=fullscreen mActivityType=standard mAlwaysOnTop=undefined mRotation=ROTATION_0} as.3 s.2 fontWeightAdjustment=0}
11-06 20:41:26.931 D/CAM_ActivityBase(14775): onStart -
11-06 20:41:26.933 D/CAM_ActivityBase(14775): onResume +123830004
11-06 20:41:26.933 D/CAM_BoostFrameworkImpl(14775): startBoost: duration = 500, scene = 6
11-06 20:41:26.933 D/CAM_BoostFrameworkImpl(14775): ready to boost
11-06 20:41:26.933 D/CAM_Camera@123830004(14775): onResume start
11-06 20:41:26.933 I/CAM_Camera@123830004(14775): [P_PERFORM]: checkPermissionAndCTA E
11-06 20:41:26.933 I/CAM_PermissionManager(14775): getNeedCheckPermissionList() listSize =0
11-06 20:41:26.933 I/CAM_PermissionManager(14775): checkCameraLaunchPermissions(), all on
11-06 20:41:26.933 I/CAM_PermissionManager(14775): getNeedCheckPermissionList() listSize =0
11-06 20:41:26.933 I/CAM_PermissionManager(14775): checkCameraLocationPermissions(), all on
11-06 20:41:26.933 I/CAM_PermissionManager(14775): getNeedCheckPermissionList() listSize =0
11-06 20:41:26.933 I/CAM_PermissionManager(14775): checkCameraLocationPermissions(), all on
11-06 20:41:26.933 I/CAM_Camera@123830004(14775): [P_PERFORM]: checkPermissionAndCTA X
11-06 20:41:26.934 I/sscrpcd (  711): vendor/qcom/proprietary/adsprpc/src/apps_std_imp.c:848: Successfully opened file /sys/class/backlight/panel0-backlight/brightness
11-06 20:41:26.936 D/CAM_Camera@123830004(14775): onResume start
11-06 20:41:26.936 D/CAM_Camera@123830004(14775): resume in MultiWindowMode false
11-06 20:41:26.936 D/CAM_ActivityBase(14775): isCameraAliveWhenResume: releaseByModule: false, isModuleAlive: true, isCameraDevicesAlive: true
11-06 20:41:26.936 D/CAM_Display(14775): is display size change:false
11-06 20:41:26.937 V/CAM_AutoLockManager(14775): mHibernationTimeOut = 180000, mScreenOffTimeOut = 15000
11-06 20:41:26.937 V/CAM_AutoLockManager(14775): [WTP]updateScreenOffTimeout: E
11-06 20:41:26.937 V/CAM_AutoLockManager(14775): [WTP]updateScreenOffTimeout: E
11-06 20:41:26.937 V/CAM_AutoLockManager(14775): [WTP]updateScreenOffTimeout: X
11-06 20:41:26.937 I/sensors-hal( 1133): batch:180, android.sensor.accelerometer/76, period=20000000, max_latency=200000000
11-06 20:41:26.938 V/CAM_AutoLockManager(14775): [WTP]updateScreenOffTimeout: X
11-06 20:41:26.941 I/sensors-hal( 1133): batch:189, android.sensor.accelerometer/76, period=20000000, max_latency=200000000 request completed
11-06 20:41:26.941 I/sensors-hal( 1133): flush:209, android.sensor.accelerometer/76
11-06 20:41:26.941 E/CamX    ( 1094): [ERROR][NCS    ] camxncsintfqsee.cpp:2262 FillCaps() Sensor 6 probe failed during boot
11-06 20:41:26.941 E/CamX    ( 1094): [ERROR][STATS_AEC] camxcaecstatsprocessor.cpp:5324 SetupNCSLinkForSensor() CAECLaser: Unable to Query caps sensor type 6 error CamxResultEFailed
11-06 20:41:26.941 E/CamX    ( 1094): [ERROR][STATS_AEC] camxcaecstatsprocessor.cpp:5267 SetupNCSLink() CAECLaser: Unable to Setup NCS Link For Laser Sensor
11-06 20:41:26.942 E/CamX    ( 1094): [ERROR][STATS_AEC] camxcaecstatsprocessor.cpp:5246 Initialize() CAECLaser: Failed setting up NCS link
11-06 20:41:26.942 E/CamX    ( 1094): [ERROR][STATS_AEC] camxcaecstatsprocessor.cpp:215 Initialize() Failed to Initialize Laser
11-06 20:41:26.942 E/CamX    ( 1094): [ERROR][STATS_AEC] camxcaecstatsprocessor.cpp:6635 DoFlickerFFTProcess() DoFlickerFFTProcess enter
11-06 20:41:26.942 I/sensors-hal( 1133): flush:215, android.sensor.accelerometer/76 completed
11-06 20:41:26.943 D/CAM_CameraUtil(14775): clearRotationAnimation
11-06 20:41:26.943 V/CAM_ActivityBase(14775): checkGalleryLock: galleryLocked=false
11-06 20:41:26.943 D/CAM_CameraIntentManager(14775): start activity when locked: false
11-06 20:41:26.943 D/CAM_ActivityBase(14775): checkKeyguard: setShowWhenLocked:false
11-06 20:41:26.944 V/CAM_ActivityBase(14775): checkKeyguard: fromKeyguard=false keyguardSecureLocked=false secureUriList is null
11-06 20:41:26.944 V/CAM_CameraBrightness(14775): onResume adjustBrightness
11-06 20:41:26.944 D/CompatibilityUtils(14775): getSdcardPath: sdcardVolume = null
11-06 20:41:26.944 D/CAM_FileCompat(14775): getExtSDCardPaths: activePath = null
11-06 20:41:26.944 D/CompatibilityUtils(14775): getSdcardPath: sdcardVolume = null
11-06 20:41:26.944 V/CAM_Storage(14775): initStorage sd=null
11-06 20:41:26.944 D/CAM_Storage(14775): hasSecondaryStorage=false
11-06 20:41:26.944 D/CAM_Storage(14775): hasSecondaryStorage=false
11-06 20:41:26.944 D/CAM_CameraBrightness(14775): adjustBrightness: cost=0ms
11-06 20:41:26.945 D/CAM_Camera@123830004(14775): resumeCamera: E
11-06 20:41:26.945 D/CAM_Camera@123830004(14775): resumeCamera: isSwitchingModule() : true &&  getDisplayFoldState() : true: 
11-06 20:41:26.945 D/CAM_DragEventBusImpl(14775): addOnDragListener: Camera@123830004
11-06 20:41:26.945 D/CAM_MemoryManager(14775): initLimit: mSavedQueueMemoryLimit = 386043744
11-06 20:41:26.945 D/CAM_MemoryManager(14775): initMemory: maxMemory=536870912
11-06 20:41:26.945 V/CAM_ImageSaver(14775): onHostResume: isCapture=false
11-06 20:41:26.946 I/CAM_PermissionManager(14775): getNeedCheckPermissionList() listSize =0
11-06 20:41:26.946 I/CAM_PermissionManager(14775): checkCameraLaunchPermissions(), all on
11-06 20:41:26.946 D/CAM_CameraIntentManager(14775): camera_launch_source = null
11-06 20:41:26.946 I/CAM_PerformanceManager(14775): [P_PERFORM]: not allow traceStart
11-06 20:41:26.946 D/CAM_Camera@123830004(14775): onResume end
11-06 20:41:26.946 V/CAM_Camera@123830004(14775): [WTP]notifyCameraResume: E
11-06 20:41:26.946 I/CAM_PerformanceManager(14775): [P_PERFORM]: Action: resumeActivity@123830004_163_0 takes 13 ms
11-06 20:41:26.946 D/CAM_Camera@123830004(14775): onResume end
11-06 20:41:26.946 D/CAM_SendBroadcastNotifyExternal(14775): notify external(status: start_foreground)
11-06 20:41:26.946 D/CAM_ActivityBase(14775): onResume - version: 5.0.230706.0
11-06 20:41:26.947 D/CAM_FragmentBottomAction(14775): initThumbnailAsThumbnail: 
11-06 20:41:26.947 D/CAM_FragmentBottomAction(14775): set thumbnail clickable: true
11-06 20:41:26.947 I/CAM_PermissionManager(14775): getNeedCheckPermissionList() listSize =0
11-06 20:41:26.947 V/CAM_Camera@123830004(14775): [WTP]initShortcut: E
11-06 20:41:26.947 I/CAM_PermissionManager(14775): checkStoragePermissions on
11-06 20:41:26.947 D/CAM_ThermalDetector(14775): registerReceiver
11-06 20:41:26.948 D/BaseDepthController( 2880): mSurface is null and mCurrentBlur is: 0
11-06 20:41:26.949 E/CHIUSECASE( 1094): [Eeee] AvailableNodes=ffffff, CurrentNodeType=1000
11-06 20:41:26.949 D/android.hardware.camera.provider@2.4-service_64( 1094): Arcsoft BeautyParams_Debug:read beauty params file success.
11-06 20:41:26.949 D/CAM_BatteryDetector(14775): registerReceiver
11-06 20:41:26.949 I/CAM_Storage(14775): setLeftSpace(55303086080)
11-06 20:41:26.951 V/CAM_FocusView(14775): [WTP]drawableInitialize: X
11-06 20:41:26.951 V/CAM_Camera@123830004(14775): [WTP]notifyCameraResume: X
11-06 20:41:26.951 D/CAM_ThumbnailUpdater(14775): LoadThumbnailTask: thumbnail on task create: null
11-06 20:41:26.951 V/CAM_LifecycleAsyncTask(14775): [WTP]AsyncTask: E. LoadThumbnailTask
11-06 20:41:26.952 D/CAM_ThumbnailUpdater(14775): LoadThumbnailTask: execute task: com.android.camera.ThumbnailUpdater$LoadThumbnailTask@38ae26f. lookAtCache = true
11-06 20:41:26.952 I/CAM_ AdaptiveTv(14775): init:  mMaxFontScale :1.25
11-06 20:41:26.952 D/CAM_Storage(14775): hasSecondaryStorage=false
11-06 20:41:26.952 D/CAM_ModeSelectViewCV(14775): getHeaderOffset w = 1000, itemWidth = 148, textWidth = 80.0
11-06 20:41:26.952 D/CAM_ModeSelectViewCV(14775): res = {1.0 214mcc22mnc [es_ES] ldltr sw393dp w393dp h794dp 440dpi nrml long hdr widecg port night finger -keyb/v/h -nav/h winConfig={ mBounds=Rect(0, 0 - 1080, 2340) mAppBounds=Rect(0, 90 - 1080, 2274) mMaxBounds=Rect(0, 0 - 1080, 2340) mDisplayRotation=ROTATION_0 mWindowingMode=fullscreen mActivityType=standard mAlwaysOnTop=undefined mRotation=ROTATION_0} as.3 s.2 fontWeightAdjustment=0}
11-06 20:41:26.953 D/CAM_FragmentModeSelector(14775): switchMoreMode open: true, style: 0, mCurrentMode: 163
11-06 20:41:26.953 D/CAM_DragLayout(14775): disableAllMode
11-06 20:41:26.953 D/CAM_DragLayout(14775): setDragEnable mDragMode : false, enable false, force : false
11-06 20:41:26.958 I/system_server( 1820): AssetManager2(0xb40000735b8a9f98) locale list changing from [] to [es-ES]
11-06 20:41:26.959 D/InsetsController(14775): Setting requestedVisibleTypes to -14 (was -9)
11-06 20:41:26.960 V/CAM_Camera@123830004(14775): [WTP]initShortcut: X
11-06 20:41:26.960 W/WindowManager( 1820): Failed looking up window session=Session{4f76d1c 14775:u0a10586} callers=com.android.server.wm.WindowManagerService.windowForClientLocked:6510 com.android.server.wm.Session.updateRequestedVisibleTypes:722 android.view.IWindowSession$Stub.onTransact:1049 
11-06 20:41:26.964 D/BaseDepthController( 2880): mSurface is null and mCurrentBlur is: 0
11-06 20:41:26.965 D/CAM_DragLayout(14775): setDragEnable mDragMode : false, mPromptMode : false,mBar : null,withAnim : false
11-06 20:41:26.965 D/CAM_DragLayout(14775): setState 3
11-06 20:41:26.966 D/CAM_ThumbnailUpdater(14775): LoadThumbnailTask: lastUri = content://media/external/video/media/1000004037
11-06 20:41:26.966 D/CAM_ThumbnailUpdater(14775): LoadThumbnailTask: currentThumbnail = null
11-06 20:41:26.966 I/CAM_ AdaptiveTv(14775): init:  mMaxFontScale :1.25
11-06 20:41:26.967 I/CAM_ AdaptiveTv(14775): init:  mMaxFontScale :1.25
11-06 20:41:26.967 D/CAM_Thumbnail(14775): getLastThumbnailFromFile: version: 3
11-06 20:41:26.968 D/CAM_Thumbnail(14775): getLastThumbnailFromFile: isGif:false
11-06 20:41:26.968 D/CAM_Thumbnail(14775): getLastThumbnailFromFile: gifWidth:-1
11-06 20:41:26.968 D/CAM_Thumbnail(14775): getLastThumbnailFromFile: gifHeight:-1
11-06 20:41:26.968 D/CAM_Thumbnail(14775): getLastThumbnailFromFile: fileSize:6057712
11-06 20:41:26.968 D/CAM_Thumbnail(14775): getLastThumbnailFromFile: isVideo:true
11-06 20:41:26.968 I/CAM_ AdaptiveTv(14775): init:  mMaxFontScale :1.25
11-06 20:41:26.969 I/CAM_ AdaptiveTv(14775): init:  mMaxFontScale :1.25
11-06 20:41:26.969 D/MediaProvider( 3848): Open with FUSE. FilePath: /storage/emulated/0/DCIM/Camera/VID_20251106_163045.mp4. Uid: 10586. Media Capabilities Uid: 0. ShouldRedact: false. ShouldTranscode: false
11-06 20:41:26.969 I/CAM_ AdaptiveTv(14775): init:  mMaxFontScale :1.25
11-06 20:41:26.970 I/CAM_ AdaptiveTv(14775): init:  mMaxFontScale :1.25
11-06 20:41:26.972 D/StartTopBarAdapter(14775): onBindViewHolder
11-06 20:41:26.973 D/StartTopBarAdapter(14775): updateView - anim id = 2131886459
11-06 20:41:26.973 I/StartTopBarAdapter(14775): shouldEnableAnim = false
11-06 20:41:26.973 D/StartTopBarAdapter(14775): showJsonAnimation - anim id = 2131886459 image view = com.android.camera2.compat.theme.custom.mm.top.StrikethroughImageView{e2d4412 V.ED..... ......ID 0,0-0,0}
11-06 20:41:26.974 D/EndTopBarAdapter(14775): onBindViewHolder
11-06 20:41:26.975 D/EndTopBarAdapter(14775): updateView - anim id = 0
11-06 20:41:26.977 D/CAM_Thumbnail(14775): setFileSize: 6057712, mUri: content://media/external/video/media/1000004037@107549197
11-06 20:41:26.977 D/CAM_Thumbnail(14775): getLastThumbnailFromFile() returned: Thumbnail{mUri=content://media/external/video/media/1000004037, mBitmap=android.graphics.Bitmap@8e2b4a4, mFromFile=true, mWaitingForUri=false, mIsGif=false, gifWidth=-1, gifHeight=-1, applied=false}
11-06 20:41:26.977 D/CAM_ThumbnailUpdater(14775): LoadThumbnailTask: cached thumbnail = Thumbnail{mUri=content://media/external/video/media/1000004037, mBitmap=android.graphics.Bitmap@8e2b4a4, mFromFile=true, mWaitingForUri=false, mIsGif=false, gifWidth=-1, gifHeight=-1, applied=false}
11-06 20:41:26.977 D/CAM_Thumbnail(14775): getLastThumbnailFromContentResolver: videoUri = content://media/external/video/media/1000004037
11-06 20:41:26.977 D/CAM_ThumbnailUpdater(14775): LoadThumbnailTask: get last thumbnail from provider. code = -1, thumbnail = Thumbnail{mUri=content://media/external/video/media/1000004037, mBitmap=android.graphics.Bitmap@8e2b4a4, mFromFile=true, mWaitingForUri=false, mIsGif=false, gifWidth=-1, gifHeight=-1, applied=false}
11-06 20:41:26.977 V/CAM_LifecycleAsyncTask(14775): [WTP]AsyncTask: X. LoadThumbnailTask
11-06 20:41:26.981 I/CVP     ( 1094): File: vendor/qcom/proprietary/cv-noship/cvp/2.0/src/cpu/platform/android/cvpSession.cpp Line: 173 Function: cvpGetDebugEnable() Msg:  CVP Debug Logs Disabled 
11-06 20:41:26.981 D/BaseDepthController( 2880): mSurface is null and mCurrentBlur is: 0
11-06 20:41:26.984 D/CAM_DragLayout(14775): setDragEnable mDragMode : false, mPromptMode : false,mBar : null,withAnim : false
11-06 20:41:26.985 D/CAM_ModeSelectViewCV(14775): onGlobalLayout mCurMode 163
11-06 20:41:26.986 I/CAM_ AdaptiveTv(14775): init:  mMaxFontScale :1.25
11-06 20:41:26.986 D/CAM_ModeSelectViewCV(14775): getHeaderOffset w = 1000, itemWidth = 148, textWidth = 80.0
11-06 20:41:26.986 D/CAM_ModeSelectViewCV(14775): res = {1.0 214mcc22mnc [es_ES] ldltr sw393dp w393dp h794dp 440dpi nrml long hdr widecg port night finger -keyb/v/h -nav/h winConfig={ mBounds=Rect(0, 0 - 1080, 2340) mAppBounds=Rect(0, 90 - 1080, 2274) mMaxBounds=Rect(0, 0 - 1080, 2340) mDisplayRotation=ROTATION_0 mWindowingMode=fullscreen mActivityType=standard mAlwaysOnTop=undefined mRotation=ROTATION_0} as.3 s.2 fontWeightAdjustment=0}
11-06 20:41:26.986 D/CAM_ModeSelectViewCV(14775): moveToPosition select pos = 4, offset = 426, mode = 163
11-06 20:41:26.986 D/CAM_FragmentBottomAction(14775): ThumbnailGlobalRect: Rect(64, 1948 - 164, 2048)
11-06 20:41:26.987 I/CAM_PerformanceManager(14775): [P_PERFORM]: Action: 5.1:surfaceViewCreate_162_0 takes 322 ms
11-06 20:41:26.987 I/CAM_CameraRenderEngine(14775): [K_PROCESS]: onSurfaceCreated
11-06 20:41:26.987 D/CAM_Camera@123830004(14775):  surfaceChanged format = 4 width = 1080 height = 2340
11-06 20:41:26.987 I/hwservicemanager(  669): getTransport: Cannot find entry vendor.qti.hardware.servicetracker@1.0::IServicetracker/default in either framework or device VINTF manifest.
11-06 20:41:26.987 I/CAM_CameraRenderEngine(14775): [K_PROCESS]: onSurfaceChanged: 1080x2340
11-06 20:41:26.987 D/CAM_CameraRenderEngine(14775): onSurfaceChanged start
11-06 20:41:26.987 D/CAM_CameraRenderEngine(14775): onSurfaceCreated start on GL Thread
11-06 20:41:26.988 D/CAM_CameraRenderEngine(14775): setPreviewSurface surface=Surface(name=null mNativeObject=-5476376645788506256)/@0x14ad5c2
11-06 20:41:26.988 I/CAM_CameraRenderEngine(14775): mActivity 123830004
11-06 20:41:26.988 D/CAM_CameraRenderEngine(14775): onSurfaceChanged end
11-06 20:41:26.988 V/CAM_CameraScreenNail(14775): acquireSurfaceTexture
11-06 20:41:26.988 D/CAM_STScreenNail(14775): acquireSurfaceTexture: mHasTexture = false
11-06 20:41:26.988 D/CAM_CRE_MIGL(14775): ExtTexture glGenTextures: 1
11-06 20:41:26.988 D/CAM_ExtTexture(14775): texId=1
11-06 20:41:26.988 D/CAM_STScreenNail(14775): acquireSurfaceTexture: setDefaultBufferSize 1080x1440
11-06 20:41:26.988 I/CAM_STScreenNail(14775): fullHandlerCapacity:set urgent display
11-06 20:41:26.988 D/CAM_NailListenerV1(14775): onSurfaceTextureCreated surfaceTexture:android.graphics.SurfaceTexture@b45f43c
11-06 20:41:26.988 D/CAM_ActivityBase(14775): updateSurfaceState: 4
11-06 20:41:26.988 D/CAM_Camera2OpenOnSubScribe(14775): onGlSurfaceCreated: mSingleEmitter = true
11-06 20:41:26.988 D/CAM_Camera2OpenOnSubScribe(14775): onGlSurfaceCreated: mSingleEmitter already disposed
11-06 20:41:26.989 I/CVP     ( 1094): File: vendor/qcom/proprietary/cv-noship/cvp/2.0/src/cpu/cvpPower.cpp Line: 621 Function: cvpEstimatePowerDme() Msg: DME Voting
11-06 20:41:26.989 I/CVP     ( 1094): File: vendor/qcom/proprietary/cv-noship/cvp/2.0/src/cpu/cvpPower.cpp Line: 1573 Function: cvpAggreatePower() Msg: After aggregation
11-06 20:41:26.989 I/CVP     ( 1094): File: vendor/qcom/proprietary/cv-noship/cvp/2.0/src/cpu/cvpPower.cpp Line: 85 Function: cvpPrintPower() Msg: Actual      Clock: Fdu 18003600, Ica 2703360, Od 0, Mpu 0, Fw 50400000
11-06 20:41:26.989 I/CVP     ( 1094): File: vendor/qcom/proprietary/cv-noship/cvp/2.0/src/cpu/cvpPower.cpp Line: 89 Function: cvpPrintPower() Msg: Operational Clock: Fdu 18003600, Ica 2703360, Od 0, Mpu 0, Fw 50400000
11-06 20:41:26.989 I/CVP     ( 1094): File: vendor/qcom/proprietary/cv-noship/cvp/2.0/src/cpu/cvpPower.cpp Line: 91 Function: cvpPrintPower() Msg: Actual     Bw: Ddr 72464940, SysCache 0
11-06 20:41:26.989 I/CVP     ( 1094): File: vendor/qcom/proprietary/cv-noship/cvp/2.0/src/cpu/cvpPower.cpp Line: 93 Function: cvpPrintPower() Msg: Opeational Bw: Ddr 72464940, SysCache 0
11-06 20:41:26.989 V/CAM_BaseModule(14775): checkDisplayOrientation: 0 | 90
11-06 20:41:26.989 I/CVP     ( 1094): File: vendor/qcom/proprietary/cv-noship/cvp/2.0/src/cpu/cvpPvtUtils.cpp Line: 138 Function: cvpSetPower() Msg: Update power to KMD
11-06 20:41:26.989 I/CVP     ( 1094): File: vendor/qcom/proprietary/cv-noship/cvp/2.0/src/cpu/cvpPower.cpp Line: 85 Function: cvpPrintPower() Msg: Actual      Clock: Fdu 18003600, Ica 2703360, Od 0, Mpu 0, Fw 50400000
11-06 20:41:26.989 I/CVP     ( 1094): File: vendor/qcom/proprietary/cv-noship/cvp/2.0/src/cpu/cvpPower.cpp Line: 89 Function: cvpPrintPower() Msg: Operational Clock: Fdu 18003600, Ica 2703360, Od 0, Mpu 0, Fw 50400000
11-06 20:41:26.989 I/CVP     ( 1094): File: vendor/qcom/proprietary/cv-noship/cvp/2.0/src/cpu/cvpPower.cpp Line: 91 Function: cvpPrintPower() Msg: Actual     Bw: Ddr 72464940, SysCache 0
11-06 20:41:26.989 I/CVP     ( 1094): File: vendor/qcom/proprietary/cv-noship/cvp/2.0/src/cpu/cvpPower.cpp Line: 93 Function: cvpPrintPower() Msg: Opeational Bw: Ddr 72464940, SysCache 0
11-06 20:41:26.989 V/CAM_FaceView(14775): mCameraDisplayOrientation=90
11-06 20:41:26.989 D/CAM_CameraSizeManager(14775): setVideoSize 1080x1440
11-06 20:41:26.989 D/CAM_u   (14775): updateCameraScreenNailSize: 1440x1080
11-06 20:41:26.989 D/CAM_STScreenNail(14775): setDefaultBufferSize: 1440 | 1080
11-06 20:41:26.989 D/CAM_Camera2Module(14775): updatePreviewSurface: surfaceTexture = android.graphics.SurfaceTexture@b45f43c
11-06 20:41:26.990 D/CAM_MiCamera2(14775): E: updateDeferPreviewSession
11-06 20:41:26.990 W/CAM_MiCamera2(14775): X: updateDeferPreviewSession: capture session is not ready
11-06 20:41:26.992 I/Gralloc4(14775): Adding additional valid usage bits: 0x546c08202000
11-06 20:41:26.996 D/CAM_CRE_MIGL(14775): ShaderUtil glCreateProgram: 3
11-06 20:41:26.996 D/CAM_CRE_MIGL(14775): ShaderUtil glDeleteShader: 1
11-06 20:41:26.996 D/CAM_CRE_MIGL(14775): ShaderUtil glDeleteShader: 2
11-06 20:41:26.997 D/CAM_EffectRenderGroup(14775): onEffectChanged: EFFECT_CHANGE_FILTER mEffectId = 66048
11-06 20:41:26.997 D/CAM_CRE_MIGL(14775): ShaderUtil glCreateProgram: 6
11-06 20:41:26.998 D/CAM_CRE_MIGL(14775): ShaderUtil glDeleteShader: 4
11-06 20:41:26.998 D/CAM_CRE_MIGL(14775): ShaderUtil glDeleteShader: 5
11-06 20:41:26.998 D/CAM_CameraRenderEngine(14775): onSurfaceCreated end on GL Thread
11-06 20:41:26.998 D/CAM_CameraRenderEngine(14775): onSurfaceChanged start on GL Thread
11-06 20:41:26.998 D/BaseDepthController( 2880): mSurface is null and mCurrentBlur is: 0
11-06 20:41:26.998 V/CAM_CameraScreenNail(14775): acquireSurfaceTexture
11-06 20:41:26.998 D/CAM_STScreenNail(14775): acquireSurfaceTexture: mHasTexture = true
11-06 20:41:26.999 D/CAM_ActivityBase(14775): updateSurfaceState: 4
11-06 20:41:26.999 D/CAM_Camera2OpenOnSubScribe(14775): onGlSurfaceCreated: mSingleEmitter = true
11-06 20:41:26.999 D/CAM_Camera2OpenOnSubScribe(14775): onGlSurfaceCreated: mSingleEmitter already disposed
11-06 20:41:26.999 V/CAM_BaseModule(14775): checkDisplayOrientation: 0 | 90
11-06 20:41:26.999 V/CAM_FaceView(14775): mCameraDisplayOrientation=90
11-06 20:41:26.999 D/CAM_CameraSizeManager(14775): setVideoSize 1080x1440
11-06 20:41:26.999 D/CAM_u   (14775): updateCameraScreenNailSize: 1440x1080
11-06 20:41:26.999 D/CAM_STScreenNail(14775): setDefaultBufferSize: 1440 | 1080
11-06 20:41:26.999 D/CAM_Camera2Module(14775): updatePreviewSurface: surfaceTexture = android.graphics.SurfaceTexture@b45f43c
11-06 20:41:26.999 D/CAM_MiCamera2(14775): E: updateDeferPreviewSession
11-06 20:41:26.999 W/CAM_MiCamera2(14775): X: updateDeferPreviewSession: capture session is not ready
11-06 20:41:26.999 D/CAM_CameraRenderEngine(14775): onSurfaceChanged requestRender mRenderRequested=false
11-06 20:41:26.999 D/CAM_CameraRenderEngine(14775): onSurfaceChanged end on GL Thread
11-06 20:41:27.000 D/CAM_CameraRenderEngine(14775): getWindowSurface start, updated=true surface=Surface(name=null mNativeObject=-5476376645788506256)/@0x14ad5c2
11-06 20:41:27.000 D/CAM_CameraRenderEngine(14775): getEglWindowSurfaceAttributes: NONE
11-06 20:41:27.000 D/CAM_CRE_EglWindowSurface(14775): EglWindowSurface init start
11-06 20:41:27.000 D/CAM_CRE_EglCore(14775): createWindowSurfaceInner -5476376652230942064
11-06 20:41:27.000 D/CAM_CRE_EglWindowSurface(14775): EglWindowSurface init end
11-06 20:41:27.000 D/CAM_CameraRenderEngine(14775): getWindowSurface end, cost=1
11-06 20:41:27.000 V/CAM_CameraRenderEngine(14775): onDrawFrame rendering count:0
11-06 20:41:27.001 W/CAM_CameraScreenNail(14775): draw: firstFrame=false surface=android.graphics.SurfaceTexture@b45f43c
11-06 20:41:27.008 D/CAM_ActivityBase(14775): onCameraUnavailable: 0
11-06 20:41:27.008 D/CAM_ActivityBase(14775): onCameraAvailable: 1
11-06 20:41:27.008 D/CAM_ActivityBase(14775): onCameraAvailable: 2
11-06 20:41:27.008 D/CAM_ActivityBase(14775): onCameraAvailable: 3
11-06 20:41:27.008 D/CAM_ActivityBase(14775): onCameraAvailable: 4
11-06 20:41:27.008 D/CAM_ActivityBase(14775): onCameraAvailable: 5
11-06 20:41:27.008 D/CAM_ActivityBase(14775): onCameraAvailable: 6
11-06 20:41:27.008 D/CAM_ActivityBase(14775): onCameraAvailable: 7
11-06 20:41:27.008 D/CAM_ActivityBase(14775): onCameraAvailable: 8
11-06 20:41:27.008 D/CAM_ActivityBase(14775): onCameraAvailable: 9
11-06 20:41:27.008 D/CAM_ActivityBase(14775): onCameraAvailable: 10
11-06 20:41:27.008 D/CAM_BatteryDetector(14775): onReceive battery = 70 cutoff = false
11-06 20:41:27.008 D/CAM_BatteryDetector(14775): onBatteryNotification action=0 caller = d.c.a.j3.k(Unknown Source:19), d.c.a.j3.c(Unknown Source:0), d.c.a.j3$a.onReceive(Unknown Source:122), android.app.LoadedApk$ReceiverDispatcher$Args.lambda$getRunnable$0(LoadedApk.java:1839), android.app.LoadedApk$ReceiverDispatcher$Args.$r8$lambda$mcNAAl1SQ4MyJPyDg8TJ2x2h0Rk(Unknown Source:0), 
11-06 20:41:27.010 D/CAM_DragLayout(14775): setDragEnable mDragMode : false, mPromptMode : false,mBar : null,withAnim : false
11-06 20:41:27.011 D/CAM_Camera@123830004(14775): showGuide = 163  isCtsCall = false
11-06 20:41:27.011 I/CAM_PermissionManager(14775): getNeedCheckPermissionList() listSize =0
11-06 20:41:27.011 I/CAM_PermissionManager(14775): checkCameraLocationPermissions(), all on
11-06 20:41:27.011 I/CAM_PermissionManager(14775): getNeedCheckPermissionList() listSize =0
11-06 20:41:27.011 I/CAM_PermissionManager(14775): checkCameraLaunchPermissions(), all on
11-06 20:41:27.013 D/CAM_ThumbnailUpdater(14775): LoadThumbnailTask onPostExecute, thumbnail is Thumbnail{mUri=content://media/external/video/media/1000004037, mBitmap=android.graphics.Bitmap@8e2b4a4, mFromFile=true, mWaitingForUri=false, mIsGif=false, gifWidth=-1, gifHeight=-1, applied=false}, not canceled, noNeedUpdateThumbnail is false
11-06 20:41:27.013 D/CAM_ThumbnailUpdater(14775): LoadThumbnailTask: thumbnail on task complete: null
11-06 20:41:27.013 D/CAM_ThumbnailUpdater(14775): setThumbnail mLastUri=content://media/external/video/media/1000004037
11-06 20:41:27.015 D/CAM_ZoomRatioToggleView(14775): setVisibility(): VISIBLE
11-06 20:41:27.015 D/BaseDepthController( 2880): mSurface is null and mCurrentBlur is: 0
11-06 20:41:27.015 D/BaseDepthController( 2880): mSurface is null and mCurrentBlur is: 0
11-06 20:41:27.016 I/SsBaseTemplateCard( 2880): setFormattedContentDescription: text=Lluvia, iconDescription=Lluvia, contentDescription=Lluvia, Lluvia
11-06 20:41:27.016 D/SsBaseTemplateCard( 2880): Passed-in item info is null
11-06 20:41:27.016 D/SsBaseTemplateCard( 2880): Passed-in item info is null
11-06 20:41:27.016 D/SsBaseTemplateCard( 2880): No text view can be set up
11-06 20:41:27.016 I/SsBaseTemplateCard( 2880): setFormattedContentDescription: text=12°C, iconDescription=Parcialmente nublado, contentDescription=Parcialmente nublado, 12°C
11-06 20:41:27.016 D/SsBaseTemplateCard( 2880): Passed-in item info is null
11-06 20:41:27.016 D/SsBaseTemplateCard( 2880): Passed-in item info is null
11-06 20:41:27.016 I/SsBaseTemplateCard( 2880): Secondary card pane is null
11-06 20:41:27.018 V/WindowManagerShell( 2614): Transition animation finished (aborted=false), notifying core (#139) android.os.BinderProxy@5096283@0
11-06 20:41:27.020 D/b/387844520( 2880): getOutlineOffsetX: measured width = 182, mNormalizedIconSize = 167, last updated width = 182
11-06 20:41:27.024 I/ActivityTaskManager( 1820): Displayed com.android.camera/.Camera for user 0: +588ms
11-06 20:41:27.024 V/WindowManager( 1820): Finish Transition (#139): created at 11-06 20:41:26.428 collect-started=0.305ms request-sent=20.453ms started=23.501ms ready=55.205ms sent=56.725ms commit=12.826ms finished=594.583ms
11-06 20:41:27.024 D/KeyguardService( 2614): setOccluded(false)
11-06 20:41:27.024 D/KeyguardViewMediator( 2614): setOccluded(false)
11-06 20:41:27.024 D/KeyguardViewMediator( 2614): handleSetOccluded(false)
11-06 20:41:27.024 D/KeyguardViewMediator( 2614): KeyguardViewMediator queue processing message: SET_OCCLUDED
11-06 20:41:27.024 V/WindowManagerShell( 2614): Track 0 became idle
11-06 20:41:27.024 V/WindowManagerShell( 2614): All active transition animations finished
11-06 20:41:27.025 D/KeyguardService( 2614): setOccluded(false)
11-06 20:41:27.025 D/KeyguardViewMediator( 2614): setOccluded(false)
11-06 20:41:27.025 D/KeyguardViewMediator( 2614): handleSetOccluded(false)
11-06 20:41:27.025 D/KeyguardViewMediator( 2614): KeyguardViewMediator queue processing message: SET_OCCLUDED
11-06 20:41:27.026 D/ConnectivityService( 1820): requestNetwork for uid/pid:10678/2614 asUid: 10586 activeRequest: null callbackRequest: 1416 [NetworkRequest [ REQUEST id=1417, [ Capabilities: INTERNET&NOT_RESTRICTED&TRUSTED&NOT_VCN_MANAGED&NOT_BANDWIDTH_CONSTRAINED Uid: 10586 RequestorUid: 10678 RequestorPkg: com.android.systemui UnderlyingNetworks: Null] ]] callback flags: 0 order: 2147483647 isUidTracked: false declaredMethods: AVAIL|BLK
11-06 20:41:27.027 D/CAM_Thumbnail(14775): setBitmapApplied(content://media/external/video/media/1000004037): true
11-06 20:41:27.027 D/WifiNetworkFactory( 1820): got request NetworkRequest [ REQUEST id=1417, [ Capabilities: INTERNET&NOT_RESTRICTED&TRUSTED&NOT_VCN_MANAGED&NOT_BANDWIDTH_CONSTRAINED Uid: 10586 RequestorUid: 10678 RequestorPkg: com.android.systemui UnderlyingNetworks: Null] ]
11-06 20:41:27.027 D/CAM_FragmentBottomAction(14775): updateThumbnail: update image: Thumbnail{mUri=content://media/external/video/media/1000004037, mBitmap=android.graphics.Bitmap@8e2b4a4, mFromFile=true, mWaitingForUri=false, mIsGif=false, gifWidth=-1, gifHeight=-1, applied=true}
11-06 20:41:27.027 D/UntrustedWifiNetworkFactory( 1820): got request NetworkRequest [ REQUEST id=1417, [ Capabilities: INTERNET&NOT_RESTRICTED&TRUSTED&NOT_VCN_MANAGED&NOT_BANDWIDTH_CONSTRAINED Uid: 10586 RequestorUid: 10678 RequestorPkg: com.android.systemui UnderlyingNetworks: Null] ]
11-06 20:41:27.027 D/OemPaidWifiNetworkFactory( 1820): got request NetworkRequest [ REQUEST id=1417, [ Capabilities: INTERNET&NOT_RESTRICTED&TRUSTED&NOT_VCN_MANAGED&NOT_BANDWIDTH_CONSTRAINED Uid: 10586 RequestorUid: 10678 RequestorPkg: com.android.systemui UnderlyingNetworks: Null] ]
11-06 20:41:27.027 D/MultiInternetWifiNetworkFactory( 1820): got request NetworkRequest [ REQUEST id=1417, [ Capabilities: INTERNET&NOT_RESTRICTED&TRUSTED&NOT_VCN_MANAGED&NOT_BANDWIDTH_CONSTRAINED Uid: 10586 RequestorUid: 10678 RequestorPkg: com.android.systemui UnderlyingNetworks: Null] ]
11-06 20:41:27.027 D/ConnectivityService( 1820): NetReassign [1417 : null → 100] [c 0] [a 0] [i 1]
11-06 20:41:27.030 W/ServiceManagerCppClient( 1566): Waited one second for stats (is service started? Number of threads started in the threadpool: 17. Are binder threads started and available?)
11-06 20:41:27.030 W/ServiceManagerCppClient( 1254): Waited one second for stats (is service started? Number of threads started in the threadpool: 6. Are binder threads started and available?)
11-06 20:41:27.033 W/ActivityTaskManager( 1820): Request to remove task ignored for non-existent task 397
11-06 20:41:27.036 I/hwservicemanager(  669): getTransport: Cannot find entry vendor.qti.hardware.servicetracker@1.2::IServicetracker/default in either framework or device VINTF manifest.
11-06 20:41:27.036 D/VRI[NexusLauncherActivity]( 2880): visibilityChanged oldVisibility=true newVisibility=false
11-06 20:41:27.036 W/ActivityTaskManager( 1820): servicetracker HIDL not available
11-06 20:41:27.036 E/ActivityTaskManager( 1820): Unable to get servicetracker HAL instance
11-06 20:41:27.037 I/hwservicemanager(  669): getTransport: Cannot find entry vendor.qti.hardware.servicetracker@1.2::IServicetracker/default in either framework or device VINTF manifest.
11-06 20:41:27.039 D/CAM_Camera@123830004(14775): isFromKeyguard: false
11-06 20:41:27.039 W/ActivityTaskManager( 1820): servicetracker HIDL not available
11-06 20:41:27.039 E/ActivityTaskManager( 1820): Unable to get servicetracker HAL instance
11-06 20:41:27.039 I/CAM_Camera@123830004(14775): [K_PROCESS]: onWindowFocusChanged: hasFocus: true, isFromKeyguard: false
11-06 20:41:27.040 I/CAM_Camera@123830004(14775): [K_PROCESS]: camera2Proxy=d.c.b.p4@9a51f64 - cid: 0; isCameraDisconnected=false
11-06 20:41:27.040 D/CAM_Camera2Module(14775): onWindowFocusChanged: true
11-06 20:41:27.040 V/CAM_CameraBrightness(14775): onWindowFocusChanged hasFocus=true mFirstFocusChanged=false
11-06 20:41:27.042 W/android.youtube(14400): Suspending all threads took: 20.825ms
11-06 20:41:27.042 D/CompatChangeReporter( 1820): Compat change id reported: 214016041; UID 10586; state: ENABLED
11-06 20:41:27.042 W/ServiceManagerCppClient( 1820): Waited one second for stats (is service started? Number of threads started in the threadpool: 32. Are binder threads started and available?)
11-06 20:41:27.049 D/NexusLauncherModelDelegate( 2880): notifySmartspaceEvent: SmartspaceTargetEvent{mSmartspaceTarget=null, mSmartspaceActionId='null', mEventType=7}
11-06 20:41:27.051 I/AiAiEcho( 3844): AmbientDataPredictorImpl No tracked ambient data found for ID: null; for event type: 7, skipping event processing.
11-06 20:41:27.059 W/w       ( 3802): onStartInput event aborted
11-06 20:41:27.059 W/w       ( 3802): ic0.t: could not obtain extracted text
11-06 20:41:27.059 W/w       ( 3802): 	at ic0.h0.G(Unknown Source:339)
11-06 20:41:27.059 W/w       ( 3802): 	at c70.a0.h(Unknown Source:282)
11-06 20:41:27.059 W/w       ( 3802): 	at c70.j2.h(Unknown Source:2)
11-06 20:41:27.059 W/w       ( 3802): 	at com.touchtype.KeyboardService.onStartInput(Unknown Source:11)
11-06 20:41:27.059 W/w       ( 3802): 	at android.inputmethodservice.InputMethodService.doStartInput(InputMethodService.java:3540)
11-06 20:41:27.059 W/w       ( 3802): 	at android.inputmethodservice.InputMethodService$InputMethodImpl.startInput(InputMethodService.java:884)
11-06 20:41:27.059 W/w       ( 3802): 	at android.inputmethodservice.InputMethodService$InputMethodImpl.dispatchStartInput(InputMethodService.java:913)
11-06 20:41:27.059 W/w       ( 3802): 	at android.inputmethodservice.IInputMethodWrapper.executeMessage(IInputMethodWrapper.java:201)
11-06 20:41:27.059 W/w       ( 3802): 	at com.android.internal.os.HandlerCaller$MyHandler.handleMessage(HandlerCaller.java:44)
11-06 20:41:27.059 W/w       ( 3802): 	at android.os.Handler.dispatchMessage(Handler.java:110)
11-06 20:41:27.059 W/w       ( 3802): 	at android.os.Looper.loopOnce(Looper.java:248)
11-06 20:41:27.059 W/w       ( 3802): 	at android.os.Looper.loop(Looper.java:338)
11-06 20:41:27.059 W/w       ( 3802): 	at android.app.ActivityThread.main(ActivityThread.java:9145)
11-06 20:41:27.059 W/w       ( 3802): 	at java.lang.reflect.Method.invoke(Native Method)
11-06 20:41:27.059 W/w       ( 3802): 	at com.android.internal.os.RuntimeInit$MethodAndArgsCaller.run(RuntimeInit.java:596)
11-06 20:41:27.059 W/w       ( 3802): 	at com.android.internal.os.ZygoteInit.main(ZygoteInit.java:940)
11-06 20:41:27.060 I/ImeTracker( 1820): system_server:deb213b3: onRequestHide at ORIGIN_SERVER reason IME_REQUESTED_CHANGED_LISTENER fromUser false
11-06 20:41:27.060 I/ImeTracker( 1820): system_server:deb213b3: onCancelled at PHASE_SERVER_SHOULD_HIDE
11-06 20:41:27.067 D/BaseDepthController( 2880): setSurface:
11-06 20:41:27.067 D/BaseDepthController( 2880): 	mWaitingOnSurfaceValidity: false
11-06 20:41:27.067 D/BaseDepthController( 2880): 	mBaseSurface: null
11-06 20:41:27.068 D/BaseDepthController( 2880): mSurface is null and mCurrentBlur is: 0
11-06 20:41:27.068 D/StateManager( 2880): goToState - fromState: Normal, toState: Normal, partial trace:
11-06 20:41:27.068 D/StateManager( 2880): 	at com.android.launcher3.statemanager.StateManager.moveToRestState(go/retraceme 72a59688580715d19f0e415c69e80376c2f062d1648c80db6730905005a27c20:4)
11-06 20:41:27.068 D/StateManager( 2880): 	at com.android.launcher3.statemanager.StateManager.moveToRestState(go/retraceme 72a59688580715d19f0e415c69e80376c2f062d1648c80db6730905005a27c20:1)
11-06 20:41:27.068 D/StateManager( 2880): 	at com.android.launcher3.statemanager.StatefulActivity.onStop(go/retraceme 72a59688580715d19f0e415c69e80376c2f062d1648c80db6730905005a27c20:34)
11-06 20:41:27.068 D/StatsLog( 2880): LAUNCHER_ONSTOP
11-06 20:41:27.069 D/OneSearchSuggestProvider( 2880): Forcefully shut down the binder channel
11-06 20:41:27.070 D/GmsPlayProvider( 2880): Forcefully shut down the binder channel
11-06 20:41:27.070 D/StatsLog( 2880): LAUNCHER_GOOGLE_SEARCH_RESTORE_LIST_SIZE_AFTER_ACTIVITY_RESTART
11-06 20:41:27.072 I/hwservicemanager(  669): getTransport: Cannot find entry vendor.qti.hardware.servicetracker@1.2::IServicetracker/default in either framework or device VINTF manifest.
11-06 20:41:27.073 W/ActivityTaskManager( 1820): servicetracker HIDL not available
11-06 20:41:27.073 E/ActivityTaskManager( 1820): Unable to get servicetracker HAL instance
11-06 20:41:27.073 I/hwservicemanager(  669): getTransport: Cannot find entry vendor.qti.hardware.servicetracker@1.2::IServicetracker/default in either framework or device VINTF manifest.
11-06 20:41:27.073 W/ActivityTaskManager( 1820): servicetracker HIDL not available
11-06 20:41:27.073 E/ActivityTaskManager( 1820): Unable to get servicetracker HAL instance
11-06 20:41:27.074 D/BackgroundInstallControlService( 1820): Package event received: 0
11-06 20:41:27.097 E/libprotobuf-native( 1094): [libprotobuf ERROR external/protobuf/src/google/protobuf/message_lite.cc:123] Can't parse message of type "sns_flicker_event" because it is missing required fields: (cannot determine missing fields for lite message)
11-06 20:41:27.097 E/libprotobuf-native( 1094): [libprotobuf ERROR external/protobuf/src/google/protobuf/message_lite.cc:123] Can't parse message of type "sns_flicker_event" because it is missing required fields: (cannot determine missing fields for lite message)
11-06 20:41:27.118 W/earchbox:search(14422): Suspending all threads took: 49.637ms
11-06 20:41:27.119 D/Camera3-Device( 1555): Set real time priority for request queue thread (tid 14832)
11-06 20:41:27.119 D/Camera3-Utils( 1555): Set regular priority for thread (tid 3983)
11-06 20:41:27.120 I/CAM_MiCamera2(14775): [K_PROCESS]: onConfigured: id = 1, session = android.hardware.camera2.impl.CameraCaptureSessionImpl@3016fa3, Reprocessable = false
11-06 20:41:27.120 I/CAM_PerformanceManager(14775): [P_PERFORM]: Action: 4:[HAL]createCaptureSession@0_163_0 takes 241 ms
11-06 20:41:27.120 D/CAM_SocketController(14775): onCreate: 
11-06 20:41:27.120 I/CAM_MiCamera2(14775): [K_PROCESS]: onConfigured: is mDeferOutputConfigurations null: false
11-06 20:41:27.120 D/CAM_SocketManager(14775): setBlockHeartbeat: false
11-06 20:41:27.120 D/CAM_MiCamera2(14775): E: updateDeferPreviewSession
11-06 20:41:27.120 D/CAM_RenderEngineV1(14775): V1: setSurfaceTextureDataSpaceTranslator: not supported
11-06 20:41:27.120 D/CAM_RenderEngineV1(14775): V1: setTextureColorSpace: SRGB
11-06 20:41:27.120 D/CAM_EffectController(14775): setRenderEngine: d.c.a.r7.p2.s@7c0ee59 this:com.android.camera2.compat.theme.custom.cv.filter.EffectControllerCv@79aca1e
11-06 20:41:27.120 D/CAM_STScreenNail(14775): setTextureColorSpace: SRGB
11-06 20:41:27.120 D/CAM_BaseModule(14775): onRenderEngineCreate, engine = d.c.a.r7.p2.s@7c0ee59, ColorSpace.Description(tex: SRGB, dpy: SRGB)
11-06 20:41:27.120 D/CAM_RenderEngineV1(14775): V1: setDisplayColorSpace: SRGB
11-06 20:41:27.121 D/CAM_CameraRenderEngine(14775): setDisplayColorSpace: SRGB
11-06 20:41:27.121 D/CAM_CameraRenderEngine(14775): setDisplayColorSpace: nothing change.
11-06 20:41:27.121 D/CAM_CaptureModule(14775): onRenderEngineCreate camId:0
11-06 20:41:27.121 D/CAM_BaseModule(14775): registerProtocol
11-06 20:41:27.121 W/cameraserver( 1555): createConfiguredSurface: Camera 0 with consumer usage flag: 256: Forcing asynchronous mode forstream
11-06 20:41:27.121 I/CAM_BaseModule(14775): onResume: u@50424621: mid = 163, cid = 0, created = true, departed = false
11-06 20:41:27.121 D/CAM_SocketController(14775): onResume: 
11-06 20:41:27.121 W/cameraserver( 1555): createConfiguredSurface: Camera 0: Overriding format 0x1 to IMPLEMENTATION_DEFINED
11-06 20:41:27.123 D/CAM_MiCamera2(14775): updateDeferPreviewSession: finalizeOutputConfigurations success
11-06 20:41:27.123 E/CAM_ImageReaderSurface(14775): getValueFromSparseArray: no original values
11-06 20:41:27.123 D/CAM_Camera2Module(14775): onPreviewSessionSuccess: j u@50424621: mid = 163, cid = 0, created = true, departed = false
11-06 20:41:27.123 D/CAM_BaseModuleCameraManager(14775): setCameraState: 1
11-06 20:41:27.123 D/CAM_BaseModule(14775): types:24,2,26,27,28,29,46,47,7,8,10,11,14,4,13,41,5,9,20,34,23,36,73,37,42,43,48,49,52,56,30,61,62,66,60,75,70,76,78,77,84,92,94,98,109,104,114,111,112,113,, u@50424621: mid = 163, cid = 0, created = true, departed = false
11-06 20:41:27.124 D/CAM_MiCamera2(14775): X: updateDeferPreviewSession
11-06 20:41:27.124 D/CAM_SocketManager(14775): addEventListener: 225255369
11-06 20:41:27.124 I/CAM_PerformanceManager(14775): [P_PERFORM]: Action: A4:switch_module_setup_163_0 takes 300 ms
11-06 20:41:27.124 D/CAM_DataItemGlobal(14775): reInit: mLastCameraId = 0, currentCameraId = 0
11-06 20:41:27.124 I/CAM_PerformanceManager(14775): [P_PERFORM]: Action: A5:switch_data_setup_163_0 takes 0 ms
11-06 20:41:27.124 V/CAM_CameraConfigManager(14775): setDeviceOrientation: 0
11-06 20:41:27.125 D/CAM_BaseModule(14775): accept 24,2,26,27,28,29,46,47,7,8,10,11,14,4,13,41,5,9,20,34,23,36,73,37,42,43,48,49,52,56,30,61,62,66,60,75,70,76,78,77,84,92,94,98,109,104,114,111,112,113,. d.c.a.q6.r7$e@59bf6ce
11-06 20:41:27.125 D/CAM_Camera@123830004(14775): showGuide = 163  isCtsCall = false
11-06 20:41:27.125 D/CAM_BaseModule(14775): begin to consumePreference..
11-06 20:41:27.125 I/CAM_PermissionManager(14775): getNeedCheckPermissionList() listSize =0
11-06 20:41:27.125 I/CAM_PermissionManager(14775): checkCameraLocationPermissions(), all on
11-06 20:41:27.125 W/CAM_Camera2CompatAdapterRole(14775): Warning: getAuxCameraId(): #init() failed, roleId=20
11-06 20:41:27.125 W/CAM_Camera2CompatAdapterRole(14775): Warning: getUltraTeleCameraId(): #init() failed, roleId=23
11-06 20:41:27.125 I/CAM_PermissionManager(14775): getNeedCheckPermissionList() listSize =0
11-06 20:41:27.125 D/CAM_ZoomManager(14775): applyZoomRatio(): apply zoom ratio to device = 1.0
11-06 20:41:27.126 I/CAM_PermissionManager(14775): checkCameraLaunchPermissions(), all on
11-06 20:41:27.126 V/CAM_CameraConfigManager(14775): setZoomRatio(): 1.0
11-06 20:41:27.126 D/CAM_CameraConfigs(14775): zoom ratio diff: 0.0
11-06 20:41:27.126 V/CAM_BaseModule(14775): onPreviewLayoutChanged: Rect(0, 246 - 1080, 1686)
