11-17 19:25:45.353 D/CAM_CameraCapabilities(30869): MiviSuperNight: mSuperNightMask: 0
11-17 19:25:45.353 D/CAM_CameraCapabilities(30869): QuickShotNextCaptureMask: mQuickShotNextCaptureMask: 0
11-17 19:25:45.353 D/CAM_CameraCapabilities(30869): getBeautyVersionData: 3 ,beautyVersion: 3 ,beautyAlgo: 1
11-17 19:25:45.353 D/CAM_CameraCapabilities(30869): SnapshotQuickViewStreamMask: 0
11-17 19:25:45.353 D/CAM_Camera2CompatAdapter(30869): X: initCameraCapabilitiesByCameraId(): 0
11-17 19:25:45.353 D/CAM_CameraCapabilities(30869): com.xiaomi.lens.info.AVAILABLE_EXPOSURE_MODES invalid ,used default value 
11-17 19:25:45.354 D/CAM_CameraCapabilities(30869): com.xiaomi.lens.info.availableApertureModes invalid ,used default value 
11-17 19:25:45.354 W/CAM_Camera2CompatAdapterRole(30869): Warning: getAuxCameraId(): #init() failed, roleId=20
11-17 19:25:45.354 D/CAM_ComponentConfigHDR10(30869): reInit E
11-17 19:25:45.354 D/CAM_ComponentConfigHDR10PRO(30869): reInit E
11-17 19:25:45.354 D/CAM_ComponentConfigTrueColour(30869): reInit E
11-17 19:25:45.354 I/CAM_PerformanceManager(30869): [P_PERFORM]: Action: A2:switch_camera_prepare_163_0 takes 22 ms
11-17 19:25:45.354 D/CAM_Camera2OpenOnSubScribe(30869): subscribe: request to open 0
11-17 19:25:45.354 D/CAM_Camera2DataContainer(30869): Currently user selected zoom ratio is 1.0
11-17 19:25:45.354 D/CAM_Camera2DataContainer(30869): getActualOpenCameraId: mode=a3, id=0->0
11-17 19:25:45.354 D/CAM_CameraCapabilities(30869): isSupportReplaceSession: false
11-17 19:25:45.354 D/CAM_Camera2OpenManager(30869): openCamera: reusable = false
11-17 19:25:45.354 I/CAM_Camera2OpenManager(30869): [K_PROCESS]: cid: 0 -> 0, mid: 163 -> 163, fcc: false
11-17 19:25:45.354 D/CAM_Camera2OpenManager(30869): removeCameraCallables
11-17 19:25:45.354 D/CAM_Camera2OpenManager(30869): subscribeCameraResultObservable: E
11-17 19:25:45.354 D/CAM_CloseCameraCallable(30869): E: cid: null
11-17 19:25:45.354 D/CAM_Camera2OpenOnSubScribe(30869): onSubscribe
11-17 19:25:45.355 I/CAM_CloseCameraCallable(30869): [K_PROCESS]: E: closeCamera: cid = null, excludes = [0]
11-17 19:25:45.355 D/CAM_CloseCameraCallable(30869): closeCamera: camera '0' is excluded
11-17 19:25:45.355 I/CAM_CloseCameraCallable(30869): [K_PROCESS]: X: closeCamera: cid = null, excludes = [0]
11-17 19:25:45.355 D/CAM_Camera2OpenManager(30869): subscribeCameraResultObservable: X
11-17 19:25:45.355 D/CAM_CloseCameraCallable(30869): X: cid: null (dur: 0)
11-17 19:25:45.355 D/CAM_CameraOpenObservable(30869): subscribeActual: openCamera: cid = 0, listener = 191731851
11-17 19:25:45.355 D/CAM_CloseCameraCallable(30869): postCallback
11-17 19:25:45.355 D/CAM_OpenCameraCallable(30869): E: cid: 0
11-17 19:25:45.355 I/CAM_PerformanceManager(30869): [P_PERFORM]: Action: A3:switch_camera_2_open_163_0 takes 1 ms
11-17 19:25:45.355 D/CAM_OpenCameraCallable(30869): Camera is already opened: cid = 0
11-17 19:25:45.355 D/CAM_CloseCameraCallable(30869): Success: cid: null (dur: 0)
11-17 19:25:45.355 D/CAM_MiCamera2(30869): setCaptureBusyCallback: null
11-17 19:25:45.355 D/CAM_CameraCapabilities(30869): isSupportReplaceSession: false
11-17 19:25:45.355 I/CAM_CameraStateCallback(30869): [K_PROCESS]: onOpened: cid = 0
11-17 19:25:45.355 D/CAM_OpenCameraCallable(30869): X: cid: 0 (dur: 0)
11-17 19:25:45.355 I/CAM_CameraOpenObservable(30869): [K_PROCESS]: onOpened: cid = 0, listener = 191731851
11-17 19:25:45.355 D/CAM_OpenCameraCallable(30869): postCallback
11-17 19:25:45.355 I/CAM_Camera2OpenManager(30869): [K_PROCESS]: onOpened: cid = 0|android.hardware.camera2.impl.CameraDeviceImpl@fefc571
11-17 19:25:45.355 D/CAM_Camera2OpenManager(30869): fire: result = d.c.a.q6.t8.b.u@49b3267, requested cid = 0
11-17 19:25:45.355 D/CAM_Camera2OpenManager(30869): fire: emitted
11-17 19:25:45.355 D/CAM_OpenCameraCallable(30869): Success: cid: 0 (dur: 0)
11-17 19:25:45.355 V/CAM_ActivityBase(30869): hasSurface(): mCurrentSurfaceState=1
11-17 19:25:45.355 D/CAM_Camera2OpenOnSubScribe(30869): onNext: hasSurface = false, isCapture = true
11-17 19:25:45.355 D/CAM_FunctionCameraOpenResult(30869): apply: result = 2
11-17 19:25:45.355 D/CAM_Camera2OpenOnSubScribe(30869): onComplete
11-17 19:25:45.355 D/CAM_FunctionModuleSetup(30869): apply: module isPresent = true
11-17 19:25:45.355 I/CAM_BaseModule(30869): [K_PROCESS]: onCreate: moduleIndex->163, cameraId->0@u@6965305: mid = 163, cid = 0, created = false, departed = false
11-17 19:25:45.356 D/CAM_Camera2DataContainer(30869): Currently user selected zoom ratio is 1.0
11-17 19:25:45.356 D/CAM_Camera2DataContainer(30869): getActualOpenCameraId: mode=a3, id=0->0
11-17 19:25:45.356 D/CAM_BaseModule(30869): enumerating: d.c.b.p4@4c645ac - cid: 0
11-17 19:25:45.356 I/CAM_BaseModule(30869): setCameraDevice: d.c.b.p4@4c645ac - cid: 0
11-17 19:25:45.356 D/CAM_Camera2CompatAdapter(30869): E: initCameraCapabilitiesByCameraId(): 3
11-17 19:25:45.357 D/CAM_BottomItems(30869): updateBottomLocation: mBottomLayoutType = -1, type = 1, isLandscape = false
11-17 19:25:45.358 D/CompatChangeReporter(30869): Compat change id reported: 210923482; UID 10586; state: ENABLED
11-17 19:25:45.359 I/CAM_ AdaptiveTv(30869): init:  mMaxFontScale :1.25
11-17 19:25:45.361 D/BaseDepthController( 2937): mSurface is null and mCurrentBlur is: 0
11-17 19:25:45.363 D/CAM_CameraCapabilities(30869): QuickShotDelayTime tag not defined
11-17 19:25:45.363 D/CAM_CameraCapabilities(30869): HQQuickShot: mFeatureMask: 0   mDelayTimeMask: 0
11-17 19:25:45.363 D/CAM_CameraCapabilities(30869): QuickShotDelayTimeFactor tag not defined
11-17 19:25:45.363 D/CAM_CameraCapabilities(30869): QuickShot: mDelayTimeFactor: 100
11-17 19:25:45.364 D/CAM_CameraCapabilities(30869): MiviSuperNight: mSuperNightMask: 0
11-17 19:25:45.364 D/CAM_CameraCapabilities(30869): QuickShotNextCaptureMask: mQuickShotNextCaptureMask: 0
11-17 19:25:45.364 D/CAM_CameraCapabilities(30869): getBeautyVersionData: 3 ,beautyVersion: 3 ,beautyAlgo: 1
11-17 19:25:45.364 D/CAM_CameraCapabilities(30869): SnapshotQuickViewStreamMask: 0
11-17 19:25:45.364 D/CAM_Camera2CompatAdapter(30869): X: initCameraCapabilitiesByCameraId(): 3
11-17 19:25:45.364 D/CAM_Camera2CompatAdapter(30869): E: initCameraCapabilitiesByCameraId(): 2
11-17 19:25:45.365 D/CAM_BottomCV(30869): adjustThumbBg android.widget.ImageView{9794b2d VFED..... ......I. 0,0-0,0 #7f0b06f2 app:id/v9_thumbnail_image}
11-17 19:25:45.365 D/CAM_AbstractFragment(30869): baseUpdateView FragmentBottomAction, true
11-17 19:25:45.366 D/CAM_BottomCV(30869): adjustThumbBg android.widget.ImageView{9794b2d VFED..... ......I. 0,0-0,0 #7f0b06f2 app:id/v9_thumbnail_image}
11-17 19:25:45.366 D/CAM_CameraSnapView(30869): onScreenOrientationChanged
11-17 19:25:45.366 D/CAM_BottomItems(30869): updateBottomLocation: mBottomLayoutType = 1, type = 1, isLandscape = false
11-17 19:25:45.369 I/CAM_ AdaptiveTv(30869): init:  mMaxFontScale :1.4
11-17 19:25:45.370 D/CAM_FragmentModeSelector(30869): switchModeSelectViewStyle f = 7, m = 12
11-17 19:25:45.370 D/CAM_FragmentModeSelector(30869): to common mode
11-17 19:25:45.370 D/CAM_FragmentModeSelector(30869): bottom_external_mode set isVisibility false
11-17 19:25:45.370 D/CAM_FragmentModeSelector(30869): mode_select_scrollview set isVisibility true
11-17 19:25:45.370 V/CAM_Display(30869): navBarHeight=66
11-17 19:25:45.371 D/CAM_FragmentModeSelector(30869): switchMoreMode open: true, style: 0, mCurrentMode: 163
11-17 19:25:45.371 D/CAM_DragLayout(30869): disableAllMode
11-17 19:25:45.371 D/CAM_DragLayout(30869): setDragEnable mDragMode : false, enable false, force : false
11-17 19:25:45.371 D/CAM_AbstractFragment(30869): baseUpdateView FragmentModeSelector, true
11-17 19:25:45.371 V/CAM_IDisplayRect(30869): getDisplayRect:Rect(0, 246 - 1080, 1686)
11-17 19:25:45.371 D/CAM_ModeSelectViewCV(30869): init curMode = 163
11-17 19:25:45.371 D/CAM_ModeSelectViewCV(30869): init mItems = [ComponentDataItem{mDisplayName='Pro'mValue='167'}, ComponentDataItem{mDisplayName='Documentos'mValue='186'}, ComponentDataItem{mDisplayName='Vídeo'mValue='162'}, ComponentDataItem{mDisplayName='Foto'mValue='163'}, ComponentDataItem{mDisplayName='Retrato'mValue='171'}, ComponentDataItem{mDisplayName='Nocturno'mValue='173'}, ComponentDataItem{mDisplayName='Más'mValue='254'}]
11-17 19:25:45.371 D/CAM_CameraCapabilities(30869): QuickShotDelayTime tag not defined
11-17 19:25:45.371 D/CAM_ModeSelectViewCV(30869): init: updateItemDecoration
11-17 19:25:45.371 D/CAM_CameraCapabilities(30869): HQQuickShot: mFeatureMask: 0   mDelayTimeMask: 0
11-17 19:25:45.371 D/CAM_CameraCapabilities(30869): QuickShotDelayTimeFactor tag not defined
11-17 19:25:45.371 D/CAM_CameraCapabilities(30869): QuickShot: mDelayTimeFactor: 100
11-17 19:25:45.371 D/CAM_CameraCapabilities(30869): MiviSuperNight: mSuperNightMask: 0
11-17 19:25:45.371 D/CAM_CameraCapabilities(30869): QuickShotNextCaptureMask: mQuickShotNextCaptureMask: 0
11-17 19:25:45.371 D/CAM_CameraCapabilities(30869): getBeautyVersionData: 3 ,beautyVersion: 3 ,beautyAlgo: 1
11-17 19:25:45.372 D/CAM_CameraCapabilities(30869): SnapshotQuickViewStreamMask: 0
11-17 19:25:45.372 D/CAM_Camera2CompatAdapter(30869): X: initCameraCapabilitiesByCameraId(): 2
11-17 19:25:45.372 D/CAM_BaseModule(30869): create disposable u@6965305: mid = 163, cid = 0, created = false, departed = false 0
11-17 19:25:45.372 D/CAM_CameraIntentManager(30869): start activity when locked: false
11-17 19:25:45.372 D/CAM_Camera2CompatAdapter(30869): E: initCameraCapabilitiesByCameraId(): 3
11-17 19:25:45.372 E/DynamicRefreshRate recy(30869): dynamic params is false
11-17 19:25:45.372 E/DynamicRefreshRate recy(30869): dynamic is not enable
11-17 19:25:45.374 E/DynamicRefreshRate recy(30869): dynamic is not enable
11-17 19:25:45.375 E/.android.camera(30869): No package ID ff found for resource ID 0xffffffff.
11-17 19:25:45.375 E/.android.camera(30869): No package ID ff found for resource ID 0xffffffff.
11-17 19:25:45.375 E/.android.camera(30869): No package ID ff found for resource ID 0xffffffff.
11-17 19:25:45.376 D/CAM_FragmentTopBar(30869): updateTopBarStyle: TOP_BAR_STYLE_MAIN
11-17 19:25:45.376 D/CAM_FragmentTopBar(30869): provideAnimateElement mode = 163 resetType = 2
11-17 19:25:45.376 D/CAM_FragmentTopConfig(30869): getTopAlert(): fragment is not added yet0
11-17 19:25:45.376 D/CAM_FragmentTopConfig(30869): getTopAlert(): fragment is not added yet0
11-17 19:25:45.376 D/CAM_FragmentTopConfig(30869): getTopAlert(): fragment is not added yet0
11-17 19:25:45.376 D/StartTopBarAdapter(30869): setData mode:163,resetStrikethrough: false
11-17 19:25:45.378 D/EndTopBarAdapter(30869): setData mode:163,resetStrikethrough: false
11-17 19:25:45.378 D/BaseDepthController( 2937): mSurface is null and mCurrentBlur is: 0
11-17 19:25:45.379 D/CAM_CameraCapabilities(30869): QuickShotDelayTime tag not defined
11-17 19:25:45.379 D/CAM_CameraCapabilities(30869): HQQuickShot: mFeatureMask: 0   mDelayTimeMask: 0
11-17 19:25:45.380 D/CAM_CameraCapabilities(30869): QuickShotDelayTimeFactor tag not defined
11-17 19:25:45.380 D/CAM_CameraCapabilities(30869): QuickShot: mDelayTimeFactor: 100
11-17 19:25:45.380 D/CAM_CameraCapabilities(30869): MiviSuperNight: mSuperNightMask: 0
11-17 19:25:45.380 D/CAM_CameraCapabilities(30869): QuickShotNextCaptureMask: mQuickShotNextCaptureMask: 0
11-17 19:25:45.380 D/CAM_CameraCapabilities(30869): getBeautyVersionData: 3 ,beautyVersion: 3 ,beautyAlgo: 1
11-17 19:25:45.380 D/CAM_CameraCapabilities(30869): SnapshotQuickViewStreamMask: 0
11-17 19:25:45.380 D/CAM_Camera2CompatAdapter(30869): X: initCameraCapabilitiesByCameraId(): 3
11-17 19:25:45.380 D/CAM_ZoomManager(30869): initEquivalentFocalLength: get equivalentFocalLength is null
11-17 19:25:45.380 D/CAM_Camera2CompatAdapter(30869): E: initCameraCapabilitiesByCameraId(): 0
11-17 19:25:45.382 D/CAM_AbstractFragment(30869): baseUpdateView FragmentTopBar, true
11-17 19:25:45.384 E/.android.camera(30869): No package ID ff found for resource ID 0xffffffff.
11-17 19:25:45.384 E/.android.camera(30869): No package ID ff found for resource ID 0xffffffff.
11-17 19:25:45.384 E/.android.camera(30869): No package ID ff found for resource ID 0xffffffff.
11-17 19:25:45.387 D/CAM_CameraCapabilities(30869): QuickShotDelayTime tag not defined
11-17 19:25:45.387 D/CAM_CameraCapabilities(30869): HQQuickShot: mFeatureMask: 0   mDelayTimeMask: 0
11-17 19:25:45.387 D/CAM_CameraCapabilities(30869): QuickShotDelayTimeFactor tag not defined
11-17 19:25:45.387 D/CAM_CameraCapabilities(30869): QuickShot: mDelayTimeFactor: 100
11-17 19:25:45.387 D/CAM_CameraCapabilities(30869): MiviSuperNight: mSuperNightMask: 0
11-17 19:25:45.387 D/CAM_CameraCapabilities(30869): QuickShotNextCaptureMask: mQuickShotNextCaptureMask: 0
11-17 19:25:45.388 D/CAM_CameraCapabilities(30869): getBeautyVersionData: 3 ,beautyVersion: 3 ,beautyAlgo: 1
11-17 19:25:45.388 D/CAM_CameraCapabilities(30869): SnapshotQuickViewStreamMask: 0
11-17 19:25:45.388 D/CAM_Camera2CompatAdapter(30869): X: initCameraCapabilitiesByCameraId(): 0
11-17 19:25:45.388 D/CAM_ZoomManager(30869): initEquivalentFocalLength: get equivalentFocalLength is null
11-17 19:25:45.388 D/CAM_ZoomManager(30869): initEquivalentFocalLength: mEquivalentFocalLengthValues={}
11-17 19:25:45.388 D/CAM_ZoomManager(30869): setZoomRatio(): 1.0
11-17 19:25:45.388 D/CAM_ZoomManager(30869): initializeZoomRatio zoom:1.0
11-17 19:25:45.388 D/CAM_BaseModuleStateManager(30869): setKeyFocusPressed: false
11-17 19:25:45.388 D/CAM_EffectController(30869): setAiColorCorrectionVersion: 2
11-17 19:25:45.388 D/CAM_BaseModule(30869): isSupportAFSaliency=false
11-17 19:25:45.389 D/CAM_FocusManager(30869): setCharacteristics: mFocusAreaSupported = true, mAELockOnlySupported = false
11-17 19:25:45.389 E/CAM_FocusManagerAbstract(30869): setRenderSize: 1080 | 2340
11-17 19:25:45.389 D/CAM_FocusManager(30869): setPreviewSize: 1080x2340
11-17 19:25:45.389 W/CAM_Camera2CompatAdapterRole(30869): Warning: getAuxCameraId(): #init() failed, roleId=20
11-17 19:25:45.389 W/CAM_Camera2CompatAdapterRole(30869): Warning: getUltraTeleCameraId(): #init() failed, roleId=23
11-17 19:25:45.389 D/CAM_ZoomManager(30869): applyZoomRatio(): apply zoom ratio to device = 1.0
11-17 19:25:45.389 V/CAM_CameraConfigManager(30869): setZoomRatio(): 1.0
11-17 19:25:45.389 D/CAM_CameraConfigs(30869): zoom ratio diff: 0.0
11-17 19:25:45.389 D/CAM_MiCamera2(30869): setModuleParameter: d.c.b.p4.a1(Unknown Source:11), d.c.a.q6.r7.Nk(Unknown Source:14), com.android.camera.module.Camera2Module.wi(Unknown Source:324), d.c.a.g6.b.i.u.wi(Unknown Source:0), d.c.a.q6.r7.U4(Unknown Source:0), 
11-17 19:25:45.389 D/CAM_CaptureModule(30869): mivi raw super night is not enabled in capture mode
11-17 19:25:45.389 D/CAM_CaptureModule(30869): isSatMultipleRawUseCase: isSuperNightOn = false, rawCallback=0
11-17 19:25:45.389 W/CAM_MiCamera2(30869): returned a null PreviewCaptureResult, mState is 0
11-17 19:25:45.390 D/CAM_Camera2Module(30869): shouldDoMultiFrameCapture: shouldDoSR: false, isMotionExisted: false, isSuperNightSePriority: false
11-17 19:25:45.390 D/CAM_Camera2Module(30869): shouldDoMultiFrameCapture: false | false
11-17 19:25:45.390 D/CAM_CaptureModule(30869): mivi raw super night is not enabled in capture mode
11-17 19:25:45.390 D/CAM_ShotTypeHandler(30869): capture shot type could handle
11-17 19:25:45.390 D/CAM_Camera2Module(30869): enableParallel=false enableShot2Gallery=false shotType=0
11-17 19:25:45.390 D/CAM_CameraConfigManager(30869): setShotType: type=0,success =false
11-17 19:25:45.390 D/CAM_CameraConfigManager(30869): setShot2Gallery: isShot2Gallery=false
11-17 19:25:45.390 D/CAM_Camera2Module(30869): HQQuickShot | needMixQuickShot:false, isMixQuickShotSupport:false
11-17 19:25:45.390 D/CAM_CaptureModule(30869): mivi raw super night is not enabled in capture mode
11-17 19:25:45.390 D/CAM_Camera2Module(30869): updateSize: use JPEG as preferred output image format
11-17 19:25:45.390 D/CAM_CameraCapabilities(30869): addStreamConfigurationToList: xiaomi.scaler.availableLimitStreamConfigurations: size = 251
11-17 19:25:45.392 D/CAM_FragmentTopConfig(30869): getTopAlert(): fragment is null0
11-17 19:25:45.392 D/CAM_FragmentTopConfig(30869): getTopAlert(): fragment is null0
11-17 19:25:45.392 W/CAM_PictureSizeMg(30869): find normal accuracy size
11-17 19:25:45.392 D/CAM_AbstractFragment(30869): baseUpdateView SecondTopBar, true
11-17 19:25:45.392 W/CAM_PictureSizeMg(30869): find normal accuracy size
11-17 19:25:45.392 W/CAM_PictureSizeMg(30869): find normal accuracy size
11-17 19:25:45.392 W/CAM_PictureSizeMg(30869): find normal accuracy size
11-17 19:25:45.392 W/CAM_PictureSizeMg(30869): find normal accuracy size
11-17 19:25:45.392 W/CAM_PictureSizeMg(30869): find normal accuracy size
11-17 19:25:45.393 D/CAM_CameraUtil(30869): getOptimalPreviewSize downgrade = false, cameraId = 0, targetRatio = 1.3333333730697632, maxSize = null
11-17 19:25:45.393 D/CAM_CameraUtil(30869): getOptimalPreviewSize point Point(1080, 2340), width 1080
11-17 19:25:45.393 D/CAM_CameraUtil(30869): getOptimalPreviewSize: height:4320 width: 7680 ratio:1.7777777777777777
11-17 19:25:45.393 D/CAM_CameraUtil(30869): getOptimalPreviewSize: height:4512 width: 6016 ratio:1.3333333333333333
11-17 19:25:45.393 D/CAM_CameraUtil(30869): getOptimalPreviewSize: height:4344 width: 5792 ratio:1.3333333333333333
11-17 19:25:45.393 D/CAM_CameraUtil(30869): getOptimalPreviewSize: height:3384 width: 6016 ratio:1.7777777777777777
11-17 19:25:45.393 D/CAM_CameraUtil(30869): getOptimalPreviewSize: height:4512 width: 4512 ratio:1.0
11-17 19:25:45.393 D/CAM_CameraUtil(30869): getOptimalPreviewSize: height:4344 width: 4344 ratio:1.0
11-17 19:25:45.393 D/CAM_CameraUtil(30869): getOptimalPreviewSize: height:3240 width: 5760 ratio:1.7777777777777777
11-17 19:25:45.393 D/CAM_CameraUtil(30869): getOptimalPreviewSize: height:2736 width: 5928 ratio:2.1666666666666665
11-17 19:25:45.393 D/CAM_CameraUtil(30869): getOptimalPreviewSize: height:2592 width: 5616 ratio:2.1666666666666665
11-17 19:25:45.393 D/CAM_CameraUtil(30869): getOptimalPreviewSize: height:3120 width: 4208 ratio:1.3487179487179488
11-17 19:25:45.393 D/CAM_CameraUtil(30869): getOptimalPreviewSize: height:4208 width: 3120 ratio:0.7414448669201521
11-17 19:25:45.393 D/CAM_CameraUtil(30869): getOptimalPreviewSize: height:3008 width: 4012 ratio:1.3337765957446808
11-17 19:25:45.393 D/CAM_CameraUtil(30869): getOptimalPreviewSize: height:3120 width: 3120 ratio:1.0
11-17 19:25:45.393 D/CAM_ZoomRatioToggleView(30869): setVisibility(): GONE
11-17 19:25:45.393 D/CAM_CameraUtil(30869): getOptimalPreviewSize: height:2304 width: 4096 ratio:1.7777777777777777
11-17 19:25:45.393 D/CAM_ZoomRatioToggleView(30869): resetAnimators
11-17 19:25:45.393 D/CAM_CameraUtil(30869): getOptimalPreviewSize: height:4096 width: 2304 ratio:0.5625
11-17 19:25:45.393 D/CAM_CameraUtil(30869): getOptimalPreviewSize: height:2232 width: 3968 ratio:1.7777777777777777
11-17 19:25:45.393 D/CAM_CameraUtil(30869): getOptimalPreviewSize: height:2160 width: 4096 ratio:1.8962962962962964
11-17 19:25:45.393 E/.android.camera(30869): No package ID ff found for resource ID 0xffffffff.
11-17 19:25:45.393 D/CAM_CameraUtil(30869): getOptimalPreviewSize: height:2160 width: 3840 ratio:1.7777777777777777
11-17 19:25:45.393 D/CAM_CameraUtil(30869): getOptimalPreviewSize: height:1872 width: 4056 ratio:2.1666666666666665
11-17 19:25:45.393 D/CAM_CameraUtil(30869): getOptimalPreviewSize: height:4056 width: 1872 ratio:0.46153846153846156
11-17 19:25:45.393 D/CAM_CameraUtil(30869): getOptimalPreviewSize: height:2256 width: 3008 ratio:1.3333333333333333
11-17 19:25:45.393 D/CAM_CameraUtil(30869): getOptimalPreviewSize: height:1728 width: 3744 ratio:2.1666666666666665
11-17 19:25:45.393 D/CAM_CameraUtil(30869): getOptimalPreviewSize: height:1940 width: 2592 ratio:1.336082474226804
11-17 19:25:45.393 D/CAM_CameraUtil(30869): getOptimalPreviewSize: height:1800 width: 2400 ratio:1.3333333333333333
11-17 19:25:45.393 D/CAM_CameraUtil(30869): getOptimalPreviewSize: height:1940 width: 1940 ratio:1.0
11-17 19:25:45.393 D/CAM_CameraUtil(30869): getOptimalPreviewSize: height:1440 width: 2560 ratio:1.7777777777777777
11-17 19:25:45.393 D/CAM_CameraUtil(30869): getOptimalPreviewSize: height:1152 width: 2496 ratio:2.1666666666666665
11-17 19:25:45.393 D/CAM_CameraUtil(30869): getOptimalPreviewSize: height:1440 width: 1920 ratio:1.3333333333333333
11-17 19:25:45.393 D/CAM_CameraUtil(30869): getOptimalPreviewSize: height:1080 width: 2340 ratio:2.1666666666666665
11-17 19:25:45.393 D/CAM_CameraUtil(30869): getOptimalPreviewSize: height:1080 width: 2160 ratio:2.0
11-17 19:25:45.393 D/CAM_CameraUtil(30869): getOptimalPreviewSize: height:1080 width: 1920 ratio:1.7777777777777777
11-17 19:25:45.393 D/CAM_CameraUtil(30869): getOptimalPreviewSize: height:960 width: 2080 ratio:2.1666666666666665
11-17 19:25:45.393 D/CAM_CameraUtil(30869): getOptimalPreviewSize: height:1200 width: 1600 ratio:1.3333333333333333
11-17 19:25:45.393 D/CAM_CameraUtil(30869): getOptimalPreviewSize: height:1600 width: 1200 ratio:0.75
11-17 19:25:45.393 D/CAM_FragmentDualCameraAdjust(30869): initZoomRatioForBackCamera(): zoom: 1.0
11-17 19:25:45.393 D/CAM_CameraUtil(30869): getOptimalPreviewSize: height:1080 width: 1440 ratio:1.3333333333333333
11-17 19:25:45.394 D/CAM_CameraUtil(30869): getOptimalPreviewSize: height:900 width: 1600 ratio:1.7777777777777777
11-17 19:25:45.394 D/CAM_ComponentConfigVideoQuality(30869): checkValueValid: invalid value: 8
11-17 19:25:45.394 D/CAM_CameraUtil(30869): getOptimalPreviewSize: height:1600 width: 900 ratio:0.5625
11-17 19:25:45.394 E/CAM_ComponentConfigVideoQuality(30869): reset invalid value 8
11-17 19:25:45.394 D/CAM_CameraUtil(30869): getOptimalPreviewSize: height:1200 width: 1200 ratio:1.0
11-17 19:25:45.394 D/CAM_CameraUtil(30869): getOptimalPreviewSize: height:960 width: 1280 ratio:1.3333333333333333
11-17 19:25:45.394 D/CAM_CameraUtil(30869): getOptimalPreviewSize: height:720 width: 1560 ratio:2.1666666666666665
11-17 19:25:45.394 D/CAM_CameraUtil(30869): getOptimalPreviewSize: height:1560 width: 720 ratio:0.46153846153846156
11-17 19:25:45.394 D/CAM_CameraUtil(30869): getOptimalPreviewSize: height:720 width: 1440 ratio:2.0
11-17 19:25:45.394 D/CAM_FragmentDualCameraAdjustMM(30869): provideAnimateElement(): initialized zoom ratio: 1.0
11-17 19:25:45.394 D/CAM_CameraUtil(30869): getOptimalPreviewSize: height:720 width: 1280 ratio:1.7777777777777777
11-17 19:25:45.394 D/CAM_CameraUtil(30869): getOptimalPreviewSize: height:600 width: 800 ratio:1.3333333333333333
11-17 19:25:45.394 D/CAM_CameraUtil(30869): getOptimalPreviewSize: height:480 width: 864 ratio:1.8
11-17 19:25:45.394 D/CAM_ZoomRatioToggleView(30869): count = 3
11-17 19:25:45.394 D/CAM_CameraUtil(30869): getOptimalPreviewSize: height:480 width: 720 ratio:1.5
11-17 19:25:45.394 D/CAM_ZoomRatioToggleView(30869): resetAnimators
11-17 19:25:45.394 D/CAM_CameraUtil(30869): getOptimalPreviewSize: height:480 width: 640 ratio:1.3333333333333333
11-17 19:25:45.394 D/CAM_CameraUtil(30869): getOptimalPreviewSize: height:288 width: 352 ratio:1.2222222222222223
11-17 19:25:45.394 D/CAM_CameraUtil(30869): getOptimalPreviewSize: height:236 width: 419 ratio:1.7754237288135593
11-17 19:25:45.394 D/CAM_CameraUtil(30869): getOptimalPreviewSize: height:240 width: 320 ratio:1.3333333333333333
11-17 19:25:45.394 E/.android.camera(30869): No package ID ff found for resource ID 0xffffffff.
11-17 19:25:45.394 D/CAM_CameraUtil(30869): getOptimalPreviewSize: height:144 width: 176 ratio:1.2222222222222223
11-17 19:25:45.394 I/CAM_CameraUtil(30869): best preview size: 1440x1080
11-17 19:25:45.394 D/CAM_CameraUtil(30869): getOptimalPreviewSize downgrade = false, cameraId = 0, targetRatio = 1.3333333730697632, maxSize = null
11-17 19:25:45.394 D/CAM_CameraUtil(30869): getOptimalPreviewSize point Point(1080, 2340), width 1080
11-17 19:25:45.394 D/CAM_CameraUtil(30869): getOptimalPreviewSize: height:4320 width: 7680 ratio:1.7777777777777777
11-17 19:25:45.394 D/CAM_CameraUtil(30869): getOptimalPreviewSize: height:4512 width: 6016 ratio:1.3333333333333333
11-17 19:25:45.394 D/CAM_CameraUtil(30869): getOptimalPreviewSize: height:4344 width: 5792 ratio:1.3333333333333333
11-17 19:25:45.394 D/CAM_CameraUtil(30869): getOptimalPreviewSize: height:3384 width: 6016 ratio:1.7777777777777777
11-17 19:25:45.394 D/CAM_CameraUtil(30869): getOptimalPreviewSize: height:4512 width: 4512 ratio:1.0
11-17 19:25:45.394 D/CAM_CameraUtil(30869): getOptimalPreviewSize: height:4344 width: 4344 ratio:1.0
11-17 19:25:45.394 D/CAM_CameraUtil(30869): getOptimalPreviewSize: height:3240 width: 5760 ratio:1.7777777777777777
11-17 19:25:45.394 D/CAM_CameraUtil(30869): getOptimalPreviewSize: height:2736 width: 5928 ratio:2.1666666666666665
11-17 19:25:45.394 D/CAM_CameraUtil(30869): getOptimalPreviewSize: height:2592 width: 5616 ratio:2.1666666666666665
11-17 19:25:45.394 D/CAM_CameraUtil(30869): getOptimalPreviewSize: height:3120 width: 4208 ratio:1.3487179487179488
11-17 19:25:45.394 D/CAM_CameraUtil(30869): getOptimalPreviewSize: height:4208 width: 3120 ratio:0.7414448669201521
11-17 19:25:45.394 D/CAM_CameraUtil(30869): getOptimalPreviewSize: height:3008 width: 4012 ratio:1.3337765957446808
11-17 19:25:45.394 D/CAM_CameraUtil(30869): getOptimalPreviewSize: height:3120 width: 3120 ratio:1.0
11-17 19:25:45.394 D/CAM_CameraUtil(30869): getOptimalPreviewSize: height:2304 width: 4096 ratio:1.7777777777777777
11-17 19:25:45.394 D/CAM_CameraUtil(30869): getOptimalPreviewSize: height:4096 width: 2304 ratio:0.5625
11-17 19:25:45.394 D/CAM_CameraUtil(30869): getOptimalPreviewSize: height:2232 width: 3968 ratio:1.7777777777777777
11-17 19:25:45.394 D/CAM_CameraUtil(30869): getOptimalPreviewSize: height:2160 width: 4096 ratio:1.8962962962962964
11-17 19:25:45.394 D/CAM_CameraUtil(30869): getOptimalPreviewSize: height:2160 width: 3840 ratio:1.7777777777777777
11-17 19:25:45.394 D/CAM_CameraUtil(30869): getOptimalPreviewSize: height:1872 width: 4056 ratio:2.1666666666666665
11-17 19:25:45.394 D/CAM_CameraUtil(30869): getOptimalPreviewSize: height:4056 width: 1872 ratio:0.46153846153846156
11-17 19:25:45.394 D/CAM_CameraUtil(30869): getOptimalPreviewSize: height:2256 width: 3008 ratio:1.3333333333333333
11-17 19:25:45.394 D/CAM_CameraUtil(30869): getOptimalPreviewSize: height:1728 width: 3744 ratio:2.1666666666666665
11-17 19:25:45.394 D/CAM_CameraUtil(30869): getOptimalPreviewSize: height:1940 width: 2592 ratio:1.336082474226804
11-17 19:25:45.394 D/CAM_CameraUtil(30869): getOptimalPreviewSize: height:1800 width: 2400 ratio:1.3333333333333333
11-17 19:25:45.394 D/CAM_CameraUtil(30869): getOptimalPreviewSize: height:1940 width: 1940 ratio:1.0
11-17 19:25:45.395 D/CAM_CameraUtil(30869): getOptimalPreviewSize: height:1440 width: 2560 ratio:1.7777777777777777
11-17 19:25:45.395 D/CAM_CameraUtil(30869): getOptimalPreviewSize: height:1152 width: 2496 ratio:2.1666666666666665
11-17 19:25:45.395 D/CAM_CameraUtil(30869): getOptimalPreviewSize: height:1440 width: 1920 ratio:1.3333333333333333
11-17 19:25:45.395 D/CAM_CameraUtil(30869): getOptimalPreviewSize: height:1080 width: 2340 ratio:2.1666666666666665
11-17 19:25:45.395 D/CAM_CameraUtil(30869): getOptimalPreviewSize: height:1080 width: 2160 ratio:2.0
11-17 19:25:45.395 D/CAM_CameraUtil(30869): getOptimalPreviewSize: height:1080 width: 1920 ratio:1.7777777777777777
11-17 19:25:45.395 D/CAM_CameraUtil(30869): getOptimalPreviewSize: height:960 width: 2080 ratio:2.1666666666666665
11-17 19:25:45.395 D/CAM_CameraUtil(30869): getOptimalPreviewSize: height:1200 width: 1600 ratio:1.3333333333333333
11-17 19:25:45.395 D/CAM_CameraUtil(30869): getOptimalPreviewSize: height:1600 width: 1200 ratio:0.75
11-17 19:25:45.395 D/CAM_CameraUtil(30869): getOptimalPreviewSize: height:1080 width: 1440 ratio:1.3333333333333333
11-17 19:25:45.395 D/CAM_CameraUtil(30869): getOptimalPreviewSize: height:900 width: 1600 ratio:1.7777777777777777
11-17 19:25:45.395 D/CAM_CameraUtil(30869): getOptimalPreviewSize: height:1600 width: 900 ratio:0.5625
11-17 19:25:45.395 D/CAM_CameraUtil(30869): getOptimalPreviewSize: height:1200 width: 1200 ratio:1.0
11-17 19:25:45.395 D/CAM_CameraUtil(30869): getOptimalPreviewSize: height:960 width: 1280 ratio:1.3333333333333333
11-17 19:25:45.395 D/CAM_CameraUtil(30869): getOptimalPreviewSize: height:720 width: 1560 ratio:2.1666666666666665
11-17 19:25:45.395 D/CAM_CameraUtil(30869): getOptimalPreviewSize: height:1560 width: 720 ratio:0.46153846153846156
11-17 19:25:45.395 D/CAM_CameraUtil(30869): getOptimalPreviewSize: height:720 width: 1440 ratio:2.0
11-17 19:25:45.395 D/CAM_CameraUtil(30869): getOptimalPreviewSize: height:720 width: 1280 ratio:1.7777777777777777
11-17 19:25:45.395 D/CAM_CameraUtil(30869): getOptimalPreviewSize: height:600 width: 800 ratio:1.3333333333333333
11-17 19:25:45.395 D/CAM_CameraUtil(30869): getOptimalPreviewSize: height:480 width: 864 ratio:1.8
11-17 19:25:45.395 D/CAM_CameraUtil(30869): getOptimalPreviewSize: height:480 width: 720 ratio:1.5
11-17 19:25:45.395 D/CAM_CameraUtil(30869): getOptimalPreviewSize: height:480 width: 640 ratio:1.3333333333333333
11-17 19:25:45.395 D/CAM_CameraUtil(30869): getOptimalPreviewSize: height:288 width: 352 ratio:1.2222222222222223
11-17 19:25:45.395 D/CAM_CameraUtil(30869): getOptimalPreviewSize: height:236 width: 419 ratio:1.7754237288135593
11-17 19:25:45.395 D/CAM_CameraUtil(30869): getOptimalPreviewSize: height:240 width: 320 ratio:1.3333333333333333
11-17 19:25:45.395 D/CAM_CameraUtil(30869): getOptimalPreviewSize: height:144 width: 176 ratio:1.2222222222222223
11-17 19:25:45.395 D/BaseDepthController( 2937): mSurface is null and mCurrentBlur is: 0
11-17 19:25:45.395 I/CAM_CameraUtil(30869): best preview size: 1440x1080
11-17 19:25:45.395 D/CAM_MiCamera2(30869): setAlgorithmPreviewSize size = 1440x1080
11-17 19:25:45.395 D/CAM_MiCamera2(30869): setAlgorithmPreviewSize = true
11-17 19:25:45.395 D/CAM_Camera2Module(30869): updateSize: picture size (JPEG): 6016x4512, preview size: 1440x1080, sensor raw image size: null
11-17 19:25:45.395 D/CAM_u   (30869): updateCameraScreenNailSize: 1440x1080
11-17 19:25:45.395 V/CAM_BaseModule(30869): checkDisplayOrientation: 0 | 90
11-17 19:25:45.396 D/CAM_CameraSizeManager(30869): setVideoSize 1080x1440
11-17 19:25:45.396 V/CAM_CameraConfigManager(30869): setEnableZsl true
11-17 19:25:45.396 W/CAM_ImageModuleCameraManager(30869): no consumer for this updateType: 74
11-17 19:25:45.396 D/CAM_CameraCapabilities(30869): getAiShutterSupport not defined
11-17 19:25:45.396 D/CAM_CameraCapabilities(30869): isSupportAiShutter: 0
11-17 19:25:45.396 V/CAM_CameraConfigManager(30869): setExposureCompensation: 0
11-17 19:25:45.396 W/CAM_ImageModuleCameraManager(30869): no consumer for this updateType: 15
11-17 19:25:45.396 V/CAM_MiCamera2(30869): setISO: 0
11-17 19:25:45.396 E/.android.camera(30869): No package ID ff found for resource ID 0xffffffff.
11-17 19:25:45.396 W/CAM_ImageModuleCameraManager(30869): no consumer for this updateType: 16
11-17 19:25:45.396 W/CAM_ImageModuleCameraManager(30869): no consumer for this updateType: 6
11-17 19:25:45.396 V/CAM_CameraConfigManager(30869): setAWBLock: false
11-17 19:25:45.396 V/CAM_CameraConfigManager(30869): setAWBMode: 1
11-17 19:25:45.396 W/CAM_ImageModuleCameraManager(30869): no consumer for this updateType: 51966
11-17 19:25:45.396 W/CAM_BaseModuleCameraManager(30869): no consumer for this updateType: 51966
11-17 19:25:45.396 W/CAM_ImageModuleCameraManager(30869): no consumer for this updateType: 51967
11-17 19:25:45.396 D/CAM_BaseModuleCameraManager(30869): updateFrameRatio: 1 (4x3)
11-17 19:25:45.396 D/CAM_CameraConfigManager(30869): setTrackFocusEnable false
11-17 19:25:45.396 D/CAM_CameraConfigManager(30869): setTrackFocusFeatureEnable false
11-17 19:25:45.396 D/CAM_CameraConfigManager(30869): setTrackFocusEnable false
11-17 19:25:45.396 V/CAM_CameraConfigManager(30869): setDeviceOrientation: 0
11-17 19:25:45.396 W/CAM_ImageModuleCameraManager(30869): no consumer for this updateType: 19
11-17 19:25:45.396 W/CAM_BaseModuleCameraManager(30869): no consumer for this updateType: 19
11-17 19:25:45.396 V/CAM_CameraConfigManager(30869): setAperture(): 0.0
11-17 19:25:45.396 D/CAM_CameraConfigs(30869): aperture: 0.0
11-17 19:25:45.397 V/CAM_CameraConfigManager(30869): setExposureMode(): 0
11-17 19:25:45.397 D/CAM_CameraConfigs(30869): setExposureMode: 0
11-17 19:25:45.397 W/CAM_ImageModuleCameraManager(30869): no consumer for this updateType: 110
11-17 19:25:45.397 W/CAM_ImageModuleCameraManager(30869): no consumer for this updateType: 97
11-17 19:25:45.397 D/CAM_MiCamera2(30869): setCvLens 0 for null
11-17 19:25:45.397 W/CAM_ImageModuleCameraManager(30869): no consumer for this updateType: 111
11-17 19:25:45.397 V/CAM_CameraConfigManager(30869): setIsZoomSpeedUp(): false
11-17 19:25:45.397 W/CAM_ImageModuleCameraManager(30869): no consumer for this updateType: 112
11-17 19:25:45.397 V/CAM_CameraConfigManager(30869): setIsZoomSpeedDown(): false
11-17 19:25:45.397 V/CAM_CameraConfigManager(30869): setFaceAEStrategy(): 0
11-17 19:25:45.397 D/CAM_CaptureRequestBuilder(30869):  applyFaceAEStrategyFlag something is null
11-17 19:25:45.397 D/CAM_CameraCapabilities(30869): isSatFusionShotSupported: false, because tag undefined
11-17 19:25:45.397 I/CAM_Camera2Module(30869): [K_PROCESS]: startPreview: set PictureSize with 6016x4512
11-17 19:25:45.397 E/.android.camera(30869): No package ID ff found for resource ID 0xffffffff.
11-17 19:25:45.398 D/CAM_MiCameraSurfaceManager(30869): prepare imageReader android.media.ImageReader@3c99a52
11-17 19:25:45.398 D/CAM_Camera2Module(30869): startPreview: set PictureFormat to JPEG
11-17 19:25:45.398 D/CAM_CaptureModule(30869): mivi raw super night is not enabled in capture mode
11-17 19:25:45.398 D/CAM_Camera2Module(30869): [QCFA]startPreview: set qcfa enable false
11-17 19:25:45.398 D/CAM_ZoomRatioToggleView(30869): setSuppressed(): false
11-17 19:25:45.399 I/CAM_ZoomRatioToggleView(30869): [U_ACTION]: setZoomRatio(): a = ZOOMING_BY_UNKNOWN_SOURCE,i = 1,z = 1.0,ti =1,tz =1.0
11-17 19:25:45.399 I/CAM_Camera2Module(30869): [K_PROCESS]: startPreview: surfaceTexture = null
11-17 19:25:45.399 E/CAM_Camera2Module(30869): startPreview: surfaceTexture unavailable!!!!
11-17 19:25:45.399 V/CAM_Camera2Module(30869): [WTP]init preview callback type decoders: E
11-17 19:25:45.399 D/CAM_Camera2Module(30869): startPreview: operatingMode = 32769
11-17 19:25:45.399 I/CAM_MiCamera2(30869): [K_PROCESS]: startPreviewSession: operatingMode=0x8001 previewCallback=2 rawCallbackType=0
11-17 19:25:45.399 V/CAM_MiCamera2(30869): generateSessionId: id=1
11-17 19:25:45.399 D/CAM_MiCameraSurfaceManager(30869): close imageReader android.media.ImageReader@3c99a52
11-17 19:25:45.399 D/CAM_MiCameraSurfaceManager(30869): prepare imageReader android.media.ImageReader@2b6519b
11-17 19:25:45.399 I/CAM_MiCamera2(30869): [K_PROCESS]: startPreviewSession: add PhotoImageReader configuration: format=0x100 size=6016x4512
11-17 19:25:45.400 D/CAM_Camera2Module(30869): init preview callback type decoders, previewCallbackType: 0x2, needUpdatePreference: true
11-17 19:25:45.400 V/CAM_Camera2Module(30869): [WTP]init preview callback type decoders: X
11-17 19:25:45.400 D/CAM_MiCamera2(30869): applySettingsForPreview: android.hardware.camera2.CaptureRequest$Builder@7d0cd11
11-17 19:25:45.400 D/CAM_MiCamera2(30869): applyFlashMode: request android.hardware.camera2.CaptureRequest$Builder@7d0cd11, applyType = 1
11-17 19:25:45.400 D/CAM_MiCameraCompat(30869): applyFlashMode: mode = 0
11-17 19:25:45.400 D/CAM_MiCamera2(30869): applyFlashMode: flashMode = 0, mScreenLightCallback = d.c.a.q6.q8.q1@e88ae76
11-17 19:25:45.400 D/CAM_CaptureRequestBuilder(30869): applyScreenLightHint(): false
11-17 19:25:45.401 D/CAM_CaptureRequestBuilder(30869): applyAFRegions: default 0
11-17 19:25:45.401 D/CAM_CaptureRequestBuilder(30869): applyAERegions: default 0
11-17 19:25:45.401 D/CAM_MiCameraCompat(30869): applyFaceDetection: false、 faceDetectMode: 0
11-17 19:25:45.401 D/CAM_CaptureRequestBuilder(30869): applyExposureCompensation: 0
11-17 19:25:45.401 D/CAM_HybridZoomingSystem(30869): toCropRegion(): zoom ratio = 1.0, crop region = Rect(0, 0 - 6016, 4512)
11-17 19:25:45.401 D/CAM_RequestVendorTag(30869): applyCropRegion: rect = Rect(0, 0 - 6016, 4512)
11-17 19:25:45.401 D/CAM_ZoomRatioToggleView(30869): setVisibility(): VISIBLE
11-17 19:25:45.401 D/CAM_ZoomRatioToggleView(30869): setVisibility(): VISIBLE
11-17 19:25:45.401 V/CAM_CaptureRequestBuilder(30869): applyZoomRatio(): cameraId = 0, zoomRatio = 1.0, activeArraySize = Rect(0, 0 - 6016, 4512), cropRegion = Rect(0, 0 - 6016, 4512)
11-17 19:25:45.401 D/CAM_ZoomRatioToggleView(30869): setVisibility(): GONE
11-17 19:25:45.401 D/CAM_ZoomRatioToggleView(30869): resetAnimators
11-17 19:25:45.401 D/CAM_CaptureRequestBuilder(30869): applyAELock: false
11-17 19:25:45.401 D/CAM_CaptureRequestBuilder(30869): applyAWBLock: false
11-17 19:25:45.401 D/CAM_ZoomRatioToggleView(30869): setVisibility(): INVISIBLE
11-17 19:25:45.401 D/CAM_CaptureRequestBuilder(30869): applyCinematicPhoto: false
11-17 19:25:45.401 D/CAM_ZoomRatioToggleView(30869): resetAnimators
11-17 19:25:45.402 D/CAM_ZoomRatioToggleView(30869): setVisibility(): GONE
11-17 19:25:45.402 D/CAM_ZoomRatioToggleView(30869): resetAnimators
11-17 19:25:45.402 D/CAM_MiCameraCompat(30869): applyCustomQualityEnable : false
11-17 19:25:45.402 D/CAM_FragmentDualCameraAdjust(30869): initZoomRatioForBackCamera(): zoom: 1.0
11-17 19:25:45.402 D/CAM_ComponentConfigVideoQuality(30869): checkValueValid: invalid value: 8
11-17 19:25:45.402 D/CAM_MiCameraCompat(30869): applyPureViewEnabled : false
11-17 19:25:45.402 E/CAM_ComponentConfigVideoQuality(30869): reset invalid value 8
11-17 19:25:45.402 D/CAM_CaptureRequestBuilder(30869): APPLY_PREVIEW: false
11-17 19:25:45.402 D/CAM_CaptureRequestBuilder(30869): applySuperNightScene: false
11-17 19:25:45.402 D/CAM_CaptureRequestBuilder(30869): show debug info as watermark: false
11-17 19:25:45.402 D/CAM_CaptureRequestBuilder(30869): applyMiviSuperNight(): unsupported
11-17 19:25:45.402 D/CAM_ComponentConfigVideoQuality(30869): checkValueValid: invalid value: 8
11-17 19:25:45.402 E/CAM_ComponentConfigVideoQuality(30869): reset invalid value 8
11-17 19:25:45.402 I/CAM_CaptureRequestBuilder(30869): [K_PROCESS]: applySuperResolution: false, applyType = 1, configs d.c.b.g4@3ee1c81, caller > d.c.b.k4.w1(Unknown Source:115), d.c.b.p4.F2(Unknown Source:271), d.c.b.p4.T2(Unknown Source:32), d.c.b.p4.M4(Unknown Source:133), d.c.b.p4.s1(Unknown Source:13), 
11-17 19:25:45.402 D/CAM_FragmentDualCameraAdjustMM(30869): provideAnimateElement(): initialized zoom ratio: 1.0
11-17 19:25:45.402 V/CAM_MiCameraCompat(30869): [K_PROCESS]: applyMfnrEnable: false
11-17 19:25:45.402 D/CAM_ZoomRatioToggleView(30869): count = 3
11-17 19:25:45.402 D/CAM_ZoomRatioToggleView(30869): setSuppressed(): false
11-17 19:25:45.402 D/CAM_MiCameraCompat(30869): applySwMfnrEnable: false
11-17 19:25:45.402 D/CAM_ZoomRatioToggleView(30869): setSuppressed() ignored: false
11-17 19:25:45.402 I/CAM_ZoomRatioToggleView(30869): [U_ACTION]: setZoomRatio(): a = ZOOMING_BY_UNKNOWN_SOURCE,i = 1,z = 1.0,ti =1,tz =1.0
11-17 19:25:45.402 D/CAM_CaptureRequestBuilder(30869): applySingleBokeh: false
11-17 19:25:45.403 D/CAM_CaptureRequestBuilder(30869): applyMacroMode: false
11-17 19:25:45.403 D/CAM_MiCameraCompat(30869): applyAiPortraitDeblur: false
11-17 19:25:45.403 E/VendorTagDescriptor(30869): lookupTag: Tag name 'ortraitdeblur.enabled' does not exist.
11-17 19:25:45.403 V/CAM_MiCameraCompat(30869): [K_PROCESS]: applyStreetShoot: false
11-17 19:25:45.403 D/CAM_CameraCapabilities(30869): isSupportNormalWideLDC: true
11-17 19:25:45.403 D/CAM_MiCameraCompat(30869): applyNormalWideLDC: false
11-17 19:25:45.403 D/CAM_CameraCapabilities(30869): isSupportUltraWideLDC: true
11-17 19:25:45.403 D/CAM_MiCameraCompat(30869): applyUltraWideLDC: false
11-17 19:25:45.403 D/CAM_CaptureRequestBuilder(30869): applyAELock: false
11-17 19:25:45.403 D/CAM_CaptureRequestBuilder(30869): applyAWBLock: false
11-17 19:25:45.403 V/CAM_CaptureRequestBuilder(30869): EIS: off
11-17 19:25:45.403 V/CAM_CaptureRequestBuilder(30869): OIS: off
11-17 19:25:45.403 D/CAM_CaptureRequestBuilder(30869): applyDeviceOrientation: 0
11-17 19:25:45.403 D/CAM_CaptureRequestBuilder(30869): applyFpsRange: fpsRange = null
11-17 19:25:45.404 D/CAM_MiCameraCompat(30869): applySatFallbackDisable: 0
11-17 19:25:45.404 D/CAM_CaptureRequestBuilder(30869): applyAiASDEnable:false
11-17 19:25:45.404 D/CAM_CaptureRequestBuilder(30869): applyASDScene: -2
11-17 19:25:45.404 D/CAM_CaptureRequestBuilder(30869): applyTrackFocus: false
11-17 19:25:45.404 D/CAM_RequestVendorTag(30869): applyTrackFocusEnable: value = false
11-17 19:25:45.404 D/CAM_MiCameraSurfaceManager(30869): getAlgorithmPreviewSize = 1440x1080
11-17 19:25:45.404 I/CAM_MiCamera2(30869): [K_PROCESS]: startPreviewSession: add PreviewImageReader configuration: format=0x23 size=1440x1080
11-17 19:25:45.404 I/CAM_MiCamera2(30869): [K_PROCESS]: startPreviewSession: first add PreviewSurface configuration: size=1440x1080
11-17 19:25:45.404 D/CAM_CameraCapabilities(30869): getAiShutterSupport not defined
11-17 19:25:45.404 D/CAM_CameraCapabilities(30869): isSupportAiShutter: 0
11-17 19:25:45.404 D/CAM_MiCameraCompat(30869): applyAppModule 163
11-17 19:25:45.404 D/CAM_MiCamera2(30869): applyConfigurationParam: pid: 30869
11-17 19:25:45.405 E/VendorTagDescriptor(30869): lookupTag: Tag name 'processId' does not exist.
11-17 19:25:45.405 D/CAM_AbstractFragment(30869): baseUpdateView FragmentDualCameraAdjustMM, true
11-17 19:25:45.405 D/CAM_Camera2CompatAdapter(30869): E: initCameraCapabilitiesByCameraId(): 6
11-17 19:25:45.412 D/BaseDepthController( 2937): mSurface is null and mCurrentBlur is: 0
11-17 19:25:45.412 D/CAM_CameraCapabilities(30869): QuickShotDelayTime tag not defined
11-17 19:25:45.412 D/CAM_CameraCapabilities(30869): HQQuickShot: mFeatureMask: 0   mDelayTimeMask: 0
11-17 19:25:45.412 D/CAM_CameraCapabilities(30869): QuickShotDelayTimeFactor tag not defined
11-17 19:25:45.412 D/CAM_CameraCapabilities(30869): QuickShot: mDelayTimeFactor: 100
11-17 19:25:45.413 D/CAM_CameraCapabilities(30869): MiviSuperNight: mSuperNightMask: 0
11-17 19:25:45.413 D/CAM_CameraCapabilities(30869): QuickShotNextCaptureMask: mQuickShotNextCaptureMask: 0
11-17 19:25:45.413 D/CAM_CameraCapabilities(30869): getBeautyVersionData: 3 ,beautyVersion: 3 ,beautyAlgo: 1
11-17 19:25:45.413 D/CAM_CameraCapabilities(30869): SnapshotQuickViewStreamMask: 0
11-17 19:25:45.413 D/CAM_Camera2CompatAdapter(30869): X: initCameraCapabilitiesByCameraId(): 6
11-17 19:25:45.413 D/CAM_CaptureRequestBuilder(30869): applyCinematicVideo: false
11-17 19:25:45.413 D/CAM_Camera2CompatAdapter(30869): E: initCameraCapabilitiesByCameraId(): 0
11-17 19:25:45.413 D/CAM_MiCameraCompat(30869): applySmoothTransition: true
11-17 19:25:45.413 I/CAM_MiCamera2(30869): [K_PROCESS]: startPreviewSession: setup output configuration number: 3
11-17 19:25:45.413 I/CAM_PerformanceManager(30869): [P_PERFORM]: Action: 3:cameraOpened2createCaptureSession@0_163_0 takes 149 ms
11-17 19:25:45.414 I/cameraserver( 1520): Bypass roundBufferDimensionNearest for privilegedClient YUV streams width 6016 height 4512 for format 33
11-17 19:25:45.415 I/cameraserver( 1520): Bypass roundBufferDimensionNearest for privilegedClient YUV streams width 1440 height 1080 for format 35
11-17 19:25:45.416 D/Camera3-Utils( 1520): Set real time priority for thread (tid 14997)
11-17 19:25:45.416 E/CHIUSECASE( 1085): [ERROR  ] chxutils.cpp:1656 GetClientName() failed to find tag clientName
11-17 19:25:45.416 E/CHIUSECASE( 1085): [ERROR  ] chxutils.cpp:1661 GetClientName() failed get clientName
11-17 19:25:45.419 D/CAM_CameraCapabilities(30869): QuickShotDelayTime tag not defined
11-17 19:25:45.419 D/CAM_CameraCapabilities(30869): HQQuickShot: mFeatureMask: 0   mDelayTimeMask: 0
11-17 19:25:45.419 D/CAM_CameraCapabilities(30869): QuickShotDelayTimeFactor tag not defined
11-17 19:25:45.419 D/CAM_CameraCapabilities(30869): QuickShot: mDelayTimeFactor: 100
11-17 19:25:45.419 D/CAM_CameraCapabilities(30869): MiviSuperNight: mSuperNightMask: 0
11-17 19:25:45.419 D/CAM_CameraCapabilities(30869): QuickShotNextCaptureMask: mQuickShotNextCaptureMask: 0
11-17 19:25:45.419 D/CAM_CameraCapabilities(30869): getBeautyVersionData: 3 ,beautyVersion: 3 ,beautyAlgo: 1
11-17 19:25:45.419 D/CAM_CameraCapabilities(30869): SnapshotQuickViewStreamMask: 0
11-17 19:25:45.419 D/CAM_Camera2CompatAdapter(30869): X: initCameraCapabilitiesByCameraId(): 0
11-17 19:25:45.419 D/CAM_ComponentConfigVideoQuality(30869): checkValueValid: invalid value: 8
11-17 19:25:45.419 E/CAM_ComponentConfigVideoQuality(30869): reset invalid value 8
11-17 19:25:45.419 E/CHIUSECASE( 1085): [ERROR  ] chxutils.cpp:1656 GetClientName() failed to find tag clientName
11-17 19:25:45.419 E/CHIUSECASE( 1085): [ERROR  ] chxutils.cpp:1661 GetClientName() failed get clientName
11-17 19:25:45.419 D/CAM_ZoomRatioToggleView(30869): count = 3
11-17 19:25:45.419 D/CAM_ZoomRatioToggleView(30869): setSuppressed(): false
11-17 19:25:45.419 D/CAM_ZoomRatioToggleView(30869): setSuppressed() ignored: false
11-17 19:25:45.419 I/CAM_ZoomRatioToggleView(30869): [U_ACTION]: setZoomRatio(): a = ZOOMING_BY_LAYOUT_CHANGE,i = 1,z = 1.0,ti =1,tz =1.0
11-17 19:25:45.420 E/.android.camera(30869): No package ID ff found for resource ID 0xffffffff.
11-17 19:25:45.425 V/SYNX-UMD( 1085): Synx Init!
11-17 19:25:45.426 V/SYNX-UMD( 1085): Creating hPollThread = 517308627968
11-17 19:25:45.426 V/SYNX-UMD( 1085): Polling ...
11-17 19:25:45.426 V/SYNX-UMD( 1085): Completed Synx Init
11-17 19:25:45.428 D/BaseDepthController( 2937): mSurface is null and mCurrentBlur is: 0
11-17 19:25:45.430 E/CamX    ( 1085): [ERROR][SENSOR ] camxsensornode.cpp:3381 ProcessingNodeFinalizeInitialization() camera 0, has ois data umi_ois, has dependency 0 on 
11-17 19:25:45.432 W/ServiceManagerCppClient( 1529): Waited one second for stats (is service started? Number of threads started in the threadpool: 17. Are binder threads started and available?)
11-17 19:25:45.432 W/ServiceManagerCppClient( 1250): Waited one second for stats (is service started? Number of threads started in the threadpool: 6. Are binder threads started and available?)
11-17 19:25:45.433 D/CAM_FocusView(30869): FocusView: is global animation available: true
11-17 19:25:45.433 V/CAM_FocusView(30869): [WTP]drawableInitialize: E
11-17 19:25:45.435 E/.android.camera(30869): No package ID ff found for resource ID 0xffffffff.
11-17 19:25:45.435 E/.android.camera(30869): No package ID ff found for resource ID 0xffffffff.
11-17 19:25:45.435 E/.android.camera(30869): No package ID ff found for resource ID 0xffffffff.
11-17 19:25:45.436 E/.android.camera(30869): No package ID ff found for resource ID 0xffffffff.
11-17 19:25:45.436 E/.android.camera(30869): No package ID ff found for resource ID 0xffffffff.
11-17 19:25:45.436 E/.android.camera(30869): No package ID ff found for resource ID 0xffffffff.
11-17 19:25:45.437 E/.android.camera(30869): No package ID ff found for resource ID 0xffffffff.
11-17 19:25:45.437 E/.android.camera(30869): No package ID ff found for resource ID 0xffffffff.
11-17 19:25:45.437 E/.android.camera(30869): No package ID ff found for resource ID 0xffffffff.
11-17 19:25:45.437 E/CamX    ( 1085): [ERROR][SENSOR ] camxpdafdata.cpp:119 PDAFInit() videomode = 0 tuning mode 0
11-17 19:25:45.438 E/.android.camera(30869): No package ID ff found for resource ID 0xffffffff.
11-17 19:25:45.438 E/.android.camera(30869): No package ID ff found for resource ID 0xffffffff.
11-17 19:25:45.438 E/.android.camera(30869): No package ID ff found for resource ID 0xffffffff.
11-17 19:25:45.439 V/CAM_FocusView(30869): [WTP]drawableInitialize: X
11-17 19:25:45.439 D/CAM_FocusView(30869): reset: type = 7, is draw = false, mIsTouchFocus = false
11-17 19:25:45.439 D/CAM_TrackFocusView(30869): clear
11-17 19:25:45.439 D/CAM_TrackFocusView(30869): clear
11-17 19:25:45.439 D/CAM_TrackFocusView(30869): setSkipDraw false
11-17 19:25:45.439 D/CAM_AbstractFragment(30869): baseUpdateView FragmentMainContentMM, true
11-17 19:25:45.440 D/CAM_FragmentTopConfig(30869): showDelayNumber: topMargin = 290, topHeight = 246, fontHeight = 160, viewHeight = 212, offset = 52
11-17 19:25:45.440 D/CAM_FragmentBottomPopupTips(30869): onCreate: 
11-17 19:25:45.441 D/CAM_AbstractFragment(30869): baseUpdateView FragmentBottomPopupTips, true
11-17 19:25:45.442 D/CAM_AbstractFragment(30869): baseUpdateView FragmentReferenceLine, true
11-17 19:25:45.442 D/CAM_Camera@146827184(30869): onStart start
11-17 19:25:45.442 D/CAM_RenderEngineV1(30869): onResume start
11-17 19:25:45.442 D/CAM_RenderEngineV1(30869): onResume end
11-17 19:25:45.443 D/CAM_ActivityBase(30869): registerAvailabilityCallback
11-17 19:25:45.443 D/CAM_BoostFrameworkImpl(30869): stopBoost
11-17 19:25:45.443 D/CAM_BoostFrameworkImpl(30869): ready to stop boost
11-17 19:25:45.443 D/CAM_Camera@146827184(30869): onStart end {1.0 214mcc22mnc [es_ES] ldltr sw393dp w393dp h794dp 440dpi nrml long hdr widecg port night finger -keyb/v/h -nav/h winConfig={ mBounds=Rect(0, 0 - 1080, 2340) mAppBounds=Rect(0, 90 - 1080, 2274) mMaxBounds=Rect(0, 0 - 1080, 2340) mDisplayRotation=ROTATION_0 mWindowingMode=fullscreen mActivityType=standard mAlwaysOnTop=undefined mRotation=ROTATION_0} as.3 s.2 fontWeightAdjustment=0}
11-17 19:25:45.443 D/CAM_ActivityBase(30869): onStart -
11-17 19:25:45.443 D/CAM_ActivityBase(30869): onResume +146827184
11-17 19:25:45.443 D/CAM_BoostFrameworkImpl(30869): startBoost: duration = 500, scene = 6
11-17 19:25:45.443 D/CAM_BoostFrameworkImpl(30869): ready to boost
11-17 19:25:45.444 D/CAM_Camera@146827184(30869): onResume start
11-17 19:25:45.444 I/CAM_Camera@146827184(30869): [P_PERFORM]: checkPermissionAndCTA E
