11-20 13:53:26.737 10301 10301 D CompatConfig: Adding: com.android.server.compat.config.Change@825cbf3
11-20 13:53:26.737 10301 10318 I SystemConfig: Reading permissions from /system_ext/etc/permissions/privapp_whitelist_io.chaldeaprjkt.gamespace.xml
11-20 13:53:26.737 10301 10301 D CompatConfig: Adding: com.android.server.compat.config.Change@dd2eb29
11-20 13:53:26.737 10301 10301 D CompatConfig: Adding: com.android.server.compat.config.Change@12aceae
11-20 13:53:26.737 10301 10301 D CompatConfig: Adding: com.android.server.compat.config.Change@2c7344f
11-20 13:53:26.737 10301 10301 D CompatConfig: Adding: com.android.server.compat.config.Change@4db87dc
11-20 13:53:26.737 10301 10301 D CompatConfig: Adding: com.android.server.compat.config.Change@50610e5
11-20 13:53:26.737 10301 10301 D CompatConfig: Adding: com.android.server.compat.config.Change@46cc66b
11-20 13:53:26.737 10301 10318 I SystemConfig: Reading permissions from /system_ext/etc/permissions/privapp-permissions-google-se.xml
11-20 13:53:26.737 10301 10301 D CompatConfig: Adding: com.android.server.compat.config.Change@88745c8
11-20 13:53:26.737 10301 10301 D CompatConfig: Adding: com.android.server.compat.config.Change@98bd661
11-20 13:53:26.737 10301 10301 D CompatConfig: Adding: com.android.server.compat.config.Change@be20586
11-20 13:53:26.737 10301 10301 D CompatConfig: Adding: com.android.server.compat.config.Change@88f5e47
11-20 13:53:26.737 10301 10301 D CompatConfig: Adding: com.android.server.compat.config.Change@5aef674
11-20 13:53:26.737 10301 10301 D CompatConfig: Adding: com.android.server.compat.config.Change@c4e779d
11-20 13:53:26.737 10301 10301 D CompatConfig: Adding: com.android.server.compat.config.Change@648f412
11-20 13:53:26.737 10301 10301 D CompatConfig: Adding: com.android.server.compat.config.Change@f5997e3
11-20 13:53:26.737 10301 10301 D CompatConfig: Adding: com.android.server.compat.config.Change@1ff05e0
11-20 13:53:26.737 10301 10301 D CompatConfig: Adding: com.android.server.compat.config.Change@89ff099
11-20 13:53:26.737 10301 10301 D CompatConfig: Adding: com.android.server.compat.config.Change@6be3f5e
11-20 13:53:26.737 10301 10301 D CompatConfig: Adding: com.android.server.compat.config.Change@703cf3f
11-20 13:53:26.737 10301 10301 D CompatConfig: Adding: com.android.server.compat.config.Change@f7ea00c
11-20 13:53:26.737 10301 10301 D CompatConfig: Adding: com.android.server.compat.config.Change@2f5fd55
11-20 13:53:26.737 10301 10301 D CompatConfig: Adding: com.android.server.compat.config.Change@aaaf36a
11-20 13:53:26.737 10301 10301 D CompatConfig: Adding: com.android.server.compat.config.Change@ef0205b
11-20 13:53:26.737 10301 10301 D CompatConfig: Adding: com.android.server.compat.config.Change@77bb0f8
11-20 13:53:26.737 10301 10301 D CompatConfig: Adding: com.android.server.compat.config.Change@76619d1
11-20 13:53:26.737 10301 10301 D CompatConfig: Adding: com.android.server.compat.config.Change@afcdc36
11-20 13:53:26.738 10301 10301 D CompatConfig: Adding: com.android.server.compat.config.Change@866737
11-20 13:53:26.738 10301 10301 D CompatConfig: Adding: com.android.server.compat.config.Change@836e4a4
11-20 13:53:26.738 10301 10301 D CompatConfig: Adding: com.android.server.compat.config.Change@3e1820d
11-20 13:53:26.738 10301 10301 D CompatConfig: Adding: com.android.server.compat.config.Change@fb285c2
11-20 13:53:26.738 10301 10301 D CompatConfig: Adding: com.android.server.compat.config.Change@9d03fd3
11-20 13:53:26.738 10301 10301 D CompatConfig: Adding: com.android.server.compat.config.Change@14fa710
11-20 13:53:26.738 10301 10301 D CompatConfig: Adding: com.android.server.compat.config.Change@a313209
11-20 13:53:26.738 10301 10301 D CompatConfig: Adding: com.android.server.compat.config.Change@273c0e
11-20 13:53:26.738 10301 10301 D CompatConfig: Adding: com.android.server.compat.config.Change@5d5062f
11-20 13:53:26.738 10301 10301 D CompatConfig: Adding: com.android.server.compat.config.Change@af0243c
11-20 13:53:26.738 10301 10301 D CompatConfig: Adding: com.android.server.compat.config.Change@5b1e5c5
11-20 13:53:26.738 10301 10301 D CompatConfig: Adding: com.android.server.compat.config.Change@c1f0b1a
11-20 13:53:26.738 10301 10301 D CompatConfig: Adding: com.android.server.compat.config.Change@eb5d64b
11-20 13:53:26.738 10301 10301 D CompatConfig: Adding: com.android.server.compat.config.Change@3b94828
11-20 13:53:26.738 10301 10301 D CompatConfig: Adding: com.android.server.compat.config.Change@d01941
11-20 13:53:26.738 10301 10301 D CompatConfig: Adding: com.android.server.compat.config.Change@992bee6
11-20 13:53:26.738 10301 10301 D CompatConfig: Adding: com.android.server.compat.config.Change@5898c27
11-20 13:53:26.738 10301 10301 D CompatConfig: Adding: com.android.server.compat.config.Change@16ebed4
11-20 13:53:26.738 10301 10301 D CompatConfig: Adding: com.android.server.compat.config.Change@644087d
11-20 13:53:26.738 10301 10301 D CompatConfig: Adding: com.android.server.compat.config.Change@33be372
11-20 13:53:26.738 10301 10301 D CompatConfig: Adding: com.android.server.compat.config.Change@bf8c3c3
11-20 13:53:26.738 10301 10301 D CompatConfig: Adding: com.android.server.compat.config.Change@a0daf79
11-20 13:53:26.738 10301 10318 I SystemConfig: Reading permissions from /system_ext/etc/permissions/privapp_allowlist_com.libremobileos.freeform.xml
11-20 13:53:26.738 10301 10301 D CompatConfig: Adding: com.android.server.compat.config.Change@3e0c4be
11-20 13:53:26.738 10301 10301 D CompatConfig: Adding: com.android.server.compat.config.Change@b99d91f
11-20 13:53:26.738 10301 10301 D CompatConfig: Adding: com.android.server.compat.config.Change@da3146c
11-20 13:53:26.738 10301 10301 D CompatConfig: Adding: com.android.server.compat.config.Change@630ca35
11-20 13:53:26.738 10301 10301 D CompatConfig: Adding: com.android.server.compat.config.Change@a606eca
11-20 13:53:26.738 10301 10318 I SystemConfig: Reading permissions from /system_ext/etc/permissions/vendor.qti.ims.rcsservice.xml
11-20 13:53:26.738 10301 10301 D CompatConfig: Adding: com.android.server.compat.config.Change@7e30b58
11-20 13:53:26.738 10301 10301 D CompatConfig: Adding: com.android.server.compat.config.Change@730d4b1
11-20 13:53:26.738 10301 10301 D CompatConfig: Adding: com.android.server.compat.config.Change@27ead96
11-20 13:53:26.738 10301 10318 I SystemConfig: Ignore shared library vendor.qti.ims.factory-V2.0-java: /system_ext/framework/vendor.qti.ims.factory-V2.0-java.jar does not exist
11-20 13:53:26.738 10301 10301 D CompatConfig: Adding: com.android.server.compat.config.Change@d7cd17
11-20 13:53:26.738 10301 10301 D CompatConfig: Adding: com.android.server.compat.config.Change@3298504
11-20 13:53:26.738 10301 10318 I SystemConfig: Ignore shared library vendor.qti.ims.connection-V1.0-java: /system_ext/framework/vendor.qti.ims.connection-V1.0-java.jar does not exist
11-20 13:53:26.738 10301 10301 D CompatConfig: Adding: com.android.server.compat.config.Change@44d0aed
11-20 13:53:26.738 10301 10301 D CompatConfig: Adding: com.android.server.compat.config.Change@e700d22
11-20 13:53:26.738 10301 10318 I SystemConfig: Ignore shared library vendor.qti.ims.rcsuce-V1.0-java: /system_ext/framework/vendor.qti.ims.rcsuce-V1.0-java.jar does not exist
11-20 13:53:26.738 10301 10301 D CompatConfig: Adding: com.android.server.compat.config.Change@40223b3
11-20 13:53:26.738 10301 10301 D CompatConfig: Adding: com.android.server.compat.config.Change@b3bed70
11-20 13:53:26.738 10301 10318 I SystemConfig: Ignore shared library vendor.qti.ims.rcssip-V1.0-java: /system_ext/framework/vendor.qti.ims.rcssip-V1.0-java.jar does not exist
11-20 13:53:26.738 10301 10301 D CompatConfig: Adding: com.android.server.compat.config.Change@f7c68e9
11-20 13:53:26.738 10301 10301 D CompatConfig: Adding: com.android.server.compat.config.Change@d25d96e
11-20 13:53:26.738 10301 10318 I SystemConfig: Ignore shared library vendor.qti.ims.factory-V2.1-java: /system_ext/framework/vendor.qti.ims.factory-V2.1-java.jar does not exist
11-20 13:53:26.738 10301 10301 D CompatConfig: Adding: com.android.server.compat.config.Change@a71480f
11-20 13:53:26.738 10301 10301 D CompatConfig: Adding: com.android.server.compat.config.Change@ca709c
11-20 13:53:26.738 10301 10301 D CompatConfig: Adding: com.android.server.compat.config.Change@929aaa5
11-20 13:53:26.739 10301 10301 D CompatConfig: Adding: com.android.server.compat.config.Change@95a1e7a
11-20 13:53:26.739 10301 10301 D CompatConfig: Adding: com.android.server.compat.config.Change@d04562b
11-20 13:53:26.739 10301 10318 I SystemConfig: Ignore shared library vendor.qti.ims.rcsuce-V1.1-java: /system_ext/framework/vendor.qti.ims.rcsuce-V1.1-java.jar does not exist
11-20 13:53:26.739 10301 10301 D CompatConfig: Adding: com.android.server.compat.config.Change@d5bfa88
11-20 13:53:26.739 10301 10318 I SystemConfig: Ignore shared library vendor.qti.ims.rcssip-V1.1-java: /system_ext/framework/vendor.qti.ims.rcssip-V1.1-java.jar does not exist
11-20 13:53:26.739 10301 10301 D CompatConfig: Adding: com.android.server.compat.config.Change@3af4c21
11-20 13:53:26.739 10301 10301 D CompatConfig: Adding: com.android.server.compat.config.Change@d5ba846
11-20 13:53:26.739 10301 10318 I SystemConfig: Ignore shared library vendor.qti.ims.factory-V2.2-java: /system_ext/framework/vendor.qti.ims.factory-V2.2-java.jar does not exist
11-20 13:53:26.739 10301 10301 D CompatConfig: Adding: com.android.server.compat.config.Change@9702a07
11-20 13:53:26.739 10301 10318 I SystemConfig: Ignore shared library vendor.qti.ims.rcsuce-V1.2-java: /system_ext/framework/vendor.qti.ims.rcsuce-V1.2-java.jar does not exist
11-20 13:53:26.739 10301 10301 D CompatConfig: Adding: com.android.server.compat.config.Change@9fa3734
11-20 13:53:26.739 10301 10318 I SystemConfig: Ignore shared library vendor.qti.ims.rcssip-V1.2-java: /system_ext/framework/vendor.qti.ims.rcssip-V1.2-java.jar does not exist
11-20 13:53:26.739 10301 10301 D CompatConfig: Adding: com.android.server.compat.config.Change@293895d
11-20 13:53:26.739 10301 10318 I SystemConfig: Reading permissions from /system_ext/etc/permissions/qti_permissions.xml
11-20 13:53:26.739 10301 10301 D CompatConfig: Adding: com.android.server.compat.config.Change@9db5fa3
11-20 13:53:26.739 10301 10301 D CompatConfig: Adding: com.android.server.compat.config.Change@49d92a0
11-20 13:53:26.739 10301 10301 D CompatConfig: Adding: com.android.server.compat.config.Change@1845e59
11-20 13:53:26.739 10301 10301 D CompatConfig: Adding: com.android.server.compat.config.Change@bf17a1e
11-20 13:53:26.739 10301 10301 D CompatConfig: Adding: com.android.server.compat.config.Change@a3a52ff
11-20 13:53:26.739 10301 10318 I SystemConfig: Reading permissions from /system_ext/etc/permissions/wfd-system-ext-privapp-permissions-qti.xml
11-20 13:53:26.739 10301 10301 D CompatConfig: Adding: com.android.server.compat.config.Change@f138715
11-20 13:53:26.739 10301 10301 D CompatConfig: Adding: com.android.server.compat.config.Change@db71a2a
11-20 13:53:26.739 10301 10301 D CompatConfig: Adding: com.android.server.compat.config.Change@76b201b
11-20 13:53:26.739 10301 10301 D CompatConfig: Adding: com.android.server.compat.config.Change@c4715b8
11-20 13:53:26.739 10301 10301 D CompatConfig: Adding: com.android.server.compat.config.Change@7327f91
11-20 13:53:26.739 10301 10318 I SystemConfig: Reading permissions from /system_ext/etc/permissions/qti_telephony_utils.xml
11-20 13:53:26.739 10301 10301 D CompatConfig: Adding: com.android.server.compat.config.Change@411a2f7
11-20 13:53:26.739 10301 10301 D CompatConfig: Adding: com.android.server.compat.config.Change@d33d564
11-20 13:53:26.739 10301 10301 D CompatConfig: Adding: com.android.server.compat.config.Change@96e83cd
11-20 13:53:26.739 10301 10301 D CompatConfig: Adding: com.android.server.compat.config.Change@dc4c482
11-20 13:53:26.739 10301 10301 D CompatConfig: Adding: com.android.server.compat.config.Change@60ae3d0
11-20 13:53:26.739 10301 10318 I SystemConfig: Reading permissions from /system_ext/etc/permissions/com.xiaomi.NetworkBoost.xml
11-20 13:53:26.739 10301 10301 D CompatConfig: Adding: com.android.server.compat.config.Change@6ec8fc9
11-20 13:53:26.739 10301 10301 D CompatConfig: Adding: com.android.server.compat.config.Change@4fea6ce
11-20 13:53:26.739 10301 10318 I SystemConfig: Ignore shared library com.xiaomi.NetworkBoost: /system_ext/framework/com.xiaomi.NetworkBoost.jar does not exist
11-20 13:53:26.739 10301 10301 D CompatConfig: Adding: com.android.server.compat.config.Change@893f9ef
11-20 13:53:26.739 10301 10301 D CompatConfig: Adding: com.android.server.compat.config.Change@b026cfc
11-20 13:53:26.739 10301 10301 D CompatConfig: Adding: com.android.server.compat.config.Change@ce261da
11-20 13:53:26.739 10301 10318 I SystemConfig: Reading permissions from /system_ext/etc/permissions/com.qti.media.secureprocessor.xml
11-20 13:53:26.739 10301 10301 D CompatConfig: Adding: com.android.server.compat.config.Change@ed0460b
11-20 13:53:26.739 10301 10301 D CompatConfig: Adding: com.android.server.compat.config.Change@b875ce8
11-20 13:53:26.739 10301 10318 I SystemConfig: Ignore shared library com.qti.media.secureprocessor: /system/system_ext/framework/com.qti.media.secureprocessor.jar does not exist
11-20 13:53:26.739 10301 10301 D CompatConfig: Adding: com.android.server.compat.config.Change@a616f01
11-20 13:53:26.739 10301 10301 D CompatConfig: Adding: com.android.server.compat.config.Change@714c1a6
11-20 13:53:26.740 10301 10301 D CompatConfig: Adding: com.android.server.compat.config.Change@ee95f94
11-20 13:53:26.740 10301 10318 I SystemConfig: Reading permissions from /system_ext/etc/permissions/com.android.launcher3.xml
11-20 13:53:26.740 10301 10301 D CompatConfig: Adding: com.android.server.compat.config.Change@4f4fa3d
11-20 13:53:26.740 10301 10301 D CompatConfig: Adding: com.android.server.compat.config.Change@8bb5232
11-20 13:53:26.740 10301 10301 D CompatConfig: Adding: com.android.server.compat.config.Change@f796b83
11-20 13:53:26.740 10301 10301 D CompatConfig: Adding: com.android.server.compat.config.Change@fc6e100
11-20 13:53:26.740 10301 10301 D CompatConfig: Adding: com.android.server.compat.config.Change@63bfd39
11-20 13:53:26.740 10301 10301 D CompatConfig: Adding: com.android.server.compat.config.Change@8dd3cdf
11-20 13:53:26.740 10301 10318 I SystemConfig: Reading permissions from /system_ext/etc/permissions/telephony_system-ext_privapp-permissions-qti.xml
11-20 13:53:26.740 10301 10301 D CompatConfig: Adding: com.android.server.compat.config.Change@2390d2c
11-20 13:53:26.740 10301 10301 D CompatConfig: Adding: com.android.server.compat.config.Change@5633f5
11-20 13:53:26.740 10301 10301 D CompatConfig: Adding: com.android.server.compat.config.Change@d06f58a
11-20 13:53:26.740 10301 10301 D CompatConfig: Adding: com.android.server.compat.config.Change@d82c7fb
11-20 13:53:26.740 10301 10301 D CompatConfig: Adding: com.android.server.compat.config.Change@bfd018
11-20 13:53:26.740 10301 10301 D CompatConfig: Adding: com.android.server.compat.config.Change@da31a71
11-20 13:53:26.740 10301 10301 D CompatConfig: Adding: com.android.server.compat.config.Change@4e6e056
11-20 13:53:26.740 10301 10301 D CompatConfig: Adding: com.android.server.compat.config.Change@72be8d7
11-20 13:53:26.740 10301 10301 D CompatConfig: Adding: com.android.server.compat.config.Change@bedd5c4
11-20 13:53:26.740 10301 10301 D CompatConfig: Adding: com.android.server.compat.config.Change@908abe2
11-20 13:53:26.740 10301 10318 I SystemConfig: Reading permissions from /system_ext/etc/permissions/audiosphere.xml
11-20 13:53:26.740 10301 10301 D CompatConfig: Adding: com.android.server.compat.config.Change@fdc3b73
11-20 13:53:26.740 10301 10318 I SystemConfig: Ignore shared library com.qualcomm.qti.audiosphere: /system_ext/framework/audiosphere.jar does not exist
11-20 13:53:26.740 10301 10301 D CompatConfig: Adding: com.android.server.compat.config.Change@8d48a30
11-20 13:53:26.740 10301 10301 D CompatConfig: Adding: com.android.server.compat.config.Change@5b9a6a9
11-20 13:53:26.740 10301 10301 D CompatConfig: Adding: com.android.server.compat.config.Change@4351bcf
11-20 13:53:26.740 10301 10318 I SystemConfig: Reading permissions from /system_ext/etc/permissions/privapp-permissions-com.quicinc.voice.activation.xml
11-20 13:53:26.740 10301 10301 D CompatConfig: Adding: com.android.server.compat.config.Change@a30195c
11-20 13:53:26.740 10301 10301 D CompatConfig: Adding: com.android.server.compat.config.Change@75d0465
11-20 13:53:26.740 10301 10301 D CompatConfig: Adding: com.android.server.compat.config.Change@50fd53a
11-20 13:53:26.740 10301 10301 D CompatConfig: Adding: com.android.server.compat.config.Change@f91a5eb
11-20 13:53:26.740 10301 10301 D CompatConfig: Adding: com.android.server.compat.config.Change@536f48
11-20 13:53:26.740 10301 10301 D CompatConfig: Adding: com.android.server.compat.config.Change@91e81e1
11-20 13:53:26.740 10301 10318 I SystemConfig: Reading permissions from /system_ext/etc/permissions/android.software.verified_boot.xml
11-20 13:53:26.740 10301 10301 D CompatConfig: Adding: com.android.server.compat.config.Change@de2b5c7
11-20 13:53:26.740 10301 10301 D CompatConfig: Adding: com.android.server.compat.config.Change@bd437f4
11-20 13:53:26.740 10301 10301 D CompatConfig: Adding: com.android.server.compat.config.Change@7f7d192
11-20 13:53:26.740 10301 10318 I SystemConfig: Reading permissions from /system_ext/etc/permissions/privapp-permissions-com.google.android.mosey.xml
11-20 13:53:26.740 10301 10301 D CompatConfig: Adding: com.android.server.compat.config.Change@f4ae763
11-20 13:53:26.740 10301 10301 D CompatConfig: Adding: com.android.server.compat.config.Change@ef6df60
11-20 13:53:26.740 10301 10301 D CompatConfig: Adding: com.android.server.compat.config.Change@b6c8c19
11-20 13:53:26.740 10301 10301 D CompatConfig: Adding: com.android.server.compat.config.Change@43d74de
11-20 13:53:26.740 10301 10301 D CompatConfig: Adding: com.android.server.compat.config.Change@97a96bf
11-20 13:53:26.740 10301 10301 D CompatConfig: Adding: com.android.server.compat.config.Change@9da918c
11-20 13:53:26.740 10301 10318 I SystemConfig: Reading permissions from /system_ext/etc/permissions/com.qualcomm.qti.imscmservice-V2.0-java.xml
11-20 13:53:26.740 10301 10301 D CompatConfig: Adding: com.android.server.compat.config.Change@ca800ea
11-20 13:53:26.740 10301 10301 D CompatConfig: Adding: com.android.server.compat.config.Change@2cbdfdb
11-20 13:53:26.741 10301 10301 D CompatConfig: Adding: com.android.server.compat.config.Change@d653a78
11-20 13:53:26.741 10301 10318 I SystemConfig: Ignore shared library com.qualcomm.qti.imscmservice-V2.0-java: /system/system_ext/framework/com.qualcomm.qti.imscmservice-V2.0-java.jar does not exist
11-20 13:53:26.741 10301 10301 D CompatConfig: Adding: com.android.server.compat.config.Change@cbaa551
11-20 13:53:26.741 10301 10301 D CompatConfig: Adding: com.android.server.compat.config.Change@77d41b6
11-20 13:53:26.741 10301 10301 D CompatConfig: Adding: com.android.server.compat.config.Change@ef8624
11-20 13:53:26.741 10301 10318 I SystemConfig: Reading permissions from /system_ext/etc/permissions/com.qti.location.sdk.xml
11-20 13:53:26.741 10301 10301 D CompatConfig: Adding: com.android.server.compat.config.Change@4b3458d
11-20 13:53:26.741 10301 10301 D CompatConfig: Adding: com.android.server.compat.config.Change@793c342
11-20 13:53:26.741 10301 10318 I SystemConfig: Ignore shared library com.qti.location.sdk: /system_ext/framework/com.qti.location.sdk.jar does not exist
11-20 13:53:26.741 10301 10301 D CompatConfig: Adding: com.android.server.compat.config.Change@6746f53
11-20 13:53:26.741 10301 10301 D CompatConfig: Adding: com.android.server.compat.config.Change@6b0e090
11-20 13:53:26.741 10301 10318 I SystemConfig: Ignore shared library com.qti.location.sdk: /system/system_ext/framework/com.qti.location.sdk.jar does not exist
11-20 13:53:26.741 10301 10301 D CompatConfig: Adding: com.android.server.compat.config.Change@d1bad89
11-20 13:53:26.741 10301 10301 D CompatConfig: Adding: com.android.server.compat.config.Change@49ed18e
11-20 13:53:26.741 10301 10301 D CompatConfig: Adding: com.android.server.compat.config.Change@d4cadaf
11-20 13:53:26.741 10301 10301 D CompatConfig: Adding: com.android.server.compat.config.Change@f889945
11-20 13:53:26.741 10301 10301 D CompatConfig: Adding: com.android.server.compat.config.Change@c3a789a
11-20 13:53:26.741 10301 10318 I SystemConfig: Reading permissions from /system_ext/etc/permissions/privapp_whitelist_org.lineageos.lineageparts.xml
11-20 13:53:26.741 10301 10301 D CompatConfig: Adding: com.android.server.compat.config.Change@6c075cb
11-20 13:53:26.741 10301 10301 D CompatConfig: Adding: com.android.server.compat.config.Change@9d831a8
11-20 13:53:26.741 10301 10301 D CompatConfig: Adding: com.android.server.compat.config.Change@1e84c1
11-20 13:53:26.741 10301 10301 D CompatConfig: Adding: com.android.server.compat.config.Change@7b78466
11-20 13:53:26.741 10301 10301 D CompatConfig: Adding: com.android.server.compat.config.Change@5ea3a7
11-20 13:53:26.741 10301 10301 D CompatConfig: Adding: com.android.server.compat.config.Change@6cdabfd
11-20 13:53:26.741 10301 10318 I SystemConfig: Reading permissions from /system_ext/etc/permissions/privapp_whitelist_com.android.launcher3-ext.xml
11-20 13:53:26.741 10301 10301 D CompatConfig: Adding: com.android.server.compat.config.Change@2a780f2
11-20 13:53:26.741 10301 10301 D CompatConfig: Adding: com.android.server.compat.config.Change@7c7d343
11-20 13:53:26.741 10301 10301 D CompatConfig: Found a config file: /system/etc/compatconfig/icu4j-platform-compat-config.xml
11-20 13:53:26.741 10301 10318 I SystemConfig: Reading permissions from /system_ext/etc/permissions/vendor.qti.imsdcservice.xml
11-20 13:53:26.741 10301 10318 I SystemConfig: Ignore shared library vendor.qti.ims.datachannelservice-V1-java: /system_ext/framework/vendor.qti.ims.datachannelservice-V1-java.jar does not exist
11-20 13:53:26.741 10301 10301 D CompatConfig: Adding: com.android.server.compat.config.Change@e28ba3e
11-20 13:53:26.741 10301 10301 D CompatConfig: Found a config file: /system/etc/compatconfig/SystemUI-core-compat-config.xml
11-20 13:53:26.741 10301 10318 I SystemConfig: Reading permissions from /system_ext/etc/permissions/com.android.bluetooth.bthelper.xml
11-20 13:53:26.741 10301 10301 D CompatConfig: Found a config file: /system/etc/compatconfig/TeleService-platform-compat-config.xml
11-20 13:53:26.741 10301 10318 I SystemConfig: Reading permissions from /system_ext/etc/permissions/com.qti.dpmframework.xml
11-20 13:53:26.741 10301 10301 D CompatConfig: Adding: com.android.server.compat.config.Change@cbe67bb
11-20 13:53:26.742 10301 10301 D CompatConfig: Adding: com.android.server.compat.config.Change@2b12031
11-20 13:53:26.742 10301 10301 D CompatConfig: Adding: com.android.server.compat.config.Change@41fd316
11-20 13:53:26.742 10301 10301 D CompatConfig: Adding: com.android.server.compat.config.Change@ce1c497
11-20 13:53:26.742 10301 10318 I SystemConfig: Reading permissions from /system_ext/etc/permissions/com.android.carrierconfig.xml
11-20 13:53:26.742 10301 10301 D CompatConfig: Adding: com.android.server.compat.config.Change@9d0e684
11-20 13:53:26.742 10301 10301 D CompatConfig: Adding: com.android.server.compat.config.Change@2468e6d
11-20 13:53:26.742 10301 10301 D CompatConfig: Found a config file: /system/etc/compatconfig/framework-location-compat-config.xml
11-20 13:53:26.742 10301 10318 I SystemConfig: Reading permissions from /system_ext/etc/permissions/androidx.window.extensions.xml
11-20 13:53:26.742 10301 10301 D CompatConfig: Adding: com.android.server.compat.config.Change@eb7e6f0
11-20 13:53:26.742 10301 10301 D CompatConfig: Adding: com.android.server.compat.config.Change@a4aa469
11-20 13:53:26.742 10301 10301 D CompatConfig: Adding: com.android.server.compat.config.Change@fd2af8f
11-20 13:53:26.742 10301 10318 I SystemConfig: Reading permissions from /system_ext/etc/permissions/privapp-permissions-com.qualcomm.location.xml
11-20 13:53:26.742 10301 10301 D CompatConfig: Adding: com.android.server.compat.config.Change@5cc821c
11-20 13:53:26.742 10301 10301 D CompatConfig: Adding: com.android.server.compat.config.Change@5601e25
11-20 13:53:26.742 10301 10301 D CompatConfig: Adding: com.android.server.compat.config.Change@8ba4bfa
11-20 13:53:26.742 10301 10301 D CompatConfig: Adding: com.android.server.compat.config.Change@7d4b5ab
11-20 13:53:26.742 10301 10301 D CompatConfig: Adding: com.android.server.compat.config.Change@22da408
11-20 13:53:26.742 10301 10301 D CompatConfig: Found a config file: /system/etc/compatconfig/calendar-provider-compat-config.xml
11-20 13:53:26.742 10301 10318 I SystemConfig: Reading permissions from /system_ext/etc/permissions/privapp-permissions-satellite.xml
11-20 13:53:26.742 10301 10301 D CompatConfig: Adding: com.android.server.compat.config.Change@da70187
11-20 13:53:26.742 10301 10301 D CompatConfig: Found a config file: /system/etc/compatconfig/framework-ondeviceintelligence-platform-compat-config.xml
11-20 13:53:26.742 10301 10318 I SystemConfig: Reading permissions from /system_ext/etc/permissions/datachannellib.xml
11-20 13:53:26.742 10301 10318 I SystemConfig: Ignore shared library datachannellib: /system_ext/framework/datachannellib.jar does not exist
11-20 13:53:26.742 10301 10301 D CompatConfig: Found a config file: /system/system_ext/etc/compatconfig/settings-platform-compat-config.xml
11-20 13:53:26.742 10301 10318 I SystemConfig: Reading permissions from /system_ext/etc/permissions/com.qualcomm.qti.imscmservice-V2.1-java.xml
11-20 13:53:26.742 10301 10318 I SystemConfig: Ignore shared library com.qualcomm.qti.imscmservice-V2.1-java: /system/system_ext/framework/com.qualcomm.qti.imscmservice-V2.1-java.jar does not exist
11-20 13:53:26.742 10301 10301 D CompatConfig: Adding: com.android.server.compat.config.Change@9caec20
11-20 13:53:26.742 10301 10318 I SystemConfig: Reading permissions from /system_ext/etc/permissions/qcrilhook.xml
11-20 13:53:26.742 10301 10318 I SystemConfig: Reading permissions from /system_ext/etc/permissions/platform-miui.xml
11-20 13:53:26.743 10301 10318 I SystemConfig: Ignore shared library cloud-common.jar: /system/framework/cloud-common-runtime.jar does not exist
11-20 13:53:26.743 10301 10301 D ApexManagerTiming: getActiveApexInfos_noCache
11-20 13:53:26.743 10301 10318 I SystemConfig: Ignore shared library micloud-lib-shared.jar: /system/framework/MiCloudLibShared.jar does not exist
11-20 13:53:26.743 10301 10318 I SystemConfig: Ignore shared library yellowpage-common.jar: /system/framework/yellowpage-common.jar does not exist
11-20 13:53:26.743 10301 10318 I SystemConfig: Ignore shared library miui-update.jar: /system/framework/miui-update.jar does not exist
11-20 13:53:26.743 10301 10318 I SystemConfig: Ignore shared library activation.jar: /system/framework/activation.jar does not exist
11-20 13:53:26.743 10301 10318 I SystemConfig: Ignore shared library gson.jar: /system_ext/framework/gson.jar does not exist
11-20 13:53:26.743 10301 10318 I SystemConfig: Ignore shared library microlog4android.jar: /system/framework/microlog4android.jar does not exist
11-20 13:53:26.743 10301 10318 I SystemConfig: Ignore shared library protobuf.jar: /system/framework/protobuf.jar does not exist
11-20 13:53:26.743 10301 10318 I SystemConfig: Ignore shared library zxing.jar: /system/framework/zxing.jar does not exist
11-20 13:53:26.743 10301 10318 I SystemConfig: Ignore shared library android-support-v4.jar: /system_ext/framework/android-support-v13.jar does not exist
11-20 13:53:26.743 10301 10318 I SystemConfig: Ignore shared library android-support-v7-recyclerview.jar: /system/framework/android-support-v7-recyclerview.jar does not exist
11-20 13:53:26.743 10301 10318 I SystemConfig: Ignore shared library android-support-v13.jar: /system_ext/framework/android-support-v13.jar does not exist
11-20 13:53:26.743 10301 10318 I SystemConfig: Ignore shared library volley.jar: /system/framework/volley.jar does not exist
11-20 13:53:26.743 10301 10318 I SystemConfig: Ignore shared library picasso.jar: /system/framework/picasso.jar does not exist
11-20 13:53:26.743 10301 10318 I SystemConfig: Ignore shared library miui-push.jar: /system/framework/miuipushsdkshared.jar does not exist
11-20 13:53:26.743 10301 10318 I SystemConfig: Ignore shared library miui-stat.jar: /system/framework/miuistatssdkshared.jar does not exist
11-20 13:53:26.743 10301 10318 I SystemConfig: Ignore shared library miui-stat-v3.jar: /system/framework/miuistatssdksharedv3.jar does not exist
11-20 13:53:26.743 10301 10318 I SystemConfig: Ignore shared library eventbus.jar: /system/framework/eventbus.jar does not exist
11-20 13:53:26.743 10301 10318 I SystemConfig: Ignore shared library security-device-credential-sdk.jar: /system_ext/framework/security-device-credential-sdk.jar does not exist
11-20 13:53:26.743 10301 10318 I SystemConfig: Ignore shared library global-miui11-empty.jar: /system/framework/global-miui11-empty.jar does not exist
11-20 13:53:26.743 10301 10318 I SystemConfig: Ignore shared library global-miui12-empty.jar: /system/framework/global-miui12-empty.jar does not exist
11-20 13:53:26.743 10301 10318 I SystemConfig: Ignore shared library camerax-vendor-extensions.jar: /system_ext/framework/camerax-vendor-extensions.jar does not exist
11-20 13:53:26.743 10301 10318 I SystemConfig: Ignore shared library global-cleaner-empty.jar: /system_ext/framework/global-cleaner-empty.jar does not exist
11-20 13:53:26.743 10301 10318 I SystemConfig: Reading permissions from /system_ext/etc/permissions/com.qualcomm.location.xml
11-20 13:53:26.743 10301 10318 I SystemConfig: Reading permissions from /system_ext/etc/permissions/android.hardware.biometrics.face.xml
11-20 13:53:26.744 10301 10318 I SystemConfig: Reading permissions from /system_ext/etc/permissions/dpmapi.xml
11-20 13:53:26.744 10301 10318 I SystemConfig: Reading permissions from /system_ext/etc/permissions/com.android.omadm.radioconfig.xml
11-20 13:53:26.744 10301 10318 I SystemConfig: Reading permissions from /system_ext/etc/permissions/privapp_whitelist_co.aospa.sense.xml
11-20 13:53:26.744 10301 10318 I SystemConfig: Reading permissions from /system_ext/etc/permissions/com.android.settingslib.search.xml
11-20 13:53:26.744 10301 10318 I SystemConfig: Ignore shared library MiuiSettingsSearchLib.jar: /system_ext/framework/MiuiSettingsSearchLib.jar does not exist
11-20 13:53:26.744 10301 10318 I SystemConfig: Reading permissions from /system_ext/etc/permissions/privapp_whitelist_org.lineageos.lineagesettings.xml
11-20 13:53:26.744 10301 10318 I SystemConfig: Reading permissions from /system_ext/etc/permissions/com.android.settings.xml
11-20 13:53:26.744 10301 10318 I SystemConfig: Reading permissions from /system_ext/etc/permissions/embms-noship_product_privapp_permissions_qti.xml
11-20 13:53:26.745 10301 10318 I SystemConfig: Reading permissions from /system_ext/etc/permissions/com.google.android.apps.pixel.dcservice.xml
11-20 13:53:26.745 10301 10318 I SystemConfig: Reading permissions from /system_ext/etc/permissions/qti_libpermissions.xml
11-20 13:53:26.745 10301 10318 I SystemConfig: Reading permissions from /system_ext/etc/permissions/com.qualcomm.qmapbridge.xml
11-20 13:53:26.745 10301 10318 I SystemConfig: Ignore shared library com.qualcomm.qmapbridge: /system_ext/framework/qmapbridge.jar does not exist
11-20 13:53:26.745 10301 10318 I SystemConfig: Ignore shared library com.qualcomm.qmapbridge: /system/system_ext/framework/qmapbridge.jar does not exist
11-20 13:53:26.745 10301 10318 I SystemConfig: Reading permissions from /system_ext/etc/permissions/com.android.systemui.xml
11-20 13:53:26.745 10301 10318 I SystemConfig: Reading permissions from /system_ext/etc/permissions/permissions_com.stevesoltys.seedvault.xml
11-20 13:53:26.745 10301 10318 I SystemConfig: Reading permissions from /system_ext/etc/permissions/embms.xml
11-20 13:53:26.745 10301 10318 I SystemConfig: Ignore shared library com.qualcomm.embmslibrary: /system_ext/framework/embmslibrary.jar does not exist
11-20 13:53:26.745 10301 10318 I SystemConfig: Reading permissions from /system_ext/etc/permissions/com.qualcomm.qti.VENDORSSGTZD.xml
11-20 13:53:26.746 10301 10318 I SystemConfig: Reading permissions from /system_ext/etc/permissions/com.android.extensions.appfunctions.xml
11-20 13:53:26.746 10301 10318 I SystemConfig: Reading permissions from /system_ext/etc/permissions/privapp_allowlist_com.libremobileos.sidebar.xml
11-20 13:53:26.746 10301 10318 I SystemConfig: Reading permissions from /system_ext/etc/permissions/privapp_whitelist_org.lineageos.profiles.xml
11-20 13:53:26.746 10301 10318 I SystemConfig: Reading permissions from /system_ext/etc/permissions/qti_telephony_hidl_wrapper.xml
11-20 13:53:26.746 10301 10301 D CompatConfig: Found a config file: /apex/com.android.mediaprovider/etc/compatconfig/framework-pdf-v-platform-compat-config.xml
11-20 13:53:26.746 10301 10301 D CompatConfig: Adding: com.android.server.compat.config.Change@7d0d47
11-20 13:53:26.746 10301 10301 D CompatConfig: Found a config file: /apex/com.android.mediaprovider/etc/compatconfig/media-provider-platform-compat-config.xml
11-20 13:53:26.746 10301 10301 D CompatConfig: Adding: com.android.server.compat.config.Change@d9af12
11-20 13:53:26.746 10301 10318 I SystemConfig: Reading permissions from /apex/com.android.extservices/etc/permissions/android.ext_sminus.services.xml
11-20 13:53:26.746 10301 10301 D CompatConfig: Adding: com.android.server.compat.config.Change@9f336e3
11-20 13:53:26.746 10301 10301 D CompatConfig: Adding: com.android.server.compat.config.Change@dd9b8e0
11-20 13:53:26.746 10301 10301 D CompatConfig: Adding: com.android.server.compat.config.Change@9482799
11-20 13:53:26.746 10301 10301 D CompatConfig: Adding: com.android.server.compat.config.Change@91faa5e
11-20 13:53:26.746 10301 10301 D CompatConfig: Adding: com.android.server.compat.config.Change@b185e3f
11-20 13:53:26.746 10301 10301 D CompatConfig: Adding: com.android.server.compat.config.Change@9d1830c
11-20 13:53:26.746 10301 10301 D CompatConfig: Adding: com.android.server.compat.config.Change@b6aa455
11-20 13:53:26.746 10301 10301 D CompatConfig: Adding: com.android.server.compat.config.Change@9380e6a
11-20 13:53:26.746 10301 10301 D CompatConfig: Adding: com.android.server.compat.config.Change@13e9f5b
11-20 13:53:26.746 10301 10301 D CompatConfig: Adding: com.android.server.compat.config.Change@799c3f8
11-20 13:53:26.747 10301 10301 D CompatConfig: No directory /apex/com.android.virt/etc/compatconfig, skipping
11-20 13:53:26.747 10301 10301 D CompatConfig: No directory /apex/com.android.extservices/etc/compatconfig, skipping
11-20 13:53:26.747 10301 10301 D CompatConfig: No directory /apex/com.android.adservices/etc/compatconfig, skipping
11-20 13:53:26.747 10301 10301 D CompatConfig: No directory /apex/com.android.media/etc/compatconfig, skipping
11-20 13:53:26.747 10301 10318 I SystemConfig: Reading permissions from /apex/com.android.cellbroadcast/etc/permissions/com.android.cellbroadcastreceiver.module.xml
11-20 13:53:26.747 10301 10301 D CompatConfig: Found a config file: /apex/com.android.wifi/etc/compatconfig/wifi-compat-config.xml
11-20 13:53:26.747 10301 10318 I SystemConfig: Reading permissions from /apex/com.android.cellbroadcast/etc/permissions/com.android.cellbroadcastservice.xml
11-20 13:53:26.747 10301 10301 D CompatConfig: Adding: com.android.server.compat.config.Change@7a327a4
11-20 13:53:26.747 10301 10301 D CompatConfig: Adding: com.android.server.compat.config.Change@364090d
11-20 13:53:26.747 10301 10301 D CompatConfig: Adding: com.android.server.compat.config.Change@96800c2
11-20 13:53:26.747 10301 10301 D CompatConfig: No directory /apex/com.android.appsearch/etc/compatconfig, skipping
11-20 13:53:26.747 10301 10318 I SystemConfig: Reading permissions from /apex/com.android.ipsec/etc/permissions/android.net.ipsec.ike.xml
11-20 13:53:26.747 10301 10301 D CompatConfig: No directory /apex/com.android.resolv/etc/compatconfig, skipping
11-20 13:53:26.747 10301 10301 D CompatConfig: Found a config file: /apex/com.android.bt/etc/compatconfig/bluetoothapk-platform-compat-config.xml
11-20 13:53:26.747 10301 10318 I SystemConfig: Reading permissions from /apex/com.android.permission/etc/permissions/com.android.permissioncontroller.xml
11-20 13:53:26.747 10301 10301 D CompatConfig: Adding: com.android.server.compat.config.Change@f39670e
11-20 13:53:26.747 10301 10301 D CompatConfig: Found a config file: /apex/com.android.bt/etc/compatconfig/bluetooth-compat-config.xml
11-20 13:53:26.747 10301 10301 D CompatConfig: Adding: com.android.server.compat.config.Change@d41c73c
11-20 13:53:26.747 10301 10318 I SystemConfig: Reading permissions from /apex/com.android.adservices/etc/permissions/com.android.adservices.api.xml
11-20 13:53:26.747 10301 10301 D CompatConfig: Found a config file: /apex/com.android.bt/etc/compatconfig/framework-bluetooth-compat-config.xml
11-20 13:53:26.747 10301 10318 I SystemConfig: Reading permissions from /apex/com.android.mediaprovider/etc/permissions/com.android.photopicker.xml
11-20 13:53:26.748 10301 10301 D CompatConfig: Adding: com.android.server.compat.config.Change@d021b28
11-20 13:53:26.748 10301 10301 D CompatConfig: Adding: com.android.server.compat.config.Change@71bf041
11-20 13:53:26.748 10301 10301 D CompatConfig: Adding: com.android.server.compat.config.Change@d5f49e6
11-20 13:53:26.748 10301 10318 I SystemConfig: Reading permissions from /apex/com.android.mediaprovider/etc/permissions/com.android.providers.media.module.xml
11-20 13:53:26.748 10301 10301 D CompatConfig: No directory /apex/com.android.runtime/etc/compatconfig, skipping
11-20 13:53:26.748 10301 10301 D CompatConfig: No directory /apex/com.android.rkpd/etc/compatconfig, skipping
11-20 13:53:26.748 10301 10301 D CompatConfig: No directory /apex/com.android.scheduling/etc/compatconfig, skipping
11-20 13:53:26.748 10301 10301 D CompatConfig: No directory /apex/com.android.uwb/etc/compatconfig, skipping
11-20 13:53:26.748 10301 10318 I SystemConfig: Reading permissions from /apex/com.android.devicelock/etc/permissions/com.android.devicelockcontroller.xml
11-20 13:53:26.748 10301 10301 D CompatConfig: No directory /apex/com.android.nfcservices/etc/compatconfig, skipping
11-20 13:53:26.748 10301 10301 D CompatConfig: No directory /apex/com.android.tzdata/etc/compatconfig, skipping
11-20 13:53:26.748 10301 10301 D CompatConfig: No directory /apex/com.android.sdkext/etc/compatconfig, skipping
11-20 13:53:26.748 10301 10318 I SystemConfig: Reading permissions from /apex/com.android.tethering/etc/permissions/permissions.xml
11-20 13:53:26.748 10301 10301 D CompatConfig: No directory /apex/com.android.crashrecovery/etc/compatconfig, skipping
11-20 13:53:26.748 10301 10301 D CompatConfig: No directory /apex/com.android.uprobestats/etc/compatconfig, skipping
11-20 13:53:26.748 10301 10301 D CompatConfig: No directory /apex/com.android.ipsec/etc/compatconfig, skipping
11-20 13:53:26.748 10301 10301 D CompatConfig: No directory /apex/com.android.neuralnetworks/etc/compatconfig, skipping
11-20 13:53:26.748 10301 10318 I SystemConfig: Reading permissions from /apex/com.android.nfcservices/etc/permissions/com.android.nfc.xml
11-20 13:53:26.748 10301 10301 D CompatConfig: No directory /apex/com.android.configinfrastructure/etc/compatconfig, skipping
11-20 13:53:26.748 10301 10301 D CompatConfig: Found a config file: /apex/com.android.permission/etc/compatconfig/framework-permission-s-compat-config.xml
11-20 13:53:26.749 10301 10301 D CompatConfig: Adding: com.android.server.compat.config.Change@9932740
11-20 13:53:26.749 10301 10318 I SystemConfig: Reading permissions from /apex/com.android.healthfitness/etc/permissions/com.android.healthconnect.controller.xml
11-20 13:53:26.749 10301 10301 D CompatConfig: No directory /apex/com.android.os.statsd/etc/compatconfig, skipping
11-20 13:53:26.749 10301 10301 D CompatConfig: No directory /apex/com.android.profiling/etc/compatconfig, skipping
11-20 13:53:26.749 10301 10301 D CompatConfig: Found a config file: /apex/com.android.art/etc/compatconfig/libcore-platform-compat-config.xml
11-20 13:53:26.749 10301 10318 I SystemConfig: Reading permissions from /apex/com.android.apex.cts.shim/etc/permissions/signature-permission-allowlist.xml
11-20 13:53:26.749 10301 10301 D CompatConfig: Adding: com.android.server.compat.config.Change@523776c
11-20 13:53:26.749 10301 10301 D CompatConfig: Adding: com.android.server.compat.config.Change@804f135
11-20 13:53:26.749 10301 10301 D CompatConfig: Adding: com.android.server.compat.config.Change@f9709ca
11-20 13:53:26.749 10301 10301 D CompatConfig: Adding: com.android.server.compat.config.Change@486e73b
11-20 13:53:26.749 10301 10301 D CompatConfig: Adding: com.android.server.compat.config.Change@a869e58
11-20 13:53:26.749 10301 10318 I SystemConfig: Reading permissions from /apex/com.android.bt/etc/permissions/com.android.bluetooth.xml
11-20 13:53:26.749 10301 10301 D CompatConfig: Adding: com.android.server.compat.config.Change@403f896
11-20 13:53:26.749 10301 10301 D CompatConfig: Adding: com.android.server.compat.config.Change@572bc17
11-20 13:53:26.749 10301 10301 D CompatConfig: Adding: com.android.server.compat.config.Change@7f34804
11-20 13:53:26.749 10301 10301 D CompatConfig: Adding: com.android.server.compat.config.Change@99f11ed
11-20 13:53:26.749 10301 10301 D CompatConfig: Adding: com.android.server.compat.config.Change@a7f0822
11-20 13:53:26.749 10301 10301 D CompatConfig: Adding: com.android.server.compat.config.Change@8dd02b3
11-20 13:53:26.749 10301 10301 D CompatConfig: Adding: com.android.server.compat.config.Change@65ee070
11-20 13:53:26.749 10301 10301 D CompatConfig: Adding: com.android.server.compat.config.Change@567dfe9
11-20 13:53:26.749 10301 10301 D CompatConfig: Adding: com.android.server.compat.config.Change@aa9846e
11-20 13:53:26.749 10301 10301 D CompatConfig: Adding: com.android.server.compat.config.Change@b9b170f
11-20 13:53:26.749 10301 10301 D CompatConfig: Adding: com.android.server.compat.config.Change@6a9939c
11-20 13:53:26.749 10301 10301 D CompatConfig: Adding: com.android.server.compat.config.Change@7d591a5
11-20 13:53:26.749 10301 10301 D CompatConfig: Adding: com.android.server.compat.config.Change@2ed797a
11-20 13:53:26.749 10301 10318 I incfs   : Initial API level of the device: 29
11-20 13:53:26.749 10301 10301 D CompatConfig: No directory /apex/com.android.cellbroadcast/etc/compatconfig, skipping
11-20 13:53:26.749 10301 10318 I incfs   : ro.incremental.enable: 
11-20 13:53:26.749 10301 10301 D CompatConfig: No directory /apex/com.android.devicelock/etc/compatconfig, skipping
11-20 13:53:26.750 10301 10301 D CompatConfig: No directory /apex/com.android.conscrypt/etc/compatconfig, skipping
11-20 13:53:26.750 10301 10301 D CompatConfig: No directory /apex/com.android.media.swcodec/etc/compatconfig, skipping
11-20 13:53:26.750 10301 10301 D CompatConfig: No directory /apex/com.android.adbd/etc/compatconfig, skipping
11-20 13:53:26.750 10301 10301 D CompatConfig: Found a config file: /apex/com.android.tethering/etc/compatconfig/connectivity-platform-compat-config.xml
11-20 13:53:26.750 10301 10301 D CompatConfig: Adding: com.android.server.compat.config.Change@c49b346
11-20 13:53:26.750 10301 10301 D CompatConfig: Adding: com.android.server.compat.config.Change@23aba34
11-20 13:53:26.750 10301 10301 D CompatConfig: Adding: com.android.server.compat.config.Change@ff5505d
11-20 13:53:26.750 10301 10301 D CompatConfig: Adding: com.android.server.compat.config.Change@eddbdd2
11-20 13:53:26.750 10301 10301 D CompatConfig: Adding: com.android.server.compat.config.Change@6abfea3
11-20 13:53:26.750 10301 10301 D CompatConfig: Adding: com.android.server.compat.config.Change@3e345a0
11-20 13:53:26.750 10301 10301 D CompatConfig: Adding: com.android.server.compat.config.Change@bb9559
11-20 13:53:26.750 10301 10301 D CompatConfig: Adding: com.android.server.compat.config.Change@335e51e
11-20 13:53:26.750 10301 10301 D CompatConfig: Adding: com.android.server.compat.config.Change@cf5e1ff
11-20 13:53:26.750 10301 10301 D CompatConfig: No directory /apex/com.android.i18n/etc/compatconfig, skipping
11-20 13:53:26.750 10301 10301 D CompatConfig: No directory /apex/com.android.ondevicepersonalization/etc/compatconfig, skipping
11-20 13:53:26.750 10301 10301 D CompatConfig: No directory /apex/com.android.apex.cts.shim/etc/compatconfig, skipping
11-20 13:53:26.750 10301 10301 D CompatConfig: No directory /apex/com.android.healthfitness/etc/compatconfig, skipping
11-20 13:53:26.751 10301 10301 D SystemServerTiming: StartFileIntegrityService
11-20 13:53:26.751 10301 10301 I SystemServiceManager: Starting com.android.server.security.FileIntegrityService
11-20 13:53:26.751 10301 10301 D SystemServerTiming: StartInstaller
11-20 13:53:26.751 10301 10301 I SystemServiceManager: Starting com.android.server.pm.Installer
11-20 13:53:26.752  1589  1601 D installd: Found quota mount /dev/block/dm-40 at /data
11-20 13:53:26.753  1589  1601 D installd: Found quota mount /dev/block/dm-40 at /data/user/0
11-20 13:53:26.754 10301 10301 D SystemServerTiming: DeviceIdentifiersPolicyService
11-20 13:53:26.754 10301 10301 I SystemServiceManager: Starting com.android.server.os.DeviceIdentifiersPolicyService
11-20 13:53:26.754 10301 10301 D SystemServerTiming: StartFeatureFlagsService
11-20 13:53:26.754 10301 10301 I SystemServiceManager: Starting com.android.server.flags.FeatureFlagsService
11-20 13:53:26.754 10301 10301 D FeatureFlagsService: Started Feature Flag Service
11-20 13:53:26.755 10301 10301 D SystemServerTiming: UriGrantsManagerService
11-20 13:53:26.755 10301 10301 I SystemServiceManager: Starting com.android.server.uri.UriGrantsManagerService$Lifecycle
11-20 13:53:26.755 10301 10301 D SystemServerTiming: StartPowerStatsService
11-20 13:53:26.755 10301 10301 I SystemServiceManager: Starting com.android.server.powerstats.PowerStatsService
11-20 13:53:26.756   672   672 I hwservicemanager: getTransport: Cannot find entry android.hardware.power.stats@1.0::IPowerStats/default in either framework or device VINTF manifest.
11-20 13:53:26.756 10301 10301 E PowerStatsService: Unable to get power.stats HAL service.
11-20 13:53:26.756 10301 10301 E PowerStatsService: nativeInit failed to connect to power.stats HAL
11-20 13:53:26.756 10301 10301 D SystemServerTiming: StartIStatsService
11-20 13:53:26.756   672   672 I hwservicemanager: getTransport: Cannot find entry android.frameworks.stats@1.0::IStats/default in either framework or device VINTF manifest.
11-20 13:53:26.757 10301 10301 E HidlServiceManagement: Service android.frameworks.stats@1.0::IStats/default must be in VINTF manifest in order to register/get.
11-20 13:53:26.757 10301 10301 W system_server: Cannot register HIDL android.frameworks.stats@1.0::IStats: -2147483648
11-20 13:53:26.757 10301 10301 D SystemServerTiming: MemtrackProxyService
11-20 13:53:26.757 10301 10301 I Stability: Interface set with vintf stability downgraded to system stability stability
11-20 13:53:26.757 10301 10301 D SystemServerTiming: StartAccessCheckingService
11-20 13:53:26.757 10301 10301 I SystemServiceManager: Starting com.android.server.permission.access.AccessCheckingService
11-20 13:53:26.759 10301 10301 D SystemServerTiming: StartActivityManager
11-20 13:53:26.759 10301 10301 I SystemServiceManager: Starting com.android.server.wm.ActivityTaskManagerService$Lifecycle
11-20 13:53:26.759 10301 10301 E BoostFramework: BoostFramework() : Exception_1 = java.lang.ClassNotFoundException: com.qualcomm.qti.Performance
11-20 13:53:26.759 10301 10301 E BoostFramework: BoostFramework() Ux Perf: Exception = java.lang.ClassNotFoundException: com.qualcomm.qti.UxPerformance
11-20 13:53:26.761 10301 10301 I SystemServiceManager: Starting com.android.server.am.ActivityManagerService$Lifecycle
11-20 13:53:26.762 10301 10301 E BoostFramework: BoostFramework() : Exception_1 = java.lang.ClassNotFoundException: com.qualcomm.qti.Performance
11-20 13:53:26.762 10301 10301 E BoostFramework: BoostFramework() Ux Perf: Exception = java.lang.ClassNotFoundException: com.qualcomm.qti.UxPerformance
11-20 13:53:26.763 10301 10301 I ActivityManager: Memory class: 256
11-20 13:53:26.763 10301 10301 E BoostFramework: BoostFramework() : Exception_1 = java.lang.ClassNotFoundException: com.qualcomm.qti.Performance
11-20 13:53:26.763 10301 10301 E BoostFramework: BoostFramework() Ux Perf: Exception = java.lang.ClassNotFoundException: com.qualcomm.qti.UxPerformance
11-20 13:53:26.763 10301 10329 I Binder  : Setting heavy hitter watcher config: false, 0, 0.0
11-20 13:53:26.764 10301 10301 E BoostFramework: BoostFramework() : Exception_1 = java.lang.ClassNotFoundException: com.qualcomm.qti.Performance
11-20 13:53:26.764 10301 10301 E BoostFramework: BoostFramework() Ux Perf: Exception = java.lang.ClassNotFoundException: com.qualcomm.qti.UxPerformance
11-20 13:53:26.764 10301 10332 E system_server: memevent deregister all events failed, failure to initialize
11-20 13:53:26.765 10301 10332 E OomConnection: failed waiting for OOM events: java.lang.RuntimeException: Failed to initialize memevents listener
11-20 13:53:26.766 10301 10301 E BoostFramework: BoostFramework() : Exception_1 = java.lang.ClassNotFoundException: com.qualcomm.qti.Performance
11-20 13:53:26.766 10301 10301 E BoostFramework: BoostFramework() Ux Perf: Exception = java.lang.ClassNotFoundException: com.qualcomm.qti.UxPerformance
11-20 13:53:26.766 10301 10301 E BoostFramework: BoostFramework() : Exception_1 = java.lang.ClassNotFoundException: com.qualcomm.qti.Performance
