11-22 11:34:53.040 28816 28849 D MCAM_CCW_WatermarkLayout: id =move_group_2  type =Layout
11-22 11:34:53.040 28816 28849 D MCAM_CCW_WatermarkLayout: id =time  type =TextView
11-22 11:34:53.040 28816 28956 D ReflectedParamUpdater: extent() != 1 for single value type: output.subscribed-indices.values
11-22 11:34:53.040 28816 28956 D ReflectedParamUpdater: extent() != 1 for single value type: input.buffers.allocator-ids.values
11-22 11:34:53.041 28816 28956 D ReflectedParamUpdater: extent() != 1 for single value type: output.buffers.allocator-ids.values
11-22 11:34:53.041 28816 28849 D MCAM_CCW_WatermarkItem: initconfig cost: 17
11-22 11:34:53.041 28816 28956 D ReflectedParamUpdater: extent() != 1 for single value type: algo.buffers.allocator-ids.values
11-22 11:34:53.041 28816 28956 D ReflectedParamUpdater: extent() != 1 for single value type: output.buffers.pool-ids.values
11-22 11:34:53.041 28816 28956 D ReflectedParamUpdater: extent() != 1 for single value type: algo.buffers.pool-ids.values
11-22 11:34:53.043 28816 28956 I CCodecConfig: query failed after returning 8 values (BAD_INDEX)
11-22 11:34:53.043 28816 28956 D CCodecConfig: c2 config diff is Dict {
11-22 11:34:53.043 28816 28956 D CCodecConfig:   c2::u32 coded.bitrate.value = 64000
11-22 11:34:53.043 28816 28956 D CCodecConfig:   c2::u32 input.buffers.max-size.value = 32768
11-22 11:34:53.043 28816 28956 D CCodecConfig:   c2::u32 input.delay.value = 0
11-22 11:34:53.043 28816 28956 D CCodecConfig:   string input.media-type.value = "audio/vorbis"
11-22 11:34:53.043 28816 28956 D CCodecConfig:   c2::u32 output.large-frame.max-size = 0
11-22 11:34:53.043 28816 28956 D CCodecConfig:   c2::u32 output.large-frame.threshold-size = 0
11-22 11:34:53.043 28816 28956 D CCodecConfig:   string output.media-type.value = "audio/raw"
11-22 11:34:53.043 28816 28956 D CCodecConfig:   c2::u32 raw.channel-count.value = 1
11-22 11:34:53.043 28816 28956 D CCodecConfig:   c2::u32 raw.sample-rate.value = 48000
11-22 11:34:53.043 28816 28956 D CCodecConfig: }
11-22 11:34:53.044 28816 28816 D MCAM_AiSceneMultipleASD: is scene open: true, current detect scene: 0
11-22 11:34:53.044 28816 28816 D MCAM_AiSceneManager: realConsumeAiSceneResult: aiScene 0
11-22 11:34:53.044 28816 28956 D CCodec  : [c2.android.vorbis.decoder] buffers are bound to CCodec for this session
11-22 11:34:53.044 28816 28956 D CCodecConfig: no c2 equivalents for durationUs
11-22 11:34:53.044 28816 28956 D CCodecConfig: no c2 equivalents for track-id
11-22 11:34:53.044 28816 28956 D CCodecConfig: no c2 equivalents for csd-1
11-22 11:34:53.044 28816 28816 D MCAM_CRE_PreviewRenderEngine: Set renderer Ne.c@7146818 enabled: false
11-22 11:34:53.044 28816 28956 D CCodecConfig: no c2 equivalents for flags
11-22 11:34:53.045 28816 28831 D MCAM_BaseModule: updateParameters: begin to consumePreference..
11-22 11:34:53.045 28816 28831 V MCAM_MiCamera2: resumePreview: cameraId=0 highSpeed=false | caller=com.android.camera.module.BaseModule.updateParameters(Unknown Source:215), com.android.camera.module.BaseModule.n(Unknown Source:0), com.android.camera.module.l.accept(Unknown Source:4), io.reactivex.internal.observers.LambdaObserver.onNext(Unknown Source:8), 
11-22 11:34:53.045 28816 28849 D MCAM_CCW_WmUserConfig: saveWatermark: 6
11-22 11:34:53.045 28816 28816 I MCAM_FocusManager: [U_ACTION]: focusResult: getFocusTrigger=2, isSuccess=false, isFocusing=true, mState=0
11-22 11:34:53.045 28816 28816 D MCAM_FocusManager: accept: mState=0
11-22 11:34:53.045 28816 28816 D MCAM_FocusManager: getFocusMode=4
11-22 11:34:53.045  3138  7310 I FontLog : (REDACTED) Received query %s, URI %s
11-22 11:34:53.045 28816 28816 D MCAM_FocusManager: onAutoFocusMoving: mode=4 show=true
11-22 11:34:53.045 28816 28816 D MCAM_FocusManager: getFocusMode=4
11-22 11:34:53.045 28816 28849 D MCAM_CCW_WmUserConfig: init config, path:/storage/emulated/0/Android/data/com.android.camera/files/watermarks/standard/6/userData/current/userConfig.json, watermarkId:6
11-22 11:34:53.045 28816 28816 V MCAM_FocusManager: setFocusState: 1
11-22 11:34:53.045 28816 28816 V MCAM_FocusManager: Camera KPI: CAF start
11-22 11:34:53.045  3138  7310 I FontLog : (REDACTED) Query [%s] resolved to %s
11-22 11:34:53.045 28816 28816 D MCAM_FocusView: showStart -> timeout:5000
11-22 11:34:53.045 28816 28816 D MCAM_FocusView: handleStartShow
11-22 11:34:53.045 28816 28849 D MCAM_CCW_WmTranslator: init: /storage/emulated/0/Android/data/com.android.camera/files/watermarks/standard/7/i18n.json
11-22 11:34:53.046 28816 28816 I MCAM_FocusView: CurrentMode: 163 MeterType: 1
11-22 11:34:53.046 28816 28849 D MCAM_CCW_MarketName: marketName = [[Mi, 10]]
11-22 11:34:53.046 28816 28849 D MCAM_CCW_WaterMarkConfig: init: /storage/emulated/0/Android/data/com.android.camera/files/watermarks/standard/7/config.json
11-22 11:34:53.046 28816 28816 D MCAM_CameraFocusSplitAnimateDrawable: startTouchDownAnimation 
11-22 11:34:53.046  3138  7310 I FontLog : (REDACTED) Fetch %s end status %s
11-22 11:34:53.046 28816 28831 I MCAM_MiCamera2: [K_PROCESS]: resumePreview: repeating sequenceId: 1
11-22 11:34:53.048  3138  7310 I FontLog : (REDACTED) Pulling font file for id = %d, cache size = %d
11-22 11:34:53.048 28816 28849 D MCAM_CCW_WatermarkMeta: parseConfig: 2.0
11-22 11:34:53.048 28816 28849 D MCAM_CCW_WatermarkMeta: parseConfig: time = 0.044583 ms
11-22 11:34:53.048 28816 28849 D MCAM_CCW_WmLayoutConfig: keyLayout:bottom_middle id = all_content
11-22 11:34:53.048 28816 28849 D MCAM_CCW_WatermarkLayout: id =src_image_view  type =ImageView
11-22 11:34:53.048 28816 28849 D MCAM_CCW_WatermarkLayout: id =watermark_container  type =Layout
11-22 11:34:53.049 28816 28849 D MCAM_CCW_WatermarkLayout: id =custom_icon_layout  type =Layout
11-22 11:34:53.049 28816 28849 D MCAM_CCW_WatermarkLayout: id =custom_icon  type =ImageView
11-22 11:34:53.049 28816 28849 D MCAM_CCW_WatermarkLayout: id =space_layout  type =Layout
11-22 11:34:53.049 28816 28849 D MCAM_CCW_WatermarkLayout: id =brand_layout  type =Layout
11-22 11:34:53.049 28816 28849 D MCAM_CCW_WatermarkLayout: id =logo  type =ImageView
11-22 11:34:53.050  3138  7310 I FontLog : (REDACTED) Pulling font file for id = %d, cache size = %d
11-22 11:34:53.050 28816 28950 D ReflectedParamUpdater: extent() != 1 for single value type: algo.buffers.max-count.values
11-22 11:34:53.050 28816 28950 D ReflectedParamUpdater: extent() != 1 for single value type: output.subscribed-indices.values
11-22 11:34:53.050 28816 28950 D ReflectedParamUpdater: extent() != 1 for single value type: input.buffers.allocator-ids.values
11-22 11:34:53.050 28816 28950 D ReflectedParamUpdater: extent() != 1 for single value type: output.buffers.allocator-ids.values
11-22 11:34:53.050 28816 28950 D ReflectedParamUpdater: extent() != 1 for single value type: algo.buffers.allocator-ids.values
11-22 11:34:53.050 28816 28950 D ReflectedParamUpdater: extent() != 1 for single value type: output.buffers.pool-ids.values
11-22 11:34:53.050 28816 28950 D ReflectedParamUpdater: extent() != 1 for single value type: algo.buffers.pool-ids.values
11-22 11:34:53.051 28816 28956 D CCodecConfig: c2 config diff is   c2::u32 coded.bitrate.value = 112000
11-22 11:34:53.051 28816 28956 D CCodecConfig:   c2::u32 raw.channel-count.value = 2
11-22 11:34:53.051 28816 28956 D CCodecConfig:   c2::u32 raw.sample-rate.value = 44100
11-22 11:34:53.051 28816 28950 I CCodecConfig: query failed after returning 8 values (BAD_INDEX)
11-22 11:34:53.051 28816 28950 D CCodecConfig: c2 config diff is Dict {
11-22 11:34:53.051 28816 28950 D CCodecConfig:   c2::u32 coded.bitrate.value = 64000
11-22 11:34:53.051 28816 28950 D CCodecConfig:   c2::u32 input.buffers.max-size.value = 32768
11-22 11:34:53.051 28816 28950 D CCodecConfig:   c2::u32 input.delay.value = 0
11-22 11:34:53.051 28816 28950 D CCodecConfig:   string input.media-type.value = "audio/vorbis"
11-22 11:34:53.051 28816 28950 D CCodecConfig:   c2::u32 output.large-frame.max-size = 0
11-22 11:34:53.051 28816 28950 D CCodecConfig:   c2::u32 output.large-frame.threshold-size = 0
11-22 11:34:53.051 28816 28950 D CCodecConfig:   string output.media-type.value = "audio/raw"
11-22 11:34:53.051 28816 28950 D CCodecConfig:   c2::u32 raw.channel-count.value = 1
11-22 11:34:53.051 28816 28950 D CCodecConfig:   c2::u32 raw.sample-rate.value = 48000
11-22 11:34:53.051 28816 28950 D CCodecConfig: }
11-22 11:34:53.051 28816 28956 W Codec2Client: query -- param skipped: index = 1107298332.
11-22 11:34:53.051 28816 28956 D CCodec  : encoding statistics level = 0
11-22 11:34:53.051 28816 28956 D CCodec  : setup formats input: AMessage(what = 0x00000000) = {
11-22 11:34:53.051 28816 28956 D CCodec  :   int32_t bitrate = 112000
11-22 11:34:53.051 28816 28956 D CCodec  :   int32_t channel-count = 2
11-22 11:34:53.051 28816 28956 D CCodec  :   int32_t max-input-size = 32768
11-22 11:34:53.051 28816 28956 D CCodec  :   string mime = "audio/vorbis"
11-22 11:34:53.051 28816 28956 D CCodec  :   int32_t sample-rate = 44100
11-22 11:34:53.051 28816 28956 D CCodec  : }
11-22 11:34:53.051 28816 28956 D CCodec  : setup formats output: AMessage(what = 0x00000000) = {
11-22 11:34:53.051 28816 28956 D CCodec  :   int32_t buffer-batch-max-output-size = 0
11-22 11:34:53.051 28816 28956 D CCodec  :   int32_t buffer-batch-threshold-output-size = 0
11-22 11:34:53.051 28816 28956 D CCodec  :   int32_t channel-count = 2
11-22 11:34:53.051 28816 28956 D CCodec  :   string mime = "audio/raw"
11-22 11:34:53.051 28816 28956 D CCodec  :   int32_t sample-rate = 44100
11-22 11:34:53.051 28816 28956 D CCodec  :   int32_t channel-mask = 3
11-22 11:34:53.051 28816 28956 D CCodec  :   int32_t android._config-pcm-encoding = 2
11-22 11:34:53.051 28816 28956 D CCodec  : }
11-22 11:34:53.051 28816 28956 I CCodecConfig: query failed after returning 8 values (BAD_INDEX)
11-22 11:34:53.053   669   669 I hwservicemanager: getTransport: Cannot find entry vendor.qti.hardware.servicetracker@1.0::IServicetracker/default in either framework or device VINTF manifest.
11-22 11:34:53.053 28816 28849 D MCAM_CCW_WatermarkLayout: id =model  type =TextView
11-22 11:34:53.053 28816 28950 D CCodec  : [c2.android.vorbis.decoder] buffers are bound to CCodec for this session
11-22 11:34:53.053 28816 28950 D CCodecConfig: no c2 equivalents for durationUs
11-22 11:34:53.053 28816 28950 D CCodecConfig: no c2 equivalents for track-id
11-22 11:34:53.053 28816 28950 D CCodecConfig: no c2 equivalents for csd-1
11-22 11:34:53.053 28816 28950 D CCodecConfig: no c2 equivalents for flags
11-22 11:34:53.053 28816 28849 D MCAM_CCW_MarketName: marketName = [[Mi, 10]]
11-22 11:34:53.053 28816 28849 D MCAM_CCW_WmModelView: logo&brand = *XIAOMI 10*    brandData.series = *10*    brandData.versionNumber = **    brandData.colorVersionNumber = **    brandData.versionName = **
11-22 11:34:53.053 28816 28849 D MCAM_CCW_WmModelView: updateModelString:  10
11-22 11:34:53.053 28816 28849 D MCAM_CCW_WatermarkLayout: id =model_versionName  type =TextView
11-22 11:34:53.053 28816 28950 D CCodecConfig: c2 config diff is   c2::u32 coded.bitrate.value = 112000
11-22 11:34:53.053 28816 28950 D CCodecConfig:   c2::u32 raw.channel-count.value = 2
11-22 11:34:53.053 28816 28950 D CCodecConfig:   c2::u32 raw.sample-rate.value = 44100
11-22 11:34:53.054 28816 28950 W Codec2Client: query -- param skipped: index = 1107298332.
11-22 11:34:53.054 28816 28956 W Codec2Client: query -- param skipped: index = 1342179345.
11-22 11:34:53.054 28816 28950 D CCodec  : encoding statistics level = 0
11-22 11:34:53.054 28816 28956 W Codec2Client: query -- param skipped: index = 2415921170.
11-22 11:34:53.054 28816 28950 D CCodec  : setup formats input: AMessage(what = 0x00000000) = {
11-22 11:34:53.054 28816 28950 D CCodec  :   int32_t bitrate = 112000
11-22 11:34:53.054 28816 28950 D CCodec  :   int32_t channel-count = 2
11-22 11:34:53.054 28816 28950 D CCodec  :   int32_t max-input-size = 32768
11-22 11:34:53.054 28816 28950 D CCodec  :   string mime = "audio/vorbis"
11-22 11:34:53.054 28816 28950 D CCodec  :   int32_t sample-rate = 44100
11-22 11:34:53.054 28816 28950 D CCodec  : }
11-22 11:34:53.054 28816 28950 D CCodec  : setup formats output: AMessage(what = 0x00000000) = {
11-22 11:34:53.054 28816 28950 D CCodec  :   int32_t buffer-batch-max-output-size = 0
11-22 11:34:53.054 28816 28950 D CCodec  :   int32_t buffer-batch-threshold-output-size = 0
11-22 11:34:53.054 28816 28950 D CCodec  :   int32_t channel-count = 2
11-22 11:34:53.054 28816 28950 D CCodec  :   string mime = "audio/raw"
11-22 11:34:53.054 28816 28950 D CCodec  :   int32_t sample-rate = 44100
11-22 11:34:53.054 28816 28950 D CCodec  :   int32_t channel-mask = 3
11-22 11:34:53.054 28816 28950 D CCodec  :   int32_t android._config-pcm-encoding = 2
11-22 11:34:53.054 28816 28950 D CCodec  : }
11-22 11:34:53.054 28816 28950 I CCodecConfig: query failed after returning 8 values (BAD_INDEX)
11-22 11:34:53.054 28816 28956 D C2Store : Using ION
11-22 11:34:53.055 28816 28849 D MCAM_CCW_MarketName: marketName = [[Mi, 10]]
11-22 11:34:53.055 28816 28849 D MCAM_CCW_WmModelView: logo&brand = *XIAOMI 10*    brandData.series = *10*    brandData.versionNumber = **    brandData.colorVersionNumber = **    brandData.versionName = **
11-22 11:34:53.055 28816 28849 D MCAM_CCW_WmModelView: updateModelString: 
11-22 11:34:53.055 28816 28849 D MCAM_CCW_WatermarkLayout: id =custom_text  type =TextView
11-22 11:34:53.055 28816 28950 W Codec2Client: query -- param skipped: index = 1342179345.
11-22 11:34:53.055 28816 28950 W Codec2Client: query -- param skipped: index = 2415921170.
11-22 11:34:53.055 28816 28849 D MCAM_CCW_WatermarkLayout: id =time  type =TextView
11-22 11:34:53.056 28816 28849 D MCAM_CCW_WmLayoutConfig: keyLayout:bottom_left id = all_content
11-22 11:34:53.056 28816 28849 D MCAM_CCW_WatermarkLayout: id =src_image_view  type =ImageView
11-22 11:34:53.056 28816 28849 D MCAM_CCW_WatermarkLayout: id =watermark_container  type =Layout
11-22 11:34:53.056 28816 28849 D MCAM_CCW_WatermarkLayout: id =custom_icon_layout  type =Layout
11-22 11:34:53.056 28816 28849 D MCAM_CCW_WatermarkLayout: id =custom_icon  type =ImageView
11-22 11:34:53.056 28816 28849 D MCAM_CCW_WatermarkLayout: id =space_layout  type =Layout
11-22 11:34:53.056 28816 28849 D MCAM_CCW_WatermarkLayout: id =brand_layout  type =Layout
11-22 11:34:53.056 28816 28849 D MCAM_CCW_WatermarkLayout: id =logo  type =ImageView
11-22 11:34:53.056 28816 28956 D CCodecBufferChannel: [c2.android.vorbis.decoder#764] Created input block pool with allocatorID 16 => poolID 17 - OK (0)
11-22 11:34:53.057 28816 28849 D MCAM_CCW_WatermarkLayout: id =model  type =TextView
11-22 11:34:53.057 28816 28849 D MCAM_CCW_MarketName: marketName = [[Mi, 10]]
11-22 11:34:53.057 28816 28849 D MCAM_CCW_WmModelView: logo&brand = *XIAOMI 10*    brandData.series = *10*    brandData.versionNumber = **    brandData.colorVersionNumber = **    brandData.versionName = **
11-22 11:34:53.057 28816 28849 D MCAM_CCW_WmModelView: updateModelString:  10
11-22 11:34:53.057 28816 28849 D MCAM_CCW_WatermarkLayout: id =model_versionName  type =TextView
11-22 11:34:53.057  3138  3138 D BoundBrokerSvc: onRebind: Intent { act=com.google.android.gms.common.telemetry.service.START dat=chimera-action:/... xflg=0x4 cmp=com.google.android.gms/.chimera.PersistentApiService }
11-22 11:34:53.057 28816 28849 D MCAM_CCW_MarketName: marketName = [[Mi, 10]]
11-22 11:34:53.057 28816 28956 I CCodecBufferChannel: [c2.android.vorbis.decoder#764] Created output block pool with allocatorID 16 => poolID 157 - OK
11-22 11:34:53.057 28816 28956 D CCodecBufferChannel: [c2.android.vorbis.decoder#764] Configured output block pool ids 157 => OK
11-22 11:34:53.057 28816 28950 D CCodecBufferChannel: [c2.android.vorbis.decoder#860] Created input block pool with allocatorID 16 => poolID 18 - OK (0)
11-22 11:34:53.057  1645  2337 E Codec2-ComponentInterface: We have a failed config
11-22 11:34:53.058 28816 28849 D MCAM_CCW_WmModelView: logo&brand = *XIAOMI 10*    brandData.series = *10*    brandData.versionNumber = **    brandData.colorVersionNumber = **    brandData.versionName = **
11-22 11:34:53.058 28816 28849 D MCAM_CCW_WmModelView: updateModelString: 
11-22 11:34:53.058 28816 28849 D MCAM_CCW_WatermarkLayout: id =custom_text  type =TextView
11-22 11:34:53.058 28816 28849 D MCAM_CCW_WatermarkLayout: id =time  type =TextView
11-22 11:34:53.058 28816 28849 D MCAM_CCW_WmLayoutConfig: keyLayout:bottom_right id = all_content
11-22 11:34:53.058 28816 28849 D MCAM_CCW_WatermarkLayout: id =src_image_view  type =ImageView
11-22 11:34:53.058 28816 28849 D MCAM_CCW_WatermarkLayout: id =watermark_container  type =Layout
11-22 11:34:53.059 28816 28849 D MCAM_CCW_WatermarkLayout: id =custom_icon_layout  type =Layout
11-22 11:34:53.059 28816 28849 D MCAM_CCW_WatermarkLayout: id =custom_icon  type =ImageView
11-22 11:34:53.059 28816 28849 D MCAM_CCW_WatermarkLayout: id =space_layout  type =Layout
11-22 11:34:53.059 28816 28849 D MCAM_CCW_WatermarkLayout: id =brand_layout  type =Layout
11-22 11:34:53.059 28816 28849 D MCAM_CCW_WatermarkLayout: id =logo  type =ImageView
11-22 11:34:53.059 28816 28849 D MCAM_CCW_WatermarkLayout: id =model  type =TextView
11-22 11:34:53.059 28816 28849 D MCAM_CCW_MarketName: marketName = [[Mi, 10]]
11-22 11:34:53.059  2850  3561 I QcrilOemhookMsgTunnel: [0]processOemHookIndication length=21
11-22 11:34:53.060 28816 28950 I CCodecBufferChannel: [c2.android.vorbis.decoder#860] Created output block pool with allocatorID 16 => poolID 158 - OK
11-22 11:34:53.060 28816 28950 D CCodecBufferChannel: [c2.android.vorbis.decoder#860] Configured output block pool ids 158 => OK
11-22 11:34:53.060  1645 14503 E Codec2-ComponentInterface: We have a failed config
11-22 11:34:53.060  1645 28963 D SimpleC2Component: Using output block pool with poolID 157 => got 157 - 0
11-22 11:34:53.062  1645 28964 D SimpleC2Component: Using output block pool with poolID 158 => got 158 - 0
11-22 11:34:53.065 28816 28849 D MCAM_CCW_WmModelView: logo&brand = *XIAOMI 10*    brandData.series = *10*    brandData.versionNumber = **    brandData.colorVersionNumber = **    brandData.versionName = **
11-22 11:34:53.065 28816 28849 D MCAM_CCW_WmModelView: updateModelString:  10
11-22 11:34:53.065 28816 28849 D MCAM_CCW_WatermarkLayout: id =model_versionName  type =TextView
11-22 11:34:53.065 28816 28957 I DynamiteModule: Considering local module com.google.mlkit.dynamite.barcode:10000 and remote module com.google.mlkit.dynamite.barcode:0
11-22 11:34:53.065 28816 28957 I DynamiteModule: Selected local version of com.google.mlkit.dynamite.barcode
11-22 11:34:53.065 28816 28946 W CameraMetadataJV: Expect face scores and rectangles to be non-null
11-22 11:34:53.065 28816 28849 D MCAM_CCW_MarketName: marketName = [[Mi, 10]]
11-22 11:34:53.066 28816 28849 D MCAM_CCW_WmModelView: logo&brand = *XIAOMI 10*    brandData.series = *10*    brandData.versionNumber = **    brandData.colorVersionNumber = **    brandData.versionName = **
11-22 11:34:53.066 28816 28849 D MCAM_CCW_WmModelView: updateModelString: 
11-22 11:34:53.066 28816 28849 D MCAM_CCW_WatermarkLayout: id =custom_text  type =TextView
11-22 11:34:53.066 28816 28849 D MCAM_CCW_WatermarkLayout: id =time  type =TextView
11-22 11:34:53.066 28816 28946 W CameraMetadataJV: Expect face scores and rectangles to be non-null
11-22 11:34:53.066 28816 28849 D MCAM_CCW_WmLayoutConfig: keyLayout:center_left id = all_content
11-22 11:34:53.066 28816 28849 D MCAM_CCW_WatermarkLayout: id =src_image_view  type =ImageView
11-22 11:34:53.066 28816 28849 D MCAM_CCW_WatermarkLayout: id =watermark_container  type =Layout
11-22 11:34:53.066 28816 28849 D MCAM_CCW_WatermarkLayout: id =custom_icon_layout  type =Layout
11-22 11:34:53.066 28816 28849 D MCAM_CCW_WatermarkLayout: id =custom_icon  type =ImageView
11-22 11:34:53.066 28816 28849 D MCAM_CCW_WatermarkLayout: id =space_layout  type =Layout
11-22 11:34:53.067 28816 28849 D MCAM_CCW_WatermarkLayout: id =brand_layout  type =Layout
11-22 11:34:53.067 28816 28849 D MCAM_CCW_WatermarkLayout: id =logo  type =ImageView
11-22 11:34:53.067 28816 28849 D MCAM_CCW_WatermarkLayout: id =model  type =TextView
11-22 11:34:53.067 28816 28849 D MCAM_CCW_MarketName: marketName = [[Mi, 10]]
11-22 11:34:53.069 28816 28849 D MCAM_CCW_WmModelView: logo&brand = *XIAOMI 10*    brandData.series = *10*    brandData.versionNumber = **    brandData.colorVersionNumber = **    brandData.versionName = **
11-22 11:34:53.069 28816 28849 D MCAM_CCW_WmModelView: updateModelString:  10
11-22 11:34:53.070 28816 28849 D MCAM_CCW_WatermarkLayout: id =model_versionName  type =TextView
11-22 11:34:53.070 28816 28849 D MCAM_CCW_MarketName: marketName = [[Mi, 10]]
11-22 11:34:53.070 28816 28849 D MCAM_CCW_WmModelView: logo&brand = *XIAOMI 10*    brandData.series = *10*    brandData.versionNumber = **    brandData.colorVersionNumber = **    brandData.versionName = **
11-22 11:34:53.070 28816 28849 D MCAM_CCW_WmModelView: updateModelString: 
11-22 11:34:53.070 28816 28849 D MCAM_CCW_WatermarkLayout: id =custom_text  type =TextView
11-22 11:34:53.070 28816 28849 D MCAM_CCW_WatermarkLayout: id =time  type =TextView
11-22 11:34:53.071 28816 28849 D MCAM_CCW_WmLayoutConfig: keyLayout:center_middle id = all_content
11-22 11:34:53.076  2683  2691 W System  : A resource failed to call release. 
11-22 11:34:53.077 28816 28849 D MCAM_CCW_WatermarkLayout: id =src_image_view  type =ImageView
11-22 11:34:53.077 28816 28842 D HttpRequestHandler: [CloudConfig] channel[camera_app_filter_none_leica] request not time yet
11-22 11:34:53.077 28816 28849 D MCAM_CCW_WatermarkLayout: id =watermark_container  type =Layout
11-22 11:34:53.077 28816 28949 I MCAM_CameraCloudConfig: CloudConfigInfo: {"moduleKey":"camera_app_filter_none_leica","itemInfo":[{"itemKey":"filter_config","version":"545016","ruleId":"1241816"}]}
11-22 11:34:53.077  3935  3935 W x       : onStartInput event aborted
11-22 11:34:53.077  3935  3935 W x       : pc0.v: could not obtain extracted text
11-22 11:34:53.077  3935  3935 W x       : 	at pc0.m0.H(Unknown Source:339)
11-22 11:34:53.077  3935  3935 W x       : 	at j70.d0.p(Unknown Source:282)
11-22 11:34:53.077  3935  3935 W x       : 	at j70.h3.p(Unknown Source:2)
11-22 11:34:53.077  3935  3935 W x       : 	at com.touchtype.KeyboardService.onStartInput(Unknown Source:11)
11-22 11:34:53.077  3935  3935 W x       : 	at android.inputmethodservice.InputMethodService.doStartInput(InputMethodService.java:3540)
11-22 11:34:53.077  3935  3935 W x       : 	at android.inputmethodservice.InputMethodService$InputMethodImpl.startInput(InputMethodService.java:884)
11-22 11:34:53.077  3935  3935 W x       : 	at android.inputmethodservice.InputMethodService$InputMethodImpl.dispatchStartInput(InputMethodService.java:913)
11-22 11:34:53.077  3935  3935 W x       : 	at android.inputmethodservice.IInputMethodWrapper.executeMessage(IInputMethodWrapper.java:201)
11-22 11:34:53.077  3935  3935 W x       : 	at com.android.internal.os.HandlerCaller$MyHandler.handleMessage(HandlerCaller.java:44)
11-22 11:34:53.077  3935  3935 W x       : 	at android.os.Handler.dispatchMessage(Handler.java:110)
11-22 11:34:53.077  3935  3935 W x       : 	at android.os.Looper.loopOnce(Looper.java:248)
11-22 11:34:53.077  3935  3935 W x       : 	at android.os.Looper.loop(Looper.java:338)
11-22 11:34:53.077  3935  3935 W x       : 	at android.app.ActivityThread.main(ActivityThread.java:9145)
11-22 11:34:53.077  3935  3935 W x       : 	at java.lang.reflect.Method.invoke(Native Method)
11-22 11:34:53.077  3935  3935 W x       : 	at com.android.internal.os.RuntimeInit$MethodAndArgsCaller.run(RuntimeInit.java:596)
11-22 11:34:53.077  3935  3935 W x       : 	at com.android.internal.os.ZygoteInit.main(ZygoteInit.java:940)
11-22 11:34:53.078  2683  2691 W System  : A resource failed to call release. 
11-22 11:34:53.078  2683  2691 W System  : A resource failed to call release. 
11-22 11:34:53.078 28816 28849 D MCAM_CCW_WatermarkLayout: id =custom_icon_layout  type =Layout
11-22 11:34:53.078 28816 28849 D MCAM_CCW_WatermarkLayout: id =custom_icon  type =ImageView
11-22 11:34:53.078  2683  2691 W System  : A resource failed to call release. 
11-22 11:34:53.079  2683  2691 W System  : A resource failed to call release. 
11-22 11:34:53.079  2683  2691 W System  : A resource failed to call release. 
11-22 11:34:53.079 28816 28849 D MCAM_CCW_WatermarkLayout: id =space_layout  type =Layout
11-22 11:34:53.079 28816 28849 D MCAM_CCW_WatermarkLayout: id =brand_layout  type =Layout
11-22 11:34:53.079 28816 28849 D MCAM_CCW_WatermarkLayout: id =logo  type =ImageView
11-22 11:34:53.079 28816 28849 D MCAM_CCW_WatermarkLayout: id =model  type =TextView
11-22 11:34:53.079 28816 28849 D MCAM_CCW_MarketName: marketName = [[Mi, 10]]
11-22 11:34:53.080 28816 28849 D MCAM_CCW_WmModelView: logo&brand = *XIAOMI 10*    brandData.series = *10*    brandData.versionNumber = **    brandData.colorVersionNumber = **    brandData.versionName = **
11-22 11:34:53.080 28816 28849 D MCAM_CCW_WmModelView: updateModelString:  10
11-22 11:34:53.080 28816 28849 D MCAM_CCW_WatermarkLayout: id =model_versionName  type =TextView
11-22 11:34:53.080 28816 28849 D MCAM_CCW_MarketName: marketName = [[Mi, 10]]
11-22 11:34:53.080  1100  2085 E libprotobuf-native: [libprotobuf ERROR external/protobuf/src/google/protobuf/message_lite.cc:123] Can't parse message of type "sns_flicker_event" because it is missing required fields: (cannot determine missing fields for lite message)
11-22 11:34:53.081  1100 28882 E libprotobuf-native: [libprotobuf ERROR external/protobuf/src/google/protobuf/message_lite.cc:123] Can't parse message of type "sns_flicker_event" because it is missing required fields: (cannot determine missing fields for lite message)
11-22 11:34:53.081 28816 28849 D MCAM_CCW_WmModelView: logo&brand = *XIAOMI 10*    brandData.series = *10*    brandData.versionNumber = **    brandData.colorVersionNumber = **    brandData.versionName = **
11-22 11:34:53.081 28816 28849 D MCAM_CCW_WmModelView: updateModelString: 
11-22 11:34:53.081 28816 28849 D MCAM_CCW_WatermarkLayout: id =custom_text  type =TextView
11-22 11:34:53.082 28816 28849 D MCAM_CCW_WatermarkLayout: id =time  type =TextView
11-22 11:34:53.084 28816 28849 D MCAM_CCW_WmLayoutConfig: keyLayout:center_right id = all_content
11-22 11:34:53.084 28816 28849 D MCAM_CCW_WatermarkLayout: id =src_image_view  type =ImageView
11-22 11:34:53.085 28816 28849 D MCAM_CCW_WatermarkLayout: id =watermark_container  type =Layout
11-22 11:34:53.085 28816 28849 D MCAM_CCW_WatermarkLayout: id =custom_icon_layout  type =Layout
11-22 11:34:53.085 28816 28849 D MCAM_CCW_WatermarkLayout: id =custom_icon  type =ImageView
11-22 11:34:53.085 28816 28849 D MCAM_CCW_WatermarkLayout: id =space_layout  type =Layout
11-22 11:34:53.085 28816 28849 D MCAM_CCW_WatermarkLayout: id =brand_layout  type =Layout
11-22 11:34:53.085 28816 28849 D MCAM_CCW_WatermarkLayout: id =logo  type =ImageView
11-22 11:34:53.086 28816 28849 D MCAM_CCW_WatermarkLayout: id =model  type =TextView
11-22 11:34:53.086 28816 28849 D MCAM_CCW_MarketName: marketName = [[Mi, 10]]
11-22 11:34:53.086 28816 28849 D MCAM_CCW_WmModelView: logo&brand = *XIAOMI 10*    brandData.series = *10*    brandData.versionNumber = **    brandData.colorVersionNumber = **    brandData.versionName = **
11-22 11:34:53.086 28816 28849 D MCAM_CCW_WmModelView: updateModelString:  10
11-22 11:34:53.086 28816 28849 D MCAM_CCW_WatermarkLayout: id =model_versionName  type =TextView
11-22 11:34:53.086 28816 28849 D MCAM_CCW_MarketName: marketName = [[Mi, 10]]
11-22 11:34:53.087 28816 28849 D MCAM_CCW_WmModelView: logo&brand = *XIAOMI 10*    brandData.series = *10*    brandData.versionNumber = **    brandData.colorVersionNumber = **    brandData.versionName = **
11-22 11:34:53.087 28816 28849 D MCAM_CCW_WmModelView: updateModelString: 
11-22 11:34:53.087 28816 28849 D MCAM_CCW_WatermarkLayout: id =custom_text  type =TextView
11-22 11:34:53.087 28816 28849 D MCAM_CCW_WatermarkLayout: id =time  type =TextView
11-22 11:34:53.087 28816 28849 D MCAM_CCW_WmLayoutConfig: keyLayout:top_left id = all_content
11-22 11:34:53.087 28816 28849 D MCAM_CCW_WatermarkLayout: id =src_image_view  type =ImageView
11-22 11:34:53.087 28816 28849 D MCAM_CCW_WatermarkLayout: id =watermark_container  type =Layout
11-22 11:34:53.088 28816 28849 D MCAM_CCW_WatermarkLayout: id =custom_icon_layout  type =Layout
11-22 11:34:53.088 28816 28849 D MCAM_CCW_WatermarkLayout: id =custom_icon  type =ImageView
11-22 11:34:53.088 28816 28849 D MCAM_CCW_WatermarkLayout: id =space_layout  type =Layout
11-22 11:34:53.088 28816 28849 D MCAM_CCW_WatermarkLayout: id =brand_layout  type =Layout
11-22 11:34:53.088 28816 28849 D MCAM_CCW_WatermarkLayout: id =logo  type =ImageView
11-22 11:34:53.088 28816 28849 D MCAM_CCW_WatermarkLayout: id =model  type =TextView
11-22 11:34:53.088 28816 28849 D MCAM_CCW_MarketName: marketName = [[Mi, 10]]
11-22 11:34:53.089 28816 28849 D MCAM_CCW_WmModelView: logo&brand = *XIAOMI 10*    brandData.series = *10*    brandData.versionNumber = **    brandData.colorVersionNumber = **    brandData.versionName = **
11-22 11:34:53.089 28816 28849 D MCAM_CCW_WmModelView: updateModelString:  10
11-22 11:34:53.089 28816 28849 D MCAM_CCW_WatermarkLayout: id =model_versionName  type =TextView
11-22 11:34:53.089 28816 28849 D MCAM_CCW_MarketName: marketName = [[Mi, 10]]
11-22 11:34:53.089 28816 28849 D MCAM_CCW_WmModelView: logo&brand = *XIAOMI 10*    brandData.series = *10*    brandData.versionNumber = **    brandData.colorVersionNumber = **    brandData.versionName = **
11-22 11:34:53.089 28816 28849 D MCAM_CCW_WmModelView: updateModelString: 
11-22 11:34:53.089 28816 28849 D MCAM_CCW_WatermarkLayout: id =custom_text  type =TextView
11-22 11:34:53.090 28816 28849 D MCAM_CCW_WatermarkLayout: id =time  type =TextView
11-22 11:34:53.090 28816 28849 D MCAM_CCW_WmLayoutConfig: keyLayout:top_middle id = all_content
11-22 11:34:53.090 28816 28849 D MCAM_CCW_WatermarkLayout: id =src_image_view  type =ImageView
11-22 11:34:53.090 28816 28849 D MCAM_CCW_WatermarkLayout: id =watermark_container  type =Layout
11-22 11:34:53.090 28816 28849 D MCAM_CCW_WatermarkLayout: id =custom_icon_layout  type =Layout
11-22 11:34:53.090 28816 28849 D MCAM_CCW_WatermarkLayout: id =custom_icon  type =ImageView
11-22 11:34:53.091 28816 28849 D MCAM_CCW_WatermarkLayout: id =space_layout  type =Layout
11-22 11:34:53.091 28816 28849 D MCAM_CCW_WatermarkLayout: id =brand_layout  type =Layout
11-22 11:34:53.091 28816 28849 D MCAM_CCW_WatermarkLayout: id =logo  type =ImageView
11-22 11:34:53.091 28816 28849 D MCAM_CCW_WatermarkLayout: id =model  type =TextView
11-22 11:34:53.091 28816 28849 D MCAM_CCW_MarketName: marketName = [[Mi, 10]]
11-22 11:34:53.091 28816 28849 D MCAM_CCW_WmModelView: logo&brand = *XIAOMI 10*    brandData.series = *10*    brandData.versionNumber = **    brandData.colorVersionNumber = **    brandData.versionName = **
11-22 11:34:53.091 28816 28849 D MCAM_CCW_WmModelView: updateModelString:  10
11-22 11:34:53.091 28816 28849 D MCAM_CCW_WatermarkLayout: id =model_versionName  type =TextView
11-22 11:34:53.092 28816 28849 D MCAM_CCW_MarketName: marketName = [[Mi, 10]]
11-22 11:34:53.092 28816 28849 D MCAM_CCW_WmModelView: logo&brand = *XIAOMI 10*    brandData.series = *10*    brandData.versionNumber = **    brandData.colorVersionNumber = **    brandData.versionName = **
11-22 11:34:53.092 28816 28849 D MCAM_CCW_WmModelView: updateModelString: 
11-22 11:34:53.092 28816 28849 D MCAM_CCW_WatermarkLayout: id =custom_text  type =TextView
11-22 11:34:53.092 28816 28849 D MCAM_CCW_WatermarkLayout: id =time  type =TextView
11-22 11:34:53.092 28816 28849 D MCAM_CCW_WmLayoutConfig: keyLayout:top_right id = all_content
11-22 11:34:53.093 28816 28849 D MCAM_CCW_WatermarkLayout: id =src_image_view  type =ImageView
11-22 11:34:53.093 28816 28849 D MCAM_CCW_WatermarkLayout: id =watermark_container  type =Layout
11-22 11:34:53.093 28816 28849 D MCAM_CCW_WatermarkLayout: id =custom_icon_layout  type =Layout
11-22 11:34:53.093 28816 28849 D MCAM_CCW_WatermarkLayout: id =custom_icon  type =ImageView
11-22 11:34:53.093 28816 28849 D MCAM_CCW_WatermarkLayout: id =space_layout  type =Layout
11-22 11:34:53.093 28816 28849 D MCAM_CCW_WatermarkLayout: id =brand_layout  type =Layout
11-22 11:34:53.093 28816 28849 D MCAM_CCW_WatermarkLayout: id =logo  type =ImageView
11-22 11:34:53.094 28816 28849 D MCAM_CCW_WatermarkLayout: id =model  type =TextView
11-22 11:34:53.094 28816 28849 D MCAM_CCW_MarketName: marketName = [[Mi, 10]]
11-22 11:34:53.094 28816 28949 V MCAM_FilterDataSource: loadCloudFilter success
11-22 11:34:53.094 28816 28849 D MCAM_CCW_WmModelView: logo&brand = *XIAOMI 10*    brandData.series = *10*    brandData.versionNumber = **    brandData.colorVersionNumber = **    brandData.versionName = **
11-22 11:34:53.094 28816 28849 D MCAM_CCW_WmModelView: updateModelString:  10
11-22 11:34:53.094 28816 28849 D MCAM_CCW_WatermarkLayout: id =model_versionName  type =TextView
11-22 11:34:53.094 28816 28949 I CloudConfig: update request status, current: 2, expectPrev: 2 status: 4
11-22 11:34:53.094 28816 28849 D MCAM_CCW_MarketName: marketName = [[Mi, 10]]
11-22 11:34:53.095 28816 28849 D MCAM_CCW_WmModelView: logo&brand = *XIAOMI 10*    brandData.series = *10*    brandData.versionNumber = **    brandData.colorVersionNumber = **    brandData.versionName = **
11-22 11:34:53.095 28816 28849 D MCAM_CCW_WmModelView: updateModelString: 
11-22 11:34:53.095 28816 28849 D MCAM_CCW_WatermarkLayout: id =custom_text  type =TextView
11-22 11:34:53.095 28816 28849 D MCAM_CCW_WatermarkLayout: id =time  type =TextView
11-22 11:34:53.095 28816 28849 D MCAM_CCW_WatermarkItem: initconfig cost: 49
11-22 11:34:53.098 28816 28849 D MCAM_CCW_WmUserConfig: saveWatermark: 7
11-22 11:34:53.099 28816 28849 D MCAM_CCW_WmUserConfig: init config, path:/storage/emulated/0/Android/data/com.android.camera/files/watermarks/standard/7/userData/current/userConfig.json, watermarkId:7
11-22 11:34:53.099  1605 10019 W ServiceManagerCppClient: Waited one second for stats (is service started? Number of threads started in the threadpool: 17. Are binder threads started and available?)
11-22 11:34:53.103  3192  3266 W IWlanNetworkService: 186 > Response Processed
11-22 11:34:53.106 28816 28946 W CameraMetadataJV: Expect face scores and rectangles to be non-null
11-22 11:34:53.106 28816 28946 W CameraMetadataJV: Expect face scores and rectangles to be non-null
11-22 11:34:53.107 28816 28849 D MCAM_CCW_WmTranslator: init: /storage/emulated/0/Android/data/com.android.camera/files/watermarks/standard/8/i18n.json
11-22 11:34:53.109 28816 28849 D MCAM_CCW_MarketName: marketName = [[Mi, 10]]
11-22 11:34:53.109 28816 28849 D MCAM_CCW_WaterMarkConfig: init: /storage/emulated/0/Android/data/com.android.camera/files/watermarks/standard/8/config.json
11-22 11:34:53.110 28816 28849 D MCAM_CCW_WatermarkMeta: parseConfig: 3.0
11-22 11:34:53.110 28816 28849 D MCAM_CCW_WatermarkMeta: parseConfig: time = 0.070209 ms
11-22 11:34:53.110 28816 28849 D MCAM_CCW_WmLayoutConfig: keyLayout:bottom_middle id = all_content
11-22 11:34:53.110 28816 28849 D MCAM_CCW_WatermarkLayout: id =src_image_view  type =ImageView
11-22 11:34:53.110 28816 28849 D MCAM_CCW_WatermarkLayout: id =watermark_container  type =Layout
11-22 11:34:53.111 28816 28849 D MCAM_CCW_WatermarkLayout: id =brand_layout  type =Layout
11-22 11:34:53.111 28816 28849 D MCAM_CCW_WatermarkLayout: id =logo  type =ImageView
11-22 11:34:53.111 28816 28849 D MCAM_CCW_WatermarkLayout: id =model  type =TextView
11-22 11:34:53.111 28816 28849 D MCAM_CCW_MarketName: marketName = [[Mi, 10]]
11-22 11:34:53.111 28816 28849 D MCAM_CCW_WmModelView: logo&brand = *XIAOMI 10*    brandData.series = *10*    brandData.versionNumber = **    brandData.colorVersionNumber = **    brandData.versionName = **
11-22 11:34:53.111 28816 28849 D MCAM_CCW_WmModelView: updateModelString:  10
11-22 11:34:53.111 28816 28849 D MCAM_CCW_WatermarkLayout: id =model_versionName  type =TextView
11-22 11:34:53.112 28816 28849 D MCAM_CCW_MarketName: marketName = [[Mi, 10]]
11-22 11:34:53.112 28816 28849 D MCAM_CCW_WmModelView: logo&brand = *XIAOMI 10*    brandData.series = *10*    brandData.versionNumber = **    brandData.colorVersionNumber = **    brandData.versionName = **
11-22 11:34:53.112 28816 28849 D MCAM_CCW_WmModelView: updateModelString: 
11-22 11:34:53.112 28816 28849 D MCAM_CCW_WatermarkLayout: id =exif  type =TextView
11-22 11:34:53.112 28816 28849 D MCAM_CCW_WmExifView: updateExifString start: @{focal}mm  f/@{aperture}  @{speed}s  ISO@{iso} (focal:35 aperture:1.8 speed:1/60 iso:200)
11-22 11:34:53.112 28816 28849 D MCAM_CCW_WmExifView: updateExifString end: 35mm  f/1.8  1/60s  ISO200
11-22 11:34:53.112 28816 28849 D MCAM_CCW_WatermarkLayout: id =location  type =TextView
11-22 11:34:53.112 28816 28849 D MCAM_CCW_WatermarkLayout: id =time  type =TextView
11-22 11:34:53.112 28816 28849 D MCAM_CCW_WmLayoutConfig: keyLayout:bottom_left id = all_content
11-22 11:34:53.112 28816 28849 D MCAM_CCW_WatermarkLayout: id =src_image_view  type =ImageView
11-22 11:34:53.113 28816 28849 D MCAM_CCW_WatermarkLayout: id =watermark_container  type =Layout
11-22 11:34:53.113 28816 28849 D MCAM_CCW_WatermarkLayout: id =brand_layout  type =Layout
11-22 11:34:53.113 28816 28849 D MCAM_CCW_WatermarkLayout: id =logo  type =ImageView
11-22 11:34:53.113 28816 28849 D MCAM_CCW_WatermarkLayout: id =model  type =TextView
11-22 11:34:53.113 28816 28849 D MCAM_CCW_MarketName: marketName = [[Mi, 10]]
11-22 11:34:53.114 28816 28849 D MCAM_CCW_WmModelView: logo&brand = *XIAOMI 10*    brandData.series = *10*    brandData.versionNumber = **    brandData.colorVersionNumber = **    brandData.versionName = **
11-22 11:34:53.114 28816 28849 D MCAM_CCW_WmModelView: updateModelString:  10
11-22 11:34:53.114 28816 28849 D MCAM_CCW_WatermarkLayout: id =model_versionName  type =TextView
11-22 11:34:53.115 28816 28849 D MCAM_CCW_MarketName: marketName = [[Mi, 10]]
11-22 11:34:53.115 28816 28849 D MCAM_CCW_WmModelView: logo&brand = *XIAOMI 10*    brandData.series = *10*    brandData.versionNumber = **    brandData.colorVersionNumber = **    brandData.versionName = **
11-22 11:34:53.115 28816 28849 D MCAM_CCW_WmModelView: updateModelString: 
11-22 11:34:53.115 28816 28849 D MCAM_CCW_WatermarkLayout: id =exif  type =TextView
11-22 11:34:53.115 28816 28849 D MCAM_CCW_WmExifView: updateExifString start: @{focal}mm  f/@{aperture}  @{speed}s  ISO@{iso} (focal:35 aperture:1.8 speed:1/60 iso:200)
11-22 11:34:53.115 28816 28849 D MCAM_CCW_WmExifView: updateExifString end: 35mm  f/1.8  1/60s  ISO200
11-22 11:34:53.115 28816 28849 D MCAM_CCW_WatermarkLayout: id =location  type =TextView
11-22 11:34:53.116 28816 28849 D MCAM_CCW_WatermarkLayout: id =time  type =TextView
11-22 11:34:53.116 28816 28849 D MCAM_CCW_WmLayoutConfig: keyLayout:bottom_right id = all_content
11-22 11:34:53.116 28816 28849 D MCAM_CCW_WatermarkLayout: id =src_image_view  type =ImageView
11-22 11:34:53.117 28816 28849 D MCAM_CCW_WatermarkLayout: id =watermark_container  type =Layout
11-22 11:34:53.117 28816 28849 D MCAM_CCW_WatermarkLayout: id =brand_layout  type =Layout
11-22 11:34:53.117 28816 28849 D MCAM_CCW_WatermarkLayout: id =logo  type =ImageView
11-22 11:34:53.117 28816 28956 D CCodecBufferChannel: [c2.android.vorbis.decoder#764] MediaCodec discarded an unknown buffer
11-22 11:34:53.117 28816 28956 D CCodecBufferChannel: [c2.android.vorbis.decoder#764] MediaCodec discarded an unknown buffer
11-22 11:34:53.117 28816 28956 D CCodecBufferChannel: [c2.android.vorbis.decoder#764] MediaCodec discarded an unknown buffer
11-22 11:34:53.117 28816 28849 D MCAM_CCW_WatermarkLayout: id =model  type =TextView
11-22 11:34:53.117 28816 28849 D MCAM_CCW_MarketName: marketName = [[Mi, 10]]
11-22 11:34:53.118 28816 28849 D MCAM_CCW_WmModelView: logo&brand = *XIAOMI 10*    brandData.series = *10*    brandData.versionNumber = **    brandData.colorVersionNumber = **    brandData.versionName = **
11-22 11:34:53.118 28816 28849 D MCAM_CCW_WmModelView: updateModelString:  10
11-22 11:34:53.118 28816 28849 D MCAM_CCW_WatermarkLayout: id =model_versionName  type =TextView
11-22 11:34:53.118 28816 28849 D MCAM_CCW_MarketName: marketName = [[Mi, 10]]
11-22 11:34:53.118 28816 28849 D MCAM_CCW_WmModelView: logo&brand = *XIAOMI 10*    brandData.series = *10*    brandData.versionNumber = **    brandData.colorVersionNumber = **    brandData.versionName = **
11-22 11:34:53.118 28816 28849 D MCAM_CCW_WmModelView: updateModelString: 
11-22 11:34:53.118 28816 28849 D MCAM_CCW_WatermarkLayout: id =exif  type =TextView
11-22 11:34:53.118 28816 28849 D MCAM_CCW_WmExifView: updateExifString start: @{focal}mm  f/@{aperture}  @{speed}s  ISO@{iso} (focal:35 aperture:1.8 speed:1/60 iso:200)
11-22 11:34:53.118 28816 28849 D MCAM_CCW_WmExifView: updateExifString end: 35mm  f/1.8  1/60s  ISO200
11-22 11:34:53.118 28816 28849 D MCAM_CCW_WatermarkLayout: id =location  type =TextView
11-22 11:34:53.118 28816 28849 D MCAM_CCW_WatermarkLayout: id =time  type =TextView
11-22 11:34:53.119 28816 28849 D MCAM_CCW_WmLayoutConfig: keyLayout:center_left id = all_content
11-22 11:34:53.119 28816 28849 D MCAM_CCW_WatermarkLayout: id =src_image_view  type =ImageView
11-22 11:34:53.119 28816 28849 D MCAM_CCW_WatermarkLayout: id =watermark_container  type =Layout
11-22 11:34:53.119 28816 28849 D MCAM_CCW_WatermarkLayout: id =brand_layout  type =Layout
11-22 11:34:53.119 28816 28849 D MCAM_CCW_WatermarkLayout: id =logo  type =ImageView
11-22 11:34:53.119 28816 28849 D MCAM_CCW_WatermarkLayout: id =model  type =TextView
11-22 11:34:53.119 28816 28849 D MCAM_CCW_MarketName: marketName = [[Mi, 10]]
11-22 11:34:53.120 28816 28849 D MCAM_CCW_WmModelView: logo&brand = *XIAOMI 10*    brandData.series = *10*    brandData.versionNumber = **    brandData.colorVersionNumber = **    brandData.versionName = **
11-22 11:34:53.120 28816 28849 D MCAM_CCW_WmModelView: updateModelString:  10
11-22 11:34:53.120 28816 28849 D MCAM_CCW_WatermarkLayout: id =model_versionName  type =TextView
11-22 11:34:53.120 28816 28849 D MCAM_CCW_MarketName: marketName = [[Mi, 10]]
11-22 11:34:53.120 28816 28849 D MCAM_CCW_WmModelView: logo&brand = *XIAOMI 10*    brandData.series = *10*    brandData.versionNumber = **    brandData.colorVersionNumber = **    brandData.versionName = **
11-22 11:34:53.120 28816 28849 D MCAM_CCW_WmModelView: updateModelString: 
11-22 11:34:53.120 28816 28849 D MCAM_CCW_WatermarkLayout: id =exif  type =TextView
11-22 11:34:53.120 28816 28849 D MCAM_CCW_WmExifView: updateExifString start: @{focal}mm  f/@{aperture}  @{speed}s  ISO@{iso} (focal:35 aperture:1.8 speed:1/60 iso:200)
11-22 11:34:53.120 28816 28849 D MCAM_CCW_WmExifView: updateExifString end: 35mm  f/1.8  1/60s  ISO200
11-22 11:34:53.120 28816 28849 D MCAM_CCW_WatermarkLayout: id =location  type =TextView
11-22 11:34:53.120 28816 28849 D MCAM_CCW_WatermarkLayout: id =time  type =TextView
11-22 11:34:53.121 28816 28849 D MCAM_CCW_WmLayoutConfig: keyLayout:center_middle id = all_content
11-22 11:34:53.121 28816 28849 D MCAM_CCW_WatermarkLayout: id =src_image_view  type =ImageView
11-22 11:34:53.121 28816 28849 D MCAM_CCW_WatermarkLayout: id =watermark_container  type =Layout
11-22 11:34:53.121 28816 28849 D MCAM_CCW_WatermarkLayout: id =brand_layout  type =Layout
11-22 11:34:53.121 28816 28849 D MCAM_CCW_WatermarkLayout: id =logo  type =ImageView
11-22 11:34:53.122 28816 28849 D MCAM_CCW_WatermarkLayout: id =model  type =TextView
11-22 11:34:53.122 28816 28849 D MCAM_CCW_MarketName: marketName = [[Mi, 10]]
11-22 11:34:53.123 28816 28849 D MCAM_CCW_WmModelView: logo&brand = *XIAOMI 10*    brandData.series = *10*    brandData.versionNumber = **    brandData.colorVersionNumber = **    brandData.versionName = **
11-22 11:34:53.123 28816 28849 D MCAM_CCW_WmModelView: updateModelString:  10
11-22 11:34:53.123 28816 28849 D MCAM_CCW_WatermarkLayout: id =model_versionName  type =TextView
11-22 11:34:53.124 28816 28849 D MCAM_CCW_MarketName: marketName = [[Mi, 10]]
11-22 11:34:53.125 28816 28849 D MCAM_CCW_WmModelView: logo&brand = *XIAOMI 10*    brandData.series = *10*    brandData.versionNumber = **    brandData.colorVersionNumber = **    brandData.versionName = **
11-22 11:34:53.125 28816 28849 D MCAM_CCW_WmModelView: updateModelString: 
11-22 11:34:53.125 28816 28849 D MCAM_CCW_WatermarkLayout: id =exif  type =TextView
11-22 11:34:53.125 28816 28849 D MCAM_CCW_WmExifView: updateExifString start: @{focal}mm  f/@{aperture}  @{speed}s  ISO@{iso} (focal:35 aperture:1.8 speed:1/60 iso:200)
11-22 11:34:53.126 28816 28849 D MCAM_CCW_WmExifView: updateExifString end: 35mm  f/1.8  1/60s  ISO200
11-22 11:34:53.126 28816 28849 D MCAM_CCW_WatermarkLayout: id =location  type =TextView
11-22 11:34:53.126 28816 28849 D MCAM_CCW_WatermarkLayout: id =time  type =TextView
11-22 11:34:53.127 28816 28849 D MCAM_CCW_WmLayoutConfig: keyLayout:center_right id = all_content
11-22 11:34:53.128 28816 28950 D CCodecBufferChannel: [c2.android.vorbis.decoder#860] MediaCodec discarded an unknown buffer
11-22 11:34:53.128 28816 28950 D CCodecBufferChannel: [c2.android.vorbis.decoder#860] MediaCodec discarded an unknown buffer
11-22 11:34:53.130 28816 28849 D MCAM_CCW_WatermarkLayout: id =src_image_view  type =ImageView
11-22 11:34:53.130 28816 28970 I hw-BpHwBinder: onLastStrongRef automatically unlinking death recipients
11-22 11:34:53.130  1645  1783 I hw-BpHwBinder: onLastStrongRef automatically unlinking death recipients
11-22 11:34:53.131  1645  1783 D BufferPoolAccessor2.0: Destruction - bufferpool2 0xb400006f131e84c8 cached: 0/0M, 0/0% in use; allocs: 0, 0% recycled; transfers: 0, 0% unfetched
11-22 11:34:53.131 28816 28849 D MCAM_CCW_WatermarkLayout: id =watermark_container  type =Layout
11-22 11:34:53.131 28816 28849 D MCAM_CCW_WatermarkLayout: id =brand_layout  type =Layout
11-22 11:34:53.132 28816 28849 D MCAM_CCW_WatermarkLayout: id =logo  type =ImageView
11-22 11:34:53.132 28816 28849 D MCAM_CCW_WatermarkLayout: id =model  type =TextView
11-22 11:34:53.132 28816 28849 D 