11-06 22:29:01.279 D/audio_hw_extn( 1083): audio_extn_get_parameters: returns audio_camera_zoom_support=false
11-06 22:29:01.279 V/msm8974_platform( 1083): platform_get_parameters: exit: returns - audio_camera_zoom_support=false
11-06 22:29:01.279 D/audio_hw_primary( 1083): adev_get_parameters: exit: returns - audio_camera_zoom_support=false
11-06 22:29:01.279 D/CAM_AiAudioParameterManager(13506): isSupportAiAudioNew: AUDIO_CAMERA_ZOOM_SUPPORT = false
11-06 22:29:01.279 D/CAM_AiAudioParameterManager(13506): isSupportAiAudioNew: parameter not supported
11-06 22:29:01.279 D/CAM_CameraCapabilities(13506): portraitBokehZoomMap：   PORTRAIT_BOKEH_ZOOM_RATIO_MAP is null
11-06 22:29:01.279 D/CAM_CameraCapabilities(13506): portraitBokehApertureAbilityMap：   PORTRAIT_BOKEH_APERTURE_ABILITY_MAP is null
11-06 22:29:01.280 D/CAM_ComponentConfigFlash(13506): setBanned() called with: banned = [false]
11-06 22:29:01.280 D/CAM_CameraCapabilities(13506): SupportSlowMotionCameraValue：   MULTI_LENS_SUPPORT_SLOW_MOTION is null
11-06 22:29:01.280 D/CAM_CameraCapabilities(13506): SupportSlowMotionCameraLens：   MULTI_LENS_SUPPORT_SLOW_MOTION is null
11-06 22:29:01.280 D/CAM_CameraCapabilities(13506): isExposureMeteringSupported: 0
11-06 22:29:01.280 D/CAM_CameraCapabilities(13506): com.xiaomi.lens.info.AVAILABLE_EXPOSURE_MODES invalid ,used default value 
11-06 22:29:01.280 D/CAM_CameraCapabilities(13506): com.xiaomi.lens.info.availableApertureModes invalid ,used default value 
11-06 22:29:01.280 W/CAM_Camera2CompatAdapterRole(13506): Warning: getAuxCameraId(): #init() failed, roleId=20
11-06 22:29:01.281 D/CAM_ComponentConfigHDR10(13506): reInit E
11-06 22:29:01.281 D/CAM_ComponentConfigHDR10PRO(13506): reInit E
11-06 22:29:01.281 D/CAM_ComponentConfigTrueColour(13506): reInit E
11-06 22:29:01.281 D/CAM_DataItemGlobal(13506): setSortModes [167, 186, 162, 163, 171, 173, 254, 175, 166, 209, 220, 172, 169, 184, 211, 187, 210, 164]
11-06 22:29:01.282 D/CAM_Camera2CompatAdapter(13506): X: initCameraCapabilitiesByCameraId(): 4
11-06 22:29:01.282 D/CAM_Camera2CompatAdapter(13506): E: initCameraCapabilitiesByCameraId(): 5
11-06 22:29:01.288 W/ServiceManagerCppClient( 1254): Waited one second for stats (is service started? Number of threads started in the threadpool: 6. Are binder threads started and available?)
11-06 22:29:01.288 D/CAM_CameraCapabilities(13506): QuickShotDelayTime tag not defined
11-06 22:29:01.288 D/CAM_CameraCapabilities(13506): HQQuickShot: mFeatureMask: 0   mDelayTimeMask: 0
11-06 22:29:01.288 D/CAM_CameraCapabilities(13506): QuickShotDelayTimeFactor tag not defined
11-06 22:29:01.288 D/CAM_CameraCapabilities(13506): QuickShot: mDelayTimeFactor: 100
11-06 22:29:01.288 D/CAM_CameraCapabilities(13506): MiviSuperNight: mSuperNightMask: 0
11-06 22:29:01.288 D/CAM_CameraCapabilities(13506): QuickShotNextCaptureMask: mQuickShotNextCaptureMask: 0
11-06 22:29:01.288 W/ServiceManagerCppClient( 1566): Waited one second for stats (is service started? Number of threads started in the threadpool: 17. Are binder threads started and available?)
11-06 22:29:01.288 D/CAM_CameraCapabilities(13506): getBeautyVersionData: 3 ,beautyVersion: 3 ,beautyAlgo: 1
11-06 22:29:01.288 D/CAM_CameraCapabilities(13506): SnapshotQuickViewStreamMask: 0
11-06 22:29:01.288 D/CAM_Camera2CompatAdapter(13506): X: initCameraCapabilitiesByCameraId(): 5
11-06 22:29:01.288 D/CAM_Camera2CompatAdapter(13506): E: initCameraCapabilitiesByCameraId(): 6
11-06 22:29:01.292 D/BaseDepthController( 2880): mSurface is null and mCurrentBlur is: 0
11-06 22:29:01.295 D/CAM_CameraCapabilities(13506): QuickShotDelayTime tag not defined
11-06 22:29:01.295 D/CAM_CameraCapabilities(13506): HQQuickShot: mFeatureMask: 0   mDelayTimeMask: 0
11-06 22:29:01.295 D/CAM_CameraCapabilities(13506): QuickShotDelayTimeFactor tag not defined
11-06 22:29:01.295 D/CAM_CameraCapabilities(13506): QuickShot: mDelayTimeFactor: 100
11-06 22:29:01.295 D/CAM_CameraCapabilities(13506): MiviSuperNight: mSuperNightMask: 0
11-06 22:29:01.295 D/CAM_CameraCapabilities(13506): QuickShotNextCaptureMask: mQuickShotNextCaptureMask: 0
11-06 22:29:01.295 D/CAM_CameraCapabilities(13506): getBeautyVersionData: 3 ,beautyVersion: 3 ,beautyAlgo: 1
11-06 22:29:01.295 D/CAM_CameraCapabilities(13506): SnapshotQuickViewStreamMask: 0
11-06 22:29:01.295 D/CAM_Camera2CompatAdapter(13506): X: initCameraCapabilitiesByCameraId(): 6
11-06 22:29:01.295 D/CAM_Camera2CompatAdapter(13506): E: initCameraCapabilitiesByCameraId(): 7
11-06 22:29:01.302 V/CAM_ComponentModuleList(13506): initItems [ComponentDataItem{mDisplayName='Pro'mValue='167'}, ComponentDataItem{mDisplayName='Documentos'mValue='186'}, ComponentDataItem{mDisplayName='Vídeo'mValue='162'}, ComponentDataItem{mDisplayName='Foto'mValue='163'}, ComponentDataItem{mDisplayName='Retrato'mValue='171'}, ComponentDataItem{mDisplayName='Nocturno'mValue='173'}, ComponentDataItem{mDisplayName='Más'mValue='254'}, ComponentDataItem{mDisplayName='108MP'mValue='175'}, ComponentDataItem{mDisplayName='Panorámica'mValue='166'}, ComponentDataItem{mDisplayName='VLOG'mValue='209'}, ComponentDataItem{mDisplayName='Cortometraje'mValue='220'}, ComponentDataItem{mDisplayName='Cámara lenta'mValue='172'}, ComponentDataItem{mDisplayName='Time-lapse'mValue='169'}, ComponentDataItem{mDisplayName='Avatares de stickers'mValue='184'}, ComponentDataItem{mDisplayName='Efectos de película'mValue='211'}, ComponentDataItem{mDisplayName='Exposición prolongada'mValue='187'}, ComponentDataItem{mDisplayName='Clonar'mValue='210'}, ComponentDataItem{mDisplayName='Modo director'mValue='164'}, ComponentDataItem{mDisplayName='Editar'mValue='255'}]
11-06 22:29:01.302 I/CAM_PaintConditionReferred(13506): configVariables mode:163, uiStyle:0
11-06 22:29:01.302 D/CAM_DataItemRunning(13506): setPaintCondition: 0
11-06 22:29:01.302 D/CAM_CameraCapabilities(13506): QuickShotDelayTime tag not defined
11-06 22:29:01.302 D/CAM_CameraCapabilities(13506): HQQuickShot: mFeatureMask: 0   mDelayTimeMask: 0
11-06 22:29:01.302 D/CAM_Camera@123830004(13506): onLifeAlive module 0xa3, need anim 1, need blur false need reconfig true reset type 4
11-06 22:29:01.302 D/CompatibilityUtils(13506): getSdcardPath: sdcardVolume = null
11-06 22:29:01.302 D/CAM_Camera@123830004(13506): isFromKeyguard: false
11-06 22:29:01.302 D/CAM_FileCompat(13506): getExtSDCardPaths: activePath = null
11-06 22:29:01.302 D/CAM_CameraCapabilities(13506): QuickShotDelayTimeFactor tag not defined
11-06 22:29:01.302 D/CAM_CameraCapabilities(13506): QuickShot: mDelayTimeFactor: 100
11-06 22:29:01.302 D/CAM_CameraCapabilities(13506): MiviSuperNight: mSuperNightMask: 0
11-06 22:29:01.302 D/CAM_CameraCapabilities(13506): QuickShotNextCaptureMask: mQuickShotNextCaptureMask: 0
11-06 22:29:01.302 D/CAM_Camera@123830004(13506): onLifeAlive: isFromKeyguard: false, mHasFocus: false
11-06 22:29:01.302 D/CAM_CameraCapabilities(13506): getBeautyVersionData: 3 ,beautyVersion: 3 ,beautyAlgo: 1
11-06 22:29:01.302 D/CAM_CameraCapabilities(13506): SnapshotQuickViewStreamMask: 0
11-06 22:29:01.302 D/CAM_Camera2CompatAdapter(13506): X: initCameraCapabilitiesByCameraId(): 7
11-06 22:29:01.302 I/CAM_PermissionManager(13506): getNeedCheckPermissionList() listSize =0
11-06 22:29:01.302 I/CAM_PermissionManager(13506): checkCameraLaunchPermissions(), all on
11-06 22:29:01.302 D/CAM_Camera2CompatAdapter(13506): E: initCameraCapabilitiesByCameraId(): 8
11-06 22:29:01.302 D/CAM_Camera@123830004(13506): setupCamera: E
11-06 22:29:01.302 D/CompatibilityUtils(13506): getSdcardPath: sdcardVolume = null
11-06 22:29:01.302 D/CAM_FileCompat(13506): getExtSDCardPaths: activePath = null
11-06 22:29:01.302 D/CAM_Camera@123830004(13506): closeCameraSetup: CameraPendingSetupDisposable: X
11-06 22:29:01.302 D/CAM_Camera@123830004(13506): closeCameraSetup: CameraSetupDisposable: X
11-06 22:29:01.302 D/CAM_Camera@123830004(13506): setupCamera: CameraSetupDisposable: E
11-06 22:29:01.303 D/CAM_MiCamera2(13506): MiCamera2: preload
11-06 22:29:01.303 I/CAM_PermissionManager(13506): getNeedCheckPermissionList() listSize =0
11-06 22:29:01.303 I/CAM_PerformanceManager(13506): [P_PERFORM]: Action: loading_class_163_0 takes 38 ms
11-06 22:29:01.303 D/CAM_Camera@123830004(13506): setupCamera: X
11-06 22:29:01.303 I/CAM_PermissionManager(13506): checkCameraLaunchPermissions(), all on
11-06 22:29:01.303 D/CAM_CameraAppImpl(13506): LoadClassUseInLaunch<<
11-06 22:29:01.303 D/CAM_DragEventBusImpl(13506): addOnDragListener: FragmentBottomAction
11-06 22:29:01.303 D/CAM_DragEventBusImpl(13506): addOnDragListener: FragmentModeSelector
11-06 22:29:01.304 D/CAM_Camera@123830004(13506): setBasicUICreated
11-06 22:29:01.304 D/CAM_Camera2Module(13506): notifyUICreated
11-06 22:29:01.304 V/CAM_Delegate@166674310(13506): loadModule + opts {POPUP_TIPS=[BaseOperation{type=ADD, contType=POPUP_TIPS, info= 0xFFF9, subInfo= 0xF0'}], PREVIEW_ROOT=[BaseOperation{type=ADD, contType=PREVIEW_ROOT, info= 0xFFFFFF2, subInfo= 0xF0'}], }
11-06 22:29:01.304 V/CAM_Delegate@166674310(13506): diffOpts : new {POPUP_TIPS=[BaseOperation{type=ADD, contType=POPUP_TIPS, info= 0xFFF9, subInfo= 0xF0'}], PREVIEW_ROOT=[BaseOperation{type=ADD, contType=PREVIEW_ROOT, info= 0xFFFFFF2, subInfo= 0xF0'}], }
11-06 22:29:01.304 V/CAM_Delegate@166674310(13506): clearOpts {}
11-06 22:29:01.304 V/CAM_Delegate@166674310(13506): loadModule + types [6, 10]
11-06 22:29:01.304 V/CAM_Delegate@166674310(13506): checkOperation type POPUP_TIPS, operations [BaseOperation{type=ADD, contType=POPUP_TIPS, info= 0xFFF9, subInfo= 0xF0'}], currentFragments {BOTTOM_BAR ,VState :0 , fragInfo: [0xF1], MODE_SELECTOR ,VState :0 , fragInfo: [0xF2], TOP_BAR ,VState :0 , fragInfo: [0xF4], DUAL_CAMERA ,VState :0 , fragInfo: [0xFF4], MAIN_CONTENT ,VState :0 , fragInfo: [0xF3], POPUP_TIPS ,VState :0 , fragInfo: [0xF0], BEAUTY_PANEL ,VState :0 , fragInfo: [0xF0], POST_VIEW ,VState :0 , fragInfo: [0xF0], GALLERY , fragInfo: [0xF0], PREVIEW_ROOT ,VState :0 , fragInfo: [0xF0], EXTRA_TOP_BAR , fragInfo: [0xF0], MENU_ROOT ,VState :0 , fragInfo: [0xF0], LOWER_LAYER ,VState :0 , fragInfo: [0xF0], MID_LAYER ,VState :0 , fragInfo: [0xF0], HIGHER_LAYER ,VState :0 , fragInfo: [0xF0]}
11-06 22:29:01.304 V/CAM_Delegate@166674310(13506): checkOperation type PREVIEW_ROOT, operations [BaseOperation{type=ADD, contType=PREVIEW_ROOT, info= 0xFFFFFF2, subInfo= 0xF0'}], currentFragments {BOTTOM_BAR ,VState :0 , fragInfo: [0xF1], MODE_SELECTOR ,VState :0 , fragInfo: [0xF2], TOP_BAR ,VState :0 , fragInfo: [0xF4], DUAL_CAMERA ,VState :0 , fragInfo: [0xFF4], MAIN_CONTENT ,VState :0 , fragInfo: [0xF3], POPUP_TIPS ,VState :0 , fragInfo: [0xF0], BEAUTY_PANEL ,VState :0 , fragInfo: [0xF0], POST_VIEW ,VState :0 , fragInfo: [0xF0], GALLERY , fragInfo: [0xF0], PREVIEW_ROOT ,VState :0 , fragInfo: [0xF0], EXTRA_TOP_BAR , fragInfo: [0xF0], MENU_ROOT ,VState :0 , fragInfo: [0xF0], LOWER_LAYER ,VState :0 , fragInfo: [0xF0], MID_LAYER ,VState :0 , fragInfo: [0xF0], HIGHER_LAYER ,VState :0 , fragInfo: [0xF0]}
11-06 22:29:01.304 V/CAM_Delegate@166674310(13506): loadModule - opts [BaseOperation{type=ADD, contType=POPUP_TIPS, info= 0xFFF9, subInfo= 0xF0'}, BaseOperation{type=ADD, contType=PREVIEW_ROOT, info= 0xFFFFFF2, subInfo= 0xF0'}]
11-06 22:29:01.304 I/CAM_BaseFragment(13506): fragment is not added, pendingShow return.
11-06 22:29:01.304 I/CAM_BaseFragment(13506): fragment is not added, pendingShow return.
11-06 22:29:01.304 V/CAM_Delegate@166674310(13506): currentFragments {BOTTOM_BAR ,VState :0 , fragInfo: [0xF1], MODE_SELECTOR ,VState :0 , fragInfo: [0xF2], TOP_BAR ,VState :0 , fragInfo: [0xF4], DUAL_CAMERA ,VState :0 , fragInfo: [0xFF4], MAIN_CONTENT ,VState :0 , fragInfo: [0xF3], POPUP_TIPS ,VState :0 , fragInfo: [0xF0, 0xFFF9], BEAUTY_PANEL ,VState :0 , fragInfo: [0xF0], POST_VIEW ,VState :0 , fragInfo: [0xF0], GALLERY , fragInfo: [0xF0], PREVIEW_ROOT ,VState :0 , fragInfo: [0xF0, 0xFFFFFF2], EXTRA_TOP_BAR , fragInfo: [0xF0], MENU_ROOT ,VState :0 , fragInfo: [0xF0], LOWER_LAYER ,VState :0 , fragInfo: [0xF0], MID_LAYER ,VState :0 , fragInfo: [0xF0], HIGHER_LAYER ,VState :0 , fragInfo: [0xF0]}
11-06 22:29:01.304 D/CAM_Delegate@166674310(13506): skip loadBasicFragment, fragment id F0
11-06 22:29:01.304 D/CAM_Delegate@166674310(13506): skip loadBasicFragment, fragment id F0
11-06 22:29:01.304 D/CAM_Delegate@166674310(13506): skip loadBasicFragment, fragment id F0
11-06 22:29:01.304 D/CAM_Delegate@166674310(13506): skip loadBasicFragment, fragment id F0
11-06 22:29:01.304 D/CAM_Delegate@166674310(13506): skip loadBasicFragment, fragment id F0
11-06 22:29:01.304 D/CAM_Delegate@166674310(13506): skip loadBasicFragment, fragment id F0
11-06 22:29:01.304 D/CAM_Delegate@166674310(13506): skip loadBasicFragment, fragment id F0
11-06 22:29:01.304 D/CAM_Delegate@166674310(13506): skip loadBasicFragment, fragment id F0
11-06 22:29:01.304 D/CAM_Delegate@166674310(13506): skip loadBasicFragment, fragment id F0
11-06 22:29:01.304 D/CAM_Delegate@166674310(13506): skip loadBasicFragment, fragment id F0
11-06 22:29:01.305 D/CAM_GoogleLens(13506): checkLensAvailability: false
11-06 22:29:01.305 D/CAM_ThermalDetector(13506): onCreate
11-06 22:29:01.305 D/CAM_BatteryDetector(13506): onCreate
11-06 22:29:01.305 D/CAM_CameraIntentManager(13506): camera_launch_source = null
11-06 22:29:01.305 I/CAM_PerformanceManager(13506): [P_PERFORM]: Action: A1:createActivity_163_0 takes 132 ms
11-06 22:29:01.305 D/CAM_BoostFrameworkImpl(13506): stopBoost
11-06 22:29:01.305 D/CAM_BoostFrameworkImpl(13506): ready to stop boost
11-06 22:29:01.305 I/CAM_Camera@123830004(13506): [K_PROCESS]: onCreate end 123830004
11-06 22:29:01.305 D/CAM_ActivityBase(13506): onCreate -
11-06 22:29:01.306 D/CAM_ActivityBase(13506): onStart +123830004
11-06 22:29:01.306 D/CAM_BoostFrameworkImpl(13506): startBoost: duration = 500, scene = 6
11-06 22:29:01.306 D/CAM_BoostFrameworkImpl(13506): ready to boost
11-06 22:29:01.308 D/BaseDepthController( 2880): mSurface is null and mCurrentBlur is: 0
11-06 22:29:01.308 D/CAM_FunctionCameraPrepare(13506): reconfigureData needResetForFrontZoom:false lastCameraId:0 mResetType:4 mLastMode:0 mTargetMode:163
11-06 22:29:01.310 D/CAM_CameraSnapView(13506): setClickEnable: false
11-06 22:29:01.310 D/b/387844520( 2880): getOutlineOffsetX: measured width = 182, mNormalizedIconSize = 167, last updated width = 182
11-06 22:29:01.312 D/CAM_CameraCapabilities(13506): QuickShotDelayTime tag not defined
11-06 22:29:01.312 D/CAM_CameraCapabilities(13506): HQQuickShot: mFeatureMask: 0   mDelayTimeMask: 0
11-06 22:29:01.312 D/CAM_CameraCapabilities(13506): QuickShotDelayTimeFactor tag not defined
11-06 22:29:01.312 D/CAM_CameraCapabilities(13506): QuickShot: mDelayTimeFactor: 100
11-06 22:29:01.312 D/CAM_CameraCapabilities(13506): MiviSuperNight: mSuperNightMask: 0
11-06 22:29:01.312 D/CAM_CameraCapabilities(13506): QuickShotNextCaptureMask: mQuickShotNextCaptureMask: 0
11-06 22:29:01.312 D/CAM_CameraCapabilities(13506): getBeautyVersionData: 3 ,beautyVersion: 3 ,beautyAlgo: 1
11-06 22:29:01.312 D/CAM_CameraCapabilities(13506): SnapshotQuickViewStreamMask: 0
11-06 22:29:01.312 D/CAM_Camera2CompatAdapter(13506): X: initCameraCapabilitiesByCameraId(): 8
11-06 22:29:01.312 D/CAM_Camera2CompatAdapter(13506): E: initCameraCapabilitiesByCameraId(): 9
11-06 22:29:01.313 D/CAM_ComponentRunningDualVideo(13506): setRecordType: RecordType_MERGED
11-06 22:29:01.313 D/CAM_ComponentRunningDualVideo(13506): setRecordType: RecordType_MERGED
11-06 22:29:01.314 D/CAM_ComponentConfigVideoQuality(13506): checkValueValid: invalid value: 8
11-06 22:29:01.314 E/CAM_ComponentConfigVideoQuality(13506): reset invalid value 8
11-06 22:29:01.314 D/CAM_ComponentConfigVideoQuality(13506): checkValueValid: invalid value: 8
11-06 22:29:01.314 E/CAM_ComponentConfigVideoQuality(13506): reset invalid value 8
11-06 22:29:01.314 D/CAM_Camera2DataContainer(13506): Currently user selected zoom ratio is 1.0
11-06 22:29:01.314 D/CAM_Camera2DataContainer(13506): getActualOpenCameraId: mode=a3, id=0->0
11-06 22:29:01.314 D/CAM_Camera2CompatAdapter(13506): E: initCameraCapabilitiesByCameraId(): 0
11-06 22:29:01.322 D/CAM_CameraSnapView(13506): onScreenOrientationChanged
11-06 22:29:01.322 D/CAM_FragmentBottomAction(13506): provideAnimateElement: newMode = 163, mCurrentMode = 163, animateInElements = null
11-06 22:29:01.324 D/CAM_CameraCapabilities(13506): QuickShotDelayTime tag not defined
11-06 22:29:01.324 D/CAM_CameraCapabilities(13506): HQQuickShot: mFeatureMask: 0   mDelayTimeMask: 0
11-06 22:29:01.324 D/CAM_CameraCapabilities(13506): QuickShotDelayTimeFactor tag not defined
11-06 22:29:01.324 D/CAM_CameraCapabilities(13506): QuickShot: mDelayTimeFactor: 100
11-06 22:29:01.324 D/CAM_CameraCapabilities(13506): MiviSuperNight: mSuperNightMask: 0
11-06 22:29:01.324 D/CAM_CameraCapabilities(13506): QuickShotNextCaptureMask: mQuickShotNextCaptureMask: 0
11-06 22:29:01.324 D/CAM_CameraCapabilities(13506): getBeautyVersionData: 3 ,beautyVersion: 3 ,beautyAlgo: 1
11-06 22:29:01.324 D/CAM_CameraCapabilities(13506): SnapshotQuickViewStreamMask: 0
11-06 22:29:01.324 D/BaseDepthController( 2880): mSurface is null and mCurrentBlur is: 0
11-06 22:29:01.325 D/CAM_CameraCapabilities(13506): QuickShotDelayTime tag not defined
11-06 22:29:01.325 D/CAM_CameraCapabilities(13506): HQQuickShot: mFeatureMask: 0   mDelayTimeMask: 0
11-06 22:29:01.325 D/CAM_CameraCapabilities(13506): QuickShotDelayTimeFactor tag not defined
11-06 22:29:01.325 D/CAM_CameraCapabilities(13506): QuickShot: mDelayTimeFactor: 100
11-06 22:29:01.325 D/CAM_CameraCapabilities(13506): MiviSuperNight: mSuperNightMask: 0
11-06 22:29:01.325 D/CAM_CameraCapabilities(13506): QuickShotNextCaptureMask: mQuickShotNextCaptureMask: 0
11-06 22:29:01.325 D/CAM_CameraCapabilities(13506): getBeautyVersionData: 3 ,beautyVersion: 3 ,beautyAlgo: 1
11-06 22:29:01.325 D/CAM_CameraCapabilities(13506): SnapshotQuickViewStreamMask: 0
11-06 22:29:01.325 D/CAM_Camera2CompatAdapter(13506): X: initCameraCapabilitiesByCameraId(): 0
11-06 22:29:01.325 D/CAM_CameraCapabilities(13506): com.xiaomi.lens.info.availableApertureModes invalid ,used default value 
11-06 22:29:01.325 W/CAM_Camera2CompatAdapterRole(13506): Warning: getAuxCameraId(): #init() failed, roleId=20
11-06 22:29:01.326 D/CAM_CameraCapabilities(13506): portraitBokehZoomMap：   PORTRAIT_BOKEH_ZOOM_RATIO_MAP is null
11-06 22:29:01.326 D/CAM_CameraCapabilities(13506): portraitBokehApertureAbilityMap：   PORTRAIT_BOKEH_APERTURE_ABILITY_MAP is null
11-06 22:29:01.326 D/CAM_ComponentConfigFlash(13506): setBanned() called with: banned = [false]
11-06 22:29:01.326 D/CAM_CameraCapabilities(13506): SupportSlowMotionCameraValue：   MULTI_LENS_SUPPORT_SLOW_MOTION is null
11-06 22:29:01.326 D/CAM_CameraCapabilities(13506): SupportSlowMotionCameraLens：   MULTI_LENS_SUPPORT_SLOW_MOTION is null
11-06 22:29:01.326 D/CAM_CameraCapabilities(13506): isExposureMeteringSupported: 0
11-06 22:29:01.326 D/CAM_CameraCapabilities(13506): com.xiaomi.lens.info.AVAILABLE_EXPOSURE_MODES invalid ,used default value 
11-06 22:29:01.326 D/CAM_CameraCapabilities(13506): com.xiaomi.lens.info.availableApertureModes invalid ,used default value 
11-06 22:29:01.326 W/CAM_Camera2CompatAdapterRole(13506): Warning: getAuxCameraId(): #init() failed, roleId=20
11-06 22:29:01.326 D/CAM_ComponentConfigHDR10(13506): reInit E
11-06 22:29:01.326 D/CAM_ComponentConfigHDR10PRO(13506): reInit E
11-06 22:29:01.326 D/CAM_ComponentConfigTrueColour(13506): reInit E
11-06 22:29:01.327 I/CAM_PerformanceManager(13506): [P_PERFORM]: Action: A2:switch_camera_prepare_163_0 takes 24 ms
11-06 22:29:01.327 D/CAM_Camera2OpenOnSubScribe(13506): subscribe: request to open 0
11-06 22:29:01.327 D/CAM_Camera2DataContainer(13506): Currently user selected zoom ratio is 1.0
11-06 22:29:01.327 D/CAM_Camera2DataContainer(13506): getActualOpenCameraId: mode=a3, id=0->0
11-06 22:29:01.327 D/CAM_CameraCapabilities(13506): isSupportReplaceSession: false
11-06 22:29:01.327 D/CAM_Camera2OpenManager(13506): openCamera: reusable = false
11-06 22:29:01.327 I/CAM_Camera2OpenManager(13506): [K_PROCESS]: cid: 0 -> 0, mid: 163 -> 163, fcc: false
11-06 22:29:01.327 D/CAM_Camera2OpenManager(13506): removeCameraCallables
11-06 22:29:01.327 D/CAM_Camera2OpenManager(13506): subscribeCameraResultObservable: E
11-06 22:29:01.327 D/CAM_Camera2OpenOnSubScribe(13506): onSubscribe
11-06 22:29:01.327 D/CAM_Camera2CompatAdapter(13506): X: initCameraCapabilitiesByCameraId(): 9
11-06 22:29:01.327 D/CAM_CloseCameraCallable(13506): E: cid: null
11-06 22:29:01.327 D/CAM_Camera2OpenManager(13506): subscribeCameraResultObservable: X
11-06 22:29:01.327 I/CAM_CloseCameraCallable(13506): [K_PROCESS]: E: closeCamera: cid = null, excludes = [0]
11-06 22:29:01.327 D/CAM_Camera2CompatAdapter(13506): E: initCameraCapabilitiesByCameraId(): 10
11-06 22:29:01.327 D/CAM_CloseCameraCallable(13506): closeCamera: camera '0' is excluded
11-06 22:29:01.327 I/CAM_CloseCameraCallable(13506): [K_PROCESS]: X: closeCamera: cid = null, excludes = [0]
11-06 22:29:01.328 D/CAM_BottomItems(13506): updateBottomLocation: mBottomLayoutType = -1, type = 1, isLandscape = false
11-06 22:29:01.328 D/CAM_CameraOpenObservable(13506): subscribeActual: openCamera: cid = 0, listener = 179897826
11-06 22:29:01.328 I/CAM_PerformanceManager(13506): [P_PERFORM]: Action: A3:switch_camera_2_open_163_0 takes 1 ms
11-06 22:29:01.328 D/CAM_CloseCameraCallable(13506): X: cid: null (dur: 0)
11-06 22:29:01.328 D/CAM_CloseCameraCallable(13506): postCallback
11-06 22:29:01.328 D/CAM_CloseCameraCallable(13506): Success: cid: null (dur: 1)
11-06 22:29:01.329 D/CAM_OpenCameraCallable(13506): E: cid: 0
11-06 22:29:01.329 D/CAM_OpenCameraCallable(13506): Camera is already opened: cid = 0
11-06 22:29:01.329 D/CAM_MiCamera2(13506): setCaptureBusyCallback: null
11-06 22:29:01.329 D/CAM_CameraCapabilities(13506): isSupportReplaceSession: false
11-06 22:29:01.329 I/CAM_CameraStateCallback(13506): [K_PROCESS]: onOpened: cid = 0
11-06 22:29:01.329 I/CAM_CameraOpenObservable(13506): [K_PROCESS]: onOpened: cid = 0, listener = 179897826
11-06 22:29:01.329 D/CAM_OpenCameraCallable(13506): X: cid: 0 (dur: 1)
11-06 22:29:01.329 I/CAM_Camera2OpenManager(13506): [K_PROCESS]: onOpened: cid = 0|android.hardware.camera2.impl.CameraDeviceImpl@8108862
11-06 22:29:01.329 D/CAM_OpenCameraCallable(13506): postCallback
11-06 22:29:01.329 D/CAM_Camera2CompatAdapter(13506): E: initCameraCapabilitiesByCameraId(): 0
11-06 22:29:01.330 D/CompatChangeReporter(13506): Compat change id reported: 210923482; UID 10586; state: ENABLED
11-06 22:29:01.330 I/CAM_ AdaptiveTv(13506): init:  mMaxFontScale :1.25
11-06 22:29:01.334 D/CAM_CameraCapabilities(13506): QuickShotDelayTime tag not defined
11-06 22:29:01.334 D/CAM_CameraCapabilities(13506): HQQuickShot: mFeatureMask: 0   mDelayTimeMask: 0
11-06 22:29:01.334 D/CAM_CameraCapabilities(13506): QuickShotDelayTimeFactor tag not defined
11-06 22:29:01.334 D/CAM_CameraCapabilities(13506): QuickShot: mDelayTimeFactor: 100
11-06 22:29:01.334 D/CAM_CameraCapabilities(13506): MiviSuperNight: mSuperNightMask: 0
11-06 22:29:01.334 D/CAM_CameraCapabilities(13506): QuickShotNextCaptureMask: mQuickShotNextCaptureMask: 0
11-06 22:29:01.334 D/CAM_CameraCapabilities(13506): getBeautyVersionData: 3 ,beautyVersion: 3 ,beautyAlgo: 1
11-06 22:29:01.334 D/CAM_CameraCapabilities(13506): SnapshotQuickViewStreamMask: 0
11-06 22:29:01.337 D/CAM_CameraCapabilities(13506): QuickShotDelayTime tag not defined
11-06 22:29:01.337 D/CAM_CameraCapabilities(13506): HQQuickShot: mFeatureMask: 0   mDelayTimeMask: 0
11-06 22:29:01.337 D/CAM_CameraCapabilities(13506): QuickShotDelayTimeFactor tag not defined
11-06 22:29:01.337 D/CAM_CameraCapabilities(13506): QuickShot: mDelayTimeFactor: 100
11-06 22:29:01.337 D/CAM_CameraCapabilities(13506): MiviSuperNight: mSuperNightMask: 0
11-06 22:29:01.337 D/CAM_CameraCapabilities(13506): QuickShotNextCaptureMask: mQuickShotNextCaptureMask: 0
11-06 22:29:01.337 D/CAM_CameraCapabilities(13506): getBeautyVersionData: 3 ,beautyVersion: 3 ,beautyAlgo: 1
11-06 22:29:01.337 D/CAM_CameraCapabilities(13506): SnapshotQuickViewStreamMask: 0
11-06 22:29:01.337 D/CAM_Camera2CompatAdapter(13506): X: initCameraCapabilitiesByCameraId(): 0
11-06 22:29:01.338 D/CAM_Camera2OpenManager(13506): fire: result = d.c.a.q6.t8.b.u@5e59e2e, requested cid = 0
11-06 22:29:01.338 D/CAM_Camera2OpenManager(13506): fire: emitted
11-06 22:29:01.338 D/CAM_Camera2CompatAdapter(13506): X: initCameraCapabilitiesByCameraId(): 10
11-06 22:29:01.338 D/CAM_OpenCameraCallable(13506): Success: cid: 0 (dur: 10)
11-06 22:29:01.338 D/CAM_Camera2CompatAdapterRole(13506): X: initCameraCapabilitiesAsync()
11-06 22:29:01.338 V/CAM_ActivityBase(13506): hasSurface(): mCurrentSurfaceState=1
11-06 22:29:01.338 D/CAM_Camera2CompatAdapterRole(13506): mCapabilities.get(id)=null id=0
11-06 22:29:01.338 D/CAM_Camera2OpenOnSubScribe(13506): onNext: hasSurface = false, isCapture = true
11-06 22:29:01.338 D/CAM_FunctionCameraOpenResult(13506): apply: result = 2
11-06 22:29:01.338 D/CAM_Camera2OpenOnSubScribe(13506): onComplete
11-06 22:29:01.338 D/CAM_FunctionModuleSetup(13506): apply: module isPresent = true
11-06 22:29:01.338 I/CAM_BaseModule(13506): [K_PROCESS]: onCreate: moduleIndex->163, cameraId->0@u@50424621: mid = 163, cid = 0, created = false, departed = false
11-06 22:29:01.338 D/CAM_Camera2CompatAdapterRole(13506): mCapabilities.get(id)=null id=1
11-06 22:29:01.338 D/CAM_Camera2CompatAdapterRole(13506): mCapabilities.get(id)=null id=3
11-06 22:29:01.338 D/CAM_Camera2CompatAdapterRole(13506): mCapabilities.get(id)=null id=2
11-06 22:29:01.338 D/CAM_Camera2CompatAdapterRole(13506): mCapabilities.get(id)=null id=4
11-06 22:29:01.338 D/CAM_Camera2CompatAdapterRole(13506): mCapabilities.get(id)=null id=5
11-06 22:29:01.338 D/CAM_Camera2CompatAdapterRole(13506): mCapabilities.get(id)=null id=6
11-06 22:29:01.338 D/CAM_Camera2CompatAdapterRole(13506): mCapabilities.get(id)=null id=9
11-06 22:29:01.338 D/CAM_Camera2CompatAdapterRole(13506): mCapabilities.get(id)=null id=7
11-06 22:29:01.338 D/CAM_Camera2CompatAdapterRole(13506): mCapabilities.get(id)=null id=8
11-06 22:29:01.339 D/CAM_Camera2CompatAdapterRole(13506): role: 102 ( 71.2°) <-> 10
11-06 22:29:01.339 D/CAM_Camera2DataContainer(13506): Currently user selected zoom ratio is 1.0
11-06 22:29:01.339 D/CAM_Camera2DataContainer(13506): getActualOpenCameraId: mode=a3, id=0->0
11-06 22:29:01.339 D/CAM_BaseModule(13506): enumerating: d.c.b.p4@efcc665 - cid: 0
11-06 22:29:01.339 I/CAM_BaseModule(13506): setCameraDevice: d.c.b.p4@efcc665 - cid: 0
11-06 22:29:01.339 D/CAM_Camera2CompatAdapter(13506): E: initCameraCapabilitiesByCameraId(): 3
11-06 22:29:01.341 D/CAM_BottomCV(13506): adjustThumbBg android.widget.ImageView{7f863e1 VFED..... ......I. 0,0-0,0 #7f0b06f2 app:id/v9_thumbnail_image}
11-06 22:29:01.341 D/CAM_AbstractFragment(13506): baseUpdateView FragmentBottomAction, true
11-06 22:29:01.342 D/CAM_BottomCV(13506): adjustThumbBg android.widget.ImageView{7f863e1 VFED..... ......I. 0,0-0,0 #7f0b06f2 app:id/v9_thumbnail_image}
11-06 22:29:01.342 D/BaseDepthController( 2880): mSurface is null and mCurrentBlur is: 0
11-06 22:29:01.342 D/CAM_CameraSnapView(13506): onScreenOrientationChanged
11-06 22:29:01.342 D/CAM_BottomItems(13506): updateBottomLocation: mBottomLayoutType = 1, type = 1, isLandscape = false
11-06 22:29:01.347 I/CAM_ AdaptiveTv(13506): init:  mMaxFontScale :1.4
11-06 22:29:01.347 D/CAM_FragmentModeSelector(13506): switchModeSelectViewStyle f = 7, m = 12
11-06 22:29:01.348 D/CAM_FragmentModeSelector(13506): to common mode
11-06 22:29:01.348 D/CAM_FragmentModeSelector(13506): bottom_external_mode set isVisibility false
11-06 22:29:01.348 D/CAM_FragmentModeSelector(13506): mode_select_scrollview set isVisibility true
11-06 22:29:01.348 V/CAM_Display(13506): navBarHeight=66
11-06 22:29:01.348 D/CAM_FragmentModeSelector(13506): switchMoreMode open: true, style: 0, mCurrentMode: 163
11-06 22:29:01.348 D/CAM_DragLayout(13506): disableAllMode
11-06 22:29:01.348 D/CAM_DragLayout(13506): setDragEnable mDragMode : false, enable false, force : false
11-06 22:29:01.348 D/CAM_AbstractFragment(13506): baseUpdateView FragmentModeSelector, true
11-06 22:29:01.348 V/CAM_IDisplayRect(13506): getDisplayRect:Rect(0, 246 - 1080, 1686)
11-06 22:29:01.348 D/CAM_ModeSelectViewCV(13506): init curMode = 163
11-06 22:29:01.349 D/CAM_ModeSelectViewCV(13506): init mItems = [ComponentDataItem{mDisplayName='Pro'mValue='167'}, ComponentDataItem{mDisplayName='Documentos'mValue='186'}, ComponentDataItem{mDisplayName='Vídeo'mValue='162'}, ComponentDataItem{mDisplayName='Foto'mValue='163'}, ComponentDataItem{mDisplayName='Retrato'mValue='171'}, ComponentDataItem{mDisplayName='Nocturno'mValue='173'}, ComponentDataItem{mDisplayName='Más'mValue='254'}]
11-06 22:29:01.349 D/CAM_ModeSelectViewCV(13506): init: updateItemDecoration
11-06 22:29:01.350 E/DynamicRefreshRate recy(13506): dynamic params is false
11-06 22:29:01.350 E/DynamicRefreshRate recy(13506): dynamic is not enable
11-06 22:29:01.350 D/CAM_CameraCapabilities(13506): QuickShotDelayTime tag not defined
11-06 22:29:01.350 D/CAM_CameraCapabilities(13506): HQQuickShot: mFeatureMask: 0   mDelayTimeMask: 0
11-06 22:29:01.350 D/CAM_CameraCapabilities(13506): QuickShotDelayTimeFactor tag not defined
11-06 22:29:01.350 D/CAM_CameraCapabilities(13506): QuickShot: mDelayTimeFactor: 100
11-06 22:29:01.350 D/CAM_CameraCapabilities(13506): MiviSuperNight: mSuperNightMask: 0
11-06 22:29:01.350 D/CAM_CameraCapabilities(13506): QuickShotNextCaptureMask: mQuickShotNextCaptureMask: 0
11-06 22:29:01.350 D/CAM_CameraCapabilities(13506): getBeautyVersionData: 3 ,beautyVersion: 3 ,beautyAlgo: 1
11-06 22:29:01.350 D/CAM_CameraCapabilities(13506): SnapshotQuickViewStreamMask: 0
11-06 22:29:01.350 D/CAM_Camera2CompatAdapter(13506): X: initCameraCapabilitiesByCameraId(): 3
11-06 22:29:01.351 D/CAM_Camera2CompatAdapter(13506): E: initCameraCapabilitiesByCameraId(): 2
11-06 22:29:01.351 E/DynamicRefreshRate recy(13506): dynamic is not enable
11-06 22:29:01.353 E/.android.camera(13506): No package ID ff found for resource ID 0xffffffff.
11-06 22:29:01.353 E/.android.camera(13506): No package ID ff found for resource ID 0xffffffff.
11-06 22:29:01.353 E/.android.camera(13506): No package ID ff found for resource ID 0xffffffff.
11-06 22:29:01.354 D/CAM_FragmentTopBar(13506): updateTopBarStyle: TOP_BAR_STYLE_MAIN
11-06 22:29:01.354 D/CAM_FragmentTopBar(13506): provideAnimateElement mode = 163 resetType = 2
11-06 22:29:01.355 D/CAM_FragmentTopConfig(13506): getTopAlert(): fragment is not added yet0
11-06 22:29:01.355 D/CAM_FragmentTopConfig(13506): getTopAlert(): fragment is not added yet0
11-06 22:29:01.355 D/CAM_FragmentTopConfig(13506): getTopAlert(): fragment is not added yet0
11-06 22:29:01.355 D/StartTopBarAdapter(13506): setData mode:163,resetStrikethrough: false
11-06 22:29:01.356 V/GrammaticalInflectionUtils( 1820): AttributionSource: android.content.AttributionSource@639a9d3f does not have READ_SYSTEM_GRAMMATICAL_GENDER permission.
11-06 22:29:01.357 D/BackgroundInstallControlService( 1820): Package event received: 0
11-06 22:29:01.357 D/EndTopBarAdapter(13506): setData mode:163,resetStrikethrough: false
11-06 22:29:01.357 D/CAM_CameraCapabilities(13506): QuickShotDelayTime tag not defined
11-06 22:29:01.357 D/CAM_CameraCapabilities(13506): HQQuickShot: mFeatureMask: 0   mDelayTimeMask: 0
11-06 22:29:01.357 D/CAM_CameraCapabilities(13506): QuickShotDelayTimeFactor tag not defined
11-06 22:29:01.357 D/CAM_CameraCapabilities(13506): QuickShot: mDelayTimeFactor: 100
11-06 22:29:01.357 D/CAM_CameraCapabilities(13506): MiviSuperNight: mSuperNightMask: 0
11-06 22:29:01.357 D/CAM_CameraCapabilities(13506): QuickShotNextCaptureMask: mQuickShotNextCaptureMask: 0
11-06 22:29:01.357 D/CAM_CameraCapabilities(13506): getBeautyVersionData: 3 ,beautyVersion: 3 ,beautyAlgo: 1
11-06 22:29:01.357 D/CAM_CameraCapabilities(13506): SnapshotQuickViewStreamMask: 0
11-06 22:29:01.357 D/CAM_Camera2CompatAdapter(13506): X: initCameraCapabilitiesByCameraId(): 2
11-06 22:29:01.358 D/BaseDepthController( 2880): mSurface is null and mCurrentBlur is: 0
11-06 22:29:01.359 D/CAM_BaseModule(13506): create disposable u@50424621: mid = 163, cid = 0, created = false, departed = false 0
11-06 22:29:01.359 D/CAM_CameraIntentManager(13506): start activity when locked: false
11-06 22:29:01.359 D/CAM_Camera2CompatAdapter(13506): E: initCameraCapabilitiesByCameraId(): 3
11-06 22:29:01.363 D/Zygote  (  927): Forked child process 13582
11-06 22:29:01.363 I/ActivityManager( 1820): Start proc 13582:android.process.acore/u0a530 for content provider {com.android.providers.contacts/com.android.providers.contacts.ContactsProvider2}
11-06 22:29:01.363 I/ActivityManager( 1820): ProcessObserver broadcast disabled
11-06 22:29:01.364 D/CAM_AbstractFragment(13506): baseUpdateView FragmentTopBar, true
11-06 22:29:01.364 W/Zygote  (13582): Unable to open libbeluga.so: dlopen failed: library "libbeluga.so" not found.
11-06 22:29:01.365 E/.android.camera(13506): No package ID ff found for resource ID 0xffffffff.
11-06 22:29:01.365 E/.android.camera(13506): No package ID ff found for resource ID 0xffffffff.
11-06 22:29:01.365 E/.android.camera(13506): No package ID ff found for resource ID 0xffffffff.
11-06 22:29:01.367 D/CAM_CameraCapabilities(13506): QuickShotDelayTime tag not defined
11-06 22:29:01.367 D/CAM_CameraCapabilities(13506): HQQuickShot: mFeatureMask: 0   mDelayTimeMask: 0
11-06 22:29:01.367 D/CAM_CameraCapabilities(13506): QuickShotDelayTimeFactor tag not defined
11-06 22:29:01.367 D/CAM_CameraCapabilities(13506): QuickShot: mDelayTimeFactor: 100
11-06 22:29:01.367 D/CAM_CameraCapabilities(13506): MiviSuperNight: mSuperNightMask: 0
11-06 22:29:01.367 D/CAM_CameraCapabilities(13506): QuickShotNextCaptureMask: mQuickShotNextCaptureMask: 0
11-06 22:29:01.367 D/CAM_CameraCapabilities(13506): getBeautyVersionData: 3 ,beautyVersion: 3 ,beautyAlgo: 1
11-06 22:29:01.367 D/CAM_CameraCapabilities(13506): SnapshotQuickViewStreamMask: 0
11-06 22:29:01.367 D/CAM_Camera2CompatAdapter(13506): X: initCameraCapabilitiesByCameraId(): 3
11-06 22:29:01.368 D/CAM_ZoomManager(13506): initEquivalentFocalLength: get equivalentFocalLength is null
11-06 22:29:01.368 D/CAM_Camera2CompatAdapter(13506): E: initCameraCapabilitiesByCameraId(): 0
11-06 22:29:01.372 D/CAM_FragmentTopConfig(13506): getTopAlert(): fragment is null0
11-06 22:29:01.372 D/CAM_FragmentTopConfig(13506): getTopAlert(): fragment is null0
11-06 22:29:01.372 D/CAM_AbstractFragment(13506): baseUpdateView SecondTopBar, true
11-06 22:29:01.374 D/BaseDepthController( 2880): mSurface is null and mCurrentBlur is: 0
11-06 22:29:01.375 D/CAM_CameraCapabilities(13506): QuickShotDelayTime tag not defined
11-06 22:29:01.375 D/CAM_CameraCapabilities(13506): HQQuickShot: mFeatureMask: 0   mDelayTimeMask: 0
11-06 22:29:01.375 D/CAM_CameraCapabilities(13506): QuickShotDelayTimeFactor tag not defined
11-06 22:29:01.375 D/CAM_CameraCapabilities(13506): QuickShot: mDelayTimeFactor: 100
11-06 22:29:01.375 D/CAM_CameraCapabilities(13506): MiviSuperNight: mSuperNightMask: 0
11-06 22:29:01.375 D/CAM_CameraCapabilities(13506): QuickShotNextCaptureMask: mQuickShotNextCaptureMask: 0
11-06 22:29:01.376 D/CAM_CameraCapabilities(13506): getBeautyVersionData: 3 ,beautyVersion: 3 ,beautyAlgo: 1
11-06 22:29:01.376 D/CAM_CameraCapabilities(13506): SnapshotQuickViewStreamMask: 0
11-06 22:29:01.376 D/CAM_Camera2CompatAdapter(13506): X: initCameraCapabilitiesByCameraId(): 0
11-06 22:29:01.376 D/CAM_ZoomManager(13506): initEquivalentFocalLength: get equivalentFocalLength is null
11-06 22:29:01.376 D/CAM_ZoomRatioToggleView(13506): setVisibility(): GONE
11-06 22:29:01.376 D/CAM_ZoomManager(13506): initEquivalentFocalLength: mEquivalentFocalLengthValues={}
11-06 22:29:01.376 D/CAM_ZoomRatioToggleView(13506): resetAnimators
11-06 22:29:01.376 E/.android.camera(13506): No package ID ff found for resource ID 0xffffffff.
11-06 22:29:01.376 D/CAM_ZoomManager(13506): setZoomRatio(): 1.0
11-06 22:29:01.376 D/CAM_ZoomManager(13506): initializeZoomRatio zoom:1.0
11-06 22:29:01.376 D/CAM_BaseModuleStateManager(13506): setKeyFocusPressed: false
11-06 22:29:01.376 D/CAM_EffectController(13506): setAiColorCorrectionVersion: 2
11-06 22:29:01.376 D/CAM_BaseModule(13506): isSupportAFSaliency=false
11-06 22:29:01.376 D/CAM_FragmentDualCameraAdjust(13506): initZoomRatioForBackCamera(): zoom: 1.0
11-06 22:29:01.376 D/CAM_ComponentConfigVideoQuality(13506): checkValueValid: invalid value: 8
11-06 22:29:01.376 E/CAM_ComponentConfigVideoQuality(13506): reset invalid value 8
11-06 22:29:01.376 D/CAM_FocusManager(13506): setCharacteristics: mFocusAreaSupported = true, mAELockOnlySupported = false
11-06 22:29:01.377 E/CAM_FocusManagerAbstract(13506): setRenderSize: 1080 | 2340
11-06 22:29:01.377 D/CAM_FragmentDualCameraAdjustMM(13506): provideAnimateElement(): initialized zoom ratio: 1.0
11-06 22:29:01.377 D/CAM_FocusManager(13506): setPreviewSize: 1080x2340
11-06 22:29:01.377 D/CAM_ZoomRatioToggleView(13506): count = 3
11-06 22:29:01.377 W/CAM_Camera2CompatAdapterRole(13506): Warning: getAuxCameraId(): #init() failed, roleId=20
11-06 22:29:01.377 D/CAM_ZoomRatioToggleView(13506): resetAnimators
11-06 22:29:01.377 W/CAM_Camera2CompatAdapterRole(13506): Warning: getUltraTeleCameraId(): #init() failed, roleId=23
11-06 22:29:01.377 D/CAM_ZoomManager(13506): applyZoomRatio(): apply zoom ratio to device = 1.0
11-06 22:29:01.377 V/CAM_CameraConfigManager(13506): setZoomRatio(): 1.0
11-06 22:29:01.377 D/CAM_CameraConfigs(13506): zoom ratio diff: 0.0
11-06 22:29:01.377 D/CAM_MiCamera2(13506): setModuleParameter: d.c.b.p4.a1(Unknown Source:11), d.c.a.q6.r7.Nk(Unknown Source:14), com.android.camera.module.Camera2Module.wi(Unknown Source:324), d.c.a.g6.b.i.u.wi(Unknown Source:0), d.c.a.q6.r7.U4(Unknown Source:0), 
11-06 22:29:01.377 D/CAM_CaptureModule(13506): mivi raw super night is not enabled in capture mode
11-06 22:29:01.377 E/.android.camera(13506): No package ID ff found for resource ID 0xffffffff.
11-06 22:29:01.377 D/CAM_CaptureModule(13506): isSatMultipleRawUseCase: isSuperNightOn = false, rawCallback=0
11-06 22:29:01.377 W/CAM_MiCamera2(13506): returned a null PreviewCaptureResult, mState is 0
11-06 22:29:01.377 D/CAM_Camera2Module(13506): shouldDoMultiFrameCapture: shouldDoSR: false, isMotionExisted: false, isSuperNightSePriority: false
11-06 22:29:01.377 D/CAM_Camera2Module(13506): shouldDoMultiFrameCapture: false | false
11-06 22:29:01.377 D/CAM_CaptureModule(13506): mivi raw super night is not enabled in capture mode
11-06 22:29:01.377 D/CAM_ShotTypeHandler(13506): capture shot type could handle
11-06 22:29:01.378 D/CAM_Camera2Module(13506): enableParallel=false enableShot2Gallery=false shotType=0
11-06 22:29:01.378 D/CAM_CameraConfigManager(13506): setShotType: type=0,success =false
11-06 22:29:01.378 D/CAM_CameraConfigManager(13506): setShot2Gallery: isShot2Gallery=false
11-06 22:29:01.378 D/CAM_Camera2Module(13506): HQQuickShot | needMixQuickShot:false, isMixQuickShotSupport:false
11-06 22:29:01.379 D/CAM_CaptureModule(13506): mivi raw super night is not enabled in capture mode
11-06 22:29:01.379 D/CAM_Camera2Module(13506): updateSize: use JPEG as preferred output image format
11-06 22:29:01.379 D/CAM_CameraCapabilities(13506): addStreamConfigurationToList: xiaomi.scaler.availableLimitStreamConfigurations: size = 251
11-06 22:29:01.379 E/.android.camera(13506): No package ID ff found for resource ID 0xffffffff.
11-06 22:29:01.380 W/CAM_PictureSizeMg(13506): find normal accuracy size
11-06 22:29:01.380 W/CAM_PictureSizeMg(13506): find normal accuracy size
11-06 22:29:01.381 W/CAM_PictureSizeMg(13506): find normal accuracy size
11-06 22:29:01.381 W/CAM_PictureSizeMg(13506): find normal accuracy size
11-06 22:29:01.381 W/CAM_PictureSizeMg(13506): find normal accuracy size
11-06 22:29:01.381 E/.android.camera(13506): No package ID ff found for resource ID 0xffffffff.
11-06 22:29:01.381 W/CAM_PictureSizeMg(13506): find normal accuracy size
11-06 22:29:01.381 D/CAM_CameraUtil(13506): getOptimalPreviewSize downgrade = false, cameraId = 0, targetRatio = 1.3333333730697632, maxSize = null
11-06 22:29:01.381 D/CAM_CameraUtil(13506): getOptimalPreviewSize point Point(1080, 2340), width 1080
11-06 22:29:01.381 D/CAM_CameraUtil(13506): getOptimalPreviewSize: height:4320 width: 7680 ratio:1.7777777777777777
11-06 22:29:01.381 D/CAM_CameraUtil(13506): getOptimalPreviewSize: height:4512 width: 6016 ratio:1.3333333333333333
11-06 22:29:01.381 D/CAM_CameraUtil(13506): getOptimalPreviewSize: height:4344 width: 5792 ratio:1.3333333333333333
11-06 22:29:01.381 D/CAM_CameraUtil(13506): getOptimalPreviewSize: height:3384 width: 6016 ratio:1.7777777777777777
11-06 22:29:01.381 D/CAM_CameraUtil(13506): getOptimalPreviewSize: height:4512 width: 4512 ratio:1.0
11-06 22:29:01.381 D/CAM_CameraUtil(13506): getOptimalPreviewSize: height:4344 width: 4344 ratio:1.0
11-06 22:29:01.381 D/CAM_CameraUtil(13506): getOptimalPreviewSize: height:3240 width: 5760 ratio:1.7777777777777777
11-06 22:29:01.381 D/CAM_CameraUtil(13506): getOptimalPreviewSize: height:2736 width: 5928 ratio:2.1666666666666665
11-06 22:29:01.381 D/CAM_CameraUtil(13506): getOptimalPreviewSize: height:2592 width: 5616 ratio:2.1666666666666665
11-06 22:29:01.381 D/CAM_CameraUtil(13506): getOptimalPreviewSize: height:3120 width: 4208 ratio:1.3487179487179488
11-06 22:29:01.381 D/CAM_CameraUtil(13506): getOptimalPreviewSize: height:4208 width: 3120 ratio:0.7414448669201521
11-06 22:29:01.381 D/CAM_CameraUtil(13506): getOptimalPreviewSize: height:3008 width: 4012 ratio:1.3337765957446808
11-06 22:29:01.381 D/CAM_CameraUtil(13506): getOptimalPreviewSize: height:3120 width: 3120 ratio:1.0
11-06 22:29:01.381 D/CAM_CameraUtil(13506): getOptimalPreviewSize: height:2304 width: 4096 ratio:1.7777777777777777
11-06 22:29:01.381 D/CAM_CameraUtil(13506): getOptimalPreviewSize: height:4096 width: 2304 ratio:0.5625
11-06 22:29:01.381 D/CAM_CameraUtil(13506): getOptimalPreviewSize: height:2232 width: 3968 ratio:1.7777777777777777
11-06 22:29:01.381 D/CAM_CameraUtil(13506): getOptimalPreviewSize: height:2160 width: 4096 ratio:1.8962962962962964
11-06 22:29:01.381 D/CAM_CameraUtil(13506): getOptimalPreviewSize: height:2160 width: 3840 ratio:1.7777777777777777
11-06 22:29:01.381 D/CAM_CameraUtil(13506): getOptimalPreviewSize: height:1872 width: 4056 ratio:2.1666666666666665
11-06 22:29:01.381 D/CAM_CameraUtil(13506): getOptimalPreviewSize: height:4056 width: 1872 ratio:0.46153846153846156
11-06 22:29:01.381 D/CAM_CameraUtil(13506): getOptimalPreviewSize: height:2256 width: 3008 ratio:1.3333333333333333
11-06 22:29:01.381 D/CAM_CameraUtil(13506): getOptimalPreviewSize: height:1728 width: 3744 ratio:2.1666666666666665
11-06 22:29:01.381 D/CAM_CameraUtil(13506): getOptimalPreviewSize: height:1940 width: 2592 ratio:1.336082474226804
11-06 22:29:01.381 D/CAM_CameraUtil(13506): getOptimalPreviewSize: height:1800 width: 2400 ratio:1.3333333333333333
11-06 22:29:01.381 D/CAM_CameraUtil(13506): getOptimalPreviewSize: height:1940 width: 1940 ratio:1.0
11-06 22:29:01.381 D/CAM_CameraUtil(13506): getOptimalPreviewSize: height:1440 width: 2560 ratio:1.7777777777777777
11-06 22:29:01.382 D/CAM_CameraUtil(13506): getOptimalPreviewSize: height:1152 width: 2496 ratio:2.1666666666666665
11-06 22:29:01.382 D/CAM_CameraUtil(13506): getOptimalPreviewSize: height:1440 width: 1920 ratio:1.3333333333333333
11-06 22:29:01.382 D/CAM_CameraUtil(13506): getOptimalPreviewSize: height:1080 width: 2340 ratio:2.1666666666666665
11-06 22:29:01.382 D/CAM_CameraUtil(13506): getOptimalPreviewSize: height:1080 width: 2160 ratio:2.0
11-06 22:29:01.382 D/CAM_CameraUtil(13506): getOptimalPreviewSize: height:1080 width: 1920 ratio:1.7777777777777777
11-06 22:29:01.382 D/CAM_CameraUtil(13506): getOptimalPreviewSize: height:960 width: 2080 ratio:2.1666666666666665
11-06 22:29:01.382 D/CAM_CameraUtil(13506): getOptimalPreviewSize: height:1200 width: 1600 ratio:1.3333333333333333
11-06 22:29:01.382 D/CAM_CameraUtil(13506): getOptimalPreviewSize: height:1600 width: 1200 ratio:0.75
11-06 22:29:01.382 D/CAM_CameraUtil(13506): getOptimalPreviewSize: height:1080 width: 1440 ratio:1.3333333333333333
11-06 22:29:01.382 D/CAM_CameraUtil(13506): getOptimalPreviewSize: height:900 width: 1600 ratio:1.7777777777777777
11-06 22:29:01.382 D/CAM_CameraUtil(13506): getOptimalPreviewSize: height:1600 width: 900 ratio:0.5625
11-06 22:29:01.382 D/CAM_CameraUtil(13506): getOptimalPreviewSize: height:1200 width: 1200 ratio:1.0
11-06 22:29:01.382 D/CAM_CameraUtil(13506): getOptimalPreviewSize: height:960 width: 1280 ratio:1.3333333333333333
11-06 22:29:01.382 D/CAM_CameraUtil(13506): getOptimalPreviewSize: height:720 width: 1560 ratio:2.1666666666666665
11-06 22:29:01.382 D/CAM_CameraUtil(13506): getOptimalPreviewSize: height:1560 width: 720 ratio:0.46153846153846156
11-06 22:29:01.382 D/CAM_CameraUtil(13506): getOptimalPreviewSize: height:720 width: 1440 ratio:2.0
11-06 22:29:01.382 D/CAM_CameraUtil(13506): getOptimalPreviewSize: height:720 width: 1280 ratio:1.7777777777777777
11-06 22:29:01.382 D/CAM_CameraUtil(13506): getOptimalPreviewSize: height:600 width: 800 ratio:1.3333333333333333
11-06 22:29:01.382 D/CAM_CameraUtil(13506): getOptimalPreviewSize: height:480 width: 864 ratio:1.8
11-06 22:29:01.382 D/CAM_CameraUtil(13506): getOptimalPreviewSize: height:480 width: 720 ratio:1.5
11-06 22:29:01.382 D/CAM_CameraUtil(13506): getOptimalPreviewSize: height:480 width: 640 ratio:1.3333333333333333
11-06 22:29:01.382 D/CAM_CameraUtil(13506): getOptimalPreviewSize: height:288 width: 352 ratio:1.2222222222222223
11-06 22:29:01.382 D/CAM_CameraUtil(13506): getOptimalPreviewSize: height:236 width: 419 ratio:1.7754237288135593
11-06 22:29:01.382 D/CAM_ZoomRatioToggleView(13506): setSuppressed(): false
11-06 22:29:01.382 D/CAM_CameraUtil(13506): getOptimalPreviewSize: height:240 width: 320 ratio:1.3333333333333333
11-06 22:29:01.382 D/CAM_CameraUtil(13506): getOptimalPreviewSize: height:144 width: 176 ratio:1.2222222222222223
11-06 22:29:01.382 I/CAM_CameraUtil(13506): best preview size: 1440x1080
11-06 22:29:01.382 D/CAM_CameraUtil(13506): getOptimalPreviewSize downgrade = false, cameraId = 0, targetRatio = 1.3333333730697632, maxSize = null
11-06 22:29:01.382 D/CAM_CameraUtil(13506): getOptimalPreviewSize point Point(1080, 2340), width 1080
11-06 22:29:01.382 D/CAM_CameraUtil(13506): getOptimalPreviewSize: height:4320 width: 7680 ratio:1.7777777777777777
11-06 22:29:01.382 D/CAM_CameraUtil(13506): getOptimalPreviewSize: height:4512 width: 6016 ratio:1.3333333333333333
11-06 22:29:01.382 I/CAM_ZoomRatioToggleView(13506): [U_ACTION]: setZoomRatio(): a = ZOOMING_BY_UNKNOWN_SOURCE,i = 1,z = 1.0,ti =1,tz =1.0
11-06 22:29:01.382 D/CAM_CameraUtil(13506): getOptimalPreviewSize: height:4344 width: 5792 ratio:1.3333333333333333
11-06 22:29:01.382 D/CAM_CameraUtil(13506): getOptimalPreviewSize: height:3384 width: 6016 ratio:1.7777777777777777
11-06 22:29:01.382 D/CAM_CameraUtil(13506): getOptimalPreviewSize: height:4512 width: 4512 ratio:1.0
11-06 22:29:01.382 D/CAM_CameraUtil(13506): getOptimalPreviewSize: height:4344 width: 4344 ratio:1.0
11-06 22:29:01.382 D/CAM_CameraUtil(13506): getOptimalPreviewSize: height:3240 width: 5760 ratio:1.7777777777777777
11-06 22:29:01.382 D/CAM_CameraUtil(13506): getOptimalPreviewSize: height:2736 width: 5928 ratio:2.1666666666666665
11-06 22:29:01.382 D/CAM_CameraUtil(13506): getOptimalPreviewSize: height:2592 width: 5616 ratio:2.1666666666666665
11-06 22:29:01.382 D/CAM_CameraUtil(13506): getOptimalPreviewSize: height:3120 width: 4208 ratio:1.3487179487179488
11-06 22:29:01.382 D/CAM_CameraUtil(13506): getOptimalPreviewSize: height:4208 width: 3120 ratio:0.7414448669201521
11-06 22:29:01.382 D/CAM_CameraUtil(13506): getOptimalPreviewSize: height:3008 width: 4012 ratio:1.3337765957446808
11-06 22:29:01.382 D/CAM_CameraUtil(13506): getOptimalPreviewSize: height:3120 width: 3120 ratio:1.0
11-06 22:29:01.382 D/CAM_CameraUtil(13506): getOptimalPreviewSize: height:2304 width: 4096 ratio:1.7777777777777777
11-06 22:29:01.382 D/CAM_CameraUtil(13506): getOptimalPreviewSize: height:4096 width: 2304 ratio:0.5625
11-06 22:29:01.382 D/CAM_CameraUtil(13506): getOptimalPreviewSize: height:2232 width: 3968 ratio:1.7777777777777777
11-06 22:29:01.382 D/CAM_CameraUtil(13506): getOptimalPreviewSize: height:2160 width: 4096 ratio:1.8962962962962964
11-06 22:29:01.382 D/CAM_CameraUtil(13506): getOptimalPreviewSize: height:2160 width: 3840 ratio:1.7777777777777777
11-06 22:29:01.382 D/CAM_CameraUtil(13506): getOptimalPreviewSize: height:1872 width: 4056 ratio:2.1666666666666665
11-06 22:29:01.382 D/CAM_CameraUtil(13506): getOptimalPreviewSize: height:4056 width: 1872 ratio:0.46153846153846156
11-06 22:29:01.382 D/CAM_CameraUtil(13506): getOptimalPreviewSize: height:2256 width: 3008 ratio:1.3333333333333333
11-06 22:29:01.382 D/CAM_CameraUtil(13506): getOptimalPreviewSize: height:1728 width: 3744 ratio:2.1666666666666665
11-06 22:29:01.382 D/CAM_CameraUtil(13506): getOptimalPreviewSize: height:1940 width: 2592 ratio:1.336082474226804
11-06 22:29:01.382 D/CAM_CameraUtil(13506): getOptimalPreviewSize: height:1800 width: 2400 ratio:1.3333333333333333
11-06 22:29:01.382 D/CAM_CameraUtil(13506): getOptimalPreviewSize: height:1940 width: 1940 ratio:1.0
11-06 22:29:01.382 D/CAM_CameraUtil(13506): getOptimalPreviewSize: height:1440 width: 2560 ratio:1.7777777777777777
11-06 22:29:01.382 D/CAM_CameraUtil(13506): getOptimalPreviewSize: height:1152 width: 2496 ratio:2.1666666666666665
11-06 22:29:01.382 D/CAM_CameraUtil(13506): getOptimalPreviewSize: height:1440 width: 1920 ratio:1.3333333333333333
11-06 22:29:01.382 D/CAM_CameraUtil(13506): getOptimalPreviewSize: height:1080 width: 2340 ratio:2.1666666666666665
11-06 22:29:01.382 D/CAM_CameraUtil(13506): getOptimalPreviewSize: height:1080 width: 2160 ratio:2.0
