11-13 19:46:48.613  3916 12356 W CameraManagerGlobal: ignore the torch status update of camera: 6
11-13 19:46:48.613  6332 10648 W CameraManagerGlobal: ignore the torch status update of camera: 6
11-13 19:46:48.613 11487 11497 W CameraManagerGlobal: ignore the torch status update of camera: 4
11-13 19:46:48.613  1526  5640 I CameraProviderManager: Camera device device@3.5/legacy/7 torch status is now NOT_AVAILABLE
11-13 19:46:48.613  1526  5640 I CameraService: onTorchStatusChangedLocked: Torch status changed for cameraId=7, newStatus=0
11-13 19:46:48.613 11487 11497 W CameraManagerGlobal: ignore the torch status update of camera: 5
11-13 19:46:48.613  1803  4098 W CameraManagerGlobal: ignore the torch status update of camera: 7
11-13 19:46:48.613  2658  4655 W CameraManagerGlobal: ignore the torch status update of camera: 7
11-13 19:46:48.613  3916 12356 W CameraManagerGlobal: ignore the torch status update of camera: 7
11-13 19:46:48.613 11487 11497 W CameraManagerGlobal: ignore the torch status update of camera: 6
11-13 19:46:48.613  6332 10648 W CameraManagerGlobal: ignore the torch status update of camera: 7
11-13 19:46:48.613 11487 11497 W CameraManagerGlobal: ignore the torch status update of camera: 7
11-13 19:46:48.613  4162  6440 W CameraManagerGlobal: ignore the torch status update of camera: 3
11-13 19:46:48.613  1526  5640 I CameraProviderManager: Camera device device@3.5/legacy/8 torch status is now NOT_AVAILABLE
11-13 19:46:48.613  1526  5640 I CameraService: onTorchStatusChangedLocked: Torch status changed for cameraId=8, newStatus=0
11-13 19:46:48.613  1526  5640 E CameraService: onTorchStatusChangedLocked: cannot get torch status of camera 8: No such file or directory (-2)
11-13 19:46:48.613 17477 18356 W CameraManagerGlobal: ignore the torch status update of camera: 5
11-13 19:46:48.613  1526  5640 I CameraProviderManager: Camera device device@3.5/legacy/9 torch status is now NOT_AVAILABLE
11-13 19:46:48.613  1526  5640 I CameraService: onTorchStatusChangedLocked: Torch status changed for cameraId=9, newStatus=0
11-13 19:46:48.613  4162  4717 W CameraManagerGlobal: ignore the torch status update of camera: 4
11-13 19:46:48.613 17477 18356 W CameraManagerGlobal: ignore the torch status update of camera: 6
11-13 19:46:48.613  1803  4098 W CameraManagerGlobal: ignore the torch status update of camera: 9
11-13 19:46:48.613  2658  4655 W CameraManagerGlobal: ignore the torch status update of camera: 9
11-13 19:46:48.613  3916 12356 W CameraManagerGlobal: ignore the torch status update of camera: 9
11-13 19:46:48.613  4162  4717 W CameraManagerGlobal: ignore the torch status update of camera: 5
11-13 19:46:48.613 17477 18356 W CameraManagerGlobal: ignore the torch status update of camera: 7
11-13 19:46:48.614  6332 10648 W CameraManagerGlobal: ignore the torch status update of camera: 9
11-13 19:46:48.614  4162  4717 W CameraManagerGlobal: ignore the torch status update of camera: 6
11-13 19:46:48.614 18384 19223 W CameraManagerGlobal: ignore the torch status update of camera: 6
11-13 19:46:48.614  4162  4717 W CameraManagerGlobal: ignore the torch status update of camera: 7
11-13 19:46:48.614 18384 19223 W CameraManagerGlobal: ignore the torch status update of camera: 7
11-13 19:46:48.614  1526  5640 I CameraProviderManager: Camera device device@3.5/legacy/10 torch status is now NOT_AVAILABLE
11-13 19:46:48.614  4162  4717 W CameraManagerGlobal: ignore the torch status update of camera: 9
11-13 19:46:48.614  1526  5640 I CameraService: onTorchStatusChangedLocked: Torch status changed for cameraId=10, newStatus=0
11-13 19:46:48.614 18384 19223 W CameraManagerGlobal: ignore the torch status update of camera: 9
11-13 19:46:48.614  1803  4098 W CameraManagerGlobal: ignore the torch status update of camera: 10
11-13 19:46:48.614  2658  4655 W CameraManagerGlobal: ignore the torch status update of camera: 10
11-13 19:46:48.614  3916 12356 W CameraManagerGlobal: ignore the torch status update of camera: 10
11-13 19:46:48.614  6332 10648 W CameraManagerGlobal: ignore the torch status update of camera: 10
11-13 19:46:48.614  4162  4717 W CameraManagerGlobal: ignore the torch status update of camera: 10
11-13 19:46:48.614 17477 17758 W CameraManagerGlobal: ignore the torch status update of camera: 9
11-13 19:46:48.614 17477 17758 W CameraManagerGlobal: ignore the torch status update of camera: 10
11-13 19:46:48.614 11487 11711 W CameraManagerGlobal: ignore the torch status update of camera: 9
11-13 19:46:48.614 18384 19218 W CameraManagerGlobal: ignore the torch status update of camera: 10
11-13 19:46:48.614 11487 11711 W CameraManagerGlobal: ignore the torch status update of camera: 10
11-13 19:46:48.614   669   669 I hwservicemanager: getTransport: Cannot find entry vendor.display.config@1.9::IDisplayConfig/default in either framework or device VINTF manifest.
11-13 19:46:48.614  1102 10870 E CamX    : [ERROR][FORMAT ] camxdisplayconfig.cpp:124 Initialize() IDisplayConfig service is NULL, version 1.9
11-13 19:46:48.619  3916  4174 I AiAiEcho: Predicting[7]: { Feature:1, creation:2025-11-13T23:00:00Z, expiry:2025-11-13T23:00:00Z, isExpired: true}, { Feature:1, creation:2025-11-13T21:00:00Z, expiry:2025-11-13T21:00:00Z, isExpired: true}, { Feature:1, creation:2025-11-13T22:00:00Z, expiry:2025-11-13T22:00:00Z, isExpired: true}, { Feature:33, creation:2025-11-13T05:01:29.702Z, expiry:2025-11-13T05:31:29.702Z, isExpired: true}, { Feature:1, creation:2025-11-13T19:00:00Z, expiry:2025-11-13T19:00:00Z, isExpired: true}, { Feature:1, creation:2025-11-13T20:00:00Z, expiry:2025-11-13T20:00:00Z, isExpired: true}, { Feature:1, creation:2025-11-13T18:00:00Z, expiry:2025-11-13T19:00:00Z, isExpired: false} [CONTEXT sampling_count=5 ]
11-13 19:46:48.620  3916  4174 I AiAiEcho: EchoTargets: Feature:1
11-13 19:46:48.620  3916  4174 I AiAiEcho: Filtered by AiAi flag check: 
11-13 19:46:48.620  3916  4174 I AiAiEcho: [CONTEXT ratelimit_period="10 SECONDS" ]
11-13 19:46:48.620  3916  4174 I AiAiEcho: #weatherSubItemsTwiddler: Weather removes SubtitleSupplementalItem in surface: home [CONTEXT ratelimit_period="10 SECONDS" ]
11-13 19:46:48.620  3916  4174 I AiAiEcho: #remoteViewsTwiddler: feature disabled.
11-13 19:46:48.620  1526  5640 D Camera3-Utils: Set regular priority for thread (tid 5640)
11-13 19:46:48.621  3916  4174 I AiAiEcho: #postPredictionTargets: Sending updates to UISurface home with targets# 1 (types=[1])
11-13 19:46:48.621  1093  4649 D audio_hw_primary: adev_set_parameters: enter: cameraFacing=back
11-13 19:46:48.621  1093  4649 V msm8974_platform: platform_set_parameters: enter: cameraFacing=back
11-13 19:46:48.622  1093  4649 D audio_hw_hfp: hfp_set_parameters: enter
11-13 19:46:48.622  1093  4649 D audio_hw_hfp: hfp_set_parameters: enter
11-13 19:46:48.622  1093  4649 V a2dp_offload: end of a2dp setparam
11-13 19:46:48.622  1093  4649 D audio_hw_cspl_cal: cirrus_cal_setparameters: enter 0xe7441b40
11-13 19:46:48.622  1093  4649 D audio_hw_extn: audio_extn_fm_set_parameters: Enter
11-13 19:46:48.622  2944  2944 D BaseDepthController: mSurface is null and mCurrentBlur is: 0
11-13 19:46:48.622  1093  4649 D audio_hw_hfp: hfp_set_parameters: enter
11-13 19:46:48.622  1093  4649 V a2dp_offload: end of a2dp setparam
11-13 19:46:48.622  1093  4649 D audio_hw_primary: adev_set_parameters: exit with code(0)
11-13 19:46:48.623 21061 21104 I CAM_OpenCameraCallable: [K_PROCESS]: openCamera: X: cid = 0
11-13 19:46:48.623 21061 21104 D CAM_OpenCameraCallable: X: cid: 0 (dur: 53)
11-13 19:46:48.623 21061 21104 D CAM_OpenCameraCallable: postCallback
11-13 19:46:48.624 21061 21096 D CAM_OpenCameraCallable: Success: cid: 0 (dur: 54)
11-13 19:46:48.624 21061 21104 I CAM_CameraStateCallback: [K_PROCESS]: onOpened: cid = 0
11-13 19:46:48.624 21061 21104 I CAM_PerformanceManager: [P_PERFORM]: Action: 2:[HAL]openCamera@0_163_0 takes 54 ms
11-13 19:46:48.627  2944  2944 D b/387844520: getOutlineOffsetX: measured width = 182, mNormalizedIconSize = 167, last updated width = 182
11-13 19:46:48.632 21061 21061 D CAM_CameraCapabilities: QuickShotDelayTime tag not defined
11-13 19:46:48.632 21061 21061 D CAM_CameraCapabilities: HQQuickShot: mFeatureMask: 0   mDelayTimeMask: 0
11-13 19:46:48.632 21061 21061 D CAM_CameraCapabilities: QuickShotDelayTimeFactor tag not defined
11-13 19:46:48.632 21061 21061 D CAM_CameraCapabilities: QuickShot: mDelayTimeFactor: 100
11-13 19:46:48.632 21061 21061 D CAM_CameraCapabilities: MiviSuperNight: mSuperNightMask: 0
11-13 19:46:48.632 21061 21061 D CAM_CameraCapabilities: QuickShotNextCaptureMask: mQuickShotNextCaptureMask: 0
11-13 19:46:48.632 21061 21061 D CAM_CameraCapabilities: getBeautyVersionData: 3 ,beautyVersion: 3 ,beautyAlgo: 1
11-13 19:46:48.632 21061 21061 D CAM_CameraCapabilities: SnapshotQuickViewStreamMask: 0
11-13 19:46:48.632 21061 21061 D CAM_Camera2CompatAdapter: X: initCameraCapabilitiesByCameraId(): 0
11-13 19:46:48.632 21061 21088 D CAM_Camera2CompatAdapter: X: initCameraCapabilitiesByCameraId(): 1
11-13 19:46:48.633 21061 21088 D CAM_Camera2CompatAdapter: E: initCameraCapabilitiesByCameraId(): 2
11-13 19:46:48.633 21061 21078 D CAM_Camera2CompatAdapter: E: initCameraCapabilitiesByCameraId(): 6
11-13 19:46:48.638  2944  2944 D BaseDepthController: mSurface is null and mCurrentBlur is: 0
11-13 19:46:48.640 21061 21078 D CAM_CameraCapabilities: QuickShotDelayTime tag not defined
11-13 19:46:48.640 21061 21078 D CAM_CameraCapabilities: HQQuickShot: mFeatureMask: 0   mDelayTimeMask: 0
11-13 19:46:48.640 21061 21078 D CAM_CameraCapabilities: QuickShotDelayTimeFactor tag not defined
11-13 19:46:48.640 21061 21078 D CAM_CameraCapabilities: QuickShot: mDelayTimeFactor: 100
11-13 19:46:48.640 21061 21078 D CAM_CameraCapabilities: MiviSuperNight: mSuperNightMask: 0
11-13 19:46:48.640 21061 21078 D CAM_CameraCapabilities: QuickShotNextCaptureMask: mQuickShotNextCaptureMask: 0
11-13 19:46:48.640 21061 21078 D CAM_CameraCapabilities: getBeautyVersionData: 3 ,beautyVersion: 3 ,beautyAlgo: 1
11-13 19:46:48.640 21061 21078 D CAM_CameraCapabilities: SnapshotQuickViewStreamMask: 0
11-13 19:46:48.640 21061 21078 D CAM_Camera2CompatAdapter: X: initCameraCapabilitiesByCameraId(): 6
11-13 19:46:48.640 21061 21104 D CAM_Camera2CompatAdapter: E: initCameraCapabilitiesByCameraId(): 0
11-13 19:46:48.640 21061 21078 D CAM_CameraAppImpl: disable document mode
11-13 19:46:48.640 21061 21088 D CAM_CameraCapabilities: QuickShotDelayTime tag not defined
11-13 19:46:48.640 21061 21088 D CAM_CameraCapabilities: HQQuickShot: mFeatureMask: 0   mDelayTimeMask: 0
11-13 19:46:48.640 21061 21088 D CAM_CameraCapabilities: QuickShotDelayTimeFactor tag not defined
11-13 19:46:48.640 21061 21088 D CAM_CameraCapabilities: QuickShot: mDelayTimeFactor: 100
11-13 19:46:48.640 21061 21088 D CAM_CameraCapabilities: MiviSuperNight: mSuperNightMask: 0
11-13 19:46:48.641 21061 21088 D CAM_CameraCapabilities: QuickShotNextCaptureMask: mQuickShotNextCaptureMask: 0
11-13 19:46:48.641 21061 21088 D CAM_CameraCapabilities: getBeautyVersionData: 3 ,beautyVersion: 3 ,beautyAlgo: 1
11-13 19:46:48.641 21061 21088 D CAM_CameraCapabilities: SnapshotQuickViewStreamMask: 0
11-13 19:46:48.644  1251  3025 W ServiceManagerCppClient: Waited one second for stats (is service started? Number of threads started in the threadpool: 6. Are binder threads started and available?)
11-13 19:46:48.648 21061 21104 D CAM_CameraCapabilities: QuickShotDelayTime tag not defined
11-13 19:46:48.648 21061 21104 D CAM_CameraCapabilities: HQQuickShot: mFeatureMask: 0   mDelayTimeMask: 0
11-13 19:46:48.648 21061 21104 D CAM_CameraCapabilities: QuickShotDelayTimeFactor tag not defined
11-13 19:46:48.648 21061 21104 D CAM_CameraCapabilities: QuickShot: mDelayTimeFactor: 100
11-13 19:46:48.648 21061 21104 D CAM_CameraCapabilities: MiviSuperNight: mSuperNightMask: 0
11-13 19:46:48.648 21061 21104 D CAM_CameraCapabilities: QuickShotNextCaptureMask: mQuickShotNextCaptureMask: 0
11-13 19:46:48.648 21061 21104 D CAM_CameraCapabilities: getBeautyVersionData: 3 ,beautyVersion: 3 ,beautyAlgo: 1
11-13 19:46:48.648 21061 21104 D CAM_CameraCapabilities: SnapshotQuickViewStreamMask: 0
11-13 19:46:48.648 21061 21104 D CAM_Camera2CompatAdapter: X: initCameraCapabilitiesByCameraId(): 0
11-13 19:46:48.648 21061 21088 D CAM_Camera2CompatAdapter: X: initCameraCapabilitiesByCameraId(): 2
11-13 19:46:48.648 21061 21061 D CAM_Camera2CompatAdapter: E: initCameraCapabilitiesByCameraId(): 0
11-13 19:46:48.648 21061 21096 I CAM_CameraOpenObservable: [K_PROCESS]: onOpened: cid = 0, listener = 54855664
11-13 19:46:48.648 21061 21096 I CAM_Camera2OpenManager: [K_PROCESS]: onOpened: cid = 0|android.hardware.camera2.impl.CameraDeviceImpl@c9ab214
11-13 19:46:48.654  2944  2944 D BaseDepthController: mSurface is null and mCurrentBlur is: 0
11-13 19:46:48.656 21061 21061 D CAM_CameraCapabilities: QuickShotDelayTime tag not defined
11-13 19:46:48.656 21061 21061 D CAM_CameraCapabilities: HQQuickShot: mFeatureMask: 0   mDelayTimeMask: 0
11-13 19:46:48.656 21061 21061 D CAM_CameraCapabilities: QuickShotDelayTimeFactor tag not defined
11-13 19:46:48.656 21061 21061 D CAM_CameraCapabilities: QuickShot: mDelayTimeFactor: 100
11-13 19:46:48.656 21061 21061 D CAM_CameraCapabilities: MiviSuperNight: mSuperNightMask: 0
11-13 19:46:48.656 21061 21061 D CAM_CameraCapabilities: QuickShotNextCaptureMask: mQuickShotNextCaptureMask: 0
11-13 19:46:48.656 21061 21061 D CAM_CameraCapabilities: getBeautyVersionData: 3 ,beautyVersion: 3 ,beautyAlgo: 1
11-13 19:46:48.656 21061 21061 D CAM_CameraCapabilities: SnapshotQuickViewStreamMask: 0
11-13 19:46:48.656 21061 21061 D CAM_Camera2CompatAdapter: X: initCameraCapabilitiesByCameraId(): 0
11-13 19:46:48.656 21061 21088 D CAM_Camera2CompatAdapter: E: initCameraCapabilitiesByCameraId(): 3
11-13 19:46:48.656 21061 21096 D CAM_Camera2CompatAdapter: E: initCameraCapabilitiesByCameraId(): 0
11-13 19:46:48.663 21061 21088 D CAM_CameraCapabilities: QuickShotDelayTime tag not defined
11-13 19:46:48.663 21061 21088 D CAM_CameraCapabilities: HQQuickShot: mFeatureMask: 0   mDelayTimeMask: 0
11-13 19:46:48.663 21061 21088 D CAM_CameraCapabilities: QuickShotDelayTimeFactor tag not defined
11-13 19:46:48.663 21061 21088 D CAM_CameraCapabilities: QuickShot: mDelayTimeFactor: 100
11-13 19:46:48.663 21061 21088 D CAM_CameraCapabilities: MiviSuperNight: mSuperNightMask: 0
11-13 19:46:48.663 21061 21088 D CAM_CameraCapabilities: QuickShotNextCaptureMask: mQuickShotNextCaptureMask: 0
11-13 19:46:48.663 21061 21088 D CAM_CameraCapabilities: getBeautyVersionData: 3 ,beautyVersion: 3 ,beautyAlgo: 1
11-13 19:46:48.663 21061 21088 D CAM_CameraCapabilities: SnapshotQuickViewStreamMask: 0
11-13 19:46:48.665 21061 21096 D CAM_CameraCapabilities: QuickShotDelayTime tag not defined
11-13 19:46:48.665 21061 21096 D CAM_CameraCapabilities: HQQuickShot: mFeatureMask: 0   mDelayTimeMask: 0
11-13 19:46:48.665 21061 21096 D CAM_CameraCapabilities: QuickShotDelayTimeFactor tag not defined
11-13 19:46:48.665 21061 21096 D CAM_CameraCapabilities: QuickShot: mDelayTimeFactor: 100
11-13 19:46:48.665 21061 21096 D CAM_CameraCapabilities: MiviSuperNight: mSuperNightMask: 0
11-13 19:46:48.665 21061 21096 D CAM_CameraCapabilities: QuickShotNextCaptureMask: mQuickShotNextCaptureMask: 0
11-13 19:46:48.665 21061 21096 D CAM_CameraCapabilities: getBeautyVersionData: 3 ,beautyVersion: 3 ,beautyAlgo: 1
11-13 19:46:48.665 21061 21096 D CAM_CameraCapabilities: SnapshotQuickViewStreamMask: 0
11-13 19:46:48.665 21061 21096 D CAM_Camera2CompatAdapter: X: initCameraCapabilitiesByCameraId(): 0
11-13 19:46:48.665 21061 21088 D CAM_Camera2CompatAdapter: X: initCameraCapabilitiesByCameraId(): 3
11-13 19:46:48.665 21061 21061 D CAM_Camera2CompatAdapter: E: initCameraCapabilitiesByCameraId(): 0
11-13 19:46:48.665 21061 21096 D CAM_Camera2OpenManager: fire: result = d.c.a.q6.t8.b.u@eeec003, requested cid = 0
11-13 19:46:48.665 21061 21096 D CAM_Camera2OpenManager: fire: emitted
11-13 19:46:48.670 21061 21078 D CompatibilityUtils: getSdcardPath: sdcardVolume = null
11-13 19:46:48.670 21061 21078 D CAM_FileCompat: getExtSDCardPaths: activePath = null
11-13 19:46:48.670 21061 21078 D CompatibilityUtils: getSdcardPath: sdcardVolume = null
11-13 19:46:48.670 21061 21078 D CAM_FileCompat: getExtSDCardPaths: activePath = null
11-13 19:46:48.670 21061 21078 D CAM_MiCamera2: MiCamera2: preload
11-13 19:46:48.670 21061 21078 I CAM_PerformanceManager: [P_PERFORM]: Action: loading_class_163_0 takes 29 ms
11-13 19:46:48.670 21061 21078 D CAM_CameraAppImpl: LoadClassUseInLaunch<<
11-13 19:46:48.671  2944  2944 D BaseDepthController: mSurface is null and mCurrentBlur is: 0
11-13 19:46:48.673 21061 21061 D CAM_CameraCapabilities: QuickShotDelayTime tag not defined
11-13 19:46:48.673 21061 21061 D CAM_CameraCapabilities: HQQuickShot: mFeatureMask: 0   mDelayTimeMask: 0
11-13 19:46:48.673 21061 21061 D CAM_CameraCapabilities: QuickShotDelayTimeFactor tag not defined
11-13 19:46:48.673 21061 21061 D CAM_CameraCapabilities: QuickShot: mDelayTimeFactor: 100
11-13 19:46:48.673 21061 21061 D CAM_CameraCapabilities: MiviSuperNight: mSuperNightMask: 0
11-13 19:46:48.673 21061 21061 D CAM_CameraCapabilities: QuickShotNextCaptureMask: mQuickShotNextCaptureMask: 0
11-13 19:46:48.673 21061 21061 D CAM_CameraCapabilities: getBeautyVersionData: 3 ,beautyVersion: 3 ,beautyAlgo: 1
11-13 19:46:48.673 21061 21061 D CAM_CameraCapabilities: SnapshotQuickViewStreamMask: 0
11-13 19:46:48.673 21061 21061 D CAM_Camera2CompatAdapter: X: initCameraCapabilitiesByCameraId(): 0
11-13 19:46:48.673 21061 21088 D CAM_Camera2CompatAdapter: E: initCameraCapabilitiesByCameraId(): 4
11-13 19:46:48.674 21061 21061 D CAM_CameraCapabilities: com.xiaomi.lens.info.availableApertureModes invalid ,used default value 
11-13 19:46:48.674 21061 21061 W CAM_Camera2CompatAdapterRole: Warning: getAuxCameraId(): #init() failed, roleId=20
11-13 19:46:48.674  1093  4649 D audio_hw_primary: adev_get_parameters:audio_camera_zoom_support
11-13 19:46:48.674  1093  4649 I audio_karaoke: get para : audio_camera_zoom_support = false
11-13 19:46:48.674  1093  4649 D soundtrigger: audio_extn_sound_trigger_get_parameters input string<audio_camera_zoom_support=>
11-13 19:46:48.674  1093  4649 D soundtrigger: extract_sm_handle input string <audio_camera_zoom_support=> param string <audio_camera_zoom_support=>
11-13 19:46:48.674  1093  4649 D audio_hw_extn: audio_extn_fm_get_parameters: Enter
11-13 19:46:48.674  1093  4649 D audio_hw_extn: audio_extn_get_parameters: returns audio_camera_zoom_support=false
11-13 19:46:48.674  1093  4649 V msm8974_platform: platform_get_parameters: exit: returns - audio_camera_zoom_support=false
11-13 19:46:48.674  1093  4649 D audio_hw_primary: adev_get_parameters: exit: returns - audio_camera_zoom_support=false
11-13 19:46:48.675 21061 21061 D CAM_AiAudioParameterManager: isSupportAiAudioNew: AUDIO_CAMERA_ZOOM_SUPPORT = false
11-13 19:46:48.675 21061 21061 D CAM_AiAudioParameterManager: isSupportAiAudioNew: parameter not supported
11-13 19:46:48.675 21061 21061 D CAM_CameraCapabilities: portraitBokehZoomMap   PORTRAIT_BOKEH_ZOOM_RATIO_MAP is null
11-13 19:46:48.675 21061 21061 D CAM_CameraCapabilities: portraitBokehApertureAbilityMap   PORTRAIT_BOKEH_APERTURE_ABILITY_MAP is null
11-13 19:46:48.675 21061 21061 D CAM_ComponentConfigFlash: setBanned() called with: banned = [false]
11-13 19:46:48.677 21061 21061 D CAM_CameraCapabilities: SupportSlowMotionCameraValue   MULTI_LENS_SUPPORT_SLOW_MOTION is null
11-13 19:46:48.677 21061 21061 D CAM_CameraCapabilities: SupportSlowMotionCameraLens   MULTI_LENS_SUPPORT_SLOW_MOTION is null
11-13 19:46:48.677 21061 21061 D CAM_CameraCapabilities: isExposureMeteringSupported: 0
11-13 19:46:48.677 21061 21061 D CAM_Camera2CompatAdapter: E: initCameraCapabilitiesByCameraId(): 0
11-13 19:46:48.680 21061 21088 D CAM_CameraCapabilities: QuickShotDelayTime tag not defined
11-13 19:46:48.680 21061 21088 D CAM_CameraCapabilities: HQQuickShot: mFeatureMask: 0   mDelayTimeMask: 0
11-13 19:46:48.680 21061 21088 D CAM_CameraCapabilities: QuickShotDelayTimeFactor tag not defined
11-13 19:46:48.680 21061 21088 D CAM_CameraCapabilities: QuickShot: mDelayTimeFactor: 100
11-13 19:46:48.680 21061 21088 D CAM_CameraCapabilities: MiviSuperNight: mSuperNightMask: 0
11-13 19:46:48.680 21061 21088 D CAM_CameraCapabilities: QuickShotNextCaptureMask: mQuickShotNextCaptureMask: 0
11-13 19:46:48.680 21061 21088 D CAM_CameraCapabilities: getBeautyVersionData: 3 ,beautyVersion: 3 ,beautyAlgo: 1
11-13 19:46:48.680 21061 21088 D CAM_CameraCapabilities: SnapshotQuickViewStreamMask: 0
11-13 19:46:48.685 21061 21061 D CAM_CameraCapabilities: QuickShotDelayTime tag not defined
11-13 19:46:48.685 21061 21061 D CAM_CameraCapabilities: HQQuickShot: mFeatureMask: 0   mDelayTimeMask: 0
11-13 19:46:48.685 21061 21061 D CAM_CameraCapabilities: QuickShotDelayTimeFactor tag not defined
11-13 19:46:48.685 21061 21061 D CAM_CameraCapabilities: QuickShot: mDelayTimeFactor: 100
11-13 19:46:48.685 21061 21061 D CAM_CameraCapabilities: MiviSuperNight: mSuperNightMask: 0
11-13 19:46:48.685 21061 21061 D CAM_CameraCapabilities: QuickShotNextCaptureMask: mQuickShotNextCaptureMask: 0
11-13 19:46:48.685 21061 21061 D CAM_CameraCapabilities: getBeautyVersionData: 3 ,beautyVersion: 3 ,beautyAlgo: 1
11-13 19:46:48.685 21061 21061 D CAM_CameraCapabilities: SnapshotQuickViewStreamMask: 0
11-13 19:46:48.685 21061 21061 D CAM_Camera2CompatAdapter: X: initCameraCapabilitiesByCameraId(): 0
11-13 19:46:48.685 21061 21088 D CAM_Camera2CompatAdapter: X: initCameraCapabilitiesByCameraId(): 4
11-13 19:46:48.685 21061 21088 D CAM_Camera2CompatAdapter: E: initCameraCapabilitiesByCameraId(): 5
11-13 19:46:48.685 21061 21061 D CAM_CameraCapabilities: com.xiaomi.lens.info.AVAILABLE_EXPOSURE_MODES invalid ,used default value 
11-13 19:46:48.685 21061 21061 D CAM_Camera2CompatAdapter: E: initCameraCapabilitiesByCameraId(): 0
11-13 19:46:48.688  2944  2944 D BaseDepthController: mSurface is null and mCurrentBlur is: 0
11-13 19:46:48.691 21061 21088 D CAM_CameraCapabilities: QuickShotDelayTime tag not defined
11-13 19:46:48.691 21061 21088 D CAM_CameraCapabilities: HQQuickShot: mFeatureMask: 0   mDelayTimeMask: 0
11-13 19:46:48.691 21061 21088 D CAM_CameraCapabilities: QuickShotDelayTimeFactor tag not defined
11-13 19:46:48.691 21061 21088 D CAM_CameraCapabilities: QuickShot: mDelayTimeFactor: 100
11-13 19:46:48.691 21061 21088 D CAM_CameraCapabilities: MiviSuperNight: mSuperNightMask: 0
11-13 19:46:48.691 21061 21088 D CAM_CameraCapabilities: QuickShotNextCaptureMask: mQuickShotNextCaptureMask: 0
11-13 19:46:48.691 21061 21088 D CAM_CameraCapabilities: getBeautyVersionData: 3 ,beautyVersion: 3 ,beautyAlgo: 1
11-13 19:46:48.691 21061 21088 D CAM_CameraCapabilities: SnapshotQuickViewStreamMask: 0
11-13 19:46:48.693 21061 21061 D CAM_CameraCapabilities: QuickShotDelayTime tag not defined
11-13 19:46:48.693 21061 21061 D CAM_CameraCapabilities: HQQuickShot: mFeatureMask: 0   mDelayTimeMask: 0
11-13 19:46:48.693 21061 21061 D CAM_CameraCapabilities: QuickShotDelayTimeFactor tag not defined
11-13 19:46:48.693 21061 21061 D CAM_CameraCapabilities: QuickShot: mDelayTimeFactor: 100
11-13 19:46:48.693 21061 21061 D CAM_CameraCapabilities: MiviSuperNight: mSuperNightMask: 0
11-13 19:46:48.693 21061 21061 D CAM_CameraCapabilities: QuickShotNextCaptureMask: mQuickShotNextCaptureMask: 0
11-13 19:46:48.693 21061 21061 D CAM_CameraCapabilities: getBeautyVersionData: 3 ,beautyVersion: 3 ,beautyAlgo: 1
11-13 19:46:48.693 21061 21061 D CAM_CameraCapabilities: SnapshotQuickViewStreamMask: 0
11-13 19:46:48.693 21061 21061 D CAM_Camera2CompatAdapter: X: initCameraCapabilitiesByCameraId(): 0
11-13 19:46:48.693 21061 21088 D CAM_Camera2CompatAdapter: X: initCameraCapabilitiesByCameraId(): 5
11-13 19:46:48.693 21061 21088 D CAM_Camera2CompatAdapter: E: initCameraCapabilitiesByCameraId(): 6
11-13 19:46:48.693 21061 21061 D CAM_CameraCapabilities: com.xiaomi.lens.info.availableApertureModes invalid ,used default value 
11-13 19:46:48.693 21061 21061 W CAM_Camera2CompatAdapterRole: Warning: getAuxCameraId(): #init() failed, roleId=20
11-13 19:46:48.694 21061 21061 D CAM_ComponentConfigHDR10: reInit E
11-13 19:46:48.694 21061 21061 D CAM_ComponentConfigHDR10PRO: reInit E
11-13 19:46:48.694 21061 21061 D CAM_ComponentConfigTrueColour: reInit E
11-13 19:46:48.694 21061 21061 D CAM_DataItemGlobal: setSortModes [167, 186, 162, 163, 171, 173, 254, 175, 166, 209, 220, 172, 169, 184, 211, 187, 210, 164]
11-13 19:46:48.699 21061 21061 V CAM_ComponentModuleList: initItems [ComponentDataItem{mDisplayName='Pro'mValue='167'}, ComponentDataItem{mDisplayName='Documentos'mValue='186'}, ComponentDataItem{mDisplayName='Vdeo'mValue='162'}, ComponentDataItem{mDisplayName='Foto'mValue='163'}, ComponentDataItem{mDisplayName='Retrato'mValue='171'}, ComponentDataItem{mDisplayName='Nocturno'mValue='173'}, ComponentDataItem{mDisplayName='Ms'mValue='254'}, ComponentDataItem{mDisplayName='108MP'mValue='175'}, ComponentDataItem{mDisplayName='Panormica'mValue='166'}, ComponentDataItem{mDisplayName='VLOG'mValue='209'}, ComponentDataItem{mDisplayName='Cortometraje'mValue='220'}, ComponentDataItem{mDisplayName='Cmara lenta'mValue='172'}, ComponentDataItem{mDisplayName='Time-lapse'mValue='169'}, ComponentDataItem{mDisplayName='Avatares de stickers'mValue='184'}, ComponentDataItem{mDisplayName='Efectos de pelcula'mValue='211'}, ComponentDataItem{mDisplayName='Exposicin prolongada'mValue='187'}, ComponentDataItem{mDisplayName='Clonar'mValue='210'}, ComponentDataItem{mDisplayName='Modo director'mValue='164'}, ComponentDataItem{mDisplayName='Editar'mValue='255'}]
11-13 19:46:48.699 21061 21061 I CAM_PaintConditionReferred: configVariables mode:163, uiStyle:0
11-13 19:46:48.699 21061 21061 D CAM_DataItemRunning: setPaintCondition: 0
11-13 19:46:48.699 21061 21061 D CAM_Camera@55923167: onLifeAlive module 0xa3, need anim 1, need blur false need reconfig true reset type 4
11-13 19:46:48.699 21061 21061 D CAM_Camera@55923167: isFromKeyguard: false
11-13 19:46:48.699 21061 21061 D CAM_Camera@55923167: onLifeAlive: isFromKeyguard: false, mHasFocus: false
11-13 19:46:48.700 21061 21061 I CAM_PermissionManager: getNeedCheckPermissionList() listSize =0
11-13 19:46:48.700 21061 21061 I CAM_PermissionManager: checkCameraLaunchPermissions(), all on
11-13 19:46:48.700 21061 21088 D CAM_CameraCapabilities: QuickShotDelayTime tag not defined
11-13 19:46:48.700 21061 21088 D CAM_CameraCapabilities: HQQuickShot: mFeatureMask: 0   mDelayTimeMask: 0
11-13 19:46:48.700 21061 21061 D CAM_Camera@55923167: setupCamera: E
11-13 19:46:48.700 21061 21088 D CAM_CameraCapabilities: QuickShotDelayTimeFactor tag not defined
11-13 19:46:48.700 21061 21088 D CAM_CameraCapabilities: QuickShot: mDelayTimeFactor: 100
11-13 19:46:48.700 21061 21088 D CAM_CameraCapabilities: MiviSuperNight: mSuperNightMask: 0
11-13 19:46:48.700 21061 21088 D CAM_CameraCapabilities: QuickShotNextCaptureMask: mQuickShotNextCaptureMask: 0
11-13 19:46:48.700 21061 21088 D CAM_CameraCapabilities: getBeautyVersionData: 3 ,beautyVersion: 3 ,beautyAlgo: 1
11-13 19:46:48.700 21061 21088 D CAM_CameraCapabilities: SnapshotQuickViewStreamMask: 0
11-13 19:46:48.700 21061 21088 D CAM_Camera2CompatAdapter: X: initCameraCapabilitiesByCameraId(): 6
11-13 19:46:48.700 21061 21061 D CAM_Camera@55923167: closeCameraSetup: CameraPendingSetupDisposable: X
11-13 19:46:48.700 21061 21061 D CAM_Camera@55923167: closeCameraSetup: CameraSetupDisposable: X
11-13 19:46:48.700 21061 21088 D CAM_Camera2CompatAdapter: E: initCameraCapabilitiesByCameraId(): 7
11-13 19:46:48.700 21061 21061 D CAM_Camera@55923167: setupCamera: CameraSetupDisposable: E
11-13 19:46:48.700 21061 21061 D CAM_Camera@55923167: setupCamera: X
11-13 19:46:48.700 21061 21096 I CAM_PermissionManager: getNeedCheckPermissionList() listSize =0
11-13 19:46:48.700 21061 21096 I CAM_PermissionManager: checkCameraLaunchPermissions(), all on
11-13 19:46:48.701 21061 21061 D CAM_DragEventBusImpl: addOnDragListener: FragmentBottomAction
11-13 19:46:48.702 21061 21061 D CAM_DragEventBusImpl: addOnDragListener: FragmentModeSelector
11-13 19:46:48.702 21061 21061 D CAM_Camera@55923167: setBasicUICreated
11-13 19:46:48.702 21061 21061 D CAM_Camera2Module: notifyUICreated
11-13 19:46:48.702 21061 21061 V CAM_Delegate@91369388: loadModule + opts {POPUP_TIPS=[BaseOperation{type=ADD, contType=POPUP_TIPS, info= 0xFFF9, subInfo= 0xF0'}], PREVIEW_ROOT=[BaseOperation{type=ADD, contType=PREVIEW_ROOT, info= 0xFFFFFF2, subInfo= 0xF0'}], }
11-13 19:46:48.702 21061 21061 V CAM_Delegate@91369388: diffOpts : new {POPUP_TIPS=[BaseOperation{type=ADD, contType=POPUP_TIPS, info= 0xFFF9, subInfo= 0xF0'}], PREVIEW_ROOT=[BaseOperation{type=ADD, contType=PREVIEW_ROOT, info= 0xFFFFFF2, subInfo= 0xF0'}], }
11-13 19:46:48.702 21061 21061 V CAM_Delegate@91369388: clearOpts {}
11-13 19:46:48.702 21061 21061 V CAM_Delegate@91369388: loadModule + types [6, 10]
11-13 19:46:48.703 21061 21061 V CAM_Delegate@91369388: checkOperation type POPUP_TIPS, operations [BaseOperation{type=ADD, contType=POPUP_TIPS, info= 0xFFF9, subInfo= 0xF0'}], currentFragments {BOTTOM_BAR ,VState :0 , fragInfo: [0xF1], MODE_SELECTOR ,VState :0 , fragInfo: [0xF2], TOP_BAR ,VState :0 , fragInfo: [0xF4], DUAL_CAMERA ,VState :0 , fragInfo: [0xFF4], MAIN_CONTENT ,VState :0 , fragInfo: [0xF3], POPUP_TIPS ,VState :0 , fragInfo: [0xF0], BEAUTY_PANEL ,VState :0 , fragInfo: [0xF0], POST_VIEW ,VState :0 , fragInfo: [0xF0], GALLERY , fragInfo: [0xF0], PREVIEW_ROOT ,VState :0 , fragInfo: [0xF0], EXTRA_TOP_BAR , fragInfo: [0xF0], MENU_ROOT ,VState :0 , fragInfo: [0xF0], LOWER_LAYER ,VState :0 , fragInfo: [0xF0], MID_LAYER ,VState :0 , fragInfo: [0xF0], HIGHER_LAYER ,VState :0 , fragInfo: [0xF0]}
11-13 19:46:48.703 21061 21061 V CAM_Delegate@91369388: checkOperation type PREVIEW_ROOT, operations [BaseOperation{type=ADD, contType=PREVIEW_ROOT, info= 0xFFFFFF2, subInfo= 0xF0'}], currentFragments {BOTTOM_BAR ,VState :0 , fragInfo: [0xF1], MODE_SELECTOR ,VState :0 , fragInfo: [0xF2], TOP_BAR ,VState :0 , fragInfo: [0xF4], DUAL_CAMERA ,VState :0 , fragInfo: [0xFF4], MAIN_CONTENT ,VState :0 , fragInfo: [0xF3], POPUP_TIPS ,VState :0 , fragInfo: [0xF0], BEAUTY_PANEL ,VState :0 , fragInfo: [0xF0], POST_VIEW ,VState :0 , fragInfo: [0xF0], GALLERY , fragInfo: [0xF0], PREVIEW_ROOT ,VState :0 , fragInfo: [0xF0], EXTRA_TOP_BAR , fragInfo: [0xF0], MENU_ROOT ,VState :0 , fragInfo: [0xF0], LOWER_LAYER ,VState :0 , fragInfo: [0xF0], MID_LAYER ,VState :0 , fragInfo: [0xF0], HIGHER_LAYER ,VState :0 , fragInfo: [0xF0]}
11-13 19:46:48.703 21061 21061 V CAM_Delegate@91369388: loadModule - opts [BaseOperation{type=ADD, contType=POPUP_TIPS, info= 0xFFF9, subInfo= 0xF0'}, BaseOperation{type=ADD, contType=PREVIEW_ROOT, info= 0xFFFFFF2, subInfo= 0xF0'}]
11-13 19:46:48.703 21061 21061 I CAM_BaseFragment: fragment is not added, pendingShow return.
11-13 19:46:48.703 21061 21061 I CAM_BaseFragment: fragment is not added, pendingShow return.
11-13 19:46:48.703 21061 21061 V CAM_Delegate@91369388: currentFragments {BOTTOM_BAR ,VState :0 , fragInfo: [0xF1], MODE_SELECTOR ,VState :0 , fragInfo: [0xF2], TOP_BAR ,VState :0 , fragInfo: [0xF4], DUAL_CAMERA ,VState :0 , fragInfo: [0xFF4], MAIN_CONTENT ,VState :0 , fragInfo: [0xF3], POPUP_TIPS ,VState :0 , fragInfo: [0xF0, 0xFFF9], BEAUTY_PANEL ,VState :0 , fragInfo: [0xF0], POST_VIEW ,VState :0 , fragInfo: [0xF0], GALLERY , fragInfo: [0xF0], PREVIEW_ROOT ,VState :0 , fragInfo: [0xF0, 0xFFFFFF2], EXTRA_TOP_BAR , fragInfo: [0xF0], MENU_ROOT ,VState :0 , fragInfo: [0xF0], LOWER_LAYER ,VState :0 , fragInfo: [0xF0], MID_LAYER ,VState :0 , fragInfo: [0xF0], HIGHER_LAYER ,VState :0 , fragInfo: [0xF0]}
11-13 19:46:48.703 21061 21061 D CAM_Delegate@91369388: skip loadBasicFragment, fragment id F0
11-13 19:46:48.703 21061 21061 D CAM_Delegate@91369388: skip loadBasicFragment, fragment id F0
11-13 19:46:48.703 21061 21061 D CAM_Delegate@91369388: skip loadBasicFragment, fragment id F0
11-13 19:46:48.703 21061 21061 D CAM_Delegate@91369388: skip loadBasicFragment, fragment id F0
11-13 19:46:48.703 21061 21061 D CAM_Delegate@91369388: skip loadBasicFragment, fragment id F0
11-13 19:46:48.703 21061 21061 D CAM_Delegate@91369388: skip loadBasicFragment, fragment id F0
11-13 19:46:48.703 21061 21061 D CAM_Delegate@91369388: skip loadBasicFragment, fragment id F0
11-13 19:46:48.703 21061 21061 D CAM_Delegate@91369388: skip loadBasicFragment, fragment id F0
11-13 19:46:48.703 21061 21061 D CAM_Delegate@91369388: skip loadBasicFragment, fragment id F0
11-13 19:46:48.703 21061 21061 D CAM_Delegate@91369388: skip loadBasicFragment, fragment id F0
11-13 19:46:48.704 21061 21061 D CAM_GoogleLens: checkLensAvailability: false
11-13 19:46:48.704 21061 21061 D CAM_ThermalDetector: onCreate
11-13 19:46:48.704 21061 21061 D CAM_BatteryDetector: onCreate
11-13 19:46:48.704 21061 21061 D CAM_CameraIntentManager: camera_launch_source = null
11-13 19:46:48.704 21061 21061 I CAM_PerformanceManager: [P_PERFORM]: Action: A1:createActivity_162_0 takes 168 ms
11-13 19:46:48.704 21061 21061 D CAM_BoostFrameworkImpl: stopBoost
11-13 19:46:48.704 21061 21061 D CAM_BoostFrameworkImpl: ready to stop boost
11-13 19:46:48.704 21061 21061 I CAM_Camera@55923167: [K_PROCESS]: onCreate end 55923167
11-13 19:46:48.704 21061 21061 D CAM_ActivityBase: onCreate -
11-13 19:46:48.704 21061 21061 D CAM_ActivityBase: onStart +55923167
11-13 19:46:48.705 21061 21061 D CAM_BoostFrameworkImpl: startBoost: duration = 500, scene = 6
11-13 19:46:48.705 21061 21061 D CAM_BoostFrameworkImpl: ready to boost
11-13 19:46:48.705  2944  2944 D BaseDepthController: mSurface is null and mCurrentBlur is: 0
11-13 19:46:48.707 21061 21096 D CAM_FunctionCameraPrepare: reconfigureData needResetForFrontZoom:false lastCameraId:0 mResetType:4 mLastMode:0 mTargetMode:163
11-13 19:46:48.707 21061 21061 D CAM_CameraSnapView: setClickEnable: false
11-13 19:46:48.708 21061 21088 D CAM_CameraCapabilities: QuickShotDelayTime tag not defined
11-13 19:46:48.708 21061 21088 D CAM_CameraCapabilities: HQQuickShot: mFeatureMask: 0   mDelayTimeMask: 0
11-13 19:46:48.708 21061 21088 D CAM_CameraCapabilities: QuickShotDelayTimeFactor tag not defined
11-13 19:46:48.708 21061 21088 D CAM_CameraCapabilities: QuickShot: mDelayTimeFactor: 100
11-13 19:46:48.708 21061 21088 D CAM_CameraCapabilities: MiviSuperNight: mSuperNightMask: 0
11-13 19:46:48.708 21061 21088 D CAM_CameraCapabilities: QuickShotNextCaptureMask: mQuickShotNextCaptureMask: 0
11-13 19:46:48.708 21061 21088 D CAM_CameraCapabilities: getBeautyVersionData: 3 ,beautyVersion: 3 ,beautyAlgo: 1
11-13 19:46:48.708 21061 21088 D CAM_CameraCapabilities: SnapshotQuickViewStreamMask: 0
11-13 19:46:48.708 21061 21088 D CAM_Camera2CompatAdapter: X: initCameraCapabilitiesByCameraId(): 7
11-13 19:46:48.708 21061 21088 D CAM_Camera2CompatAdapter: E: initCameraCapabilitiesByCameraId(): 8
11-13 19:46:48.710 21061 21096 D CAM_ComponentRunningDualVideo: setRecordType: RecordType_MERGED
11-13 19:46:48.710 21061 21096 D CAM_ComponentRunningDualVideo: setRecordType: RecordType_MERGED
11-13 19:46:48.710 21061 21096 D CAM_ComponentConfigVideoQuality: checkValueValid: invalid value: 3001
11-13 19:46:48.711 21061 21096 E CAM_ComponentConfigVideoQuality: reset invalid value 3001
11-13 19:46:48.711 21061 21096 D CAM_ComponentConfigVideoQuality: checkValueValid: invalid value: 3001
11-13 19:46:48.711 21061 21096 E CAM_ComponentConfigVideoQuality: reset invalid value 3001
11-13 19:46:48.711 21061 21096 D CAM_Camera2DataContainer: Currently user selected zoom ratio is 1.0
11-13 19:46:48.712 21061 21096 D CAM_Camera2DataContainer: getActualOpenCameraId: mode=a3, id=0->0
11-13 19:46:48.712 21061 21096 D CAM_Camera2CompatAdapter: E: initCameraCapabilitiesByCameraId(): 0
11-13 19:46:48.715 21061 21088 D CAM_CameraCapabilities: QuickShotDelayTime tag not defined
11-13 19:46:48.715 21061 21088 D CAM_CameraCapabilities: HQQuickShot: mFeatureMask: 0   mDelayTimeMask: 0
11-13 19:46:48.715 21061 21088 D CAM_CameraCapabilities: QuickShotDelayTimeFactor tag not defined
11-13 19:46:48.715 21061 21088 D CAM_CameraCapabilities: QuickShot: mDelayTimeFactor: 100
11-13 19:46:48.715 21061 21088 D CAM_CameraCapabilities: MiviSuperNight: mSuperNightMask: 0
11-13 19:46:48.715 21061 21088 D CAM_CameraCapabilities: QuickShotNextCaptureMask: mQuickShotNextCaptureMask: 0
11-13 19:46:48.715 21061 21088 D CAM_CameraCapabilities: getBeautyVersionData: 3 ,beautyVersion: 3 ,beautyAlgo: 1
11-13 19:46:48.715 21061 21088 D CAM_CameraCapabilities: SnapshotQuickViewStreamMask: 0
11-13 19:46:48.716 21061 21061 D CAM_CameraSnapView: onScreenOrientationChanged
11-13 19:46:48.716 21061 21061 D CAM_FragmentBottomAction: provideAnimateElement: newMode = 163, mCurrentMode = 163, animateInElements = null
11-13 19:46:48.719 21061 21061 D CAM_BottomItems: updateBottomLocation: mBottomLayoutType = -1, type = 1, isLandscape = false
11-13 19:46:48.720 21061 21096 D CAM_CameraCapabilities: QuickShotDelayTime tag not defined
11-13 19:46:48.720 21061 21096 D CAM_CameraCapabilities: HQQuickShot: mFeatureMask: 0   mDelayTimeMask: 0
11-13 19:46:48.720 21061 21096 D CAM_CameraCapabilities: QuickShotDelayTimeFactor tag not defined
11-13 19:46:48.720 21061 21096 D CAM_CameraCapabilities: QuickShot: mDelayTimeFactor: 100
11-13 19:46:48.720 21061 21096 D CAM_CameraCapabilities: MiviSuperNight: mSuperNightMask: 0
11-13 19:46:48.720 21061 21096 D CAM_CameraCapabilities: QuickShotNextCaptureMask: mQuickShotNextCaptureMask: 0
11-13 19:46:48.720 21061 21096 D CAM_CameraCapabilities: getBeautyVersionData: 3 ,beautyVersion: 3 ,beautyAlgo: 1
11-13 19:46:48.720 21061 21096 D CAM_CameraCapabilities: SnapshotQuickViewStreamMask: 0
11-13 19:46:48.720 21061 21096 D CAM_Camera2CompatAdapter: X: initCameraCapabilitiesByCameraId(): 0
11-13 19:46:48.720 21061 21088 D CAM_Camera2CompatAdapter: X: initCameraCapabilitiesByCameraId(): 8
11-13 19:46:48.720 21061 21088 D CAM_Camera2CompatAdapter: E: initCameraCapabilitiesByCameraId(): 9
11-13 19:46:48.720 21061 21096 D CAM_Camera2CompatAdapter: E: initCameraCapabilitiesByCameraId(): 0
11-13 19:46:48.721 21061 21061 D CompatChangeReporter: Compat change id reported: 210923482; UID 10586; state: ENABLED
11-13 19:46:48.722 21061 21061 I CAM_ AdaptiveTv: init:  mMaxFontScale :1.25
11-13 19:46:48.722  2944  2944 D BaseDepthController: mSurface is null and mCurrentBlur is: 0
11-13 19:46:48.727 21061 21088 D CAM_CameraCapabilities: QuickShotDelayTime tag not defined
11-13 19:46:48.727 21061 21088 D CAM_CameraCapabilities: HQQuickShot: mFeatureMask: 0   mDelayTimeMask: 0
11-13 19:46:48.727 21061 21088 D CAM_CameraCapabilities: QuickShotDelayTimeFactor tag not defined
11-13 19:46:48.727 21061 21088 D CAM_CameraCapabilities: QuickShot: mDelayTimeFactor: 100
11-13 19:46:48.727 21061 21088 D CAM_CameraCapabilities: MiviSuperNight: mSuperNightMask: 0
11-13 19:46:48.727 21061 21088 D CAM_CameraCapabilities: QuickShotNextCaptureMask: mQuickShotNextCaptureMask: 0
11-13 19:46:48.727 21061 21088 D CAM_CameraCapabilities: getBeautyVersionData: 3 ,beautyVersion: 3 ,beautyAlgo: 1
11-13 19:46:48.727 21061 21088 D CAM_CameraCapabilities: SnapshotQuickViewStreamMask: 0
11-13 19:46:48.729 21061 21061 D CAM_BottomCV: adjustThumbBg android.widget.ImageView{43a7301 VFED..... ......I. 0,0-0,0 #7f0b06f2 app:id/v9_thumbnail_image}
11-13 19:46:48.729 21061 21096 D CAM_CameraCapabilities: QuickShotDelayTime tag not defined
11-13 19:46:48.730 21061 21096 D CAM_CameraCapabilities: HQQuickShot: mFeatureMask: 0   mDelayTimeMask: 0
11-13 19:46:48.730 21061 21061 D CAM_AbstractFragment: baseUpdateView FragmentBottomAction, true
11-13 19:46:48.730 21061 21096 D CAM_CameraCapabilities: QuickShotDelayTimeFactor tag not defined
11-13 19:46:48.730 21061 21096 D CAM_CameraCapabilities: QuickShot: mDelayTimeFactor: 100
11-13 19:46:48.730 21061 21096 D CAM_CameraCapabilities: MiviSuperNight: mSuperNightMask: 0
11-13 19:46:48.730 21061 21096 D CAM_CameraCapabilities: QuickShotNextCaptureMask: mQuickShotNextCaptureMask: 0
11-13 19:46:48.730 21061 21096 D CAM_CameraCapabilities: getBeautyVersionData: 3 ,beautyVersion: 3 ,beautyAlgo: 1
11-13 19:46:48.730 21061 21096 D CAM_CameraCapabilities: SnapshotQuickViewStreamMask: 0
11-13 19:46:48.730 21061 21096 D CAM_Camera2CompatAdapter: X: initCameraCapabilitiesByCameraId(): 0
11-13 19:46:48.730 21061 21088 D CAM_Camera2CompatAdapter: X: initCameraCapabilitiesByCameraId(): 9
11-13 19:46:48.730 21061 21088 D CAM_Camera2CompatAdapter: E: initCameraCapabilitiesByCameraId(): 10
11-13 19:46:48.730 21061 21061 D CAM_BottomCV: adjustThumbBg android.widget.ImageView{43a7301 VFED..... ......I. 0,0-0,0 #7f0b06f2 app:id/v9_thumbnail_image}
11-13 19:46:48.730 21061 21096 D CAM_Camera2CompatAdapter: E: initCameraCapabilitiesByCameraId(): 0
11-13 19:46:48.730 21061 21061 D CAM_CameraSnapView: onScreenOrientationChanged
11-13 19:46:48.730 21061 21061 D CAM_BottomItems: updateBottomLocation: mBottomLayoutType = 1, type = 1, isLandscape = false
11-13 19:46:48.735 21061 21061 I CAM_ AdaptiveTv: init:  mMaxFontScale :1.4
11-13 19:46:48.735 21061 21061 D CAM_FragmentModeSelector: switchModeSelectViewStyle f = 7, m = 12
11-13 19:46:48.735 21061 21061 D CAM_FragmentModeSelector: to common mode
11-13 19:46:48.735 21061 21061 D CAM_FragmentModeSelector: bottom_external_mode set isVisibility false
11-13 19:46:48.736 21061 21061 D CAM_FragmentModeSelector: mode_select_scrollview set isVisibility true
11-13 19:46:48.736 21061 21061 V CAM_Display: navBarHeight=66
11-13 19:46:48.736 21061 21061 D CAM_FragmentModeSelector: switchMoreMode open: true, style: 0, mCurrentMode: 163
11-13 19:46:48.737 21061 21088 D CAM_CameraCapabilities: QuickShotDelayTime tag not defined
11-13 19:46:48.737 21061 21088 D CAM_CameraCapabilities: HQQuickShot: mFeatureMask: 0   mDelayTimeMask: 0
11-13 19:46:48.737 21061 21088 D CAM_CameraCapabilities: QuickShotDelayTimeFactor tag not defined
11-13 19:46:48.737 21061 21088 D CAM_CameraCapabilities: QuickShot: mDelayTimeFactor: 100
11-13 19:46:48.737 21061 21088 D CAM_CameraCapabilities: MiviSuperNight: mSuperNightMask: 0
11-13 19:46:48.737 21061 21088 D CAM_CameraCapabilities: QuickShotNextCaptureMask: mQuickShotNextCaptureMask: 0
11-13 19:46:48.737 21061 21088 D CAM_CameraCapabilities: getBeautyVersionData: 3 ,beautyVersion: 3 ,beautyAlgo: 1
11-13 19:46:48.737 21061 21088 D CAM_CameraCapabilities: SnapshotQuickViewStreamMask: 0
11-13 19:46:48.737 21061 21061 D CAM_DragLayout: disableAllMode
11-13 19:46:48.737 21061 21061 D CAM_DragLayout: setDragEnable mDragMode : false, enable false, force : false
11-13 19:46:48.737 21061 21061 D CAM_AbstractFragment: baseUpdateView FragmentModeSelector, true
11-13 19:46:48.738 21061 21061 V CAM_IDisplayRect: getDisplayRect:Rect(0, 246 - 1080, 1686)
11-13 19:46:48.738 21061 21061 D CAM_ModeSelectViewCV: init curMode = 163
11-13 19:46:48.738 21061 21061 D CAM_ModeSelectViewCV: init mItems = [ComponentDataItem{mDisplayName='Pro'mValue='167'}, ComponentDataItem{mDisplayName='Documentos'mValue='186'}, ComponentDataItem{mDisplayName='Vdeo'mValue='162'}, ComponentDataItem{mDisplayName='Foto'mValue='163'}, ComponentDataItem{mDisplayName='Retrato'mValue='171'}, ComponentDataItem{mDisplayName='Nocturno'mValue='173'}, ComponentDataItem{mDisplayName='Ms'mValue='254'}]
11-13 19:46:48.738 21061 21061 D CAM_ModeSelectViewCV: init: updateItemDecoration
11-13 19:46:48.738  2944  2944 D BaseDepthController: mSurface is null and mCurrentBlur is: 0
11-13 19:46:48.739 21061 21096 D CAM_CameraCapabilities: QuickShotDelayTime tag not defined
11-13 19:46:48.739 21061 21096 D CAM_CameraCapabilities: HQQuickShot: mFeatureMask: 0   mDelayTimeMask: 0
11-13 19:46:48.739 21061 21096 D CAM_CameraCapabilities: QuickShotDelayTimeFactor tag not defined
11-13 19:46:48.739 21061 21096 D CAM_CameraCapabilities: QuickShot: mDelayTimeFactor: 100
11-13 19:46:48.739 21061 21096 D CAM_CameraCapabilities: MiviSuperNight: mSuperNightMask: 0
11-13 19:46:48.739 21061 21096 D CAM_CameraCapabilities: QuickShotNextCaptureMask: mQuickShotNextCaptureMask: 0
11-13 19:46:48.739 21061 21096 D CAM_CameraCapabilities: getBeautyVersionData: 3 ,beautyVersion: 3 ,beautyAlgo: 1
11-13 19:46:48.739 21061 21096 D CAM_CameraCapabilities: SnapshotQuickViewStreamMask: 0
11-13 19:46:48.739 21061 21096 D CAM_Camera2CompatAdapter: X: initCameraCapabilitiesByCameraId(): 0
11-13 19:46:48.739 21061 21061 E DynamicRefreshRate recy: dynamic params is false
11-13 19:46:48.739 21061 21088 D CAM_Camera2CompatAdapter: X: initCameraCapabilitiesByCameraId(): 10
11-13 19:46:48.739 21061 21061 E DynamicRefreshRate recy: dynamic is not enable
11-13 19:46:48.739 21061 21088 D CAM_Camera2CompatAdapterRole: X: initCameraCapabilitiesAsync()
11-13 19:46:48.739 21061 21088 D CAM_Camera2CompatAdapterRole: mCapabilities.get(id)=null id=0
11-13 19:46:48.739 21061 21088 D CAM_Camera2CompatAdapterRole: mCapabilities.get(id)=null id=1
11-13 19:46:48.739 21061 21088 D CAM_Camera2CompatAdapterRole: mCapabilities.get(id)=null id=3
11-13 19:46:48.739 21061 21088 D CAM_Camera2CompatAdapterRole: mCapabilities.get(id)=null id=2
11-13 19:46:48.739 21061 21088 D CAM_Camera2CompatAdapterRole: mCapabilities.get(id)=null id=4
11-13 19:46:48.739 21061 21096 D CAM_CameraCapabilities: com.xiaomi.lens.info.availableApertureModes invalid ,used default value 
11-13 19:46:48.739 21061 21088 D CAM_Camera2CompatAdapterRole: mCapabilities.get(id)=null id=5
11-13 19:46:48.739 21061 21088 D CAM_Camera2CompatAdapterRole: mCapabilities.get(id)=null id=6
11-13 19:46:48.739 21061 21088 D CAM_Camera2CompatAdapterRole: mCapabilities.get(id)=null id=9
11-13 19:46:48.739 21061 21088 D CAM_Camera2CompatAdapterRole: mCapabilities.get(id)=null id=7
11-13 19:46:48.739 21061 21088 D CAM_Camera2CompatAdapterRole: mCapabilities.get(id)=null id=8
11-13 19:46:48.739 21061 21088 D CAM_Camera2CompatAdapterRole: role: 102 ( 71.2) <-> 10
11-13 19:46:48.740 21061 21096 W CAM_Camera2CompatAdapterRole: Warning: getAuxCameraId(): #init() failed, roleId=20
11-13 19:46:48.740 21061 21096 D CAM_CameraCapabilities: portraitBokehZoomMap   PORTRAIT_BOKEH_ZOOM_RATIO_MAP is null
11-13 19:46:48.740 21061 21096 D CAM_CameraCapabilities: portraitBokehApertureAbilityMap   PORTRAIT_BOKEH_APERTURE_ABILITY_MAP is null
11-13 19:46:48.740 21061 21096 D CAM_ComponentConfigFlash: setBanned() called with: banned = [false]
11-13 19:46:48.740 21061 21096 D CAM_CameraCapabilities: SupportSlowMotionCameraValue   MULTI_LENS_SUPPORT_SLOW_MOTION is null
11-13 19:46:48.740 21061 21096 D CAM_CameraCapabilities: SupportSlowMotionCameraLens   MULTI_LENS_SUPPORT_SLOW_MOTION is null
11-13 19:46:48.740 21061 21096 D CAM_CameraCapabilities: isExposureMeteringSupported: 0
11-13 19:46:48.740 21061 21096 D CAM_Camera2CompatAdapter: E: initCameraCapabilitiesByCameraId(): 0
11-13 19:46:48.741 21061 21061 E DynamicRefreshRate recy: dynamic is not enable
11-13 19:46:48.744 21061 21061 E .android.camera: No package ID ff found for resource ID 0xffffffff.
11-13 19:46:48.744 21061 21061 E .android.camera: No package ID ff found for resource ID 0xffffffff.
11-13 19:46:48.744 21061 21061 E .android.camera: No package ID ff found for resource ID 0xffffffff.
11-13 19:46:48.744 21061 21061 D CAM_FragmentTopBar: updateTopBarStyle: TOP_BAR_STYLE_MAIN
11-13 19:46:48.745 21061 21061 D CAM_FragmentTopBar: provideAnimateElement mode = 163 resetType = 2
11-13 19:46:48.745 21061 21061 D CAM_FragmentTopConfig: getTopAlert(): fragment is not added yet0
11-13 19:46:48.745 21061 21061 D CAM_FragmentTopConfig: getTopAlert(): fragment is not added yet0
11-13 19:46:48.745 21061 21061 D CAM_FragmentTopConfig: getTopAlert(): fragment is not added yet0
11-13 19:46:48.745 21061 21061 D StartTopBarAdapter: setData mode:163,resetStrikethrough: false
11-13 19:46:48.747 21061 21061 D EndTopBarAdapter: setData mode:163,resetStrikethrough: false
11-13 19:46:48.748 21061 21096 D CAM_CameraCapabilities: QuickShotDelayTime tag not defined
11-13 19:46:48.748 21061 21096 D CAM_CameraCapabilities: HQQuickShot: mFeatureMask: 0   mDelayTimeMask: 0
11-13 19:46:48.748 21061 21096 D CAM_CameraCapabilities: QuickShotDelayTimeFactor tag not defined
11-13 19:46:48.748 21061 21096 D CAM_CameraCapabilities: QuickShot: mDelayTimeFactor: 100
11-13 19:46:48.748 21061 21096 D CAM_CameraCapabilities: MiviSuperNight: mSuperNightMask: 0
11-13 19:46:48.748 21061 21096 D CAM_CameraCapabilities: QuickShotNextCaptureMask: mQuickShotNextCaptureMask: 0
11-13 19:46:48.748 21061 21096 D CAM_CameraCapabilities: getBeautyVersionData: 3 ,beautyVersion: 3 ,beautyAlgo: 1
11-13 19:46:48.748 21061 21096 D CAM_CameraCapabilities: SnapshotQuickViewStreamMask: 0
11-13 19:46:48.748 21061 21096 D CAM_Camera2CompatAdapter: X: initCameraCapabilitiesByCameraId(): 0
11-13 19:46:48.748 21061 21096 D CAM_CameraCapabilities: com.xiaomi.lens.info.AVAILABLE_EXPOSURE_MODES invalid ,used default value 
11-13 19:46:48.748 21061 21096 D CAM_CameraCapabilities: com.xiaomi.lens.info.availableApertureModes invalid ,used default value 
11-13 19:46:48.748 21061 21096 W CAM_Camera2CompatAdapterRole: Warning: getAuxCameraId(): #init() failed, roleId=20
11-13 19:46:48.749 21061 21096 D CAM_ComponentConfigHDR10: reInit E
11-13 19:46:48.749 21061 21096 D CAM_ComponentConfigHDR10PRO: reInit E
11-13 19:46:48.749 21061 21096 D CAM_ComponentConfigTrueColour: reInit E
11-13 19:46:48.749 21061 21096 I CAM_PerformanceManager: [P_PERFORM]: Action: A2:switch_camera_prepare_163_0 takes 49 ms
11-13 19:46:48.749 21061 21096 D CAM_Camera2OpenOnSubScribe: subscribe: request to open 0
11-13 19:46:48.749 21061 21096 D CAM_Camera2DataContainer: Currently user selected zoom ratio is 1.0
11-13 19:46:48.749 21061 21096 D CAM_Camera2DataContainer: getActualOpenCameraId: mode=a3, id=0->0
11-13 19:46:48.749 21061 21096 D CAM_CameraCapabilities: isSupportReplaceSession: false
11-13 19:46:48.749 21061 21096 D CAM_Camera2OpenManager: openCamera: reusable = false
