11-22 11:34:52.434  2683 21905 W CameraManagerGlobal: ignore the torch status update of camera: 10
11-22 11:34:52.434  4001 11865 W CameraManagerGlobal: ignore the torch status update of camera: 10
11-22 11:34:52.434 28816 28831 D MCAM_FeatureUtil: get CvLens version from tag: 0
11-22 11:34:52.434  6297 13803 W CameraManagerGlobal: ignore the torch status update of camera: 10
11-22 11:34:52.434 23961 23985 W CameraManagerGlobal: ignore the torch status update of camera: 10
11-22 11:34:52.434 28816 28831 I MCAM_ComponentRunningTopItemAnim: reInit: mLastMode = 160 mCurrentMode = 163 isLastModeFlashEmpty = false
11-22 11:34:52.434 28816 28831 E MCAM_ComponentRunningShine: current scene is not supported!
11-22 11:34:52.434 28816 28831 E MCAM_TypeElementsBeauty: initAndGetSupportItems FAIL!  shineType was 1
11-22 11:34:52.434  1814  4135 W CameraManagerGlobal: ignore the torch status update of camera: 9
11-22 11:34:52.434 28816 28831 D MCAM_ComponentRunningFocal: initEquivalentFocalLength: get equivalentFocalLength is null
11-22 11:34:52.434  1814  4135 W CameraManagerGlobal: ignore the torch status update of camera: 10
11-22 11:34:52.434 28816 28831 D MCAM_ComponentRunningFocal: initEquivalentFocalLength: mEquivalentFocalLengthValues={}
11-22 11:34:52.434 28816 28831 D MCAM_DataItemRunning: isSupportCustomVibrance facing = 1--mode = 163
11-22 11:34:52.435 28816 28831 D MCAM_ComponentConfigFlash: add flash off
11-22 11:34:52.435 28816 28831 D MCAM_ComponentConfigFlash: add flash auto
11-22 11:34:52.435 28816 28831 D MCAM_ComponentConfigFlash: add flash on
11-22 11:34:52.435 28816 28831 D MCAM_ComponentConfigFlash: add flash torch
11-22 11:34:52.435   669   669 I hwservicemanager: getTransport: Cannot find entry vendor.display.config@1.9::IDisplayConfig/default in either framework or device VINTF manifest.
11-22 11:34:52.435  1100 18990 E CamX    : [ERROR][FORMAT ] camxdisplayconfig.cpp:124 Initialize() IDisplayConfig service is NULL, version 1.9
11-22 11:34:52.435 28816 28831 D LivePhotoImp: isDeviceSupportLivePhoto isSupportByMeminfo false
11-22 11:34:52.435 28816 28831 D MCAM_ComponentConfigHDR10: reInit E
11-22 11:34:52.435 28816 28831 D MCAM_ComponentConfigHDR10PRO: reInit E
11-22 11:34:52.435 28816 28831 D MCAM_ComponentConfigTrueColour: reInit E
11-22 11:34:52.435 26379 28880 W CameraManagerGlobal: ignore the torch status update of camera: 2
11-22 11:34:52.435 26379 26692 W CameraManagerGlobal: ignore the torch status update of camera: 3
11-22 11:34:52.435 28816 28884 W MCAM_DisplayHelper: Failed to read KEY_SCREEN_ZOOM_LEVEL settings android.provider.Settings$SettingNotFoundException: key_screen_zoom_level
11-22 11:34:52.436  2953  2953 D BaseDepthController: mSurface is null and mCurrentBlur is: 0
11-22 11:34:52.436 26379 26692 W CameraManagerGlobal: ignore the torch status update of camera: 4
11-22 11:34:52.436 26379 26692 W CameraManagerGlobal: ignore the torch status update of camera: 5
11-22 11:34:52.436 26379 26692 W CameraManagerGlobal: ignore the torch status update of camera: 6
11-22 11:34:52.436 28816 28831 I MCAM_PerformanceManager: [P_PERFORM]: Action: A2:switch_camera_prepare_000_0 takes 7 ms
11-22 11:34:52.436 26379 26692 W CameraManagerGlobal: ignore the torch status update of camera: 7
11-22 11:34:52.436 26379 26692 W CameraManagerGlobal: ignore the torch status update of camera: 9
11-22 11:34:52.436 28816 28816 D MCAM_AbstractFragment: load FragmentModeSelector by async inflater.
11-22 11:34:52.436 26379 26692 W CameraManagerGlobal: ignore the torch status update of camera: 10
11-22 11:34:52.436 28816 28831 D MCAM_ActualOpenCameraId: getActualOpenCameraId: mode=a3, id=0->0
11-22 11:34:52.436 28816 28816 D MCAM_AnimationComposite: put, key 242, value FragmentModeSelector{76dbb72} (efe176c4-b6e3-428b-8b1a-d04ed2579f2a)
11-22 11:34:52.436 28816 28831 D MCAM_Camera2OpenOnSubScribe: subscribe: request to open bogusCameraId=0, actualCameraId=0
11-22 11:34:52.436 28816 28831 I MCAM_Camera2OpenManager: [K_PROCESS]: openCamera: cid: 0 -> 0, mid: 163 -> 163, exclusions: [0]
11-22 11:34:52.436 28816 28831 D MCAM_Camera2OpenManager: removeCameraCallables
11-22 11:34:52.436 28816 28831 D MCAM_CameraService: closeCamera addCameraCallable
11-22 11:34:52.436 28816 28831 D MCAM_Camera2OpenManager: subscribeCameraResultObservable: E
11-22 11:34:52.436 28816 28816 D MCAM_AbstractFragment: load FragmentZoomToggle by async inflater.
11-22 11:34:52.437 28816 28831 D MCAM_Camera2OpenOnSubScribe: onSubscribe
11-22 11:34:52.437 28816 28816 D MCAM_AnimationComposite: put, key 183, value FragmentZoomToggle{4c48c40} (a7339b8b-a3ab-4f1f-8af2-8ab4ebfcd963)
11-22 11:34:52.437 28816 28831 D MCAM_Camera2OpenManager: subscribeCameraResultObservable: X
11-22 11:34:52.437 28816 28816 D MCAM_AbstractFragment: load FragmentMainContent by async inflater.
11-22 11:34:52.437 28816 28831 D MCAM_CameraOpenObservable: subscribeActual: openCamera: cid = 0, listener = 42347628
11-22 11:34:52.437 28816 28831 D MCAM_CameraService: openCamera addCameraCallable cameraId = 0
11-22 11:34:52.437 28816 28816 D MCAM_AnimationComposite: put, key 243, value FragmentMainContent{7f546ca} (f615da21-209e-4022-bdd3-5c64a3e34a8f)
11-22 11:34:52.437 28816 28831 I MCAM_PerformanceManager: [P_PERFORM]: Action: A3:switch_camera_2_open_000_0 takes 1 ms
11-22 11:34:52.438 28816 28884 D CompatChangeReporter: Compat change id reported: 63938206; UID 10586; state: ENABLED
11-22 11:34:52.438 28816 28816 D MCAM_ThermalDetector: onCreate
11-22 11:34:52.438 28816 28816 D MCAM_BatteryDetector: onCreate
11-22 11:34:52.439 28816 28816 D MCAM_StreamingController: onActivityCreate: Camera@219936424
11-22 11:34:52.439 28816 28816 I MCAM_PerformanceManager: [P_PERFORM]: Action: A1:createActivity_000_0 takes 114 ms
11-22 11:34:52.439 28816 28816 D MCAM_Camera@219936424: IsMultiCamera: false
11-22 11:34:52.442  1567 19405 D Camera3-Utils: Set regular priority for thread (tid 19405)
11-22 11:34:52.442 28816 28816 I MCAM_Camera@219936424: [K_PROCESS]: onCreate end 219936424
11-22 11:34:52.442 28816 28884 E .android.camera: No package ID ff found for resource ID 0xffffffff.
11-22 11:34:52.442 28816 28884 E .android.camera: No package ID ff found for resource ID 0xffffffff.
11-22 11:34:52.442 28816 28884 E .android.camera: No package ID ff found for resource ID 0xffffffff.
11-22 11:34:52.442  1085  1134 D audio_hw_primary: adev_set_parameters: enter: cameraFacing=back
11-22 11:34:52.443 28816 28816 D MCAM_BoostFrameworkImpl: stopBoost
11-22 11:34:52.443  1085  1134 V msm8974_platform: platform_set_parameters: enter: cameraFacing=back
11-22 11:34:52.443 28816 28816 D MCAM_BoostFrameworkImpl: ready to stop boost
11-22 11:34:52.443 28816 28816 D MCAM_ActivityBase: onCreate -
11-22 11:34:52.443  1085  1134 D audio_hw_hfp: hfp_set_parameters: enter
11-22 11:34:52.443  1085  1134 D audio_hw_hfp: hfp_set_parameters: enter
11-22 11:34:52.443  1085  1134 V a2dp_offload: end of a2dp setparam
11-22 11:34:52.443  1085  1134 D audio_hw_cspl_cal: cirrus_cal_setparameters: enter 0xe91c1b40
11-22 11:34:52.443  1085  1134 D audio_hw_extn: audio_extn_fm_set_parameters: Enter
11-22 11:34:52.443  1085  1134 D audio_hw_hfp: hfp_set_parameters: enter
11-22 11:34:52.443  1085  1134 V a2dp_offload: end of a2dp setparam
11-22 11:34:52.443  1085  1134 D audio_hw_primary: adev_set_parameters: exit with code(0)
11-22 11:34:52.443 28816 28887 D MCAM_MiuiCameraSound: init SoundPool
11-22 11:34:52.444 28816 28857 I MCAM_OpenCameraCallable: [K_PROCESS]: openCamera: X: cid = 0
11-22 11:34:52.444 28816 28887 D AudioSystem: onNewService: media.audio_policy service obtained 0xb400007c17044ef0
11-22 11:34:52.444 28816 28857 D MCAM_OpenCameraCallable: X: cid: 0 (dur: 35)
11-22 11:34:52.444 28816 28857 D MCAM_OpenCameraCallable: postCallback
11-22 11:34:52.444 28816 28857 D MCAM_CameraOpenObservable: onDispose: listener: 234566997
11-22 11:34:52.444 28816 28831 D MCAM_OpenCameraCallable: Success: cid: 0 (dur: 35)
11-22 11:34:52.444 28816 28857 D MCAM_CloseCameraCallable: E: cid: null
11-22 11:34:52.444 28816 28857 I MCAM_CloseCameraCallable: [K_PROCESS]: E: closeCamera: cid = null, excludes = [0], deviceHashes = []
11-22 11:34:52.444 28816 28857 I MCAM_CloseCameraCallable: [K_PROCESS]: X: closeCamera: cid = null, excludes = [0]
11-22 11:34:52.444 28816 28857 D MCAM_CloseCameraCallable: X: cid: null (dur: 0)
11-22 11:34:52.444 28816 28857 D MCAM_CloseCameraCallable: postCallback
11-22 11:34:52.444 28816 28857 D MCAM_OpenCameraCallable: E: cid: 0
11-22 11:34:52.444 28816 28857 I MCAM_OpenCameraCallable: [K_PROCESS]: Busy in opening 0, postpone open request 0
11-22 11:34:52.444 28816 28857 D MCAM_OpenCameraCallable: X: cid: 0 (dur: 0)
11-22 11:34:52.444 28816 28857 D MCAM_OpenCameraCallable: postCallback
11-22 11:34:52.444 28816 28857 I MCAM_CameraStateCallback: [K_PROCESS]: onOpened: cid = 0
11-22 11:34:52.444 28816 28857 I MCAM_PerformanceManager: [P_PERFORM]: Action: 2:[HAL]openCamera@0_000_0 takes 35 ms
11-22 11:34:52.445 28816 28857 D MCAM_CameraStateCallback: onOpened: device = S5.W@901c15d - cid: 0 , camera = android.hardware.camera2.impl.CameraDeviceImpl@997dad2
11-22 11:34:52.445 28816 28857 D MCAM_OpenCameraCallable: E: cid: 0
11-22 11:34:52.445 28816 28857 D MCAM_OpenCameraCallable: Camera is already opened: cid = 0
11-22 11:34:52.445 28816 28857 D MCAM_MiCamera2: setCaptureBusyCallback: null
11-22 11:34:52.445 28816 28857 D MCAM_CameraCapabilities: isSupportReplaceSession: false
11-22 11:34:52.445 28816 28857 I MCAM_CameraStateCallback: [K_PROCESS]: onOpened: cid = 0
11-22 11:34:52.445 28816 28857 D MCAM_CameraStateCallback: onOpened: device = S5.W@ac057a3 - cid: 0 , camera = android.hardware.camera2.impl.CameraDeviceImpl@997dad2
11-22 11:34:52.445 28816 28857 D MCAM_OpenCameraCallable: X: cid: 0 (dur: 0)
11-22 11:34:52.445 28816 28857 D MCAM_OpenCameraCallable: postCallback
11-22 11:34:52.445 28816 28831 D MCAM_CloseCameraCallable: Success: cid: null (dur: 1)
11-22 11:34:52.445 28816 28831 D MCAM_OpenCameraCallable: Success: cid: 0 (dur: 0)
11-22 11:34:52.445 28816 28868 W Settings: Setting android_id has moved from android.provider.Settings.System to android.provider.Settings.Secure, returning read-only value.
11-22 11:34:52.445 28816 28831 I MCAM_CameraOpenObservable: [K_PROCESS]: onOpened: cid = 0, listener = 234566997
11-22 11:34:52.445 28816 28831 I MCAM_Camera2OpenManager: [K_PROCESS]: onOpened: cid = 0|android.hardware.camera2.impl.CameraDeviceImpl@997dad2
11-22 11:34:52.445 28816 28831 I MCAM_CameraOpenObservable: [K_PROCESS]: onOpened: cid = 0, listener = 42347628
11-22 11:34:52.445 28816 28831 I MCAM_Camera2OpenManager: [K_PROCESS]: onOpened: cid = 0|android.hardware.camera2.impl.CameraDeviceImpl@997dad2
11-22 11:34:52.446 28816 28831 D MCAM_Camera2OpenManager: fire: result = Success: R9.a$b@9ab2aa0, requested cid = 0
11-22 11:34:52.446 28816 28831 D MCAM_Camera2OpenManager: fire: emitted
11-22 11:34:52.446 28816 28831 D MCAM_OpenCameraCallable: Success: cid: 0 (dur: 1)
11-22 11:34:52.446 28816 28831 V MCAM_ActivityBase: hasSurface(): mCurrentSurfaceState=1
11-22 11:34:52.446 28816 28831 D MCAM_Camera2OpenOnSubScribe: onNext: hasSurface = false, isCapture = true
11-22 11:34:52.446 28816 28831 D MCAM_Camera@219936424: BiFunction apply: isSuccess = true
11-22 11:34:52.446 28816 28831 D MCAM_BaseModule: enumerating: S5.W@ac057a3 - cid: 0
11-22 11:34:52.446 28816 28831 I MCAM_BaseModule: Module onCreate setCameraDevice=S5.W@ac057a3 - cid: 0, cameraId=0
11-22 11:34:52.446 28816 28887 D AudioSystem: getService: checking for service media.audio_policy: 0xb400007c17044ef0
11-22 11:34:52.446 28816 28831 D MCAM_Camera2OpenOnSubScribe: onComplete
11-22 11:34:52.446 28816 28831 D MCAM_FunctionModuleSetup: apply: module isPresent = true
11-22 11:34:52.446 28816 28831 I MCAM_BaseModule: [K_PROCESS]: onCreate: moduleIndex->163, cameraId->0@CaptureModule@245489463: mid = 163, cid = 0, created = false, departed = false
11-22 11:34:52.447 28816 28831 D MCAM_BaseModule: create disposable CaptureModule@245489463: mid = 163, cid = 0, created = false, departed = false 0
11-22 11:34:52.447 28816 28831 D MCAM_BaseModule: registerProtocol
11-22 11:34:52.448 28816 28831 D MCAM_DataItemFeature: TextureColorSpace: 0
11-22 11:34:52.448 28816 28831 D MCAM_DataItemFeature: DisplayColorSpace: 0
11-22 11:34:52.448 28816 28831 D MCAM_DataItemFeature: PROP_P3_ENABLED: 1
11-22 11:34:52.448 28816 28831 W MCAM_CRE_PreviewRenderEngine: setSurfaceTextureDataSpaceTranslator: com.android.camera.module.BaseModule$b@ba939da
11-22 11:34:52.448 28816 28831 D MCAM_EffectController: setRenderEngine: r5.f@f4a3e0b this:com.android.camera.effect.EffectController@905f4e8
11-22 11:34:52.448 28816 28831 D MCAM_BaseModule: onRenderEngineCreate, engine = r5.f@f4a3e0b, ColorSpace.Description(tex: SRGB, dpy: SRGB)
11-22 11:34:52.448 28816 28862 D MCAM_CRE_PreviewRenderEngine: Add local renderer Oe.b@1b97794
11-22 11:34:52.448 28816 28862 D MCAM_CRE_PreviewRenderEngine: Add local renderer Oe.a@b807900
11-22 11:34:52.448 28816 28862 D MCAM_CRE_PreviewRenderEngine: Add local renderer Oe.c@657b77e
11-22 11:34:52.448 28816 28862 D MCAM_CRE_PreviewRenderEngine: Add local renderer Ne.j@6b5b4df
11-22 11:34:52.448 28816 28831 D MCAM_CaptureModule: onRenderEngineCreate camId:0
11-22 11:34:52.448 28816 28862 D MCAM_CRE_PreviewRenderEngine: Add local renderer Ne.D@64f6bf5
11-22 11:34:52.448 28816 28862 D MCAM_CRE_PreviewRenderEngine: Add local renderer Ne.F@733cd8a
11-22 11:34:52.448 28816 28862 D MCAM_CRE_PreviewRenderEngine: Add local renderer Ne.G@c6abffb
11-22 11:34:52.448 28816 28862 D MCAM_CRE_PreviewRenderEngine: Add local renderer Ne.c@7146818
11-22 11:34:52.449 28816 28831 D MCAM_ZoomManager: initZoomRatiosEquivalentFocalLengths: mZoomRatiosFocalLensMap={}
11-22 11:34:52.449 28816 28831 D MCAM_CameraCapabilities: SCALER_AVAILABLE_MAX_DIGITAL_ZOOM_IN_CAPTURE is null.
11-22 11:34:52.449 28816 28831 D MCAM_ZoomManager: initZoomForBackCamera(): zoomRange = [1.0, 10.0]
11-22 11:34:52.449 28816 28831 D MCAM_ZoomManager: setZoomRangeWithUI(): zoomRange = [1.0, 10.0]
11-22 11:34:52.449 28816 28831 D MCAM_ZoomManager: setZoomRatio(): 1.0
11-22 11:34:52.449 28816 28831 D MCAM_RunningUtil: setRetainZoom value = 1.0com.android.camera.data.data.z.s0(Unknown Source:13), P5.f.setZoomRatio(Unknown Source:19), P5.f.i6(Unknown Source:49), P5.f.initialize(Unknown Source:610), com.android.camera.module.BaseModule.onActive(Unknown Source:14), com.android.camera.module.Camera2Module.onActive(Unknown Source:0), com.android.camera.features.mode.capture.CaptureModule.onActive(Unknown Source:0), com.android.camera.module.BaseModule.init(Unknown Source:221), G3.d.apply(Unknown Source:254), io.reactivex.internal.operators.single.SingleMap$MapSingleObserver.onSuccess(Unknown Source:2), io.reactivex.internal.operators.single.SingleObserveOn$ObserveOnSingleObserver.run(Unknown Source:14), io.reactivex.internal.schedulers.ScheduledDirectTask.call(SourceFile:3), io.reactivex.internal.schedulers.ScheduledDirectTask.call(SourceFile:1), java.util.concurrent.FutureTask.run(FutureTask.java:317), java.util.concurrent.ScheduledThreadPoolExecutor$ScheduledFutureTask.run(ScheduledThreadPoolExecutor.java:348), 
11-22 11:34:52.450 28816 28831 D MCAM_ZoomManager: initializeZoomRatio zoom:1.0
11-22 11:34:52.450 28816 28816 W MCAM_SensorSM@258828869: register fail because activity is not alive.
11-22 11:34:52.450 28816 28831 D MCAM_BaseModuleStateManager: setKeyFocusPressed: false
11-22 11:34:52.450 28816 28831 D MCAM_CameraIntentManager: start activity when locked: false
11-22 11:34:52.450 28816 28831 D MCAM_EffectController: setAiColorCorrectionVersion: 0
11-22 11:34:52.450 28816 28831 D MCAM_BaseModule: isSupportAFSaliency=false
11-22 11:34:52.451 28816 28816 D MCAM_ExtraModuleManagerImpl: onCreate
11-22 11:34:52.451 28816 28816 D MCAM_CamLayoutManagerImpl@219936424: onCreate
11-22 11:34:52.451 28816 28831 E MCAM_FocusManagerAbstract: setRenderSize: 1080 | 2340
11-22 11:34:52.451 28816 28884 D MCAM_ZoomRatioToggleView: setVisibility(): GONEandroid.view.LayoutInflater.parseInclude(LayoutInflater.java:1169), android.view.LayoutInflater.rInflate(LayoutInflater.java:1016), android.view.LayoutInflater.rInflateChildren(LayoutInflater.java:981), android.view.LayoutInflater.rInflate(LayoutInflater.java:1023), android.view.LayoutInflater.rInflateChildren(LayoutInflater.java:981), android.view.LayoutInflater.inflate(LayoutInflater.java:571), android.view.LayoutInflater.inflate(LayoutInflater.java:462), i8.a$c.run(Unknown Source:19), <bottom of call stack>, <bottom of call stack>, <bottom of call stack>, <bottom of call stack>, <bottom of call stack>, <bottom of call stack>, <bottom of call stack>, <bottom of call stack>, <bottom of call stack>, <bottom of call stack>, <bottom of call stack>, <bottom of call stack>, 
11-22 11:34:52.451 28816 28816 V MCAM_DisplayCommonPreviewRect: getDisplayRect:Rect(0, 294 - 1080, 1734),key0
11-22 11:34:52.451 28816 28831 D MCAM_FocusManager: setPreviewSize: 1080x2340
11-22 11:34:52.451 28816 28816 D MCAM_DisplayRectFactory: create display : a, parameter : appBoundWidth:1080,appBoundHeight:2340,statusBarHeight:90,displayMode:NORMAL_MODE.
11-22 11:34:52.451 28816 28831 V MCAM_CameraConfigManager: setZoomRatio(): 1.0
11-22 11:34:52.451 28816 28816 D MCAM_DisplayAdapter: create DisplayAdapter, param appBoundWidth:1080,appBoundHeight:2340,statusBarHeight:90,displayMode:NORMAL_MODE
11-22 11:34:52.451 28816 28831 D MCAM_CameraConfigs: zoom ratio diff: 0.0
11-22 11:34:52.451 28816 28816 V MCAM_DisplayCommonPreviewRect: getDisplayRect:Rect(0, 294 - 1080, 1734),key0
11-22 11:34:52.451 28816 28831 I MCAM_ZoomManager: applyZoomRatio(): apply zoom ratio to device = 1.000000
11-22 11:34:52.451 28816 28816 D MCAM_CamLayoutAnimationMgr: startPreviewAnimation :Rect(0, 0 - -1, -1) -> Rect(0, 294 - 1080, 1734)
11-22 11:34:52.451 28816 28816 D MCAM_CamLayoutAnimationMgr: startPreviewAnimation skip caz src is empty.
11-22 11:34:52.451 28816 28816 D MCAM_CRE_PreviewRenderEngine: setFixedSurfaceView:false
11-22 11:34:52.451 28816 28816 D MCAM_CRE_PreviewRenderEngine: setPreviewDisplayArea:Rect(0, 294 - 1080, 1734)
11-22 11:34:52.451 28816 28816 D MCAM_STScreenNail: setDisplayArea Rect(0, 294 - 1080, 1734)
11-22 11:34:52.452 28816 28816 D MCAM_CameraScreenNail: setPreviewFrameLayoutSize: 1080x1440
11-22 11:34:52.452 28816 28816 D MCAM_DisplayRectFactory: create display : a, parameter : appBoundWidth:1080,appBoundHeight:2340,statusBarHeight:90,displayMode:NORMAL_MODE.
11-22 11:34:52.452 28816 28816 D MCAM_DisplayAdapter: create DisplayAdapter, param appBoundWidth:1080,appBoundHeight:2340,statusBarHeight:90,displayMode:NORMAL_MODE
11-22 11:34:52.452 28816 28862 D MCAM_CRE_PreviewRenderer: setFixedSurfaceView:false
11-22 11:34:52.452 28816 28816 D MCAM_DisplayRectFactory: create display : a, parameter : appBoundWidth:1080,appBoundHeight:2340,statusBarHeight:90,displayMode:NORMAL_MODE.
11-22 11:34:52.452 28816 28816 D MCAM_DisplayAdapter: create DisplayAdapter, param appBoundWidth:1080,appBoundHeight:2340,statusBarHeight:90,displayMode:NORMAL_MODE
11-22 11:34:52.452 28816 28831 V MCAM_CameraConfigManager: setTrackFocusZoomRatio(): 1.0
11-22 11:34:52.452 28816 28831 W MCAM_CameraConfigManager: setTrackFocusZoomRatio(), request builder is null, skip
11-22 11:34:52.452 28816 28816 D MCAM_BaseModule: onLayoutModeChanged NormalLayout{mWholeArea=Rect(0, 0 - 1080, 2340), mPreviewArea=Rect(0, 0 - 1080, 2340), mGalleryArea=Rect(0, 0 - 1080, 2340), mControlArea=Rect(0, 0 - 1080, 2340)}  -> NormalLayout{mWholeArea=Rect(0, 0 - 1080, 2340), mPreviewArea=Rect(0, 0 - 1080, 2340), mGalleryArea=Rect(0, 0 - 1080, 2340), mControlArea=Rect(0, 0 - 1080, 2340)} 
11-22 11:34:52.452 28816 28831 D MCAM_CameraConfigs: setUserZoom: 1.0
11-22 11:34:52.452 28816 28862 D MCAM_CRE_PreviewRenderer: setPreviewAreaParams Rect(0, 294 - 1080, 1734)
11-22 11:34:52.453 28816 28831 D MCAM_MiCamera2: setModuleParameter: S5.W.I0(Unknown Source:9), com.android.camera.module.BaseModule.updateModuleRelated(Unknown Source:14), com.android.camera.module.Camera2Module.consumePreference(Unknown Source:715), com.android.camera.features.mode.capture.CaptureModule.consumePreference(Unknown Source:27), com.android.camera.module.BaseModule.updatePreferenceTrampoline(Unknown Source:6), 
11-22 11:34:52.453 28816 28816 D MCAM_ActivityBase: onStart +219936424
11-22 11:34:52.453 28816 28816 D MCAM_BoostFrameworkImpl: startBoost: duration = 500, scene = 6
11-22 11:34:52.453 28816 28816 D MCAM_BoostFrameworkImpl: ready to boost
11-22 11:34:52.453 28816 28831 D MCAM_CaptureModule: isMultipleRawHdrSupported: hdrType = -1
11-22 11:34:52.453 28816 28831 D MCAM_CaptureModule: isSatMultipleRawUseCase: isSuperNightOn = false, rawCallback=0
11-22 11:34:52.453 28816 28831 W MCAM_MiCamera2: returned a null PreviewCaptureResult, mState is 0
11-22 11:34:52.453 28816 28831 D MCAM_Camera2Module: shouldDoMultiFrameCapture: shouldDoSR: false, isMotionExisted: false, isSuperNightSePriority: false
11-22 11:34:52.453 28816 28831 D MCAM_Camera2Module: shouldDoMultiFrameCapture: false | false
11-22 11:34:52.453 28816 28831 D MCAM_CaptureModule: isMultipleRawHdrSupported: hdrType = -1
11-22 11:34:52.453 28816 28816 D MCAM_Camera@219936424: onStart start
11-22 11:34:52.453 28816 28831 D MCAM_ShotTypeHandler: capture shot type could handle
11-22 11:34:52.453 28816 28816 D MCAM_RenderEngineV2: onResume start
11-22 11:34:52.453 28816 28816 D MCAM_RenderEngineV2: onResume end
11-22 11:34:52.453 28816 28816 D MCAM_ActivityBase: registerAvailabilityCallback
11-22 11:34:52.453 28816 28831 D MCAM_Camera2Module: enableParallel=false enableShot2Gallery=false shotType=0
11-22 11:34:52.453 28816 28831 D MCAM_CameraConfigManager: setShotType: type=0,success =false
11-22 11:34:52.453 28816 28831 D MCAM_CameraConfigManager: setShot2Gallery: isShot2Gallery=false
11-22 11:34:52.453 28816 28831 D MCAM_CameraCapabilities: getOperatingMode mOperatingMode = 0
11-22 11:34:52.453 28816 28831 D MCAM_Camera2Module: HQQuickShot | needMixQuickShot:false, isMixQuickShotSupport:false
11-22 11:34:52.454 28816 28831 D MCAM_CameraCapabilities: setOperatingMode mode = 0, mOperatingMode = 0
11-22 11:34:52.454 28816 28831 D MCAM_CameraCapabilities: setOperatingMode mode = 0, mOperatingMode = 0
11-22 11:34:52.454 28816 28831 D MCAM_CameraCapabilities: setOperatingMode mode = 0, mOperatingMode = 0
11-22 11:34:52.454 28816 28831 D MCAM_CameraCapabilities: setOperatingMode mode = 0, mOperatingMode = 0
11-22 11:34:52.454 28816 28831 D MCAM_CameraCapabilities: setOperatingMode mode = 0, mOperatingMode = 0
11-22 11:34:52.454 28816 28831 D MCAM_CameraCapabilities: setOperatingMode mode = 0, mOperatingMode = 0
11-22 11:34:52.454 28816 28831 D MCAM_CameraCapabilities: setOperatingMode mode = 0, mOperatingMode = 0
11-22 11:34:52.454 28816 28831 D MCAM_CameraCapabilities: setOperatingMode mode = 0, mOperatingMode = 0
11-22 11:34:52.454 28816 28831 D MCAM_CameraCapabilities: setOperatingMode mode = 0, mOperatingMode = 0
11-22 11:34:52.454 28816 28831 D MCAM_CameraCapabilities: setOperatingMode mode = 0, mOperatingMode = 0
11-22 11:34:52.454 28816 28831 D MCAM_CameraCapabilities: setOperatingMode mode = 0, mOperatingMode = 0
11-22 11:34:52.454 28816 28831 D MCAM_CaptureModule: isMultipleRawHdrSupported: hdrType = -1
11-22 11:34:52.454 28816 28831 D MCAM_CameraCapabilities: getOperatingMode mOperatingMode = 0
11-22 11:34:52.454 28816 28831 D MCAM_CameraCapabilities: getOperatingMode mOperatingMode = 0
11-22 11:34:52.454 28816 28831 D MCAM_Camera2Module: updateSize: use JPEG as preferred output image format
11-22 11:34:52.454 28816 28831 W MCAM_CameraCapabilities: addStreamConfigurationToList: but the key is null!
11-22 11:34:52.456 28816 28831 W MCAM_PictureSizeMg: find normal accuracy size: 1940x1940
11-22 11:34:52.456 28816 28831 W MCAM_PictureSizeMg: find normal accuracy size: 3008x2256
11-22 11:34:52.456 28816 28831 W MCAM_PictureSizeMg: find normal accuracy size: 720x480
11-22 11:34:52.456  2953  2953 D BaseDepthController: mSurface is null and mCurrentBlur is: 0
11-22 11:34:52.456 28816 28831 W MCAM_PictureSizeMg: find normal accuracy size: 3840x2160
11-22 11:34:52.456 28816 28831 W MCAM_PictureSizeMg: find normal accuracy size: 2160x1080
11-22 11:34:52.456 28816 28831 W MCAM_PictureSizeMg: find normal accuracy size: 2340x1080
11-22 11:34:52.456 28816 28816 D MCAM_StreamingController: onActivityStart: Camera@219936424
11-22 11:34:52.456 28816 28831 W MCAM_PictureSizeMg: find normal accuracy size: 3008x2256
11-22 11:34:52.457 28816 28816 D MCAM_Camera@219936424: onStart end, ds= true
11-22 11:34:52.457 28816 28816 D MCAM_Camera@219936424: original density = 440 original default density = 440 dynamic density = 440
11-22 11:34:52.457 28816 28816 D MCAM_Camera@219936424: original smallest width = 393 dynamic smallest width = 393
11-22 11:34:52.457 28816 28816 D MCAM_Camera@219936424: configuration = {1.0 214mcc22mnc [es_ES] ldltr sw393dp w393dp h851dp 440dpi nrml long hdr widecg port night finger -keyb/v/h -nav/h winConfig={ mBounds=Rect(0, 0 - 1080, 2340) mAppBounds=Rect(0, 0 - 1080, 2340) mMaxBounds=Rect(0, 0 - 1080, 2340) mDisplayRotation=ROTATION_0 mWindowingMode=fullscreen mActivityType=standard mAlwaysOnTop=undefined mRotation=ROTATION_0} as.3 s.2 fontWeightAdjustment=0}
11-22 11:34:52.457 28816 28816 D MCAM_BoostFrameworkImpl: stopBoost
11-22 11:34:52.457 28816 28816 D MCAM_BoostFrameworkImpl: ready to stop boost
11-22 11:34:52.457 28816 28816 D MCAM_ActivityBase: onStart -
11-22 11:34:52.457 28816 28831 D MCAM_LoadStreamSizeBase: getOptimalPreviewSize downgrade = false, cameraId = 0, targetRatio = 1.3333334, maxSize = null
11-22 11:34:52.457 28816 28831 D MCAM_LoadStreamSizeBase: getOptimalPreviewSize point Point(1080, 2340), width 1080
11-22 11:34:52.457 28816 28831 D MCAM_LoadStreamSizeBase: CameraCache key: BestPreviewSize_163_0_4x3_false_null_false_1080_2340_false_, find best PreviewSize 1440x1080
11-22 11:34:52.457 28816 28831 D MCAM_LoadStreamSizeBase: getOptimalPreviewSize downgrade = false, cameraId = 0, targetRatio = 1.3333334, maxSize = null
11-22 11:34:52.457 28816 28831 D MCAM_LoadStreamSizeBase: getOptimalPreviewSize point Point(1080, 2340), width 1080
11-22 11:34:52.457 28816 28831 D MCAM_LoadStreamSizeBase: CameraCache key: BestPreviewSize_163_0_4x3_false_null_true_1080_2340_false_, find best PreviewSize 1440x1080
11-22 11:34:52.457 28816 28831 D MCAM_MiCamera2: setAlgorithmPreviewSize size = 1440x1080
11-22 11:34:52.457 28816 28831 D MCAM_MiCamera2: setAlgorithmPreviewSize = true
11-22 11:34:52.457 28816 28831 D MCAM_Camera2Module: updateSize: picture size (JPEG): 3008x2256, preview size: 1440x1080, sensor raw image size: null
11-22 11:34:52.457 28816 28831 D MCAM_BaseModule: updateCameraScreenNailSize: 1440x1080
11-22 11:34:52.458 28816 28831 D MCAM_CRE_PreviewRenderEngine: setPreviewSize oldSize:null newSize:1440x1080
11-22 11:34:52.458 28816 28831 D MCAM_CRE_SurfaceTextureWrapper: setDefaultBufferSize:1440x1080
11-22 11:34:52.458 28816 28862 D MCAM_CRE_SurfaceTextureWrapper: setDefaultBufferSize:1440x1080
11-22 11:34:52.458 28816 28831 V MCAM_BaseModule: checkDisplayOrientation: 0 | 90
11-22 11:34:52.458 28816 28862 D MCAM_CRE_MIGL: GLUtils glGenTextures: 2
11-22 11:34:52.458 28816 28831 D MCAM_LoadStreamSizeBase: setVideoSize 1080x1440
11-22 11:34:52.458 28816 28831 V MCAM_CameraConfigManager: setEnableZsl true
11-22 11:34:52.458 28816 28831 W MCAM_BaseModule: consumePreference: no consumer for this updateType -> 74
11-22 11:34:52.458 28816 28831 D MCAM_CameraCapabilities: getAiShutterSupport not defined
11-22 11:34:52.458 28816 28831 D MCAM_CameraCapabilities: isSupportAiShutter: 0
11-22 11:34:52.458 28816 28862 D MCAM_CRE_MIGL: GLUtils glGenFramebuffers: 1
11-22 11:34:52.458 28816 28831 D MCAM_BaseModule: [VideoSwitch] setEvValue: mCameraManager.getEvValue() = 0
11-22 11:34:52.458 28816 28831 V MCAM_CameraConfigManager: setExposureCompensation: 0
11-22 11:34:52.459 28816 28831 W MCAM_BaseModule: consumePreference: no consumer for this updateType -> 15
11-22 11:34:52.459 28816 28831 V MCAM_MiCamera2: setISO: 0
11-22 11:34:52.459 28816 28831 W MCAM_BaseModule: consumePreference: no consumer for this updateType -> 16
11-22 11:34:52.459 28816 28831 W MCAM_BaseModule: consumePreference: no consumer for this updateType -> 6
11-22 11:34:52.459 28816 28831 V MCAM_CameraConfigManager: setAWBLock: false
11-22 11:34:52.459 28816 28831 V MCAM_CameraConfigManager: setAWBMode: 1
11-22 11:34:52.459 28816 28862 V MCAM_CRE_FrameBuffer: New FrameBuffer: fbo=1 tex=2 1080*1440 tid=97
11-22 11:34:52.459 28816 28831 W MCAM_BaseModule: consumePreference: no consumer for this updateType -> 51967
11-22 11:34:52.459 28816 28862 D MCAM_CRE_MIGL: GLUtils glGenTextures: 3
11-22 11:34:52.459 28816 28862 D MCAM_CRE_MIGL: GLUtils glGenFramebuffers: 2
11-22 11:34:52.459 28816 28831 D MCAM_BaseModuleCameraManager: updateFrameRatio: 1 (4x3)
11-22 11:34:52.459 28816 28831 D MCAM_CameraConfigManager: setTrackFocusEnable false
11-22 11:34:52.459 28816 28831 D MCAM_CameraConfigManager: setTrackFocusFeatureEnable false
11-22 11:34:52.459 28816 28831 D MCAM_CameraConfigManager: setTrackEyeEnable false
11-22 11:34:52.459 28816 28862 V MCAM_CRE_FrameBuffer: New FrameBuffer: fbo=2 tex=3 1080*1440 tid=97
11-22 11:34:52.459 28816 28831 V MCAM_CameraConfigManager: setDeviceOrientation: 0
11-22 11:34:52.459 28816 28862 D MCAM_CRE_DoubleBuffer: New DoubleBuffer
11-22 11:34:52.459 28816 28831 W MCAM_BaseModule: consumePreference: no consumer for this updateType -> 19
11-22 11:34:52.460 28816 28816 D MCAM_ExtraModuleManagerImpl: onStart
11-22 11:34:52.460 28816 28816 D MCAM_CamLayoutManagerImpl@219936424: onStart 1763807692460, sTimeOutLastTime 1763807692451
11-22 11:34:52.460 28816 28831 W MCAM_BaseModuleCameraManager: no consumer for this updateType: 19
11-22 11:34:52.460 28816 28862 D MCAM_CRE_PreviewRenderEngine: initDoubleBuffer new: DoubleBuffer: fboIn(1) texIn(2) fboOut(2) texOut(3) width(1080) height(1440)
11-22 11:34:52.460 28816 28831 V MCAM_CameraConfigManager: setAperture(): 0.0
11-22 11:34:52.460 28816 28831 D MCAM_CameraConfigs: aperture: 0.0
11-22 11:34:52.460 28816 28816 D MCAM_CamLayoutManagerImpl@219936424: updateLayout false, type INIT, s.1 LayoutBuilder{mLayoutMode=NORMAL_MODE, mScreenRotation=0, mFacingFront=false, mUiStyle=0, mModeId=163, mWholeArea=Rect(0, 0 - 1080, 2340)} -> LayoutBuilder{mLayoutMode=NORMAL_MODE, mScreenRotation=0, mFacingFront=false, mUiStyle=0, mModeId=163, mWholeArea=Rect(0, 0 - 1080, 2340)}
11-22 11:34:52.460 28816 28831 D MCAM_CameraConfigs: apertureMode: 1
11-22 11:34:52.460 28816 28816 D MCAM_CamLayoutManagerImpl@219936424: updateLayout s.3 layout NormalLayout{mWholeArea=Rect(0, 0 - 1080, 2340), mPreviewArea=Rect(0, 0 - 1080, 2340), mGalleryArea=Rect(0, 0 - 1080, 2340), mControlArea=Rect(0, 0 - 1080, 2340)} , needReset2TargetMode false, gallery opened false, laptop switch false
11-22 11:34:52.460 28816 28816 D MCAM_DisplayAdapter: create DisplayAdapter, param appBoundWidth:1080,appBoundHeight:2340,statusBarHeight:90,displayMode:NORMAL_MODE
11-22 11:34:52.460 28816 28816 D MCAM_Display: initExtra DisplayAdapter{mKey='219936424,DisplayMode='NORMAL_MODE'}
11-22 11:34:52.460 28816 28816 V MCAM_DisplayCommonPreviewRect: getDisplayRect:Rect(0, 294 - 1080, 1734),key0
11-22 11:34:52.460 28816 28831 V MCAM_CameraConfigManager: setExposureMode(): 0
11-22 11:34:52.460 28816 28816 D MCAM_DisplayRectFactory: create display : a, parameter : appBoundWidth:1080,appBoundHeight:2340,statusBarHeight:90,displayMode:NORMAL_MODE.
11-22 11:34:52.460 28816 28831 D MCAM_CameraConfigs: setExposureMode: 0
11-22 11:34:52.460 28816 28816 D MCAM_DisplayAdapter: create DisplayAdapter, param appBoundWidth:1080,appBoundHeight:2340,statusBarHeight:90,displayMode:NORMAL_MODE
11-22 11:34:52.461 28816 28816 V MCAM_DisplayCommonPreviewRect: getDisplayRect:Rect(0, 294 - 1080, 1734),key0
11-22 11:34:52.461 28816 28816 D MCAM_CamLayoutAnimationMgr: startPreviewAnimation :Rect(0, 294 - 1080, 1734) -> Rect(0, 294 - 1080, 1734)
11-22 11:34:52.461 28816 28816 D MCAM_CamLayoutAnimationMgr: startPreviewAnimation skip s1 caz src == dst.
11-22 11:34:52.461 28816 28831 W MCAM_BaseModule: consumePreference: no consumer for this updateType -> 110
11-22 11:34:52.461 28816 28816 D MCAM_CRE_PreviewRenderEngine: setFixedSurfaceView:false
11-22 11:34:52.461 28816 28831 W MCAM_BaseModule: consumePreference: no consumer for this updateType -> 97
11-22 11:34:52.461 28816 28816 D MCAM_CRE_PreviewRenderEngine: setPreviewDisplayArea:Rect(0, 294 - 1080, 1734)
11-22 11:34:52.461 28816 28816 D MCAM_STScreenNail: setDisplayArea Rect(0, 294 - 1080, 1734)
11-22 11:34:52.461 28816 28862 D MCAM_CRE_PreviewRenderer: setFixedSurfaceView:false
11-22 11:34:52.461 28816 28816 D MCAM_CameraScreenNail: setPreviewFrameLayoutSize: 1080x1440
11-22 11:34:52.461 28816 28862 D MCAM_CRE_PreviewRenderer: setPreviewAreaParams Rect(0, 294 - 1080, 1734)
11-22 11:34:52.461 28816 28816 D MCAM_DisplayRectFactory: create display : a, parameter : appBoundWidth:1080,appBoundHeight:2340,statusBarHeight:90,displayMode:NORMAL_MODE.
11-22 11:34:52.461 28816 28816 D MCAM_DisplayAdapter: create DisplayAdapter, param appBoundWidth:1080,appBoundHeight:2340,statusBarHeight:90,displayMode:NORMAL_MODE
11-22 11:34:52.461 28816 28816 D MCAM_DisplayRectFactory: create display : a, parameter : appBoundWidth:1080,appBoundHeight:2340,statusBarHeight:90,displayMode:NORMAL_MODE.
11-22 11:34:52.461 28816 28816 D MCAM_DisplayAdapter: create DisplayAdapter, param appBoundWidth:1080,appBoundHeight:2340,statusBarHeight:90,displayMode:NORMAL_MODE
11-22 11:34:52.461 28816 28831 D MCAM_MiCamera2: setCvLens 0 for null
11-22 11:34:52.461 28816 28816 D MCAM_BaseModule: onLayoutModeChanged NormalLayout{mWholeArea=Rect(0, 0 - 1080, 2340), mPreviewArea=Rect(0, 0 - 1080, 2340), mGalleryArea=Rect(0, 0 - 1080, 2340), mControlArea=Rect(0, 0 - 1080, 2340)}  -> NormalLayout{mWholeArea=Rect(0, 0 - 1080, 2340), mPreviewArea=Rect(0, 0 - 1080, 2340), mGalleryArea=Rect(0, 0 - 1080, 2340), mControlArea=Rect(0, 0 - 1080, 2340)} 
11-22 11:34:52.461 28816 28831 W MCAM_BaseModule: consumePreference: no consumer for this updateType -> 111
11-22 11:34:52.461 28816 28831 V MCAM_CameraConfigManager: setIsZoomSpeedUp(): false
11-22 11:34:52.461 28816 28831 W MCAM_BaseModule: consumePreference: no consumer for this updateType -> 112
11-22 11:34:52.462 28816 28831 V MCAM_CameraConfigManager: setIsZoomSpeedDown(): false
11-22 11:34:52.462 28816 28831 V MCAM_CameraConfigManager: setFaceAEStrategy(): 0
11-22 11:34:52.462 28816 28831 D MCAM_CaptureRequestBuilder:  applyFaceAEStrategyFlag something is null
11-22 11:34:52.462 28816 28831 W MCAM_BaseModule: consumePreference: no consumer for this updateType -> 98
11-22 11:34:52.462 28816 28831 W MCAM_BaseModuleCameraManager: no consumer for this updateType: 98
11-22 11:34:52.462 28816 28831 W MCAM_BaseModule: consumePreference: no consumer for this updateType -> 109
11-22 11:34:52.462 28816 28816 D MCAM_ActivityBase: onResume +219936424
11-22 11:34:52.462 28816 28831 D MCAM_BaseModuleCameraManager: updateTeleFallbackMode: curCamId=0, isDisable = false
11-22 11:34:52.462 28816 28831 D MCAM_CameraConfigManager: setCloseFocusEnable false
11-22 11:34:52.462 28816 28816 I MCAM_PerformanceManager: [P_PERFORM]: Action: [WMS]onStart_2_onResume_219936424_163_0 takes 5 ms
11-22 11:34:52.462 28816 28816 D MCAM_BoostFrameworkImpl: startBoost: duration = 500, scene = 6
11-22 11:34:52.462 28816 28816 D MCAM_BoostFrameworkImpl: ready to boost
11-22 11:34:52.462 28816 28831 D MCAM_CameraConfigManager: setCloseFocusEnable false
11-22 11:34:52.463 28816 28831 W MCAM_BaseModule: consumePreference: no consumer for this updateType -> 149
11-22 11:34:52.463  1135  1135 I sensors-hal: batch:180, android.sensor.accelerometer/76, period=20000000, max_latency=200000000
11-22 11:34:52.465  1135  1135 I sensors-hal: batch:189, android.sensor.accelerometer/76, period=20000000, max_latency=200000000 request completed
11-22 11:34:52.465  1135  1135 I sensors-hal: flush:209, android.sensor.accelerometer/76
11-22 11:34:52.465 28816 28831 D MCAM_CaptureModuleDevice: updateProcessIdParam: pid: 28816
11-22 11:34:52.465 28816 28831 D MCAM_CameraCapabilities: getOperatingMode mOperatingMode = 0
11-22 11:34:52.465 28816 28831 I MCAM_CameraCapabilities: [P_PERFORM]: format 33  OutputStreamSizes.size() = 0
11-22 11:34:52.466 28816 28831 D MCAM_Camera2Module: updateLiteGalleryStatus: status = 0
11-22 11:34:52.466 28816 28831 D MCAM_CameraCapabilities: isSatFusionShotSupported: false, because tag undefined
11-22 11:34:52.466 28816 28831 I MCAM_Camera2Module: [K_PROCESS]: startPreview: set PictureSize with 3008x2256
11-22 11:34:52.466 28816 28816 D MCAM_CameraIntentManager: canUseLocationPermission from launcher !isImageCaptureIntent&&!isVideoCaptureIntent is true
11-22 11:34:52.466 28816 28831 D MCAM_MiCameraSurfaceManager: prepare imageReader android.media.ImageReader@358ccde
11-22 11:34:52.466 28816 28831 D MCAM_Camera2Module: startPreview: set PictureFormat to JPEG
11-22 11:34:52.466 28816 28816 D MCAM_Camera@219936424: onResume start
11-22 11:34:52.466 28816 28816 I MCAM_Camera@219936424: [P_PERFORM]: checkPermissionAndCTA E   
11-22 11:34:52.466 28816 28831 D MCAM_CaptureModule: isMultipleRawHdrSupported: hdrType = -1
11-22 11:34:52.466 28816 28831 D MCAM_Camera2Module: [QCFA]startPreview: set qcfa enable false
11-22 11:34:52.467 28816 28816 I MCAM_PermissionManager: getNeedCheckPermissionList() listSize =0
11-22 11:34:52.467 28816 28816 D MCAM_GlobalUtil: isFromThirdParty  false
11-22 11:34:52.467 28816 28816 I MCAM_PermissionManager: getNeedCheckPermissionList() listSize =0
11-22 11:34:52.467 28816 28816 I MCAM_PermissionManager: checkCameraLocationPermissions(), all on
11-22 11:34:52.467 28816 28816 I MCAM_Camera@219936424: [P_PERFORM]: checkPermissionAndCTA X
11-22 11:34:52.467 28816 28831 V MCAM_Camera2Module: initPreviewDecoders: appendPreviewDecoder E
11-22 11:34:52.468 28816 28831 V MCAM_Camera2Module: initPreviewDecoders: appendPreviewDecoder X
11-22 11:34:52.468 28816 28831 I MCAM_Camera2Module: [K_PROCESS]: startPreview: surfaceTexture = android.graphics.SurfaceTexture@5e8ad5f
11-22 11:34:52.468 28816 28831 D MCAM_CRE_SurfaceTextureWrapper: createSurface: surfaceTexture = android.graphics.SurfaceTexture@5e8ad5f
11-22 11:34:52.468 28816 28831 I MCAM_MiCamera2: [K_PROCESS]: startPreviewSession: ---------------------------operatingMode=0x0 previewCallback=2 rawCallbackType=0
11-22 11:34:52.468 28816 28831 V MCAM_MiCamera2: generateSessionId: id=1
11-22 11:34:52.468 28816 28831 D MCAM_MiCameraSurfaceManager: close imageReader android.media.ImageReader@358ccde
11-22 11:34:52.468 28816 28831 D MCAM_MiCameraSurfaceManager: prepare imageReader android.media.ImageReader@9e5d278
11-22 11:34:52.469  2953  2953 D BaseDepthController: mSurface is null and mCurrentBlur is: 0
11-22 11:34:52.469 28816 28831 I MCAM_MiCamera2: [K_PROCESS]: startPreviewSession: add PhotoImageReader configuration: format=0x100 size=3008x2256
11-22 11:34:52.469  1135  1135 I sensors-hal: flush:215, android.sensor.accelerometer/76 completed
11-22 11:34:52.469 28816 28831 D MCAM_MiCamera2: applySettingsForPreview: android.hardware.camera2.CaptureRequest$Builder@3ab99b6
11-22 11:34:52.469 28816 28831 D MCAM_MiCamera2: applyFlashMode: request android.hardware.camera2.CaptureRequest$Builder@3ab99b6, applyType = 1
11-22 11:34:52.470 28816 28831 D MCAM_MiCamera2: applyFlashMode: flashMode = 0, mScreenLightCallback = x3.D@1aa16b7
11-22 11:34:52.470 28816 28831 D MCAM_CaptureRequestBuilder: applyAFRegions: default 0
11-22 11:34:52.470 28816 28831 D MCAM_CaptureRequestBuilder: applyAERegions: default 0
11-22 11:34:52.470 28816 28831 D MCAM_MiCameraCompat: applyFaceDetection: false, faceDetectMode: 0
11-22 11:34:52.470 28816 28831 D MCAM_CaptureRequestBuilder: applyExposureCompensation: 0
11-22 11:34:52.470 28816 28831 D MCAM_CropRegionUtil: toCropRegion(): zoom ratio = 1.0, crop region = Rect(0, 0 - 6016, 4512)
11-22 11:34:52.470 28816 28831 D MCAM_RequestVendorTag: applyCropRegion: rect = Rect(0, 0 - 6016, 4512)
11-22 11:34:52.471 28816 28831 V MCAM_CaptureRequestBuilder: applyZoomRatio(): cameraId = 0, zoomRatio = 1.0, activeArraySize = Rect(0, 0 - 6016, 4512), cropRegion = Rect(0, 0 - 6016, 4512)
11-22 11:34:52.471 28816 28831 D MCAM_CaptureRequestBuilder: applyAELock: false
11-22 11:34:52.471 28816 28831 D MCAM_CaptureRequestBuilder: applyAWBLock: false
11-22 11:34:52.471 28816 28831 D MCAM_MiCameraCompat: applyCustomQualityEnable : false
11-22 11:34:52.471 28816 28831 D MCAM_MiCameraCompat: applyPureViewEnabled : false
11-22 11:34:52.471 28816 28831 D MCAM_CameraCapabilities: MiviSuperNight: mSuperNightMask: 0
11-22 11:34:52.471 28816 28831 D MCAM_CaptureRequestBuilder: applyMiviSuperNight(): unsupported
11-22 11:34:52.471 28816 28831 V MCAM_MiCameraCompat: [K_PROCESS]: applyStreetShoot: false
11-22 11:34:52.471 28816 28831 D MCAM_CaptureRequestBuilder: updateLiteGalleryStatus: 0
11-22 11:34:52.472 28816 28831 D MCAM_CaptureRequestBuilder: applyAELock: false
11-22 11:34:52.472 28816 28831 D MCAM_CaptureRequestBuilder: applyAWBLock: false
11-22 11:34:52.472 28816 28831 V MCAM_CaptureRequestBuilder: EIS: off
11-22 11:34:52.472 28816 28831 V MCAM_CaptureRequestBuilder: OIS: off
11-22 11:34:52.472 28816 28831 D MCAM_CaptureRequestBuilder: applyFpsRange: fpsRange = null
11-22 11:34:52.472 28816 28831 D MCAM_CaptureRequestBuilder: applyAiASDEnable:false, applyType = 1
11-22 11:34:52.472 28816 28831 D MCAM_CaptureRequestBuilder: applyTimedContinuousEnable  = false
11-22 11:34:52.472 28816 28831 D MCAM_MiCameraSurfaceManager: getAlgorithmPreviewSize = 1440x1080
11-22 11:34:52.473 28816 28831 I MCAM_MiCamera2: [K_PROCESS]: startPreviewSession: add PreviewImageReader configuration: format=0x23 size=1440x1080
11-22 11:34:52.473 28816 28831 I MCAM_MiCamera2: [K_PROCESS]: startPreviewSession: add PreviewSurface configuration: format=0x22 size=1440x1080
11-22 11:34:52.473 28816 28831 I MCAM_MiCamera2: [K_PROCESS]: startPreviewSession: setup output configuration number: 3
11-22 11:34:52.474 28816 28831 I MCAM_PerformanceManager: [P_PERFORM]: Action: 3:cameraOpened2createCaptureSession@0_163_0 takes 29 ms
11-22 11:34:52.474 28816 28884 D MCAM_FocusView: FocusView: is global animation available: true
11-22 11:34:52.474 28816 28841 V MCAM_FocusView: [WTP]drawableInitialize: E
11-22 11:34:52.475 28816 28884 E .android.camera: No package ID ff found for resource ID 0xffffffff.
11-22 11:34:52.475 28816 28884 E .android.camera: No package ID ff found for resource ID 0xffffffff.
11-22 11:34:52.475 28816 28884 E .android.camera: No package ID ff found for resource ID 0xffffffff.
11-22 11:34:52.476 28816 28884 E .android.camera: No package ID ff found for resource ID 0xffffffff.
11-22 11:34:52.476 28816 28884 E .android.camera: No package ID ff found for resource ID 0xffffffff.
11-22 11:34:52.476 28816 28884 E .android.camera: No package ID ff found for resource ID 0xffffffff.
11-22 11:34:52.476 28816 28884 E .android.camera: No package ID ff found for resource ID 0xffffffff.
11-22 11:34:52.476 28816 28884 E .android.camera: No package ID ff found for resource ID 0xffffffff.
11-22 11:34:52.476 28816 28884 E .android.camera: No package ID ff found for resource ID 0xffffffff.
11-22 11:34:52.476 28816 28884 E .android.camera: No package ID ff found for resource ID 0xffffffff.
11-22 11:34:52.476 28816 28884 E .android.camera: No package ID ff found for resource ID 0xffffffff.
11-22 11:34:52.476 28816 28884 E .android.camera: No package ID ff found for resource ID 0xffffffff.
11-22 11:34:52.476 28816 28884 E .android.camera: No package ID ff found for resource ID 0xffffffff.
11-22 11:34:52.476 28816 28884 E .android.camera: No package ID ff found for resource ID 0xffffffff.
11-22 11:34:52.476 28816 28884 E .android.camera: No package ID ff found for resource ID 0xffffffff.
11-22 11:34:52.476 28816 28816 D MCAM_Camera@219936424: onResume start
11-22 11:34:52.476 28816 28816 D MCAM_Camera@219936424: resume in MultiWindowMode false
11-22 11:34:52.476 28816 28816 D MCAM_ActivityBase: isCameraAliveWhenResume: releaseByModule: false, isModuleAlive: true, isCameraDevicesAlive: true
11-22 11:34:52.477 28816 28816 D MCAM_RenderEngineV2: getAnimationResult: ANIMATION_LAST_FRAME_BLUR
11-22 11:34:52.477 28816 28816 D MCAM_DisplayHelper: is display size change:false
11-22 11:34:52.477 28816 28884 I MCAM_ AdaptiveTv: maxFontScale=1.4 minFontScale=0.86 mRealFontScale=0.0
11-22 11:34:52.477 28816 28816 V MCAM_AutoLockManager: mHibernationTimeOut = 180000, mScreenOffTimeOut = 15000
11-22 11:34:52.478 28816 28834 V MCAM_AutoLockManager: [WTP]updateScreenOffTimeout: E
11-22 11:34:52.478 28816 28816 D MCAM_ViewUtil: clearRotationAnimation
11-22 11:34:52.478  1567 19405 W cameraserver: createConfiguredSurface: Camera 0 with consumer usage flag: 256: Forcing asynchronous mode forstream
11-22 11:34:52.478 28816 28816 V MCAM_ActivityBase: checkGalleryLock: galleryLocked=false
11-22 11:34:52.478  1567 19405 W cameraserver: createConfiguredSurface: Camera 0: Overriding format 0x1 to IMPLEMENTATION_DEFINED
11-22 11:34:52.478 28816 28816 D MCAM_CameraIntentManager: start activity when locked: false
11-22 11:34:52.478 28816 28816 D MCAM_ActivityBase: checkKeyguard: setShowWhenLocked:false
11-22 11:34:52.479 28816 28816 D MCAM_CameraIntentManager: start activity when locked: false
11-22 11:34:52.479 28816 28816 V MCAM_ActivityBase: checkKeyguard: isLockScreenLaunch=false, isOnLockScreen=false, secureUriList is null
11-22 11:34:52.479 28816 28834 V MCAM_AutoLockManager: [WTP]updateScreenOffTimeout: X
11-22 11:34:52.480 28816 28816 V MCAM_CameraBrightness: onResume adjustBrightness
11-22 11:34:52.480 28816 28816 D VolumeCompat: getSdcardPath: sdcardVolume = null
11-22 11:34:52.480  1567 19405 I cameraserver: Bypass roundBufferDimensionNearest for privilegedClient YUV streams width 3008 height 2256 for format 33
11-22 11:34:52.480 28816 28816 D MCAM_FileCompat: updateSDPath: activePath = null
11-22 11:34:52.480 28816 28816 D VolumeCompat: getSdcardPath: sdcardVolume = null
11-22 11:34:52.480 28816 28816 D MCAM_FileCompat: updateSDPath: activePath = null
11-22 11:34:52.481 28816 28816 D VolumeCompat: getSdcardPath: sdcardVolume = null
11-22 11:34:52.481 28816 28816 V MCAM_Storage: initStorage sd=null
11-22 11:34:52.482 28816 28844 D MCAM_ActivityBase: showBlurCover: blur bitmap from user blur file, and bitmap is not null.
11-22 11:34:52.482  1567 21020 I cameraserver: Bypass roundBufferDimensionNearest for privilegedClient YUV streams width 1440 height 1080 for format 35
11-22 11:34:52.482 28816 28816 D MCAM_Camera@219936424: resumeCamera: E
11-22 11:34:52.483 28816 28816 D MCAM_Camera@219936424: resumeCamera: isSwitchingModule() : true &&  getDisplayFoldState() : true: 
11-22 11:34:52.483 28816 28816 D MCAM_DragEventBusImpl: addOnDragListener: Camera@219936424
11-22 11:34:52.483 28816 28816 D MCAM_ThermalDetector: registerReceiver
11-22 11:34:52.483  1567 21020 D Camera3-Utils: Set real time priority for thread (tid 21020)
11-22 11:34:52.483 28816 28816 D MCAM_MemoryManager: initLimit: mSavedQueueMemoryLimit = 386043744
11-22 11:34:52.483 28816 28816 D MCAM_MemoryManager: initMemory: maxMemory=536870912
11-22 11:34:52.483 28816 28816 V MCAM_ImageSaver: onHostResume: isCapture=false
11-22 11:34:52.484  1100 18990 E CHIUSECASE: [ERROR  ] chxutils.cpp:1656 GetClientName() failed to find tag clientName
11-22 11:34:52.484 28816 28816 D MCAM_StreamingController: onActivityResume: Camera@219936424
11-22 11:34:52.484  1100 18990 E CHIUSECASE: [ERROR  ] chxutils.cpp:1661 GetClientName() failed get clientName
11-22 11:34:52.484 28816 28816 D MCAM_DualScreenManager: is fromThirdApp : false
11-22 11:34:52.484 28816 28816 D MCAM_Camera@219936424: onResume end
11-22 11:34:52.484 28816 28816 I MCAM_PerformanceManager: [P_PERFORM]: Action: resumeActivity@219936424_163_0 takes 18 ms
11-22 11:34:52.484 28816 28816 D MCAM_Camera@219936424: onResume end
11-22 11:34:52.484 28816 28833 V MCAM_Camera@219936424: [WTP]notifyCameraResume: E
11-22 11:34:52.485 28816 28833 D MCAM_SendBroadcastNotifyExternal: notify external(status: start_foreground, displayId: 0)
11-22 11:34:52.485 28816 28835 V MCAM_Camera@219936424: [WTP]initShortcut: E
11-22 11:34:52.485 28816 28833 V MCAM_Camera@219936424: [WTP]notifyCameraResume: X
11-22 11:34:52.486 28816 28816 D MCAM_ActivityBase: onResume - version: 6.3.001750.0 buildType: release
11-22 11:34:52.486 28816 28816 I MCAM_ActivityBase: onResume - camera ppp: 5 gallery ppp: 5
11-22 11:34:52.486 28816 28816 D MCAM_BoostFrameworkImpl: stopBoost
11-22 11:34:52.486 28816 28816 D MCAM_BoostFrameworkImpl: ready to stop boost
11-22 11:34:52.486 28816 28816 E MCAM_SensorSM@258828869: mSensorRegistered has contain sensorList: 0
11-22 11:34:52.486 28816 28816 D MCAM_HeapMemoryManager: checkUsedMemory is called by Camera_onResume
11-22 11:34:52.487 28816 28816 D MCAM_HeapMemoryManager: jvm:{maxMemory:524288, totalMemory:524288, freeMemory:509171, usedMemory:15117, availableMemory:509171, javaUsedRate:2%}
11-22 11:34:52.487 28816 28816 D MCAM_HeapMemoryManager: commonCache:{ByteArrayPool: 0}
11-22 11:34:52.487 28816 28816 D MCAM_HeapMemoryManager: mUsedMemory is released
11-22 11:34:52.488  1100 18990 E CHIUSECASE: [ERROR  ] chxutils.cpp:1656 GetClientName() failed to find tag clientName
11-22 11:34:52.488  1100 18990 E CHIUSECASE: [ERROR  ] chxutils.cpp:1661 GetClientName() failed get clientName
11-22 11:34:52.489 28816 28816 D MCAM_ExtraModuleManagerImpl: onResume
11-22 11:34:52.489 28816 28816 D MCAM_CamLayoutManagerImpl@219936424: onResume
11-22 11:34:52.489 28816 28816 D MCAM_AutoLockManager: onResume: 
11-22 11:34:52.489 28816 28816 D CompatChangeReporter: Compat change id reported: 352594277; UID 10586; state: ENABLED
