11-17 19:25:45.229 I/CAM_OpenCameraCallable(30869): [K_PROCESS]: openCamera: retries = 0
11-17 19:25:45.229 I/CAM_OpenCameraCallable(30869): [K_PROCESS]: openCamera: E: cid = 0
11-17 19:25:45.230 I/CAM_Camera@146827184(30869): [U_ACTION]: onModeSelected from 0xa0 to 0xa3, ScreenSlideOff = false, facing = 0
11-17 19:25:45.230 D/CAM_Camera2CompatAdapter(30869): E: initCameraCapabilitiesByCameraId(): 0
11-17 19:25:45.231 D/Camera3-Utils( 1520): Set real time priority for thread (tid 14997)
11-17 19:25:45.231 I/CameraService( 1520): CameraService::connect call (PID 30869 "com.android.camera", camera ID 0) and Camera API version 2
11-17 19:25:45.232 D/BroadcastExecutor(30869): BroadcastExecutor : 128
11-17 19:25:45.232 I/Camera2ClientBase( 1520): Camera 0: Opened. Client: com.android.camera (PID 30869, UID 10586)
11-17 19:25:45.232 I/CameraDeviceClient( 1520): CameraDeviceClient 0: Opened
11-17 19:25:45.232 I/CameraService( 1520): makeClient: Camera2 API, rotationOverride 0
11-17 19:25:45.232 D/CameraService( 1520): notifyCameraOpening: Bypassing checkOp for uid 10586
11-17 19:25:45.232 I/CameraService( 1520): onTorchStatusChangedLocked: Torch status changed for cameraId=0, newStatus=0
11-17 19:25:45.233 E/CameraManagerGlobal( 2668): Camera 5 is not present. Ignore physical camera status change
11-17 19:25:45.233 D/FlashlightController( 2668): dispatchAvailabilityChanged(false)
11-17 19:25:45.233 E/CameraManagerGlobal( 1811): Camera 5 is not present. Ignore physical camera status change
11-17 19:25:45.233 E/CameraManagerGlobal( 3956): Camera 5 is not present. Ignore physical camera status change
11-17 19:25:45.233 E/CameraManagerGlobal( 6221): Camera 5 is not present. Ignore physical camera status change
11-17 19:25:45.233 E/CameraManagerGlobal( 1811): Camera 6 is not present. Ignore physical camera status change
11-17 19:25:45.233 E/CameraManagerGlobal( 3956): Camera 6 is not present. Ignore physical camera status change
11-17 19:25:45.233 E/CameraManagerGlobal( 3956): Camera 9 is not present. Ignore physical camera status change
11-17 19:25:45.233 E/CameraManagerGlobal( 6221): Camera 6 is not present. Ignore physical camera status change
11-17 19:25:45.233 E/CameraManagerGlobal( 1811): Camera 9 is not present. Ignore physical camera status change
11-17 19:25:45.233 E/CameraManagerGlobal( 2668): Camera 6 is not present. Ignore physical camera status change
11-17 19:25:45.233 E/CameraManagerGlobal( 6221): Camera 9 is not present. Ignore physical camera status change
11-17 19:25:45.233 E/CameraManagerGlobal( 2668): Camera 9 is not present. Ignore physical camera status change
11-17 19:25:45.234 I/AiAiEcho( 3956): Settings changed for uri: content://settings/secure/flashlight_available
11-17 19:25:45.236 I/AiAiEcho( 3956): Predicting[6]: { Feature:1, creation:2025-11-17T22:00:00Z, expiry:2025-11-17T22:00:00Z, isExpired: true}, { Feature:1, creation:2025-11-17T20:00:00Z, expiry:2025-11-17T20:00:00Z, isExpired: true}, { Feature:1, creation:2025-11-17T21:00:00Z, expiry:2025-11-17T21:00:00Z, isExpired: true}, { Feature:1, creation:2025-11-17T18:00:00Z, expiry:2025-11-17T19:00:00Z, isExpired: false}, { Feature:1, creation:2025-11-17T19:00:00Z, expiry:2025-11-17T19:00:00Z, isExpired: true}, { Feature:1, creation:2025-11-17T17:00:00Z, expiry:2025-11-17T18:00:00Z, isExpired: true} [CONTEXT sampling_count=5 ]
11-17 19:25:45.236 W/KeyProviderManager(30869): Incomplete keybox provided by overlays
11-17 19:25:45.236 W/KeyProviderManager(30869): Incomplete keybox provided by overlays
11-17 19:25:45.237 D/CAM_CameraCapabilities(30869): QuickShotDelayTime tag not defined
11-17 19:25:45.237 D/CAM_CameraCapabilities(30869): HQQuickShot: mFeatureMask: 0   mDelayTimeMask: 0
11-17 19:25:45.237 D/CAM_CameraCapabilities(30869): QuickShotDelayTimeFactor tag not defined
11-17 19:25:45.237 D/CAM_CameraCapabilities(30869): QuickShot: mDelayTimeFactor: 100
11-17 19:25:45.237 D/CAM_CameraCapabilities(30869): MiviSuperNight: mSuperNightMask: 0
11-17 19:25:45.237 D/CAM_CameraCapabilities(30869): QuickShotNextCaptureMask: mQuickShotNextCaptureMask: 0
11-17 19:25:45.237 I/AiAiEcho( 3956): EchoTargets: Feature:1
11-17 19:25:45.237 I/AiAiEcho( 3956): Filtered by AiAi flag check: 
11-17 19:25:45.237 I/AiAiEcho( 3956): [CONTEXT ratelimit_period="10 SECONDS" ]
11-17 19:25:45.237 D/CAM_CameraCapabilities(30869): getBeautyVersionData: 3 ,beautyVersion: 3 ,beautyAlgo: 1
11-17 19:25:45.237 D/CAM_CameraCapabilities(30869): SnapshotQuickViewStreamMask: 0
11-17 19:25:45.238 I/AiAiEcho( 3956): #weatherSubItemsTwiddler: Weather removes SubtitleSupplementalItem in surface: home [CONTEXT ratelimit_period="10 SECONDS" ]
11-17 19:25:45.239 I/AiAiEcho( 3956): #remoteViewsTwiddler: feature disabled.
11-17 19:25:45.242 I/AiAiEcho( 3956): #postPredictionTargets: Sending updates to UISurface home with targets# 1 (types=[1])
11-17 19:25:45.242 D/CAM_WaterMarkUtil2(30869): saveCustomWatermark2File: watermarkBitmap = android.graphics.Bitmap@2820215, save result = true, cost time = 14ms
11-17 19:25:45.242 D/CAM_DataItemFeature(30869): this is ro.boot.camera.config 1
11-17 19:25:45.242 I/CAM_DataItemGlobal(30869): custom watermark version updated: umi:v5
11-17 19:25:45.242 D/CAM_WaterMarkUtil2(30869): generateWatermark2File cost time = 30ms
11-17 19:25:45.242 D/CAM_DataItemFeature(30869): this is ro.boot.camera.config 1
11-17 19:25:45.242 D/CAM_WaterMarkUtil2(30869): getWaterMarkId: all = front_umi_global_mi_10
11-17 19:25:45.244 D/BaseDepthController( 2937): mSurface is null and mCurrentBlur is: 0
11-17 19:25:45.244 D/CAM_WaterMarkUtil2(30869): Failed to load app camera watermark 
11-17 19:25:45.244 D/CAM_WaterMarkUtil2(30869): java.io.FileNotFoundException: watermarks/ic_water_mark_.webp
11-17 19:25:45.244 D/CAM_WaterMarkUtil2(30869): 	at android.content.res.AssetManager.nativeOpenAsset(Native Method)
11-17 19:25:45.244 D/CAM_WaterMarkUtil2(30869): 	at android.content.res.AssetManager.open(AssetManager.java:1018)
11-17 19:25:45.244 D/CAM_WaterMarkUtil2(30869): 	at android.content.res.AssetManager.open(AssetManager.java:995)
11-17 19:25:45.244 D/CAM_WaterMarkUtil2(30869): 	at d.c.a.v7.c.f.y(Unknown Source:27)
11-17 19:25:45.244 D/CAM_WaterMarkUtil2(30869): 	at d.c.a.v7.c.f.d(Unknown Source:21)
11-17 19:25:45.244 D/CAM_WaterMarkUtil2(30869): 	at com.android.camera.CameraAppImpl.c(Unknown Source:43)
11-17 19:25:45.244 D/CAM_WaterMarkUtil2(30869): 	at com.android.camera.CameraAppImpl.k(Unknown Source:94)
11-17 19:25:45.244 D/CAM_WaterMarkUtil2(30869): 	at com.android.camera.CameraAppImpl.l(Unknown Source:0)
11-17 19:25:45.244 D/CAM_WaterMarkUtil2(30869): 	at d.c.a.c1.run(Unknown Source:2)
11-17 19:25:45.244 D/CAM_WaterMarkUtil2(30869): 	at d.m.f.o.k.d(Unknown Source:0)
11-17 19:25:45.244 D/CAM_WaterMarkUtil2(30869): 	at d.m.f.o.e.accept(Unknown Source:4)
11-17 19:25:45.244 D/CAM_WaterMarkUtil2(30869): 	at io.reactivex.internal.observers.ConsumerSingleObserver.onSuccess(Unknown Source:7)
11-17 19:25:45.244 D/CAM_WaterMarkUtil2(30869): 	at io.reactivex.internal.operators.single.SingleObserveOn$ObserveOnSingleObserver.run(Unknown Source:14)
11-17 19:25:45.244 D/CAM_WaterMarkUtil2(30869): 	at io.reactivex.Scheduler$DisposeTask.run(Unknown Source:9)
11-17 19:25:45.244 D/CAM_WaterMarkUtil2(30869): 	at io.reactivex.internal.schedulers.ScheduledRunnable.run(Unknown Source:13)
11-17 19:25:45.244 D/CAM_WaterMarkUtil2(30869): 	at io.reactivex.internal.schedulers.ScheduledRunnable.call(Unknown Source:0)
11-17 19:25:45.244 D/CAM_WaterMarkUtil2(30869): 	at java.util.concurrent.FutureTask.run(FutureTask.java:317)
11-17 19:25:45.244 D/CAM_WaterMarkUtil2(30869): 	at java.util.concurrent.ScheduledThreadPoolExecutor$ScheduledFutureTask.run(ScheduledThreadPoolExecutor.java:348)
11-17 19:25:45.244 D/CAM_WaterMarkUtil2(30869): 	at java.util.concurrent.ThreadPoolExecutor.runWorker(ThreadPoolExecutor.java:1156)
11-17 19:25:45.244 D/CAM_WaterMarkUtil2(30869): 	at java.util.concurrent.ThreadPoolExecutor$Worker.run(ThreadPoolExecutor.java:651)
11-17 19:25:45.244 D/CAM_WaterMarkUtil2(30869): 	at java.lang.Thread.run(Thread.java:1119)
11-17 19:25:45.250 I/CAM_CustomTextWaterMark(30869): drawBackWaterMarkGen2: icon size = 364x70
11-17 19:25:45.250 I/CAM_CustomTextWaterMark(30869): drawBackWaterMarkGen2: deviceNameSize = 711x91
11-17 19:25:45.250 I/CAM_CustomTextWaterMark(30869): drawBackWaterMarkGen2: size = 711x91
11-17 19:25:45.250 D/CAM_CustomTextWaterMark(30869): drawBackWaterMarkGen2: size = 711x197
11-17 19:25:45.250 V/CAM_CustomTextWaterMark(30869): drawBackWaterMarkGen2: cost time = 0ms
11-17 19:25:45.251 D/CAM_WaterMarkUtil2(30869): saveCustomWatermark2File: start... watermarkBitmap = android.graphics.Bitmap@a44953d
11-17 19:25:45.252 I/CameraProviderManager( 1520): Camera device device@3.5/legacy/0 torch status is now NOT_AVAILABLE
11-17 19:25:45.252 I/CameraService( 1520): onTorchStatusChangedLocked: Torch status changed for cameraId=0, newStatus=0
11-17 19:25:45.252 I/CameraProviderManager( 1520): Camera device device@3.5/legacy/1 torch status is now NOT_AVAILABLE
11-17 19:25:45.252 I/CameraService( 1520): onTorchStatusChangedLocked: Torch status changed for cameraId=1, newStatus=0
11-17 19:25:45.252 E/CameraService( 1520): onTorchStatusChangedLocked: cannot get torch status of camera 1: No such file or directory (-2)
11-17 19:25:45.252 I/CameraProviderManager( 1520): Camera device device@3.5/legacy/2 torch status is now NOT_AVAILABLE
11-17 19:25:45.252 I/CameraService( 1520): onTorchStatusChangedLocked: Torch status changed for cameraId=2, newStatus=0
11-17 19:25:45.253 W/CameraManagerGlobal( 2668): ignore the torch status update of camera: 2
11-17 19:25:45.253 W/CameraManagerGlobal( 1811): ignore the torch status update of camera: 2
11-17 19:25:45.253 W/CameraManagerGlobal( 6221): ignore the torch status update of camera: 2
11-17 19:25:45.253 I/CameraProviderManager( 1520): Camera device device@3.5/legacy/3 torch status is now NOT_AVAILABLE
11-17 19:25:45.253 W/CameraManagerGlobal( 3956): ignore the torch status update of camera: 2
11-17 19:25:45.253 I/CameraService( 1520): onTorchStatusChangedLocked: Torch status changed for cameraId=3, newStatus=0
11-17 19:25:45.253 W/CameraManagerGlobal( 2668): ignore the torch status update of camera: 3
11-17 19:25:45.253 W/CameraManagerGlobal( 1811): ignore the torch status update of camera: 3
11-17 19:25:45.253 W/CameraManagerGlobal( 3956): ignore the torch status update of camera: 3
11-17 19:25:45.253 W/CameraManagerGlobal( 6221): ignore the torch status update of camera: 3
11-17 19:25:45.253 I/CameraProviderManager( 1520): Camera device device@3.5/legacy/4 torch status is now NOT_AVAILABLE
11-17 19:25:45.253 I/CameraService( 1520): onTorchStatusChangedLocked: Torch status changed for cameraId=4, newStatus=0
11-17 19:25:45.253 W/CameraManagerGlobal( 2668): ignore the torch status update of camera: 4
11-17 19:25:45.253 W/CameraManagerGlobal( 1811): ignore the torch status update of camera: 4
11-17 19:25:45.253 W/CameraManagerGlobal( 3956): ignore the torch status update of camera: 4
11-17 19:25:45.253 W/CameraManagerGlobal( 6221): ignore the torch status update of camera: 4
11-17 19:25:45.253 I/CameraProviderManager( 1520): Camera device device@3.5/legacy/5 torch status is now NOT_AVAILABLE
11-17 19:25:45.253 I/CameraService( 1520): onTorchStatusChangedLocked: Torch status changed for cameraId=5, newStatus=0
11-17 19:25:45.253 W/CameraManagerGlobal( 2668): ignore the torch status update of camera: 5
11-17 19:25:45.253 W/CameraManagerGlobal( 1811): ignore the torch status update of camera: 5
11-17 19:25:45.253 W/CameraManagerGlobal( 3956): ignore the torch status update of camera: 5
11-17 19:25:45.253 W/CameraManagerGlobal( 6221): ignore the torch status update of camera: 5
11-17 19:25:45.254 I/CameraProviderManager( 1520): Camera device device@3.5/legacy/6 torch status is now NOT_AVAILABLE
11-17 19:25:45.254 I/CameraService( 1520): onTorchStatusChangedLocked: Torch status changed for cameraId=6, newStatus=0
11-17 19:25:45.254 W/CameraManagerGlobal( 1811): ignore the torch status update of camera: 6
11-17 19:25:45.254 W/CameraManagerGlobal( 2668): ignore the torch status update of camera: 6
11-17 19:25:45.254 W/CameraManagerGlobal( 3956): ignore the torch status update of camera: 6
11-17 19:25:45.254 W/CameraManagerGlobal( 6221): ignore the torch status update of camera: 6
11-17 19:25:45.254 I/CameraProviderManager( 1520): Camera device device@3.5/legacy/7 torch status is now NOT_AVAILABLE
11-17 19:25:45.254 I/CameraService( 1520): onTorchStatusChangedLocked: Torch status changed for cameraId=7, newStatus=0
11-17 19:25:45.254 W/CameraManagerGlobal( 1811): ignore the torch status update of camera: 7
11-17 19:25:45.254 W/CameraManagerGlobal( 2668): ignore the torch status update of camera: 7
11-17 19:25:45.254 W/CameraManagerGlobal( 3956): ignore the torch status update of camera: 7
11-17 19:25:45.254 W/CameraManagerGlobal( 6221): ignore the torch status update of camera: 7
11-17 19:25:45.254 I/CameraProviderManager( 1520): Camera device device@3.5/legacy/8 torch status is now NOT_AVAILABLE
11-17 19:25:45.254 I/CameraService( 1520): onTorchStatusChangedLocked: Torch status changed for cameraId=8, newStatus=0
11-17 19:25:45.254 E/CameraService( 1520): onTorchStatusChangedLocked: cannot get torch status of camera 8: No such file or directory (-2)
11-17 19:25:45.254 I/CameraProviderManager( 1520): Camera device device@3.5/legacy/9 torch status is now NOT_AVAILABLE
11-17 19:25:45.254 I/CameraService( 1520): onTorchStatusChangedLocked: Torch status changed for cameraId=9, newStatus=0
11-17 19:25:45.254 W/CameraManagerGlobal( 2668): ignore the torch status update of camera: 9
11-17 19:25:45.254 W/CameraManagerGlobal( 1811): ignore the torch status update of camera: 9
11-17 19:25:45.255 W/CameraManagerGlobal( 3956): ignore the torch status update of camera: 9
11-17 19:25:45.255 W/CameraManagerGlobal( 6221): ignore the torch status update of camera: 9
11-17 19:25:45.255 I/CameraProviderManager( 1520): Camera device device@3.5/legacy/10 torch status is now NOT_AVAILABLE
11-17 19:25:45.255 I/CameraService( 1520): onTorchStatusChangedLocked: Torch status changed for cameraId=10, newStatus=0
11-17 19:25:45.255 W/CameraManagerGlobal( 1811): ignore the torch status update of camera: 10
11-17 19:25:45.255 W/CameraManagerGlobal( 2668): ignore the torch status update of camera: 10
11-17 19:25:45.255 W/CameraManagerGlobal( 3956): ignore the torch status update of camera: 10
11-17 19:25:45.255 W/CameraManagerGlobal( 6221): ignore the torch status update of camera: 10
11-17 19:25:45.255 I/hwservicemanager(  668): getTransport: Cannot find entry vendor.display.config@1.9::IDisplayConfig/default in either framework or device VINTF manifest.
11-17 19:25:45.255 E/CamX    ( 1085): [ERROR][FORMAT ] camxdisplayconfig.cpp:124 Initialize() IDisplayConfig service is NULL, version 1.9
11-17 19:25:45.261 D/BaseDepthController( 2937): mSurface is null and mCurrentBlur is: 0
11-17 19:25:45.261 D/Camera3-Utils( 1520): Set regular priority for thread (tid 14997)
11-17 19:25:45.262 D/audio_hw_primary( 1073): adev_set_parameters: enter: cameraFacing=back
11-17 19:25:45.262 V/msm8974_platform( 1073): platform_set_parameters: enter: cameraFacing=back
11-17 19:25:45.262 D/audio_hw_hfp( 1073): hfp_set_parameters: enter
11-17 19:25:45.262 D/audio_hw_hfp( 1073): hfp_set_parameters: enter
11-17 19:25:45.262 V/a2dp_offload( 1073): end of a2dp setparam
11-17 19:25:45.262 D/audio_hw_cspl_cal( 1073): cirrus_cal_setparameters: enter 0xe7b40010
11-17 19:25:45.262 D/audio_hw_extn( 1073): audio_extn_fm_set_parameters: Enter
11-17 19:25:45.262 D/audio_hw_hfp( 1073): hfp_set_parameters: enter
11-17 19:25:45.262 V/a2dp_offload( 1073): end of a2dp setparam
11-17 19:25:45.262 D/audio_hw_primary( 1073): adev_set_parameters: exit with code(0)
11-17 19:25:45.263 D/CAM_WaterMarkUtil2(30869): saveCustomWatermark2File: watermarkBitmap = android.graphics.Bitmap@a44953d, save result = true, cost time = 12ms
11-17 19:25:45.263 I/CAM_OpenCameraCallable(30869): [K_PROCESS]: openCamera: X: cid = 0
11-17 19:25:45.263 D/CAM_OpenCameraCallable(30869): X: cid: 0 (dur: 42)
11-17 19:25:45.263 D/CAM_OpenCameraCallable(30869): postCallback
11-17 19:25:45.263 D/CAM_OpenCameraCallable(30869): Success: cid: 0 (dur: 42)
11-17 19:25:45.264 I/CAM_CameraStateCallback(30869): [K_PROCESS]: onOpened: cid = 0
11-17 19:25:45.264 I/CAM_PerformanceManager(30869): [P_PERFORM]: Action: 2:[HAL]openCamera@0_163_0 takes 35 ms
11-17 19:25:45.270 D/CAM_CameraCapabilities(30869): QuickShotDelayTime tag not defined
11-17 19:25:45.271 D/CAM_CameraCapabilities(30869): HQQuickShot: mFeatureMask: 0   mDelayTimeMask: 0
11-17 19:25:45.271 D/CAM_CameraCapabilities(30869): QuickShotDelayTimeFactor tag not defined
11-17 19:25:45.271 D/CAM_CameraCapabilities(30869): QuickShot: mDelayTimeFactor: 100
11-17 19:25:45.271 D/CAM_CameraCapabilities(30869): MiviSuperNight: mSuperNightMask: 0
11-17 19:25:45.271 D/CAM_CameraCapabilities(30869): QuickShotNextCaptureMask: mQuickShotNextCaptureMask: 0
11-17 19:25:45.271 D/CAM_CameraCapabilities(30869): getBeautyVersionData: 3 ,beautyVersion: 3 ,beautyAlgo: 1
11-17 19:25:45.271 D/CAM_CameraCapabilities(30869): SnapshotQuickViewStreamMask: 0
11-17 19:25:45.271 D/CAM_Camera2CompatAdapter(30869): X: initCameraCapabilitiesByCameraId(): 0
11-17 19:25:45.271 D/CAM_Camera2CompatAdapter(30869): X: initCameraCapabilitiesByCameraId(): 2
11-17 19:25:45.271 D/CAM_Camera@146827184(30869): closeCameraSetup: CameraPendingSetupDisposable: X
11-17 19:25:45.271 D/CAM_Camera@146827184(30869): closeCameraSetup: CameraSetupDisposable: X
11-17 19:25:45.271 D/CAM_Camera2CompatAdapter(30869): E: initCameraCapabilitiesByCameraId(): 3
11-17 19:25:45.271 I/CAM_PermissionManager(30869): getNeedCheckPermissionList() listSize =0
11-17 19:25:45.271 I/CAM_PermissionManager(30869): checkCameraPermissions(), all on
11-17 19:25:45.271 D/CAM_Camera2CompatAdapter(30869): E: initCameraCapabilitiesByCameraId(): 6
11-17 19:25:45.272 D/CAM_BaseModule(30869): setActivity, activity: com.android.camera.Camera@8c067b0, d.c.a.q6.r7.ok(Unknown Source:23), d.c.a.q6.r7.g4(Unknown Source:4), com.android.camera.Camera.Fj(Unknown Source:81), 
11-17 19:25:45.272 D/CAM_DataItemFeature(30869): TextureColorSpace: 0
11-17 19:25:45.272 D/CAM_DataItemFeature(30869): DisplayColorSpace: 0
11-17 19:25:45.272 D/CAM_RenderEngineV1(30869): V1: setTextureColorSpace: SRGB
11-17 19:25:45.272 D/CAM_STScreenNail(30869): setTextureColorSpace: SRGB
11-17 19:25:45.272 D/CAM_RenderEngineV1(30869): V1: setDisplayColorSpace: SRGB
11-17 19:25:45.272 D/CAM_CameraRenderEngine(30869): setDisplayColorSpace: SRGB
11-17 19:25:45.272 D/CAM_CameraRenderEngine(30869): setDisplayColorSpace: nothing change.
11-17 19:25:45.272 I/CAM_Camera@146827184(30869): create new module instantiated: u@6965305: mid = 163, cid = 0, created = false, departed = false
11-17 19:25:45.272 D/CAM_DataItemRunning(30869): setDummyEnablefalse
11-17 19:25:45.272 D/CAM_PreDataSetup(30869): reInit ,  resetType = 4
11-17 19:25:45.278 D/BaseDepthController( 2937): mSurface is null and mCurrentBlur is: 0
11-17 19:25:45.278 D/CAM_CameraCapabilities(30869): QuickShotDelayTime tag not defined
11-17 19:25:45.278 D/CAM_CameraCapabilities(30869): HQQuickShot: mFeatureMask: 0   mDelayTimeMask: 0
11-17 19:25:45.278 D/CAM_CameraCapabilities(30869): QuickShotDelayTimeFactor tag not defined
11-17 19:25:45.278 D/CAM_CameraCapabilities(30869): QuickShot: mDelayTimeFactor: 100
11-17 19:25:45.278 D/CAM_CameraCapabilities(30869): MiviSuperNight: mSuperNightMask: 0
11-17 19:25:45.278 D/CAM_CameraCapabilities(30869): QuickShotNextCaptureMask: mQuickShotNextCaptureMask: 0
11-17 19:25:45.278 D/CAM_CameraCapabilities(30869): getBeautyVersionData: 3 ,beautyVersion: 3 ,beautyAlgo: 1
11-17 19:25:45.279 D/CAM_CameraCapabilities(30869): SnapshotQuickViewStreamMask: 0
11-17 19:25:45.279 D/CAM_CameraCapabilities(30869): QuickShotDelayTime tag not defined
11-17 19:25:45.279 D/CAM_CameraCapabilities(30869): HQQuickShot: mFeatureMask: 0   mDelayTimeMask: 0
11-17 19:25:45.279 D/CAM_CameraCapabilities(30869): QuickShotDelayTimeFactor tag not defined
11-17 19:25:45.279 D/CAM_CameraCapabilities(30869): QuickShot: mDelayTimeFactor: 100
11-17 19:25:45.279 D/CAM_CameraCapabilities(30869): MiviSuperNight: mSuperNightMask: 0
11-17 19:25:45.279 D/CAM_CameraCapabilities(30869): QuickShotNextCaptureMask: mQuickShotNextCaptureMask: 0
11-17 19:25:45.279 D/CAM_CameraCapabilities(30869): getBeautyVersionData: 3 ,beautyVersion: 3 ,beautyAlgo: 1
11-17 19:25:45.279 D/CAM_CameraCapabilities(30869): SnapshotQuickViewStreamMask: 0
11-17 19:25:45.279 D/CAM_Camera2CompatAdapter(30869): X: initCameraCapabilitiesByCameraId(): 6
11-17 19:25:45.279 D/CAM_Camera2CompatAdapter(30869): X: initCameraCapabilitiesByCameraId(): 3
11-17 19:25:45.279 D/CAM_Camera2CompatAdapter(30869): E: initCameraCapabilitiesByCameraId(): 4
11-17 19:25:45.279 D/CAM_Camera2CompatAdapter(30869): E: initCameraCapabilitiesByCameraId(): 0
11-17 19:25:45.280 D/CAM_CameraAppImpl(30869): disable document mode
11-17 19:25:45.287 D/CAM_CameraCapabilities(30869): QuickShotDelayTime tag not defined
11-17 19:25:45.287 D/CAM_CameraCapabilities(30869): HQQuickShot: mFeatureMask: 0   mDelayTimeMask: 0
11-17 19:25:45.287 D/CAM_CameraCapabilities(30869): QuickShotDelayTimeFactor tag not defined
11-17 19:25:45.287 D/CAM_CameraCapabilities(30869): QuickShot: mDelayTimeFactor: 100
11-17 19:25:45.287 D/CAM_CameraCapabilities(30869): MiviSuperNight: mSuperNightMask: 0
11-17 19:25:45.287 D/CAM_CameraCapabilities(30869): QuickShotNextCaptureMask: mQuickShotNextCaptureMask: 0
11-17 19:25:45.287 D/CAM_CameraCapabilities(30869): getBeautyVersionData: 3 ,beautyVersion: 3 ,beautyAlgo: 1
11-17 19:25:45.287 D/CAM_CameraCapabilities(30869): SnapshotQuickViewStreamMask: 0
11-17 19:25:45.287 D/CAM_CameraCapabilities(30869): QuickShotDelayTime tag not defined
11-17 19:25:45.287 D/CAM_CameraCapabilities(30869): HQQuickShot: mFeatureMask: 0   mDelayTimeMask: 0
11-17 19:25:45.287 D/CAM_CameraCapabilities(30869): QuickShotDelayTimeFactor tag not defined
11-17 19:25:45.287 D/CAM_CameraCapabilities(30869): QuickShot: mDelayTimeFactor: 100
11-17 19:25:45.287 D/CAM_CameraCapabilities(30869): MiviSuperNight: mSuperNightMask: 0
11-17 19:25:45.287 D/CAM_CameraCapabilities(30869): QuickShotNextCaptureMask: mQuickShotNextCaptureMask: 0
11-17 19:25:45.287 D/CAM_CameraCapabilities(30869): getBeautyVersionData: 3 ,beautyVersion: 3 ,beautyAlgo: 1
11-17 19:25:45.287 D/CAM_CameraCapabilities(30869): SnapshotQuickViewStreamMask: 0
11-17 19:25:45.287 D/CAM_Camera2CompatAdapter(30869): X: initCameraCapabilitiesByCameraId(): 0
11-17 19:25:45.287 D/CAM_Camera2CompatAdapter(30869): X: initCameraCapabilitiesByCameraId(): 4
11-17 19:25:45.287 D/CAM_Camera2CompatAdapter(30869): E: initCameraCapabilitiesByCameraId(): 5
11-17 19:25:45.287 D/CAM_Camera2DataContainer(30869): Currently user selected zoom ratio is 1.0
11-17 19:25:45.288 D/CAM_Camera2DataContainer(30869): getActualOpenCameraId: mode=a3, id=0->0
11-17 19:25:45.288 D/CAM_Camera2CompatAdapter(30869): E: initCameraCapabilitiesByCameraId(): 0
11-17 19:25:45.288 I/CAM_CameraOpenObservable(30869): [K_PROCESS]: onOpened: cid = 0, listener = 222857326
11-17 19:25:45.288 I/CAM_Camera2OpenManager(30869): [K_PROCESS]: onOpened: cid = 0|android.hardware.camera2.impl.CameraDeviceImpl@fefc571
11-17 19:25:45.291 D/CompatibilityUtils(30869): getSdcardPath: sdcardVolume = null
11-17 19:25:45.291 D/CAM_FileCompat(30869): getExtSDCardPaths: activePath = null
11-17 19:25:45.291 D/CompatibilityUtils(30869): getSdcardPath: sdcardVolume = null
11-17 19:25:45.291 D/CAM_FileCompat(30869): getExtSDCardPaths: activePath = null
11-17 19:25:45.291 D/CAM_MiCamera2(30869): MiCamera2: preload
11-17 19:25:45.292 I/CAM_PerformanceManager(30869): [P_PERFORM]: Action: loading_class_163_0 takes 12 ms
11-17 19:25:45.292 D/CAM_CameraAppImpl(30869): LoadClassUseInLaunch<<
11-17 19:25:45.294 D/BaseDepthController( 2937): mSurface is null and mCurrentBlur is: 0
11-17 19:25:45.295 D/CAM_CameraCapabilities(30869): QuickShotDelayTime tag not defined
11-17 19:25:45.295 D/CAM_CameraCapabilities(30869): HQQuickShot: mFeatureMask: 0   mDelayTimeMask: 0
11-17 19:25:45.295 D/CAM_CameraCapabilities(30869): QuickShotDelayTimeFactor tag not defined
11-17 19:25:45.295 D/CAM_CameraCapabilities(30869): QuickShot: mDelayTimeFactor: 100
11-17 19:25:45.295 D/CAM_CameraCapabilities(30869): MiviSuperNight: mSuperNightMask: 0
11-17 19:25:45.295 D/CAM_CameraCapabilities(30869): QuickShotNextCaptureMask: mQuickShotNextCaptureMask: 0
11-17 19:25:45.295 D/CAM_CameraCapabilities(30869): getBeautyVersionData: 3 ,beautyVersion: 3 ,beautyAlgo: 1
11-17 19:25:45.295 D/CAM_CameraCapabilities(30869): SnapshotQuickViewStreamMask: 0
11-17 19:25:45.296 D/CAM_CameraCapabilities(30869): QuickShotDelayTime tag not defined
11-17 19:25:45.296 D/CAM_CameraCapabilities(30869): HQQuickShot: mFeatureMask: 0   mDelayTimeMask: 0
11-17 19:25:45.296 D/CAM_CameraCapabilities(30869): QuickShotDelayTimeFactor tag not defined
11-17 19:25:45.296 D/CAM_CameraCapabilities(30869): QuickShot: mDelayTimeFactor: 100
11-17 19:25:45.296 D/CAM_CameraCapabilities(30869): MiviSuperNight: mSuperNightMask: 0
11-17 19:25:45.296 D/CAM_CameraCapabilities(30869): QuickShotNextCaptureMask: mQuickShotNextCaptureMask: 0
11-17 19:25:45.296 D/CAM_CameraCapabilities(30869): getBeautyVersionData: 3 ,beautyVersion: 3 ,beautyAlgo: 1
11-17 19:25:45.296 D/CAM_CameraCapabilities(30869): SnapshotQuickViewStreamMask: 0
11-17 19:25:45.296 D/CAM_Camera2CompatAdapter(30869): X: initCameraCapabilitiesByCameraId(): 0
11-17 19:25:45.296 D/CAM_Camera2CompatAdapter(30869): X: initCameraCapabilitiesByCameraId(): 5
11-17 19:25:45.296 D/CAM_Camera2CompatAdapter(30869): E: initCameraCapabilitiesByCameraId(): 0
11-17 19:25:45.303 D/CAM_CameraCapabilities(30869): QuickShotDelayTime tag not defined
11-17 19:25:45.303 D/CAM_CameraCapabilities(30869): HQQuickShot: mFeatureMask: 0   mDelayTimeMask: 0
11-17 19:25:45.303 D/CAM_CameraCapabilities(30869): QuickShotDelayTimeFactor tag not defined
11-17 19:25:45.303 D/CAM_CameraCapabilities(30869): QuickShot: mDelayTimeFactor: 100
11-17 19:25:45.303 D/CAM_CameraCapabilities(30869): MiviSuperNight: mSuperNightMask: 0
11-17 19:25:45.303 D/CAM_CameraCapabilities(30869): QuickShotNextCaptureMask: mQuickShotNextCaptureMask: 0
11-17 19:25:45.303 D/CAM_CameraCapabilities(30869): getBeautyVersionData: 3 ,beautyVersion: 3 ,beautyAlgo: 1
11-17 19:25:45.303 D/CAM_CameraCapabilities(30869): SnapshotQuickViewStreamMask: 0
11-17 19:25:45.303 D/CAM_Camera2CompatAdapter(30869): X: initCameraCapabilitiesByCameraId(): 0
11-17 19:25:45.304 D/CAM_Camera2CompatAdapter(30869): E: initCameraCapabilitiesByCameraId(): 6
11-17 19:25:45.304 D/CAM_Camera2CompatAdapter(30869): E: initCameraCapabilitiesByCameraId(): 0
11-17 19:25:45.304 D/CAM_Camera2OpenManager(30869): fire: result = d.c.a.q6.t8.b.u@da5af56, requested cid = 0
11-17 19:25:45.304 D/CAM_Camera2OpenManager(30869): fire: emitted
11-17 19:25:45.308 D/vendor.qti.bluetooth@1.0-wake_lock( 1083): Release wakelock is released 
11-17 19:25:45.310 D/CAM_CameraCapabilities(30869): QuickShotDelayTime tag not defined
11-17 19:25:45.310 D/CAM_CameraCapabilities(30869): HQQuickShot: mFeatureMask: 0   mDelayTimeMask: 0
11-17 19:25:45.310 D/CAM_CameraCapabilities(30869): QuickShotDelayTimeFactor tag not defined
11-17 19:25:45.310 D/CAM_CameraCapabilities(30869): QuickShot: mDelayTimeFactor: 100
11-17 19:25:45.310 D/CAM_CameraCapabilities(30869): MiviSuperNight: mSuperNightMask: 0
11-17 19:25:45.310 D/CAM_CameraCapabilities(30869): QuickShotNextCaptureMask: mQuickShotNextCaptureMask: 0
11-17 19:25:45.310 D/CAM_CameraCapabilities(30869): getBeautyVersionData: 3 ,beautyVersion: 3 ,beautyAlgo: 1
11-17 19:25:45.310 D/CAM_CameraCapabilities(30869): SnapshotQuickViewStreamMask: 0
11-17 19:25:45.310 D/CAM_Camera2CompatAdapter(30869): X: initCameraCapabilitiesByCameraId(): 0
11-17 19:25:45.311 D/BaseDepthController( 2937): mSurface is null and mCurrentBlur is: 0
11-17 19:25:45.311 D/CAM_CameraCapabilities(30869): com.xiaomi.lens.info.availableApertureModes invalid ,used default value 
11-17 19:25:45.311 D/CAM_CameraCapabilities(30869): QuickShotDelayTime tag not defined
11-17 19:25:45.311 D/CAM_CameraCapabilities(30869): HQQuickShot: mFeatureMask: 0   mDelayTimeMask: 0
11-17 19:25:45.311 W/CAM_Camera2CompatAdapterRole(30869): Warning: getAuxCameraId(): #init() failed, roleId=20
11-17 19:25:45.311 D/CAM_CameraCapabilities(30869): QuickShotDelayTimeFactor tag not defined
11-17 19:25:45.311 D/CAM_CameraCapabilities(30869): QuickShot: mDelayTimeFactor: 100
11-17 19:25:45.311 D/CAM_CameraCapabilities(30869): MiviSuperNight: mSuperNightMask: 0
11-17 19:25:45.311 D/CAM_CameraCapabilities(30869): QuickShotNextCaptureMask: mQuickShotNextCaptureMask: 0
11-17 19:25:45.311 D/CAM_CameraCapabilities(30869): getBeautyVersionData: 3 ,beautyVersion: 3 ,beautyAlgo: 1
11-17 19:25:45.311 D/CAM_CameraCapabilities(30869): SnapshotQuickViewStreamMask: 0
11-17 19:25:45.311 D/CAM_Camera2CompatAdapter(30869): X: initCameraCapabilitiesByCameraId(): 6
11-17 19:25:45.311 D/CAM_Camera2CompatAdapter(30869): E: initCameraCapabilitiesByCameraId(): 7
11-17 19:25:45.311 D/audio_hw_primary( 1073): adev_get_parameters:audio_camera_zoom_support
11-17 19:25:45.312 I/audio_karaoke( 1073): get para : audio_camera_zoom_support = false
11-17 19:25:45.312 D/soundtrigger( 1073): audio_extn_sound_trigger_get_parameters input string<audio_camera_zoom_support=>
11-17 19:25:45.312 D/soundtrigger( 1073): extract_sm_handle input string <audio_camera_zoom_support=> param string <audio_camera_zoom_support=>
11-17 19:25:45.312 D/audio_hw_extn( 1073): audio_extn_fm_get_parameters: Enter
11-17 19:25:45.312 D/audio_hw_extn( 1073): audio_extn_get_parameters: returns audio_camera_zoom_support=false
11-17 19:25:45.312 V/msm8974_platform( 1073): platform_get_parameters: exit: returns - audio_camera_zoom_support=false
11-17 19:25:45.312 D/audio_hw_primary( 1073): adev_get_parameters: exit: returns - audio_camera_zoom_support=false
11-17 19:25:45.312 D/CAM_AiAudioParameterManager(30869): isSupportAiAudioNew: AUDIO_CAMERA_ZOOM_SUPPORT = false
11-17 19:25:45.312 D/CAM_AiAudioParameterManager(30869): isSupportAiAudioNew: parameter not supported
11-17 19:25:45.312 D/CAM_CameraCapabilities(30869): portraitBokehZoomMap：   PORTRAIT_BOKEH_ZOOM_RATIO_MAP is null
11-17 19:25:45.312 D/CAM_CameraCapabilities(30869): portraitBokehApertureAbilityMap：   PORTRAIT_BOKEH_APERTURE_ABILITY_MAP is null
11-17 19:25:45.313 D/CAM_ComponentConfigFlash(30869): setBanned() called with: banned = [false]
11-17 19:25:45.313 D/CAM_CameraCapabilities(30869): SupportSlowMotionCameraValue：   MULTI_LENS_SUPPORT_SLOW_MOTION is null
11-17 19:25:45.313 D/CAM_CameraCapabilities(30869): SupportSlowMotionCameraLens：   MULTI_LENS_SUPPORT_SLOW_MOTION is null
11-17 19:25:45.313 D/CAM_CameraCapabilities(30869): isExposureMeteringSupported: 0
11-17 19:25:45.313 D/CAM_Camera2CompatAdapter(30869): E: initCameraCapabilitiesByCameraId(): 0
11-17 19:25:45.319 D/CAM_CameraCapabilities(30869): QuickShotDelayTime tag not defined
11-17 19:25:45.319 D/CAM_CameraCapabilities(30869): HQQuickShot: mFeatureMask: 0   mDelayTimeMask: 0
11-17 19:25:45.319 D/CAM_CameraCapabilities(30869): QuickShotDelayTimeFactor tag not defined
11-17 19:25:45.319 D/CAM_CameraCapabilities(30869): QuickShot: mDelayTimeFactor: 100
11-17 19:25:45.319 D/CAM_CameraCapabilities(30869): MiviSuperNight: mSuperNightMask: 0
11-17 19:25:45.319 D/CAM_CameraCapabilities(30869): QuickShotNextCaptureMask: mQuickShotNextCaptureMask: 0
11-17 19:25:45.319 D/CAM_CameraCapabilities(30869): getBeautyVersionData: 3 ,beautyVersion: 3 ,beautyAlgo: 1
11-17 19:25:45.319 D/CAM_CameraCapabilities(30869): SnapshotQuickViewStreamMask: 0
11-17 19:25:45.319 D/CAM_CameraCapabilities(30869): QuickShotDelayTime tag not defined
11-17 19:25:45.319 D/CAM_CameraCapabilities(30869): HQQuickShot: mFeatureMask: 0   mDelayTimeMask: 0
11-17 19:25:45.319 D/CAM_CameraCapabilities(30869): QuickShotDelayTimeFactor tag not defined
11-17 19:25:45.319 D/CAM_CameraCapabilities(30869): QuickShot: mDelayTimeFactor: 100
11-17 19:25:45.319 D/CAM_CameraCapabilities(30869): MiviSuperNight: mSuperNightMask: 0
11-17 19:25:45.319 D/CAM_CameraCapabilities(30869): QuickShotNextCaptureMask: mQuickShotNextCaptureMask: 0
11-17 19:25:45.319 D/CAM_CameraCapabilities(30869): getBeautyVersionData: 3 ,beautyVersion: 3 ,beautyAlgo: 1
11-17 19:25:45.319 D/CAM_CameraCapabilities(30869): SnapshotQuickViewStreamMask: 0
11-17 19:25:45.319 D/CAM_Camera2CompatAdapter(30869): X: initCameraCapabilitiesByCameraId(): 0
11-17 19:25:45.319 D/CAM_Camera2CompatAdapter(30869): X: initCameraCapabilitiesByCameraId(): 7
11-17 19:25:45.319 D/CAM_Camera2CompatAdapter(30869): E: initCameraCapabilitiesByCameraId(): 8
11-17 19:25:45.319 D/CAM_CameraCapabilities(30869): com.xiaomi.lens.info.AVAILABLE_EXPOSURE_MODES invalid ,used default value 
11-17 19:25:45.319 D/CAM_Camera2CompatAdapter(30869): E: initCameraCapabilitiesByCameraId(): 0
11-17 19:25:45.326 D/CAM_CameraCapabilities(30869): QuickShotDelayTime tag not defined
11-17 19:25:45.326 D/CAM_CameraCapabilities(30869): HQQuickShot: mFeatureMask: 0   mDelayTimeMask: 0
11-17 19:25:45.326 D/CAM_CameraCapabilities(30869): QuickShotDelayTimeFactor tag not defined
11-17 19:25:45.326 D/CAM_CameraCapabilities(30869): QuickShot: mDelayTimeFactor: 100
11-17 19:25:45.326 D/CAM_CameraCapabilities(30869): MiviSuperNight: mSuperNightMask: 0
11-17 19:25:45.326 D/CAM_CameraCapabilities(30869): QuickShotNextCaptureMask: mQuickShotNextCaptureMask: 0
11-17 19:25:45.326 D/CAM_CameraCapabilities(30869): getBeautyVersionData: 3 ,beautyVersion: 3 ,beautyAlgo: 1
11-17 19:25:45.326 D/CAM_CameraCapabilities(30869): SnapshotQuickViewStreamMask: 0
11-17 19:25:45.326 D/CAM_Camera2CompatAdapter(30869): X: initCameraCapabilitiesByCameraId(): 0
11-17 19:25:45.326 D/CAM_CameraCapabilities(30869): com.xiaomi.lens.info.availableApertureModes invalid ,used default value 
11-17 19:25:45.326 W/CAM_Camera2CompatAdapterRole(30869): Warning: getAuxCameraId(): #init() failed, roleId=20
11-17 19:25:45.326 D/CAM_CameraCapabilities(30869): QuickShotDelayTime tag not defined
11-17 19:25:45.326 D/CAM_CameraCapabilities(30869): HQQuickShot: mFeatureMask: 0   mDelayTimeMask: 0
11-17 19:25:45.326 D/CAM_CameraCapabilities(30869): QuickShotDelayTimeFactor tag not defined
11-17 19:25:45.326 D/CAM_ComponentConfigHDR10(30869): reInit E
11-17 19:25:45.327 D/CAM_ComponentConfigHDR10PRO(30869): reInit E
11-17 19:25:45.327 D/CAM_CameraCapabilities(30869): QuickShot: mDelayTimeFactor: 100
11-17 19:25:45.327 D/CAM_ComponentConfigTrueColour(30869): reInit E
11-17 19:25:45.327 D/CAM_CameraCapabilities(30869): MiviSuperNight: mSuperNightMask: 0
11-17 19:25:45.327 D/CAM_CameraCapabilities(30869): QuickShotNextCaptureMask: mQuickShotNextCaptureMask: 0
11-17 19:25:45.327 D/CAM_CameraCapabilities(30869): getBeautyVersionData: 3 ,beautyVersion: 3 ,beautyAlgo: 1
11-17 19:25:45.327 D/CAM_CameraCapabilities(30869): SnapshotQuickViewStreamMask: 0
11-17 19:25:45.327 D/CAM_Camera2CompatAdapter(30869): X: initCameraCapabilitiesByCameraId(): 8
11-17 19:25:45.327 D/CAM_Camera2CompatAdapter(30869): E: initCameraCapabilitiesByCameraId(): 9
11-17 19:25:45.327 D/CAM_DataItemGlobal(30869): setSortModes [167, 186, 162, 163, 171, 173, 254, 175, 166, 209, 220, 172, 169, 184, 211, 187, 210, 164]
11-17 19:25:45.328 D/BaseDepthController( 2937): mSurface is null and mCurrentBlur is: 0
11-17 19:25:45.331 V/CAM_ComponentModuleList(30869): initItems [ComponentDataItem{mDisplayName='Pro'mValue='167'}, ComponentDataItem{mDisplayName='Documentos'mValue='186'}, ComponentDataItem{mDisplayName='Vídeo'mValue='162'}, ComponentDataItem{mDisplayName='Foto'mValue='163'}, ComponentDataItem{mDisplayName='Retrato'mValue='171'}, ComponentDataItem{mDisplayName='Nocturno'mValue='173'}, ComponentDataItem{mDisplayName='Más'mValue='254'}, ComponentDataItem{mDisplayName='108MP'mValue='175'}, ComponentDataItem{mDisplayName='Panorámica'mValue='166'}, ComponentDataItem{mDisplayName='VLOG'mValue='209'}, ComponentDataItem{mDisplayName='Cortometraje'mValue='220'}, ComponentDataItem{mDisplayName='Cámara lenta'mValue='172'}, ComponentDataItem{mDisplayName='Time-lapse'mValue='169'}, ComponentDataItem{mDisplayName='Avatares de stickers'mValue='184'}, ComponentDataItem{mDisplayName='Efectos de película'mValue='211'}, ComponentDataItem{mDisplayName='Exposición prolongada'mValue='187'}, ComponentDataItem{mDisplayName='Clonar'mValue='210'}, ComponentDataItem{mDisplayName='Modo director'mValue='164'}, ComponentDataItem{mDisplayName='Editar'mValue='255'}]
11-17 19:25:45.331 I/CAM_PaintConditionReferred(30869): configVariables mode:163, uiStyle:0
11-17 19:25:45.331 D/CAM_DataItemRunning(30869): setPaintCondition: 0
11-17 19:25:45.332 D/CAM_Camera@146827184(30869): onLifeAlive module 0xa3, need anim 1, need blur false need reconfig true reset type 4
11-17 19:25:45.332 D/CAM_Camera@146827184(30869): isFromKeyguard: false
11-17 19:25:45.332 D/CAM_Camera@146827184(30869): onLifeAlive: isFromKeyguard: false, mHasFocus: false
11-17 19:25:45.332 I/CAM_PermissionManager(30869): getNeedCheckPermissionList() listSize =0
11-17 19:25:45.332 I/CAM_PermissionManager(30869): checkCameraLaunchPermissions(), all on
11-17 19:25:45.332 D/CAM_Camera@146827184(30869): setupCamera: E
11-17 19:25:45.332 D/CAM_Camera@146827184(30869): closeCameraSetup: CameraPendingSetupDisposable: X
11-17 19:25:45.332 D/CAM_Camera@146827184(30869): closeCameraSetup: CameraSetupDisposable: X
11-17 19:25:45.332 D/CAM_Camera@146827184(30869): setupCamera: CameraSetupDisposable: E
11-17 19:25:45.332 D/CAM_Camera@146827184(30869): setupCamera: X
11-17 19:25:45.332 I/CAM_PermissionManager(30869): getNeedCheckPermissionList() listSize =0
11-17 19:25:45.332 I/CAM_PermissionManager(30869): checkCameraLaunchPermissions(), all on
11-17 19:25:45.333 D/CAM_DragEventBusImpl(30869): addOnDragListener: FragmentBottomAction
11-17 19:25:45.333 D/CAM_DragEventBusImpl(30869): addOnDragListener: FragmentModeSelector
11-17 19:25:45.333 D/CAM_FunctionCameraPrepare(30869): reconfigureData needResetForFrontZoom:false lastCameraId:0 mResetType:4 mLastMode:0 mTargetMode:163
11-17 19:25:45.333 D/CAM_Camera@146827184(30869): setBasicUICreated
11-17 19:25:45.333 D/CAM_Camera2Module(30869): notifyUICreated
11-17 19:25:45.333 V/CAM_Delegate@244026995(30869): loadModule + opts {POPUP_TIPS=[BaseOperation{type=ADD, contType=POPUP_TIPS, info= 0xFFF9, subInfo= 0xF0'}], PREVIEW_ROOT=[BaseOperation{type=ADD, contType=PREVIEW_ROOT, info= 0xFFFFFF2, subInfo= 0xF0'}], }
11-17 19:25:45.333 V/CAM_Delegate@244026995(30869): diffOpts : new {POPUP_TIPS=[BaseOperation{type=ADD, contType=POPUP_TIPS, info= 0xFFF9, subInfo= 0xF0'}], PREVIEW_ROOT=[BaseOperation{type=ADD, contType=PREVIEW_ROOT, info= 0xFFFFFF2, subInfo= 0xF0'}], }
11-17 19:25:45.333 V/CAM_Delegate@244026995(30869): clearOpts {}
11-17 19:25:45.333 V/CAM_Delegate@244026995(30869): loadModule + types [6, 10]
11-17 19:25:45.333 V/CAM_Delegate@244026995(30869): checkOperation type POPUP_TIPS, operations [BaseOperation{type=ADD, contType=POPUP_TIPS, info= 0xFFF9, subInfo= 0xF0'}], currentFragments {BOTTOM_BAR ,VState :0 , fragInfo: [0xF1], MODE_SELECTOR ,VState :0 , fragInfo: [0xF2], TOP_BAR ,VState :0 , fragInfo: [0xF4], DUAL_CAMERA ,VState :0 , fragInfo: [0xFF4], MAIN_CONTENT ,VState :0 , fragInfo: [0xF3], POPUP_TIPS ,VState :0 , fragInfo: [0xF0], BEAUTY_PANEL ,VState :0 , fragInfo: [0xF0], POST_VIEW ,VState :0 , fragInfo: [0xF0], GALLERY , fragInfo: [0xF0], PREVIEW_ROOT ,VState :0 , fragInfo: [0xF0], EXTRA_TOP_BAR , fragInfo: [0xF0], MENU_ROOT ,VState :0 , fragInfo: [0xF0], LOWER_LAYER ,VState :0 , fragInfo: [0xF0], MID_LAYER ,VState :0 , fragInfo: [0xF0], HIGHER_LAYER ,VState :0 , fragInfo: [0xF0]}
11-17 19:25:45.333 V/CAM_Delegate@244026995(30869): checkOperation type PREVIEW_ROOT, operations [BaseOperation{type=ADD, contType=PREVIEW_ROOT, info= 0xFFFFFF2, subInfo= 0xF0'}], currentFragments {BOTTOM_BAR ,VState :0 , fragInfo: [0xF1], MODE_SELECTOR ,VState :0 , fragInfo: [0xF2], TOP_BAR ,VState :0 , fragInfo: [0xF4], DUAL_CAMERA ,VState :0 , fragInfo: [0xFF4], MAIN_CONTENT ,VState :0 , fragInfo: [0xF3], POPUP_TIPS ,VState :0 , fragInfo: [0xF0], BEAUTY_PANEL ,VState :0 , fragInfo: [0xF0], POST_VIEW ,VState :0 , fragInfo: [0xF0], GALLERY , fragInfo: [0xF0], PREVIEW_ROOT ,VState :0 , fragInfo: [0xF0], EXTRA_TOP_BAR , fragInfo: [0xF0], MENU_ROOT ,VState :0 , fragInfo: [0xF0], LOWER_LAYER ,VState :0 , fragInfo: [0xF0], MID_LAYER ,VState :0 , fragInfo: [0xF0], HIGHER_LAYER ,VState :0 , fragInfo: [0xF0]}
11-17 19:25:45.333 V/CAM_Delegate@244026995(30869): loadModule - opts [BaseOperation{type=ADD, contType=POPUP_TIPS, info= 0xFFF9, subInfo= 0xF0'}, BaseOperation{type=ADD, contType=PREVIEW_ROOT, info= 0xFFFFFF2, subInfo= 0xF0'}]
11-17 19:25:45.333 I/CAM_BaseFragment(30869): fragment is not added, pendingShow return.
11-17 19:25:45.333 I/CAM_BaseFragment(30869): fragment is not added, pendingShow return.
11-17 19:25:45.333 V/CAM_Delegate@244026995(30869): currentFragments {BOTTOM_BAR ,VState :0 , fragInfo: [0xF1], MODE_SELECTOR ,VState :0 , fragInfo: [0xF2], TOP_BAR ,VState :0 , fragInfo: [0xF4], DUAL_CAMERA ,VState :0 , fragInfo: [0xFF4], MAIN_CONTENT ,VState :0 , fragInfo: [0xF3], POPUP_TIPS ,VState :0 , fragInfo: [0xF0, 0xFFF9], BEAUTY_PANEL ,VState :0 , fragInfo: [0xF0], POST_VIEW ,VState :0 , fragInfo: [0xF0], GALLERY , fragInfo: [0xF0], PREVIEW_ROOT ,VState :0 , fragInfo: [0xF0, 0xFFFFFF2], EXTRA_TOP_BAR , fragInfo: [0xF0], MENU_ROOT ,VState :0 , fragInfo: [0xF0], LOWER_LAYER ,VState :0 , fragInfo: [0xF0], MID_LAYER ,VState :0 , fragInfo: [0xF0], HIGHER_LAYER ,VState :0 , fragInfo: [0xF0]}
11-17 19:25:45.333 D/CAM_Delegate@244026995(30869): skip loadBasicFragment, fragment id F0
11-17 19:25:45.333 D/CAM_Delegate@244026995(30869): skip loadBasicFragment, fragment id F0
11-17 19:25:45.333 D/CAM_Delegate@244026995(30869): skip loadBasicFragment, fragment id F0
11-17 19:25:45.333 D/CAM_Delegate@244026995(30869): skip loadBasicFragment, fragment id F0
11-17 19:25:45.333 D/CAM_Delegate@244026995(30869): skip loadBasicFragment, fragment id F0
11-17 19:25:45.333 D/CAM_Delegate@244026995(30869): skip loadBasicFragment, fragment id F0
11-17 19:25:45.334 D/CAM_Delegate@244026995(30869): skip loadBasicFragment, fragment id F0
11-17 19:25:45.334 D/CAM_Delegate@244026995(30869): skip loadBasicFragment, fragment id F0
11-17 19:25:45.334 D/CAM_Delegate@244026995(30869): skip loadBasicFragment, fragment id F0
11-17 19:25:45.334 D/CAM_Delegate@244026995(30869): skip loadBasicFragment, fragment id F0
11-17 19:25:45.334 D/CAM_GoogleLens(30869): checkLensAvailability: false
11-17 19:25:45.334 D/CAM_ThermalDetector(30869): onCreate
11-17 19:25:45.334 D/CAM_BatteryDetector(30869): onCreate
11-17 19:25:45.334 D/CAM_CameraIntentManager(30869): camera_launch_source = null
11-17 19:25:45.334 I/CAM_PerformanceManager(30869): [P_PERFORM]: Action: A1:createActivity_162_0 takes 142 ms
11-17 19:25:45.334 D/CAM_BoostFrameworkImpl(30869): stopBoost
11-17 19:25:45.334 D/CAM_BoostFrameworkImpl(30869): ready to stop boost
11-17 19:25:45.334 I/CAM_Camera@146827184(30869): [K_PROCESS]: onCreate end 146827184
11-17 19:25:45.334 D/CAM_ActivityBase(30869): onCreate -
11-17 19:25:45.335 D/CAM_ActivityBase(30869): onStart +146827184
11-17 19:25:45.335 D/CAM_BoostFrameworkImpl(30869): startBoost: duration = 500, scene = 6
11-17 19:25:45.335 D/CAM_BoostFrameworkImpl(30869): ready to boost
11-17 19:25:45.335 D/CAM_CameraCapabilities(30869): QuickShotDelayTime tag not defined
11-17 19:25:45.335 D/CAM_CameraCapabilities(30869): HQQuickShot: mFeatureMask: 0   mDelayTimeMask: 0
11-17 19:25:45.335 D/CAM_CameraCapabilities(30869): QuickShotDelayTimeFactor tag not defined
11-17 19:25:45.335 D/CAM_CameraCapabilities(30869): QuickShot: mDelayTimeFactor: 100
11-17 19:25:45.335 D/CAM_CameraCapabilities(30869): MiviSuperNight: mSuperNightMask: 0
11-17 19:25:45.335 D/CAM_CameraCapabilities(30869): QuickShotNextCaptureMask: mQuickShotNextCaptureMask: 0
11-17 19:25:45.335 D/CAM_ComponentRunningDualVideo(30869): setRecordType: RecordType_MERGED
11-17 19:25:45.335 D/CAM_CameraCapabilities(30869): getBeautyVersionData: 3 ,beautyVersion: 3 ,beautyAlgo: 1
11-17 19:25:45.335 D/CAM_CameraCapabilities(30869): SnapshotQuickViewStreamMask: 0
11-17 19:25:45.335 D/CAM_ComponentRunningDualVideo(30869): setRecordType: RecordType_MERGED
11-17 19:25:45.335 D/CAM_Camera2CompatAdapter(30869): X: initCameraCapabilitiesByCameraId(): 9
11-17 19:25:45.335 D/CAM_Camera2CompatAdapter(30869): E: initCameraCapabilitiesByCameraId(): 10
11-17 19:25:45.335 D/CAM_ComponentConfigVideoQuality(30869): checkValueValid: invalid value: 8
11-17 19:25:45.335 E/CAM_ComponentConfigVideoQuality(30869): reset invalid value 8
11-17 19:25:45.335 D/CAM_ComponentConfigVideoQuality(30869): checkValueValid: invalid value: 8
11-17 19:25:45.335 E/CAM_ComponentConfigVideoQuality(30869): reset invalid value 8
11-17 19:25:45.335 D/CAM_Camera2DataContainer(30869): Currently user selected zoom ratio is 1.0
11-17 19:25:45.336 D/CAM_Camera2DataContainer(30869): getActualOpenCameraId: mode=a3, id=0->0
11-17 19:25:45.336 D/CAM_Camera2CompatAdapter(30869): E: initCameraCapabilitiesByCameraId(): 0
11-17 19:25:45.337 D/CAM_CameraSnapView(30869): setClickEnable: false
11-17 19:25:45.343 D/CAM_CameraCapabilities(30869): QuickShotDelayTime tag not defined
11-17 19:25:45.343 D/CAM_CameraCapabilities(30869): HQQuickShot: mFeatureMask: 0   mDelayTimeMask: 0
11-17 19:25:45.343 D/CAM_CameraCapabilities(30869): QuickShotDelayTimeFactor tag not defined
11-17 19:25:45.343 D/CAM_CameraCapabilities(30869): QuickShot: mDelayTimeFactor: 100
11-17 19:25:45.343 D/CAM_CameraCapabilities(30869): MiviSuperNight: mSuperNightMask: 0
11-17 19:25:45.343 D/CAM_CameraCapabilities(30869): QuickShotNextCaptureMask: mQuickShotNextCaptureMask: 0
11-17 19:25:45.343 D/CAM_CameraCapabilities(30869): getBeautyVersionData: 3 ,beautyVersion: 3 ,beautyAlgo: 1
11-17 19:25:45.343 D/CAM_CameraCapabilities(30869): SnapshotQuickViewStreamMask: 0
11-17 19:25:45.343 D/CAM_Camera2CompatAdapter(30869): X: initCameraCapabilitiesByCameraId(): 0
11-17 19:25:45.343 D/CAM_CameraCapabilities(30869): com.xiaomi.lens.info.availableApertureModes invalid ,used default value 
11-17 19:25:45.343 D/CAM_CameraCapabilities(30869): QuickShotDelayTime tag not defined
11-17 19:25:45.343 W/CAM_Camera2CompatAdapterRole(30869): Warning: getAuxCameraId(): #init() failed, roleId=20
11-17 19:25:45.343 D/CAM_CameraCapabilities(30869): HQQuickShot: mFeatureMask: 0   mDelayTimeMask: 0
11-17 19:25:45.343 D/CAM_CameraCapabilities(30869): QuickShotDelayTimeFactor tag not defined
11-17 19:25:45.343 D/CAM_CameraCapabilities(30869): portraitBokehZoomMap：   PORTRAIT_BOKEH_ZOOM_RATIO_MAP is null
11-17 19:25:45.343 D/CAM_CameraCapabilities(30869): QuickShot: mDelayTimeFactor: 100
11-17 19:25:45.343 D/CAM_CameraCapabilities(30869): portraitBokehApertureAbilityMap：   PORTRAIT_BOKEH_APERTURE_ABILITY_MAP is null
11-17 19:25:45.343 D/CAM_CameraCapabilities(30869): MiviSuperNight: mSuperNightMask: 0
11-17 19:25:45.343 D/CAM_CameraCapabilities(30869): QuickShotNextCaptureMask: mQuickShotNextCaptureMask: 0
11-17 19:25:45.343 D/CAM_CameraCapabilities(30869): getBeautyVersionData: 3 ,beautyVersion: 3 ,beautyAlgo: 1
11-17 19:25:45.343 D/CAM_CameraCapabilities(30869): SnapshotQuickViewStreamMask: 0
11-17 19:25:45.343 D/CAM_ComponentConfigFlash(30869): setBanned() called with: banned = [false]
11-17 19:25:45.343 D/CAM_Camera2CompatAdapter(30869): X: initCameraCapabilitiesByCameraId(): 10
11-17 19:25:45.343 D/CAM_Camera2CompatAdapterRole(30869): X: initCameraCapabilitiesAsync()
11-17 19:25:45.344 D/CAM_CameraCapabilities(30869): SupportSlowMotionCameraValue：   MULTI_LENS_SUPPORT_SLOW_MOTION is null
11-17 19:25:45.344 D/CAM_CameraCapabilities(30869): SupportSlowMotionCameraLens：   MULTI_LENS_SUPPORT_SLOW_MOTION is null
11-17 19:25:45.344 D/CAM_Camera2CompatAdapterRole(30869): mCapabilities.get(id)=null id=0
11-17 19:25:45.344 D/CAM_CameraCapabilities(30869): isExposureMeteringSupported: 0
11-17 19:25:45.344 D/CAM_Camera2CompatAdapterRole(30869): mCapabilities.get(id)=null id=1
11-17 19:25:45.344 D/CAM_Camera2CompatAdapterRole(30869): mCapabilities.get(id)=null id=3
11-17 19:25:45.344 D/CAM_Camera2CompatAdapterRole(30869): mCapabilities.get(id)=null id=2
11-17 19:25:45.344 D/CAM_Camera2CompatAdapterRole(30869): mCapabilities.get(id)=null id=4
11-17 19:25:45.344 D/CAM_Camera2CompatAdapterRole(30869): mCapabilities.get(id)=null id=5
11-17 19:25:45.344 D/CAM_Camera2CompatAdapterRole(30869): mCapabilities.get(id)=null id=6
11-17 19:25:45.344 D/CAM_Camera2CompatAdapterRole(30869): mCapabilities.get(id)=null id=9
11-17 19:25:45.344 D/CAM_Camera2CompatAdapterRole(30869): mCapabilities.get(id)=null id=7
11-17 19:25:45.344 D/CAM_Camera2CompatAdapterRole(30869): mCapabilities.get(id)=null id=8
11-17 19:25:45.345 D/BaseDepthController( 2937): mSurface is null and mCurrentBlur is: 0
11-17 19:25:45.345 D/CAM_Camera2CompatAdapterRole(30869): role: 102 ( 71.2°) <-> 10
11-17 19:25:45.345 D/CAM_Camera2CompatAdapter(30869): E: initCameraCapabilitiesByCameraId(): 0
11-17 19:25:45.350 D/CAM_CameraSnapView(30869): onScreenOrientationChanged
11-17 19:25:45.351 D/CAM_FragmentBottomAction(30869): provideAnimateElement: newMode = 163, mCurrentMode = 163, animateInElements = null
11-17 19:25:45.353 D/CAM_CameraCapabilities(30869): QuickShotDelayTime tag not defined
11-17 19:25:45.353 D/CAM_CameraCapabilities(30869): HQQuickShot: mFeatureMask: 0   mDelayTimeMask: 0
11-17 19:25:45.353 D/CAM_CameraCapabilities(30869): QuickShotDelayTimeFactor tag not defined
11-17 19:25:45.353 D/CAM_CameraCapabilities(30869): QuickShot: mDelayTimeFactor: 100
