12-01 07:08:15.299 29172 29321 I BugleNetwork: End of pullMessagesForPhone
12-01 07:08:15.457  1106  2038 E libprotobuf-native: [libprotobuf ERROR external/protobuf/src/google/protobuf/message_lite.cc:123] Can't parse message of type "sns_flicker_event" because it is missing required fields: (cannot determine missing fields for lite message)
12-01 07:08:15.457  1106 30664 E libprotobuf-native: [libprotobuf ERROR external/protobuf/src/google/protobuf/message_lite.cc:123] Can't parse message of type "sns_flicker_event" because it is missing required fields: (cannot determine missing fields for lite message)
12-01 07:08:15.472 29172 29515 W Binder  : Caught a RuntimeException from the binder stub implementation.
12-01 07:08:15.472 29172 29515 W Binder  : java.lang.UnsupportedOperationException
12-01 07:08:15.472 29172 29515 W Binder  : 	at com.google.android.gms.clearcut.internal.DefaultClearcutLoggerCallbacks.onLogError(PG:3)
12-01 07:08:15.472 29172 29515 W Binder  : 	at com.google.android.gms.clearcut.internal.IClearcutLoggerCallbacks$Stub.dispatchTransaction(PG:33)
12-01 07:08:15.472 29172 29515 W Binder  : 	at com.google.android.aidl.BaseStub.onTransact(PG:13)
12-01 07:08:15.472 29172 29515 W Binder  : 	at android.os.Binder.execTransactInternal(Binder.java:1426)
12-01 07:08:15.472 29172 29515 W Binder  : 	at android.os.Binder.execTransact(Binder.java:1365)
12-01 07:08:15.500 11150 11150 W Settings: Setting airplane_mode_on has moved from android.provider.Settings.System to android.provider.Settings.Global, returning read-only value.
12-01 07:08:15.708  1106  2038 E libprotobuf-native: [libprotobuf ERROR external/protobuf/src/google/protobuf/message_lite.cc:123] Can't parse message of type "sns_flicker_event" because it is missing required fields: (cannot determine missing fields for lite message)
12-01 07:08:15.708  1106 30664 E libprotobuf-native: [libprotobuf ERROR external/protobuf/src/google/protobuf/message_lite.cc:123] Can't parse message of type "sns_flicker_event" because it is missing required fields: (cannot determine missing fields for lite message)
12-01 07:08:15.796  3381 28647 I NearbySharing: Network state changed: NetworkState(isRestricted=false, isOnline=true, isCongested=false, isMetered=true, isWifiConnected=false)
12-01 07:08:15.906  1274  3015 W ServiceManagerCppClient: Waited one second for stats (is service started? Number of threads started in the threadpool: 6. Are binder threads started and available?)
12-01 07:08:15.907  1569  9551 W ServiceManagerCppClient: Waited one second for stats (is service started? Number of threads started in the threadpool: 17. Are binder threads started and available?)
12-01 07:08:15.936  1816  2620 W ServiceManagerCppClient: Waited one second for stats (is service started? Number of threads started in the threadpool: 32. Are binder threads started and available?)
12-01 07:08:15.996  1106 30664 E libprotobuf-native: [libprotobuf ERROR external/protobuf/src/google/protobuf/message_lite.cc:123] Can't parse message of type "sns_flicker_event" because it is missing required fields: (cannot determine missing fields for lite message)
12-01 07:08:15.996  1106  2038 E libprotobuf-native: [libprotobuf ERROR external/protobuf/src/google/protobuf/message_lite.cc:123] Can't parse message of type "sns_flicker_event" because it is missing required fields: (cannot determine missing fields for lite message)
12-01 07:08:16.080 29172 29515 W Binder  : Caught a RuntimeException from the binder stub implementation.
12-01 07:08:16.080 29172 29515 W Binder  : java.lang.UnsupportedOperationException
12-01 07:08:16.080 29172 29515 W Binder  : 	at com.google.android.gms.clearcut.internal.DefaultClearcutLoggerCallbacks.onLogError(PG:3)
12-01 07:08:16.080 29172 29515 W Binder  : 	at com.google.android.gms.clearcut.internal.IClearcutLoggerCallbacks$Stub.dispatchTransaction(PG:33)
12-01 07:08:16.080 29172 29515 W Binder  : 	at com.google.android.aidl.BaseStub.onTransact(PG:13)
12-01 07:08:16.080 29172 29515 W Binder  : 	at android.os.Binder.execTransactInternal(Binder.java:1426)
12-01 07:08:16.080 29172 29515 W Binder  : 	at android.os.Binder.execTransact(Binder.java:1365)
12-01 07:08:16.085 29172 29515 W Binder  : Caught a RuntimeException from the binder stub implementation.
12-01 07:08:16.085 29172 29515 W Binder  : java.lang.UnsupportedOperationException
12-01 07:08:16.085 29172 29515 W Binder  : 	at com.google.android.gms.clearcut.internal.DefaultClearcutLoggerCallbacks.onLogError(PG:3)
12-01 07:08:16.085 29172 29515 W Binder  : 	at com.google.android.gms.clearcut.internal.IClearcutLoggerCallbacks$Stub.dispatchTransaction(PG:33)
12-01 07:08:16.085 29172 29515 W Binder  : 	at com.google.android.aidl.BaseStub.onTransact(PG:13)
12-01 07:08:16.085 29172 29515 W Binder  : 	at android.os.Binder.execTransactInternal(Binder.java:1426)
12-01 07:08:16.085 29172 29515 W Binder  : 	at android.os.Binder.execTransact(Binder.java:1365)
12-01 07:08:16.246  1106  2038 E libprotobuf-native: [libprotobuf ERROR external/protobuf/src/google/protobuf/message_lite.cc:123] Can't parse message of type "sns_flicker_event" because it is missing required fields: (cannot determine missing fields for lite message)
12-01 07:08:16.246  1106 30664 E libprotobuf-native: [libprotobuf ERROR external/protobuf/src/google/protobuf/message_lite.cc:123] Can't parse message of type "sns_flicker_event" because it is missing required fields: (cannot determine missing fields for lite message)
12-01 07:08:16.496  1106  2038 E libprotobuf-native: [libprotobuf ERROR external/protobuf/src/google/protobuf/message_lite.cc:123] Can't parse message of type "sns_flicker_event" because it is missing required fields: (cannot determine missing fields for lite message)
12-01 07:08:16.496  1106 30664 E libprotobuf-native: [libprotobuf ERROR external/protobuf/src/google/protobuf/message_lite.cc:123] Can't parse message of type "sns_flicker_event" because it is missing required fields: (cannot determine missing fields for lite message)
12-01 07:08:16.746  1106  2038 E libprotobuf-native: [libprotobuf ERROR external/protobuf/src/google/protobuf/message_lite.cc:123] Can't parse message of type "sns_flicker_event" because it is missing required fields: (cannot determine missing fields for lite message)
12-01 07:08:16.746  1106 30664 E libprotobuf-native: [libprotobuf ERROR external/protobuf/src/google/protobuf/message_lite.cc:123] Can't parse message of type "sns_flicker_event" because it is missing required fields: (cannot determine missing fields for lite message)
12-01 07:08:16.908  1274  3015 W ServiceManagerCppClient: Waited one second for stats (is service started? Number of threads started in the threadpool: 6. Are binder threads started and available?)
12-01 07:08:16.909  1569  9551 W ServiceManagerCppClient: Waited one second for stats (is service started? Number of threads started in the threadpool: 17. Are binder threads started and available?)
12-01 07:08:16.934  2854  3614 I QcrilOemhookMsgTunnel: [0]processOemHookIndication length=21
12-01 07:08:16.937  1816  2620 W ServiceManagerCppClient: Waited one second for stats (is service started? Number of threads started in the threadpool: 32. Are binder threads started and available?)
12-01 07:08:16.969  2854  3614 I QcrilOemhookMsgTunnel: [0]processOemHookIndication length=21
12-01 07:08:16.974  3228  3284 W IWlanNetworkService: 2265 > Response Processed
12-01 07:08:16.997  1106  2038 E libprotobuf-native: [libprotobuf ERROR external/protobuf/src/google/protobuf/message_lite.cc:123] Can't parse message of type "sns_flicker_event" because it is missing required fields: (cannot determine missing fields for lite message)
12-01 07:08:16.997  1106 30664 E libprotobuf-native: [libprotobuf ERROR external/protobuf/src/google/protobuf/message_lite.cc:123] Can't parse message of type "sns_flicker_event" because it is missing required fields: (cannot determine missing fields for lite message)
12-01 07:08:17.000  3228  3284 W IWlanNetworkService: 2266 > Response Processed
12-01 07:08:17.006  2920  3201 D SatelliteController: iisInCarrierRoamingNbIotNtn: satellite is disabled
12-01 07:08:17.028  2854  3614 I QcrilOemhookMsgTunnel: [0]processOemHookIndication length=21
12-01 07:08:17.033  3228  3284 W IWlanNetworkService: 2267 > Response Processed
12-01 07:08:17.059  2920  3201 D SatelliteController: iisInCarrierRoamingNbIotNtn: satellite is disabled
12-01 07:08:17.067  2920  3201 D SatelliteController: isCarrierRoamingNtnEligible: satellite access is not allowed
12-01 07:08:17.067  2920  3201 D SatelliteController: evaluateCarrierRoamingNtnEligibilityChange: isCarrierRoamingNtnEligible=false
12-01 07:08:17.067  2920  3201 D SatelliteController: getSelectedSatelliteSubId: subId=-1
12-01 07:08:17.067  2920  3201 D SatelliteController: notifyNtnEligibility: phoneId=0 currentNtnEligibility=false
12-01 07:08:17.068  2920  3201 V SatelliteController: getWwanIsInService: return true
12-01 07:08:17.069  2920  3201 D SatelliteController: updateLastNotifiedNtnModeAndNotify: subId=1 initialized=true lastNotifiedNtnMode=false currNtnMode=false
12-01 07:08:17.069  2920  3201 D SatelliteController: iisInCarrierRoamingNbIotNtn: satellite is disabled
12-01 07:08:17.074  1816  3496 I LocationAccessPolicy: com.instagram.android is aware of fine but the app-ops permission is specifically denied.
12-01 07:08:17.075  2911  3613 D QCNEJ/WwanInfoRelay: onServiceStateChanged: dataState: 2 DDS:1 Notify service state update
12-01 07:08:17.075  1816  3496 I LocationAccessPolicy: com.instagram.android is aware of coarse but the app-ops permission is specifically denied.
12-01 07:08:17.077  1816  3496 I LocationAccessPolicy: com.facebook.katana is aware of fine but the app-ops permission is specifically denied.
12-01 07:08:17.077  1816  3496 I LocationAccessPolicy: com.facebook.katana is aware of coarse but the app-ops permission is specifically denied.
12-01 07:08:17.087 30549 30549 D CellBroadcastReceiver: onReceive Intent { act=android.intent.action.SERVICE_STATE flg=0x1000010 xflg=0x4 cmp=com.android.cellbroadcastreceiver.module/com.android.cellbroadcastreceiver.CellBroadcastReceiver (has extras) }
12-01 07:08:17.088 30549 30549 D CellBroadcastReceiver: onServiceStateChanged, ss: 0
12-01 07:08:17.088 30549 30549 D CellBroadcastReceiver: networkOperator: 21407
12-01 07:08:17.088 30549 30549 D CellBroadcastReceiver: update supported roaming operator as 
12-01 07:08:17.091  2685  2685 D EmergencyButton: isEmergencyCapable slotCount:2
12-01 07:08:17.091  2685  2685 D EmergencyButton: mServiceStates list slotid:0;;ss:{mVoiceRegState=0(IN_SERVICE), mDataRegState=0(IN_SERVICE), mChannelNumber=1301, duplexMode()=1, mCellBandwidths=[20000, 20000, 10000], mOperatorAlphaLong=null, mOperatorAlphaShort=null, isManualNetworkSelection=false(automatic), getRilVoiceRadioTechnology=14(LTE), getRilDataRadioTechnology=14(LTE), mCssIndicator=unsupported, mNetworkId=-1, mSystemId=-1, mCdmaRoamingIndicator=-1, mCdmaDefaultRoamingIndicator=-1, mIsEmergencyOnly=false, isUsingCarrierAggregation=true, mArfcnRsrpBoost=0, mNetworkRegistrationInfos=[NetworkRegistrationInfo{ domain=PS transportType=WLAN registrationState=NOT_REG_OR_SEARCHING networkRegistrationState=NOT_REG_OR_SEARCHING roamingType=NOT_ROAMING accessNetworkTechnology=IWLAN rejectCause=0 emergencyEnabled=false availableServices=[] cellIdentity=null voiceSpecificInfo=null dataSpecificInfo=null nrState=**** rRplmn= isUsingCarrierAggregation=false isNonTerrestrialNetwork=TERRESTRIAL}, NetworkRegistrationInfo{ domain=CS transportType=WWAN registrationState=HOME networkRegistrationState=ROAMING roamingType=NOT_ROAMING accessNetworkTechnology=LTE rejectCause=0 emergencyEnabled=false availableServices=[VOICE,SMS,VIDEO] cellIdentity=null voiceSpecificInfo=VoiceSpecificRegistrationInfo { mCssSupported=false mRoamingIndicator=0 mSystemIsInPrl=0 mDefaultRoamingIndicator=0} dataSpecificInfo=null nrState=**** rRplmn=21407 isUsingCarrierAggregation=true isNonTerrestrialNetwork=TERRESTRIAL}, NetworkRegistrationInfo{ domain=PS transportType=WWAN registrationState=HOME networkRegistrationState=ROAMING roamingType=NOT_ROAMING accessNetworkTechnology=LTE rejectCause=0 emergencyEnabled=false availableServices=[DATA,MMS] cellIdentity=null voiceSpecificInfo=null dataSpecificInfo=android.telephony.DataSpecificRegistrationInfo :{ maxDataCalls = 16 isDcNrRestricted = false isNrAvailable = true isEnDcAvailable = true mLteAttachResultType = 0 mLteAttachExtraInfo = 0 LteVopsSupportInfo :  mVopsSupport = 3 mEmcBearerSupport = 2 } nrState=**** rRplmn=21407 isUsingCarrierAggregation=true isNonTerrestrialNetwork=TERRESTRIAL}], mNrFrequencyRange=0, mOperatorAlphaLongRaw=Digi.Mobil, mOperatorAlphaShortRaw=Digi.Mobil, mIsDataRoamingFromRegistration=true, mIsIwlanPreferred=false, mIsUsingNonTerrestrialNetwork=false}
12-01 07:08:17.091  2920  2920 D SatelliteController: iisInCarrierRoamingNbIotNtn: satellite is disabled
12-01 07:08:17.095  3228  3284 W IWlanNetworkService: 2268 > Response Processed
12-01 07:08:17.097  2920  2920 I Telephony: TelecomAccountRegistry$TelecomAccountTelephonyCallback: TelecomAccountRegistry: onServiceStateChanged: newState=0, mServiceState=0
12-01 07:08:17.099  2920  2920 I Telephony: isRttCurrentlySupported -- regular acct, hasVoiceAvailability: false
12-01 07:08:17.099  2920  2920 I Telephony:  isRttSupported: false
12-01 07:08:17.099  2920  2920 I Telephony:  alwaysAllowWhileRoaming: false
12-01 07:08:17.099  2920  2920 I Telephony:  isRoaming: false
12-01 07:08:17.099  2920  2920 I Telephony:  isOnWfc: false
12-01 07:08:17.104  3228  3284 W IWlanNetworkService: 2269 > Response Processed
12-01 07:08:17.125 29172 29484 D WM-NetworkStateTracker: Network capabilities changed: [ Transports: CELLULAR Capabilities: SUPL&INTERNET&NOT_RESTRICTED&TRUSTED&NOT_VPN&VALIDATED&NOT_ROAMING&FOREGROUND&NOT_CONGESTED&NOT_SUSPENDED&NOT_VCN_MANAGED&NOT_BANDWIDTH_CONSTRAINED LinkUpBandwidth>=23275Kbps LinkDnBandwidth>=171596Kbps Specifier: <TelephonyNetworkSpecifier [mSubId = 1]> SubscriptionIds: {1} UnderlyingNetworks: Null]
12-01 07:08:17.145  2920  2920 D SatelliteController: Satellite for carrier is not supported.
12-01 07:08:17.145  2920  2920 D SatelliteController: Satellite for carrier is not supported.
12-01 07:08:17.145  2920  2920 D SatelliteController: registerForSatelliteModemStateChanged: add Listeners for ModemState
12-01 07:08:17.145  2920  2920 E SatelliteController: registerForSatelliteModemStateChanged: mSatelliteSessionController is not initialized yet
12-01 07:08:17.246  1106  2038 E libprotobuf-native: [libprotobuf ERROR external/protobuf/src/google/protobuf/message_lite.cc:123] Can't parse message of type "sns_flicker_event" because it is missing required fields: (cannot determine missing fields for lite message)
12-01 07:08:17.247  1106 30664 E libprotobuf-native: [libprotobuf ERROR external/protobuf/src/google/protobuf/message_lite.cc:123] Can't parse message of type "sns_flicker_event" because it is missing required fields: (cannot determine missing fields for lite message)
12-01 07:08:17.327 11150 11150 W Settings: Setting airplane_mode_on has moved from android.provider.Settings.System to android.provider.Settings.Global, returning read-only value.
12-01 07:08:17.415  1816  2587 D InetDiagMessage: Destroyed 1 sockets, proto=IPPROTO_TCP, family=AF_INET, states=14
12-01 07:08:17.417  1816  2587 D InetDiagMessage: Destroyed 0 sockets, proto=IPPROTO_TCP, family=AF_INET6, states=14
12-01 07:08:17.417  1816  2587 D InetDiagMessage: Destroyed live tcp sockets for uids={10613} in 5ms
12-01 07:08:17.419  1816  2587 D InetDiagMessage: Destroyed 0 sockets, proto=IPPROTO_TCP, family=AF_INET, states=14
12-01 07:08:17.420  1816  2587 D InetDiagMessage: Destroyed 0 sockets, proto=IPPROTO_TCP, family=AF_INET6, states=14
12-01 07:08:17.420  1816  2587 D InetDiagMessage: Destroyed live tcp sockets for uids={20613} in 3ms
12-01 07:08:17.496  1106 30664 E libprotobuf-native: [libprotobuf ERROR external/protobuf/src/google/protobuf/message_lite.cc:123] Can't parse message of type "sns_flicker_event" because it is missing required fields: (cannot determine missing fields for lite message)
12-01 07:08:17.496  1106  2038 E libprotobuf-native: [libprotobuf ERROR external/protobuf/src/google/protobuf/message_lite.cc:123] Can't parse message of type "sns_flicker_event" because it is missing required fields: (cannot determine missing fields for lite message)
12-01 07:08:17.623  3381 28647 I NearbySharing: Network state changed: NetworkState(isRestricted=false, isOnline=true, isCongested=false, isMetered=true, isWifiConnected=false)
12-01 07:08:17.796  1106  2038 E libprotobuf-native: [libprotobuf ERROR external/protobuf/src/google/protobuf/message_lite.cc:123] Can't parse message of type "sns_flicker_event" because it is missing required fields: (cannot determine missing fields for lite message)
12-01 07:08:17.796  1106 30664 E libprotobuf-native: [libprotobuf ERROR external/protobuf/src/google/protobuf/message_lite.cc:123] Can't parse message of type "sns_flicker_event" because it is missing required fields: (cannot determine missing fields for lite message)
12-01 07:08:17.909  1274  3015 W ServiceManagerCppClient: Waited one second for stats (is service started? Number of threads started in the threadpool: 6. Are binder threads started and available?)
12-01 07:08:17.910  1569  9551 W ServiceManagerCppClient: Waited one second for stats (is service started? Number of threads started in the threadpool: 17. Are binder threads started and available?)
12-01 07:08:17.938  1816  2620 W ServiceManagerCppClient: Waited one second for stats (is service started? Number of threads started in the threadpool: 32. Are binder threads started and available?)
12-01 07:08:18.012 30611 30611 D CAM_Camera@85833643: onUserInteraction
12-01 07:08:18.015 30611 30611 V CAM_DragLayout: dispatchTouchEvent 0, mDragMode = false, mPromptMode = false,mState 3
12-01 07:08:18.046  1106  2038 E libprotobuf-native: [libprotobuf ERROR external/protobuf/src/google/protobuf/message_lite.cc:123] Can't parse message of type "sns_flicker_event" because it is missing required fields: (cannot determine missing fields for lite message)
12-01 07:08:18.046  1106 30664 E libprotobuf-native: [libprotobuf ERROR external/protobuf/src/google/protobuf/message_lite.cc:123] Can't parse message of type "sns_flicker_event" because it is missing required fields: (cannot determine missing fields for lite message)
12-01 07:08:18.130 30611 30611 V CAM_DragLayout: dispatchTouchEvent 1, mDragMode = false, mPromptMode = false,mState 3
12-01 07:08:18.133 30611 30611 D CAM_FragmentModeSelector: getTargetModeView mModeSelectRoot
12-01 07:08:18.133 30611 30611 D CAM_ModeSelectViewCV: click to change mode, mCurMode = 163, newMode = 162
12-01 07:08:18.133 30611 30611 D CAM_BoostFrameworkImpl: startBoost: duration = 1000, scene = 6
12-01 07:08:18.133 30611 30611 D CAM_BoostFrameworkImpl: ready to boost
12-01 07:08:18.134 30611 30611 I CAM_Camera@85833643: [U_ACTION]: onModeSelected from 0xa3 to 0xa2, ScreenSlideOff = false, facing = 0
12-01 07:08:18.134 30611 30611 I CAM_PerformanceManager: [P_PERFORM]: Event: SWITCH_MODULE start
12-01 07:08:18.134 30611 30611 D CAM_Camera@85833643: closeCameraSetup: CameraPendingSetupDisposable: X
12-01 07:08:18.134 30611 30611 D CAM_Camera@85833643: closeCameraSetup: CameraSetupDisposable: X
12-01 07:08:18.134 30611 30611 I CAM_PermissionManager: getNeedCheckPermissionList() listSize =0
12-01 07:08:18.134 30611 30611 I CAM_PermissionManager: checkCameraPermissions(), all on
12-01 07:08:18.134 30611 30611 D CAM_FragmentBottomPopupTips: setClickEnable: false
12-01 07:08:18.134 30611 30611 D CAM_FragmentReferenceLine: setClickEnable: false
12-01 07:08:18.134 30611 30611 D CAM_BaseModule: setDeparted
12-01 07:08:18.135 30611 30611 D CAM_BaseModule: setActivity, activity: com.android.camera.Camera@51db7ab, d.c.a.q6.r7.ok(Unknown Source:23), d.c.a.q6.j8.ok(Unknown Source:0), d.c.a.q6.r7.g4(Unknown Source:4), 
12-01 07:08:18.135 30611 30611 I CAM_Camera@85833643: create new module instantiated: k8@137391048: mid = 162, cid = 0, created = false, departed = false
12-01 07:08:18.135 30611 30647 D CAM_RenderEngineV1: V1: setTextureColorSpace: SRGB
12-01 07:08:18.136 30611 30611 D CAM_DataItemRunning: setDummyEnablefalse
12-01 07:08:18.136 30611 30647 D CAM_STScreenNail: setTextureColorSpace: SRGB
12-01 07:08:18.136 30611 30647 D CAM_RenderEngineV1: V1: setDisplayColorSpace: SRGB
12-01 07:08:18.136 30611 30647 D CAM_CameraRenderEngine: setDisplayColorSpace: SRGB
12-01 07:08:18.136 30611 30647 D CAM_CameraRenderEngine: setDisplayColorSpace: nothing change.
12-01 07:08:18.136 30611 30611 I CAM_PermissionManager: getNeedCheckPermissionList() listSize =0
12-01 07:08:18.136 30611 30611 I CAM_PermissionManager: checkCameraLaunchPermissions(), all on
12-01 07:08:18.136 30611 30611 D CAM_Camera@85833643: CameraPendingSetupDisposable: E
12-01 07:08:18.136 30611 30611 D CAM_PreDataSetup: reInit ,  resetType = 8
12-01 07:08:18.137 30611 30611 D CAM_Camera2DataContainer: Currently user selected zoom ratio is 1.0
12-01 07:08:18.137 30611 30611 D CAM_Camera2DataContainer: Use main camera when no supportVideoSATForVideoQuality
12-01 07:08:18.137 30611 30611 D CAM_Camera2DataContainer: getActualOpenCameraId: mode=a2, id=0->0
12-01 07:08:18.139 30611 30611 D CAM_CameraCapabilities: com.xiaomi.lens.info.availableApertureModes invalid ,used default value 
12-01 07:08:18.139 30611 30611 W CAM_Camera2CompatAdapterRole: Warning: getAuxCameraId(): #init() failed, roleId=20
12-01 07:08:18.140 30611 30611 D CAM_CameraCapabilities: portraitBokehZoomMap   PORTRAIT_BOKEH_ZOOM_RATIO_MAP is null
12-01 07:08:18.140 30611 30611 D CAM_CameraCapabilities: portraitBokehApertureAbilityMap   PORTRAIT_BOKEH_APERTURE_ABILITY_MAP is null
12-01 07:08:18.140 30611 30611 D CAM_ComponentConfigFlash: setBanned() called with: banned = [false]
12-01 07:08:18.140 30611 30611 D CAM_CameraCapabilities: SupportSlowMotionCameraValue   MULTI_LENS_SUPPORT_SLOW_MOTION is null
12-01 07:08:18.140 30611 30611 D CAM_CameraCapabilities: SupportSlowMotionCameraLens   MULTI_LENS_SUPPORT_SLOW_MOTION is null
12-01 07:08:18.140 30611 30611 D CAM_CameraCapabilities: isExposureMeteringSupported: 0
12-01 07:08:18.141 30611 30611 D CAM_CameraCapabilities: isRemoveNevusDefined request : false
12-01 07:08:18.141 30611 30611 D CAM_CameraCapabilities: addStreamConfigurationToList: xiaomi.scaler.availableLimitStreamConfigurations: size = 251
12-01 07:08:18.148 30611 30611 W CAM_CameraCapabilities: isV2CustomSizes SPECIAL_VIDEOSIZE is not defined
12-01 07:08:18.148 30611 30611 W CAM_CameraCapabilities: support4K24Fps SPECIAL_VIDEOSIZE is not defined
12-01 07:08:18.149 30611 30611 D CompatibilityUtils: isAndroidS sdk 36 preview sdk 0
12-01 07:08:18.149 30611 30611 W CAM_CameraCapabilities: isV2CustomSizes SPECIAL_VIDEOSIZE is not defined
12-01 07:08:18.149 30611 30611 W CAM_CameraCapabilities: isV2CustomSizes SPECIAL_VIDEOSIZE is not defined
12-01 07:08:18.149 30611 30611 W CAM_CameraCapabilities: get8KMaxFpsSupported SPECIAL_VIDEOSIZE is not defined
12-01 07:08:18.149 30611 30611 W CAM_CameraCapabilities: isV2CustomSizes SPECIAL_VIDEOSIZE is not defined
12-01 07:08:18.149 30611 30611 W CAM_CameraCapabilities: support4K24Fps SPECIAL_VIDEOSIZE is not defined
12-01 07:08:18.150 30611 30611 D CompatibilityUtils: isAndroidS sdk 36 preview sdk 0
12-01 07:08:18.150 30611 30611 W CAM_CameraCapabilities: isV2CustomSizes SPECIAL_VIDEOSIZE is not defined
12-01 07:08:18.150 30611 30611 W CAM_CameraCapabilities: isV2CustomSizes SPECIAL_VIDEOSIZE is not defined
12-01 07:08:18.150 30611 30611 W CAM_CameraCapabilities: get8KMaxFpsSupported SPECIAL_VIDEOSIZE is not defined
12-01 07:08:18.150 30611 30611 D CAM_CameraCapabilities: isRemoveNevusDefined request : false
12-01 07:08:18.150 30611 30611 D CAM_ComponentConfigVideoQuality: reInit, mode: 0xa2, id: 0, default: 1566, items: [ComponentDataItem{mDisplayName='HD 720p, 30 fps'mValue='5'}, ComponentDataItem{mDisplayName='FHD 1080p, 30 fps'mValue='6'}, ComponentDataItem{mDisplayName='FHD 1080p, 60 fps'mValue='6,60'}, ComponentDataItem{mDisplayName='UHD 4K, 30 fps'mValue='8'}, ComponentDataItem{mDisplayName='UHD 4K, 60 fps'mValue='8,60'}, ComponentDataItem{mDisplayName='UHD 8K, 24fps'mValue='3001,24'}, ComponentDataItem{mDisplayName='UHD 8K, 30fps'mValue='3001'}]
12-01 07:08:18.151 30611 30611 D CAM_CameraCapabilities: com.xiaomi.lens.info.AVAILABLE_EXPOSURE_MODES invalid ,used default value 
12-01 07:08:18.151 30611 30611 D CAM_CameraCapabilities: com.xiaomi.lens.info.availableApertureModes invalid ,used default value 
12-01 07:08:18.151 30611 30611 W CAM_Camera2CompatAdapterRole: Warning: getAuxCameraId(): #init() failed, roleId=20
12-01 07:08:18.151 30611 30611 D CAM_ComponentConfigHDR10: reInit E
12-01 07:08:18.152 30611 30611 D CAM_ComponentConfigHDR10: isTagMutex hdr10, current id not support, id 0
12-01 07:08:18.152 30611 30611 D CAM_ComponentConfigHDR10: isTagMutex hdr10+, current id not support, id 0
12-01 07:08:18.152 30611 30611 D CAM_CameraCapabilities: isRemoveNevusDefined request : false
12-01 07:08:18.152 30611 30611 W CAM_CameraCapabilities: isCurrentDeviceSupportHdr10 AVAILABLE_CONFIGURATIONS is not defined
12-01 07:08:18.152 30611 30611 W CAM_CameraCapabilities: isCurrentDeviceSupportHdr10 AVAILABLE_CONFIGURATIONS is not defined
12-01 07:08:18.152 30611 30611 D CAM_ComponentConfigHDR10: reInit X, isVideoHdrModeSupported mSupportedArray {} mIsTagMutexEnableArray {}
12-01 07:08:18.152 30611 30611 D CAM_ComponentConfigHDR10PRO: reInit E
12-01 07:08:18.152 30611 30611 W CAM_CameraCapabilities: isCurrentDeviceSupportHdr10 AVAILABLE_CONFIGURATIONS is not defined
12-01 07:08:18.152 30611 30611 D CAM_ComponentConfigHDR10PRO: reInit X, isVideoHdr10ProModeSupported mSupported false mIsTagMutexEnable false mIsFeatureMutexEnable false mIsQualityMutexEnable false
12-01 07:08:18.152 30611 30611 D CAM_ComponentConfigTrueColour: reInit E
12-01 07:08:18.152 30611 30611 W CAM_CameraCapabilities: isCurrentDeviceSupportHdr10 AVAILABLE_CONFIGURATIONS is not defined
12-01 07:08:18.152 30611 30611 D CAM_ComponentConfigTrueColour: reInit X, isVideoTrueColorModeSupported mSupported false mIsTagMutexEnable false mIsFeatureMutexEnable false mIsQualityMutexEnable false
12-01 07:08:18.153 30611 30611 D CAM_CameraSettings: isVhdrOn: hdr component not init or empty
12-01 07:08:18.153 30611 30611 I CAM_PaintConditionReferred: configVariables mode:162, uiStyle:1
12-01 07:08:18.153 30611 30611 D CAM_DataItemRunning: setPaintCondition: 1
12-01 07:08:18.153 30611 30645 D CAM_PreFixCamera2Setup: mModuleChanged true LastMode is 163
12-01 07:08:18.153 30611 30645 D CAM_RenderEngineV1: setAnimationType: ANIMATION_MODULE_SWITCH
12-01 07:08:18.153 30611 30645 D CAM_BaseModule: unRegisterModulePersist
12-01 07:08:18.153 30611 30645 D CAM_EffectController: setRenderEngine: null this:com.android.camera2.compat.theme.custom.cv.filter.EffectControllerCv@4ee3af4
12-01 07:08:18.153 30611 30611 D CAM_CameraSnapView: onScreenOrientationChanged
12-01 07:08:18.153 30611 30611 D CAM_FragmentBottomAction: provideAnimateElement: newMode = 162, mCurrentMode = 162, animateInElements = []
12-01 07:08:18.153 30611 30645 D CAM_BaseModule: onRenderEngineDestroy
12-01 07:08:18.153 30611 30645 D CAM_BaseModule: release: E
12-01 07:08:18.153 30611 30645 D CAM_BaseModule: unRegisterProtocol
12-01 07:08:18.153 30611 30611 D CAM_BottomItems: updateBottomLocation: mBottomLayoutType = -1, type = 1, isLandscape = false
12-01 07:08:18.153 30611 30645 D CAM_BaseModule: onPause
12-01 07:08:18.153 30611 30645 D CAM_Camera2Module: closeCamera: E
12-01 07:08:18.153 30611 30645 D CAM_BaseModuleCameraManager: setCameraState: 0
12-01 07:08:18.154 30611 30611 D CAM_BottomCV: adjustThumbBg android.widget.ImageView{1ef608f VFED..... ......ID 0,0-100,100 #7f0b06f2 app:id/v9_thumbnail_image}
12-01 07:08:18.154 30611 30611 D CAM_FragmentModeSelector: to common mode
12-01 07:08:18.154 30611 30645 V CAM_MiCamera2: stopPreviewCallback(): isRelease = true
12-01 07:08:18.154 30611 30611 D CAM_FragmentModeSelector: bottom_external_mode set isVisibility false
12-01 07:08:18.154 30611 30645 V CAM_CameraConfigManager: setASDEnable: false
12-01 07:08:18.154 30611 30645 D CAM_BaseModuleCameraManager: updateASD call setASDEnable with false
12-01 07:08:18.155 30611 30611 D CAM_FragmentModeSelector: mode_select_scrollview set isVisibility true
12-01 07:08:18.155 30611 30645 D CAM_Camera2Module: closeCamera: X
12-01 07:08:18.155 30611 30611 D CAM_FragmentModeSelector: switchMoreMode open: true, style: 0, mCurrentMode: 162
12-01 07:08:18.155 30611 30645 E CAM_Camera2Module: (onPause)mIsNeedNightHDR: false
12-01 07:08:18.155 30611 30611 D CAM_DragLayout: disableAllMode
12-01 07:08:18.155 30611 30645 D CAM_SocketController: onPause: 
12-01 07:08:18.155 30611 30611 D CAM_DragLayout: setDragEnable mDragMode : false, enable false, force : false
12-01 07:08:18.155 30611 30645 D CAM_SocketManager: removeEventListener: 51154359
12-01 07:08:18.155 30611 30611 D CAM_FocusView: reset: type = 7, is draw = false, mIsTouchFocus = false
12-01 07:08:18.155 30611 30611 D CAM_TrackFocusView: clear
12-01 07:08:18.155 30611 30611 D CAM_TrackFocusView: clear
12-01 07:08:18.155 30611 30611 D CAM_TrackFocusView: setSkipDraw false
12-01 07:08:18.155 30611 30611 V CAM_IDisplayRect: getDisplayRect:Rect(0, 210 - 1080, 2130)
12-01 07:08:18.155 30611 30611 D CAM_FragmentTopBar: updateTopBarStyle: TOP_BAR_STYLE_MAIN
12-01 07:08:18.155 30611 30611 D CAM_FragmentTopBar: provideAnimateElement mode = 162 resetType = 8
12-01 07:08:18.155 30611 30611 D CAM_FragmentTopAlert: provideAnimateElement 8
12-01 07:08:18.156 30611 30645 I CAM_BaseModule: onDestroy: E. u@179614736: mid = 163, cid = 0, created = true, departed = true
12-01 07:08:18.156 30611 30645 D CAM_ByteArrayPool: clearMemory, size=0
12-01 07:08:18.156 30611 30645 I CAM_BaseModule: onDestroy: X
12-01 07:08:18.156 30611 30645 D CAM_SocketController: onDestroy: 
12-01 07:08:18.156 30611 30645 D ConnectivityManager: NetworkCallback was already unregistered
12-01 07:08:18.156 30611 30645 D CAM_BaseModule: release: X
12-01 07:08:18.156 30611 30645 D CAM_PreFixCamera2Setup: subscribe: mIntent = null
12-01 07:08:18.156 30611 30645 D CAM_CameraSettings: isVhdrOn: hdr component not init or empty
12-01 07:08:18.156 30611 30645 D CAM_Camera2DataContainer: Currently user selected zoom ratio is 1.0
12-01 07:08:18.156 30611 30645 D CAM_Camera2DataContainer: Use main camera when no supportVideoSATForVideoQuality
12-01 07:08:18.156 30611 30645 D CAM_Camera2DataContainer: getActualOpenCameraId: mode=a2, id=0->0
12-01 07:08:18.156 30611 30645 D CAM_CameraCapabilities: isSupportReplaceSession: false
12-01 07:08:18.156 30611 30645 D CAM_Camera2OpenManager: openCamera: reusable = false
12-01 07:08:18.156 30611 30645 I CAM_Camera2OpenManager: [K_PROCESS]: cid: 0 -> 0, mid: 163 -> 162, fcc: true
12-01 07:08:18.156 30611 30645 D CAM_Camera2OpenManager: abandonCameraResultObservable: E
12-01 07:08:18.156 30611 30645 D CAM_Camera2OpenManager: abandonCameraResultObservable: X
12-01 07:08:18.156 30611 30645 D CAM_Camera2OpenManager: removeCameraCallables
12-01 07:08:18.156 30611 30645 D CAM_Camera2OpenManager: subscribeCameraResultObservable: E
12-01 07:08:18.157 30611 30650 D CAM_CloseCameraCallable: E: cid: null
12-01 07:08:18.157 30611 30650 I CAM_CloseCameraCallable: [K_PROCESS]: E: closeCamera: cid = null, excludes = []
12-01 07:08:18.157 30611 30650 D CAM_CloseCameraCallable: closeCamera: cid = 0
12-01 07:08:18.157 30611 30650 V CAM_MiCamera2: E: releasePreview: reason = 0
12-01 07:08:18.157 30611 30645 D CAM_Camera2OpenManager: subscribeCameraResultObservable: X
12-01 07:08:18.157 30611 30645 D CAM_CameraOpenObservable: subscribeActual: openCamera: cid = 0, listener = 224635242
12-01 07:08:18.157 30611 30645 D CAM_SendBroadcastNotifyExternal: notify external(mode:162,facing:0)
12-01 07:08:18.158 30611 30645 I CAM_PerformanceManager: [P_PERFORM]: Action: switch_prefix_camera_setup_162_0 takes 5 ms
12-01 07:08:18.158 30611 30650 D CAM_BoostFrameworkImpl: startBoost: duration = 2000, scene = 6
12-01 07:08:18.158 30611 30650 D CAM_BoostFrameworkImpl: ready to boost
12-01 07:08:18.158 30611 30650 I CAM_MiCamera2: [K_PROCESS]: abortCaptures E
12-01 07:08:18.160  1106  2019 I CamX    : [ DUMP][HAL    ] camxhaldevice.cpp:1612 LogRequest() Frame Number ## REQUEST_ERROR ## RESULT_ERROR ## BUFFER_ERROR ## Shutter ##  Metadata[Rcvd/Tot] ## Output[Rcvd/Tot(inErr)] ## Input ## S0[Rcvd/StatusOK/BufErrNotify](0xb4000072d98c7928)[0] ## S1[Rcvd/StatusOK/BufErrNotify](0xb4000072d98a67c8)[0] ## 
12-01 07:08:18.161 30611 30611 D StartTopBarAdapter: setData mode:162,resetStrikethrough: true
12-01 07:08:18.161 30611 30650 I CAM_MiCamera2: [K_PROCESS]: abortCaptures X
12-01 07:08:18.161 30611 30650 V CAM_MiCamera2: X: releasePreview
12-01 07:08:18.161 30611 30650 V CAM_MiCamera2: E: resetConfigs
12-01 07:08:18.161 30611 30650 V CAM_MiCamera2: X: resetConfigs
12-01 07:08:18.161 30611 30650 I CAM_MiCamera2: [K_PROCESS]: E: close: cameraId = 0, reason = 0
12-01 07:08:18.161 30611 30650 D CAM_BoostFrameworkImpl: startBoost: duration = 2000, scene = 6
12-01 07:08:18.161 30611 30650 D CAM_BoostFrameworkImpl: ready to boost
12-01 07:08:18.161 30611 30650 I CAM_PerformanceManager: [P_PERFORM]: Event: CAMERA_CLOSE start
12-01 07:08:18.161  1556  1556 D Camera2ClientBase: Camera 0: start to disconnect
12-01 07:08:18.162  1556  1556 D Camera2ClientBase: Camera 0: serializationLock acquired
12-01 07:08:18.162  1556  1556 D Camera2ClientBase: Camera 0: Shutting down
12-01 07:08:18.163 30611 30611 D EndTopBarAdapter: setData mode:162,resetStrikethrough: true
12-01 07:08:18.163 30611 30611 D CAM_FragmentDualCameraAdjust: initZoomRatioForBackCamera(): zoom: 1.0
12-01 07:08:18.163 30611 30611 D CAM_CameraSettings: isVhdrOn: hdr component not init or empty
12-01 07:08:18.163 30611 30611 D CAM_FragmentDualCameraAdjustMM: provideAnimateElement(): initialized zoom ratio: 1.0
12-01 07:08:18.163 30611 30611 D CAM_ZoomRatioToggleView: count = 3
12-01 07:08:18.163 30611 30611 D CAM_ZoomRatioToggleView: setSuppressed(): false
12-01 07:08:18.163 30611 30611 D CAM_ZoomRatioToggleView: setSuppressed() ignored: false
12-01 07:08:18.164 30611 30611 I CAM_ZoomRatioToggleView: [U_ACTION]: setZoomRatio(): a = ZOOMING_BY_UNKNOWN_SOURCE,i = 1,z = 1.0,ti =1,tz =1.0
12-01 07:08:18.164 30611 30611 D CAM_FragmentDualCameraAdjust: initZoomRatioForBackCamera(): zoom: 1.0
12-01 07:08:18.164 30611 30611 D CAM_CameraSettings: isVhdrOn: hdr component not init or empty
12-01 07:08:18.165 30611 30611 D CAM_FragmentDualCameraAdjustMM: provideAnimateElement(): initialized zoom ratio: 1.0
12-01 07:08:18.165 30611 30611 D CAM_ZoomRatioToggleView: count = 3
12-01 07:08:18.165 30611 30611 D CAM_ZoomRatioToggleView: setSuppressed(): false
12-01 07:08:18.165 30611 30611 D CAM_ZoomRatioToggleView: setSuppressed() ignored: false
12-01 07:08:18.165 30611 30611 I CAM_ZoomRatioToggleView: [U_ACTION]: setZoomRatio(): a = ZOOMING_BY_UNKNOWN_SOURCE,i = 1,z = 1.0,ti =1,tz =1.0
12-01 07:08:18.165 30611 30611 D CAM_FragmentBottomPopupTips: onBackEvent: 4
12-01 07:08:18.165 30611 30611 D CAM_FragmentBottomPopupTips: hideAllTipImage
12-01 07:08:18.165 30611 30611 D CAM_FragmentBottomPopupTips: cancelUpdateTipImage 
12-01 07:08:18.166 30611 30611 D CAM_FragmentBottomPopupTips: updateLeftDynamicImage show : false fallBackRoll0
12-01 07:08:18.166 30611 30611 D CAM_FragmentBottomPopupTips: updateTipImage mCustomRoot is null : false
12-01 07:08:18.166 30611 30611 D CAM_CameraCapabilities: isRemoveNevusDefined request : false
12-01 07:08:18.166 30611 30611 D CAM_CameraCapabilities: isRemoveNevusDefined request : false
12-01 07:08:18.166 30611 30611 D CAM_CameraCapabilities: isRemoveNevusDefined request : false
12-01 07:08:18.166 30611 30611 D CAM_CameraCapabilities: isRemoveNevusDefined request : false
12-01 07:08:18.166 30611 30611 D CAM_FragmentBottomPopupTips: cancelUpdateTipImage 
12-01 07:08:18.167  1106  2019 I CamX    : [ DUMP][HAL    ] camxhaldevice.cpp:1612 LogRequest() Frame Number ## REQUEST_ERROR ## RESULT_ERROR ## BUFFER_ERROR ## Shutter ##  Metadata[Rcvd/Tot] ## Output[Rcvd/Tot(inErr)] ## Input ## S0[Rcvd/StatusOK/BufErrNotify](0xb4000072d98c7928)[0] ## S1[Rcvd/StatusOK/BufErrNotify](0xb4000072d98a67c8)[0] ## 
12-01 07:08:18.167 30611 30611 D CAM_FragmentBottomPopupTips: toggleSoftLightTip: visible=false
12-01 07:08:18.168 30611 30611 I CAM_PerformanceManager: [P_PERFORM]: Action: switch_provide_animate_162_0 takes 15 ms
12-01 07:08:18.168 30611 30611 V CAM_Delegate@216417189: loadModule + opts {MAIN_CONTENT=[BaseOperation{type=ADD, contType=MAIN_CONTENT, info= 0xEC, subInfo= 0xF0'}], MID_LAYER=[BaseOperation{type=ADD, contType=MID_LAYER, info= 0xFF1, subInfo= 0xF0'}], POPUP_TIPS=[BaseOperation{type=ADD, contType=POPUP_TIPS, info= 0xFFF9, subInfo= 0xF0'}], HIGHER_LAYER=[BaseOperation{type=ADD, contType=HIGHER_LAYER, info= 0xFFFE, subInfo= 0xF0'}], PREVIEW_ROOT=[BaseOperation{type=ADD, contType=PREVIEW_ROOT, info= 0xFFFFFF2, subInfo= 0xF0'}], }
12-01 07:08:18.168 30611 30611 V CAM_Delegate@216417189: diffOpts : last {}, new {MAIN_CONTENT=[BaseOperation{type=ADD, contType=MAIN_CONTENT, info= 0xEC, subInfo= 0xF0'}], MID_LAYER=[BaseOperation{type=ADD, contType=MID_LAYER, info= 0xFF1, subInfo= 0xF0'}], HIGHER_LAYER=[BaseOperation{type=ADD, contType=HIGHER_LAYER, info= 0xFFFE, subInfo= 0xF0'}], }
12-01 07:08:18.168 30611 30611 V CAM_Delegate@216417189: resetOpts : {}
12-01 07:08:18.168 30611 30611 V CAM_Delegate@216417189: clearOpts {}
12-01 07:08:18.168 30611 30611 V CAM_Delegate@216417189: loadModule + types [5, 21, 6, 22, 10]
12-01 07:08:18.168 30611 30611 V CAM_Delegate@216417189: checkOperation type MAIN_CONTENT, operations [BaseOperation{type=ADD, contType=MAIN_CONTENT, info= 0xEC, subInfo= 0xF0'}], currentFragments {BOTTOM_BAR ,VState :0 , fragInfo: [0xF1], MODE_SELECTOR ,VState :0 , fragInfo: [0xF2], TOP_BAR ,VState :0 , fragInfo: [0xF4], DUAL_CAMERA ,VState :0 , fragInfo: [0xFF4], MAIN_CONTENT ,VState :0 , fragInfo: [0xF3], POPUP_TIPS ,VState :0 , fragInfo: [0xF0, 0xFFF9], BEAUTY_PANEL ,VState :0 , fragInfo: [0xF0], POST_VIEW ,VState :0 , fragInfo: [0xF0], GALLERY , fragInfo: [0xF0], PREVIEW_ROOT ,VState :0 , fragInfo: [0xF0, 0xFFFFFF2], EXTRA_TOP_BAR , fragInfo: [0xF0], MENU_ROOT ,VState :0 , fragInfo: [0xF0], LOWER_LAYER ,VState :0 , fragInfo: [0xF0], MID_LAYER ,VState :0 , fragInfo: [0xF0], HIGHER_LAYER ,VState :0 , fragInfo: [0xF0]}
12-01 07:08:18.169 30611 30611 V CAM_Delegate@216417189: checkOperation type MID_LAYER, operations [BaseOperation{type=ADD, contType=MID_LAYER, info= 0xFF1, subInfo= 0xF0'}], currentFragments {BOTTOM_BAR ,VState :0 , fragInfo: [0xF1], MODE_SELECTOR ,VState :0 , fragInfo: [0xF2], TOP_BAR ,VState :0 , fragInfo: [0xF4], DUAL_CAMERA ,VState :0 , fragInfo: [0xFF4], MAIN_CONTENT ,VState :0 , fragInfo: [0xF3], POPUP_TIPS ,VState :0 , fragInfo: [0xF0, 0xFFF9], BEAUTY_PANEL ,VState :0 , fragInfo: [0xF0], POST_VIEW ,VState :0 , fragInfo: [0xF0], GALLERY , fragInfo: [0xF0], PREVIEW_ROOT ,VState :0 , fragInfo: [0xF0, 0xFFFFFF2], EXTRA_TOP_BAR , fragInfo: [0xF0], MENU_ROOT ,VState :0 , fragInfo: [0xF0], LOWER_LAYER ,VState :0 , fragInfo: [0xF0], MID_LAYER ,VState :0 , fragInfo: [0xF0], HIGHER_LAYER ,VState :0 , fragInfo: [0xF0]}
12-01 07:08:18.169 30611 30611 V CAM_Delegate@216417189: checkOperation type POPUP_TIPS, operations [BaseOperation{type=ADD, contType=POPUP_TIPS, info= 0xFFF9, subInfo= 0xF0'}], currentFragments {BOTTOM_BAR ,VState :0 , fragInfo: [0xF1], MODE_SELECTOR ,VState :0 , fragInfo: [0xF2], TOP_BAR ,VState :0 , fragInfo: [0xF4], DUAL_CAMERA ,VState :0 , fragInfo: [0xFF4], MAIN_CONTENT ,VState :0 , fragInfo: [0xF3], POPUP_TIPS ,VState :0 , fragInfo: [0xF0, 0xFFF9], BEAUTY_PANEL ,VState :0 , fragInfo: [0xF0], POST_VIEW ,VState :0 , fragInfo: [0xF0], GALLERY , fragInfo: [0xF0], PREVIEW_ROOT ,VState :0 , fragInfo: [0xF0, 0xFFFFFF2], EXTRA_TOP_BAR , fragInfo: [0xF0], MENU_ROOT ,VState :0 , fragInfo: [0xF0], LOWER_LAYER ,VState :0 , fragInfo: [0xF0], MID_LAYER ,VState :0 , fragInfo: [0xF0], HIGHER_LAYER ,VState :0 , fragInfo: [0xF0]}
12-01 07:08:18.169 30611 30611 V CAM_Delegate@216417189: checkOperation type HIGHER_LAYER, operations [BaseOperation{type=ADD, contType=HIGHER_LAYER, info= 0xFFFE, subInfo= 0xF0'}], currentFragments {BOTTOM_BAR ,VState :0 , fragInfo: [0xF1], MODE_SELECTOR ,VState :0 , fragInfo: [0xF2], TOP_BAR ,VState :0 , fragInfo: [0xF4], DUAL_CAMERA ,VState :0 , fragInfo: [0xFF4], MAIN_CONTENT ,VState :0 , fragInfo: [0xF3], POPUP_TIPS ,VState :0 , fragInfo: [0xF0, 0xFFF9], BEAUTY_PANEL ,VState :0 , fragInfo: [0xF0], POST_VIEW ,VState :0 , fragInfo: [0xF0], GALLERY , fragInfo: [0xF0], PREVIEW_ROOT ,VState :0 , fragInfo: [0xF0, 0xFFFFFF2], EXTRA_TOP_BAR , fragInfo: [0xF0], MENU_ROOT ,VState :0 , fragInfo: [0xF0], LOWER_LAYER ,VState :0 , fragInfo: [0xF0], MID_LAYER ,VState :0 , fragInfo: [0xF0], HIGHER_LAYER ,VState :0 , fragInfo: [0xF0]}
12-01 07:08:18.169 30611 30611 V CAM_Delegate@216417189: checkOperation type PREVIEW_ROOT, operations [BaseOperation{type=ADD, contType=PREVIEW_ROOT, info= 0xFFFFFF2, subInfo= 0xF0'}], currentFragments {BOTTOM_BAR ,VState :0 , fragInfo: [0xF1], MODE_SELECTOR ,VState :0 , fragInfo: [0xF2], TOP_BAR ,VState :0 , fragInfo: [0xF4], DUAL_CAMERA ,VState :0 , fragInfo: [0xFF4], MAIN_CONTENT ,VState :0 , fragInfo: [0xF3], POPUP_TIPS ,VState :0 , fragInfo: [0xF0, 0xFFF9], BEAUTY_PANEL ,VState :0 , fragInfo: [0xF0], POST_VIEW ,VState :0 , fragInfo: [0xF0], GALLERY , fragInfo: [0xF0], PREVIEW_ROOT ,VState :0 , fragInfo: [0xF0, 0xFFFFFF2], EXTRA_TOP_BAR , fragInfo: [0xF0], MENU_ROOT ,VState :0 , fragInfo: [0xF0], LOWER_LAYER ,VState :0 , fragInfo: [0xF0], MID_LAYER ,VState :0 , fragInfo: [0xF0], HIGHER_LAYER ,VState :0 , fragInfo: [0xF0]}
12-01 07:08:18.169 30611 30611 V CAM_Delegate@216417189: loadModule - opts [BaseOperation{type=ADD, contType=MAIN_CONTENT, info= 0xEC, subInfo= 0xF0'}, BaseOperation{type=ADD, contType=MID_LAYER, info= 0xFF1, subInfo= 0xF0'}, BaseOperation{type=ADD, contType=HIGHER_LAYER, info= 0xFFFE, subInfo= 0xF0'}]
12-01 07:08:18.169 30611 30611 D CAM_FragmentVideoPrompter: register: 
12-01 07:08:18.169 30611 30611 I CAM_BaseFragment: fragment is not added, pendingShow return.
12-01 07:08:18.169 30611 30611 I CAM_BaseFragment: fragment is not added, pendingShow return.
12-01 07:08:18.169 30611 30611 I CAM_BaseFragment: fragment is not added, pendingShow return.
12-01 07:08:18.169 30611 30611 V CAM_Delegate@216417189: currentFragments {BOTTOM_BAR ,VState :0 , fragInfo: [0xF1], MODE_SELECTOR ,VState :0 , fragInfo: [0xF2], TOP_BAR ,VState :0 , fragInfo: [0xF4], DUAL_CAMERA ,VState :0 , fragInfo: [0xFF4], MAIN_CONTENT ,VState :0 , fragInfo: [0xF3, 0xEC], POPUP_TIPS ,VState :0 , fragInfo: [0xF0, 0xFFF9], BEAUTY_PANEL ,VState :0 , fragInfo: [0xF0], POST_VIEW ,VState :0 , fragInfo: [0xF0], GALLERY , fragInfo: [0xF0], PREVIEW_ROOT ,VState :0 , fragInfo: [0xF0, 0xFFFFFF2], EXTRA_TOP_BAR , fragInfo: [0xF0], MENU_ROOT ,VState :0 , fragInfo: [0xF0], LOWER_LAYER ,VState :0 , fragInfo: [0xF0], MID_LAYER ,VState :0 , fragInfo: [0xF0, 0xFF1], HIGHER_LAYER ,VState :0 , fragInfo: [0xF0, 0xFFFE]}
12-01 07:08:18.170 30611 30611 I CAM_ AdaptiveTv: init:  mMaxFontScale :1.25
12-01 07:08:18.170 30611 30611 D CAM_ModeSelectViewCV: getHeaderOffset w = 1000, itemWidth = 172, textWidth = 104.0
12-01 07:08:18.170 30611 30611 D CAM_ModeSelectViewCV: res = {1.0 214mcc22mnc [es_ES] ldltr sw393dp w393dp h794dp 440dpi nrml long hdr widecg port night finger -keyb/v/h -nav/h winConfig={ mBounds=Rect(0, 0 - 1080, 2340) mAppBounds=Rect(0, 90 - 1080, 2274) mMaxBounds=Rect(0, 0 - 1080, 2340) mDisplayRotation=ROTATION_0 mWindowingMode=fullscreen mActivityType=standard mAlwaysOnTop=undefined mRotation=ROTATION_0} as.3 s.2 fontWeightAdjustment=0}
12-01 07:08:18.170 30611 30611 D CAM_ModeSelectViewCV: updateSelectedItem 162
12-01 07:08:18.173 30611 30611 I CAM_PerformanceManager: [P_PERFORM]: Action: switch_change_mode_163_162_163_0 takes 40 ms
12-01 07:08:18.173 30611 30611 D CAM_DragLayout: setDragEnable mDragMode : false, mPromptMode : false,mBar : null,withAnim : false
12-01 07:08:18.174 30611 30611 I CAM_ AdaptiveTv: init:  mMaxFontScale :1.25
12-01 07:08:18.175 30611 30611 D CAM_ModeSelectViewCV: [onCreateViewHolder] h&f
12-01 07:08:18.175 30611 30611 D CAM_ModeSelectViewCV: ModeSelectViewHolder: h&f
12-01 07:08:18.175 30611 30611 I CAM_ AdaptiveTv: init:  mMaxFontScale :1.25
12-01 07:08:18.175 30611 30611 D CAM_ModeSelectViewCV: getHeaderOffset w = 1000, itemWidth = 172, textWidth = 104.0
12-01 07:08:18.175 30611 30611 D CAM_ModeSelectViewCV: res = {1.0 214mcc22mnc [es_ES] ldltr sw393dp w393dp h794dp 440dpi nrml long hdr widecg port night finger -keyb/v/h -nav/h winConfig={ mBounds=Rect(0, 0 - 1080, 2340) mAppBounds=Rect(0, 90 - 1080, 2274) mMaxBounds=Rect(0, 0 - 1080, 2340) mDisplayRotation=ROTATION_0 mWindowingMode=fullscreen mActivityType=standard mAlwaysOnTop=undefined mRotation=ROTATION_0} as.3 s.2 fontWeightAdjustment=0}
12-01 07:08:18.175 30611 30611 D StartTopBarAdapter: onBindViewHolder
12-01 07:08:18.176 30611 30611 D StartTopBarAdapter: updateView - anim id = 2131886459
12-01 07:08:18.176 30611 30611 I StartTopBarAdapter: shouldEnableAnim = false
12-01 07:08:18.176 30611 30611 D StartTopBarAdapter: showJsonAnimation - anim id = 2131886459 image view = com.android.camera2.compat.theme.custom.mm.top.StrikethroughImageView{2e0651e V.ED..C.. ......I. 0,0-116,116}
12-01 07:08:18.178 30611 30611 D EndTopBarAdapter: onBindViewHolder
12-01 07:08:18.178 30611 30611 D EndTopBarAdapter: updateView - anim id = 0
12-01 07:08:18.179 30611 30611 D CAM_ModeSelectViewCV: onScrolled 0
12-01 07:08:18.179 30611 30611 D CAM_ModeSelectViewCV: updateSelectedItem 162
12-01 07:08:18.181 30611 30611 D CAM_ModeSelectViewCV: onScrolled 1
12-01 07:08:18.181 30611 30611 D CAM_ModeSelectViewCV: updateSelectedItem 162
12-01 07:08:18.183 30611 30611 W HapticCompat: MIUI Haptic Implementation not found.
12-01 07:08:18.183 30611 30611 W HapticCompat: java.lang.ClassNotFoundException: miui.util.HapticFeedbackUtil
12-01 07:08:18.183 30611 30611 W HapticCompat: 	at java.lang.Class.classForName(Native Method)
12-01 07:08:18.183 30611 30611 W HapticCompat: 	at java.lang.Class.forName(Class.java:597)
12-01 07:08:18.183 30611 30611 W HapticCompat: 	at java.lang.Class.forName(Class.java:502)
12-01 07:08:18.183 30611 30611 W HapticCompat: 	at miuix.view.PlatformConstants.<clinit>(Unknown Source:8)
12-01 07:08:18.183 30611 30611 W HapticCompat: 	at h.i0.b.<clinit>(Unknown Source:10)
12-01 07:08:18.183 30611 30611 W HapticCompat: 	at com.mi.config.DataItemFeature.za(Unknown Source:4)
12-01 07:08:18.183 30611 30611 W HapticCompat: 	at d.c.f.e.<init>(Unknown Source:7)
12-01 07:08:18.183 30611 30611 W HapticCompat: 	at d.c.f.e.r(Unknown Source:13)
12-01 07:08:18.183 30611 30611 W HapticCompat: 	at com.android.camera.ui.ModeSelectView.q(Unknown Source:25)
12-01 07:08:18.183 30611 30611 W HapticCompat: 	at com.android.camera.ui.ModeSelectView.r(Unknown Source:0)
12-01 07:08:18.183 30611 30611 W HapticCompat: 	at d.c.a.r7.j0.a(Unknown Source:4)
12-01 07:08:18.183 30611 30611 W HapticCompat: 	at com.android.camera.ui.ModeSelectView.v(Unknown Source:76)
12-01 07:08:18.183 30611 30611 W HapticCompat: 	at com.android.camera.ui.ModeSelectView.w(Unknown Source:5)
12-01 07:08:18.183 30611 30611 W HapticCompat: 	at com.android.camera.ui.ModeSelectView.onScrolled(Unknown Source:75)
12-01 07:08:18.183 30611 30611 W HapticCompat: 	at androidx.recyclerview.widget.RecyclerView.dispatchOnScrolled(Unknown Source:21)
12-01 07:08:18.183 30611 30611 W HapticCompat: 	at androidx.recyclerview.widget.RecyclerView.dispatchLayoutStep3(Unknown Source:221)
12-01 07:08:18.183 30611 30611 W HapticCompat: 	at androidx.recyclerview.widget.RecyclerView.dispatchLayout(Unknown Source:124)
12-01 07:08:18.183 30611 30611 W HapticCompat: 	at androidx.recyclerview.widget.RecyclerView.onLayout(Unknown Source:5)
12-01 07:08:18.183 30611 30611 W HapticCompat: 	at android.view.View.layout(View.java:25639)
12-01 07:08:18.183 30611 30611 W HapticCompat: 	at android.view.ViewGroup.layout(ViewGroup.java:6462)
12-01 07:08:18.183 30611 30611 W HapticCompat: 	at android.widget.FrameLayout.layoutChildren(FrameLayout.java:332)
12-01 07:08:18.183 30611 30611 W HapticCompat: 	at android.widget.FrameLayout.onLayout(FrameLayout.java:270)
12-01 07:08:18.183 30611 30611 W HapticCompat: 	at android.view.View.layout(View.java:25639)
12-01 07:08:18.183 30611 30611 W HapticCompat: 	at android.view.ViewGroup.layout(ViewGroup.java:6462)
12-01 07:08:18.183 30611 30611 W HapticCompat: 	at android.widget.FrameLayout.layoutChildren(FrameLayout.java:332)
12-01 07:08:18.183 30611 30611 W HapticCompat: 	at android.widget.FrameLayout.onLayout(FrameLayout.java:270)
12-01 07:08:18.183 30611 30611 W HapticCompat: 	at android.view.View.layout(View.java:25639)
12-01 07:08:18.183 30611 30611 W HapticCompat: 	at android.view.ViewGroup.layout(ViewGroup.java:6462)
12-01 07:08:18.183 30611 30611 W HapticCompat: 	at android.widget.FrameLayout.layoutChildren(FrameLayout.java:332)
12-01 07:08:18.183 30611 30611 W HapticCompat: 	at android.widget.FrameLayout.onLayout(FrameLayout.java:270)
12-01 07:08:18.183 30611 30611 W HapticCompat: 	at android.view.View.layout(View.java:25639)
12-01 07:08:18.183 30611 30611 W HapticCompat: 	at android.view.ViewGroup.layout(ViewGroup.java:6462)
12-01 07:08:18.183 30611 30611 W HapticCompat: 	at android.widget.FrameLayout.layoutChildren(FrameLayout.java:332)
12-01 07:08:18.183 30611 30611 W HapticCompat: 	at android.widget.FrameLayout.onLayout(FrameLayout.java:270)
12-01 07:08:18.183 30611 30611 W HapticCompat: 	at com.android.camera.ui.DragLayout.onLayout(Unknown Source:0)
