12-01 07:08:18.183 30611 30611 W HapticCompat: 	at android.view.View.layout(View.java:25639)
12-01 07:08:18.183 30611 30611 W HapticCompat: 	at android.view.ViewGroup.layout(ViewGroup.java:6462)
12-01 07:08:18.183 30611 30611 W HapticCompat: 	at android.widget.FrameLayout.layoutChildren(FrameLayout.java:332)
12-01 07:08:18.183 30611 30611 W HapticCompat: 	at android.widget.FrameLayout.onLayout(FrameLayout.java:270)
12-01 07:08:18.183 30611 30611 W HapticCompat: 	at android.view.View.layout(View.java:25639)
12-01 07:08:18.183 30611 30611 W HapticCompat: 	at android.view.ViewGroup.layout(ViewGroup.java:6462)
12-01 07:08:18.183 30611 30611 W HapticCompat: 	at android.widget.FrameLayout.layoutChildren(FrameLayout.java:332)
12-01 07:08:18.183 30611 30611 W HapticCompat: 	at android.widget.FrameLayout.onLayout(FrameLayout.java:270)
12-01 07:08:18.183 30611 30611 W HapticCompat: 	at com.android.camera.ui.CameraRootView.onLayout(Unknown Source:5)
12-01 07:08:18.183 30611 30611 W HapticCompat: 	at android.view.View.layout(View.java:25639)
12-01 07:08:18.183 30611 30611 W HapticCompat: 	at android.view.ViewGroup.layout(ViewGroup.java:6462)
12-01 07:08:18.183 30611 30611 W HapticCompat: 	at android.widget.FrameLayout.layoutChildren(FrameLayout.java:332)
12-01 07:08:18.183 30611 30611 W HapticCompat: 	at android.widget.FrameLayout.onLayout(FrameLayout.java:270)
12-01 07:08:18.183 30611 30611 W HapticCompat: 	at android.view.View.layout(View.java:25639)
12-01 07:08:18.183 30611 30611 W HapticCompat: 	at android.view.ViewGroup.layout(ViewGroup.java:6462)
12-01 07:08:18.183 30611 30611 W HapticCompat: 	at android.widget.FrameLayout.layoutChildren(FrameLayout.java:332)
12-01 07:08:18.183 30611 30611 W HapticCompat: 	at android.widget.FrameLayout.onLayout(FrameLayout.java:270)
12-01 07:08:18.183 30611 30611 W HapticCompat: 	at miuix.appcompat.internal.app.widget.ActionBarOverlayLayout.onLayout(Unknown Source:0)
12-01 07:08:18.183 30611 30611 W HapticCompat: 	at android.view.View.layout(View.java:25639)
12-01 07:08:18.183 30611 30611 W HapticCompat: 	at android.view.ViewGroup.layout(ViewGroup.java:6462)
12-01 07:08:18.183 30611 30611 W HapticCompat: 	at android.widget.FrameLayout.layoutChildren(FrameLayout.java:332)
12-01 07:08:18.183 30611 30611 W HapticCompat: 	at android.widget.FrameLayout.onLayout(FrameLayout.java:270)
12-01 07:08:18.183 30611 30611 W HapticCompat: 	at android.view.View.layout(View.java:25639)
12-01 07:08:18.183 30611 30611 W HapticCompat: 	at android.view.ViewGroup.layout(ViewGroup.java:6462)
12-01 07:08:18.183 30611 30611 W HapticCompat: 	at android.widget.LinearLayout.setChildFrame(LinearLayout.java:1891)
12-01 07:08:18.183 30611 30611 W HapticCompat: 	at android.widget.LinearLayout.layoutVertical(LinearLayout.java:1729)
12-01 07:08:18.183 30611 30611 W HapticCompat: 	at android.widget.LinearLayout.onLayout(LinearLayout.java:1638)
12-01 07:08:18.183 30611 30611 W HapticCompat: 	at android.view.View.layout(View.java:25639)
12-01 07:08:18.183 30611 30611 W HapticCompat: 	at android.view.ViewGroup.layout(ViewGroup.java:6462)
12-01 07:08:18.183 30611 30611 W HapticCompat: 	at android.widget.FrameLayout.layoutChildren(FrameLayout.java:332)
12-01 07:08:18.183 30611 30611 W HapticCompat: 	at android.widget.FrameLayout.onLayout(FrameLayout.java:270)
12-01 07:08:18.183 30611 30611 W HapticCompat: 	at com.android.internal.policy.DecorView.onLayout(DecorView.java:775)
12-01 07:08:18.183 30611 30611 W HapticCompat: 	at android.view.View.layout(View.java:25639)
12-01 07:08:18.183 30611 30611 W HapticCompat: 	at android.view.ViewGroup.layout(ViewGroup.java:6462)
12-01 07:08:18.183 30611 30611 W HapticCompat: 	at android.view.ViewRootImpl.performLayout(ViewRootImpl.java:5124)
12-01 07:08:18.183 30611 30611 W HapticCompat: 	at android.view.ViewRootImpl.performTraversals(ViewRootImpl.java:4268)
12-01 07:08:18.183 30611 30611 W HapticCompat: 	at android.view.ViewRootImpl.doTraversal(ViewRootImpl.java:3124)
12-01 07:08:18.183 30611 30611 W HapticCompat: 	at android.view.ViewRootImpl$TraversalRunnable.run(ViewRootImpl.java:10715)
12-01 07:08:18.183 30611 30611 W HapticCompat: 	at android.view.Choreographer$CallbackRecord.run(Choreographer.java:1594)
12-01 07:08:18.183 30611 30611 W HapticCompat: 	at android.view.Choreographer$CallbackRecord.run(Choreographer.java:1603)
12-01 07:08:18.183 30611 30611 W HapticCompat: 	at android.view.Choreographer.doCallbacks(Choreographer.java:1202)
12-01 07:08:18.183 30611 30611 W HapticCompat: 	at android.view.Choreographer.doFrame(Choreographer.java:1128)
12-01 07:08:18.183 30611 30611 W HapticCompat: 	at android.view.Choreographer$FrameDisplayEventReceiver.run(Choreographer.java:1577)
12-01 07:08:18.183 30611 30611 W HapticCompat: 	at android.os.Handler.handleCallback(Handler.java:995)
12-01 07:08:18.183 30611 30611 W HapticCompat: 	at android.os.Handler.dispatchMessage(Handler.java:103)
12-01 07:08:18.183 30611 30611 W HapticCompat: 	at android.os.Looper.loopOnce(Looper.java:248)
12-01 07:08:18.183 30611 30611 W HapticCompat: 	at android.os.Looper.loop(Looper.java:338)
12-01 07:08:18.183 30611 30611 W HapticCompat: 	at android.app.ActivityThread.main(ActivityThread.java:9145)
12-01 07:08:18.183 30611 30611 W HapticCompat: 	at java.lang.reflect.Method.invoke(Native Method)
12-01 07:08:18.183 30611 30611 W HapticCompat: 	at com.android.internal.os.RuntimeInit$MethodAndArgsCaller.run(RuntimeInit.java:596)
12-01 07:08:18.183 30611 30611 W HapticCompat: 	at com.android.internal.os.ZygoteInit.main(ZygoteInit.java:940)
12-01 07:08:18.183 30611 30611 W HapticCompat: Caused by: java.lang.ClassNotFoundException: miui.util.HapticFeedbackUtil
12-01 07:08:18.183 30611 30611 W HapticCompat: 	... 86 more
12-01 07:08:18.183 30611 30611 I HapticCompat: Platform version: -1.
12-01 07:08:18.183 30611 30611 W HapticCompat: MIUI Haptic Implementation not found.
12-01 07:08:18.183 30611 30611 W HapticCompat: java.lang.ClassNotFoundException: miui.util.HapticFeedbackUtil
12-01 07:08:18.183 30611 30611 W HapticCompat: 	at java.lang.Class.classForName(Native Method)
12-01 07:08:18.183 30611 30611 W HapticCompat: 	at java.lang.Class.forName(Class.java:597)
12-01 07:08:18.183 30611 30611 W HapticCompat: 	at java.lang.Class.forName(Class.java:502)
12-01 07:08:18.183 30611 30611 W HapticCompat: 	at miuix.view.PlatformConstants.<clinit>(Unknown Source:88)
12-01 07:08:18.183 30611 30611 W HapticCompat: 	at h.i0.b.<clinit>(Unknown Source:10)
12-01 07:08:18.183 30611 30611 W HapticCompat: 	at com.mi.config.DataItemFeature.za(Unknown Source:4)
12-01 07:08:18.183 30611 30611 W HapticCompat: 	at d.c.f.e.<init>(Unknown Source:7)
12-01 07:08:18.183 30611 30611 W HapticCompat: 	at d.c.f.e.r(Unknown Source:13)
12-01 07:08:18.183 30611 30611 W HapticCompat: 	at com.android.camera.ui.ModeSelectView.q(Unknown Source:25)
12-01 07:08:18.183 30611 30611 W HapticCompat: 	at com.android.camera.ui.ModeSelectView.r(Unknown Source:0)
12-01 07:08:18.183 30611 30611 W HapticCompat: 	at d.c.a.r7.j0.a(Unknown Source:4)
12-01 07:08:18.183 30611 30611 W HapticCompat: 	at com.android.camera.ui.ModeSelectView.v(Unknown Source:76)
12-01 07:08:18.183 30611 30611 W HapticCompat: 	at com.android.camera.ui.ModeSelectView.w(Unknown Source:5)
12-01 07:08:18.183 30611 30611 W HapticCompat: 	at com.android.camera.ui.ModeSelectView.onScrolled(Unknown Source:75)
12-01 07:08:18.183 30611 30611 W HapticCompat: 	at androidx.recyclerview.widget.RecyclerView.dispatchOnScrolled(Unknown Source:21)
12-01 07:08:18.183 30611 30611 W HapticCompat: 	at androidx.recyclerview.widget.RecyclerView.dispatchLayoutStep3(Unknown Source:221)
12-01 07:08:18.183 30611 30611 W HapticCompat: 	at androidx.recyclerview.widget.RecyclerView.dispatchLayout(Unknown Source:124)
12-01 07:08:18.183 30611 30611 W HapticCompat: 	at androidx.recyclerview.widget.RecyclerView.onLayout(Unknown Source:5)
12-01 07:08:18.183 30611 30611 W HapticCompat: 	at android.view.View.layout(View.java:25639)
12-01 07:08:18.183 30611 30611 W HapticCompat: 	at android.view.ViewGroup.layout(ViewGroup.java:6462)
12-01 07:08:18.183 30611 30611 W HapticCompat: 	at android.widget.FrameLayout.layoutChildren(FrameLayout.java:332)
12-01 07:08:18.183 30611 30611 W HapticCompat: 	at android.widget.FrameLayout.onLayout(FrameLayout.java:270)
12-01 07:08:18.183 30611 30611 W HapticCompat: 	at android.view.View.layout(View.java:25639)
12-01 07:08:18.183 30611 30611 W HapticCompat: 	at android.view.ViewGroup.layout(ViewGroup.java:6462)
12-01 07:08:18.183 30611 30611 W HapticCompat: 	at android.widget.FrameLayout.layoutChildren(FrameLayout.java:332)
12-01 07:08:18.183 30611 30611 W HapticCompat: 	at android.widget.FrameLayout.onLayout(FrameLayout.java:270)
12-01 07:08:18.183 30611 30611 W HapticCompat: 	at android.view.View.layout(View.java:25639)
12-01 07:08:18.183 30611 30611 W HapticCompat: 	at android.view.ViewGroup.layout(ViewGroup.java:6462)
12-01 07:08:18.183 30611 30611 W HapticCompat: 	at android.widget.FrameLayout.layoutChildren(FrameLayout.java:332)
12-01 07:08:18.183 30611 30611 W HapticCompat: 	at android.widget.FrameLayout.onLayout(FrameLayout.java:270)
12-01 07:08:18.183 30611 30611 W HapticCompat: 	at android.view.View.layout(View.java:25639)
12-01 07:08:18.183 30611 30611 W HapticCompat: 	at android.view.ViewGroup.layout(ViewGroup.java:6462)
12-01 07:08:18.183 30611 30611 W HapticCompat: 	at android.widget.FrameLayout.layoutChildren(FrameLayout.java:332)
12-01 07:08:18.183 30611 30611 W HapticCompat: 	at android.widget.FrameLayout.onLayout(FrameLayout.java:270)
12-01 07:08:18.183 30611 30611 W HapticCompat: 	at com.android.camera.ui.DragLayout.onLayout(Unknown Source:0)
12-01 07:08:18.183 30611 30611 W HapticCompat: 	at android.view.View.layout(View.java:25639)
12-01 07:08:18.183 30611 30611 W HapticCompat: 	at android.view.ViewGroup.layout(ViewGroup.java:6462)
12-01 07:08:18.183 30611 30611 W HapticCompat: 	at android.widget.FrameLayout.layoutChildren(FrameLayout.java:332)
12-01 07:08:18.183 30611 30611 W HapticCompat: 	at android.widget.FrameLayout.onLayout(FrameLayout.java:270)
12-01 07:08:18.183 30611 30611 W HapticCompat: 	at android.view.View.layout(View.java:25639)
12-01 07:08:18.183 30611 30611 W HapticCompat: 	at android.view.ViewGroup.layout(ViewGroup.java:6462)
12-01 07:08:18.183 30611 30611 W HapticCompat: 	at android.widget.FrameLayout.layoutChildren(FrameLayout.java:332)
12-01 07:08:18.183 30611 30611 W HapticCompat: 	at android.widget.FrameLayout.onLayout(FrameLayout.java:270)
12-01 07:08:18.183 30611 30611 W HapticCompat: 	at com.android.camera.ui.CameraRootView.onLayout(Unknown Source:5)
12-01 07:08:18.183 30611 30611 W HapticCompat: 	at android.view.View.layout(View.java:25639)
12-01 07:08:18.183 30611 30611 W HapticCompat: 	at android.view.ViewGroup.layout(ViewGroup.java:6462)
12-01 07:08:18.183 30611 30611 W HapticCompat: 	at android.widget.FrameLayout.layoutChildren(FrameLayout.java:332)
12-01 07:08:18.183 30611 30611 W HapticCompat: 	at android.widget.FrameLayout.onLayout(FrameLayout.java:270)
12-01 07:08:18.183 30611 30611 W HapticCompat: 	at android.view.View.layout(View.java:25639)
12-01 07:08:18.183 30611 30611 W HapticCompat: 	at android.view.ViewGroup.layout(ViewGroup.java:6462)
12-01 07:08:18.183 30611 30611 W HapticCompat: 	at android.widget.FrameLayout.layoutChildren(FrameLayout.java:332)
12-01 07:08:18.183 30611 30611 W HapticCompat: 	at android.widget.FrameLayout.onLayout(FrameLayout.java:270)
12-01 07:08:18.183 30611 30611 W HapticCompat: 	at miuix.appcompat.internal.app.widget.ActionBarOverlayLayout.onLayout(Unknown Source:0)
12-01 07:08:18.183 30611 30611 W HapticCompat: 	at android.view.View.layout(View.java:25639)
12-01 07:08:18.183 30611 30611 W HapticCompat: 	at android.view.ViewGroup.layout(ViewGroup.java:6462)
12-01 07:08:18.183 30611 30611 W HapticCompat: 	at android.widget.FrameLayout.layoutChildren(FrameLayout.java:332)
12-01 07:08:18.183 30611 30611 W HapticCompat: 	at android.widget.FrameLayout.onLayout(FrameLayout.java:270)
12-01 07:08:18.183 30611 30611 W HapticCompat: 	at android.view.View.layout(View.java:25639)
12-01 07:08:18.183 30611 30611 W HapticCompat: 	at android.view.ViewGroup.layout(ViewGroup.java:6462)
12-01 07:08:18.183 30611 30611 W HapticCompat: 	at android.widget.LinearLayout.setChildFrame(LinearLayout.java:1891)
12-01 07:08:18.183 30611 30611 W HapticCompat: 	at android.widget.LinearLayout.layoutVertical(LinearLayout.java:1729)
12-01 07:08:18.183 30611 30611 W HapticCompat: 	at android.widget.LinearLayout.onLayout(LinearLayout.java:1638)
12-01 07:08:18.183 30611 30611 W HapticCompat: 	at android.view.View.layout(View.java:25639)
12-01 07:08:18.183 30611 30611 W HapticCompat: 	at android.view.ViewGroup.layout(ViewGroup.java:6462)
12-01 07:08:18.183 30611 30611 W HapticCompat: 	at android.widget.FrameLayout.layoutChildren(FrameLayout.java:332)
12-01 07:08:18.183 30611 30611 W HapticCompat: 	at android.widget.FrameLayout.onLayout(FrameLayout.java:270)
12-01 07:08:18.184 30611 30611 W HapticCompat: 	at com.android.internal.policy.DecorView.onLayout(DecorView.java:775)
12-01 07:08:18.184 30611 30611 W HapticCompat: 	at android.view.View.layout(View.java:25639)
12-01 07:08:18.184 30611 30611 W HapticCompat: 	at android.view.ViewGroup.layout(ViewGroup.java:6462)
12-01 07:08:18.184 30611 30611 W HapticCompat: 	at android.view.ViewRootImpl.performLayout(ViewRootImpl.java:5124)
12-01 07:08:18.184 30611 30611 W HapticCompat: 	at android.view.ViewRootImpl.performTraversals(ViewRootImpl.java:4268)
12-01 07:08:18.184 30611 30611 W HapticCompat: 	at android.view.ViewRootImpl.doTraversal(ViewRootImpl.java:3124)
12-01 07:08:18.184 30611 30611 W HapticCompat: 	at android.view.ViewRootImpl$TraversalRunnable.run(ViewRootImpl.java:10715)
12-01 07:08:18.184 30611 30611 W HapticCompat: 	at android.view.Choreographer$CallbackRecord.run(Choreographer.java:1594)
12-01 07:08:18.184 30611 30611 W HapticCompat: 	at android.view.Choreographer$CallbackRecord.run(Choreographer.java:1603)
12-01 07:08:18.184 30611 30611 W HapticCompat: 	at android.view.Choreographer.doCallbacks(Choreographer.java:1202)
12-01 07:08:18.184 30611 30611 W HapticCompat: 	at android.view.Choreographer.doFrame(Choreographer.java:1128)
12-01 07:08:18.184 30611 30611 W HapticCompat: 	at android.view.Choreographer$FrameDisplayEventReceiver.run(Choreographer.java:1577)
12-01 07:08:18.184 30611 30611 W HapticCompat: 	at android.os.Handler.handleCallback(Handler.java:995)
12-01 07:08:18.184 30611 30611 W HapticCompat: 	at android.os.Handler.dispatchMessage(Handler.java:103)
12-01 07:08:18.184 30611 30611 W HapticCompat: 	at android.os.Looper.loopOnce(Looper.java:248)
12-01 07:08:18.184 30611 30611 W HapticCompat: 	at android.os.Looper.loop(Looper.java:338)
12-01 07:08:18.184 30611 30611 W HapticCompat: 	at android.app.ActivityThread.main(ActivityThread.java:9145)
12-01 07:08:18.184 30611 30611 W HapticCompat: 	at java.lang.reflect.Method.invoke(Native Method)
12-01 07:08:18.184 30611 30611 W HapticCompat: 	at com.android.internal.os.RuntimeInit$MethodAndArgsCaller.run(RuntimeInit.java:596)
12-01 07:08:18.184 30611 30611 W HapticCompat: 	at com.android.internal.os.ZygoteInit.main(ZygoteInit.java:940)
12-01 07:08:18.184 30611 30611 W HapticCompat: Caused by: java.lang.ClassNotFoundException: miui.util.HapticFeedbackUtil
12-01 07:08:18.184 30611 30611 W HapticCompat: 	... 86 more
12-01 07:08:18.184 30611 30611 I HapticCompat: Rom haptic version: 1.0
12-01 07:08:18.184 30611 30611 W HapticFeedbackCompat: MiuiHapticFeedbackConstants not found or not compatible for LinearVibrator.
12-01 07:08:18.184 30611 30611 D CAM_VibratorContext: performModeSwitch: 
12-01 07:08:18.186 30611 30611 W View    : requestLayout() improperly called by com.android.camera.ui.AdaptiveMarqueeTextView{2691da3 V.ED..... ..S...ID 0,0-104,136 #7f0b047d app:id/mode_select_item} during layout: running second layout pass
12-01 07:08:18.186 30611 30611 D CAM_DragLayout: setDragEnable mDragMode : false, mPromptMode : false,mBar : null,withAnim : false
12-01 07:08:18.188 30611 30611 D CAM_Camera2ModuleHandler: onMessage MSG_ABANDON_HANDLER setActivity null
12-01 07:08:18.188 30611 30611 D CAM_BaseModule: setActivity, activity: null, d.c.a.q6.r7.ok(Unknown Source:23), d.c.a.q6.q8.g1.handleMessage(Unknown Source:28), android.os.Handler.dispatchMessage(Handler.java:110), 
12-01 07:08:18.192 30611 30611 D CAM_AbstractFragment: baseUpdateView FragmentVideoPrompter, true
12-01 07:08:18.193 30611 30611 D CAM_AbstractFragment: baseUpdateView FragmentAutoZoom, true
12-01 07:08:18.194 30611 30611 D CAM_AbstractFragment: baseUpdateView FragmentSubtitle, true
12-01 07:08:18.194 30611 30611 D CAM_FragmentVideoPrompter: onResume: 
12-01 07:08:18.194 30611 30611 V CAM_c0  : skip request caz invalid already removed.
12-01 07:08:18.194 30611 30611 I CAM_SettingUiState: FucName videoTag  mode: 162 isFront:false
12-01 07:08:18.194 30611 30611 D CAM_TipLocationManager: getCurrentLimitRect: add tip, type = VIDEO_TAG, orientation = 0, location =72
12-01 07:08:18.194 30611 30611 D CAM_TipLocationManager: getCurrentLimitRect: mCurrentLimitRect = Rect(40, 250 - 1040, 1340)
12-01 07:08:18.196 30611 30611 V CAM_a0  : loadDynamic opts src: [DynamicFragmentOperation{mTimeoutReset=false, mDepend=d.c.a.h6.h5.i0@d797a19} BaseOperation{type=SHOW_CONTAINER, contType=DUAL_CAMERA, info= 0x0, subInfo= 0xF0'}, DynamicFragmentOperation{mTimeoutReset=false, mDepend=d.c.a.h6.h5.i0@d797a19} BaseOperation{type=SHOW_CONTAINER, contType=BOTTOM_BAR, info= 0x0, subInfo= 0xF0'}, DynamicFragmentOperation{mTimeoutReset=false, mDepend=d.c.a.h6.h5.i0@d797a19} BaseOperation{type=SHOW_CONTAINER, contType=MODE_SELECTOR, info= 0x0, subInfo= 0xF0'}, DynamicFragmentOperation{mTimeoutReset=false, mDepend=d.c.a.h6.h5.i0@d797a19} BaseOperation{type=SHOW_CONTAINER, contType=POPUP_TIPS, info= 0x0, subInfo= 0xF0'}, DynamicFragmentOperation{mTimeoutReset=false, mDepend=d.c.a.h6.h5.i0@d797a19} BaseOperation{type=SHOW_CONTAINER, contType=BEAUTY_PANEL, info= 0x0, subInfo= 0xF0'}], dst : [DynamicFragmentOperation{mTimeoutReset=false, mDepend=d.c.a.h6.h5.i0@d797a19} BaseOperation{type=SHOW_CONTAINER, contType=DUAL_CAMERA, info= 0x0, subInfo= 0xF0'}, DynamicFragmentOperation{mTimeoutReset=false, mDepend=d.c.a.h6.h5.i0@d797a19} BaseOperation{type=SHOW_CONTAINER, contType=BOTTOM_BAR, info= 0x0, subInfo= 0xF0'}, DynamicFragmentOperation{mTimeoutReset=false, mDepend=d.c.a.h6.h5.i0@d797a19} BaseOperation{type=SHOW_CONTAINER, contType=MODE_SELECTOR, info= 0x0, subInfo= 0xF0'}, DynamicFragmentOperation{mTimeoutReset=false, mDepend=d.c.a.h6.h5.i0@d797a19} BaseOperation{type=SHOW_CONTAINER, contType=POPUP_TIPS, info= 0x0, subInfo= 0xF0'}, DynamicFragmentOperation{mTimeoutReset=false, mDepend=d.c.a.h6.h5.i0@d797a19} BaseOperation{type=SHOW_CONTAINER, contType=BEAUTY_PANEL, info= 0x0, subInfo= 0xF0'}]
12-01 07:08:18.197 30611 30611 V CAM_Delegate@216417189: currentFragments {BOTTOM_BAR ,VState :0 , fragInfo: [0xF1], MODE_SELECTOR ,VState :0 , fragInfo: [0xF2], TOP_BAR ,VState :0 , fragInfo: [0xF4], DUAL_CAMERA ,VState :0 , fragInfo: [0xFF4], MAIN_CONTENT ,VState :0 , fragInfo: [0xF3, 0xEC], POPUP_TIPS ,VState :0 , fragInfo: [0xF0, 0xFFF9], BEAUTY_PANEL ,VState :0 , fragInfo: [0xF0], POST_VIEW ,VState :0 , fragInfo: [0xF0], GALLERY , fragInfo: [0xF0], PREVIEW_ROOT ,VState :0 , fragInfo: [0xF0, 0xFFFFFF2], EXTRA_TOP_BAR , fragInfo: [0xF0], MENU_ROOT ,VState :0 , fragInfo: [0xF0], LOWER_LAYER ,VState :0 , fragInfo: [0xF0], MID_LAYER ,VState :0 , fragInfo: [0xF0, 0xFF1], HIGHER_LAYER ,VState :0 , fragInfo: [0xF0, 0xFFFE]}
12-01 07:08:18.296  1106  2038 E libprotobuf-native: [libprotobuf ERROR external/protobuf/src/google/protobuf/message_lite.cc:123] Can't parse message of type "sns_flicker_event" because it is missing required fields: (cannot determine missing fields for lite message)
12-01 07:08:18.296  1106 30664 E libprotobuf-native: [libprotobuf ERROR external/protobuf/src/google/protobuf/message_lite.cc:123] Can't parse message of type "sns_flicker_event" because it is missing required fields: (cannot determine missing fields for lite message)
12-01 07:08:18.408   674   674 I hwservicemanager: getTransport: Cannot find entry vendor.qti.hardware.servicetracker@1.0::IServicetracker/default in either framework or device VINTF manifest.
12-01 07:08:18.410   674   674 I hwservicemanager: getTransport: Cannot find entry vendor.qti.hardware.servicetracker@1.0::IServicetracker/default in either framework or device VINTF manifest.
12-01 07:08:18.546  1106 30664 E libprotobuf-native: [libprotobuf ERROR external/protobuf/src/google/protobuf/message_lite.cc:123] Can't parse message of type "sns_flicker_event" because it is missing required fields: (cannot determine missing fields for lite message)
12-01 07:08:18.546  1106  2038 E libprotobuf-native: [libprotobuf ERROR external/protobuf/src/google/protobuf/message_lite.cc:123] Can't parse message of type "sns_flicker_event" because it is missing required fields: (cannot determine missing fields for lite message)
12-01 07:08:18.796  1106 30664 E libprotobuf-native: [libprotobuf ERROR external/protobuf/src/google/protobuf/message_lite.cc:123] Can't parse message of type "sns_flicker_event" because it is missing required fields: (cannot determine missing fields for lite message)
12-01 07:08:18.796  1106  2038 E libprotobuf-native: [libprotobuf ERROR external/protobuf/src/google/protobuf/message_lite.cc:123] Can't parse message of type "sns_flicker_event" because it is missing required fields: (cannot determine missing fields for lite message)
12-01 07:08:18.911  1569  9551 W ServiceManagerCppClient: Waited one second for stats (is service started? Number of threads started in the threadpool: 17. Are binder threads started and available?)
12-01 07:08:18.912  1274  3015 W ServiceManagerCppClient: Waited one second for stats (is service started? Number of threads started in the threadpool: 6. Are binder threads started and available?)
12-01 07:08:18.939  1816  2620 W ServiceManagerCppClient: Waited one second for stats (is service started? Number of threads started in the threadpool: 32. Are binder threads started and available?)
12-01 07:08:19.046  1106  2038 E libprotobuf-native: [libprotobuf ERROR external/protobuf/src/google/protobuf/message_lite.cc:123] Can't parse message of type "sns_flicker_event" because it is missing required fields: (cannot determine missing fields for lite message)
12-01 07:08:19.046  1106 30664 E libprotobuf-native: [libprotobuf ERROR external/protobuf/src/google/protobuf/message_lite.cc:123] Can't parse message of type "sns_flicker_event" because it is missing required fields: (cannot determine missing fields for lite message)
12-01 07:08:19.148  1101  3303 I vendor.qti.bluetooth@1.0-ibs_handler: ProcessIbsCmd: Received IBS_WAKE_IND: 0xFD
12-01 07:08:19.148  1101  3303 D vendor.qti.bluetooth@1.0-ibs_handler: SerialClockVote: vote for UART CLK ON
12-01 07:08:19.148  1101  3303 D vendor.qti.bluetooth@1.0-wake_lock: Acquire wakelock is acquired 
12-01 07:08:19.148  1101  3303 I vendor.qti.bluetooth@1.0-ibs_handler: ProcessIbsCmd: Writing IBS_WAKE_ACK
12-01 07:08:19.229  1101  3303 I vendor.qti.bluetooth@1.0-ibs_handler: ProcessIbsCmd: Received IBS_SLEEP_IND: 0xFE
12-01 07:08:19.229  1101  3303 D vendor.qti.bluetooth@1.0-ibs_handler: SerialClockVote: vote for UART CLK OFF
12-01 07:08:19.296  1106  2038 E libprotobuf-native: [libprotobuf ERROR external/protobuf/src/google/protobuf/message_lite.cc:123] Can't parse message of type "sns_flicker_event" because it is missing required fields: (cannot determine missing fields for lite message)
12-01 07:08:19.297  1106 30664 E libprotobuf-native: [libprotobuf ERROR external/protobuf/src/google/protobuf/message_lite.cc:123] Can't parse message of type "sns_flicker_event" because it is missing required fields: (cannot determine missing fields for lite message)
12-01 07:08:19.380  1101  3097 D vendor.qti.bluetooth@1.0-wake_lock: Release wakelock is released 
12-01 07:08:19.597  1106  2038 E libprotobuf-native: [libprotobuf ERROR external/protobuf/src/google/protobuf/message_lite.cc:123] Can't parse message of type "sns_flicker_event" because it is missing required fields: (cannot determine missing fields for lite message)
12-01 07:08:19.597  1106 30664 E libprotobuf-native: [libprotobuf ERROR external/protobuf/src/google/protobuf/message_lite.cc:123] Can't parse message of type "sns_flicker_event" because it is missing required fields: (cannot determine missing fields for lite message)
12-01 07:08:19.846  1106  2038 E libprotobuf-native: [libprotobuf ERROR external/protobuf/src/google/protobuf/message_lite.cc:123] Can't parse message of type "sns_flicker_event" because it is missing required fields: (cannot determine missing fields for lite message)
12-01 07:08:19.847  1106 30664 E libprotobuf-native: [libprotobuf ERROR external/protobuf/src/google/protobuf/message_lite.cc:123] Can't parse message of type "sns_flicker_event" because it is missing required fields: (cannot determine missing fields for lite message)
12-01 07:08:19.912  1569  9551 W ServiceManagerCppClient: Waited one second for stats (is service started? Number of threads started in the threadpool: 17. Are binder threads started and available?)
12-01 07:08:19.913  1274  3015 W ServiceManagerCppClient: Waited one second for stats (is service started? Number of threads started in the threadpool: 6. Are binder threads started and available?)
12-01 07:08:19.940  1816  2620 W ServiceManagerCppClient: Waited one second for stats (is service started? Number of threads started in the threadpool: 32. Are binder threads started and available?)
12-01 07:08:20.097  1106 30664 E libprotobuf-native: [libprotobuf ERROR external/protobuf/src/google/protobuf/message_lite.cc:123] Can't parse message of type "sns_flicker_event" because it is missing required fields: (cannot determine missing fields for lite message)
12-01 07:08:20.097  1106  2038 E libprotobuf-native: [libprotobuf ERROR external/protobuf/src/google/protobuf/message_lite.cc:123] Can't parse message of type "sns_flicker_event" because it is missing required fields: (cannot determine missing fields for lite message)
12-01 07:08:20.229  2870  2870 D QtiCarrierConfigHelper: WARNING, no carrier configs on phone Id: 1
12-01 07:08:20.229 30611 30611 D CAM_BatteryDetector: onReceive battery = 100 cutoff = false
12-01 07:08:20.229 30611 30611 D CAM_BatteryDetector: onBatteryNotification action=0 caller = d.c.a.j3.k(Unknown Source:19), d.c.a.j3.c(Unknown Source:0), d.c.a.j3$a.onReceive(Unknown Source:122), android.app.LoadedApk$ReceiverDispatcher$Args.lambda$getRunnable$0(LoadedApk.java:1839), android.app.LoadedApk$ReceiverDispatcher$Args.$r8$lambda$mcNAAl1SQ4MyJPyDg8TJ2x2h0Rk(Unknown Source:0), 
12-01 07:08:20.232  1816  1816 D LoadedApk: Receiver not registered: com.android.server.UiModeManagerService$8@96d5480
12-01 07:08:20.233  1816  2632 D BackgroundInstallControlService: Package event received: 0
12-01 07:08:20.346  1106  2038 E libprotobuf-native: [libprotobuf ERROR external/protobuf/src/google/protobuf/message_lite.cc:123] Can't parse message of type "sns_flicker_event" because it is missing required fields: (cannot determine missing fields for lite message)
12-01 07:08:20.346  1106 30664 E libprotobuf-native: [libprotobuf ERROR external/protobuf/src/google/protobuf/message_lite.cc:123] Can't parse message of type "sns_flicker_event" because it is missing required fields: (cannot determine missing fields for lite message)
12-01 07:08:20.596  1106 30664 E libprotobuf-native: [libprotobuf ERROR external/protobuf/src/google/protobuf/message_lite.cc:123] Can't parse message of type "sns_flicker_event" because it is missing required fields: (cannot determine missing fields for lite message)
12-01 07:08:20.596  1106  2038 E libprotobuf-native: [libprotobuf ERROR external/protobuf/src/google/protobuf/message_lite.cc:123] Can't parse message of type "sns_flicker_event" because it is missing required fields: (cannot determine missing fields for lite message)
12-01 07:08:20.652  1101  3303 I vendor.qti.bluetooth@1.0-ibs_handler: ProcessIbsCmd: Received IBS_WAKE_IND: 0xFD
12-01 07:08:20.652  1101  3303 D vendor.qti.bluetooth@1.0-ibs_handler: SerialClockVote: vote for UART CLK ON
12-01 07:08:20.652  1101  3303 D vendor.qti.bluetooth@1.0-wake_lock: Acquire wakelock is acquired 
12-01 07:08:20.652  1101  3303 I vendor.qti.bluetooth@1.0-ibs_handler: ProcessIbsCmd: Writing IBS_WAKE_ACK
12-01 07:08:20.718 28736 28818 W Settings: Setting adb_enabled has moved from android.provider.Settings.Secure to android.provider.Settings.Global.
12-01 07:08:20.733  1101  3303 I vendor.qti.bluetooth@1.0-ibs_handler: ProcessIbsCmd: Received IBS_SLEEP_IND: 0xFE
12-01 07:08:20.733  1101  3303 D vendor.qti.bluetooth@1.0-ibs_handler: SerialClockVote: vote for UART CLK OFF
12-01 07:08:20.766 30611 30611 D CAM_Camera@85833643: onUserInteraction
12-01 07:08:20.768 30611 30611 V CAM_DragLayout: dispatchTouchEvent 0, mDragMode = false, mPromptMode = false,mState 3
12-01 07:08:20.846  1106  2038 E libprotobuf-native: [libprotobuf ERROR external/protobuf/src/google/protobuf/message_lite.cc:123] Can't parse message of type "sns_flicker_event" because it is missing required fields: (cannot determine missing fields for lite message)
12-01 07:08:20.846  1106 30664 E libprotobuf-native: [libprotobuf ERROR external/protobuf/src/google/protobuf/message_lite.cc:123] Can't parse message of type "sns_flicker_event" because it is missing required fields: (cannot determine missing fields for lite message)
12-01 07:08:20.858 30611 30611 V CAM_DragLayout: dispatchTouchEvent 1, mDragMode = false, mPromptMode = false,mState 3
12-01 07:08:20.859 30611 30611 D CAM_FragmentModeSelector: getTargetModeView mModeSelectRoot
12-01 07:08:20.860 30611 30611 D CAM_FragmentModeSelector: canSwipeChangeMode caz camera state stop.
12-01 07:08:20.860 30611 30611 D CAM_ModeSelectViewCV: click to change mode, mCurMode = 162, newMode = 163
12-01 07:08:20.860 30611 30611 D CAM_BoostFrameworkImpl: startBoost: duration = 1000, scene = 6
12-01 07:08:20.860 30611 30611 D CAM_BoostFrameworkImpl: ready to boost
12-01 07:08:20.861 30611 30611 I CAM_Camera@85833643: [U_ACTION]: onModeSelected from 0xa0 to 0xa3, ScreenSlideOff = false, facing = 0
12-01 07:08:20.861 30611 30611 D CAM_Camera@85833643: closeCameraSetup: CameraPendingSetupDisposable: X
12-01 07:08:20.861 30611 30611 D CAM_Camera@85833643: closeCameraSetup: CameraSetupDisposable: X
12-01 07:08:20.861 30611 30611 I CAM_PermissionManager: getNeedCheckPermissionList() listSize =0
12-01 07:08:20.862 30611 30611 I CAM_PermissionManager: checkCameraPermissions(), all on
12-01 07:08:20.862 30611 30611 D CAM_FragmentVideoPrompter: setClickEnable: false
12-01 07:08:20.862 30611 30611 D CAM_FragmentAutoZoom: setClickEnable: false
12-01 07:08:20.862 30611 30611 D CAM_FragmentSubtitle: setClickEnable: false
12-01 07:08:20.863 30611 30611 D CAM_BaseModule: setDeparted
12-01 07:08:20.864 30611 30611 D CAM_BaseModule: setActivity, activity: com.android.camera.Camera@51db7ab, d.c.a.q6.r7.ok(Unknown Source:23), d.c.a.q6.r7.g4(Unknown Source:4), com.android.camera.Camera.Fj(Unknown Source:81), 
12-01 07:08:20.864 30611 30611 I CAM_Camera@85833643: create new module instantiated: u@239164891: mid = 163, cid = 0, created = false, departed = false
12-01 07:08:20.864 30611 30647 D CAM_RenderEngineV1: V1: setTextureColorSpace: SRGB
12-01 07:08:20.864 30611 30647 D CAM_STScreenNail: setTextureColorSpace: SRGB
12-01 07:08:20.864 30611 30611 D CAM_DataItemRunning: setDummyEnablefalse
12-01 07:08:20.864 30611 30647 D CAM_RenderEngineV1: V1: setDisplayColorSpace: SRGB
12-01 07:08:20.864 30611 30647 D CAM_CameraRenderEngine: setDisplayColorSpace: SRGB
12-01 07:08:20.864 30611 30647 D CAM_CameraRenderEngine: setDisplayColorSpace: nothing change.
12-01 07:08:20.865 30611 30611 I CAM_PermissionManager: getNeedCheckPermissionList() listSize =0
12-01 07:08:20.865 30611 30611 I CAM_PermissionManager: checkCameraLaunchPermissions(), all on
12-01 07:08:20.865 30611 30611 D CAM_Camera@85833643: CameraPendingSetupDisposable: E
12-01 07:08:20.865 30611 30611 D CAM_PreDataSetup: reInit ,  resetType = 8
12-01 07:08:20.866 30611 30611 D CAM_Camera2DataContainer: Currently user selected zoom ratio is 1.0
12-01 07:08:20.866 30611 30611 D CAM_Camera2DataContainer: getActualOpenCameraId: mode=a3, id=0->0
12-01 07:08:20.867 30611 30611 D CAM_CameraCapabilities: com.xiaomi.lens.info.availableApertureModes invalid ,used default value 
12-01 07:08:20.867 30611 30611 W CAM_Camera2CompatAdapterRole: Warning: getAuxCameraId(): #init() failed, roleId=20
12-01 07:08:20.867 30611 30611 D CAM_CameraCapabilities: portraitBokehZoomMap   PORTRAIT_BOKEH_ZOOM_RATIO_MAP is null
12-01 07:08:20.867 30611 30611 D CAM_CameraCapabilities: portraitBokehApertureAbilityMap   PORTRAIT_BOKEH_APERTURE_ABILITY_MAP is null
12-01 07:08:20.868 30611 30611 D CAM_ComponentConfigFlash: setBanned() called with: banned = [false]
12-01 07:08:20.868 30611 30611 D CAM_CameraCapabilities: SupportSlowMotionCameraValue   MULTI_LENS_SUPPORT_SLOW_MOTION is null
12-01 07:08:20.868 30611 30611 D CAM_CameraCapabilities: SupportSlowMotionCameraLens   MULTI_LENS_SUPPORT_SLOW_MOTION is null
12-01 07:08:20.868 30611 30611 D CAM_CameraCapabilities: isExposureMeteringSupported: 0
12-01 07:08:20.868 30611 30611 D CAM_CameraCapabilities: com.xiaomi.lens.info.AVAILABLE_EXPOSURE_MODES invalid ,used default value 
12-01 07:08:20.869 30611 30611 D CAM_CameraCapabilities: com.xiaomi.lens.info.availableApertureModes invalid ,used default value 
12-01 07:08:20.869 30611 30611 W CAM_Camera2CompatAdapterRole: Warning: getAuxCameraId(): #init() failed, roleId=20
12-01 07:08:20.869 30611 30611 D CAM_ComponentConfigHDR10: reInit E
12-01 07:08:20.869 30611 30611 D CAM_ComponentConfigHDR10PRO: reInit E
12-01 07:08:20.869 30611 30611 D CAM_ComponentConfigTrueColour: reInit E
12-01 07:08:20.870 30611 30611 I CAM_PaintConditionReferred: configVariables mode:163, uiStyle:0
12-01 07:08:20.870 30611 30611 D CAM_DataItemRunning: setPaintCondition: 0
12-01 07:08:20.870 30611 30645 D CAM_PreFixCamera2Setup: mModuleChanged true LastMode is 162
12-01 07:08:20.870 30611 30611 D CAM_CameraSnapView: onScreenOrientationChanged
12-01 07:08:20.870 30611 30645 D CAM_BaseModule: unRegisterModulePersist
12-01 07:08:20.870 30611 30611 D CAM_FragmentBottomAction: provideAnimateElement: newMode = 163, mCurrentMode = 163, animateInElements = []
12-01 07:08:20.870 30611 30645 D CAM_EffectController: setRenderEngine: null this:com.android.camera2.compat.theme.custom.cv.filter.EffectControllerCv@4ee3af4
12-01 07:08:20.870 30611 30645 D CAM_BaseModule: onRenderEngineDestroy
12-01 07:08:20.870 30611 30645 D CAM_EffectRenderGroup: onEffectChanged: EFFECT_CHANGE_FILTER mEffectId = 66048
12-01 07:08:20.870 30611 30645 D CAM_PreFixCamera2Setup: subscribe: mIntent = null
12-01 07:08:20.870 30611 30611 D CAM_BottomItems: updateBottomLocation: mBottomLayoutType = -1, type = 1, isLandscape = false
12-01 07:08:20.871 30611 30645 D CAM_Camera2DataContainer: Currently user selected zoom ratio is 1.0
12-01 07:08:20.871 30611 30645 D CAM_Camera2DataContainer: getActualOpenCameraId: mode=a3, id=0->0
12-01 07:08:20.871 30611 30645 D CAM_CameraCapabilities: isSupportReplaceSession: false
12-01 07:08:20.871 30611 30645 D CAM_Camera2OpenManager: openCamera: reusable = false
12-01 07:08:20.871 30611 30645 I CAM_Camera2OpenManager: [K_PROCESS]: cid: 0 -> 0, mid: 162 -> 163, fcc: true
12-01 07:08:20.871 30611 30611 D CAM_BottomCV: adjustThumbBg android.widget.ImageView{1ef608f VFED..... ......ID 0,0-100,100 #7f0b06f2 app:id/v9_thumbnail_image}
12-01 07:08:20.871 30611 30645 D CAM_Camera2OpenManager: abandonCameraResultObservable: E
12-01 07:08:20.871 30611 30645 D CAM_Camera2OpenManager: abandonCameraResultObservable: fire
12-01 07:08:20.871 30611 30645 D CAM_Camera2OpenManager: abandonCameraResultObservable: X
12-01 07:08:20.871 30611 30645 D CAM_Camera2OpenManager: removeCameraCallables
12-01 07:08:20.871 30611 30645 D CAM_Camera2OpenManager: subscribeCameraResultObservable: E
12-01 07:08:20.872 30611 30645 D CAM_Camera2OpenManager: subscribeCameraResultObservable: X
12-01 07:08:20.872 30611 30645 D CAM_CameraOpenObservable: subscribeActual: openCamera: cid = 0, listener = 168445584
12-01 07:08:20.872 30611 30645 D CAM_SendBroadcastNotifyExternal: notify external(mode:163,facing:0)
12-01 07:08:20.872 30611 30611 D CAM_FragmentModeSelector: to common mode
12-01 07:08:20.872 30611 30611 D CAM_FragmentModeSelector: bottom_external_mode set isVisibility false
12-01 07:08:20.872 30611 30611 D CAM_FragmentModeSelector: mode_select_scrollview set isVisibility true
12-01 07:08:20.872 30611 30611 D CAM_FragmentModeSelector: switchMoreMode open: true, style: 0, mCurrentMode: 163
12-01 07:08:20.872 30611 30611 D CAM_DragLayout: disableAllMode
12-01 07:08:20.873 30611 30611 D CAM_DragLayout: setDragEnable mDragMode : false, enable false, force : false
12-01 07:08:20.873 30611 30611 D CAM_FocusView: reset: type = 7, is draw = false, mIsTouchFocus = false
12-01 07:08:20.873 30611 30611 D CAM_TrackFocusView: clear
12-01 07:08:20.873 30611 30611 D CAM_TrackFocusView: clear
12-01 07:08:20.873 30611 30611 D CAM_TrackFocusView: setSkipDraw false
12-01 07:08:20.873 30611 30645 I CAM_PerformanceManager: [P_PERFORM]: Action: switch_prefix_camera_setup_163_0 takes 3 ms
12-01 07:08:20.873 30611 30611 D CAM_FragmentTopBar: updateTopBarStyle: TOP_BAR_STYLE_MAIN
12-01 07:08:20.873 30611 30611 D CAM_FragmentTopBar: provideAnimateElement mode = 163 resetType = 8
12-01 07:08:20.874 30611 30611 D CAM_FragmentTopAlert: provideAnimateElement 8
12-01 07:08:20.874 30611 30611 D StartTopBarAdapter: setData mode:163,resetStrikethrough: true
12-01 07:08:20.880 30611 30611 D EndTopBarAdapter: setData mode:163,resetStrikethrough: true
12-01 07:08:20.881 30611 30611 D CAM_FragmentDualCameraAdjust: initZoomRatioForBackCamera(): zoom: 1.0
12-01 07:08:20.882 30611 30611 D CAM_FragmentDualCameraAdjustMM: provideAnimateElement(): initialized zoom ratio: 1.0
12-01 07:08:20.882 30611 30611 D CAM_ZoomRatioToggleView: count = 3
12-01 07:08:20.882 30611 30611 D CAM_ZoomRatioToggleView: setSuppressed(): false
12-01 07:08:20.882 30611 30611 D CAM_ZoomRatioToggleView: setSuppressed() ignored: false
12-01 07:08:20.882 30611 30611 I CAM_ZoomRatioToggleView: [U_ACTION]: setZoomRatio(): a = ZOOMING_BY_UNKNOWN_SOURCE,i = 1,z = 1.0,ti =1,tz =1.0
12-01 07:08:20.883 30611 30611 D CAM_FragmentDualCameraAdjust: initZoomRatioForBackCamera(): zoom: 1.0
12-01 07:08:20.883  1101  3097 D vendor.qti.bluetooth@1.0-wake_lock: Release wakelock is released 
12-01 07:08:20.884 30611 30611 D CAM_FragmentDualCameraAdjustMM: provideAnimateElement(): initialized zoom ratio: 1.0
12-01 07:08:20.884 30611 30611 D CAM_ZoomRatioToggleView: count = 3
12-01 07:08:20.884 30611 30611 D CAM_ZoomRatioToggleView: setSuppressed(): false
12-01 07:08:20.884 30611 30611 D CAM_ZoomRatioToggleView: setSuppressed() ignored: false
12-01 07:08:20.884 30611 30611 I CAM_ZoomRatioToggleView: [U_ACTION]: setZoomRatio(): a = ZOOMING_BY_UNKNOWN_SOURCE,i = 1,z = 1.0,ti =1,tz =1.0
12-01 07:08:20.885 30611 30611 D CAM_FragmentBottomPopupTips: onBackEvent: 4
12-01 07:08:20.885 30611 30611 D CAM_FragmentBottomPopupTips: hideAllTipImage
12-01 07:08:20.885 30611 30611 D CAM_FragmentBottomPopupTips: cancelUpdateTipImage 
12-01 07:08:20.885 30611 30611 D CAM_FragmentBottomPopupTips: updateLeftDynamicImage show : false fallBackRoll0
12-01 07:08:20.885 30611 30611 D CAM_FragmentBottomPopupTips: updateTipImage mCustomRoot is null : false
12-01 07:08:20.885 30611 30611 D CAM_CameraCapabilities: isRemoveNevusDefined request : false
12-01 07:08:20.886 30611 30611 D CAM_CameraCapabilities: isRemoveNevusDefined request : false
12-01 07:08:20.886 30611 30611 D CAM_FragmentBottomPopupTips: cancelUpdateTipImage 
12-01 07:08:20.888 30611 30611 D CAM_FragmentBottomPopupTips: toggleSoftLightTip: visible=false
12-01 07:08:20.889 30611 30611 D CAM_FragmentBottomPopupTips: restoreAiState: maybe restore ai scene tip:0
12-01 07:08:20.889 30611 30611 I CAM_PerformanceManager: [P_PERFORM]: Action: switch_provide_animate_163_0 takes 19 ms
12-01 07:08:20.889 30611 30611 V CAM_Delegate@216417189: loadModule + opts {POPUP_TIPS=[BaseOperation{type=ADD, contType=POPUP_TIPS, info= 0xFFF9, subInfo= 0xF0'}], PREVIEW_ROOT=[BaseOperation{type=ADD, contType=PREVIEW_ROOT, info= 0xFFFFFF2, subInfo= 0xF0'}], }
12-01 07:08:20.890 30611 30611 V CAM_Delegate@216417189: diffOpts : last {MAIN_CONTENT=[BaseOperation{type=ADD, contType=MAIN_CONTENT, info= 0xEC, subInfo= 0xF0'}], MID_LAYER=[BaseOperation{type=ADD, contType=MID_LAYER, info= 0xFF1, subInfo= 0xF0'}], HIGHER_LAYER=[BaseOperation{type=ADD, contType=HIGHER_LAYER, info= 0xFFFE, subInfo= 0xF0'}], }, new {}
12-01 07:08:20.890 30611 30611 V CAM_Delegate@216417189: resetOpts : {MAIN_CONTENT=[BaseOperation{type=SHOW_AND_REMOVE_OTHERS, contType=MAIN_CONTENT, info= 0xF3, subInfo= 0xF0'}], MID_LAYER=[BaseOperation{type=CLEAR, contType=MID_LAYER, info= 0x0, subInfo= 0xF0'}], HIGHER_LAYER=[BaseOperation{type=CLEAR, contType=HIGHER_LAYER, info= 0x0, subInfo= 0xF0'}], }
12-01 07:08:20.890 30611 30611 V CAM_Delegate@216417189: clearOpts {MAIN_CONTENT=[BaseOperation{type=SHOW_AND_REMOVE_OTHERS, contType=MAIN_CONTENT, info= 0xF3, subInfo= 0xF0'}], MID_LAYER=[BaseOperation{type=CLEAR, contType=MID_LAYER, info= 0x0, subInfo= 0xF0'}], HIGHER_LAYER=[BaseOperation{type=CLEAR, contType=HIGHER_LAYER, info= 0x0, subInfo= 0xF0'}], }
12-01 07:08:20.890 30611 30611 V CAM_Delegate@216417189: loadModule + types [6, 10]
12-01 07:08:20.890 30611 30611 V CAM_Delegate@216417189: checkOperation type POPUP_TIPS, operations [BaseOperation{type=ADD, contType=POPUP_TIPS, info= 0xFFF9, subInfo= 0xF0'}], currentFragments {BOTTOM_BAR ,VState :0 , fragInfo: [0xF1], MODE_SELECTOR ,VState :0 , fragInfo: [0xF2], TOP_BAR ,VState :0 , fragInfo: [0xF4], DUAL_CAMERA ,VState :0 , fragInfo: [0xFF4], MAIN_CONTENT ,VState :0 , fragInfo: [0xF3, 0xEC], POPUP_TIPS ,VState :0 , fragInfo: [0xF0, 0xFFF9], BEAUTY_PANEL ,VState :0 , fragInfo: [0xF0], POST_VIEW ,VState :0 , fragInfo: [0xF0], GALLERY , fragInfo: [0xF0], PREVIEW_ROOT ,VState :0 , fragInfo: [0xF0, 0xFFFFFF2], EXTRA_TOP_BAR , fragInfo: [0xF0], MENU_ROOT ,VState :0 , fragInfo: [0xF0], LOWER_LAYER ,VState :0 , fragInfo: [0xF0], MID_LAYER ,VState :0 , fragInfo: [0xF0, 0xFF1], HIGHER_LAYER ,VState :0 , fragInfo: [0xF0, 0xFFFE]}
12-01 07:08:20.890 30611 30611 V CAM_Delegate@216417189: checkOperation type PREVIEW_ROOT, operations [BaseOperation{type=ADD, contType=PREVIEW_ROOT, info= 0xFFFFFF2, subInfo= 0xF0'}], currentFragments {BOTTOM_BAR ,VState :0 , fragInfo: [0xF1], MODE_SELECTOR ,VState :0 , fragInfo: [0xF2], TOP_BAR ,VState :0 , fragInfo: [0xF4], DUAL_CAMERA ,VState :0 , fragInfo: [0xFF4], MAIN_CONTENT ,VState :0 , fragInfo: [0xF3, 0xEC], POPUP_TIPS ,VState :0 , fragInfo: [0xF0, 0xFFF9], BEAUTY_PANEL ,VState :0 , fragInfo: [0xF0], POST_VIEW ,VState :0 , fragInfo: [0xF0], GALLERY , fragInfo: [0xF0], PREVIEW_ROOT ,VState :0 , fragInfo: [0xF0, 0xFFFFFF2], EXTRA_TOP_BAR , fragInfo: [0xF0], MENU_ROOT ,VState :0 , fragInfo: [0xF0], LOWER_LAYER ,VState :0 , fragInfo: [0xF0], MID_LAYER ,VState :0 , fragInfo: [0xF0, 0xFF1], HIGHER_LAYER ,VState :0 , fragInfo: [0xF0, 0xFFFE]}
12-01 07:08:20.890 30611 30611 V CAM_Delegate@216417189: loadModule - opts [BaseOperation{type=SHOW_AND_REMOVE_OTHERS, contType=MAIN_CONTENT, info= 0xF3, subInfo= 0xF0'}, BaseOperation{type=CLEAR, contType=MID_LAYER, info= 0x0, subInfo= 0xF0'}, BaseOperation{type=CLEAR, contType=HIGHER_LAYER, info= 0x0, subInfo= 0xF0'}]
12-01 07:08:20.890 30611 30611 D CAM_FragmentVideoPrompter: setClickEnable: false
12-01 07:08:20.890 30611 30611 D CAM_FragmentMainContentMM: setClickEnable: true
12-01 07:08:20.890 30611 30611 D CAM_FragmentAutoZoom: setClickEnable: false
12-01 07:08:20.890 30611 30611 D CAM_FragmentSubtitle: setClickEnable: false
12-01 07:08:20.891 30611 30611 V CAM_Delegate@216417189: currentFragments {BOTTOM_BAR ,VState :0 , fragInfo: [0xF1], MODE_SELECTOR ,VState :0 , fragInfo: [0xF2], TOP_BAR ,VState :0 , fragInfo: [0xF4], DUAL_CAMERA ,VState :0 , fragInfo: [0xFF4], MAIN_CONTENT ,VState :0 , fragInfo: [0xF3], POPUP_TIPS ,VState :0 , fragInfo: [0xF0, 0xFFF9], BEAUTY_PANEL ,VState :0 , fragInfo: [0xF0], POST_VIEW ,VState :0 , fragInfo: [0xF0], GALLERY , fragInfo: [0xF0], PREVIEW_ROOT ,VState :0 , fragInfo: [0xF0, 0xFFFFFF2], EXTRA_TOP_BAR , fragInfo: [0xF0], MENU_ROOT ,VState :0 , fragInfo: [0xF0], LOWER_LAYER ,VState :0 , fragInfo: [0xF0], MID_LAYER ,VState :0 , fragInfo: []HIGHER_LAYER ,VState :0 , fragInfo: []}
12-01 07:08:20.891 30611 30611 I CAM_ AdaptiveTv: init:  mMaxFontScale :1.25
12-01 07:08:20.891 30611 30611 D CAM_ModeSelectViewCV: getHeaderOffset w = 1000, itemWidth = 148, textWidth = 80.0
12-01 07:08:20.891 30611 30611 D CAM_ModeSelectViewCV: res = {1.0 214mcc22mnc [es_ES] ldltr sw393dp w393dp h794dp 440dpi nrml long hdr widecg port night finger -keyb/v/h -nav/h winConfig={ mBounds=Rect(0, 0 - 1080, 2340) mAppBounds=Rect(0, 90 - 1080, 2274) mMaxBounds=Rect(0, 0 - 1080, 2340) mDisplayRotation=ROTATION_0 mWindowingMode=fullscreen mActivityType=standard mAlwaysOnTop=undefined mRotation=ROTATION_0} as.3 s.2 fontWeightAdjustment=0}
12-01 07:08:20.892 30611 30611 D CAM_ModeSelectViewCV: updateSelectedItem 163
12-01 07:08:20.896 30611 30611 I CAM_PerformanceManager: [P_PERFORM]: Action: switch_change_mode_162_163_162_0 takes 36 ms
12-01 07:08:20.896 30611 30611 D CAM_DragLayout: setDragEnable mDragMode : false, mPromptMode : false,mBar : null,withAnim : false
12-01 07:08:20.896 30611 30611 D EndTopBarAdapter: onBindViewHolder
12-01 07:08:20.897 30611 30611 D EndTopBarAdapter: updateView - anim id = 0
12-01 07:08:20.898 30611 30611 D StartTopBarAdapter: onBindViewHolder
12-01 07:08:20.899 30611 30611 D StartTopBarAdapter: updateView - anim id = 2131886459
12-01 07:08:20.899 30611 30611 I StartTopBarAdapter: shouldEnableAnim = false
12-01 07:08:20.899 30611 30611 D StartTopBarAdapter: showJsonAnimation - anim id = 2131886459 image view = com.android.camera2.compat.theme.custom.mm.top.StrikethroughImageView{2e0651e V.ED..C.. ......I. 0,0-116,116}
12-01 07:08:20.900 30611 30611 D CAM_ModeSelectViewCV: onScrolled 0
12-01 07:08:20.900 30611 30611 D CAM_ModeSelectViewCV: updateSelectedItem 163
12-01 07:08:20.904 30611 30611 D CAM_ModeSelectViewCV: onScrolled 1
12-01 07:08:20.904 30611 30611 D CAM_ModeSelectViewCV: updateSelectedItem 163
12-01 07:08:20.905 30611 30611 D CAM_VibratorContext: performModeSwitch: 
12-01 07:08:20.907 30611 30611 W View    : requestLayout() improperly called by com.android.camera.ui.AdaptiveMarqueeTextView{54004ee V.ED..... ..SP..ID 0,0-80,136 #7f0b047d app:id/mode_select_item} during layout: running second layout pass
12-01 07:08:20.907 30611 30611 D CAM_DragLayout: setDragEnable mDragMode : false, mPromptMode : false,mBar : null,withAnim : false
12-01 07:08:20.910 30611 30611 D CAM_FragmentSubtitle: onDestroy
12-01 07:08:20.911 30611 30611 D CAM_FragmentVideoPrompter: unRegister: 
12-01 07:08:20.914  1569  9551 W ServiceManagerCppClient: Waited one second for stats (is service started? Number of threads started in the threadpool: 17. Are binder threads started and available?)
12-01 07:08:20.914  1274  3015 W ServiceManagerCppClient: Waited one second for stats (is service started? Number of threads started in the threadpool: 6. Are binder threads started and available?)
12-01 07:08:20.941  1816  2620 W ServiceManagerCppClient: Waited one second for stats (is service started? Number of threads started in the threadpool: 32. Are binder threads started and available?)
12-01 07:08:21.096  1106 30664 E libprotobuf-native: [libprotobuf ERROR external/protobuf/src/google/protobuf/message_lite.cc:123] Can't parse message of type "sns_flicker_event" because it is missing required fields: (cannot determine missing fields for lite message)
12-01 07:08:21.096  1106  2038 E libprotobuf-native: [libprotobuf ERROR external/protobuf/src/google/protobuf/message_lite.cc:123] Can't parse message of type "sns_flicker_event" because it is missing required fields: (cannot determine missing fields for lite message)
12-01 07:08:21.149  3381 28647 I NearbyMediums: No BLE Fast/GATT advertisements found in the latest cycle.
12-01 07:08:21.149  3381 28647 I NearbyMediums: Current Tracked Scanning Clients are : {NearbyConnections.EnvironmentMonitor, NearbySharing}
12-01 07:08:21.396  1106  2038 E libprotobuf-native: [libprotobuf ERROR external/protobuf/src/google/protobuf/message_lite.cc:123] Can't parse message of type "sns_flicker_event" because it is missing required fields: (cannot determine missing fields for lite message)
12-01 07:08:21.396  1106 30664 E libprotobuf-native: [libprotobuf ERROR external/protobuf/src/google/protobuf/message_lite.cc:123] Can't parse message of type "sns_flicker_event" because it is missing required fields: (cannot determine missing fields for lite message)
12-01 07:08:21.647  1106  2038 E libprotobuf-native: [libprotobuf ERROR external/protobuf/src/google/protobuf/message_lite.cc:123] Can't parse message of type "sns_flicker_event" because it is missing required fields: (cannot determine missing fields for lite message)
12-01 07:08:21.647  1106 30664 E libprotobuf-native: [libprotobuf ERROR external/protobuf/src/google/protobuf/message_lite.cc:123] Can't parse message of type "sns_flicker_event" because it is missing required fields: (cannot determine missing fields for lite message)
12-01 07:08:21.713  2870  2870 D QtiCarrierConfigHelper: WARNING, no carrier configs on phone Id: 1
12-01 07:08:21.714 30611 30611 D CAM_BatteryDetector: onReceive battery = 100 cutoff = false
