11-27 15:20:19.605  2961  2961 D SIMRecords: [SIMRecords-0] onRecordLoaded 7 requested: true
11-27 15:20:19.605  2961  2961 D SIMRecords: [SIMRecords-0] Received a PlmnActRecord, raw=12F4228080
11-27 15:20:19.605  2961  2961 D SIMRecords: [SIMRecords-0] HplmnActRecord[]=[{PLMN=21422,AccessTechs=UTRAN|GSM}]
11-27 15:20:19.605  2961  2961 D SIMRecords: [SIMRecords-0] onRecordLoaded 6 requested: true
11-27 15:20:19.605  2961  2961 D SIMRecords: [SIMRecords-0] Received Forbidden PLMNs, raw=12F41012F43012F44062F810
11-27 15:20:19.605  2961  2961 D SIMRecords: [SIMRecords-0] onRecordLoaded 5 requested: true
11-27 15:20:19.605  2961  2961 D SIMRecords: [SIMRecords-0] EF_LI LOADED
11-27 15:20:19.605  2961  2961 D SIMRecords: [SIMRecords-0] EF_LI=6573726F656E6672646568756974
11-27 15:20:19.605  2961  2961 D SIMRecords: [SIMRecords-0] onRecordLoaded 4 requested: true
11-27 15:20:19.605  2961  2961 D SIMRecords: [SIMRecords-0] Invalid or missing EF[MAILBOX]
11-27 15:20:19.605  2961  2961 D SIMRecords: [SIMRecords-0] onRecordLoaded 3 requested: true
11-27 15:20:19.610  2961  2961 D SIMRecords: [SIMRecords-0] EF_PL LOADED
11-27 15:20:19.610  2961  3116 D RILJ    : [0276]< SIM_IO IccIoResult sw1:0x90 sw2:0x0 Payload: ******* [PHONE0]
11-27 15:20:19.610  2961  2961 D SIMRecords: [SIMRecords-0] EF_PL=6573726F656E6672646568756974
11-27 15:20:19.610  2961  2961 D SIMRecords: [SIMRecords-0] onRecordLoaded 2 requested: true
11-27 15:20:19.613  2961  3116 D RILJ    : [0278]< SIM_IO IccIoResult sw1:0x90 sw2:0x0 Payload: ******* [PHONE0]
11-27 15:20:19.614  2961  2961 D RILJ    : [0279]> iccIO: SIM_IO [PHONE0]
11-27 15:20:19.623  2961  3116 D RILJ    : [0279]< SIM_IO IccIoResult sw1:0x90 sw2:0x0 Payload: ******* [PHONE0]
11-27 15:20:19.624  2961  2961 D RILJ    : [0280]> iccIO: SIM_IO [PHONE0]
11-27 15:20:19.633  2961  3116 D RILJ    : [0277]< SIM_IO IccIoResult sw1:0x90 sw2:0x0 Payload: ******* [PHONE0]
11-27 15:20:19.633  2961  2961 D SIMRecords: [SIMRecords-0] onRecordLoaded 1 requested: true
11-27 15:20:19.635  2961  3116 D RILJ    : [0280]< SIM_IO IccIoResult sw1:0x90 sw2:0x0 Payload: ******* [PHONE0]
11-27 15:20:19.636  2961  2961 D RILJ    : [0281]> iccIO: SIM_IO [PHONE0]
11-27 15:20:19.643  2961  3116 D RILJ    : [0281]< SIM_IO IccIoResult sw1:0x90 sw2:0x0 Payload: ******* [PHONE0]
11-27 15:20:19.644  2961  2961 D RILJ    : [0282]> iccIO: SIM_IO [PHONE0]
11-27 15:20:19.651  2961  3116 D RILJ    : [0282]< SIM_IO IccIoResult sw1:0x90 sw2:0x0 Payload: ******* [PHONE0]
11-27 15:20:19.651  2961  2961 D RILJ    : [0283]> iccIO: SIM_IO [PHONE0]
11-27 15:20:19.663  2961  3116 D RILJ    : [0283]< SIM_IO IccIoResult sw1:0x90 sw2:0x0 Payload: ******* [PHONE0]
11-27 15:20:19.663  2961  2961 D RILJ    : [0284]> iccIO: SIM_IO [PHONE0]
11-27 15:20:19.671  2961  3116 D RILJ    : [0284]< SIM_IO IccIoResult sw1:0x90 sw2:0x0 Payload: ******* [PHONE0]
11-27 15:20:19.671  2961  2961 E SIMRecords: [SIMRecords-0] Invalid length for decoded PLMN 
11-27 15:20:19.671  2961  2961 E SIMRecords: [SIMRecords-0] Invalid length for decoded PLMN 
11-27 15:20:19.671  2961  2961 E SIMRecords: [SIMRecords-0] Invalid length for decoded PLMN 
11-27 15:20:19.671  2961  2961 E SIMRecords: [SIMRecords-0] Invalid length for decoded PLMN 
11-27 15:20:19.671  2961  2961 E SIMRecords: [SIMRecords-0] Invalid length for decoded PLMN 
11-27 15:20:19.672  2961  2961 E SIMRecords: [SIMRecords-0] Invalid length for decoded PLMN 
11-27 15:20:19.672  2961  2961 E SIMRecords: [SIMRecords-0] Invalid length for decoded PLMN 
11-27 15:20:19.672  2961  2961 D SIMRecords: [SIMRecords-0] parseEfOpl: [{plmnNumericPattern = 21407, lacTacStart = 0, lacTacEnd = 65534, pnnRecordId = 1}]
11-27 15:20:19.672  2961  2961 D SIMRecords: [SIMRecords-0] onRecordLoaded 0 requested: true
11-27 15:20:19.672  2961  2961 D SIMRecords: [SIMRecords-0] record load complete
11-27 15:20:19.672  2961  2961 D SIMRecords: [SIMRecords-0] Not using EF LI/EF PL
11-27 15:20:19.672  2961  2961 D SIMRecords: [SIMRecords-0] EF_CFIS and EF_CFF not valid. callForwardingEnabled=-1
11-27 15:20:19.672  2961  2961 D SIMRecords: [SIMRecords-0] onAllRecordsLoaded set 'gsm.sim.operator.numeric' to operator='21422'
11-27 15:20:19.673  2961  2961 D SIMRecords: [SIMRecords-0] onAllRecordsLoaded set mcc imsi
11-27 15:20:19.674  2961  3297 D CAT     : CatService: handleMessage[20]
11-27 15:20:19.674  2961  2961 D GsmCdmaPhone: [0] updateCurrentCarrierInProvider: mSubId = 1 currentDds = 1 operatorNumeric = 21422
11-27 15:20:19.678  2961  2961 D SIMRecords: [SIMRecords-0]  VoiceMessageCount from SIM MWIS = 0
11-27 15:20:19.678  2961  2961 D GsmCdmaPhone: [0] updateVoiceMail countVoiceMessages = 0 subId 1
11-27 15:20:19.678  2961  2961 D Phone-0 : setVoiceMessageCount: Storing Voice Mail Count = 0 for mVmCountKey = vm_count_key1 in preferences.
11-27 15:20:19.679  2961  2961 D Phone-0 : setVoiceMessageCount: updating SIM Records
11-27 15:20:19.680  2961  2961 D RILJ    : [0285]> iccIO: SIM_IO [PHONE0]
11-27 15:20:19.680  2961  2961 D SST     : [0] EVENT_SIM_RECORDS_LOADED: what=16
11-27 15:20:19.681  2961  2961 D SST     : [0] getCarrierDisplayNameLegacy+
11-27 15:20:19.681  2961  2961 D SST     : [0] updateCarrierDisplayName: satellitePlmn=null
11-27 15:20:19.682  2961  2961 D SST     : [0] updateCarrierDisplayName: radio is on but out of service, set plmn='Sin servicio'
11-27 15:20:19.682  2961  2961 D SST     : [0] updateCarrierDisplayName: rawSpn = Digi.Mobil
11-27 15:20:19.682  2961  2961 D SST     : [0] getCarrierDisplayNameLegacy-
11-27 15:20:19.682  2961  2961 D SMSVC   : setCarrierName: subId=1, carrierName=Sin servicio
11-27 15:20:19.682  2961  2961 D SST     : [0] notifyCarrierDisplayNameDataChanged: changed sending intent, rule=3, CarrierDisplayNameData={ spn = Digi.Mobil, dataSpn = Digi.Mobil, showSpn = false, plmn = Sin servicio, showPlmn = true, subId=1
11-27 15:20:19.683  2961  2961 D UiccProfile: handleMessage: Received RECORDS_LOADED for phoneId 0
11-27 15:20:19.683  2961  2961 D UiccProfile: setExternalState: operator=21422 mPhoneId=0
11-27 15:20:19.684  2961  2961 D UiccProfile: setExternalState: set mPhoneId=0 mExternalState=LOADED
11-27 15:20:19.688  2961  2961 D UiccController: updateSimState: phoneId=0, state=LOADED, reason=null
11-27 15:20:19.689  2961  2961 D SMSVC   : updateSimState: slot 0 LOADED
11-27 15:20:19.689  2961  2961 D SMSVC   : updateSubscription: phoneId=0, simState=LOADED
11-27 15:20:19.689  2961  2961 D SMSVC   :   [UiccSlot: mActive=true, mIccId={0=893422230[****]}, mIsEuicc=false, MEP=false, mPortIdxToPhoneId={0=0}, mEid=, mCardState={0=CARDSTATE_PRESENT} mSupportedMepMode=NONE]
11-27 15:20:19.689  2961  2961 D SMSVC   :   [UiccSlot: mActive=true, mIccId={0=}, mIsEuicc=false, MEP=false, mPortIdxToPhoneId={0=1}, mEid=, mCardState={0=CARDSTATE_ABSENT} mSupportedMepMode=NONE]
11-27 15:20:19.689  2961  2961 D SMSVC   : updateSubscription: Found iccId=893422230[****] on phone 0
11-27 15:20:19.689  2961  2961 D SMSVC   : updateSubscription: Found existing subscription. subId= 1, phoneId=0
11-27 15:20:19.689  2961  2961 D SMSVC   : updateSubscription: current mapping [slot 0: subId=1]
11-27 15:20:19.690  2961  2961 D MccTable: updateMccMncConfiguration mccmnc='21422
11-27 15:20:19.690  2961  2961 D MccTable: updateMccMncConfiguration: update mccmnc=21422 failure
11-27 15:20:19.691  2961  2961 D SMSVC   : isSatelliteSpn: overlaySpn=, spn=Digi.Mobil
11-27 15:20:19.691  2961  2961 D SMSVC   : isSatellitePlmn: overlayMccMnc=, mccMnc=21422
11-27 15:20:19.691  2961  2961 D SMSVC   : setCountryIso: subId=1, iso=es
11-27 15:20:19.703  2961  2961 D SMSVC   : updateSubscription: [SubscriptionInfoInternal: id=1 iccId=893422230[****] simSlotIndex=0 portIndex=0 isEmbedded=0 isRemovableEmbedded=0 carrierId=2442 displayName=Digi.Mobil carrierName=Sin servicio isOpportunistic=0 groupUuid= groupOwner= displayNameSource=SIM_SPN iconTint=-16749196 number= dataRoaming=1 mcc=214 mnc=22 ehplmns= hplmns=21422 cardString=893422230[****] cardId=0 nativeAccessRules= carrierConfigAccessRules= countryIso=es profileClass=-1 type=LOCAL_SIM areUiccApplicationsEnabled=1 usageSetting=DEFAULT isEnhanced4GModeEnabled=-1 isVideoTelephonyEnabled=-1 isWifiCallingEnabled=-1 isWifiCallingEnabledForRoaming=-1 wifiCallingMode=WIFI_PREFERRED wifiCallingModeForRoaming=WIFI_PREFERRED enabledMobileDataPolicies= imsi=214223003[****] rcsUceEnabled=0 crossSimCallingEnabled=0 rcsConfig= allowedNetworkTypesForReasons=user=654335 deviceToDeviceStatusSharingPreference=0 isVoImsOptInEnabled=0 deviceToDeviceStatusSharingContacts= numberFromCarrier= numberFromIms= userId=-10000 isSatelliteEnabled=0 satellite_attach_enabled_for_carrier=1 getOnlyNonTerrestrialNetwork=0 isGroupDisabled=false serviceCapabilities=7 transferStatus=0 satelliteEntitlementStatus=0 satelliteEntitlementPlmns= isSatelliteESOSSupported=0 isSatelliteProvisionedForNonIpDatagram=0 mSatelliteEntitlementBarredPlmnsList= mSatelliteEntitlementDataPlanForPlmn= mSatelliteEntitlementServicesForPlmn= mSatellitePlmnsDataServicePolicy= mSatellitePlmnsVoiceServicePolicy=]
11-27 15:20:19.703  2961  2961 D SMSVC   : Notify all subscriptions loaded.
11-27 15:20:19.703  2961  2961 D UiccController: Broadcasting intent ACTION_SIM_STATE_CHANGED LOADED reason null for phone: 0 sub: 1
11-27 15:20:19.705  2961  3116 D RILJ    : [0285]< SIM_IO IccIoResult sw1:0x90 sw2:0x0 Payload: ******* [PHONE0]
11-27 15:20:19.705  2961  2961 D UiccController: Broadcasting intent ACTION_SIM_APPLICATION_STATE_CHANGED LOADED for phone: 0 slot: 0 port: 0 sub: 1
11-27 15:20:19.706  2961  2961 D UiccController: updateSimState: resolve carrier id and update carrier services.
11-27 15:20:19.706  2961  2961 D CarrierResolver: [resolveSubscriptionCarrierId] simState: LOADED
11-27 15:20:19.707  2961  2961 D CarrierResolver: [getPreferApn]- internet.digi.es
11-27 15:20:19.710  2961  2961 D CarrierResolver: [matchSubscriptionCarrier] specific cid: 2442 specific name: Digi Spain cid: 2442 name: Digi Spain
11-27 15:20:19.711  2961  2961 D CarrierResolver: [updateSpecificCarrierId] from:-1 to:2442
11-27 15:20:19.711  2961  2961 D CarrierResolver: [updateSpecificCarrierName] from:null to:Digi Spain
11-27 15:20:19.712  2961  2961 D CarrierResolver: [updateCarrierName] from:null to:Digi Spain
11-27 15:20:19.712  2961  2961 D CarrierResolver: [updateCarrierId] from:-1 to:2442
11-27 15:20:19.712  2961  2961 D CarrierResolver: [updateMnoCarrierId] from:-1 to:2442
11-27 15:20:19.715  2961  2961 D SMSDispatcher: Received broadcast android.intent.action.SIM_STATE_CHANGED
11-27 15:20:19.715  2961  2961 D SMSDispatcher: SIM_STATE_CHANGED : SIM_LOADED
11-27 15:20:19.715  2961  2961 D SMSDispatcher: Received broadcast android.intent.action.SIM_STATE_CHANGED
11-27 15:20:19.715  2961  2961 D SMSDispatcher: SIM_STATE_CHANGED : SIM_LOADED
11-27 15:20:19.715  2961  2961 D SMSDispatcher: Received broadcast android.intent.action.SIM_STATE_CHANGED
11-27 15:20:19.715  2961  2961 D SMSDispatcher: SIM_STATE_CHANGED : SIM_LOADED
11-27 15:20:19.715  2961  2961 D SMSDispatcher: Received broadcast android.intent.action.SIM_STATE_CHANGED
11-27 15:20:19.715  2961  2961 D SMSDispatcher: SIM_STATE_CHANGED : SIM_LOADED
11-27 15:20:19.715  2961  2961 D SMSDispatcher: Received broadcast android.intent.action.SIM_STATE_CHANGED
11-27 15:20:19.715  2961  2961 D SMSDispatcher: SIM_STATE_CHANGED : SIM_LOADED
11-27 15:20:19.715  2961  2961 D SMSDispatcher: Received broadcast android.intent.action.SIM_STATE_CHANGED
11-27 15:20:19.715  2961  2961 D SMSDispatcher: SIM_STATE_CHANGED : SIM_LOADED
11-27 15:20:19.722  2961  2961 E CarrierActionAgent: [0]Unsupported action: 7
11-27 15:20:19.722  2961  2961 D CarrierActionAgent: [0]EVENT_SIM_STATE_CHANGED status: LOADED
11-27 15:20:19.722  2961  2961 E CarrierSignalAgent: [0]Carrier signal receivers are configured but unavailable: ComponentInfo{com.android.carrierdefaultapp/com.android.carrierdefaultapp.CarrierDefaultBroadcastReceiver}
11-27 15:20:19.723  2961  2961 D GsmCdmaPhone: mBroadcastReceiver: action android.telephony.action.SIM_APPLICATION_STATE_CHANGED
11-27 15:20:19.723  2961  2961 D GsmCdmaPhone: currentSlotSubIdChanged: changed=false
11-27 15:20:19.724  2961  2961 D GsmCdmaPhone: mBroadcastReceiver: action android.telephony.action.SIM_APPLICATION_STATE_CHANGED
11-27 15:20:19.724  2961  2961 D PhoneSwitcher: mSimStateIntentReceiver: slotIndex = 0 state = 10
11-27 15:20:19.724  2961  2961 D ImsPhoneCallTracker: [0] onCapabilitiesStatusChanged: MmTel Capabilities - [Voice: false Video: false UT: false SMS: false CALL_COMPOSER: false BUSINESS_COMPOSER_ONLY: false]
11-27 15:20:19.724  2961  2961 D PinStorage: SIM card/application changed[0]: LOADED
11-27 15:20:19.730  2961  2961 D CarrierPrivilegesTracker: handleSimStateChanged: slotId=0 simState=10
11-27 15:20:19.730  2961  2961 D CarrierPrivilegesTracker: handleSimStateChanged: SIM fully loaded.
11-27 15:20:19.731  2961  2961 D DNC-0   : onSimStateChanged: state=LOADED
11-27 15:20:19.731  2961  2961 D ImsPhoneCallTracker: [0] handleMessage what=26
11-27 15:20:19.731  2961  2961 D ImsPhoneCallTracker: [0] handleFeatureCapabilityChanged: MmTel Capabilities - [Voice: false Video: false UT: false SMS: false CALL_COMPOSER: false BUSINESS_COMPOSER_ONLY: false] isVideoEnabledStateChanged=false
11-27 15:20:19.732  2961  2961 D ImsPhoneCallTracker: [0] handleFeatureCapabilityChanged: isVolteEnabled=false, isVideoCallEnabled=false, isVowifiEnabled=false, isUtEnabled=false
11-27 15:20:19.732  2961  2961 W ImsStats: [0] conclude: discarding UNKNOWN RAT, duration=3399
11-27 15:20:19.733  2961  2961 D DNC-0   : Re-evaluating 38 unsatisfied network requests in 4 groups, [INTERNET|TRUSTED|NOT_VPN|NOT_VCN_MANAGED]-SATELLITE, [INTERNET|NOT_RESTRICTED|TRUSTED|NOT_VCN_MANAGED|NOT_BANDWIDTH_CONSTRAINED]-, [INTERNET|NOT_RESTRICTED|TRUSTED|NOT_VPN|NOT_VCN_MANAGED|NOT_BANDWIDTH_CONSTRAINED]-, [INTERNET|NOT_RESTRICTED|TRUSTED|NOT_VPN|NOT_VCN_MANAGED|NOT_BANDWIDTH_CONSTRAINED]-CELLULAR due to SIM_LOADED
11-27 15:20:19.734  2961  2961 D DPM-0   : Can't find any data profile that can satisfy [NetworkRequest [ REQUEST id=12, [ Transports: SATELLITE Capabilities: INTERNET&TRUSTED&NOT_VPN&NOT_VCN_MANAGED Uid: 10613 UnderlyingNetworks: Null] ], mPriority=20, state=UNSATISFIED, mAttachedDataNetwork=null, created time=15:20:14.165, evaluation result=Data evaluation: evaluation reason:DATA_PROFILES_CHANGED, Data disallowed reasons: SERVICE_OPTION_NOT_SUPPORTED NOT_IN_SERVICE NO_SUITABLE_DATA_PROFILE SIM_NOT_READY DATA_NETWORK_TRANSPORT_NOT_ALLOWED, candidate profile=null, time=15:20:16.260]
11-27 15:20:19.734  2961  2961 D DPM-0   : Unable to find a data profile for [NetworkRequest [ REQUEST id=12, [ Transports: SATELLITE Capabilities: INTERNET&TRUSTED&NOT_VPN&NOT_VCN_MANAGED Uid: 10613 UnderlyingNetworks: Null] ], mPriority=20, state=UNSATISFIED, mAttachedDataNetwork=null, created time=15:20:14.166, evaluation result=Data evaluation: evaluation reason:DATA_PROFILES_CHANGED, Data disallowed reasons: SERVICE_OPTION_NOT_SUPPORTED NOT_IN_SERVICE NO_SUITABLE_DATA_PROFILE SIM_NOT_READY DATA_NETWORK_TRANSPORT_NOT_ALLOWED, candidate profile=null, time=15:20:16.260]
11-27 15:20:19.734  2961  2961 D DNC-0   : Data evaluation: evaluation reason:SIM_LOADED, Data disallowed reasons: SERVICE_OPTION_NOT_SUPPORTED NOT_IN_SERVICE NO_SUITABLE_DATA_PROFILE DATA_NETWORK_TRANSPORT_NOT_ALLOWED, candidate profile=null, time=15:20:19.734, network type=UNKNOWN, reg state=NOT_REG_SEARCHING, [NetworkRequest [ REQUEST id=12, [ Transports: SATELLITE Capabilities: INTERNET&TRUSTED&NOT_VPN&NOT_VCN_MANAGED Uid: 10613 UnderlyingNetworks: Null] ], mPriority=20, state=UNSATISFIED, mAttachedDataNetwork=null, created time=15:20:14.166, evaluation result=Data evaluation: evaluation reason:SIM_LOADED, Data disallowed reasons: SERVICE_OPTION_NOT_SUPPORTED NOT_IN_SERVICE NO_SUITABLE_DATA_PROFILE DATA_NETWORK_TRANSPORT_NOT_ALLOWED, candidate profile=null, time=15:20:19.734]
11-27 15:20:19.734  2961  2961 D DPM-0   : Can't find any data profile that can satisfy [NetworkRequest [ REQUEST id=65, [ Capabilities: INTERNET&NOT_RESTRICTED&TRUSTED&NOT_VCN_MANAGED&NOT_BANDWIDTH_CONSTRAINED Uid: 1073 RequestorUid: 1073 RequestorPkg: com.android.networkstack UnderlyingNetworks: Null] ], mPriority=20, state=UNSATISFIED, mAttachedDataNetwork=null, created time=15:20:14.154, evaluation result=Data evaluation: evaluation reason:DATA_PROFILES_CHANGED, Data disallowed reasons: SERVICE_OPTION_NOT_SUPPORTED NOT_IN_SERVICE NO_SUITABLE_DATA_PROFILE SIM_NOT_READY, candidate profile=null, time=15:20:16.261]
11-27 15:20:19.734  2961  2961 D DPM-0   : Unable to find a data profile for [NetworkRequest [ REQUEST id=65, [ Capabilities: INTERNET&NOT_RESTRICTED&TRUSTED&NOT_VCN_MANAGED&NOT_BANDWIDTH_CONSTRAINED Uid: 1073 RequestorUid: 1073 RequestorPkg: com.android.networkstack UnderlyingNetworks: Null] ], mPriority=20, state=UNSATISFIED, mAttachedDataNetwork=null, created time=15:20:14.154, evaluation result=Data evaluation: evaluation reason:DATA_PROFILES_CHANGED, Data disallowed reasons: SERVICE_OPTION_NOT_SUPPORTED NOT_IN_SERVICE NO_SUITABLE_DATA_PROFILE SIM_NOT_READY, candidate profile=null, time=15:20:16.261]
11-27 15:20:19.734  2961  2961 D DNC-0   : Data evaluation: evaluation reason:SIM_LOADED, Data disallowed reasons: SERVICE_OPTION_NOT_SUPPORTED NOT_IN_SERVICE NO_SUITABLE_DATA_PROFILE, candidate profile=null, time=15:20:19.734, network type=UNKNOWN, reg state=NOT_REG_SEARCHING, [NetworkRequest [ REQUEST id=65, [ Capabilities: INTERNET&NOT_RESTRICTED&TRUSTED&NOT_VCN_MANAGED&NOT_BANDWIDTH_CONSTRAINED Uid: 1073 RequestorUid: 1073 RequestorPkg: com.android.networkstack UnderlyingNetworks: Null] ], mPriority=20, state=UNSATISFIED, mAttachedDataNetwork=null, created time=15:20:14.154, evaluation result=Data evaluation: evaluation reason:SIM_LOADED, Data disallowed reasons: SERVICE_OPTION_NOT_SUPPORTED NOT_IN_SERVICE NO_SUITABLE_DATA_PROFILE, candidate profile=null, time=15:20:19.734]
11-27 15:20:19.735  2961  2961 D DPM-0   : Can't find any data profile that can satisfy [NetworkRequest [ REQUEST id=1, [ Capabilities: INTERNET&NOT_RESTRICTED&TRUSTED&NOT_VPN&NOT_VCN_MANAGED&NOT_BANDWIDTH_CONSTRAINED RequestorUid: 1000 RequestorPkg: android UnderlyingNetworks: Null] ], mPriority=20, state=UNSATISFIED, mAttachedDataNetwork=null, created time=15:20:14.171, evaluation result=Data evaluation: evaluation reason:DATA_PROFILES_CHANGED, Data disallowed reasons: SERVICE_OPTION_NOT_SUPPORTED NOT_IN_SERVICE NO_SUITABLE_DATA_PROFILE SIM_NOT_READY, candidate profile=null, time=15:20:16.261]
11-27 15:20:19.735  2961  2961 D DPM-0   : Unable to find a data profile for [NetworkRequest [ REQUEST id=1, [ Capabilities: INTERNET&NOT_RESTRICTED&TRUSTED&NOT_VPN&NOT_VCN_MANAGED&NOT_BANDWIDTH_CONSTRAINED RequestorUid: 1000 RequestorPkg: android UnderlyingNetworks: Null] ], mPriority=20, state=UNSATISFIED, mAttachedDataNetwork=null, created time=15:20:14.171, evaluation result=Data evaluation: evaluation reason:DATA_PROFILES_CHANGED, Data disallowed reasons: SERVICE_OPTION_NOT_SUPPORTED NOT_IN_SERVICE NO_SUITABLE_DATA_PROFILE SIM_NOT_READY, candidate profile=null, time=15:20:16.261]
11-27 15:20:19.735  2961  2961 D DNC-0   : Data evaluation: evaluation reason:SIM_LOADED, Data disallowed reasons: SERVICE_OPTION_NOT_SUPPORTED NOT_IN_SERVICE NO_SUITABLE_DATA_PROFILE, candidate profile=null, time=15:20:19.735, network type=UNKNOWN, reg state=NOT_REG_SEARCHING, [NetworkRequest [ REQUEST id=1, [ Capabilities: INTERNET&NOT_RESTRICTED&TRUSTED&NOT_VPN&NOT_VCN_MANAGED&NOT_BANDWIDTH_CONSTRAINED RequestorUid: 1000 RequestorPkg: android UnderlyingNetworks: Null] ], mPriority=20, state=UNSATISFIED, mAttachedDataNetwork=null, created time=15:20:14.171, evaluation result=Data evaluation: evaluation reason:SIM_LOADED, Data disallowed reasons: SERVICE_OPTION_NOT_SUPPORTED NOT_IN_SERVICE NO_SUITABLE_DATA_PROFILE, candidate profile=null, time=15:20:19.735]
11-27 15:20:19.735  2961  2961 D DPM-0   : Can't find any data profile that can satisfy [NetworkRequest [ BACKGROUND_REQUEST id=2, [ Transports: CELLULAR Capabilities: INTERNET&NOT_RESTRICTED&TRUSTED&NOT_VPN&NOT_VCN_MANAGED&NOT_BANDWIDTH_CONSTRAINED RequestorUid: 1000 RequestorPkg: android UnderlyingNetworks: Null] ], mPriority=20, state=UNSATISFIED, mAttachedDataNetwork=null, created time=15:20:14.167, evaluation result=Data evaluation: evaluation reason:DATA_PROFILES_CHANGED, Data disallowed reasons: SERVICE_OPTION_NOT_SUPPORTED NOT_IN_SERVICE NO_SUITABLE_DATA_PROFILE SIM_NOT_READY, candidate profile=null, time=15:20:16.262]
11-27 15:20:19.735  2961  2961 D DPM-0   : Unable to find a data profile for [NetworkRequest [ BACKGROUND_REQUEST id=2, [ Transports: CELLULAR Capabilities: INTERNET&NOT_RESTRICTED&TRUSTED&NOT_VPN&NOT_VCN_MANAGED&NOT_BANDWIDTH_CONSTRAINED RequestorUid: 1000 RequestorPkg: android UnderlyingNetworks: Null] ], mPriority=20, state=UNSATISFIED, mAttachedDataNetwork=null, created time=15:20:14.167, evaluation result=Data evaluation: evaluation reason:DATA_PROFILES_CHANGED, Data disallowed reasons: SERVICE_OPTION_NOT_SUPPORTED NOT_IN_SERVICE NO_SUITABLE_DATA_PROFILE SIM_NOT_READY, candidate profile=null, time=15:20:16.262]
11-27 15:20:19.736  2961  2961 D DNC-0   : Data evaluation: evaluation reason:SIM_LOADED, Data disallowed reasons: SERVICE_OPTION_NOT_SUPPORTED NOT_IN_SERVICE NO_SUITABLE_DATA_PROFILE, candidate profile=null, time=15:20:19.735, network type=UNKNOWN, reg state=NOT_REG_SEARCHING, [NetworkRequest [ BACKGROUND_REQUEST id=2, [ Transports: CELLULAR Capabilities: INTERNET&NOT_RESTRICTED&TRUSTED&NOT_VPN&NOT_VCN_MANAGED&NOT_BANDWIDTH_CONSTRAINED RequestorUid: 1000 RequestorPkg: android UnderlyingNetworks: Null] ], mPriority=20, state=UNSATISFIED, mAttachedDataNetwork=null, created time=15:20:14.167, evaluation result=Data evaluation: evaluation reason:SIM_LOADED, Data disallowed reasons: SERVICE_OPTION_NOT_SUPPORTED NOT_IN_SERVICE NO_SUITABLE_DATA_PROFILE, candidate profile=null, time=15:20:19.735]
11-27 15:20:19.736  2961  2961 D SST     : [0] EVENT_IMS_CAPABILITY_CHANGED
11-27 15:20:19.736  2961  2961 D SST     : [0] getCarrierDisplayNameLegacy+
11-27 15:20:19.737  2961  2961 D SST     : [0] updateCarrierDisplayName: satellitePlmn=null
11-27 15:20:19.737  2961  2961 D SST     : [0] updateCarrierDisplayName: radio is on but out of service, set plmn='Sin servicio'
11-27 15:20:19.737  2961  2961 D SST     : [0] updateCarrierDisplayName: rawSpn = Digi.Mobil
11-27 15:20:19.737  2961  2961 D SST     : [0] getCarrierDisplayNameLegacy-
11-27 15:20:19.738  2961  2961 D Phone-0 : isWifiCallingEnabled =false
11-27 15:20:19.738  2961  2961 D CSST    : isPhoneRegisteredForWifiCalling: false
11-27 15:20:19.738  2961  2961 D Phone-0 : isWifiCallingEnabled =false
11-27 15:20:19.738  2961  2961 I CSST    : EmergencyNetworkNotification: sendMessage() w/values: ,-1,false,true
11-27 15:20:19.739  2961  2961 I CSST    : canceling notifications: 1001
11-27 15:20:19.785  2961  2961 D SMSVC   : updateSubscriptionByCarrierConfig: phoneId=0, configPackageName=com.android.carrierconfig
11-27 15:20:19.786  2961  2961 E SMSVC   : calculateUsageSetting: Invalid usage setting!-1
11-27 15:20:19.788  2961  3213 D SatelliteEntitlementController: handleCarrierConfigChanged(): slotIndex(0), subId(1), carrierId(2442), specificCarrierId(2442)
11-27 15:20:19.788  2961  3213 D SatelliteEntitlementController: processSimChanged prev subId:1
11-27 15:20:19.789  2961  3213 D SatelliteEntitlementController: shouldStartQueryEntitlement 1
11-27 15:20:19.790  2961  3213 D SatelliteEntitlementController: Doesn't support entitlement query for satellite.
11-27 15:20:19.790  2961  3213 D SatelliteEntitlementController: resetEntitlementQueryPerSubId: 1
11-27 15:20:19.795  2961  3207 D Phone-0 : [0] notifyCarrierRoamingNtnAvailableServicesChanged availableServices:[]
11-27 15:20:19.799  2961  3207 D Phone-0 : [0] setSatellitePlmn: simSlot=0 carrierPlmnList=[] allSatellitePlmnList=[302723, 310830, 73029, 44055, 53013, 255707, 50511, 50559]
11-27 15:20:19.799  2961  3207 D RILJ    : setSatellitePlmn: SatelliteModemInterface is used. [PHONE0]
11-27 15:20:19.800  2961  2961 D ANM-0   : bind to com.android.qns
11-27 15:20:19.801  2961  3207 D Phone-0 : [0] setSatelliteEnabledForCarrier: simSlot=0 satelliteEnabled=false
11-27 15:20:19.801  2961  3207 D RILJ    : setSatelliteEnabledForCarrier: SatelliteModemInterface is used. [PHONE0]
11-27 15:20:19.801  2961  3207 D RILJ    : isSatelliteEnabledForCarrier: SatelliteModemInterface is used. [PHONE0]
11-27 15:20:19.801  2961  3293 D ImsManagerIM [0]: getWfcMode - setting=2
11-27 15:20:19.804  2961  3293 D ImsManagerIM [0]: getWfcMode (roaming) - setting=2
11-27 15:20:19.804  2961  2961 E ANM-0   : Cannot bind to the qualified networks service.
11-27 15:20:19.807  2961  2961 D SST     : [0] CarrierConfigChange PersistableBundle[{imsvoice.voice_on_default_bearer_supported_bool=false, remove_modify_call_capability=false, imsvoice.rtp_inactivity_time_threshold_millis_long=5000, imsss.ut_transport_type_int=1, imsemergency.emergency_call_setup_timer_on_current_network_sec_int=0, carrier_volte_provisioned_bool=false, support_cdma_1x_voice_calls_bool=true, support_ss_over_cdma_bool=false, disable_charge_indication_bool=false, ims.sip_timer_t4_millis_int=17000, config_call_forwarding_CFNRc_visibility_bool=true, support_tdscdma_bool=false, config_video_supp_service=false, httpSocketTimeout=60000, allowed_initial_attach_apn_types_string_array=[ia, default], disable_supplementary_services_in_airplane_mode_bool=false, call_barring_default_service_class_int=1, call_redirection_service_component_name_string=null, carrier_wfc_supports_wifi_only_bool=false, carrier_default_actions_on_default_network_available_string_array=[false: 7, true: 8], imsvoice.minimum_session_expires_timer_sec_int=90, vonr_on_by_default_bool=true, iwlan_handover_policy_string_array=[source=GERAN|UTRAN|EUTRAN|NGRAN|IWLAN, target=GERAN|UTRAN|EUTRAN|NGRAN|IWLAN, type=allowed], operator_selection_expand_bool=true, disable_cdma_activation_code_bool=false, simplified_network_settings_bool=false, imsemergency.emergency_registration_timer_millis_int=10000, call_forwarding_when_unanswered_supported_bool=true, imsvt.h264_payload_description_bundle=PersistableBundle[{99=PersistableBundle[{}], 100=PersistableBundle[{imsvt.video_codec_attribute_packetization_mode_int=0}]}], config_cota_carrier_customize_for_stk_feature=false, support_tdscdma_roaming_networks_string_array=null, opportunistic.5g_data_switch_hysteresis_time_long=2000, ims.sip_timer_d_millis_int=130000, gps.lpp_profile=2, call_barring_visibility_bool=true, __carrier_config_package_version__=1, gba_mode_int=1, ims.registration_subscribe_expiry_timer_sec_int=600000, gps.es_extension_sec=0, enable_apps_string_array=null, 5g_icon_display_secondary_grace_period_string=, carrier_default_wfc_ims_roaming_enabled_bool=false, cdma_nonroaming_networks_string_array=null, imsss.ut_as_server_fqdn_string=, imsemergency.emergency_lte_preferred_after_nr_failed_bool=false, signal_strength_nr_nsa_use_lte_as_primary_bool=true, 5g_ultra_wideband_icon_nsa_band_mode=2147483647, aliasMinChars=2, fdn_number_length_limit_int=20, support_ims_call_forwarding_while_roaming_bool=true, wfc_data_spn_format_idx_int=0, hide_sim_lock_settings_bool=false, premium_capability_network_setup_time_millis_long=300000, satellite_esos_supported_bool=false, drop_video_call_when_answering_audio_call_bool=false, data_stall_recovery_timers_long_array=[180000, 180000, 180000, 180000], satellite_connection_hysteresis_sec_int=180, opportunistic_esim_download_via_wifi_only_bool=false, imsss.xcap_over_ut_supported_rats_int_array=[3, 5, 6], ci_action_on_sys_update_bool=false, carrier_certificate_string_array=[], convert_cdma_caller_id_mmi_codes_while_roaming_on_3gpp_bool=false, support_enhanced_call_blocking_bool=true, iwlan.ike_rekey_hard_timer_in_sec=14400, vvm_port_number_int=0, premium_capability_notification_display_timeout_millis_long=1800000, wifi_connectivity_extend_cell_delay=-1, imsemergency.emergency_requires_ims_registration_bool=false, carrier_default_wfc_ims_enabled_bool=false, iwlan.ike_session_encryption_aes_ctr_key_size_int_array=[128, 192, 256], dial_string_replace_string_array=null, opportunistic_network_entry_threshold_bandwidth_int=1024, imsemergency.emergency_requires_volte_enabled_bool=false, opportunistic_network_data_switch_exit_hysteresis_time_long=3000, imsss.use_csfb_on_xcap_over_ut_failure_bool=true, gsm_nonroaming_networks_string_array=null, imsserviceentitlement.ims_provisioning_bool=false, wifi.avoid_5ghz_softap_for_laa_bool=false, hide_ims_apn_bool=false, carrier_network_service_wlan_class_override_string=, vvm_destination_number_string=, ims.ipsec_encryption_algorithms_int_array=[0, 1, 2], opportunistic.5g_backoff_time_long=10000, enable_cross_sim_calling_on_opportunistic_data_boo
11-27 15:20:19.807  2961  2961 D Phone-0 : getCallForwardingIndicatorFromSharedPref: for subId 1= -1
11-27 15:20:19.807  2961  2961 D Phone-0 : getCallForwardingIndicatorFromSharedPref: for subId 1= -1
11-27 15:20:19.807  2961  2961 V Phone-0 : getCallForwardingIndicator: iccForwardingFlag=-1, sharedPrefFlag=-1
11-27 15:20:19.807  2961  2961 D DefaultPhoneNotifier: notifyCallForwardingChanged: subId=1, isCFActive=false
11-27 15:20:19.807  2961  2961 D Phone-0 : getCallForwardingIndicatorFromSharedPref: for subId 1= -1
11-27 15:20:19.807  2961  2961 D Phone-0 : getCallForwardingIndicatorFromSharedPref: for subId 1= -1
11-27 15:20:19.807  2961  2961 V Phone-0 : getCallForwardingIndicator: iccForwardingFlag=-1, sharedPrefFlag=-1
11-27 15:20:19.808  2961  2961 D SST     : [0] pollState: modemTriggered=false, radioState=1
11-27 15:20:19.809  2961  2961 D RILJ    : [0286]> OPERATOR [PHONE0]
11-27 15:20:19.810  2961  2961 D RILJ    : [0287]> QUERY_NETWORK_SELECTION_MODE [PHONE0]
11-27 15:20:19.810  2961  2961 D CarrierSignalAgent: [0]Loading carrier config: carrier_app_wake_signal_config
11-27 15:20:19.810  2961  2961 D CarrierSignalAgent: [0]Loading carrier config: carrier_app_no_wake_signal_config
11-27 15:20:19.810  2961  2961 D NRM-I-0 : Carrier config changed. Try to bind network service.
11-27 15:20:19.810  2961  3302 D RILJ    : [0288]> DATA_REGISTRATION_STATE [PHONE0]
11-27 15:20:19.810  2961  3302 D RILJ    : getDataRegistrationState: overrideHalVersion=null [PHONE0]
11-27 15:20:19.810  2961  2961 D NRM-I-0 : Service vendor.qti.iwlan already bound or being bound.
11-27 15:20:19.811  2961  2961 D CSST    : onCarrierConfigChanged: slotIndex=0, subId=1, carrierId=2442
11-27 15:20:19.811  2961  2961 I CSST    : reading time to delay notification pref network: -1
11-27 15:20:19.811  2961  2961 I CSST    : reading enabled notification pref network: true
11-27 15:20:19.811  2961  2961 I CSST    : reading time to delay notification emergency: -1
11-27 15:20:19.811  1709  1709 D RILC    : RadioImpl_1_5::getDataRegistrationState_1_5: serial 288
11-27 15:20:19.811  2961  2961 D Phone-0 : [0] SubId1,get allowed network types user: value = GPRS|EDGE|UMTS|CDMA|CDMA - EvDo rev. 0|CDMA - EvDo rev. A|CDMA - 1xRTT|HSDPA|HSUPA|HSPA|CDMA - EvDo rev. B|LTE|CDMA - eHRPD|HSPA+|GSM|TD_SCDMA|LTE_CA|NR
11-27 15:20:19.811  2961  2961 D PhoneFactory: calculatePreferredNetworkType: phoneId = 0 networkType = 654335
11-27 15:20:19.811  2961  3302 D RILJ    : [0289]> VOICE_REGISTRATION_STATE [PHONE0]
11-27 15:20:19.811  2961  3302 D RILJ    : getVoiceRegistrationState: overrideHalVersion=null [PHONE0]
11-27 15:20:19.811  1709  1709 D RILC    : RadioImpl_1_5::getVoiceRegistrationState_1_5: serial 289
11-27 15:20:19.811  2961  2961 D Phone-0 : [0] SubId1,get allowed network types carrier: value = GPRS|EDGE|UMTS|CDMA|CDMA - EvDo rev. 0|CDMA - EvDo rev. A|CDMA - 1xRTT|HSDPA|HSUPA|HSPA|CDMA - EvDo rev. B|LTE|CDMA - eHRPD|HSPA+|GSM|TD_SCDMA|LTE_CA
11-27 15:20:19.811  2961  2961 I CSST    : isNrSupported:  carrierConfigEnabled: true, AccessFamilySupported: true, isNrNetworkTypeAllowed: false
11-27 15:20:19.811  2961  2961 I CSST    : PrefNetworkNotification: sendMessage() w/values: ,true,false,-1,false,true
11-27 15:20:19.811  2961  3413 D NRM-I-0 : onRequestNetworkRegistrationInfoComplete result: 0, info: NetworkRegistrationInfo{ domain=PS transportType=WLAN registrationState=NOT_REG_OR_SEARCHING networkRegistrationState=NOT_REG_OR_SEARCHING roamingType=NOT_ROAMING accessNetworkTechnology=IWLAN rejectCause=0 emergencyEnabled=false availableServices=[] cellIdentity=null voiceSpecificInfo=null dataSpecificInfo=null nrState=**** rRplmn= isUsingCarrierAggregation=false isNonTerrestrialNetwork=TERRESTRIAL}
11-27 15:20:19.812  2961  2961 I CSST    : canceling notifications: 1000
11-27 15:20:19.812  2961  2961 D Phone-0 : isWifiCallingEnabled =false
11-27 15:20:19.812  2961  2961 D CSST    : isPhoneRegisteredForWifiCalling: false
11-27 15:20:19.812  2961  2961 D Phone-0 : isWifiCallingEnabled =false
11-27 15:20:19.812  2961  2961 I CSST    : EmergencyNetworkNotification: sendMessage() w/values: ,-1,false,true
11-27 15:20:19.812  2961  2961 I CSST    : canceling notifications: 1001
11-27 15:20:19.813  2961  2961 D DIC-0   : Carrier configs updated: PersistableBundle[{carrier_config_applied_bool=true, show_roaming_indicator_bool=true, carrier_config_version_string=}]
11-27 15:20:19.813  2961  2961 D DCM-0   : EVENT_CARRIER_CONFIG_CHANGED
11-27 15:20:19.814  2961  3116 D RILJ    : [0288]< DATA_REGISTRATION_STATE {.regState = NOT_REG_MT_SEARCHING_OP, .rat = UNKNOWN, .reasonForDenial = NONE, .cellIdentity = {.noinit = {}}, .registeredPlmn = , .accessTechnologySpecificInfo = {.noinit = {}}} [PHONE0]
11-27 15:20:19.814  2961  3302 D CellularNetworkService: No access tech specific info passes for RegStateResult
11-27 15:20:19.814  2961  3302 D NRM-C-0 : onRequestNetworkRegistrationInfoComplete result: 0, info: NetworkRegistrationInfo{ domain=PS transportType=WWAN registrationState=NOT_REG_SEARCHING networkRegistrationState=NOT_REG_SEARCHING roamingType=NOT_ROAMING accessNetworkTechnology=UNKNOWN rejectCause=0 emergencyEnabled=false availableServices=[] cellIdentity=null voiceSpecificInfo=null dataSpecificInfo=android.telephony.DataSpecificRegistrationInfo :{ maxDataCalls = 16 isDcNrRestricted = false isNrAvailable = false isEnDcAvailable = false mLteAttachResultType = 0 mLteAttachExtraInfo = 0 LteVopsSupportInfo :  mVopsSupport = 1 mEmcBearerSupport = 1 } nrState=**** rRplmn= isUsingCarrierAggregation=false isNonTerrestrialNetwork=TERRESTRIAL}
11-27 15:20:19.814  2961  3116 D RILJ    : [0286]< OPERATOR {, , } [PHONE0]
11-27 15:20:19.815  2961  2961 D DCM-0   : Carrier config updated. Config is carrier specific.
11-27 15:20:19.816  2961  2961 D ImsPhoneCallTracker: [1] onReceive: Skipping indication for other phoneId: 0
11-27 15:20:19.816  2961  2961 D UiccProfile: onCarrierConfigChanged: slotIndex=0, subId=1, carrierId=2442
11-27 15:20:19.817  2961  2961 D NetworkTypeController: [0] LegacyState: process EVENT_CARRIER_CONFIG_CHANGED
11-27 15:20:19.817  2961  2961 D NetworkTypeController: [0] DefaultState: process EVENT_CARRIER_CONFIG_CHANGED
11-27 15:20:19.817  2961  2961 D NetworkTypeController: [0] mOverrideTimerRules: {connected={mState=connected, mOverrideType=NR_NSA, mPrimaryTimers={}, mSecondaryTimers={}}, not_restricted_rrc_con={mState=not_restricted_rrc_con, mOverrideType=NR_NSA, mPrimaryTimers={}, mSecondaryTimers={}}, legacy={mState=legacy, mOverrideType=NONE, mPrimaryTimers={}, mSecondaryTimers={}}, not_restricted_rrc_idle={mState=not_restricted_rrc_idle, mOverrideType=NR_NSA, mPrimaryTimers={}, mSecondaryTimers={}}, restricted={mState=restricted, mOverrideType=NONE, mPrimaryTimers={}, mSecondaryTimers={}}, connected_mmwave={mState=connected_mmwave, mOverrideType=NR_NSA, mPrimaryTimers={}, mSecondaryTimers={}}, connected_rrc_idle={mState=connected_rrc_idle, mOverrideType=NR_NSA, mPrimaryTimers={}, mSecondaryTimers={}}}
11-27 15:20:19.817  2961  2961 D NetworkTypeController: [0] Physical channel configs updated: anchorNrCell=-1, nrBandwidths=0, nrBands=[], configs=null
11-27 15:20:19.817  2961  2961 D NetworkTypeController: [0] Reset timers since carrier configurations changed.
11-27 15:20:19.817  2961  2961 E SSCtr   : Invalid parameters for NR RSRP boost
11-27 15:20:19.818  2961  2961 D RILJ    : [0290]> SET_SIGNAL_STRENGTH_REPORTING_CRITERIA [PHONE0]
11-27 15:20:19.819  2961  2961 D SSCtr   : setSignalStrengthReportingCriteria consolidatedSignalThresholdInfos=[SignalThresholdInfo{mRan=1 mSignalMeasurementType=1 mHysteresisMs=3000 mHysteresisDb=2 mThresholds=[-107, -103, -97, -89] mIsEnabled=true}, SignalThresholdInfo{mRan=2 mSignalMeasurementType=2 mHysteresisMs=3000 mHysteresisDb=2 mThresholds=[-115, -105, -95, -85] mIsEnabled=true}, SignalThresholdInfo{mRan=3 mSignalMeasurementType=3 mHysteresisMs=3000 mHysteresisDb=2 mThresholds=[-128, -118, -108, -98] mIsEnabled=true}, SignalThresholdInfo{mRan=3 mSignalMeasurementType=4 mHysteresisMs=3000 mHysteresisDb=2 mThresholds=[] mIsEnabled=false}, SignalThresholdInfo{mRan=3 mSignalMeasurementType=5 mHysteresisMs=3000 mHysteresisDb=2 mThresholds=[] mIsEnabled=false}, SignalThresholdInfo{mRan=6 mSignalMeasurementType=6 mHysteresisMs=3000 mHysteresisDb=2 mThresholds=[-110, -90, -80, -65] mIsEnabled=true}, SignalThresholdInfo{mRan=6 mSignalMeasurementType=7 mHysteresisMs=3000 mHysteresisDb=2 mThresholds=[] mIsEnabled=false}, SignalThresholdInfo{mRan=6 mSignalMeasurementType=8 mHysteresisMs=3000 mHysteresisDb=2 mThresholds=[] mIsEnabled=false}, SignalThresholdInfo{mRan=2 mSignalMeasurementType=9 mHysteresisMs=3000 mHysteresisDb=2 mThresholds=[] mIsEnabled=false}]
11-27 15:20:19.819  2961  2961 D ImsPhoneCallTracker: [0] onReceive: Applying carrier config for subId: 1
11-27 15:20:19.819  2961  2961 D ImsPhoneCallTracker: [0] Loaded ImsReasonInfo mapping : fromCode = 332 ; message = Q.850;cause=21 ; toCode = 510
11-27 15:20:19.819  2961  2961 D ImsPhoneCallTracker: [0] updateCarrierConfiguration: Updating mAllowEmergencyVideoCalls = false
11-27 15:20:19.819  2961  2961 I ImsPhoneCallTracker: [0] updateCarrierConfiguration: Updating ImsService configs.
11-27 15:20:19.820  2961  2961 I ImsManager [0]: reevaluateCapabilities
11-27 15:20:19.821  2961  2961 W ImsProvisioningController: isProvisioningRequired : getTechsFromCarrierConfig failed
11-27 15:20:19.821  2961  2961 D ImsProvisioningController: isImsProvisioningRequiredForCapability capability 1 tech 0 return value false
11-27 15:20:19.826  2961  2961 D ImsManager [0]: MmTel Provisioning required false for capability 1
11-27 15:20:19.827  2961  3151 D RILJ    : [0291]> GSM_SET_BROADCAST_CONFIG with 9 configs :  [PHONE0]
11-27 15:20:19.827  2961  3151 D RILJ    : SmsBroadcastConfigInfo: Id [4352,4354] Code [0,255] ENABLED [PHONE0]
11-27 15:20:19.827  2961  3151 D RILJ    : SmsBroadcastConfigInfo: Id [4355,4355] Code [0,255] DISABLED [PHONE0]
11-27 15:20:19.827  2961  3151 D RILJ    : SmsBroadcastConfigInfo: Id [4356,4356] Code [0,255] ENABLED [PHONE0]
11-27 15:20:19.827  2961  3151 D RILJ    : SmsBroadcastConfigInfo: Id [4370,4370] Code [0,255] ENABLED [PHONE0]
11-27 15:20:19.827  2961  3151 D RILJ    : SmsBroadcastConfigInfo: Id [4371,4372] Code [0,255] DISABLED [PHONE0]
11-27 15:20:19.827  2961  3151 D RILJ    : SmsBroadcastConfigInfo: Id [4380,4380] Code [0,255] DISABLED [PHONE0]
11-27 15:20:19.827  2961  3151 D RILJ    : SmsBroadcastConfigInfo: Id [4383,4383] Code [0,255] ENABLED [PHONE0]
11-27 15:20:19.827  2961  3151 D RILJ    : SmsBroadcastConfigInfo: Id [4384,4385] Code [0,255] DISABLED [PHONE0]
11-27 15:20:19.827  2961  3151 D RILJ    : SmsBroadcastConfigInfo: Id [4393,4393] Code [0,255] DISABLED [PHONE0]
11-27 15:20:19.828  2961  2961 D ImsManager [0]: updateVoiceCellFeatureValue: available = true, enabled = true, nonTTY = true, provisioned = true, voLteFeatureOn = true, voNrAvailable = true
11-27 15:20:19.828  2961  2961 W ImsProvisioningController: isProvisioningRequired : getTechsFromCarrierConfig failed
11-27 15:20:19.828  2961  2961 D ImsProvisioningController: isImsProvisioningRequiredForCapability capability 1 tech 1 return value false
11-27 15:20:19.828  2961  2961 D ImsManager [0]: MmTel Provisioning required false for capability 1
11-27 15:20:19.829  2961  2961 D ImsManager [0]: getWfcMode - setting=2
11-27 15:20:19.830  2961  2961 D ImsManager [0]: updateWfcFeatureAndProvisionedValues: available = true, enabled = false, mode = 2, provisioned = true, roaming = false, isFeatureOn = false, isNonTtyWifi = true
11-27 15:20:19.832  2961  2961 W ImsProvisioningController: isProvisioningRequired : getTechsFromCarrierConfig failed
11-27 15:20:19.832  2961  2961 D ImsProvisioningController: isImsProvisioningRequiredForCapability capability 1 tech 1 return value false
11-27 15:20:19.832  2961  2961 D ImsManager [0]: MmTel Provisioning required false for capability 1
11-27 15:20:19.832  2961  2961 D ImsManager [0]: isCrossSimCallingEnabled: platformEnabled = true, provisioned = true, userEnabled = false
11-27 15:20:19.833  2961  2961 W ImsProvisioningController: isProvisioningRequired : getTechsFromCarrierConfig failed
11-27 15:20:19.834  2961  2961 D ImsProvisioningController: isImsProvisioningRequiredForCapability capability 2 tech 0 return value false
11-27 15:20:19.834  2961  2961 D ImsManager [0]: MmTel Provisioning required false for capability 2
11-27 15:20:19.834  2961  2961 D ImsManager [0]: updateVideoCallFeatureValue: available = true, vtenabled = true, advancedCallEnabled = true, nonTTY = true, data enabled = true, provisioned = true, isLteFeatureOn = true, nrAvailable = true
11-27 15:20:19.834  2961  2961 E ImsManager [0]: isCallComposerEnabledByUser: FEATURE_TELEPHONY_CALLING not supported, returning false
11-27 15:20:19.834  2961  2961 E ImsManager [0]: isBusinessOnlyCallComposerEnabledByUser: FEATURE_TELEPHONY_CALLING not supported, returning false
11-27 15:20:19.835  2961  2961 I ImsManager [0]: updateCallComposerFeatureValue:  isCallComposerEnabledByUser = false, isCallComposerEnabledByConfig = false, isCallComposerFeatureOn = false, isBusinessOnlyComposerFeatureOn = false, isBusinessComposerEnabledByUser = false, isBusinessComposerEnabledByConfig = false, nrAvailable = true
11-27 15:20:19.835  2961  2961 I ImsManager [0]: defaultRttMode = 0 rttMode = 0
11-27 15:20:19.836  2961  2961 I ImsManager [0]: update RTT: settings value: false always-on carrierconfig: falseisActiveSubscriptionPresent: true
11-27 15:20:19.836  2961  3834 I ImsManager [0]: Setting RTT enabled to false
11-27 15:20:19.836  2961  2961 W ImsProvisioningController: isProvisioningRequired : getTechsFromCarrierConfig failed
11-27 15:20:19.836  2961  2961 D ImsProvisioningController: isImsProvisioningRequiredForCapability capability 4 tech 0 return value false
11-27 15:20:19.836  2961  2961 D ImsManager [0]: MmTel Provisioning required false for capability 4
11-27 15:20:19.837  2961  2961 D ImsManager [0]: updateUtFeatureValue: available = true, isProvisioned = true, enabled = true
11-27 15:20:19.837  2961  2961 I ImsManager [0]: changeMmTelCapability: changing capabilities for sub: 1, request: CapabilityChangeRequest{mCapabilitiesToEnable={CapabilityPair{mCapability=1, radioTech=0}, CapabilityPair{mCapability=1, radioTech=3}, CapabilityPair{mCapability=2, radioTech=0}, CapabilityPair{mCapability=2, radioTech=3}, CapabilityPair{mCapability=4, radioTech=0}}, mCapabilitiesToDisable={CapabilityPair{mCapability=1, radioTech=1}, CapabilityPair{mCapability=1, radioTech=2}, CapabilityPair{mCapability=16, radioTech=0}, CapabilityPair{mCapability=16, radioTech=3}, CapabilityPair{mCapability=32, radioTech=0}, CapabilityPair{mCapability=32, radioTech=3}}}
11-27 15:20:19.837  2961  2961 W ImsStats: [0] conclude: discarding transient stats, duration=105
11-27 15:20:19.837  2961  2961 W ImsStats: [0] conclude: discarding transient stats, duration=1
11-27 15:20:19.837  2961  2961 W ImsStats: [0] conclude: discarding transient stats, duration=0
11-27 15:20:19.837  2961  2961 W ImsStats: [0] conclude: discarding transient stats, duration=0
11-27 15:20:19.837  2961  2961 W ImsStats: [0] conclude: discarding transient stats, duration=0
11-27 15:20:19.837  2961  2961 W ImsStats: [0] conclude: discarding transient stats, duration=0
11-27 15:20:19.837  2961  2961 W ImsStats: [0] conclude: discarding transient stats, duration=0
11-27 15:20:19.837  2961  2961 W ImsStats: [0] conclude: discarding transient stats, duration=0
11-27 15:20:19.837  2961  2961 W ImsStats: [0] conclude: discarding transient stats, duration=0
11-27 15:20:19.837  2961  2961 W ImsStats: [0] conclude: discarding transient stats, duration=0
11-27 15:20:19.837  2961  2961 W ImsStats: [0] conclude: discarding transient stats, duration=0
11-27 15:20:19.838  2961  2961 D ImsManager [0]: reevaluateCapabilities: turnOnIms
11-27 15:20:19.838  2961  2961 I ImsPhoneCallTracker: [0] setMediaThreshold :MediaThreshold{mRtpPacketLossRate= 40, mRtpJitter= 120, mRtpInactivityTimeMillis= 5000}
11-27 15:20:19.838  2961  2961 D NRM-C-0 : Carrier config changed. Try to bind network service.
11-27 15:20:19.839  2961  2961 D NRM-C-0 : Service com.android.phone already bound or being bound.
11-27 15:20:19.839  2961  2961 D DSM-I-0 : Carrier config changed. Try to bind data service.
11-27 15:20:19.840  2961  2961 E DSM-I-0 : Can't find the binding package
11-27 15:20:19.840  2961  2961 D DSM-C-0 : Carrier config changed. Try to bind data service.
11-27 15:20:19.841  2961  2961 D DSM-C-0 : Service com.android.phone already bound or being bound.
11-27 15:20:19.842  2961  2961 D ImsManager [0]: Capability Callback registered for subscription.
11-27 15:20:19.842  2961  2961 D Phone-0 : isImsCapabilityAvailable, capability=0, regTech=1, isAvailable=false
11-27 15:20:19.843  2961  2961 D Phone-0 : isImsCapabilityAvailable, capability=1, regTech=1, isAvailable=false
11-27 15:20:19.843  2961  2961 D Phone-0 : isImsCapabilityAvailable, capability=2, regTech=1, isAvailable=false
11-27 15:20:19.844  2961  2961 D Phone-0 : getImsRegistrationTechnology =-1
11-27 15:20:19.845  2961  2961 D GsmCdmaPhone: mBroadcastReceiver: action android.telephony.action.CARRIER_CONFIG_CHANGED
11-27 15:20:19.845  2961  2961 D GsmCdmaPhone: mBroadcastReceiver: action android.telephony.action.CARRIER_CONFIG_CHANGED
11-27 15:20:19.846  2961  3215 D ImsStateCallbackController: onCarrierConfigChanged slotId=0
11-27 15:20:19.846  2961  3215 D ImsStateCallbackController: onExternalRcsStateChanged slotId=0, state=UNAVAILABLE, reason=NO_IMS_SERVICE_CONFIGURED
11-27 15:20:19.849  2961  2961 D DPM-0   : Can't find any data profile that can satisfy [NetworkRequest [ NONE id=0, [ Capabilities: INTERNET&NOT_RESTRICTED&TRUSTED&NOT_VPN&NOT_VCN_MANAGED&NOT_BANDWIDTH_CONSTRAINED Uid: 1001 UnderlyingNetworks: Null] ], mPriority=20, state=UNSATISFIED, mAttachedDataNetwork=null, created time=15:20:19.849, evaluation result=null]
11-27 15:20:19.849  2961  2961 D DPM-0   : Unable to find a data profile for [NetworkRequest [ NONE id=0, [ Capabilities: INTERNET&NOT_RESTRICTED&TRUSTED&NOT_VPN&NOT_VCN_MANAGED&NOT_BANDWIDTH_CONSTRAINED Uid: 1001 UnderlyingNetworks: Null] ], mPriority=20, state=UNSATISFIED, mAttachedDataNetwork=null, created time=15:20:19.849, evaluation result=null]
11-27 15:20:19.851  1852  1880 W TelephonyRegistry: Pid 2961 has exceeded half the number of permissible registered listeners. Now at 84
11-27 15:20:19.853  2961  2961 D SST     : [0] handlePollStateResultMessage: PS IWLAN. NetworkRegistrationInfo{ domain=PS transportType=WLAN registrationState=NOT_REG_OR_SEARCHING networkRegistrationState=NOT_REG_OR_SEARCHING roamingType=NOT_ROAMING accessNetworkTechnology=IWLAN rejectCause=0 emergencyEnabled=false availableServices=[] cellIdentity=null voiceSpecificInfo=null dataSpecificInfo=null nrState=**** rRplmn= isUsingCarrierAggregation=false isNonTerrestrialNetwork=TERRESTRIAL}
11-27 15:20:19.853  2961  2961 D SST     : [0] handlePollStateResultMessage: PS cellular. NetworkRegistrationInfo{ domain=PS transportType=WWAN registrationState=NOT_REG_SEARCHING networkRegistrationState=NOT_REG_SEARCHING roamingType=NOT_ROAMING accessNetworkTechnology=UNKNOWN rejectCause=0 emergencyEnabled=false availableServices=[] cellIdentity=null voiceSpecificInfo=null dataSpecificInfo=android.telephony.DataSpecificRegistrationInfo :{ maxDataCalls = 16 isDcNrRestricted = false isNrAvailable = false isEnDcAvailable = false mLteAttachResultType = 0 mLteAttachExtraInfo = 0 LteVopsSupportInfo :  mVopsSupport = 1 mEmcBearerSupport = 1 } nrState=**** rRplmn= isUsingCarrierAggregation=false isNonTerrestrialNetwork=TERRESTRIAL}
11-27 15:20:19.853  2961  2961 D DRM-0   : Remove all retry and throttling entries, reason=DATA_CONFIG_CHANGED
11-27 15:20:19.853  2961  2961 D DRM-0   : onDataConfigUpdated: mDataSetupRetryRuleList=[[DataSetupRetryRule: Network capabilities:[EIMS], Fail causes={}, Retry intervals=[1000], Maximum retries=20], [DataSetupRetryRule: Network capabilities:[], Fail causes=[32, 65537, 33, -3, 35, 65538, -5, -6, 65543, 8, 65547, 2252, 2253, 2254, 111, 50, 51, 27, 28, 29, 30], Retry intervals=[2500], Maximum retries=10], [DataSetupRetryRule: Network capabilities:[MMS|SUPL|CBS|RCS], Fail causes={}, Retry intervals=[2000], Maximum retries=10], [DataSetupRetryRule: Network capabilities:[DUN|PRIORITIZE_LATENCY|FOTA|PRIORITIZE_BANDWIDTH|IMS|MCX|XCAP|INTERNET|ENTERPRISE], Fail causes={}, Retry intervals=[2500, 3000, 5000, 10000, 15000, 20000, 40000, 60000, 120000, 240000, 600000, 1200000, 1800000], Maximum retries=20]], mDataHandoverRetryRuleList=[[DataHandoverRetryRule: Retry intervals=[1000, 2000, 4000, 8000, 16000], Fail causes={}, Maximum retries=5]]
11-27 15:20:19.853  2961  2961 D DPM-0   : Update data profiles due to carrier config updated.
