11-27 15:20:16.261  2961  2961 D DNC-0   : Data evaluation: evaluation reason:DATA_PROFILES_CHANGED, Data disallowed reasons: SERVICE_OPTION_NOT_SUPPORTED NOT_IN_SERVICE NO_SUITABLE_DATA_PROFILE SIM_NOT_READY, candidate profile=null, time=15:20:16.261, network type=UNKNOWN, reg state=NOT_REG_SEARCHING, [NetworkRequest [ REQUEST id=1, [ Capabilities: INTERNET&NOT_RESTRICTED&TRUSTED&NOT_VPN&NOT_VCN_MANAGED&NOT_BANDWIDTH_CONSTRAINED RequestorUid: 1000 RequestorPkg: android UnderlyingNetworks: Null] ], mPriority=20, state=UNSATISFIED, mAttachedDataNetwork=null, created time=15:20:14.170, evaluation result=Data evaluation: evaluation reason:DATA_PROFILES_CHANGED, Data disallowed reasons: SERVICE_OPTION_NOT_SUPPORTED NOT_IN_SERVICE NO_SUITABLE_DATA_PROFILE SIM_NOT_READY, candidate profile=null, time=15:20:16.261]
11-27 15:20:16.261  2961  3294 D ImsManager [0]: Capability Callback registered for subscription.
11-27 15:20:16.262  2961  2961 D DPM-0   : Can't find any data profile that can satisfy [NetworkRequest [ BACKGROUND_REQUEST id=2, [ Transports: CELLULAR Capabilities: INTERNET&NOT_RESTRICTED&TRUSTED&NOT_VPN&NOT_VCN_MANAGED&NOT_BANDWIDTH_CONSTRAINED RequestorUid: 1000 RequestorPkg: android UnderlyingNetworks: Null] ], mPriority=20, state=UNSATISFIED, mAttachedDataNetwork=null, created time=15:20:14.168, evaluation result=Data evaluation: evaluation reason:DATA_CONFIG_CHANGED, Data disallowed reasons: SERVICE_OPTION_NOT_SUPPORTED NOT_IN_SERVICE NO_SUITABLE_DATA_PROFILE SIM_NOT_READY, candidate profile=null, time=15:20:16.229]
11-27 15:20:16.262  2961  2961 D DPM-0   : Unable to find a data profile for [NetworkRequest [ BACKGROUND_REQUEST id=2, [ Transports: CELLULAR Capabilities: INTERNET&NOT_RESTRICTED&TRUSTED&NOT_VPN&NOT_VCN_MANAGED&NOT_BANDWIDTH_CONSTRAINED RequestorUid: 1000 RequestorPkg: android UnderlyingNetworks: Null] ], mPriority=20, state=UNSATISFIED, mAttachedDataNetwork=null, created time=15:20:14.168, evaluation result=Data evaluation: evaluation reason:DATA_CONFIG_CHANGED, Data disallowed reasons: SERVICE_OPTION_NOT_SUPPORTED NOT_IN_SERVICE NO_SUITABLE_DATA_PROFILE SIM_NOT_READY, candidate profile=null, time=15:20:16.229]
11-27 15:20:16.262  2961  2961 D DNC-0   : Data evaluation: evaluation reason:DATA_PROFILES_CHANGED, Data disallowed reasons: SERVICE_OPTION_NOT_SUPPORTED NOT_IN_SERVICE NO_SUITABLE_DATA_PROFILE SIM_NOT_READY, candidate profile=null, time=15:20:16.262, network type=UNKNOWN, reg state=NOT_REG_SEARCHING, [NetworkRequest [ BACKGROUND_REQUEST id=2, [ Transports: CELLULAR Capabilities: INTERNET&NOT_RESTRICTED&TRUSTED&NOT_VPN&NOT_VCN_MANAGED&NOT_BANDWIDTH_CONSTRAINED RequestorUid: 1000 RequestorPkg: android UnderlyingNetworks: Null] ], mPriority=20, state=UNSATISFIED, mAttachedDataNetwork=null, created time=15:20:14.167, evaluation result=Data evaluation: evaluation reason:DATA_PROFILES_CHANGED, Data disallowed reasons: SERVICE_OPTION_NOT_SUPPORTED NOT_IN_SERVICE NO_SUITABLE_DATA_PROFILE SIM_NOT_READY, candidate profile=null, time=15:20:16.262]
11-27 15:20:16.262  2961  2961 D NetworkTypeController: [0] LegacyState: process EVENT_PREFERRED_NETWORK_MODE_CHANGED
11-27 15:20:16.262  2961  2961 D NetworkTypeController: [0] DefaultState: process EVENT_PREFERRED_NETWORK_MODE_CHANGED
11-27 15:20:16.262  2961  2961 D NetworkTypeController: [0] Reset timers since preferred network mode changed.
11-27 15:20:16.262  2961  2961 D ImsPhoneCallTracker: [0] handleMessage what=26
11-27 15:20:16.262  2961  2961 D ImsPhoneCallTracker: [0] handleFeatureCapabilityChanged: MmTel Capabilities - [Voice: false Video: false UT: false SMS: false CALL_COMPOSER: false BUSINESS_COMPOSER_ONLY: false] isVideoEnabledStateChanged=false
11-27 15:20:16.265  2961  2961 D ImsPhoneCallTracker: [0] handleFeatureCapabilityChanged: isVolteEnabled=false, isVideoCallEnabled=false, isVowifiEnabled=false, isUtEnabled=false
11-27 15:20:16.266  2961  2961 W ImsStats: [0] conclude: discarding transient stats, duration=696
11-27 15:20:16.266  2961  2961 D SST     : [0] EVENT_IMS_CAPABILITY_CHANGED
11-27 15:20:16.266  2961  2961 D SST     : [0] getCarrierDisplayNameLegacy+
11-27 15:20:16.267  2961  2961 D SST     : [0] updateCarrierDisplayName: satellitePlmn=null
11-27 15:20:16.267  2961  2961 D SST     : [0] updateCarrierDisplayName: radio is on but out of service, set plmn='Sin servicio'
11-27 15:20:16.267  2961  2961 D SST     : [0] updateCarrierDisplayName: rawSpn = 
11-27 15:20:16.267  2961  2961 D SST     : [0] getCarrierDisplayNameLegacy-
11-27 15:20:16.267  2961  2961 D Phone-0 : isWifiCallingEnabled =false
11-27 15:20:16.267  2961  2961 D CSST    : isPhoneRegisteredForWifiCalling: false
11-27 15:20:16.268  2961  2961 D Phone-0 : isWifiCallingEnabled =false
11-27 15:20:16.268  2961  2961 I CSST    : EmergencyNetworkNotification: sendMessage() w/values: ,-1,false,true
11-27 15:20:16.268  2961  2961 I CSST    : canceling notifications: 1001
11-27 15:20:16.296  2961  3116 D RILJ    : [0204]< SET_PREFERRED_NETWORK_TYPE  [PHONE0]
11-27 15:20:16.329  2961  2961 D ImsSmsDispatcher [0]: onImsDisconnected imsReasonInfo=ImsReasonInfo :: {1000 : CODE_REGISTRATION_ERROR, 4002, null}
11-27 15:20:16.329  2961  2961 D ImsPhone: [0] handleImsUnregistered: onImsMmTelDisconnected imsReasonInfo=ImsReasonInfo :: {1000 : CODE_REGISTRATION_ERROR, 4002, null}, suggestedAction=0, disconnectedRadioTech=-1
11-27 15:20:16.330  2961  2961 D ImsPhone: [0] updateDataServiceState: defSs = {mVoiceRegState=1(OUT_OF_SERVICE), mDataRegState=1(OUT_OF_SERVICE), mChannelNumber=-1, duplexMode()=0, mCellBandwidths=[], mOperatorAlphaLong=, mOperatorAlphaShort=, isManualNetworkSelection=false(automatic), getRilVoiceRadioTechnology=0(Unknown), getRilDataRadioTechnology=0(Unknown), mCssIndicator=unsupported, mNetworkId=-1, mSystemId=-1, mCdmaRoamingIndicator=-1, mCdmaDefaultRoamingIndicator=-1, mIsEmergencyOnly=false, isUsingCarrierAggregation=false, mArfcnRsrpBoost=0, mNetworkRegistrationInfos=[NetworkRegistrationInfo{ domain=PS transportType=WLAN registrationState=NOT_REG_OR_SEARCHING networkRegistrationState=NOT_REG_OR_SEARCHING roamingType=NOT_ROAMING accessNetworkTechnology=IWLAN rejectCause=0 emergencyEnabled=false availableServices=[] cellIdentity=null voiceSpecificInfo=null dataSpecificInfo=null nrState=**** rRplmn= isUsingCarrierAggregation=false isNonTerrestrialNetwork=TERRESTRIAL}, NetworkRegistrationInfo{ domain=CS transportType=WWAN registrationState=NOT_REG_SEARCHING networkRegistrationState=NOT_REG_SEARCHING roamingType=NOT_ROAMING accessNetworkTechnology=UNKNOWN rejectCause=0 emergencyEnabled=false availableServices=[] cellIdentity=null voiceSpecificInfo=VoiceSpecificRegistrationInfo { mCssSupported=false mRoamingIndicator=0 mSystemIsInPrl=0 mDefaultRoamingIndicator=0} dataSpecificInfo=null nrState=**** rRplmn= isUsingCarrierAggregation=false isNonTerrestrialNetwork=TERRESTRIAL}, NetworkRegistrationInfo{ domain=PS transportType=WWAN registrationState=NOT_REG_SEARCHING networkRegistrationState=NOT_REG_SEARCHING roamingType=NOT_ROAMING accessNetworkTechnology=UNKNOWN rejectCause=0 emergencyEnabled=false availableServices=[] cellIdentity=null voiceSpecificInfo=null dataSpecificInfo=android.telephony.DataSpecificRegistrationInfo :{ maxDataCalls = 16 isDcNrRestricted = false isNrAvailable = false isEnDcAvailable = false mLteAttachResultType = 0 mLteAttachExtraInfo = 0 LteVopsSupportInfo :  mVopsSupport = 1 mEmcBearerSupport = 1 } nrState=**** rRplmn= isUsingCarrierAggregation=false isNonTerrestrialNetwork=TERRESTRIAL}], mNrFrequencyRange=0, mOperatorAlphaLongRaw=, mOperatorAlphaShortRaw=, mIsDataRoamingFromRegistration=false, mIsIwlanPreferred=false, mIsUsingNonTerrestrialNetwork=false} imsSs = {mVoiceRegState=1(OUT_OF_SERVICE), mDataRegState=1(OUT_OF_SERVICE), mChannelNumber=-1, duplexMode()=0, mCellBandwidths=[], mOperatorAlphaLong=null, mOperatorAlphaShort=null, isManualNetworkSelection=false(automatic), getRilVoiceRadioTechnology=0(Unknown), getRilDataRadioTechnology=0(Unknown), mCssIndicator=unsupported, mNetworkId=-1, mSystemId=-1, mCdmaRoamingIndicator=-1, mCdmaDefaultRoamingIndicator=-1, mIsEmergencyOnly=false, isUsingCarrierAggregation=false, mArfcnRsrpBoost=0, mNetworkRegistrationInfos=[NetworkRegistrationInfo{ domain=CS transportType=WWAN registrationState=UNKNOWN networkRegistrationState=UNKNOWN roamingType=NOT_ROAMING accessNetworkTechnology=UNKNOWN rejectCause=0 emergencyEnabled=false availableServices=[] cellIdentity=null voiceSpecificInfo=null dataSpecificInfo=null nrState=**** rRplmn= isUsingCarrierAggregation=false isNonTerrestrialNetwork=TERRESTRIAL}, NetworkRegistrationInfo{ domain=PS transportType=WLAN registrationState=NOT_REG_OR_SEARCHING networkRegistrationState=NOT_REG_OR_SEARCHING roamingType=NOT_ROAMING accessNetworkTechnology=IWLAN rejectCause=0 emergencyEnabled=false availableServices=[] cellIdentity=null voiceSpecificInfo=null dataSpecificInfo=null nrState=**** rRplmn= isUsingCarrierAggregation=false isNonTerrestrialNetwork=TERRESTRIAL}, NetworkRegistrationInfo{ domain=PS transportType=WWAN registrationState=NOT_REG_SEARCHING networkRegistrationState=NOT_REG_SEARCHING roamingType=NOT_ROAMING accessNetworkTechnology=UNKNOWN rejectCause=0 emergencyEnabled=false availableServices=[] cellIdentity=null voiceSpecificInfo=null dataSpecificInfo=android.telephony.DataSpecificRegistrationInfo :{ maxDataCalls = 16 isDcNrRestricted = false isNrAvailable = false isEnDcAvailable = false mLteAttachResultType = 0 mLteAt
11-27 15:20:16.330  2961  2961 D SST     : [0] setImsRegistrationState: {registered=false mImsRegistrationOnOff=false}
11-27 15:20:16.330  2961  2961 D SST     : [0] getCarrierDisplayNameLegacy+
11-27 15:20:16.330  2961  2961 D SST     : [0] updateCarrierDisplayName: satellitePlmn=null
11-27 15:20:16.330  2961  2961 D SST     : [0] updateCarrierDisplayName: radio is on but out of service, set plmn='Sin servicio'
11-27 15:20:16.330  2961  2961 D SST     : [0] updateCarrierDisplayName: rawSpn = 
11-27 15:20:16.330  2961  2961 D SST     : [0] getCarrierDisplayNameLegacy-
11-27 15:20:16.330  2961  2961 I CallWaitingCtrl: [0] setImsRegistrationState prev=false, new=false
11-27 15:20:16.331  2961  2961 W ImsStats: [0] conclude: discarding transient stats, duration=65
11-27 15:20:16.331  2961  2961 D ImsPhone: [0] clearPhoneNumberForSourceIms
11-27 15:20:16.331  2961  2961 D SMSVC   : setNumberFromIms: subId=1, number=
11-27 15:20:16.331  2961  2961 D ImsSmsDispatcher [0]: onImsDisconnected imsReasonInfo=ImsReasonInfo :: {1000 : CODE_REGISTRATION_ERROR, 0, }
11-27 15:20:16.331  2961  2961 D ImsPhone: [0] handleImsUnregistered: onImsMmTelDisconnected imsReasonInfo=ImsReasonInfo :: {1000 : CODE_REGISTRATION_ERROR, 0, }, suggestedAction=0, disconnectedRadioTech=-1
11-27 15:20:16.331  2961  2961 D ImsPhone: [0] updateDataServiceState: defSs = {mVoiceRegState=1(OUT_OF_SERVICE), mDataRegState=1(OUT_OF_SERVICE), mChannelNumber=-1, duplexMode()=0, mCellBandwidths=[], mOperatorAlphaLong=, mOperatorAlphaShort=, isManualNetworkSelection=false(automatic), getRilVoiceRadioTechnology=0(Unknown), getRilDataRadioTechnology=0(Unknown), mCssIndicator=unsupported, mNetworkId=-1, mSystemId=-1, mCdmaRoamingIndicator=-1, mCdmaDefaultRoamingIndicator=-1, mIsEmergencyOnly=false, isUsingCarrierAggregation=false, mArfcnRsrpBoost=0, mNetworkRegistrationInfos=[NetworkRegistrationInfo{ domain=PS transportType=WLAN registrationState=NOT_REG_OR_SEARCHING networkRegistrationState=NOT_REG_OR_SEARCHING roamingType=NOT_ROAMING accessNetworkTechnology=IWLAN rejectCause=0 emergencyEnabled=false availableServices=[] cellIdentity=null voiceSpecificInfo=null dataSpecificInfo=null nrState=**** rRplmn= isUsingCarrierAggregation=false isNonTerrestrialNetwork=TERRESTRIAL}, NetworkRegistrationInfo{ domain=CS transportType=WWAN registrationState=NOT_REG_SEARCHING networkRegistrationState=NOT_REG_SEARCHING roamingType=NOT_ROAMING accessNetworkTechnology=UNKNOWN rejectCause=0 emergencyEnabled=false availableServices=[] cellIdentity=null voiceSpecificInfo=VoiceSpecificRegistrationInfo { mCssSupported=false mRoamingIndicator=0 mSystemIsInPrl=0 mDefaultRoamingIndicator=0} dataSpecificInfo=null nrState=**** rRplmn= isUsingCarrierAggregation=false isNonTerrestrialNetwork=TERRESTRIAL}, NetworkRegistrationInfo{ domain=PS transportType=WWAN registrationState=NOT_REG_SEARCHING networkRegistrationState=NOT_REG_SEARCHING roamingType=NOT_ROAMING accessNetworkTechnology=UNKNOWN rejectCause=0 emergencyEnabled=false availableServices=[] cellIdentity=null voiceSpecificInfo=null dataSpecificInfo=android.telephony.DataSpecificRegistrationInfo :{ maxDataCalls = 16 isDcNrRestricted = false isNrAvailable = false isEnDcAvailable = false mLteAttachResultType = 0 mLteAttachExtraInfo = 0 LteVopsSupportInfo :  mVopsSupport = 1 mEmcBearerSupport = 1 } nrState=**** rRplmn= isUsingCarrierAggregation=false isNonTerrestrialNetwork=TERRESTRIAL}], mNrFrequencyRange=0, mOperatorAlphaLongRaw=, mOperatorAlphaShortRaw=, mIsDataRoamingFromRegistration=false, mIsIwlanPreferred=false, mIsUsingNonTerrestrialNetwork=false} imsSs = {mVoiceRegState=1(OUT_OF_SERVICE), mDataRegState=1(OUT_OF_SERVICE), mChannelNumber=-1, duplexMode()=0, mCellBandwidths=[], mOperatorAlphaLong=null, mOperatorAlphaShort=null, isManualNetworkSelection=false(automatic), getRilVoiceRadioTechnology=0(Unknown), getRilDataRadioTechnology=0(Unknown), mCssIndicator=unsupported, mNetworkId=-1, mSystemId=-1, mCdmaRoamingIndicator=-1, mCdmaDefaultRoamingIndicator=-1, mIsEmergencyOnly=false, isUsingCarrierAggregation=false, mArfcnRsrpBoost=0, mNetworkRegistrationInfos=[NetworkRegistrationInfo{ domain=CS transportType=WWAN registrationState=UNKNOWN networkRegistrationState=UNKNOWN roamingType=NOT_ROAMING accessNetworkTechnology=UNKNOWN rejectCause=0 emergencyEnabled=false availableServices=[] cellIdentity=null voiceSpecificInfo=null dataSpecificInfo=null nrState=**** rRplmn= isUsingCarrierAggregation=false isNonTerrestrialNetwork=TERRESTRIAL}, NetworkRegistrationInfo{ domain=PS transportType=WLAN registrationState=NOT_REG_OR_SEARCHING networkRegistrationState=NOT_REG_OR_SEARCHING roamingType=NOT_ROAMING accessNetworkTechnology=IWLAN rejectCause=0 emergencyEnabled=false availableServices=[] cellIdentity=null voiceSpecificInfo=null dataSpecificInfo=null nrState=**** rRplmn= isUsingCarrierAggregation=false isNonTerrestrialNetwork=TERRESTRIAL}, NetworkRegistrationInfo{ domain=PS transportType=WWAN registrationState=NOT_REG_SEARCHING networkRegistrationState=NOT_REG_SEARCHING roamingType=NOT_ROAMING accessNetworkTechnology=UNKNOWN rejectCause=0 emergencyEnabled=false availableServices=[] cellIdentity=null voiceSpecificInfo=null dataSpecificInfo=android.telephony.DataSpecificRegistrationInfo :{ maxDataCalls = 16 isDcNrRestricted = false isNrAvailable = false isEnDcAvailable = false mLteAttachResultType = 0 mLteAt
11-27 15:20:16.332  2961  2961 D SST     : [0] setImsRegistrationState: {registered=false mImsRegistrationOnOff=false}
11-27 15:20:16.332  2961  2961 D SST     : [0] getCarrierDisplayNameLegacy+
11-27 15:20:16.332  2961  2961 D SST     : [0] updateCarrierDisplayName: satellitePlmn=null
11-27 15:20:16.332  2961  2961 D SST     : [0] updateCarrierDisplayName: radio is on but out of service, set plmn='Sin servicio'
11-27 15:20:16.332  2961  2961 D SST     : [0] updateCarrierDisplayName: rawSpn = 
11-27 15:20:16.332  2961  2961 D SST     : [0] getCarrierDisplayNameLegacy-
11-27 15:20:16.332  2961  2961 I CallWaitingCtrl: [0] setImsRegistrationState prev=false, new=false
11-27 15:20:16.332  2961  2961 W ImsStats: [0] conclude: discarding transient stats, duration=2
11-27 15:20:16.333  2961  2961 D ImsPhone: [0] clearPhoneNumberForSourceIms
11-27 15:20:16.333  2961  2961 D SMSVC   : setNumberFromIms: subId=1, number=
11-27 15:20:16.333  2961  2961 D PhoneSwitcher: onImsRadioTechChanged phoneId : 0 subId : 1 old tech : -1 new tech : -1
11-27 15:20:16.333  2961  2961 D PhoneSwitcher: onImsRadioTechChanged phoneId : 0 subId : 1 old tech : -1 new tech : -1
11-27 15:20:16.336  2961  3116 D RILJ    : [0205]< SET_SIGNAL_STRENGTH_REPORTING_CRITERIA  [PHONE0]
11-27 15:20:16.338  2961  3116 E RILJ    : processResponse: Unexpected response! serial: 205, error: 0 [PHONE0]
11-27 15:20:16.340  2961  3116 E RILJ    : processResponse: Unexpected response! serial: 205, error: 0 [PHONE0]
11-27 15:20:16.341  2961  3116 E RILJ    : processResponse: Unexpected response! serial: 205, error: 0 [PHONE0]
11-27 15:20:16.373  2961  3418 D RILJ    : [0206]> ENTER_SIM_PIN aid = a0000000871002ff49ffff89040b00ff [PHONE0]
11-27 15:20:16.373  2961  3116 D RILJ    : [0206]< ENTER_SIM_PIN {3} [PHONE0]
11-27 15:20:16.373  2961  2961 D UiccCardApplication: parsePinPukErrorResult: attemptsRemaining=3
11-27 15:20:16.377  2961  3418 D RILJ    : [0207]> ENTER_SIM_PIN aid = a0000000871002ff49ffff89040b00ff [PHONE0]
11-27 15:20:16.378  2961  3116 D RILJ    : [0207]< ENTER_SIM_PIN {3} [PHONE0]
11-27 15:20:16.378  2961  2961 D UiccCardApplication: parsePinPukErrorResult: attemptsRemaining=3
11-27 15:20:16.383  2961  3116 E RILJ    : processResponse: Unexpected response! serial: 205, error: 0 [PHONE0]
11-27 15:20:16.383  2961  3116 E RILJ    : processResponse: Unexpected response! serial: 205, error: 0 [PHONE0]
11-27 15:20:16.385  2961  3116 E RILJ    : processResponse: Unexpected response! serial: 205, error: 0 [PHONE0]
11-27 15:20:16.386  2961  3116 E RILJ    : processResponse: Unexpected response! serial: 205, error: 0 [PHONE0]
11-27 15:20:16.388  2961  3116 E RILJ    : processResponse: Unexpected response! serial: 205, error: 44 [PHONE0]
11-27 15:20:16.391  2961  3116 D RILJ    : [0191]< SET_DATA_PROFILE  [PHONE1]
11-27 15:20:16.392  2961  3285 D DSM-C-1 : onSetDataProfileComplete. resultCode = 0
11-27 15:20:16.520  2961  3418 D RILJ    : [0208]> ENTER_SIM_PIN aid = a0000000871002ff49ffff89040b00ff [PHONE0]
11-27 15:20:16.523  2961  3116 D RILJ    : [0208]< ENTER_SIM_PIN {3} [PHONE0]
11-27 15:20:16.523  2961  2961 D UiccCardApplication: parsePinPukErrorResult: attemptsRemaining=3
11-27 15:20:16.539  2961  3116 D RILJ    : [0201]< SET_DATA_PROFILE  [PHONE0]
11-27 15:20:16.539  2961  3285 D DSM-C-0 : onSetDataProfileComplete. resultCode = 0
11-27 15:20:16.791  1271  1309 I sf_stop_bootanim: 35252
11-27 15:20:16.805  1852  2549 I input_focus: [Focus entering c7e7c82 NotificationShade,reason=setFocusedWindow]
11-27 15:20:17.223  1852  1880 W TelephonyRegistry: Pid 2961 has exceeded half the number of permissible registered listeners. Now at 82
11-27 15:20:17.223  1852  1880 D TelephonyRegistry: listen ooscl: hasNotifyOpptSubInfoChangedOccurred==false no callback
11-27 15:20:17.232  1852  3278 W TelephonyRegistry: Pid 2961 has exceeded half the number of permissible registered listeners. Now at 83
11-27 15:20:17.239  2961  2961 D TNP     : onNetworkNeeded: phoneId=0, [NetworkRequest [ REQUEST id=102, [ Capabilities: INTERNET&NOT_RESTRICTED&TRUSTED&NOT_VCN_MANAGED&NOT_BANDWIDTH_CONSTRAINED Uid: 10569 RequestorUid: 10569 RequestorPkg: com.qualcomm.qti.cne UnderlyingNetworks: Null] ], mPriority=0, state=UNSATISFIED, mAttachedDataNetwork=null, created time=15:20:17.239, evaluation result=null]
11-27 15:20:17.240  2961  2961 D DNC-0   : onAddNetworkRequest: added [NetworkRequest [ REQUEST id=102, [ Capabilities: INTERNET&NOT_RESTRICTED&TRUSTED&NOT_VCN_MANAGED&NOT_BANDWIDTH_CONSTRAINED Uid: 10569 RequestorUid: 10569 RequestorPkg: com.qualcomm.qti.cne UnderlyingNetworks: Null] ], mPriority=20, state=UNSATISFIED, mAttachedDataNetwork=null, created time=15:20:17.240, evaluation result=null]
11-27 15:20:17.240  2961  2961 D DPM-0   : Can't find any data profile that can satisfy [NetworkRequest [ REQUEST id=102, [ Capabilities: INTERNET&NOT_RESTRICTED&TRUSTED&NOT_VCN_MANAGED&NOT_BANDWIDTH_CONSTRAINED Uid: 10569 RequestorUid: 10569 RequestorPkg: com.qualcomm.qti.cne UnderlyingNetworks: Null] ], mPriority=20, state=UNSATISFIED, mAttachedDataNetwork=null, created time=15:20:17.239, evaluation result=null]
11-27 15:20:17.240  2961  2961 D DPM-0   : Unable to find a data profile for [NetworkRequest [ REQUEST id=102, [ Capabilities: INTERNET&NOT_RESTRICTED&TRUSTED&NOT_VCN_MANAGED&NOT_BANDWIDTH_CONSTRAINED Uid: 10569 RequestorUid: 10569 RequestorPkg: com.qualcomm.qti.cne UnderlyingNetworks: Null] ], mPriority=20, state=UNSATISFIED, mAttachedDataNetwork=null, created time=15:20:17.239, evaluation result=null]
11-27 15:20:17.240  2961  2961 D DNC-0   : Data evaluation: evaluation reason:NEW_REQUEST, Data disallowed reasons: SERVICE_OPTION_NOT_SUPPORTED NOT_IN_SERVICE NO_SUITABLE_DATA_PROFILE SIM_NOT_READY, candidate profile=null, time=15:20:17.240, network type=UNKNOWN, reg state=NOT_REG_SEARCHING, [NetworkRequest [ REQUEST id=102, [ Capabilities: INTERNET&NOT_RESTRICTED&TRUSTED&NOT_VCN_MANAGED&NOT_BANDWIDTH_CONSTRAINED Uid: 10569 RequestorUid: 10569 RequestorPkg: com.qualcomm.qti.cne UnderlyingNetworks: Null] ], mPriority=20, state=UNSATISFIED, mAttachedDataNetwork=null, created time=15:20:17.239, evaluation result=Data evaluation: evaluation reason:NEW_REQUEST, Data disallowed reasons: SERVICE_OPTION_NOT_SUPPORTED NOT_IN_SERVICE NO_SUITABLE_DATA_PROFILE SIM_NOT_READY, candidate profile=null, time=15:20:17.240]
11-27 15:20:17.325   665   665 I auditd  : avc:  denied  { find } for pid=732 uid=0 name=android.frameworks.stats.IStats/default scontext=u:r:hal_power_default:s0 tcontext=u:object_r:fwk_stats_service:s0 tclass=service_manager permissive=0
11-27 15:20:17.327   665   665 I auditd  : avc:  denied  { find } for pid=732 uid=0 name=android.hardware.thermal.IThermal/default scontext=u:r:hal_power_default:s0 tcontext=u:object_r:hal_thermal_service:s0 tclass=service_manager permissive=0
11-27 15:20:17.458  3611  3611 I auditd  : type=1400 audit(0.0:29): avc:  denied  { write } for  comm="init.qcom.post_" name="page-cluster" dev="proc" ino=64521 scontext=u:r:vendor_qti_init_shell:s0 tcontext=u:object_r:proc_page_cluster:s0 tclass=file permissive=0
11-27 15:20:17.809  1852  2549 I input_interaction: Interaction with: c7e7c82 NotificationShade, [Gesture Monitor] swipe-up, [Gesture Monitor] edge-swipe, PointerEventDispatcher0, 
11-27 15:20:17.925  2961  2961 D RILJ    : [0209]> GET_CELL_INFO_LIST [PHONE1]
11-27 15:20:17.927  2961  2961 D RILJ    : [0210]> GET_CELL_INFO_LIST [PHONE0]
11-27 15:20:17.962  2961  3116 D RILJ    : [0209]< GET_CELL_INFO_LIST [] [PHONE1]
11-27 15:20:17.965  2961  3116 D RILJ    : [0210]< GET_CELL_INFO_LIST [] [PHONE0]
11-27 15:20:17.968  2961  2961 D LocaleTracker-1: processCellInfo: cell info=[]
11-27 15:20:17.968  2961  2961 D LocaleTracker-1: updateLocale: countryIso = , countryIsoDebugInfo = empty as default
11-27 15:20:17.968  2961  2961 D LocaleTracker-1: updateLocale: timeZoneCountryIso = , timeZoneCountryIsoDebugInfo = empty as default
11-27 15:20:17.968  2961  2961 D NitzStateMachineImpl: handleCountryUnavailable: mLatestNitzSignal=null
11-27 15:20:17.968  2961  2961 D NitzStateMachineImpl: doTimeZoneDetection: countryIsoCode=null, nitzSignal=null, suggestion=TelephonyTimeZoneSuggestion{mSlotIndex=1, mZoneId='null', mMatchType=0, mQuality=0, mDebugInfo=[getTimeZoneSuggestion: nitzSignal=null, countryIsoCode=null, Detection reason=handleCountryUnavailable]}, reason=handleCountryUnavailable
11-27 15:20:17.969  2961  2961 D LocaleTracker-1: processCellInfo: cell info=[]
11-27 15:20:17.969  2961  2961 D LocaleTracker-1: updateLocale: countryIso = , countryIsoDebugInfo = empty as default
11-27 15:20:17.969  2961  2961 D LocaleTracker-1: updateLocale: timeZoneCountryIso = , timeZoneCountryIsoDebugInfo = empty as default
11-27 15:20:17.969  2961  2961 D NitzStateMachineImpl: handleCountryUnavailable: mLatestNitzSignal=null
11-27 15:20:17.969  2961  2961 D NitzStateMachineImpl: doTimeZoneDetection: countryIsoCode=null, nitzSignal=null, suggestion=TelephonyTimeZoneSuggestion{mSlotIndex=1, mZoneId='null', mMatchType=0, mQuality=0, mDebugInfo=[getTimeZoneSuggestion: nitzSignal=null, countryIsoCode=null, Detection reason=handleCountryUnavailable]}, reason=handleCountryUnavailable
11-27 15:20:17.969  2961  2961 D LocaleTracker-1: Can't get cell info. Try again in 4 secs.
11-27 15:20:17.969  2961  2961 D LocaleTracker-0: processCellInfo: cell info=[]
11-27 15:20:17.969  2961  2961 D LocaleTracker-0: updateLocale: countryIso = , countryIsoDebugInfo = empty as default
11-27 15:20:17.969  2961  2961 D LocaleTracker-0: updateLocale: timeZoneCountryIso = , timeZoneCountryIsoDebugInfo = empty as default
11-27 15:20:17.969  2961  2961 D NitzStateMachineImpl: handleCountryUnavailable: mLatestNitzSignal=null
11-27 15:20:17.970  2961  2961 D NitzStateMachineImpl: doTimeZoneDetection: countryIsoCode=null, nitzSignal=null, suggestion=TelephonyTimeZoneSuggestion{mSlotIndex=0, mZoneId='null', mMatchType=0, mQuality=0, mDebugInfo=[getTimeZoneSuggestion: nitzSignal=null, countryIsoCode=null, Detection reason=handleCountryUnavailable]}, reason=handleCountryUnavailable
11-27 15:20:17.970  2961  2961 D LocaleTracker-0: processCellInfo: cell info=[]
11-27 15:20:17.970  2961  2961 D LocaleTracker-0: updateLocale: countryIso = , countryIsoDebugInfo = empty as default
11-27 15:20:17.970  2961  2961 D LocaleTracker-0: updateLocale: timeZoneCountryIso = , timeZoneCountryIsoDebugInfo = empty as default
11-27 15:20:17.970  2961  2961 D NitzStateMachineImpl: handleCountryUnavailable: mLatestNitzSignal=null
11-27 15:20:17.970  2961  2961 D NitzStateMachineImpl: doTimeZoneDetection: countryIsoCode=null, nitzSignal=null, suggestion=TelephonyTimeZoneSuggestion{mSlotIndex=0, mZoneId='null', mMatchType=0, mQuality=0, mDebugInfo=[getTimeZoneSuggestion: nitzSignal=null, countryIsoCode=null, Detection reason=handleCountryUnavailable]}, reason=handleCountryUnavailable
11-27 15:20:17.970  2961  2961 D LocaleTracker-0: Can't get cell info. Try again in 4 secs.
11-27 15:20:18.222  2961  2961 D TNP     : onNetworkNeeded: phoneId=0, [NetworkRequest [ REQUEST id=107, [ Capabilities: INTERNET&NOT_RESTRICTED&TRUSTED&NOT_VCN_MANAGED&NOT_BANDWIDTH_CONSTRAINED Uid: 10609 RequestorUid: 10609 RequestorPkg: com.google.android.gms UnderlyingNetworks: Null] ], mPriority=0, state=UNSATISFIED, mAttachedDataNetwork=null, created time=15:20:18.221, evaluation result=null]
11-27 15:20:18.222  2961  2961 D DNC-0   : onAddNetworkRequest: added [NetworkRequest [ REQUEST id=107, [ Capabilities: INTERNET&NOT_RESTRICTED&TRUSTED&NOT_VCN_MANAGED&NOT_BANDWIDTH_CONSTRAINED Uid: 10609 RequestorUid: 10609 RequestorPkg: com.google.android.gms UnderlyingNetworks: Null] ], mPriority=20, state=UNSATISFIED, mAttachedDataNetwork=null, created time=15:20:18.222, evaluation result=null]
11-27 15:20:18.223  2961  2961 D DPM-0   : Can't find any data profile that can satisfy [NetworkRequest [ REQUEST id=107, [ Capabilities: INTERNET&NOT_RESTRICTED&TRUSTED&NOT_VCN_MANAGED&NOT_BANDWIDTH_CONSTRAINED Uid: 10609 RequestorUid: 10609 RequestorPkg: com.google.android.gms UnderlyingNetworks: Null] ], mPriority=20, state=UNSATISFIED, mAttachedDataNetwork=null, created time=15:20:18.222, evaluation result=null]
11-27 15:20:18.223  2961  2961 D DPM-0   : Unable to find a data profile for [NetworkRequest [ REQUEST id=107, [ Capabilities: INTERNET&NOT_RESTRICTED&TRUSTED&NOT_VCN_MANAGED&NOT_BANDWIDTH_CONSTRAINED Uid: 10609 RequestorUid: 10609 RequestorPkg: com.google.android.gms UnderlyingNetworks: Null] ], mPriority=20, state=UNSATISFIED, mAttachedDataNetwork=null, created time=15:20:18.222, evaluation result=null]
11-27 15:20:18.223  2961  2961 D DNC-0   : Data evaluation: evaluation reason:NEW_REQUEST, Data disallowed reasons: SERVICE_OPTION_NOT_SUPPORTED NOT_IN_SERVICE NO_SUITABLE_DATA_PROFILE SIM_NOT_READY, candidate profile=null, time=15:20:18.223, network type=UNKNOWN, reg state=NOT_REG_SEARCHING, [NetworkRequest [ REQUEST id=107, [ Capabilities: INTERNET&NOT_RESTRICTED&TRUSTED&NOT_VCN_MANAGED&NOT_BANDWIDTH_CONSTRAINED Uid: 10609 RequestorUid: 10609 RequestorPkg: com.google.android.gms UnderlyingNetworks: Null] ], mPriority=20, state=UNSATISFIED, mAttachedDataNetwork=null, created time=15:20:18.221, evaluation result=Data evaluation: evaluation reason:NEW_REQUEST, Data disallowed reasons: SERVICE_OPTION_NOT_SUPPORTED NOT_IN_SERVICE NO_SUITABLE_DATA_PROFILE SIM_NOT_READY, candidate profile=null, time=15:20:18.223]
11-27 15:20:19.003  2961  3293 D RILJ    : [0211]> ENTER_SIM_PIN aid = a0000000871002ff49ffff89040b00ff [PHONE0]
11-27 15:20:19.029  1852  2549 I input_focus: [Focus leaving c7e7c82 NotificationShade,reason=Waiting for window because NOT_VISIBLE]
11-27 15:20:19.051  1852  2549 I input_focus: [Focus entering 50313f3 com.android.systemui,reason=Window became focusable. Previous reason: NOT_VISIBLE]
11-27 15:20:19.098  1753  2069 E RILQ    : =RILM= card[1] state:card_state:2 upin_state:0 card_error:3 upin_num_retries:0 upuk_num_retries:0 num_app:0
11-27 15:20:19.103  1709  1833 E RILQ    : =RILM= card[0] state:card_state:1 upin_state:0 card_error:0 upin_num_retries:0 upuk_num_retries:0 num_app:1
11-27 15:20:19.103  1709  1833 E RILQ    : =RILM= card[0].application[0]:app_type:2 app_state:4 perso_state:0 perso_feature:11 pin1_state:2 pin2_state:1
11-27 15:20:19.104  1709  1833 E RILQ    : =RILM= card[0] state:card_state:1 upin_state:0 card_error:0 upin_num_retries:0 upuk_num_retries:0 num_app:1
11-27 15:20:19.104  1709  1833 E RILQ    : =RILM= card[0].application[0]:app_type:2 app_state:4 perso_state:0 perso_feature:11 pin1_state:2 pin2_state:1
11-27 15:20:19.104  2961  2961 D UiccCardApplication: parsePinPukErrorResult: attemptsRemaining=0
11-27 15:20:19.104  2961  3116 D RILJ    : [0211]< ENTER_SIM_PIN {0} [PHONE0]
11-27 15:20:19.106  2961  3293 D PinStorage: storePin[0]
11-27 15:20:19.107  2961  3116 D RILJ    : Unsol response received; Sending ack to ril.cpp [PHONE0]
11-27 15:20:19.107  2961  3116 D RILJ    : [UNSL]< UNSOL_RESPONSE_SIM_STATUS_CHANGED [PHONE0]
11-27 15:20:19.107  2961  2961 D UiccController: handleMessage: Received ICC_STATUS_CHANGED for phoneId 0
11-27 15:20:19.107  2961  2961 D UiccController: Received EVENT_ICC_STATUS_CHANGED, calling getIccCardStatus
11-27 15:20:19.109  2961  2961 D RILJ    : [0213]> GET_SIM_STATUS [PHONE0]
11-27 15:20:19.117  2961  3293 D PinStorage: Saving PIN for slot 0 in RAM
11-27 15:20:19.120  2961  3116 D RILJ    : responseIccCardStatus: from HIDL: IccCardState {CARDSTATE_PRESENT,PINSTATE_UNKNOWN,num_apps=1,gsm_id=0{APPTYPE_USIM,APPSTATE_SUBSCRIPTION_PERSO,PERSOSUBSTATE_UNKNOWN,pin1=PINSTATE_ENABLED_VERIFIED,pin2=PINSTATE_ENABLED_NOT_VERIFIED},cdma_id=-1,ims_id=-1,atr=3b9f96801fc78031e073fe2117574a3382033339001e,iccid=893422230[****],eid=,SupportedMepMode=NONE,SlotPortMapping={physicalSlotIndex=-1, portIndex=0}} [PHONE0]
11-27 15:20:19.120  2961  2961 D UiccController: handleMessage: Received GET_ICC_STATUS_DONE for phoneId 0
11-27 15:20:19.120  2961  3116 D RILJ    : [0213]< GET_SIM_STATUS IccCardState {CARDSTATE_PRESENT,PINSTATE_UNKNOWN,num_apps=1,gsm_id=0{APPTYPE_USIM,APPSTATE_SUBSCRIPTION_PERSO,PERSOSUBSTATE_UNKNOWN,pin1=PINSTATE_ENABLED_VERIFIED,pin2=PINSTATE_ENABLED_NOT_VERIFIED},cdma_id=-1,ims_id=-1,atr=3b9f96801fc78031e073fe2117574a3382033339001e,iccid=893422230[****],eid=,SupportedMepMode=NONE,SlotPortMapping={physicalSlotIndex=-1, portIndex=0}} [PHONE0]
11-27 15:20:19.120  2961  2961 D UiccController: Received EVENT_GET_ICC_STATUS_DONE
11-27 15:20:19.120  2961  2961 D UiccController: onGetIccCardStatusDone: phoneId-0 IccCardStatus: IccCardState {CARDSTATE_PRESENT,PINSTATE_UNKNOWN,num_apps=1,gsm_id=0{APPTYPE_USIM,APPSTATE_SUBSCRIPTION_PERSO,PERSOSUBSTATE_UNKNOWN,pin1=PINSTATE_ENABLED_VERIFIED,pin2=PINSTATE_ENABLED_NOT_VERIFIED},cdma_id=-1,ims_id=-1,atr=3b9f96801fc78031e073fe2117574a3382033339001e,iccid=893422230[****],eid=,SupportedMepMode=NONE,SlotPortMapping={physicalSlotIndex=-1, portIndex=0}}
11-27 15:20:19.121  2961  2961 D AnswerToReset: Successfully parsed the ATR string 3b9f96801fc78031e073fe2117574a3382033339001e into AnswerToReset:{mConventionByte=3B,mFormatByte=9F,mInterfaceBytes={{TA=96,TB=null,TC=null,TD=80}{TA=null,TB=null,TC=null,TD=1F}{TA=C7,TB=null,TC=null,TD=null}},mHistoricalBytes={80,31,E0,73,FE,21,17,57,4A,33,82,03,33,39,00,},mCheckByte=1E}
11-27 15:20:19.121  2961  2961 D UiccSlot:  checkIsEuiccSupported : false
11-27 15:20:19.121  2961  2961 D UiccSlot: update: radioState=1 mLastRadioState={0=0}
11-27 15:20:19.123  2961  2961 D UiccProfile: 1 applications
11-27 15:20:19.123  2961  2961 D UiccCardApplication: APPTYPE_USIM update. New {APPTYPE_USIM,APPSTATE_SUBSCRIPTION_PERSO,PERSOSUBSTATE_UNKNOWN,pin1=PINSTATE_ENABLED_VERIFIED,pin2=PINSTATE_ENABLED_NOT_VERIFIED}
11-27 15:20:19.123  2961  2961 D UiccCardApplication: APPTYPE_USIM changed state: APPSTATE_PIN -> APPSTATE_SUBSCRIPTION_PERSO
11-27 15:20:19.123  2961  2961 D UiccProfile: Before privilege rules: Handler (com.android.internal.telephony.uicc.UiccCarrierPrivilegeRules) {6d81768} : CARDSTATE_PRESENT
11-27 15:20:19.123  2961  2961 D UiccController: Notifying IccChangedRegistrants
11-27 15:20:19.123  2961  2961 D UiccProfile: handleMessage: Received ICC_RECORD_EVENTS for phoneId 0
11-27 15:20:19.124  2961  3297 D CAT     : CatService: handleMessage[8]
11-27 15:20:19.124  2961  3297 D CAT     : CatService: MSG_ID_ICC_CHANGED
11-27 15:20:19.124  2961  3297 D CAT     : CatService: New Card State = CARDSTATE_PRESENT Old Card State = CARDSTATE_PRESENT
11-27 15:20:19.124  2961  2961 D UiccProfile: handleMessage: Received ICC_RECORD_EVENTS for phoneId 0
11-27 15:20:19.126  2961  2961 D GsmCdmaPhone: [0] reapplyUiccAppsEnablementIfNeeded: retries=3, subInfo=[SubscriptionInfo: id=1 iccId=893422230[****] simSlotIndex=0 portIndex=0 isEmbedded=false carrierId=2442 displayName=Digi.Mobil carrierName=Sin servicio isOpportunistic=false groupUuid=null groupOwner= isGroupDisabled=false displayNameSource=SIM_SPN iconTint=-16749196 number= dataRoaming=1 mcc=214 mnc=22 ehplmns=[] hplmns=[21422] cardString=893422230[****] cardId=0 nativeAccessRules=null carrierConfigAccessRules=null countryIso=es profileClass=-1 mType=LOCAL_SIM areUiccApplicationsEnabled=true usageSetting=DEFAULT isOnlyNonTerrestrialNetwork=false serviceCapabilities=[1, 2, 3] transferStatus=0 isSatelliteESOSSupported=false]
11-27 15:20:19.126  2961  2961 D GsmSMSDispatcher: GsmSMSDispatcher: subId = 1 slotId = 0
11-27 15:20:19.126  2961  2961 D SST     : [0] getCarrierDisplayNameLegacy+
11-27 15:20:19.127  2961  2961 D SST     : [0] updateCarrierDisplayName: satellitePlmn=null
11-27 15:20:19.128  2961  2961 D SST     : [0] updateCarrierDisplayName: radio is on but out of service, set plmn='Sin servicio'
11-27 15:20:19.128  2961  2961 D SST     : [0] updateCarrierDisplayName: rawSpn = 
11-27 15:20:19.128  2961  2961 D SST     : [0] getCarrierDisplayNameLegacy-
11-27 15:20:19.128  2961  2961 D CarrierResolver: handleMessage: 2
11-27 15:20:19.128  2961  2961 E GsmCdmaPhone: [1] reapplyUiccAppsEnablementIfNeeded: slot state=CARDSTATE_ABSENT
11-27 15:20:19.128  2961  2961 D GsmSMSDispatcher: GsmSMSDispatcher: subId = -1 slotId = 1
11-27 15:20:19.128  2961  2961 D SST     : [1] EVENT_ICC_CHANGED: SIM absent
11-27 15:20:19.128  2961  2961 D SST     : [1] cancelAllNotifications: mPrevSubId=-1
11-27 15:20:19.128  2961  2961 D SST     : [1] getCarrierDisplayNameLegacy+
11-27 15:20:19.128  2961  2961 D SST     : [1] updateCarrierDisplayName: satellitePlmn=null
11-27 15:20:19.128  2961  2961 D SST     : [1] updateCarrierDisplayName: radio is on but out of service, set plmn='Sin servicio'
11-27 15:20:19.128  2961  2961 D SST     : [1] updateCarrierDisplayName: rawSpn = 
11-27 15:20:19.128  2961  2961 D SST     : [1] getCarrierDisplayNameLegacy-
11-27 15:20:19.128  2961  2961 D CarrierResolver: handleMessage: 2
11-27 15:20:19.162  1852  2549 I input_focus: [Focus entering c7e7c82 NotificationShade,reason=setFocusedWindow]
11-27 15:20:19.225  1709  1833 E RILQ    : =RILM= card[0] state:card_state:1 upin_state:0 card_error:0 upin_num_retries:0 upuk_num_retries:0 num_app:1
11-27 15:20:19.225  1709  1833 E RILQ    : =RILM= card[0].application[0]:app_type:2 app_state:4 perso_state:2 perso_feature:11 pin1_state:2 pin2_state:1
11-27 15:20:19.228  2961  3116 D RILJ    : Unsol response received; Sending ack to ril.cpp [PHONE0]
11-27 15:20:19.228  2961  3116 D RILJ    : [UNSL]< UNSOL_RESPONSE_SIM_STATUS_CHANGED [PHONE0]
11-27 15:20:19.228  2961  2961 D UiccController: handleMessage: Received ICC_STATUS_CHANGED for phoneId 0
11-27 15:20:19.228  2961  2961 D UiccController: Received EVENT_ICC_STATUS_CHANGED, calling getIccCardStatus
11-27 15:20:19.230  1753  2069 E RILQ    : =RILM= card[1] state:card_state:2 upin_state:0 card_error:3 upin_num_retries:0 upuk_num_retries:0 num_app:0
11-27 15:20:19.230  2961  2961 D RILJ    : [0215]> GET_SIM_STATUS [PHONE0]
11-27 15:20:19.240  2961  3116 D RILJ    : responseIccCardStatus: from HIDL: IccCardState {CARDSTATE_PRESENT,PINSTATE_UNKNOWN,num_apps=1,gsm_id=0{APPTYPE_USIM,APPSTATE_SUBSCRIPTION_PERSO,PERSOSUBSTATE_READY,pin1=PINSTATE_ENABLED_VERIFIED,pin2=PINSTATE_ENABLED_NOT_VERIFIED},cdma_id=-1,ims_id=-1,atr=3b9f96801fc78031e073fe2117574a3382033339001e,iccid=893422230[****],eid=,SupportedMepMode=NONE,SlotPortMapping={physicalSlotIndex=-1, portIndex=0}} [PHONE0]
11-27 15:20:19.241  2961  2961 D UiccController: handleMessage: Received GET_ICC_STATUS_DONE for phoneId 0
11-27 15:20:19.241  2961  3116 D RILJ    : [0215]< GET_SIM_STATUS IccCardState {CARDSTATE_PRESENT,PINSTATE_UNKNOWN,num_apps=1,gsm_id=0{APPTYPE_USIM,APPSTATE_SUBSCRIPTION_PERSO,PERSOSUBSTATE_READY,pin1=PINSTATE_ENABLED_VERIFIED,pin2=PINSTATE_ENABLED_NOT_VERIFIED},cdma_id=-1,ims_id=-1,atr=3b9f96801fc78031e073fe2117574a3382033339001e,iccid=893422230[****],eid=,SupportedMepMode=NONE,SlotPortMapping={physicalSlotIndex=-1, portIndex=0}} [PHONE0]
11-27 15:20:19.241  2961  2961 D UiccController: Received EVENT_GET_ICC_STATUS_DONE
11-27 15:20:19.241  2961  2961 D UiccController: onGetIccCardStatusDone: phoneId-0 IccCardStatus: IccCardState {CARDSTATE_PRESENT,PINSTATE_UNKNOWN,num_apps=1,gsm_id=0{APPTYPE_USIM,APPSTATE_SUBSCRIPTION_PERSO,PERSOSUBSTATE_READY,pin1=PINSTATE_ENABLED_VERIFIED,pin2=PINSTATE_ENABLED_NOT_VERIFIED},cdma_id=-1,ims_id=-1,atr=3b9f96801fc78031e073fe2117574a3382033339001e,iccid=893422230[****],eid=,SupportedMepMode=NONE,SlotPortMapping={physicalSlotIndex=-1, portIndex=0}}
11-27 15:20:19.241  2961  2961 D AnswerToReset: Successfully parsed the ATR string 3b9f96801fc78031e073fe2117574a3382033339001e into AnswerToReset:{mConventionByte=3B,mFormatByte=9F,mInterfaceBytes={{TA=96,TB=null,TC=null,TD=80}{TA=null,TB=null,TC=null,TD=1F}{TA=C7,TB=null,TC=null,TD=null}},mHistoricalBytes={80,31,E0,73,FE,21,17,57,4A,33,82,03,33,39,00,},mCheckByte=1E}
11-27 15:20:19.241  2961  2961 D UiccSlot:  checkIsEuiccSupported : false
11-27 15:20:19.241  2961  2961 D UiccSlot: update: radioState=1 mLastRadioState={0=1}
11-27 15:20:19.241  2961  2961 D UiccProfile: 1 applications
11-27 15:20:19.241  2961  2961 D UiccCardApplication: APPTYPE_USIM update. New {APPTYPE_USIM,APPSTATE_SUBSCRIPTION_PERSO,PERSOSUBSTATE_READY,pin1=PINSTATE_ENABLED_VERIFIED,pin2=PINSTATE_ENABLED_NOT_VERIFIED}
11-27 15:20:19.241  2961  2961 D UiccProfile: Before privilege rules: Handler (com.android.internal.telephony.uicc.UiccCarrierPrivilegeRules) {6d81768} : CARDSTATE_PRESENT
11-27 15:20:19.241  2961  2961 D UiccController: Notifying IccChangedRegistrants
11-27 15:20:19.242  2961  2961 D UiccProfile: handleMessage: Received ICC_RECORD_EVENTS for phoneId 0
11-27 15:20:19.242  2961  3297 D CAT     : CatService: handleMessage[8]
11-27 15:20:19.242  2961  3297 D CAT     : CatService: MSG_ID_ICC_CHANGED
11-27 15:20:19.242  2961  2961 D UiccProfile: handleMessage: Received ICC_RECORD_EVENTS for phoneId 0
11-27 15:20:19.242  2961  3297 D CAT     : CatService: New Card State = CARDSTATE_PRESENT Old Card State = CARDSTATE_PRESENT
11-27 15:20:19.243  2961  2961 D GsmCdmaPhone: [0] reapplyUiccAppsEnablementIfNeeded: retries=3, subInfo=[SubscriptionInfo: id=1 iccId=893422230[****] simSlotIndex=0 portIndex=0 isEmbedded=false carrierId=2442 displayName=Digi.Mobil carrierName=Sin servicio isOpportunistic=false groupUuid=null groupOwner= isGroupDisabled=false displayNameSource=SIM_SPN iconTint=-16749196 number= dataRoaming=1 mcc=214 mnc=22 ehplmns=[] hplmns=[21422] cardString=893422230[****] cardId=0 nativeAccessRules=null carrierConfigAccessRules=null countryIso=es profileClass=-1 mType=LOCAL_SIM areUiccApplicationsEnabled=true usageSetting=DEFAULT isOnlyNonTerrestrialNetwork=false serviceCapabilities=[1, 2, 3] transferStatus=0 isSatelliteESOSSupported=false]
11-27 15:20:19.243  2961  2961 D GsmSMSDispatcher: GsmSMSDispatcher: subId = 1 slotId = 0
11-27 15:20:19.243  2961  2961 D SST     : [0] getCarrierDisplayNameLegacy+
11-27 15:20:19.244  2961  2961 D SST     : [0] updateCarrierDisplayName: satellitePlmn=null
11-27 15:20:19.245  2961  2961 D SST     : [0] updateCarrierDisplayName: radio is on but out of service, set plmn='Sin servicio'
11-27 15:20:19.246  2961  2961 D SST     : [0] updateCarrierDisplayName: rawSpn = 
11-27 15:20:19.246  2961  2961 D SST     : [0] getCarrierDisplayNameLegacy-
11-27 15:20:19.246  2961  2961 D CarrierResolver: handleMessage: 2
11-27 15:20:19.246  2961  2961 E GsmCdmaPhone: [1] reapplyUiccAppsEnablementIfNeeded: slot state=CARDSTATE_ABSENT
11-27 15:20:19.246  2961  2961 D GsmSMSDispatcher: GsmSMSDispatcher: subId = -1 slotId = 1
11-27 15:20:19.246  2961  2961 D SST     : [1] EVENT_ICC_CHANGED: SIM absent
11-27 15:20:19.246  2961  2961 D SST     : [1] cancelAllNotifications: mPrevSubId=-1
11-27 15:20:19.246  2961  2961 D SST     : [1] getCarrierDisplayNameLegacy+
11-27 15:20:19.246  2961  2961 D SST     : [1] updateCarrierDisplayName: satellitePlmn=null
11-27 15:20:19.246  2961  2961 D SST     : [1] updateCarrierDisplayName: radio is on but out of service, set plmn='Sin servicio'
11-27 15:20:19.246  2961  2961 D SST     : [1] updateCarrierDisplayName: rawSpn = 
11-27 15:20:19.246  2961  2961 D SST     : [1] getCarrierDisplayNameLegacy-
11-27 15:20:19.246  2961  2961 D CarrierResolver: handleMessage: 2
11-27 15:20:19.291  1753  2069 E RILQ    : =RILM= card[1] state:card_state:2 upin_state:0 card_error:3 upin_num_retries:0 upuk_num_retries:0 num_app:0
11-27 15:20:19.298  1709  1833 E RILQ    : =RILM= card[0] state:card_state:1 upin_state:0 card_error:0 upin_num_retries:0 upuk_num_retries:0 num_app:1
11-27 15:20:19.298  1709  1833 E RILQ    : =RILM= card[0].application[0]:app_type:2 app_state:7 perso_state:2 perso_feature:11 pin1_state:2 pin2_state:1
11-27 15:20:19.316  2961  3116 D RILJ    : Unsol response received; Sending ack to ril.cpp [PHONE0]
11-27 15:20:19.316  2961  3116 D RILJ    : [UNSL]< UNSOL_RESPONSE_SIM_STATUS_CHANGED [PHONE0]
11-27 15:20:19.316  2961  2961 D UiccController: handleMessage: Received ICC_STATUS_CHANGED for phoneId 0
11-27 15:20:19.316  2961  2961 D UiccController: Received EVENT_ICC_STATUS_CHANGED, calling getIccCardStatus
11-27 15:20:19.317  2961  2961 D RILJ    : [0217]> GET_SIM_STATUS [PHONE0]
11-27 15:20:19.334  2961  3116 D RILJ    : responseIccCardStatus: from HIDL: IccCardState {CARDSTATE_PRESENT,PINSTATE_UNKNOWN,num_apps=1,gsm_id=0{APPTYPE_USIM,APPSTATE_READY,pin1=PINSTATE_ENABLED_VERIFIED,pin2=PINSTATE_ENABLED_NOT_VERIFIED},cdma_id=-1,ims_id=-1,atr=3b9f96801fc78031e073fe2117574a3382033339001e,iccid=893422230[****],eid=,SupportedMepMode=NONE,SlotPortMapping={physicalSlotIndex=-1, portIndex=0}} [PHONE0]
11-27 15:20:19.334  2961  2961 D UiccController: handleMessage: Received GET_ICC_STATUS_DONE for phoneId 0
11-27 15:20:19.334  2961  2961 D UiccController: Received EVENT_GET_ICC_STATUS_DONE
11-27 15:20:19.334  2961  3116 D RILJ    : [0217]< GET_SIM_STATUS IccCardState {CARDSTATE_PRESENT,PINSTATE_UNKNOWN,num_apps=1,gsm_id=0{APPTYPE_USIM,APPSTATE_READY,pin1=PINSTATE_ENABLED_VERIFIED,pin2=PINSTATE_ENABLED_NOT_VERIFIED},cdma_id=-1,ims_id=-1,atr=3b9f96801fc78031e073fe2117574a3382033339001e,iccid=893422230[****],eid=,SupportedMepMode=NONE,SlotPortMapping={physicalSlotIndex=-1, portIndex=0}} [PHONE0]
11-27 15:20:19.334  2961  2961 D UiccController: onGetIccCardStatusDone: phoneId-0 IccCardStatus: IccCardState {CARDSTATE_PRESENT,PINSTATE_UNKNOWN,num_apps=1,gsm_id=0{APPTYPE_USIM,APPSTATE_READY,pin1=PINSTATE_ENABLED_VERIFIED,pin2=PINSTATE_ENABLED_NOT_VERIFIED},cdma_id=-1,ims_id=-1,atr=3b9f96801fc78031e073fe2117574a3382033339001e,iccid=893422230[****],eid=,SupportedMepMode=NONE,SlotPortMapping={physicalSlotIndex=-1, portIndex=0}}
11-27 15:20:19.335  2961  2961 D AnswerToReset: Successfully parsed the ATR string 3b9f96801fc78031e073fe2117574a3382033339001e into AnswerToReset:{mConventionByte=3B,mFormatByte=9F,mInterfaceBytes={{TA=96,TB=null,TC=null,TD=80}{TA=null,TB=null,TC=null,TD=1F}{TA=C7,TB=null,TC=null,TD=null}},mHistoricalBytes={80,31,E0,73,FE,21,17,57,4A,33,82,03,33,39,00,},mCheckByte=1E}
11-27 15:20:19.335  2961  2961 D UiccSlot:  checkIsEuiccSupported : false
11-27 15:20:19.335  2961  2961 D UiccSlot: update: radioState=1 mLastRadioState={0=1}
11-27 15:20:19.335  2961  2961 D UiccProfile: 1 applications
11-27 15:20:19.335  2961  2961 D UiccCardApplication: APPTYPE_USIM update. New {APPTYPE_USIM,APPSTATE_READY,pin1=PINSTATE_ENABLED_VERIFIED,pin2=PINSTATE_ENABLED_NOT_VERIFIED}
11-27 15:20:19.335  2961  2961 D UiccCardApplication: APPTYPE_USIM changed state: APPSTATE_SUBSCRIPTION_PERSO -> APPSTATE_READY
11-27 15:20:19.337  2961  2961 D RILJ    : [0218]> QUERY_FACILITY_LOCK facility = FD serviceClass = 7 appId = a0000000871002ff49ffff89040b00ff [PHONE0]
11-27 15:20:19.338  2961  2961 D RILJ    : [0219]> QUERY_FACILITY_LOCK facility = SC serviceClass = 7 appId = a0000000871002ff49ffff89040b00ff [PHONE0]
11-27 15:20:19.339  2961  2961 D UiccCardApplication: Notifying registrants: READY
11-27 15:20:19.340  2961  2961 D UiccProfile: Before privilege rules: Handler (com.android.internal.telephony.uicc.UiccCarrierPrivilegeRules) {6d81768} : CARDSTATE_PRESENT
11-27 15:20:19.340  2961  2961 D UiccCardApplication: Notifying 1 registrant: READY
11-27 15:20:19.340  2961  2961 D UiccProfile: setExternalState: set mPhoneId=0 mExternalState=READY
11-27 15:20:19.341  2961  2961 D UiccController: Notifying IccChangedRegistrants
11-27 15:20:19.341  2961  3297 D CAT     : CatService: handleMessage[8]
11-27 15:20:19.341  2961  3297 D CAT     : CatService: MSG_ID_ICC_CHANGED
11-27 15:20:19.341  2961  3297 D CAT     : CatService: New Card State = CARDSTATE_PRESENT Old Card State = CARDSTATE_PRESENT
11-27 15:20:19.341  2961  2961 D SIMRecords: [SIMRecords-0] fetchSimRecords 0
11-27 15:20:19.342  2961  2961 D RILJ    : [0220]> GET_IMSI aid = a0000000871002ff49ffff89040b00ff [PHONE0]
11-27 15:20:19.343  2961  2961 D RILJ    : [0221]> iccIO: SIM_IO [PHONE0]
11-27 15:20:19.344  2961  2961 D RILJ    : [0222]> iccIO: SIM_IO [PHONE0]
11-27 15:20:19.346  2961  2961 D RILJ    : [0223]> iccIO: SIM_IO [PHONE0]
11-27 15:20:19.347  2961  2961 D RILJ    : [0224]> iccIO: SIM_IO [PHONE0]
11-27 15:20:19.348  2961  2961 D RILJ    : [0225]> iccIO: SIM_IO [PHONE0]
11-27 15:20:19.348  2961  2961 D RILJ    : [0226]> iccIO: SIM_IO [PHONE0]
11-27 15:20:19.349  2961  2961 D RILJ    : [0227]> iccIO: SIM_IO [PHONE0]
11-27 15:20:19.350  2961  2961 D RILJ    : [0228]> iccIO: SIM_IO [PHONE0]
11-27 15:20:19.351  2961  2961 D RILJ    : [0229]> iccIO: SIM_IO [PHONE0]
11-27 15:20:19.351  2961  2961 D RILJ    : [0230]> iccIO: SIM_IO [PHONE0]
11-27 15:20:19.352  2961  2961 D RILJ    : [0231]> iccIO: SIM_IO [PHONE0]
11-27 15:20:19.352  2961  2961 D RILJ    : [0232]> iccIO: SIM_IO [PHONE0]
11-27 15:20:19.352  2961  2961 D RILJ    : [0233]> iccIO: SIM_IO [PHONE0]
11-27 15:20:19.353  2961  2961 D RILJ    : [0234]> iccIO: SIM_IO [PHONE0]
11-27 15:20:19.353  2961  2961 D RILJ    : [0235]> iccIO: SIM_IO [PHONE0]
11-27 15:20:19.353  2961  2961 D RILJ    : [0236]> iccIO: SIM_IO [PHONE0]
11-27 15:20:19.354  2961  2961 D RILJ    : [0237]> iccIO: SIM_IO [PHONE0]
11-27 15:20:19.354  2961  2961 D RILJ    : [0238]> iccIO: SIM_IO [PHONE0]
11-27 15:20:19.354  2961  2961 D RILJ    : [0239]> iccIO: SIM_IO [PHONE0]
11-27 15:20:19.355  2961  2961 D RILJ    : [0240]> iccIO: SIM_IO [PHONE0]
11-27 15:20:19.355  2961  2961 D RILJ    : [0241]> iccIO: SIM_IO [PHONE0]
11-27 15:20:19.355  2961  2961 D RILJ    : [0242]> iccIO: SIM_IO [PHONE0]
11-27 15:20:19.355  2961  2961 D RILJ    : [0243]> iccIO: SIM_IO [PHONE0]
11-27 15:20:19.356  2961  2961 D RILJ    : [0244]> iccIO: SIM_IO [PHONE0]
11-27 15:20:19.356  2961  2961 D RILJ    : [0245]> iccIO: SIM_IO [PHONE0]
11-27 15:20:19.357  2961  2961 D RILJ    : [0246]> iccIO: SIM_IO [PHONE0]
11-27 15:20:19.357  2961  2961 D RILJ    : [0247]> iccIO: SIM_IO [PHONE0]
11-27 15:20:19.357  2961  2961 D SIMRecords: [SIMRecords-0] fetchSimRecords 28 requested: true
11-27 15:20:19.357  2961  2961 D SST     : [0] pollState: modemTriggered=false, radioState=1
11-27 15:20:19.357  2961  2961 D RILJ    : [0248]> OPERATOR [PHONE0]
11-27 15:20:19.358  2961  2961 D RILJ    : [0249]> QUERY_NETWORK_SELECTION_MODE [PHONE0]
11-27 15:20:19.359  2961  3116 D RILJ    : [0248]< OPERATOR {, , } [PHONE0]
11-27 15:20:19.359  2961  3302 D RILJ    : [0250]> DATA_REGISTRATION_STATE [PHONE0]
11-27 15:20:19.359  2961  2961 D UiccProfile: handleMessage: Received APP_READY for phoneId 0
11-27 15:20:19.359  2961  2961 D UiccProfile: setExternalState: !override and newstate unchanged from READY
11-27 15:20:19.359  2961  2961 D UiccProfile: handleMessage: Received APP_READY for phoneId 0
11-27 15:20:19.359  2961  3116 D RILJ    : [0219]< QUERY_FACILITY_LOCK {1} [PHONE0]
11-27 15:20:19.359  2961  3302 D RILJ    : getDataRegistrationState: overrideHalVersion=null [PHONE0]
11-27 15:20:19.359  2961  2961 D UiccProfile: setExternalState: !override and newstate unchanged from READY
11-27 15:20:19.360  2961  2961 D UiccProfile: handleMessage: Received ICC_RECORD_EVENTS for phoneId 0
11-27 15:20:19.360  2961  2961 D UiccProfile: handleMessage: Received ICC_RECORD_EVENTS for phoneId 0
